

----------Item 2----------


Please press switch to restart board 

[F 00:00:10
[F 00:00:09
[F 00:00:08
NOTICE:  BL2: R-Car Gen3 Initial Program Loader(CA57) Rev.4.0.0
NOTICE:  BL2: PRR is R-Car H3 Ver.3.0
NOTICE:  BL2: Board is Salvator-XS Rev.1.0
NOTICE:  BL2: Boot device is HyperFlash(160MHz)
NOTICE:  BL2: LCM state is CM
NOTICE:  AVS setting succeeded. DVFS_SetVID=0x53
NOTICE:  BL2: DDR3200(rev.0.42)
NOTICE:  BL2: [COLD_BOOT]
NOTICE:  BL2: DRAM Split is 4ch(DDR f)
NOTICE:  BL2: QoS is default setting(rev.0.11)
NOTICE:  BL2: DRAM refresh interval 1.95 usec
NOTICE:  BL2: Periodic Write DQ Training
NOTICE:  BL2: CH0: 400000000 - 47fffffff, 2 GiB
NOTICE:  BL2: CH1: 500000000 - 57fffffff, 2 GiB
NOTICE:  BL2: CH2: 600000000 - 67fffffff, 2 GiB
NOTICE:  BL2: CH3: 700000000 - 77fffffff, 2 GiB
NOTICE:  BL2: Lossy Decomp areas
NOTICE:       Entry 0: DCMPAREACRAx:0x80000540 DCMPAREACRBx:0x570
NOTICE:       Entry 1: DCMPAREACRAx:0x40000000 DCMPAREACRBx:0x0
NOTICE:       Entry 2: DCMPAREACRAx:0x20000000 DCMPAREACRBx:0x0
NOTICE:  BL2: FDT at 0xe6327f70
NOTICE:  BL2: v2.9(release):9cdb21f75
NOTICE:  BL2: Built : 05:25:39, Dec 19 2023
NOTICE:  BL2: Normal boot
NOTICE:  BL2: dst=0xe6327800 src=0x8180000 len=512(0x200)
NOTICE:  BL2: dst=0x43f00000 src=0x8180400 len=6144(0x1800)
NOTICE:  rcar_file_len: len: 0x0003e000
NOTICE:  BL2: dst=0x44000000 src=0x81c0000 len=253952(0x3e000)
NOTICE:  rcar_file_len: len: 0x00200000
NOTICE:  BL2: dst=0x44100000 src=0x8200000 len=2097152(0x200000)
NOTICE:  rcar_file_len: len: 0x00100000
NOTICE:  BL2: dst=0x50000000 src=0x8640000 len=1048576(0x100000)
NOTICE:  BL2: Booting BL31


U-Boot 2020.10 (Dec 19 2023 - 14:30:40 +0000)

CPU: Renesas Electronics R8A7795 rev 3.0
Model: Renesas Salvator-X 2nd version board based on r8a77951
DRAM:  7.9 GiB
RAM Configuration:
Bank #0: 0x048000000 - 0x0bfffffff, 1.9 GiB
Bank #1: 0x500000000 - 0x57fffffff, 2 GiB
Bank #2: 0x600000000 - 0x67fffffff, 2 GiB
Bank #3: 0x700000000 - 0x77fffffff, 2 GiB

MMC:   sd@ee100000: 0, sd@ee140000: 1, sd@ee160000: 2
Loading Environment from MMC... OK
In:    serial@e6e88000
Out:   serial@e6e88000
Err:   serial@e6e88000
Net:   eth0: ethernet@e6800000
Hit any key to stop autoboot:  2  1  0 
ethernet@e6800000 Waiting for PHY auto negotiation to complete............ done
Using ethernet@e6800000 device
TFTP from server 192.168.10.98; our IP address is 192.168.10.107
Filename 'BV/PT3/boot_USB2H/Image'.
Load address: 0x48080000
Loading: *#################################################################
	 #################################################################
	 #################################################################
	 #################################################################
	 #################################################################
	 #################################################################
	 #################################################################
	 #################################################################
	 #################################################################
	 #################################################################
	 #################################################################
	 #################################################################
	 #################################################################
	 #################################################################
	 #################################################################
	 #################################################################
	 #################################################################
	 #################################################################
	 #################################################################
	 #################################################################
	 #################################################################
	 #################################################################
	 #################################################################
	 #################################################################
	 #################################################################
	 #################################################################
	 #################################################################
	 #################################################################
	 #################################################################
	 #################################################################
	 #################################################################
	 #################################################################
	 #################################################################
	 #################################################################
	 ################################################################
	 4 MiB/s
done
Bytes transferred = 33376768 (1fd4a00 hex)
Using ethernet@e6800000 device
TFTP from server 192.168.10.98; our IP address is 192.168.10.107
Filename 'BV/PT3/boot_USB2H/r8a77951-salvator-xs.dtb'.
Load address: 0x48000000
Loading: *#######
	 7.2 MiB/s
done
Bytes transferred = 90876 (162fc hex)
Moving Image from 0x48080000 to 0x48200000, end=4a260000
## Flattened Device Tree blob at 48000000
   Booting using the fdt blob at 0x48000000
   Loading Device Tree to 0000000053fe6000, end 0000000053fff2fb ... OK

Starting kernel ...

[    0.000000] Booting Linux on physical CPU 0x0000000000 [0x411fd073]
[    0.000000] Linux version 5.10.194-yocto-standard (thuan.nguyen-hong@banvien) (aarch64-poky-linux-gcc (GCC) 9.3.0, GNU ld (GNU Binutils) 2.34.0.20200220) #10 SMP PREEMPT Mon Feb 19 03:51:05 UTC 2024
[    0.000000] Machine model: Renesas Salvator-X 2nd version board based on r8a77951
[    0.000000] efi: UEFI not found.
[    0.000000] Reserved memory: created CMA memory pool at 0x0000000057000000, size 16 MiB
[    0.000000] OF: reserved mem: initialized node linux,adsp@57000000, compatible id shared-dma-pool
[    0.000000] Reserved memory: created CMA memory pool at 0x0000000058000000, size 384 MiB
[    0.000000] OF: reserved mem: initialized node linux,cma@58000000, compatible id shared-dma-pool
[    0.000000] Reserved memory: created CMA memory pool at 0x0000000070000000, size 256 MiB
[    0.000000] OF: reserved mem: initialized node linux,multimedia@70000000, compatible id shared-dma-pool
[    0.000000] NUMA: No NUMA configuration found
[    0.000000] NUMA: Faking a node at [mem 0x0000000048000000-0x000000077fffffff]
[    0.000000] NUMA: NODE_DATA [mem 0x77efdab00-0x77efdcfff]
[    0.000000] Zone ranges:
[    0.000000]   DMA      [mem 0x0000000048000000-0x000000007fffffff]
[    0.000000]   DMA32    [mem 0x0000000080000000-0x00000000ffffffff]
[    0.000000]   Normal   [mem 0x0000000100000000-0x000000077fffffff]
[    0.000000] Movable zone start for each node
[    0.000000] Early memory node ranges
[    0.000000]   node   0: [mem 0x0000000048000000-0x0000000053ffffff]
[    0.000000]   node   0: [mem 0x0000000054000000-0x0000000056ffffff]
[    0.000000]   node   0: [mem 0x0000000057000000-0x00000000bfffffff]
[    0.000000]   node   0: [mem 0x0000000500000000-0x000000057fffffff]
[    0.000000]   node   0: [mem 0x0000000600000000-0x000000067fffffff]
[    0.000000]   node   0: [mem 0x0000000700000000-0x000000077fffffff]
[    0.000000] Initmem setup node 0 [mem 0x0000000048000000-0x000000077fffffff]
[    0.000000] psci: probing for conduit method from DT.
[    0.000000] psci: PSCIv1.1 detected in firmware.
[    0.000000] psci: Using standard PSCI v0.2 function IDs
[    0.000000] psci: Trusted OS resident on physical CPU 0x0
[    0.000000] psci: SMC Calling Convention v1.2
[    0.000000] percpu: Embedded 23 pages/cpu s56984 r8192 d29032 u94208
[    0.000000] Detected PIPT I-cache on CPU0
[    0.000000] CPU features: detected: EL2 vector hardening
[    0.000000] CPU features: detected: Spectre-v2
[    0.000000] CPU features: detected: ARM errata 1165522, 1319367, or 1530923
[    0.000000] CPU features: detected: Spectre-BHB
[    0.000000] CPU features: detected: ARM erratum 1742098
[    0.000000] Built 1 zonelists, mobility grouping on.  Total pages: 2032128
[    0.000000] Policy zone: Normal
[    0.000000] Kernel command line: rw root=/dev/nfs nfsroot=192.168.10.98:/data/tftpboot/BV/PT3/rootfs_H3,nfsvers=4 ip=192.168.10.107
[    0.000000] Dentry cache hash table entries: 1048576 (order: 11, 8388608 bytes, linear)
[    0.000000] Inode-cache hash table entries: 524288 (order: 10, 4194304 bytes, linear)
[    0.000000] mem auto-init: stack:off, heap alloc:off, heap free:off
[    0.000000] software IO TLB: mapped [mem 0x000000004ffe6000-0x0000000053fe6000] (64MB)
[    0.000000] Memory: 7276840K/8257536K available (15232K kernel code, 2834K rwdata, 8240K rodata, 6144K init, 517K bss, 308952K reserved, 671744K cma-reserved)
[    0.000000] SLUB: HWalign=64, Order=0-3, MinObjects=0, CPUs=8, Nodes=1
[    0.000000] rcu: Preemptible hierarchical RCU implementation.
[    0.000000] rcu: 	RCU event tracing is enabled.
[    0.000000] rcu: 	RCU restricting CPUs from NR_CPUS=256 to nr_cpu_ids=8.
[    0.000000] 	Trampoline variant of Tasks RCU enabled.
[    0.000000] rcu: RCU calculated value of scheduler-enlistment delay is 25 jiffies.
[    0.000000] rcu: Adjusting geometry for rcu_fanout_leaf=16, nr_cpu_ids=8
[    0.000000] NR_IRQS: 64, nr_irqs: 64, preallocated irqs: 0
[    0.000000] arch_timer: cp15 timer(s) running at 8.32MHz (virt).
[    0.000000] clocksource: arch_sys_counter: mask: 0xffffffffffffff max_cycles: 0x1eb398c07, max_idle_ns: 440795202503 ns
[    0.000003] sched_clock: 56 bits at 8MHz, resolution 120ns, wraps every 2199023255503ns
[    0.000208] Console: colour dummy device 80x25
[    0.000415] printk: console [tty0] enabled
[    0.000493] Calibrating delay loop (skipped), value calculated using timer frequency.. 16.64 BogoMIPS (lpj=33280)
[    0.000509] pid_max: default: 32768 minimum: 301
[    0.000568] LSM: Security Framework initializing
[    0.000654] Mount-cache hash table entries: 16384 (order: 5, 131072 bytes, linear)
[    0.000703] Mountpoint-cache hash table entries: 16384 (order: 5, 131072 bytes, linear)
[    0.002143] rcu: Hierarchical SRCU implementation.
[    0.003739] Detected Renesas R-Car Gen3 r8a7795 ES3.0
[    0.005865] EFI services will not be available.
[    0.006205] smp: Bringing up secondary CPUs ...
[    0.006661] Detected PIPT I-cache on CPU1
[    0.006705] CPU1: Booted secondary processor 0x0000000001 [0x411fd073]
[    0.007190] Detected PIPT I-cache on CPU2
[    0.007215] CPU2: Booted secondary processor 0x0000000002 [0x411fd073]
[    0.007635] Detected PIPT I-cache on CPU3
[    0.007656] CPU3: Booted secondary processor 0x0000000003 [0x411fd073]
[    0.008121] CPU features: detected: ARM erratum 845719
[    0.008135] Detected VIPT I-cache on CPU4
[    0.008182] CPU4: Booted secondary processor 0x0000000100 [0x410fd034]
[    0.008662] Detected VIPT I-cache on CPU5
[    0.008689] CPU5: Booted secondary processor 0x0000000101 [0x410fd034]
[    0.009124] Detected VIPT I-cache on CPU6
[    0.009150] CPU6: Booted secondary processor 0x0000000102 [0x410fd034]
[    0.009586] Detected VIPT I-cache on CPU7
[    0.009614] CPU7: Booted secondary processor 0x0000000103 [0x410fd034]
[    0.009694] smp: Brought up 1 node, 8 CPUs
[    0.009756] SMP: Total of 8 processors activated.
[    0.009763] CPU features: detected: 32-bit EL0 Support
[    0.009771] CPU features: detected: CRC32 instructions
[    0.009777] CPU features: detected: 32-bit EL1 Support
[    0.022982] CPU: All CPU(s) started at EL1
[    0.023036] alternatives: patching kernel code
[    0.024177] devtmpfs: initialized
[    0.030954] KASLR disabled due to lack of seed
[    0.031105] clocksource: jiffies: mask: 0xffffffff max_cycles: 0xffffffff, max_idle_ns: 7645041785100000 ns
[    0.031126] futex hash table entries: 2048 (order: 5, 131072 bytes, linear)
[    0.039766] pinctrl core: initialized pinctrl subsystem
[    0.041242] DMI not present or invalid.
[    0.041743] NET: Registered protocol family 16
[    0.042681] DMA: preallocated 1024 KiB GFP_KERNEL pool for atomic allocations
[    0.042877] DMA: preallocated 1024 KiB GFP_KERNEL|GFP_DMA pool for atomic allocations
[    0.043168] DMA: preallocated 1024 KiB GFP_KERNEL|GFP_DMA32 pool for atomic allocations
[    0.043207] audit: initializing netlink subsys (disabled)
[    0.043356] audit: type=2000 audit(0.040:1): state=initialized audit_enabled=0 res=1
[    0.044547] thermal_sys: Registered thermal governor 'power_allocator'
[    0.045072] cpuidle: using governor menu
[    0.045245] hw-breakpoint: found 6 breakpoint and 4 watchpoint registers.
[    0.045370] ASID allocator initialised with 65536 entries
[    0.046662] Serial: AMBA PL011 UART driver
[    0.089552] sh-pfc e6060000.pinctrl: r8a77951_pfc support registered
[    0.104304] HugeTLB registered 1.00 GiB page size, pre-allocated 0 pages
[    0.104322] HugeTLB registered 32.0 MiB page size, pre-allocated 0 pages
[    0.104330] HugeTLB registered 2.00 MiB page size, pre-allocated 0 pages
[    0.104337] HugeTLB registered 64.0 KiB page size, pre-allocated 0 pages
[    0.105302] cryptd: max_cpu_qlen set to 1000
[    0.107542] ACPI: Interpreter disabled.
[    0.111340] rcar-avs: use avs value: 0
[    0.111368] rcar-avs: cpu@0 is running with: opp_table0
[    0.111379] rcar-avs: cpu@1 is running with: opp_table0
[    0.111390] rcar-avs: cpu@2 is running with: opp_table0
[    0.111400] rcar-avs: cpu@3 is running with: opp_table0
[    0.111485] rcar-avs: gsx@fd000000 is running with: gsx_opp_table0
[    0.112895] iommu: Default domain type: Translated 
[    0.113467] ipmmu-vmsa e67b0000.iommu: IPMMU context 0 is reserved
[    0.114468] vgaarb: loaded
[    0.114668] SCSI subsystem initialized
[    0.114919] usbcore: registered new interface driver usbfs
[    0.114949] usbcore: registered new interface driver hub
[    0.114974] usbcore: registered new device driver usb
[    0.118527] i2c-sh_mobile e60b0000.i2c: I2C adapter 7, bus speed 400000 Hz
[    0.119070] mc: Linux media interface: v0.10
[    0.119092] videodev: Linux video capture interface: v2.00
[    0.119139] pps_core: LinuxPPS API ver. 1 registered
[    0.119146] pps_core: Software ver. 5.3.6 - Copyright 2005-2007 Rodolfo Giometti <giometti@linux.it>
[    0.119160] PTP clock support registered
[    0.119329] EDAC MC: Ver: 3.0.0
[    0.121353] FPGA manager framework
[    0.121416] Advanced Linux Sound Architecture Driver Initialized.
[    0.121978] clocksource: Switched to clocksource arch_sys_counter
[    0.122127] VFS: Disk quotas dquot_6.6.0
[    0.122171] VFS: Dquot-cache hash table entries: 512 (order 0, 4096 bytes)
[    0.122296] pnp: PnP ACPI: disabled
[    0.125779] NET: Registered protocol family 2
[    0.126197] IP idents hash table entries: 131072 (order: 8, 1048576 bytes, linear)
[    0.128457] tcp_listen_portaddr_hash hash table entries: 4096 (order: 4, 65536 bytes, linear)
[    0.128563] TCP established hash table entries: 65536 (order: 7, 524288 bytes, linear)
[    0.128846] TCP bind hash table entries: 65536 (order: 8, 1048576 bytes, linear)
[    0.129434] TCP: Hash tables configured (established 65536 bind 65536)
[    0.129557] UDP hash table entries: 4096 (order: 5, 131072 bytes, linear)
[    0.129672] UDP-Lite hash table entries: 4096 (order: 5, 131072 bytes, linear)
[    0.129898] NET: Registered protocol family 1
[    0.130292] RPC: Registered named UNIX socket transport module.
[    0.130303] RPC: Registered udp transport module.
[    0.130309] RPC: Registered tcp transport module.
[    0.130315] RPC: Registered tcp NFSv4.1 backchannel transport module.
[    0.130328] PCI: CLS 0 bytes, default 64
[    0.131243] hw perfevents: enabled with armv8_cortex_a53 PMU driver, 7 counters available
[    0.131515] hw perfevents: enabled with armv8_cortex_a57 PMU driver, 7 counters available
[    0.132143] kvm [1]: HYP mode not available
[    0.135088] Initialise system trusted keyrings
[    0.135214] workingset: timestamp_bits=42 max_order=21 bucket_order=0
[    0.138315] squashfs: version 4.0 (2009/01/31) Phillip Lougher
[    0.138718] NFS: Registering the id_resolver key type
[    0.138743] Key type id_resolver registered
[    0.138749] Key type id_legacy registered
[    0.138805] nfs4filelayout_init: NFSv4 File Layout Driver Registering...
[    0.138815] nfs4flexfilelayout_init: NFSv4 Flexfile Layout Driver Registering...
[    0.138915] 9p: Installing v9fs 9p2000 file system support
[    0.164312] Key type asymmetric registered
[    0.164324] Asymmetric key parser 'x509' registered
[    0.164355] Block layer SCSI generic (bsg) driver version 0.4 loaded (major 243)
[    0.164365] io scheduler mq-deadline registered
[    0.164374] io scheduler kyber registered
[    0.180406] gpio_rcar e6050000.gpio: driving 16 GPIOs
[    0.180696] gpio_rcar e6051000.gpio: driving 29 GPIOs
[    0.180943] gpio_rcar e6052000.gpio: driving 15 GPIOs
[    0.181239] gpio_rcar e6053000.gpio: driving 16 GPIOs
[    0.181543] gpio_rcar e6054000.gpio: driving 18 GPIOs
[    0.181910] gpio_rcar e6055000.gpio: driving 26 GPIOs
[    0.182190] gpio_rcar e6055400.gpio: driving 32 GPIOs
[    0.182468] gpio_rcar e6055800.gpio: driving 4 GPIOs
[    0.185453] rcar-pcie fe000000.pcie: host bridge /soc/pcie@fe000000 ranges:
[    0.185484] rcar-pcie fe000000.pcie:       IO 0x00fe100000..0x00fe1fffff -> 0x0000000000
[    0.185506] rcar-pcie fe000000.pcie:      MEM 0x00fe200000..0x00fe3fffff -> 0x00fe200000
[    0.185525] rcar-pcie fe000000.pcie:      MEM 0x0030000000..0x0037ffffff -> 0x0030000000
[    0.185539] rcar-pcie fe000000.pcie:      MEM 0x0038000000..0x003fffffff -> 0x0038000000
[    0.185555] rcar-pcie fe000000.pcie:   IB MEM 0x0040000000..0x007fffffff -> 0x0040000000
[    0.185599] rcar-pcie fe000000.pcie: no pcie3v3 regulator found
[    0.185610] rcar-pcie fe000000.pcie: no pcie1v8 regulator found
[    0.253703] rcar-pcie fe000000.pcie: PCIe link down
[    0.253894] rcar-pcie ee800000.pcie: host bridge /soc/pcie@ee800000 ranges:
[    0.253918] rcar-pcie ee800000.pcie:       IO 0x00ee900000..0x00ee9fffff -> 0x0000000000
[    0.253938] rcar-pcie ee800000.pcie:      MEM 0x00eea00000..0x00eebfffff -> 0x00eea00000
[    0.253956] rcar-pcie ee800000.pcie:      MEM 0x00c0000000..0x00c7ffffff -> 0x00c0000000
[    0.253984] rcar-pcie ee800000.pcie:      MEM 0x00c8000000..0x00cfffffff -> 0x00c8000000
[    0.254003] rcar-pcie ee800000.pcie:   IB MEM 0x0040000000..0x007fffffff -> 0x0040000000
[    0.254035] rcar-pcie ee800000.pcie: no pcie3v3 regulator found
[    0.254045] rcar-pcie ee800000.pcie: no pcie1v8 regulator found
[    0.413977] rcar-pcie ee800000.pcie: PCIe link down
[    0.416460] EINJ: ACPI disabled.
[    0.453753] Serial: 8250/16550 driver, 4 ports, IRQ sharing enabled
[    0.456234] SuperH (H)SCI(F) driver initialized
[    0.456656] e6550000.serial: ttySC1 at MMIO 0xe6550000 (irq = 42, base_baud = 0) is a hscif
[    0.457385] e6e88000.serial: ttySC0 at MMIO 0xe6e88000 (irq = 128, base_baud = 0) is a scif
[    1.661948] printk: console [ttySC0] enabled
[    1.667302] msm_serial: driver initialized
[    1.677580] rcar-dw-hdmi fead0000.hdmi: Detected HDMI TX controller v2.01a with HDCP (DWC HDMI 2.0 TX PHY)
[    1.687488] rcar-dw-hdmi fead0000.hdmi: registered DesignWare HDMI I2C bus driver
[    1.695755] rcar-dw-hdmi feae0000.hdmi: Detected HDMI TX controller v2.01a with HDCP (DWC HDMI 2.0 TX PHY)
[    1.705636] rcar-dw-hdmi feae0000.hdmi: registered DesignWare HDMI I2C bus driver
[    1.721264] loop: module loaded
[    1.725844] megasas: 07.714.04.00-rc1
[    1.731573] scsi host0: sata_rcar
[    1.735069] ata1: SATA max UDMA/133 irq 181
[    1.744462] tun: Universal TUN/TAP device driver, 1.6
[    1.750437] thunder_xcv, ver 1.0
[    1.753684] thunder_bgx, ver 1.0
[    1.756937] nicpf, ver 1.0
[    1.761052] hclge is initializing
[    1.764388] hns3: Hisilicon Ethernet Network Driver for Hip08 Family - version
[    1.771616] hns3: Copyright (c) 2017 Huawei Corporation.
[    1.776951] e1000: Intel(R) PRO/1000 Network Driver
[    1.781831] e1000: Copyright (c) 1999-2006 Intel Corporation.
[    1.787599] e1000e: Intel(R) PRO/1000 Network Driver
[    1.792563] e1000e: Copyright(c) 1999 - 2015 Intel Corporation.
[    1.798501] igb: Intel(R) Gigabit Ethernet Network Driver
[    1.803901] igb: Copyright (c) 2007-2014 Intel Corporation.
[    1.809491] igbvf: Intel(R) Gigabit Virtual Function Network Driver
[    1.815759] igbvf: Copyright (c) 2009 - 2012 Intel Corporation.
[    1.822091] sky2: driver version 1.30
[    1.829620] ravb e6800000.ethernet eth0: Base address at 0xe6800000, 2e:09:0a:00:c3:9a, IRQ 125.
[    1.839821] VFIO - User Level meta-driver version: 0.3
[    1.847016] ehci_hcd: USB 2.0 'Enhanced' Host Controller (EHCI) Driver
[    1.853558] ehci-pci: EHCI PCI platform driver
[    1.858020] ehci-platform: EHCI generic platform driver
[    1.863629] ehci-platform ee0a0100.usb: EHCI Host Controller
[    1.869312] ehci-platform ee0a0100.usb: new USB bus registered, assigned bus number 1
[    1.877224] ehci-platform ee0a0100.usb: irq 175, io mem 0xee0a0100
[    1.897987] ehci-platform ee0a0100.usb: USB 2.0 started, EHCI 1.10
[    1.904521] hub 1-0:1.0: USB hub found
[    1.908293] hub 1-0:1.0: 1 port detected
[    1.912691] ehci-platform ee0c0100.usb: EHCI Host Controller
[    1.918365] ehci-platform ee0c0100.usb: new USB bus registered, assigned bus number 2
[    1.926252] ehci-platform ee0c0100.usb: irq 176, io mem 0xee0c0100
[    1.945983] ehci-platform ee0c0100.usb: USB 2.0 started, EHCI 1.10
[    1.952446] hub 2-0:1.0: USB hub found
[    1.956214] hub 2-0:1.0: 1 port detected
[    1.986024] ehci-platform ee0e0100.usb: EHCI Host Controller
[    1.991700] ehci-platform ee0e0100.usb: new USB bus registered, assigned bus number 3
[    1.999568] ehci-platform ee0e0100.usb: irq 177, io mem 0xee0e0100
[    2.017983] ehci-platform ee0e0100.usb: USB 2.0 started, EHCI 1.10
[    2.024426] hub 3-0:1.0: USB hub found
[    2.028195] hub 3-0:1.0: 1 port detected
[    2.032565] ehci-orion: EHCI orion driver
[    2.036823] ehci-exynos: EHCI Exynos driver
[    2.041134] ohci_hcd: USB 1.1 'Open' Host Controller (OHCI) Driver
[    2.047333] ohci-pci: OHCI PCI platform driver
[    2.051816] ohci-platform: OHCI generic platform driver
[    2.057349] ohci-platform ee0a0000.usb: Generic Platform OHCI controller
[    2.064070] ohci-platform ee0a0000.usb: new USB bus registered, assigned bus number 4
[    2.071966] ohci-platform ee0a0000.usb: irq 175, io mem 0xee0a0000
[    2.153993] ata1: link resume succeeded after 1 retries
[    2.168257] hub 4-0:1.0: USB hub found
[    2.172026] hub 4-0:1.0: 1 port detected
[    2.176355] ohci-platform ee0c0000.usb: Generic Platform OHCI controller
[    2.183068] ohci-platform ee0c0000.usb: new USB bus registered, assigned bus number 5
[    2.190939] ohci-platform ee0c0000.usb: irq 176, io mem 0xee0c0000
[    2.265508] ata1: SATA link down (SStatus 0 SControl 300)
[    2.284237] hub 5-0:1.0: USB hub found
[    2.288005] hub 5-0:1.0: 1 port detected
[    2.292325] ohci-platform ee0e0000.usb: Generic Platform OHCI controller
[    2.299038] ohci-platform ee0e0000.usb: new USB bus registered, assigned bus number 6
[    2.306905] ohci-platform ee0e0000.usb: irq 177, io mem 0xee0e0000
[    2.400249] hub 6-0:1.0: USB hub found
[    2.404016] hub 6-0:1.0: 1 port detected
[    2.408355] ohci-exynos: OHCI Exynos driver
[    2.413197] xhci-hcd ee000000.usb: xHCI Host Controller
[    2.418437] xhci-hcd ee000000.usb: new USB bus registered, assigned bus number 7
[    2.441692] xhci-hcd ee000000.usb: hcc params 0x014051ce hci version 0x100 quirks 0x0000000000830410
[    2.450860] xhci-hcd ee000000.usb: irq 172, io mem 0xee000000
[    2.456724] xhci-hcd ee000000.usb: xHCI Host Controller
[    2.461957] xhci-hcd ee000000.usb: new USB bus registered, assigned bus number 8
[    2.469361] xhci-hcd ee000000.usb: Host supports USB 3.0 SuperSpeed
[    2.475920] hub 7-0:1.0: USB hub found
[    2.479690] hub 7-0:1.0: 1 port detected
[    2.483783] usb usb8: We don't know the algorithms for LPM for this host, disabling LPM.
[    2.492165] hub 8-0:1.0: USB hub found
[    2.495934] hub 8-0:1.0: 1 port detected
[    2.500759] usbcore: registered new interface driver usb-storage
[    2.508446] renesas_usbhs e6590000.usb: host probed
[    2.513335] renesas_usbhs e6590000.usb: no transceiver found
[    2.519063] renesas_usbhs e6590000.usb: gadget probed
[    2.524275] renesas_usbhs e6590000.usb: probed
[    2.529173] renesas_usbhs e659c000.usb: host probed
[    2.534065] renesas_usbhs e659c000.usb: no transceiver found
[    2.539778] renesas_usbhs e659c000.usb: gadget probed
[    2.544980] renesas_usbhs e659c000.usb: probed
[    2.551901] i2c /dev entries driver
[    2.566462] cs2000-cp 2-004f: revision - C1
[    2.570716] i2c-rcar e6510000.i2c: probed
[    2.575625] pca953x 4-0020: supply vcc not found, using dummy regulator
[    2.582331] pca953x 4-0020: using no AI
[    2.586980] gpio-355 (PCIE/SATA switch): hogged as output/low
[    2.599249] i2c-rcar e66d8000.i2c: probed
[    2.604532] adv748x 4-0070: Endpoint /soc/i2c@e66d8000/video-receiver@70/port@7/endpoint on port 7
[    2.613515] adv748x 4-0070: Endpoint /soc/i2c@e66d8000/video-receiver@70/port@8/endpoint on port 8
[    2.622487] adv748x 4-0070: Endpoint /soc/i2c@e66d8000/video-receiver@70/port@a/endpoint on port 10
[    2.631552] adv748x 4-0070: Endpoint /soc/i2c@e66d8000/video-receiver@70/port@b/endpoint on port 11
[    2.640953] adv748x 4-0070: chip found @ 0xe0 revision 2143
[    2.693781] rcar-csi2 fea80000.csi2: 1 lanes found
[    2.698924] rcar-csi2 feaa0000.csi2: 4 lanes found
[    2.708514] rcar-vin e6ef0000.video: Device registered as video0
[    2.714591] rcar-vin e6ef1000.video: Device registered as video1
[    2.720659] rcar-vin e6ef2000.video: Device registered as video2
[    2.726729] rcar-vin e6ef3000.video: Device registered as video3
[    2.732797] rcar-vin e6ef4000.video: Device registered as video4
[    2.738866] rcar-vin e6ef5000.video: Device registered as video5
[    2.744933] rcar-vin e6ef6000.video: Device registered as video6
[    2.751005] rcar-vin e6ef7000.video: Device registered as video7
[    2.759717] rcar_gen3_thermal e6198000.thermal: is using pseudo fixed FUSE values
[    2.771936] rcar_gen3_thermal e6198000.thermal: TSC0: Loaded 1 trip points
[    2.783205] rcar_gen3_thermal e6198000.thermal: TSC1: Loaded 1 trip points
[    2.794359] rcar_gen3_thermal e6198000.thermal: TSC2: Loaded 3 trip points
[    2.806471] sdhci: Secure Digital Host Controller Interface driver
[    2.812662] sdhci: Copyright(c) Pierre Ossman
[    2.817892] Synopsys Designware Multimedia Card Interface Driver
[    2.818251] renesas_sdhi_internal_dmac ee100000.mmc: Got CD GPIO
[    2.818417] renesas_sdhi_internal_dmac ee160000.mmc: Got CD GPIO
[    2.818440] renesas_sdhi_internal_dmac ee160000.mmc: Got WP GPIO
[    2.818473] renesas_sdhi_internal_dmac ee140000.mmc: Adding to iommu group 0
[    2.818515] renesas_sdhi_internal_dmac ee140000.mmc: Using IPMMU context 1
[    2.825260] sdhci-pltfm: SDHCI platform and OF driver helper
[    2.829934] renesas_sdhi_internal_dmac ee100000.mmc: Got WP GPIO
[    2.866101] renesas_sdhi_internal_dmac ee140000.mmc: mmc0 base at 0x00000000ee140000, max clock rate 200 MHz
[    2.877777] ledtrig-cpu: registered to indicate activity on CPUs
[    2.884747] SMCCC: SOC_ID: ARCH_SOC_ID not implemented, skipping ....
[    2.891771] usbcore: registered new interface driver usbhid
[    2.897346] usbhid: USB HID core driver
[    2.904941] optee: probing for conduit method.
[    2.909409] optee: revision 3.22 (314ecf9d)
[    2.909793] optee driver R-Car Rev.1.0.11
[    2.918344] optee: dynamic shared memory is enabled
[    2.923492] optee: initialized driver
[    2.940374] rcar_sound ec500000.sound: probed
[    2.945437] NET: Registered protocol family 17
[    2.947748] mmc0: new HS400 MMC card at address 0001
[    2.950007] 9pnet: Installing 9P2000 support
[    2.955770] mmcblk0: mmc0:0001 BGSD3R 29.1 GiB 
[    2.959176] Key type dns_resolver registered
[    2.964088] mmcblk0boot0: mmc0:0001 BGSD3R partition 1 16.0 MiB
[    2.968414] registered taskstats version 1
[    2.974232] mmcblk0boot1: mmc0:0001 BGSD3R partition 2 16.0 MiB
[    2.977996] Loading compiled-in X.509 certificates
[    2.984215] mmcblk0rpmb: mmc0:0001 BGSD3R partition 3 4.00 MiB, chardev (509:0)
[    2.998333]  mmcblk0: p1
[    2.998708] thermal emergency: set temperature to 110 celsius
[    3.006835] thermal emergency: shutdown target cpus 1-7
[    3.012064] thermal emergency: freq scaled target cpus 0
[    3.017724] renesas_irqc e61c0000.interrupt-controller: driving 6 irqs
[    3.066001] ehci-platform ee080100.usb: EHCI Host Controller
[    3.071697] ehci-platform ee080100.usb: new USB bus registered, assigned bus number 9
[    3.079582] ehci-platform ee080100.usb: irq 174, io mem 0xee080100
[    3.097986] ehci-platform ee080100.usb: USB 2.0 started, EHCI 1.10
[    3.104524] hub 9-0:1.0: USB hub found
[    3.108297] hub 9-0:1.0: 1 port detected
[    3.113269] ohci-platform ee080000.usb: Generic Platform OHCI controller
[    3.119987] ohci-platform ee080000.usb: new USB bus registered, assigned bus number 10
[    3.127978] ohci-platform ee080000.usb: irq 174, io mem 0xee080000
[    3.224272] hub 10-0:1.0: USB hub found
[    3.228129] hub 10-0:1.0: 1 port detected
[    3.233351] cpu cpu0: EM: created perf domain
[    3.238394] cpu cpu4: EM: created perf domain
[    3.248506] renesas_sdhi_internal_dmac ee100000.mmc: Got CD GPIO
[    3.248533] renesas_sdhi_internal_dmac ee160000.mmc: Got CD GPIO
[    3.254635] renesas_sdhi_internal_dmac ee100000.mmc: Got WP GPIO
[    3.255024] [drm] Initialized rcar-du 1.0.0 20130110 for feb00000.display on minor 0
[    3.255026] [drm] Device feb00000.display probed
[    3.260647] renesas_sdhi_internal_dmac ee160000.mmc: Got WP GPIO
[    3.315838] renesas_sdhi_internal_dmac ee100000.mmc: mmc1 base at 0x00000000ee100000, max clock rate 200 MHz
[    3.324703] Console: switching to colour frame buffer device 128x48
[    3.334503] renesas_sdhi_internal_dmac ee160000.mmc: mmc2 base at 0x00000000ee160000, max clock rate 200 MHz
[    3.365610] rcar-du feb00000.display: [drm] fb0: rcar-dudrmfb frame buffer device
[    3.377952] input: keys as /devices/platform/keys/input/input0
[    3.457502] Micrel KSZ9031 Gigabit PHY e6800000.ethernet-ffffffff:00: attached PHY driver [Micrel KSZ9031 Gigabit PHY] (mii_bus:phy_addr=e6800000.ethernet-ffffffff:00, irq=183)
[   10.007383] ravb e6800000.ethernet eth0: Link is Up - 1Gbps/Full - flow control off
[   10.034032] IP-Config: Guessing netmask 255.255.255.0
[   10.039197] IP-Config: Complete:
[   10.042508]      device=eth0, hwaddr=2e:09:0a:00:c3:9a, ipaddr=192.168.10.107, mask=255.255.255.0, gw=255.255.255.255
[   10.053316]      host=192.168.10.107, domain=, nis-domain=(none)
[   10.059447]      bootserver=255.255.255.255, rootserver=192.168.10.98, rootpath=
[   10.060046] ALSA device list:
[   10.070649]   No soundcards found.
[   11.143293] VFS: Mounted root (nfs4 filesystem) on device 0:22.
[   11.149878] devtmpfs: mounted
[   11.156971] Freeing unused kernel memory: 6144K
[   11.170192] Run /sbin/init as init process
[   11.339834] systemd[1]: System time before build time, advancing clock.
[   11.782961] NET: Registered protocol family 10
[   11.791705] Segment Routing with IPv6
[   11.819372] systemd[1]: systemd 244 running in system mode. (+PAM -AUDIT -SELINUX +IMA -APPARMOR -SMACK +SYSVINIT +UTMP -LIBCRYPTSETUP -GCRYPT -GNUTLS +ACL +XZ -LZ4 -SECCOMP +BLKID -ELFUTILS +KMOD -IDN2 -IDN -PCRE2 default-hierarchy=hybrid)
[   11.849742] systemd[1]: Detected architecture arm64.

Welcome to [1mPoky (Yocto Project Reference Distro) 3.1.11 (dunfell)[0m!

[   11.879791] systemd[1]: Set hostname to <salvator-x>.
[   11.958038] random: crng init done
[   12.705172] systemd[1]: system-getty.slice: unit configures an IP firewall, but the local system does not support BPF/cgroup firewalling.
[   12.726307] systemd[1]: (This warning is only shown for the first unit using IP firewalling.)
[   12.741348] systemd[1]: Created slice system-getty.slice.
[[0;32m  OK  [0m] Created slice [0;1;39msystem-getty.slice[0m.
[   12.771255] systemd[1]: Created slice system-serial\x2dgetty.slice.
[[0;32m  OK  [0m] Created slice [0;1;39msystem-serial\x2dgetty.slice[0m.
[   12.795185] systemd[1]: Created slice User and Session Slice.
[[0;32m  OK  [0m] Created slice [0;1;39mUser and Session Slice[0m.
[   12.818476] systemd[1]: Started Dispatch Password Requests to Console Directory Watch.
[[0;32m  OK  [0m] Started [0;1;39mDispatch Password â€¦ts to Console Directory Watch[0m.
[   12.846399] systemd[1]: Started Forward Password Requests to Wall Directory Watch.
[[0;32m  OK  [0m] Started [0;1;39mForward Password Râ€¦uests to Wall Directory Watch[0m.
[   12.874262] systemd[1]: Reached target Paths.
[[0;32m  OK  [0m] Reached target [0;1;39mPaths[0m.
[   12.898160] systemd[1]: Reached target Remote File Systems.
[[0;32m  OK  [0m] Reached target [0;1;39mRemote File Systems[0m.
[   12.922126] systemd[1]: Reached target Slices.
[[0;32m  OK  [0m] Reached target [0;1;39mSlices[0m.
[   12.946143] systemd[1]: Reached target Swap.
[[0;32m  OK  [0m] Reached target [0;1;39mSwap[0m.
[   12.972701] systemd[1]: Listening on RPCbind Server Activation Socket.
[[0;32m  OK  [0m] Listening on [0;1;39mRPCbind Server Activation Socket[0m.
[   13.002206] systemd[1]: Reached target RPC Port Mapper.
[[0;32m  OK  [0m] Reached target [0;1;39mRPC Port Mapper[0m.
[   13.026510] systemd[1]: Listening on initctl Compatibility Named Pipe.
[[0;32m  OK  [0m] Listening on [0;1;39minitctl Compatibility Named Pipe[0m.
[   13.056286] systemd[1]: Listening on Journal Audit Socket.
[[0;32m  OK  [0m] Listening on [0;1;39mJournal Audit Socket[0m.
[   13.084045] systemd[1]: Listening on Journal Socket (/dev/log).
[[0;32m  OK  [0m] Listening on [0;1;39mJournal Socket (/dev/log)[0m.
[   13.110886] systemd[1]: Listening on Journal Socket.
[[0;32m  OK  [0m] Listening on [0;1;39mJournal Socket[0m.
[   13.135888] systemd[1]: Listening on Network Service Netlink Socket.
[[0;32m  OK  [0m] Listening on [0;1;39mNetwork Service Netlink Socket[0m.
[   13.164513] systemd[1]: Listening on udev Control Socket.
[[0;32m  OK  [0m] Listening on [0;1;39mudev Control Socket[0m.
[   13.190658] systemd[1]: Listening on udev Kernel Socket.
[[0;32m  OK  [0m] Listening on [0;1;39mudev Kernel Socket[0m.
[   13.219655] systemd[1]: Mounting Huge Pages File System...
         Mounting [0;1;39mHuge Pages File System[0m...
[   13.247295] systemd[1]: Mounting POSIX Message Queue File System...
         Mounting [0;1;39mPOSIX Message Queue File System[0m...
[   13.279210] systemd[1]: Mounting Kernel Debug File System...
         Mounting [0;1;39mKernel Debug File System[0m...
[   13.310344] systemd[1]: Mounting Temporary Directory (/tmp)...
         Mounting [0;1;39mTemporary Directory (/tmp)[0m...
[   13.340542] systemd[1]: Starting Create list of static device nodes for the current kernel...
         Starting [0;1;39mCreate list of stâ€¦odes for the current kernel[0m...
[   13.375186] systemd[1]: Starting Start psplash boot splash screen...
         Starting [0;1;39mStart psplash boot splash screen[0m...
[   13.409306] systemd[1]: Starting RPC Bind...
         Starting [0;1;39mRPC Bind[0m...
[   13.443141] systemd[1]: Condition check resulted in File System Check on Root Device being skipped.
[   13.459250] systemd[1]: Starting Journal Service...
         Starting [0;1;39mJournal Service[0m...
[   13.487606] systemd[1]: Starting Load Kernel Modules...
         Starting [0;1;39mLoad Kernel Modules[0m...
[   13.510348] systemd[1]: Starting Remount Root and Kernel File Systems...
         Starting [0;1;39mRemount Root and Kernel File Systems[0m...
[   13.538674] systemd[1]: Starting udev Coldplug all Devices...
         Starting [0;1;39mudev Coldplug all Devices[0m...
[   13.563764] systemd[1]: Started Start psplash boot splash screen.
[[0;32m  OK  [0m] Started [0;1;39mStart psplash boot splash screen[0m.
[   13.586692] systemd[1]: Started RPC Bind.
[[0;32m  OK  [0m] Started [0;1;39mRPC Bind[0m.
[   13.606649] systemd[1]: Started Journal Service.
[[0;32m  OK  [0m] Started [0;1;39mJournal Service[0m.
[[0;32m  OK  [0m] Mounted [0;1;39mHuge Pages File System[0m.
[[0;32m  OK  [0m] Mounted [0;1;39mPOSIX Message Queue File System[0m.
[[0;32m  OK  [0m] Mounted [0;1;39mKernel Debug File System[0m.
[[0;32m  OK  [0m] Mounted [0;1;39mTemporary Directory (/tmp)[0m.
[[0;32m  OK  [0m] Started [0;1;39mCreate list of staâ€¦ nodes for the current kernel[0m.
[[0;32m  OK  [0m] Started [0;1;39mLoad Kernel Modules[0m.
[[0;32m  OK  [0m] Started [0;1;39mRemount Root and Kernel File Systems[0m.
         Mounting [0;1;39mKernel Configuration File System[0m...
[[0;32m  OK  [0m] Started [0;1;39mStart psplash-systâ€¦progress communication helper[0m.
         Starting [0;1;39mFlush Journal to Persistent Storage[0m...
         Starting [0;1;39mApply Kernel Variables[0m...[   13.834572] systemd-journald[354]: Received client request to flush runtime journal.

         Starting [0;1;39mCreate Static Device Nodes in /dev[0m...
[[0;32m  OK  [0m] Mounted [0;1;39mKernel Configuration File System[0m.
[[0;32m  OK  [0m] Started [0;1;39mFlush Journal to Persistent Storage[0m.
[[0;32m  OK  [0m] Started [0;1;39mApply Kernel Variables[0m.
[[0;32m  OK  [0m] Started [0;1;39mCreate Static Device Nodes in /dev[0m.
[[0;32m  OK  [0m] Reached target [0;1;39mLocal File Systems (Pre)[0m.
         Mounting [0;1;39m/var/volatile[0m...
         Starting [0;1;39mudev Kernel Device Manager[0m...
[[0;32m  OK  [0m] Started [0;1;39mudev Coldplug all Devices[0m.
[[0;32m  OK  [0m] Mounted [0;1;39m/var/volatile[0m.
         Starting [0;1;39mLoad/Save Random Seed[0m...
[[0;32m  OK  [0m] Reached target [0;1;39mLocal File Systems[0m.
         Starting [0;1;39mCreate Volatile Files and Directories[0m...
[[0;32m  OK  [0m] Started [0;1;39mLoad/Save Random Seed[0m.
[[0;32m  OK  [0m] Started [0;1;39mudev Kernel Device Manager[0m.
         Starting [0;1;39mNetwork Service[0m...
[[0;32m  OK  [0m] Started [0;1;39mCreate Volatile Files and Directories[0m.
         Starting [0;1;39mNetwork Time Synchronization[0m...
         Starting [0;1;39mUpdate UTMP about System Boot/Shutdown[0m...
[[0;32m  OK  [0m] Started [0;1;39mNetwork Service[0m.
         Starting [0;1;39mNetwork Name Resolution[0m...
[[0;32m  OK  [0m] Started [0;1;39mUpdate UTMP about System Boot/Shutdown[0m.
[[0;32m  OK  [0m] Started [0;1;39mNetwork Time Synchronization[0m.
[[0;32m  OK  [0m] Reached target [0;1;39mSystem Initialization[0m.
[[0;32m  OK  [0m] Started [0;1;39mDaily Cleanup of Temporary Directories[0m.
[[0;32m  OK  [0m] Reached target [0;1;39mSystem Time Set[0m.
[   14.458882] pwm-backlight: probe of backlight failed with error -16
[[0;32m  OK  [0m] Reached target [0;1;39mSystem Time Synchronized[0m.
[[0;32m  OK  [0m] Reached target [0;1;39mTime[   14.494124] at24 7-0050: supply vcc not found, using dummy regulator
rs[0m.
[   14.502664] at24 7-0050: 128 byte br24t01 EEPROM, writable, 8 bytes/write
[[0;32m  OK  [0m] Listening on [0;1;39mAvahi mDNS/DNS-SD Stack Activation Socket[0m.
[[0;32m  OK  [0m] Listening on [0;1;39mD-Bus System Message Bus Socket[0m.
[[0;32m  OK  [0m] Listening on [0;1;39mdropbear.socket[0m.
[[0;32m  OK  [0m] Reached target [0;1;39mSockets[0m.
[   14.610669] renesas_usb3 ee020000.usb: probed with phy
[[0;32m  OK  [0m] Reached target [0;1;39mBasic System[0m.
[   14.640710] ccree e6601000.crypto: ARM CryptoCell 630P Driver: HW version 0xAF400001/0xDCC63000, Driver version 5.0
[[0;32m  OK  [0m] Started [0;1;39mD-Bus System Message Bus[0m.
[   14.671384] ccree e6601000.crypto: ARM ccree device initialized
[[0;32m  OK  [0m] Started [0;1;39moptee services[0m.
         Starting [0;1;39mpvrinit.service[0m...
         Starting [0;1;39mPowerVR consumer services[0m...
         Starting [0;1;39mLogin Service[0m...
[[0;32m  OK  [0m] Started [0;1;39mNetwork Name Resolution[0m.
[[0;1;31mFAILED[0m] Failed to start [0;1;39mpvrinit.service[0m.
See 'systemctl status pvrinit.service' for details.
[[0;1;31mFAILED[0m] Failed to start [0;1;39mPowerVR consumer services[0m.
See 'systemctl status rc.pvr.service' for details.
[[0;32m  OK  [0m] Created slice [0;1;39msystem-weston.slice[0m.
[[0;32m  OK  [0m] Reached target [0;1;39mNetwork[0m.
[[0;32m  OK  [0m] Reached target [0;1;39mHost and Network Name Lookups[0m.
[[0;32m  OK  [0m] Reached target [0;1;39mHardware activated USB gadget[0m.
         Starting [0;1;39mAvahi mDNS/DNS-SD Stack[0m...
         Starting [0;1;39mPowerVR consumer services[0m...
         Starting [0;1;39mset_default_governor.service[0m...
         Starting [0;1;39mPermit User Sessions[0m...
[[0;32m  OK  [0m] Started [0;1;39mXinetd A Powerful R[   15.134314] rd 0-7: Disabling EAS, schedutil is mandatory
eplacement For Inetd[0m.
[[0;1;31mFAILED[0m] Failed to start [0;1;39mPowerVR consumer services[0m.
See 'systemctl status rc.pvr.service' for details.
[[0;1;38;5;185mDEPEND[0m] Dependency failed for [0;1;39mWeston Wayland Compositor[0m.
[[0;32m  OK  [0m] Started [0;1;39mset_default_governor.service[0m.
[[0;32m  OK  [0m] Started [0;1;39mPermit User Sessions[0m.
[[0;32m  OK  [0m] Started [0;1;39mLogin Service[0m.
[[0;32m  OK  [0m] Started [0;1;39mAvahi mDNS/DNS-SD Stack[0m.
[[0;32m  OK  [0m] Started [0;1;39mGetty on tty1[0m.
[[0;32m  OK  [0m] Started [0;1;39mSerial Getty on ttySC0[0m.
[[0;32m  OK  [0m] Reached target [0;1;39mLogin Prompts[0m.
[[0;32m  OK  [0m] Reached target [0;1;39mMulti-User System[0m.
         Starting [0;1;39mUpdate UTMP about System Runlevel Changes[0m...
[[0;32m  OK  [0m] Started [0;1;39mUpdate UTMP about System Runlevel Changes[0m.

Poky (Yocto Project Reference Distro) 3.1.11 salvator-x ttySC0

salvator-x login: 
salvator-x login: root
[   17.117375] audit: type=1006 audit(1703064537.772:2): pid=534 uid=0 old-auid=4294967295 auid=0 tty=(none) old-ses=4294967295 ses=1 res=1
7[r[999;999H[6n8root@salvator-x:~# 
root@salvator-x:~# 
root@salvator-x:~# 
root@salvator-x:~# 
root@salvator-x:~# 
root@salvator-x:~# 
root@salvator-x:~# 
root@salvator-x:~# 
root@salvator-x:~# 
Plug in USB device at CN10L


Press any button to continue

[   41.950121] SDHI0 VccQ: disabling
[   41.953516] SDHI3 VccQ: disabling
[  160.605992] usb 1-1: new high-speed USB device number 2 using ehci-platform
[  160.773039] usb-storage 1-1:1.0: USB Mass Storage device detected
[  160.780031] scsi host1: usb-storage 1-1:1.0
[  161.791927] scsi 1:0:0:0: Direct-Access     SanDisk  Extreme Pro      0    PQ: 0 ANSI: 6
[  161.802785] sd 1:0:0:0: [sda] 250085376 512-byte logical blocks: (128 GB/119 GiB)
[  161.811593] sd 1:0:0:0: [sda] Write Protect is off
[  161.817579] sd 1:0:0:0: [sda] Write cache: enabled, read cache: enabled, doesn't support DPO or FUA
[  161.865077]  sda: sda1
[  161.871405] sd 1:0:0:0: [sda] Attached SCSI removable disk

----------Prepare----------


root@salvator-x:~# find /sys/devices/platform/soc/ee0a0100.usb/ -name 'sd*'
/sys/devices/platform/soc/ee0a0100.usb/usb1/1-1/1-1:1.0/host1/target1:0:0/1:0:0:0/block/sda
/sys/devices/platform/soc/ee0a0100.usb/usb1/1-1/1-1:1.0/host1/target1:0:0/1:0:0:0/block/sda/sda1
root@salvator-x:~# 
root@salvator-x:~# dd if=/dev/urandom of=testdata bs=10M count=5
5+0 records in
5+0 records out
52428800 bytes (52 MB, 50 MiB) copied, 1.36174 s, 38.5 MB/s
root@salvator-x:~# 
root@salvator-x:~# mkdir -p /mnt/usb
root@salvator-x:~# 
root@salvator-x:~# mount /dev/sda1 /mnt/usb
[  167.116332] EXT4-fs (sda1): recovery complete
[  167.122398] EXT4-fs (sda1): mounted filesystem with ordered data mode. Opts: (null)
root@salvator-x:~# 
root@salvator-x:~# cp testdata /mnt/usb/
root@salvator-x:~# 
root@salvator-x:~# umount /mnt/usb
root@salvator-x:~# 
Pull out USB device at CN10L


Press any button to continue

[  195.358984] usb 1-1: USB disconnect, device number 2
[  195.365105] sd 1:0:0:0: [sda] Synchronizing SCSI cache
[  195.370427] sd 1:0:0:0: [sda] Synchronize Cache(10) failed: Result: hostbyte=0x01 driverbyte=0x00

root@salvator-x:~# i2cset -f -y 7 0x30 0x20 0x0f
root@salvator-x:~# 

Switch SW23 off and input 'yes' to continue:

root@salvator-x:~# echo N > /sys/module/printk/parameters/console_suspend
root@salvator-x:~# 
root@salvator-x:~# echo mem > /sys/power/state
[  205.526105] PM: suspend entry (deep)
[  205.529768] Filesystems sync: 0.000 seconds
[  205.535456] Freezing user space processes ... (elapsed 0.001 seconds) done.
[  205.537130] OOM killer disabled.
[  205.537132] Freezing remaining freezable tasks ... (elapsed 0.000 seconds) done.
[  205.964461] ravb e6800000.ethernet eth0: Link is Down
[  205.979283] Disabling non-boot CPUs ...
[  205.983721] CPU1: shutdown
[  205.986451] psci: CPU1 killed (polled 0 ms)
[  205.992436] CPU2: shutdown
[  205.995165] psci: CPU2 killed (polled 0 ms)
[  206.000825] CPU3: shutdown
[  206.003554] psci: CPU3 killed (polled 0 ms)
[  206.009372] CPU4: shutdown
[  206.012102] psci: CPU4 killed (polled 0 ms)
[  206.017823] CPU5: shutdown
[  206.020546] psci: CPU5 killed (polled 0 ms)
[  206.026028] CPU6: shutdown
[  206.028737] psci: CPU6 killed (polled 0 ms)
[  206.034535] CPU7: shutdown
[  206.037247] psci: CPU7 killed (polled 0 ms)
 
 Switch power switch: 

NOTICE:  BL2: R-Car Gen3 Initial Program Loader(CA57) Rev.4.0.0
NOTICE:  BL2: PRR is R-Car H3 Ver.3.0
NOTICE:  BL2: Board is Salvator-XS Rev.1.0
NOTICE:  BL2: Boot device is HyperFlash(160MHz)
NOTICE:  BL2: LCM state is CM
NOTICE:  AVS setting succeeded. DVFS_SetVID=0x53
NOTICE:  BL2: DDR3200(rev.0.42)
NOTICE:  BL2: [WARM_BOOT]
NOTICE:  BL2: DRAM Split is 4ch(DDR f)
NOTICE:  BL2: QoS is default setting(rev.0.11)
NOTICE:  BL2: DRAM refresh interval 1.95 usec
NOTICE:  BL2: Periodic Write DQ Training
NOTICE:  BL2: CH0: 400000000 - 47fffffff, 2 GiB
NOTICE:  BL2: CH1: 500000000 - 57fffffff, 2 GiB
NOTICE:  BL2: CH2: 600000000 - 67fffffff, 2 GiB
NOTICE:  BL2: CH3: 700000000 - 77fffffff, 2 GiB
NOTICE:  BL2: Lossy Decomp areas
NOTICE:       Entry 0: DCMPAREACRAx:0x80000540 DCMPAREACRBx:0x570
NOTICE:       Entry 1: DCMPAREACRAx:0x40000000 DCMPAREACRBx:0x0
NOTICE:       Entry 2: DCMPAREACRAx:0x20000000 DCMPAREACRBx:0x0
NOTICE:  BL2: FDT at 0xe6327f70
NOTICE:  BL2: v2.9(release):9cdb21f75
NOTICE:  BL2: Built : 05:25:39, Dec 19 2023
NOTICE:  BL2: Normal boot
[  206.042520] Enabling non-boot CPUs ...
[  206.046556] Detected PIPT I-cache on CPU1
[  206.046612] CPU1: Booted secondary processor 0x0000000001 [0x411fd073]
[  206.047066] CPU1 is up
[  206.060126] Detected PIPT I-cache on CPU2
[  206.060148] CPU2: Booted secondary processor 0x0000000002 [0x411fd073]
[  206.060407] CPU2 is up
[  206.073419] Detected PIPT I-cache on CPU3
[  206.073442] CPU3: Booted secondary processor 0x0000000003 [0x411fd073]
[  206.073740] CPU3 is up
[  206.086808] Detected VIPT I-cache on CPU4
[  206.086861] CPU4: Booted secondary processor 0x0000000100 [0x410fd034]
[  206.087759] CPU4 is up
[  206.100771] Detected VIPT I-cache on CPU5
[  206.100804] CPU5: Booted secondary processor 0x0000000101 [0x410fd034]
[  206.101374] CPU5 is up
[  206.114386] Detected VIPT I-cache on CPU6
[  206.114419] CPU6: Booted secondary processor 0x0000000102 [0x410fd034]
[  206.115013] CPU6 is up
[  206.128024] Detected VIPT I-cache on CPU7
[  206.128057] CPU7: Booted secondary processor 0x0000000103 [0x410fd034]
[  206.128705] CPU7 is up
[  206.200639] xhci-hcd ee000000.usb: xHC error in resume, USBSTS 0x401, Reinit
[  206.207682] usb usb7: root hub lost power or was reset
[  206.212801] usb usb8: root hub lost power or was reset
[  206.268755] Micrel KSZ9031 Gigabit PHY e6800000.ethernet-ffffffff:00: attached PHY driver [Micrel KSZ9031 Gigabit PHY] (mii_bus:phy_addr=e6800000.ethernet-ffffffff:00, irq=183)
[  206.383975] usb usb4: root hub lost power or was reset
[  206.389243] usb usb1: root hub lost power or was reset
[  206.476048] usb usb5: root hub lost power or was reset
[  206.481312] usb usb2: root hub lost power or was reset
[  206.568062] usb usb6: root hub lost power or was reset
[  206.573347] usb usb3: root hub lost power or was reset
[  206.692047] usb usb10: root hub lost power or was reset
[  206.697405] usb usb9: root hub lost power or was reset
[  206.709952] ata1: link resume succeeded after 1 retries
[  206.821457] ata1: SATA link down (SStatus 0 SControl 300)
[  206.840868] OOM killer enabled.
[  206.844722] Restarting tasks ... done.
root@salvator-x:~# [  206.850692] PM: suspend exit
[  213.967394] ravb e6800000.ethernet eth0: Link is Up - 1Gbps/Full - flow control off

root@salvator-x:~# echo "Wake up sucessfully"
Wake up sucessfully
root@salvator-x:~# 
Plug in USB device at CN10L


Press any button to continue

[  238.949961] usb 1-1: new high-speed USB device number 3 using ehci-platform
[  239.112544] usb-storage 1-1:1.0: USB Mass Storage device detected
[  239.119421] scsi host1: usb-storage 1-1:1.0
[  240.127216] scsi 1:0:0:0: Direct-Access     SanDisk  Extreme Pro      0    PQ: 0 ANSI: 6
[  240.137617] sd 1:0:0:0: [sda] 250085376 512-byte logical blocks: (128 GB/119 GiB)
[  240.146308] sd 1:0:0:0: [sda] Write Protect is off
[  240.152151] sd 1:0:0:0: [sda] Write cache: enabled, read cache: enabled, doesn't support DPO or FUA
[  240.183124]  sda: sda1
[  240.189325] sd 1:0:0:0: [sda] Attached SCSI removable disk

root@salvator-x:~# find /sys/devices/platform/soc/ee0a0100.usb/ -name 'sd*'
/sys/devices/platform/soc/ee0a0100.usb/usb1/1-1/1-1:1.0/host1/target1:0:0/1:0:0:0/block/sda
/sys/devices/platform/soc/ee0a0100.usb/usb1/1-1/1-1:1.0/host1/target1:0:0/1:0:0:0/block/sda/sda1
root@salvator-x:~# 
root@salvator-x:~# mount /dev/sda1 /mnt/usb
[  243.445988] EXT4-fs (sda1): mounted filesystem with ordered data mode. Opts: (null)
root@salvator-x:~# 
root@salvator-x:~# cp testdata /mnt/usb/testdata_from_nfs
root@salvator-x:~# 
root@salvator-x:~# cp /mnt/usb/testdata_from_nfs testdata_from_usb
root@salvator-x:~# 
root@salvator-x:~# sync
root@salvator-x:~# 
root@salvator-x:~# cmp testdata testdata_from_usb
root@salvator-x:~# 
root@salvator-x:~# umount /mnt/usb
root@salvator-x:~# 
 
#### Result: OK ####
