

----------Item 2----------


Please press switch to restart board 

[F 00:00:120
NOTICE:  BL2: R-Car Gen3 Initial Program Loader(CA57) Rev.4.0.0
NOTICE:  BL2: PRR is R-Car M3 Ver.3.0
NOTICE:  BL2: Board is Salvator-XS Rev.1.0
NOTICE:  BL2: Boot device is HyperFlash(160MHz)
NOTICE:  BL2: LCM state is CM
NOTICE:  AVS setting succeeded. DVFS_SetVID=0x53
NOTICE:  BL2: DDR3200(rev.0.42)
NOTICE:  BL2: [COLD_BOOT]
NOTICE:  BL2: DRAM Split is 2ch
NOTICE:  BL2: QoS is default setting(rev.0.04)
NOTICE:  BL2: DRAM refresh interval 1.95 usec
NOTICE:  BL2: Periodic Write DQ Training
NOTICE:  BL2: CH0: 400000000 - 4ffffffff, 4 GiB
NOTICE:  BL2: CH2: 600000000 - 6ffffffff, 4 GiB
NOTICE:  BL2: Lossy Decomp areas
NOTICE:       Entry 0: DCMPAREACRAx:0x80000540 DCMPAREACRBx:0x570
NOTICE:       Entry 1: DCMPAREACRAx:0x40000000 DCMPAREACRBx:0x0
NOTICE:       Entry 2: DCMPAREACRAx:0x20000000 DCMPAREACRBx:0x0
NOTICE:  BL2: FDT at 0xe6326f70
NOTICE:  BL2: v2.9(release):9cdb21f75
NOTICE:  BL2: Built : 08:35:43, Jan 13 2024
NOTICE:  BL2: Normal boot
NOTICE:  BL2: dst=0xe6326800 src=0x8180000 len=512(0x200)
NOTICE:  BL2: dst=0x43f00000 src=0x8180400 len=6144(0x1800)
NOTICE:  rcar_file_len: len: 0x0003e000
NOTICE:  BL2: dst=0x44000000 src=0x81c0000 len=253952(0x3e000)
NOTICE:  rcar_file_len: len: 0x00200000
NOTICE:  BL2: dst=0x44100000 src=0x8200000 len=2097152(0x200000)
NOTICE:  rcar_file_len: len: 0x00100000
NOTICE:  BL2: dst=0x50000000 src=0x8640000 len=1048576(0x100000)
NOTICE:  BL2: Booting BL31


U-Boot 2020.10 (Jan 13 2024 - 08:36:37 +0000)

CPU: Renesas Electronics R8A7796 rev 3.0
Model: Renesas Salvator-X 2nd version board based on r8a77961
DRAM:  7.9 GiB
RAM Configuration:
Bank #0: 0x048000000 - 0x0bfffffff, 1.9 GiB
Bank #1: 0x480000000 - 0x4ffffffff, 2 GiB
Bank #2: 0x600000000 - 0x6ffffffff, 4 GiB

MMC:   mmc@ee100000: 0, mmc@ee140000: 1, mmc@ee160000: 2
Loading Environment from MMC... OK
In:    serial@e6e88000
Out:   serial@e6e88000
Err:   serial@e6e88000
Net:   eth0: ethernet@e6800000
Hit any key to stop autoboot:  2  1  0 
ethernet@e6800000 Waiting for PHY auto negotiation to complete......... done
Using ethernet@e6800000 device
TFTP from server 192.168.10.98; our IP address is 192.168.10.107
Filename 'BV/PT3/boot_USB2H/Image'.
Load address: 0x48080000
Loading: *#################################################################
	 #################################################################
	 #################################################################
	 #################################################################
	 #################################################################
	 #################################################################
	 #################################################################
	 #################################################################
	 #################################################################
	 #################################################################
	 #################################################################
	 #################################################################
	 #################################################################
	 #################################################################
	 #################################################################
	 #################################################################
	 #################################################################
	 #################################################################
	 #################################################################
	 #################################################################
	 #################################################################
	 #################################################################
	 #################################################################
	 #################################################################
	 #################################################################
	 #################################################################
	 #################################################################
	 #################################################################
	 #################################################################
	 #################################################################
	 #################################################################
	 #################################################################
	 #################################################################
	 #################################################################
	 ################################################################
	 3.9 MiB/s
done
Bytes transferred = 33376768 (1fd4a00 hex)
Using ethernet@e6800000 device
TFTP from server 192.168.10.98; our IP address is 192.168.10.107
Filename 'BV/PT3/boot_USB2H/r8a779m3-salvator-xs.dtb'.
Load address: 0x48000000
Loading: *######
	 7.3 MiB/s
done
Bytes transferred = 76881 (12c51 hex)
Moving Image from 0x48080000 to 0x48200000, end=4a260000
## Flattened Device Tree blob at 48000000
   Booting using the fdt blob at 0x48000000
   Loading Device Tree to 0000000053fea000, end 0000000053fffc50 ... OK

Starting kernel ...

[    0.000000] Booting Linux on physical CPU 0x0000000000 [0x411fd073]
[    0.000000] Linux version 5.10.194-yocto-standard (thuan.nguyen-hong@banvien) (aarch64-poky-linux-gcc (GCC) 9.3.0, GNU ld (GNU Binutils) 2.34.0.20200220) #10 SMP PREEMPT Mon Feb 19 03:51:05 UTC 2024
[    0.000000] Machine model: Renesas Salvator-X 2nd version board based on r8a779m3
[    0.000000] efi: UEFI not found.
[    0.000000] Reserved memory: created CMA memory pool at 0x0000000057000000, size 16 MiB
[    0.000000] OF: reserved mem: initialized node linux,adsp@57000000, compatible id shared-dma-pool
[    0.000000] Reserved memory: created CMA memory pool at 0x0000000058000000, size 384 MiB
[    0.000000] OF: reserved mem: initialized node linux,cma@58000000, compatible id shared-dma-pool
[    0.000000] Reserved memory: created CMA memory pool at 0x0000000070000000, size 256 MiB
[    0.000000] OF: reserved mem: initialized node linux,multimedia@70000000, compatible id shared-dma-pool
[    0.000000] NUMA: No NUMA configuration found
[    0.000000] NUMA: Faking a node at [mem 0x0000000048000000-0x00000006ffffffff]
[    0.000000] NUMA: NODE_DATA [mem 0x6fefebb00-0x6fefedfff]
[    0.000000] Zone ranges:
[    0.000000]   DMA      [mem 0x0000000048000000-0x00000000ffffffff]
[    0.000000]   DMA32    empty
[    0.000000]   Normal   [mem 0x0000000100000000-0x00000006ffffffff]
[    0.000000] Movable zone start for each node
[    0.000000] Early memory node ranges
[    0.000000]   node   0: [mem 0x0000000048000000-0x0000000053ffffff]
[    0.000000]   node   0: [mem 0x0000000054000000-0x0000000056ffffff]
[    0.000000]   node   0: [mem 0x0000000057000000-0x00000000bfffffff]
[    0.000000]   node   0: [mem 0x0000000480000000-0x00000004ffffffff]
[    0.000000]   node   0: [mem 0x0000000600000000-0x00000006ffffffff]
[    0.000000] Initmem setup node 0 [mem 0x0000000048000000-0x00000006ffffffff]
[    0.000000] psci: probing for conduit method from DT.
[    0.000000] psci: PSCIv1.1 detected in firmware.
[    0.000000] psci: Using standard PSCI v0.2 function IDs
[    0.000000] psci: Trusted OS resident on physical CPU 0x0
[    0.000000] psci: SMC Calling Convention v1.2
[    0.000000] percpu: Embedded 23 pages/cpu s56984 r8192 d29032 u94208
[    0.000000] Detected PIPT I-cache on CPU0
[    0.000000] CPU features: detected: EL2 vector hardening
[    0.000000] CPU features: detected: Spectre-v2
[    0.000000] CPU features: detected: ARM errata 1165522, 1319367, or 1530923
[    0.000000] CPU features: detected: Spectre-BHB
[    0.000000] CPU features: detected: ARM erratum 1742098
[    0.000000] Built 1 zonelists, mobility grouping on.  Total pages: 2032128
[    0.000000] Policy zone: Normal
[    0.000000] Kernel command line: rw root=/dev/nfs nfsroot=192.168.10.98:/data/tftpboot/BV/PT3/rootfs_M3e,nfsvers=4 ip=192.168.10.107
[    0.000000] Dentry cache hash table entries: 1048576 (order: 11, 8388608 bytes, linear)
[    0.000000] Inode-cache hash table entries: 524288 (order: 10, 4194304 bytes, linear)
[    0.000000] mem auto-init: stack:off, heap alloc:off, heap free:off
[    0.000000] software IO TLB: mapped [mem 0x00000000bc000000-0x00000000c0000000] (64MB)
[    0.000000] Memory: 7277108K/8257536K available (15232K kernel code, 2834K rwdata, 8240K rodata, 6144K init, 517K bss, 308684K reserved, 671744K cma-reserved)
[    0.000000] SLUB: HWalign=64, Order=0-3, MinObjects=0, CPUs=6, Nodes=1
[    0.000000] rcu: Preemptible hierarchical RCU implementation.
[    0.000000] rcu: 	RCU event tracing is enabled.
[    0.000000] rcu: 	RCU restricting CPUs from NR_CPUS=256 to nr_cpu_ids=6.
[    0.000000] 	Trampoline variant of Tasks RCU enabled.
[    0.000000] rcu: RCU calculated value of scheduler-enlistment delay is 25 jiffies.
[    0.000000] rcu: Adjusting geometry for rcu_fanout_leaf=16, nr_cpu_ids=6
[    0.000000] NR_IRQS: 64, nr_irqs: 64, preallocated irqs: 0
[    0.000000] arch_timer: cp15 timer(s) running at 8.32MHz (virt).
[    0.000000] clocksource: arch_sys_counter: mask: 0xffffffffffffff max_cycles: 0x1eb398c07, max_idle_ns: 440795202503 ns
[    0.000004] sched_clock: 56 bits at 8MHz, resolution 120ns, wraps every 2199023255503ns
[    0.000220] Console: colour dummy device 80x25
[    0.000424] printk: console [tty0] enabled
[    0.000506] Calibrating delay loop (skipped), value calculated using timer frequency.. 16.64 BogoMIPS (lpj=33280)
[    0.000523] pid_max: default: 32768 minimum: 301
[    0.000579] LSM: Security Framework initializing
[    0.000672] Mount-cache hash table entries: 16384 (order: 5, 131072 bytes, linear)
[    0.000726] Mountpoint-cache hash table entries: 16384 (order: 5, 131072 bytes, linear)
[    0.002220] rcu: Hierarchical SRCU implementation.
[    0.003805] Detected Renesas R-Car Gen3 r8a77961 ES3.0
[    0.005656] EFI services will not be available.
[    0.006007] smp: Bringing up secondary CPUs ...
[    0.006512] Detected PIPT I-cache on CPU1
[    0.006570] CPU1: Booted secondary processor 0x0000000001 [0x411fd073]
[    0.007139] CPU features: detected: ARM erratum 845719
[    0.007154] Detected VIPT I-cache on CPU2
[    0.007209] CPU2: Booted secondary processor 0x0000000100 [0x410fd034]
[    0.007713] Detected VIPT I-cache on CPU3
[    0.007740] CPU3: Booted secondary processor 0x0000000101 [0x410fd034]
[    0.008244] Detected VIPT I-cache on CPU4
[    0.008272] CPU4: Booted secondary processor 0x0000000102 [0x410fd034]
[    0.008760] Detected VIPT I-cache on CPU5
[    0.008786] CPU5: Booted secondary processor 0x0000000103 [0x410fd034]
[    0.008868] smp: Brought up 1 node, 6 CPUs
[    0.008920] SMP: Total of 6 processors activated.
[    0.008928] CPU features: detected: 32-bit EL0 Support
[    0.008935] CPU features: detected: CRC32 instructions
[    0.008943] CPU features: detected: 32-bit EL1 Support
[    0.022617] CPU: All CPU(s) started at EL1
[    0.022677] alternatives: patching kernel code
[    0.023694] devtmpfs: initialized
[    0.029741] KASLR disabled due to lack of seed
[    0.029911] clocksource: jiffies: mask: 0xffffffff max_cycles: 0xffffffff, max_idle_ns: 7645041785100000 ns
[    0.029934] futex hash table entries: 2048 (order: 5, 131072 bytes, linear)
[    0.038547] pinctrl core: initialized pinctrl subsystem
[    0.040080] DMI not present or invalid.
[    0.040627] NET: Registered protocol family 16
[    0.041521] DMA: preallocated 1024 KiB GFP_KERNEL pool for atomic allocations
[    0.041698] DMA: preallocated 1024 KiB GFP_KERNEL|GFP_DMA pool for atomic allocations
[    0.041967] DMA: preallocated 1024 KiB GFP_KERNEL|GFP_DMA32 pool for atomic allocations
[    0.042015] audit: initializing netlink subsys (disabled)
[    0.042212] audit: type=2000 audit(0.040:1): state=initialized audit_enabled=0 res=1
[    0.043357] thermal_sys: Registered thermal governor 'power_allocator'
[    0.043945] cpuidle: using governor menu
[    0.044144] hw-breakpoint: found 6 breakpoint and 4 watchpoint registers.
[    0.044252] ASID allocator initialised with 65536 entries
[    0.045702] Serial: AMBA PL011 UART driver
[    0.081791] sh-pfc e6060000.pinctrl: r8a77961_pfc support registered
[    0.094497] HugeTLB registered 1.00 GiB page size, pre-allocated 0 pages
[    0.094512] HugeTLB registered 32.0 MiB page size, pre-allocated 0 pages
[    0.094520] HugeTLB registered 2.00 MiB page size, pre-allocated 0 pages
[    0.094528] HugeTLB registered 64.0 KiB page size, pre-allocated 0 pages
[    0.095675] cryptd: max_cpu_qlen set to 1000
[    0.098099] ACPI: Interpreter disabled.
[    0.101593] rcar-avs: use avs value: 0
[    0.101618] rcar-avs: cpu@0 is running with: opp_table0
[    0.101629] rcar-avs: cpu@1 is running with: opp_table0
[    0.101719] rcar-avs: gsx@fd000000 is running with: gsx_opp_table0
[    0.103195] iommu: Default domain type: Translated 
[    0.103823] ipmmu-vmsa e67b0000.iommu: IPMMU context 0 is reserved
[    0.104795] vgaarb: loaded
[    0.105029] SCSI subsystem initialized
[    0.105318] usbcore: registered new interface driver usbfs
[    0.105351] usbcore: registered new interface driver hub
[    0.105378] usbcore: registered new device driver usb
[    0.108973] i2c-sh_mobile e60b0000.i2c: I2C adapter 7, bus speed 400000 Hz
[    0.109521] mc: Linux media interface: v0.10
[    0.109547] videodev: Linux video capture interface: v2.00
[    0.109607] pps_core: LinuxPPS API ver. 1 registered
[    0.109614] pps_core: Software ver. 5.3.6 - Copyright 2005-2007 Rodolfo Giometti <giometti@linux.it>
[    0.109629] PTP clock support registered
[    0.109825] EDAC MC: Ver: 3.0.0
[    0.111803] FPGA manager framework
[    0.111878] Advanced Linux Sound Architecture Driver Initialized.
[    0.112494] clocksource: Switched to clocksource arch_sys_counter
[    0.112690] VFS: Disk quotas dquot_6.6.0
[    0.112747] VFS: Dquot-cache hash table entries: 512 (order 0, 4096 bytes)
[    0.112893] pnp: PnP ACPI: disabled
[    0.116550] NET: Registered protocol family 2
[    0.116977] IP idents hash table entries: 131072 (order: 8, 1048576 bytes, linear)
[    0.119256] tcp_listen_portaddr_hash hash table entries: 4096 (order: 4, 65536 bytes, linear)
[    0.119340] TCP established hash table entries: 65536 (order: 7, 524288 bytes, linear)
[    0.119624] TCP bind hash table entries: 65536 (order: 8, 1048576 bytes, linear)
[    0.120238] TCP: Hash tables configured (established 65536 bind 65536)
[    0.120373] UDP hash table entries: 4096 (order: 5, 131072 bytes, linear)
[    0.120514] UDP-Lite hash table entries: 4096 (order: 5, 131072 bytes, linear)
[    0.120746] NET: Registered protocol family 1
[    0.121115] RPC: Registered named UNIX socket transport module.
[    0.121131] RPC: Registered udp transport module.
[    0.121137] RPC: Registered tcp transport module.
[    0.121143] RPC: Registered tcp NFSv4.1 backchannel transport module.
[    0.121156] PCI: CLS 0 bytes, default 64
[    0.121946] hw perfevents: enabled with armv8_cortex_a53 PMU driver, 7 counters available
[    0.122171] hw perfevents: enabled with armv8_cortex_a57 PMU driver, 7 counters available
[    0.122717] kvm [1]: HYP mode not available
[    0.125723] Initialise system trusted keyrings
[    0.125860] workingset: timestamp_bits=42 max_order=21 bucket_order=0
[    0.129059] squashfs: version 4.0 (2009/01/31) Phillip Lougher
[    0.129484] NFS: Registering the id_resolver key type
[    0.129523] Key type id_resolver registered
[    0.129531] Key type id_legacy registered
[    0.129587] nfs4filelayout_init: NFSv4 File Layout Driver Registering...
[    0.129596] nfs4flexfilelayout_init: NFSv4 Flexfile Layout Driver Registering...
[    0.129715] 9p: Installing v9fs 9p2000 file system support
[    0.155996] Key type asymmetric registered
[    0.156015] Asymmetric key parser 'x509' registered
[    0.156076] Block layer SCSI generic (bsg) driver version 0.4 loaded (major 243)
[    0.156087] io scheduler mq-deadline registered
[    0.156096] io scheduler kyber registered
[    0.169027] gpio_rcar e6050000.gpio: driving 16 GPIOs
[    0.169400] gpio_rcar e6051000.gpio: driving 29 GPIOs
[    0.169703] gpio_rcar e6052000.gpio: driving 15 GPIOs
[    0.170004] gpio_rcar e6053000.gpio: driving 16 GPIOs
[    0.170292] gpio_rcar e6054000.gpio: driving 18 GPIOs
[    0.170575] gpio_rcar e6055000.gpio: driving 26 GPIOs
[    0.170860] gpio_rcar e6055400.gpio: driving 32 GPIOs
[    0.171137] gpio_rcar e6055800.gpio: driving 4 GPIOs
[    0.174050] rcar-pcie fe000000.pcie: host bridge /soc/pcie@fe000000 ranges:
[    0.174086] rcar-pcie fe000000.pcie:       IO 0x00fe100000..0x00fe1fffff -> 0x0000000000
[    0.174113] rcar-pcie fe000000.pcie:      MEM 0x00fe200000..0x00fe3fffff -> 0x00fe200000
[    0.174131] rcar-pcie fe000000.pcie:      MEM 0x0030000000..0x0037ffffff -> 0x0030000000
[    0.174146] rcar-pcie fe000000.pcie:      MEM 0x0038000000..0x003fffffff -> 0x0038000000
[    0.174163] rcar-pcie fe000000.pcie:   IB MEM 0x0040000000..0x00bfffffff -> 0x0040000000
[    0.174212] rcar-pcie fe000000.pcie: no pcie3v3 regulator found
[    0.174224] rcar-pcie fe000000.pcie: no pcie1v8 regulator found
[    0.240216] rcar-pcie fe000000.pcie: PCIe link down
[    0.240412] rcar-pcie ee800000.pcie: host bridge /soc/pcie@ee800000 ranges:
[    0.240437] rcar-pcie ee800000.pcie:       IO 0x00ee900000..0x00ee9fffff -> 0x0000000000
[    0.240457] rcar-pcie ee800000.pcie:      MEM 0x00eea00000..0x00eebfffff -> 0x00eea00000
[    0.240490] rcar-pcie ee800000.pcie:      MEM 0x00c0000000..0x00c7ffffff -> 0x00c0000000
[    0.240506] rcar-pcie ee800000.pcie:      MEM 0x00c8000000..0x00cfffffff -> 0x00c8000000
[    0.240523] rcar-pcie ee800000.pcie:   IB MEM 0x0040000000..0x00bfffffff -> 0x0040000000
[    0.240557] rcar-pcie ee800000.pcie: no pcie3v3 regulator found
[    0.240568] rcar-pcie ee800000.pcie: no pcie1v8 regulator found
[    0.308183] rcar-pcie ee800000.pcie: PCIe link down
[    0.310298] EINJ: ACPI disabled.
[    0.341998] Serial: 8250/16550 driver, 4 ports, IRQ sharing enabled
[    0.344418] SuperH (H)SCI(F) driver initialized
[    0.344869] e6550000.serial: ttySC1 at MMIO 0xe6550000 (irq = 40, base_baud = 0) is a hscif
[    0.345713] e6e88000.serial: ttySC0 at MMIO 0xe6e88000 (irq = 123, base_baud = 0) is a scif
[    1.509416] printk: console [ttySC0] enabled
[    1.514889] msm_serial: driver initialized
[    1.524254] rcar-dw-hdmi fead0000.hdmi: Detected HDMI TX controller v2.01a with HDCP (DWC HDMI 2.0 TX PHY)
[    1.534205] rcar-dw-hdmi fead0000.hdmi: registered DesignWare HDMI I2C bus driver
[    1.550030] loop: module loaded
[    1.554653] megasas: 07.714.04.00-rc1
[    1.564150] tun: Universal TUN/TAP device driver, 1.6
[    1.570059] thunder_xcv, ver 1.0
[    1.573391] thunder_bgx, ver 1.0
[    1.576649] nicpf, ver 1.0
[    1.580682] hclge is initializing
[    1.584019] hns3: Hisilicon Ethernet Network Driver for Hip08 Family - version
[    1.591246] hns3: Copyright (c) 2017 Huawei Corporation.
[    1.596591] e1000: Intel(R) PRO/1000 Network Driver
[    1.601471] e1000: Copyright (c) 1999-2006 Intel Corporation.
[    1.607241] e1000e: Intel(R) PRO/1000 Network Driver
[    1.612207] e1000e: Copyright(c) 1999 - 2015 Intel Corporation.
[    1.618153] igb: Intel(R) Gigabit Ethernet Network Driver
[    1.623553] igb: Copyright (c) 2007-2014 Intel Corporation.
[    1.629141] igbvf: Intel(R) Gigabit Virtual Function Network Driver
[    1.635414] igbvf: Copyright (c) 2009 - 2012 Intel Corporation.
[    1.641726] sky2: driver version 1.30
[    1.649392] ravb e6800000.ethernet eth0: Base address at 0xe6800000, 2e:09:0a:03:99:2c, IRQ 120.
[    1.659591] VFIO - User Level meta-driver version: 0.3
[    1.666563] ehci_hcd: USB 2.0 'Enhanced' Host Controller (EHCI) Driver
[    1.673117] ehci-pci: EHCI PCI platform driver
[    1.677585] ehci-platform: EHCI generic platform driver
[    1.683313] ehci-platform ee0a0100.usb: EHCI Host Controller
[    1.689002] ehci-platform ee0a0100.usb: new USB bus registered, assigned bus number 1
[    1.696925] ehci-platform ee0a0100.usb: irq 170, io mem 0xee0a0100
[    1.716491] ehci-platform ee0a0100.usb: USB 2.0 started, EHCI 1.10
[    1.723051] hub 1-0:1.0: USB hub found
[    1.726825] hub 1-0:1.0: 1 port detected
[    1.731264] ehci-orion: EHCI orion driver
[    1.735561] ehci-exynos: EHCI Exynos driver
[    1.739863] ohci_hcd: USB 1.1 'Open' Host Controller (OHCI) Driver
[    1.746065] ohci-pci: OHCI PCI platform driver
[    1.750563] ohci-platform: OHCI generic platform driver
[    1.756187] ohci-platform ee0a0000.usb: Generic Platform OHCI controller
[    1.762909] ohci-platform ee0a0000.usb: new USB bus registered, assigned bus number 2
[    1.770833] ohci-platform ee0a0000.usb: irq 170, io mem 0xee0a0000
[    1.866818] hub 2-0:1.0: USB hub found
[    1.870591] hub 2-0:1.0: 1 port detected
[    1.874969] ohci-exynos: OHCI Exynos driver
[    1.879867] xhci-hcd ee000000.usb: xHCI Host Controller
[    1.885115] xhci-hcd ee000000.usb: new USB bus registered, assigned bus number 3
[    1.908386] xhci-hcd ee000000.usb: hcc params 0x014051ce hci version 0x100 quirks 0x0000000000830410
[    1.917561] xhci-hcd ee000000.usb: irq 167, io mem 0xee000000
[    1.923437] xhci-hcd ee000000.usb: xHCI Host Controller
[    1.928673] xhci-hcd ee000000.usb: new USB bus registered, assigned bus number 4
[    1.936076] xhci-hcd ee000000.usb: Host supports USB 3.0 SuperSpeed
[    1.942683] hub 3-0:1.0: USB hub found
[    1.946457] hub 3-0:1.0: 1 port detected
[    1.950559] usb usb4: We don't know the algorithms for LPM for this host, disabling LPM.
[    1.958922] hub 4-0:1.0: USB hub found
[    1.962690] hub 4-0:1.0: 1 port detected
[    1.967525] usbcore: registered new interface driver usb-storage
[    1.975046] renesas_usbhs e6590000.usb: host probed
[    1.979945] renesas_usbhs e6590000.usb: no transceiver found
[    1.985679] renesas_usbhs e6590000.usb: gadget probed
[    1.990919] renesas_usbhs e6590000.usb: probed
[    1.997720] i2c /dev entries driver
[    2.012033] cs2000-cp 2-004f: revision - C1
[    2.016304] i2c-rcar e6510000.i2c: probed
[    2.021268] pca953x 4-0020: supply vcc not found, using dummy regulator
[    2.027986] pca953x 4-0020: using no AI
[    2.038632] i2c-rcar e66d8000.i2c: probed
[    2.044008] adv748x 4-0070: Endpoint /soc/i2c@e66d8000/video-receiver@70/port@7/endpoint on port 7
[    2.052998] adv748x 4-0070: Endpoint /soc/i2c@e66d8000/video-receiver@70/port@8/endpoint on port 8
[    2.061969] adv748x 4-0070: Endpoint /soc/i2c@e66d8000/video-receiver@70/port@a/endpoint on port 10
[    2.071037] adv748x 4-0070: Endpoint /soc/i2c@e66d8000/video-receiver@70/port@b/endpoint on port 11
[    2.080427] adv748x 4-0070: chip found @ 0xe0 revision 2143
[    2.133967] rcar-csi2 fea80000.csi2: 1 lanes found
[    2.139142] rcar-csi2 feaa0000.csi2: 4 lanes found
[    2.148892] rcar-vin e6ef0000.video: Device registered as video0
[    2.154990] rcar-vin e6ef1000.video: Device registered as video1
[    2.161072] rcar-vin e6ef2000.video: Device registered as video2
[    2.167154] rcar-vin e6ef3000.video: Device registered as video3
[    2.173235] rcar-vin e6ef4000.video: Device registered as video4
[    2.179314] rcar-vin e6ef5000.video: Device registered as video5
[    2.185401] rcar-vin e6ef6000.video: Device registered as video6
[    2.191480] rcar-vin e6ef7000.video: Device registered as video7
[    2.200033] rcar_gen3_thermal e6198000.thermal: is using pseudo fixed FUSE values
[    2.212161] rcar_gen3_thermal e6198000.thermal: TSC0: Loaded 1 trip points
[    2.223561] rcar_gen3_thermal e6198000.thermal: TSC1: Loaded 1 trip points
[    2.234806] rcar_gen3_thermal e6198000.thermal: TSC2: Loaded 3 trip points
[    2.246826] sdhci: Secure Digital Host Controller Interface driver
[    2.253035] sdhci: Copyright(c) Pierre Ossman
[    2.258145] Synopsys Designware Multimedia Card Interface Driver
[    2.258731] renesas_sdhi_internal_dmac ee100000.mmc: Got CD GPIO
[    2.258892] renesas_sdhi_internal_dmac ee160000.mmc: Got CD GPIO
[    2.258902] renesas_sdhi_internal_dmac ee140000.mmc: Adding to iommu group 0
[    2.258919] renesas_sdhi_internal_dmac ee160000.mmc: Got WP GPIO
[    2.258945] renesas_sdhi_internal_dmac ee140000.mmc: Using IPMMU context 1
[    2.265229] sdhci-pltfm: SDHCI platform and OF driver helper
[    2.270227] renesas_sdhi_internal_dmac ee100000.mmc: Got WP GPIO
[    2.308214] renesas_sdhi_internal_dmac ee140000.mmc: mmc0 base at 0x00000000ee140000, max clock rate 200 MHz
[    2.308670] ledtrig-cpu: registered to indicate activity on CPUs
[    2.325013] SMCCC: SOC_ID: ARCH_SOC_ID not implemented, skipping ....
[    2.332008] usbcore: registered new interface driver usbhid
[    2.337587] usbhid: USB HID core driver
[    2.344698] optee: probing for conduit method.
[    2.349168] optee: revision 3.22 (314ecf9d)
[    2.349771] optee driver R-Car Rev.1.0.11
[    2.358434] optee: dynamic shared memory is enabled
[    2.363587] optee: initialized driver
[    2.378009] rcar_sound ec500000.sound: probed
[    2.383150] NET: Registered protocol family 17
[    2.387723] 9pnet: Installing 9P2000 support
[    2.389785] mmc0: new HS400 MMC card at address 0001
[    2.392049] Key type dns_resolver registered
[    2.397875] mmcblk0: mmc0:0001 BGSD4R 29.1 GiB 
[    2.401635] registered taskstats version 1
[    2.406144] mmcblk0boot0: mmc0:0001 BGSD4R partition 1 31.9 MiB
[    2.409900] Loading compiled-in X.509 certificates
[    2.416158] mmcblk0boot1: mmc0:0001 BGSD4R partition 2 31.9 MiB
[    2.426901] mmcblk0rpmb: mmc0:0001 BGSD4R partition 3 4.00 MiB, chardev (509:0)
[    2.430043] thermal emergency: set temperature to 110 celsius
[    2.436051]  mmcblk0: p1 p2
[    2.440199] thermal emergency: shutdown target cpus 1-5
[    2.448021] thermal emergency: freq scaled target cpus 0
[    2.453711] renesas_irqc e61c0000.interrupt-controller: driving 6 irqs
[    2.500517] ehci-platform ee080100.usb: EHCI Host Controller
[    2.506217] ehci-platform ee080100.usb: new USB bus registered, assigned bus number 5
[    2.514128] ehci-platform ee080100.usb: irq 169, io mem 0xee080100
[    2.532492] ehci-platform ee080100.usb: USB 2.0 started, EHCI 1.10
[    2.539088] hub 5-0:1.0: USB hub found
[    2.542863] hub 5-0:1.0: 1 port detected
[    2.548313] ohci-platform ee080000.usb: Generic Platform OHCI controller
[    2.555051] ohci-platform ee080000.usb: new USB bus registered, assigned bus number 6
[    2.562949] ohci-platform ee080000.usb: irq 169, io mem 0xee080000
[    2.658876] hub 6-0:1.0: USB hub found
[    2.662655] hub 6-0:1.0: 1 port detected
[    2.668253] cpu cpu0: EM: created perf domain
[    2.673233] cpu cpu2: EM: created perf domain
[    2.683001] renesas_sdhi_internal_dmac ee100000.mmc: Got CD GPIO
[    2.689075] renesas_sdhi_internal_dmac ee100000.mmc: Got WP GPIO
[    2.695821] renesas_sdhi_internal_dmac ee160000.mmc: Got CD GPIO
[    2.701870] renesas_sdhi_internal_dmac ee160000.mmc: Got WP GPIO
[    2.712361] [drm] Initialized rcar-du 1.0.0 20130110 for feb00000.display on minor 0
[    2.720138] [drm] Device feb00000.display probed
[    2.757635] renesas_sdhi_internal_dmac ee100000.mmc: mmc1 base at 0x00000000ee100000, max clock rate 200 MHz
[    2.757732] renesas_sdhi_internal_dmac ee160000.mmc: mmc2 base at 0x00000000ee160000, max clock rate 200 MHz
[    2.764338] Console: switching to colour frame buffer device 128x48
[    2.807183] rcar-du feb00000.display: [drm] fb0: rcar-dudrmfb frame buffer device
[    2.816623] input: keys as /devices/platform/keys/input/input0
[    2.896283] Micrel KSZ9031 Gigabit PHY e6800000.ethernet-ffffffff:00: attached PHY driver [Micrel KSZ9031 Gigabit PHY] (mii_bus:phy_addr=e6800000.ethernet-ffffffff:00, irq=175)
[    9.537674] ravb e6800000.ethernet eth0: Link is Up - 1Gbps/Full - flow control off
[    9.568527] IP-Config: Guessing netmask 255.255.255.0
[    9.573690] IP-Config: Complete:
[    9.577003]      device=eth0, hwaddr=2e:09:0a:03:99:2c, ipaddr=192.168.10.107, mask=255.255.255.0, gw=255.255.255.255
[    9.587813]      host=192.168.10.107, domain=, nis-domain=(none)
[    9.593945]      bootserver=255.255.255.255, rootserver=192.168.10.98, rootpath=
[    9.594572] ALSA device list:
[    9.605216]   #0: rcar-sound
[    9.994567] VFS: Mounted root (nfs4 filesystem) on device 0:22.
[   10.001712] devtmpfs: mounted
[   10.007951] Freeing unused kernel memory: 6144K
[   10.032626] Run /sbin/init as init process
[   10.252325] systemd[1]: System time before build time, advancing clock.
[   10.675381] NET: Registered protocol family 10
[   10.683599] Segment Routing with IPv6
[   10.718562] systemd[1]: systemd 244 running in system mode. (+PAM -AUDIT -SELINUX +IMA -APPARMOR -SMACK +SYSVINIT +UTMP -LIBCRYPTSETUP -GCRYPT -GNUTLS +ACL +XZ -LZ4 -SECCOMP +BLKID -ELFUTILS +KMOD -IDN2 -IDN -PCRE2 default-hierarchy=hybrid)
[   10.747057] systemd[1]: Detected architecture arm64.

Welcome to [1mPoky (Yocto Project Reference Distro) 3.1.11 (dunfell)[0m!

[   10.782603] systemd[1]: Set hostname to <salvator-x>.
[   11.614249] random: systemd: uninitialized urandom read (16 bytes read)
[   11.625407] systemd[1]: system-getty.slice: unit configures an IP firewall, but the local system does not support BPF/cgroup firewalling.
[   11.646103] systemd[1]: (This warning is only shown for the first unit using IP firewalling.)
[   11.660663] systemd[1]: Created slice system-getty.slice.
[[0;32m  OK  [0m] Created slice [0;1;39msystem-getty.slice[0m.
[   11.684673] random: systemd: uninitialized urandom read (16 bytes read)
[   11.693572] systemd[1]: Created slice system-serial\x2dgetty.slice.
[[0;32m  OK  [0m] Created slice [0;1;39msystem-serial\x2dgetty.slice[0m.
[   11.716635] random: systemd: uninitialized urandom read (16 bytes read)
[   11.725366] systemd[1]: Created slice User and Session Slice.
[[0;32m  OK  [0m] Created slice [0;1;39mUser and Session Slice[0m.
[   11.748874] systemd[1]: Started Dispatch Password Requests to Console Directory Watch.
[[0;32m  OK  [0m] Started [0;1;39mDispatch Password â€¦ts to Console Directory Watch[0m.
[   11.776985] systemd[1]: Started Forward Password Requests to Wall Directory Watch.
[[0;32m  OK  [0m] Started [0;1;39mForward Password Râ€¦uests to Wall Directory Watch[0m.
[   11.804876] systemd[1]: Reached target Paths.
[[0;32m  OK  [0m] Reached target [0;1;39mPaths[0m.
[   11.828714] systemd[1]: Reached target Remote File Systems.
[[0;32m  OK  [0m] Reached target [0;1;39mRemote File Systems[0m.
[   11.852669] systemd[1]: Reached target Slices.
[[0;32m  OK  [0m] Reached target [0;1;39mSlices[0m.
[   11.876696] systemd[1]: Reached target Swap.
[[0;32m  OK  [0m] Reached target [0;1;39mSwap[0m.
[   11.903714] systemd[1]: Listening on RPCbind Server Activation Socket.
[[0;32m  OK  [0m] Listening on [0;1;39mRPCbind Server Activation Socket[0m.
[   11.932767] systemd[1]: Reached target RPC Port Mapper.
[[0;32m  OK  [0m] Reached target [0;1;39mRPC Port Mapper[0m.
[   11.957052] systemd[1]: Listening on initctl Compatibility Named Pipe.
[[0;32m  OK  [0m] Listening on [0;1;39minitctl Compatibility Named Pipe[0m.
[   11.986379] systemd[1]: Listening on Journal Audit Socket.
[[0;32m  OK  [0m] Listening on [0;1;39mJournal Audit Socket[0m.
[   12.014482] systemd[1]: Listening on Journal Socket (/dev/log).
[[0;32m  OK  [0m] Listening on [0;1;39mJournal Socket (/dev/log)[0m.
[   12.041447] systemd[1]: Listening on Journal Socket.
[[0;32m  OK  [0m] Listening on [0;1;39mJournal Socket[0m.
[   12.066716] systemd[1]: Listening on Network Service Netlink Socket.
[[0;32m  OK  [0m] Listening on [0;1;39mNetwork Service Netlink Socket[0m.
[   12.094645] systemd[1]: Listening on udev Control Socket.
[[0;32m  OK  [0m] Listening on [0;1;39mudev Control Socket[0m.
[   12.121280] systemd[1]: Listening on udev Kernel Socket.
[[0;32m  OK  [0m] Listening on [0;1;39mudev Kernel Socket[0m.
[   12.150496] systemd[1]: Mounting Huge Pages File System...
         Mounting [0;1;39mHuge Pages File System[0m...
[   12.182320] systemd[1]: Mounting POSIX Message Queue File System...
         Mounting [0;1;39mPOSIX Message Queue File System[0m...
[   12.214315] systemd[1]: Mounting Kernel Debug File System...
         Mounting [0;1;39mKernel Debug File System[0m...
[   12.244726] systemd[1]: Mounting Temporary Directory (/tmp)...
         Mounting [0;1;39mTemporary Directory (/tmp)[0m...
[   12.275442] systemd[1]: Starting Create list of static device nodes for the current kernel...
         Starting [0;1;39mCreate list of stâ€¦odes for the current kernel[0m...
[   12.310450] systemd[1]: Starting Start psplash boot splash screen...
         Starting [0;1;39mStart psplash boot splash screen[0m...
[   12.347392] systemd[1]: Starting RPC Bind...
         Starting [0;1;39mRPC Bind[0m...
[   12.378632] systemd[1]: Condition check resulted in File System Check on Root Device being skipped.
[   12.385982] systemd[1]: Starting Journal Service...
         Starting [0;1;39mJournal Service[0m...
[   12.419013] systemd[1]: Starting Load Kernel Modules...
         Starting [0;1;39mLoad Kernel Modules[0m...
[   12.441921] systemd[1]: Starting Remount Root and Kernel File Systems...
         Starting [0;1;39mRemount Root and Kernel File Systems[0m...
[   12.469733] systemd[1]: Starting udev Coldplug all Devices...
         Starting [0;1;39mudev Coldplug all Devices[0m...
[   12.498308] systemd[1]: Started Start psplash boot splash screen.
[[0;32m  OK  [0m] Started [0;1;39mStart psplash boot splash screen[0m.
[   12.525649] systemd[1]: Started RPC Bind.
[[0;32m  OK  [0m] Started [0;1;39mRPC Bind[0m.
[   12.545518] systemd[1]: Started Journal Service.
[[0;32m  OK  [0m] Started [0;1;39mJournal Service[0m.
[[0;32m  OK  [0m] Mounted [0;1;39mHuge Pages File System[0m.
[[0;32m  OK  [0m] Mounted [0;1;39mPOSIX Message Queue File System[0m.
[[0;32m  OK  [0m] Mounted [0;1;39mKernel Debug File System[0m.
[[0;32m  OK  [0m] Mounted [0;1;39mTemporary Directory (/tmp)[0m.
[[0;32m  OK  [0m] Started [0;1;39mCreate list of staâ€¦ nodes for the current kernel[0m.
[[0;32m  OK  [0m] Started [0;1;39mLoad Kernel Modules[0m.
[[0;32m  OK  [0m] Started [0;1;39mRemount Root and Kernel File Systems[0m.
[   12.698436] random: systemd-journal: uninitialized urandom read (16 bytes read)
[   12.699163] random: systemd: uninitialized urandom read (16 bytes read)
         Mounting [0;1;39mKerne[   12.720459] random: systemd-journal: uninitialized urandom read (16 bytes read)
l Configuration File System[0m...
[[0;32m  OK  [0m] Started [0;1;39mStart psplash-systâ€¦progress communication helper[0m.
         Starting [0;1;39mFlush Journal to Persistent Storage[0m...
         Starting [0;1;39mApply Kernel Variables[0m...[   12.803752] systemd-journald[321]: Received client request to flush runtime journal.

         Starting [0;1;39mCreate Static Device Nodes in /dev[0m...
[[0;32m  OK  [0m] Mounted [0;1;39mKernel Configuration File System[0m.
[[0;32m  OK  [0m] Started [0;1;39mFlush Journal to Persistent Storage[0m.
[[0;32m  OK  [0m] Started [0;1;39mApply Kernel Variables[0m.
[[0;32m  OK  [0m] Started [0;1;39mCreate Static Device Nodes in /dev[0m.
[[0;32m  OK  [0m] Started [0;1;39mudev Coldplug all Devices[0m.
[[0;32m  OK  [0m] Reached target [0;1;39mLocal File Systems (Pre)[0m.
         Mounting [0;1;39m/var/volatile[0m...
[   12.976537] random: crng init done
[   12.979980] random: 48 urandom warning(s) missed due to ratelimiting
         Starting [0;1;39mudev Kernel Device Manager[0m...
[[0;32m  OK  [0m] Mounted [0;1;39m/var/volatile[0m.
         Starting [0;1;39mLoad/Save Random Seed[0m...
[[0;32m  OK  [0m] Reached target [0;1;39mLocal File Systems[0m.
         Starting [0;1;39mCreate Volatile Files and Directories[0m...
[[0;32m  OK  [0m] Started [0;1;39mLoad/Save Random Seed[0m.
[[0;32m  OK  [0m] Started [0;1;39mudev Kernel Device Manager[0m.
         Starting [0;1;39mNetwork Service[0m...
[[0;32m  OK  [0m] Started [0;1;39mCreate Volatile Files and Directories[0m.
         Starting [0;1;39mNetwork Time Synchronization[0m...
         Starting [0;1;39mUpdate UTMP about System Boot/Shutdown[0m...
[[0;32m  OK  [0m] Started [0;1;39mNetwork Service[0m.
         Starting [0;1;39mNetwork Name Resolution[0m...
[[0;32m  OK  [0m] Started [0;1;39mUpdate UTMP about System Boot/Shutdown[0m.
[[0;32m  OK  [0m] Started [0;1;39mNetwork Time Synchronization[0m.
[[0;32m  OK  [0m] Reached target [0;1;39mSystem Initialization[0m.
[[0;32m  OK  [0m] Started [0;1;39mDaily Cleanup of Temporary Directories[0m.
[[0;32m  OK  [0m] Reached target [0;1;39mSystem Time Set[0m.
[[0;32m  OK  [0m] Reached target [0;1;39mSystem Time Synchronized[0m.
[[0;32m  OK  [0m] Reached target [0;1;39mTimers[0m.
[   13.528967] pwm-backlight: probe of backlight failed with error -16
[[0;32m  OK  [0m] Listening on [0;1;39mAvahi mDNS/DNS-SD Stack Activation Socket[0m.
[[0;32m  OK  [0m] Listening on [0;1;39mD-Bus System Message Bus Socket[0m.
[   13.591903] at24 7-0050: supply vcc not found, using dummy regulator
[   13.599432] at24 7-0050: 128 byte br24t01 EEPROM, writable, 8 bytes/write
[[0;32m  OK  [0m] Listening on [0;1;39mdropbear.socket[0m.
[[0;32m  OK  [0m] Reached target [0;1;39mSockets[0m.
[[0;32m  OK  [0m] Reached target [0;1;39mBasic System[0m.
[[0;32m  OK  [0m] Started [0;1;39mD-Bus System Message Bus[0m.
[[0;32m  OK  [0m] Started [0;1;39moptee services[0m.
         Starting [0;1;39mpvrinit.service[0m...
         Starting [0;1;39mPowerVR consumer services[0m...
         Starting [0;1;39mLogin Service[0m...
[[0;32m  OK  [0m] Started [0;1;39mNetwork Name Resolution[0m.
[[0;32m  OK  [0m] Reached target [0;1;39mNetwork[0m.
[[0;32m  OK  [[   13.825898] renesas_usb3 ee020000.usb: probed with phy
0m] Reached target [0;1;39mHost and Network Name Lookups[0m.
[[0;32m  OK  [0m] Reached target [0;1;39mHardware activated USB gadget[0m.
         Starting [0;1;39mAvahi mDNS/DNS-SD Stack[0m...
         Starting [0;1;39mPermit User Sessions[0m...
[[0;32m  OK  [0m] Started [0;1;39mXinetd A Powerful Replacement For Inetd[0m.
[   13.918325] ccree e6601000.crypto: ARM CryptoCell 630P Driver: HW version 0xAF400001/0xDCC63000, Driver version 5.0
[[0;32m  OK  [0m] Started [0;1;39mPermit User Sessions[0m.
[   14.009499] ccree e6601000.crypto: ARM ccree device initialized
[[0;32m  OK  [0m] Created slice [0;1;39msystem-weston.slice[0m.
         Starting [0;1;39mSave/Restore Sound Card State[0m...
[[0;32m  OK  [0m] Started [0;1;39mGetty on tty1[0m.
[[0;32m  OK  [0m] Started [0;1;39mSerial Getty on ttySC0[0m.
[[0;32m  OK  [0m] Reached target [0;1;39mLogin Prompts[0m.
[[0;1;31mFAILED[0m] Failed to start [0;1;39mpvrinit.service[0m.
See 'systemctl status pvrinit.service' for details.
[[0;32m  OK  [0m] Started [0;1;39mSave/Restore Sound Card State[0m.
[[0;1;31mFAILED[0m] Failed to start [0;1;39mPowerVR consumer services[0m.
See 'systemctl status rc.pvr.service' for details.
[[0;1;38;5;185mDEPEND[0m] Dependency failed for [0;1;39mWeston Wayland Compositor[0m.
[[0;32m  OK  [0m] Started [0;1;39mAvahi mDNS/DNS-SD Stack[0m.
[[0;32m  OK  [0m] Started [0;1;39mLogin Service[0m.
[[0;32m  OK  [0m] Reached target [0;1;39mSound Card[0m.
         Starting [0;1;39mset_default_governor.service[0m...
[   14.496771] rd 0-5: Disabling EAS, schedutil is mandatory
[[0;32m  OK  [0m] Started [0;1;39mset_default_governor.service[0m.
[[0;32m  OK  [0m] Reached target [0;1;39mMulti-User System[0m.
         Starting [0;1;39mUpdate UTMP about System Runlevel Changes[0m...
[[0;32m  OK  [0m] Started [0;1;39mUpdate UTMP about System Runlevel Changes[0m.

Poky (Yocto Project Reference Distro) 3.1.11 salvator-x ttySC0

salvator-x login: 
salvator-x login: root
[   16.391912] audit: type=1006 audit(1705131393.136:2): pid=512 uid=0 old-auid=4294967295 auid=0 tty=(none) old-ses=4294967295 ses=1 res=1
7[r[999;999H[6n8root@salvator-x:~# 
root@salvator-x:~# 
root@salvator-x:~# 
root@salvator-x:~# 
root@salvator-x:~# 
root@salvator-x:~# 
root@salvator-x:~# 
root@salvator-x:~# 
root@salvator-x:~# 
Plug in USB device at CN10L


Press any button to continue

[   39.900637] SDHI0 VccQ: disabling
[   39.904029] SDHI3 VccQ: disabling
[   61.392494] usb 1-1: new high-speed USB device number 2 using ehci-platform
[   61.559347] usb-storage 1-1:1.0: USB Mass Storage device detected
[   61.566117] scsi host0: usb-storage 1-1:1.0
[   62.590287] scsi 0:0:0:0: Direct-Access     SanDisk  Extreme Pro      0    PQ: 0 ANSI: 6
[   62.600961] sd 0:0:0:0: [sda] 250085376 512-byte logical blocks: (128 GB/119 GiB)
[   62.609390] sd 0:0:0:0: [sda] Write Protect is off
[   62.615145] sd 0:0:0:0: [sda] Write cache: enabled, read cache: enabled, doesn't support DPO or FUA
[   62.649243]  sda: sda1
[   62.655762] sd 0:0:0:0: [sda] Attached SCSI removable disk

----------Prepare----------


root@salvator-x:~# find /sys/devices/platform/soc/ee0a0100.usb/ -name 'sd*'
/sys/devices/platform/soc/ee0a0100.usb/usb1/1-1/1-1:1.0/host0/target0:0:0/0:0:0:0/block/sda
/sys/devices/platform/soc/ee0a0100.usb/usb1/1-1/1-1:1.0/host0/target0:0:0/0:0:0:0/block/sda/sda1
root@salvator-x:~# 
root@salvator-x:~# dd if=/dev/urandom of=testdata bs=10M count=5
5+0 records in
5+0 records out
52428800 bytes (52 MB, 50 MiB) copied, 1.23249 s, 42.5 MB/s
root@salvator-x:~# 
root@salvator-x:~# mkdir -p /mnt/usb
root@salvator-x:~# 
root@salvator-x:~# mount /dev/sda1 /mnt/usb
[   68.039545] EXT4-fs (sda1): mounted filesystem with ordered data mode. Opts: (null)
root@salvator-x:~# 
root@salvator-x:~# cp testdata /mnt/usb/
root@salvator-x:~# 
root@salvator-x:~# umount /mnt/usb
root@salvator-x:~# 
Pull out USB device at CN10L


Press any button to continue

[   73.876786] usb 1-1: USB disconnect, device number 2
[   73.882868] sd 0:0:0:0: [sda] Synchronizing SCSI cache
[   73.888195] sd 0:0:0:0: [sda] Synchronize Cache(10) failed: Result: hostbyte=0x01 driverbyte=0x00

root@salvator-x:~# i2cset -f -y 7 0x30 0x20 0x0f
root@salvator-x:~# 

Switch SW23 off and input 'yes' to continue:

root@salvator-x:~# echo N > /sys/module/printk/parameters/console_suspend
root@salvator-x:~# 
root@salvator-x:~# echo mem > /sys/power/state
[   85.664635] PM: suspend entry (deep)
[   85.668425] Filesystems sync: 0.000 seconds
[   85.673837] Freezing user space processes ... (elapsed 0.001 seconds) done.
[   85.675461] OOM killer disabled.
[   85.675463] Freezing remaining freezable tasks ... (elapsed 0.001 seconds) done.
[   85.962521] ravb e6800000.ethernet eth0: Link is Down
[   85.978464] Disabling non-boot CPUs ...
[   85.982919] CPU1: shutdown
[   85.985648] psci: CPU1 killed (polled 0 ms)
[   85.992036] CPU2: shutdown
[   85.994772] psci: CPU2 killed (polled 0 ms)
[   86.000721] CPU3: shutdown
[   86.003440] psci: CPU3 killed (polled 0 ms)
[   86.009259] CPU4: shutdown
[   86.011989] psci: CPU4 killed (polled 0 ms)
[   86.017831] CPU5: shutdown
[   86.020615] psci: CPU5 killed (polled 0 ms)
 
 Switch power switch: 

NOTICE:  BL2: R-Car Gen3 Initial Program Loader(CA57) Rev.4.0.0
NOTICE:  BL2: PRR is R-Car M3 Ver.3.0
NOTICE:  BL2: Board is Salvator-XS Rev.1.0
NOTICE:  BL2: Boot device is HyperFlash(160MHz)
NOTICE:  BL2: LCM state is CM
NOTICE:  AVS setting succeeded. DVFS_SetVID=0x53
NOTICE:  BL2: DDR3200(rev.0.42)
NOTICE:  BL2: [WARM_BOOT]
NOTICE:  BL2: DRAM Split is 2ch
NOTICE:  BL2: QoS is default setting(rev.0.04)
NOTICE:  BL2: DRAM refresh interval 1.95 usec
NOTICE:  BL2: Periodic Write DQ Training
NOTICE:  BL2: CH0: 400000000 - 4ffffffff, 4 GiB
NOTICE:  BL2: CH2: 600000000 - 6ffffffff, 4 GiB
NOTICE:  BL2: Lossy Decomp areas
NOTICE:       Entry 0: DCMPAREACRAx:0x80000540 DCMPAREACRBx:0x570
NOTICE:       Entry 1: DCMPAREACRAx:0x40000000 DCMPAREACRBx:0x0
NOTICE:       Entry 2: DCMPAREACRAx:0x20000000 DCMPAREACRBx:0x0
NOTICE:  BL2: FDT at 0xe6326f70
NOTICE:  BL2: v2.9(release):9cdb21f75
NOTICE:  BL2: Built : 08:35:43, Jan 13 2024
NOTICE:  BL2: Normal boot
[   86.026082] Enabling non-boot CPUs ...
[   86.030203] Detected PIPT I-cache on CPU1
[   86.030261] CPU1: Booted secondary processor 0x0000000001 [0x411fd073]
[   86.030726] CPU1 is up
[   86.043812] Detected VIPT I-cache on CPU2
[   86.043868] CPU2: Booted secondary processor 0x0000000100 [0x410fd034]
[   86.044755] CPU2 is up
[   86.057768] Detected VIPT I-cache on CPU3
[   86.057802] CPU3: Booted secondary processor 0x0000000101 [0x410fd034]
[   86.058335] CPU3 is up
[   86.071361] Detected VIPT I-cache on CPU4
[   86.071395] CPU4: Booted secondary processor 0x0000000102 [0x410fd034]
[   86.071966] CPU4 is up
[   86.084987] Detected VIPT I-cache on CPU5
[   86.085020] CPU5: Booted secondary processor 0x0000000103 [0x410fd034]
[   86.085599] CPU5 is up
[   86.155937] xhci-hcd ee000000.usb: xHC error in resume, USBSTS 0x401, Reinit
[   86.163007] usb usb3: root hub lost power or was reset
[   86.168132] usb usb4: root hub lost power or was reset
[   86.227429] Micrel KSZ9031 Gigabit PHY e6800000.ethernet-ffffffff:00: attached PHY driver [Micrel KSZ9031 Gigabit PHY] (mii_bus:phy_addr=e6800000.ethernet-ffffffff:00, irq=175)
[   86.342567] usb usb2: root hub lost power or was reset
[   86.347844] usb usb1: root hub lost power or was reset
[   86.462469] usb usb6: root hub lost power or was reset
[   86.467751] usb usb5: root hub lost power or was reset
[   86.612092] OOM killer enabled.
[   86.615264] Restarting tasks ... done.
root@salvator-x:~# [   86.620161] PM: suspend exit
[   92.830997] ravb e6800000.ethernet eth0: Link is Up - 1Gbps/Full - flow control off

root@salvator-x:~# echo "Wake up sucessfully"
Wake up sucessfully
root@salvator-x:~# 
Plug in USB device at CN10L


Press any button to continue

[  102.936463] usb 1-1: new high-speed USB device number 3 using ehci-platform
[  103.098891] usb-storage 1-1:1.0: USB Mass Storage device detected
[  103.105925] scsi host0: usb-storage 1-1:1.0
[  104.125566] scsi 0:0:0:0: Direct-Access     SanDisk  Extreme Pro      0    PQ: 0 ANSI: 6
[  104.136117] sd 0:0:0:0: [sda] 250085376 512-byte logical blocks: (128 GB/119 GiB)
[  104.144614] sd 0:0:0:0: [sda] Write Protect is off
[  104.150434] sd 0:0:0:0: [sda] Write cache: enabled, read cache: enabled, doesn't support DPO or FUA
[  104.196814]  sda: sda1
[  104.203111] sd 0:0:0:0: [sda] Attached SCSI removable disk

root@salvator-x:~# find /sys/devices/platform/soc/ee0a0100.usb/ -name 'sd*'
/sys/devices/platform/soc/ee0a0100.usb/usb1/1-1/1-1:1.0/host0/target0:0:0/0:0:0:0/block/sda
/sys/devices/platform/soc/ee0a0100.usb/usb1/1-1/1-1:1.0/host0/target0:0:0/0:0:0:0/block/sda/sda1
root@salvator-x:~# 
root@salvator-x:~# mount /dev/sda1 /mnt/usb
[  111.081623] EXT4-fs (sda1): mounted filesystem with ordered data mode. Opts: (null)
root@salvator-x:~# 
root@salvator-x:~# cp testdata /mnt/usb/testdata_from_nfs
root@salvator-x:~# 
root@salvator-x:~# cp /mnt/usb/testdata_from_nfs testdata_from_usb
root@salvator-x:~# 
root@salvator-x:~# sync
root@salvator-x:~# 
root@salvator-x:~# cmp testdata testdata_from_usb
root@salvator-x:~# 
root@salvator-x:~# umount /mnt/usb
root@salvator-x:~# 
 
#### Result: OK ####
