

----------Item 7----------


Please press switch to restart board 

[F 00:00:120
[F 00:00:119
NOTICE:  BL2: R-Car Gen3 Initial Program Loader(CA57) Rev.4.0.0
NOTICE:  BL2: PRR is R-Car H3 Ver.3.0
NOTICE:  BL2: Board is Salvator-XS Rev.1.0
NOTICE:  BL2: Boot device is HyperFlash(160MHz)
NOTICE:  BL2: LCM state is CM
NOTICE:  AVS setting succeeded. DVFS_SetVID=0x53
NOTICE:  BL2: DDR3200(rev.0.42)
NOTICE:  BL2: [COLD_BOOT]
NOTICE:  BL2: DRAM Split is 4ch(DDR f)
NOTICE:  BL2: QoS is default setting(rev.0.11)
NOTICE:  BL2: DRAM refresh interval 1.95 usec
NOTICE:  BL2: Periodic Write DQ Training
NOTICE:  BL2: CH0: 400000000 - 47fffffff, 2 GiB
NOTICE:  BL2: CH1: 500000000 - 57fffffff, 2 GiB
NOTICE:  BL2: CH2: 600000000 - 67fffffff, 2 GiB
NOTICE:  BL2: CH3: 700000000 - 77fffffff, 2 GiB
NOTICE:  BL2: Lossy Decomp areas
NOTICE:       Entry 0: DCMPAREACRAx:0x80000540 DCMPAREACRBx:0x570
NOTICE:       Entry 1: DCMPAREACRAx:0x40000000 DCMPAREACRBx:0x0
NOTICE:       Entry 2: DCMPAREACRAx:0x20000000 DCMPAREACRBx:0x0
NOTICE:  BL2: FDT at 0xe6327f70
NOTICE:  BL2: v2.9(release):9cdb21f75
NOTICE:  BL2: Built : 05:25:39, Dec 19 2023
NOTICE:  BL2: Normal boot
NOTICE:  BL2: dst=0xe6327800 src=0x8180000 len=512(0x200)
NOTICE:  BL2: dst=0x43f00000 src=0x8180400 len=6144(0x1800)
NOTICE:  rcar_file_len: len: 0x0003e000
NOTICE:  BL2: dst=0x44000000 src=0x81c0000 len=253952(0x3e000)
NOTICE:  rcar_file_len: len: 0x00200000
NOTICE:  BL2: dst=0x44100000 src=0x8200000 len=2097152(0x200000)
NOTICE:  rcar_file_len: len: 0x00100000
NOTICE:  BL2: dst=0x50000000 src=0x8640000 len=1048576(0x100000)
NOTICE:  BL2: Booting BL31


U-Boot 2020.10 (Dec 19 2023 - 14:30:40 +0000)

CPU: Renesas Electronics R8A7795 rev 3.0
Model: Renesas Salvator-X 2nd version board based on r8a77951
DRAM:  7.9 GiB
RAM Configuration:
Bank #0: 0x048000000 - 0x0bfffffff, 1.9 GiB
Bank #1: 0x500000000 - 0x57fffffff, 2 GiB
Bank #2: 0x600000000 - 0x67fffffff, 2 GiB
Bank #3: 0x700000000 - 0x77fffffff, 2 GiB

MMC:   sd@ee100000: 0, sd@ee140000: 1, sd@ee160000: 2
Loading Environment from MMC... OK
In:    serial@e6e88000
Out:   serial@e6e88000
Err:   serial@e6e88000
Net:   eth0: ethernet@e6800000
Hit any key to stop autoboot:  2  1  0 
ethernet@e6800000 Waiting for PHY auto negotiation to complete.............. done
Using ethernet@e6800000 device
TFTP from server 192.168.10.98; our IP address is 192.168.10.107
Filename 'BV/PT3/boot_USB2H/Image'.
Load address: 0x48080000
Loading: *#################################################################
	 #################################################################
	 #################################################################
	 #################################################################
	 #################################################################
	 #################################################################
	 #################################################################
	 #################################################################
	 #################################################################
	 #################################################################
	 #################################################################
	 #################################################################
	 #################################################################
	 #################################################################
	 #################################################################
	 #################################################################
	 #################################################################
	 #################################################################
	 #################################################################
	 #################################################################
	 #################################################################
	 #################################################################
	 #################################################################
	 #################################################################
	 #################################################################
	 #################################################################
	 #################################################################
	 #################################################################
	 #################################################################
	 #################################################################
	 #################################################################
	 #################################################################
	 #################################################################
	 #################################################################
	 ################################################################
	 3.9 MiB/s
done
Bytes transferred = 33376768 (1fd4a00 hex)
Using ethernet@e6800000 device
TFTP from server 192.168.10.98; our IP address is 192.168.10.107
Filename 'BV/PT3/boot_USB2H/r8a77951-salvator-xs.dtb'.
Load address: 0x48000000
Loading: *#######
	 4.6 MiB/s
done
Bytes transferred = 90876 (162fc hex)
Moving Image from 0x48080000 to 0x48200000, end=4a260000
## Flattened Device Tree blob at 48000000
   Booting using the fdt blob at 0x48000000
   Loading Device Tree to 0000000053fe6000, end 0000000053fff2fb ... OK

Starting kernel ...

[    0.000000] Booting Linux on physical CPU 0x0000000000 [0x411fd073]
[    0.000000] Linux version 5.10.194-yocto-standard (thuan.nguyen-hong@banvien) (aarch64-poky-linux-gcc (GCC) 9.3.0, GNU ld (GNU Binutils) 2.34.0.20200220) #10 SMP PREEMPT Mon Feb 19 03:51:05 UTC 2024
[    0.000000] Machine model: Renesas Salvator-X 2nd version board based on r8a77951
[    0.000000] efi: UEFI not found.
[    0.000000] Reserved memory: created CMA memory pool at 0x0000000057000000, size 16 MiB
[    0.000000] OF: reserved mem: initialized node linux,adsp@57000000, compatible id shared-dma-pool
[    0.000000] Reserved memory: created CMA memory pool at 0x0000000058000000, size 384 MiB
[    0.000000] OF: reserved mem: initialized node linux,cma@58000000, compatible id shared-dma-pool
[    0.000000] Reserved memory: created CMA memory pool at 0x0000000070000000, size 256 MiB
[    0.000000] OF: reserved mem: initialized node linux,multimedia@70000000, compatible id shared-dma-pool
[    0.000000] NUMA: No NUMA configuration found
[    0.000000] NUMA: Faking a node at [mem 0x0000000048000000-0x000000077fffffff]
[    0.000000] NUMA: NODE_DATA [mem 0x77efdab00-0x77efdcfff]
[    0.000000] Zone ranges:
[    0.000000]   DMA      [mem 0x0000000048000000-0x000000007fffffff]
[    0.000000]   DMA32    [mem 0x0000000080000000-0x00000000ffffffff]
[    0.000000]   Normal   [mem 0x0000000100000000-0x000000077fffffff]
[    0.000000] Movable zone start for each node
[    0.000000] Early memory node ranges
[    0.000000]   node   0: [mem 0x0000000048000000-0x0000000053ffffff]
[    0.000000]   node   0: [mem 0x0000000054000000-0x0000000056ffffff]
[    0.000000]   node   0: [mem 0x0000000057000000-0x00000000bfffffff]
[    0.000000]   node   0: [mem 0x0000000500000000-0x000000057fffffff]
[    0.000000]   node   0: [mem 0x0000000600000000-0x000000067fffffff]
[    0.000000]   node   0: [mem 0x0000000700000000-0x000000077fffffff]
[    0.000000] Initmem setup node 0 [mem 0x0000000048000000-0x000000077fffffff]
[    0.000000] psci: probing for conduit method from DT.
[    0.000000] psci: PSCIv1.1 detected in firmware.
[    0.000000] psci: Using standard PSCI v0.2 function IDs
[    0.000000] psci: Trusted OS resident on physical CPU 0x0
[    0.000000] psci: SMC Calling Convention v1.2
[    0.000000] percpu: Embedded 23 pages/cpu s56984 r8192 d29032 u94208
[    0.000000] Detected PIPT I-cache on CPU0
[    0.000000] CPU features: detected: EL2 vector hardening
[    0.000000] CPU features: detected: Spectre-v2
[    0.000000] CPU features: detected: ARM errata 1165522, 1319367, or 1530923
[    0.000000] CPU features: detected: Spectre-BHB
[    0.000000] CPU features: detected: ARM erratum 1742098
[    0.000000] Built 1 zonelists, mobility grouping on.  Total pages: 2032128
[    0.000000] Policy zone: Normal
[    0.000000] Kernel command line: rw root=/dev/nfs nfsroot=192.168.10.98:/data/tftpboot/BV/PT3/rootfs_H3,nfsvers=4 ip=192.168.10.107
[    0.000000] Dentry cache hash table entries: 1048576 (order: 11, 8388608 bytes, linear)
[    0.000000] Inode-cache hash table entries: 524288 (order: 10, 4194304 bytes, linear)
[    0.000000] mem auto-init: stack:off, heap alloc:off, heap free:off
[    0.000000] software IO TLB: mapped [mem 0x000000004ffe6000-0x0000000053fe6000] (64MB)
[    0.000000] Memory: 7276840K/8257536K available (15232K kernel code, 2834K rwdata, 8240K rodata, 6144K init, 517K bss, 308952K reserved, 671744K cma-reserved)
[    0.000000] SLUB: HWalign=64, Order=0-3, MinObjects=0, CPUs=8, Nodes=1
[    0.000000] rcu: Preemptible hierarchical RCU implementation.
[    0.000000] rcu: 	RCU event tracing is enabled.
[    0.000000] rcu: 	RCU restricting CPUs from NR_CPUS=256 to nr_cpu_ids=8.
[    0.000000] 	Trampoline variant of Tasks RCU enabled.
[    0.000000] rcu: RCU calculated value of scheduler-enlistment delay is 25 jiffies.
[    0.000000] rcu: Adjusting geometry for rcu_fanout_leaf=16, nr_cpu_ids=8
[    0.000000] NR_IRQS: 64, nr_irqs: 64, preallocated irqs: 0
[    0.000000] arch_timer: cp15 timer(s) running at 8.32MHz (virt).
[    0.000000] clocksource: arch_sys_counter: mask: 0xffffffffffffff max_cycles: 0x1eb398c07, max_idle_ns: 440795202503 ns
[    0.000003] sched_clock: 56 bits at 8MHz, resolution 120ns, wraps every 2199023255503ns
[    0.000207] Console: colour dummy device 80x25
[    0.000416] printk: console [tty0] enabled
[    0.000490] Calibrating delay loop (skipped), value calculated using timer frequency.. 16.64 BogoMIPS (lpj=33280)
[    0.000505] pid_max: default: 32768 minimum: 301
[    0.000562] LSM: Security Framework initializing
[    0.000653] Mount-cache hash table entries: 16384 (order: 5, 131072 bytes, linear)
[    0.000702] Mountpoint-cache hash table entries: 16384 (order: 5, 131072 bytes, linear)
[    0.002151] rcu: Hierarchical SRCU implementation.
[    0.003744] Detected Renesas R-Car Gen3 r8a7795 ES3.0
[    0.005881] EFI services will not be available.
[    0.006216] smp: Bringing up secondary CPUs ...
[    0.006680] Detected PIPT I-cache on CPU1
[    0.006727] CPU1: Booted secondary processor 0x0000000001 [0x411fd073]
[    0.007215] Detected PIPT I-cache on CPU2
[    0.007241] CPU2: Booted secondary processor 0x0000000002 [0x411fd073]
[    0.007661] Detected PIPT I-cache on CPU3
[    0.007682] CPU3: Booted secondary processor 0x0000000003 [0x411fd073]
[    0.008145] CPU features: detected: ARM erratum 845719
[    0.008158] Detected VIPT I-cache on CPU4
[    0.008204] CPU4: Booted secondary processor 0x0000000100 [0x410fd034]
[    0.008685] Detected VIPT I-cache on CPU5
[    0.008712] CPU5: Booted secondary processor 0x0000000101 [0x410fd034]
[    0.009149] Detected VIPT I-cache on CPU6
[    0.009175] CPU6: Booted secondary processor 0x0000000102 [0x410fd034]
[    0.009609] Detected VIPT I-cache on CPU7
[    0.009636] CPU7: Booted secondary processor 0x0000000103 [0x410fd034]
[    0.009715] smp: Brought up 1 node, 8 CPUs
[    0.009776] SMP: Total of 8 processors activated.
[    0.009783] CPU features: detected: 32-bit EL0 Support
[    0.009791] CPU features: detected: CRC32 instructions
[    0.009798] CPU features: detected: 32-bit EL1 Support
[    0.022997] CPU: All CPU(s) started at EL1
[    0.023050] alternatives: patching kernel code
[    0.024201] devtmpfs: initialized
[    0.031012] KASLR disabled due to lack of seed
[    0.031162] clocksource: jiffies: mask: 0xffffffff max_cycles: 0xffffffff, max_idle_ns: 7645041785100000 ns
[    0.031182] futex hash table entries: 2048 (order: 5, 131072 bytes, linear)
[    0.039819] pinctrl core: initialized pinctrl subsystem
[    0.041298] DMI not present or invalid.
[    0.041800] NET: Registered protocol family 16
[    0.042736] DMA: preallocated 1024 KiB GFP_KERNEL pool for atomic allocations
[    0.042931] DMA: preallocated 1024 KiB GFP_KERNEL|GFP_DMA pool for atomic allocations
[    0.043219] DMA: preallocated 1024 KiB GFP_KERNEL|GFP_DMA32 pool for atomic allocations
[    0.043259] audit: initializing netlink subsys (disabled)
[    0.043441] audit: type=2000 audit(0.040:1): state=initialized audit_enabled=0 res=1
[    0.044606] thermal_sys: Registered thermal governor 'power_allocator'
[    0.045133] cpuidle: using governor menu
[    0.045303] hw-breakpoint: found 6 breakpoint and 4 watchpoint registers.
[    0.045428] ASID allocator initialised with 65536 entries
[    0.046716] Serial: AMBA PL011 UART driver
[    0.089576] sh-pfc e6060000.pinctrl: r8a77951_pfc support registered
[    0.104311] HugeTLB registered 1.00 GiB page size, pre-allocated 0 pages
[    0.104324] HugeTLB registered 32.0 MiB page size, pre-allocated 0 pages
[    0.104332] HugeTLB registered 2.00 MiB page size, pre-allocated 0 pages
[    0.104339] HugeTLB registered 64.0 KiB page size, pre-allocated 0 pages
[    0.105299] cryptd: max_cpu_qlen set to 1000
[    0.107552] ACPI: Interpreter disabled.
[    0.111342] rcar-avs: use avs value: 0
[    0.111355] rcar-avs: cpu@0 is running with: opp_table0
[    0.111376] rcar-avs: cpu@1 is running with: opp_table0
[    0.111388] rcar-avs: cpu@2 is running with: opp_table0
[    0.111397] rcar-avs: cpu@3 is running with: opp_table0
[    0.111485] rcar-avs: gsx@fd000000 is running with: gsx_opp_table0
[    0.112908] iommu: Default domain type: Translated 
[    0.113471] ipmmu-vmsa e67b0000.iommu: IPMMU context 0 is reserved
[    0.114486] vgaarb: loaded
[    0.114687] SCSI subsystem initialized
[    0.114938] usbcore: registered new interface driver usbfs
[    0.114968] usbcore: registered new interface driver hub
[    0.114992] usbcore: registered new device driver usb
[    0.118550] i2c-sh_mobile e60b0000.i2c: I2C adapter 7, bus speed 400000 Hz
[    0.119089] mc: Linux media interface: v0.10
[    0.119111] videodev: Linux video capture interface: v2.00
[    0.119158] pps_core: LinuxPPS API ver. 1 registered
[    0.119166] pps_core: Software ver. 5.3.6 - Copyright 2005-2007 Rodolfo Giometti <giometti@linux.it>
[    0.119180] PTP clock support registered
[    0.119354] EDAC MC: Ver: 3.0.0
[    0.121347] FPGA manager framework
[    0.121407] Advanced Linux Sound Architecture Driver Initialized.
[    0.121959] clocksource: Switched to clocksource arch_sys_counter
[    0.122111] VFS: Disk quotas dquot_6.6.0
[    0.122156] VFS: Dquot-cache hash table entries: 512 (order 0, 4096 bytes)
[    0.122279] pnp: PnP ACPI: disabled
[    0.125779] NET: Registered protocol family 2
[    0.126198] IP idents hash table entries: 131072 (order: 8, 1048576 bytes, linear)
[    0.128454] tcp_listen_portaddr_hash hash table entries: 4096 (order: 4, 65536 bytes, linear)
[    0.128530] TCP established hash table entries: 65536 (order: 7, 524288 bytes, linear)
[    0.128818] TCP bind hash table entries: 65536 (order: 8, 1048576 bytes, linear)
[    0.129400] TCP: Hash tables configured (established 65536 bind 65536)
[    0.129519] UDP hash table entries: 4096 (order: 5, 131072 bytes, linear)
[    0.129634] UDP-Lite hash table entries: 4096 (order: 5, 131072 bytes, linear)
[    0.129856] NET: Registered protocol family 1
[    0.130231] RPC: Registered named UNIX socket transport module.
[    0.130242] RPC: Registered udp transport module.
[    0.130247] RPC: Registered tcp transport module.
[    0.130253] RPC: Registered tcp NFSv4.1 backchannel transport module.
[    0.130266] PCI: CLS 0 bytes, default 64
[    0.131216] hw perfevents: enabled with armv8_cortex_a53 PMU driver, 7 counters available
[    0.131489] hw perfevents: enabled with armv8_cortex_a57 PMU driver, 7 counters available
[    0.132115] kvm [1]: HYP mode not available
[    0.135019] Initialise system trusted keyrings
[    0.135150] workingset: timestamp_bits=42 max_order=21 bucket_order=0
[    0.138240] squashfs: version 4.0 (2009/01/31) Phillip Lougher
[    0.138649] NFS: Registering the id_resolver key type
[    0.138676] Key type id_resolver registered
[    0.138683] Key type id_legacy registered
[    0.138738] nfs4filelayout_init: NFSv4 File Layout Driver Registering...
[    0.138748] nfs4flexfilelayout_init: NFSv4 Flexfile Layout Driver Registering...
[    0.138844] 9p: Installing v9fs 9p2000 file system support
[    0.165397] Key type asymmetric registered
[    0.165409] Asymmetric key parser 'x509' registered
[    0.165438] Block layer SCSI generic (bsg) driver version 0.4 loaded (major 243)
[    0.165448] io scheduler mq-deadline registered
[    0.165457] io scheduler kyber registered
[    0.181555] gpio_rcar e6050000.gpio: driving 16 GPIOs
[    0.181843] gpio_rcar e6051000.gpio: driving 29 GPIOs
[    0.182110] gpio_rcar e6052000.gpio: driving 15 GPIOs
[    0.182383] gpio_rcar e6053000.gpio: driving 16 GPIOs
[    0.182631] gpio_rcar e6054000.gpio: driving 18 GPIOs
[    0.182882] gpio_rcar e6055000.gpio: driving 26 GPIOs
[    0.183131] gpio_rcar e6055400.gpio: driving 32 GPIOs
[    0.183371] gpio_rcar e6055800.gpio: driving 4 GPIOs
[    0.186287] rcar-pcie fe000000.pcie: host bridge /soc/pcie@fe000000 ranges:
[    0.186317] rcar-pcie fe000000.pcie:       IO 0x00fe100000..0x00fe1fffff -> 0x0000000000
[    0.186339] rcar-pcie fe000000.pcie:      MEM 0x00fe200000..0x00fe3fffff -> 0x00fe200000
[    0.186358] rcar-pcie fe000000.pcie:      MEM 0x0030000000..0x0037ffffff -> 0x0030000000
[    0.186372] rcar-pcie fe000000.pcie:      MEM 0x0038000000..0x003fffffff -> 0x0038000000
[    0.186389] rcar-pcie fe000000.pcie:   IB MEM 0x0040000000..0x007fffffff -> 0x0040000000
[    0.186433] rcar-pcie fe000000.pcie: no pcie3v3 regulator found
[    0.186444] rcar-pcie fe000000.pcie: no pcie1v8 regulator found
[    0.253671] rcar-pcie fe000000.pcie: PCIe link down
[    0.253850] rcar-pcie ee800000.pcie: host bridge /soc/pcie@ee800000 ranges:
[    0.253874] rcar-pcie ee800000.pcie:       IO 0x00ee900000..0x00ee9fffff -> 0x0000000000
[    0.253893] rcar-pcie ee800000.pcie:      MEM 0x00eea00000..0x00eebfffff -> 0x00eea00000
[    0.253911] rcar-pcie ee800000.pcie:      MEM 0x00c0000000..0x00c7ffffff -> 0x00c0000000
[    0.253924] rcar-pcie ee800000.pcie:      MEM 0x00c8000000..0x00cfffffff -> 0x00c8000000
[    0.253941] rcar-pcie ee800000.pcie:   IB MEM 0x0040000000..0x007fffffff -> 0x0040000000
[    0.253988] rcar-pcie ee800000.pcie: no pcie3v3 regulator found
[    0.253999] rcar-pcie ee800000.pcie: no pcie1v8 regulator found
[    0.413959] rcar-pcie ee800000.pcie: PCIe link down
[    0.416465] EINJ: ACPI disabled.
[    0.449757] Serial: 8250/16550 driver, 4 ports, IRQ sharing enabled
[    0.452251] SuperH (H)SCI(F) driver initialized
[    0.452679] e6550000.serial: ttySC1 at MMIO 0xe6550000 (irq = 42, base_baud = 0) is a hscif
[    0.453418] e6e88000.serial: ttySC0 at MMIO 0xe6e88000 (irq = 128, base_baud = 0) is a scif
[    1.658020] printk: console [ttySC0] enabled
[    1.663382] msm_serial: driver initialized
[    1.673668] rcar-dw-hdmi fead0000.hdmi: Detected HDMI TX controller v2.01a with HDCP (DWC HDMI 2.0 TX PHY)
[    1.683564] rcar-dw-hdmi fead0000.hdmi: registered DesignWare HDMI I2C bus driver
[    1.691806] rcar-dw-hdmi feae0000.hdmi: Detected HDMI TX controller v2.01a with HDCP (DWC HDMI 2.0 TX PHY)
[    1.701661] rcar-dw-hdmi feae0000.hdmi: registered DesignWare HDMI I2C bus driver
[    1.717169] loop: module loaded
[    1.721729] megasas: 07.714.04.00-rc1
[    1.727480] scsi host0: sata_rcar
[    1.730952] ata1: SATA max UDMA/133 irq 181
[    1.740357] tun: Universal TUN/TAP device driver, 1.6
[    1.746322] thunder_xcv, ver 1.0
[    1.749570] thunder_bgx, ver 1.0
[    1.752820] nicpf, ver 1.0
[    1.756934] hclge is initializing
[    1.760270] hns3: Hisilicon Ethernet Network Driver for Hip08 Family - version
[    1.767493] hns3: Copyright (c) 2017 Huawei Corporation.
[    1.772832] e1000: Intel(R) PRO/1000 Network Driver
[    1.777713] e1000: Copyright (c) 1999-2006 Intel Corporation.
[    1.783482] e1000e: Intel(R) PRO/1000 Network Driver
[    1.788449] e1000e: Copyright(c) 1999 - 2015 Intel Corporation.
[    1.794388] igb: Intel(R) Gigabit Ethernet Network Driver
[    1.799788] igb: Copyright (c) 2007-2014 Intel Corporation.
[    1.805375] igbvf: Intel(R) Gigabit Virtual Function Network Driver
[    1.811650] igbvf: Copyright (c) 2009 - 2012 Intel Corporation.
[    1.817998] sky2: driver version 1.30
[    1.825576] ravb e6800000.ethernet eth0: Base address at 0xe6800000, 2e:09:0a:00:c3:9a, IRQ 125.
[    1.835819] VFIO - User Level meta-driver version: 0.3
[    1.843029] ehci_hcd: USB 2.0 'Enhanced' Host Controller (EHCI) Driver
[    1.849568] ehci-pci: EHCI PCI platform driver
[    1.854033] ehci-platform: EHCI generic platform driver
[    1.859655] ehci-platform ee0a0100.usb: EHCI Host Controller
[    1.865337] ehci-platform ee0a0100.usb: new USB bus registered, assigned bus number 1
[    1.873255] ehci-platform ee0a0100.usb: irq 175, io mem 0xee0a0100
[    1.893971] ehci-platform ee0a0100.usb: USB 2.0 started, EHCI 1.10
[    1.900504] hub 1-0:1.0: USB hub found
[    1.904272] hub 1-0:1.0: 1 port detected
[    1.908673] ehci-platform ee0c0100.usb: EHCI Host Controller
[    1.914346] ehci-platform ee0c0100.usb: new USB bus registered, assigned bus number 2
[    1.922235] ehci-platform ee0c0100.usb: irq 176, io mem 0xee0c0100
[    1.941965] ehci-platform ee0c0100.usb: USB 2.0 started, EHCI 1.10
[    1.948431] hub 2-0:1.0: USB hub found
[    1.952201] hub 2-0:1.0: 1 port detected
[    1.982003] ehci-platform ee0e0100.usb: EHCI Host Controller
[    1.987678] ehci-platform ee0e0100.usb: new USB bus registered, assigned bus number 3
[    1.995567] ehci-platform ee0e0100.usb: irq 177, io mem 0xee0e0100
[    2.013966] ehci-platform ee0e0100.usb: USB 2.0 started, EHCI 1.10
[    2.020398] hub 3-0:1.0: USB hub found
[    2.024165] hub 3-0:1.0: 1 port detected
[    2.028537] ehci-orion: EHCI orion driver
[    2.032794] ehci-exynos: EHCI Exynos driver
[    2.037098] ohci_hcd: USB 1.1 'Open' Host Controller (OHCI) Driver
[    2.043295] ohci-pci: OHCI PCI platform driver
[    2.047778] ohci-platform: OHCI generic platform driver
[    2.053313] ohci-platform ee0a0000.usb: Generic Platform OHCI controller
[    2.060034] ohci-platform ee0a0000.usb: new USB bus registered, assigned bus number 4
[    2.067910] ohci-platform ee0a0000.usb: irq 175, io mem 0xee0a0000
[    2.149971] ata1: link resume succeeded after 1 retries
[    2.164287] hub 4-0:1.0: USB hub found
[    2.168060] hub 4-0:1.0: 1 port detected
[    2.172387] ohci-platform ee0c0000.usb: Generic Platform OHCI controller
[    2.179102] ohci-platform ee0c0000.usb: new USB bus registered, assigned bus number 5
[    2.186974] ohci-platform ee0c0000.usb: irq 176, io mem 0xee0c0000
[    2.261481] ata1: SATA link down (SStatus 0 SControl 300)
[    2.280214] hub 5-0:1.0: USB hub found
[    2.283985] hub 5-0:1.0: 1 port detected
[    2.288308] ohci-platform ee0e0000.usb: Generic Platform OHCI controller
[    2.295022] ohci-platform ee0e0000.usb: new USB bus registered, assigned bus number 6
[    2.302889] ohci-platform ee0e0000.usb: irq 177, io mem 0xee0e0000
[    2.396208] hub 6-0:1.0: USB hub found
[    2.399975] hub 6-0:1.0: 1 port detected
[    2.404309] ohci-exynos: OHCI Exynos driver
[    2.409150] xhci-hcd ee000000.usb: xHCI Host Controller
[    2.414390] xhci-hcd ee000000.usb: new USB bus registered, assigned bus number 7
[    2.437644] xhci-hcd ee000000.usb: hcc params 0x014051ce hci version 0x100 quirks 0x0000000000830410
[    2.446808] xhci-hcd ee000000.usb: irq 172, io mem 0xee000000
[    2.452659] xhci-hcd ee000000.usb: xHCI Host Controller
[    2.457894] xhci-hcd ee000000.usb: new USB bus registered, assigned bus number 8
[    2.465297] xhci-hcd ee000000.usb: Host supports USB 3.0 SuperSpeed
[    2.471853] hub 7-0:1.0: USB hub found
[    2.475629] hub 7-0:1.0: 1 port detected
[    2.479723] usb usb8: We don't know the algorithms for LPM for this host, disabling LPM.
[    2.488085] hub 8-0:1.0: USB hub found
[    2.491866] hub 8-0:1.0: 1 port detected
[    2.496677] usbcore: registered new interface driver usb-storage
[    2.504366] renesas_usbhs e6590000.usb: host probed
[    2.509256] renesas_usbhs e6590000.usb: no transceiver found
[    2.514979] renesas_usbhs e6590000.usb: gadget probed
[    2.520190] renesas_usbhs e6590000.usb: probed
[    2.525076] renesas_usbhs e659c000.usb: host probed
[    2.529968] renesas_usbhs e659c000.usb: no transceiver found
[    2.535683] renesas_usbhs e659c000.usb: gadget probed
[    2.540886] renesas_usbhs e659c000.usb: probed
[    2.547803] i2c /dev entries driver
[    2.562339] cs2000-cp 2-004f: revision - C1
[    2.566598] i2c-rcar e6510000.i2c: probed
[    2.571474] pca953x 4-0020: supply vcc not found, using dummy regulator
[    2.578195] pca953x 4-0020: using no AI
[    2.582927] gpio-355 (PCIE/SATA switch): hogged as output/low
[    2.595233] i2c-rcar e66d8000.i2c: probed
[    2.600590] adv748x 4-0070: Endpoint /soc/i2c@e66d8000/video-receiver@70/port@7/endpoint on port 7
[    2.609573] adv748x 4-0070: Endpoint /soc/i2c@e66d8000/video-receiver@70/port@8/endpoint on port 8
[    2.618545] adv748x 4-0070: Endpoint /soc/i2c@e66d8000/video-receiver@70/port@a/endpoint on port 10
[    2.627609] adv748x 4-0070: Endpoint /soc/i2c@e66d8000/video-receiver@70/port@b/endpoint on port 11
[    2.636994] adv748x 4-0070: chip found @ 0xe0 revision 2143
[    2.690570] rcar-csi2 fea80000.csi2: 1 lanes found
[    2.695700] rcar-csi2 feaa0000.csi2: 4 lanes found
[    2.705271] rcar-vin e6ef0000.video: Device registered as video0
[    2.711362] rcar-vin e6ef1000.video: Device registered as video1
[    2.717439] rcar-vin e6ef2000.video: Device registered as video2
[    2.723509] rcar-vin e6ef3000.video: Device registered as video3
[    2.729586] rcar-vin e6ef4000.video: Device registered as video4
[    2.735669] rcar-vin e6ef5000.video: Device registered as video5
[    2.741768] rcar-vin e6ef6000.video: Device registered as video6
[    2.747850] rcar-vin e6ef7000.video: Device registered as video7
[    2.756569] rcar_gen3_thermal e6198000.thermal: is using pseudo fixed FUSE values
[    2.768766] rcar_gen3_thermal e6198000.thermal: TSC0: Loaded 1 trip points
[    2.780021] rcar_gen3_thermal e6198000.thermal: TSC1: Loaded 1 trip points
[    2.791191] rcar_gen3_thermal e6198000.thermal: TSC2: Loaded 3 trip points
[    2.803271] sdhci: Secure Digital Host Controller Interface driver
[    2.809465] sdhci: Copyright(c) Pierre Ossman
[    2.814684] Synopsys Designware Multimedia Card Interface Driver
[    2.815009] renesas_sdhi_internal_dmac ee100000.mmc: Got CD GPIO
[    2.815174] renesas_sdhi_internal_dmac ee160000.mmc: Got CD GPIO
[    2.815193] renesas_sdhi_internal_dmac ee160000.mmc: Got WP GPIO
[    2.815220] renesas_sdhi_internal_dmac ee140000.mmc: Adding to iommu group 0
[    2.815265] renesas_sdhi_internal_dmac ee140000.mmc: Using IPMMU context 1
[    2.822100] sdhci-pltfm: SDHCI platform and OF driver helper
[    2.826760] renesas_sdhi_internal_dmac ee100000.mmc: Got WP GPIO
[    2.864500] renesas_sdhi_internal_dmac ee140000.mmc: mmc0 base at 0x00000000ee140000, max clock rate 200 MHz
[    2.874861] ledtrig-cpu: registered to indicate activity on CPUs
[    2.881875] SMCCC: SOC_ID: ARCH_SOC_ID not implemented, skipping ....
[    2.888898] usbcore: registered new interface driver usbhid
[    2.894474] usbhid: USB HID core driver
[    2.902069] optee: probing for conduit method.
[    2.906535] optee: revision 3.22 (314ecf9d)
[    2.907066] optee driver R-Car Rev.1.0.11
[    2.915560] optee: dynamic shared memory is enabled
[    2.920709] optee: initialized driver
[    2.937892] rcar_sound ec500000.sound: probed
[    2.942944] NET: Registered protocol family 17
[    2.945060] mmc0: new HS400 MMC card at address 0001
[    2.947507] 9pnet: Installing 9P2000 support
[    2.953217] mmcblk0: mmc0:0001 BGSD3R 29.1 GiB 
[    2.956696] Key type dns_resolver registered
[    2.961536] mmcblk0boot0: mmc0:0001 BGSD3R partition 1 16.0 MiB
[    2.965736] registered taskstats version 1
[    2.971732] mmcblk0boot1: mmc0:0001 BGSD3R partition 2 16.0 MiB
[    2.975506] Loading compiled-in X.509 certificates
[    2.981548] mmcblk0rpmb: mmc0:0001 BGSD3R partition 3 4.00 MiB, chardev (509:0)
[    2.995682]  mmcblk0: p1
[    2.996205] thermal emergency: set temperature to 110 celsius
[    3.004183] thermal emergency: shutdown target cpus 1-7
[    3.009411] thermal emergency: freq scaled target cpus 0
[    3.015062] renesas_irqc e61c0000.interrupt-controller: driving 6 irqs
[    3.061984] ehci-platform ee080100.usb: EHCI Host Controller
[    3.067679] ehci-platform ee080100.usb: new USB bus registered, assigned bus number 9
[    3.075571] ehci-platform ee080100.usb: irq 174, io mem 0xee080100
[    3.093973] ehci-platform ee080100.usb: USB 2.0 started, EHCI 1.10
[    3.100596] hub 9-0:1.0: USB hub found
[    3.104366] hub 9-0:1.0: 1 port detected
[    3.109346] ohci-platform ee080000.usb: Generic Platform OHCI controller
[    3.116064] ohci-platform ee080000.usb: new USB bus registered, assigned bus number 10
[    3.124035] ohci-platform ee080000.usb: irq 174, io mem 0xee080000
[    3.220491] hub 10-0:1.0: USB hub found
[    3.224351] hub 10-0:1.0: 1 port detected
[    3.229592] cpu cpu0: EM: created perf domain
[    3.234516] cpu cpu4: EM: created perf domain
[    3.244630] renesas_sdhi_internal_dmac ee100000.mmc: Got CD GPIO
[    3.244656] renesas_sdhi_internal_dmac ee160000.mmc: Got CD GPIO
[    3.246793] [drm] Initialized rcar-du 1.0.0 20130110 for feb00000.display on minor 0
[    3.246796] [drm] Device feb00000.display probed
[    3.250680] renesas_sdhi_internal_dmac ee100000.mmc: Got WP GPIO
[    3.256767] renesas_sdhi_internal_dmac ee160000.mmc: Got WP GPIO
[    3.266058] usb 1-1: new high-speed USB device number 2 using ehci-platform
[    3.318488] renesas_sdhi_internal_dmac ee160000.mmc: mmc2 base at 0x00000000ee160000, max clock rate 200 MHz
[    3.324681] Console: switching to colour frame buffer device 128x48
[    3.325619] renesas_sdhi_internal_dmac ee100000.mmc: mmc1 base at 0x00000000ee100000, max clock rate 200 MHz
[    3.368927] rcar-du feb00000.display: [drm] fb0: rcar-dudrmfb frame buffer device
[    3.381368] input: keys as /devices/platform/keys/input/input0
[    3.448264] usb-storage 1-1:1.0: USB Mass Storage device detected
[    3.455669] scsi host1: usb-storage 1-1:1.0
[    3.460827] Micrel KSZ9031 Gigabit PHY e6800000.ethernet-ffffffff:00: attached PHY driver [Micrel KSZ9031 Gigabit PHY] (mii_bus:phy_addr=e6800000.ethernet-ffffffff:00, irq=183)
[    4.480001] scsi 1:0:0:0: Direct-Access     SanDisk  Extreme Pro      0    PQ: 0 ANSI: 6
[    4.490656] sd 1:0:0:0: [sda] 250085376 512-byte logical blocks: (128 GB/119 GiB)
[    4.499397] sd 1:0:0:0: [sda] Write Protect is off
[    4.505379] sd 1:0:0:0: [sda] Write cache: enabled, read cache: enabled, doesn't support DPO or FUA
[    4.519914]  sda: sda1
[    4.526520] sd 1:0:0:0: [sda] Attached SCSI removable disk
[   10.047330] ravb e6800000.ethernet eth0: Link is Up - 1Gbps/Full - flow control off
[   10.078006] IP-Config: Guessing netmask 255.255.255.0
[   10.083168] IP-Config: Complete:
[   10.086480]      device=eth0, hwaddr=2e:09:0a:00:c3:9a, ipaddr=192.168.10.107, mask=255.255.255.0, gw=255.255.255.255
[   10.101240]      host=192.168.10.107, domain=, nis-domain=(none)
[   10.111339]      bootserver=255.255.255.255, rootserver=192.168.10.98, rootpath=
[   10.111964] ALSA device list:
[   10.130615]   No soundcards found.
[   11.207139] VFS: Mounted root (nfs4 filesystem) on device 0:22.
[   11.218412] devtmpfs: mounted
[   11.227554] Freeing unused kernel memory: 6144K
[   11.250100] Run /sbin/init as init process
[   11.417108] systemd[1]: System time before build time, advancing clock.
[   11.872246] NET: Registered protocol family 10
[   11.881736] Segment Routing with IPv6
[   11.916184] systemd[1]: systemd 244 running in system mode. (+PAM -AUDIT -SELINUX +IMA -APPARMOR -SMACK +SYSVINIT +UTMP -LIBCRYPTSETUP -GCRYPT -GNUTLS +ACL +XZ -LZ4 -SECCOMP +BLKID -ELFUTILS +KMOD -IDN2 -IDN -PCRE2 default-hierarchy=hybrid)
[   11.945311] systemd[1]: Detected architecture arm64.

Welcome to [1mPoky (Yocto Project Reference Distro) 3.1.11 (dunfell)[0m!

[   11.980317] systemd[1]: Set hostname to <salvator-x>.
[   12.102025] random: crng init done
[   12.783726] systemd[1]: system-getty.slice: unit configures an IP firewall, but the local system does not support BPF/cgroup firewalling.
[   12.805527] systemd[1]: (This warning is only shown for the first unit using IP firewalling.)
[   12.820803] systemd[1]: Created slice system-getty.slice.
[[0;32m  OK  [0m] Created slice [0;1;39msystem-getty.slice[0m.
[   12.851803] systemd[1]: Created slice system-serial\x2dgetty.slice.
[[0;32m  OK  [0m] Created slice [0;1;39msystem-serial\x2dgetty.slice[0m.
[   12.879757] systemd[1]: Created slice User and Session Slice.
[[0;32m  OK  [0m] Created slice [0;1;39mUser and Session Slice[0m.
[   12.906632] systemd[1]: Started Dispatch Password Requests to Console Directory Watch.
[[0;32m  OK  [0m] Started [0;1;39mDispatch Password â€¦ts to Console Directory Watch[0m.
[   12.938417] systemd[1]: Started Forward Password Requests to Wall Directory Watch.
[[0;32m  OK  [0m] Started [0;1;39mForward Password Râ€¦uests to Wall Directory Watch[0m.
[   12.970290] systemd[1]: Reached target Paths.
[[0;32m  OK  [0m] Reached target [0;1;39mPaths[0m.
[   12.994175] systemd[1]: Reached target Remote File Systems.
[[0;32m  OK  [0m] Reached target [0;1;39mRemote File Systems[0m.
[   13.018116] systemd[1]: Reached target Slices.
[[0;32m  OK  [0m] Reached target [0;1;39mSlices[0m.
[   13.042147] systemd[1]: Reached target Swap.
[[0;32m  OK  [0m] Reached target [0;1;39mSwap[0m.
[   13.068566] systemd[1]: Listening on RPCbind Server Activation Socket.
[[0;32m  OK  [0m] Listening on [0;1;39mRPCbind Server Activation Socket[0m.
[   13.098262] systemd[1]: Reached target RPC Port Mapper.
[[0;32m  OK  [0m] Reached target [0;1;39mRPC Port Mapper[0m.
[   13.122670] systemd[1]: Listening on initctl Compatibility Named Pipe.
[[0;32m  OK  [0m] Listening on [0;1;39minitctl Compatibility Named Pipe[0m.
[   13.151926] systemd[1]: Listening on Journal Audit Socket.
[[0;32m  OK  [0m] Listening on [0;1;39mJournal Audit Socket[0m.
[   13.179702] systemd[1]: Listening on Journal Socket (/dev/log).
[[0;32m  OK  [0m] Listening on [0;1;39mJournal Socket (/dev/log)[0m.
[   13.206943] systemd[1]: Listening on Journal Socket.
[[0;32m  OK  [0m] Listening on [0;1;39mJournal Socket[0m.
[   13.231920] systemd[1]: Listening on Network Service Netlink Socket.
[[0;32m  OK  [0m] Listening on [0;1;39mNetwork Service Netlink Socket[0m.
[   13.260616] systemd[1]: Listening on udev Control Socket.
[[0;32m  OK  [0m] Listening on [0;1;39mudev Control Socket[0m.
[   13.286765] systemd[1]: Listening on udev Kernel Socket.
[[0;32m  OK  [0m] Listening on [0;1;39mudev Kernel Socket[0m.
[   13.315940] systemd[1]: Mounting Huge Pages File System...
         Mounting [0;1;39mHuge Pages File System[0m...
[   13.347278] systemd[1]: Mounting POSIX Message Queue File System...
         Mounting [0;1;39mPOSIX Message Queue File System[0m...
[   13.379244] systemd[1]: Mounting Kernel Debug File System...
         Mounting [0;1;39mKernel Debug File System[0m...
[   13.409197] systemd[1]: Mounting Temporary Directory (/tmp)...
         Mounting [0;1;39mTemporary Directory (/tmp)[0m...
[   13.440145] systemd[1]: Starting Create list of static device nodes for the current kernel...
         Starting [0;1;39mCreate list of stâ€¦odes for the current kernel[0m...
[   13.475179] systemd[1]: Starting Start psplash boot splash screen...
         Starting [0;1;39mStart psplash boot splash screen[0m...
[   13.509023] systemd[1]: Starting RPC Bind...
         Starting [0;1;39mRPC Bind[0m...
[   13.528040] systemd[1]: Condition check resulted in File System Check on Root Device being skipped.
[   13.547363] systemd[1]: Starting Journal Service...
         Starting [0;1;39mJournal Service[0m...
[   13.573544] systemd[1]: Starting Load Kernel Modules...
         Starting [0;1;39mLoad Kernel Modules[0m...
[   13.598925] systemd[1]: Starting Remount Root and Kernel File Systems...
         Starting [0;1;39mRemount Root and Kernel File Systems[0m...
[   13.627016] systemd[1]: Starting udev Coldplug all Devices...
         Starting [0;1;39mudev Coldplug all Devices[0m...
[   13.649240] systemd[1]: Started Start psplash boot splash screen.
[[0;32m  OK  [0m] Started [0;1;39mStart psplash boot splash screen[0m.
[   13.674457] systemd[1]: Started RPC Bind.
[[0;32m  OK  [0m] Started [0;1;39mRPC Bind[0m.
[   13.698762] systemd[1]: Started Journal Service.
[[0;32m  OK  [0m] Started [0;1;39mJournal Service[0m.
[[0;32m  OK  [0m] Mounted [0;1;39mHuge Pages File System[0m.
[[0;32m  OK  [0m] Mounted [0;1;39mPOSIX Message Queue File System[0m.
[[0;32m  OK  [0m] Mounted [0;1;39mKernel Debug File System[0m.
[[0;32m  OK  [0m] Mounted [0;1;39mTemporary Directory (/tmp)[0m.
[[0;32m  OK  [0m] Started [0;1;39mCreate list of staâ€¦ nodes for the current kernel[0m.
[[0;32m  OK  [0m] Started [0;1;39mLoad Kernel Modules[0m.
[[0;32m  OK  [0m] Started [0;1;39mRemount Root and Kernel File Systems[0m.
         Mounting [0;1;39mKernel Configuration File System[0m...
[[0;32m  OK  [0m] Started [0;1;39mStart psplash-systâ€¦progress communication helper[0m.
         Starting [0;1;39mFlush Journal to Persistent Storage[0m...
         Starting [0;1;39mApply Kernel Variables[0m...
[   13.926753] systemd-journald[359]: Received client request to flush runtime journal.
         Starting [0;1;39mCreate Static Device Nodes in /dev[0m...
[[0;32m  OK  [0m] Mounted [0;1;39mKernel Configuration File System[0m.
[[0;32m  OK  [0m] Started [0;1;39mFlush Journal to Persistent Storage[0m.
[[0;32m  OK  [0m] Started [0;1;39mApply Kernel Variables[0m.
[[0;32m  OK  [0m] Started [0;1;39mCreate Static Device Nodes in /dev[0m.
[[0;32m  OK  [0m] Reached target [0;1;39mLocal File Systems (Pre)[0m.
         Mounting [0;1;39m/var/volatile[0m...
         Starting [0;1;39mudev Kernel Device Manager[0m...
[[0;32m  OK  [0m] Started [0;1;39mudev Coldplug all Devices[0m.
[[0;32m  OK  [0m] Mounted [0;1;39m/var/volatile[0m.
         Starting [0;1;39mLoad/Save Random Seed[0m...
[[0;32m  OK  [0m] Reached target [0;1;39mLocal File Systems[0m.
         Starting [0;1;39mCreate Volatile Files and Directories[0m...
[[0;32m  OK  [0m] Started [0;1;39mLoad/Save Random Seed[0m.
[[0;32m  OK  [0m] Started [0;1;39mudev Kernel Device Manager[0m.
         Starting [0;1;39mNetwork Service[0m...
[[0;32m  OK  [0m] Started [0;1;39mCreate Volatile Files and Directories[0m.
         Starting [0;1;39mNetwork Time Synchronization[0m...
         Starting [0;1;39mUpdate UTMP about System Boot/Shutdown[0m...
[[0;32m  OK  [0m] Started [0;1;39mNetwork Service[0m.
         Starting [0;1;39mNetwork Name Resolution[0m...
[[0;32m  OK  [0m] Started [0;1;39mUpdate UTMP about System Boot/Shutdown[0m.
[   14.462552] pwm-backlight: probe of backlight failed with error -16
[[0;32m  OK  [0m] Reached target [0;1;39mHardware activated USB gadget[0m.
[   14.555212] at24 7-0050: supply vcc not found, using dummy regulator
[[0;32m  OK  [0m] Started [0;1;39mNetwork Tim[   14.564868] at24 7-0050: 128 byte br24t01 EEPROM, writable, 8 bytes/write
e Synchronization[0m.
[[0;32m  OK  [0m] Reached target [0;1;39mSystem Initialization[0m.
[[0;32m  OK  [0m] Started [0;1;39mDaily Cleanup of Temporary Directories[0m.
[[0;32m  OK  [0m] Reached target [0;1;39mSystem Time Set[0m.
[[0;32m  OK  [0m] Reached target [0;1;39mSystem Time Synchronized[0m.
[[0;32m  OK  [0m] Reached target [0;1;39mTimers[0m.
[[0;32m  OK  [0m] Listening on [0;1;39mAvahi mDNS/DNS-SD Stack Activation Socket[0m.
[[0;32m  OK  [0m] List[   14.695858] renesas_usb3 ee020000.usb: probed with phy
ening on [0;1;39mD-Bus System Message Bus Socket[0m.
[[0;32m  OK  [0m] Listening on [0;1;39mdropbear.socket[0m.
[   14.739979] ccree e6601000.crypto: ARM CryptoCell 630P Driver: HW version 0xAF400001/0xDCC63000, Driver version 5.0
[[0;32m  OK  [0m] Reached target [0;1;39mSockets[0m.
[[0;32m  OK  [0m] Reached target [0;1;39mBasic System[0m.
[[0;32m  OK  [0m] Started [0;[   14.790174] ccree e6601000.crypto: ARM ccree device initialized
1;39mD-Bus System Message Bus[0m.
[[0;32m  OK  [0m] Started [0;1;39moptee services[0m.
         Starting [0;1;39mpvrinit.service[0m...
         Starting [0;1;39mPowerVR consumer services[0m...
         Starting [0;1;39mLogin Service[0m...
[[0;32m  OK  [0m] Started [0;1;39mNetwork Name Resolution[0m.
[[0;1;31mFAILED[0m] Failed to start [0;1;39mpvrinit.service[0m.
See 'systemctl status pvrinit.service' for details.
[[0;1;31mFAILED[0m] Failed to start [0;1;39mPowerVR consumer services[0m.
See 'systemctl status rc.pvr.service' for details.
[[0;1;38;5;185mDEPEND[0m] Dependency failed for [0;1;39mWeston Wayland Compositor[0m.
[[0;32m  OK  [0m] Created slice [0;1;39msystem-weston.slice[0m.
[[0;32m  OK  [0m] Reached target [0;1;39mNetwork[0m.
[[0;32m  OK  [0m] Reached target [0;1;39mHost and Network Name Lookups[0m.
         Starting [0;1;39mAvahi mDNS/DNS-SD Stack[0m...
         Starting [0;1;39mPowerVR consumer services[0m...
         Starting [0;1;39mset_default_governor.service[0m...
         Starting [0;1;39mPermit User Sessions[0m...
[[0;32m  OK  [0m] Started [0;1;39mXinetd A Powerful Replacement For Inetd[0m.
[   15.298276] rd 0-7: Disabling EAS, schedutil is mandatory
[[0;1;31mFAILED[0m] Failed to start [0;1;39mPowerVR consumer services[0m.
See 'systemctl status rc.pvr.service' for details.
[[0;1;38;5;185mDEPEND[0m] Dependency failed for [0;1;39mWeston Wayland Compositor[0m.
[[0;32m  OK  [0m] Started [0;1;39mset_default_governor.service[0m.
[[0;32m  OK  [0m] Started [0;1;39mPermit User Sessions[0m.
[[0;32m  OK  [0m] Started [0;1;39mLogin Service[0m.
[[0;32m  OK  [0m] Started [0;1;39mAvahi mDNS/DNS-SD Stack[0m.
[[0;32m  OK  [0m] Started [0;1;39mGetty on tty1[0m.
[[0;32m  OK  [0m] Started [0;1;39mSerial Getty on ttySC0[0m.
[[0;32m  OK  [0m] Reached target [0;1;39mLogin Prompts[0m.
[[0;32m  OK  [0m] Reached target [0;1;39mMulti-User System[0m.
         Starting [0;1;39mUpdate UTMP about System Runlevel Changes[0m...
[[0;32m  OK  [0m] Started [0;1;39mUpdate UTMP about System Runlevel Changes[0m.

Poky (Yocto Project Reference Distro) 3.1.11 salvator-x ttySC0

salvator-x login: 
salvator-x login: root
[   17.231450] audit: type=1006 audit(1703064537.812:2): pid=536 uid=0 old-auid=4294967295 auid=0 tty=(none) old-ses=4294967295 ses=1 res=1
7[r[999;999H[6n8root@salvator-x:~# 
root@salvator-x:~# 
root@salvator-x:~# 
root@salvator-x:~# 
root@salvator-x:~# 
root@salvator-x:~# 
root@salvator-x:~# 
root@salvator-x:~# 
root@salvator-x:~# 
----------Prepare----------


root@salvator-x:~# find /sys/devices/platform/soc/ee0a0100.usb/ -name 'sd*'
/sys/devices/platform/soc/ee0a0100.usb/usb1/1-1/1-1:1.0/host1/target1:0:0/1:0:0:0/block/sda
/sys/devices/platform/soc/ee0a0100.usb/usb1/1-1/1-1:1.0/host1/target1:0:0/1:0:0:0/block/sda/sda1
root@salvator-x:~# 
root@salvator-x:~# dd if=/dev/urandom of=testdata bs=10M count=5
5+0 records in
5+0 records out
52428800 bytes (52 MB, 50 MiB) copied, 1.39899 s, 37.5 MB/s
root@salvator-x:~# 
root@salvator-x:~# mkdir -p /mnt/usb
root@salvator-x:~# 
root@salvator-x:~# mount /dev/sda1 /mnt/usb
[   39.580747] EXT4-fs (sda1): recovery complete
[   39.586700] EXT4-fs (sda1): mounted filesystem with ordered data mode. Opts: (null)
root@salvator-x:~# 
root@salvator-x:~# cp testdata /mnt/usb/
[   41.950142] SDHI0 VccQ: disabling
[   41.953543] SDHI3 VccQ: disabling
root@salvator-x:~# 
root@salvator-x:~# umount /mnt/usb
root@salvator-x:~# 
root@salvator-x:~# find /sys/devices/platform/soc/ee0a0100.usb/ -name 'sd*'
/sys/devices/platform/soc/ee0a0100.usb/usb1/1-1/1-1:1.0/host1/target1:0:0/1:0:0:0/block/sda
/sys/devices/platform/soc/ee0a0100.usb/usb1/1-1/1-1:1.0/host1/target1:0:0/1:0:0:0/block/sda/sda1
root@salvator-x:~# 
root@salvator-x:~# i2cset -f -y 7 0x30 0x20 0x0f
root@salvator-x:~# 

Switch SW23 off and input 'yes' to continue:
Input 'yes' to continue: 

root@salvator-x:~# echo N > /sys/module/printk/parameters/console_suspend
root@salvator-x:~# 
root@salvator-x:~# mount /dev/sda1 /mnt/usb
[   61.530621] EXT4-fs (sda1): mounted filesystem with ordered data mode. Opts: (null)
root@salvator-x:~# 
root@salvator-x:~# cp /mnt/usb/testdata testdata_from_usb &
[1] 561
root@salvator-x:~# 
root@salvator-x:~# echo mem > /sys/power/state
[   62.934305] PM: suspend entry (deep)
[   63.275802] Filesystems sync: 0.337 seconds
[   63.297539] Freezing user space processes ... (elapsed 0.008 seconds) done.
[   63.313401] OOM killer disabled.
[   63.316717] Freezing remaining freezable tasks ... (elapsed 0.001 seconds) done.
[   63.366183] sd 1:0:0:0: [sda] Synchronizing SCSI cache
[   63.755599] ravb e6800000.ethernet eth0: Link is Down
[   63.775012] Disabling non-boot CPUs ...
[   63.779550] CPU1: shutdown
[   63.782282] psci: CPU1 killed (polled 0 ms)
[   63.788604] CPU2: shutdown
[   63.791341] psci: CPU2 killed (polled 0 ms)
[   63.797186] CPU3: shutdown
[   63.799918] psci: CPU3 killed (polled 0 ms)
[   63.805945] CPU4: shutdown
[   63.808673] psci: CPU4 killed (polled 0 ms)
[   63.814605] CPU5: shutdown
[   63.817315] psci: CPU5 killed (polled 0 ms)
[   63.822959] CPU6: shutdown
[   63.825669] psci: CPU6 killed (polled 0 ms)
[   63.831479] CPU7: shutdown
[   63.834221] psci: CPU7 killed (polled 0 ms)
 
Pull out USB device at CN10L


Press any button to continue


 Switch power switch: 

NOTICE:  BL2: R-Car Gen3 Initial Program Loader(CA57) Rev.4.0.0
NOTICE:  BL2: PRR is R-Car H3 Ver.3.0
NOTICE:  BL2: Board is Salvator-XS Rev.1.0
NOTICE:  BL2: Boot device is HyperFlash(160MHz)
NOTICE:  BL2: LCM state is CM
NOTICE:  AVS setting succeeded. DVFS_SetVID=0x53
NOTICE:  BL2: DDR3200(rev.0.42)
NOTICE:  BL2: [WARM_BOOT]
NOTICE:  BL2: DRAM Split is 4ch(DDR f)
NOTICE:  BL2: QoS is default setting(rev.0.11)
NOTICE:  BL2: DRAM refresh interval 1.95 usec
NOTICE:  BL2: Periodic Write DQ Training
NOTICE:  BL2: CH0: 400000000 - 47fffffff, 2 GiB
NOTICE:  BL2: CH1: 500000000 - 57fffffff, 2 GiB
NOTICE:  BL2: CH2: 600000000 - 67fffffff, 2 GiB
NOTICE:  BL2: CH3: 700000000 - 77fffffff, 2 GiB
NOTICE:  BL2: Lossy Decomp areas
NOTICE:       Entry 0: DCMPAREACRAx:0x80000540 DCMPAREACRBx:0x570
NOTICE:       Entry 1: DCMPAREACRAx:0x40000000 DCMPAREACRBx:0x0
NOTICE:       Entry 2: DCMPAREACRAx:0x20000000 DCMPAREACRBx:0x0
NOTICE:  BL2: FDT at 0xe6327f70
NOTICE:  BL2: v2.9(release):9cdb21f75
NOTICE:  BL2: Built : 05:25:39, Dec 19 2023
NOTICE:  BL2: Normal boot
[   63.839384] Enabling non-boot CPUs ...
[   63.843526] Detected PIPT I-cache on CPU1
[   63.843581] CPU1: Booted secondary processor 0x0000000001 [0x411fd073]
[   63.844058] CPU1 is up
[   63.857094] Detected PIPT I-cache on CPU2
[   63.857116] CPU2: Booted secondary processor 0x0000000002 [0x411fd073]
[   63.857384] CPU2 is up
[   63.870402] Detected PIPT I-cache on CPU3
[   63.870425] CPU3: Booted secondary processor 0x0000000003 [0x411fd073]
[   63.870693] CPU3 is up
[   63.883754] Detected VIPT I-cache on CPU4
[   63.883807] CPU4: Booted secondary processor 0x0000000100 [0x410fd034]
[   63.884693] CPU4 is up
[   63.897695] Detected VIPT I-cache on CPU5
[   63.897729] CPU5: Booted secondary processor 0x0000000101 [0x410fd034]
[   63.898309] CPU5 is up
[   63.911316] Detected VIPT I-cache on CPU6
[   63.911349] CPU6: Booted secondary processor 0x0000000102 [0x410fd034]
[   63.911935] CPU6 is up
[   63.924935] Detected VIPT I-cache on CPU7
[   63.924968] CPU7: Booted secondary processor 0x0000000103 [0x410fd034]
[   63.925598] CPU7 is up
[   63.998590] xhci-hcd ee000000.usb: xHC error in resume, USBSTS 0x401, Reinit
[   64.005653] usb usb7: root hub lost power or was reset
[   64.010777] usb usb8: root hub lost power or was reset
[   64.116938] Micrel KSZ9031 Gigabit PHY e6800000.ethernet-ffffffff:00: attached PHY driver [Micrel KSZ9031 Gigabit PHY] (mii_bus:phy_addr=e6800000.ethernet-ffffffff:00, irq=183)
[   64.232039] usb usb4: root hub lost power or was reset
[   64.237218] usb usb1: root hub lost power or was reset
[   64.323946] usb usb5: root hub lost power or was reset
[   64.329231] usb usb2: root hub lost power or was reset
[   64.415951] usb usb6: root hub lost power or was reset
[   64.421233] usb usb3: root hub lost power or was reset
[   64.531946] usb usb10: root hub lost power or was reset
[   64.537282] usb usb9: root hub lost power or was reset
[   64.554034] ata1: link resume succeeded after 1 retries
[   64.665770] ata1: SATA link down (SStatus 0 SControl 300)
[   67.101877] OOM killer enabled.
[   67.105756] Restarting tasks ... 
[   67.106064] usb 1-1: USB disconnect, device number 2
[   67.106625] done.
[   67.117994] blk_update_request: I/O error, dev sda, sector 96479488 op 0x1:(WRITE) flags 0x4000 phys_seg 30 prio class 0
[   67.131845] blk_update_request: I/O error, dev sda, sector 96479728 op 0x1:(WRITE) flags 0x4000 phys_seg 30 prio class 0
[   67.131906] blk_update_request: I/O error, dev sda, sector 96479968 op 0x1:(WRITE) flags 0x4000 phys_seg 30 prio class 0
cp: error reading '/mnt/usb/testdata': Input/output error
[   67.156709] blk_update_request: I/O error, dev sda, sector 96480208 op 0x1:(WRITE) flags 0x4000 phys_seg 30 prio class 0
[   67.156748] blk_update_request: I/O error, dev sda, sector 96480448 op 0x1:(WRITE) flags 0x4000 phys_seg 30 prio class 0
[   67.156760] blk_update_request: I/O error, dev sda, sector 96480688 op 0x1:(WRITE) flags 0x4000 phys_seg 30 prio class 0
[   67.156788] blk_update_request: I/O error, dev sda, sector 336896 op 0x0:(READ) flags 0x84700 phys_seg 3 prio class 0
[   67.156830] blk_update_request: I/O error, dev sda, sector 96480928 op 0x1:(WRITE) flags 0x4000 phys_seg 30 prio class 0
[   67.156844] blk_update_request: I/O error, dev sda, sector 96481168 op 0x1:(WRITE) flags 0x4000 phys_seg 30 prio class 0
[   67.156857] blk_update_request: I/O error, dev sda, sector 337136 op 0x0:(READ) flags 0x84700 phys_seg 3 prio class 0
[   67.157196] Aborting journal on device sda1-8.
[   67.157218] Buffer I/O error on dev sda1, logical block 15237120, lost sync page write
[   67.157228] JBD2: Error -5 detected when updating journal superblock for sda1-8.
[   67.172385] PM: suspend exit
root@salvator-x:~# [   70.902704] ravb e6800000.ethernet eth0: Link is Up - 1Gbps/Full - flow control off

[1]+  Done(1)                 cp /mnt/usb/testdata testdata_from_usb
root@salvator-x:~# echo "Wake up sucessfully"
Wake up sucessfully
root@salvator-x:~# 
root@salvator-x:~# wait
root@salvator-x:~# 
root@salvator-x:~# sync
root@salvator-x:~# 
root@salvator-x:~# cmp testdata testdata_from_usb
cmp: EOF on testdata_from_usb
root@salvator-x:~# 
root@salvator-x:~# umount /mnt/usb
root@salvator-x:~# 
 
#### Result: OK ####
