

----------Item 8----------


Plug in USB device at CN10L


Press any button to continue

[   83.650034] usb 1-1: new high-speed USB device number 3 using ehci-platform
[   83.812997] usb-storage 1-1:1.0: USB Mass Storage device detected
[   83.819711] scsi host1: usb-storage 1-1:1.0
[   84.831530] scsi 1:0:0:0: Direct-Access     SanDisk  Extreme Pro      0    PQ: 0 ANSI: 6
[   84.842469] sd 1:0:0:0: [sda] 250085376 512-byte logical blocks: (128 GB/119 GiB)
[   84.851144] sd 1:0:0:0: [sda] Write Protect is off
[   84.856997] sd 1:0:0:0: [sda] Write cache: enabled, read cache: enabled, doesn't support DPO or FUA
[   84.891535]  sda: sda1
[   84.898147] sd 1:0:0:0: [sda] Attached SCSI removable disk

Please press switch to restart board 

[F 00:00:120
[F 00:00:119
[F 00:00:118
[F 00:00:117
NOTICE:  BL2: R-Car Gen3 Initial Program Loader(CA57) Rev.4.0.0
NOTICE:  BL2: PRR is R-Car H3 Ver.3.0
NOTICE:  BL2: Board is Salvator-XS Rev.1.0
NOTICE:  BL2: Boot device is HyperFlash(160MHz)
NOTICE:  BL2: LCM state is CM
NOTICE:  AVS setting succeeded. DVFS_SetVID=0x53
NOTICE:  BL2: DDR3200(rev.0.42)
NOTICE:  BL2: [COLD_BOOT]
NOTICE:  BL2: DRAM Split is 4ch(DDR f)
NOTICE:  BL2: QoS is default setting(rev.0.11)
NOTICE:  BL2: DRAM refresh interval 1.95 usec
NOTICE:  BL2: Periodic Write DQ Training
NOTICE:  BL2: CH0: 400000000 - 47fffffff, 2 GiB
NOTICE:  BL2: CH1: 500000000 - 57fffffff, 2 GiB
NOTICE:  BL2: CH2: 600000000 - 67fffffff, 2 GiB
NOTICE:  BL2: CH3: 700000000 - 77fffffff, 2 GiB
NOTICE:  BL2: Lossy Decomp areas
NOTICE:       Entry 0: DCMPAREACRAx:0x80000540 DCMPAREACRBx:0x570
NOTICE:       Entry 1: DCMPAREACRAx:0x40000000 DCMPAREACRBx:0x0
NOTICE:       Entry 2: DCMPAREACRAx:0x20000000 DCMPAREACRBx:0x0
NOTICE:  BL2: FDT at 0xe6327f70
NOTICE:  BL2: v2.9(release):9cdb21f75
NOTICE:  BL2: Built : 05:25:39, Dec 19 2023
NOTICE:  BL2: Normal boot
NOTICE:  BL2: dst=0xe6327800 src=0x8180000 len=512(0x200)
NOTICE:  BL2: dst=0x43f00000 src=0x8180400 len=6144(0x1800)
NOTICE:  rcar_file_len: len: 0x0003e000
NOTICE:  BL2: dst=0x44000000 src=0x81c0000 len=253952(0x3e000)
NOTICE:  rcar_file_len: len: 0x00200000
NOTICE:  BL2: dst=0x44100000 src=0x8200000 len=2097152(0x200000)
NOTICE:  rcar_file_len: len: 0x00100000
NOTICE:  BL2: dst=0x50000000 src=0x8640000 len=1048576(0x100000)
NOTICE:  BL2: Booting BL31


U-Boot 2020.10 (Dec 19 2023 - 14:30:40 +0000)

CPU: Renesas Electronics R8A7795 rev 3.0
Model: Renesas Salvator-X 2nd version board based on r8a77951
DRAM:  7.9 GiB
RAM Configuration:
Bank #0: 0x048000000 - 0x0bfffffff, 1.9 GiB
Bank #1: 0x500000000 - 0x57fffffff, 2 GiB
Bank #2: 0x600000000 - 0x67fffffff, 2 GiB
Bank #3: 0x700000000 - 0x77fffffff, 2 GiB

MMC:   sd@ee100000: 0, sd@ee140000: 1, sd@ee160000: 2
Loading Environment from MMC... OK
In:    serial@e6e88000
Out:   serial@e6e88000
Err:   serial@e6e88000
Net:   eth0: ethernet@e6800000
Hit any key to stop autoboot:  2  1  0 
ethernet@e6800000 Waiting for PHY auto negotiation to complete............ done
Using ethernet@e6800000 device
TFTP from server 192.168.10.98; our IP address is 192.168.10.107
Filename 'BV/PT3/boot_USB2H/Image'.
Load address: 0x48080000
Loading: *#################################################################
	 #################################################################
	 #################################################################
	 #################################################################
	 #################################################################
	 #################################################################
	 #################################################################
	 #################################################################
	 #################################################################
	 #################################################################
	 #################################################################
	 #################################################################
	 #################################################################
	 #################################################################
	 #################################################################
	 #################################################################
	 #################################################################
	 #################################################################
	 #################################################################
	 #################################################################
	 #################################################################
	 #################################################################
	 #################################################################
	 #################################################################
	 #################################################################
	 #################################################################
	 #################################################################
	 #################################################################
	 #################################################################
	 #################################################################
	 #################################################################
	 #################################################################
	 #################################################################
	 #################################################################
	 ################################################################
	 4 MiB/s
done
Bytes transferred = 33376768 (1fd4a00 hex)
Using ethernet@e6800000 device
TFTP from server 192.168.10.98; our IP address is 192.168.10.107
Filename 'BV/PT3/boot_USB2H/r8a77951-salvator-xs.dtb'.
Load address: 0x48000000
Loading: *#######
	 5.8 MiB/s
done
Bytes transferred = 90876 (162fc hex)
Moving Image from 0x48080000 to 0x48200000, end=4a260000
## Flattened Device Tree blob at 48000000
   Booting using the fdt blob at 0x48000000
   Loading Device Tree to 0000000053fe6000, end 0000000053fff2fb ... OK

Starting kernel ...

[    0.000000] Booting Linux on physical CPU 0x0000000000 [0x411fd073]
[    0.000000] Linux version 5.10.194-yocto-standard (thuan.nguyen-hong@banvien) (aarch64-poky-linux-gcc (GCC) 9.3.0, GNU ld (GNU Binutils) 2.34.0.20200220) #10 SMP PREEMPT Mon Feb 19 03:51:05 UTC 2024
[    0.000000] Machine model: Renesas Salvator-X 2nd version board based on r8a77951
[    0.000000] efi: UEFI not found.
[    0.000000] Reserved memory: created CMA memory pool at 0x0000000057000000, size 16 MiB
[    0.000000] OF: reserved mem: initialized node linux,adsp@57000000, compatible id shared-dma-pool
[    0.000000] Reserved memory: created CMA memory pool at 0x0000000058000000, size 384 MiB
[    0.000000] OF: reserved mem: initialized node linux,cma@58000000, compatible id shared-dma-pool
[    0.000000] Reserved memory: created CMA memory pool at 0x0000000070000000, size 256 MiB
[    0.000000] OF: reserved mem: initialized node linux,multimedia@70000000, compatible id shared-dma-pool
[    0.000000] NUMA: No NUMA configuration found
[    0.000000] NUMA: Faking a node at [mem 0x0000000048000000-0x000000077fffffff]
[    0.000000] NUMA: NODE_DATA [mem 0x77efdab00-0x77efdcfff]
[    0.000000] Zone ranges:
[    0.000000]   DMA      [mem 0x0000000048000000-0x000000007fffffff]
[    0.000000]   DMA32    [mem 0x0000000080000000-0x00000000ffffffff]
[    0.000000]   Normal   [mem 0x0000000100000000-0x000000077fffffff]
[    0.000000] Movable zone start for each node
[    0.000000] Early memory node ranges
[    0.000000]   node   0: [mem 0x0000000048000000-0x0000000053ffffff]
[    0.000000]   node   0: [mem 0x0000000054000000-0x0000000056ffffff]
[    0.000000]   node   0: [mem 0x0000000057000000-0x00000000bfffffff]
[    0.000000]   node   0: [mem 0x0000000500000000-0x000000057fffffff]
[    0.000000]   node   0: [mem 0x0000000600000000-0x000000067fffffff]
[    0.000000]   node   0: [mem 0x0000000700000000-0x000000077fffffff]
[    0.000000] Initmem setup node 0 [mem 0x0000000048000000-0x000000077fffffff]
[    0.000000] psci: probing for conduit method from DT.
[    0.000000] psci: PSCIv1.1 detected in firmware.
[    0.000000] psci: Using standard PSCI v0.2 function IDs
[    0.000000] psci: Trusted OS resident on physical CPU 0x0
[    0.000000] psci: SMC Calling Convention v1.2
[    0.000000] percpu: Embedded 23 pages/cpu s56984 r8192 d29032 u94208
[    0.000000] Detected PIPT I-cache on CPU0
[    0.000000] CPU features: detected: EL2 vector hardening
[    0.000000] CPU features: detected: Spectre-v2
[    0.000000] CPU features: detected: ARM errata 1165522, 1319367, or 1530923
[    0.000000] CPU features: detected: Spectre-BHB
[    0.000000] CPU features: detected: ARM erratum 1742098
[    0.000000] Built 1 zonelists, mobility grouping on.  Total pages: 2032128
[    0.000000] Policy zone: Normal
[    0.000000] Kernel command line: rw root=/dev/nfs nfsroot=192.168.10.98:/data/tftpboot/BV/PT3/rootfs_H3,nfsvers=4 ip=192.168.10.107
[    0.000000] Dentry cache hash table entries: 1048576 (order: 11, 8388608 bytes, linear)
[    0.000000] Inode-cache hash table entries: 524288 (order: 10, 4194304 bytes, linear)
[    0.000000] mem auto-init: stack:off, heap alloc:off, heap free:off
[    0.000000] software IO TLB: mapped [mem 0x000000004ffe6000-0x0000000053fe6000] (64MB)
[    0.000000] Memory: 7276840K/8257536K available (15232K kernel code, 2834K rwdata, 8240K rodata, 6144K init, 517K bss, 308952K reserved, 671744K cma-reserved)
[    0.000000] SLUB: HWalign=64, Order=0-3, MinObjects=0, CPUs=8, Nodes=1
[    0.000000] rcu: Preemptible hierarchical RCU implementation.
[    0.000000] rcu: 	RCU event tracing is enabled.
[    0.000000] rcu: 	RCU restricting CPUs from NR_CPUS=256 to nr_cpu_ids=8.
[    0.000000] 	Trampoline variant of Tasks RCU enabled.
[    0.000000] rcu: RCU calculated value of scheduler-enlistment delay is 25 jiffies.
[    0.000000] rcu: Adjusting geometry for rcu_fanout_leaf=16, nr_cpu_ids=8
[    0.000000] NR_IRQS: 64, nr_irqs: 64, preallocated irqs: 0
[    0.000000] arch_timer: cp15 timer(s) running at 8.32MHz (virt).
[    0.000000] clocksource: arch_sys_counter: mask: 0xffffffffffffff max_cycles: 0x1eb398c07, max_idle_ns: 440795202503 ns
[    0.000003] sched_clock: 56 bits at 8MHz, resolution 120ns, wraps every 2199023255503ns
[    0.000207] Console: colour dummy device 80x25
[    0.000414] printk: console [tty0] enabled
[    0.000487] Calibrating delay loop (skipped), value calculated using timer frequency.. 16.64 BogoMIPS (lpj=33280)
[    0.000503] pid_max: default: 32768 minimum: 301
[    0.000560] LSM: Security Framework initializing
[    0.000649] Mount-cache hash table entries: 16384 (order: 5, 131072 bytes, linear)
[    0.000700] Mountpoint-cache hash table entries: 16384 (order: 5, 131072 bytes, linear)
[    0.002142] rcu: Hierarchical SRCU implementation.
[    0.003742] Detected Renesas R-Car Gen3 r8a7795 ES3.0
[    0.005881] EFI services will not be available.
[    0.006221] smp: Bringing up secondary CPUs ...
[    0.006678] Detected PIPT I-cache on CPU1
[    0.006728] CPU1: Booted secondary processor 0x0000000001 [0x411fd073]
[    0.007214] Detected PIPT I-cache on CPU2
[    0.007239] CPU2: Booted secondary processor 0x0000000002 [0x411fd073]
[    0.007662] Detected PIPT I-cache on CPU3
[    0.007683] CPU3: Booted secondary processor 0x0000000003 [0x411fd073]
[    0.008148] CPU features: detected: ARM erratum 845719
[    0.008161] Detected VIPT I-cache on CPU4
[    0.008208] CPU4: Booted secondary processor 0x0000000100 [0x410fd034]
[    0.008688] Detected VIPT I-cache on CPU5
[    0.008715] CPU5: Booted secondary processor 0x0000000101 [0x410fd034]
[    0.009149] Detected VIPT I-cache on CPU6
[    0.009176] CPU6: Booted secondary processor 0x0000000102 [0x410fd034]
[    0.009613] Detected VIPT I-cache on CPU7
[    0.009640] CPU7: Booted secondary processor 0x0000000103 [0x410fd034]
[    0.009719] smp: Brought up 1 node, 8 CPUs
[    0.009780] SMP: Total of 8 processors activated.
[    0.009787] CPU features: detected: 32-bit EL0 Support
[    0.009795] CPU features: detected: CRC32 instructions
[    0.009802] CPU features: detected: 32-bit EL1 Support
[    0.023007] CPU: All CPU(s) started at EL1
[    0.023059] alternatives: patching kernel code
[    0.024220] devtmpfs: initialized
[    0.031025] KASLR disabled due to lack of seed
[    0.031173] clocksource: jiffies: mask: 0xffffffff max_cycles: 0xffffffff, max_idle_ns: 7645041785100000 ns
[    0.031193] futex hash table entries: 2048 (order: 5, 131072 bytes, linear)
[    0.039832] pinctrl core: initialized pinctrl subsystem
[    0.041301] DMI not present or invalid.
[    0.041801] NET: Registered protocol family 16
[    0.042756] DMA: preallocated 1024 KiB GFP_KERNEL pool for atomic allocations
[    0.042956] DMA: preallocated 1024 KiB GFP_KERNEL|GFP_DMA pool for atomic allocations
[    0.043244] DMA: preallocated 1024 KiB GFP_KERNEL|GFP_DMA32 pool for atomic allocations
[    0.043284] audit: initializing netlink subsys (disabled)
[    0.043435] audit: type=2000 audit(0.040:1): state=initialized audit_enabled=0 res=1
[    0.044606] thermal_sys: Registered thermal governor 'power_allocator'
[    0.045129] cpuidle: using governor menu
[    0.045302] hw-breakpoint: found 6 breakpoint and 4 watchpoint registers.
[    0.045424] ASID allocator initialised with 65536 entries
[    0.046721] Serial: AMBA PL011 UART driver
[    0.089628] sh-pfc e6060000.pinctrl: r8a77951_pfc support registered
[    0.104371] HugeTLB registered 1.00 GiB page size, pre-allocated 0 pages
[    0.104389] HugeTLB registered 32.0 MiB page size, pre-allocated 0 pages
[    0.104396] HugeTLB registered 2.00 MiB page size, pre-allocated 0 pages
[    0.104403] HugeTLB registered 64.0 KiB page size, pre-allocated 0 pages
[    0.105360] cryptd: max_cpu_qlen set to 1000
[    0.107610] ACPI: Interpreter disabled.
[    0.111428] rcar-avs: use avs value: 0
[    0.111446] rcar-avs: cpu@0 is running with: opp_table0
[    0.111457] rcar-avs: cpu@1 is running with: opp_table0
[    0.111468] rcar-avs: cpu@2 is running with: opp_table0
[    0.111477] rcar-avs: cpu@3 is running with: opp_table0
[    0.111564] rcar-avs: gsx@fd000000 is running with: gsx_opp_table0
[    0.112984] iommu: Default domain type: Translated 
[    0.113562] ipmmu-vmsa e67b0000.iommu: IPMMU context 0 is reserved
[    0.114528] vgaarb: loaded
[    0.114735] SCSI subsystem initialized
[    0.114983] usbcore: registered new interface driver usbfs
[    0.115011] usbcore: registered new interface driver hub
[    0.115035] usbcore: registered new device driver usb
[    0.118603] i2c-sh_mobile e60b0000.i2c: I2C adapter 7, bus speed 400000 Hz
[    0.119149] mc: Linux media interface: v0.10
[    0.119171] videodev: Linux video capture interface: v2.00
[    0.119216] pps_core: LinuxPPS API ver. 1 registered
[    0.119224] pps_core: Software ver. 5.3.6 - Copyright 2005-2007 Rodolfo Giometti <giometti@linux.it>
[    0.119238] PTP clock support registered
[    0.119415] EDAC MC: Ver: 3.0.0
[    0.121395] FPGA manager framework
[    0.121461] Advanced Linux Sound Architecture Driver Initialized.
[    0.122017] clocksource: Switched to clocksource arch_sys_counter
[    0.122166] VFS: Disk quotas dquot_6.6.0
[    0.122208] VFS: Dquot-cache hash table entries: 512 (order 0, 4096 bytes)
[    0.122332] pnp: PnP ACPI: disabled
[    0.125837] NET: Registered protocol family 2
[    0.126257] IP idents hash table entries: 131072 (order: 8, 1048576 bytes, linear)
[    0.128535] tcp_listen_portaddr_hash hash table entries: 4096 (order: 4, 65536 bytes, linear)
[    0.128611] TCP established hash table entries: 65536 (order: 7, 524288 bytes, linear)
[    0.128897] TCP bind hash table entries: 65536 (order: 8, 1048576 bytes, linear)
[    0.129477] TCP: Hash tables configured (established 65536 bind 65536)
[    0.129601] UDP hash table entries: 4096 (order: 5, 131072 bytes, linear)
[    0.129718] UDP-Lite hash table entries: 4096 (order: 5, 131072 bytes, linear)
[    0.129938] NET: Registered protocol family 1
[    0.130333] RPC: Registered named UNIX socket transport module.
[    0.130345] RPC: Registered udp transport module.
[    0.130351] RPC: Registered tcp transport module.
[    0.130356] RPC: Registered tcp NFSv4.1 backchannel transport module.
[    0.130369] PCI: CLS 0 bytes, default 64
[    0.131286] hw perfevents: enabled with armv8_cortex_a53 PMU driver, 7 counters available
[    0.131566] hw perfevents: enabled with armv8_cortex_a57 PMU driver, 7 counters available
[    0.132194] kvm [1]: HYP mode not available
[    0.135153] Initialise system trusted keyrings
[    0.135274] workingset: timestamp_bits=42 max_order=21 bucket_order=0
[    0.138386] squashfs: version 4.0 (2009/01/31) Phillip Lougher
[    0.138785] NFS: Registering the id_resolver key type
[    0.138811] Key type id_resolver registered
[    0.138817] Key type id_legacy registered
[    0.138871] nfs4filelayout_init: NFSv4 File Layout Driver Registering...
[    0.138882] nfs4flexfilelayout_init: NFSv4 Flexfile Layout Driver Registering...
[    0.138980] 9p: Installing v9fs 9p2000 file system support
[    0.165232] Key type asymmetric registered
[    0.165244] Asymmetric key parser 'x509' registered
[    0.165273] Block layer SCSI generic (bsg) driver version 0.4 loaded (major 243)
[    0.165284] io scheduler mq-deadline registered
[    0.165293] io scheduler kyber registered
[    0.181355] gpio_rcar e6050000.gpio: driving 16 GPIOs
[    0.181642] gpio_rcar e6051000.gpio: driving 29 GPIOs
[    0.181900] gpio_rcar e6052000.gpio: driving 15 GPIOs
[    0.182207] gpio_rcar e6053000.gpio: driving 16 GPIOs
[    0.182507] gpio_rcar e6054000.gpio: driving 18 GPIOs
[    0.182810] gpio_rcar e6055000.gpio: driving 26 GPIOs
[    0.183102] gpio_rcar e6055400.gpio: driving 32 GPIOs
[    0.183378] gpio_rcar e6055800.gpio: driving 4 GPIOs
[    0.186404] rcar-pcie fe000000.pcie: host bridge /soc/pcie@fe000000 ranges:
[    0.186434] rcar-pcie fe000000.pcie:       IO 0x00fe100000..0x00fe1fffff -> 0x0000000000
[    0.186456] rcar-pcie fe000000.pcie:      MEM 0x00fe200000..0x00fe3fffff -> 0x00fe200000
[    0.186474] rcar-pcie fe000000.pcie:      MEM 0x0030000000..0x0037ffffff -> 0x0030000000
[    0.186488] rcar-pcie fe000000.pcie:      MEM 0x0038000000..0x003fffffff -> 0x0038000000
[    0.186506] rcar-pcie fe000000.pcie:   IB MEM 0x0040000000..0x007fffffff -> 0x0040000000
[    0.186549] rcar-pcie fe000000.pcie: no pcie3v3 regulator found
[    0.186559] rcar-pcie fe000000.pcie: no pcie1v8 regulator found
[    0.257737] rcar-pcie fe000000.pcie: PCIe link down
[    0.257926] rcar-pcie ee800000.pcie: host bridge /soc/pcie@ee800000 ranges:
[    0.257950] rcar-pcie ee800000.pcie:       IO 0x00ee900000..0x00ee9fffff -> 0x0000000000
[    0.257971] rcar-pcie ee800000.pcie:      MEM 0x00eea00000..0x00eebfffff -> 0x00eea00000
[    0.257989] rcar-pcie ee800000.pcie:      MEM 0x00c0000000..0x00c7ffffff -> 0x00c0000000
[    0.258003] rcar-pcie ee800000.pcie:      MEM 0x00c8000000..0x00cfffffff -> 0x00c8000000
[    0.258037] rcar-pcie ee800000.pcie:   IB MEM 0x0040000000..0x007fffffff -> 0x0040000000
[    0.258070] rcar-pcie ee800000.pcie: no pcie3v3 regulator found
[    0.258079] rcar-pcie ee800000.pcie: no pcie1v8 regulator found
[    0.418016] rcar-pcie ee800000.pcie: PCIe link down
[    0.420497] EINJ: ACPI disabled.
[    0.457253] Serial: 8250/16550 driver, 4 ports, IRQ sharing enabled
[    0.459673] SuperH (H)SCI(F) driver initialized
[    0.460093] e6550000.serial: ttySC1 at MMIO 0xe6550000 (irq = 42, base_baud = 0) is a hscif
[    0.460818] e6e88000.serial: ttySC0 at MMIO 0xe6e88000 (irq = 128, base_baud = 0) is a scif
[    1.665446] printk: console [ttySC0] enabled
[    1.670771] msm_serial: driver initialized
[    1.681131] rcar-dw-hdmi fead0000.hdmi: Detected HDMI TX controller v2.01a with HDCP (DWC HDMI 2.0 TX PHY)
[    1.691034] rcar-dw-hdmi fead0000.hdmi: registered DesignWare HDMI I2C bus driver
[    1.699281] rcar-dw-hdmi feae0000.hdmi: Detected HDMI TX controller v2.01a with HDCP (DWC HDMI 2.0 TX PHY)
[    1.709128] rcar-dw-hdmi feae0000.hdmi: registered DesignWare HDMI I2C bus driver
[    1.724621] loop: module loaded
[    1.729138] megasas: 07.714.04.00-rc1
[    1.734862] scsi host0: sata_rcar
[    1.738336] ata1: SATA max UDMA/133 irq 181
[    1.747687] tun: Universal TUN/TAP device driver, 1.6
[    1.753660] thunder_xcv, ver 1.0
[    1.756927] thunder_bgx, ver 1.0
[    1.760175] nicpf, ver 1.0
[    1.764310] hclge is initializing
[    1.767648] hns3: Hisilicon Ethernet Network Driver for Hip08 Family - version
[    1.774871] hns3: Copyright (c) 2017 Huawei Corporation.
[    1.780208] e1000: Intel(R) PRO/1000 Network Driver
[    1.785087] e1000: Copyright (c) 1999-2006 Intel Corporation.
[    1.790854] e1000e: Intel(R) PRO/1000 Network Driver
[    1.795818] e1000e: Copyright(c) 1999 - 2015 Intel Corporation.
[    1.801756] igb: Intel(R) Gigabit Ethernet Network Driver
[    1.807156] igb: Copyright (c) 2007-2014 Intel Corporation.
[    1.812742] igbvf: Intel(R) Gigabit Virtual Function Network Driver
[    1.819014] igbvf: Copyright (c) 2009 - 2012 Intel Corporation.
[    1.825349] sky2: driver version 1.30
[    1.832870] ravb e6800000.ethernet eth0: Base address at 0xe6800000, 2e:09:0a:00:c3:9a, IRQ 125.
[    1.843117] VFIO - User Level meta-driver version: 0.3
[    1.850244] ehci_hcd: USB 2.0 'Enhanced' Host Controller (EHCI) Driver
[    1.856779] ehci-pci: EHCI PCI platform driver
[    1.861249] ehci-platform: EHCI generic platform driver
[    1.866863] ehci-platform ee0a0100.usb: EHCI Host Controller
[    1.872546] ehci-platform ee0a0100.usb: new USB bus registered, assigned bus number 1
[    1.880458] ehci-platform ee0a0100.usb: irq 175, io mem 0xee0a0100
[    1.902025] ehci-platform ee0a0100.usb: USB 2.0 started, EHCI 1.10
[    1.908553] hub 1-0:1.0: USB hub found
[    1.912329] hub 1-0:1.0: 1 port detected
[    1.916742] ehci-platform ee0c0100.usb: EHCI Host Controller
[    1.922416] ehci-platform ee0c0100.usb: new USB bus registered, assigned bus number 2
[    1.930303] ehci-platform ee0c0100.usb: irq 176, io mem 0xee0c0100
[    1.950023] ehci-platform ee0c0100.usb: USB 2.0 started, EHCI 1.10
[    1.956480] hub 2-0:1.0: USB hub found
[    1.960247] hub 2-0:1.0: 1 port detected
[    1.990062] ehci-platform ee0e0100.usb: EHCI Host Controller
[    1.995738] ehci-platform ee0e0100.usb: new USB bus registered, assigned bus number 3
[    2.003609] ehci-platform ee0e0100.usb: irq 177, io mem 0xee0e0100
[    2.022020] ehci-platform ee0e0100.usb: USB 2.0 started, EHCI 1.10
[    2.028450] hub 3-0:1.0: USB hub found
[    2.032218] hub 3-0:1.0: 1 port detected
[    2.036587] ehci-orion: EHCI orion driver
[    2.040843] ehci-exynos: EHCI Exynos driver
[    2.045144] ohci_hcd: USB 1.1 'Open' Host Controller (OHCI) Driver
[    2.051341] ohci-pci: OHCI PCI platform driver
[    2.055824] ohci-platform: OHCI generic platform driver
[    2.061345] ohci-platform ee0a0000.usb: Generic Platform OHCI controller
[    2.068065] ohci-platform ee0a0000.usb: new USB bus registered, assigned bus number 4
[    2.075941] ohci-platform ee0a0000.usb: irq 175, io mem 0xee0a0000
[    2.158030] ata1: link resume succeeded after 1 retries
[    2.172342] hub 4-0:1.0: USB hub found
[    2.176116] hub 4-0:1.0: 1 port detected
[    2.180437] ohci-platform ee0c0000.usb: Generic Platform OHCI controller
[    2.187151] ohci-platform ee0c0000.usb: new USB bus registered, assigned bus number 5
[    2.195020] ohci-platform ee0c0000.usb: irq 176, io mem 0xee0c0000
[    2.269542] ata1: SATA link down (SStatus 0 SControl 300)
[    2.288269] hub 5-0:1.0: USB hub found
[    2.292041] hub 5-0:1.0: 1 port detected
[    2.296365] ohci-platform ee0e0000.usb: Generic Platform OHCI controller
[    2.303078] ohci-platform ee0e0000.usb: new USB bus registered, assigned bus number 6
[    2.310953] ohci-platform ee0e0000.usb: irq 177, io mem 0xee0e0000
[    2.404264] hub 6-0:1.0: USB hub found
[    2.408030] hub 6-0:1.0: 1 port detected
[    2.412362] ohci-exynos: OHCI Exynos driver
[    2.417183] xhci-hcd ee000000.usb: xHCI Host Controller
[    2.422421] xhci-hcd ee000000.usb: new USB bus registered, assigned bus number 7
[    2.445675] xhci-hcd ee000000.usb: hcc params 0x014051ce hci version 0x100 quirks 0x0000000000830410
[    2.454841] xhci-hcd ee000000.usb: irq 172, io mem 0xee000000
[    2.460705] xhci-hcd ee000000.usb: xHCI Host Controller
[    2.465940] xhci-hcd ee000000.usb: new USB bus registered, assigned bus number 8
[    2.473344] xhci-hcd ee000000.usb: Host supports USB 3.0 SuperSpeed
[    2.479892] hub 7-0:1.0: USB hub found
[    2.483661] hub 7-0:1.0: 1 port detected
[    2.487745] usb usb8: We don't know the algorithms for LPM for this host, disabling LPM.
[    2.496095] hub 8-0:1.0: USB hub found
[    2.499864] hub 8-0:1.0: 1 port detected
[    2.504636] usbcore: registered new interface driver usb-storage
[    2.512321] renesas_usbhs e6590000.usb: host probed
[    2.517211] renesas_usbhs e6590000.usb: no transceiver found
[    2.522936] renesas_usbhs e6590000.usb: gadget probed
[    2.528159] renesas_usbhs e6590000.usb: probed
[    2.533075] renesas_usbhs e659c000.usb: host probed
[    2.537968] renesas_usbhs e659c000.usb: no transceiver found
[    2.543681] renesas_usbhs e659c000.usb: gadget probed
[    2.548874] renesas_usbhs e659c000.usb: probed
[    2.555765] i2c /dev entries driver
[    2.570328] cs2000-cp 2-004f: revision - C1
[    2.574572] i2c-rcar e6510000.i2c: probed
[    2.579393] pca953x 4-0020: supply vcc not found, using dummy regulator
[    2.586087] pca953x 4-0020: using no AI
[    2.590733] gpio-355 (PCIE/SATA switch): hogged as output/low
[    2.603011] i2c-rcar e66d8000.i2c: probed
[    2.608294] adv748x 4-0070: Endpoint /soc/i2c@e66d8000/video-receiver@70/port@7/endpoint on port 7
[    2.617280] adv748x 4-0070: Endpoint /soc/i2c@e66d8000/video-receiver@70/port@8/endpoint on port 8
[    2.626252] adv748x 4-0070: Endpoint /soc/i2c@e66d8000/video-receiver@70/port@a/endpoint on port 10
[    2.635315] adv748x 4-0070: Endpoint /soc/i2c@e66d8000/video-receiver@70/port@b/endpoint on port 11
[    2.644710] adv748x 4-0070: chip found @ 0xe0 revision 2143
[    2.698043] rcar-csi2 fea80000.csi2: 1 lanes found
[    2.703149] rcar-csi2 feaa0000.csi2: 4 lanes found
[    2.712656] rcar-vin e6ef0000.video: Device registered as video0
[    2.718753] rcar-vin e6ef1000.video: Device registered as video1
[    2.724826] rcar-vin e6ef2000.video: Device registered as video2
[    2.730896] rcar-vin e6ef3000.video: Device registered as video3
[    2.736982] rcar-vin e6ef4000.video: Device registered as video4
[    2.743058] rcar-vin e6ef5000.video: Device registered as video5
[    2.749137] rcar-vin e6ef6000.video: Device registered as video6
[    2.755213] rcar-vin e6ef7000.video: Device registered as video7
[    2.764109] rcar_gen3_thermal e6198000.thermal: is using pseudo fixed FUSE values
[    2.776279] rcar_gen3_thermal e6198000.thermal: TSC0: Loaded 1 trip points
[    2.787545] rcar_gen3_thermal e6198000.thermal: TSC1: Loaded 1 trip points
[    2.798703] rcar_gen3_thermal e6198000.thermal: TSC2: Loaded 3 trip points
[    2.810784] sdhci: Secure Digital Host Controller Interface driver
[    2.816994] sdhci: Copyright(c) Pierre Ossman
[    2.822176] Synopsys Designware Multimedia Card Interface Driver
[    2.822493] renesas_sdhi_internal_dmac ee140000.mmc: Adding to iommu group 0
[    2.822501] renesas_sdhi_internal_dmac ee100000.mmc: Got CD GPIO
[    2.822521] renesas_sdhi_internal_dmac ee100000.mmc: Got WP GPIO
[    2.822740] renesas_sdhi_internal_dmac ee160000.mmc: Got CD GPIO
[    2.822770] renesas_sdhi_internal_dmac ee160000.mmc: Got WP GPIO
[    2.829536] sdhci-pltfm: SDHCI platform and OF driver helper
[    2.835280] renesas_sdhi_internal_dmac ee140000.mmc: Using IPMMU context 1
[    2.872618] ledtrig-cpu: registered to indicate activity on CPUs
[    2.879636] SMCCC: SOC_ID: ARCH_SOC_ID not implemented, skipping ....
[    2.886674] usbcore: registered new interface driver usbhid
[    2.892250] usbhid: USB HID core driver
[    2.899868] optee: probing for conduit method.
[    2.904332] optee: revision 3.22 (314ecf9d)
[    2.904818] optee driver R-Car Rev.1.0.11
[    2.913437] optee: dynamic shared memory is enabled
[    2.918579] optee: initialized driver
[    2.921089] renesas_sdhi_internal_dmac ee140000.mmc: mmc0 base at 0x00000000ee140000, max clock rate 200 MHz
[    2.935430] rcar_sound ec500000.sound: probed
[    2.940473] NET: Registered protocol family 17
[    2.945047] 9pnet: Installing 9P2000 support
[    2.949372] Key type dns_resolver registered
[    2.953983] registered taskstats version 1
[    2.958092] Loading compiled-in X.509 certificates
[    2.972783] thermal emergency: set temperature to 110 celsius
[    2.978758] thermal emergency: shutdown target cpus 1-7
[    2.983987] thermal emergency: freq scaled target cpus 0
[    2.989651] renesas_irqc e61c0000.interrupt-controller: driving 6 irqs
[    3.004595] mmc0: new HS400 MMC card at address 0001
[    3.010310] mmcblk0: mmc0:0001 BGSD3R 29.1 GiB 
[    3.015255] mmcblk0boot0: mmc0:0001 BGSD3R partition 1 16.0 MiB
[    3.021572] mmcblk0boot1: mmc0:0001 BGSD3R partition 2 16.0 MiB
[    3.027594] mmcblk0rpmb: mmc0:0001 BGSD3R partition 3 4.00 MiB, chardev (509:0)
[    3.036315]  mmcblk0: p1
[    3.046045] ehci-platform ee080100.usb: EHCI Host Controller
[    3.051760] ehci-platform ee080100.usb: new USB bus registered, assigned bus number 9
[    3.059660] ehci-platform ee080100.usb: irq 174, io mem 0xee080100
[    3.078018] ehci-platform ee080100.usb: USB 2.0 started, EHCI 1.10
[    3.084681] hub 9-0:1.0: USB hub found
[    3.088454] hub 9-0:1.0: 1 port detected
[    3.093955] ohci-platform ee080000.usb: Generic Platform OHCI controller
[    3.100685] ohci-platform ee080000.usb: new USB bus registered, assigned bus number 10
[    3.108663] ohci-platform ee080000.usb: irq 174, io mem 0xee080000
[    3.204548] hub 10-0:1.0: USB hub found
[    3.208408] hub 10-0:1.0: 1 port detected
[    3.213761] cpu cpu0: EM: created perf domain
[    3.218670] cpu cpu4: EM: created perf domain
[    3.228029] renesas_sdhi_internal_dmac ee100000.mmc: Got CD GPIO
[    3.229090] renesas_sdhi_internal_dmac ee160000.mmc: Got CD GPIO
[    3.231161] [drm] Initialized rcar-du 1.0.0 20130110 for feb00000.display on minor 0
[    3.231164] [drm] Device feb00000.display probed
[    3.234107] renesas_sdhi_internal_dmac ee100000.mmc: Got WP GPIO
[    3.240153] renesas_sdhi_internal_dmac ee160000.mmc: Got WP GPIO
[    3.274037] usb 1-1: new high-speed USB device number 2 using ehci-platform
[    3.297230] renesas_sdhi_internal_dmac ee100000.mmc: mmc1 base at 0x00000000ee100000, max clock rate 200 MHz
[    3.302668] Console: switching to colour frame buffer device 128x48
[    3.312480] renesas_sdhi_internal_dmac ee160000.mmc: mmc2 base at 0x00000000ee160000, max clock rate 200 MHz
[    3.352988] rcar-du feb00000.display: [drm] fb0: rcar-dudrmfb frame buffer device
[    3.365738] input: keys as /devices/platform/keys/input/input0
[    3.432388] usb-storage 1-1:1.0: USB Mass Storage device detected
[    3.439327] scsi host1: usb-storage 1-1:1.0
[    3.451126] Micrel KSZ9031 Gigabit PHY e6800000.ethernet-ffffffff:00: attached PHY driver [Micrel KSZ9031 Gigabit PHY] (mii_bus:phy_addr=e6800000.ethernet-ffffffff:00, irq=183)
[    4.447600] scsi 1:0:0:0: Direct-Access     SanDisk  Extreme Pro      0    PQ: 0 ANSI: 6
[    4.458445] sd 1:0:0:0: [sda] 250085376 512-byte logical blocks: (128 GB/119 GiB)
[    4.467488] sd 1:0:0:0: [sda] Write Protect is off
[    4.473682] sd 1:0:0:0: [sda] Write cache: enabled, read cache: enabled, doesn't support DPO or FUA
[    4.490062]  sda: sda1
[    4.497185] sd 1:0:0:0: [sda] Attached SCSI removable disk
[   10.165562] ravb e6800000.ethernet eth0: Link is Up - 1Gbps/Full - flow control off
[   10.194047] IP-Config: Guessing netmask 255.255.255.0
[   10.199227] IP-Config: Complete:
[   10.206360]      device=eth0, hwaddr=2e:09:0a:00:c3:9a, ipaddr=192.168.10.107, mask=255.255.255.0, gw=255.255.255.255
[   10.221071]      host=192.168.10.107, domain=, nis-domain=(none)
[   10.231183]      bootserver=255.255.255.255, rootserver=192.168.10.98, rootpath=
[   10.231780] ALSA device list:
[   10.248099]   No soundcards found.
[   11.300215] VFS: Mounted root (nfs4 filesystem) on device 0:22.
[   11.311281] devtmpfs: mounted
[   11.321025] Freeing unused kernel memory: 6144K
[   11.350223] Run /sbin/init as init process
[   11.521431] systemd[1]: System time before build time, advancing clock.
[   11.840096] NET: Registered protocol family 10
[   11.846271] Segment Routing with IPv6
[   11.866480] systemd[1]: systemd 244 running in system mode. (+PAM -AUDIT -SELINUX +IMA -APPARMOR -SMACK +SYSVINIT +UTMP -LIBCRYPTSETUP -GCRYPT -GNUTLS +ACL +XZ -LZ4 -SECCOMP +BLKID -ELFUTILS +KMOD -IDN2 -IDN -PCRE2 default-hierarchy=hybrid)
[   11.889900] systemd[1]: Detected architecture arm64.

Welcome to [1mPoky (Yocto Project Reference Distro) 3.1.11 (dunfell)[0m!

[   11.924465] systemd[1]: Set hostname to <salvator-x>.
[   12.767037] random: systemd: uninitialized urandom read (16 bytes read)
[   12.778652] systemd[1]: system-getty.slice: unit configures an IP firewall, but the local system does not support BPF/cgroup firewalling.
[   12.800442] systemd[1]: (This warning is only shown for the first unit using IP firewalling.)
[   12.815184] systemd[1]: Created slice system-getty.slice.
[[0;32m  OK  [0m] Created slice [0;1;39msystem-getty.slice[0m.
[   12.838227] random: systemd: uninitialized urandom read (16 bytes read)
[   12.847314] systemd[1]: Created slice system-serial\x2dgetty.slice.
[[0;32m  OK  [0m] Created slice [0;1;39msystem-serial\x2dgetty.slice[0m.
[   12.870142] random: systemd: uninitialized urandom read (16 bytes read)
[   12.878994] systemd[1]: Created slice User and Session Slice.
[[0;32m  OK  [0m] Created slice [0;1;39mUser and Session Slice[0m.
[   12.902354] systemd[1]: Started Dispatch Password Requests to Console Directory Watch.
[[0;32m  OK  [0m] Started [0;1;39mDispatch Password â€¦ts to Console Directory Watch[0m.
[   12.930404] systemd[1]: Started Forward Password Requests to Wall Directory Watch.
[[0;32m  OK  [0m] Started [0;1;39mForward Password Râ€¦uests to Wall Directory Watch[0m.
[   12.958320] systemd[1]: Reached target Paths.
[[0;32m  OK  [0m] Reached target [0;1;39mPaths[0m.
[   12.982239] systemd[1]: Reached target Remote File Systems.
[[0;32m  OK  [0m] Reached target [0;1;39mRemote File Systems[0m.
[   13.006200] systemd[1]: Reached target Slices.
[[0;32m  OK  [0m] Reached target [0;1;39mSlices[0m.
[   13.030210] systemd[1]: Reached target Swap.
[[0;32m  OK  [0m] Reached target [0;1;39mSwap[0m.
[   13.057190] systemd[1]: Listening on RPCbind Server Activation Socket.
[[0;32m  OK  [0m] Listening on [0;1;39mRPCbind Server Activation Socket[0m.
[   13.086269] systemd[1]: Reached target RPC Port Mapper.
[[0;32m  OK  [0m] Reached target [0;1;39mRPC Port Mapper[0m.
[   13.110554] systemd[1]: Listening on initctl Compatibility Named Pipe.
[[0;32m  OK  [0m] Listening on [0;1;39minitctl Compatibility Named Pipe[0m.
[   13.140330] systemd[1]: Listening on Journal Audit Socket.
[[0;32m  OK  [0m] Listening on [0;1;39mJournal Audit Socket[0m.
[   13.167706] systemd[1]: Listening on Journal Socket (/dev/log).
[[0;32m  OK  [0m] Listening on [0;1;39mJournal Socket (/dev/log)[0m.
[   13.194884] systemd[1]: Listening on Journal Socket.
[[0;32m  OK  [0m] Listening on [0;1;39mJournal Socket[0m.
[   13.220009] systemd[1]: Listening on Network Service Netlink Socket.
[[0;32m  OK  [0m] Listening on [0;1;39mNetwork Service Netlink Socket[0m.
[   13.248299] systemd[1]: Listening on udev Control Socket.
[[0;32m  OK  [0m] Listening on [0;1;39mudev Control Socket[0m.
[   13.274742] systemd[1]: Listening on udev Kernel Socket.
[[0;32m  OK  [0m] Listening on [0;1;39mudev Kernel Socket[0m.
[   13.303540] systemd[1]: Mounting Huge Pages File System...
         Mounting [0;1;39mHuge Pages File System[0m...
[   13.331334] systemd[1]: Mounting POSIX Message Queue File System...
         Mounting [0;1;39mPOSIX Message Queue File System[0m...
[   13.363324] systemd[1]: Mounting Kernel Debug File System...
         Mounting [0;1;39mKernel Debug File System[0m...
[   13.393587] systemd[1]: Mounting Temporary Directory (/tmp)...
         Mounting [0;1;39mTemporary Directory (/tmp)[0m...
[   13.424083] systemd[1]: Starting Create list of static device nodes for the current kernel...
         Starting [0;1;39mCreate list of stâ€¦odes for the current kernel[0m...
[   13.459141] systemd[1]: Starting Start psplash boot splash screen...
         Starting [0;1;39mStart psplash boot splash screen[0m...
[   13.492838] systemd[1]: Starting RPC Bind...
         Starting [0;1;39mRPC Bind[0m...
[   13.510069] random: crng init done
[   13.513480] random: 22 urandom warning(s) missed due to ratelimiting
[   13.530970] systemd[1]: Condition check resulted in File System Check on Root Device being skipped.
[   13.545288] systemd[1]: Starting Journal Service...
         Starting [0;1;39mJournal Service[0m...
[   13.571101] systemd[1]: Starting Load Kernel Modules...
         Starting [0;1;39mLoad Kernel Modules[0m...
[   13.595423] systemd[1]: Starting Remount Root and Kernel File Systems...
         Starting [0;1;39mRemount Root and Kernel File Systems[0m...
[   13.623924] systemd[1]: Starting udev Coldplug all Devices...
         Starting [0;1;39mudev Coldplug all Devices[0m...
[   13.652276] systemd[1]: Started Start psplash boot splash screen.
[[0;32m  OK  [0m] Started [0;1;39mStart psplash boot splash screen[0m.
[   13.678631] systemd[1]: Started RPC Bind.
[[0;32m  OK  [0m] Started [0;1;39mRPC Bind[0m.
[   13.702621] systemd[1]: Started Journal Service.
[[0;32m  OK  [0m] Started [0;1;39mJournal Service[0m.
[[0;32m  OK  [0m] Mounted [0;1;39mHuge Pages File System[0m.
[[0;32m  OK  [0m] Mounted [0;1;39mPOSIX Message Queue File System[0m.
[[0;32m  OK  [0m] Mounted [0;1;39mKernel Debug File System[0m.
[[0;32m  OK  [0m] Mounted [0;1;39mTemporary Directory (/tmp)[0m.
[[0;32m  OK  [0m] Started [0;1;39mCreate list of staâ€¦ nodes for the current kernel[0m.
[[0;32m  OK  [0m] Started [0;1;39mLoad Kernel Modules[0m.
[[0;32m  OK  [0m] Started [0;1;39mRemount Root and Kernel File Systems[0m.
         Mounting [0;1;39mKernel Configuration File System[0m...
[[0;32m  OK  [0m] Started [0;1;39mStart psplash-systâ€¦progress communication helper[0m.
         Starting [0;1;39mFlush Journal to Persistent Storage[0m...
         Starting [0;1;39mApply Kernel Variables[0m...
[   13.923133] systemd-journald[382]: Received client request to flush runtime journal.
         Starting [0;1;39mCreate Static Device Nodes in /dev[0m...
[[0;32m  OK  [0m] Mounted [0;1;39mKernel Configuration File System[0m.
[[0;32m  OK  [0m] Started [0;1;39mFlush Journal to Persistent Storage[0m.
[[0;32m  OK  [0m] Started [0;1;39mApply Kernel Variables[0m.
[[0;32m  OK  [0m] Started [0;1;39mCreate Static Device Nodes in /dev[0m.
[[0;32m  OK  [0m] Reached target [0;1;39mLocal File Systems (Pre)[0m.
         Mounting [0;1;39m/var/volatile[0m...
         Starting [0;1;39mudev Kernel Device Manager[0m...
[[0;32m  OK  [0m] Mounted [0;1;39m/var/volatile[0m.
[[0;32m  OK  [0m] Started [0;1;39mudev Coldplug all Devices[0m.
         Starting [0;1;39mLoad/Save Random Seed[0m...
[[0;32m  OK  [0m] Reached target [0;1;39mLocal File Systems[0m.
         Starting [0;1;39mCreate Volatile Files and Directories[0m...
[[0;32m  OK  [0m] Started [0;1;39mLoad/Save Random Seed[0m.
[[0;32m  OK  [0m] Started [0;1;39mudev Kernel Device Manager[0m.
         Starting [0;1;39mNetwork Service[0m...
[[0;32m  OK  [0m] Started [0;1;39mCreate Volatile Files and Directories[0m.
         Starting [0;1;39mNetwork Time Synchronization[0m...
         Starting [0;1;39mUpdate UTMP about System Boot/Shutdown[0m...
[[0;32m  OK  [0m] Started [0;1;39mNetwork Service[0m.
         Starting [0;1;39mNetwork Name Resolution[0m...
[[0;32m  OK  [0m] Started [0;1;39mUpdate UTMP about System Boot/Shutdown[0m.
[[0;32m  OK  [0m] Started [0;1;39mNetwork Time Synchronization[0m.
[   14.500698] pwm-backlight: probe of backlight failed with error -16
[[0;32m  OK  [0m] Reached target [0;1;39mSystem Initialization[0m.
[[0;32m  OK  [0m] Started [0;1;39mDaily Cleanup of Temporary Directories[0m.
[[0;32m  OK  [0m] Reached target [0;1;39mSystem Time Set[0m.
[[0;32m  OK  [0m] Reached target [0;1;39mSystem Time Synchronized[0m.
[   14.595547] at24 7-0050: supply vcc not found, using dummy regulator
[   14.603057] at24 7-0050: 128 byte br24t01 EEPROM, writable, 8 bytes/write
[[0;32m  OK  [0m] Reached target [0;1;39mTimers[0m.
[[0;32m  OK  [0m] Listening on [0;1;39mAvahi mDNS/DNS-SD Stack Activation Socket[0m.
[[0;32m  OK  [0m] Listening on [0;1;39mD-Bus System Message Bus Socket[0m.
[[0;32m  OK  [0m] Listening on [0;1;39mdropbear.socket[0m.
[   14.692820] renesas_usb3 ee020000.usb: probed with phy
[[0;32m  OK  [0m] Reached target [0;1;39mSockets[0m.
[[0;32m  OK  [0m] Reached target [0;1;39mBasic System[0m.
[[0;32m  OK  [0m] Started [0;1;39mD-Bus Syste[   14.741638] ccree e6601000.crypto: ARM CryptoCell 630P Driver: HW version 0xAF400001/0xDCC63000, Driver version 5.0
m Message Bus[0m.
[[0;32m  OK  [0m] Started [0;1;39moptee services[0m.
         Starting [0;1;39mpvrinit.service[0m..[   14.791107] ccree e6601000.crypto: ARM ccree device initialized
.
         Starting [0;1;39mPowerVR consumer services[0m...
         Starting [0;1;39mLogin Service[0m...
[[0;32m  OK  [0m] Started [0;1;39mNetwork Name Resolution[0m.
[[0;1;31mFAILED[0m] Failed to start [0;1;39mPowerVR consumer services[0m.
See 'systemctl status rc.pvr.service' for details.
[[0;1;38;5;185mDEPEND[0m] Dependency failed for [0;1;39mWeston Wayland Compositor[0m.
[[0;1;31mFAILED[0m] Failed to start [0;1;39mpvrinit.service[0m.
See 'systemctl status pvrinit.service' for details.
[[0;32m  OK  [0m] Started [0;1;39mLogin Service[0m.
[[0;32m  OK  [0m] Created slice [0;1;39msystem-weston.slice[0m.
[[0;32m  OK  [0m] Reached target [0;1;39mNetwork[0m.
[[0;32m  OK  [0m] Reached target [0;1;39mHost and Network Name Lookups[0m.
[[0;32m  OK  [0m] Reached target [0;1;39mHardware activated USB gadget[0m.
         Starting [0;1;39mAvahi mDNS/DNS-SD Stack[0m...
         Starting [0;1;39mset_default_governor.service[0m...
         Starting [0;1;39mPermit User Sessions[0m...
[[0;32m  OK  [0m] Started [0;1;39mXinetd A Powerful Replacement For Inetd[0m.
[   15.286236] rd 0-7: Disabling EAS, schedutil is mandatory
[[0;32m  OK  [0m] Started [0;1;39mPermit User Sessions[0m.
[[0;32m  OK  [0m] Started [0;1;39mAvahi mDNS/DNS-SD Stack[0m.
[[0;32m  OK  [0m] Started [0;1;39mset_default_governor.service[0m.
[[0;32m  OK  [0m] Started [0;1;39mGetty on tty1[0m.
[[0;32m  OK  [0m] Started [0;1;39mSerial Getty on ttySC0[0m.
[[0;32m  OK  [0m] Reached target [0;1;39mLogin Prompts[0m.
[[0;32m  OK  [0m] Reached target [0;1;39mMulti-User System[0m.
         Starting [0;1;39mUpdate UTMP about System Runlevel Changes[0m...
[[0;32m  OK  [0m] Started [0;1;39mUpdate UTMP about System Runlevel Changes[0m.

Poky (Yocto Project Reference Distro) 3.1.11 salvator-x ttySC0

salvator-x login: 
salvator-x login: root
[   17.094362] audit: type=1006 audit(1703064537.572:2): pid=553 uid=0 old-auid=4294967295 auid=0 tty=(none) old-ses=4294967295 ses=1 res=1
7[r[999;999H[6n8root@salvator-x:~# 
root@salvator-x:~# 
root@salvator-x:~# 
root@salvator-x:~# 
root@salvator-x:~# 
root@salvator-x:~# 
root@salvator-x:~# 
root@salvator-x:~# 
root@salvator-x:~# 
----------Prepare----------


root@salvator-x:~# find /sys/devices/platform/soc/ee0a0100.usb/ -name 'sd*'
/sys/devices/platform/soc/ee0a0100.usb/usb1/1-1/1-1:1.0/host1/target1:0:0/1:0:0:0/block/sda
/sys/devices/platform/soc/ee0a0100.usb/usb1/1-1/1-1:1.0/host1/target1:0:0/1:0:0:0/block/sda/sda1
root@salvator-x:~# 
root@salvator-x:~# dd if=/dev/urandom of=testdata bs=10M count=5
5+0 records in
5+0 records out
52428800 bytes (52 MB, 50 MiB) copied, 1.36262 s, 38.5 MB/s
root@salvator-x:~# 
root@salvator-x:~# mkdir -p /mnt/usb
root@salvator-x:~# 
root@salvator-x:~# mount /dev/sda1 /mnt/usb
[   39.252357] EXT4-fs (sda1): recovery complete
[   39.258297] EXT4-fs (sda1): mounted filesystem with ordered data mode. Opts: (null)
root@salvator-x:~# 
root@salvator-x:~# cp testdata /mnt/usb/
[   41.950225] SDHI0 VccQ: disabling
[   41.953647] SDHI3 VccQ: disabling
root@salvator-x:~# 
root@salvator-x:~# umount /mnt/usb
root@salvator-x:~# 
root@salvator-x:~# find /sys/devices/platform/soc/ee0a0100.usb/ -name 'sd*'
/sys/devices/platform/soc/ee0a0100.usb/usb1/1-1/1-1:1.0/host1/target1:0:0/1:0:0:0/block/sda
/sys/devices/platform/soc/ee0a0100.usb/usb1/1-1/1-1:1.0/host1/target1:0:0/1:0:0:0/block/sda/sda1
root@salvator-x:~# 
root@salvator-x:~# i2cset -f -y 7 0x30 0x20 0x0f
root@salvator-x:~# 

Switch SW23 off and input 'yes' to continue:
Input 'yes' to continue: 

root@salvator-x:~# echo N > /sys/module/printk/parameters/console_suspend
root@salvator-x:~# 
root@salvator-x:~# mount /dev/sda1 /mnt/usb
[   58.994938] EXT4-fs (sda1): mounted filesystem with ordered data mode. Opts: (null)
root@salvator-x:~# 
root@salvator-x:~# cp testdata /mnt/usb/testdata_from_nfs &
[1] 578
root@salvator-x:~# 
root@salvator-x:~# echo mem > /sys/power/state
[   60.402278] PM: suspend entry (deep)
[   67.065941] Filesystems sync: 6.660 seconds
[   67.071558] Freezing user space processes ... (elapsed 0.001 seconds) done.
[   67.073254] OOM killer disabled.
[   67.073257] Freezing remaining freezable tasks ... (elapsed 0.001 seconds) done.
[   67.098065] sd 1:0:0:0: [sda] Synchronizing SCSI cache
[   67.498207] ravb e6800000.ethernet eth0: Link is Down
[   67.515173] Disabling non-boot CPUs ...
[   67.519608] CPU1: shutdown
[   67.522334] psci: CPU1 killed (polled 0 ms)
[   67.528264] CPU2: shutdown
[   67.530989] psci: CPU2 killed (polled 0 ms)
[   67.536771] CPU3: shutdown
[   67.539495] psci: CPU3 killed (polled 0 ms)
[   67.545363] CPU4: shutdown
[   67.548088] psci: CPU4 killed (polled 0 ms)
[   67.553819] CPU5: shutdown
[   67.556546] psci: CPU5 killed (polled 0 ms)
[   67.562138] CPU6: shutdown
[   67.564848] psci: CPU6 killed (polled 0 ms)
[   67.570537] CPU7: shutdown
[   67.573249] psci: CPU7 killed (polled 0 ms)
 
Pull out USB device at CN10L


Press any button to continue


 Switch power switch: 

NOTICE:  BL2: R-Car Gen3 Initial Program Loader(CA57) Rev.4.0.0
NOTICE:  BL2: PRR is R-Car H3 Ver.3.0
NOTICE:  BL2: Board is Salvator-XS Rev.1.0
NOTICE:  BL2: Boot device is HyperFlash(160MHz)
NOTICE:  BL2: LCM state is CM
NOTICE:  AVS setting succeeded. DVFS_SetVID=0x53
NOTICE:  BL2: DDR3200(rev.0.42)
NOTICE:  BL2: [WARM_BOOT]
NOTICE:  BL2: DRAM Split is 4ch(DDR f)
NOTICE:  BL2: QoS is default setting(rev.0.11)
NOTICE:  BL2: DRAM refresh interval 1.95 usec
NOTICE:  BL2: Periodic Write DQ Training
NOTICE:  BL2: CH0: 400000000 - 47fffffff, 2 GiB
NOTICE:  BL2: CH1: 500000000 - 57fffffff, 2 GiB
NOTICE:  BL2: CH2: 600000000 - 67fffffff, 2 GiB
NOTICE:  BL2: CH3: 700000000 - 77fffffff, 2 GiB
NOTICE:  BL2: Lossy Decomp areas
NOTICE:       Entry 0: DCMPAREACRAx:0x80000540 DCMPAREACRBx:0x570
NOTICE:       Entry 1: DCMPAREACRAx:0x40000000 DCMPAREACRBx:0x0
NOTICE:       Entry 2: DCMPAREACRAx:0x20000000 DCMPAREACRBx:0x0
NOTICE:  BL2: FDT at 0xe6327f70
NOTICE:  BL2: v2.9(release):9cdb21f75
NOTICE:  BL2: Built : 05:25:39, Dec 19 2023
NOTICE:  BL2: Normal boot
[   67.578598] Enabling non-boot CPUs ...
[   67.582637] Detected PIPT I-cache on CPU1
[   67.582690] CPU1: Booted secondary processor 0x0000000001 [0x411fd073]
[   67.583162] CPU1 is up
[   67.596215] Detected PIPT I-cache on CPU2
[   67.596237] CPU2: Booted secondary processor 0x0000000002 [0x411fd073]
[   67.596503] CPU2 is up
[   67.609519] Detected PIPT I-cache on CPU3
[   67.609541] CPU3: Booted secondary processor 0x0000000003 [0x411fd073]
[   67.609900] CPU3 is up
[   67.622977] Detected VIPT I-cache on CPU4
[   67.623029] CPU4: Booted secondary processor 0x0000000100 [0x410fd034]
[   67.623932] CPU4 is up
[   67.636937] Detected VIPT I-cache on CPU5
[   67.636971] CPU5: Booted secondary processor 0x0000000101 [0x410fd034]
[   67.637548] CPU5 is up
[   67.650559] Detected VIPT I-cache on CPU6
[   67.650593] CPU6: Booted secondary processor 0x0000000102 [0x410fd034]
[   67.651190] CPU6 is up
[   67.664195] Detected VIPT I-cache on CPU7
[   67.664228] CPU7: Booted secondary processor 0x0000000103 [0x410fd034]
[   67.664877] CPU7 is up
[   67.754348] xhci-hcd ee000000.usb: xHC error in resume, USBSTS 0x401, Reinit
[   67.761391] usb usb7: root hub lost power or was reset
[   67.766510] usb usb8: root hub lost power or was reset
[   67.800858] Micrel KSZ9031 Gigabit PHY e6800000.ethernet-ffffffff:00: attached PHY driver [Micrel KSZ9031 Gigabit PHY] (mii_bus:phy_addr=e6800000.ethernet-ffffffff:00, irq=183)
[   67.916155] usb usb4: root hub lost power or was reset
[   67.921429] usb usb1: root hub lost power or was reset
[   68.008117] usb usb5: root hub lost power or was reset
[   68.013289] usb usb2: root hub lost power or was reset
[   68.100090] usb usb6: root hub lost power or was reset
[   68.105344] usb usb3: root hub lost power or was reset
[   68.220092] usb usb10: root hub lost power or was reset
[   68.225350] usb usb9: root hub lost power or was reset
[   68.238087] ata1: link resume succeeded after 1 retries
[   68.349533] ata1: SATA link down (SStatus 0 SControl 300)
[   70.786214] OOM killer enabled.
[   70.790069] Restarting tasks ... 
[   70.790295] usb 1-1: USB disconnect, device number 2
[   70.790766] done.
[1]+  Done                    cp testdata /mnt/usb/testdata_from_nfs
[   70.802840] PM: suspend exit
[   70.806019] blk_update_request: I/O error, dev sda, sector 92281088 op 0x1:(WRITE) flags 0x4000 phys_seg 30 prio class 0
[   70.806048] blk_update_request: I/O error, dev sda, sector 92281328 op 0x1:(WRITE) flags 0x4000 phys_seg 30 prio class 0
[   70.806091] blk_update_request: I/O error, dev sda, sector 92281568 op 0x1:(WRITE) flags 0x4000 phys_seg 30 prio class 0
[   70.806100] blk_update_request: I/O error, dev sda, sector 92281808 op 0x1:(WRITE) flags 0x4000 phys_seg 30 prio class 0
[   70.806123] blk_update_request: I/O error, dev sda, sector 92282048 op 0x1:(WRITE) flags 0x4000 phys_seg 30 prio class 0
root@salvator-x:[   70.806131] blk_update_request: I/O error, dev sda, sector 92282288 op 0x1:(WRITE) flags 0x4000 phys_seg 30 prio class 0
~# [   70.806154] blk_update_request: I/O error, dev sda, sector 92282528 op 0x1:(WRITE) flags 0x4000 phys_seg 30 prio class 0
[   70.806161] blk_update_request: I/O error, dev sda, sector 92282768 op 0x1:(WRITE) flags 0x4000 phys_seg 30 prio class 0
[   70.806199] blk_update_request: I/O error, dev sda, sector 92283008 op 0x1:(WRITE) flags 0x0 phys_seg 16 prio class 0
[   70.806207] blk_update_request: I/O error, dev sda, sector 92283136 op 0x1:(WRITE) flags 0x4800 phys_seg 30 prio class 0
[   70.806407] Aborting journal on device sda1-8.
[   70.806429] Buffer I/O error on dev sda1, logical block 15237120, lost sync page write
[   70.806438] JBD2: Error -5 detected when updating journal superblock for sda1-8.
[   74.988188] ravb e6800000.ethernet eth0: Link is Up - 1Gbps/Full - flow control off

root@salvator-x:~# echo "Wake up sucessfully"
Wake up sucessfully
root@salvator-x:~# 
Plug in USB device at CN10L


Press any button to continue

[   87.021997] usb 1-1: new high-speed USB device number 3 using ehci-platform
[   87.184531] usb-storage 1-1:1.0: USB Mass Storage device detected
[   87.191027] scsi host2: usb-storage 1-1:1.0
[   88.223312] scsi 2:0:0:0: Direct-Access     SanDisk  Extreme Pro      0    PQ: 0 ANSI: 6
[   88.233700] sd 2:0:0:0: [sdb] 250085376 512-byte logical blocks: (128 GB/119 GiB)
[   88.242347] sd 2:0:0:0: [sdb] Write Protect is off
[   88.248100] sd 2:0:0:0: [sdb] Write cache: enabled, read cache: enabled, doesn't support DPO or FUA
[   88.286615]  sdb: sdb1
[   88.292856] sd 2:0:0:0: [sdb] Attached SCSI removable disk

root@salvator-x:~# find /sys/devices/platform/soc/ee0a0100.usb/ -name 'sd*'
/sys/devices/platform/soc/ee0a0100.usb/usb1/1-1/1-1:1.0/host2/target2:0:0/2:0:0:0/block/sdb
/sys/devices/platform/soc/ee0a0100.usb/usb1/1-1/1-1:1.0/host2/target2:0:0/2:0:0:0/block/sdb/sdb1
root@salvator-x:~# 
root@salvator-x:~# wait
root@salvator-x:~# 
root@salvator-x:~# mount /dev/sdb1 /mnt/usb
[  158.128516] EXT4-fs (sdb1): recovery complete
[  158.134432] EXT4-fs (sdb1): mounted filesystem with ordered data mode. Opts: (null)
root@salvator-x:~# 
root@salvator-x:~# sync
root@salvator-x:~# 
root@salvator-x:~# cmp testdata /mnt/usb/testdata_from_nfs
root@salvator-x:~# 
root@salvator-x:~# umount /mnt/usb
root@salvator-x:~# 
 
#### Result: OK ####
