

----------Item 4----------


Please press switch to restart board 

[F 00:00:120
[F 00:00:119
NOTICE:  BL2: R-Car Gen3 Initial Program Loader(CA57) Rev.4.0.0
NOTICE:  BL2: PRR is R-Car H3 Ver.3.0
NOTICE:  BL2: Board is Salvator-XS Rev.1.0
NOTICE:  BL2: Boot device is HyperFlash(160MHz)
NOTICE:  BL2: LCM state is CM
NOTICE:  AVS setting succeeded. DVFS_SetVID=0x53
NOTICE:  BL2: DDR3200(rev.0.42)
NOTICE:  BL2: [COLD_BOOT]
NOTICE:  BL2: DRAM Split is 4ch(DDR f)
NOTICE:  BL2: QoS is default setting(rev.0.11)
NOTICE:  BL2: DRAM refresh interval 1.95 usec
NOTICE:  BL2: Periodic Write DQ Training
NOTICE:  BL2: CH0: 400000000 - 47fffffff, 2 GiB
NOTICE:  BL2: CH1: 500000000 - 57fffffff, 2 GiB
NOTICE:  BL2: CH2: 600000000 - 67fffffff, 2 GiB
NOTICE:  BL2: CH3: 700000000 - 77fffffff, 2 GiB
NOTICE:  BL2: Lossy Decomp areas
NOTICE:       Entry 0: DCMPAREACRAx:0x80000540 DCMPAREACRBx:0x570
NOTICE:       Entry 1: DCMPAREACRAx:0x40000000 DCMPAREACRBx:0x0
NOTICE:       Entry 2: DCMPAREACRAx:0x20000000 DCMPAREACRBx:0x0
NOTICE:  BL2: FDT at 0xe6327f70
NOTICE:  BL2: v2.9(release):9cdb21f75
NOTICE:  BL2: Built : 05:25:39, Dec 19 2023
NOTICE:  BL2: Normal boot
NOTICE:  BL2: dst=0xe6327800 src=0x8180000 len=512(0x200)
NOTICE:  BL2: dst=0x43f00000 src=0x8180400 len=6144(0x1800)
NOTICE:  rcar_file_len: len: 0x0003e000
NOTICE:  BL2: dst=0x44000000 src=0x81c0000 len=253952(0x3e000)
NOTICE:  rcar_file_len: len: 0x00200000
NOTICE:  BL2: dst=0x44100000 src=0x8200000 len=2097152(0x200000)
NOTICE:  rcar_file_len: len: 0x00100000
NOTICE:  BL2: dst=0x50000000 src=0x8640000 len=1048576(0x100000)
NOTICE:  BL2: Booting BL31


U-Boot 2020.10 (Dec 19 2023 - 14:30:40 +0000)

CPU: Renesas Electronics R8A7795 rev 3.0
Model: Renesas Salvator-X 2nd version board based on r8a77951
DRAM:  7.9 GiB
RAM Configuration:
Bank #0: 0x048000000 - 0x0bfffffff, 1.9 GiB
Bank #1: 0x500000000 - 0x57fffffff, 2 GiB
Bank #2: 0x600000000 - 0x67fffffff, 2 GiB
Bank #3: 0x700000000 - 0x77fffffff, 2 GiB

MMC:   sd@ee100000: 0, sd@ee140000: 1, sd@ee160000: 2
Loading Environment from MMC... OK
In:    serial@e6e88000
Out:   serial@e6e88000
Err:   serial@e6e88000
Net:   eth0: ethernet@e6800000
Hit any key to stop autoboot:  2  1  0 
ethernet@e6800000 Waiting for PHY auto negotiation to complete........... done
Using ethernet@e6800000 device
TFTP from server 192.168.10.98; our IP address is 192.168.10.107
Filename 'BV/PT3/boot_USB2H/Image'.
Load address: 0x48080000
Loading: *#################################################################
	 #################################################################
	 #################################################################
	 #################################################################
	 #################################################################
	 #################################################################
	 #################################################################
	 #################################################################
	 #################################################################
	 #################################################################
	 #################################################################
	 #################################################################
	 #################################################################
	 #################################################################
	 #################################################################
	 #################################################################
	 #################################################################
	 #################################################################
	 #################################################################
	 #################################################################
	 #################################################################
	 #################################################################
	 #################################################################
	 #################################################################
	 #################################################################
	 #################################################################
	 #################################################################
	 #################################################################
	 #################################################################
	 #################################################################
	 #################################################################
	 #################################################################
	 #################################################################
	 #################################################################
	 ################################################################
	 4 MiB/s
done
Bytes transferred = 33376768 (1fd4a00 hex)
Using ethernet@e6800000 device
TFTP from server 192.168.10.98; our IP address is 192.168.10.107
Filename 'BV/PT3/boot_USB2H/r8a77951-salvator-xs.dtb'.
Load address: 0x48000000
Loading: *#######
	 9.6 MiB/s
done
Bytes transferred = 90876 (162fc hex)
Moving Image from 0x48080000 to 0x48200000, end=4a260000
## Flattened Device Tree blob at 48000000
   Booting using the fdt blob at 0x48000000
   Loading Device Tree to 0000000053fe6000, end 0000000053fff2fb ... OK

Starting kernel ...

[    0.000000] Booting Linux on physical CPU 0x0000000000 [0x411fd073]
[    0.000000] Linux version 5.10.194-yocto-standard (thuan.nguyen-hong@banvien) (aarch64-poky-linux-gcc (GCC) 9.3.0, GNU ld (GNU Binutils) 2.34.0.20200220) #10 SMP PREEMPT Mon Feb 19 03:51:05 UTC 2024
[    0.000000] Machine model: Renesas Salvator-X 2nd version board based on r8a77951
[    0.000000] efi: UEFI not found.
[    0.000000] Reserved memory: created CMA memory pool at 0x0000000057000000, size 16 MiB
[    0.000000] OF: reserved mem: initialized node linux,adsp@57000000, compatible id shared-dma-pool
[    0.000000] Reserved memory: created CMA memory pool at 0x0000000058000000, size 384 MiB
[    0.000000] OF: reserved mem: initialized node linux,cma@58000000, compatible id shared-dma-pool
[    0.000000] Reserved memory: created CMA memory pool at 0x0000000070000000, size 256 MiB
[    0.000000] OF: reserved mem: initialized node linux,multimedia@70000000, compatible id shared-dma-pool
[    0.000000] NUMA: No NUMA configuration found
[    0.000000] NUMA: Faking a node at [mem 0x0000000048000000-0x000000077fffffff]
[    0.000000] NUMA: NODE_DATA [mem 0x77efdab00-0x77efdcfff]
[    0.000000] Zone ranges:
[    0.000000]   DMA      [mem 0x0000000048000000-0x000000007fffffff]
[    0.000000]   DMA32    [mem 0x0000000080000000-0x00000000ffffffff]
[    0.000000]   Normal   [mem 0x0000000100000000-0x000000077fffffff]
[    0.000000] Movable zone start for each node
[    0.000000] Early memory node ranges
[    0.000000]   node   0: [mem 0x0000000048000000-0x0000000053ffffff]
[    0.000000]   node   0: [mem 0x0000000054000000-0x0000000056ffffff]
[    0.000000]   node   0: [mem 0x0000000057000000-0x00000000bfffffff]
[    0.000000]   node   0: [mem 0x0000000500000000-0x000000057fffffff]
[    0.000000]   node   0: [mem 0x0000000600000000-0x000000067fffffff]
[    0.000000]   node   0: [mem 0x0000000700000000-0x000000077fffffff]
[    0.000000] Initmem setup node 0 [mem 0x0000000048000000-0x000000077fffffff]
[    0.000000] psci: probing for conduit method from DT.
[    0.000000] psci: PSCIv1.1 detected in firmware.
[    0.000000] psci: Using standard PSCI v0.2 function IDs
[    0.000000] psci: Trusted OS resident on physical CPU 0x0
[    0.000000] psci: SMC Calling Convention v1.2
[    0.000000] percpu: Embedded 23 pages/cpu s56984 r8192 d29032 u94208
[    0.000000] Detected PIPT I-cache on CPU0
[    0.000000] CPU features: detected: EL2 vector hardening
[    0.000000] CPU features: detected: Spectre-v2
[    0.000000] CPU features: detected: ARM errata 1165522, 1319367, or 1530923
[    0.000000] CPU features: detected: Spectre-BHB
[    0.000000] CPU features: detected: ARM erratum 1742098
[    0.000000] Built 1 zonelists, mobility grouping on.  Total pages: 2032128
[    0.000000] Policy zone: Normal
[    0.000000] Kernel command line: rw root=/dev/nfs nfsroot=192.168.10.98:/data/tftpboot/BV/PT3/rootfs_H3,nfsvers=4 ip=192.168.10.107
[    0.000000] Dentry cache hash table entries: 1048576 (order: 11, 8388608 bytes, linear)
[    0.000000] Inode-cache hash table entries: 524288 (order: 10, 4194304 bytes, linear)
[    0.000000] mem auto-init: stack:off, heap alloc:off, heap free:off
[    0.000000] software IO TLB: mapped [mem 0x000000004ffe6000-0x0000000053fe6000] (64MB)
[    0.000000] Memory: 7276840K/8257536K available (15232K kernel code, 2834K rwdata, 8240K rodata, 6144K init, 517K bss, 308952K reserved, 671744K cma-reserved)
[    0.000000] SLUB: HWalign=64, Order=0-3, MinObjects=0, CPUs=8, Nodes=1
[    0.000000] rcu: Preemptible hierarchical RCU implementation.
[    0.000000] rcu: 	RCU event tracing is enabled.
[    0.000000] rcu: 	RCU restricting CPUs from NR_CPUS=256 to nr_cpu_ids=8.
[    0.000000] 	Trampoline variant of Tasks RCU enabled.
[    0.000000] rcu: RCU calculated value of scheduler-enlistment delay is 25 jiffies.
[    0.000000] rcu: Adjusting geometry for rcu_fanout_leaf=16, nr_cpu_ids=8
[    0.000000] NR_IRQS: 64, nr_irqs: 64, preallocated irqs: 0
[    0.000000] arch_timer: cp15 timer(s) running at 8.32MHz (virt).
[    0.000000] clocksource: arch_sys_counter: mask: 0xffffffffffffff max_cycles: 0x1eb398c07, max_idle_ns: 440795202503 ns
[    0.000003] sched_clock: 56 bits at 8MHz, resolution 120ns, wraps every 2199023255503ns
[    0.000207] Console: colour dummy device 80x25
[    0.000415] printk: console [tty0] enabled
[    0.000487] Calibrating delay loop (skipped), value calculated using timer frequency.. 16.64 BogoMIPS (lpj=33280)
[    0.000502] pid_max: default: 32768 minimum: 301
[    0.000561] LSM: Security Framework initializing
[    0.000650] Mount-cache hash table entries: 16384 (order: 5, 131072 bytes, linear)
[    0.000701] Mountpoint-cache hash table entries: 16384 (order: 5, 131072 bytes, linear)
[    0.002146] rcu: Hierarchical SRCU implementation.
[    0.003715] Detected Renesas R-Car Gen3 r8a7795 ES3.0
[    0.005850] EFI services will not be available.
[    0.006191] smp: Bringing up secondary CPUs ...
[    0.006644] Detected PIPT I-cache on CPU1
[    0.006694] CPU1: Booted secondary processor 0x0000000001 [0x411fd073]
[    0.007183] Detected PIPT I-cache on CPU2
[    0.007209] CPU2: Booted secondary processor 0x0000000002 [0x411fd073]
[    0.007632] Detected PIPT I-cache on CPU3
[    0.007654] CPU3: Booted secondary processor 0x0000000003 [0x411fd073]
[    0.008088] CPU features: detected: ARM erratum 845719
[    0.008101] Detected VIPT I-cache on CPU4
[    0.008149] CPU4: Booted secondary processor 0x0000000100 [0x410fd034]
[    0.008633] Detected VIPT I-cache on CPU5
[    0.008660] CPU5: Booted secondary processor 0x0000000101 [0x410fd034]
[    0.009095] Detected VIPT I-cache on CPU6
[    0.009121] CPU6: Booted secondary processor 0x0000000102 [0x410fd034]
[    0.009558] Detected VIPT I-cache on CPU7
[    0.009585] CPU7: Booted secondary processor 0x0000000103 [0x410fd034]
[    0.009665] smp: Brought up 1 node, 8 CPUs
[    0.009727] SMP: Total of 8 processors activated.
[    0.009735] CPU features: detected: 32-bit EL0 Support
[    0.009742] CPU features: detected: CRC32 instructions
[    0.009749] CPU features: detected: 32-bit EL1 Support
[    0.022946] CPU: All CPU(s) started at EL1
[    0.023000] alternatives: patching kernel code
[    0.024154] devtmpfs: initialized
[    0.031012] KASLR disabled due to lack of seed
[    0.031165] clocksource: jiffies: mask: 0xffffffff max_cycles: 0xffffffff, max_idle_ns: 7645041785100000 ns
[    0.031184] futex hash table entries: 2048 (order: 5, 131072 bytes, linear)
[    0.039859] pinctrl core: initialized pinctrl subsystem
[    0.041352] DMI not present or invalid.
[    0.041836] NET: Registered protocol family 16
[    0.042778] DMA: preallocated 1024 KiB GFP_KERNEL pool for atomic allocations
[    0.042960] DMA: preallocated 1024 KiB GFP_KERNEL|GFP_DMA pool for atomic allocations
[    0.043247] DMA: preallocated 1024 KiB GFP_KERNEL|GFP_DMA32 pool for atomic allocations
[    0.043287] audit: initializing netlink subsys (disabled)
[    0.043474] audit: type=2000 audit(0.040:1): state=initialized audit_enabled=0 res=1
[    0.044629] thermal_sys: Registered thermal governor 'power_allocator'
[    0.045165] cpuidle: using governor menu
[    0.045320] hw-breakpoint: found 6 breakpoint and 4 watchpoint registers.
[    0.045444] ASID allocator initialised with 65536 entries
[    0.046665] Serial: AMBA PL011 UART driver
[    0.089524] sh-pfc e6060000.pinctrl: r8a77951_pfc support registered
[    0.104114] HugeTLB registered 1.00 GiB page size, pre-allocated 0 pages
[    0.104130] HugeTLB registered 32.0 MiB page size, pre-allocated 0 pages
[    0.104138] HugeTLB registered 2.00 MiB page size, pre-allocated 0 pages
[    0.104145] HugeTLB registered 64.0 KiB page size, pre-allocated 0 pages
[    0.105111] cryptd: max_cpu_qlen set to 1000
[    0.107362] ACPI: Interpreter disabled.
[    0.111129] rcar-avs: use avs value: 0
[    0.111148] rcar-avs: cpu@0 is running with: opp_table0
[    0.111157] rcar-avs: cpu@1 is running with: opp_table0
[    0.111167] rcar-avs: cpu@2 is running with: opp_table0
[    0.111178] rcar-avs: cpu@3 is running with: opp_table0
[    0.111268] rcar-avs: gsx@fd000000 is running with: gsx_opp_table0
[    0.112691] iommu: Default domain type: Translated 
[    0.113264] ipmmu-vmsa e67b0000.iommu: IPMMU context 0 is reserved
[    0.114295] vgaarb: loaded
[    0.114492] SCSI subsystem initialized
[    0.114743] usbcore: registered new interface driver usbfs
[    0.114773] usbcore: registered new interface driver hub
[    0.114797] usbcore: registered new device driver usb
[    0.118341] i2c-sh_mobile e60b0000.i2c: I2C adapter 7, bus speed 400000 Hz
[    0.118870] mc: Linux media interface: v0.10
[    0.118892] videodev: Linux video capture interface: v2.00
[    0.118939] pps_core: LinuxPPS API ver. 1 registered
[    0.118946] pps_core: Software ver. 5.3.6 - Copyright 2005-2007 Rodolfo Giometti <giometti@linux.it>
[    0.118961] PTP clock support registered
[    0.119133] EDAC MC: Ver: 3.0.0
[    0.121104] FPGA manager framework
[    0.121165] Advanced Linux Sound Architecture Driver Initialized.
[    0.121712] clocksource: Switched to clocksource arch_sys_counter
[    0.121847] VFS: Disk quotas dquot_6.6.0
[    0.121905] VFS: Dquot-cache hash table entries: 512 (order 0, 4096 bytes)
[    0.122032] pnp: PnP ACPI: disabled
[    0.126083] NET: Registered protocol family 2
[    0.126488] IP idents hash table entries: 131072 (order: 8, 1048576 bytes, linear)
[    0.128754] tcp_listen_portaddr_hash hash table entries: 4096 (order: 4, 65536 bytes, linear)
[    0.128835] TCP established hash table entries: 65536 (order: 7, 524288 bytes, linear)
[    0.129121] TCP bind hash table entries: 65536 (order: 8, 1048576 bytes, linear)
[    0.129730] TCP: Hash tables configured (established 65536 bind 65536)
[    0.129852] UDP hash table entries: 4096 (order: 5, 131072 bytes, linear)
[    0.129968] UDP-Lite hash table entries: 4096 (order: 5, 131072 bytes, linear)
[    0.130190] NET: Registered protocol family 1
[    0.130538] RPC: Registered named UNIX socket transport module.
[    0.130548] RPC: Registered udp transport module.
[    0.130554] RPC: Registered tcp transport module.
[    0.130561] RPC: Registered tcp NFSv4.1 backchannel transport module.
[    0.130573] PCI: CLS 0 bytes, default 64
[    0.131508] hw perfevents: enabled with armv8_cortex_a53 PMU driver, 7 counters available
[    0.131784] hw perfevents: enabled with armv8_cortex_a57 PMU driver, 7 counters available
[    0.132386] kvm [1]: HYP mode not available
[    0.135186] Initialise system trusted keyrings
[    0.135316] workingset: timestamp_bits=42 max_order=21 bucket_order=0
[    0.138394] squashfs: version 4.0 (2009/01/31) Phillip Lougher
[    0.138799] NFS: Registering the id_resolver key type
[    0.138830] Key type id_resolver registered
[    0.138837] Key type id_legacy registered
[    0.138890] nfs4filelayout_init: NFSv4 File Layout Driver Registering...
[    0.138899] nfs4flexfilelayout_init: NFSv4 Flexfile Layout Driver Registering...
[    0.139031] 9p: Installing v9fs 9p2000 file system support
[    0.164742] Key type asymmetric registered
[    0.164753] Asymmetric key parser 'x509' registered
[    0.164784] Block layer SCSI generic (bsg) driver version 0.4 loaded (major 243)
[    0.164795] io scheduler mq-deadline registered
[    0.164804] io scheduler kyber registered
[    0.180940] gpio_rcar e6050000.gpio: driving 16 GPIOs
[    0.181252] gpio_rcar e6051000.gpio: driving 29 GPIOs
[    0.181528] gpio_rcar e6052000.gpio: driving 15 GPIOs
[    0.181812] gpio_rcar e6053000.gpio: driving 16 GPIOs
[    0.182080] gpio_rcar e6054000.gpio: driving 18 GPIOs
[    0.182350] gpio_rcar e6055000.gpio: driving 26 GPIOs
[    0.182624] gpio_rcar e6055400.gpio: driving 32 GPIOs
[    0.182891] gpio_rcar e6055800.gpio: driving 4 GPIOs
[    0.185797] rcar-pcie fe000000.pcie: host bridge /soc/pcie@fe000000 ranges:
[    0.185829] rcar-pcie fe000000.pcie:       IO 0x00fe100000..0x00fe1fffff -> 0x0000000000
[    0.185851] rcar-pcie fe000000.pcie:      MEM 0x00fe200000..0x00fe3fffff -> 0x00fe200000
[    0.185870] rcar-pcie fe000000.pcie:      MEM 0x0030000000..0x0037ffffff -> 0x0030000000
[    0.185884] rcar-pcie fe000000.pcie:      MEM 0x0038000000..0x003fffffff -> 0x0038000000
[    0.185901] rcar-pcie fe000000.pcie:   IB MEM 0x0040000000..0x007fffffff -> 0x0040000000
[    0.185946] rcar-pcie fe000000.pcie: no pcie3v3 regulator found
[    0.185957] rcar-pcie fe000000.pcie: no pcie1v8 regulator found
[    0.253412] rcar-pcie fe000000.pcie: PCIe link down
[    0.253589] rcar-pcie ee800000.pcie: host bridge /soc/pcie@ee800000 ranges:
[    0.253614] rcar-pcie ee800000.pcie:       IO 0x00ee900000..0x00ee9fffff -> 0x0000000000
[    0.253635] rcar-pcie ee800000.pcie:      MEM 0x00eea00000..0x00eebfffff -> 0x00eea00000
[    0.253654] rcar-pcie ee800000.pcie:      MEM 0x00c0000000..0x00c7ffffff -> 0x00c0000000
[    0.253669] rcar-pcie ee800000.pcie:      MEM 0x00c8000000..0x00cfffffff -> 0x00c8000000
[    0.253686] rcar-pcie ee800000.pcie:   IB MEM 0x0040000000..0x007fffffff -> 0x0040000000
[    0.253738] rcar-pcie ee800000.pcie: no pcie3v3 regulator found
[    0.253749] rcar-pcie ee800000.pcie: no pcie1v8 regulator found
[    0.413712] rcar-pcie ee800000.pcie: PCIe link down
[    0.416200] EINJ: ACPI disabled.
[    0.450128] Serial: 8250/16550 driver, 4 ports, IRQ sharing enabled
[    0.452546] SuperH (H)SCI(F) driver initialized
[    0.452967] e6550000.serial: ttySC1 at MMIO 0xe6550000 (irq = 42, base_baud = 0) is a hscif
[    0.453736] e6e88000.serial: ttySC0 at MMIO 0xe6e88000 (irq = 128, base_baud = 0) is a scif
[    1.658374] printk: console [ttySC0] enabled
[    1.663806] msm_serial: driver initialized
[    1.674139] rcar-dw-hdmi fead0000.hdmi: Detected HDMI TX controller v2.01a with HDCP (DWC HDMI 2.0 TX PHY)
[    1.684032] rcar-dw-hdmi fead0000.hdmi: registered DesignWare HDMI I2C bus driver
[    1.692286] rcar-dw-hdmi feae0000.hdmi: Detected HDMI TX controller v2.01a with HDCP (DWC HDMI 2.0 TX PHY)
[    1.702171] rcar-dw-hdmi feae0000.hdmi: registered DesignWare HDMI I2C bus driver
[    1.717738] loop: module loaded
[    1.722324] megasas: 07.714.04.00-rc1
[    1.728047] scsi host0: sata_rcar
[    1.731521] ata1: SATA max UDMA/133 irq 181
[    1.740936] tun: Universal TUN/TAP device driver, 1.6
[    1.746872] thunder_xcv, ver 1.0
[    1.750127] thunder_bgx, ver 1.0
[    1.753370] nicpf, ver 1.0
[    1.757490] hclge is initializing
[    1.760824] hns3: Hisilicon Ethernet Network Driver for Hip08 Family - version
[    1.768047] hns3: Copyright (c) 2017 Huawei Corporation.
[    1.773383] e1000: Intel(R) PRO/1000 Network Driver
[    1.778267] e1000: Copyright (c) 1999-2006 Intel Corporation.
[    1.784038] e1000e: Intel(R) PRO/1000 Network Driver
[    1.789003] e1000e: Copyright(c) 1999 - 2015 Intel Corporation.
[    1.794942] igb: Intel(R) Gigabit Ethernet Network Driver
[    1.800340] igb: Copyright (c) 2007-2014 Intel Corporation.
[    1.805926] igbvf: Intel(R) Gigabit Virtual Function Network Driver
[    1.812193] igbvf: Copyright (c) 2009 - 2012 Intel Corporation.
[    1.818521] sky2: driver version 1.30
[    1.826086] ravb e6800000.ethernet eth0: Base address at 0xe6800000, 2e:09:0a:00:c3:9a, IRQ 125.
[    1.836275] VFIO - User Level meta-driver version: 0.3
[    1.843472] ehci_hcd: USB 2.0 'Enhanced' Host Controller (EHCI) Driver
[    1.850011] ehci-pci: EHCI PCI platform driver
[    1.854472] ehci-platform: EHCI generic platform driver
[    1.860090] ehci-platform ee0a0100.usb: EHCI Host Controller
[    1.865773] ehci-platform ee0a0100.usb: new USB bus registered, assigned bus number 1
[    1.873694] ehci-platform ee0a0100.usb: irq 175, io mem 0xee0a0100
[    1.893720] ehci-platform ee0a0100.usb: USB 2.0 started, EHCI 1.10
[    1.900276] hub 1-0:1.0: USB hub found
[    1.904070] hub 1-0:1.0: 1 port detected
[    1.908476] ehci-platform ee0c0100.usb: EHCI Host Controller
[    1.914153] ehci-platform ee0c0100.usb: new USB bus registered, assigned bus number 2
[    1.922058] ehci-platform ee0c0100.usb: irq 176, io mem 0xee0c0100
[    1.941719] ehci-platform ee0c0100.usb: USB 2.0 started, EHCI 1.10
[    1.948192] hub 2-0:1.0: USB hub found
[    1.951963] hub 2-0:1.0: 1 port detected
[    1.981758] ehci-platform ee0e0100.usb: EHCI Host Controller
[    1.987433] ehci-platform ee0e0100.usb: new USB bus registered, assigned bus number 3
[    1.995304] ehci-platform ee0e0100.usb: irq 177, io mem 0xee0e0100
[    2.013717] ehci-platform ee0e0100.usb: USB 2.0 started, EHCI 1.10
[    2.020156] hub 3-0:1.0: USB hub found
[    2.023924] hub 3-0:1.0: 1 port detected
[    2.028304] ehci-orion: EHCI orion driver
[    2.032583] ehci-exynos: EHCI Exynos driver
[    2.036886] ohci_hcd: USB 1.1 'Open' Host Controller (OHCI) Driver
[    2.043082] ohci-pci: OHCI PCI platform driver
[    2.047567] ohci-platform: OHCI generic platform driver
[    2.053097] ohci-platform ee0a0000.usb: Generic Platform OHCI controller
[    2.059818] ohci-platform ee0a0000.usb: new USB bus registered, assigned bus number 4
[    2.067692] ohci-platform ee0a0000.usb: irq 175, io mem 0xee0a0000
[    2.149725] ata1: link resume succeeded after 1 retries
[    2.163986] hub 4-0:1.0: USB hub found
[    2.167755] hub 4-0:1.0: 1 port detected
[    2.172075] ohci-platform ee0c0000.usb: Generic Platform OHCI controller
[    2.178789] ohci-platform ee0c0000.usb: new USB bus registered, assigned bus number 5
[    2.186663] ohci-platform ee0c0000.usb: irq 176, io mem 0xee0c0000
[    2.261237] ata1: SATA link down (SStatus 0 SControl 300)
[    2.279961] hub 5-0:1.0: USB hub found
[    2.283730] hub 5-0:1.0: 1 port detected
[    2.288058] ohci-platform ee0e0000.usb: Generic Platform OHCI controller
[    2.294775] ohci-platform ee0e0000.usb: new USB bus registered, assigned bus number 6
[    2.302653] ohci-platform ee0e0000.usb: irq 177, io mem 0xee0e0000
[    2.395978] hub 6-0:1.0: USB hub found
[    2.399745] hub 6-0:1.0: 1 port detected
[    2.404090] ohci-exynos: OHCI Exynos driver
[    2.408948] xhci-hcd ee000000.usb: xHCI Host Controller
[    2.414187] xhci-hcd ee000000.usb: new USB bus registered, assigned bus number 7
[    2.437445] xhci-hcd ee000000.usb: hcc params 0x014051ce hci version 0x100 quirks 0x0000000000830410
[    2.446612] xhci-hcd ee000000.usb: irq 172, io mem 0xee000000
[    2.452477] xhci-hcd ee000000.usb: xHCI Host Controller
[    2.457713] xhci-hcd ee000000.usb: new USB bus registered, assigned bus number 8
[    2.465118] xhci-hcd ee000000.usb: Host supports USB 3.0 SuperSpeed
[    2.471662] hub 7-0:1.0: USB hub found
[    2.475437] hub 7-0:1.0: 1 port detected
[    2.479531] usb usb8: We don't know the algorithms for LPM for this host, disabling LPM.
[    2.487860] hub 8-0:1.0: USB hub found
[    2.491628] hub 8-0:1.0: 1 port detected
[    2.496420] usbcore: registered new interface driver usb-storage
[    2.504095] renesas_usbhs e6590000.usb: host probed
[    2.508987] renesas_usbhs e6590000.usb: no transceiver found
[    2.514713] renesas_usbhs e6590000.usb: gadget probed
[    2.519929] renesas_usbhs e6590000.usb: probed
[    2.524810] renesas_usbhs e659c000.usb: host probed
[    2.529706] renesas_usbhs e659c000.usb: no transceiver found
[    2.535421] renesas_usbhs e659c000.usb: gadget probed
[    2.540623] renesas_usbhs e659c000.usb: probed
[    2.547538] i2c /dev entries driver
[    2.562087] cs2000-cp 2-004f: revision - C1
[    2.566334] i2c-rcar e6510000.i2c: probed
[    2.571154] pca953x 4-0020: supply vcc not found, using dummy regulator
[    2.577852] pca953x 4-0020: using no AI
[    2.582491] gpio-355 (PCIE/SATA switch): hogged as output/low
[    2.594758] i2c-rcar e66d8000.i2c: probed
[    2.600057] adv748x 4-0070: Endpoint /soc/i2c@e66d8000/video-receiver@70/port@7/endpoint on port 7
[    2.609039] adv748x 4-0070: Endpoint /soc/i2c@e66d8000/video-receiver@70/port@8/endpoint on port 8
[    2.618012] adv748x 4-0070: Endpoint /soc/i2c@e66d8000/video-receiver@70/port@a/endpoint on port 10
[    2.627077] adv748x 4-0070: Endpoint /soc/i2c@e66d8000/video-receiver@70/port@b/endpoint on port 11
[    2.636470] adv748x 4-0070: chip found @ 0xe0 revision 2143
[    2.689989] rcar-csi2 fea80000.csi2: 1 lanes found
[    2.695123] rcar-csi2 feaa0000.csi2: 4 lanes found
[    2.704703] rcar-vin e6ef0000.video: Device registered as video0
[    2.710778] rcar-vin e6ef1000.video: Device registered as video1
[    2.716849] rcar-vin e6ef2000.video: Device registered as video2
[    2.722921] rcar-vin e6ef3000.video: Device registered as video3
[    2.728988] rcar-vin e6ef4000.video: Device registered as video4
[    2.735065] rcar-vin e6ef5000.video: Device registered as video5
[    2.741141] rcar-vin e6ef6000.video: Device registered as video6
[    2.747222] rcar-vin e6ef7000.video: Device registered as video7
[    2.755932] rcar_gen3_thermal e6198000.thermal: is using pseudo fixed FUSE values
[    2.768129] rcar_gen3_thermal e6198000.thermal: TSC0: Loaded 1 trip points
[    2.779362] rcar_gen3_thermal e6198000.thermal: TSC1: Loaded 1 trip points
[    2.790543] rcar_gen3_thermal e6198000.thermal: TSC2: Loaded 3 trip points
[    2.802598] sdhci: Secure Digital Host Controller Interface driver
[    2.808791] sdhci: Copyright(c) Pierre Ossman
[    2.813990] Synopsys Designware Multimedia Card Interface Driver
[    2.814514] renesas_sdhi_internal_dmac ee100000.mmc: Got CD GPIO
[    2.814582] renesas_sdhi_internal_dmac ee160000.mmc: Got CD GPIO
[    2.814601] renesas_sdhi_internal_dmac ee160000.mmc: Got WP GPIO
[    2.814617] renesas_sdhi_internal_dmac ee140000.mmc: Adding to iommu group 0
[    2.814662] renesas_sdhi_internal_dmac ee140000.mmc: Using IPMMU context 1
[    2.821349] sdhci-pltfm: SDHCI platform and OF driver helper
[    2.826170] renesas_sdhi_internal_dmac ee100000.mmc: Got WP GPIO
[    2.863475] renesas_sdhi_internal_dmac ee140000.mmc: mmc0 base at 0x00000000ee140000, max clock rate 200 MHz
[    2.863698] ledtrig-cpu: registered to indicate activity on CPUs
[    2.880453] SMCCC: SOC_ID: ARCH_SOC_ID not implemented, skipping ....
[    2.887491] usbcore: registered new interface driver usbhid
[    2.893067] usbhid: USB HID core driver
[    2.900682] optee: probing for conduit method.
[    2.905149] optee: revision 3.22 (314ecf9d)
[    2.905689] optee driver R-Car Rev.1.0.11
[    2.914172] optee: dynamic shared memory is enabled
[    2.919315] optee: initialized driver
[    2.936293] rcar_sound ec500000.sound: probed
[    2.941355] NET: Registered protocol family 17
[    2.944052] mmc0: new HS400 MMC card at address 0001
[    2.945925] 9pnet: Installing 9P2000 support
[    2.951722] mmcblk0: mmc0:0001 BGSD3R 29.1 GiB 
[    2.955115] Key type dns_resolver registered
[    2.959969] mmcblk0boot0: mmc0:0001 BGSD3R partition 1 16.0 MiB
[    2.964158] registered taskstats version 1
[    2.970156] mmcblk0boot1: mmc0:0001 BGSD3R partition 2 16.0 MiB
[    2.973927] Loading compiled-in X.509 certificates
[    2.983762] thermal emergency: set temperature to 110 celsius
[    2.985139] mmcblk0rpmb: mmc0:0001 BGSD3R partition 3 4.00 MiB, chardev (509:0)
[    2.990614] thermal emergency: shutdown target cpus 1-7
[    3.000096]  mmcblk0: p1
[    3.002967] thermal emergency: freq scaled target cpus 0
[    3.003293] renesas_irqc e61c0000.interrupt-controller: driving 6 irqs
[    3.065735] ehci-platform ee080100.usb: EHCI Host Controller
[    3.071427] ehci-platform ee080100.usb: new USB bus registered, assigned bus number 9
[    3.079333] ehci-platform ee080100.usb: irq 174, io mem 0xee080100
[    3.097718] ehci-platform ee080100.usb: USB 2.0 started, EHCI 1.10
[    3.104338] hub 9-0:1.0: USB hub found
[    3.108106] hub 9-0:1.0: 1 port detected
[    3.113085] ohci-platform ee080000.usb: Generic Platform OHCI controller
[    3.119808] ohci-platform ee080000.usb: new USB bus registered, assigned bus number 10
[    3.127778] ohci-platform ee080000.usb: irq 174, io mem 0xee080000
[    3.224207] hub 10-0:1.0: USB hub found
[    3.228067] hub 10-0:1.0: 1 port detected
[    3.233291] cpu cpu0: EM: created perf domain
[    3.238256] cpu cpu4: EM: created perf domain
[    3.247995] renesas_sdhi_internal_dmac ee100000.mmc: Got CD GPIO
[    3.248275] renesas_sdhi_internal_dmac ee160000.mmc: Got CD GPIO
[    3.254218] renesas_sdhi_internal_dmac ee100000.mmc: Got WP GPIO
[    3.260263] renesas_sdhi_internal_dmac ee160000.mmc: Got WP GPIO
[    3.274017] [drm] Initialized rcar-du 1.0.0 20130110 for feb00000.display on minor 0
[    3.281818] [drm] Device feb00000.display probed
[    3.313850] usb 2-1: new high-speed USB device number 2 using ehci-platform
[    3.314305] renesas_sdhi_internal_dmac ee100000.mmc: mmc1 base at 0x00000000ee100000, max clock rate 200 MHz
[    3.321695] renesas_sdhi_internal_dmac ee160000.mmc: mmc2 base at 0x00000000ee160000, max clock rate 200 MHz
[    3.323697] Console: switching to colour frame buffer device 128x48
[    3.374333] rcar-du feb00000.display: [drm] fb0: rcar-dudrmfb frame buffer device
[    3.386689] input: keys as /devices/platform/keys/input/input0
[    3.469214] Micrel KSZ9031 Gigabit PHY e6800000.ethernet-ffffffff:00: attached PHY driver [Micrel KSZ9031 Gigabit PHY] (mii_bus:phy_addr=e6800000.ethernet-ffffffff:00, irq=183)
[    3.475868] usb-storage 2-1:1.0: USB Mass Storage device detected
[    3.492189] scsi host1: usb-storage 2-1:1.0
[    4.511907] scsi 1:0:0:0: Direct-Access     SanDisk  Extreme Pro      0    PQ: 0 ANSI: 6
[    4.522865] sd 1:0:0:0: [sda] 250085376 512-byte logical blocks: (128 GB/119 GiB)
[    4.531586] sd 1:0:0:0: [sda] Write Protect is off
[    4.537587] sd 1:0:0:0: [sda] Write cache: enabled, read cache: enabled, doesn't support DPO or FUA
[    4.552564]  sda: sda1
[    4.559595] sd 1:0:0:0: [sda] Attached SCSI removable disk
[   10.037531] ravb e6800000.ethernet eth0: Link is Up - 1Gbps/Full - flow control off
[   10.061752] IP-Config: Guessing netmask 255.255.255.0
[   10.066911] IP-Config: Complete:
[   10.073882]      device=eth0, hwaddr=2e:09:0a:00:c3:9a, ipaddr=192.168.10.107, mask=255.255.255.0, gw=255.255.255.255
[   10.088383]      host=192.168.10.107, domain=, nis-domain=(none)
[   10.098254]      bootserver=255.255.255.255, rootserver=192.168.10.98, rootpath=
[   10.098891] ALSA device list:
[   10.116210]   No soundcards found.
[   11.173338] VFS: Mounted root (nfs4 filesystem) on device 0:22.
[   11.184177] devtmpfs: mounted
[   11.192367] Freeing unused kernel memory: 6144K
[   11.229957] Run /sbin/init as init process
[   11.404503] systemd[1]: System time before build time, advancing clock.
[   11.828175] NET: Registered protocol family 10
[   11.836926] Segment Routing with IPv6
[   11.871349] systemd[1]: systemd 244 running in system mode. (+PAM -AUDIT -SELINUX +IMA -APPARMOR -SMACK +SYSVINIT +UTMP -LIBCRYPTSETUP -GCRYPT -GNUTLS +ACL +XZ -LZ4 -SECCOMP +BLKID -ELFUTILS +KMOD -IDN2 -IDN -PCRE2 default-hierarchy=hybrid)
[   11.900039] systemd[1]: Detected architecture arm64.

Welcome to [1mPoky (Yocto Project Reference Distro) 3.1.11 (dunfell)[0m!

[   11.936374] systemd[1]: Set hostname to <salvator-x>.
[   11.945841] random: crng init done
[   12.783740] systemd[1]: system-getty.slice: unit configures an IP firewall, but the local system does not support BPF/cgroup firewalling.
[   12.805169] systemd[1]: (This warning is only shown for the first unit using IP firewalling.)
[   12.820408] systemd[1]: Created slice system-getty.slice.
[[0;32m  OK  [0m] Created slice [0;1;39msystem-getty.slice[0m.
[   12.850985] systemd[1]: Created slice system-serial\x2dgetty.slice.
[[0;32m  OK  [0m] Created slice [0;1;39msystem-serial\x2dgetty.slice[0m.
[   12.874957] systemd[1]: Created slice User and Session Slice.
[[0;32m  OK  [0m] Created slice [0;1;39mUser and Session Slice[0m.
[   12.898223] systemd[1]: Started Dispatch Password Requests to Console Directory Watch.
[[0;32m  OK  [0m] Started [0;1;39mDispatch Password â€¦ts to Console Directory Watch[0m.
[   12.926132] systemd[1]: Started Forward Password Requests to Wall Directory Watch.
[[0;32m  OK  [0m] Started [0;1;39mForward Password Râ€¦uests to Wall Directory Watch[0m.
[   12.954032] systemd[1]: Reached target Paths.
[[0;32m  OK  [0m] Reached target [0;1;39mPaths[0m.
[   12.977888] systemd[1]: Reached target Remote File Systems.
[[0;32m  OK  [0m] Reached target [0;1;39mRemote File Systems[0m.
[   13.001874] systemd[1]: Reached target Slices.
[[0;32m  OK  [0m] Reached target [0;1;39mSlices[0m.
[   13.025884] systemd[1]: Reached target Swap.
[[0;32m  OK  [0m] Reached target [0;1;39mSwap[0m.
[   13.052573] systemd[1]: Listening on RPCbind Server Activation Socket.
[[0;32m  OK  [0m] Listening on [0;1;39mRPCbind Server Activation Socket[0m.
[   13.081942] systemd[1]: Reached target RPC Port Mapper.
[[0;32m  OK  [0m] Reached target [0;1;39mRPC Port Mapper[0m.
[   13.106262] systemd[1]: Listening on initctl Compatibility Named Pipe.
[[0;32m  OK  [0m] Listening on [0;1;39minitctl Compatibility Named Pipe[0m.
[   13.135679] systemd[1]: Listening on Journal Audit Socket.
[[0;32m  OK  [0m] Listening on [0;1;39mJournal Audit Socket[0m.
[   13.163410] systemd[1]: Listening on Journal Socket (/dev/log).
[[0;32m  OK  [0m] Listening on [0;1;39mJournal Socket (/dev/log)[0m.
[   13.190567] systemd[1]: Listening on Journal Socket.
[[0;32m  OK  [0m] Listening on [0;1;39mJournal Socket[0m.
[   13.215774] systemd[1]: Listening on Network Service Netlink Socket.
[[0;32m  OK  [0m] Listening on [0;1;39mNetwork Service Netlink Socket[0m.
[   13.244006] systemd[1]: Listening on udev Control Socket.
[[0;32m  OK  [0m] Listening on [0;1;39mudev Control Socket[0m.
[   13.270438] systemd[1]: Listening on udev Kernel Socket.
[[0;32m  OK  [0m] Listening on [0;1;39mudev Kernel Socket[0m.
[   13.299340] systemd[1]: Mounting Huge Pages File System...
         Mounting [0;1;39mHuge Pages File System[0m...
[   13.327170] systemd[1]: Mounting POSIX Message Queue File System...
         Mounting [0;1;39mPOSIX Message Queue File System[0m...
[   13.358970] systemd[1]: Mounting Kernel Debug File System...
         Mounting [0;1;39mKernel Debug File System[0m...
[   13.390554] systemd[1]: Mounting Temporary Directory (/tmp)...
         Mounting [0;1;39mTemporary Directory (/tmp)[0m...
[   13.420108] systemd[1]: Starting Create list of static device nodes for the current kernel...
         Starting [0;1;39mCreate list of stâ€¦odes for the current kernel[0m...
[   13.454808] systemd[1]: Starting Start psplash boot splash screen...
         Starting [0;1;39mStart psplash boot splash screen[0m...
[   13.488481] systemd[1]: Starting RPC Bind...
         Starting [0;1;39mRPC Bind[0m...
[   13.512116] systemd[1]: Condition check resulted in File System Check on Root Device being skipped.
[   13.527805] systemd[1]: Starting Journal Service...
         Starting [0;1;39mJournal Service[0m...
[   13.560656] systemd[1]: Starting Load Kernel Modules...
         Starting [0;1;39mLoad Kernel Modules[0m...
[   13.586417] systemd[1]: Starting Remount Root and Kernel File Systems...
         Starting [0;1;39mRemount Root and Kernel File Systems[0m...
[   13.614731] systemd[1]: Starting udev Coldplug all Devices...
         Starting [0;1;39mudev Coldplug all Devices[0m...
[   13.639488] systemd[1]: Started Start psplash boot splash screen.
[[0;32m  OK  [0m] Started [0;1;39mStart psplash boot splash screen[0m.
[   13.662856] systemd[1]: Started RPC Bind.
[[0;32m  OK  [0m] Started [0;1;39mRPC Bind[0m.
[   13.682642] systemd[1]: Started Journal Service.
[[0;32m  OK  [0m] Started [0;1;39mJournal Service[0m.
[[0;32m  OK  [0m] Mounted [0;1;39mHuge Pages File System[0m.
[[0;32m  OK  [0m] Mounted [0;1;39mPOSIX Message Queue File System[0m.
[[0;32m  OK  [0m] Mounted [0;1;39mKernel Debug File System[0m.
[[0;32m  OK  [0m] Mounted [0;1;39mTemporary Directory (/tmp)[0m.
[[0;32m  OK  [0m] Started [0;1;39mCreate list of staâ€¦ nodes for the current kernel[0m.
[[0;32m  OK  [0m] Started [0;1;39mLoad Kernel Modules[0m.
[[0;32m  OK  [0m] Started [0;1;39mRemount Root and Kernel File Systems[0m.
         Mounting [0;1;39mKernel Configuration File System[0m...
[[0;32m  OK  [0m] Started [0;1;39mStart psplash-systâ€¦progress communication helper[0m.
         Starting [0;1;39mFlush Journal to Persistent Storage[0m...
         Starting [0;1;[   13.904527] systemd-journald[334]: Received client request to flush runtime journal.
39mApply Kernel Variables[0m...
         Starting [0;1;39mCreate Static Device Nodes in /dev[0m...
[[0;32m  OK  [0m] Mounted [0;1;39mKernel Configuration File System[0m.
[[0;32m  OK  [0m] Started [0;1;39mFlush Journal to Persistent Storage[0m.
[[0;32m  OK  [0m] Started [0;1;39mApply Kernel Variables[0m.
[[0;32m  OK  [0m] Started [0;1;39mCreate Static Device Nodes in /dev[0m.
[[0;32m  OK  [0m] Reached target [0;1;39mLocal File Systems (Pre)[0m.
         Mounting [0;1;39m/var/volatile[0m...
         Starting [0;1;39mudev Kernel Device Manager[0m...
[[0;32m  OK  [0m] Mounted [0;1;39m/var/volatile[0m.
         Starting [0;1;39mLoad/Save Random Seed[0m...
[[0;32m  OK  [0m] Reached target [0;1;39mLocal File Systems[0m.
         Starting [0;1;39mCreate Volatile Files and Directories[0m...
[[0;32m  OK  [0m] Started [0;1;39mLoad/Save Random Seed[0m.
[[0;32m  OK  [0m] Started [0;1;39mudev Coldplug all Devices[0m.
[[0;32m  OK  [0m] Started [0;1;39mudev Kernel Device Manager[0m.
         Starting [0;1;39mNetwork Service[0m...
[[0;32m  OK  [0m] Started [0;1;39mCreate Volatile Files and Directories[0m.
         Starting [0;1;39mNetwork Time Synchronization[0m...
         Starting [0;1;39mUpdate UTMP about System Boot/Shutdown[0m...
[[0;32m  OK  [0m] Started [0;1;39mNetwork Service[0m.
[[0;32m  OK  [0m] Started [0;1;39mUpdate UTMP about System Boot/Shutdown[0m.
         Starting [0;1;39mNetwork Name Resolution[0m...
[[0;32m  OK  [0m] Started [0;1;39mNetwork Time Synchronization[0m.
[[0;32m  OK  [0m] Reached target [0;1;39mSystem Initialization[0m.
[[0;32m  OK  [0m] Started [0;1;39mDaily Cleanup of Temporary Directories[0m.
[   14.460746] pwm-backlight: probe of backlight failed with error -16
[[0;32m  OK  [0m] Reached target [0;1;39mSystem Time Set[0m.
[[0;32m  OK  [0m] Reached target [0;1;39mSystem Time Synchronized[0m.
[[0;32m  OK  [0m] Reached target [0;1;39mTimers[0m.
[[0;32m  OK  [0m] Listening on [0;1;39mAvahi mDNS/DNS-SD Stack Activation Socket[0m.
[   14.552925] at24 7-0050: supply vcc not found, using dummy regulator
[[0;32m  OK  [[   14.560048] at24 7-0050: 128 byte br24t01 EEPROM, writable, 8 bytes/write
0m] Listening on [0;1;39mD-Bus System Message Bus Socket[0m.
[[0;32m  OK  [0m] Listening on [0;1;39mdropbear.socket[0m.
[[0;32m  OK  [0m] Reached target [0;1;39mSockets[0m.
[[0;32m  OK  [0m] Reached target [0;1;39mBasic System[0m.
[   14.681311] ccree e6601000.crypto: ARM CryptoCell 630P Driver: HW version 0xAF400001/0xDCC63000, Driver version 5.0
[[0;32m  OK  [0m] Started [0;1;39mD-Bus System Message Bus[0m.
[   14.701822] renesas_usb3 ee020000.usb: probed with phy
[   14.731513] ccree e6601000.crypto: ARM ccree device initialized
[[0;32m  OK  [0m] Started [0;1;39moptee services[0m.
         Starting [0;1;39mpvrinit.service[0m...
         Starting [0;1;39mPowerVR consumer services[0m...
         Starting [0;1;39mLogin Service[0m...
[[0;32m  OK  [0m] Started [0;1;39mNetwork Name Resolution[0m.
[[0;1;31mFAILED[0m] Failed to start [0;1;39mPowerVR consumer services[0m.
See 'systemctl status rc.pvr.service' for details.
[[0;1;38;5;185mDEPEND[0m] Dependency failed for [0;1;39mWeston Wayland Compositor[0m.
[[0;1;31mFAILED[0m] Failed to start [0;1;39mpvrinit.service[0m.
See 'systemctl status pvrinit.service' for details.
[[0;32m  OK  [0m] Started [0;1;39mLogin Service[0m.
[[0;32m  OK  [0m] Created slice [0;1;39msystem-weston.slice[0m.
[[0;32m  OK  [0m] Reached target [0;1;39mNetwork[0m.
[[0;32m  OK  [0m] Reached target [0;1;39mHost and Network Name Lookups[0m.
[[0;32m  OK  [0m] Reached target [0;1;39mHardware activated USB gadget[0m.
         Starting [0;1;39mAvahi mDNS/DNS-SD Stack[0m...
         Starting [0;1;39mset_default_governor.service[0m...
         Starting [0;1;39mPermit User Sessions[0m...
[[0;32m  OK  [0m] Started [0;1;39mXinetd A Powerful Replacement For Inetd[0m.
[[0;32m  OK  [0m] Started [0;1;39mPermit User Sessions[0m.
[   15.262349] rd 0-7: Disabling EAS, schedutil is mandatory
[[0;32m  OK  [0m] Started [0;1;39mAvahi mDNS/DNS-SD Stack[0m.
[[0;32m  OK  [0m] Started [0;1;39mset_default_governor.service[0m.
[[0;32m  OK  [0m] Started [0;1;39mGetty on tty1[0m.
[[0;32m  OK  [0m] Started [0;1;39mSerial Getty on ttySC0[0m.
[[0;32m  OK  [0m] Reached target [0;1;39mLogin Prompts[0m.
[[0;32m  OK  [0m] Reached target [0;1;39mMulti-User System[0m.
         Starting [0;1;39mUpdate UTMP about System Runlevel Changes[0m...
[[0;32m  OK  [0m] Started [0;1;39mUpdate UTMP about System Runlevel Changes[0m.

Poky (Yocto Project Reference Distro) 3.1.11 salvator-x ttySC0

salvator-x login: 
salvator-x login: root
[   17.434625] audit: type=1006 audit(1703064538.028:2): pid=508 uid=0 old-auid=4294967295 auid=0 tty=(none) old-ses=4294967295 ses=1 res=1
7[r[999;999H[6n8root@salvator-x:~# 
root@salvator-x:~# 
root@salvator-x:~# 
root@salvator-x:~# 
root@salvator-x:~# 
root@salvator-x:~# 
root@salvator-x:~# 
root@salvator-x:~# 
root@salvator-x:~# 
----------Prepare----------


root@salvator-x:~# find /sys/devices/platform/soc/ee0c0100.usb/ -name 'sd*'
/sys/devices/platform/soc/ee0c0100.usb/usb2/2-1/2-1:1.0/host1/target1:0:0/1:0:0:0/block/sda
/sys/devices/platform/soc/ee0c0100.usb/usb2/2-1/2-1:1.0/host1/target1:0:0/1:0:0:0/block/sda/sda1
root@salvator-x:~# 
root@salvator-x:~# dd if=/dev/urandom of=testdata bs=10M count=5
5+0 records in
5+0 records out
52428800 bytes (52 MB, 50 MiB) copied, 1.27927 s, 41.0 MB/s
root@salvator-x:~# 
root@salvator-x:~# mkdir -p /mnt/usb
root@salvator-x:~# 
root@salvator-x:~# mount /dev/sda1 /mnt/usb
[   39.773284] EXT4-fs (sda1): mounted filesystem with ordered data mode. Opts: (null)
root@salvator-x:~# 
root@salvator-x:~# cp testdata /mnt/usb/
[   41.949881] SDHI0 VccQ: disabling
[   41.953274] SDHI3 VccQ: disabling
root@salvator-x:~# 
root@salvator-x:~# umount /mnt/usb
root@salvator-x:~# 
root@salvator-x:~# find /sys/devices/platform/soc/ee0c0100.usb/ -name 'sd*'
/sys/devices/platform/soc/ee0c0100.usb/usb2/2-1/2-1:1.0/host1/target1:0:0/1:0:0:0/block/sda
/sys/devices/platform/soc/ee0c0100.usb/usb2/2-1/2-1:1.0/host1/target1:0:0/1:0:0:0/block/sda/sda1
root@salvator-x:~# 
root@salvator-x:~# i2cset -f -y 7 0x30 0x20 0x0f
root@salvator-x:~# 

Switch SW23 off and input 'yes' to continue:
Input 'yes' to continue: 

root@salvator-x:~# echo N > /sys/module/printk/parameters/console_suspend
root@salvator-x:~# 
root@salvator-x:~# mount /dev/sda1 /mnt/usb
[   58.871837] EXT4-fs (sda1): mounted filesystem with ordered data mode. Opts: (null)
root@salvator-x:~# 
root@salvator-x:~# cp testdata /mnt/usb/testdata_from_nfs &
[1] 534
root@salvator-x:~# 
root@salvator-x:~# echo mem > /sys/power/state
[   60.290280] PM: suspend entry (deep)
[   62.262402] Filesystems sync: 1.968 seconds
[   62.268771] Freezing user space processes ... (elapsed 0.001 seconds) done.
[   62.270757] OOM killer disabled.
[   62.270760] Freezing remaining freezable tasks ... (elapsed 0.001 seconds) done.
[   62.305748] sd 1:0:0:0: [sda] Synchronizing SCSI cache
[   62.703678] ravb e6800000.ethernet eth0: Link is Down
[   62.718479] Disabling non-boot CPUs ...
[   62.722903] CPU1: shutdown
[   62.725613] psci: CPU1 killed (polled 0 ms)
[   62.731552] CPU2: shutdown
[   62.734278] psci: CPU2 killed (polled 0 ms)
[   62.739987] CPU3: shutdown
[   62.742721] psci: CPU3 killed (polled 0 ms)
[   62.748649] CPU4: shutdown
[   62.751376] psci: CPU4 killed (polled 0 ms)
[   62.757049] CPU5: shutdown
[   62.759790] psci: CPU5 killed (polled 0 ms)
[   62.765358] CPU6: shutdown
[   62.768087] psci: CPU6 killed (polled 0 ms)
[   62.773858] CPU7: shutdown
[   62.776569] psci: CPU7 killed (polled 0 ms)
 
 Switch power switch: 

NOTICE:  BL2: R-Car Gen3 Initial Program Loader(CA57) Rev.4.0.0
NOTICE:  BL2: PRR is R-Car H3 Ver.3.0
NOTICE:  BL2: Board is Salvator-XS Rev.1.0
NOTICE:  BL2: Boot device is HyperFlash(160MHz)
NOTICE:  BL2: LCM state is CM
NOTICE:  AVS setting succeeded. DVFS_SetVID=0x53
NOTICE:  BL2: DDR3200(rev.0.42)
NOTICE:  BL2: [WARM_BOOT]
NOTICE:  BL2: DRAM Split is 4ch(DDR f)
NOTICE:  BL2: QoS is default setting(rev.0.11)
NOTICE:  BL2: DRAM refresh interval 1.95 usec
NOTICE:  BL2: Periodic Write DQ Training
NOTICE:  BL2: CH0: 400000000 - 47fffffff, 2 GiB
NOTICE:  BL2: CH1: 500000000 - 57fffffff, 2 GiB
NOTICE:  BL2: CH2: 600000000 - 67fffffff, 2 GiB
NOTICE:  BL2: CH3: 700000000 - 77fffffff, 2 GiB
NOTICE:  BL2: Lossy Decomp areas
NOTICE:       Entry 0: DCMPAREACRAx:0x80000540 DCMPAREACRBx:0x570
NOTICE:       Entry 1: DCMPAREACRAx:0x40000000 DCMPAREACRBx:0x0
NOTICE:       Entry 2: DCMPAREACRAx:0x20000000 DCMPAREACRBx:0x0
NOTICE:  BL2: FDT at 0xe6327f70
NOTICE:  BL2: v2.9(release):9cdb21f75
NOTICE:  BL2: Built : 05:25:39, Dec 19 2023
NOTICE:  BL2: Normal boot
[   62.781827] Enabling non-boot CPUs ...
[   62.785809] Detected PIPT I-cache on CPU1
[   62.785863] CPU1: Booted secondary processor 0x0000000001 [0x411fd073]
[   62.786328] CPU1 is up
[   62.799347] Detected PIPT I-cache on CPU2
[   62.799368] CPU2: Booted secondary processor 0x0000000002 [0x411fd073]
[   62.799633] CPU2 is up
[   62.812645] Detected PIPT I-cache on CPU3
[   62.812667] CPU3: Booted secondary processor 0x0000000003 [0x411fd073]
[   62.812934] CPU3 is up
[   62.825997] Detected VIPT I-cache on CPU4
[   62.826050] CPU4: Booted secondary processor 0x0000000100 [0x410fd034]
[   62.826934] CPU4 is up
[   62.839942] Detected VIPT I-cache on CPU5
[   62.839975] CPU5: Booted secondary processor 0x0000000101 [0x410fd034]
[   62.840532] CPU5 is up
[   62.853542] Detected VIPT I-cache on CPU6
[   62.853575] CPU6: Booted secondary processor 0x0000000102 [0x410fd034]
[   62.854246] CPU6 is up
[   62.867256] Detected VIPT I-cache on CPU7
[   62.867289] CPU7: Booted secondary processor 0x0000000103 [0x410fd034]
[   62.867918] CPU7 is up
[   62.939945] xhci-hcd ee000000.usb: xHC error in resume, USBSTS 0x401, Reinit
[   62.947011] usb usb7: root hub lost power or was reset
[   62.952135] usb usb8: root hub lost power or was reset
[   63.060676] Micrel KSZ9031 Gigabit PHY e6800000.ethernet-ffffffff:00: attached PHY driver [Micrel KSZ9031 Gigabit PHY] (mii_bus:phy_addr=e6800000.ethernet-ffffffff:00, irq=183)
[   63.175797] usb usb4: root hub lost power or was reset
[   63.181071] usb usb1: root hub lost power or was reset
[   63.267782] usb usb5: root hub lost power or was reset
[   63.273050] usb usb2: root hub lost power or was reset
[   63.359782] usb usb6: root hub lost power or was reset
[   63.364950] usb usb3: root hub lost power or was reset
[   63.483779] usb usb10: root hub lost power or was reset
[   63.489119] usb usb9: root hub lost power or was reset
[   63.501768] ata1: link resume succeeded after 1 retries
[   63.613293] ata1: SATA link down (SStatus 0 SControl 300)
[   64.553689] usb 2-1: reset high-speed USB device number 2 using ehci-platform
[   64.721812] OOM killer enabled.
[   64.725656] Restarting tasks ... done.
[1]+  Done                    cp testdata /mnt/usb/testdata_from_nfs
[   64.731082] PM: suspend exit
root@salvator-x:~# [   69.938143] ravb e6800000.ethernet eth0: Link is Up - 1Gbps/Full - flow control off

root@salvator-x:~# echo "Wake up sucessfully"
Wake up sucessfully
root@salvator-x:~# 
root@salvator-x:~# wait
root@salvator-x:~# 
root@salvator-x:~# sync
root@salvator-x:~# 
root@salvator-x:~# cmp testdata /mnt/usb/testdata_from_nfs
root@salvator-x:~# 
root@salvator-x:~# umount /mnt/usb
root@salvator-x:~# 
 
#### Result: OK ####
