

----------Item 5----------


Please press switch to restart board 

[F 00:00:120
[F 00:00:119
[F 00:00:118
NOTICE:  BL2: R-Car Gen3 Initial Program Loader(CA57) Rev.4.0.0
NOTICE:  BL2: PRR is R-Car H3 Ver.3.0
NOTICE:  BL2: Board is Salvator-XS Rev.1.0
NOTICE:  BL2: Boot device is HyperFlash(160MHz)
NOTICE:  BL2: LCM state is CM
NOTICE:  AVS setting succeeded. DVFS_SetVID=0x53
NOTICE:  BL2: DDR3200(rev.0.42)
NOTICE:  BL2: [COLD_BOOT]
NOTICE:  BL2: DRAM Split is 4ch(DDR f)
NOTICE:  BL2: QoS is default setting(rev.0.11)
NOTICE:  BL2: DRAM refresh interval 1.95 usec
NOTICE:  BL2: Periodic Write DQ Training
NOTICE:  BL2: CH0: 400000000 - 47fffffff, 2 GiB
NOTICE:  BL2: CH1: 500000000 - 57fffffff, 2 GiB
NOTICE:  BL2: CH2: 600000000 - 67fffffff, 2 GiB
NOTICE:  BL2: CH3: 700000000 - 77fffffff, 2 GiB
NOTICE:  BL2: Lossy Decomp areas
NOTICE:       Entry 0: DCMPAREACRAx:0x80000540 DCMPAREACRBx:0x570
NOTICE:       Entry 1: DCMPAREACRAx:0x40000000 DCMPAREACRBx:0x0
NOTICE:       Entry 2: DCMPAREACRAx:0x20000000 DCMPAREACRBx:0x0
NOTICE:  BL2: FDT at 0xe6327f70
NOTICE:  BL2: v2.9(release):9cdb21f75
NOTICE:  BL2: Built : 05:25:39, Dec 19 2023
NOTICE:  BL2: Normal boot
NOTICE:  BL2: dst=0xe6327800 src=0x8180000 len=512(0x200)
NOTICE:  BL2: dst=0x43f00000 src=0x8180400 len=6144(0x1800)
NOTICE:  rcar_file_len: len: 0x0003e000
NOTICE:  BL2: dst=0x44000000 src=0x81c0000 len=253952(0x3e000)
NOTICE:  rcar_file_len: len: 0x00200000
NOTICE:  BL2: dst=0x44100000 src=0x8200000 len=2097152(0x200000)
NOTICE:  rcar_file_len: len: 0x00100000
NOTICE:  BL2: dst=0x50000000 src=0x8640000 len=1048576(0x100000)
NOTICE:  BL2: Booting BL31


U-Boot 2020.10 (Dec 19 2023 - 14:30:40 +0000)

CPU: Renesas Electronics R8A7795 rev 3.0
Model: Renesas Salvator-X 2nd version board based on r8a77951
DRAM:  7.9 GiB
RAM Configuration:
Bank #0: 0x048000000 - 0x0bfffffff, 1.9 GiB
Bank #1: 0x500000000 - 0x57fffffff, 2 GiB
Bank #2: 0x600000000 - 0x67fffffff, 2 GiB
Bank #3: 0x700000000 - 0x77fffffff, 2 GiB

MMC:   sd@ee100000: 0, sd@ee140000: 1, sd@ee160000: 2
Loading Environment from MMC... OK
In:    serial@e6e88000
Out:   serial@e6e88000
Err:   serial@e6e88000
Net:   eth0: ethernet@e6800000
Hit any key to stop autoboot:  2  1  0 
ethernet@e6800000 Waiting for PHY auto negotiation to complete............ done
Using ethernet@e6800000 device
TFTP from server 192.168.10.98; our IP address is 192.168.10.107
Filename 'BV/PT3/boot_USB2H/Image'.
Load address: 0x48080000
Loading: *#################################################################
	 #################################################################
	 #################################################################
	 #################################################################
	 #################################################################
	 #################################################################
	 #################################################################
	 #################################################################
	 #################################################################
	 #################################################################
	 #################################################################
	 #################################################################
	 #################################################################
	 #################################################################
	 #################################################################
	 #################################################################
	 #################################################################
	 #################################################################
	 #################################################################
	 #################################################################
	 #################################################################
	 #################################################################
	 #################################################################
	 #################################################################
	 #################################################################
	 #################################################################
	 #################################################################
	 #################################################################
	 #################################################################
	 #################################################################
	 #################################################################
	 #################################################################
	 #################################################################
	 #################################################################
	 ################################################################
	 4 MiB/s
done
Bytes transferred = 33376768 (1fd4a00 hex)
Using ethernet@e6800000 device
TFTP from server 192.168.10.98; our IP address is 192.168.10.107
Filename 'BV/PT3/boot_USB2H/r8a77951-salvator-xs.dtb'.
Load address: 0x48000000
Loading: *#######
	 7.2 MiB/s
done
Bytes transferred = 90876 (162fc hex)
Moving Image from 0x48080000 to 0x48200000, end=4a260000
## Flattened Device Tree blob at 48000000
   Booting using the fdt blob at 0x48000000
   Loading Device Tree to 0000000053fe6000, end 0000000053fff2fb ... OK

Starting kernel ...

[    0.000000] Booting Linux on physical CPU 0x0000000000 [0x411fd073]
[    0.000000] Linux version 5.10.194-yocto-standard (thuan.nguyen-hong@banvien) (aarch64-poky-linux-gcc (GCC) 9.3.0, GNU ld (GNU Binutils) 2.34.0.20200220) #10 SMP PREEMPT Mon Feb 19 03:51:05 UTC 2024
[    0.000000] Machine model: Renesas Salvator-X 2nd version board based on r8a77951
[    0.000000] efi: UEFI not found.
[    0.000000] Reserved memory: created CMA memory pool at 0x0000000057000000, size 16 MiB
[    0.000000] OF: reserved mem: initialized node linux,adsp@57000000, compatible id shared-dma-pool
[    0.000000] Reserved memory: created CMA memory pool at 0x0000000058000000, size 384 MiB
[    0.000000] OF: reserved mem: initialized node linux,cma@58000000, compatible id shared-dma-pool
[    0.000000] Reserved memory: created CMA memory pool at 0x0000000070000000, size 256 MiB
[    0.000000] OF: reserved mem: initialized node linux,multimedia@70000000, compatible id shared-dma-pool
[    0.000000] NUMA: No NUMA configuration found
[    0.000000] NUMA: Faking a node at [mem 0x0000000048000000-0x000000077fffffff]
[    0.000000] NUMA: NODE_DATA [mem 0x77efdab00-0x77efdcfff]
[    0.000000] Zone ranges:
[    0.000000]   DMA      [mem 0x0000000048000000-0x000000007fffffff]
[    0.000000]   DMA32    [mem 0x0000000080000000-0x00000000ffffffff]
[    0.000000]   Normal   [mem 0x0000000100000000-0x000000077fffffff]
[    0.000000] Movable zone start for each node
[    0.000000] Early memory node ranges
[    0.000000]   node   0: [mem 0x0000000048000000-0x0000000053ffffff]
[    0.000000]   node   0: [mem 0x0000000054000000-0x0000000056ffffff]
[    0.000000]   node   0: [mem 0x0000000057000000-0x00000000bfffffff]
[    0.000000]   node   0: [mem 0x0000000500000000-0x000000057fffffff]
[    0.000000]   node   0: [mem 0x0000000600000000-0x000000067fffffff]
[    0.000000]   node   0: [mem 0x0000000700000000-0x000000077fffffff]
[    0.000000] Initmem setup node 0 [mem 0x0000000048000000-0x000000077fffffff]
[    0.000000] psci: probing for conduit method from DT.
[    0.000000] psci: PSCIv1.1 detected in firmware.
[    0.000000] psci: Using standard PSCI v0.2 function IDs
[    0.000000] psci: Trusted OS resident on physical CPU 0x0
[    0.000000] psci: SMC Calling Convention v1.2
[    0.000000] percpu: Embedded 23 pages/cpu s56984 r8192 d29032 u94208
[    0.000000] Detected PIPT I-cache on CPU0
[    0.000000] CPU features: detected: EL2 vector hardening
[    0.000000] CPU features: detected: Spectre-v2
[    0.000000] CPU features: detected: ARM errata 1165522, 1319367, or 1530923
[    0.000000] CPU features: detected: Spectre-BHB
[    0.000000] CPU features: detected: ARM erratum 1742098
[    0.000000] Built 1 zonelists, mobility grouping on.  Total pages: 2032128
[    0.000000] Policy zone: Normal
[    0.000000] Kernel command line: rw root=/dev/nfs nfsroot=192.168.10.98:/data/tftpboot/BV/PT3/rootfs_H3,nfsvers=4 ip=192.168.10.107
[    0.000000] Dentry cache hash table entries: 1048576 (order: 11, 8388608 bytes, linear)
[    0.000000] Inode-cache hash table entries: 524288 (order: 10, 4194304 bytes, linear)
[    0.000000] mem auto-init: stack:off, heap alloc:off, heap free:off
[    0.000000] software IO TLB: mapped [mem 0x000000004ffe6000-0x0000000053fe6000] (64MB)
[    0.000000] Memory: 7276840K/8257536K available (15232K kernel code, 2834K rwdata, 8240K rodata, 6144K init, 517K bss, 308952K reserved, 671744K cma-reserved)
[    0.000000] SLUB: HWalign=64, Order=0-3, MinObjects=0, CPUs=8, Nodes=1
[    0.000000] rcu: Preemptible hierarchical RCU implementation.
[    0.000000] rcu: 	RCU event tracing is enabled.
[    0.000000] rcu: 	RCU restricting CPUs from NR_CPUS=256 to nr_cpu_ids=8.
[    0.000000] 	Trampoline variant of Tasks RCU enabled.
[    0.000000] rcu: RCU calculated value of scheduler-enlistment delay is 25 jiffies.
[    0.000000] rcu: Adjusting geometry for rcu_fanout_leaf=16, nr_cpu_ids=8
[    0.000000] NR_IRQS: 64, nr_irqs: 64, preallocated irqs: 0
[    0.000000] arch_timer: cp15 timer(s) running at 8.32MHz (virt).
[    0.000000] clocksource: arch_sys_counter: mask: 0xffffffffffffff max_cycles: 0x1eb398c07, max_idle_ns: 440795202503 ns
[    0.000003] sched_clock: 56 bits at 8MHz, resolution 120ns, wraps every 2199023255503ns
[    0.000205] Console: colour dummy device 80x25
[    0.000412] printk: console [tty0] enabled
[    0.000489] Calibrating delay loop (skipped), value calculated using timer frequency.. 16.64 BogoMIPS (lpj=33280)
[    0.000503] pid_max: default: 32768 minimum: 301
[    0.000560] LSM: Security Framework initializing
[    0.000644] Mount-cache hash table entries: 16384 (order: 5, 131072 bytes, linear)
[    0.000696] Mountpoint-cache hash table entries: 16384 (order: 5, 131072 bytes, linear)
[    0.002143] rcu: Hierarchical SRCU implementation.
[    0.003732] Detected Renesas R-Car Gen3 r8a7795 ES3.0
[    0.005866] EFI services will not be available.
[    0.006197] smp: Bringing up secondary CPUs ...
[    0.006653] Detected PIPT I-cache on CPU1
[    0.006704] CPU1: Booted secondary processor 0x0000000001 [0x411fd073]
[    0.007184] Detected PIPT I-cache on CPU2
[    0.007209] CPU2: Booted secondary processor 0x0000000002 [0x411fd073]
[    0.007627] Detected PIPT I-cache on CPU3
[    0.007648] CPU3: Booted secondary processor 0x0000000003 [0x411fd073]
[    0.008113] CPU features: detected: ARM erratum 845719
[    0.008126] Detected VIPT I-cache on CPU4
[    0.008174] CPU4: Booted secondary processor 0x0000000100 [0x410fd034]
[    0.008654] Detected VIPT I-cache on CPU5
[    0.008681] CPU5: Booted secondary processor 0x0000000101 [0x410fd034]
[    0.009115] Detected VIPT I-cache on CPU6
[    0.009142] CPU6: Booted secondary processor 0x0000000102 [0x410fd034]
[    0.009578] Detected VIPT I-cache on CPU7
[    0.009606] CPU7: Booted secondary processor 0x0000000103 [0x410fd034]
[    0.009685] smp: Brought up 1 node, 8 CPUs
[    0.009746] SMP: Total of 8 processors activated.
[    0.009754] CPU features: detected: 32-bit EL0 Support
[    0.009761] CPU features: detected: CRC32 instructions
[    0.009769] CPU features: detected: 32-bit EL1 Support
[    0.022964] CPU: All CPU(s) started at EL1
[    0.023015] alternatives: patching kernel code
[    0.024175] devtmpfs: initialized
[    0.030964] KASLR disabled due to lack of seed
[    0.031113] clocksource: jiffies: mask: 0xffffffff max_cycles: 0xffffffff, max_idle_ns: 7645041785100000 ns
[    0.031133] futex hash table entries: 2048 (order: 5, 131072 bytes, linear)
[    0.039775] pinctrl core: initialized pinctrl subsystem
[    0.041249] DMI not present or invalid.
[    0.041749] NET: Registered protocol family 16
[    0.042688] DMA: preallocated 1024 KiB GFP_KERNEL pool for atomic allocations
[    0.042885] DMA: preallocated 1024 KiB GFP_KERNEL|GFP_DMA pool for atomic allocations
[    0.043176] DMA: preallocated 1024 KiB GFP_KERNEL|GFP_DMA32 pool for atomic allocations
[    0.043218] audit: initializing netlink subsys (disabled)
[    0.043399] audit: type=2000 audit(0.040:1): state=initialized audit_enabled=0 res=1
[    0.044564] thermal_sys: Registered thermal governor 'power_allocator'
[    0.045082] cpuidle: using governor menu
[    0.045249] hw-breakpoint: found 6 breakpoint and 4 watchpoint registers.
[    0.045373] ASID allocator initialised with 65536 entries
[    0.046659] Serial: AMBA PL011 UART driver
[    0.089499] sh-pfc e6060000.pinctrl: r8a77951_pfc support registered
[    0.104223] HugeTLB registered 1.00 GiB page size, pre-allocated 0 pages
[    0.104237] HugeTLB registered 32.0 MiB page size, pre-allocated 0 pages
[    0.104245] HugeTLB registered 2.00 MiB page size, pre-allocated 0 pages
[    0.104252] HugeTLB registered 64.0 KiB page size, pre-allocated 0 pages
[    0.105211] cryptd: max_cpu_qlen set to 1000
[    0.107464] ACPI: Interpreter disabled.
[    0.111291] rcar-avs: use avs value: 0
[    0.111306] rcar-avs: cpu@0 is running with: opp_table0
[    0.111316] rcar-avs: cpu@1 is running with: opp_table0
[    0.111336] rcar-avs: cpu@2 is running with: opp_table0
[    0.111345] rcar-avs: cpu@3 is running with: opp_table0
[    0.111428] rcar-avs: gsx@fd000000 is running with: gsx_opp_table0
[    0.112833] iommu: Default domain type: Translated 
[    0.113410] ipmmu-vmsa e67b0000.iommu: IPMMU context 0 is reserved
[    0.114420] vgaarb: loaded
[    0.114620] SCSI subsystem initialized
[    0.114866] usbcore: registered new interface driver usbfs
[    0.114896] usbcore: registered new interface driver hub
[    0.114922] usbcore: registered new device driver usb
[    0.118455] i2c-sh_mobile e60b0000.i2c: I2C adapter 7, bus speed 400000 Hz
[    0.118985] mc: Linux media interface: v0.10
[    0.119006] videodev: Linux video capture interface: v2.00
[    0.119053] pps_core: LinuxPPS API ver. 1 registered
[    0.119061] pps_core: Software ver. 5.3.6 - Copyright 2005-2007 Rodolfo Giometti <giometti@linux.it>
[    0.119074] PTP clock support registered
[    0.119243] EDAC MC: Ver: 3.0.0
[    0.121233] FPGA manager framework
[    0.121290] Advanced Linux Sound Architecture Driver Initialized.
[    0.121838] clocksource: Switched to clocksource arch_sys_counter
[    0.121984] VFS: Disk quotas dquot_6.6.0
[    0.122027] VFS: Dquot-cache hash table entries: 512 (order 0, 4096 bytes)
[    0.122151] pnp: PnP ACPI: disabled
[    0.125626] NET: Registered protocol family 2
[    0.126037] IP idents hash table entries: 131072 (order: 8, 1048576 bytes, linear)
[    0.128297] tcp_listen_portaddr_hash hash table entries: 4096 (order: 4, 65536 bytes, linear)
[    0.128374] TCP established hash table entries: 65536 (order: 7, 524288 bytes, linear)
[    0.128660] TCP bind hash table entries: 65536 (order: 8, 1048576 bytes, linear)
[    0.129246] TCP: Hash tables configured (established 65536 bind 65536)
[    0.129362] UDP hash table entries: 4096 (order: 5, 131072 bytes, linear)
[    0.129475] UDP-Lite hash table entries: 4096 (order: 5, 131072 bytes, linear)
[    0.129698] NET: Registered protocol family 1
[    0.130065] RPC: Registered named UNIX socket transport module.
[    0.130075] RPC: Registered udp transport module.
[    0.130081] RPC: Registered tcp transport module.
[    0.130087] RPC: Registered tcp NFSv4.1 backchannel transport module.
[    0.130099] PCI: CLS 0 bytes, default 64
[    0.131049] hw perfevents: enabled with armv8_cortex_a53 PMU driver, 7 counters available
[    0.131321] hw perfevents: enabled with armv8_cortex_a57 PMU driver, 7 counters available
[    0.131945] kvm [1]: HYP mode not available
[    0.134865] Initialise system trusted keyrings
[    0.134987] workingset: timestamp_bits=42 max_order=21 bucket_order=0
[    0.138073] squashfs: version 4.0 (2009/01/31) Phillip Lougher
[    0.138474] NFS: Registering the id_resolver key type
[    0.138504] Key type id_resolver registered
[    0.138511] Key type id_legacy registered
[    0.138564] nfs4filelayout_init: NFSv4 File Layout Driver Registering...
[    0.138574] nfs4flexfilelayout_init: NFSv4 Flexfile Layout Driver Registering...
[    0.138676] 9p: Installing v9fs 9p2000 file system support
[    0.164990] Key type asymmetric registered
[    0.165001] Asymmetric key parser 'x509' registered
[    0.165031] Block layer SCSI generic (bsg) driver version 0.4 loaded (major 243)
[    0.165041] io scheduler mq-deadline registered
[    0.165051] io scheduler kyber registered
[    0.181161] gpio_rcar e6050000.gpio: driving 16 GPIOs
[    0.181484] gpio_rcar e6051000.gpio: driving 29 GPIOs
[    0.181762] gpio_rcar e6052000.gpio: driving 15 GPIOs
[    0.182046] gpio_rcar e6053000.gpio: driving 16 GPIOs
[    0.182314] gpio_rcar e6054000.gpio: driving 18 GPIOs
[    0.182586] gpio_rcar e6055000.gpio: driving 26 GPIOs
[    0.182863] gpio_rcar e6055400.gpio: driving 32 GPIOs
[    0.183126] gpio_rcar e6055800.gpio: driving 4 GPIOs
[    0.186048] rcar-pcie fe000000.pcie: host bridge /soc/pcie@fe000000 ranges:
[    0.186079] rcar-pcie fe000000.pcie:       IO 0x00fe100000..0x00fe1fffff -> 0x0000000000
[    0.186102] rcar-pcie fe000000.pcie:      MEM 0x00fe200000..0x00fe3fffff -> 0x00fe200000
[    0.186120] rcar-pcie fe000000.pcie:      MEM 0x0030000000..0x0037ffffff -> 0x0030000000
[    0.186134] rcar-pcie fe000000.pcie:      MEM 0x0038000000..0x003fffffff -> 0x0038000000
[    0.186151] rcar-pcie fe000000.pcie:   IB MEM 0x0040000000..0x007fffffff -> 0x0040000000
[    0.186198] rcar-pcie fe000000.pcie: no pcie3v3 regulator found
[    0.186209] rcar-pcie fe000000.pcie: no pcie1v8 regulator found
[    0.253539] rcar-pcie fe000000.pcie: PCIe link down
[    0.253716] rcar-pcie ee800000.pcie: host bridge /soc/pcie@ee800000 ranges:
[    0.253741] rcar-pcie ee800000.pcie:       IO 0x00ee900000..0x00ee9fffff -> 0x0000000000
[    0.253761] rcar-pcie ee800000.pcie:      MEM 0x00eea00000..0x00eebfffff -> 0x00eea00000
[    0.253780] rcar-pcie ee800000.pcie:      MEM 0x00c0000000..0x00c7ffffff -> 0x00c0000000
[    0.253794] rcar-pcie ee800000.pcie:      MEM 0x00c8000000..0x00cfffffff -> 0x00c8000000
[    0.253812] rcar-pcie ee800000.pcie:   IB MEM 0x0040000000..0x007fffffff -> 0x0040000000
[    0.253858] rcar-pcie ee800000.pcie: no pcie3v3 regulator found
[    0.253869] rcar-pcie ee800000.pcie: no pcie1v8 regulator found
[    0.413839] rcar-pcie ee800000.pcie: PCIe link down
[    0.416288] EINJ: ACPI disabled.
[    0.450129] Serial: 8250/16550 driver, 4 ports, IRQ sharing enabled
[    0.452548] SuperH (H)SCI(F) driver initialized
[    0.452979] e6550000.serial: ttySC1 at MMIO 0xe6550000 (irq = 42, base_baud = 0) is a hscif
[    0.453717] e6e88000.serial: ttySC0 at MMIO 0xe6e88000 (irq = 128, base_baud = 0) is a scif
[    1.658367] printk: console [ttySC0] enabled
[    1.663778] msm_serial: driver initialized
[    1.674090] rcar-dw-hdmi fead0000.hdmi: Detected HDMI TX controller v2.01a with HDCP (DWC HDMI 2.0 TX PHY)
[    1.683983] rcar-dw-hdmi fead0000.hdmi: registered DesignWare HDMI I2C bus driver
[    1.692228] rcar-dw-hdmi feae0000.hdmi: Detected HDMI TX controller v2.01a with HDCP (DWC HDMI 2.0 TX PHY)
[    1.702118] rcar-dw-hdmi feae0000.hdmi: registered DesignWare HDMI I2C bus driver
[    1.717647] loop: module loaded
[    1.722235] megasas: 07.714.04.00-rc1
[    1.727953] scsi host0: sata_rcar
[    1.731427] ata1: SATA max UDMA/133 irq 181
[    1.740861] tun: Universal TUN/TAP device driver, 1.6
[    1.746811] thunder_xcv, ver 1.0
[    1.750067] thunder_bgx, ver 1.0
[    1.753310] nicpf, ver 1.0
[    1.757433] hclge is initializing
[    1.760769] hns3: Hisilicon Ethernet Network Driver for Hip08 Family - version
[    1.767991] hns3: Copyright (c) 2017 Huawei Corporation.
[    1.773329] e1000: Intel(R) PRO/1000 Network Driver
[    1.778209] e1000: Copyright (c) 1999-2006 Intel Corporation.
[    1.783978] e1000e: Intel(R) PRO/1000 Network Driver
[    1.788944] e1000e: Copyright(c) 1999 - 2015 Intel Corporation.
[    1.794884] igb: Intel(R) Gigabit Ethernet Network Driver
[    1.800282] igb: Copyright (c) 2007-2014 Intel Corporation.
[    1.805870] igbvf: Intel(R) Gigabit Virtual Function Network Driver
[    1.812137] igbvf: Copyright (c) 2009 - 2012 Intel Corporation.
[    1.818481] sky2: driver version 1.30
[    1.826097] ravb e6800000.ethernet eth0: Base address at 0xe6800000, 2e:09:0a:00:c3:9a, IRQ 125.
[    1.836324] VFIO - User Level meta-driver version: 0.3
[    1.843468] ehci_hcd: USB 2.0 'Enhanced' Host Controller (EHCI) Driver
[    1.850005] ehci-pci: EHCI PCI platform driver
[    1.854467] ehci-platform: EHCI generic platform driver
[    1.860076] ehci-platform ee0a0100.usb: EHCI Host Controller
[    1.865758] ehci-platform ee0a0100.usb: new USB bus registered, assigned bus number 1
[    1.873664] ehci-platform ee0a0100.usb: irq 175, io mem 0xee0a0100
[    1.893849] ehci-platform ee0a0100.usb: USB 2.0 started, EHCI 1.10
[    1.900386] hub 1-0:1.0: USB hub found
[    1.904157] hub 1-0:1.0: 1 port detected
[    1.908571] ehci-platform ee0c0100.usb: EHCI Host Controller
[    1.914245] ehci-platform ee0c0100.usb: new USB bus registered, assigned bus number 2
[    1.922147] ehci-platform ee0c0100.usb: irq 176, io mem 0xee0c0100
[    1.941846] ehci-platform ee0c0100.usb: USB 2.0 started, EHCI 1.10
[    1.948387] hub 2-0:1.0: USB hub found
[    1.952157] hub 2-0:1.0: 1 port detected
[    1.981851] ehci-platform ee0e0100.usb: EHCI Host Controller
[    1.987530] ehci-platform ee0e0100.usb: new USB bus registered, assigned bus number 3
[    1.995443] ehci-platform ee0e0100.usb: irq 177, io mem 0xee0e0100
[    2.013844] ehci-platform ee0e0100.usb: USB 2.0 started, EHCI 1.10
[    2.020341] hub 3-0:1.0: USB hub found
[    2.024110] hub 3-0:1.0: 1 port detected
[    2.028505] ehci-orion: EHCI orion driver
[    2.032779] ehci-exynos: EHCI Exynos driver
[    2.037082] ohci_hcd: USB 1.1 'Open' Host Controller (OHCI) Driver
[    2.043282] ohci-pci: OHCI PCI platform driver
[    2.047769] ohci-platform: OHCI generic platform driver
[    2.053315] ohci-platform ee0a0000.usb: Generic Platform OHCI controller
[    2.060039] ohci-platform ee0a0000.usb: new USB bus registered, assigned bus number 4
[    2.067938] ohci-platform ee0a0000.usb: irq 175, io mem 0xee0a0000
[    2.149853] ata1: link resume succeeded after 1 retries
[    2.164132] hub 4-0:1.0: USB hub found
[    2.167908] hub 4-0:1.0: 1 port detected
[    2.172251] ohci-platform ee0c0000.usb: Generic Platform OHCI controller
[    2.178967] ohci-platform ee0c0000.usb: new USB bus registered, assigned bus number 5
[    2.186854] ohci-platform ee0c0000.usb: irq 176, io mem 0xee0c0000
[    2.261289] ata1: SATA link down (SStatus 0 SControl 300)
[    2.280118] hub 5-0:1.0: USB hub found
[    2.283887] hub 5-0:1.0: 1 port detected
[    2.288216] ohci-platform ee0e0000.usb: Generic Platform OHCI controller
[    2.294931] ohci-platform ee0e0000.usb: new USB bus registered, assigned bus number 6
[    2.302799] ohci-platform ee0e0000.usb: irq 177, io mem 0xee0e0000
[    2.396106] hub 6-0:1.0: USB hub found
[    2.399875] hub 6-0:1.0: 1 port detected
[    2.404217] ohci-exynos: OHCI Exynos driver
[    2.409082] xhci-hcd ee000000.usb: xHCI Host Controller
[    2.414324] xhci-hcd ee000000.usb: new USB bus registered, assigned bus number 7
[    2.437579] xhci-hcd ee000000.usb: hcc params 0x014051ce hci version 0x100 quirks 0x0000000000830410
[    2.446749] xhci-hcd ee000000.usb: irq 172, io mem 0xee000000
[    2.452613] xhci-hcd ee000000.usb: xHCI Host Controller
[    2.457848] xhci-hcd ee000000.usb: new USB bus registered, assigned bus number 8
[    2.465251] xhci-hcd ee000000.usb: Host supports USB 3.0 SuperSpeed
[    2.471818] hub 7-0:1.0: USB hub found
[    2.475590] hub 7-0:1.0: 1 port detected
[    2.479686] usb usb8: We don't know the algorithms for LPM for this host, disabling LPM.
[    2.488033] hub 8-0:1.0: USB hub found
[    2.491807] hub 8-0:1.0: 1 port detected
[    2.496613] usbcore: registered new interface driver usb-storage
[    2.504301] renesas_usbhs e6590000.usb: host probed
[    2.509192] renesas_usbhs e6590000.usb: no transceiver found
[    2.514921] renesas_usbhs e6590000.usb: gadget probed
[    2.520138] renesas_usbhs e6590000.usb: probed
[    2.525029] renesas_usbhs e659c000.usb: host probed
[    2.529924] renesas_usbhs e659c000.usb: no transceiver found
[    2.535638] renesas_usbhs e659c000.usb: gadget probed
[    2.540841] renesas_usbhs e659c000.usb: probed
[    2.547753] i2c /dev entries driver
[    2.562332] cs2000-cp 2-004f: revision - C1
[    2.566627] i2c-rcar e6510000.i2c: probed
[    2.571467] pca953x 4-0020: supply vcc not found, using dummy regulator
[    2.578181] pca953x 4-0020: using no AI
[    2.582871] gpio-355 (PCIE/SATA switch): hogged as output/low
[    2.595124] i2c-rcar e66d8000.i2c: probed
[    2.600481] adv748x 4-0070: Endpoint /soc/i2c@e66d8000/video-receiver@70/port@7/endpoint on port 7
[    2.609465] adv748x 4-0070: Endpoint /soc/i2c@e66d8000/video-receiver@70/port@8/endpoint on port 8
[    2.618483] adv748x 4-0070: Endpoint /soc/i2c@e66d8000/video-receiver@70/port@a/endpoint on port 10
[    2.627554] adv748x 4-0070: Endpoint /soc/i2c@e66d8000/video-receiver@70/port@b/endpoint on port 11
[    2.636981] adv748x 4-0070: chip found @ 0xe0 revision 2143
[    2.689788] rcar-csi2 fea80000.csi2: 1 lanes found
[    2.694940] rcar-csi2 feaa0000.csi2: 4 lanes found
[    2.704602] rcar-vin e6ef0000.video: Device registered as video0
[    2.710687] rcar-vin e6ef1000.video: Device registered as video1
[    2.716768] rcar-vin e6ef2000.video: Device registered as video2
[    2.722842] rcar-vin e6ef3000.video: Device registered as video3
[    2.728917] rcar-vin e6ef4000.video: Device registered as video4
[    2.735074] rcar-vin e6ef5000.video: Device registered as video5
[    2.741159] rcar-vin e6ef6000.video: Device registered as video6
[    2.747238] rcar-vin e6ef7000.video: Device registered as video7
[    2.755944] rcar_gen3_thermal e6198000.thermal: is using pseudo fixed FUSE values
[    2.768108] rcar_gen3_thermal e6198000.thermal: TSC0: Loaded 1 trip points
[    2.779344] rcar_gen3_thermal e6198000.thermal: TSC1: Loaded 1 trip points
[    2.790519] rcar_gen3_thermal e6198000.thermal: TSC2: Loaded 3 trip points
[    2.802611] sdhci: Secure Digital Host Controller Interface driver
[    2.808809] sdhci: Copyright(c) Pierre Ossman
[    2.814069] Synopsys Designware Multimedia Card Interface Driver
[    2.814360] renesas_sdhi_internal_dmac ee100000.mmc: Got CD GPIO
[    2.814521] renesas_sdhi_internal_dmac ee160000.mmc: Got CD GPIO
[    2.814540] renesas_sdhi_internal_dmac ee160000.mmc: Got WP GPIO
[    2.814574] renesas_sdhi_internal_dmac ee140000.mmc: Adding to iommu group 0
[    2.814616] renesas_sdhi_internal_dmac ee140000.mmc: Using IPMMU context 1
[    2.821435] sdhci-pltfm: SDHCI platform and OF driver helper
[    2.826135] renesas_sdhi_internal_dmac ee100000.mmc: Got WP GPIO
[    2.863912] ledtrig-cpu: registered to indicate activity on CPUs
[    2.864025] renesas_sdhi_internal_dmac ee140000.mmc: mmc0 base at 0x00000000ee140000, max clock rate 200 MHz
[    2.870850] SMCCC: SOC_ID: ARCH_SOC_ID not implemented, skipping ....
[    2.886942] usbcore: registered new interface driver usbhid
[    2.892521] usbhid: USB HID core driver
[    2.900151] optee: probing for conduit method.
[    2.904679] optee: revision 3.22 (314ecf9d)
[    2.905099] optee driver R-Car Rev.1.0.11
[    2.913603] optee: dynamic shared memory is enabled
[    2.918752] optee: initialized driver
[    2.934001] rcar_sound ec500000.sound: probed
[    2.939052] NET: Registered protocol family 17
[    2.943609] 9pnet: Installing 9P2000 support
[    2.947936] Key type dns_resolver registered
[    2.952457] registered taskstats version 1
[    2.956147] mmc0: new HS400 MMC card at address 0001
[    2.956565] Loading compiled-in X.509 certificates
[    2.962435] mmcblk0: mmc0:0001 BGSD3R 29.1 GiB 
[    2.971238] mmcblk0boot0: mmc0:0001 BGSD3R partition 1 16.0 MiB
[    2.976242] thermal emergency: set temperature to 110 celsius
[    2.977519] mmcblk0boot1: mmc0:0001 BGSD3R partition 2 16.0 MiB
[    2.983119] thermal emergency: shutdown target cpus 1-7
[    2.989167] mmcblk0rpmb: mmc0:0001 BGSD3R partition 3 4.00 MiB, chardev (509:0)
[    2.994066] thermal emergency: freq scaled target cpus 0
[    2.994421] renesas_irqc e61c0000.interrupt-controller: driving 6 irqs
[    3.003303]  mmcblk0: p1
[    3.053862] ehci-platform ee080100.usb: EHCI Host Controller
[    3.059559] ehci-platform ee080100.usb: new USB bus registered, assigned bus number 9
[    3.067446] ehci-platform ee080100.usb: irq 174, io mem 0xee080100
[    3.085847] ehci-platform ee080100.usb: USB 2.0 started, EHCI 1.10
[    3.092370] hub 9-0:1.0: USB hub found
[    3.096141] hub 9-0:1.0: 1 port detected
[    3.101150] ohci-platform ee080000.usb: Generic Platform OHCI controller
[    3.107869] ohci-platform ee080000.usb: new USB bus registered, assigned bus number 10
[    3.115838] ohci-platform ee080000.usb: irq 174, io mem 0xee080000
[    3.212365] hub 10-0:1.0: USB hub found
[    3.216225] hub 10-0:1.0: 1 port detected
[    3.221447] cpu cpu0: EM: created perf domain
[    3.226406] cpu cpu4: EM: created perf domain
[    3.236271] renesas_sdhi_internal_dmac ee100000.mmc: Got CD GPIO
[    3.236526] renesas_sdhi_internal_dmac ee160000.mmc: Got CD GPIO
[    3.238618] [drm] Initialized rcar-du 1.0.0 20130110 for feb00000.display on minor 0
[    3.238621] [drm] Device feb00000.display probed
[    3.242320] renesas_sdhi_internal_dmac ee100000.mmc: Got WP GPIO
[    3.248407] renesas_sdhi_internal_dmac ee160000.mmc: Got WP GPIO
[    3.304737] renesas_sdhi_internal_dmac ee100000.mmc: mmc1 base at 0x00000000ee100000, max clock rate 200 MHz
[    3.308362] Console: switching to colour frame buffer device 128x48
[    3.313847] usb 2-1: new high-speed USB device number 2 using ehci-platform
[    3.322120] renesas_sdhi_internal_dmac ee160000.mmc: mmc2 base at 0x00000000ee160000, max clock rate 200 MHz
[    3.360067] rcar-du feb00000.display: [drm] fb0: rcar-dudrmfb frame buffer device
[    3.372165] input: keys as /devices/platform/keys/input/input0
[    3.433490] Micrel KSZ9031 Gigabit PHY e6800000.ethernet-ffffffff:00: attached PHY driver [Micrel KSZ9031 Gigabit PHY] (mii_bus:phy_addr=e6800000.ethernet-ffffffff:00, irq=183)
[    3.473412] usb-storage 2-1:1.0: USB Mass Storage device detected
[    3.480401] scsi host1: usb-storage 2-1:1.0
[    4.512162] scsi 1:0:0:0: Direct-Access     SanDisk  Extreme Pro      0    PQ: 0 ANSI: 6
[    4.523668] sd 1:0:0:0: [sda] 250085376 512-byte logical blocks: (128 GB/119 GiB)
[    4.532668] sd 1:0:0:0: [sda] Write Protect is off
[    4.538879] sd 1:0:0:0: [sda] Write cache: enabled, read cache: enabled, doesn't support DPO or FUA
[    4.554576]  sda: sda1
[    4.561824] sd 1:0:0:0: [sda] Attached SCSI removable disk
[   10.275855] ravb e6800000.ethernet eth0: Link is Up - 1Gbps/Full - flow control off
[   10.301881] IP-Config: Guessing netmask 255.255.255.0
[   10.307038] IP-Config: Complete:
[   10.314165]      device=eth0, hwaddr=2e:09:0a:00:c3:9a, ipaddr=192.168.10.107, mask=255.255.255.0, gw=255.255.255.255
[   10.328813]      host=192.168.10.107, domain=, nis-domain=(none)
[   10.338878]      bootserver=255.255.255.255, rootserver=192.168.10.98, rootpath=
[   10.339509] ALSA device list:
[   10.358051]   No soundcards found.
[   11.427546] VFS: Mounted root (nfs4 filesystem) on device 0:22.
[   11.438635] devtmpfs: mounted
[   11.449223] Freeing unused kernel memory: 6144K
[   11.473978] Run /sbin/init as init process
[   11.662189] systemd[1]: System time before build time, advancing clock.
[   12.105727] NET: Registered protocol family 10
[   12.114435] Segment Routing with IPv6
[   12.153527] systemd[1]: systemd 244 running in system mode. (+PAM -AUDIT -SELINUX +IMA -APPARMOR -SMACK +SYSVINIT +UTMP -LIBCRYPTSETUP -GCRYPT -GNUTLS +ACL +XZ -LZ4 -SECCOMP +BLKID -ELFUTILS +KMOD -IDN2 -IDN -PCRE2 default-hierarchy=hybrid)
[   12.184526] systemd[1]: Detected architecture arm64.

Welcome to [1mPoky (Yocto Project Reference Distro) 3.1.11 (dunfell)[0m!

[   12.224191] systemd[1]: Set hostname to <salvator-x>.
[   12.309866] random: crng init done
[   13.019647] systemd[1]: system-getty.slice: unit configures an IP firewall, but the local system does not support BPF/cgroup firewalling.
[   13.041339] systemd[1]: (This warning is only shown for the first unit using IP firewalling.)
[   13.056660] systemd[1]: Created slice system-getty.slice.
[[0;32m  OK  [0m] Created slice [0;1;39msystem-getty.slice[0m.
[   13.083644] systemd[1]: Created slice system-serial\x2dgetty.slice.
[[0;32m  OK  [0m] Created slice [0;1;39msystem-serial\x2dgetty.slice[0m.
[   13.111675] systemd[1]: Created slice User and Session Slice.
[[0;32m  OK  [0m] Created slice [0;1;39mUser and Session Slice[0m.
[   13.138455] systemd[1]: Started Dispatch Password Requests to Console Directory Watch.
[[0;32m  OK  [0m] Started [0;1;39mDispatch Password â€¦ts to Console Directory Watch[0m.
[   13.170261] systemd[1]: Started Forward Password Requests to Wall Directory Watch.
[[0;32m  OK  [0m] Started [0;1;39mForward Password Râ€¦uests to Wall Directory Watch[0m.
[   13.202143] systemd[1]: Reached target Paths.
[[0;32m  OK  [0m] Reached target [0;1;39mPaths[0m.
[   13.226038] systemd[1]: Reached target Remote File Systems.
[[0;32m  OK  [0m] Reached target [0;1;39mRemote File Systems[0m.
[   13.249999] systemd[1]: Reached target Slices.
[[0;32m  OK  [0m] Reached target [0;1;39mSlices[0m.
[   13.274003] systemd[1]: Reached target Swap.
[[0;32m  OK  [0m] Reached target [0;1;39mSwap[0m.
[   13.300481] systemd[1]: Listening on RPCbind Server Activation Socket.
[[0;32m  OK  [0m] Listening on [0;1;39mRPCbind Server Activation Socket[0m.
[   13.330128] systemd[1]: Reached target RPC Port Mapper.
[[0;32m  OK  [0m] Reached target [0;1;39mRPC Port Mapper[0m.
[   13.354415] systemd[1]: Listening on initctl Compatibility Named Pipe.
[[0;32m  OK  [0m] Listening on [0;1;39minitctl Compatibility Named Pipe[0m.
[   13.384133] systemd[1]: Listening on Journal Audit Socket.
[[0;32m  OK  [0m] Listening on [0;1;39mJournal Audit Socket[0m.
[   13.411868] systemd[1]: Listening on Journal Socket (/dev/log).
[[0;32m  OK  [0m] Listening on [0;1;39mJournal Socket (/dev/log)[0m.
[   13.438776] systemd[1]: Listening on Journal Socket.
[[0;32m  OK  [0m] Listening on [0;1;39mJournal Socket[0m.
[   13.463884] systemd[1]: Listening on Network Service Netlink Socket.
[[0;32m  OK  [0m] Listening on [0;1;39mNetwork Service Netlink Socket[0m.
[   13.492644] systemd[1]: Listening on udev Control Socket.
[[0;32m  OK  [0m] Listening on [0;1;39mudev Control Socket[0m.
[   13.518600] systemd[1]: Listening on udev Kernel Socket.
[[0;32m  OK  [0m] Listening on [0;1;39mudev Kernel Socket[0m.
[   13.547795] systemd[1]: Mounting Huge Pages File System...
         Mounting [0;1;39mHuge Pages File System[0m...
[   13.575222] systemd[1]: Mounting POSIX Message Queue File System...
         Mounting [0;1;39mPOSIX Message Queue File System[0m...
[   13.607112] systemd[1]: Mounting Kernel Debug File System...
         Mounting [0;1;39mKernel Debug File System[0m...
[   13.637444] systemd[1]: Mounting Temporary Directory (/tmp)...
         Mounting [0;1;39mTemporary Directory (/tmp)[0m...
[   13.668105] systemd[1]: Starting Create list of static device nodes for the current kernel...
         Starting [0;1;39mCreate list of stâ€¦odes for the current kernel[0m...
[   13.702926] systemd[1]: Starting Start psplash boot splash screen...
         Starting [0;1;39mStart psplash boot splash screen[0m...
[   13.736686] systemd[1]: Starting RPC Bind...
         Starting [0;1;39mRPC Bind[0m...
[   13.758986] systemd[1]: Condition check resulted in File System Check on Root Device being skipped.
[   13.774905] systemd[1]: Starting Journal Service...
         Starting [0;1;39mJournal Service[0m...
[   13.803421] systemd[1]: Starting Load Kernel Modules...
         Starting [0;1;39mLoad Kernel Modules[0m...
[   13.826537] systemd[1]: Starting Remount Root and Kernel File Systems...
         Starting [0;1;39mRemount Root and Kernel File Systems[0m...
[   13.854907] systemd[1]: Starting udev Coldplug all Devices...
         Starting [0;1;39mudev Coldplug all Devices[0m...
[   13.881232] systemd[1]: Started Start psplash boot splash screen.
[[0;32m  OK  [0m] Started [0;1;39mStart psplash boot splash screen[0m.
[   13.906372] systemd[1]: Started RPC Bind.
[[0;32m  OK  [0m] Started [0;1;39mRPC Bind[0m.
[   13.926672] systemd[1]: Started Journal Service.
[[0;32m  OK  [0m] Started [0;1;39mJournal Service[0m.
[[0;32m  OK  [0m] Mounted [0;1;39mHuge Pages File System[0m.
[[0;32m  OK  [0m] Mounted [0;1;39mPOSIX Message Queue File System[0m.
[[0;32m  OK  [0m] Mounted [0;1;39mKernel Debug File System[0m.
[[0;32m  OK  [0m] Mounted [0;1;39mTemporary Directory (/tmp)[0m.
[[0;32m  OK  [0m] Started [0;1;39mCreate list of staâ€¦ nodes for the current kernel[0m.
[[0;32m  OK  [0m] Started [0;1;39mLoad Kernel Modules[0m.
[[0;32m  OK  [0m] Started [0;1;39mRemount Root and Kernel File Systems[0m.
         Mounting [0;1;39mKernel Configuration File System[0m...
[[0;32m  OK  [0m] Started [0;1;39mStart psplash-systâ€¦progress communication helper[0m.
         Starting [0;1;39mFlush Journal to Persistent Storage[0m...
         Starting [0;1;39mApply[   14.154883] systemd-journald[339]: Received client request to flush runtime journal.
 Kernel Variables[0m...
         Starting [0;1;39mCreate Static Device Nodes in /dev[0m...
[[0;32m  OK  [0m] Mounted [0;1;39mKernel Configuration File System[0m.
[[0;32m  OK  [0m] Started [0;1;39mFlush Journal to Persistent Storage[0m.
[[0;32m  OK  [0m] Started [0;1;39mApply Kernel Variables[0m.
[[0;32m  OK  [0m] Started [0;1;39mCreate Static Device Nodes in /dev[0m.
[[0;32m  OK  [0m] Reached target [0;1;39mLocal File Systems (Pre)[0m.
         Mounting [0;1;39m/var/volatile[0m...
         Starting [0;1;39mudev Kernel Device Manager[0m...
[[0;32m  OK  [0m] Started [0;1;39mudev Coldplug all Devices[0m.
[[0;32m  OK  [0m] Mounted [0;1;39m/var/volatile[0m.
         Starting [0;1;39mLoad/Save Random Seed[0m...
[[0;32m  OK  [0m] Reached target [0;1;39mLocal File Systems[0m.
         Starting [0;1;39mCreate Volatile Files and Directories[0m...
[[0;32m  OK  [0m] Started [0;1;39mudev Kernel Device Manager[0m.
[[0;32m  OK  [0m] Started [0;1;39mLoad/Save Random Seed[0m.
         Starting [0;1;39mNetwork Service[0m...
[[0;32m  OK  [0m] Started [0;1;39mCreate Volatile Files and Directories[0m.
         Starting [0;1;39mNetwork Time Synchronization[0m...
         Starting [0;1;39mUpdate UTMP about System Boot/Shutdown[0m...
[[0;32m  OK  [0m] Started [0;1;39mNetwork Service[0m.
         Starting [0;1;39mNetwork Name Resolution[0m...
[[0;32m  OK  [0m] Started [0;1;39mUpdate UTMP about System Boot/Shutdown[0m.
[   14.696518] pwm-backlight: probe of backlight failed with error -16
[[0;32m  OK  [0m] Reached target [0;1;39mHardware activated USB gadget[0m.
[   14.750193] at24 7-0050: supply vcc not found, using dummy regulator
[   14.762006] at24 7-0050: 128 byte br24t01 EEPROM, writable, 8 bytes/write
[[0;32m  OK  [0m] Started [0;1;39mNetwork Time Synchronization[0m.
[[0;32m  OK  [0m] Reached target [0;1;39mSystem Initialization[0m.
[[0;32m  OK  [0m] Started [0;1;39mDaily Cleanup of Temporary Directories[0m.
[[0;32m  OK  [0m] Reached target [0;1;39mSystem Time Set[0m.
[[0;32m  OK  [0m] Reached target [0;1;39mSystem Time Synchronized[0m.
[[0;32m  OK  [0m] Reached target [0;1;39mTimers[0m.
[[0;32m  OK  [0m] Listening on [0;1;39mAvahi mDNS/DNS-SD Stack Activation Socket[0m.
[[0;32m  OK  [0m] Listening on [0;1;39mD-Bus System Message Bus Socket[0m.
[   14.913281] ccree e6601000.crypto: ARM CryptoCell 630P Driver: HW version 0xAF400001/0xDCC63000, Driver version 5.0
[[0;32m  OK  [0m] Listening on [0;1;3[   14.926492] renesas_usb3 ee020000.usb: probed with phy
9mdropbear.socket[0m.
[[0;32m  OK  [0m] Reached target [0;1;39mSockets[0m.
[   14.954596] ccree e6601000.crypto: ARM ccree device initialized
[[0;32m  OK  [0m] Reached target [0;1;39mBasic System[0m.
[[0;32m  OK  [0m] Started [0;1;39mD-Bus System Message Bus[0m.
[[0;32m  OK  [0m] Started [0;1;39moptee services[0m.
         Starting [0;1;39mpvrinit.service[0m...
         Starting [0;1;39mPowerVR consumer services[0m...
         Starting [0;1;39mLogin Service[0m...
[[0;32m  OK  [0m] Started [0;1;39mNetwork Name Resolution[0m.
[[0;1;31mFAILED[0m] Failed to start [0;1;39mpvrinit.service[0m.
See 'systemctl status pvrinit.service' for details.
[[0;1;31mFAILED[0m] Failed to start [0;1;39mPowerVR consumer services[0m.
See 'systemctl status rc.pvr.service' for details.
[[0;1;38;5;185mDEPEND[0m] Dependency failed for [0;1;39mWeston Wayland Compositor[0m.
[[0;32m  OK  [0m] Started [0;1;39mLogin Service[0m.
[[0;32m  OK  [0m] Created slice [0;1;39msystem-weston.slice[0m.
[[0;32m  OK  [0m] Reached target [0;1;39mNetwork[0m.
[[0;32m  OK  [0m] Reached target [0;1;39mHost and Network Name Lookups[0m.
         Starting [0;1;39mAvahi mDNS/DNS-SD Stack[0m...
         Starting [0;1;39mset_default_governor.service[0m...
         Starting [0;1;39mPermit User Sessions[0m...
[[0;32m  OK  [0m] Started [0;1;39mXinetd A Powerful Replacement For Inetd[0m.
[   15.442007] rd 0-7: Disabling EAS, schedutil is mandatory
[[0;32m  OK  [0m] Started [0;1;39mPermit User Sessions[0m.
[[0;32m  OK  [0m] Started [0;1;39mAvahi mDNS/DNS-SD Stack[0m.
[[0;32m  OK  [0m] Started [0;1;39mGetty on tty1[0m.
[[0;32m  OK  [0m] Started [0;1;39mSerial Getty on ttySC0[0m.
[[0;32m  OK  [0m] Reached target [0;1;39mLogin Prompts[0m.
[[0;32m  OK  [0m] Started [0;1;39mset_default_governor.service[0m.
[[0;32m  OK  [0m] Reached target [0;1;39mMulti-User System[0m.
         Starting [0;1;39mUpdate UTMP about System Runlevel Changes[0m...
[[0;32m  OK  [0m] Started [0;1;39mUpdate UTMP about System Runlevel Changes[0m.

Poky (Yocto Project Reference Distro) 3.1.11 salvator-x ttySC0

salvator-x login: 
salvator-x login: root
[   17.254691] audit: type=1006 audit(1703064537.588:2): pid=513 uid=0 old-auid=4294967295 auid=0 tty=(none) old-ses=4294967295 ses=1 res=1
7[r[999;999H[6n8root@salvator-x:~# 
root@salvator-x:~# 
root@salvator-x:~# 
root@salvator-x:~# 
root@salvator-x:~# 
root@salvator-x:~# 
root@salvator-x:~# 
root@salvator-x:~# 
root@salvator-x:~# 
----------Prepare----------


root@salvator-x:~# find /sys/devices/platform/soc/ee0c0100.usb/ -name 'sd*'
/sys/devices/platform/soc/ee0c0100.usb/usb2/2-1/2-1:1.0/host1/target1:0:0/1:0:0:0/block/sda
/sys/devices/platform/soc/ee0c0100.usb/usb2/2-1/2-1:1.0/host1/target1:0:0/1:0:0:0/block/sda/sda1
root@salvator-x:~# 
root@salvator-x:~# dd if=/dev/urandom of=testdata bs=10M count=5
5+0 records in
5+0 records out
52428800 bytes (52 MB, 50 MiB) copied, 1.31275 s, 39.9 MB/s
root@salvator-x:~# 
root@salvator-x:~# mkdir -p /mnt/usb
root@salvator-x:~# 
root@salvator-x:~# mount /dev/sda1 /mnt/usb
[   39.420932] EXT4-fs (sda1): mounted filesystem with ordered data mode. Opts: (null)
root@salvator-x:~# 
root@salvator-x:~# cp testdata /mnt/usb/
[   41.950011] SDHI0 VccQ: disabling
[   41.953424] SDHI3 VccQ: disabling
root@salvator-x:~# 
root@salvator-x:~# umount /mnt/usb
root@salvator-x:~# 
root@salvator-x:~# i2cset -f -y 7 0x30 0x20 0x0f
root@salvator-x:~# 

Switch SW23 off and input 'yes' to continue:
Input 'yes' to continue: 

root@salvator-x:~# echo N > /sys/module/printk/parameters/console_suspend
root@salvator-x:~# 
root@salvator-x:~# echo mem > /sys/power/state
[   63.461966] PM: suspend entry (deep)
[   63.465750] Filesystems sync: 0.000 seconds
[   63.471376] Freezing user space processes ... (elapsed 0.001 seconds) done.
[   63.472990] OOM killer disabled.
[   63.472993] Freezing remaining freezable tasks ... (elapsed 0.000 seconds) done.
[   63.506367] sd 1:0:0:0: [sda] Synchronizing SCSI cache
[   63.908152] ravb e6800000.ethernet eth0: Link is Down
[   63.923043] Disabling non-boot CPUs ...
[   63.927492] CPU1: shutdown
[   63.930218] psci: CPU1 killed (polled 0 ms)
[   63.936116] CPU2: shutdown
[   63.938846] psci: CPU2 killed (polled 0 ms)
[   63.944307] CPU3: shutdown
[   63.947037] psci: CPU3 killed (polled 0 ms)
[   63.952821] CPU4: shutdown
[   63.955546] psci: CPU4 killed (polled 0 ms)
[   63.961254] CPU5: shutdown
[   63.964002] psci: CPU5 killed (polled 0 ms)
[   63.969464] CPU6: shutdown
[   63.972188] psci: CPU6 killed (polled 0 ms)
[   63.977826] CPU7: shutdown
[   63.980582] psci: CPU7 killed (polled 0 ms)
 
 Switch power switch: 

NOTICE:  BL2: R-Car Gen3 Initial Program Loader(CA57) Rev.4.0.0
NOTICE:  BL2: PRR is R-Car H3 Ver.3.0
NOTICE:  BL2: Board is Salvator-XS Rev.1.0
NOTICE:  BL2: Boot device is HyperFlash(160MHz)
NOTICE:  BL2: LCM state is CM
NOTICE:  AVS setting succeeded. DVFS_SetVID=0x53
NOTICE:  BL2: DDR3200(rev.0.42)
NOTICE:  BL2: [WARM_BOOT]
NOTICE:  BL2: DRAM Split is 4ch(DDR f)
NOTICE:  BL2: QoS is default setting(rev.0.11)
NOTICE:  BL2: DRAM refresh interval 1.95 usec
NOTICE:  BL2: Periodic Write DQ Training
NOTICE:  BL2: CH0: 400000000 - 47fffffff, 2 GiB
NOTICE:  BL2: CH1: 500000000 - 57fffffff, 2 GiB
NOTICE:  BL2: CH2: 600000000 - 67fffffff, 2 GiB
NOTICE:  BL2: CH3: 700000000 - 77fffffff, 2 GiB
NOTICE:  BL2: Lossy Decomp areas
NOTICE:       Entry 0: DCMPAREACRAx:0x80000540 DCMPAREACRBx:0x570
NOTICE:       Entry 1: DCMPAREACRAx:0x40000000 DCMPAREACRBx:0x0
NOTICE:       Entry 2: DCMPAREACRAx:0x20000000 DCMPAREACRBx:0x0
NOTICE:  BL2: FDT at 0xe6327f70
NOTICE:  BL2: v2.9(release):9cdb21f75
NOTICE:  BL2: Built : 05:25:39, Dec 19 2023
NOTICE:  BL2: Normal boot
[   63.985797] Enabling non-boot CPUs ...
[   63.989836] Detected PIPT I-cache on CPU1
[   63.989889] CPU1: Booted secondary processor 0x0000000001 [0x411fd073]
[   63.990349] CPU1 is up
[   64.003389] Detected PIPT I-cache on CPU2
[   64.003411] CPU2: Booted secondary processor 0x0000000002 [0x411fd073]
[   64.003679] CPU2 is up
[   64.016694] Detected PIPT I-cache on CPU3
[   64.016717] CPU3: Booted secondary processor 0x0000000003 [0x411fd073]
[   64.016982] CPU3 is up
[   64.030049] Detected VIPT I-cache on CPU4
[   64.030101] CPU4: Booted secondary processor 0x0000000100 [0x410fd034]
[   64.031001] CPU4 is up
[   64.044012] Detected VIPT I-cache on CPU5
[   64.044045] CPU5: Booted secondary processor 0x0000000101 [0x410fd034]
[   64.044623] CPU5 is up
[   64.057630] Detected VIPT I-cache on CPU6
[   64.057662] CPU6: Booted secondary processor 0x0000000102 [0x410fd034]
[   64.058281] CPU6 is up
[   64.071291] Detected VIPT I-cache on CPU7
[   64.071324] CPU7: Booted secondary processor 0x0000000103 [0x410fd034]
[   64.072051] CPU7 is up
[   64.144170] xhci-hcd ee000000.usb: xHC error in resume, USBSTS 0x401, Reinit
[   64.151213] usb usb7: root hub lost power or was reset
[   64.156333] usb usb8: root hub lost power or was reset
[   64.212641] Micrel KSZ9031 Gigabit PHY e6800000.ethernet-ffffffff:00: attached PHY driver [Micrel KSZ9031 Gigabit PHY] (mii_bus:phy_addr=e6800000.ethernet-ffffffff:00, irq=183)
[   64.327854] usb usb4: root hub lost power or was reset
[   64.333150] usb usb1: root hub lost power or was reset
[   64.419974] usb usb5: root hub lost power or was reset
[   64.425251] usb usb2: root hub lost power or was reset
[   64.511915] usb usb6: root hub lost power or was reset
[   64.517089] usb usb3: root hub lost power or was reset
[   64.635909] usb usb10: root hub lost power or was reset
[   64.641165] usb usb9: root hub lost power or was reset
[   64.653972] ata1: link resume succeeded after 1 retries
[   64.765490] ata1: SATA link down (SStatus 0 SControl 300)
[   65.709909] usb 2-1: reset high-speed USB device number 2 using ehci-platform
[   65.877850] OOM killer enabled.
[   65.881710] Restarting tasks ... done.
root@salvator-x:~# [   65.887118] PM: suspend exit
[   71.090014] ravb e6800000.ethernet eth0: Link is Up - 1Gbps/Full - flow control off

root@salvator-x:~# echo "Wake up sucessfully"
Wake up sucessfully
root@salvator-x:~# 
root@salvator-x:~# find /sys/devices/platform/soc/ee0c0100.usb/ -name 'sd*'
/sys/devices/platform/soc/ee0c0100.usb/usb2/2-1/2-1:1.0/host1/target1:0:0/1:0:0:0/block/sda
/sys/devices/platform/soc/ee0c0100.usb/usb2/2-1/2-1:1.0/host1/target1:0:0/1:0:0:0/block/sda/sda1
root@salvator-x:~# 
root@salvator-x:~# mount /dev/sda1 /mnt/usb
[   79.121914] EXT4-fs (sda1): mounted filesystem with ordered data mode. Opts: (null)
root@salvator-x:~# 
root@salvator-x:~# cp testdata /mnt/usb/testdata_from_nfs
root@salvator-x:~# 
root@salvator-x:~# cp /mnt/usb/testdata_from_nfs testdata_from_usb
root@salvator-x:~# 
root@salvator-x:~# sync
root@salvator-x:~# 
root@salvator-x:~# cmp testdata testdata_from_usb
root@salvator-x:~# 
root@salvator-x:~# umount /mnt/usb
root@salvator-x:~# 
 
#### Result: OK ####
