

----------Item 6----------


Pull out USB device at CN10H


Press any button to continue

[   96.374188] usb 2-1: USB disconnect, device number 2
[   96.386330] sd 1:0:0:0: [sda] Synchronizing SCSI cache
[   96.391611] sd 1:0:0:0: [sda] Synchronize Cache(10) failed: Result: hostbyte=0x01 driverbyte=0x00

Please press switch to restart board 

[F 00:00:120
[F 00:00:119
[F 00:00:118
NOTICE:  BL2: R-Car Gen3 Initial Program Loader(CA57) Rev.4.0.0
NOTICE:  BL2: PRR is R-Car H3 Ver.3.0
NOTICE:  BL2: Board is Salvator-XS Rev.1.0
NOTICE:  BL2: Boot device is HyperFlash(160MHz)
NOTICE:  BL2: LCM state is CM
NOTICE:  AVS setting succeeded. DVFS_SetVID=0x53
NOTICE:  BL2: DDR3200(rev.0.42)
NOTICE:  BL2: [COLD_BOOT]
NOTICE:  BL2: DRAM Split is 4ch(DDR f)
NOTICE:  BL2: QoS is default setting(rev.0.11)
NOTICE:  BL2: DRAM refresh interval 1.95 usec
NOTICE:  BL2: Periodic Write DQ Training
NOTICE:  BL2: CH0: 400000000 - 47fffffff, 2 GiB
NOTICE:  BL2: CH1: 500000000 - 57fffffff, 2 GiB
NOTICE:  BL2: CH2: 600000000 - 67fffffff, 2 GiB
NOTICE:  BL2: CH3: 700000000 - 77fffffff, 2 GiB
NOTICE:  BL2: Lossy Decomp areas
NOTICE:       Entry 0: DCMPAREACRAx:0x80000540 DCMPAREACRBx:0x570
NOTICE:       Entry 1: DCMPAREACRAx:0x40000000 DCMPAREACRBx:0x0
NOTICE:       Entry 2: DCMPAREACRAx:0x20000000 DCMPAREACRBx:0x0
NOTICE:  BL2: FDT at 0xe6327f70
NOTICE:  BL2: v2.9(release):9cdb21f75
NOTICE:  BL2: Built : 05:25:39, Dec 19 2023
NOTICE:  BL2: Normal boot
NOTICE:  BL2: dst=0xe6327800 src=0x8180000 len=512(0x200)
NOTICE:  BL2: dst=0x43f00000 src=0x8180400 len=6144(0x1800)
NOTICE:  rcar_file_len: len: 0x0003e000
NOTICE:  BL2: dst=0x44000000 src=0x81c0000 len=253952(0x3e000)
NOTICE:  rcar_file_len: len: 0x00200000
NOTICE:  BL2: dst=0x44100000 src=0x8200000 len=2097152(0x200000)
NOTICE:  rcar_file_len: len: 0x00100000
NOTICE:  BL2: dst=0x50000000 src=0x8640000 len=1048576(0x100000)
NOTICE:  BL2: Booting BL31


U-Boot 2020.10 (Dec 19 2023 - 14:30:40 +0000)

CPU: Renesas Electronics R8A7795 rev 3.0
Model: Renesas Salvator-X 2nd version board based on r8a77951
DRAM:  7.9 GiB
RAM Configuration:
Bank #0: 0x048000000 - 0x0bfffffff, 1.9 GiB
Bank #1: 0x500000000 - 0x57fffffff, 2 GiB
Bank #2: 0x600000000 - 0x67fffffff, 2 GiB
Bank #3: 0x700000000 - 0x77fffffff, 2 GiB

MMC:   sd@ee100000: 0, sd@ee140000: 1, sd@ee160000: 2
Loading Environment from MMC... OK
In:    serial@e6e88000
Out:   serial@e6e88000
Err:   serial@e6e88000
Net:   eth0: ethernet@e6800000
Hit any key to stop autoboot:  2  1  0 
ethernet@e6800000 Waiting for PHY auto negotiation to complete................... done
Using ethernet@e6800000 device
TFTP from server 192.168.10.98; our IP address is 192.168.10.107
Filename 'BV/PT3/boot_USB2H/Image'.
Load address: 0x48080000
Loading: *#################################################################
	 #################################################################
	 #################################################################
	 #################################################################
	 #################################################################
	 #################################################################
	 #################################################################
	 #################################################################
	 #################################################################
	 #################################################################
	 #################################################################
	 #################################################################
	 #################################################################
	 #################################################################
	 #################################################################
	 #################################################################
	 #################################################################
	 #################################################################
	 #################################################################
	 #################################################################
	 #################################################################
	 #################################################################
	 #################################################################
	 #################################################################
	 #################################################################
	 #################################################################
	 #################################################################
	 #################################################################
	 #################################################################
	 #################################################################
	 #################################################################
	 #################################################################
	 #################################################################
	 #################################################################
	 ################################################################
	 4 MiB/s
done
Bytes transferred = 33376768 (1fd4a00 hex)
Using ethernet@e6800000 device
TFTP from server 192.168.10.98; our IP address is 192.168.10.107
Filename 'BV/PT3/boot_USB2H/r8a77951-salvator-xs.dtb'.
Load address: 0x48000000
Loading: *#######
	 6.2 MiB/s
done
Bytes transferred = 90876 (162fc hex)
Moving Image from 0x48080000 to 0x48200000, end=4a260000
## Flattened Device Tree blob at 48000000
   Booting using the fdt blob at 0x48000000
   Loading Device Tree to 0000000053fe6000, end 0000000053fff2fb ... OK

Starting kernel ...

[    0.000000] Booting Linux on physical CPU 0x0000000000 [0x411fd073]
[    0.000000] Linux version 5.10.194-yocto-standard (thuan.nguyen-hong@banvien) (aarch64-poky-linux-gcc (GCC) 9.3.0, GNU ld (GNU Binutils) 2.34.0.20200220) #10 SMP PREEMPT Mon Feb 19 03:51:05 UTC 2024
[    0.000000] Machine model: Renesas Salvator-X 2nd version board based on r8a77951
[    0.000000] efi: UEFI not found.
[    0.000000] Reserved memory: created CMA memory pool at 0x0000000057000000, size 16 MiB
[    0.000000] OF: reserved mem: initialized node linux,adsp@57000000, compatible id shared-dma-pool
[    0.000000] Reserved memory: created CMA memory pool at 0x0000000058000000, size 384 MiB
[    0.000000] OF: reserved mem: initialized node linux,cma@58000000, compatible id shared-dma-pool
[    0.000000] Reserved memory: created CMA memory pool at 0x0000000070000000, size 256 MiB
[    0.000000] OF: reserved mem: initialized node linux,multimedia@70000000, compatible id shared-dma-pool
[    0.000000] NUMA: No NUMA configuration found
[    0.000000] NUMA: Faking a node at [mem 0x0000000048000000-0x000000077fffffff]
[    0.000000] NUMA: NODE_DATA [mem 0x77efdab00-0x77efdcfff]
[    0.000000] Zone ranges:
[    0.000000]   DMA      [mem 0x0000000048000000-0x000000007fffffff]
[    0.000000]   DMA32    [mem 0x0000000080000000-0x00000000ffffffff]
[    0.000000]   Normal   [mem 0x0000000100000000-0x000000077fffffff]
[    0.000000] Movable zone start for each node
[    0.000000] Early memory node ranges
[    0.000000]   node   0: [mem 0x0000000048000000-0x0000000053ffffff]
[    0.000000]   node   0: [mem 0x0000000054000000-0x0000000056ffffff]
[    0.000000]   node   0: [mem 0x0000000057000000-0x00000000bfffffff]
[    0.000000]   node   0: [mem 0x0000000500000000-0x000000057fffffff]
[    0.000000]   node   0: [mem 0x0000000600000000-0x000000067fffffff]
[    0.000000]   node   0: [mem 0x0000000700000000-0x000000077fffffff]
[    0.000000] Initmem setup node 0 [mem 0x0000000048000000-0x000000077fffffff]
[    0.000000] psci: probing for conduit method from DT.
[    0.000000] psci: PSCIv1.1 detected in firmware.
[    0.000000] psci: Using standard PSCI v0.2 function IDs
[    0.000000] psci: Trusted OS resident on physical CPU 0x0
[    0.000000] psci: SMC Calling Convention v1.2
[    0.000000] percpu: Embedded 23 pages/cpu s56984 r8192 d29032 u94208
[    0.000000] Detected PIPT I-cache on CPU0
[    0.000000] CPU features: detected: EL2 vector hardening
[    0.000000] CPU features: detected: Spectre-v2
[    0.000000] CPU features: detected: ARM errata 1165522, 1319367, or 1530923
[    0.000000] CPU features: detected: Spectre-BHB
[    0.000000] CPU features: detected: ARM erratum 1742098
[    0.000000] Built 1 zonelists, mobility grouping on.  Total pages: 2032128
[    0.000000] Policy zone: Normal
[    0.000000] Kernel command line: rw root=/dev/nfs nfsroot=192.168.10.98:/data/tftpboot/BV/PT3/rootfs_H3,nfsvers=4 ip=192.168.10.107
[    0.000000] Dentry cache hash table entries: 1048576 (order: 11, 8388608 bytes, linear)
[    0.000000] Inode-cache hash table entries: 524288 (order: 10, 4194304 bytes, linear)
[    0.000000] mem auto-init: stack:off, heap alloc:off, heap free:off
[    0.000000] software IO TLB: mapped [mem 0x000000004ffe6000-0x0000000053fe6000] (64MB)
[    0.000000] Memory: 7276840K/8257536K available (15232K kernel code, 2834K rwdata, 8240K rodata, 6144K init, 517K bss, 308952K reserved, 671744K cma-reserved)
[    0.000000] SLUB: HWalign=64, Order=0-3, MinObjects=0, CPUs=8, Nodes=1
[    0.000000] rcu: Preemptible hierarchical RCU implementation.
[    0.000000] rcu: 	RCU event tracing is enabled.
[    0.000000] rcu: 	RCU restricting CPUs from NR_CPUS=256 to nr_cpu_ids=8.
[    0.000000] 	Trampoline variant of Tasks RCU enabled.
[    0.000000] rcu: RCU calculated value of scheduler-enlistment delay is 25 jiffies.
[    0.000000] rcu: Adjusting geometry for rcu_fanout_leaf=16, nr_cpu_ids=8
[    0.000000] NR_IRQS: 64, nr_irqs: 64, preallocated irqs: 0
[    0.000000] arch_timer: cp15 timer(s) running at 8.32MHz (virt).
[    0.000000] clocksource: arch_sys_counter: mask: 0xffffffffffffff max_cycles: 0x1eb398c07, max_idle_ns: 440795202503 ns
[    0.000003] sched_clock: 56 bits at 8MHz, resolution 120ns, wraps every 2199023255503ns
[    0.000210] Console: colour dummy device 80x25
[    0.000418] printk: console [tty0] enabled
[    0.000492] Calibrating delay loop (skipped), value calculated using timer frequency.. 16.64 BogoMIPS (lpj=33280)
[    0.000508] pid_max: default: 32768 minimum: 301
[    0.000566] LSM: Security Framework initializing
[    0.000651] Mount-cache hash table entries: 16384 (order: 5, 131072 bytes, linear)
[    0.000703] Mountpoint-cache hash table entries: 16384 (order: 5, 131072 bytes, linear)
[    0.002142] rcu: Hierarchical SRCU implementation.
[    0.003754] Detected Renesas R-Car Gen3 r8a7795 ES3.0
[    0.005897] EFI services will not be available.
[    0.006239] smp: Bringing up secondary CPUs ...
[    0.006688] Detected PIPT I-cache on CPU1
[    0.006735] CPU1: Booted secondary processor 0x0000000001 [0x411fd073]
[    0.007218] Detected PIPT I-cache on CPU2
[    0.007243] CPU2: Booted secondary processor 0x0000000002 [0x411fd073]
[    0.007668] Detected PIPT I-cache on CPU3
[    0.007689] CPU3: Booted secondary processor 0x0000000003 [0x411fd073]
[    0.008155] CPU features: detected: ARM erratum 845719
[    0.008167] Detected VIPT I-cache on CPU4
[    0.008212] CPU4: Booted secondary processor 0x0000000100 [0x410fd034]
[    0.008690] Detected VIPT I-cache on CPU5
[    0.008717] CPU5: Booted secondary processor 0x0000000101 [0x410fd034]
[    0.009151] Detected VIPT I-cache on CPU6
[    0.009178] CPU6: Booted secondary processor 0x0000000102 [0x410fd034]
[    0.009613] Detected VIPT I-cache on CPU7
[    0.009641] CPU7: Booted secondary processor 0x0000000103 [0x410fd034]
[    0.009719] smp: Brought up 1 node, 8 CPUs
[    0.009779] SMP: Total of 8 processors activated.
[    0.009787] CPU features: detected: 32-bit EL0 Support
[    0.009794] CPU features: detected: CRC32 instructions
[    0.009801] CPU features: detected: 32-bit EL1 Support
[    0.023002] CPU: All CPU(s) started at EL1
[    0.023061] alternatives: patching kernel code
[    0.024210] devtmpfs: initialized
[    0.031017] KASLR disabled due to lack of seed
[    0.031167] clocksource: jiffies: mask: 0xffffffff max_cycles: 0xffffffff, max_idle_ns: 7645041785100000 ns
[    0.031187] futex hash table entries: 2048 (order: 5, 131072 bytes, linear)
[    0.039838] pinctrl core: initialized pinctrl subsystem
[    0.041321] DMI not present or invalid.
[    0.041826] NET: Registered protocol family 16
[    0.042779] DMA: preallocated 1024 KiB GFP_KERNEL pool for atomic allocations
[    0.042975] DMA: preallocated 1024 KiB GFP_KERNEL|GFP_DMA pool for atomic allocations
[    0.043268] DMA: preallocated 1024 KiB GFP_KERNEL|GFP_DMA32 pool for atomic allocations
[    0.043308] audit: initializing netlink subsys (disabled)
[    0.043458] audit: type=2000 audit(0.040:1): state=initialized audit_enabled=0 res=1
[    0.044632] thermal_sys: Registered thermal governor 'power_allocator'
[    0.045154] cpuidle: using governor menu
[    0.045325] hw-breakpoint: found 6 breakpoint and 4 watchpoint registers.
[    0.045446] ASID allocator initialised with 65536 entries
[    0.046731] Serial: AMBA PL011 UART driver
[    0.089601] sh-pfc e6060000.pinctrl: r8a77951_pfc support registered
[    0.104351] HugeTLB registered 1.00 GiB page size, pre-allocated 0 pages
[    0.104369] HugeTLB registered 32.0 MiB page size, pre-allocated 0 pages
[    0.104377] HugeTLB registered 2.00 MiB page size, pre-allocated 0 pages
[    0.104384] HugeTLB registered 64.0 KiB page size, pre-allocated 0 pages
[    0.105362] cryptd: max_cpu_qlen set to 1000
[    0.107628] ACPI: Interpreter disabled.
[    0.111429] rcar-avs: use avs value: 0
[    0.111447] rcar-avs: cpu@0 is running with: opp_table0
[    0.111458] rcar-avs: cpu@1 is running with: opp_table0
[    0.111468] rcar-avs: cpu@2 is running with: opp_table0
[    0.111477] rcar-avs: cpu@3 is running with: opp_table0
[    0.111561] rcar-avs: gsx@fd000000 is running with: gsx_opp_table0
[    0.112985] iommu: Default domain type: Translated 
[    0.113550] ipmmu-vmsa e67b0000.iommu: IPMMU context 0 is reserved
[    0.114552] vgaarb: loaded
[    0.114756] SCSI subsystem initialized
[    0.115011] usbcore: registered new interface driver usbfs
[    0.115040] usbcore: registered new interface driver hub
[    0.115066] usbcore: registered new device driver usb
[    0.118588] i2c-sh_mobile e60b0000.i2c: I2C adapter 7, bus speed 400000 Hz
[    0.119129] mc: Linux media interface: v0.10
[    0.119150] videodev: Linux video capture interface: v2.00
[    0.119197] pps_core: LinuxPPS API ver. 1 registered
[    0.119204] pps_core: Software ver. 5.3.6 - Copyright 2005-2007 Rodolfo Giometti <giometti@linux.it>
[    0.119218] PTP clock support registered
[    0.119388] EDAC MC: Ver: 3.0.0
[    0.121393] FPGA manager framework
[    0.121453] Advanced Linux Sound Architecture Driver Initialized.
[    0.122007] clocksource: Switched to clocksource arch_sys_counter
[    0.122161] VFS: Disk quotas dquot_6.6.0
[    0.122206] VFS: Dquot-cache hash table entries: 512 (order 0, 4096 bytes)
[    0.122327] pnp: PnP ACPI: disabled
[    0.125799] NET: Registered protocol family 2
[    0.126226] IP idents hash table entries: 131072 (order: 8, 1048576 bytes, linear)
[    0.128501] tcp_listen_portaddr_hash hash table entries: 4096 (order: 4, 65536 bytes, linear)
[    0.128580] TCP established hash table entries: 65536 (order: 7, 524288 bytes, linear)
[    0.128866] TCP bind hash table entries: 65536 (order: 8, 1048576 bytes, linear)
[    0.129448] TCP: Hash tables configured (established 65536 bind 65536)
[    0.129580] UDP hash table entries: 4096 (order: 5, 131072 bytes, linear)
[    0.129695] UDP-Lite hash table entries: 4096 (order: 5, 131072 bytes, linear)
[    0.129914] NET: Registered protocol family 1
[    0.130327] RPC: Registered named UNIX socket transport module.
[    0.130340] RPC: Registered udp transport module.
[    0.130346] RPC: Registered tcp transport module.
[    0.130352] RPC: Registered tcp NFSv4.1 backchannel transport module.
[    0.130364] PCI: CLS 0 bytes, default 64
[    0.131306] hw perfevents: enabled with armv8_cortex_a53 PMU driver, 7 counters available
[    0.131577] hw perfevents: enabled with armv8_cortex_a57 PMU driver, 7 counters available
[    0.132179] kvm [1]: HYP mode not available
[    0.135004] Initialise system trusted keyrings
[    0.135134] workingset: timestamp_bits=42 max_order=21 bucket_order=0
[    0.138233] squashfs: version 4.0 (2009/01/31) Phillip Lougher
[    0.138625] NFS: Registering the id_resolver key type
[    0.138654] Key type id_resolver registered
[    0.138661] Key type id_legacy registered
[    0.138717] nfs4filelayout_init: NFSv4 File Layout Driver Registering...
[    0.138727] nfs4flexfilelayout_init: NFSv4 Flexfile Layout Driver Registering...
[    0.138837] 9p: Installing v9fs 9p2000 file system support
[    0.164332] Key type asymmetric registered
[    0.164345] Asymmetric key parser 'x509' registered
[    0.164375] Block layer SCSI generic (bsg) driver version 0.4 loaded (major 243)
[    0.164385] io scheduler mq-deadline registered
[    0.164395] io scheduler kyber registered
[    0.180380] gpio_rcar e6050000.gpio: driving 16 GPIOs
[    0.180668] gpio_rcar e6051000.gpio: driving 29 GPIOs
[    0.180935] gpio_rcar e6052000.gpio: driving 15 GPIOs
[    0.181247] gpio_rcar e6053000.gpio: driving 16 GPIOs
[    0.181540] gpio_rcar e6054000.gpio: driving 18 GPIOs
[    0.181858] gpio_rcar e6055000.gpio: driving 26 GPIOs
[    0.182163] gpio_rcar e6055400.gpio: driving 32 GPIOs
[    0.182428] gpio_rcar e6055800.gpio: driving 4 GPIOs
[    0.185475] rcar-pcie fe000000.pcie: host bridge /soc/pcie@fe000000 ranges:
[    0.185506] rcar-pcie fe000000.pcie:       IO 0x00fe100000..0x00fe1fffff -> 0x0000000000
[    0.185528] rcar-pcie fe000000.pcie:      MEM 0x00fe200000..0x00fe3fffff -> 0x00fe200000
[    0.185546] rcar-pcie fe000000.pcie:      MEM 0x0030000000..0x0037ffffff -> 0x0030000000
[    0.185560] rcar-pcie fe000000.pcie:      MEM 0x0038000000..0x003fffffff -> 0x0038000000
[    0.185577] rcar-pcie fe000000.pcie:   IB MEM 0x0040000000..0x007fffffff -> 0x0040000000
[    0.185621] rcar-pcie fe000000.pcie: no pcie3v3 regulator found
[    0.185633] rcar-pcie fe000000.pcie: no pcie1v8 regulator found
[    0.249717] rcar-pcie fe000000.pcie: PCIe link down
[    0.249900] rcar-pcie ee800000.pcie: host bridge /soc/pcie@ee800000 ranges:
[    0.249925] rcar-pcie ee800000.pcie:       IO 0x00ee900000..0x00ee9fffff -> 0x0000000000
[    0.249945] rcar-pcie ee800000.pcie:      MEM 0x00eea00000..0x00eebfffff -> 0x00eea00000
[    0.249963] rcar-pcie ee800000.pcie:      MEM 0x00c0000000..0x00c7ffffff -> 0x00c0000000
[    0.249977] rcar-pcie ee800000.pcie:      MEM 0x00c8000000..0x00cfffffff -> 0x00c8000000
[    0.250008] rcar-pcie ee800000.pcie:   IB MEM 0x0040000000..0x007fffffff -> 0x0040000000
[    0.250042] rcar-pcie ee800000.pcie: no pcie3v3 regulator found
[    0.250052] rcar-pcie ee800000.pcie: no pcie1v8 regulator found
[    0.410006] rcar-pcie ee800000.pcie: PCIe link down
[    0.412466] EINJ: ACPI disabled.
[    0.446452] Serial: 8250/16550 driver, 4 ports, IRQ sharing enabled
[    0.448859] SuperH (H)SCI(F) driver initialized
[    0.449293] e6550000.serial: ttySC1 at MMIO 0xe6550000 (irq = 42, base_baud = 0) is a hscif
[    0.450053] e6e88000.serial: ttySC0 at MMIO 0xe6e88000 (irq = 128, base_baud = 0) is a scif
[    1.654693] printk: console [ttySC0] enabled
[    1.660125] msm_serial: driver initialized
[    1.670463] rcar-dw-hdmi fead0000.hdmi: Detected HDMI TX controller v2.01a with HDCP (DWC HDMI 2.0 TX PHY)
[    1.680368] rcar-dw-hdmi fead0000.hdmi: registered DesignWare HDMI I2C bus driver
[    1.688618] rcar-dw-hdmi feae0000.hdmi: Detected HDMI TX controller v2.01a with HDCP (DWC HDMI 2.0 TX PHY)
[    1.698496] rcar-dw-hdmi feae0000.hdmi: registered DesignWare HDMI I2C bus driver
[    1.713953] loop: module loaded
[    1.718536] megasas: 07.714.04.00-rc1
[    1.724259] scsi host0: sata_rcar
[    1.727751] ata1: SATA max UDMA/133 irq 181
[    1.737123] tun: Universal TUN/TAP device driver, 1.6
[    1.743078] thunder_xcv, ver 1.0
[    1.746338] thunder_bgx, ver 1.0
[    1.749581] nicpf, ver 1.0
[    1.753699] hclge is initializing
[    1.757036] hns3: Hisilicon Ethernet Network Driver for Hip08 Family - version
[    1.764259] hns3: Copyright (c) 2017 Huawei Corporation.
[    1.769593] e1000: Intel(R) PRO/1000 Network Driver
[    1.774472] e1000: Copyright (c) 1999-2006 Intel Corporation.
[    1.780245] e1000e: Intel(R) PRO/1000 Network Driver
[    1.785211] e1000e: Copyright(c) 1999 - 2015 Intel Corporation.
[    1.791153] igb: Intel(R) Gigabit Ethernet Network Driver
[    1.796557] igb: Copyright (c) 2007-2014 Intel Corporation.
[    1.802145] igbvf: Intel(R) Gigabit Virtual Function Network Driver
[    1.808412] igbvf: Copyright (c) 2009 - 2012 Intel Corporation.
[    1.814745] sky2: driver version 1.30
[    1.822327] ravb e6800000.ethernet eth0: Base address at 0xe6800000, 2e:09:0a:00:c3:9a, IRQ 125.
[    1.832510] VFIO - User Level meta-driver version: 0.3
[    1.839671] ehci_hcd: USB 2.0 'Enhanced' Host Controller (EHCI) Driver
[    1.846210] ehci-pci: EHCI PCI platform driver
[    1.850673] ehci-platform: EHCI generic platform driver
[    1.856287] ehci-platform ee0a0100.usb: EHCI Host Controller
[    1.861970] ehci-platform ee0a0100.usb: new USB bus registered, assigned bus number 1
[    1.869891] ehci-platform ee0a0100.usb: irq 175, io mem 0xee0a0100
[    1.890016] ehci-platform ee0a0100.usb: USB 2.0 started, EHCI 1.10
[    1.896536] hub 1-0:1.0: USB hub found
[    1.900307] hub 1-0:1.0: 1 port detected
[    1.904717] ehci-platform ee0c0100.usb: EHCI Host Controller
[    1.910391] ehci-platform ee0c0100.usb: new USB bus registered, assigned bus number 2
[    1.918273] ehci-platform ee0c0100.usb: irq 176, io mem 0xee0c0100
[    1.938021] ehci-platform ee0c0100.usb: USB 2.0 started, EHCI 1.10
[    1.944489] hub 2-0:1.0: USB hub found
[    1.948264] hub 2-0:1.0: 1 port detected
[    1.978052] ehci-platform ee0e0100.usb: EHCI Host Controller
[    1.983726] ehci-platform ee0e0100.usb: new USB bus registered, assigned bus number 3
[    1.991595] ehci-platform ee0e0100.usb: irq 177, io mem 0xee0e0100
[    2.010013] ehci-platform ee0e0100.usb: USB 2.0 started, EHCI 1.10
[    2.016445] hub 3-0:1.0: USB hub found
[    2.020217] hub 3-0:1.0: 1 port detected
[    2.024583] ehci-orion: EHCI orion driver
[    2.028844] ehci-exynos: EHCI Exynos driver
[    2.033149] ohci_hcd: USB 1.1 'Open' Host Controller (OHCI) Driver
[    2.039345] ohci-pci: OHCI PCI platform driver
[    2.043831] ohci-platform: OHCI generic platform driver
[    2.049357] ohci-platform ee0a0000.usb: Generic Platform OHCI controller
[    2.056078] ohci-platform ee0a0000.usb: new USB bus registered, assigned bus number 4
[    2.063956] ohci-platform ee0a0000.usb: irq 175, io mem 0xee0a0000
[    2.146006] ata1: link resume succeeded after 1 retries
[    2.160321] hub 4-0:1.0: USB hub found
[    2.164094] hub 4-0:1.0: 1 port detected
[    2.168415] ohci-platform ee0c0000.usb: Generic Platform OHCI controller
[    2.175129] ohci-platform ee0c0000.usb: new USB bus registered, assigned bus number 5
[    2.182999] ohci-platform ee0c0000.usb: irq 176, io mem 0xee0c0000
[    2.257442] ata1: SATA link down (SStatus 0 SControl 300)
[    2.276272] hub 5-0:1.0: USB hub found
[    2.280040] hub 5-0:1.0: 1 port detected
[    2.284367] ohci-platform ee0e0000.usb: Generic Platform OHCI controller
[    2.291080] ohci-platform ee0e0000.usb: new USB bus registered, assigned bus number 6
[    2.298966] ohci-platform ee0e0000.usb: irq 177, io mem 0xee0e0000
[    2.392310] hub 6-0:1.0: USB hub found
[    2.396077] hub 6-0:1.0: 1 port detected
[    2.400422] ohci-exynos: OHCI Exynos driver
[    2.405289] xhci-hcd ee000000.usb: xHCI Host Controller
[    2.410535] xhci-hcd ee000000.usb: new USB bus registered, assigned bus number 7
[    2.433794] xhci-hcd ee000000.usb: hcc params 0x014051ce hci version 0x100 quirks 0x0000000000830410
[    2.442961] xhci-hcd ee000000.usb: irq 172, io mem 0xee000000
[    2.448820] xhci-hcd ee000000.usb: xHCI Host Controller
[    2.454054] xhci-hcd ee000000.usb: new USB bus registered, assigned bus number 8
[    2.461457] xhci-hcd ee000000.usb: Host supports USB 3.0 SuperSpeed
[    2.468033] hub 7-0:1.0: USB hub found
[    2.471808] hub 7-0:1.0: 1 port detected
[    2.475893] usb usb8: We don't know the algorithms for LPM for this host, disabling LPM.
[    2.484251] hub 8-0:1.0: USB hub found
[    2.488027] hub 8-0:1.0: 1 port detected
[    2.492842] usbcore: registered new interface driver usb-storage
[    2.500533] renesas_usbhs e6590000.usb: host probed
[    2.505424] renesas_usbhs e6590000.usb: no transceiver found
[    2.511149] renesas_usbhs e6590000.usb: gadget probed
[    2.516362] renesas_usbhs e6590000.usb: probed
[    2.521266] renesas_usbhs e659c000.usb: host probed
[    2.526159] renesas_usbhs e659c000.usb: no transceiver found
[    2.531874] renesas_usbhs e659c000.usb: gadget probed
[    2.537079] renesas_usbhs e659c000.usb: probed
[    2.544014] i2c /dev entries driver
[    2.558602] cs2000-cp 2-004f: revision - C1
[    2.562852] i2c-rcar e6510000.i2c: probed
[    2.567673] pca953x 4-0020: supply vcc not found, using dummy regulator
[    2.574378] pca953x 4-0020: using no AI
[    2.579022] gpio-355 (PCIE/SATA switch): hogged as output/low
[    2.591281] i2c-rcar e66d8000.i2c: probed
[    2.596586] adv748x 4-0070: Endpoint /soc/i2c@e66d8000/video-receiver@70/port@7/endpoint on port 7
[    2.605570] adv748x 4-0070: Endpoint /soc/i2c@e66d8000/video-receiver@70/port@8/endpoint on port 8
[    2.614544] adv748x 4-0070: Endpoint /soc/i2c@e66d8000/video-receiver@70/port@a/endpoint on port 10
[    2.623609] adv748x 4-0070: Endpoint /soc/i2c@e66d8000/video-receiver@70/port@b/endpoint on port 11
[    2.633001] adv748x 4-0070: chip found @ 0xe0 revision 2143
[    2.686584] rcar-csi2 fea80000.csi2: 1 lanes found
[    2.691720] rcar-csi2 feaa0000.csi2: 4 lanes found
[    2.701259] rcar-vin e6ef0000.video: Device registered as video0
[    2.707345] rcar-vin e6ef1000.video: Device registered as video1
[    2.713416] rcar-vin e6ef2000.video: Device registered as video2
[    2.719488] rcar-vin e6ef3000.video: Device registered as video3
[    2.725560] rcar-vin e6ef4000.video: Device registered as video4
[    2.731639] rcar-vin e6ef5000.video: Device registered as video5
[    2.737724] rcar-vin e6ef6000.video: Device registered as video6
[    2.743798] rcar-vin e6ef7000.video: Device registered as video7
[    2.752518] rcar_gen3_thermal e6198000.thermal: is using pseudo fixed FUSE values
[    2.764709] rcar_gen3_thermal e6198000.thermal: TSC0: Loaded 1 trip points
[    2.775940] rcar_gen3_thermal e6198000.thermal: TSC1: Loaded 1 trip points
[    2.787091] rcar_gen3_thermal e6198000.thermal: TSC2: Loaded 3 trip points
[    2.799174] sdhci: Secure Digital Host Controller Interface driver
[    2.805374] sdhci: Copyright(c) Pierre Ossman
[    2.810582] Synopsys Designware Multimedia Card Interface Driver
[    2.810845] renesas_sdhi_internal_dmac ee140000.mmc: Adding to iommu group 0
[    2.810937] renesas_sdhi_internal_dmac ee160000.mmc: Got CD GPIO
[    2.810940] renesas_sdhi_internal_dmac ee100000.mmc: Got CD GPIO
[    2.810958] renesas_sdhi_internal_dmac ee160000.mmc: Got WP GPIO
[    2.810962] renesas_sdhi_internal_dmac ee100000.mmc: Got WP GPIO
[    2.817979] sdhci-pltfm: SDHCI platform and OF driver helper
[    2.823679] renesas_sdhi_internal_dmac ee140000.mmc: Using IPMMU context 1
[    2.860534] ledtrig-cpu: registered to indicate activity on CPUs
[    2.867558] SMCCC: SOC_ID: ARCH_SOC_ID not implemented, skipping ....
[    2.874606] usbcore: registered new interface driver usbhid
[    2.880183] usbhid: USB HID core driver
[    2.887809] optee: probing for conduit method.
[    2.892279] optee: revision 3.22 (314ecf9d)
[    2.892459] optee driver R-Car Rev.1.0.11
[    2.900788] optee: dynamic shared memory is enabled
[    2.905937] optee: initialized driver
[    2.909130] renesas_sdhi_internal_dmac ee140000.mmc: mmc0 base at 0x00000000ee140000, max clock rate 200 MHz
[    2.921046] rcar_sound ec500000.sound: probed
[    2.926106] NET: Registered protocol family 17
[    2.930670] 9pnet: Installing 9P2000 support
[    2.934988] Key type dns_resolver registered
[    2.939626] registered taskstats version 1
[    2.943740] Loading compiled-in X.509 certificates
[    2.958537] thermal emergency: set temperature to 110 celsius
[    2.964479] thermal emergency: shutdown target cpus 1-7
[    2.969709] thermal emergency: freq scaled target cpus 0
[    2.975368] renesas_irqc e61c0000.interrupt-controller: driving 6 irqs
[    2.989528] mmc0: new HS400 MMC card at address 0001
[    2.995153] mmcblk0: mmc0:0001 BGSD3R 29.1 GiB 
[    3.000073] mmcblk0boot0: mmc0:0001 BGSD3R partition 1 16.0 MiB
[    3.006377] mmcblk0boot1: mmc0:0001 BGSD3R partition 2 16.0 MiB
[    3.012523] mmcblk0rpmb: mmc0:0001 BGSD3R partition 3 4.00 MiB, chardev (509:0)
[    3.021329]  mmcblk0: p1
[    3.022043] ehci-platform ee080100.usb: EHCI Host Controller
[    3.029554] ehci-platform ee080100.usb: new USB bus registered, assigned bus number 9
[    3.037460] ehci-platform ee080100.usb: irq 174, io mem 0xee080100
[    3.058104] ehci-platform ee080100.usb: USB 2.0 started, EHCI 1.10
[    3.064728] hub 9-0:1.0: USB hub found
[    3.068498] hub 9-0:1.0: 1 port detected
[    3.074026] ohci-platform ee080000.usb: Generic Platform OHCI controller
[    3.080754] ohci-platform ee080000.usb: new USB bus registered, assigned bus number 10
[    3.088735] ohci-platform ee080000.usb: irq 174, io mem 0xee080000
[    3.184443] hub 10-0:1.0: USB hub found
[    3.188303] hub 10-0:1.0: 1 port detected
[    3.193674] cpu cpu0: EM: created perf domain
[    3.198622] cpu cpu4: EM: created perf domain
[    3.206456] renesas_sdhi_internal_dmac ee160000.mmc: Got CD GPIO
[    3.209336] renesas_sdhi_internal_dmac ee100000.mmc: Got CD GPIO
[    3.212499] renesas_sdhi_internal_dmac ee160000.mmc: Got WP GPIO
[    3.224873] renesas_sdhi_internal_dmac ee100000.mmc: Got WP GPIO
[    3.232711] [drm] Initialized rcar-du 1.0.0 20130110 for feb00000.display on minor 0
[    3.240516] [drm] Device feb00000.display probed
[    3.259325] renesas_sdhi_internal_dmac ee160000.mmc: mmc2 base at 0x00000000ee160000, max clock rate 200 MHz
[    3.279641] renesas_sdhi_internal_dmac ee100000.mmc: mmc1 base at 0x00000000ee100000, max clock rate 200 MHz
[    3.284168] Console: switching to colour frame buffer device 128x48
[    3.329473] rcar-du feb00000.display: [drm] fb0: rcar-dudrmfb frame buffer device
[    3.341846] input: keys as /devices/platform/keys/input/input0
[    3.421316] Micrel KSZ9031 Gigabit PHY e6800000.ethernet-ffffffff:00: attached PHY driver [Micrel KSZ9031 Gigabit PHY] (mii_bus:phy_addr=e6800000.ethernet-ffffffff:00, irq=183)
[   10.044320] ravb e6800000.ethernet eth0: Link is Up - 1Gbps/Full - flow control off
[   10.070047] IP-Config: Guessing netmask 255.255.255.0
[   10.075208] IP-Config: Complete:
[   10.078524]      device=eth0, hwaddr=2e:09:0a:00:c3:9a, ipaddr=192.168.10.107, mask=255.255.255.0, gw=255.255.255.255
[   10.089338]      host=192.168.10.107, domain=, nis-domain=(none)
[   10.095466]      bootserver=255.255.255.255, rootserver=192.168.10.98, rootpath=
[   10.096054] ALSA device list:
[   10.106669]   No soundcards found.
[   11.183221] VFS: Mounted root (nfs4 filesystem) on device 0:22.
[   11.189902] devtmpfs: mounted
[   11.196156] Freeing unused kernel memory: 6144K
[   11.218264] Run /sbin/init as init process
[   11.376671] systemd[1]: System time before build time, advancing clock.
[   11.780388] NET: Registered protocol family 10
[   11.786491] Segment Routing with IPv6
[   11.809470] systemd[1]: systemd 244 running in system mode. (+PAM -AUDIT -SELINUX +IMA -APPARMOR -SMACK +SYSVINIT +UTMP -LIBCRYPTSETUP -GCRYPT -GNUTLS +ACL +XZ -LZ4 -SECCOMP +BLKID -ELFUTILS +KMOD -IDN2 -IDN -PCRE2 default-hierarchy=hybrid)
[   11.832915] systemd[1]: Detected architecture arm64.

Welcome to [1mPoky (Yocto Project Reference Distro) 3.1.11 (dunfell)[0m!

[   11.867983] systemd[1]: Set hostname to <salvator-x>.
[   12.591717] random: systemd: uninitialized urandom read (16 bytes read)
[   12.602841] systemd[1]: system-getty.slice: unit configures an IP firewall, but the local system does not support BPF/cgroup firewalling.
[   12.623634] systemd[1]: (This warning is only shown for the first unit using IP firewalling.)
[   12.637972] systemd[1]: Created slice system-getty.slice.
[[0;32m  OK  [0m] Created slice [0;1;39msystem-getty.slice[0m.
[   12.666180] random: systemd: uninitialized urandom read (16 bytes read)
[   12.675015] systemd[1]: Created slice system-serial\x2dgetty.slice.
[[0;32m  OK  [0m] Created slice [0;1;39msystem-serial\x2dgetty.slice[0m.
[   12.698140] random: systemd: uninitialized urandom read (16 bytes read)
[   12.706797] systemd[1]: Created slice User and Session Slice.
[[0;32m  OK  [0m] Created slice [0;1;39mUser and Session Slice[0m.
[   12.730340] systemd[1]: Started Dispatch Password Requests to Console Directory Watch.
[[0;32m  OK  [0m] Started [0;1;39mDispatch Password â€¦ts to Console Directory Watch[0m.
[   12.758456] systemd[1]: Started Forward Password Requests to Wall Directory Watch.
[[0;32m  OK  [0m] Started [0;1;39mForward Password Râ€¦uests to Wall Directory Watch[0m.
[   12.786316] systemd[1]: Reached target Paths.
[[0;32m  OK  [0m] Reached target [0;1;39mPaths[0m.
[   12.810214] systemd[1]: Reached target Remote File Systems.
[[0;32m  OK  [0m] Reached target [0;1;39mRemote File Systems[0m.
[   12.834188] systemd[1]: Reached target Slices.
[[0;32m  OK  [0m] Reached target [0;1;39mSlices[0m.
[   12.858191] systemd[1]: Reached target Swap.
[[0;32m  OK  [0m] Reached target [0;1;39mSwap[0m.
[   12.884769] systemd[1]: Listening on RPCbind Server Activation Socket.
[[0;32m  OK  [0m] Listening on [0;1;39mRPCbind Server Activation Socket[0m.
[   12.914256] systemd[1]: Reached target RPC Port Mapper.
[[0;32m  OK  [0m] Reached target [0;1;39mRPC Port Mapper[0m.
[   12.938556] systemd[1]: Listening on initctl Compatibility Named Pipe.
[[0;32m  OK  [0m] Listening on [0;1;39minitctl Compatibility Named Pipe[0m.
[   12.968295] systemd[1]: Listening on Journal Audit Socket.
[[0;32m  OK  [0m] Listening on [0;1;39mJournal Audit Socket[0m.
[   12.995784] systemd[1]: Listening on Journal Socket (/dev/log).
[[0;32m  OK  [0m] Listening on [0;1;39mJournal Socket (/dev/log)[0m.
[   13.022845] systemd[1]: Listening on Journal Socket.
[[0;32m  OK  [0m] Listening on [0;1;39mJournal Socket[0m.
[   13.048253] systemd[1]: Listening on Network Service Netlink Socket.
[[0;32m  OK  [0m] Listening on [0;1;39mNetwork Service Netlink Socket[0m.
[   13.076811] systemd[1]: Listening on udev Control Socket.
[[0;32m  OK  [0m] Listening on [0;1;39mudev Control Socket[0m.
[   13.102677] systemd[1]: Listening on udev Kernel Socket.
[[0;32m  OK  [0m] Listening on [0;1;39mudev Kernel Socket[0m.
[   13.131608] systemd[1]: Mounting Huge Pages File System...
         Mounting [0;1;39mHuge Pages File System[0m...
[   13.159327] systemd[1]: Mounting POSIX Message Queue File System...
         Mounting [0;1;39mPOSIX Message Queue File System[0m...
[   13.191340] systemd[1]: Mounting Kernel Debug File System...
         Mounting [0;1;39mKernel Debug File System[0m...
[   13.222145] systemd[1]: Mounting Temporary Directory (/tmp)...
         Mounting [0;1;39mTemporary Directory (/tmp)[0m...
[   13.252387] systemd[1]: Starting Create list of static device nodes for the current kernel...
         Starting [0;1;39mCreate list of stâ€¦odes for the current kernel[0m...
[   13.287189] systemd[1]: Starting Start psplash boot splash screen...
         Starting [0;1;39mStart psplash boot splash screen[0m...
[   13.320963] systemd[1]: Starting RPC Bind...
         Starting [0;1;39mRPC Bind[0m...
[   13.354837] systemd[1]: Condition check resulted in File System Check on Root Device being skipped.
[   13.370863] systemd[1]: Starting Journal Service...
         Starting [0;1;39mJournal Service[0m...
[   13.382029] random: crng init done
[   13.385454] random: 23 urandom warning(s) missed due to ratelimiting
[   13.411189] systemd[1]: Starting Load Kernel Modules...
         Starting [0;1;39mLoad Kernel Modules[0m...
[   13.435460] systemd[1]: Starting Remount Root and Kernel File Systems...
         Starting [0;1;39mRemount Root and Kernel File Systems[0m...
[   13.462934] systemd[1]: Starting udev Coldplug all Devices...
         Starting [0;1;39mudev Coldplug all Devices[0m...
[   13.485271] systemd[1]: Started Start psplash boot splash screen.
[[0;32m  OK  [0m] Started [0;1;39mStart psplash boot splash screen[0m.
[   13.507076] systemd[1]: Started RPC Bind.
[[0;32m  OK  [0m] Started [0;1;39mRPC Bind[0m.
[   13.531005] systemd[1]: Started Journal Service.
[[0;32m  OK  [0m] Started [0;1;39mJournal Service[0m.
[[0;32m  OK  [0m] Mounted [0;1;39mHuge Pages File System[0m.
[[0;32m  OK  [0m] Mounted [0;1;39mPOSIX Message Queue File System[0m.
[[0;32m  OK  [0m] Mounted [0;1;39mKernel Debug File System[0m.
[[0;32m  OK  [0m] Mounted [0;1;39mTemporary Directory (/tmp)[0m.
[[0;32m  OK  [0m] Started [0;1;39mCreate list of staâ€¦ nodes for the current kernel[0m.
[[0;32m  OK  [0m] Started [0;1;39mLoad Kernel Modules[0m.
[[0;32m  OK  [0m] Started [0;1;39mRemount Root and Kernel File Systems[0m.
         Mounting [0;1;39mKernel Configuration File System[0m...
[[0;32m  OK  [0m] Started [0;1;39mStart psplash-systâ€¦progress communication helper[0m.
         Starting [0;1;39mFlush Journal to Persistent Storage[0m...
         Startin[   13.748205] systemd-journald[349]: Received client request to flush runtime journal.
g [0;1;39mApply Kernel Variables[0m...
         Starting [0;1;39mCreate Static Device Nodes in /dev[0m...
[[0;32m  OK  [0m] Mounted [0;1;39mKernel Configuration File System[0m.
[[0;32m  OK  [0m] Started [0;1;39mFlush Journal to Persistent Storage[0m.
[[0;32m  OK  [0m] Started [0;1;39mApply Kernel Variables[0m.
[[0;32m  OK  [0m] Started [0;1;39mCreate Static Device Nodes in /dev[0m.
[[0;32m  OK  [0m] Reached target [0;1;39mLocal File Systems (Pre)[0m.
         Mounting [0;1;39m/var/volatile[0m...
         Starting [0;1;39mudev Kernel Device Manager[0m...
[[0;32m  OK  [0m] Mounted [0;1;39m/var/volatile[0m.
         Starting [0;1;39mLoad/Save Random Seed[0m...
[[0;32m  OK  [0m] Reached target [0;1;39mLocal File Systems[0m.
         Starting [0;1;39mCreate Volatile Files and Directories[0m...
[[0;32m  OK  [0m] Started [0;1;39mLoad/Save Random Seed[0m.
[[0;32m  OK  [0m] Started [0;1;39mudev Kernel Device Manager[0m.
[[0;32m  OK  [0m] Started [0;1;39mudev Coldplug all Devices[0m.
         Starting [0;1;39mNetwork Service[0m...
[[0;32m  OK  [0m] Started [0;1;39mCreate Volatile Files and Directories[0m.
         Starting [0;1;39mNetwork Time Synchronization[0m...
         Starting [0;1;39mUpdate UTMP about System Boot/Shutdown[0m...
[[0;32m  OK  [0m] Started [0;1;39mUpdate UTMP about System Boot/Shutdown[0m.
[[0;32m  OK  [0m] Started [0;1;39mNetwork Service[0m.
         Starting [0;1;39mNetwork Name Resolution[0m...
[[0;32m  OK  [0m] Started [0;1;39mNetwork Time Synchronization[0m.
[[0;32m  OK  [0m] Reached target [0;1;39mSystem Initialization[0m.
[[0;32m  OK  [0m] Started [0;1;39mDaily Cleanup of Temporary Directories[0m.
[[0;32m  OK  [0m] Reached target [0;1;39mSystem Time Set[0m.
[[0;32m  OK  [0m] Reached target [0;1;39mSystem Time Synchronized[0m.
[   14.320052] pwm-backlight: probe of backlight failed with error -16
[[0;32m  OK  [0m] Reached target [0;1;39mTimers[0m.
[[0;32m  OK  [0m] Listening on [0;1;39mAvahi mDNS/DNS-SD Stack Activation Socket[0m.
[   14.374261] at24 7-0050: supply vcc not found, using dummy regulator
[   14.381731] at24 7-0050: 128 byte br24t01 EEPROM, writable, 8 bytes/write
[[0;32m  OK  [0m] Listening on [0;1;39mD-Bus System Message Bus Socket[0m.
[[0;32m  OK  [0m] Listening on [0;1;39mdropbear.socket[0m.
[[0;32m  OK  [0m] Reached target [0;1;39mSockets[0m.
[[0;32m  OK  [0m] Reached target [0;1;39mBasic System[0m.
[[0;32m  OK  [0m] Started [0;1;39mD-Bus System Message Bus[0m.
[[0;32m  OK  [0m] Started [0;1;39moptee services[0m.
         Starting [0;1;39mpvrinit.service[0m...
         Starting [0;1;39mPowerVR consumer services[0m[   14.545408] ccree e6601000.crypto: ARM CryptoCell 630P Driver: HW version 0xAF400001/0xDCC63000, Driver version 5.0
...
[   14.546204] renesas_usb3 ee020000.usb: probed with phy
         Starting [0;1;39mLogin Service[0m...
[[0;32m  OK  [0m] Started [0;1;39mNetwork Name Resolution[0m.
[   14.596937] ccree e6601000.crypto: ARM ccree device initialized
[[0;32m  OK  [0m] Created slice [0;1;39msystem-weston.slice[0m.
[[0;32m  OK  [0m] Reached target [0;1;39mNetwork[0m.
[[0;32m  OK  [0m] Reached target [0;1;39mHost and Network Name Lookups[0m.
[[0;32m  OK  [0m] Reached target [0;1;39mHardware activated USB gadget[0m.
         Starting [0;1;39mAvahi mDNS/DNS-SD Stack[0m...
         Starting [0;1;39mPermit User Sessions[0m...
[[0;32m  OK  [0m] Started [0;1;39mXinetd A Powerful Replacement For Inetd[0m.
[[0;1;31mFAILED[0m] Failed to start [0;1;39mpvrinit.service[0m.
See 'systemctl status pvrinit.service' for details.
[[0;1;31mFAILED[0m] Failed to start [0;1;39mPowerVR consumer services[0m.
See 'systemctl status rc.pvr.service' for details.
[[0;1;38;5;185mDEPEND[0m] Dependency failed for [0;1;39mWeston Wayland Compositor[0m.
[[0;32m  OK  [0m] Started [0;1;39mPermit User Sessions[0m.
[[0;32m  OK  [0m] Started [0;1;39mLogin Service[0m.
[[0;32m  OK  [0m] Started [0;1;39mAvahi mDNS/DNS-SD Stack[0m.
[[0;32m  OK  [0m] Started [0;1;39mGetty on tty1[0m.
[[0;32m  OK  [0m] Started [0;1;39mSerial Getty on ttySC0[0m.
[[0;32m  OK  [0m] Reached target [0;1;39mLogin Prompts[0m.
         Starting [0;1;39mset_default_governor.service[0m...
[   15.194220] rd 0-7: Disabling EAS, schedutil is mandatory
[[0;32m  OK  [0m] Started [0;1;39mset_default_governor.service[0m.
[[0;32m  OK  [0m] Reached target [0;1;39mMulti-User System[0m.
         Starting [0;1;39mUpdate UTMP about System Runlevel Changes[0m...
[[0;32m  OK  [0m] Started [0;1;39mUpdate UTMP about System Runlevel Changes[0m.

Poky (Yocto Project Reference Distro) 3.1.11 salvator-x ttySC0

salvator-x login: 
salvator-x login: root
[   16.968637] audit: type=1006 audit(1703064537.588:2): pid=523 uid=0 old-auid=4294967295 auid=0 tty=(none) old-ses=4294967295 ses=1 res=1
7[r[999;999H[6n8root@salvator-x:~# 
root@salvator-x:~# 
root@salvator-x:~# 
root@salvator-x:~# 
root@salvator-x:~# 
root@salvator-x:~# 
root@salvator-x:~# 
root@salvator-x:~# 
root@salvator-x:~# 
Plug in USB device at CN10H


Press any button to continue

[   40.518020] usb 2-1: new high-speed USB device number 2 using ehci-platform
[   40.681683] usb-storage 2-1:1.0: USB Mass Storage device detected
[   40.689362] scsi host1: usb-storage 2-1:1.0
[   41.695148] scsi 1:0:0:0: Direct-Access     SanDisk  Extreme Pro      0    PQ: 0 ANSI: 6
[   41.705564] sd 1:0:0:0: [sda] 250085376 512-byte logical blocks: (128 GB/119 GiB)
[   41.714066] sd 1:0:0:0: [sda] Write Protect is off
[   41.719795] sd 1:0:0:0: [sda] Write cache: enabled, read cache: enabled, doesn't support DPO or FUA
[   41.756522]  sda: sda1
[   41.763800] sd 1:0:0:0: [sda] Attached SCSI removable disk
[   41.950172] SDHI0 VccQ: disabling
[   41.953567] SDHI3 VccQ: disabling

----------Prepare----------


root@salvator-x:~# find /sys/devices/platform/soc/ee0c0100.usb/ -name 'sd*'
/sys/devices/platform/soc/ee0c0100.usb/usb2/2-1/2-1:1.0/host1/target1:0:0/1:0:0:0/block/sda
/sys/devices/platform/soc/ee0c0100.usb/usb2/2-1/2-1:1.0/host1/target1:0:0/1:0:0:0/block/sda/sda1
root@salvator-x:~# 
root@salvator-x:~# dd if=/dev/urandom of=testdata bs=10M count=5
5+0 records in
5+0 records out
52428800 bytes (52 MB, 50 MiB) copied, 1.31622 s, 39.8 MB/s
root@salvator-x:~# 
root@salvator-x:~# mkdir -p /mnt/usb
root@salvator-x:~# 
root@salvator-x:~# mount /dev/sda1 /mnt/usb
[   48.429042] EXT4-fs (sda1): mounted filesystem with ordered data mode. Opts: (null)
root@salvator-x:~# 
root@salvator-x:~# cp testdata /mnt/usb/
root@salvator-x:~# 
root@salvator-x:~# umount /mnt/usb
root@salvator-x:~# 
Pull out USB device at CN10H


Press any button to continue

[   57.098214] usb 2-1: USB disconnect, device number 2
[   57.104439] sd 1:0:0:0: [sda] Synchronizing SCSI cache
[   57.109731] sd 1:0:0:0: [sda] Synchronize Cache(10) failed: Result: hostbyte=0x01 driverbyte=0x00

root@salvator-x:~# i2cset -f -y 7 0x30 0x20 0x0f
root@salvator-x:~# 

Switch SW23 off and input 'yes' to continue:

root@salvator-x:~# echo N > /sys/module/printk/parameters/console_suspend
root@salvator-x:~# 
root@salvator-x:~# echo mem > /sys/power/state
[   74.450135] PM: suspend entry (deep)
[   74.453922] Filesystems sync: 0.000 seconds
[   74.459412] Freezing user space processes ... (elapsed 0.001 seconds) done.
[   74.461017] OOM killer disabled.
[   74.461019] Freezing remaining freezable tasks ... (elapsed 0.001 seconds) done.
[   74.718229] optee-rng optee-ta-ab7a617c-b8e7-4d8f-8301-d09b61036b64: TA_CMD_GET_ENTROPY invoke err: ffff000e
[   74.728087] hwrng: no data available
[   74.898106] ravb e6800000.ethernet eth0: Link is Down
[   74.914541] Disabling non-boot CPUs ...
[   74.918972] CPU1: shutdown
[   74.921680] psci: CPU1 killed (polled 0 ms)
[   74.927686] CPU2: shutdown
[   74.930410] psci: CPU2 killed (polled 0 ms)
[   74.936109] CPU3: shutdown
[   74.938834] psci: CPU3 killed (polled 0 ms)
[   74.944656] CPU4: shutdown
[   74.947397] psci: CPU4 killed (polled 0 ms)
[   74.952965] CPU5: shutdown
[   74.955693] psci: CPU5 killed (polled 0 ms)
[   74.961414] CPU6: shutdown
[   74.964177] psci: CPU6 killed (polled 0 ms)
[   74.970041] CPU7: shutdown
[   74.972751] psci: CPU7 killed (polled 0 ms)
 
Plug in USB device at CN10H


Press any button to continue


 Switch power switch: 

NOTICE:  BL2: R-Car Gen3 Initial Program Loader(CA57) Rev.4.0.0
NOTICE:  BL2: PRR is R-Car H3 Ver.3.0
NOTICE:  BL2: Board is Salvator-XS Rev.1.0
NOTICE:  BL2: Boot device is HyperFlash(160MHz)
NOTICE:  BL2: LCM state is CM
NOTICE:  AVS setting succeeded. DVFS_SetVID=0x53
NOTICE:  BL2: DDR3200(rev.0.42)
NOTICE:  BL2: [WARM_BOOT]
NOTICE:  BL2: DRAM Split is 4ch(DDR f)
NOTICE:  BL2: QoS is default setting(rev.0.11)
NOTICE:  BL2: DRAM refresh interval 1.95 usec
NOTICE:  BL2: Periodic Write DQ Training
NOTICE:  BL2: CH0: 400000000 - 47fffffff, 2 GiB
NOTICE:  BL2: CH1: 500000000 - 57fffffff, 2 GiB
NOTICE:  BL2: CH2: 600000000 - 67fffffff, 2 GiB
NOTICE:  BL2: CH3: 700000000 - 77fffffff, 2 GiB
NOTICE:  BL2: Lossy Decomp areas
NOTICE:       Entry 0: DCMPAREACRAx:0x80000540 DCMPAREACRBx:0x570
NOTICE:       Entry 1: DCMPAREACRAx:0x40000000 DCMPAREACRBx:0x0
NOTICE:       Entry 2: DCMPAREACRAx:0x20000000 DCMPAREACRBx:0x0
NOTICE:  BL2: FDT at 0xe6327f70
NOTICE:  BL2: v2.9(release):9cdb21f75
NOTICE:  BL2: Built : 05:25:39, Dec 19 2023
NOTICE:  BL2: Normal boot
[   74.978107] Enabling non-boot CPUs ...
[   74.982093] Detected PIPT I-cache on CPU1
[   74.982149] CPU1: Booted secondary processor 0x0000000001 [0x411fd073]
[   74.982633] CPU1 is up
[   74.995709] Detected PIPT I-cache on CPU2
[   74.995731] CPU2: Booted secondary processor 0x0000000002 [0x411fd073]
[   74.995998] CPU2 is up
[   75.009011] Detected PIPT I-cache on CPU3
[   75.009033] CPU3: Booted secondary processor 0x0000000003 [0x411fd073]
[   75.009315] CPU3 is up
[   75.022389] Detected VIPT I-cache on CPU4
[   75.022441] CPU4: Booted secondary processor 0x0000000100 [0x410fd034]
[   75.023344] CPU4 is up
[   75.036352] Detected VIPT I-cache on CPU5
[   75.036385] CPU5: Booted secondary processor 0x0000000101 [0x410fd034]
[   75.036956] CPU5 is up
[   75.049961] Detected VIPT I-cache on CPU6
[   75.049993] CPU6: Booted secondary processor 0x0000000102 [0x410fd034]
[   75.050588] CPU6 is up
[   75.063596] Detected VIPT I-cache on CPU7
[   75.063629] CPU7: Booted secondary processor 0x0000000103 [0x410fd034]
[   75.064286] CPU7 is up
[   75.136983] xhci-hcd ee000000.usb: xHC error in resume, USBSTS 0x401, Reinit
[   75.144047] usb usb7: root hub lost power or was reset
[   75.149172] usb usb8: root hub lost power or was reset
[   75.205249] Micrel KSZ9031 Gigabit PHY e6800000.ethernet-ffffffff:00: attached PHY driver [Micrel KSZ9031 Gigabit PHY] (mii_bus:phy_addr=e6800000.ethernet-ffffffff:00, irq=183)
[   75.319995] usb usb4: root hub lost power or was reset
[   75.325269] usb usb1: root hub lost power or was reset
[   75.412079] usb usb5: root hub lost power or was reset
[   75.417364] usb usb2: root hub lost power or was reset
[   75.504073] usb usb6: root hub lost power or was reset
[   75.509347] usb usb3: root hub lost power or was reset
[   75.628076] usb usb10: root hub lost power or was reset
[   75.633424] usb usb9: root hub lost power or was reset
[   75.646091] ata1: link resume succeeded after 1 retries
[   75.757683] ata1: SATA link down (SStatus 0 SControl 300)
[   75.775709] OOM killer enabled.
[   75.781272] Restarting tasks ... done.
root@salvator-x:~# [   75.787920] PM: suspend exit
[   76.777989] usb 2-1: new high-speed USB device number 3 using ehci-platform
[   76.945054] usb-storage 2-1:1.0: USB Mass Storage device detected
[   76.951799] scsi host1: usb-storage 2-1:1.0
[   77.983731] scsi 1:0:0:0: Direct-Access     SanDisk  Extreme Pro      0    PQ: 0 ANSI: 6
[   77.994275] sd 1:0:0:0: [sda] 250085376 512-byte logical blocks: (128 GB/119 GiB)
[   78.002833] sd 1:0:0:0: [sda] Write Protect is off
[   78.008568] sd 1:0:0:0: [sda] Write cache: enabled, read cache: enabled, doesn't support DPO or FUA
[   78.067713]  sda: sda1
[   78.074287] sd 1:0:0:0: [sda] Attached SCSI removable disk
[   85.040257] ravb e6800000.ethernet eth0: Link is Up - 1Gbps/Full - flow control off

root@salvator-x:~# echo "Wake up sucessfully"
Wake up sucessfully
root@salvator-x:~# 
root@salvator-x:~# find /sys/devices/platform/soc/ee0c0100.usb/ -name 'sd*'
/sys/devices/platform/soc/ee0c0100.usb/usb2/2-1/2-1:1.0/host1/target1:0:0/1:0:0:0/block/sda
/sys/devices/platform/soc/ee0c0100.usb/usb2/2-1/2-1:1.0/host1/target1:0:0/1:0:0:0/block/sda/sda1
root@salvator-x:~# 
root@salvator-x:~# mount /dev/sda1 /mnt/usb
[   92.923289] EXT4-fs (sda1): mounted filesystem with ordered data mode. Opts: (null)
root@salvator-x:~# 
root@salvator-x:~# cp testdata /mnt/usb/testdata_from_nfs
root@salvator-x:~# 
root@salvator-x:~# cp /mnt/usb/testdata_from_nfs testdata_from_usb
root@salvator-x:~# 
root@salvator-x:~# sync
root@salvator-x:~# 
root@salvator-x:~# cmp testdata testdata_from_usb
root@salvator-x:~# 
root@salvator-x:~# umount /mnt/usb
root@salvator-x:~# 
 
#### Result: OK ####
