

----------Item 10----------


Please press switch to restart board 

[F 00:00:120
[F 00:00:119
NOTICE:  BL2: R-Car Gen3 Initial Program Loader(CA57) Rev.4.0.0
NOTICE:  BL2: PRR is R-Car H3 Ver.3.0
NOTICE:  BL2: Board is Salvator-XS Rev.1.0
NOTICE:  BL2: Boot device is HyperFlash(160MHz)
NOTICE:  BL2: LCM state is CM
NOTICE:  AVS setting succeeded. DVFS_SetVID=0x53
NOTICE:  BL2: DDR3200(rev.0.42)
NOTICE:  BL2: [COLD_BOOT]
NOTICE:  BL2: DRAM Split is 4ch(DDR f)
NOTICE:  BL2: QoS is default setting(rev.0.11)
NOTICE:  BL2: DRAM refresh interval 1.95 usec
NOTICE:  BL2: Periodic Write DQ Training
NOTICE:  BL2: CH0: 400000000 - 47fffffff, 2 GiB
NOTICE:  BL2: CH1: 500000000 - 57fffffff, 2 GiB
NOTICE:  BL2: CH2: 600000000 - 67fffffff, 2 GiB
NOTICE:  BL2: CH3: 700000000 - 77fffffff, 2 GiB
NOTICE:  BL2: Lossy Decomp areas
NOTICE:       Entry 0: DCMPAREACRAx:0x80000540 DCMPAREACRBx:0x570
NOTICE:       Entry 1: DCMPAREACRAx:0x40000000 DCMPAREACRBx:0x0
NOTICE:       Entry 2: DCMPAREACRAx:0x20000000 DCMPAREACRBx:0x0
NOTICE:  BL2: FDT at 0xe6327f70
NOTICE:  BL2: v2.9(release):9cdb21f75
NOTICE:  BL2: Built : 05:25:39, Dec 19 2023
NOTICE:  BL2: Normal boot
NOTICE:  BL2: dst=0xe6327800 src=0x8180000 len=512(0x200)
NOTICE:  BL2: dst=0x43f00000 src=0x8180400 len=6144(0x1800)
NOTICE:  rcar_file_len: len: 0x0003e000
NOTICE:  BL2: dst=0x44000000 src=0x81c0000 len=253952(0x3e000)
NOTICE:  rcar_file_len: len: 0x00200000
NOTICE:  BL2: dst=0x44100000 src=0x8200000 len=2097152(0x200000)
NOTICE:  rcar_file_len: len: 0x00100000
NOTICE:  BL2: dst=0x50000000 src=0x8640000 len=1048576(0x100000)
NOTICE:  BL2: Booting BL31


U-Boot 2020.10 (Dec 19 2023 - 14:30:40 +0000)

CPU: Renesas Electronics R8A7795 rev 3.0
Model: Renesas Salvator-X 2nd version board based on r8a77951
DRAM:  7.9 GiB
RAM Configuration:
Bank #0: 0x048000000 - 0x0bfffffff, 1.9 GiB
Bank #1: 0x500000000 - 0x57fffffff, 2 GiB
Bank #2: 0x600000000 - 0x67fffffff, 2 GiB
Bank #3: 0x700000000 - 0x77fffffff, 2 GiB

MMC:   sd@ee100000: 0, sd@ee140000: 1, sd@ee160000: 2
Loading Environment from MMC... OK
In:    serial@e6e88000
Out:   serial@e6e88000
Err:   serial@e6e88000
Net:   eth0: ethernet@e6800000
Hit any key to stop autoboot:  2  1  0 
ethernet@e6800000 Waiting for PHY auto negotiation to complete......... done
Using ethernet@e6800000 device
TFTP from server 192.168.10.98; our IP address is 192.168.10.107
Filename 'BV/PT3/boot_USB2H/Image'.
Load address: 0x48080000
Loading: *#################################################################
	 #################################################################
	 #################################################################
	 #################################################################
	 #################################################################
	 #################################################################
	 #################################################################
	 #################################################################
	 #################################################################
	 #################################################################
	 #################################################################
	 #################################################################
	 #################################################################
	 #################################################################
	 #################################################################
	 #################################################################
	 #################################################################
	 #################################################################
	 #################################################################
	 #################################################################
	 #################################################################
	 #################################################################
	 #################################################################
	 #################################################################
	 #################################################################
	 #################################################################
	 #################################################################
	 #################################################################
	 #################################################################
	 #################################################################
	 #################################################################
	 #################################################################
	 #################################################################
	 #################################################################
	 ################################################################
	 4 MiB/s
done
Bytes transferred = 33376768 (1fd4a00 hex)
Using ethernet@e6800000 device
TFTP from server 192.168.10.98; our IP address is 192.168.10.107
Filename 'BV/PT3/boot_USB2H/r8a77951-salvator-xs.dtb'.
Load address: 0x48000000
Loading: *#######
	 5.4 MiB/s
done
Bytes transferred = 90876 (162fc hex)
Moving Image from 0x48080000 to 0x48200000, end=4a260000
## Flattened Device Tree blob at 48000000
   Booting using the fdt blob at 0x48000000
   Loading Device Tree to 0000000053fe6000, end 0000000053fff2fb ... OK

Starting kernel ...

[    0.000000] Booting Linux on physical CPU 0x0000000000 [0x411fd073]
[    0.000000] Linux version 5.10.194-yocto-standard (thuan.nguyen-hong@banvien) (aarch64-poky-linux-gcc (GCC) 9.3.0, GNU ld (GNU Binutils) 2.34.0.20200220) #10 SMP PREEMPT Mon Feb 19 03:51:05 UTC 2024
[    0.000000] Machine model: Renesas Salvator-X 2nd version board based on r8a77951
[    0.000000] efi: UEFI not found.
[    0.000000] Reserved memory: created CMA memory pool at 0x0000000057000000, size 16 MiB
[    0.000000] OF: reserved mem: initialized node linux,adsp@57000000, compatible id shared-dma-pool
[    0.000000] Reserved memory: created CMA memory pool at 0x0000000058000000, size 384 MiB
[    0.000000] OF: reserved mem: initialized node linux,cma@58000000, compatible id shared-dma-pool
[    0.000000] Reserved memory: created CMA memory pool at 0x0000000070000000, size 256 MiB
[    0.000000] OF: reserved mem: initialized node linux,multimedia@70000000, compatible id shared-dma-pool
[    0.000000] NUMA: No NUMA configuration found
[    0.000000] NUMA: Faking a node at [mem 0x0000000048000000-0x000000077fffffff]
[    0.000000] NUMA: NODE_DATA [mem 0x77efdab00-0x77efdcfff]
[    0.000000] Zone ranges:
[    0.000000]   DMA      [mem 0x0000000048000000-0x000000007fffffff]
[    0.000000]   DMA32    [mem 0x0000000080000000-0x00000000ffffffff]
[    0.000000]   Normal   [mem 0x0000000100000000-0x000000077fffffff]
[    0.000000] Movable zone start for each node
[    0.000000] Early memory node ranges
[    0.000000]   node   0: [mem 0x0000000048000000-0x0000000053ffffff]
[    0.000000]   node   0: [mem 0x0000000054000000-0x0000000056ffffff]
[    0.000000]   node   0: [mem 0x0000000057000000-0x00000000bfffffff]
[    0.000000]   node   0: [mem 0x0000000500000000-0x000000057fffffff]
[    0.000000]   node   0: [mem 0x0000000600000000-0x000000067fffffff]
[    0.000000]   node   0: [mem 0x0000000700000000-0x000000077fffffff]
[    0.000000] Initmem setup node 0 [mem 0x0000000048000000-0x000000077fffffff]
[    0.000000] psci: probing for conduit method from DT.
[    0.000000] psci: PSCIv1.1 detected in firmware.
[    0.000000] psci: Using standard PSCI v0.2 function IDs
[    0.000000] psci: Trusted OS resident on physical CPU 0x0
[    0.000000] psci: SMC Calling Convention v1.2
[    0.000000] percpu: Embedded 23 pages/cpu s56984 r8192 d29032 u94208
[    0.000000] Detected PIPT I-cache on CPU0
[    0.000000] CPU features: detected: EL2 vector hardening
[    0.000000] CPU features: detected: Spectre-v2
[    0.000000] CPU features: detected: ARM errata 1165522, 1319367, or 1530923
[    0.000000] CPU features: detected: Spectre-BHB
[    0.000000] CPU features: detected: ARM erratum 1742098
[    0.000000] Built 1 zonelists, mobility grouping on.  Total pages: 2032128
[    0.000000] Policy zone: Normal
[    0.000000] Kernel command line: rw root=/dev/nfs nfsroot=192.168.10.98:/data/tftpboot/BV/PT3/rootfs_H3,nfsvers=4 ip=192.168.10.107
[    0.000000] Dentry cache hash table entries: 1048576 (order: 11, 8388608 bytes, linear)
[    0.000000] Inode-cache hash table entries: 524288 (order: 10, 4194304 bytes, linear)
[    0.000000] mem auto-init: stack:off, heap alloc:off, heap free:off
[    0.000000] software IO TLB: mapped [mem 0x000000004ffe6000-0x0000000053fe6000] (64MB)
[    0.000000] Memory: 7276840K/8257536K available (15232K kernel code, 2834K rwdata, 8240K rodata, 6144K init, 517K bss, 308952K reserved, 671744K cma-reserved)
[    0.000000] SLUB: HWalign=64, Order=0-3, MinObjects=0, CPUs=8, Nodes=1
[    0.000000] rcu: Preemptible hierarchical RCU implementation.
[    0.000000] rcu: 	RCU event tracing is enabled.
[    0.000000] rcu: 	RCU restricting CPUs from NR_CPUS=256 to nr_cpu_ids=8.
[    0.000000] 	Trampoline variant of Tasks RCU enabled.
[    0.000000] rcu: RCU calculated value of scheduler-enlistment delay is 25 jiffies.
[    0.000000] rcu: Adjusting geometry for rcu_fanout_leaf=16, nr_cpu_ids=8
[    0.000000] NR_IRQS: 64, nr_irqs: 64, preallocated irqs: 0
[    0.000000] arch_timer: cp15 timer(s) running at 8.32MHz (virt).
[    0.000000] clocksource: arch_sys_counter: mask: 0xffffffffffffff max_cycles: 0x1eb398c07, max_idle_ns: 440795202503 ns
[    0.000003] sched_clock: 56 bits at 8MHz, resolution 120ns, wraps every 2199023255503ns
[    0.000209] Console: colour dummy device 80x25
[    0.000416] printk: console [tty0] enabled
[    0.000494] Calibrating delay loop (skipped), value calculated using timer frequency.. 16.64 BogoMIPS (lpj=33280)
[    0.000510] pid_max: default: 32768 minimum: 301
[    0.000568] LSM: Security Framework initializing
[    0.000654] Mount-cache hash table entries: 16384 (order: 5, 131072 bytes, linear)
[    0.000705] Mountpoint-cache hash table entries: 16384 (order: 5, 131072 bytes, linear)
[    0.002146] rcu: Hierarchical SRCU implementation.
[    0.003738] Detected Renesas R-Car Gen3 r8a7795 ES3.0
[    0.005864] EFI services will not be available.
[    0.006204] smp: Bringing up secondary CPUs ...
[    0.006662] Detected PIPT I-cache on CPU1
[    0.006707] CPU1: Booted secondary processor 0x0000000001 [0x411fd073]
[    0.007195] Detected PIPT I-cache on CPU2
[    0.007221] CPU2: Booted secondary processor 0x0000000002 [0x411fd073]
[    0.007641] Detected PIPT I-cache on CPU3
[    0.007664] CPU3: Booted secondary processor 0x0000000003 [0x411fd073]
[    0.008131] CPU features: detected: ARM erratum 845719
[    0.008144] Detected VIPT I-cache on CPU4
[    0.008190] CPU4: Booted secondary processor 0x0000000100 [0x410fd034]
[    0.008666] Detected VIPT I-cache on CPU5
[    0.008693] CPU5: Booted secondary processor 0x0000000101 [0x410fd034]
[    0.009128] Detected VIPT I-cache on CPU6
[    0.009155] CPU6: Booted secondary processor 0x0000000102 [0x410fd034]
[    0.009588] Detected VIPT I-cache on CPU7
[    0.009615] CPU7: Booted secondary processor 0x0000000103 [0x410fd034]
[    0.009697] smp: Brought up 1 node, 8 CPUs
[    0.009759] SMP: Total of 8 processors activated.
[    0.009767] CPU features: detected: 32-bit EL0 Support
[    0.009774] CPU features: detected: CRC32 instructions
[    0.009781] CPU features: detected: 32-bit EL1 Support
[    0.022988] CPU: All CPU(s) started at EL1
[    0.023040] alternatives: patching kernel code
[    0.024201] devtmpfs: initialized
[    0.030973] KASLR disabled due to lack of seed
[    0.031123] clocksource: jiffies: mask: 0xffffffff max_cycles: 0xffffffff, max_idle_ns: 7645041785100000 ns
[    0.031143] futex hash table entries: 2048 (order: 5, 131072 bytes, linear)
[    0.039786] pinctrl core: initialized pinctrl subsystem
[    0.041267] DMI not present or invalid.
[    0.041764] NET: Registered protocol family 16
[    0.042700] DMA: preallocated 1024 KiB GFP_KERNEL pool for atomic allocations
[    0.042891] DMA: preallocated 1024 KiB GFP_KERNEL|GFP_DMA pool for atomic allocations
[    0.043178] DMA: preallocated 1024 KiB GFP_KERNEL|GFP_DMA32 pool for atomic allocations
[    0.043219] audit: initializing netlink subsys (disabled)
[    0.043368] audit: type=2000 audit(0.040:1): state=initialized audit_enabled=0 res=1
[    0.044560] thermal_sys: Registered thermal governor 'power_allocator'
[    0.045074] cpuidle: using governor menu
[    0.045249] hw-breakpoint: found 6 breakpoint and 4 watchpoint registers.
[    0.045372] ASID allocator initialised with 65536 entries
[    0.046657] Serial: AMBA PL011 UART driver
[    0.089580] sh-pfc e6060000.pinctrl: r8a77951_pfc support registered
[    0.104330] HugeTLB registered 1.00 GiB page size, pre-allocated 0 pages
[    0.104347] HugeTLB registered 32.0 MiB page size, pre-allocated 0 pages
[    0.104355] HugeTLB registered 2.00 MiB page size, pre-allocated 0 pages
[    0.104362] HugeTLB registered 64.0 KiB page size, pre-allocated 0 pages
[    0.105332] cryptd: max_cpu_qlen set to 1000
[    0.107602] ACPI: Interpreter disabled.
[    0.111440] rcar-avs: use avs value: 0
[    0.111460] rcar-avs: cpu@0 is running with: opp_table0
[    0.111470] rcar-avs: cpu@1 is running with: opp_table0
[    0.111481] rcar-avs: cpu@2 is running with: opp_table0
[    0.111492] rcar-avs: cpu@3 is running with: opp_table0
[    0.111582] rcar-avs: gsx@fd000000 is running with: gsx_opp_table0
[    0.112988] iommu: Default domain type: Translated 
[    0.113564] ipmmu-vmsa e67b0000.iommu: IPMMU context 0 is reserved
[    0.114539] vgaarb: loaded
[    0.114733] SCSI subsystem initialized
[    0.114993] usbcore: registered new interface driver usbfs
[    0.115024] usbcore: registered new interface driver hub
[    0.115049] usbcore: registered new device driver usb
[    0.118584] i2c-sh_mobile e60b0000.i2c: I2C adapter 7, bus speed 400000 Hz
[    0.119124] mc: Linux media interface: v0.10
[    0.119146] videodev: Linux video capture interface: v2.00
[    0.119193] pps_core: LinuxPPS API ver. 1 registered
[    0.119201] pps_core: Software ver. 5.3.6 - Copyright 2005-2007 Rodolfo Giometti <giometti@linux.it>
[    0.119215] PTP clock support registered
[    0.119381] EDAC MC: Ver: 3.0.0
[    0.121385] FPGA manager framework
[    0.121447] Advanced Linux Sound Architecture Driver Initialized.
[    0.122029] clocksource: Switched to clocksource arch_sys_counter
[    0.122171] VFS: Disk quotas dquot_6.6.0
[    0.122215] VFS: Dquot-cache hash table entries: 512 (order 0, 4096 bytes)
[    0.122346] pnp: PnP ACPI: disabled
[    0.125819] NET: Registered protocol family 2
[    0.126240] IP idents hash table entries: 131072 (order: 8, 1048576 bytes, linear)
[    0.128508] tcp_listen_portaddr_hash hash table entries: 4096 (order: 4, 65536 bytes, linear)
[    0.128586] TCP established hash table entries: 65536 (order: 7, 524288 bytes, linear)
[    0.128873] TCP bind hash table entries: 65536 (order: 8, 1048576 bytes, linear)
[    0.129461] TCP: Hash tables configured (established 65536 bind 65536)
[    0.129581] UDP hash table entries: 4096 (order: 5, 131072 bytes, linear)
[    0.129697] UDP-Lite hash table entries: 4096 (order: 5, 131072 bytes, linear)
[    0.129909] NET: Registered protocol family 1
[    0.130312] RPC: Registered named UNIX socket transport module.
[    0.130322] RPC: Registered udp transport module.
[    0.130328] RPC: Registered tcp transport module.
[    0.130334] RPC: Registered tcp NFSv4.1 backchannel transport module.
[    0.130345] PCI: CLS 0 bytes, default 64
[    0.131268] hw perfevents: enabled with armv8_cortex_a53 PMU driver, 7 counters available
[    0.131546] hw perfevents: enabled with armv8_cortex_a57 PMU driver, 7 counters available
[    0.132176] kvm [1]: HYP mode not available
[    0.135121] Initialise system trusted keyrings
[    0.135264] workingset: timestamp_bits=42 max_order=21 bucket_order=0
[    0.138374] squashfs: version 4.0 (2009/01/31) Phillip Lougher
[    0.138776] NFS: Registering the id_resolver key type
[    0.138815] Key type id_resolver registered
[    0.138822] Key type id_legacy registered
[    0.138878] nfs4filelayout_init: NFSv4 File Layout Driver Registering...
[    0.138888] nfs4flexfilelayout_init: NFSv4 Flexfile Layout Driver Registering...
[    0.138992] 9p: Installing v9fs 9p2000 file system support
[    0.164822] Key type asymmetric registered
[    0.164835] Asymmetric key parser 'x509' registered
[    0.164867] Block layer SCSI generic (bsg) driver version 0.4 loaded (major 243)
[    0.164878] io scheduler mq-deadline registered
[    0.164887] io scheduler kyber registered
[    0.180945] gpio_rcar e6050000.gpio: driving 16 GPIOs
[    0.181223] gpio_rcar e6051000.gpio: driving 29 GPIOs
[    0.181479] gpio_rcar e6052000.gpio: driving 15 GPIOs
[    0.181753] gpio_rcar e6053000.gpio: driving 16 GPIOs
[    0.182038] gpio_rcar e6054000.gpio: driving 18 GPIOs
[    0.182302] gpio_rcar e6055000.gpio: driving 26 GPIOs
[    0.182584] gpio_rcar e6055400.gpio: driving 32 GPIOs
[    0.182919] gpio_rcar e6055800.gpio: driving 4 GPIOs
[    0.185994] rcar-pcie fe000000.pcie: host bridge /soc/pcie@fe000000 ranges:
[    0.186042] rcar-pcie fe000000.pcie:       IO 0x00fe100000..0x00fe1fffff -> 0x0000000000
[    0.186066] rcar-pcie fe000000.pcie:      MEM 0x00fe200000..0x00fe3fffff -> 0x00fe200000
[    0.186084] rcar-pcie fe000000.pcie:      MEM 0x0030000000..0x0037ffffff -> 0x0030000000
[    0.186098] rcar-pcie fe000000.pcie:      MEM 0x0038000000..0x003fffffff -> 0x0038000000
[    0.186116] rcar-pcie fe000000.pcie:   IB MEM 0x0040000000..0x007fffffff -> 0x0040000000
[    0.186166] rcar-pcie fe000000.pcie: no pcie3v3 regulator found
[    0.186177] rcar-pcie fe000000.pcie: no pcie1v8 regulator found
[    0.253740] rcar-pcie fe000000.pcie: PCIe link down
[    0.253929] rcar-pcie ee800000.pcie: host bridge /soc/pcie@ee800000 ranges:
[    0.253953] rcar-pcie ee800000.pcie:       IO 0x00ee900000..0x00ee9fffff -> 0x0000000000
[    0.253973] rcar-pcie ee800000.pcie:      MEM 0x00eea00000..0x00eebfffff -> 0x00eea00000
[    0.253991] rcar-pcie ee800000.pcie:      MEM 0x00c0000000..0x00c7ffffff -> 0x00c0000000
[    0.254005] rcar-pcie ee800000.pcie:      MEM 0x00c8000000..0x00cfffffff -> 0x00c8000000
[    0.254039] rcar-pcie ee800000.pcie:   IB MEM 0x0040000000..0x007fffffff -> 0x0040000000
[    0.254071] rcar-pcie ee800000.pcie: no pcie3v3 regulator found
[    0.254080] rcar-pcie ee800000.pcie: no pcie1v8 regulator found
[    0.414020] rcar-pcie ee800000.pcie: PCIe link down
[    0.416490] EINJ: ACPI disabled.
[    0.453659] Serial: 8250/16550 driver, 4 ports, IRQ sharing enabled
[    0.456049] SuperH (H)SCI(F) driver initialized
[    0.456465] e6550000.serial: ttySC1 at MMIO 0xe6550000 (irq = 42, base_baud = 0) is a hscif
[    0.457197] e6e88000.serial: ttySC0 at MMIO 0xe6e88000 (irq = 128, base_baud = 0) is a scif
[    1.661893] printk: console [ttySC0] enabled
[    1.667296] msm_serial: driver initialized
[    1.677603] rcar-dw-hdmi fead0000.hdmi: Detected HDMI TX controller v2.01a with HDCP (DWC HDMI 2.0 TX PHY)
[    1.687491] rcar-dw-hdmi fead0000.hdmi: registered DesignWare HDMI I2C bus driver
[    1.695724] rcar-dw-hdmi feae0000.hdmi: Detected HDMI TX controller v2.01a with HDCP (DWC HDMI 2.0 TX PHY)
[    1.705569] rcar-dw-hdmi feae0000.hdmi: registered DesignWare HDMI I2C bus driver
[    1.721115] loop: module loaded
[    1.725642] megasas: 07.714.04.00-rc1
[    1.731392] scsi host0: sata_rcar
[    1.734877] ata1: SATA max UDMA/133 irq 181
[    1.744233] tun: Universal TUN/TAP device driver, 1.6
[    1.750240] thunder_xcv, ver 1.0
[    1.753484] thunder_bgx, ver 1.0
[    1.756758] nicpf, ver 1.0
[    1.760906] hclge is initializing
[    1.764242] hns3: Hisilicon Ethernet Network Driver for Hip08 Family - version
[    1.771465] hns3: Copyright (c) 2017 Huawei Corporation.
[    1.776800] e1000: Intel(R) PRO/1000 Network Driver
[    1.781679] e1000: Copyright (c) 1999-2006 Intel Corporation.
[    1.787450] e1000e: Intel(R) PRO/1000 Network Driver
[    1.792415] e1000e: Copyright(c) 1999 - 2015 Intel Corporation.
[    1.798362] igb: Intel(R) Gigabit Ethernet Network Driver
[    1.803761] igb: Copyright (c) 2007-2014 Intel Corporation.
[    1.809348] igbvf: Intel(R) Gigabit Virtual Function Network Driver
[    1.815620] igbvf: Copyright (c) 2009 - 2012 Intel Corporation.
[    1.821945] sky2: driver version 1.30
[    1.829515] ravb e6800000.ethernet eth0: Base address at 0xe6800000, 2e:09:0a:00:c3:9a, IRQ 125.
[    1.839727] VFIO - User Level meta-driver version: 0.3
[    1.846924] ehci_hcd: USB 2.0 'Enhanced' Host Controller (EHCI) Driver
[    1.853462] ehci-pci: EHCI PCI platform driver
[    1.857939] ehci-platform: EHCI generic platform driver
[    1.863556] ehci-platform ee0a0100.usb: EHCI Host Controller
[    1.869238] ehci-platform ee0a0100.usb: new USB bus registered, assigned bus number 1
[    1.877158] ehci-platform ee0a0100.usb: irq 175, io mem 0xee0a0100
[    1.898028] ehci-platform ee0a0100.usb: USB 2.0 started, EHCI 1.10
[    1.904537] hub 1-0:1.0: USB hub found
[    1.908311] hub 1-0:1.0: 1 port detected
[    1.912725] ehci-platform ee0c0100.usb: EHCI Host Controller
[    1.918399] ehci-platform ee0c0100.usb: new USB bus registered, assigned bus number 2
[    1.926282] ehci-platform ee0c0100.usb: irq 176, io mem 0xee0c0100
[    1.946024] ehci-platform ee0c0100.usb: USB 2.0 started, EHCI 1.10
[    1.952521] hub 2-0:1.0: USB hub found
[    1.956291] hub 2-0:1.0: 1 port detected
[    1.986065] ehci-platform ee0e0100.usb: EHCI Host Controller
[    1.991740] ehci-platform ee0e0100.usb: new USB bus registered, assigned bus number 3
[    1.999622] ehci-platform ee0e0100.usb: irq 177, io mem 0xee0e0100
[    2.018025] ehci-platform ee0e0100.usb: USB 2.0 started, EHCI 1.10
[    2.024456] hub 3-0:1.0: USB hub found
[    2.028228] hub 3-0:1.0: 1 port detected
[    2.032615] ehci-orion: EHCI orion driver
[    2.036880] ehci-exynos: EHCI Exynos driver
[    2.041185] ohci_hcd: USB 1.1 'Open' Host Controller (OHCI) Driver
[    2.047382] ohci-pci: OHCI PCI platform driver
[    2.051867] ohci-platform: OHCI generic platform driver
[    2.057394] ohci-platform ee0a0000.usb: Generic Platform OHCI controller
[    2.064115] ohci-platform ee0a0000.usb: new USB bus registered, assigned bus number 4
[    2.071990] ohci-platform ee0a0000.usb: irq 175, io mem 0xee0a0000
[    2.154034] ata1: link resume succeeded after 1 retries
[    2.168293] hub 4-0:1.0: USB hub found
[    2.172062] hub 4-0:1.0: 1 port detected
[    2.176384] ohci-platform ee0c0000.usb: Generic Platform OHCI controller
[    2.183099] ohci-platform ee0c0000.usb: new USB bus registered, assigned bus number 5
[    2.190965] ohci-platform ee0c0000.usb: irq 176, io mem 0xee0c0000
[    2.265563] ata1: SATA link down (SStatus 0 SControl 300)
[    2.284283] hub 5-0:1.0: USB hub found
[    2.288050] hub 5-0:1.0: 1 port detected
[    2.292377] ohci-platform ee0e0000.usb: Generic Platform OHCI controller
[    2.299090] ohci-platform ee0e0000.usb: new USB bus registered, assigned bus number 6
[    2.306970] ohci-platform ee0e0000.usb: irq 177, io mem 0xee0e0000
[    2.400279] hub 6-0:1.0: USB hub found
[    2.404045] hub 6-0:1.0: 1 port detected
[    2.408376] ohci-exynos: OHCI Exynos driver
[    2.413213] xhci-hcd ee000000.usb: xHCI Host Controller
[    2.418456] xhci-hcd ee000000.usb: new USB bus registered, assigned bus number 7
[    2.441709] xhci-hcd ee000000.usb: hcc params 0x014051ce hci version 0x100 quirks 0x0000000000830410
[    2.450877] xhci-hcd ee000000.usb: irq 172, io mem 0xee000000
[    2.456741] xhci-hcd ee000000.usb: xHCI Host Controller
[    2.461974] xhci-hcd ee000000.usb: new USB bus registered, assigned bus number 8
[    2.469378] xhci-hcd ee000000.usb: Host supports USB 3.0 SuperSpeed
[    2.475922] hub 7-0:1.0: USB hub found
[    2.479694] hub 7-0:1.0: 1 port detected
[    2.483779] usb usb8: We don't know the algorithms for LPM for this host, disabling LPM.
[    2.492120] hub 8-0:1.0: USB hub found
[    2.495895] hub 8-0:1.0: 1 port detected
[    2.500690] usbcore: registered new interface driver usb-storage
[    2.508377] renesas_usbhs e6590000.usb: host probed
[    2.513268] renesas_usbhs e6590000.usb: no transceiver found
[    2.518993] renesas_usbhs e6590000.usb: gadget probed
[    2.524213] renesas_usbhs e6590000.usb: probed
[    2.529095] renesas_usbhs e659c000.usb: host probed
[    2.533988] renesas_usbhs e659c000.usb: no transceiver found
[    2.539698] renesas_usbhs e659c000.usb: gadget probed
[    2.544904] renesas_usbhs e659c000.usb: probed
[    2.551816] i2c /dev entries driver
[    2.566355] cs2000-cp 2-004f: revision - C1
[    2.570597] i2c-rcar e6510000.i2c: probed
[    2.575403] pca953x 4-0020: supply vcc not found, using dummy regulator
[    2.582103] pca953x 4-0020: using no AI
[    2.586744] gpio-355 (PCIE/SATA switch): hogged as output/low
[    2.599021] i2c-rcar e66d8000.i2c: probed
[    2.604335] adv748x 4-0070: Endpoint /soc/i2c@e66d8000/video-receiver@70/port@7/endpoint on port 7
[    2.613317] adv748x 4-0070: Endpoint /soc/i2c@e66d8000/video-receiver@70/port@8/endpoint on port 8
[    2.622288] adv748x 4-0070: Endpoint /soc/i2c@e66d8000/video-receiver@70/port@a/endpoint on port 10
[    2.631352] adv748x 4-0070: Endpoint /soc/i2c@e66d8000/video-receiver@70/port@b/endpoint on port 11
[    2.640736] adv748x 4-0070: chip found @ 0xe0 revision 2143
[    2.694334] rcar-csi2 fea80000.csi2: 1 lanes found
[    2.699476] rcar-csi2 feaa0000.csi2: 4 lanes found
[    2.709050] rcar-vin e6ef0000.video: Device registered as video0
[    2.715127] rcar-vin e6ef1000.video: Device registered as video1
[    2.721197] rcar-vin e6ef2000.video: Device registered as video2
[    2.727261] rcar-vin e6ef3000.video: Device registered as video3
[    2.733329] rcar-vin e6ef4000.video: Device registered as video4
[    2.739401] rcar-vin e6ef5000.video: Device registered as video5
[    2.745483] rcar-vin e6ef6000.video: Device registered as video6
[    2.751557] rcar-vin e6ef7000.video: Device registered as video7
[    2.760253] rcar_gen3_thermal e6198000.thermal: is using pseudo fixed FUSE values
[    2.772453] rcar_gen3_thermal e6198000.thermal: TSC0: Loaded 1 trip points
[    2.783696] rcar_gen3_thermal e6198000.thermal: TSC1: Loaded 1 trip points
[    2.794840] rcar_gen3_thermal e6198000.thermal: TSC2: Loaded 3 trip points
[    2.806865] sdhci: Secure Digital Host Controller Interface driver
[    2.813055] sdhci: Copyright(c) Pierre Ossman
[    2.818276] Synopsys Designware Multimedia Card Interface Driver
[    2.818639] renesas_sdhi_internal_dmac ee100000.mmc: Got CD GPIO
[    2.818863] renesas_sdhi_internal_dmac ee140000.mmc: Adding to iommu group 0
[    2.818907] renesas_sdhi_internal_dmac ee140000.mmc: Using IPMMU context 1
[    2.818930] renesas_sdhi_internal_dmac ee160000.mmc: Got CD GPIO
[    2.818957] renesas_sdhi_internal_dmac ee160000.mmc: Got WP GPIO
[    2.825609] sdhci-pltfm: SDHCI platform and OF driver helper
[    2.830334] renesas_sdhi_internal_dmac ee100000.mmc: Got WP GPIO
[    2.868305] renesas_sdhi_internal_dmac ee140000.mmc: mmc0 base at 0x00000000ee140000, max clock rate 200 MHz
[    2.878625] ledtrig-cpu: registered to indicate activity on CPUs
[    2.885624] SMCCC: SOC_ID: ARCH_SOC_ID not implemented, skipping ....
[    2.892660] usbcore: registered new interface driver usbhid
[    2.898237] usbhid: USB HID core driver
[    2.905837] optee: probing for conduit method.
[    2.910305] optee: revision 3.22 (314ecf9d)
[    2.910735] optee driver R-Car Rev.1.0.11
[    2.919138] optee: dynamic shared memory is enabled
[    2.924296] optee: initialized driver
[    2.941009] rcar_sound ec500000.sound: probed
[    2.945849] mmc0: new HS400 MMC card at address 0001
[    2.946116] NET: Registered protocol family 17
[    2.951713] mmcblk0: mmc0:0001 BGSD3R 29.1 GiB 
[    2.955383] 9pnet: Installing 9P2000 support
[    2.960166] mmcblk0boot0: mmc0:0001 BGSD3R partition 1 16.0 MiB
[    2.964146] Key type dns_resolver registered
[    2.970401] mmcblk0boot1: mmc0:0001 BGSD3R partition 2 16.0 MiB
[    2.974712] registered taskstats version 1
[    2.980377] mmcblk0rpmb: mmc0:0001 BGSD3R partition 3 4.00 MiB, chardev (509:0)
[    2.984342] Loading compiled-in X.509 certificates
[    2.993565]  mmcblk0: p1
[    3.006564] thermal emergency: set temperature to 110 celsius
[    3.012519] thermal emergency: shutdown target cpus 1-7
[    3.017746] thermal emergency: freq scaled target cpus 0
[    3.023404] renesas_irqc e61c0000.interrupt-controller: driving 6 irqs
[    3.070045] ehci-platform ee080100.usb: EHCI Host Controller
[    3.075738] ehci-platform ee080100.usb: new USB bus registered, assigned bus number 9
[    3.083635] ehci-platform ee080100.usb: irq 174, io mem 0xee080100
[    3.102028] ehci-platform ee080100.usb: USB 2.0 started, EHCI 1.10
[    3.108642] hub 9-0:1.0: USB hub found
[    3.112414] hub 9-0:1.0: 1 port detected
[    3.117425] ohci-platform ee080000.usb: Generic Platform OHCI controller
[    3.124149] ohci-platform ee080000.usb: new USB bus registered, assigned bus number 10
[    3.132119] ohci-platform ee080000.usb: irq 174, io mem 0xee080000
[    3.228620] hub 10-0:1.0: USB hub found
[    3.232480] hub 10-0:1.0: 1 port detected
[    3.237684] cpu cpu0: EM: created perf domain
[    3.242718] cpu cpu4: EM: created perf domain
[    3.252552] renesas_sdhi_internal_dmac ee100000.mmc: Got CD GPIO
[    3.252795] renesas_sdhi_internal_dmac ee160000.mmc: Got CD GPIO
[    3.255029] [drm] Initialized rcar-du 1.0.0 20130110 for feb00000.display on minor 0
[    3.255032] [drm] Device feb00000.display probed
[    3.258605] renesas_sdhi_internal_dmac ee100000.mmc: Got WP GPIO
[    3.264666] renesas_sdhi_internal_dmac ee160000.mmc: Got WP GPIO
[    3.314188] usb 2-1: new high-speed USB device number 2 using ehci-platform
[    3.321659] renesas_sdhi_internal_dmac ee100000.mmc: mmc1 base at 0x00000000ee100000, max clock rate 200 MHz
[    3.326802] Console: switching to colour frame buffer device 128x48
[    3.337365] renesas_sdhi_internal_dmac ee160000.mmc: mmc2 base at 0x00000000ee160000, max clock rate 200 MHz
[    3.378893] rcar-du feb00000.display: [drm] fb0: rcar-dudrmfb frame buffer device
[    3.391361] input: keys as /devices/platform/keys/input/input0
[    3.473459] usb-storage 2-1:1.0: USB Mass Storage device detected
[    3.473769] Micrel KSZ9031 Gigabit PHY e6800000.ethernet-ffffffff:00: attached PHY driver [Micrel KSZ9031 Gigabit PHY] (mii_bus:phy_addr=e6800000.ethernet-ffffffff:00, irq=183)
[    3.480662] scsi host1: usb-storage 2-1:1.0
[    4.511755] scsi 1:0:0:0: Direct-Access     SanDisk  Extreme Pro      0    PQ: 0 ANSI: 6
[    4.522466] sd 1:0:0:0: [sda] 250085376 512-byte logical blocks: (128 GB/119 GiB)
[    4.531203] sd 1:0:0:0: [sda] Write Protect is off
[    4.537209] sd 1:0:0:0: [sda] Write cache: enabled, read cache: enabled, doesn't support DPO or FUA
[    4.552283]  sda: sda1
[    4.558759] sd 1:0:0:0: [sda] Attached SCSI removable disk
[   10.029596] ravb e6800000.ethernet eth0: Link is Up - 1Gbps/Full - flow control off
[   10.050049] IP-Config: Guessing netmask 255.255.255.0
[   10.055207] IP-Config: Complete:
[   10.062389]      device=eth0, hwaddr=2e:09:0a:00:c3:9a, ipaddr=192.168.10.107, mask=255.255.255.0, gw=255.255.255.255
[   10.077084]      host=192.168.10.107, domain=, nis-domain=(none)
[   10.087164]      bootserver=255.255.255.255, rootserver=192.168.10.98, rootpath=
[   10.087769] ALSA device list:
[   10.105453]   No soundcards found.
[   11.161573] VFS: Mounted root (nfs4 filesystem) on device 0:22.
[   11.172694] devtmpfs: mounted
[   11.183419] Freeing unused kernel memory: 6144K
[   11.210190] Run /sbin/init as init process
[   11.393177] systemd[1]: System time before build time, advancing clock.
[   11.728102] NET: Registered protocol family 10
[   11.734166] Segment Routing with IPv6
[   11.756522] systemd[1]: systemd 244 running in system mode. (+PAM -AUDIT -SELINUX +IMA -APPARMOR -SMACK +SYSVINIT +UTMP -LIBCRYPTSETUP -GCRYPT -GNUTLS +ACL +XZ -LZ4 -SECCOMP +BLKID -ELFUTILS +KMOD -IDN2 -IDN -PCRE2 default-hierarchy=hybrid)
[   11.780762] systemd[1]: Detected architecture arm64.

Welcome to [1mPoky (Yocto Project Reference Distro) 3.1.11 (dunfell)[0m!

[   11.812592] systemd[1]: Set hostname to <salvator-x>.
[   12.242087] random: crng init done
[   12.579767] systemd[1]: system-getty.slice: unit configures an IP firewall, but the local system does not support BPF/cgroup firewalling.
[   12.601555] systemd[1]: (This warning is only shown for the first unit using IP firewalling.)
[   12.616850] systemd[1]: Created slice system-getty.slice.
[[0;32m  OK  [0m] Created slice [0;1;39msystem-getty.slice[0m.
[   12.647281] systemd[1]: Created slice system-serial\x2dgetty.slice.
[[0;32m  OK  [0m] Created slice [0;1;39msystem-serial\x2dgetty.slice[0m.
[   12.671369] systemd[1]: Created slice User and Session Slice.
[[0;32m  OK  [0m] Created slice [0;1;39mUser and Session Slice[0m.
[   12.698626] systemd[1]: Started Dispatch Password Requests to Console Directory Watch.
[[0;32m  OK  [0m] Started [0;1;39mDispatch Password â€¦ts to Console Directory Watch[0m.
[   12.730465] systemd[1]: Started Forward Password Requests to Wall Directory Watch.
[[0;32m  OK  [0m] Started [0;1;39mForward Password Râ€¦uests to Wall Directory Watch[0m.
[   12.762352] systemd[1]: Reached target Paths.
[[0;32m  OK  [0m] Reached target [0;1;39mPaths[0m.
[   12.786209] systemd[1]: Reached target Remote File Systems.
[[0;32m  OK  [0m] Reached target [0;1;39mRemote File Systems[0m.
[   12.810168] systemd[1]: Reached target Slices.
[[0;32m  OK  [0m] Reached target [0;1;39mSlices[0m.
[   12.834193] systemd[1]: Reached target Swap.
[[0;32m  OK  [0m] Reached target [0;1;39mSwap[0m.
[   12.861053] systemd[1]: Listening on RPCbind Server Activation Socket.
[[0;32m  OK  [0m] Listening on [0;1;39mRPCbind Server Activation Socket[0m.
[   12.890264] systemd[1]: Reached target RPC Port Mapper.
[[0;32m  OK  [0m] Reached target [0;1;39mRPC Port Mapper[0m.
[   12.914580] systemd[1]: Listening on initctl Compatibility Named Pipe.
[[0;32m  OK  [0m] Listening on [0;1;39minitctl Compatibility Named Pipe[0m.
[   12.944412] systemd[1]: Listening on Journal Audit Socket.
[[0;32m  OK  [0m] Listening on [0;1;39mJournal Audit Socket[0m.
[   12.972132] systemd[1]: Listening on Journal Socket (/dev/log).
[[0;32m  OK  [0m] Listening on [0;1;39mJournal Socket (/dev/log)[0m.
[   12.998886] systemd[1]: Listening on Journal Socket.
[[0;32m  OK  [0m] Listening on [0;1;39mJournal Socket[0m.
[   13.024271] systemd[1]: Listening on Network Service Netlink Socket.
[[0;32m  OK  [0m] Listening on [0;1;39mNetwork Service Netlink Socket[0m.
[   13.052959] systemd[1]: Listening on udev Control Socket.
[[0;32m  OK  [0m] Listening on [0;1;39mudev Control Socket[0m.
[   13.078718] systemd[1]: Listening on udev Kernel Socket.
[[0;32m  OK  [0m] Listening on [0;1;39mudev Kernel Socket[0m.
[   13.107662] systemd[1]: Mounting Huge Pages File System...
         Mounting [0;1;39mHuge Pages File System[0m...
[   13.135266] systemd[1]: Mounting POSIX Message Queue File System...
         Mounting [0;1;39mPOSIX Message Queue File System[0m...
[   13.167368] systemd[1]: Mounting Kernel Debug File System...
         Mounting [0;1;39mKernel Debug File System[0m...
[   13.198495] systemd[1]: Mounting Temporary Directory (/tmp)...
         Mounting [0;1;39mTemporary Directory (/tmp)[0m...
[   13.228771] systemd[1]: Starting Create list of static device nodes for the current kernel...
         Starting [0;1;39mCreate list of stâ€¦odes for the current kernel[0m...
[   13.263139] systemd[1]: Starting Start psplash boot splash screen...
         Starting [0;1;39mStart psplash boot splash screen[0m...
[   13.297366] systemd[1]: Starting RPC Bind...
         Starting [0;1;39mRPC Bind[0m...
[   13.330838] systemd[1]: Condition check resulted in File System Check on Root Device being skipped.
[   13.347305] systemd[1]: Starting Journal Service...
         Starting [0;1;39mJournal Service[0m...
[   13.378602] systemd[1]: Starting Load Kernel Modules...
         Starting [0;1;39mLoad Kernel Modules[0m...
[   13.408004] systemd[1]: Starting Remount Root and Kernel File Systems...
         Starting [0;1;39mRemount Root and Kernel File Systems[0m...
[   13.434688] systemd[1]: Starting udev Coldplug all Devices...
         Starting [0;1;39mudev Coldplug all Devices[0m...
[   13.461829] systemd[1]: Started Start psplash boot splash screen.
[[0;32m  OK  [0m] Started [0;1;39mStart psplash boot splash screen[0m.
[   13.486858] systemd[1]: Started RPC Bind.
[[0;32m  OK  [0m] Started [0;1;39mRPC Bind[0m.
[   13.506792] systemd[1]: Started Journal Service.
[[0;32m  OK  [0m] Started [0;1;39mJournal Service[0m.
[[0;32m  OK  [0m] Mounted [0;1;39mHuge Pages File System[0m.
[[0;32m  OK  [0m] Mounted [0;1;39mPOSIX Message Queue File System[0m.
[[0;32m  OK  [0m] Mounted [0;1;39mKernel Debug File System[0m.
[[0;32m  OK  [0m] Mounted [0;1;39mTemporary Directory (/tmp)[0m.
[[0;32m  OK  [0m] Started [0;1;39mCreate list of staâ€¦ nodes for the current kernel[0m.
[[0;32m  OK  [0m] Started [0;1;39mLoad Kernel Modules[0m.
[[0;32m  OK  [0m] Started [0;1;39mRemount Root and Kernel File Systems[0m.
         Mounting [0;1;39mKernel Configuration File System[0m...
[[0;32m  OK  [0m] Started [0;1;39mStart psplash-systâ€¦progress communication helper[0m.
         Starting [0;1;39mFlush Journal to Persistent Storage[0m...
         Starting [0;1;39mApply Kernel Variables[0m...
[   13.740629] systemd-journald[360]: Received client request to flush runtime journal.
         Starting [0;1;39mCreate Static Device Nodes in /dev[0m...
[[0;32m  OK  [0m] Mounted [0;1;39mKernel Configuration File System[0m.
[[0;32m  OK  [0m] Started [0;1;39mFlush Journal to Persistent Storage[0m.
[[0;32m  OK  [0m] Started [0;1;39mApply Kernel Variables[0m.
[[0;32m  OK  [0m] Started [0;1;39mCreate Static Device Nodes in /dev[0m.
[[0;32m  OK  [0m] Reached target [0;1;39mLocal File Systems (Pre)[0m.
         Mounting [0;1;39m/var/volatile[0m...
         Starting [0;1;39mudev Kernel Device Manager[0m...
[[0;32m  OK  [0m] Started [0;1;39mudev Coldplug all Devices[0m.
[[0;32m  OK  [0m] Mounted [0;1;39m/var/volatile[0m.
         Starting [0;1;39mLoad/Save Random Seed[0m...
[[0;32m  OK  [0m] Reached target [0;1;39mLocal File Systems[0m.
         Starting [0;1;39mCreate Volatile Files and Directories[0m...
[[0;32m  OK  [0m] Started [0;1;39mLoad/Save Random Seed[0m.
[[0;32m  OK  [0m] Started [0;1;39mudev Kernel Device Manager[0m.
         Starting [0;1;39mNetwork Service[0m...
[[0;32m  OK  [0m] Started [0;1;39mCreate Volatile Files and Directories[0m.
         Starting [0;1;39mNetwork Time Synchronization[0m...
         Starting [0;1;39mUpdate UTMP about System Boot/Shutdown[0m...
[[0;32m  OK  [0m] Started [0;1;39mNetwork Service[0m.
         Starting [0;1;39mNetwork Name Resolution[0m...
[[0;32m  OK  [0m] Started [0;1;39mUpdate UTMP about System Boot/Shutdown[0m.
[[0;32m  OK  [0m] Started [0;1;39mNetwork Time Synchronization[0m.
[[0;32m  OK  [0m] Reached target [0;1;39mSystem Initialization[0m.
[[0;32m  OK  [0m] Started [0;1;39mDaily Cleanup of Temporary Directories[0m.
[[0;32m  OK  [0m] Reached target [0;1;39mSystem Time Set[0m.
[   14.322120] pwm-backlight: probe of backlight failed with error -16
[[0;32m  OK  [0m] Reached target [0;1;39mSystem Time Synchronized[0m.
[[0;32m  OK  [0m] Reached target [0;1;39mTimers[0m.
[[0;32m  OK  [0m] Listening on [0;1;39mAvahi mDNS/DNS-SD Stack Activation Socket[0m.
[   14.388743] at24 7-0050: supply vcc not found, using dummy regulator
[   14.395695] at24 7-0050: 128 byte br24t01 EEPROM, writable, 8 bytes/write
[[0;32m  OK  [0m] Listening on [0;1;39mD-Bus System Message Bus Socket[0m.
[[0;32m  OK  [0m] Listening on [0;1;39mdropbear.socket[0m.
[[0;32m  OK  [0m] Reached target [0;1;39mSockets[0m.
[[0;32m  OK  [0m] Reached target [0;1;39mBasic System[   14.490544] ccree e6601000.crypto: ARM CryptoCell 630P Driver: HW version 0xAF400001/0xDCC63000, Driver version 5.0
[0m.
[[0;32m  OK  [0m] Started [0;1;39mD-Bus System Message Bus[0m.
[   14.519064] ccree e6601000.crypto: ARM ccree device initialized
[[0;32m  OK  [0m] Started [0;1;39moptee services[0m.
[   14.556992] renesas_usb3 ee020000.usb: probed with phy
         Starting [0;1;39mpvrinit.service[0m...
         Starting [0;1;39mPowerVR consumer services[0m...
         Starting [0;1;39mLogin Service[0m...
[[0;32m  OK  [0m] Started [0;1;39mNetwork Name Resolution[0m.
[[0;1;31mFAILED[0m] Failed to start [0;1;39mpvrinit.service[0m.
See 'systemctl status pvrinit.service' for details.
[[0;1;31mFAILED[0m] Failed to start [0;1;39mPowerVR consumer services[0m.
See 'systemctl status rc.pvr.service' for details.
[[0;1;38;5;185mDEPEND[0m] Dependency failed for [0;1;39mWeston Wayland Compositor[0m.
[[0;32m  OK  [0m] Started [0;1;39mLogin Service[0m.
[[0;32m  OK  [0m] Created slice [0;1;39msystem-weston.slice[0m.
[[0;32m  OK  [0m] Reached target [0;1;39mNetwork[0m.
[[0;32m  OK  [0m] Reached target [0;1;39mHost and Network Name Lookups[0m.
[[0;32m  OK  [0m] Reached target [0;1;39mHardware activated USB gadget[0m.
         Starting [0;1;39mAvahi mDNS/DNS-SD Stack[0m...
         Starting [0;1;39mset_default_governor.service[0m...
         Starting [0;1;39mPermit User Sessions[0m...
[[0;32m  OK  [0m] Started [0;1;39mXinetd A Powerful Replacement For Inetd[0m.
[   15.070687] rd 0-7: Disabling EAS, schedutil is mandatory
[[0;32m  OK  [0m] Started [0;1;39mPermit User Sessions[0m.
[[0;32m  OK  [0m] Started [0;1;39mset_default_governor.service[0m.
[[0;32m  OK  [0m] Started [0;1;39mAvahi mDNS/DNS-SD Stack[0m.
[[0;32m  OK  [0m] Started [0;1;39mGetty on tty1[0m.
[[0;32m  OK  [0m] Started [0;1;39mSerial Getty on ttySC0[0m.
[[0;32m  OK  [0m] Reached target [0;1;39mLogin Prompts[0m.
[[0;32m  OK  [0m] Reached target [0;1;39mMulti-User System[0m.
         Starting [0;1;39mUpdate UTMP about System Runlevel Changes[0m...
[[0;32m  OK  [0m] Started [0;1;39mUpdate UTMP about System Runlevel Changes[0m.

Poky (Yocto Project Reference Distro) 3.1.11 salvator-x ttySC0

salvator-x login: 
salvator-x login: root
[   16.992258] audit: type=1006 audit(1703064537.596:2): pid=538 uid=0 old-auid=4294967295 auid=0 tty=(none) old-ses=4294967295 ses=1 res=1
7[r[999;999H[6n8root@salvator-x:~# 
root@salvator-x:~# 
root@salvator-x:~# 
root@salvator-x:~# 
root@salvator-x:~# 
root@salvator-x:~# 
root@salvator-x:~# 
root@salvator-x:~# 
root@salvator-x:~# 
----------Prepare----------


root@salvator-x:~# find /sys/devices/platform/soc/ee0c0100.usb/ -name 'sd*'
/sys/devices/platform/soc/ee0c0100.usb/usb2/2-1/2-1:1.0/host1/target1:0:0/1:0:0:0/block/sda
/sys/devices/platform/soc/ee0c0100.usb/usb2/2-1/2-1:1.0/host1/target1:0:0/1:0:0:0/block/sda/sda1
root@salvator-x:~# 
root@salvator-x:~# dd if=/dev/urandom of=testdata bs=10M count=5
5+0 records in
5+0 records out
52428800 bytes (52 MB, 50 MiB) copied, 1.21308 s, 43.2 MB/s
root@salvator-x:~# 
root@salvator-x:~# mkdir -p /mnt/usb
root@salvator-x:~# 
root@salvator-x:~# mount /dev/sda1 /mnt/usb
[   39.159535] EXT4-fs (sda1): recovery complete
[   39.165748] EXT4-fs (sda1): mounted filesystem with ordered data mode. Opts: (null)
root@salvator-x:~# 
root@salvator-x:~# cp testdata /mnt/usb/
[   41.950178] SDHI0 VccQ: disabling
[   41.953578] SDHI3 VccQ: disabling
root@salvator-x:~# 
root@salvator-x:~# umount /mnt/usb
root@salvator-x:~# 
root@salvator-x:~# find /sys/devices/platform/soc/ee0c0100.usb/ -name 'sd*'
/sys/devices/platform/soc/ee0c0100.usb/usb2/2-1/2-1:1.0/host1/target1:0:0/1:0:0:0/block/sda
/sys/devices/platform/soc/ee0c0100.usb/usb2/2-1/2-1:1.0/host1/target1:0:0/1:0:0:0/block/sda/sda1
root@salvator-x:~# 
root@salvator-x:~# i2cset -f -y 7 0x30 0x20 0x0f
root@salvator-x:~# 

Switch SW23 off and input 'yes' to continue:
Input 'yes' to continue: 

root@salvator-x:~# echo N > /sys/module/printk/parameters/console_suspend
root@salvator-x:~# 
root@salvator-x:~# mount /dev/sda1 /mnt/usb
[   60.929484] EXT4-fs (sda1): mounted filesystem with ordered data mode. Opts: (null)
root@salvator-x:~# 
root@salvator-x:~# cp testdata /mnt/usb/testdata_from_nfs &
[1] 563
root@salvator-x:~# 
root@salvator-x:~# echo mem > /sys/power/state
[   62.346592] PM: suspend entry (deep)
[   64.039788] Filesystems sync: 1.689 seconds
[   64.045797] Freezing user space processes ... (elapsed 0.001 seconds) done.
[   64.047533] OOM killer disabled.
[   64.047535] Freezing remaining freezable tasks ... (elapsed 0.001 seconds) done.
[   64.075815] sd 1:0:0:0: [sda] Synchronizing SCSI cache
[   64.492210] ravb e6800000.ethernet eth0: Link is Down
[   64.507406] Disabling non-boot CPUs ...
[   64.511839] CPU1: shutdown
[   64.514564] psci: CPU1 killed (polled 0 ms)
[   64.520408] CPU2: shutdown
[   64.523139] psci: CPU2 killed (polled 0 ms)
[   64.528831] CPU3: shutdown
[   64.531561] psci: CPU3 killed (polled 0 ms)
[   64.537489] CPU4: shutdown
[   64.540214] psci: CPU4 killed (polled 0 ms)
[   64.545862] CPU5: shutdown
[   64.548586] psci: CPU5 killed (polled 0 ms)
[   64.554129] CPU6: shutdown
[   64.556839] psci: CPU6 killed (polled 0 ms)
[   64.562639] CPU7: shutdown
[   64.565350] psci: CPU7 killed (polled 0 ms)
 
Pull out USB device at CN10H


Press any button to continue


Plug in USB device at CN10H


Press any button to continue


 Switch power switch: 

NOTICE:  BL2: R-Car Gen3 Initial Program Loader(CA57) Rev.4.0.0
NOTICE:  BL2: PRR is R-Car H3 Ver.3.0
NOTICE:  BL2: Board is Salvator-XS Rev.1.0
NOTICE:  BL2: Boot device is HyperFlash(160MHz)
NOTICE:  BL2: LCM state is CM
NOTICE:  AVS setting succeeded. DVFS_SetVID=0x53
NOTICE:  BL2: DDR3200(rev.0.42)
NOTICE:  BL2: [WARM_BOOT]
NOTICE:  BL2: DRAM Split is 4ch(DDR f)
NOTICE:  BL2: QoS is default setting(rev.0.11)
NOTICE:  BL2: DRAM refresh interval 1.95 usec
NOTICE:  BL2: Periodic Write DQ Training
NOTICE:  BL2: CH0: 400000000 - 47fffffff, 2 GiB
NOTICE:  BL2: CH1: 500000000 - 57fffffff, 2 GiB
NOTICE:  BL2: CH2: 600000000 - 67fffffff, 2 GiB
NOTICE:  BL2: CH3: 700000000 - 77fffffff, 2 GiB
NOTICE:  BL2: Lossy Decomp areas
NOTICE:       Entry 0: DCMPAREACRAx:0x80000540 DCMPAREACRBx:0x570
NOTICE:       Entry 1: DCMPAREACRAx:0x40000000 DCMPAREACRBx:0x0
NOTICE:       Entry 2: DCMPAREACRAx:0x20000000 DCMPAREACRBx:0x0
NOTICE:  BL2: FDT at 0xe6327f70
NOTICE:  BL2: v2.9(release):9cdb21f75
NOTICE:  BL2: Built : 05:25:39, Dec 19 2023
NOTICE:  BL2: Normal boot
[   64.570604] Enabling non-boot CPUs ...
[   64.574645] Detected PIPT I-cache on CPU1
[   64.574700] CPU1: Booted secondary processor 0x0000000001 [0x411fd073]
[   64.575166] CPU1 is up
[   64.588218] Detected PIPT I-cache on CPU2
[   64.588240] CPU2: Booted secondary processor 0x0000000002 [0x411fd073]
[   64.588524] CPU2 is up
[   64.601539] Detected PIPT I-cache on CPU3
[   64.601562] CPU3: Booted secondary processor 0x0000000003 [0x411fd073]
[   64.601856] CPU3 is up
[   64.614922] Detected VIPT I-cache on CPU4
[   64.614975] CPU4: Booted secondary processor 0x0000000100 [0x410fd034]
[   64.615870] CPU4 is up
[   64.628881] Detected VIPT I-cache on CPU5
[   64.628914] CPU5: Booted secondary processor 0x0000000101 [0x410fd034]
[   64.629493] CPU5 is up
[   64.642506] Detected VIPT I-cache on CPU6
[   64.642538] CPU6: Booted secondary processor 0x0000000102 [0x410fd034]
[   64.643124] CPU6 is up
[   64.656134] Detected VIPT I-cache on CPU7
[   64.656166] CPU7: Booted secondary processor 0x0000000103 [0x410fd034]
[   64.656814] CPU7 is up
[   64.729619] xhci-hcd ee000000.usb: xHC error in resume, USBSTS 0x401, Reinit
[   64.736686] usb usb7: root hub lost power or was reset
[   64.741811] usb usb8: root hub lost power or was reset
[   64.781121] Micrel KSZ9031 Gigabit PHY e6800000.ethernet-ffffffff:00: attached PHY driver [Micrel KSZ9031 Gigabit PHY] (mii_bus:phy_addr=e6800000.ethernet-ffffffff:00, irq=183)
[   64.896015] usb usb4: root hub lost power or was reset
[   64.901285] usb usb1: root hub lost power or was reset
[   64.988202] usb usb5: root hub lost power or was reset
[   64.993490] usb usb2: root hub lost power or was reset
[   65.080117] usb usb6: root hub lost power or was reset
[   65.085374] usb usb3: root hub lost power or was reset
[   65.200155] usb usb10: root hub lost power or was reset
[   65.205495] usb usb9: root hub lost power or was reset
[   65.222080] ata1: link resume succeeded after 1 retries
[   65.333606] ata1: SATA link down (SStatus 0 SControl 300)
[   66.273999] usb 2-1: reset high-speed USB device number 2 using ehci-platform
[   66.442115] OOM killer enabled.
[   66.445959] Restarting tasks ... done.
[1]+  Done                    cp testdata /mnt/usb/testdata_from_nfs
[   66.451456] PM: suspend exit
root@salvator-x:~# [   71.694726] ravb e6800000.ethernet eth0: Link is Up - 1Gbps/Full - flow control off

root@salvator-x:~# echo "Wake up sucessfully"
Wake up sucessfully
root@salvator-x:~# 
root@salvator-x:~# wait
root@salvator-x:~# 
root@salvator-x:~# sync
root@salvator-x:~# 
root@salvator-x:~# cmp testdata /mnt/usb/testdata_from_nfs
root@salvator-x:~# 
root@salvator-x:~# umount /mnt/usb
root@salvator-x:~# 
 
#### Result: OK ####
