

----------Item 6----------


Pull out USB device at CN37


Press any button to continue

[  100.304436] usb 3-1: USB disconnect, device number 2

Please press switch to restart board 

[F 00:00:120
[F 00:00:119
NOTICE:  BL2: R-Car Gen3 Initial Program Loader(CA57) Rev.4.0.0
NOTICE:  BL2: PRR is R-Car H3 Ver.3.0
NOTICE:  BL2: Board is Salvator-XS Rev.1.0
NOTICE:  BL2: Boot device is HyperFlash(160MHz)
NOTICE:  BL2: LCM state is CM
NOTICE:  AVS setting succeeded. DVFS_SetVID=0x53
NOTICE:  BL2: DDR3200(rev.0.42)
NOTICE:  BL2: [COLD_BOOT]
NOTICE:  BL2: DRAM Split is 4ch(DDR f)
NOTICE:  BL2: QoS is default setting(rev.0.11)
NOTICE:  BL2: DRAM refresh interval 1.95 usec
NOTICE:  BL2: Periodic Write DQ Training
NOTICE:  BL2: CH0: 400000000 - 47fffffff, 2 GiB
NOTICE:  BL2: CH1: 500000000 - 57fffffff, 2 GiB
NOTICE:  BL2: CH2: 600000000 - 67fffffff, 2 GiB
NOTICE:  BL2: CH3: 700000000 - 77fffffff, 2 GiB
NOTICE:  BL2: Lossy Decomp areas
NOTICE:       Entry 0: DCMPAREACRAx:0x80000540 DCMPAREACRBx:0x570
NOTICE:       Entry 1: DCMPAREACRAx:0x40000000 DCMPAREACRBx:0x0
NOTICE:       Entry 2: DCMPAREACRAx:0x20000000 DCMPAREACRBx:0x0
NOTICE:  BL2: FDT at 0xe6327f70
NOTICE:  BL2: v2.9(release):9cdb21f75
NOTICE:  BL2: Built : 05:25:39, Dec 19 2023
NOTICE:  BL2: Normal boot
NOTICE:  BL2: dst=0xe6327800 src=0x8180000 len=512(0x200)
NOTICE:  BL2: dst=0x43f00000 src=0x8180400 len=6144(0x1800)
NOTICE:  rcar_file_len: len: 0x0003e000
NOTICE:  BL2: dst=0x44000000 src=0x81c0000 len=253952(0x3e000)
NOTICE:  rcar_file_len: len: 0x00200000
NOTICE:  BL2: dst=0x44100000 src=0x8200000 len=2097152(0x200000)
NOTICE:  rcar_file_len: len: 0x00100000
NOTICE:  BL2: dst=0x50000000 src=0x8640000 len=1048576(0x100000)
NOTICE:  BL2: Booting BL31


U-Boot 2020.10 (Dec 19 2023 - 14:30:40 +0000)

CPU: Renesas Electronics R8A7795 rev 3.0
Model: Renesas Salvator-X 2nd version board based on r8a77951
DRAM:  7.9 GiB
RAM Configuration:
Bank #0: 0x048000000 - 0x0bfffffff, 1.9 GiB
Bank #1: 0x500000000 - 0x57fffffff, 2 GiB
Bank #2: 0x600000000 - 0x67fffffff, 2 GiB
Bank #3: 0x700000000 - 0x77fffffff, 2 GiB

MMC:   sd@ee100000: 0, sd@ee140000: 1, sd@ee160000: 2
Loading Environment from MMC... OK
In:    serial@e6e88000
Out:   serial@e6e88000
Err:   serial@e6e88000
Net:   eth0: ethernet@e6800000
Hit any key to stop autoboot:  2  1  0 
ethernet@e6800000 Waiting for PHY auto negotiation to complete........... done
Using ethernet@e6800000 device
TFTP from server 192.168.10.98; our IP address is 192.168.10.107
Filename 'BV/PT3/boot_USB2H/Image'.
Load address: 0x48080000
Loading: *#################################################################
	 #################################################################
	 #################################################################
	 #################################################################
	 #################################################################
	 #################################################################
	 #################################################################
	 #################################################################
	 #################################################################
	 #################################################################
	 #################################################################
	 #################################################################
	 #################################################################
	 #################################################################
	 #################################################################
	 #################################################################
	 #################################################################
	 #################################################################
	 #################################################################
	 #################################################################
	 #################################################################
	 #################################################################
	 #################################################################
	 #################################################################
	 #################################################################
	 #################################################################
	 #################################################################
	 #################################################################
	 #################################################################
	 #################################################################
	 #################################################################
	 #################################################################
	 #################################################################
	 #################################################################
	 ################################################################
	 4 MiB/s
done
Bytes transferred = 33376768 (1fd4a00 hex)
Using ethernet@e6800000 device
TFTP from server 192.168.10.98; our IP address is 192.168.10.107
Filename 'BV/PT3/boot_USB2H/r8a77951-salvator-xs.dtb'.
Load address: 0x48000000
Loading: *#######
	 4.6 MiB/s
done
Bytes transferred = 90876 (162fc hex)
Moving Image from 0x48080000 to 0x48200000, end=4a260000
## Flattened Device Tree blob at 48000000
   Booting using the fdt blob at 0x48000000
   Loading Device Tree to 0000000053fe6000, end 0000000053fff2fb ... OK

Starting kernel ...

[    0.000000] Booting Linux on physical CPU 0x0000000000 [0x411fd073]
[    0.000000] Linux version 5.10.194-yocto-standard (thuan.nguyen-hong@banvien) (aarch64-poky-linux-gcc (GCC) 9.3.0, GNU ld (GNU Binutils) 2.34.0.20200220) #10 SMP PREEMPT Mon Feb 19 03:51:05 UTC 2024
[    0.000000] Machine model: Renesas Salvator-X 2nd version board based on r8a77951
[    0.000000] efi: UEFI not found.
[    0.000000] Reserved memory: created CMA memory pool at 0x0000000057000000, size 16 MiB
[    0.000000] OF: reserved mem: initialized node linux,adsp@57000000, compatible id shared-dma-pool
[    0.000000] Reserved memory: created CMA memory pool at 0x0000000058000000, size 384 MiB
[    0.000000] OF: reserved mem: initialized node linux,cma@58000000, compatible id shared-dma-pool
[    0.000000] Reserved memory: created CMA memory pool at 0x0000000070000000, size 256 MiB
[    0.000000] OF: reserved mem: initialized node linux,multimedia@70000000, compatible id shared-dma-pool
[    0.000000] NUMA: No NUMA configuration found
[    0.000000] NUMA: Faking a node at [mem 0x0000000048000000-0x000000077fffffff]
[    0.000000] NUMA: NODE_DATA [mem 0x77efdab00-0x77efdcfff]
[    0.000000] Zone ranges:
[    0.000000]   DMA      [mem 0x0000000048000000-0x000000007fffffff]
[    0.000000]   DMA32    [mem 0x0000000080000000-0x00000000ffffffff]
[    0.000000]   Normal   [mem 0x0000000100000000-0x000000077fffffff]
[    0.000000] Movable zone start for each node
[    0.000000] Early memory node ranges
[    0.000000]   node   0: [mem 0x0000000048000000-0x0000000053ffffff]
[    0.000000]   node   0: [mem 0x0000000054000000-0x0000000056ffffff]
[    0.000000]   node   0: [mem 0x0000000057000000-0x00000000bfffffff]
[    0.000000]   node   0: [mem 0x0000000500000000-0x000000057fffffff]
[    0.000000]   node   0: [mem 0x0000000600000000-0x000000067fffffff]
[    0.000000]   node   0: [mem 0x0000000700000000-0x000000077fffffff]
[    0.000000] Initmem setup node 0 [mem 0x0000000048000000-0x000000077fffffff]
[    0.000000] psci: probing for conduit method from DT.
[    0.000000] psci: PSCIv1.1 detected in firmware.
[    0.000000] psci: Using standard PSCI v0.2 function IDs
[    0.000000] psci: Trusted OS resident on physical CPU 0x0
[    0.000000] psci: SMC Calling Convention v1.2
[    0.000000] percpu: Embedded 23 pages/cpu s56984 r8192 d29032 u94208
[    0.000000] Detected PIPT I-cache on CPU0
[    0.000000] CPU features: detected: EL2 vector hardening
[    0.000000] CPU features: detected: Spectre-v2
[    0.000000] CPU features: detected: ARM errata 1165522, 1319367, or 1530923
[    0.000000] CPU features: detected: Spectre-BHB
[    0.000000] CPU features: detected: ARM erratum 1742098
[    0.000000] Built 1 zonelists, mobility grouping on.  Total pages: 2032128
[    0.000000] Policy zone: Normal
[    0.000000] Kernel command line: rw root=/dev/nfs nfsroot=192.168.10.98:/data/tftpboot/BV/PT3/rootfs_H3,nfsvers=4 ip=192.168.10.107
[    0.000000] Dentry cache hash table entries: 1048576 (order: 11, 8388608 bytes, linear)
[    0.000000] Inode-cache hash table entries: 524288 (order: 10, 4194304 bytes, linear)
[    0.000000] mem auto-init: stack:off, heap alloc:off, heap free:off
[    0.000000] software IO TLB: mapped [mem 0x000000004ffe6000-0x0000000053fe6000] (64MB)
[    0.000000] Memory: 7276840K/8257536K available (15232K kernel code, 2834K rwdata, 8240K rodata, 6144K init, 517K bss, 308952K reserved, 671744K cma-reserved)
[    0.000000] SLUB: HWalign=64, Order=0-3, MinObjects=0, CPUs=8, Nodes=1
[    0.000000] rcu: Preemptible hierarchical RCU implementation.
[    0.000000] rcu: 	RCU event tracing is enabled.
[    0.000000] rcu: 	RCU restricting CPUs from NR_CPUS=256 to nr_cpu_ids=8.
[    0.000000] 	Trampoline variant of Tasks RCU enabled.
[    0.000000] rcu: RCU calculated value of scheduler-enlistment delay is 25 jiffies.
[    0.000000] rcu: Adjusting geometry for rcu_fanout_leaf=16, nr_cpu_ids=8
[    0.000000] NR_IRQS: 64, nr_irqs: 64, preallocated irqs: 0
[    0.000000] arch_timer: cp15 timer(s) running at 8.32MHz (virt).
[    0.000000] clocksource: arch_sys_counter: mask: 0xffffffffffffff max_cycles: 0x1eb398c07, max_idle_ns: 440795202503 ns
[    0.000003] sched_clock: 56 bits at 8MHz, resolution 120ns, wraps every 2199023255503ns
[    0.000207] Console: colour dummy device 80x25
[    0.000414] printk: console [tty0] enabled
[    0.000482] Calibrating delay loop (skipped), value calculated using timer frequency.. 16.64 BogoMIPS (lpj=33280)
[    0.000498] pid_max: default: 32768 minimum: 301
[    0.000556] LSM: Security Framework initializing
[    0.000642] Mount-cache hash table entries: 16384 (order: 5, 131072 bytes, linear)
[    0.000692] Mountpoint-cache hash table entries: 16384 (order: 5, 131072 bytes, linear)
[    0.002122] rcu: Hierarchical SRCU implementation.
[    0.003734] Detected Renesas R-Car Gen3 r8a7795 ES3.0
[    0.005856] EFI services will not be available.
[    0.006199] smp: Bringing up secondary CPUs ...
[    0.006655] Detected PIPT I-cache on CPU1
[    0.006704] CPU1: Booted secondary processor 0x0000000001 [0x411fd073]
[    0.007185] Detected PIPT I-cache on CPU2
[    0.007212] CPU2: Booted secondary processor 0x0000000002 [0x411fd073]
[    0.007640] Detected PIPT I-cache on CPU3
[    0.007661] CPU3: Booted secondary processor 0x0000000003 [0x411fd073]
[    0.008129] CPU features: detected: ARM erratum 845719
[    0.008141] Detected VIPT I-cache on CPU4
[    0.008189] CPU4: Booted secondary processor 0x0000000100 [0x410fd034]
[    0.008666] Detected VIPT I-cache on CPU5
[    0.008692] CPU5: Booted secondary processor 0x0000000101 [0x410fd034]
[    0.009135] Detected VIPT I-cache on CPU6
[    0.009162] CPU6: Booted secondary processor 0x0000000102 [0x410fd034]
[    0.009599] Detected VIPT I-cache on CPU7
[    0.009626] CPU7: Booted secondary processor 0x0000000103 [0x410fd034]
[    0.009705] smp: Brought up 1 node, 8 CPUs
[    0.009767] SMP: Total of 8 processors activated.
[    0.009775] CPU features: detected: 32-bit EL0 Support
[    0.009782] CPU features: detected: CRC32 instructions
[    0.009790] CPU features: detected: 32-bit EL1 Support
[    0.022993] CPU: All CPU(s) started at EL1
[    0.023045] alternatives: patching kernel code
[    0.024192] devtmpfs: initialized
[    0.030971] KASLR disabled due to lack of seed
[    0.031122] clocksource: jiffies: mask: 0xffffffff max_cycles: 0xffffffff, max_idle_ns: 7645041785100000 ns
[    0.031143] futex hash table entries: 2048 (order: 5, 131072 bytes, linear)
[    0.039774] pinctrl core: initialized pinctrl subsystem
[    0.041228] DMI not present or invalid.
[    0.041731] NET: Registered protocol family 16
[    0.042683] DMA: preallocated 1024 KiB GFP_KERNEL pool for atomic allocations
[    0.042876] DMA: preallocated 1024 KiB GFP_KERNEL|GFP_DMA pool for atomic allocations
[    0.043164] DMA: preallocated 1024 KiB GFP_KERNEL|GFP_DMA32 pool for atomic allocations
[    0.043203] audit: initializing netlink subsys (disabled)
[    0.043383] audit: type=2000 audit(0.040:1): state=initialized audit_enabled=0 res=1
[    0.044558] thermal_sys: Registered thermal governor 'power_allocator'
[    0.045065] cpuidle: using governor menu
[    0.045234] hw-breakpoint: found 6 breakpoint and 4 watchpoint registers.
[    0.045357] ASID allocator initialised with 65536 entries
[    0.046650] Serial: AMBA PL011 UART driver
[    0.089521] sh-pfc e6060000.pinctrl: r8a77951_pfc support registered
[    0.104268] HugeTLB registered 1.00 GiB page size, pre-allocated 0 pages
[    0.104282] HugeTLB registered 32.0 MiB page size, pre-allocated 0 pages
[    0.104289] HugeTLB registered 2.00 MiB page size, pre-allocated 0 pages
[    0.104296] HugeTLB registered 64.0 KiB page size, pre-allocated 0 pages
[    0.105251] cryptd: max_cpu_qlen set to 1000
[    0.107511] ACPI: Interpreter disabled.
[    0.111297] rcar-avs: use avs value: 0
[    0.111312] rcar-avs: cpu@0 is running with: opp_table0
[    0.111323] rcar-avs: cpu@1 is running with: opp_table0
[    0.111333] rcar-avs: cpu@2 is running with: opp_table0
[    0.111342] rcar-avs: cpu@3 is running with: opp_table0
[    0.111434] rcar-avs: gsx@fd000000 is running with: gsx_opp_table0
[    0.112845] iommu: Default domain type: Translated 
[    0.113414] ipmmu-vmsa e67b0000.iommu: IPMMU context 0 is reserved
[    0.114369] vgaarb: loaded
[    0.114580] SCSI subsystem initialized
[    0.114824] usbcore: registered new interface driver usbfs
[    0.114850] usbcore: registered new interface driver hub
[    0.114875] usbcore: registered new device driver usb
[    0.118409] i2c-sh_mobile e60b0000.i2c: I2C adapter 7, bus speed 400000 Hz
[    0.118942] mc: Linux media interface: v0.10
[    0.118965] videodev: Linux video capture interface: v2.00
[    0.119010] pps_core: LinuxPPS API ver. 1 registered
[    0.119017] pps_core: Software ver. 5.3.6 - Copyright 2005-2007 Rodolfo Giometti <giometti@linux.it>
[    0.119032] PTP clock support registered
[    0.119202] EDAC MC: Ver: 3.0.0
[    0.121169] FPGA manager framework
[    0.121233] Advanced Linux Sound Architecture Driver Initialized.
[    0.121781] clocksource: Switched to clocksource arch_sys_counter
[    0.121927] VFS: Disk quotas dquot_6.6.0
[    0.121967] VFS: Dquot-cache hash table entries: 512 (order 0, 4096 bytes)
[    0.122091] pnp: PnP ACPI: disabled
[    0.125574] NET: Registered protocol family 2
[    0.125999] IP idents hash table entries: 131072 (order: 8, 1048576 bytes, linear)
[    0.128261] tcp_listen_portaddr_hash hash table entries: 4096 (order: 4, 65536 bytes, linear)
[    0.128336] TCP established hash table entries: 65536 (order: 7, 524288 bytes, linear)
[    0.128623] TCP bind hash table entries: 65536 (order: 8, 1048576 bytes, linear)
[    0.129204] TCP: Hash tables configured (established 65536 bind 65536)
[    0.129327] UDP hash table entries: 4096 (order: 5, 131072 bytes, linear)
[    0.129440] UDP-Lite hash table entries: 4096 (order: 5, 131072 bytes, linear)
[    0.129661] NET: Registered protocol family 1
[    0.130017] RPC: Registered named UNIX socket transport module.
[    0.130026] RPC: Registered udp transport module.
[    0.130032] RPC: Registered tcp transport module.
[    0.130037] RPC: Registered tcp NFSv4.1 backchannel transport module.
[    0.130050] PCI: CLS 0 bytes, default 64
[    0.130993] hw perfevents: enabled with armv8_cortex_a53 PMU driver, 7 counters available
[    0.131264] hw perfevents: enabled with armv8_cortex_a57 PMU driver, 7 counters available
[    0.131891] kvm [1]: HYP mode not available
[    0.134833] Initialise system trusted keyrings
[    0.134964] workingset: timestamp_bits=42 max_order=21 bucket_order=0
[    0.138061] squashfs: version 4.0 (2009/01/31) Phillip Lougher
[    0.138460] NFS: Registering the id_resolver key type
[    0.138485] Key type id_resolver registered
[    0.138491] Key type id_legacy registered
[    0.138545] nfs4filelayout_init: NFSv4 File Layout Driver Registering...
[    0.138554] nfs4flexfilelayout_init: NFSv4 Flexfile Layout Driver Registering...
[    0.138652] 9p: Installing v9fs 9p2000 file system support
[    0.164160] Key type asymmetric registered
[    0.164171] Asymmetric key parser 'x509' registered
[    0.164202] Block layer SCSI generic (bsg) driver version 0.4 loaded (major 243)
[    0.164213] io scheduler mq-deadline registered
[    0.164222] io scheduler kyber registered
[    0.180291] gpio_rcar e6050000.gpio: driving 16 GPIOs
[    0.180586] gpio_rcar e6051000.gpio: driving 29 GPIOs
[    0.180840] gpio_rcar e6052000.gpio: driving 15 GPIOs
[    0.181116] gpio_rcar e6053000.gpio: driving 16 GPIOs
[    0.181360] gpio_rcar e6054000.gpio: driving 18 GPIOs
[    0.181610] gpio_rcar e6055000.gpio: driving 26 GPIOs
[    0.181905] gpio_rcar e6055400.gpio: driving 32 GPIOs
[    0.182159] gpio_rcar e6055800.gpio: driving 4 GPIOs
[    0.185084] rcar-pcie fe000000.pcie: host bridge /soc/pcie@fe000000 ranges:
[    0.185115] rcar-pcie fe000000.pcie:       IO 0x00fe100000..0x00fe1fffff -> 0x0000000000
[    0.185138] rcar-pcie fe000000.pcie:      MEM 0x00fe200000..0x00fe3fffff -> 0x00fe200000
[    0.185156] rcar-pcie fe000000.pcie:      MEM 0x0030000000..0x0037ffffff -> 0x0030000000
[    0.185171] rcar-pcie fe000000.pcie:      MEM 0x0038000000..0x003fffffff -> 0x0038000000
[    0.185187] rcar-pcie fe000000.pcie:   IB MEM 0x0040000000..0x007fffffff -> 0x0040000000
[    0.185236] rcar-pcie fe000000.pcie: no pcie3v3 regulator found
[    0.185247] rcar-pcie fe000000.pcie: no pcie1v8 regulator found
[    0.249493] rcar-pcie fe000000.pcie: PCIe link down
[    0.249696] rcar-pcie ee800000.pcie: host bridge /soc/pcie@ee800000 ranges:
[    0.249720] rcar-pcie ee800000.pcie:       IO 0x00ee900000..0x00ee9fffff -> 0x0000000000
[    0.249741] rcar-pcie ee800000.pcie:      MEM 0x00eea00000..0x00eebfffff -> 0x00eea00000
[    0.249759] rcar-pcie ee800000.pcie:      MEM 0x00c0000000..0x00c7ffffff -> 0x00c0000000
[    0.249786] rcar-pcie ee800000.pcie:      MEM 0x00c8000000..0x00cfffffff -> 0x00c8000000
[    0.249804] rcar-pcie ee800000.pcie:   IB MEM 0x0040000000..0x007fffffff -> 0x0040000000
[    0.249837] rcar-pcie ee800000.pcie: no pcie3v3 regulator found
[    0.249847] rcar-pcie ee800000.pcie: no pcie1v8 regulator found
[    0.409781] rcar-pcie ee800000.pcie: PCIe link down
[    0.412254] EINJ: ACPI disabled.
[    0.446173] Serial: 8250/16550 driver, 4 ports, IRQ sharing enabled
[    0.448603] SuperH (H)SCI(F) driver initialized
[    0.449038] e6550000.serial: ttySC1 at MMIO 0xe6550000 (irq = 42, base_baud = 0) is a hscif
[    0.449768] e6e88000.serial: ttySC0 at MMIO 0xe6e88000 (irq = 128, base_baud = 0) is a scif
[    1.654414] printk: console [ttySC0] enabled
[    1.659833] msm_serial: driver initialized
[    1.670207] rcar-dw-hdmi fead0000.hdmi: Detected HDMI TX controller v2.01a with HDCP (DWC HDMI 2.0 TX PHY)
[    1.680108] rcar-dw-hdmi fead0000.hdmi: registered DesignWare HDMI I2C bus driver
[    1.688359] rcar-dw-hdmi feae0000.hdmi: Detected HDMI TX controller v2.01a with HDCP (DWC HDMI 2.0 TX PHY)
[    1.698225] rcar-dw-hdmi feae0000.hdmi: registered DesignWare HDMI I2C bus driver
[    1.713705] loop: module loaded
[    1.718288] megasas: 07.714.04.00-rc1
[    1.724008] scsi host0: sata_rcar
[    1.727484] ata1: SATA max UDMA/133 irq 181
[    1.736894] tun: Universal TUN/TAP device driver, 1.6
[    1.742859] thunder_xcv, ver 1.0
[    1.746118] thunder_bgx, ver 1.0
[    1.749358] nicpf, ver 1.0
[    1.753480] hclge is initializing
[    1.756815] hns3: Hisilicon Ethernet Network Driver for Hip08 Family - version
[    1.764037] hns3: Copyright (c) 2017 Huawei Corporation.
[    1.769370] e1000: Intel(R) PRO/1000 Network Driver
[    1.774249] e1000: Copyright (c) 1999-2006 Intel Corporation.
[    1.780020] e1000e: Intel(R) PRO/1000 Network Driver
[    1.784985] e1000e: Copyright(c) 1999 - 2015 Intel Corporation.
[    1.790924] igb: Intel(R) Gigabit Ethernet Network Driver
[    1.796323] igb: Copyright (c) 2007-2014 Intel Corporation.
[    1.801909] igbvf: Intel(R) Gigabit Virtual Function Network Driver
[    1.808175] igbvf: Copyright (c) 2009 - 2012 Intel Corporation.
[    1.814522] sky2: driver version 1.30
[    1.822103] ravb e6800000.ethernet eth0: Base address at 0xe6800000, 2e:09:0a:00:c3:9a, IRQ 125.
[    1.832332] VFIO - User Level meta-driver version: 0.3
[    1.839472] ehci_hcd: USB 2.0 'Enhanced' Host Controller (EHCI) Driver
[    1.846012] ehci-pci: EHCI PCI platform driver
[    1.850474] ehci-platform: EHCI generic platform driver
[    1.856073] ehci-platform ee0a0100.usb: EHCI Host Controller
[    1.861758] ehci-platform ee0a0100.usb: new USB bus registered, assigned bus number 1
[    1.869668] ehci-platform ee0a0100.usb: irq 175, io mem 0xee0a0100
[    1.889791] ehci-platform ee0a0100.usb: USB 2.0 started, EHCI 1.10
[    1.896322] hub 1-0:1.0: USB hub found
[    1.900098] hub 1-0:1.0: 1 port detected
[    1.904515] ehci-platform ee0c0100.usb: EHCI Host Controller
[    1.910190] ehci-platform ee0c0100.usb: new USB bus registered, assigned bus number 2
[    1.918096] ehci-platform ee0c0100.usb: irq 176, io mem 0xee0c0100
[    1.937787] ehci-platform ee0c0100.usb: USB 2.0 started, EHCI 1.10
[    1.944329] hub 2-0:1.0: USB hub found
[    1.948100] hub 2-0:1.0: 1 port detected
[    1.977793] ehci-platform ee0e0100.usb: EHCI Host Controller
[    1.983471] ehci-platform ee0e0100.usb: new USB bus registered, assigned bus number 3
[    1.991384] ehci-platform ee0e0100.usb: irq 177, io mem 0xee0e0100
[    2.009788] ehci-platform ee0e0100.usb: USB 2.0 started, EHCI 1.10
[    2.016236] hub 3-0:1.0: USB hub found
[    2.020008] hub 3-0:1.0: 1 port detected
[    2.024388] ehci-orion: EHCI orion driver
[    2.028655] ehci-exynos: EHCI Exynos driver
[    2.032956] ohci_hcd: USB 1.1 'Open' Host Controller (OHCI) Driver
[    2.039171] ohci-pci: OHCI PCI platform driver
[    2.043650] ohci-platform: OHCI generic platform driver
[    2.049194] ohci-platform ee0a0000.usb: Generic Platform OHCI controller
[    2.055913] ohci-platform ee0a0000.usb: new USB bus registered, assigned bus number 4
[    2.063791] ohci-platform ee0a0000.usb: irq 175, io mem 0xee0a0000
[    2.145795] ata1: link resume succeeded after 1 retries
[    2.160077] hub 4-0:1.0: USB hub found
[    2.163848] hub 4-0:1.0: 1 port detected
[    2.168182] ohci-platform ee0c0000.usb: Generic Platform OHCI controller
[    2.174896] ohci-platform ee0c0000.usb: new USB bus registered, assigned bus number 5
[    2.182768] ohci-platform ee0c0000.usb: irq 176, io mem 0xee0c0000
[    2.257307] ata1: SATA link down (SStatus 0 SControl 300)
[    2.276051] hub 5-0:1.0: USB hub found
[    2.279820] hub 5-0:1.0: 1 port detected
[    2.284140] ohci-platform ee0e0000.usb: Generic Platform OHCI controller
[    2.290853] ohci-platform ee0e0000.usb: new USB bus registered, assigned bus number 6
[    2.298722] ohci-platform ee0e0000.usb: irq 177, io mem 0xee0e0000
[    2.392059] hub 6-0:1.0: USB hub found
[    2.395826] hub 6-0:1.0: 1 port detected
[    2.400167] ohci-exynos: OHCI Exynos driver
[    2.405001] xhci-hcd ee000000.usb: xHCI Host Controller
[    2.410242] xhci-hcd ee000000.usb: new USB bus registered, assigned bus number 7
[    2.433495] xhci-hcd ee000000.usb: hcc params 0x014051ce hci version 0x100 quirks 0x0000000000830410
[    2.442667] xhci-hcd ee000000.usb: irq 172, io mem 0xee000000
[    2.448529] xhci-hcd ee000000.usb: xHCI Host Controller
[    2.453762] xhci-hcd ee000000.usb: new USB bus registered, assigned bus number 8
[    2.461164] xhci-hcd ee000000.usb: Host supports USB 3.0 SuperSpeed
[    2.467740] hub 7-0:1.0: USB hub found
[    2.471510] hub 7-0:1.0: 1 port detected
[    2.475601] usb usb8: We don't know the algorithms for LPM for this host, disabling LPM.
[    2.483953] hub 8-0:1.0: USB hub found
[    2.487728] hub 8-0:1.0: 1 port detected
[    2.492534] usbcore: registered new interface driver usb-storage
[    2.500212] renesas_usbhs e6590000.usb: host probed
[    2.505104] renesas_usbhs e6590000.usb: no transceiver found
[    2.510832] renesas_usbhs e6590000.usb: gadget probed
[    2.516048] renesas_usbhs e6590000.usb: probed
[    2.520941] renesas_usbhs e659c000.usb: host probed
[    2.525837] renesas_usbhs e659c000.usb: no transceiver found
[    2.531553] renesas_usbhs e659c000.usb: gadget probed
[    2.536761] renesas_usbhs e659c000.usb: probed
[    2.543685] i2c /dev entries driver
[    2.558246] cs2000-cp 2-004f: revision - C1
[    2.562490] i2c-rcar e6510000.i2c: probed
[    2.567311] pca953x 4-0020: supply vcc not found, using dummy regulator
[    2.574025] pca953x 4-0020: using no AI
[    2.578688] gpio-355 (PCIE/SATA switch): hogged as output/low
[    2.590956] i2c-rcar e66d8000.i2c: probed
[    2.596238] adv748x 4-0070: Endpoint /soc/i2c@e66d8000/video-receiver@70/port@7/endpoint on port 7
[    2.605219] adv748x 4-0070: Endpoint /soc/i2c@e66d8000/video-receiver@70/port@8/endpoint on port 8
[    2.614192] adv748x 4-0070: Endpoint /soc/i2c@e66d8000/video-receiver@70/port@a/endpoint on port 10
[    2.623256] adv748x 4-0070: Endpoint /soc/i2c@e66d8000/video-receiver@70/port@b/endpoint on port 11
[    2.632652] adv748x 4-0070: chip found @ 0xe0 revision 2143
[    2.686206] rcar-csi2 fea80000.csi2: 1 lanes found
[    2.691356] rcar-csi2 feaa0000.csi2: 4 lanes found
[    2.701078] rcar-vin e6ef0000.video: Device registered as video0
[    2.707164] rcar-vin e6ef1000.video: Device registered as video1
[    2.713248] rcar-vin e6ef2000.video: Device registered as video2
[    2.719320] rcar-vin e6ef3000.video: Device registered as video3
[    2.725399] rcar-vin e6ef4000.video: Device registered as video4
[    2.731479] rcar-vin e6ef5000.video: Device registered as video5
[    2.737568] rcar-vin e6ef6000.video: Device registered as video6
[    2.743646] rcar-vin e6ef7000.video: Device registered as video7
[    2.752248] rcar_gen3_thermal e6198000.thermal: is using pseudo fixed FUSE values
[    2.764394] rcar_gen3_thermal e6198000.thermal: TSC0: Loaded 1 trip points
[    2.775633] rcar_gen3_thermal e6198000.thermal: TSC1: Loaded 1 trip points
[    2.786795] rcar_gen3_thermal e6198000.thermal: TSC2: Loaded 3 trip points
[    2.798829] sdhci: Secure Digital Host Controller Interface driver
[    2.805025] sdhci: Copyright(c) Pierre Ossman
[    2.810209] Synopsys Designware Multimedia Card Interface Driver
[    2.810751] renesas_sdhi_internal_dmac ee100000.mmc: Got CD GPIO
[    2.810819] renesas_sdhi_internal_dmac ee160000.mmc: Got CD GPIO
[    2.810838] renesas_sdhi_internal_dmac ee160000.mmc: Got WP GPIO
[    2.810858] renesas_sdhi_internal_dmac ee140000.mmc: Adding to iommu group 0
[    2.810899] renesas_sdhi_internal_dmac ee140000.mmc: Using IPMMU context 1
[    2.817586] sdhci-pltfm: SDHCI platform and OF driver helper
[    2.822396] renesas_sdhi_internal_dmac ee100000.mmc: Got WP GPIO
[    2.860200] ledtrig-cpu: registered to indicate activity on CPUs
[    2.860234] renesas_sdhi_internal_dmac ee140000.mmc: mmc0 base at 0x00000000ee140000, max clock rate 200 MHz
[    2.867134] SMCCC: SOC_ID: ARCH_SOC_ID not implemented, skipping ....
[    2.883113] usbcore: registered new interface driver usbhid
[    2.888689] usbhid: USB HID core driver
[    2.896290] optee: probing for conduit method.
[    2.900758] optee: revision 3.22 (314ecf9d)
[    2.901276] optee driver R-Car Rev.1.0.11
[    2.909845] optee: dynamic shared memory is enabled
[    2.914991] optee: initialized driver
[    2.930495] rcar_sound ec500000.sound: probed
[    2.935575] NET: Registered protocol family 17
[    2.940146] 9pnet: Installing 9P2000 support
[    2.944471] Key type dns_resolver registered
[    2.948771] mmc0: new HS400 MMC card at address 0001
[    2.949008] registered taskstats version 1
[    2.954594] mmcblk0: mmc0:0001 BGSD3R 29.1 GiB 
[    2.957853] Loading compiled-in X.509 certificates
[    2.962778] mmcblk0boot0: mmc0:0001 BGSD3R partition 1 16.0 MiB
[    2.973563] mmcblk0boot1: mmc0:0001 BGSD3R partition 2 16.0 MiB
[    2.977118] thermal emergency: set temperature to 110 celsius
[    2.979748] mmcblk0rpmb: mmc0:0001 BGSD3R partition 3 4.00 MiB, chardev (509:0)
[    2.985469] thermal emergency: shutdown target cpus 1-7
[    2.994098]  mmcblk0: p1
[    2.997797] thermal emergency: freq scaled target cpus 0
[    3.005996] renesas_irqc e61c0000.interrupt-controller: driving 6 irqs
[    3.049802] ehci-platform ee080100.usb: EHCI Host Controller
[    3.055493] ehci-platform ee080100.usb: new USB bus registered, assigned bus number 9
[    3.063388] ehci-platform ee080100.usb: irq 174, io mem 0xee080100
[    3.081790] ehci-platform ee080100.usb: USB 2.0 started, EHCI 1.10
[    3.088399] hub 9-0:1.0: USB hub found
[    3.092167] hub 9-0:1.0: 1 port detected
[    3.097169] ohci-platform ee080000.usb: Generic Platform OHCI controller
[    3.103886] ohci-platform ee080000.usb: new USB bus registered, assigned bus number 10
[    3.111863] ohci-platform ee080000.usb: irq 174, io mem 0xee080000
[    3.208159] hub 10-0:1.0: USB hub found
[    3.212016] hub 10-0:1.0: 1 port detected
[    3.217244] cpu cpu0: EM: created perf domain
[    3.222212] cpu cpu4: EM: created perf domain
[    3.232125] renesas_sdhi_internal_dmac ee100000.mmc: Got CD GPIO
[    3.232357] renesas_sdhi_internal_dmac ee160000.mmc: Got CD GPIO
[    3.238173] renesas_sdhi_internal_dmac ee100000.mmc: Got WP GPIO
[    3.244258] renesas_sdhi_internal_dmac ee160000.mmc: Got WP GPIO
[    3.252141] [drm] Initialized rcar-du 1.0.0 20130110 for feb00000.display on minor 0
[    3.264023] [drm] Device feb00000.display probed
[    3.299647] renesas_sdhi_internal_dmac ee100000.mmc: mmc1 base at 0x00000000ee100000, max clock rate 200 MHz
[    3.302256] renesas_sdhi_internal_dmac ee160000.mmc: mmc2 base at 0x00000000ee160000, max clock rate 200 MHz
[    3.306841] Console: switching to colour frame buffer device 128x48
[    3.350610] rcar-du feb00000.display: [drm] fb0: rcar-dudrmfb frame buffer device
[    3.362762] input: keys as /devices/platform/keys/input/input0
[    3.445435] Micrel KSZ9031 Gigabit PHY e6800000.ethernet-ffffffff:00: attached PHY driver [Micrel KSZ9031 Gigabit PHY] (mii_bus:phy_addr=e6800000.ethernet-ffffffff:00, irq=183)
[   10.268973] ravb e6800000.ethernet eth0: Link is Up - 1Gbps/Full - flow control off
[   10.297837] IP-Config: Guessing netmask 255.255.255.0
[   10.302997] IP-Config: Complete:
[   10.306308]      device=eth0, hwaddr=2e:09:0a:00:c3:9a, ipaddr=192.168.10.107, mask=255.255.255.0, gw=255.255.255.255
[   10.317119]      host=192.168.10.107, domain=, nis-domain=(none)
[   10.323248]      bootserver=255.255.255.255, rootserver=192.168.10.98, rootpath=
[   10.323850] ALSA device list:
[   10.334491]   No soundcards found.
[   11.004471] VFS: Mounted root (nfs4 filesystem) on device 0:22.
[   11.011600] devtmpfs: mounted
[   11.018365] Freeing unused kernel memory: 6144K
[   11.037917] Run /sbin/init as init process
[   11.228737] systemd[1]: System time before build time, advancing clock.
[   11.676854] NET: Registered protocol family 10
[   11.685535] Segment Routing with IPv6
[   11.717394] systemd[1]: systemd 244 running in system mode. (+PAM -AUDIT -SELINUX +IMA -APPARMOR -SMACK +SYSVINIT +UTMP -LIBCRYPTSETUP -GCRYPT -GNUTLS +ACL +XZ -LZ4 -SECCOMP +BLKID -ELFUTILS +KMOD -IDN2 -IDN -PCRE2 default-hierarchy=hybrid)
[   11.744974] systemd[1]: Detected architecture arm64.

Welcome to [1mPoky (Yocto Project Reference Distro) 3.1.11 (dunfell)[0m!

[   11.785201] systemd[1]: Set hostname to <salvator-x>.
[   11.925838] random: crng init done
[   12.537736] systemd[1]: system-getty.slice: unit configures an IP firewall, but the local system does not support BPF/cgroup firewalling.
[   12.558537] systemd[1]: (This warning is only shown for the first unit using IP firewalling.)
[   12.573384] systemd[1]: Created slice system-getty.slice.
[[0;32m  OK  [0m] Created slice [0;1;39msystem-getty.slice[0m.
[   12.598975] systemd[1]: Created slice system-serial\x2dgetty.slice.
[[0;32m  OK  [0m] Created slice [0;1;39msystem-serial\x2dgetty.slice[0m.
[   12.622913] systemd[1]: Created slice User and Session Slice.
[[0;32m  OK  [0m] Created slice [0;1;39mUser and Session Slice[0m.
[   12.646267] systemd[1]: Started Dispatch Password Requests to Console Directory Watch.
[[0;32m  OK  [0m] Started [0;1;39mDispatch Password â€¦ts to Console Directory Watch[0m.
[   12.674226] systemd[1]: Started Forward Password Requests to Wall Directory Watch.
[[0;32m  OK  [0m] Started [0;1;39mForward Password Râ€¦uests to Wall Directory Watch[0m.
[   12.702091] systemd[1]: Reached target Paths.
[[0;32m  OK  [0m] Reached target [0;1;39mPaths[0m.
[   12.725952] systemd[1]: Reached target Remote File Systems.
[[0;32m  OK  [0m] Reached target [0;1;39mRemote File Systems[0m.
[   12.749942] systemd[1]: Reached target Slices.
[[0;32m  OK  [0m] Reached target [0;1;39mSlices[0m.
[   12.773961] systemd[1]: Reached target Swap.
[[0;32m  OK  [0m] Reached target [0;1;39mSwap[0m.
[   12.801196] systemd[1]: Listening on RPCbind Server Activation Socket.
[[0;32m  OK  [0m] Listening on [0;1;39mRPCbind Server Activation Socket[0m.
[   12.830010] systemd[1]: Reached target RPC Port Mapper.
[[0;32m  OK  [0m] Reached target [0;1;39mRPC Port Mapper[0m.
[   12.854310] systemd[1]: Listening on initctl Compatibility Named Pipe.
[[0;32m  OK  [0m] Listening on [0;1;39minitctl Compatibility Named Pipe[0m.
[   12.883782] systemd[1]: Listening on Journal Audit Socket.
[[0;32m  OK  [0m] Listening on [0;1;39mJournal Audit Socket[0m.
[   12.911846] systemd[1]: Listening on Journal Socket (/dev/log).
[[0;32m  OK  [0m] Listening on [0;1;39mJournal Socket (/dev/log)[0m.
[   12.938657] systemd[1]: Listening on Journal Socket.
[[0;32m  OK  [0m] Listening on [0;1;39mJournal Socket[0m.
[   12.964007] systemd[1]: Listening on Network Service Netlink Socket.
[[0;32m  OK  [0m] Listening on [0;1;39mNetwork Service Netlink Socket[0m.
[   12.992024] systemd[1]: Listening on udev Control Socket.
[[0;32m  OK  [0m] Listening on [0;1;39mudev Control Socket[0m.
[   13.018482] systemd[1]: Listening on udev Kernel Socket.
[[0;32m  OK  [0m] Listening on [0;1;39mudev Kernel Socket[0m.
[   13.047417] systemd[1]: Mounting Huge Pages File System...
         Mounting [0;1;39mHuge Pages File System[0m...
[   13.075052] systemd[1]: Mounting POSIX Message Queue File System...
         Mounting [0;1;39mPOSIX Message Queue File System[0m...
[   13.107102] systemd[1]: Mounting Kernel Debug File System...
         Mounting [0;1;39mKernel Debug File System[0m...
[   13.136977] systemd[1]: Mounting Temporary Directory (/tmp)...
         Mounting [0;1;39mTemporary Directory (/tmp)[0m...
[   13.167783] systemd[1]: Starting Create list of static device nodes for the current kernel...
         Starting [0;1;39mCreate list of stâ€¦odes for the current kernel[0m...
[   13.202891] systemd[1]: Starting Start psplash boot splash screen...
         Starting [0;1;39mStart psplash boot splash screen[0m...
[   13.236709] systemd[1]: Starting RPC Bind...
         Starting [0;1;39mRPC Bind[0m...
[   13.259275] systemd[1]: Condition check resulted in File System Check on Root Device being skipped.
[   13.275192] systemd[1]: Starting Journal Service...
         Starting [0;1;39mJournal Service[0m...
[   13.305248] systemd[1]: Starting Load Kernel Modules...
         Starting [0;1;39mLoad Kernel Modules[0m...
[   13.335062] systemd[1]: Starting Remount Root and Kernel File Systems...
         Starting [0;1;39mRemount Root and Kernel File Systems[0m...
[   13.362726] systemd[1]: Starting udev Coldplug all Devices...
         Starting [0;1;39mudev Coldplug all Devices[0m...
[   13.391248] systemd[1]: Started Start psplash boot splash screen.
[[0;32m  OK  [0m] Started [0;1;39mStart psplash boot splash screen[0m.
[   13.418627] systemd[1]: Started RPC Bind.
[[0;32m  OK  [0m] Started [0;1;39mRPC Bind[0m.
[   13.438776] systemd[1]: Started Journal Service.
[[0;32m  OK  [0m] Started [0;1;39mJournal Service[0m.
[[0;32m  OK  [0m] Mounted [0;1;39mHuge Pages File System[0m.
[[0;32m  OK  [0m] Mounted [0;1;39mPOSIX Message Queue File System[0m.
[[0;32m  OK  [0m] Mounted [0;1;39mKernel Debug File System[0m.
[[0;32m  OK  [0m] Mounted [0;1;39mTemporary Directory (/tmp)[0m.
[[0;32m  OK  [0m] Started [0;1;39mCreate list of staâ€¦ nodes for the current kernel[0m.
[[0;32m  OK  [0m] Started [0;1;39mLoad Kernel Modules[0m.
[[0;32m  OK  [0m] Started [0;1;39mRemount Root and Kernel File Systems[0m.
         Mounting [0;1;39mKernel Configuration File System[0m...
[[0;32m  OK  [0m] Started [0;1;39mStart psplash-systâ€¦progress communication helper[0m.
         Starting [0;1;39mFlush Journal to Persistent Storage[0m...
         Starting [0;1;39mApply Kernel Variables[0m...
[   13.670110] systemd-journald[360]: Received client request to flush runtime journal.
         Starting [0;1;39mCreate Static Device Nodes in /dev[0m...
[[0;32m  OK  [0m] Mounted [0;1;39mKernel Configuration File System[0m.
[[0;32m  OK  [0m] Started [0;1;39mFlush Journal to Persistent Storage[0m.
[[0;32m  OK  [0m] Started [0;1;39mApply Kernel Variables[0m.
[[0;32m  OK  [0m] Started [0;1;39mCreate Static Device Nodes in /dev[0m.
[[0;32m  OK  [0m] Reached target [0;1;39mLocal File Systems (Pre)[0m.
         Mounting [0;1;39m/var/volatile[0m...
         Starting [0;1;39mudev Kernel Device Manager[0m...
[[0;32m  OK  [0m] Started [0;1;39mudev Coldplug all Devices[0m.
[[0;32m  OK  [0m] Mounted [0;1;39m/var/volatile[0m.
         Starting [0;1;39mLoad/Save Random Seed[0m...
[[0;32m  OK  [0m] Reached target [0;1;39mLocal File Systems[0m.
         Starting [0;1;39mCreate Volatile Files and Directories[0m...
[[0;32m  OK  [0m] Started [0;1;39mLoad/Save Random Seed[0m.
[[0;32m  OK  [0m] Started [0;1;39mudev Kernel Device Manager[0m.
         Starting [0;1;39mNetwork Service[0m...
[[0;32m  OK  [0m] Started [0;1;39mCreate Volatile Files and Directories[0m.
         Starting [0;1;39mNetwork Time Synchronization[0m...
         Starting [0;1;39mUpdate UTMP about System Boot/Shutdown[0m...
[[0;32m  OK  [0m] Started [0;1;39mNetwork Service[0m.
         Starting [0;1;39mNetwork Name Resolution[0m...
[[0;32m  OK  [0m] Started [0;1;39mUpdate UTMP about System Bo[   14.227167] pwm-backlight: probe of backlight failed with error -16
ot/Shutdown[0m.
[[0;32m  OK  [0m] Started [0;1;39mNetwork Time Synchronization[0m.
[   14.304510] at24 7-0050: supply vcc not found, using dummy regulator
[   14.312408] at24 7-0050: 128 byte br24t01 EEPROM, writable, 8 bytes/write
[[0;32m  OK  [0m] Reached target [0;1;39mSystem Initialization[0m.
[[0;32m  OK  [0m] Started [0;1;39mDaily Cleanup of Temporary Directories[0m.
[[0;32m  OK  [0m] Reached target [0;1;39mSystem Time Set[0m.
[[0;32m  OK  [0m] Reached target [0;1;39mSystem Time Synchronized[0m.
[[0;32m  OK  [0m] Reached target [0;1;39mTimers[0m.
[[0;32m  OK  [0m] Reached target [0;1;39mHardware activated USB gadget[0m.
[[0;32m  OK  [0m] Listening on [0;1;3[   14.436059] renesas_usb3 ee020000.usb: probed with phy
9mAvahi mDNS/DNS-SD Stack Activa[   14.443378] ccree e6601000.crypto: ARM CryptoCell 630P Driver: HW version 0xAF400001/0xDCC63000, Driver version 5.0
tion Socket[0m.
[[0;32m  OK  [0m] Listening on [0;1;39mD-Bus System Message Bus Socket[0m.
[   14.477255] ccree e6601000.crypto: ARM ccree device initialized
[[0;32m  OK  [0m] Listening on [0;1;39mdropbear.socket[0m.
[[0;32m  OK  [0m] Reached target [0;1;39mSockets[0m.
[[0;32m  OK  [0m] Reached target [0;1;39mBasic System[0m.
[[0;32m  OK  [0m] Started [0;1;39mD-Bus System Message Bus[0m.
[[0;32m  OK  [0m] Started [0;1;39moptee services[0m.
         Starting [0;1;39mpvrinit.service[0m...
         Starting [0;1;39mPowerVR consumer services[0m...
         Starting [0;1;39mLogin Service[0m...
[[0;32m  OK  [0m] Started [0;1;39mNetwork Name Resolution[0m.
[[0;1;31mFAILED[0m] Failed to start [0;1;39mPowerVR consumer services[0m.
See 'systemctl status rc.pvr.service' for details.
[[0;1;38;5;185mDEPEND[0m] Dependency failed for [0;1;39mWeston Wayland Compositor[0m.
[[0;1;31mFAILED[0m] Failed to start [0;1;39mpvrinit.service[0m.
See 'systemctl status pvrinit.service' for details.
[[0;32m  OK  [0m] Started [0;1;39mLogin Service[0m.
[[0;32m  OK  [0m] Created slice [0;1;39msystem-weston.slice[0m.
[[0;32m  OK  [0m] Reached target [0;1;39mNetwork[0m.
[[0;32m  OK  [0m] Reached target [0;1;39mHost and Network Name Lookups[0m.
         Starting [0;1;39mAvahi mDNS/DNS-SD Stack[0m...
         Starting [0;1;39mset_default_governor.service[0m...
         Starting [0;1;39mPermit User Sessions[0m...
[[0;32m  OK  [0m] Started [0;1;39mXinetd A Powerful Replacement For Inetd[0m.
[   15.014081] rd 0-7: Disabling EAS, schedutil is mandatory
[[0;32m  OK  [0m] Started [0;1;39mPermit User Sessions[0m.
[[0;32m  OK  [0m] Started [0;1;39mset_default_governor.service[0m.
[[0;32m  OK  [0m] Started [0;1;39mAvahi mDNS/DNS-SD Stack[0m.
[[0;32m  OK  [0m] Started [0;1;39mGetty on tty1[0m.
[[0;32m  OK  [0m] Started [0;1;39mSerial Getty on ttySC0[0m.
[[0;32m  OK  [0m] Reached target [0;1;39mLogin Prompts[0m.
[[0;32m  OK  [0m] Reached target [0;1;39mMulti-User System[0m.
         Starting [0;1;39mUpdate UTMP about System Runlevel Changes[0m...
[[0;32m  OK  [0m] Started [0;1;39mUpdate UTMP about System Runlevel Changes[0m.

Poky (Yocto Project Reference Distro) 3.1.11 salvator-x ttySC0

salvator-x login: 
salvator-x login: root
[   17.097597] audit: type=1006 audit(1703064537.864:2): pid=535 uid=0 old-auid=4294967295 auid=0 tty=(none) old-ses=4294967295 ses=1 res=1
7[r[999;999H[6n8root@salvator-x:~# 
root@salvator-x:~# 
root@salvator-x:~# 
root@salvator-x:~# 
root@salvator-x:~# 
root@salvator-x:~# 
root@salvator-x:~# 
root@salvator-x:~# 
root@salvator-x:~# 
Plug in USB device at CN37


Press any button to continue

[   41.949925] SDHI0 VccQ: disabling
[   41.953316] SDHI3 VccQ: disabling
[   46.565793] usb 3-1: new high-speed USB device number 2 using ehci-platform
[   46.727671] usb-storage 3-1:1.0: USB Mass Storage device detected
[   46.734495] scsi host1: usb-storage 3-1:1.0
[   47.743119] scsi 1:0:0:0: Direct-Access     SanDisk  Ultra            1.00 PQ: 0 ANSI: 6
[   47.752355] sd 1:0:0:0: [sda] 121307136 512-byte logical blocks: (62.1 GB/57.8 GiB)
[   47.761290] sd 1:0:0:0: [sda] Write Protect is off
[   47.767032] sd 1:0:0:0: [sda] Write cache: disabled, read cache: enabled, doesn't support DPO or FUA
[   47.817341]  sda: sda1
[   47.824169] sd 1:0:0:0: [sda] Attached SCSI removable disk

----------Prepare----------


root@salvator-x:~# find /sys/devices/platform/soc/ee0e0100.usb/ -name 'sd*'
/sys/devices/platform/soc/ee0e0100.usb/usb3/3-1/3-1:1.0/host1/target1:0:0/1:0:0:0/block/sda
/sys/devices/platform/soc/ee0e0100.usb/usb3/3-1/3-1:1.0/host1/target1:0:0/1:0:0:0/block/sda/sda1
root@salvator-x:~# 
root@salvator-x:~# dd if=/dev/urandom of=testdata bs=10M count=5
5+0 records in
5+0 records out
52428800 bytes (52 MB, 50 MiB) copied, 1.26786 s, 41.4 MB/s
root@salvator-x:~# 
root@salvator-x:~# mkdir -p /mnt/usb
root@salvator-x:~# 
root@salvator-x:~# mount /dev/sda1 /mnt/usb
[   53.680035] EXT4-fs (sda1): mounted filesystem with ordered data mode. Opts: (null)
root@salvator-x:~# 
root@salvator-x:~# cp testdata /mnt/usb/
root@salvator-x:~# 
root@salvator-x:~# umount /mnt/usb
root@salvator-x:~# 
Pull out USB device at CN37


Press any button to continue

[   67.367765] usb 3-1: USB disconnect, device number 2

root@salvator-x:~# i2cset -f -y 7 0x30 0x20 0x0f
root@salvator-x:~# 

Switch SW23 off and input 'yes' to continue:

root@salvator-x:~# echo N > /sys/module/printk/parameters/console_suspend
root@salvator-x:~# 
root@salvator-x:~# echo mem > /sys/power/state
[   78.885081] PM: suspend entry (deep)
[   78.888874] Filesystems sync: 0.000 seconds
[   78.894675] Freezing user space processes ... (elapsed 0.001 seconds) done.
[   78.896301] OOM killer disabled.
[   78.896304] Freezing remaining freezable tasks ... (elapsed 0.001 seconds) done.
[   79.340535] ravb e6800000.ethernet eth0: Link is Down
[   79.355527] Disabling non-boot CPUs ...
[   79.360012] CPU1: shutdown
[   79.362734] psci: CPU1 killed (polled 0 ms)
[   79.368581] CPU2: shutdown
[   79.371309] psci: CPU2 killed (polled 0 ms)
[   79.377079] CPU3: shutdown
[   79.379812] psci: CPU3 killed (polled 0 ms)
[   79.385647] CPU4: shutdown
[   79.388370] psci: CPU4 killed (polled 0 ms)
[   79.393969] CPU5: shutdown
[   79.396681] psci: CPU5 killed (polled 0 ms)
[   79.402261] CPU6: shutdown
[   79.404981] psci: CPU6 killed (polled 0 ms)
[   79.410691] CPU7: shutdown
[   79.413405] psci: CPU7 killed (polled 0 ms)
 
Plug in USB device at CN37


Press any button to continue


 Switch power switch: 

NOTICE:  BL2: R-Car Gen3 Initial Program Loader(CA57) Rev.4.0.0
NOTICE:  BL2: PRR is R-Car H3 Ver.3.0
NOTICE:  BL2: Board is Salvator-XS Rev.1.0
NOTICE:  BL2: Boot device is HyperFlash(160MHz)
NOTICE:  BL2: LCM state is CM
NOTICE:  AVS setting succeeded. DVFS_SetVID=0x53
NOTICE:  BL2: DDR3200(rev.0.42)
NOTICE:  BL2: [WARM_BOOT]
NOTICE:  BL2: DRAM Split is 4ch(DDR f)
NOTICE:  BL2: QoS is default setting(rev.0.11)
NOTICE:  BL2: DRAM refresh interval 1.95 usec
NOTICE:  BL2: Periodic Write DQ Training
NOTICE:  BL2: CH0: 400000000 - 47fffffff, 2 GiB
NOTICE:  BL2: CH1: 500000000 - 57fffffff, 2 GiB
NOTICE:  BL2: CH2: 600000000 - 67fffffff, 2 GiB
NOTICE:  BL2: CH3: 700000000 - 77fffffff, 2 GiB
NOTICE:  BL2: Lossy Decomp areas
NOTICE:       Entry 0: DCMPAREACRAx:0x80000540 DCMPAREACRBx:0x570
NOTICE:       Entry 1: DCMPAREACRAx:0x40000000 DCMPAREACRBx:0x0
NOTICE:       Entry 2: DCMPAREACRAx:0x20000000 DCMPAREACRBx:0x0
NOTICE:  BL2: FDT at 0xe6327f70
NOTICE:  BL2: v2.9(release):9cdb21f75
NOTICE:  BL2: Built : 05:25:39, Dec 19 2023
NOTICE:  BL2: Normal boot
[   79.418586] Enabling non-boot CPUs ...
[   79.422622] Detected PIPT I-cache on CPU1
[   79.422678] CPU1: Booted secondary processor 0x0000000001 [0x411fd073]
[   79.423151] CPU1 is up
[   79.436189] Detected PIPT I-cache on CPU2
[   79.436211] CPU2: Booted secondary processor 0x0000000002 [0x411fd073]
[   79.436486] CPU2 is up
[   79.449506] Detected PIPT I-cache on CPU3
[   79.449529] CPU3: Booted secondary processor 0x0000000003 [0x411fd073]
[   79.449820] CPU3 is up
[   79.462883] Detected VIPT I-cache on CPU4
[   79.462935] CPU4: Booted secondary processor 0x0000000100 [0x410fd034]
[   79.463835] CPU4 is up
[   79.476838] Detected VIPT I-cache on CPU5
[   79.476871] CPU5: Booted secondary processor 0x0000000101 [0x410fd034]
[   79.477440] CPU5 is up
[   79.490447] Detected VIPT I-cache on CPU6
[   79.490480] CPU6: Booted secondary processor 0x0000000102 [0x410fd034]
[   79.491101] CPU6 is up
[   79.504105] Detected VIPT I-cache on CPU7
[   79.504138] CPU7: Booted secondary processor 0x0000000103 [0x410fd034]
[   79.504772] CPU7 is up
[   79.602139] xhci-hcd ee000000.usb: xHC error in resume, USBSTS 0x401, Reinit
[   79.609205] usb usb7: root hub lost power or was reset
[   79.614329] usb usb8: root hub lost power or was reset
[   79.708818] Micrel KSZ9031 Gigabit PHY e6800000.ethernet-ffffffff:00: attached PHY driver [Micrel KSZ9031 Gigabit PHY] (mii_bus:phy_addr=e6800000.ethernet-ffffffff:00, irq=183)
[   79.823864] usb usb4: root hub lost power or was reset
[   79.829068] usb usb1: root hub lost power or was reset
[   79.915853] usb usb5: root hub lost power or was reset
[   79.921144] usb usb2: root hub lost power or was reset
[   80.007846] usb usb6: root hub lost power or was reset
[   80.013028] usb usb3: root hub lost power or was reset
[   80.131776] usb usb10: root hub lost power or was reset
[   80.137131] usb usb9: root hub lost power or was reset
[   80.145754] ata1: link resume succeeded after 1 retries
[   80.257196] ata1: SATA link down (SStatus 0 SControl 300)
[   80.282001] OOM killer enabled.
[   80.287498] Restarting tasks ... done.
[   80.295149] PM: suspend exit
[   80.845792] usb 3-1: new high-speed USB device number 3 using ehci-platform
[   81.011956] usb-storage 3-1:1.0: USB Mass Storage device detected
[   81.018500] scsi host1: usb-storage 3-1:1.0
[   82.047419] scsi 1:0:0:0: Direct-Access     SanDisk  Ultra            1.00 PQ: 0 ANSI: 6
[   82.057045] sd 1:0:0:0: [sda] 121307136 512-byte logical blocks: (62.1 GB/57.8 GiB)
[   82.065953] sd 1:0:0:0: [sda] Write Protect is off
[   82.071688] sd 1:0:0:0: [sda] Write cache: disabled, read cache: enabled, doesn't support DPO or FUA
[   82.116172]  sda: sda1
[   82.122092] sd 1:0:0:0: [sda] Attached SCSI removable disk
[   86.622650] ravb e6800000.ethernet eth0: Link is Up - 1Gbps/Full - flow control off
root@salvator-x:~# 
root@salvator-x:~# echo "Wake up sucessfully"
Wake up sucessfully
root@salvator-x:~# 
root@salvator-x:~# find /sys/devices/platform/soc/ee0e0100.usb/ -name 'sd*'
/sys/devices/platform/soc/ee0e0100.usb/usb3/3-1/3-1:1.0/host1/target1:0:0/1:0:0:0/block/sda
/sys/devices/platform/soc/ee0e0100.usb/usb3/3-1/3-1:1.0/host1/target1:0:0/1:0:0:0/block/sda/sda1
root@salvator-x:~# 
root@salvator-x:~# mount /dev/sda1 /mnt/usb
[   94.693071] EXT4-fs (sda1): mounted filesystem with ordered data mode. Opts: (null)
root@salvator-x:~# 
root@salvator-x:~# cp testdata /mnt/usb/testdata_from_nfs
root@salvator-x:~# 
root@salvator-x:~# cp /mnt/usb/testdata_from_nfs testdata_from_usb
root@salvator-x:~# 
root@salvator-x:~# sync
root@salvator-x:~# 
root@salvator-x:~# cmp testdata testdata_from_usb
root@salvator-x:~# 
root@salvator-x:~# umount /mnt/usb
root@salvator-x:~# 
 
#### Result: OK ####
