

----------Item 7----------


Please press switch to restart board 

[F 00:00:120
[F 00:00:119
[F 00:00:118
[F 00:00:117
[F 00:00:116
NOTICE:  BL2: R-Car Gen3 Initial Program Loader(CA57) Rev.4.0.0
NOTICE:  BL2: PRR is R-Car H3 Ver.3.0
NOTICE:  BL2: Board is Salvator-XS Rev.1.0
NOTICE:  BL2: Boot device is HyperFlash(160MHz)
NOTICE:  BL2: LCM state is CM
NOTICE:  AVS setting succeeded. DVFS_SetVID=0x53
NOTICE:  BL2: DDR3200(rev.0.42)
NOTICE:  BL2: [COLD_BOOT]
NOTICE:  BL2: DRAM Split is 4ch(DDR f)
NOTICE:  BL2: QoS is default setting(rev.0.11)
NOTICE:  BL2: DRAM refresh interval 1.95 usec
NOTICE:  BL2: Periodic Write DQ Training
NOTICE:  BL2: CH0: 400000000 - 47fffffff, 2 GiB
NOTICE:  BL2: CH1: 500000000 - 57fffffff, 2 GiB
NOTICE:  BL2: CH2: 600000000 - 67fffffff, 2 GiB
NOTICE:  BL2: CH3: 700000000 - 77fffffff, 2 GiB
NOTICE:  BL2: Lossy Decomp areas
NOTICE:       Entry 0: DCMPAREACRAx:0x80000540 DCMPAREACRBx:0x570
NOTICE:       Entry 1: DCMPAREACRAx:0x40000000 DCMPAREACRBx:0x0
NOTICE:       Entry 2: DCMPAREACRAx:0x20000000 DCMPAREACRBx:0x0
NOTICE:  BL2: FDT at 0xe6327f70
NOTICE:  BL2: v2.9(release):9cdb21f75
NOTICE:  BL2: Built : 05:25:39, Dec 19 2023
NOTICE:  BL2: Normal boot
NOTICE:  BL2: dst=0xe6327800 src=0x8180000 len=512(0x200)
NOTICE:  BL2: dst=0x43f00000 src=0x8180400 len=6144(0x1800)
NOTICE:  rcar_file_len: len: 0x0003e000
NOTICE:  BL2: dst=0x44000000 src=0x81c0000 len=253952(0x3e000)
NOTICE:  rcar_file_len: len: 0x00200000
NOTICE:  BL2: dst=0x44100000 src=0x8200000 len=2097152(0x200000)
NOTICE:  rcar_file_len: len: 0x00100000
NOTICE:  BL2: dst=0x50000000 src=0x8640000 len=1048576(0x100000)
NOTICE:  BL2: Booting BL31


U-Boot 2020.10 (Dec 19 2023 - 14:30:40 +0000)

CPU: Renesas Electronics R8A7795 rev 3.0
Model: Renesas Salvator-X 2nd version board based on r8a77951
DRAM:  7.9 GiB
RAM Configuration:
Bank #0: 0x048000000 - 0x0bfffffff, 1.9 GiB
Bank #1: 0x500000000 - 0x57fffffff, 2 GiB
Bank #2: 0x600000000 - 0x67fffffff, 2 GiB
Bank #3: 0x700000000 - 0x77fffffff, 2 GiB

MMC:   sd@ee100000: 0, sd@ee140000: 1, sd@ee160000: 2
Loading Environment from MMC... OK
In:    serial@e6e88000
Out:   serial@e6e88000
Err:   serial@e6e88000
Net:   eth0: ethernet@e6800000
Hit any key to stop autoboot:  2  1  0 
ethernet@e6800000 Waiting for PHY auto negotiation to complete.......... done
Using ethernet@e6800000 device
TFTP from server 192.168.10.98; our IP address is 192.168.10.107
Filename 'BV/PT3/boot_USB2H/Image'.
Load address: 0x48080000
Loading: *#################################################################
	 #################################################################
	 #################################################################
	 #################################################################
	 #################################################################
	 #################################################################
	 #################################################################
	 #################################################################
	 #################################################################
	 #################################################################
	 #################################################################
	 #################################################################
	 #################################################################
	 #################################################################
	 #################################################################
	 #################################################################
	 #################################################################
	 #################################################################
	 #################################################################
	 #################################################################
	 #################################################################
	 #################################################################
	 #################################################################
	 #################################################################
	 #################################################################
	 #################################################################
	 #################################################################
	 #################################################################
	 #################################################################
	 #################################################################
	 #################################################################
	 #################################################################
	 #################################################################
	 #################################################################
	 ################################################################
	 4.1 MiB/s
done
Bytes transferred = 33376768 (1fd4a00 hex)
Using ethernet@e6800000 device
TFTP from server 192.168.10.98; our IP address is 192.168.10.107
Filename 'BV/PT3/boot_USB2H/r8a77951-salvator-xs.dtb'.
Load address: 0x48000000
Loading: *#######
	 4.6 MiB/s
done
Bytes transferred = 90876 (162fc hex)
Moving Image from 0x48080000 to 0x48200000, end=4a260000
## Flattened Device Tree blob at 48000000
   Booting using the fdt blob at 0x48000000
   Loading Device Tree to 0000000053fe6000, end 0000000053fff2fb ... OK

Starting kernel ...

[    0.000000] Booting Linux on physical CPU 0x0000000000 [0x411fd073]
[    0.000000] Linux version 5.10.194-yocto-standard (thuan.nguyen-hong@banvien) (aarch64-poky-linux-gcc (GCC) 9.3.0, GNU ld (GNU Binutils) 2.34.0.20200220) #10 SMP PREEMPT Mon Feb 19 03:51:05 UTC 2024
[    0.000000] Machine model: Renesas Salvator-X 2nd version board based on r8a77951
[    0.000000] efi: UEFI not found.
[    0.000000] Reserved memory: created CMA memory pool at 0x0000000057000000, size 16 MiB
[    0.000000] OF: reserved mem: initialized node linux,adsp@57000000, compatible id shared-dma-pool
[    0.000000] Reserved memory: created CMA memory pool at 0x0000000058000000, size 384 MiB
[    0.000000] OF: reserved mem: initialized node linux,cma@58000000, compatible id shared-dma-pool
[    0.000000] Reserved memory: created CMA memory pool at 0x0000000070000000, size 256 MiB
[    0.000000] OF: reserved mem: initialized node linux,multimedia@70000000, compatible id shared-dma-pool
[    0.000000] NUMA: No NUMA configuration found
[    0.000000] NUMA: Faking a node at [mem 0x0000000048000000-0x000000077fffffff]
[    0.000000] NUMA: NODE_DATA [mem 0x77efdab00-0x77efdcfff]
[    0.000000] Zone ranges:
[    0.000000]   DMA      [mem 0x0000000048000000-0x000000007fffffff]
[    0.000000]   DMA32    [mem 0x0000000080000000-0x00000000ffffffff]
[    0.000000]   Normal   [mem 0x0000000100000000-0x000000077fffffff]
[    0.000000] Movable zone start for each node
[    0.000000] Early memory node ranges
[    0.000000]   node   0: [mem 0x0000000048000000-0x0000000053ffffff]
[    0.000000]   node   0: [mem 0x0000000054000000-0x0000000056ffffff]
[    0.000000]   node   0: [mem 0x0000000057000000-0x00000000bfffffff]
[    0.000000]   node   0: [mem 0x0000000500000000-0x000000057fffffff]
[    0.000000]   node   0: [mem 0x0000000600000000-0x000000067fffffff]
[    0.000000]   node   0: [mem 0x0000000700000000-0x000000077fffffff]
[    0.000000] Initmem setup node 0 [mem 0x0000000048000000-0x000000077fffffff]
[    0.000000] psci: probing for conduit method from DT.
[    0.000000] psci: PSCIv1.1 detected in firmware.
[    0.000000] psci: Using standard PSCI v0.2 function IDs
[    0.000000] psci: Trusted OS resident on physical CPU 0x0
[    0.000000] psci: SMC Calling Convention v1.2
[    0.000000] percpu: Embedded 23 pages/cpu s56984 r8192 d29032 u94208
[    0.000000] Detected PIPT I-cache on CPU0
[    0.000000] CPU features: detected: EL2 vector hardening
[    0.000000] CPU features: detected: Spectre-v2
[    0.000000] CPU features: detected: ARM errata 1165522, 1319367, or 1530923
[    0.000000] CPU features: detected: Spectre-BHB
[    0.000000] CPU features: detected: ARM erratum 1742098
[    0.000000] Built 1 zonelists, mobility grouping on.  Total pages: 2032128
[    0.000000] Policy zone: Normal
[    0.000000] Kernel command line: rw root=/dev/nfs nfsroot=192.168.10.98:/data/tftpboot/BV/PT3/rootfs_H3,nfsvers=4 ip=192.168.10.107
[    0.000000] Dentry cache hash table entries: 1048576 (order: 11, 8388608 bytes, linear)
[    0.000000] Inode-cache hash table entries: 524288 (order: 10, 4194304 bytes, linear)
[    0.000000] mem auto-init: stack:off, heap alloc:off, heap free:off
[    0.000000] software IO TLB: mapped [mem 0x000000004ffe6000-0x0000000053fe6000] (64MB)
[    0.000000] Memory: 7276840K/8257536K available (15232K kernel code, 2834K rwdata, 8240K rodata, 6144K init, 517K bss, 308952K reserved, 671744K cma-reserved)
[    0.000000] SLUB: HWalign=64, Order=0-3, MinObjects=0, CPUs=8, Nodes=1
[    0.000000] rcu: Preemptible hierarchical RCU implementation.
[    0.000000] rcu: 	RCU event tracing is enabled.
[    0.000000] rcu: 	RCU restricting CPUs from NR_CPUS=256 to nr_cpu_ids=8.
[    0.000000] 	Trampoline variant of Tasks RCU enabled.
[    0.000000] rcu: RCU calculated value of scheduler-enlistment delay is 25 jiffies.
[    0.000000] rcu: Adjusting geometry for rcu_fanout_leaf=16, nr_cpu_ids=8
[    0.000000] NR_IRQS: 64, nr_irqs: 64, preallocated irqs: 0
[    0.000000] arch_timer: cp15 timer(s) running at 8.32MHz (virt).
[    0.000000] clocksource: arch_sys_counter: mask: 0xffffffffffffff max_cycles: 0x1eb398c07, max_idle_ns: 440795202503 ns
[    0.000003] sched_clock: 56 bits at 8MHz, resolution 120ns, wraps every 2199023255503ns
[    0.000208] Console: colour dummy device 80x25
[    0.000416] printk: console [tty0] enabled
[    0.000490] Calibrating delay loop (skipped), value calculated using timer frequency.. 16.64 BogoMIPS (lpj=33280)
[    0.000505] pid_max: default: 32768 minimum: 301
[    0.000563] LSM: Security Framework initializing
[    0.000651] Mount-cache hash table entries: 16384 (order: 5, 131072 bytes, linear)
[    0.000701] Mountpoint-cache hash table entries: 16384 (order: 5, 131072 bytes, linear)
[    0.002145] rcu: Hierarchical SRCU implementation.
[    0.003733] Detected Renesas R-Car Gen3 r8a7795 ES3.0
[    0.005884] EFI services will not be available.
[    0.006217] smp: Bringing up secondary CPUs ...
[    0.006675] Detected PIPT I-cache on CPU1
[    0.006727] CPU1: Booted secondary processor 0x0000000001 [0x411fd073]
[    0.007211] Detected PIPT I-cache on CPU2
[    0.007236] CPU2: Booted secondary processor 0x0000000002 [0x411fd073]
[    0.007662] Detected PIPT I-cache on CPU3
[    0.007685] CPU3: Booted secondary processor 0x0000000003 [0x411fd073]
[    0.008154] CPU features: detected: ARM erratum 845719
[    0.008167] Detected VIPT I-cache on CPU4
[    0.008214] CPU4: Booted secondary processor 0x0000000100 [0x410fd034]
[    0.008695] Detected VIPT I-cache on CPU5
[    0.008721] CPU5: Booted secondary processor 0x0000000101 [0x410fd034]
[    0.009159] Detected VIPT I-cache on CPU6
[    0.009185] CPU6: Booted secondary processor 0x0000000102 [0x410fd034]
[    0.009624] Detected VIPT I-cache on CPU7
[    0.009652] CPU7: Booted secondary processor 0x0000000103 [0x410fd034]
[    0.009731] smp: Brought up 1 node, 8 CPUs
[    0.009794] SMP: Total of 8 processors activated.
[    0.009802] CPU features: detected: 32-bit EL0 Support
[    0.009809] CPU features: detected: CRC32 instructions
[    0.009816] CPU features: detected: 32-bit EL1 Support
[    0.023014] CPU: All CPU(s) started at EL1
[    0.023067] alternatives: patching kernel code
[    0.024250] devtmpfs: initialized
[    0.031046] KASLR disabled due to lack of seed
[    0.031193] clocksource: jiffies: mask: 0xffffffff max_cycles: 0xffffffff, max_idle_ns: 7645041785100000 ns
[    0.031214] futex hash table entries: 2048 (order: 5, 131072 bytes, linear)
[    0.039871] pinctrl core: initialized pinctrl subsystem
[    0.041364] DMI not present or invalid.
[    0.041865] NET: Registered protocol family 16
[    0.042803] DMA: preallocated 1024 KiB GFP_KERNEL pool for atomic allocations
[    0.042998] DMA: preallocated 1024 KiB GFP_KERNEL|GFP_DMA pool for atomic allocations
[    0.043286] DMA: preallocated 1024 KiB GFP_KERNEL|GFP_DMA32 pool for atomic allocations
[    0.043324] audit: initializing netlink subsys (disabled)
[    0.043508] audit: type=2000 audit(0.040:1): state=initialized audit_enabled=0 res=1
[    0.044673] thermal_sys: Registered thermal governor 'power_allocator'
[    0.045186] cpuidle: using governor menu
[    0.045353] hw-breakpoint: found 6 breakpoint and 4 watchpoint registers.
[    0.045476] ASID allocator initialised with 65536 entries
[    0.046784] Serial: AMBA PL011 UART driver
[    0.089668] sh-pfc e6060000.pinctrl: r8a77951_pfc support registered
[    0.104366] HugeTLB registered 1.00 GiB page size, pre-allocated 0 pages
[    0.104379] HugeTLB registered 32.0 MiB page size, pre-allocated 0 pages
[    0.104387] HugeTLB registered 2.00 MiB page size, pre-allocated 0 pages
[    0.104394] HugeTLB registered 64.0 KiB page size, pre-allocated 0 pages
[    0.105354] cryptd: max_cpu_qlen set to 1000
[    0.107612] ACPI: Interpreter disabled.
[    0.111417] rcar-avs: use avs value: 0
[    0.111434] rcar-avs: cpu@0 is running with: opp_table0
[    0.111445] rcar-avs: cpu@1 is running with: opp_table0
[    0.111455] rcar-avs: cpu@2 is running with: opp_table0
[    0.111464] rcar-avs: cpu@3 is running with: opp_table0
[    0.111550] rcar-avs: gsx@fd000000 is running with: gsx_opp_table0
[    0.112968] iommu: Default domain type: Translated 
[    0.113534] ipmmu-vmsa e67b0000.iommu: IPMMU context 0 is reserved
[    0.114525] vgaarb: loaded
[    0.114720] SCSI subsystem initialized
[    0.114981] usbcore: registered new interface driver usbfs
[    0.115012] usbcore: registered new interface driver hub
[    0.115037] usbcore: registered new device driver usb
[    0.118570] i2c-sh_mobile e60b0000.i2c: I2C adapter 7, bus speed 400000 Hz
[    0.119107] mc: Linux media interface: v0.10
[    0.119129] videodev: Linux video capture interface: v2.00
[    0.119176] pps_core: LinuxPPS API ver. 1 registered
[    0.119184] pps_core: Software ver. 5.3.6 - Copyright 2005-2007 Rodolfo Giometti <giometti@linux.it>
[    0.119198] PTP clock support registered
[    0.119368] EDAC MC: Ver: 3.0.0
[    0.121377] FPGA manager framework
[    0.121438] Advanced Linux Sound Architecture Driver Initialized.
[    0.122014] clocksource: Switched to clocksource arch_sys_counter
[    0.122152] VFS: Disk quotas dquot_6.6.0
[    0.122195] VFS: Dquot-cache hash table entries: 512 (order 0, 4096 bytes)
[    0.122321] pnp: PnP ACPI: disabled
[    0.125805] NET: Registered protocol family 2
[    0.126224] IP idents hash table entries: 131072 (order: 8, 1048576 bytes, linear)
[    0.128490] tcp_listen_portaddr_hash hash table entries: 4096 (order: 4, 65536 bytes, linear)
[    0.128566] TCP established hash table entries: 65536 (order: 7, 524288 bytes, linear)
[    0.128852] TCP bind hash table entries: 65536 (order: 8, 1048576 bytes, linear)
[    0.129439] TCP: Hash tables configured (established 65536 bind 65536)
[    0.129558] UDP hash table entries: 4096 (order: 5, 131072 bytes, linear)
[    0.129672] UDP-Lite hash table entries: 4096 (order: 5, 131072 bytes, linear)
[    0.129895] NET: Registered protocol family 1
[    0.130264] RPC: Registered named UNIX socket transport module.
[    0.130273] RPC: Registered udp transport module.
[    0.130279] RPC: Registered tcp transport module.
[    0.130285] RPC: Registered tcp NFSv4.1 backchannel transport module.
[    0.130298] PCI: CLS 0 bytes, default 64
[    0.131250] hw perfevents: enabled with armv8_cortex_a53 PMU driver, 7 counters available
[    0.131524] hw perfevents: enabled with armv8_cortex_a57 PMU driver, 7 counters available
[    0.132151] kvm [1]: HYP mode not available
[    0.135077] Initialise system trusted keyrings
[    0.135227] workingset: timestamp_bits=42 max_order=21 bucket_order=0
[    0.138328] squashfs: version 4.0 (2009/01/31) Phillip Lougher
[    0.138727] NFS: Registering the id_resolver key type
[    0.138752] Key type id_resolver registered
[    0.138759] Key type id_legacy registered
[    0.138812] nfs4filelayout_init: NFSv4 File Layout Driver Registering...
[    0.138822] nfs4flexfilelayout_init: NFSv4 Flexfile Layout Driver Registering...
[    0.138925] 9p: Installing v9fs 9p2000 file system support
[    0.165949] Key type asymmetric registered
[    0.165961] Asymmetric key parser 'x509' registered
[    0.165991] Block layer SCSI generic (bsg) driver version 0.4 loaded (major 243)
[    0.166015] io scheduler mq-deadline registered
[    0.166026] io scheduler kyber registered
[    0.182105] gpio_rcar e6050000.gpio: driving 16 GPIOs
[    0.182395] gpio_rcar e6051000.gpio: driving 29 GPIOs
[    0.182648] gpio_rcar e6052000.gpio: driving 15 GPIOs
[    0.182928] gpio_rcar e6053000.gpio: driving 16 GPIOs
[    0.183174] gpio_rcar e6054000.gpio: driving 18 GPIOs
[    0.183424] gpio_rcar e6055000.gpio: driving 26 GPIOs
[    0.183694] gpio_rcar e6055400.gpio: driving 32 GPIOs
[    0.183966] gpio_rcar e6055800.gpio: driving 4 GPIOs
[    0.186952] rcar-pcie fe000000.pcie: host bridge /soc/pcie@fe000000 ranges:
[    0.186988] rcar-pcie fe000000.pcie:       IO 0x00fe100000..0x00fe1fffff -> 0x0000000000
[    0.187014] rcar-pcie fe000000.pcie:      MEM 0x00fe200000..0x00fe3fffff -> 0x00fe200000
[    0.187033] rcar-pcie fe000000.pcie:      MEM 0x0030000000..0x0037ffffff -> 0x0030000000
[    0.187047] rcar-pcie fe000000.pcie:      MEM 0x0038000000..0x003fffffff -> 0x0038000000
[    0.187064] rcar-pcie fe000000.pcie:   IB MEM 0x0040000000..0x007fffffff -> 0x0040000000
[    0.187108] rcar-pcie fe000000.pcie: no pcie3v3 regulator found
[    0.187118] rcar-pcie fe000000.pcie: no pcie1v8 regulator found
[    0.253724] rcar-pcie fe000000.pcie: PCIe link down
[    0.253905] rcar-pcie ee800000.pcie: host bridge /soc/pcie@ee800000 ranges:
[    0.253928] rcar-pcie ee800000.pcie:       IO 0x00ee900000..0x00ee9fffff -> 0x0000000000
[    0.253948] rcar-pcie ee800000.pcie:      MEM 0x00eea00000..0x00eebfffff -> 0x00eea00000
[    0.253965] rcar-pcie ee800000.pcie:      MEM 0x00c0000000..0x00c7ffffff -> 0x00c0000000
[    0.253979] rcar-pcie ee800000.pcie:      MEM 0x00c8000000..0x00cfffffff -> 0x00c8000000
[    0.254009] rcar-pcie ee800000.pcie:   IB MEM 0x0040000000..0x007fffffff -> 0x0040000000
[    0.254042] rcar-pcie ee800000.pcie: no pcie3v3 regulator found
[    0.254052] rcar-pcie ee800000.pcie: no pcie1v8 regulator found
[    0.414008] rcar-pcie ee800000.pcie: PCIe link down
[    0.416523] EINJ: ACPI disabled.
[    0.455619] Serial: 8250/16550 driver, 4 ports, IRQ sharing enabled
[    0.459533] SuperH (H)SCI(F) driver initialized
[    0.460298] e6550000.serial: ttySC1 at MMIO 0xe6550000 (irq = 42, base_baud = 0) is a hscif
[    0.461365] e6e88000.serial: ttySC0 at MMIO 0xe6e88000 (irq = 128, base_baud = 0) is a scif
[    1.666111] printk: console [ttySC0] enabled
[    1.671639] msm_serial: driver initialized
[    1.681961] rcar-dw-hdmi fead0000.hdmi: Detected HDMI TX controller v2.01a with HDCP (DWC HDMI 2.0 TX PHY)
[    1.691864] rcar-dw-hdmi fead0000.hdmi: registered DesignWare HDMI I2C bus driver
[    1.700131] rcar-dw-hdmi feae0000.hdmi: Detected HDMI TX controller v2.01a with HDCP (DWC HDMI 2.0 TX PHY)
[    1.709991] rcar-dw-hdmi feae0000.hdmi: registered DesignWare HDMI I2C bus driver
[    1.725512] loop: module loaded
[    1.730023] megasas: 07.714.04.00-rc1
[    1.735738] scsi host0: sata_rcar
[    1.739207] ata1: SATA max UDMA/133 irq 181
[    1.748559] tun: Universal TUN/TAP device driver, 1.6
[    1.754570] thunder_xcv, ver 1.0
[    1.757816] thunder_bgx, ver 1.0
[    1.761065] nicpf, ver 1.0
[    1.765201] hclge is initializing
[    1.768535] hns3: Hisilicon Ethernet Network Driver for Hip08 Family - version
[    1.775758] hns3: Copyright (c) 2017 Huawei Corporation.
[    1.781093] e1000: Intel(R) PRO/1000 Network Driver
[    1.785972] e1000: Copyright (c) 1999-2006 Intel Corporation.
[    1.791738] e1000e: Intel(R) PRO/1000 Network Driver
[    1.796703] e1000e: Copyright(c) 1999 - 2015 Intel Corporation.
[    1.802640] igb: Intel(R) Gigabit Ethernet Network Driver
[    1.808039] igb: Copyright (c) 2007-2014 Intel Corporation.
[    1.813629] igbvf: Intel(R) Gigabit Virtual Function Network Driver
[    1.819896] igbvf: Copyright (c) 2009 - 2012 Intel Corporation.
[    1.826257] sky2: driver version 1.30
[    1.833856] ravb e6800000.ethernet eth0: Base address at 0xe6800000, 2e:09:0a:00:c3:9a, IRQ 125.
[    1.844079] VFIO - User Level meta-driver version: 0.3
[    1.851253] ehci_hcd: USB 2.0 'Enhanced' Host Controller (EHCI) Driver
[    1.857790] ehci-pci: EHCI PCI platform driver
[    1.862250] ehci-platform: EHCI generic platform driver
[    1.867849] ehci-platform ee0a0100.usb: EHCI Host Controller
[    1.873530] ehci-platform ee0a0100.usb: new USB bus registered, assigned bus number 1
[    1.881453] ehci-platform ee0a0100.usb: irq 175, io mem 0xee0a0100
[    1.902017] ehci-platform ee0a0100.usb: USB 2.0 started, EHCI 1.10
[    1.908533] hub 1-0:1.0: USB hub found
[    1.912304] hub 1-0:1.0: 1 port detected
[    1.916697] ehci-platform ee0c0100.usb: EHCI Host Controller
[    1.922371] ehci-platform ee0c0100.usb: new USB bus registered, assigned bus number 2
[    1.930259] ehci-platform ee0c0100.usb: irq 176, io mem 0xee0c0100
[    1.950012] ehci-platform ee0c0100.usb: USB 2.0 started, EHCI 1.10
[    1.956466] hub 2-0:1.0: USB hub found
[    1.960234] hub 2-0:1.0: 1 port detected
[    1.990050] ehci-platform ee0e0100.usb: EHCI Host Controller
[    1.995738] ehci-platform ee0e0100.usb: new USB bus registered, assigned bus number 3
[    2.003615] ehci-platform ee0e0100.usb: irq 177, io mem 0xee0e0100
[    2.022012] ehci-platform ee0e0100.usb: USB 2.0 started, EHCI 1.10
[    2.028443] hub 3-0:1.0: USB hub found
[    2.032212] hub 3-0:1.0: 1 port detected
[    2.036588] ehci-orion: EHCI orion driver
[    2.040839] ehci-exynos: EHCI Exynos driver
[    2.045140] ohci_hcd: USB 1.1 'Open' Host Controller (OHCI) Driver
[    2.051337] ohci-pci: OHCI PCI platform driver
[    2.055817] ohci-platform: OHCI generic platform driver
[    2.061345] ohci-platform ee0a0000.usb: Generic Platform OHCI controller
[    2.068065] ohci-platform ee0a0000.usb: new USB bus registered, assigned bus number 4
[    2.075948] ohci-platform ee0a0000.usb: irq 175, io mem 0xee0a0000
[    2.158022] ata1: link resume succeeded after 1 retries
[    2.172279] hub 4-0:1.0: USB hub found
[    2.176049] hub 4-0:1.0: 1 port detected
[    2.180377] ohci-platform ee0c0000.usb: Generic Platform OHCI controller
[    2.187092] ohci-platform ee0c0000.usb: new USB bus registered, assigned bus number 5
[    2.194960] ohci-platform ee0c0000.usb: irq 176, io mem 0xee0c0000
[    2.269534] ata1: SATA link down (SStatus 0 SControl 300)
[    2.288285] hub 5-0:1.0: USB hub found
[    2.292059] hub 5-0:1.0: 1 port detected
[    2.296382] ohci-platform ee0e0000.usb: Generic Platform OHCI controller
[    2.303094] ohci-platform ee0e0000.usb: new USB bus registered, assigned bus number 6
[    2.310962] ohci-platform ee0e0000.usb: irq 177, io mem 0xee0e0000
[    2.404254] hub 6-0:1.0: USB hub found
[    2.408024] hub 6-0:1.0: 1 port detected
[    2.412362] ohci-exynos: OHCI Exynos driver
[    2.417202] xhci-hcd ee000000.usb: xHCI Host Controller
[    2.422440] xhci-hcd ee000000.usb: new USB bus registered, assigned bus number 7
[    2.445699] xhci-hcd ee000000.usb: hcc params 0x014051ce hci version 0x100 quirks 0x0000000000830410
[    2.454872] xhci-hcd ee000000.usb: irq 172, io mem 0xee000000
[    2.460738] xhci-hcd ee000000.usb: xHCI Host Controller
[    2.465971] xhci-hcd ee000000.usb: new USB bus registered, assigned bus number 8
[    2.473373] xhci-hcd ee000000.usb: Host supports USB 3.0 SuperSpeed
[    2.479923] hub 7-0:1.0: USB hub found
[    2.483692] hub 7-0:1.0: 1 port detected
[    2.487782] usb usb8: We don't know the algorithms for LPM for this host, disabling LPM.
[    2.496121] hub 8-0:1.0: USB hub found
[    2.499899] hub 8-0:1.0: 1 port detected
[    2.504705] usbcore: registered new interface driver usb-storage
[    2.512396] renesas_usbhs e6590000.usb: host probed
[    2.517287] renesas_usbhs e6590000.usb: no transceiver found
[    2.523013] renesas_usbhs e6590000.usb: gadget probed
[    2.528233] renesas_usbhs e6590000.usb: probed
[    2.533125] renesas_usbhs e659c000.usb: host probed
[    2.538018] renesas_usbhs e659c000.usb: no transceiver found
[    2.543734] renesas_usbhs e659c000.usb: gadget probed
[    2.548933] renesas_usbhs e659c000.usb: probed
[    2.555893] i2c /dev entries driver
[    2.570513] cs2000-cp 2-004f: revision - C1
[    2.574811] i2c-rcar e6510000.i2c: probed
[    2.579637] pca953x 4-0020: supply vcc not found, using dummy regulator
[    2.586334] pca953x 4-0020: using no AI
[    2.591038] gpio-355 (PCIE/SATA switch): hogged as output/low
[    2.603305] i2c-rcar e66d8000.i2c: probed
[    2.608662] adv748x 4-0070: Endpoint /soc/i2c@e66d8000/video-receiver@70/port@7/endpoint on port 7
[    2.617646] adv748x 4-0070: Endpoint /soc/i2c@e66d8000/video-receiver@70/port@8/endpoint on port 8
[    2.626662] adv748x 4-0070: Endpoint /soc/i2c@e66d8000/video-receiver@70/port@a/endpoint on port 10
[    2.635731] adv748x 4-0070: Endpoint /soc/i2c@e66d8000/video-receiver@70/port@b/endpoint on port 11
[    2.645168] adv748x 4-0070: chip found @ 0xe0 revision 2143
[    2.697854] rcar-csi2 fea80000.csi2: 1 lanes found
[    2.702997] rcar-csi2 feaa0000.csi2: 4 lanes found
[    2.712552] rcar-vin e6ef0000.video: Device registered as video0
[    2.718628] rcar-vin e6ef1000.video: Device registered as video1
[    2.724699] rcar-vin e6ef2000.video: Device registered as video2
[    2.730780] rcar-vin e6ef3000.video: Device registered as video3
[    2.736848] rcar-vin e6ef4000.video: Device registered as video4
[    2.742929] rcar-vin e6ef5000.video: Device registered as video5
[    2.749010] rcar-vin e6ef6000.video: Device registered as video6
[    2.755083] rcar-vin e6ef7000.video: Device registered as video7
[    2.763853] rcar_gen3_thermal e6198000.thermal: is using pseudo fixed FUSE values
[    2.776037] rcar_gen3_thermal e6198000.thermal: TSC0: Loaded 1 trip points
[    2.787267] rcar_gen3_thermal e6198000.thermal: TSC1: Loaded 1 trip points
[    2.798421] rcar_gen3_thermal e6198000.thermal: TSC2: Loaded 3 trip points
[    2.806019] usb 3-1: new high-speed USB device number 2 using ehci-platform
[    2.813788] sdhci: Secure Digital Host Controller Interface driver
[    2.819995] sdhci: Copyright(c) Pierre Ossman
[    2.825197] Synopsys Designware Multimedia Card Interface Driver
[    2.825519] renesas_sdhi_internal_dmac ee100000.mmc: Got CD GPIO
[    2.825522] renesas_sdhi_internal_dmac ee140000.mmc: Adding to iommu group 0
[    2.825547] renesas_sdhi_internal_dmac ee140000.mmc: Using IPMMU context 1
[    2.825773] renesas_sdhi_internal_dmac ee160000.mmc: Got CD GPIO
[    2.825801] renesas_sdhi_internal_dmac ee160000.mmc: Got WP GPIO
[    2.832602] sdhci-pltfm: SDHCI platform and OF driver helper
[    2.837277] renesas_sdhi_internal_dmac ee100000.mmc: Got WP GPIO
[    2.873713] renesas_sdhi_internal_dmac ee140000.mmc: mmc0 base at 0x00000000ee140000, max clock rate 200 MHz
[    2.875424] ledtrig-cpu: registered to indicate activity on CPUs
[    2.891682] SMCCC: SOC_ID: ARCH_SOC_ID not implemented, skipping ....
[    2.898718] usbcore: registered new interface driver usbhid
[    2.904295] usbhid: USB HID core driver
[    2.911908] optee: probing for conduit method.
[    2.916380] optee: revision 3.22 (314ecf9d)
[    2.916801] optee driver R-Car Rev.1.0.11
[    2.925354] optee: dynamic shared memory is enabled
[    2.930499] optee: initialized driver
[    2.944577] rcar_sound ec500000.sound: probed
[    2.949646] NET: Registered protocol family 17
[    2.952276] mmc0: new HS400 MMC card at address 0001
[    2.954217] 9pnet: Installing 9P2000 support
[    2.959928] mmcblk0: mmc0:0001 BGSD3R 29.1 GiB 
[    2.963394] Key type dns_resolver registered
[    2.968261] mmcblk0boot0: mmc0:0001 BGSD3R partition 1 16.0 MiB
[    2.972530] registered taskstats version 1
[    2.978484] mmcblk0boot1: mmc0:0001 BGSD3R partition 2 16.0 MiB
[    2.982180] Loading compiled-in X.509 certificates
[    2.992140] thermal emergency: set temperature to 110 celsius
[    2.993421] mmcblk0rpmb: mmc0:0001 BGSD3R partition 3 4.00 MiB, chardev (509:0)
[    2.998910] thermal emergency: shutdown target cpus 1-7
[    3.007045] usb-storage 3-1:1.0: USB Mass Storage device detected
[    3.011230] thermal emergency: freq scaled target cpus 0
[    3.011561] renesas_irqc e61c0000.interrupt-controller: driving 6 irqs
[    3.017988] scsi host1: usb-storage 3-1:1.0
[    3.034049]  mmcblk0: p1
[    3.066027] ehci-platform ee080100.usb: EHCI Host Controller
[    3.071720] ehci-platform ee080100.usb: new USB bus registered, assigned bus number 9
[    3.079626] ehci-platform ee080100.usb: irq 174, io mem 0xee080100
[    3.098015] ehci-platform ee080100.usb: USB 2.0 started, EHCI 1.10
[    3.104671] hub 9-0:1.0: USB hub found
[    3.108442] hub 9-0:1.0: 1 port detected
[    3.113522] ohci-platform ee080000.usb: Generic Platform OHCI controller
[    3.120248] ohci-platform ee080000.usb: new USB bus registered, assigned bus number 10
[    3.128224] ohci-platform ee080000.usb: irq 174, io mem 0xee080000
[    3.224506] hub 10-0:1.0: USB hub found
[    3.228367] hub 10-0:1.0: 1 port detected
[    3.233636] cpu cpu0: EM: created perf domain
[    3.238580] cpu cpu4: EM: created perf domain
[    3.246496] renesas_sdhi_internal_dmac ee160000.mmc: Got CD GPIO
[    3.249325] renesas_sdhi_internal_dmac ee100000.mmc: Got CD GPIO
[    3.252607] renesas_sdhi_internal_dmac ee160000.mmc: Got WP GPIO
[    3.253015] [drm] Initialized rcar-du 1.0.0 20130110 for feb00000.display on minor 0
[    3.253019] [drm] Device feb00000.display probed
[    3.258646] renesas_sdhi_internal_dmac ee100000.mmc: Got WP GPIO
[    3.312951] renesas_sdhi_internal_dmac ee160000.mmc: mmc2 base at 0x00000000ee160000, max clock rate 200 MHz
[    3.322786] Console: switching to colour frame buffer device 128x48
[    3.330451] renesas_sdhi_internal_dmac ee100000.mmc: mmc1 base at 0x00000000ee100000, max clock rate 200 MHz
[    3.363802] rcar-du feb00000.display: [drm] fb0: rcar-dudrmfb frame buffer device
[    3.376259] input: keys as /devices/platform/keys/input/input0
[    3.458688] Micrel KSZ9031 Gigabit PHY e6800000.ethernet-ffffffff:00: attached PHY driver [Micrel KSZ9031 Gigabit PHY] (mii_bus:phy_addr=e6800000.ethernet-ffffffff:00, irq=183)
[    4.064190] scsi 1:0:0:0: Direct-Access     SanDisk  Ultra            1.00 PQ: 0 ANSI: 6
[    4.073660] sd 1:0:0:0: [sda] 121307136 512-byte logical blocks: (62.1 GB/57.8 GiB)
[    4.082765] sd 1:0:0:0: [sda] Write Protect is off
[    4.088637] sd 1:0:0:0: [sda] Write cache: disabled, read cache: enabled, doesn't support DPO or FUA
[    4.111016]  sda: sda1
[    4.117272] sd 1:0:0:0: [sda] Attached SCSI removable disk
[   13.474366] ravb e6800000.ethernet eth0: Link is Up - 1Gbps/Full - flow control off
[   13.502062] IP-Config: Guessing netmask 255.255.255.0
[   13.507225] IP-Config: Complete:
[   13.510535]      device=eth0, hwaddr=2e:09:0a:00:c3:9a, ipaddr=192.168.10.107, mask=255.255.255.0, gw=255.255.255.255
[   13.521344]      host=192.168.10.107, domain=, nis-domain=(none)
[   13.527476]      bootserver=255.255.255.255, rootserver=192.168.10.98, rootpath=
[   13.528082] ALSA device list:
[   13.546600]   No soundcards found.
[   14.602579] VFS: Mounted root (nfs4 filesystem) on device 0:22.
[   14.612708] devtmpfs: mounted
[   14.623340] Freeing unused kernel memory: 6144K
[   14.646144] Run /sbin/init as init process
[   14.830202] systemd[1]: System time before build time, advancing clock.
[   15.264162] NET: Registered protocol family 10
[   15.270275] Segment Routing with IPv6
[   15.301453] systemd[1]: systemd 244 running in system mode. (+PAM -AUDIT -SELINUX +IMA -APPARMOR -SMACK +SYSVINIT +UTMP -LIBCRYPTSETUP -GCRYPT -GNUTLS +ACL +XZ -LZ4 -SECCOMP +BLKID -ELFUTILS +KMOD -IDN2 -IDN -PCRE2 default-hierarchy=hybrid)
[   15.325832] systemd[1]: Detected architecture arm64.

Welcome to [1mPoky (Yocto Project Reference Distro) 3.1.11 (dunfell)[0m!

[   15.356107] systemd[1]: Set hostname to <salvator-x>.
[   15.530054] random: crng init done
[   16.095284] systemd[1]: system-getty.slice: unit configures an IP firewall, but the local system does not support BPF/cgroup firewalling.
[   16.116746] systemd[1]: (This warning is only shown for the first unit using IP firewalling.)
[   16.131935] systemd[1]: Created slice system-getty.slice.
[[0;32m  OK  [0m] Created slice [0;1;39msystem-getty.slice[0m.
[   16.159196] systemd[1]: Created slice system-serial\x2dgetty.slice.
[[0;32m  OK  [0m] Created slice [0;1;39msystem-serial\x2dgetty.slice[0m.
[   16.183271] systemd[1]: Created slice User and Session Slice.
[[0;32m  OK  [0m] Created slice [0;1;39mUser and Session Slice[0m.
[   16.206515] systemd[1]: Started Dispatch Password Requests to Console Directory Watch.
[[0;32m  OK  [0m] Started [0;1;39mDispatch Password â€¦ts to Console Directory Watch[0m.
[   16.234416] systemd[1]: Started Forward Password Requests to Wall Directory Watch.
[[0;32m  OK  [0m] Started [0;1;39mForward Password Râ€¦uests to Wall Directory Watch[0m.
[   16.266334] systemd[1]: Reached target Paths.
[[0;32m  OK  [0m] Reached target [0;1;39mPaths[0m.
[   16.290204] systemd[1]: Reached target Remote File Systems.
[[0;32m  OK  [0m] Reached target [0;1;39mRemote File Systems[0m.
[   16.314161] systemd[1]: Reached target Slices.
[[0;32m  OK  [0m] Reached target [0;1;39mSlices[0m.
[   16.338174] systemd[1]: Reached target Swap.
[[0;32m  OK  [0m] Reached target [0;1;39mSwap[0m.
[   16.365017] systemd[1]: Listening on RPCbind Server Activation Socket.
[[0;32m  OK  [0m] Listening on [0;1;39mRPCbind Server Activation Socket[0m.
[   16.394244] systemd[1]: Reached target RPC Port Mapper.
[[0;32m  OK  [0m] Reached target [0;1;39mRPC Port Mapper[0m.
[   16.418529] systemd[1]: Listening on initctl Compatibility Named Pipe.
[[0;32m  OK  [0m] Listening on [0;1;39minitctl Compatibility Named Pipe[0m.
[   16.447797] systemd[1]: Listening on Journal Audit Socket.
[[0;32m  OK  [0m] Listening on [0;1;39mJournal Audit Socket[0m.
[   16.475809] systemd[1]: Listening on Journal Socket (/dev/log).
[[0;32m  OK  [0m] Listening on [0;1;39mJournal Socket (/dev/log)[0m.
[   16.502930] systemd[1]: Listening on Journal Socket.
[[0;32m  OK  [0m] Listening on [0;1;39mJournal Socket[0m.
[   16.527984] systemd[1]: Listening on Network Service Netlink Socket.
[[0;32m  OK  [0m] Listening on [0;1;39mNetwork Service Netlink Socket[0m.
[   16.556003] systemd[1]: Listening on udev Control Socket.
[[0;32m  OK  [0m] Listening on [0;1;39mudev Control Socket[0m.
[   16.582676] systemd[1]: Listening on udev Kernel Socket.
[[0;32m  OK  [0m] Listening on [0;1;39mudev Kernel Socket[0m.
[   16.611613] systemd[1]: Mounting Huge Pages File System...
         Mounting [0;1;39mHuge Pages File System[0m...
[   16.639377] systemd[1]: Mounting POSIX Message Queue File System...
         Mounting [0;1;39mPOSIX Message Queue File System[0m...
[   16.671317] systemd[1]: Mounting Kernel Debug File System...
         Mounting [0;1;39mKernel Debug File System[0m...
[   16.701952] systemd[1]: Mounting Temporary Directory (/tmp)...
         Mounting [0;1;39mTemporary Directory (/tmp)[0m...
[   16.732075] systemd[1]: Starting Create list of static device nodes for the current kernel...
         Starting [0;1;39mCreate list of stâ€¦odes for the current kernel[0m...
[   16.767332] systemd[1]: Starting Start psplash boot splash screen...
         Starting [0;1;39mStart psplash boot splash screen[0m...
[   16.800831] systemd[1]: Starting RPC Bind...
         Starting [0;1;39mRPC Bind[0m...
[   16.826592] systemd[1]: Condition check resulted in File System Check on Root Device being skipped.
[   16.839670] systemd[1]: Starting Journal Service...
         Starting [0;1;39mJournal Service[0m...
[   16.865027] systemd[1]: Starting Load Kernel Modules...
         Starting [0;1;39mLoad Kernel Modules[0m...
[   16.890343] systemd[1]: Starting Remount Root and Kernel File Systems...
         Starting [0;1;39mRemount Root and Kernel File Systems[0m...
[   16.918711] systemd[1]: Starting udev Coldplug all Devices...
         Starting [0;1;39mudev Coldplug all Devices[0m...
[   16.943090] systemd[1]: Started Start psplash boot splash screen.
[[0;32m  OK  [0m] Started [0;1;39mStart psplash boot splash screen[0m.
[   16.970899] systemd[1]: Started RPC Bind.
[[0;32m  OK  [0m] Started [0;1;39mRPC Bind[0m.
[   16.990800] systemd[1]: Started Journal Service.
[[0;32m  OK  [0m] Started [0;1;39mJournal Service[0m.
[[0;32m  OK  [0m] Mounted [0;1;39mHuge Pages File System[0m.
[[0;32m  OK  [0m] Mounted [0;1;39mPOSIX Message Queue File System[0m.
[[0;32m  OK  [0m] Mounted [0;1;39mKernel Debug File System[0m.
[[0;32m  OK  [0m] Mounted [0;1;39mTemporary Directory (/tmp)[0m.
[[0;32m  OK  [0m] Started [0;1;39mCreate list of staâ€¦ nodes for the current kernel[0m.
[[0;32m  OK  [0m] Started [0;1;39mLoad Kernel Modules[0m.
[[0;32m  OK  [0m] Started [0;1;39mRemount Root and Kernel File Systems[0m.
         Mounting [0;1;39mKernel Configuration File System[0m...
[[0;32m  OK  [0m] Started [0;1;39mStart psplash-systâ€¦progress communication helper[0m.
         Starting [0;1;39mFlush Journal to Persistent Storage[0m...
         Starting [0;1;39mApply[   17.222831] systemd-journald[363]: Received client request to flush runtime journal.
 Kernel Variables[0m...
         Starting [0;1;39mCreate Static Device Nodes in /dev[0m...
[[0;32m  OK  [0m] Mounted [0;1;39mKernel Configuration File System[0m.
[[0;32m  OK  [0m] Started [0;1;39mFlush Journal to Persistent Storage[0m.
[[0;32m  OK  [0m] Started [0;1;39mApply Kernel Variables[0m.
[[0;32m  OK  [0m] Started [0;1;39mCreate Static Device Nodes in /dev[0m.
[[0;32m  OK  [0m] Reached target [0;1;39mLocal File Systems (Pre)[0m.
         Mounting [0;1;39m/var/volatile[0m...
         Starting [0;1;39mudev Kernel Device Manager[0m...
[[0;32m  OK  [0m] Started [0;1;39mudev Coldplug all Devices[0m.
[[0;32m  OK  [0m] Mounted [0;1;39m/var/volatile[0m.
         Starting [0;1;39mLoad/Save Random Seed[0m...
[[0;32m  OK  [0m] Reached target [0;1;39mLocal File Systems[0m.
         Starting [0;1;39mCreate Volatile Files and Directories[0m...
[[0;32m  OK  [0m] Started [0;1;39mLoad/Save Random Seed[0m.
[[0;32m  OK  [0m] Started [0;1;39mudev Kernel Device Manager[0m.
         Starting [0;1;39mNetwork Service[0m...
[[0;32m  OK  [0m] Started [0;1;39mCreate Volatile Files and Directories[0m.
         Starting [0;1;39mNetwork Time Synchronization[0m...
         Starting [0;1;39mUpdate UTMP about System Boot/Shutdown[0m...
[[0;32m  OK  [0m] Started [0;1;39mNetwork Service[0m.
         Starting [0;1;39mNetwork Name Resolution[0m...
[[0;32m  OK  [0m] Started [0;1;39mUpdate UTMP about System Boot/Shutdown[0m.
[[0;32m  OK  [0m] Started [0;1;39mNetwork Time Synchronization[0m.
[   17.802423] pwm-backlight: probe of backlight failed with error -16
[[0;32m  OK  [0m] Reached target [0;1;39mSystem Initialization[0m.
[[0;32m  OK  [0m] Started [0;1;39mDaily Cleanup of Temporary Directories[0m.
[[0;32m  OK  [0m] Reached target [0;1;39mSystem Time Set[0m.
[   17.847768] at24 7-0050: supply vcc not found, using dummy regulator
[   17.855814] at24 7-0050: 128 byte br24t01 EEPROM, writable, 8 bytes/write
[[0;32m  OK  [0m] Reached target [0;1;39mSystem Time Synchronized[0m.
[[0;32m  OK  [0m] Reached target [0;1;39mTimers[0m.
[[0;32m  OK  [0m] Listening on [0;1;39mAvahi mDNS/DNS-SD Stack Activation Socket[0m.
[[0;32m  OK  [0m] Listening on [0;1;39mD-Bus System Message Bus Socket[0m.
[[0;32m  OK  [0m] Listening on [0;1;39mdropbear.socket[0m.
[[0;32m  OK  [0m] Reached target [0;1;39mSockets[0m.
[   17.988427] ccree e6601000.crypto: ARM CryptoCell 630P Driver: HW version 0xAF400001/0xDCC63000, Driver version 5.0
[[0;32m  OK  [0m] Reached target [0;1[   18.005172] renesas_usb3 ee020000.usb: probed with phy
;39mBasic System[0m.
[   18.019186] ccree e6601000.crypto: ARM ccree device initialized
[[0;32m  OK  [0m] Started [0;1;39mD-Bus System Message Bus[0m.
[[0;32m  OK  [0m] Started [0;1;39moptee services[0m.
         Starting [0;1;39mpvrinit.service[0m...
         Starting [0;1;39mPowerVR consumer services[0m...
         Starting [0;1;39mLogin Service[0m...
[[0;32m  OK  [0m] Started [0;1;39mNetwork Name Resolution[0m.
[[0;32m  OK  [0m] Created slice [0;1;39msystem-weston.slice[0m.
[[0;32m  OK  [0m] Reached target [0;1;39mNetwork[0m.
[[0;32m  OK  [0m] Reached target [0;1;39mHost and Network Name Lookups[0m.
[[0;32m  OK  [0m] Reached target [0;1;39mHardware activated USB gadget[0m.
         Starting [0;1;39mAvahi mDNS/DNS-SD Stack[0m...
         Starting [0;1;39mPermit User Sessions[0m...
[[0;32m  OK  [0m] Started [0;1;39mXinetd A Powerful Replacement For Inetd[0m.
[[0;1;31mFAILED[0m] Failed to start [0;1;39mpvrinit.service[0m.
See 'systemctl status pvrinit.service' for details.
[[0;1;31mFAILED[0m] Failed to start [0;1;39mPowerVR consumer services[0m.
See 'systemctl status rc.pvr.service' for details.
[[0;1;38;5;185mDEPEND[0m] Dependency failed for [0;1;39mWeston Wayland Compositor[0m.
[[0;32m  OK  [0m] Started [0;1;39mPermit User Sessions[0m.
[[0;32m  OK  [0m] Started [0;1;39mLogin Service[0m.
[[0;32m  OK  [0m] Started [0;1;39mAvahi mDNS/DNS-SD Stack[0m.
[[0;32m  OK  [0m] Started [0;1;39mGetty on tty1[0m.
[[0;32m  OK  [0m] Started [0;1;39mSerial Getty on ttySC0[0m.
[[0;32m  OK  [0m] Reached target [0;1;39mLogin Prompts[0m.
         Starting [0;1;39mset_default_governor.service[0m...
[   18.686383] rd 0-7: Disabling EAS, schedutil is mandatory
[[0;32m  OK  [0m] Started [0;1;39mset_default_governor.service[0m.
[[0;32m  OK  [0m] Reached target [0;1;39mMulti-User System[0m.
         Starting [0;1;39mUpdate UTMP about System Runlevel Changes[0m...
[[0;32m  OK  [0m] Started [0;1;39mUpdate UTMP about System Runlevel Changes[0m.

Poky (Yocto Project Reference Distro) 3.1.11 salvator-x ttySC0

salvator-x login: 
salvator-x login: root
[   20.529894] audit: type=1006 audit(1703064537.692:2): pid=539 uid=0 old-auid=4294967295 auid=0 tty=(none) old-ses=4294967295 ses=1 res=1
7[r[999;999H[6n8root@salvator-x:~# 
root@salvator-x:~# 
root@salvator-x:~# 
root@salvator-x:~# 
root@salvator-x:~# 
root@salvator-x:~# 
root@salvator-x:~# 
root@salvator-x:~# 
root@salvator-x:~# 
----------Prepare----------


root@salvator-x:~# find /sys/devices/platform/soc/ee0e0100.usb/ -name 'sd*'
/sys/devices/platform/soc/ee0e0100.usb/usb3/3-1/3-1:1.0/host1/target1:0:0/1:0:0:0/block/sda
/sys/devices/platform/soc/ee0e0100.usb/usb3/3-1/3-1:1.0/host1/target1:0:0/1:0:0:0/block/sda/sda1
root@salvator-x:~# 
root@salvator-x:~# dd if=/dev/urandom of=testdata bs=10M count=5
5+0 records in
5+0 records out
52428800 bytes (52 MB, 50 MiB) copied, 1.30232 s, 40.3 MB/s
root@salvator-x:~# 
root@salvator-x:~# mkdir -p /mnt/usb
root@salvator-x:~# 
root@salvator-x:~# mount /dev/sda1 /mnt/usb
[   42.688829] EXT4-fs (sda1): mounted filesystem with ordered data mode. Opts: (null)
root@salvator-x:~# 
root@salvator-x:~# cp testdata /mnt/usb/
[   43.998063] SDHI0 VccQ: disabling
[   44.001513] SDHI3 VccQ: disabling
root@salvator-x:~# 
root@salvator-x:~# umount /mnt/usb
root@salvator-x:~# 
root@salvator-x:~# find /sys/devices/platform/soc/ee0e0100.usb/ -name 'sd*'
/sys/devices/platform/soc/ee0e0100.usb/usb3/3-1/3-1:1.0/host1/target1:0:0/1:0:0:0/block/sda
/sys/devices/platform/soc/ee0e0100.usb/usb3/3-1/3-1:1.0/host1/target1:0:0/1:0:0:0/block/sda/sda1
root@salvator-x:~# 
root@salvator-x:~# i2cset -f -y 7 0x30 0x20 0x0f
root@salvator-x:~# 

Switch SW23 off and input 'yes' to continue:
Input 'yes' to continue: 

root@salvator-x:~# echo N > /sys/module/printk/parameters/console_suspend
root@salvator-x:~# 
root@salvator-x:~# mount /dev/sda1 /mnt/usb
[   57.800178] EXT4-fs (sda1): mounted filesystem with ordered data mode. Opts: (null)
root@salvator-x:~# 
root@salvator-x:~# cp /mnt/usb/testdata testdata_from_usb &
[1] 564
root@salvator-x:~# 
root@salvator-x:~# echo mem > /sys/power/state
[   59.198378] PM: suspend entry (deep)
[   59.616088] Filesystems sync: 0.414 seconds
[   59.621786] Freezing user space processes ... (elapsed 0.001 seconds) done.
[   59.623639] OOM killer disabled.
[   59.623642] Freezing remaining freezable tasks ... (elapsed 0.001 seconds) done.
[   60.088708] ravb e6800000.ethernet eth0: Link is Down
[   60.103736] Disabling non-boot CPUs ...
[   60.108195] CPU1: shutdown
[   60.110922] psci: CPU1 killed (polled 0 ms)
[   60.116670] CPU2: shutdown
[   60.119403] psci: CPU2 killed (polled 0 ms)
[   60.124895] CPU3: shutdown
[   60.127622] psci: CPU3 killed (polled 0 ms)
[   60.133325] CPU4: shutdown
[   60.136050] psci: CPU4 killed (polled 0 ms)
[   60.141610] CPU5: shutdown
[   60.144355] psci: CPU5 killed (polled 0 ms)
[   60.149893] CPU6: shutdown
[   60.152620] psci: CPU6 killed (polled 0 ms)
[   60.158391] CPU7: shutdown
[   60.161102] psci: CPU7 killed (polled 0 ms)
 
Pull out USB device at CN37


Press any button to continue


 Switch power switch: 

NOTICE:  BL2: R-Car Gen3 Initial Program Loader(CA57) Rev.4.0.0
NOTICE:  BL2: PRR is R-Car H3 Ver.3.0
NOTICE:  BL2: Board is Salvator-XS Rev.1.0
NOTICE:  BL2: Boot device is HyperFlash(160MHz)
NOTICE:  BL2: LCM state is CM
NOTICE:  AVS setting succeeded. DVFS_SetVID=0x53
NOTICE:  BL2: DDR3200(rev.0.42)
NOTICE:  BL2: [WARM_BOOT]
NOTICE:  BL2: DRAM Split is 4ch(DDR f)
NOTICE:  BL2: QoS is default setting(rev.0.11)
NOTICE:  BL2: DRAM refresh interval 1.95 usec
NOTICE:  BL2: Periodic Write DQ Training
NOTICE:  BL2: CH0: 400000000 - 47fffffff, 2 GiB
NOTICE:  BL2: CH1: 500000000 - 57fffffff, 2 GiB
NOTICE:  BL2: CH2: 600000000 - 67fffffff, 2 GiB
NOTICE:  BL2: CH3: 700000000 - 77fffffff, 2 GiB
NOTICE:  BL2: Lossy Decomp areas
NOTICE:       Entry 0: DCMPAREACRAx:0x80000540 DCMPAREACRBx:0x570
NOTICE:       Entry 1: DCMPAREACRAx:0x40000000 DCMPAREACRBx:0x0
NOTICE:       Entry 2: DCMPAREACRAx:0x20000000 DCMPAREACRBx:0x0
NOTICE:  BL2: FDT at 0xe6327f70
NOTICE:  BL2: v2.9(release):9cdb21f75
NOTICE:  BL2: Built : 05:25:39, Dec 19 2023
NOTICE:  BL2: Normal boot
[   60.166304] Enabling non-boot CPUs ...
[   60.170341] Detected PIPT I-cache on CPU1
[   60.170397] CPU1: Booted secondary processor 0x0000000001 [0x411fd073]
[   60.170869] CPU1 is up
[   60.183912] Detected PIPT I-cache on CPU2
[   60.183935] CPU2: Booted secondary processor 0x0000000002 [0x411fd073]
[   60.184211] CPU2 is up
[   60.197221] Detected PIPT I-cache on CPU3
[   60.197244] CPU3: Booted secondary processor 0x0000000003 [0x411fd073]
[   60.197537] CPU3 is up
[   60.210608] Detected VIPT I-cache on CPU4
[   60.210661] CPU4: Booted secondary processor 0x0000000100 [0x410fd034]
[   60.211563] CPU4 is up
[   60.224574] Detected VIPT I-cache on CPU5
[   60.224607] CPU5: Booted secondary processor 0x0000000101 [0x410fd034]
[   60.225153] CPU5 is up
[   60.238162] Detected VIPT I-cache on CPU6
[   60.238195] CPU6: Booted secondary processor 0x0000000102 [0x410fd034]
[   60.238838] CPU6 is up
[   60.251846] Detected VIPT I-cache on CPU7
[   60.251879] CPU7: Booted secondary processor 0x0000000103 [0x410fd034]
[   60.252529] CPU7 is up
[   60.323521] xhci-hcd ee000000.usb: xHC error in resume, USBSTS 0x401, Reinit
[   60.330576] usb usb7: root hub lost power or was reset
[   60.335700] usb usb8: root hub lost power or was reset
[   60.409059] Micrel KSZ9031 Gigabit PHY e6800000.ethernet-ffffffff:00: attached PHY driver [Micrel KSZ9031 Gigabit PHY] (mii_bus:phy_addr=e6800000.ethernet-ffffffff:00, irq=183)
[   60.524089] usb usb4: root hub lost power or was reset
[   60.529381] usb usb1: root hub lost power or was reset
[   60.616080] usb usb5: root hub lost power or was reset
[   60.621247] usb usb2: root hub lost power or was reset
[   60.708076] usb usb6: root hub lost power or was reset
[   60.713342] usb usb3: root hub lost power or was reset
[   60.832105] usb usb10: root hub lost power or was reset
[   60.837448] usb usb9: root hub lost power or was reset
[   60.846068] ata1: link resume succeeded after 1 retries
[   60.957578] ata1: SATA link down (SStatus 0 SControl 300)
[   63.606000] OOM killer enabled.
[   63.609845] Restarting tasks ... 
[   63.610538] usb 3-1: USB disconnect, device number 2
[   63.611456] done.
[   63.618002] blk_update_request: I/O error, dev sda, sector 4258048 op 0x1:(WRITE) flags 0x4000 phys_seg 30 prio class 0
[   63.636029] blk_update_request: I/O error, dev sda, sector 4258288 op 0x1:(WRITE) flags 0x4000 phys_seg 30 prio class 0
[   63.636056] blk_update_request: I/O error, dev sda, sector 4258528 op 0x1:(WRITE) flags 0x4000 phys_seg 30 prio class 0
cp: error reading '/mnt/usb/testdata': Input/output error
[   63.660721] blk_update_request: I/O error, dev sda, sector 4258768 op 0x1:(WRITE) flags 0x4000 phys_seg 30 prio class 0
[   63.660743] blk_update_request: I/O error, dev sda, sector 4259008 op 0x1:(WRITE) flags 0x4000 phys_seg 30 prio class 0
[   63.660767] blk_update_request: I/O error, dev sda, sector 766464 op 0x0:(READ) flags 0x84700 phys_seg 3 prio class 0
[   63.660776] blk_update_request: I/O error, dev sda, sector 766704 op 0x0:(READ) flags 0x84700 phys_seg 4 prio class 0
[   63.660799] blk_update_request: I/O error, dev sda, sector 766944 op 0x0:(READ) flags 0x80700 phys_seg 1 prio class 0
[   63.660826] blk_update_request: I/O error, dev sda, sector 4259248 op 0x1:(WRITE) flags 0x4000 phys_seg 30 prio class 0
[   63.660853] blk_update_request: I/O error, dev sda, sector 4259488 op 0x1:(WRITE) flags 0x4000 phys_seg 30 prio class 0
[   63.661099] Aborting journal on device sda1-8.
[   63.661124] Buffer I/O error on dev sda1, logical block 7372800, lost sync page write
[   63.661134] JBD2: Error -5 detected when updating journal superblock for sda1-8.
[   63.682012] PM: suspend exit
root@salvator-x:~# [   67.140315] ravb e6800000.ethernet eth0: Link is Up - 1Gbps/Full - flow control off

[1]+  Done(1)                 cp /mnt/usb/testdata testdata_from_usb
root@salvator-x:~# echo "Wake up sucessfully"
Wake up sucessfully
root@salvator-x:~# 
root@salvator-x:~# wait
root@salvator-x:~# 
root@salvator-x:~# sync
root@salvator-x:~# 
root@salvator-x:~# cmp testdata testdata_from_usb
cmp: EOF on testdata_from_usb
root@salvator-x:~# 
root@salvator-x:~# umount /mnt/usb
root@salvator-x:~# 
 
#### Result: OK ####
