

----------Item 8----------


Plug in USB device at CN37


Press any button to continue

[   84.461990] usb 3-1: new high-speed USB device number 3 using ehci-platform
[   84.623814] usb-storage 3-1:1.0: USB Mass Storage device detected
[   84.630556] scsi host1: usb-storage 3-1:1.0
[   85.663282] scsi 1:0:0:0: Direct-Access     SanDisk  Ultra            1.00 PQ: 0 ANSI: 6
[   85.672673] sd 1:0:0:0: [sda] 121307136 512-byte logical blocks: (62.1 GB/57.8 GiB)
[   85.681688] sd 1:0:0:0: [sda] Write Protect is off
[   85.687539] sd 1:0:0:0: [sda] Write cache: disabled, read cache: enabled, doesn't support DPO or FUA
[   85.737082]  sda: sda1
[   85.744033] sd 1:0:0:0: [sda] Attached SCSI removable disk

Please press switch to restart board 

[F 00:00:120
[F 00:00:119
[F 00:00:118
NOTICE:  BL2: R-Car Gen3 Initial Program Loader(CA57) Rev.4.0.0
NOTICE:  BL2: PRR is R-Car H3 Ver.3.0
NOTICE:  BL2: Board is Salvator-XS Rev.1.0
NOTICE:  BL2: Boot device is HyperFlash(160MHz)
NOTICE:  BL2: LCM state is CM
NOTICE:  AVS setting succeeded. DVFS_SetVID=0x53
NOTICE:  BL2: DDR3200(rev.0.42)
NOTICE:  BL2: [COLD_BOOT]
NOTICE:  BL2: DRAM Split is 4ch(DDR f)
NOTICE:  BL2: QoS is default setting(rev.0.11)
NOTICE:  BL2: DRAM refresh interval 1.95 usec
NOTICE:  BL2: Periodic Write DQ Training
NOTICE:  BL2: CH0: 400000000 - 47fffffff, 2 GiB
NOTICE:  BL2: CH1: 500000000 - 57fffffff, 2 GiB
NOTICE:  BL2: CH2: 600000000 - 67fffffff, 2 GiB
NOTICE:  BL2: CH3: 700000000 - 77fffffff, 2 GiB
NOTICE:  BL2: Lossy Decomp areas
NOTICE:       Entry 0: DCMPAREACRAx:0x80000540 DCMPAREACRBx:0x570
NOTICE:       Entry 1: DCMPAREACRAx:0x40000000 DCMPAREACRBx:0x0
NOTICE:       Entry 2: DCMPAREACRAx:0x20000000 DCMPAREACRBx:0x0
NOTICE:  BL2: FDT at 0xe6327f70
NOTICE:  BL2: v2.9(release):9cdb21f75
NOTICE:  BL2: Built : 05:25:39, Dec 19 2023
NOTICE:  BL2: Normal boot
NOTICE:  BL2: dst=0xe6327800 src=0x8180000 len=512(0x200)
NOTICE:  BL2: dst=0x43f00000 src=0x8180400 len=6144(0x1800)
NOTICE:  rcar_file_len: len: 0x0003e000
NOTICE:  BL2: dst=0x44000000 src=0x81c0000 len=253952(0x3e000)
NOTICE:  rcar_file_len: len: 0x00200000
NOTICE:  BL2: dst=0x44100000 src=0x8200000 len=2097152(0x200000)
NOTICE:  rcar_file_len: len: 0x00100000
NOTICE:  BL2: dst=0x50000000 src=0x8640000 len=1048576(0x100000)
NOTICE:  BL2: Booting BL31


U-Boot 2020.10 (Dec 19 2023 - 14:30:40 +0000)

CPU: Renesas Electronics R8A7795 rev 3.0
Model: Renesas Salvator-X 2nd version board based on r8a77951
DRAM:  7.9 GiB
RAM Configuration:
Bank #0: 0x048000000 - 0x0bfffffff, 1.9 GiB
Bank #1: 0x500000000 - 0x57fffffff, 2 GiB
Bank #2: 0x600000000 - 0x67fffffff, 2 GiB
Bank #3: 0x700000000 - 0x77fffffff, 2 GiB

MMC:   sd@ee100000: 0, sd@ee140000: 1, sd@ee160000: 2
Loading Environment from MMC... OK
In:    serial@e6e88000
Out:   serial@e6e88000
Err:   serial@e6e88000
Net:   eth0: ethernet@e6800000
Hit any key to stop autoboot:  2  1  0 
ethernet@e6800000 Waiting for PHY auto negotiation to complete.......... done
Using ethernet@e6800000 device
TFTP from server 192.168.10.98; our IP address is 192.168.10.107
Filename 'BV/PT3/boot_USB2H/Image'.
Load address: 0x48080000
Loading: *#################################################################
	 #################################################################
	 #################################################################
	 #################################################################
	 #################################################################
	 #################################################################
	 #################################################################
	 #################################################################
	 #################################################################
	 #################################################################
	 #################################################################
	 #################################################################
	 #################################################################
	 #################################################################
	 #################################################################
	 #################################################################
	 #################################################################
	 #################################################################
	 #################################################################
	 #################################################################
	 #################################################################
	 #################################################################
	 #################################################################
	 #################################################################
	 #################################################################
	 #################################################################
	 #################################################################
	 #################################################################
	 #################################################################
	 #################################################################
	 #################################################################
	 #################################################################
	 #################################################################
	 #################################################################
	 ################################################################
	 4 MiB/s
done
Bytes transferred = 33376768 (1fd4a00 hex)
Using ethernet@e6800000 device
TFTP from server 192.168.10.98; our IP address is 192.168.10.107
Filename 'BV/PT3/boot_USB2H/r8a77951-salvator-xs.dtb'.
Load address: 0x48000000
Loading: *#######
	 6.2 MiB/s
done
Bytes transferred = 90876 (162fc hex)
Moving Image from 0x48080000 to 0x48200000, end=4a260000
## Flattened Device Tree blob at 48000000
   Booting using the fdt blob at 0x48000000
   Loading Device Tree to 0000000053fe6000, end 0000000053fff2fb ... OK

Starting kernel ...

[    0.000000] Booting Linux on physical CPU 0x0000000000 [0x411fd073]
[    0.000000] Linux version 5.10.194-yocto-standard (thuan.nguyen-hong@banvien) (aarch64-poky-linux-gcc (GCC) 9.3.0, GNU ld (GNU Binutils) 2.34.0.20200220) #10 SMP PREEMPT Mon Feb 19 03:51:05 UTC 2024
[    0.000000] Machine model: Renesas Salvator-X 2nd version board based on r8a77951
[    0.000000] efi: UEFI not found.
[    0.000000] Reserved memory: created CMA memory pool at 0x0000000057000000, size 16 MiB
[    0.000000] OF: reserved mem: initialized node linux,adsp@57000000, compatible id shared-dma-pool
[    0.000000] Reserved memory: created CMA memory pool at 0x0000000058000000, size 384 MiB
[    0.000000] OF: reserved mem: initialized node linux,cma@58000000, compatible id shared-dma-pool
[    0.000000] Reserved memory: created CMA memory pool at 0x0000000070000000, size 256 MiB
[    0.000000] OF: reserved mem: initialized node linux,multimedia@70000000, compatible id shared-dma-pool
[    0.000000] NUMA: No NUMA configuration found
[    0.000000] NUMA: Faking a node at [mem 0x0000000048000000-0x000000077fffffff]
[    0.000000] NUMA: NODE_DATA [mem 0x77efdab00-0x77efdcfff]
[    0.000000] Zone ranges:
[    0.000000]   DMA      [mem 0x0000000048000000-0x000000007fffffff]
[    0.000000]   DMA32    [mem 0x0000000080000000-0x00000000ffffffff]
[    0.000000]   Normal   [mem 0x0000000100000000-0x000000077fffffff]
[    0.000000] Movable zone start for each node
[    0.000000] Early memory node ranges
[    0.000000]   node   0: [mem 0x0000000048000000-0x0000000053ffffff]
[    0.000000]   node   0: [mem 0x0000000054000000-0x0000000056ffffff]
[    0.000000]   node   0: [mem 0x0000000057000000-0x00000000bfffffff]
[    0.000000]   node   0: [mem 0x0000000500000000-0x000000057fffffff]
[    0.000000]   node   0: [mem 0x0000000600000000-0x000000067fffffff]
[    0.000000]   node   0: [mem 0x0000000700000000-0x000000077fffffff]
[    0.000000] Initmem setup node 0 [mem 0x0000000048000000-0x000000077fffffff]
[    0.000000] psci: probing for conduit method from DT.
[    0.000000] psci: PSCIv1.1 detected in firmware.
[    0.000000] psci: Using standard PSCI v0.2 function IDs
[    0.000000] psci: Trusted OS resident on physical CPU 0x0
[    0.000000] psci: SMC Calling Convention v1.2
[    0.000000] percpu: Embedded 23 pages/cpu s56984 r8192 d29032 u94208
[    0.000000] Detected PIPT I-cache on CPU0
[    0.000000] CPU features: detected: EL2 vector hardening
[    0.000000] CPU features: detected: Spectre-v2
[    0.000000] CPU features: detected: ARM errata 1165522, 1319367, or 1530923
[    0.000000] CPU features: detected: Spectre-BHB
[    0.000000] CPU features: detected: ARM erratum 1742098
[    0.000000] Built 1 zonelists, mobility grouping on.  Total pages: 2032128
[    0.000000] Policy zone: Normal
[    0.000000] Kernel command line: rw root=/dev/nfs nfsroot=192.168.10.98:/data/tftpboot/BV/PT3/rootfs_H3,nfsvers=4 ip=192.168.10.107
[    0.000000] Dentry cache hash table entries: 1048576 (order: 11, 8388608 bytes, linear)
[    0.000000] Inode-cache hash table entries: 524288 (order: 10, 4194304 bytes, linear)
[    0.000000] mem auto-init: stack:off, heap alloc:off, heap free:off
[    0.000000] software IO TLB: mapped [mem 0x000000004ffe6000-0x0000000053fe6000] (64MB)
[    0.000000] Memory: 7276840K/8257536K available (15232K kernel code, 2834K rwdata, 8240K rodata, 6144K init, 517K bss, 308952K reserved, 671744K cma-reserved)
[    0.000000] SLUB: HWalign=64, Order=0-3, MinObjects=0, CPUs=8, Nodes=1
[    0.000000] rcu: Preemptible hierarchical RCU implementation.
[    0.000000] rcu: 	RCU event tracing is enabled.
[    0.000000] rcu: 	RCU restricting CPUs from NR_CPUS=256 to nr_cpu_ids=8.
[    0.000000] 	Trampoline variant of Tasks RCU enabled.
[    0.000000] rcu: RCU calculated value of scheduler-enlistment delay is 25 jiffies.
[    0.000000] rcu: Adjusting geometry for rcu_fanout_leaf=16, nr_cpu_ids=8
[    0.000000] NR_IRQS: 64, nr_irqs: 64, preallocated irqs: 0
[    0.000000] arch_timer: cp15 timer(s) running at 8.32MHz (virt).
[    0.000000] clocksource: arch_sys_counter: mask: 0xffffffffffffff max_cycles: 0x1eb398c07, max_idle_ns: 440795202503 ns
[    0.000003] sched_clock: 56 bits at 8MHz, resolution 120ns, wraps every 2199023255503ns
[    0.000206] Console: colour dummy device 80x25
[    0.000414] printk: console [tty0] enabled
[    0.000489] Calibrating delay loop (skipped), value calculated using timer frequency.. 16.64 BogoMIPS (lpj=33280)
[    0.000505] pid_max: default: 32768 minimum: 301
[    0.000563] LSM: Security Framework initializing
[    0.000651] Mount-cache hash table entries: 16384 (order: 5, 131072 bytes, linear)
[    0.000703] Mountpoint-cache hash table entries: 16384 (order: 5, 131072 bytes, linear)
[    0.002141] rcu: Hierarchical SRCU implementation.
[    0.003722] Detected Renesas R-Car Gen3 r8a7795 ES3.0
[    0.005865] EFI services will not be available.
[    0.006203] smp: Bringing up secondary CPUs ...
[    0.006654] Detected PIPT I-cache on CPU1
[    0.006702] CPU1: Booted secondary processor 0x0000000001 [0x411fd073]
[    0.007186] Detected PIPT I-cache on CPU2
[    0.007211] CPU2: Booted secondary processor 0x0000000002 [0x411fd073]
[    0.007635] Detected PIPT I-cache on CPU3
[    0.007656] CPU3: Booted secondary processor 0x0000000003 [0x411fd073]
[    0.008086] CPU features: detected: ARM erratum 845719
[    0.008099] Detected VIPT I-cache on CPU4
[    0.008145] CPU4: Booted secondary processor 0x0000000100 [0x410fd034]
[    0.008627] Detected VIPT I-cache on CPU5
[    0.008653] CPU5: Booted secondary processor 0x0000000101 [0x410fd034]
[    0.009090] Detected VIPT I-cache on CPU6
[    0.009116] CPU6: Booted secondary processor 0x0000000102 [0x410fd034]
[    0.009553] Detected VIPT I-cache on CPU7
[    0.009581] CPU7: Booted secondary processor 0x0000000103 [0x410fd034]
[    0.009661] smp: Brought up 1 node, 8 CPUs
[    0.009723] SMP: Total of 8 processors activated.
[    0.009730] CPU features: detected: 32-bit EL0 Support
[    0.009737] CPU features: detected: CRC32 instructions
[    0.009744] CPU features: detected: 32-bit EL1 Support
[    0.022953] CPU: All CPU(s) started at EL1
[    0.023005] alternatives: patching kernel code
[    0.024182] devtmpfs: initialized
[    0.030985] KASLR disabled due to lack of seed
[    0.031135] clocksource: jiffies: mask: 0xffffffff max_cycles: 0xffffffff, max_idle_ns: 7645041785100000 ns
[    0.031156] futex hash table entries: 2048 (order: 5, 131072 bytes, linear)
[    0.039791] pinctrl core: initialized pinctrl subsystem
[    0.041290] DMI not present or invalid.
[    0.041787] NET: Registered protocol family 16
[    0.042739] DMA: preallocated 1024 KiB GFP_KERNEL pool for atomic allocations
[    0.042936] DMA: preallocated 1024 KiB GFP_KERNEL|GFP_DMA pool for atomic allocations
[    0.043230] DMA: preallocated 1024 KiB GFP_KERNEL|GFP_DMA32 pool for atomic allocations
[    0.043269] audit: initializing netlink subsys (disabled)
[    0.043452] audit: type=2000 audit(0.040:1): state=initialized audit_enabled=0 res=1
[    0.044573] thermal_sys: Registered thermal governor 'power_allocator'
[    0.045107] cpuidle: using governor menu
[    0.045280] hw-breakpoint: found 6 breakpoint and 4 watchpoint registers.
[    0.045404] ASID allocator initialised with 65536 entries
[    0.046700] Serial: AMBA PL011 UART driver
[    0.089529] sh-pfc e6060000.pinctrl: r8a77951_pfc support registered
[    0.104283] HugeTLB registered 1.00 GiB page size, pre-allocated 0 pages
[    0.104298] HugeTLB registered 32.0 MiB page size, pre-allocated 0 pages
[    0.104305] HugeTLB registered 2.00 MiB page size, pre-allocated 0 pages
[    0.104312] HugeTLB registered 64.0 KiB page size, pre-allocated 0 pages
[    0.105270] cryptd: max_cpu_qlen set to 1000
[    0.107529] ACPI: Interpreter disabled.
[    0.111368] rcar-avs: use avs value: 0
[    0.111385] rcar-avs: cpu@0 is running with: opp_table0
[    0.111394] rcar-avs: cpu@1 is running with: opp_table0
[    0.111405] rcar-avs: cpu@2 is running with: opp_table0
[    0.111413] rcar-avs: cpu@3 is running with: opp_table0
[    0.111495] rcar-avs: gsx@fd000000 is running with: gsx_opp_table0
[    0.112906] iommu: Default domain type: Translated 
[    0.113472] ipmmu-vmsa e67b0000.iommu: IPMMU context 0 is reserved
[    0.114427] vgaarb: loaded
[    0.114629] SCSI subsystem initialized
[    0.114881] usbcore: registered new interface driver usbfs
[    0.114909] usbcore: registered new interface driver hub
[    0.114933] usbcore: registered new device driver usb
[    0.118475] i2c-sh_mobile e60b0000.i2c: I2C adapter 7, bus speed 400000 Hz
[    0.119016] mc: Linux media interface: v0.10
[    0.119037] videodev: Linux video capture interface: v2.00
[    0.119084] pps_core: LinuxPPS API ver. 1 registered
[    0.119091] pps_core: Software ver. 5.3.6 - Copyright 2005-2007 Rodolfo Giometti <giometti@linux.it>
[    0.119105] PTP clock support registered
[    0.119271] EDAC MC: Ver: 3.0.0
[    0.121274] FPGA manager framework
[    0.121337] Advanced Linux Sound Architecture Driver Initialized.
[    0.121921] clocksource: Switched to clocksource arch_sys_counter
[    0.122059] VFS: Disk quotas dquot_6.6.0
[    0.122101] VFS: Dquot-cache hash table entries: 512 (order 0, 4096 bytes)
[    0.122225] pnp: PnP ACPI: disabled
[    0.125797] NET: Registered protocol family 2
[    0.126215] IP idents hash table entries: 131072 (order: 8, 1048576 bytes, linear)
[    0.128481] tcp_listen_portaddr_hash hash table entries: 4096 (order: 4, 65536 bytes, linear)
[    0.128561] TCP established hash table entries: 65536 (order: 7, 524288 bytes, linear)
[    0.128844] TCP bind hash table entries: 65536 (order: 8, 1048576 bytes, linear)
[    0.129432] TCP: Hash tables configured (established 65536 bind 65536)
[    0.129547] UDP hash table entries: 4096 (order: 5, 131072 bytes, linear)
[    0.129661] UDP-Lite hash table entries: 4096 (order: 5, 131072 bytes, linear)
[    0.129880] NET: Registered protocol family 1
[    0.130256] RPC: Registered named UNIX socket transport module.
[    0.130266] RPC: Registered udp transport module.
[    0.130272] RPC: Registered tcp transport module.
[    0.130278] RPC: Registered tcp NFSv4.1 backchannel transport module.
[    0.130291] PCI: CLS 0 bytes, default 64
[    0.131201] hw perfevents: enabled with armv8_cortex_a53 PMU driver, 7 counters available
[    0.131473] hw perfevents: enabled with armv8_cortex_a57 PMU driver, 7 counters available
[    0.132086] kvm [1]: HYP mode not available
[    0.135013] Initialise system trusted keyrings
[    0.135135] workingset: timestamp_bits=42 max_order=21 bucket_order=0
[    0.138216] squashfs: version 4.0 (2009/01/31) Phillip Lougher
[    0.138617] NFS: Registering the id_resolver key type
[    0.138655] Key type id_resolver registered
[    0.138662] Key type id_legacy registered
[    0.138715] nfs4filelayout_init: NFSv4 File Layout Driver Registering...
[    0.138724] nfs4flexfilelayout_init: NFSv4 Flexfile Layout Driver Registering...
[    0.138820] 9p: Installing v9fs 9p2000 file system support
[    0.165086] Key type asymmetric registered
[    0.165097] Asymmetric key parser 'x509' registered
[    0.165126] Block layer SCSI generic (bsg) driver version 0.4 loaded (major 243)
[    0.165136] io scheduler mq-deadline registered
[    0.165147] io scheduler kyber registered
[    0.181273] gpio_rcar e6050000.gpio: driving 16 GPIOs
[    0.181591] gpio_rcar e6051000.gpio: driving 29 GPIOs
[    0.181865] gpio_rcar e6052000.gpio: driving 15 GPIOs
[    0.182162] gpio_rcar e6053000.gpio: driving 16 GPIOs
[    0.182428] gpio_rcar e6054000.gpio: driving 18 GPIOs
[    0.182696] gpio_rcar e6055000.gpio: driving 26 GPIOs
[    0.182968] gpio_rcar e6055400.gpio: driving 32 GPIOs
[    0.183238] gpio_rcar e6055800.gpio: driving 4 GPIOs
[    0.186151] rcar-pcie fe000000.pcie: host bridge /soc/pcie@fe000000 ranges:
[    0.186182] rcar-pcie fe000000.pcie:       IO 0x00fe100000..0x00fe1fffff -> 0x0000000000
[    0.186204] rcar-pcie fe000000.pcie:      MEM 0x00fe200000..0x00fe3fffff -> 0x00fe200000
[    0.186222] rcar-pcie fe000000.pcie:      MEM 0x0030000000..0x0037ffffff -> 0x0030000000
[    0.186236] rcar-pcie fe000000.pcie:      MEM 0x0038000000..0x003fffffff -> 0x0038000000
[    0.186253] rcar-pcie fe000000.pcie:   IB MEM 0x0040000000..0x007fffffff -> 0x0040000000
[    0.186295] rcar-pcie fe000000.pcie: no pcie3v3 regulator found
[    0.186306] rcar-pcie fe000000.pcie: no pcie1v8 regulator found
[    0.253631] rcar-pcie fe000000.pcie: PCIe link down
[    0.253811] rcar-pcie ee800000.pcie: host bridge /soc/pcie@ee800000 ranges:
[    0.253834] rcar-pcie ee800000.pcie:       IO 0x00ee900000..0x00ee9fffff -> 0x0000000000
[    0.253855] rcar-pcie ee800000.pcie:      MEM 0x00eea00000..0x00eebfffff -> 0x00eea00000
[    0.253874] rcar-pcie ee800000.pcie:      MEM 0x00c0000000..0x00c7ffffff -> 0x00c0000000
[    0.253888] rcar-pcie ee800000.pcie:      MEM 0x00c8000000..0x00cfffffff -> 0x00c8000000
[    0.253904] rcar-pcie ee800000.pcie:   IB MEM 0x0040000000..0x007fffffff -> 0x0040000000
[    0.253948] rcar-pcie ee800000.pcie: no pcie3v3 regulator found
[    0.253959] rcar-pcie ee800000.pcie: no pcie1v8 regulator found
[    0.413922] rcar-pcie ee800000.pcie: PCIe link down
[    0.416375] EINJ: ACPI disabled.
[    0.450665] Serial: 8250/16550 driver, 4 ports, IRQ sharing enabled
[    0.453082] SuperH (H)SCI(F) driver initialized
[    0.453499] e6550000.serial: ttySC1 at MMIO 0xe6550000 (irq = 42, base_baud = 0) is a hscif
[    0.454243] e6e88000.serial: ttySC0 at MMIO 0xe6e88000 (irq = 128, base_baud = 0) is a scif
[    1.658884] printk: console [ttySC0] enabled
[    1.664296] msm_serial: driver initialized
[    1.674609] rcar-dw-hdmi fead0000.hdmi: Detected HDMI TX controller v2.01a with HDCP (DWC HDMI 2.0 TX PHY)
[    1.684506] rcar-dw-hdmi fead0000.hdmi: registered DesignWare HDMI I2C bus driver
[    1.692745] rcar-dw-hdmi feae0000.hdmi: Detected HDMI TX controller v2.01a with HDCP (DWC HDMI 2.0 TX PHY)
[    1.702597] rcar-dw-hdmi feae0000.hdmi: registered DesignWare HDMI I2C bus driver
[    1.718070] loop: module loaded
[    1.722623] megasas: 07.714.04.00-rc1
[    1.728365] scsi host0: sata_rcar
[    1.731847] ata1: SATA max UDMA/133 irq 181
[    1.741263] tun: Universal TUN/TAP device driver, 1.6
[    1.747244] thunder_xcv, ver 1.0
[    1.750501] thunder_bgx, ver 1.0
[    1.753745] nicpf, ver 1.0
[    1.757876] hclge is initializing
[    1.761210] hns3: Hisilicon Ethernet Network Driver for Hip08 Family - version
[    1.768433] hns3: Copyright (c) 2017 Huawei Corporation.
[    1.773768] e1000: Intel(R) PRO/1000 Network Driver
[    1.778647] e1000: Copyright (c) 1999-2006 Intel Corporation.
[    1.784413] e1000e: Intel(R) PRO/1000 Network Driver
[    1.789377] e1000e: Copyright(c) 1999 - 2015 Intel Corporation.
[    1.795319] igb: Intel(R) Gigabit Ethernet Network Driver
[    1.800718] igb: Copyright (c) 2007-2014 Intel Corporation.
[    1.806305] igbvf: Intel(R) Gigabit Virtual Function Network Driver
[    1.812572] igbvf: Copyright (c) 2009 - 2012 Intel Corporation.
[    1.818908] sky2: driver version 1.30
[    1.826490] ravb e6800000.ethernet eth0: Base address at 0xe6800000, 2e:09:0a:00:c3:9a, IRQ 125.
[    1.836691] VFIO - User Level meta-driver version: 0.3
[    1.843870] ehci_hcd: USB 2.0 'Enhanced' Host Controller (EHCI) Driver
[    1.850417] ehci-pci: EHCI PCI platform driver
[    1.854884] ehci-platform: EHCI generic platform driver
[    1.860489] ehci-platform ee0a0100.usb: EHCI Host Controller
[    1.866169] ehci-platform ee0a0100.usb: new USB bus registered, assigned bus number 1
[    1.874095] ehci-platform ee0a0100.usb: irq 175, io mem 0xee0a0100
[    1.893929] ehci-platform ee0a0100.usb: USB 2.0 started, EHCI 1.10
[    1.900450] hub 1-0:1.0: USB hub found
[    1.904224] hub 1-0:1.0: 1 port detected
[    1.908637] ehci-platform ee0c0100.usb: EHCI Host Controller
[    1.914312] ehci-platform ee0c0100.usb: new USB bus registered, assigned bus number 2
[    1.922193] ehci-platform ee0c0100.usb: irq 176, io mem 0xee0c0100
[    1.941928] ehci-platform ee0c0100.usb: USB 2.0 started, EHCI 1.10
[    1.948387] hub 2-0:1.0: USB hub found
[    1.952156] hub 2-0:1.0: 1 port detected
[    1.981934] ehci-platform ee0e0100.usb: EHCI Host Controller
[    1.987612] ehci-platform ee0e0100.usb: new USB bus registered, assigned bus number 3
[    1.995525] ehci-platform ee0e0100.usb: irq 177, io mem 0xee0e0100
[    2.013928] ehci-platform ee0e0100.usb: USB 2.0 started, EHCI 1.10
[    2.020376] hub 3-0:1.0: USB hub found
[    2.024149] hub 3-0:1.0: 1 port detected
[    2.028526] ehci-orion: EHCI orion driver
[    2.032786] ehci-exynos: EHCI Exynos driver
[    2.037090] ohci_hcd: USB 1.1 'Open' Host Controller (OHCI) Driver
[    2.043287] ohci-pci: OHCI PCI platform driver
[    2.047772] ohci-platform: OHCI generic platform driver
[    2.053309] ohci-platform ee0a0000.usb: Generic Platform OHCI controller
[    2.060030] ohci-platform ee0a0000.usb: new USB bus registered, assigned bus number 4
[    2.067906] ohci-platform ee0a0000.usb: irq 175, io mem 0xee0a0000
[    2.149936] ata1: link resume succeeded after 1 retries
[    2.164227] hub 4-0:1.0: USB hub found
[    2.167996] hub 4-0:1.0: 1 port detected
[    2.172315] ohci-platform ee0c0000.usb: Generic Platform OHCI controller
[    2.179029] ohci-platform ee0c0000.usb: new USB bus registered, assigned bus number 5
[    2.186900] ohci-platform ee0c0000.usb: irq 176, io mem 0xee0c0000
[    2.261449] ata1: SATA link down (SStatus 0 SControl 300)
[    2.280180] hub 5-0:1.0: USB hub found
[    2.283948] hub 5-0:1.0: 1 port detected
[    2.288273] ohci-platform ee0e0000.usb: Generic Platform OHCI controller
[    2.294987] ohci-platform ee0e0000.usb: new USB bus registered, assigned bus number 6
[    2.302854] ohci-platform ee0e0000.usb: irq 177, io mem 0xee0e0000
[    2.396207] hub 6-0:1.0: USB hub found
[    2.399974] hub 6-0:1.0: 1 port detected
[    2.404307] ohci-exynos: OHCI Exynos driver
[    2.409153] xhci-hcd ee000000.usb: xHCI Host Controller
[    2.414393] xhci-hcd ee000000.usb: new USB bus registered, assigned bus number 7
[    2.437652] xhci-hcd ee000000.usb: hcc params 0x014051ce hci version 0x100 quirks 0x0000000000830410
[    2.446822] xhci-hcd ee000000.usb: irq 172, io mem 0xee000000
[    2.452684] xhci-hcd ee000000.usb: xHCI Host Controller
[    2.457919] xhci-hcd ee000000.usb: new USB bus registered, assigned bus number 8
[    2.465323] xhci-hcd ee000000.usb: Host supports USB 3.0 SuperSpeed
[    2.471887] hub 7-0:1.0: USB hub found
[    2.475656] hub 7-0:1.0: 1 port detected
[    2.479744] usb usb8: We don't know the algorithms for LPM for this host, disabling LPM.
[    2.488088] hub 8-0:1.0: USB hub found
[    2.491864] hub 8-0:1.0: 1 port detected
[    2.496660] usbcore: registered new interface driver usb-storage
[    2.504350] renesas_usbhs e6590000.usb: host probed
[    2.509240] renesas_usbhs e6590000.usb: no transceiver found
[    2.514971] renesas_usbhs e6590000.usb: gadget probed
[    2.520186] renesas_usbhs e6590000.usb: probed
[    2.525078] renesas_usbhs e659c000.usb: host probed
[    2.529973] renesas_usbhs e659c000.usb: no transceiver found
[    2.535686] renesas_usbhs e659c000.usb: gadget probed
[    2.540889] renesas_usbhs e659c000.usb: probed
[    2.547813] i2c /dev entries driver
[    2.562430] cs2000-cp 2-004f: revision - C1
[    2.566683] i2c-rcar e6510000.i2c: probed
[    2.571518] pca953x 4-0020: supply vcc not found, using dummy regulator
[    2.578240] pca953x 4-0020: using no AI
[    2.582901] gpio-355 (PCIE/SATA switch): hogged as output/low
[    2.595231] i2c-rcar e66d8000.i2c: probed
[    2.600622] adv748x 4-0070: Endpoint /soc/i2c@e66d8000/video-receiver@70/port@7/endpoint on port 7
[    2.609603] adv748x 4-0070: Endpoint /soc/i2c@e66d8000/video-receiver@70/port@8/endpoint on port 8
[    2.618575] adv748x 4-0070: Endpoint /soc/i2c@e66d8000/video-receiver@70/port@a/endpoint on port 10
[    2.627639] adv748x 4-0070: Endpoint /soc/i2c@e66d8000/video-receiver@70/port@b/endpoint on port 11
[    2.637032] adv748x 4-0070: chip found @ 0xe0 revision 2143
[    2.690648] rcar-csi2 fea80000.csi2: 1 lanes found
[    2.695794] rcar-csi2 feaa0000.csi2: 4 lanes found
[    2.705350] rcar-vin e6ef0000.video: Device registered as video0
[    2.711507] rcar-vin e6ef1000.video: Device registered as video1
[    2.717591] rcar-vin e6ef2000.video: Device registered as video2
[    2.723666] rcar-vin e6ef3000.video: Device registered as video3
[    2.729790] rcar-vin e6ef4000.video: Device registered as video4
[    2.735876] rcar-vin e6ef5000.video: Device registered as video5
[    2.741990] rcar-vin e6ef6000.video: Device registered as video6
[    2.748093] rcar-vin e6ef7000.video: Device registered as video7
[    2.756840] rcar_gen3_thermal e6198000.thermal: is using pseudo fixed FUSE values
[    2.769040] rcar_gen3_thermal e6198000.thermal: TSC0: Loaded 1 trip points
[    2.780368] rcar_gen3_thermal e6198000.thermal: TSC1: Loaded 1 trip points
[    2.791543] rcar_gen3_thermal e6198000.thermal: TSC2: Loaded 3 trip points
[    2.803623] sdhci: Secure Digital Host Controller Interface driver
[    2.805938] usb 3-1: new high-speed USB device number 2 using ehci-platform
[    2.809815] sdhci: Copyright(c) Pierre Ossman
[    2.822134] Synopsys Designware Multimedia Card Interface Driver
[    2.822280] renesas_sdhi_internal_dmac ee140000.mmc: Adding to iommu group 0
[    2.822365] renesas_sdhi_internal_dmac ee100000.mmc: Got CD GPIO
[    2.822421] renesas_sdhi_internal_dmac ee100000.mmc: Got WP GPIO
[    2.822736] renesas_sdhi_internal_dmac ee160000.mmc: Got CD GPIO
[    2.822763] renesas_sdhi_internal_dmac ee160000.mmc: Got WP GPIO
[    2.829507] sdhci-pltfm: SDHCI platform and OF driver helper
[    2.835226] renesas_sdhi_internal_dmac ee140000.mmc: Using IPMMU context 1
[    2.872552] ledtrig-cpu: registered to indicate activity on CPUs
[    2.879560] SMCCC: SOC_ID: ARCH_SOC_ID not implemented, skipping ....
[    2.886682] usbcore: registered new interface driver usbhid
[    2.892259] usbhid: USB HID core driver
[    2.899886] optee: probing for conduit method.
[    2.904409] optee: revision 3.22 (314ecf9d)
[    2.904920] optee driver R-Car Rev.1.0.11
[    2.913449] optee: dynamic shared memory is enabled
[    2.918600] optee: initialized driver
[    2.920793] renesas_sdhi_internal_dmac ee140000.mmc: mmc0 base at 0x00000000ee140000, max clock rate 200 MHz
[    2.933169] rcar_sound ec500000.sound: probed
[    2.938229] NET: Registered protocol family 17
[    2.942795] 9pnet: Installing 9P2000 support
[    2.947116] Key type dns_resolver registered
[    2.951748] registered taskstats version 1
[    2.955860] Loading compiled-in X.509 certificates
[    2.970836] thermal emergency: set temperature to 110 celsius
[    2.976273] usb-storage 3-1:1.0: USB Mass Storage device detected
[    2.976847] thermal emergency: shutdown target cpus 1-7
[    2.983556] scsi host1: usb-storage 3-1:1.0
[    2.987945] thermal emergency: freq scaled target cpus 0
[    2.997760] renesas_irqc e61c0000.interrupt-controller: driving 6 irqs
[    3.023245] mmc0: new HS400 MMC card at address 0001
[    3.028855] mmcblk0: mmc0:0001 BGSD3R 29.1 GiB 
[    3.033770] mmcblk0boot0: mmc0:0001 BGSD3R partition 1 16.0 MiB
[    3.040072] mmcblk0boot1: mmc0:0001 BGSD3R partition 2 16.0 MiB
[    3.046026] ehci-platform ee080100.usb: EHCI Host Controller
[    3.051713] ehci-platform ee080100.usb: new USB bus registered, assigned bus number 9
[    3.059654] ehci-platform ee080100.usb: irq 174, io mem 0xee080100
[    3.065928] mmcblk0rpmb: mmc0:0001 BGSD3R partition 3 4.00 MiB, chardev (509:0)
[    3.074949]  mmcblk0: p1
[    3.078186] ehci-platform ee080100.usb: USB 2.0 started, EHCI 1.10
[    3.086951] hub 9-0:1.0: USB hub found
[    3.090738] hub 9-0:1.0: 1 port detected
[    3.096263] ohci-platform ee080000.usb: Generic Platform OHCI controller
[    3.102996] ohci-platform ee080000.usb: new USB bus registered, assigned bus number 10
[    3.110987] ohci-platform ee080000.usb: irq 174, io mem 0xee080000
[    3.204569] hub 10-0:1.0: USB hub found
[    3.208429] hub 10-0:1.0: 1 port detected
[    3.213793] cpu cpu0: EM: created perf domain
[    3.218729] cpu cpu4: EM: created perf domain
[    3.226648] renesas_sdhi_internal_dmac ee100000.mmc: Got CD GPIO
[    3.229618] renesas_sdhi_internal_dmac ee160000.mmc: Got CD GPIO
[    3.231332] [drm] Initialized rcar-du 1.0.0 20130110 for feb00000.display on minor 0
[    3.231335] [drm] Device feb00000.display probed
[    3.232706] renesas_sdhi_internal_dmac ee100000.mmc: Got WP GPIO
[    3.238770] renesas_sdhi_internal_dmac ee160000.mmc: Got WP GPIO
[    3.295942] renesas_sdhi_internal_dmac ee100000.mmc: mmc1 base at 0x00000000ee100000, max clock rate 200 MHz
[    3.302961] Console: switching to colour frame buffer device 128x48
[    3.312528] renesas_sdhi_internal_dmac ee160000.mmc: mmc2 base at 0x00000000ee160000, max clock rate 200 MHz
[    3.343985] rcar-du feb00000.display: [drm] fb0: rcar-dudrmfb frame buffer device
[    3.356849] input: keys as /devices/platform/keys/input/input0
[    3.437409] Micrel KSZ9031 Gigabit PHY e6800000.ethernet-ffffffff:00: attached PHY driver [Micrel KSZ9031 Gigabit PHY] (mii_bus:phy_addr=e6800000.ethernet-ffffffff:00, irq=183)
[    3.999123] scsi 1:0:0:0: Direct-Access     SanDisk  Ultra            1.00 PQ: 0 ANSI: 6
[    4.008612] sd 1:0:0:0: [sda] 121307136 512-byte logical blocks: (62.1 GB/57.8 GiB)
[    4.017601] sd 1:0:0:0: [sda] Write Protect is off
[    4.023480] sd 1:0:0:0: [sda] Write cache: disabled, read cache: enabled, doesn't support DPO or FUA
[    4.044008]  sda: sda1
[    4.051673] sd 1:0:0:0: [sda] Attached SCSI removable disk
[    9.969201] ravb e6800000.ethernet eth0: Link is Up - 1Gbps/Full - flow control off
[    9.993963] IP-Config: Guessing netmask 255.255.255.0
[    9.999127] IP-Config: Complete:
[   10.002446]      device=eth0, hwaddr=2e:09:0a:00:c3:9a, ipaddr=192.168.10.107, mask=255.255.255.0, gw=255.255.255.255
[   10.013271]      host=192.168.10.107, domain=, nis-domain=(none)
[   10.019403]      bootserver=255.255.255.255, rootserver=192.168.10.98, rootpath=
[   10.020019] ALSA device list:
[   10.038670]   No soundcards found.
[   11.108914] VFS: Mounted root (nfs4 filesystem) on device 0:22.
[   11.119914] devtmpfs: mounted
[   11.130609] Freeing unused kernel memory: 6144K
[   11.162070] Run /sbin/init as init process
[   11.367423] systemd[1]: System time before build time, advancing clock.
[   11.768653] NET: Registered protocol family 10
[   11.777086] Segment Routing with IPv6
[   11.805909] systemd[1]: systemd 244 running in system mode. (+PAM -AUDIT -SELINUX +IMA -APPARMOR -SMACK +SYSVINIT +UTMP -LIBCRYPTSETUP -GCRYPT -GNUTLS +ACL +XZ -LZ4 -SECCOMP +BLKID -ELFUTILS +KMOD -IDN2 -IDN -PCRE2 default-hierarchy=hybrid)
[   11.830244] systemd[1]: Detected architecture arm64.

Welcome to [1mPoky (Yocto Project Reference Distro) 3.1.11 (dunfell)[0m!

[   11.862740] systemd[1]: Set hostname to <salvator-x>.
[   12.341978] random: crng init done
[   12.677918] systemd[1]: system-getty.slice: unit configures an IP firewall, but the local system does not support BPF/cgroup firewalling.
[   12.699397] systemd[1]: (This warning is only shown for the first unit using IP firewalling.)
[   12.714875] systemd[1]: Created slice system-getty.slice.
[[0;32m  OK  [0m] Created slice [0;1;39msystem-getty.slice[0m.
[   12.738944] systemd[1]: Created slice system-serial\x2dgetty.slice.
[[0;32m  OK  [0m] Created slice [0;1;39msystem-serial\x2dgetty.slice[0m.
[   12.763226] systemd[1]: Created slice User and Session Slice.
[[0;32m  OK  [0m] Created slice [0;1;39mUser and Session Slice[0m.
[   12.786389] systemd[1]: Started Dispatch Password Requests to Console Directory Watch.
[[0;32m  OK  [0m] Started [0;1;39mDispatch Password â€¦ts to Console Directory Watch[0m.
[   12.814327] systemd[1]: Started Forward Password Requests to Wall Directory Watch.
[[0;32m  OK  [0m] Started [0;1;39mForward Password Râ€¦uests to Wall Directory Watch[0m.
[   12.842262] systemd[1]: Reached target Paths.
[[0;32m  OK  [0m] Reached target [0;1;39mPaths[0m.
[   12.866120] systemd[1]: Reached target Remote File Systems.
[[0;32m  OK  [0m] Reached target [0;1;39mRemote File Systems[0m.
[   12.890079] systemd[1]: Reached target Slices.
[[0;32m  OK  [0m] Reached target [0;1;39mSlices[0m.
[   12.914092] systemd[1]: Reached target Swap.
[[0;32m  OK  [0m] Reached target [0;1;39mSwap[0m.
[   12.940775] systemd[1]: Listening on RPCbind Server Activation Socket.
[[0;32m  OK  [0m] Listening on [0;1;39mRPCbind Server Activation Socket[0m.
[   12.970136] systemd[1]: Reached target RPC Port Mapper.
[[0;32m  OK  [0m] Reached target [0;1;39mRPC Port Mapper[0m.
[   12.994434] systemd[1]: Listening on initctl Compatibility Named Pipe.
[[0;32m  OK  [0m] Listening on [0;1;39minitctl Compatibility Named Pipe[0m.
[   13.024285] systemd[1]: Listening on Journal Audit Socket.
[[0;32m  OK  [0m] Listening on [0;1;39mJournal Audit Socket[0m.
[   13.051863] systemd[1]: Listening on Journal Socket (/dev/log).
[[0;32m  OK  [0m] Listening on [0;1;39mJournal Socket (/dev/log)[0m.
[   13.078795] systemd[1]: Listening on Journal Socket.
[[0;32m  OK  [0m] Listening on [0;1;39mJournal Socket[0m.
[   13.104131] systemd[1]: Listening on Network Service Netlink Socket.
[[0;32m  OK  [0m] Listening on [0;1;39mNetwork Service Netlink Socket[0m.
[   13.133056] systemd[1]: Listening on udev Control Socket.
[[0;32m  OK  [0m] Listening on [0;1;39mudev Control Socket[0m.
[   13.158602] systemd[1]: Listening on udev Kernel Socket.
[[0;32m  OK  [0m] Listening on [0;1;39mudev Kernel Socket[0m.
[   13.187355] systemd[1]: Mounting Huge Pages File System...
         Mounting [0;1;39mHuge Pages File System[0m...
[   13.215314] systemd[1]: Mounting POSIX Message Queue File System...
         Mounting [0;1;39mPOSIX Message Queue File System[0m...
[   13.247227] systemd[1]: Mounting Kernel Debug File System...
         Mounting [0;1;39mKernel Debug File System[0m...
[   13.277534] systemd[1]: Mounting Temporary Directory (/tmp)...
         Mounting [0;1;39mTemporary Directory (/tmp)[0m...
[   13.307910] systemd[1]: Starting Create list of static device nodes for the current kernel...
         Starting [0;1;39mCreate list of stâ€¦odes for the current kernel[0m...
[   13.342989] systemd[1]: Starting Start psplash boot splash screen...
         Starting [0;1;39mStart psplash boot splash screen[0m...
[   13.376812] systemd[1]: Starting RPC Bind...
         Starting [0;1;39mRPC Bind[0m...
[   13.402938] systemd[1]: Condition check resulted in File System Check on Root Device being skipped.
[   13.418658] systemd[1]: Starting Journal Service...
         Starting [0;1;39mJournal Service[0m...
[   13.446679] systemd[1]: Starting Load Kernel Modules...
         Starting [0;1;39mLoad Kernel Modules[0m...
[   13.470971] systemd[1]: Starting Remount Root and Kernel File Systems...
         Starting [0;1;39mRemount Root and Kernel File Systems[0m...
[   13.498540] systemd[1]: Starting udev Coldplug all Devices...
         Starting [0;1;39mudev Coldplug all Devices[0m...
[   13.526922] systemd[1]: Started Start psplash boot splash screen.
[[0;32m  OK  [0m] Started [0;1;39mStart psplash boot splash screen[0m.
[   13.554824] systemd[1]: Started RPC Bind.
[[0;32m  OK  [0m] Started [0;1;39mRPC Bind[0m.
[   13.578518] systemd[1]: Started Journal Service.
[[0;32m  OK  [0m] Started [0;1;39mJournal Service[0m.
[[0;32m  OK  [0m] Mounted [0;1;39mHuge Pages File System[0m.
[[0;32m  OK  [0m] Mounted [0;1;39mPOSIX Message Queue File System[0m.
[[0;32m  OK  [0m] Mounted [0;1;39mKernel Debug File System[0m.
[[0;32m  OK  [0m] Mounted [0;1;39mTemporary Directory (/tmp)[0m.
[[0;32m  OK  [0m] Started [0;1;39mCreate list of staâ€¦ nodes for the current kernel[0m.
[[0;32m  OK  [0m] Started [0;1;39mLoad Kernel Modules[0m.
[[0;32m  OK  [0m] Started [0;1;39mRemount Root and Kernel File Systems[0m.
         Mounting [0;1;39mKernel Configuration File System[0m...
[[0;32m  OK  [0m] Started [0;1;39mStart psplash-systâ€¦progress communication helper[0m.
         Starting [0;1;39mFlush Journal to Persistent Storage[0m...
         Starting [0;1;39mApply Kernel Variables[0m...
[   13.810092] systemd-journald[347]: Received client request to flush runtime journal.
         Starting [0;1;39mCreate Static Device Nodes in /dev[0m...
[[0;32m  OK  [0m] Mounted [0;1;39mKernel Configuration File System[0m.
[[0;32m  OK  [0m] Started [0;1;39mFlush Journal to Persistent Storage[0m.
[[0;32m  OK  [0m] Started [0;1;39mApply Kernel Variables[0m.
[[0;32m  OK  [0m] Started [0;1;39mCreate Static Device Nodes in /dev[0m.
[[0;32m  OK  [0m] Reached target [0;1;39mLocal File Systems (Pre)[0m.
         Mounting [0;1;39m/var/volatile[0m...
         Starting [0;1;39mudev Kernel Device Manager[0m...
[[0;32m  OK  [0m] Started [0;1;39mudev Coldplug all Devices[0m.
[[0;32m  OK  [0m] Mounted [0;1;39m/var/volatile[0m.
         Starting [0;1;39mLoad/Save Random Seed[0m...
[[0;32m  OK  [0m] Reached target [0;1;39mLocal File Systems[0m.
         Starting [0;1;39mCreate Volatile Files and Directories[0m...
[[0;32m  OK  [0m] Started [0;1;39mLoad/Save Random Seed[0m.
[[0;32m  OK  [0m] Started [0;1;39mudev Kernel Device Manager[0m.
         Starting [0;1;39mNetwork Service[0m...
[[0;32m  OK  [0m] Started [0;1;39mCreate Volatile Files and Directories[0m.
[[0;32m  OK  [0m] Started [0;1;39mNetwork Service[0m.
         Starting [0;1;39mNetwork Name Resolution[0m...
         Starting [0;1;39mNetwork Time Synchronization[0m...
         Starting [0;1;39mUpdate UTMP about System Boot/Shutdown[0m...
[[0;32m  OK  [0m] Started [0;1;39mUpdate UTMP about System Boot/Shutdown[0m.
[   14.371625] pwm-backlight: probe of backlight failed with error -16
[[0;32m  OK  [0m] Started [0;1;39mNetwork Name Resolution[0m.
[[0;32m  OK  [0m] Started [0;1;39mNetwork Time Synchronization[0m.
[   14.440060] at24 7-0050: supply vcc not found, using dummy regulator
[   14.448044] at24 7-0050: 128 byte br24t01 EEPROM, writable, 8 bytes/write
[[0;32m  OK  [0m] Reached target [0;1;39mNetwork[0m.
[[0;32m  OK  [0m] Reached target [0;1;39mHost and Network Name Lookups[0m.
[[0;32m  OK  [0m] Reached target [0;1;39mSystem Initialization[0m.
[[0;32m  OK  [0m] Started [0;1;39mDaily Cleanup of Temporary Directories[0m.
[[0;32m  OK  [0m] Reached target [0;1;39mSystem Time Set[0m.
[   14.540420] ccree e6601000.crypto: ARM CryptoCell 630P Driver: HW version 0xAF400001/0xDCC63000, Driver version 5.0
[[0;32m  OK  [0m] Reached target [0;1;39mSystem Time Synchronized[0m.
[   14.570037] ccree e6601000.crypto: ARM ccree device initialized
[[0;32m  OK  [0m] Reached target [0;1;39mTimers[0m.
[[0;32m  OK  [0m] Reached target [0;1;39mHardware activated USB gadget[0m.
[[0;32m  OK  [0m] Listening on [0;1;39mAvahi mDNS/DNS-SD Stack Activation Socket[0m.
[   14.629582] renesas_usb3 ee020000.usb: probed with phy
[[0;32m  OK  [0m] Listening on [0;1;39mD-Bus System Message Bus Socket[0m.
[[0;32m  OK  [0m] Listening on [0;1;39mdropbear.socket[0m.
[[0;32m  OK  [0m] Reached target [0;1;39mSockets[0m.
[[0;32m  OK  [0m] Reached target [0;1;39mBasic System[0m.
         Starting [0;1;39mAvahi mDNS/DNS-SD Stack[0m...
[[0;32m  OK  [0m] Started [0;1;39mD-Bus System Message Bus[0m.
[[0;32m  OK  [0m] Started [0;1;39moptee services[0m.
         Starting [0;1;39mpvrinit.service[0m...
         Starting [0;1;39mPowerVR consumer services[0m...
         Starting [0;1;39mLogin Service[0m...
         Starting [0;1;39mPermit User Sessions[0m...
[[0;32m  OK  [0m] Started [0;1;39mXinetd A Powerful Replacement For Inetd[0m.
[[0;1;31mFAILED[0m] Failed to start [0;1;39mpvrinit.service[0m.
See 'systemctl status pvrinit.service' for details.
[[0;1;31mFAILED[0m] Failed to start [0;1;39mPowerVR consumer services[0m.
See 'systemctl status rc.pvr.service' for details.
[[0;32m  OK  [0m] Started [0;1;39mPermit User Sessions[0m.
[[0;32m  OK  [0m] Started [0;1;39mAvahi mDNS/DNS-SD Stack[0m.
[[0;32m  OK  [0m] Started [0;1;39mLogin Service[0m.
[[0;32m  OK  [0m] Created slice [0;1;39msystem-weston.slice[0m.
[[0;32m  OK  [0m] Started [0;1;39mGetty on tty1[0m.
         Starting [0;1;39mPowerVR consumer services[0m...
[[0;32m  OK  [0m] Started [0;1;39mSerial Getty on ttySC0[0m.
[[0;32m  OK  [0m] Reached target [0;1;39mLogin Prompts[0m.
         Starting [0;1;39mset_default_governor.service[0m...
[[0;1;31mFAILED[0m] Failed to start [0;1;39mPowerVR consumer services[0m.
See 'systemctl status rc.pvr.service' for details.
[   15.314327] rd 0-7: Disabling EAS, schedutil is mandatory
[[0;1;38;5;185mDEPEND[0m] Dependency failed for [0;1;39mWeston Wayland Compositor[0m.
[[0;32m  OK  [0m] Started [0;1;39mset_default_governor.service[0m.
[[0;32m  OK  [0m] Reached target [0;1;39mMulti-User System[0m.
         Starting [0;1;39mUpdate UTMP about System Runlevel Changes[0m...
[[0;32m  OK  [0m] Started [0;1;39mUpdate UTMP about System Runlevel Changes[0m.

Poky (Yocto Project Reference Distro) 3.1.11 salvator-x ttySC0

salvator-x login: 
salvator-x login: root
[   17.361445] audit: type=1006 audit(1703064537.988:2): pid=532 uid=0 old-auid=4294967295 auid=0 tty=(none) old-ses=4294967295 ses=1 res=1
7[r[999;999H[6n8root@salvator-x:~# 
root@salvator-x:~# 
root@salvator-x:~# 
root@salvator-x:~# 
root@salvator-x:~# 
root@salvator-x:~# 
root@salvator-x:~# 
root@salvator-x:~# 
root@salvator-x:~# 
----------Prepare----------


root@salvator-x:~# find /sys/devices/platform/soc/ee0e0100.usb/ -name 'sd*'
/sys/devices/platform/soc/ee0e0100.usb/usb3/3-1/3-1:1.0/host1/target1:0:0/1:0:0:0/block/sda
/sys/devices/platform/soc/ee0e0100.usb/usb3/3-1/3-1:1.0/host1/target1:0:0/1:0:0:0/block/sda/sda1
root@salvator-x:~# 
root@salvator-x:~# dd if=/dev/urandom of=testdata bs=10M count=5
5+0 records in
5+0 records out
52428800 bytes (52 MB, 50 MiB) copied, 1.27337 s, 41.2 MB/s
root@salvator-x:~# 
root@salvator-x:~# mkdir -p /mnt/usb
root@salvator-x:~# 
root@salvator-x:~# mount /dev/sda1 /mnt/usb
[   39.521607] EXT4-fs (sda1): recovery complete
[   39.527121] EXT4-fs (sda1): mounted filesystem with ordered data mode. Opts: (null)
root@salvator-x:~# 
root@salvator-x:~# cp testdata /mnt/usb/
[   41.950082] SDHI0 VccQ: disabling
[   41.953482] SDHI3 VccQ: disabling
root@salvator-x:~# 
root@salvator-x:~# umount /mnt/usb
root@salvator-x:~# 
root@salvator-x:~# find /sys/devices/platform/soc/ee0e0100.usb/ -name 'sd*'
/sys/devices/platform/soc/ee0e0100.usb/usb3/3-1/3-1:1.0/host1/target1:0:0/1:0:0:0/block/sda
/sys/devices/platform/soc/ee0e0100.usb/usb3/3-1/3-1:1.0/host1/target1:0:0/1:0:0:0/block/sda/sda1
root@salvator-x:~# 
root@salvator-x:~# i2cset -f -y 7 0x30 0x20 0x0f
root@salvator-x:~# 

Switch SW23 off and input 'yes' to continue:
Input 'yes' to continue: 

root@salvator-x:~# echo N > /sys/module/printk/parameters/console_suspend
root@salvator-x:~# 
root@salvator-x:~# mount /dev/sda1 /mnt/usb
[   60.492808] EXT4-fs (sda1): mounted filesystem with ordered data mode. Opts: (null)
root@salvator-x:~# 
root@salvator-x:~# cp testdata /mnt/usb/testdata_from_nfs &
[1] 558
root@salvator-x:~# 
root@salvator-x:~# echo mem > /sys/power/state
[   61.846406] PM: suspend entry (deep)
[   64.877191] Filesystems sync: 3.027 seconds
[   64.883446] Freezing user space processes ... (elapsed 0.001 seconds) done.
[   64.885078] OOM killer disabled.
[   64.885080] Freezing remaining freezable tasks ... (elapsed 0.000 seconds) done.
[   65.328200] ravb e6800000.ethernet eth0: Link is Down
[   65.342673] Disabling non-boot CPUs ...
[   65.347116] CPU1: shutdown
[   65.349827] psci: CPU1 killed (polled 0 ms)
[   65.355612] CPU2: shutdown
[   65.358359] psci: CPU2 killed (polled 0 ms)
[   65.363951] CPU3: shutdown
[   65.366684] psci: CPU3 killed (polled 0 ms)
[   65.372496] CPU4: shutdown
[   65.375238] psci: CPU4 killed (polled 0 ms)
[   65.380995] CPU5: shutdown
[   65.383744] psci: CPU5 killed (polled 0 ms)
[   65.389359] CPU6: shutdown
[   65.392104] psci: CPU6 killed (polled 0 ms)
[   65.397811] CPU7: shutdown
[   65.400564] psci: CPU7 killed (polled 0 ms)
 
Pull out USB device at CN37


Press any button to continue


 Switch power switch: 

NOTICE:  BL2: R-Car Gen3 Initial Program Loader(CA57) Rev.4.0.0
NOTICE:  BL2: PRR is R-Car H3 Ver.3.0
NOTICE:  BL2: Board is Salvator-XS Rev.1.0
NOTICE:  BL2: Boot device is HyperFlash(160MHz)
NOTICE:  BL2: LCM state is CM
NOTICE:  AVS setting succeeded. DVFS_SetVID=0x53
NOTICE:  BL2: DDR3200(rev.0.42)
NOTICE:  BL2: [WARM_BOOT]
NOTICE:  BL2: DRAM Split is 4ch(DDR f)
NOTICE:  BL2: QoS is default setting(rev.0.11)
NOTICE:  BL2: DRAM refresh interval 1.95 usec
NOTICE:  BL2: Periodic Write DQ Training
NOTICE:  BL2: CH0: 400000000 - 47fffffff, 2 GiB
NOTICE:  BL2: CH1: 500000000 - 57fffffff, 2 GiB
NOTICE:  BL2: CH2: 600000000 - 67fffffff, 2 GiB
NOTICE:  BL2: CH3: 700000000 - 77fffffff, 2 GiB
NOTICE:  BL2: Lossy Decomp areas
NOTICE:       Entry 0: DCMPAREACRAx:0x80000540 DCMPAREACRBx:0x570
NOTICE:       Entry 1: DCMPAREACRAx:0x40000000 DCMPAREACRBx:0x0
NOTICE:       Entry 2: DCMPAREACRAx:0x20000000 DCMPAREACRBx:0x0
NOTICE:  BL2: FDT at 0xe6327f70
NOTICE:  BL2: v2.9(release):9cdb21f75
NOTICE:  BL2: Built : 05:25:39, Dec 19 2023
NOTICE:  BL2: Normal boot
[   65.405793] Enabling non-boot CPUs ...
[   65.409831] Detected PIPT I-cache on CPU1
[   65.409886] CPU1: Booted secondary processor 0x0000000001 [0x411fd073]
[   65.410354] CPU1 is up
[   65.423418] Detected PIPT I-cache on CPU2
[   65.423440] CPU2: Booted secondary processor 0x0000000002 [0x411fd073]
[   65.423707] CPU2 is up
[   65.436719] Detected PIPT I-cache on CPU3
[   65.436742] CPU3: Booted secondary processor 0x0000000003 [0x411fd073]
[   65.437026] CPU3 is up
[   65.450117] Detected VIPT I-cache on CPU4
[   65.450170] CPU4: Booted secondary processor 0x0000000100 [0x410fd034]
[   65.451048] CPU4 is up
[   65.464059] Detected VIPT I-cache on CPU5
[   65.464092] CPU5: Booted secondary processor 0x0000000101 [0x410fd034]
[   65.464659] CPU5 is up
[   65.477669] Detected VIPT I-cache on CPU6
[   65.477702] CPU6: Booted secondary processor 0x0000000102 [0x410fd034]
[   65.478408] CPU6 is up
[   65.491418] Detected VIPT I-cache on CPU7
[   65.491451] CPU7: Booted secondary processor 0x0000000103 [0x410fd034]
[   65.492082] CPU7 is up
[   65.564302] xhci-hcd ee000000.usb: xHC error in resume, USBSTS 0x401, Reinit
[   65.571367] usb usb7: root hub lost power or was reset
[   65.576492] usb usb8: root hub lost power or was reset
[   65.632916] Micrel KSZ9031 Gigabit PHY e6800000.ethernet-ffffffff:00: attached PHY driver [Micrel KSZ9031 Gigabit PHY] (mii_bus:phy_addr=e6800000.ethernet-ffffffff:00, irq=183)
[   65.747913] usb usb4: root hub lost power or was reset
[   65.753095] usb usb1: root hub lost power or was reset
[   65.840020] usb usb5: root hub lost power or was reset
[   65.845184] usb usb2: root hub lost power or was reset
[   65.931992] usb usb6: root hub lost power or was reset
[   65.937260] usb usb3: root hub lost power or was reset
[   66.051996] usb usb10: root hub lost power or was reset
[   66.057344] usb usb9: root hub lost power or was reset
[   66.069981] ata1: link resume succeeded after 1 retries
[   66.181492] ata1: SATA link down (SStatus 0 SControl 300)
[   68.829909] OOM killer enabled.
[   68.833742] Restarting tasks ... 
[   68.834001] usb 3-1: USB disconnect, device number 2
[   68.834434] done.
[   68.841950] blk_update_request: I/O error, dev sda, sector 8395008 op 0x1:(WRITE) flags 0x4000 phys_seg 30 prio class 0
[1]+  Done                    cp testdata /mnt/usb/testdata_from_nfs
[   68.862756] blk_update_request: I/O error, dev sda, sector 8395248 op 0x1:(WRITE) flags 0x4000 phys_seg 30 prio class 0
[   68.862788] blk_update_request: I/O error, dev sda, sector 8395488 op 0x1:(WRITE) flags 0x4000 phys_seg 30 prio class 0
[   68.862803] blk_update_request: I/O error, dev sda, sector 8395728 op 0x1:(WRITE) flags 0x4000 phys_seg 30 prio class 0
[   68.862827] blk_update_request: I/O error, dev sda, sector 8395968 op 0x1:(WRITE) flags 0x4000 phys_seg 30 prio class 0
root@salvator-x:[   68.862836] blk_update_request: I/O error, dev sda, sector 8396208 op 0x1:(WRITE) flags 0x4000 phys_seg 30 prio class 0
~# [   68.862861] blk_update_request: I/O error, dev sda, sector 8396448 op 0x1:(WRITE) flags 0x4000 phys_seg 30 prio class 0
[   68.862869] blk_update_request: I/O error, dev sda, sector 8396688 op 0x1:(WRITE) flags 0x4000 phys_seg 30 prio class 0
[   68.862907] blk_update_request: I/O error, dev sda, sector 8396928 op 0x1:(WRITE) flags 0x0 phys_seg 16 prio class 0
[   68.862918] blk_update_request: I/O error, dev sda, sector 8397056 op 0x1:(WRITE) flags 0x4800 phys_seg 30 prio class 0
[   68.862957] PM: suspend exit
[   68.863144] Aborting journal on device sda1-8.
[   68.863166] Buffer I/O error on dev sda1, logical block 7372800, lost sync page write
[   68.863176] JBD2: Error -5 detected when updating journal superblock for sda1-8.
[   72.236362] ravb e6800000.ethernet eth0: Link is Up - 1Gbps/Full - flow control off

root@salvator-x:~# echo "Wake up sucessfully"
Wake up sucessfully
root@salvator-x:~# 
Plug in USB device at CN37


Press any button to continue

[   84.585905] usb 3-1: new high-speed USB device number 3 using ehci-platform
[   84.748130] usb-storage 3-1:1.0: USB Mass Storage device detected
[   84.755807] scsi host2: usb-storage 3-1:1.0
[   85.791578] scsi 2:0:0:0: Direct-Access     SanDisk  Ultra            1.00 PQ: 0 ANSI: 6
[   85.801176] sd 2:0:0:0: [sdb] 121307136 512-byte logical blocks: (62.1 GB/57.8 GiB)
[   85.810214] sd 2:0:0:0: [sdb] Write Protect is off
[   85.815853] sd 2:0:0:0: [sdb] Write cache: disabled, read cache: enabled, doesn't support DPO or FUA
[   85.856140]  sdb: sdb1
[   85.862192] sd 2:0:0:0: [sdb] Attached SCSI removable disk

root@salvator-x:~# find /sys/devices/platform/soc/ee0e0100.usb/ -name 'sd*'
/sys/devices/platform/soc/ee0e0100.usb/usb3/3-1/3-1:1.0/host2/target2:0:0/2:0:0:0/block/sdb
/sys/devices/platform/soc/ee0e0100.usb/usb3/3-1/3-1:1.0/host2/target2:0:0/2:0:0:0/block/sdb/sdb1
root@salvator-x:~# 
root@salvator-x:~# wait
root@salvator-x:~# 
root@salvator-x:~# mount /dev/sdb1 /mnt/usb
[   93.198896] EXT4-fs (sdb1): recovery complete
[   93.210784] EXT4-fs (sdb1): mounted filesystem with ordered data mode. Opts: (null)
root@salvator-x:~# 
root@salvator-x:~# sync
root@salvator-x:~# 
root@salvator-x:~# cmp testdata /mnt/usb/testdata_from_nfs
root@salvator-x:~# 
root@salvator-x:~# umount /mnt/usb
root@salvator-x:~# 
 
#### Result: OK ####
