

----------Item 7----------


Please press switch to restart board 

[F 00:00:120
[F 00:00:119
[F 00:00:118
NOTICE:  BL2: R-Car Gen3 Initial Program Loader(CA57) Rev.4.0.0
NOTICE:  BL2: PRR is R-Car H3 Ver.3.0
NOTICE:  BL2: Board is Salvator-XS Rev.1.0
NOTICE:  BL2: Boot device is HyperFlash(160MHz)
NOTICE:  BL2: LCM state is CM
NOTICE:  AVS setting succeeded. DVFS_SetVID=0x53
NOTICE:  BL2: DDR3200(rev.0.42)
NOTICE:  BL2: [COLD_BOOT]
NOTICE:  BL2: DRAM Split is 4ch(DDR f)
NOTICE:  BL2: QoS is default setting(rev.0.11)
NOTICE:  BL2: DRAM refresh interval 1.95 usec
NOTICE:  BL2: Periodic Write DQ Training
NOTICE:  BL2: CH0: 400000000 - 47fffffff, 2 GiB
NOTICE:  BL2: CH1: 500000000 - 57fffffff, 2 GiB
NOTICE:  BL2: CH2: 600000000 - 67fffffff, 2 GiB
NOTICE:  BL2: CH3: 700000000 - 77fffffff, 2 GiB
NOTICE:  BL2: Lossy Decomp areas
NOTICE:       Entry 0: DCMPAREACRAx:0x80000540 DCMPAREACRBx:0x570
NOTICE:       Entry 1: DCMPAREACRAx:0x40000000 DCMPAREACRBx:0x0
NOTICE:       Entry 2: DCMPAREACRAx:0x20000000 DCMPAREACRBx:0x0
NOTICE:  BL2: FDT at 0xe6327f70
NOTICE:  BL2: v2.9(release):9cdb21f75
NOTICE:  BL2: Built : 05:25:39, Dec 19 2023
NOTICE:  BL2: Normal boot
NOTICE:  BL2: dst=0xe6327800 src=0x8180000 len=512(0x200)
NOTICE:  BL2: dst=0x43f00000 src=0x8180400 len=6144(0x1800)
NOTICE:  rcar_file_len: len: 0x0003e000
NOTICE:  BL2: dst=0x44000000 src=0x81c0000 len=253952(0x3e000)
NOTICE:  rcar_file_len: len: 0x00200000
NOTICE:  BL2: dst=0x44100000 src=0x8200000 len=2097152(0x200000)
NOTICE:  rcar_file_len: len: 0x00100000
NOTICE:  BL2: dst=0x50000000 src=0x8640000 len=1048576(0x100000)
NOTICE:  BL2: Booting BL31


U-Boot 2020.10 (Dec 19 2023 - 14:30:40 +0000)

CPU: Renesas Electronics R8A7795 rev 3.0
Model: Renesas Salvator-X 2nd version board based on r8a77951
DRAM:  7.9 GiB
RAM Configuration:
Bank #0: 0x048000000 - 0x0bfffffff, 1.9 GiB
Bank #1: 0x500000000 - 0x57fffffff, 2 GiB
Bank #2: 0x600000000 - 0x67fffffff, 2 GiB
Bank #3: 0x700000000 - 0x77fffffff, 2 GiB

MMC:   sd@ee100000: 0, sd@ee140000: 1, sd@ee160000: 2
Loading Environment from MMC... OK
In:    serial@e6e88000
Out:   serial@e6e88000
Err:   serial@e6e88000
Net:   eth0: ethernet@e6800000
Hit any key to stop autoboot:  2  1  0 
ethernet@e6800000 Waiting for PHY auto negotiation to complete............... done
Using ethernet@e6800000 device
TFTP from server 192.168.10.98; our IP address is 192.168.10.107
Filename 'BV/PT3/boot_USB2H/Image'.
Load address: 0x48080000
Loading: *#################################################################
	 #################################################################
	 #################################################################
	 #################################################################
	 #################################################################
	 #################################################################
	 #################################################################
	 #################################################################
	 #################################################################
	 #################################################################
	 #################################################################
	 #################################################################
	 #################################################################
	 #################################################################
	 #################################################################
	 #################################################################
	 #################################################################
	 #################################################################
	 #################################################################
	 #################################################################
	 #################################################################
	 #################################################################
	 #################################################################
	 #################################################################
	 #################################################################
	 #################################################################
	 #################################################################
	 #################################################################
	 #################################################################
	 #################################################################
	 #################################################################
	 #################################################################
	 #################################################################
	 #################################################################
	 ################################################################
	 4.1 MiB/s
done
Bytes transferred = 33376768 (1fd4a00 hex)
Using ethernet@e6800000 device
TFTP from server 192.168.10.98; our IP address is 192.168.10.107
Filename 'BV/PT3/boot_USB2H/r8a77951-salvator-xs.dtb'.
Load address: 0x48000000
Loading: *#######
	 5.8 MiB/s
done
Bytes transferred = 90876 (162fc hex)
Moving Image from 0x48080000 to 0x48200000, end=4a260000
## Flattened Device Tree blob at 48000000
   Booting using the fdt blob at 0x48000000
   Loading Device Tree to 0000000053fe6000, end 0000000053fff2fb ... OK

Starting kernel ...

[    0.000000] Booting Linux on physical CPU 0x0000000000 [0x411fd073]
[    0.000000] Linux version 5.10.194-yocto-standard (thuan.nguyen-hong@banvien) (aarch64-poky-linux-gcc (GCC) 9.3.0, GNU ld (GNU Binutils) 2.34.0.20200220) #10 SMP PREEMPT Mon Feb 19 03:51:05 UTC 2024
[    0.000000] Machine model: Renesas Salvator-X 2nd version board based on r8a77951
[    0.000000] efi: UEFI not found.
[    0.000000] Reserved memory: created CMA memory pool at 0x0000000057000000, size 16 MiB
[    0.000000] OF: reserved mem: initialized node linux,adsp@57000000, compatible id shared-dma-pool
[    0.000000] Reserved memory: created CMA memory pool at 0x0000000058000000, size 384 MiB
[    0.000000] OF: reserved mem: initialized node linux,cma@58000000, compatible id shared-dma-pool
[    0.000000] Reserved memory: created CMA memory pool at 0x0000000070000000, size 256 MiB
[    0.000000] OF: reserved mem: initialized node linux,multimedia@70000000, compatible id shared-dma-pool
[    0.000000] NUMA: No NUMA configuration found
[    0.000000] NUMA: Faking a node at [mem 0x0000000048000000-0x000000077fffffff]
[    0.000000] NUMA: NODE_DATA [mem 0x77efdab00-0x77efdcfff]
[    0.000000] Zone ranges:
[    0.000000]   DMA      [mem 0x0000000048000000-0x000000007fffffff]
[    0.000000]   DMA32    [mem 0x0000000080000000-0x00000000ffffffff]
[    0.000000]   Normal   [mem 0x0000000100000000-0x000000077fffffff]
[    0.000000] Movable zone start for each node
[    0.000000] Early memory node ranges
[    0.000000]   node   0: [mem 0x0000000048000000-0x0000000053ffffff]
[    0.000000]   node   0: [mem 0x0000000054000000-0x0000000056ffffff]
[    0.000000]   node   0: [mem 0x0000000057000000-0x00000000bfffffff]
[    0.000000]   node   0: [mem 0x0000000500000000-0x000000057fffffff]
[    0.000000]   node   0: [mem 0x0000000600000000-0x000000067fffffff]
[    0.000000]   node   0: [mem 0x0000000700000000-0x000000077fffffff]
[    0.000000] Initmem setup node 0 [mem 0x0000000048000000-0x000000077fffffff]
[    0.000000] psci: probing for conduit method from DT.
[    0.000000] psci: PSCIv1.1 detected in firmware.
[    0.000000] psci: Using standard PSCI v0.2 function IDs
[    0.000000] psci: Trusted OS resident on physical CPU 0x0
[    0.000000] psci: SMC Calling Convention v1.2
[    0.000000] percpu: Embedded 23 pages/cpu s56984 r8192 d29032 u94208
[    0.000000] Detected PIPT I-cache on CPU0
[    0.000000] CPU features: detected: EL2 vector hardening
[    0.000000] CPU features: detected: Spectre-v2
[    0.000000] CPU features: detected: ARM errata 1165522, 1319367, or 1530923
[    0.000000] CPU features: detected: Spectre-BHB
[    0.000000] CPU features: detected: ARM erratum 1742098
[    0.000000] Built 1 zonelists, mobility grouping on.  Total pages: 2032128
[    0.000000] Policy zone: Normal
[    0.000000] Kernel command line: rw root=/dev/nfs nfsroot=192.168.10.98:/data/tftpboot/BV/PT3/rootfs_H3,nfsvers=4 ip=192.168.10.107
[    0.000000] Dentry cache hash table entries: 1048576 (order: 11, 8388608 bytes, linear)
[    0.000000] Inode-cache hash table entries: 524288 (order: 10, 4194304 bytes, linear)
[    0.000000] mem auto-init: stack:off, heap alloc:off, heap free:off
[    0.000000] software IO TLB: mapped [mem 0x000000004ffe6000-0x0000000053fe6000] (64MB)
[    0.000000] Memory: 7276840K/8257536K available (15232K kernel code, 2834K rwdata, 8240K rodata, 6144K init, 517K bss, 308952K reserved, 671744K cma-reserved)
[    0.000000] SLUB: HWalign=64, Order=0-3, MinObjects=0, CPUs=8, Nodes=1
[    0.000000] rcu: Preemptible hierarchical RCU implementation.
[    0.000000] rcu: 	RCU event tracing is enabled.
[    0.000000] rcu: 	RCU restricting CPUs from NR_CPUS=256 to nr_cpu_ids=8.
[    0.000000] 	Trampoline variant of Tasks RCU enabled.
[    0.000000] rcu: RCU calculated value of scheduler-enlistment delay is 25 jiffies.
[    0.000000] rcu: Adjusting geometry for rcu_fanout_leaf=16, nr_cpu_ids=8
[    0.000000] NR_IRQS: 64, nr_irqs: 64, preallocated irqs: 0
[    0.000000] arch_timer: cp15 timer(s) running at 8.32MHz (virt).
[    0.000000] clocksource: arch_sys_counter: mask: 0xffffffffffffff max_cycles: 0x1eb398c07, max_idle_ns: 440795202503 ns
[    0.000003] sched_clock: 56 bits at 8MHz, resolution 120ns, wraps every 2199023255503ns
[    0.000209] Console: colour dummy device 80x25
[    0.000416] printk: console [tty0] enabled
[    0.000492] Calibrating delay loop (skipped), value calculated using timer frequency.. 16.64 BogoMIPS (lpj=33280)
[    0.000507] pid_max: default: 32768 minimum: 301
[    0.000564] LSM: Security Framework initializing
[    0.000649] Mount-cache hash table entries: 16384 (order: 5, 131072 bytes, linear)
[    0.000699] Mountpoint-cache hash table entries: 16384 (order: 5, 131072 bytes, linear)
[    0.002153] rcu: Hierarchical SRCU implementation.
[    0.003742] Detected Renesas R-Car Gen3 r8a7795 ES3.0
[    0.005875] EFI services will not be available.
[    0.006213] smp: Bringing up secondary CPUs ...
[    0.006668] Detected PIPT I-cache on CPU1
[    0.006719] CPU1: Booted secondary processor 0x0000000001 [0x411fd073]
[    0.007205] Detected PIPT I-cache on CPU2
[    0.007229] CPU2: Booted secondary processor 0x0000000002 [0x411fd073]
[    0.007656] Detected PIPT I-cache on CPU3
[    0.007679] CPU3: Booted secondary processor 0x0000000003 [0x411fd073]
[    0.008150] CPU features: detected: ARM erratum 845719
[    0.008164] Detected VIPT I-cache on CPU4
[    0.008210] CPU4: Booted secondary processor 0x0000000100 [0x410fd034]
[    0.008691] Detected VIPT I-cache on CPU5
[    0.008718] CPU5: Booted secondary processor 0x0000000101 [0x410fd034]
[    0.009152] Detected VIPT I-cache on CPU6
[    0.009179] CPU6: Booted secondary processor 0x0000000102 [0x410fd034]
[    0.009613] Detected VIPT I-cache on CPU7
[    0.009640] CPU7: Booted secondary processor 0x0000000103 [0x410fd034]
[    0.009722] smp: Brought up 1 node, 8 CPUs
[    0.009785] SMP: Total of 8 processors activated.
[    0.009793] CPU features: detected: 32-bit EL0 Support
[    0.009801] CPU features: detected: CRC32 instructions
[    0.009808] CPU features: detected: 32-bit EL1 Support
[    0.023005] CPU: All CPU(s) started at EL1
[    0.023057] alternatives: patching kernel code
[    0.024208] devtmpfs: initialized
[    0.031013] KASLR disabled due to lack of seed
[    0.031161] clocksource: jiffies: mask: 0xffffffff max_cycles: 0xffffffff, max_idle_ns: 7645041785100000 ns
[    0.031182] futex hash table entries: 2048 (order: 5, 131072 bytes, linear)
[    0.039827] pinctrl core: initialized pinctrl subsystem
[    0.041303] DMI not present or invalid.
[    0.041802] NET: Registered protocol family 16
[    0.042742] DMA: preallocated 1024 KiB GFP_KERNEL pool for atomic allocations
[    0.042937] DMA: preallocated 1024 KiB GFP_KERNEL|GFP_DMA pool for atomic allocations
[    0.043226] DMA: preallocated 1024 KiB GFP_KERNEL|GFP_DMA32 pool for atomic allocations
[    0.043264] audit: initializing netlink subsys (disabled)
[    0.043443] audit: type=2000 audit(0.040:1): state=initialized audit_enabled=0 res=1
[    0.044599] thermal_sys: Registered thermal governor 'power_allocator'
[    0.045121] cpuidle: using governor menu
[    0.045292] hw-breakpoint: found 6 breakpoint and 4 watchpoint registers.
[    0.045416] ASID allocator initialised with 65536 entries
[    0.046712] Serial: AMBA PL011 UART driver
[    0.089617] sh-pfc e6060000.pinctrl: r8a77951_pfc support registered
[    0.104377] HugeTLB registered 1.00 GiB page size, pre-allocated 0 pages
[    0.104391] HugeTLB registered 32.0 MiB page size, pre-allocated 0 pages
[    0.104399] HugeTLB registered 2.00 MiB page size, pre-allocated 0 pages
[    0.104406] HugeTLB registered 64.0 KiB page size, pre-allocated 0 pages
[    0.105370] cryptd: max_cpu_qlen set to 1000
[    0.107609] ACPI: Interpreter disabled.
[    0.111419] rcar-avs: use avs value: 0
[    0.111434] rcar-avs: cpu@0 is running with: opp_table0
[    0.111444] rcar-avs: cpu@1 is running with: opp_table0
[    0.111454] rcar-avs: cpu@2 is running with: opp_table0
[    0.111463] rcar-avs: cpu@3 is running with: opp_table0
[    0.111547] rcar-avs: gsx@fd000000 is running with: gsx_opp_table0
[    0.112966] iommu: Default domain type: Translated 
[    0.113527] ipmmu-vmsa e67b0000.iommu: IPMMU context 0 is reserved
[    0.114525] vgaarb: loaded
[    0.114723] SCSI subsystem initialized
[    0.114971] usbcore: registered new interface driver usbfs
[    0.115002] usbcore: registered new interface driver hub
[    0.115028] usbcore: registered new device driver usb
[    0.118558] i2c-sh_mobile e60b0000.i2c: I2C adapter 7, bus speed 400000 Hz
[    0.119094] mc: Linux media interface: v0.10
[    0.119116] videodev: Linux video capture interface: v2.00
[    0.119161] pps_core: LinuxPPS API ver. 1 registered
[    0.119168] pps_core: Software ver. 5.3.6 - Copyright 2005-2007 Rodolfo Giometti <giometti@linux.it>
[    0.119182] PTP clock support registered
[    0.119351] EDAC MC: Ver: 3.0.0
[    0.121368] FPGA manager framework
[    0.121425] Advanced Linux Sound Architecture Driver Initialized.
[    0.121977] clocksource: Switched to clocksource arch_sys_counter
[    0.122120] VFS: Disk quotas dquot_6.6.0
[    0.122162] VFS: Dquot-cache hash table entries: 512 (order 0, 4096 bytes)
[    0.122286] pnp: PnP ACPI: disabled
[    0.125758] NET: Registered protocol family 2
[    0.126177] IP idents hash table entries: 131072 (order: 8, 1048576 bytes, linear)
[    0.128434] tcp_listen_portaddr_hash hash table entries: 4096 (order: 4, 65536 bytes, linear)
[    0.128539] TCP established hash table entries: 65536 (order: 7, 524288 bytes, linear)
[    0.128823] TCP bind hash table entries: 65536 (order: 8, 1048576 bytes, linear)
[    0.129408] TCP: Hash tables configured (established 65536 bind 65536)
[    0.129528] UDP hash table entries: 4096 (order: 5, 131072 bytes, linear)
[    0.129642] UDP-Lite hash table entries: 4096 (order: 5, 131072 bytes, linear)
[    0.129859] NET: Registered protocol family 1
[    0.130220] RPC: Registered named UNIX socket transport module.
[    0.130230] RPC: Registered udp transport module.
[    0.130236] RPC: Registered tcp transport module.
[    0.130241] RPC: Registered tcp NFSv4.1 backchannel transport module.
[    0.130255] PCI: CLS 0 bytes, default 64
[    0.131192] hw perfevents: enabled with armv8_cortex_a53 PMU driver, 7 counters available
[    0.131465] hw perfevents: enabled with armv8_cortex_a57 PMU driver, 7 counters available
[    0.132068] kvm [1]: HYP mode not available
[    0.134987] Initialise system trusted keyrings
[    0.135111] workingset: timestamp_bits=42 max_order=21 bucket_order=0
[    0.138210] squashfs: version 4.0 (2009/01/31) Phillip Lougher
[    0.138606] NFS: Registering the id_resolver key type
[    0.138639] Key type id_resolver registered
[    0.138645] Key type id_legacy registered
[    0.138699] nfs4filelayout_init: NFSv4 File Layout Driver Registering...
[    0.138709] nfs4flexfilelayout_init: NFSv4 Flexfile Layout Driver Registering...
[    0.138804] 9p: Installing v9fs 9p2000 file system support
[    0.164832] Key type asymmetric registered
[    0.164843] Asymmetric key parser 'x509' registered
[    0.164872] Block layer SCSI generic (bsg) driver version 0.4 loaded (major 243)
[    0.164883] io scheduler mq-deadline registered
[    0.164892] io scheduler kyber registered
[    0.180911] gpio_rcar e6050000.gpio: driving 16 GPIOs
[    0.181203] gpio_rcar e6051000.gpio: driving 29 GPIOs
[    0.181458] gpio_rcar e6052000.gpio: driving 15 GPIOs
[    0.181735] gpio_rcar e6053000.gpio: driving 16 GPIOs
[    0.181995] gpio_rcar e6054000.gpio: driving 18 GPIOs
[    0.182253] gpio_rcar e6055000.gpio: driving 26 GPIOs
[    0.182521] gpio_rcar e6055400.gpio: driving 32 GPIOs
[    0.182776] gpio_rcar e6055800.gpio: driving 4 GPIOs
[    0.185696] rcar-pcie fe000000.pcie: host bridge /soc/pcie@fe000000 ranges:
[    0.185726] rcar-pcie fe000000.pcie:       IO 0x00fe100000..0x00fe1fffff -> 0x0000000000
[    0.185748] rcar-pcie fe000000.pcie:      MEM 0x00fe200000..0x00fe3fffff -> 0x00fe200000
[    0.185766] rcar-pcie fe000000.pcie:      MEM 0x0030000000..0x0037ffffff -> 0x0030000000
[    0.185781] rcar-pcie fe000000.pcie:      MEM 0x0038000000..0x003fffffff -> 0x0038000000
[    0.185797] rcar-pcie fe000000.pcie:   IB MEM 0x0040000000..0x007fffffff -> 0x0040000000
[    0.185843] rcar-pcie fe000000.pcie: no pcie3v3 regulator found
[    0.185854] rcar-pcie fe000000.pcie: no pcie1v8 regulator found
[    0.249688] rcar-pcie fe000000.pcie: PCIe link down
[    0.249886] rcar-pcie ee800000.pcie: host bridge /soc/pcie@ee800000 ranges:
[    0.249912] rcar-pcie ee800000.pcie:       IO 0x00ee900000..0x00ee9fffff -> 0x0000000000
[    0.249932] rcar-pcie ee800000.pcie:      MEM 0x00eea00000..0x00eebfffff -> 0x00eea00000
[    0.249950] rcar-pcie ee800000.pcie:      MEM 0x00c0000000..0x00c7ffffff -> 0x00c0000000
[    0.249964] rcar-pcie ee800000.pcie:      MEM 0x00c8000000..0x00cfffffff -> 0x00c8000000
[    0.249998] rcar-pcie ee800000.pcie:   IB MEM 0x0040000000..0x007fffffff -> 0x0040000000
[    0.250030] rcar-pcie ee800000.pcie: no pcie3v3 regulator found
[    0.250040] rcar-pcie ee800000.pcie: no pcie1v8 regulator found
[    0.409977] rcar-pcie ee800000.pcie: PCIe link down
[    0.412434] EINJ: ACPI disabled.
[    0.446331] Serial: 8250/16550 driver, 4 ports, IRQ sharing enabled
[    0.448752] SuperH (H)SCI(F) driver initialized
[    0.449191] e6550000.serial: ttySC1 at MMIO 0xe6550000 (irq = 42, base_baud = 0) is a hscif
[    0.449929] e6e88000.serial: ttySC0 at MMIO 0xe6e88000 (irq = 128, base_baud = 0) is a scif
[    1.654586] printk: console [ttySC0] enabled
[    1.659993] msm_serial: driver initialized
[    1.670375] rcar-dw-hdmi fead0000.hdmi: Detected HDMI TX controller v2.01a with HDCP (DWC HDMI 2.0 TX PHY)
[    1.680286] rcar-dw-hdmi fead0000.hdmi: registered DesignWare HDMI I2C bus driver
[    1.688558] rcar-dw-hdmi feae0000.hdmi: Detected HDMI TX controller v2.01a with HDCP (DWC HDMI 2.0 TX PHY)
[    1.698424] rcar-dw-hdmi feae0000.hdmi: registered DesignWare HDMI I2C bus driver
[    1.713865] loop: module loaded
[    1.718458] megasas: 07.714.04.00-rc1
[    1.724199] scsi host0: sata_rcar
[    1.727675] ata1: SATA max UDMA/133 irq 181
[    1.737086] tun: Universal TUN/TAP device driver, 1.6
[    1.743038] thunder_xcv, ver 1.0
[    1.746293] thunder_bgx, ver 1.0
[    1.749532] nicpf, ver 1.0
[    1.753657] hclge is initializing
[    1.756991] hns3: Hisilicon Ethernet Network Driver for Hip08 Family - version
[    1.764214] hns3: Copyright (c) 2017 Huawei Corporation.
[    1.769547] e1000: Intel(R) PRO/1000 Network Driver
[    1.774426] e1000: Copyright (c) 1999-2006 Intel Corporation.
[    1.780196] e1000e: Intel(R) PRO/1000 Network Driver
[    1.785161] e1000e: Copyright(c) 1999 - 2015 Intel Corporation.
[    1.791101] igb: Intel(R) Gigabit Ethernet Network Driver
[    1.796500] igb: Copyright (c) 2007-2014 Intel Corporation.
[    1.802094] igbvf: Intel(R) Gigabit Virtual Function Network Driver
[    1.808361] igbvf: Copyright (c) 2009 - 2012 Intel Corporation.
[    1.814691] sky2: driver version 1.30
[    1.822305] ravb e6800000.ethernet eth0: Base address at 0xe6800000, 2e:09:0a:00:c3:9a, IRQ 125.
[    1.832552] VFIO - User Level meta-driver version: 0.3
[    1.839718] ehci_hcd: USB 2.0 'Enhanced' Host Controller (EHCI) Driver
[    1.846264] ehci-pci: EHCI PCI platform driver
[    1.850728] ehci-platform: EHCI generic platform driver
[    1.856330] ehci-platform ee0a0100.usb: EHCI Host Controller
[    1.862013] ehci-platform ee0a0100.usb: new USB bus registered, assigned bus number 1
[    1.869936] ehci-platform ee0a0100.usb: irq 175, io mem 0xee0a0100
[    1.889986] ehci-platform ee0a0100.usb: USB 2.0 started, EHCI 1.10
[    1.896527] hub 1-0:1.0: USB hub found
[    1.900300] hub 1-0:1.0: 1 port detected
[    1.904712] ehci-platform ee0c0100.usb: EHCI Host Controller
[    1.910385] ehci-platform ee0c0100.usb: new USB bus registered, assigned bus number 2
[    1.918275] ehci-platform ee0c0100.usb: irq 176, io mem 0xee0c0100
[    1.937984] ehci-platform ee0c0100.usb: USB 2.0 started, EHCI 1.10
[    1.944465] hub 2-0:1.0: USB hub found
[    1.948233] hub 2-0:1.0: 1 port detected
[    1.978022] ehci-platform ee0e0100.usb: EHCI Host Controller
[    1.983697] ehci-platform ee0e0100.usb: new USB bus registered, assigned bus number 3
[    1.991567] ehci-platform ee0e0100.usb: irq 177, io mem 0xee0e0100
[    2.009984] ehci-platform ee0e0100.usb: USB 2.0 started, EHCI 1.10
[    2.016421] hub 3-0:1.0: USB hub found
[    2.020190] hub 3-0:1.0: 1 port detected
[    2.024557] ehci-orion: EHCI orion driver
[    2.028815] ehci-exynos: EHCI Exynos driver
[    2.033119] ohci_hcd: USB 1.1 'Open' Host Controller (OHCI) Driver
[    2.039317] ohci-pci: OHCI PCI platform driver
[    2.043795] ohci-platform: OHCI generic platform driver
[    2.049322] ohci-platform ee0a0000.usb: Generic Platform OHCI controller
[    2.056043] ohci-platform ee0a0000.usb: new USB bus registered, assigned bus number 4
[    2.063925] ohci-platform ee0a0000.usb: irq 175, io mem 0xee0a0000
[    2.145985] ata1: link resume succeeded after 1 retries
[    2.160281] hub 4-0:1.0: USB hub found
[    2.164050] hub 4-0:1.0: 1 port detected
[    2.168374] ohci-platform ee0c0000.usb: Generic Platform OHCI controller
[    2.175090] ohci-platform ee0c0000.usb: new USB bus registered, assigned bus number 5
[    2.182962] ohci-platform ee0c0000.usb: irq 176, io mem 0xee0c0000
[    2.257413] ata1: SATA link down (SStatus 0 SControl 300)
[    2.276233] hub 5-0:1.0: USB hub found
[    2.280001] hub 5-0:1.0: 1 port detected
[    2.284323] ohci-platform ee0e0000.usb: Generic Platform OHCI controller
[    2.291036] ohci-platform ee0e0000.usb: new USB bus registered, assigned bus number 6
[    2.298908] ohci-platform ee0e0000.usb: irq 177, io mem 0xee0e0000
[    2.392266] hub 6-0:1.0: USB hub found
[    2.396035] hub 6-0:1.0: 1 port detected
[    2.400371] ohci-exynos: OHCI Exynos driver
[    2.405223] xhci-hcd ee000000.usb: xHCI Host Controller
[    2.410464] xhci-hcd ee000000.usb: new USB bus registered, assigned bus number 7
[    2.433716] xhci-hcd ee000000.usb: hcc params 0x014051ce hci version 0x100 quirks 0x0000000000830410
[    2.442892] xhci-hcd ee000000.usb: irq 172, io mem 0xee000000
[    2.448755] xhci-hcd ee000000.usb: xHCI Host Controller
[    2.453989] xhci-hcd ee000000.usb: new USB bus registered, assigned bus number 8
[    2.461392] xhci-hcd ee000000.usb: Host supports USB 3.0 SuperSpeed
[    2.467956] hub 7-0:1.0: USB hub found
[    2.471727] hub 7-0:1.0: 1 port detected
[    2.475814] usb usb8: We don't know the algorithms for LPM for this host, disabling LPM.
[    2.484172] hub 8-0:1.0: USB hub found
[    2.487946] hub 8-0:1.0: 1 port detected
[    2.492734] usbcore: registered new interface driver usb-storage
[    2.500422] renesas_usbhs e6590000.usb: host probed
[    2.505313] renesas_usbhs e6590000.usb: no transceiver found
[    2.511036] renesas_usbhs e6590000.usb: gadget probed
[    2.516253] renesas_usbhs e6590000.usb: probed
[    2.521155] renesas_usbhs e659c000.usb: host probed
[    2.526051] renesas_usbhs e659c000.usb: no transceiver found
[    2.531774] renesas_usbhs e659c000.usb: gadget probed
[    2.536978] renesas_usbhs e659c000.usb: probed
[    2.543890] i2c /dev entries driver
[    2.558463] cs2000-cp 2-004f: revision - C1
[    2.562707] i2c-rcar e6510000.i2c: probed
[    2.567519] pca953x 4-0020: supply vcc not found, using dummy regulator
[    2.574217] pca953x 4-0020: using no AI
[    2.578864] gpio-355 (PCIE/SATA switch): hogged as output/low
[    2.591139] i2c-rcar e66d8000.i2c: probed
[    2.596448] adv748x 4-0070: Endpoint /soc/i2c@e66d8000/video-receiver@70/port@7/endpoint on port 7
[    2.605430] adv748x 4-0070: Endpoint /soc/i2c@e66d8000/video-receiver@70/port@8/endpoint on port 8
[    2.614404] adv748x 4-0070: Endpoint /soc/i2c@e66d8000/video-receiver@70/port@a/endpoint on port 10
[    2.623468] adv748x 4-0070: Endpoint /soc/i2c@e66d8000/video-receiver@70/port@b/endpoint on port 11
[    2.632863] adv748x 4-0070: chip found @ 0xe0 revision 2143
[    2.686161] rcar-csi2 fea80000.csi2: 1 lanes found
[    2.691319] rcar-csi2 feaa0000.csi2: 4 lanes found
[    2.700900] rcar-vin e6ef0000.video: Device registered as video0
[    2.706983] rcar-vin e6ef1000.video: Device registered as video1
[    2.713056] rcar-vin e6ef2000.video: Device registered as video2
[    2.719125] rcar-vin e6ef3000.video: Device registered as video3
[    2.725193] rcar-vin e6ef4000.video: Device registered as video4
[    2.731269] rcar-vin e6ef5000.video: Device registered as video5
[    2.737352] rcar-vin e6ef6000.video: Device registered as video6
[    2.743432] rcar-vin e6ef7000.video: Device registered as video7
[    2.752092] rcar_gen3_thermal e6198000.thermal: is using pseudo fixed FUSE values
[    2.764270] rcar_gen3_thermal e6198000.thermal: TSC0: Loaded 1 trip points
[    2.775519] rcar_gen3_thermal e6198000.thermal: TSC1: Loaded 1 trip points
[    2.786662] rcar_gen3_thermal e6198000.thermal: TSC2: Loaded 3 trip points
[    2.798728] sdhci: Secure Digital Host Controller Interface driver
[    2.804925] sdhci: Copyright(c) Pierre Ossman
[    2.810120] Synopsys Designware Multimedia Card Interface Driver
[    2.810761] renesas_sdhi_internal_dmac ee140000.mmc: Adding to iommu group 0
[    2.810797] renesas_sdhi_internal_dmac ee160000.mmc: Got CD GPIO
[    2.810829] renesas_sdhi_internal_dmac ee160000.mmc: Got WP GPIO
[    2.810854] renesas_sdhi_internal_dmac ee100000.mmc: Got CD GPIO
[    2.810881] renesas_sdhi_internal_dmac ee100000.mmc: Got WP GPIO
[    2.817507] sdhci-pltfm: SDHCI platform and OF driver helper
[    2.823281] renesas_sdhi_internal_dmac ee140000.mmc: Using IPMMU context 1
[    2.859938] ledtrig-cpu: registered to indicate activity on CPUs
[    2.866861] SMCCC: SOC_ID: ARCH_SOC_ID not implemented, skipping ....
[    2.873879] usbcore: registered new interface driver usbhid
[    2.879456] usbhid: USB HID core driver
[    2.887076] optee: probing for conduit method.
[    2.891542] optee: revision 3.22 (314ecf9d)
[    2.892064] optee driver R-Car Rev.1.0.11
[    2.900578] optee: dynamic shared memory is enabled
[    2.905723] optee: initialized driver
[    2.909052] renesas_sdhi_internal_dmac ee140000.mmc: mmc0 base at 0x00000000ee140000, max clock rate 200 MHz
[    2.926840] rcar_sound ec500000.sound: probed
[    2.931908] NET: Registered protocol family 17
[    2.936468] 9pnet: Installing 9P2000 support
[    2.940789] Key type dns_resolver registered
[    2.945402] registered taskstats version 1
[    2.949514] Loading compiled-in X.509 certificates
[    2.964210] thermal emergency: set temperature to 110 celsius
[    2.970155] thermal emergency: shutdown target cpus 1-7
[    2.975388] thermal emergency: freq scaled target cpus 0
[    2.981034] renesas_irqc e61c0000.interrupt-controller: driving 6 irqs
[    2.992492] mmc0: new HS400 MMC card at address 0001
[    2.998245] mmcblk0: mmc0:0001 BGSD3R 29.1 GiB 
[    3.003336] mmcblk0boot0: mmc0:0001 BGSD3R partition 1 16.0 MiB
[    3.009769] mmcblk0boot1: mmc0:0001 BGSD3R partition 2 16.0 MiB
[    3.015841] mmcblk0rpmb: mmc0:0001 BGSD3R partition 3 4.00 MiB, chardev (509:0)
[    3.024715]  mmcblk0: p1
[    3.054010] ehci-platform ee080100.usb: EHCI Host Controller
[    3.059694] ehci-platform ee080100.usb: new USB bus registered, assigned bus number 9
[    3.067591] ehci-platform ee080100.usb: irq 174, io mem 0xee080100
[    3.085986] ehci-platform ee080100.usb: USB 2.0 started, EHCI 1.10
[    3.092623] hub 9-0:1.0: USB hub found
[    3.096394] hub 9-0:1.0: 1 port detected
[    3.101762] ohci-platform ee080000.usb: Generic Platform OHCI controller
[    3.108488] ohci-platform ee080000.usb: new USB bus registered, assigned bus number 10
[    3.116460] ohci-platform ee080000.usb: irq 174, io mem 0xee080000
[    3.212553] hub 10-0:1.0: USB hub found
[    3.216413] hub 10-0:1.0: 1 port detected
[    3.221753] cpu cpu0: EM: created perf domain
[    3.226692] cpu cpu4: EM: created perf domain
[    3.236297] renesas_sdhi_internal_dmac ee160000.mmc: Got CD GPIO
[    3.237100] renesas_sdhi_internal_dmac ee100000.mmc: Got CD GPIO
[    3.242568] renesas_sdhi_internal_dmac ee160000.mmc: Got WP GPIO
[    3.244059] [drm] Initialized rcar-du 1.0.0 20130110 for feb00000.display on minor 0
[    3.244062] [drm] Device feb00000.display probed
[    3.248411] renesas_sdhi_internal_dmac ee100000.mmc: Got WP GPIO
[    3.304017] renesas_sdhi_internal_dmac ee160000.mmc: mmc2 base at 0x00000000ee160000, max clock rate 200 MHz
[    3.310659] Console: switching to colour frame buffer device 128x48
[    3.322818] renesas_sdhi_internal_dmac ee100000.mmc: mmc1 base at 0x00000000ee100000, max clock rate 200 MHz
[    3.355644] rcar-du feb00000.display: [drm] fb0: rcar-dudrmfb frame buffer device
[    3.368072] input: keys as /devices/platform/keys/input/input0
[    3.449679] Micrel KSZ9031 Gigabit PHY e6800000.ethernet-ffffffff:00: attached PHY driver [Micrel KSZ9031 Gigabit PHY] (mii_bus:phy_addr=e6800000.ethernet-ffffffff:00, irq=183)
[    3.874093] usb 9-1: new high-speed USB device number 2 using ehci-platform
[    4.040809] usb-storage 9-1:1.0: USB Mass Storage device detected
[    4.047762] scsi host1: usb-storage 9-1:1.0
[    5.055993] scsi 1:0:0:0: Direct-Access     SanDisk  Ultra            1.00 PQ: 0 ANSI: 6
[    5.065889] sd 1:0:0:0: [sda] 121307136 512-byte logical blocks: (62.1 GB/57.8 GiB)
[    5.074990] sd 1:0:0:0: [sda] Write Protect is off
[    5.080865] sd 1:0:0:0: [sda] Write cache: disabled, read cache: enabled, doesn't support DPO or FUA
[    5.104644]  sda: sda1
[    5.111722] sd 1:0:0:0: [sda] Attached SCSI removable disk
[   10.182573] ravb e6800000.ethernet eth0: Link is Up - 1Gbps/Full - flow control off
[   10.210016] IP-Config: Guessing netmask 255.255.255.0
[   10.215177] IP-Config: Complete:
[   10.222283]      device=eth0, hwaddr=2e:09:0a:00:c3:9a, ipaddr=192.168.10.107, mask=255.255.255.0, gw=255.255.255.255
[   10.236955]      host=192.168.10.107, domain=, nis-domain=(none)
[   10.247026]      bootserver=255.255.255.255, rootserver=192.168.10.98, rootpath=
[   10.247628] ALSA device list:
[   10.265293]   No soundcards found.
[   10.895585] VFS: Mounted root (nfs4 filesystem) on device 0:22.
[   10.906682] devtmpfs: mounted
[   10.917303] Freeing unused kernel memory: 6144K
[   10.946129] Run /sbin/init as init process
[   11.132089] systemd[1]: System time before build time, advancing clock.
[   11.486049] random: crng init done
[   11.552111] NET: Registered protocol family 10
[   11.560688] Segment Routing with IPv6
[   11.592589] systemd[1]: systemd 244 running in system mode. (+PAM -AUDIT -SELINUX +IMA -APPARMOR -SMACK +SYSVINIT +UTMP -LIBCRYPTSETUP -GCRYPT -GNUTLS +ACL +XZ -LZ4 -SECCOMP +BLKID -ELFUTILS +KMOD -IDN2 -IDN -PCRE2 default-hierarchy=hybrid)
[   11.621559] systemd[1]: Detected architecture arm64.

Welcome to [1mPoky (Yocto Project Reference Distro) 3.1.11 (dunfell)[0m!

[   11.656249] systemd[1]: Set hostname to <salvator-x>.
[   11.670536] IPv6: eth0: IPv6 duplicate address fe80::2c09:aff:fe00:c39a used by 2e:09:0a:00:c3:9a detected!
[   12.439982] systemd[1]: system-getty.slice: unit configures an IP firewall, but the local system does not support BPF/cgroup firewalling.
[   12.461958] systemd[1]: (This warning is only shown for the first unit using IP firewalling.)
[   12.477262] systemd[1]: Created slice system-getty.slice.
[[0;32m  OK  [0m] Created slice [0;1;39msystem-getty.slice[0m.
[   12.507175] systemd[1]: Created slice system-serial\x2dgetty.slice.
[[0;32m  OK  [0m] Created slice [0;1;39msystem-serial\x2dgetty.slice[0m.
[   12.531197] systemd[1]: Created slice User and Session Slice.
[[0;32m  OK  [0m] Created slice [0;1;39mUser and Session Slice[0m.
[   12.554452] systemd[1]: Started Dispatch Password Requests to Console Directory Watch.
[[0;32m  OK  [0m] Started [0;1;39mDispatch Password â€¦ts to Console Directory Watch[0m.
[   12.582395] systemd[1]: Started Forward Password Requests to Wall Directory Watch.
[[0;32m  OK  [0m] Started [0;1;39mForward Password Râ€¦uests to Wall Directory Watch[0m.
[   12.614286] systemd[1]: Reached target Paths.
[[0;32m  OK  [0m] Reached target [0;1;39mPaths[0m.
[   12.638169] systemd[1]: Reached target Remote File Systems.
[[0;32m  OK  [0m] Reached target [0;1;39mRemote File Systems[0m.
[   12.662139] systemd[1]: Reached target Slices.
[[0;32m  OK  [0m] Reached target [0;1;39mSlices[0m.
[   12.686153] systemd[1]: Reached target Swap.
[[0;32m  OK  [0m] Reached target [0;1;39mSwap[0m.
[   12.712541] systemd[1]: Listening on RPCbind Server Activation Socket.
[[0;32m  OK  [0m] Listening on [0;1;39mRPCbind Server Activation Socket[0m.
[   12.738183] systemd[1]: Reached target RPC Port Mapper.
[[0;32m  OK  [0m] Reached target [0;1;39mRPC Port Mapper[0m.
[   12.762460] systemd[1]: Listening on initctl Compatibility Named Pipe.
[[0;32m  OK  [0m] Listening on [0;1;39minitctl Compatibility Named Pipe[0m.
[   12.791837] systemd[1]: Listening on Journal Audit Socket.
[[0;32m  OK  [0m] Listening on [0;1;39mJournal Audit Socket[0m.
[   12.819400] systemd[1]: Listening on Journal Socket (/dev/log).
[[0;32m  OK  [0m] Listening on [0;1;39mJournal Socket (/dev/log)[0m.
[   12.846801] systemd[1]: Listening on Journal Socket.
[[0;32m  OK  [0m] Listening on [0;1;39mJournal Socket[0m.
[   12.871826] systemd[1]: Listening on Network Service Netlink Socket.
[[0;32m  OK  [0m] Listening on [0;1;39mNetwork Service Netlink Socket[0m.
[   12.900050] systemd[1]: Listening on udev Control Socket.
[[0;32m  OK  [0m] Listening on [0;1;39mudev Control Socket[0m.
[   12.926660] systemd[1]: Listening on udev Kernel Socket.
[[0;32m  OK  [0m] Listening on [0;1;39mudev Kernel Socket[0m.
[   12.955503] systemd[1]: Mounting Huge Pages File System...
         Mounting [0;1;39mHuge Pages File System[0m...
[   12.983468] systemd[1]: Mounting POSIX Message Queue File System...
         Mounting [0;1;39mPOSIX Message Queue File System[0m...
[   13.015289] systemd[1]: Mounting Kernel Debug File System...
         Mounting [0;1;39mKernel Debug File System[0m...
[   13.046386] systemd[1]: Mounting Temporary Directory (/tmp)...
         Mounting [0;1;39mTemporary Directory (/tmp)[0m...
[   13.076099] systemd[1]: Starting Create list of static device nodes for the current kernel...
         Starting [0;1;39mCreate list of stâ€¦odes for the current kernel[0m...
[   13.111140] systemd[1]: Starting Start psplash boot splash screen...
         Starting [0;1;39mStart psplash boot splash screen[0m...
[   13.144832] systemd[1]: Starting RPC Bind...
         Starting [0;1;39mRPC Bind[0m...
[   13.181037] systemd[1]: Condition check resulted in File System Check on Root Device being skipped.
[   13.198064] systemd[1]: Starting Journal Service...
         Starting [0;1;39mJournal Service[0m...
[   13.231723] systemd[1]: Starting Load Kernel Modules...
         Starting [0;1;39mLoad Kernel Modules[0m...
[   13.254987] systemd[1]: Starting Remount Root and Kernel File Systems...
         Starting [0;1;39mRemount Root and Kernel File Systems[0m...
[   13.287978] systemd[1]: Starting udev Coldplug all Devices...
         Starting [0;1;39mudev Coldplug all Devices[0m...
[   13.315067] systemd[1]: Started Start psplash boot splash screen.
[[0;32m  OK  [0m] Started [0;1;39mStart psplash boot splash screen[0m.
[   13.339109] systemd[1]: Started RPC Bind.
[[0;32m  OK  [0m] Started [0;1;39mRPC Bind[0m.
[   13.362752] systemd[1]: Started Journal Service.
[[0;32m  OK  [0m] Started [0;1;39mJournal Service[0m.
[[0;32m  OK  [0m] Mounted [0;1;39mHuge Pages File System[0m.
[[0;32m  OK  [0m] Mounted [0;1;39mPOSIX Message Queue File System[0m.
[[0;32m  OK  [0m] Mounted [0;1;39mKernel Debug File System[0m.
[[0;32m  OK  [0m] Mounted [0;1;39mTemporary Directory (/tmp)[0m.
[[0;32m  OK  [0m] Started [0;1;39mCreate list of staâ€¦ nodes for the current kernel[0m.
[[0;32m  OK  [0m] Started [0;1;39mLoad Kernel Modules[0m.
[[0;32m  OK  [0m] Started [0;1;39mRemount Root and Kernel File Systems[0m.
         Mounting [0;1;39mKernel Configuration File System[0m...
[[0;32m  OK  [0m] Started [0;1;39mStart psplash-systâ€¦progress communication helper[0m.
         Starting [0;1;39mFlush Journal to Persistent Storage[0m...
         Starting [0;1;[   13.589306] systemd-journald[366]: Received client request to flush runtime journal.
39mApply Kernel Variables[0m...
         Starting [0;1;39mCreate Static Device Nodes in /dev[0m...
[[0;32m  OK  [0m] Mounted [0;1;39mKernel Configuration File System[0m.
[[0;32m  OK  [0m] Started [0;1;39mFlush Journal to Persistent Storage[0m.
[[0;32m  OK  [0m] Started [0;1;39mApply Kernel Variables[0m.
[[0;32m  OK  [0m] Started [0;1;39mCreate Static Device Nodes in /dev[0m.
[[0;32m  OK  [0m] Reached target [0;1;39mLocal File Systems (Pre)[0m.
         Mounting [0;1;39m/var/volatile[0m...
         Starting [0;1;39mudev Kernel Device Manager[0m...
[[0;32m  OK  [0m] Started [0;1;39mudev Coldplug all Devices[0m.
[[0;32m  OK  [0m] Mounted [0;1;39m/var/volatile[0m.
         Starting [0;1;39mLoad/Save Random Seed[0m...
[[0;32m  OK  [0m] Reached target [0;1;39mLocal File Systems[0m.
         Starting [0;1;39mCreate Volatile Files and Directories[0m...
[[0;32m  OK  [0m] Started [0;1;39mudev Kernel Device Manager[0m.
[[0;32m  OK  [0m] Started [0;1;39mLoad/Save Random Seed[0m.
         Starting [0;1;39mNetwork Service[0m...
[[0;32m  OK  [0m] Started [0;1;39mCreate Volatile Files and Directories[0m.
         Starting [0;1;39mNetwork Time Synchronization[0m...
         Starting [0;1;39mUpdate UTMP about System Boot/Shutdown[0m...
[[0;32m  OK  [0m] Started [0;1;39mNetwork Service[0m.
         Starting [0;1;39mNetwork Name Resolution[0m...
[   14.117594] pwm-backlight: probe of backlight failed with error -16
[[0;32m  OK  [0m] Started [0;1;39mUpdate UTMP about System Boot/Shutdown[0m.
[   14.172286] at24 7-0050: supply vcc not found, using dummy regulator
[[0;32m  OK  [[   14.179673] at24 7-0050: 128 byte br24t01 EEPROM, writable, 8 bytes/write
0m] Reached target [0;1;39mHardware activated USB gadget[0m.
[[0;32m  OK  [0m] Started [0;1;39mNetwork Time Synchronization[0m.
[[0;32m  OK  [0m] Reached target [0;1;39mSystem Initialization[0m.
[[0;32m  OK  [0m] Started [0;1;39mDaily Cleanup of Temporary Directories[0m.
[[0;32m  OK  [0m] Reached target [0;1;39mSystem Time Set[0m.
[[0;32m  OK  [0m] Reached target [0;1;39mSystem Time Synchronized[0m.
[[0;32m  OK  [0m] Reached target [0;1;39mTimers[0m.
[[0;32m  OK  [0m] Listening on [0;1;39mAvahi mDNS/DNS-SD Stack Activation Socket[0m.
[[0;32m  OK  [0m] Listening on [0;1;39mD-Bus System Message B[   14.328264] ccree e6601000.crypto: ARM CryptoCell 630P Driver: HW version 0xAF400001/0xDCC63000, Driver version 5.0
us Socket[0m.
[   14.355197] renesas_usb3 ee020000.usb: probed with phy
[   14.355564] ccree e6601000.crypto: ARM ccree device initialized
[[0;32m  OK  [0m] Listening on [0;1;39mdropbear.socket[0m.
[[0;32m  OK  [0m] Reached target [0;1;39mSockets[0m.
[[0;32m  OK  [0m] Reached target [0;1;39mBasic System[0m.
[[0;32m  OK  [0m] Started [0;1;39mD-Bus System Message Bus[0m.
[[0;32m  OK  [0m] Started [0;1;39moptee services[0m.
         Starting [0;1;39mpvrinit.service[0m...
         Starting [0;1;39mPowerVR consumer services[0m...
         Starting [0;1;39mLogin Service[0m...
[[0;32m  OK  [0m] Started [0;1;39mNetwork Name Resolution[0m.
[[0;1;31mFAILED[0m] Failed to start [0;1;39mpvrinit.service[0m.
See 'systemctl status pvrinit.service' for details.
[[0;1;31mFAILED[0m] Failed to start [0;1;39mPowerVR consumer services[0m.
See 'systemctl status rc.pvr.service' for details.
[[0;1;38;5;185mDEPEND[0m] Dependency failed for [0;1;39mWeston Wayland Compositor[0m.
[[0;32m  OK  [0m] Started [0;1;39mLogin Service[0m.
[[0;32m  OK  [0m] Created slice [0;1;39msystem-weston.slice[0m.
[[0;32m  OK  [0m] Reached target [0;1;39mNetwork[0m.
[[0;32m  OK  [0m] Reached target [0;1;39mHost and Network Name Lookups[0m.
         Starting [0;1;39mAvahi mDNS/DNS-SD Stack[0m...
         Starting [0;1;39mset_default_governor.service[0m...
         Starting [0;1;39mPermit User Sessions[0m...
[[0;32m  OK  [0m] Started [0;1;39mXinetd A Powerful Replacement For Inetd[0m.
[   14.906193] rd 0-7: Disabling EAS, schedutil is mandatory
[[0;32m  OK  [0m] Started [0;1;39mPermit User Sessions[0m.
[[0;32m  OK  [0m] Started [0;1;39mset_default_governor.service[0m.
[[0;32m  OK  [0m] Started [0;1;39mAvahi mDNS/DNS-SD Stack[0m.
[[0;32m  OK  [0m] Started [0;1;39mGetty on tty1[0m.
[[0;32m  OK  [0m] Started [0;1;39mSerial Getty on ttySC0[0m.
[[0;32m  OK  [0m] Reached target [0;1;39mLogin Prompts[0m.
[[0;32m  OK  [0m] Reached target [0;1;39mMulti-User System[0m.
         Starting [0;1;39mUpdate UTMP about System Runlevel Changes[0m...
[[0;32m  OK  [0m] Started [0;1;39mUpdate UTMP about System Runlevel Changes[0m.

Poky (Yocto Project Reference Distro) 3.1.11 salvator-x ttySC0

salvator-x login: 
salvator-x login: root
[   16.799816] audit: type=1006 audit(1703064537.664:2): pid=538 uid=0 old-auid=4294967295 auid=0 tty=(none) old-ses=4294967295 ses=1 res=1
7[r[999;999H[6n8

root@salvator-x:~# 
root@salvator-x:~# 
root@salvator-x:~# 
root@salvator-x:~# 
root@salvator-x:~# 
root@salvator-x:~# 
root@salvator-x:~# 
root@salvator-x:~# 
root@salvator-x:~# 
----------Prepare----------


root@salvator-x:~# [   41.950139] SDHI0 VccQ: disabling
[   41.953531] SDHI3 VccQ: disabling

root@salvator-x:~# find /sys/devices/platform/soc/ee080100.usb/ -name 'sd*'
/sys/devices/platform/soc/ee080100.usb/usb9/9-1/9-1:1.0/host1/target1:0:0/1:0:0:0/block/sda
/sys/devices/platform/soc/ee080100.usb/usb9/9-1/9-1:1.0/host1/target1:0:0/1:0:0:0/block/sda/sda1
root@salvator-x:~# 
root@salvator-x:~# dd if=/dev/urandom of=testdata bs=10M count=5
5+0 records in
5+0 records out
52428800 bytes (52 MB, 50 MiB) copied, 1.24962 s, 42.0 MB/s
root@salvator-x:~# 
root@salvator-x:~# mkdir -p /mnt/usb
root@salvator-x:~# 
root@salvator-x:~# mount /dev/sda1 /mnt/usb
[   55.391475] EXT4-fs (sda1): mounted filesystem with ordered data mode. Opts: (null)
root@salvator-x:~# 
root@salvator-x:~# cp testdata /mnt/usb/
root@salvator-x:~# 
root@salvator-x:~# umount /mnt/usb
root@salvator-x:~# 
root@salvator-x:~# find /sys/devices/platform/soc/ee080100.usb/ -name 'sd*'
/sys/devices/platform/soc/ee080100.usb/usb9/9-1/9-1:1.0/host1/target1:0:0/1:0:0:0/block/sda
/sys/devices/platform/soc/ee080100.usb/usb9/9-1/9-1:1.0/host1/target1:0:0/1:0:0:0/block/sda/sda1
root@salvator-x:~# 
root@salvator-x:~# i2cset -f -y 7 0x30 0x20 0x0f
root@salvator-x:~# 

Switch SW23 off and input 'yes' to continue:
Input 'yes' to continue: 

root@salvator-x:~# echo N > /sys/module/printk/parameters/console_suspend
root@salvator-x:~# 
root@salvator-x:~# mount /dev/sda1 /mnt/usb
[   84.431543] EXT4-fs (sda1): mounted filesystem with ordered data mode. Opts: (null)
root@salvator-x:~# 
root@salvator-x:~# cp /mnt/usb/testdata testdata_from_usb &
[1] 563
root@salvator-x:~# 
root@salvator-x:~# echo mem > /sys/power/state
[   85.834344] PM: suspend entry (deep)
[   86.262592] Filesystems sync: 0.424 seconds
[   86.268810] Freezing user space processes ... (elapsed 0.017 seconds) done.
[   86.293612] OOM killer disabled.
[   86.296891] Freezing remaining freezable tasks ... (elapsed 0.224 seconds) done.
[   86.919866] ravb e6800000.ethernet eth0: Link is Down
[   86.935287] Disabling non-boot CPUs ...
[   86.939729] CPU1: shutdown
[   86.942455] psci: CPU1 killed (polled 0 ms)
[   86.948413] CPU2: shutdown
[   86.951160] psci: CPU2 killed (polled 0 ms)
[   86.956716] CPU3: shutdown
[   86.959444] psci: CPU3 killed (polled 0 ms)
[   86.965165] CPU4: shutdown
[   86.967901] psci: CPU4 killed (polled 0 ms)
[   86.973537] CPU5: shutdown
[   86.976295] psci: CPU5 killed (polled 0 ms)
[   86.981769] CPU6: shutdown
[   86.984513] psci: CPU6 killed (polled 0 ms)
[   86.990090] CPU7: shutdown
[   86.992802] psci: CPU7 killed (polled 0 ms)
 
Pull out USB device at CN9


Press any button to continue


 Switch power switch: 

NOTICE:  BL2: R-Car Gen3 Initial Program Loader(CA57) Rev.4.0.0
NOTICE:  BL2: PRR is R-Car H3 Ver.3.0
NOTICE:  BL2: Board is Salvator-XS Rev.1.0
NOTICE:  BL2: Boot device is HyperFlash(160MHz)
NOTICE:  BL2: LCM state is CM
NOTICE:  AVS setting succeeded. DVFS_SetVID=0x53
NOTICE:  BL2: DDR3200(rev.0.42)
NOTICE:  BL2: [WARM_BOOT]
NOTICE:  BL2: DRAM Split is 4ch(DDR f)
NOTICE:  BL2: QoS is default setting(rev.0.11)
NOTICE:  BL2: DRAM refresh interval 1.95 usec
NOTICE:  BL2: Periodic Write DQ Training
NOTICE:  BL2: CH0: 400000000 - 47fffffff, 2 GiB
NOTICE:  BL2: CH1: 500000000 - 57fffffff, 2 GiB
NOTICE:  BL2: CH2: 600000000 - 67fffffff, 2 GiB
NOTICE:  BL2: CH3: 700000000 - 77fffffff, 2 GiB
NOTICE:  BL2: Lossy Decomp areas
NOTICE:       Entry 0: DCMPAREACRAx:0x80000540 DCMPAREACRBx:0x570
NOTICE:       Entry 1: DCMPAREACRAx:0x40000000 DCMPAREACRBx:0x0
NOTICE:       Entry 2: DCMPAREACRAx:0x20000000 DCMPAREACRBx:0x0
NOTICE:  BL2: FDT at 0xe6327f70
NOTICE:  BL2: v2.9(release):9cdb21f75
NOTICE:  BL2: Built : 05:25:39, Dec 19 2023
NOTICE:  BL2: Normal boot
[   86.997930] Enabling non-boot CPUs ...
[   87.002010] Detected PIPT I-cache on CPU1
[   87.002065] CPU1: Booted secondary processor 0x0000000001 [0x411fd073]
[   87.002527] CPU1 is up
[   87.015550] Detected PIPT I-cache on CPU2
[   87.015572] CPU2: Booted secondary processor 0x0000000002 [0x411fd073]
[   87.015829] CPU2 is up
[   87.028845] Detected PIPT I-cache on CPU3
[   87.028868] CPU3: Booted secondary processor 0x0000000003 [0x411fd073]
[   87.029162] CPU3 is up
[   87.042229] Detected VIPT I-cache on CPU4
[   87.042282] CPU4: Booted secondary processor 0x0000000100 [0x410fd034]
[   87.043177] CPU4 is up
[   87.056189] Detected VIPT I-cache on CPU5
[   87.056222] CPU5: Booted secondary processor 0x0000000101 [0x410fd034]
[   87.056797] CPU5 is up
[   87.069801] Detected VIPT I-cache on CPU6
[   87.069833] CPU6: Booted secondary processor 0x0000000102 [0x410fd034]
[   87.070431] CPU6 is up
[   87.083439] Detected VIPT I-cache on CPU7
[   87.083472] CPU7: Booted secondary processor 0x0000000103 [0x410fd034]
[   87.084128] CPU7 is up
[   87.156725] xhci-hcd ee000000.usb: xHC error in resume, USBSTS 0x401, Reinit
[   87.163768] usb usb7: root hub lost power or was reset
[   87.168887] usb usb8: root hub lost power or was reset
[   87.224751] Micrel KSZ9031 Gigabit PHY e6800000.ethernet-ffffffff:00: attached PHY driver [Micrel KSZ9031 Gigabit PHY] (mii_bus:phy_addr=e6800000.ethernet-ffffffff:00, irq=183)
[   87.339969] usb usb4: root hub lost power or was reset
[   87.345249] usb usb1: root hub lost power or was reset
[   87.432052] usb usb5: root hub lost power or was reset
[   87.437319] usb usb2: root hub lost power or was reset
[   87.524074] usb usb6: root hub lost power or was reset
[   87.529327] usb usb3: root hub lost power or was reset
[   87.644049] usb usb10: root hub lost power or was reset
[   87.649408] usb usb9: root hub lost power or was reset
[   87.662046] ata1: link resume succeeded after 1 retries
[   87.773681] ata1: SATA link down (SStatus 0 SControl 300)
[   90.542073] OOM killer enabled.
[   90.545914] Restarting tasks ... 
[   90.546109] usb 9-1: USB disconnect, device number 2
[   90.546761] done.
root@salvator-x:~# cp: error reading '/mnt/usb/testdata': Input/output error
[   90.560326] PM: suspend exit
[   90.562012] blk_update_request: I/O error, dev sda, sector 25221376 op 0x1:(WRITE) flags 0x4000 phys_seg 30 prio class 0
[   90.562054] blk_update_request: I/O error, dev sda, sector 25221616 op 0x1:(WRITE) flags 0x4000 phys_seg 30 prio class 0
[   90.562079] blk_update_request: I/O error, dev sda, sector 25221856 op 0x1:(WRITE) flags 0x4000 phys_seg 30 prio class 0
[   90.562094] blk_update_request: I/O error, dev sda, sector 25222096 op 0x1:(WRITE) flags 0x4000 phys_seg 30 prio class 0
[   90.562108] blk_update_request: I/O error, dev sda, sector 25222336 op 0x1:(WRITE) flags 0x4000 phys_seg 30 prio class 0
[   90.562134] blk_update_request: I/O error, dev sda, sector 25222576 op 0x1:(WRITE) flags 0x4000 phys_seg 30 prio class 0
[   90.562148] blk_update_request: I/O error, dev sda, sector 25222816 op 0x1:(WRITE) flags 0x4000 phys_seg 30 prio class 0
[   90.562178] blk_update_request: I/O error, dev sda, sector 25223056 op 0x1:(WRITE) flags 0x4000 phys_seg 30 prio class 0
[   90.562186] blk_update_request: I/O error, dev sda, sector 697344 op 0x0:(READ) flags 0x84700 phys_seg 3 prio class 0
[   90.562218] blk_update_request: I/O error, dev sda, sector 697584 op 0x0:(READ) flags 0x84700 phys_seg 3 prio class 0
[   90.562490] Aborting journal on device sda1-8.
[   90.562520] Buffer I/O error on dev sda1, logical block 7372800, lost sync page write
[   90.562536] JBD2: Error -5 detected when updating journal superblock for sda1-8.
[   94.010790] ravb e6800000.ethernet eth0: Link is Up - 1Gbps/Full - flow control off
[   94.424481] ravb e6800000.ethernet eth0: Link is Down

[   98.500641] ravb e6800000.ethernet eth0: Link is Up - 1Gbps/Full - flow control off
root@salvator-x:~# echo "Wake up sucessfully"
Wake up sucessfully
[1]+  Done(1)                 cp /mnt/usb/testdata testdata_from_usb
root@salvator-x:~# 
root@salvator-x:~# wait
root@salvator-x:~# 
root@salvator-x:~# sync
root@salvator-x:~# 
root@salvator-x:~# cmp testdata testdata_from_usb
cmp: EOF on testdata_from_usb
root@salvator-x:~# 
root@salvator-x:~# umount /mnt/usb
root@salvator-x:~# 
 
#### Result: OK ####
