

----------Item 4----------


Please press switch to restart board 

[F 00:00:120
[F 00:00:119
[F 00:00:118
[F 00:00:117
[F 00:00:116
[F 00:00:115
[F 00:00:114
[F 00:00:113
[F 00:00:112
[F 00:00:111
[F 00:00:110
[F 00:00:109
[F 00:00:108
[F 00:00:107
[F 00:00:106
[F 00:00:105
[F 00:00:104
[F 00:00:103
[F 00:00:102
[F 00:00:101
[F 00:00:100
[F 00:00:99
[F 00:00:98
[F 00:00:97
[F 00:00:96
[F 00:00:95
[F 00:00:94
[F 00:00:93
[F 00:00:92
[F 00:00:91
[F 00:00:90
[F 00:00:89
[F 00:00:88
[F 00:00:87
NOTICE:  BL2: R-Car Gen3 Initial Program Loader(CA57) Rev.4.0.0
NOTICE:  BL2: PRR is R-Car H3 Ver.3.0
NOTICE:  BL2: Board is Salvator-XS Rev.1.0
NOTICE:  BL2: Boot device is HyperFlash(160MHz)
NOTICE:  BL2: LCM state is CM
NOTICE:  AVS setting succeeded. DVFS_SetVID=0x53
NOTICE:  BL2: DDR3200(rev.0.42)
NOTICE:  BL2: [COLD_BOOT]
NOTICE:  BL2: DRAM Split is 4ch(DDR f)
NOTICE:  BL2: QoS is default setting(rev.0.11)
NOTICE:  BL2: DRAM refresh interval 1.95 usec
NOTICE:  BL2: Periodic Write DQ Training
NOTICE:  BL2: CH0: 400000000 - 47fffffff, 2 GiB
NOTICE:  BL2: CH1: 500000000 - 57fffffff, 2 GiB
NOTICE:  BL2: CH2: 600000000 - 67fffffff, 2 GiB
NOTICE:  BL2: CH3: 700000000 - 77fffffff, 2 GiB
NOTICE:  BL2: Lossy Decomp areas
NOTICE:       Entry 0: DCMPAREACRAx:0x80000540 DCMPAREACRBx:0x570
NOTICE:       Entry 1: DCMPAREACRAx:0x40000000 DCMPAREACRBx:0x0
NOTICE:       Entry 2: DCMPAREACRAx:0x20000000 DCMPAREACRBx:0x0
NOTICE:  BL2: FDT at 0xe6327f70
NOTICE:  BL2: v2.9(release):9cdb21f75
NOTICE:  BL2: Built : 05:25:39, Dec 19 2023
NOTICE:  BL2: Normal boot
NOTICE:  BL2: dst=0xe6327800 src=0x8180000 len=512(0x200)
NOTICE:  BL2: dst=0x43f00000 src=0x8180400 len=6144(0x1800)
NOTICE:  rcar_file_len: len: 0x0003e000
NOTICE:  BL2: dst=0x44000000 src=0x81c0000 len=253952(0x3e000)
NOTICE:  rcar_file_len: len: 0x00200000
NOTICE:  BL2: dst=0x44100000 src=0x8200000 len=2097152(0x200000)
NOTICE:  rcar_file_len: len: 0x00100000
NOTICE:  BL2: dst=0x50000000 src=0x8640000 len=1048576(0x100000)
NOTICE:  BL2: Booting BL31


U-Boot 2020.10 (Dec 19 2023 - 14:30:40 +0000)

CPU: Renesas Electronics R8A7795 rev 3.0
Model: Renesas Salvator-X 2nd version board based on r8a77951
DRAM:  7.9 GiB
RAM Configuration:
Bank #0: 0x048000000 - 0x0bfffffff, 1.9 GiB
Bank #1: 0x500000000 - 0x57fffffff, 2 GiB
Bank #2: 0x600000000 - 0x67fffffff, 2 GiB
Bank #3: 0x700000000 - 0x77fffffff, 2 GiB

MMC:   sd@ee100000: 0, sd@ee140000: 1, sd@ee160000: 2
Loading Environment from MMC... OK
In:    serial@e6e88000
Out:   serial@e6e88000
Err:   serial@e6e88000
Net:   eth0: ethernet@e6800000
Hit any key to stop autoboot:  2  1  0 
ethernet@e6800000 Waiting for PHY auto negotiation to complete......... done
Using ethernet@e6800000 device
TFTP from server 192.168.10.98; our IP address is 192.168.10.107
Filename 'BV/PT3/boot_USB2H/Image'.
Load address: 0x48080000
Loading: *#################################################################
	 #################################################################
	 #################################################################
	 #################################################################
	 #################################################################
	 #################################################################
	 #################################################################
	 #################################################################
	 #################################################################
	 #################################################################
	 #################################################################
	 #################################################################
	 #################################################################
	 #################################################################
	 #################################################################
	 #################################################################
	 #################################################################
	 #################################################################
	 #################################################################
	 #################################################################
	 #################################################################
	 #################################################################
	 #################################################################
	 #################################################################
	 #################################################################
	 #################################################################
	 #################################################################
	 #################################################################
	 #################################################################
	 #################################################################
	 #################################################################
	 #################################################################
	 #################################################################
	 #################################################################
	 ################################################################
	 4.1 MiB/s
done
Bytes transferred = 33376768 (1fd4a00 hex)
Using ethernet@e6800000 device
TFTP from server 192.168.10.98; our IP address is 192.168.10.107
Filename 'BV/PT3/boot_USB2H/r8a77951-salvator-xs.dtb'.
Load address: 0x48000000
Loading: *#######
	 5.8 MiB/s
done
Bytes transferred = 90876 (162fc hex)
Moving Image from 0x48080000 to 0x48200000, end=4a260000
## Flattened Device Tree blob at 48000000
   Booting using the fdt blob at 0x48000000
   Loading Device Tree to 0000000053fe6000, end 0000000053fff2fb ... OK

Starting kernel ...

[    0.000000] Booting Linux on physical CPU 0x0000000000 [0x411fd073]
[    0.000000] Linux version 5.10.194-yocto-standard (thuan.nguyen-hong@banvien) (aarch64-poky-linux-gcc (GCC) 9.3.0, GNU ld (GNU Binutils) 2.34.0.20200220) #10 SMP PREEMPT Mon Feb 19 03:51:05 UTC 2024
[    0.000000] Machine model: Renesas Salvator-X 2nd version board based on r8a77951
[    0.000000] efi: UEFI not found.
[    0.000000] Reserved memory: created CMA memory pool at 0x0000000057000000, size 16 MiB
[    0.000000] OF: reserved mem: initialized node linux,adsp@57000000, compatible id shared-dma-pool
[    0.000000] Reserved memory: created CMA memory pool at 0x0000000058000000, size 384 MiB
[    0.000000] OF: reserved mem: initialized node linux,cma@58000000, compatible id shared-dma-pool
[    0.000000] Reserved memory: created CMA memory pool at 0x0000000070000000, size 256 MiB
[    0.000000] OF: reserved mem: initialized node linux,multimedia@70000000, compatible id shared-dma-pool
[    0.000000] NUMA: No NUMA configuration found
[    0.000000] NUMA: Faking a node at [mem 0x0000000048000000-0x000000077fffffff]
[    0.000000] NUMA: NODE_DATA [mem 0x77efdab00-0x77efdcfff]
[    0.000000] Zone ranges:
[    0.000000]   DMA      [mem 0x0000000048000000-0x000000007fffffff]
[    0.000000]   DMA32    [mem 0x0000000080000000-0x00000000ffffffff]
[    0.000000]   Normal   [mem 0x0000000100000000-0x000000077fffffff]
[    0.000000] Movable zone start for each node
[    0.000000] Early memory node ranges
[    0.000000]   node   0: [mem 0x0000000048000000-0x0000000053ffffff]
[    0.000000]   node   0: [mem 0x0000000054000000-0x0000000056ffffff]
[    0.000000]   node   0: [mem 0x0000000057000000-0x00000000bfffffff]
[    0.000000]   node   0: [mem 0x0000000500000000-0x000000057fffffff]
[    0.000000]   node   0: [mem 0x0000000600000000-0x000000067fffffff]
[    0.000000]   node   0: [mem 0x0000000700000000-0x000000077fffffff]
[    0.000000] Initmem setup node 0 [mem 0x0000000048000000-0x000000077fffffff]
[    0.000000] psci: probing for conduit method from DT.
[    0.000000] psci: PSCIv1.1 detected in firmware.
[    0.000000] psci: Using standard PSCI v0.2 function IDs
[    0.000000] psci: Trusted OS resident on physical CPU 0x0
[    0.000000] psci: SMC Calling Convention v1.2
[    0.000000] percpu: Embedded 23 pages/cpu s56984 r8192 d29032 u94208
[    0.000000] Detected PIPT I-cache on CPU0
[    0.000000] CPU features: detected: EL2 vector hardening
[    0.000000] CPU features: detected: Spectre-v2
[    0.000000] CPU features: detected: ARM errata 1165522, 1319367, or 1530923
[    0.000000] CPU features: detected: Spectre-BHB
[    0.000000] CPU features: detected: ARM erratum 1742098
[    0.000000] Built 1 zonelists, mobility grouping on.  Total pages: 2032128
[    0.000000] Policy zone: Normal
[    0.000000] Kernel command line: rw root=/dev/nfs nfsroot=192.168.10.98:/data/tftpboot/BV/PT3/rootfs_H3,nfsvers=4 ip=192.168.10.107
[    0.000000] Dentry cache hash table entries: 1048576 (order: 11, 8388608 bytes, linear)
[    0.000000] Inode-cache hash table entries: 524288 (order: 10, 4194304 bytes, linear)
[    0.000000] mem auto-init: stack:off, heap alloc:off, heap free:off
[    0.000000] software IO TLB: mapped [mem 0x000000004ffe6000-0x0000000053fe6000] (64MB)
[    0.000000] Memory: 7276840K/8257536K available (15232K kernel code, 2834K rwdata, 8240K rodata, 6144K init, 517K bss, 308952K reserved, 671744K cma-reserved)
[    0.000000] SLUB: HWalign=64, Order=0-3, MinObjects=0, CPUs=8, Nodes=1
[    0.000000] rcu: Preemptible hierarchical RCU implementation.
[    0.000000] rcu: 	RCU event tracing is enabled.
[    0.000000] rcu: 	RCU restricting CPUs from NR_CPUS=256 to nr_cpu_ids=8.
[    0.000000] 	Trampoline variant of Tasks RCU enabled.
[    0.000000] rcu: RCU calculated value of scheduler-enlistment delay is 25 jiffies.
[    0.000000] rcu: Adjusting geometry for rcu_fanout_leaf=16, nr_cpu_ids=8
[    0.000000] NR_IRQS: 64, nr_irqs: 64, preallocated irqs: 0
[    0.000000] arch_timer: cp15 timer(s) running at 8.32MHz (virt).
[    0.000000] clocksource: arch_sys_counter: mask: 0xffffffffffffff max_cycles: 0x1eb398c07, max_idle_ns: 440795202503 ns
[    0.000003] sched_clock: 56 bits at 8MHz, resolution 120ns, wraps every 2199023255503ns
[    0.000206] Console: colour dummy device 80x25
[    0.000414] printk: console [tty0] enabled
[    0.000483] Calibrating delay loop (skipped), value calculated using timer frequency.. 16.64 BogoMIPS (lpj=33280)
[    0.000498] pid_max: default: 32768 minimum: 301
[    0.000557] LSM: Security Framework initializing
[    0.000645] Mount-cache hash table entries: 16384 (order: 5, 131072 bytes, linear)
[    0.000696] Mountpoint-cache hash table entries: 16384 (order: 5, 131072 bytes, linear)
[    0.002151] rcu: Hierarchical SRCU implementation.
[    0.003755] Detected Renesas R-Car Gen3 r8a7795 ES3.0
[    0.005888] EFI services will not be available.
[    0.006225] smp: Bringing up secondary CPUs ...
[    0.006682] Detected PIPT I-cache on CPU1
[    0.006731] CPU1: Booted secondary processor 0x0000000001 [0x411fd073]
[    0.007211] Detected PIPT I-cache on CPU2
[    0.007236] CPU2: Booted secondary processor 0x0000000002 [0x411fd073]
[    0.007659] Detected PIPT I-cache on CPU3
[    0.007680] CPU3: Booted secondary processor 0x0000000003 [0x411fd073]
[    0.008146] CPU features: detected: ARM erratum 845719
[    0.008160] Detected VIPT I-cache on CPU4
[    0.008208] CPU4: Booted secondary processor 0x0000000100 [0x410fd034]
[    0.008691] Detected VIPT I-cache on CPU5
[    0.008718] CPU5: Booted secondary processor 0x0000000101 [0x410fd034]
[    0.009156] Detected VIPT I-cache on CPU6
[    0.009182] CPU6: Booted secondary processor 0x0000000102 [0x410fd034]
[    0.009625] Detected VIPT I-cache on CPU7
[    0.009652] CPU7: Booted secondary processor 0x0000000103 [0x410fd034]
[    0.009731] smp: Brought up 1 node, 8 CPUs
[    0.009793] SMP: Total of 8 processors activated.
[    0.009800] CPU features: detected: 32-bit EL0 Support
[    0.009807] CPU features: detected: CRC32 instructions
[    0.009814] CPU features: detected: 32-bit EL1 Support
[    0.023011] CPU: All CPU(s) started at EL1
[    0.023063] alternatives: patching kernel code
[    0.024227] devtmpfs: initialized
[    0.031021] KASLR disabled due to lack of seed
[    0.031171] clocksource: jiffies: mask: 0xffffffff max_cycles: 0xffffffff, max_idle_ns: 7645041785100000 ns
[    0.031192] futex hash table entries: 2048 (order: 5, 131072 bytes, linear)
[    0.039836] pinctrl core: initialized pinctrl subsystem
[    0.041309] DMI not present or invalid.
[    0.041812] NET: Registered protocol family 16
[    0.042744] DMA: preallocated 1024 KiB GFP_KERNEL pool for atomic allocations
[    0.042940] DMA: preallocated 1024 KiB GFP_KERNEL|GFP_DMA pool for atomic allocations
[    0.043228] DMA: preallocated 1024 KiB GFP_KERNEL|GFP_DMA32 pool for atomic allocations
[    0.043266] audit: initializing netlink subsys (disabled)
[    0.043451] audit: type=2000 audit(0.040:1): state=initialized audit_enabled=0 res=1
[    0.044628] thermal_sys: Registered thermal governor 'power_allocator'
[    0.045150] cpuidle: using governor menu
[    0.045323] hw-breakpoint: found 6 breakpoint and 4 watchpoint registers.
[    0.045447] ASID allocator initialised with 65536 entries
[    0.046739] Serial: AMBA PL011 UART driver
[    0.089623] sh-pfc e6060000.pinctrl: r8a77951_pfc support registered
[    0.104324] HugeTLB registered 1.00 GiB page size, pre-allocated 0 pages
[    0.104339] HugeTLB registered 32.0 MiB page size, pre-allocated 0 pages
[    0.104347] HugeTLB registered 2.00 MiB page size, pre-allocated 0 pages
[    0.104354] HugeTLB registered 64.0 KiB page size, pre-allocated 0 pages
[    0.105318] cryptd: max_cpu_qlen set to 1000
[    0.107583] ACPI: Interpreter disabled.
[    0.111409] rcar-avs: use avs value: 0
[    0.111425] rcar-avs: cpu@0 is running with: opp_table0
[    0.111435] rcar-avs: cpu@1 is running with: opp_table0
[    0.111445] rcar-avs: cpu@2 is running with: opp_table0
[    0.111454] rcar-avs: cpu@3 is running with: opp_table0
[    0.111537] rcar-avs: gsx@fd000000 is running with: gsx_opp_table0
[    0.112951] iommu: Default domain type: Translated 
[    0.113518] ipmmu-vmsa e67b0000.iommu: IPMMU context 0 is reserved
[    0.114520] vgaarb: loaded
[    0.114719] SCSI subsystem initialized
[    0.114966] usbcore: registered new interface driver usbfs
[    0.114999] usbcore: registered new interface driver hub
[    0.115025] usbcore: registered new device driver usb
[    0.118557] i2c-sh_mobile e60b0000.i2c: I2C adapter 7, bus speed 400000 Hz
[    0.119090] mc: Linux media interface: v0.10
[    0.119112] videodev: Linux video capture interface: v2.00
[    0.119158] pps_core: LinuxPPS API ver. 1 registered
[    0.119166] pps_core: Software ver. 5.3.6 - Copyright 2005-2007 Rodolfo Giometti <giometti@linux.it>
[    0.119180] PTP clock support registered
[    0.119355] EDAC MC: Ver: 3.0.0
[    0.121369] FPGA manager framework
[    0.121426] Advanced Linux Sound Architecture Driver Initialized.
[    0.121985] clocksource: Switched to clocksource arch_sys_counter
[    0.122130] VFS: Disk quotas dquot_6.6.0
[    0.122174] VFS: Dquot-cache hash table entries: 512 (order 0, 4096 bytes)
[    0.122298] pnp: PnP ACPI: disabled
[    0.125792] NET: Registered protocol family 2
[    0.126211] IP idents hash table entries: 131072 (order: 8, 1048576 bytes, linear)
[    0.128470] tcp_listen_portaddr_hash hash table entries: 4096 (order: 4, 65536 bytes, linear)
[    0.128573] TCP established hash table entries: 65536 (order: 7, 524288 bytes, linear)
[    0.128857] TCP bind hash table entries: 65536 (order: 8, 1048576 bytes, linear)
[    0.129441] TCP: Hash tables configured (established 65536 bind 65536)
[    0.129563] UDP hash table entries: 4096 (order: 5, 131072 bytes, linear)
[    0.129678] UDP-Lite hash table entries: 4096 (order: 5, 131072 bytes, linear)
[    0.129899] NET: Registered protocol family 1
[    0.130272] RPC: Registered named UNIX socket transport module.
[    0.130281] RPC: Registered udp transport module.
[    0.130287] RPC: Registered tcp transport module.
[    0.130292] RPC: Registered tcp NFSv4.1 backchannel transport module.
[    0.130304] PCI: CLS 0 bytes, default 64
[    0.131248] hw perfevents: enabled with armv8_cortex_a53 PMU driver, 7 counters available
[    0.131522] hw perfevents: enabled with armv8_cortex_a57 PMU driver, 7 counters available
[    0.132146] kvm [1]: HYP mode not available
[    0.135058] Initialise system trusted keyrings
[    0.135191] workingset: timestamp_bits=42 max_order=21 bucket_order=0
[    0.138300] squashfs: version 4.0 (2009/01/31) Phillip Lougher
[    0.138710] NFS: Registering the id_resolver key type
[    0.138741] Key type id_resolver registered
[    0.138748] Key type id_legacy registered
[    0.138802] nfs4filelayout_init: NFSv4 File Layout Driver Registering...
[    0.138812] nfs4flexfilelayout_init: NFSv4 Flexfile Layout Driver Registering...
[    0.138915] 9p: Installing v9fs 9p2000 file system support
[    0.165659] Key type asymmetric registered
[    0.165671] Asymmetric key parser 'x509' registered
[    0.165701] Block layer SCSI generic (bsg) driver version 0.4 loaded (major 243)
[    0.165712] io scheduler mq-deadline registered
[    0.165721] io scheduler kyber registered
[    0.181759] gpio_rcar e6050000.gpio: driving 16 GPIOs
[    0.182052] gpio_rcar e6051000.gpio: driving 29 GPIOs
[    0.182307] gpio_rcar e6052000.gpio: driving 15 GPIOs
[    0.182580] gpio_rcar e6053000.gpio: driving 16 GPIOs
[    0.182829] gpio_rcar e6054000.gpio: driving 18 GPIOs
[    0.183082] gpio_rcar e6055000.gpio: driving 26 GPIOs
[    0.183371] gpio_rcar e6055400.gpio: driving 32 GPIOs
[    0.183742] gpio_rcar e6055800.gpio: driving 4 GPIOs
[    0.186671] rcar-pcie fe000000.pcie: host bridge /soc/pcie@fe000000 ranges:
[    0.186702] rcar-pcie fe000000.pcie:       IO 0x00fe100000..0x00fe1fffff -> 0x0000000000
[    0.186724] rcar-pcie fe000000.pcie:      MEM 0x00fe200000..0x00fe3fffff -> 0x00fe200000
[    0.186742] rcar-pcie fe000000.pcie:      MEM 0x0030000000..0x0037ffffff -> 0x0030000000
[    0.186756] rcar-pcie fe000000.pcie:      MEM 0x0038000000..0x003fffffff -> 0x0038000000
[    0.186773] rcar-pcie fe000000.pcie:   IB MEM 0x0040000000..0x007fffffff -> 0x0040000000
[    0.186817] rcar-pcie fe000000.pcie: no pcie3v3 regulator found
[    0.186827] rcar-pcie fe000000.pcie: no pcie1v8 regulator found
[    0.253692] rcar-pcie fe000000.pcie: PCIe link down
[    0.253860] rcar-pcie ee800000.pcie: host bridge /soc/pcie@ee800000 ranges:
[    0.253884] rcar-pcie ee800000.pcie:       IO 0x00ee900000..0x00ee9fffff -> 0x0000000000
[    0.253903] rcar-pcie ee800000.pcie:      MEM 0x00eea00000..0x00eebfffff -> 0x00eea00000
[    0.253921] rcar-pcie ee800000.pcie:      MEM 0x00c0000000..0x00c7ffffff -> 0x00c0000000
[    0.253935] rcar-pcie ee800000.pcie:      MEM 0x00c8000000..0x00cfffffff -> 0x00c8000000
[    0.253952] rcar-pcie ee800000.pcie:   IB MEM 0x0040000000..0x007fffffff -> 0x0040000000
[    0.253998] rcar-pcie ee800000.pcie: no pcie3v3 regulator found
[    0.254009] rcar-pcie ee800000.pcie: no pcie1v8 regulator found
[    0.413982] rcar-pcie ee800000.pcie: PCIe link down
[    0.416421] EINJ: ACPI disabled.
[    0.450556] Serial: 8250/16550 driver, 4 ports, IRQ sharing enabled
[    0.452971] SuperH (H)SCI(F) driver initialized
[    0.453398] e6550000.serial: ttySC1 at MMIO 0xe6550000 (irq = 42, base_baud = 0) is a hscif
[    0.454154] e6e88000.serial: ttySC0 at MMIO 0xe6e88000 (irq = 128, base_baud = 0) is a scif
[    1.658788] printk: console [ttySC0] enabled
[    1.664191] msm_serial: driver initialized
[    1.674518] rcar-dw-hdmi fead0000.hdmi: Detected HDMI TX controller v2.01a with HDCP (DWC HDMI 2.0 TX PHY)
[    1.684428] rcar-dw-hdmi fead0000.hdmi: registered DesignWare HDMI I2C bus driver
[    1.692669] rcar-dw-hdmi feae0000.hdmi: Detected HDMI TX controller v2.01a with HDCP (DWC HDMI 2.0 TX PHY)
[    1.702521] rcar-dw-hdmi feae0000.hdmi: registered DesignWare HDMI I2C bus driver
[    1.718029] loop: module loaded
[    1.722599] megasas: 07.714.04.00-rc1
[    1.728306] scsi host0: sata_rcar
[    1.731784] ata1: SATA max UDMA/133 irq 181
[    1.741136] tun: Universal TUN/TAP device driver, 1.6
[    1.747101] thunder_xcv, ver 1.0
[    1.750360] thunder_bgx, ver 1.0
[    1.753600] nicpf, ver 1.0
[    1.757716] hclge is initializing
[    1.761051] hns3: Hisilicon Ethernet Network Driver for Hip08 Family - version
[    1.768273] hns3: Copyright (c) 2017 Huawei Corporation.
[    1.773610] e1000: Intel(R) PRO/1000 Network Driver
[    1.778489] e1000: Copyright (c) 1999-2006 Intel Corporation.
[    1.784256] e1000e: Intel(R) PRO/1000 Network Driver
[    1.789220] e1000e: Copyright(c) 1999 - 2015 Intel Corporation.
[    1.795160] igb: Intel(R) Gigabit Ethernet Network Driver
[    1.800559] igb: Copyright (c) 2007-2014 Intel Corporation.
[    1.806146] igbvf: Intel(R) Gigabit Virtual Function Network Driver
[    1.812413] igbvf: Copyright (c) 2009 - 2012 Intel Corporation.
[    1.818757] sky2: driver version 1.30
[    1.826359] ravb e6800000.ethernet eth0: Base address at 0xe6800000, 2e:09:0a:00:c3:9a, IRQ 125.
[    1.836585] VFIO - User Level meta-driver version: 0.3
[    1.843759] ehci_hcd: USB 2.0 'Enhanced' Host Controller (EHCI) Driver
[    1.850300] ehci-pci: EHCI PCI platform driver
[    1.854761] ehci-platform: EHCI generic platform driver
[    1.860382] ehci-platform ee0a0100.usb: EHCI Host Controller
[    1.866067] ehci-platform ee0a0100.usb: new USB bus registered, assigned bus number 1
[    1.873991] ehci-platform ee0a0100.usb: irq 175, io mem 0xee0a0100
[    1.893989] ehci-platform ee0a0100.usb: USB 2.0 started, EHCI 1.10
[    1.900543] hub 1-0:1.0: USB hub found
[    1.904318] hub 1-0:1.0: 1 port detected
[    1.908744] ehci-platform ee0c0100.usb: EHCI Host Controller
[    1.914422] ehci-platform ee0c0100.usb: new USB bus registered, assigned bus number 2
[    1.922331] ehci-platform ee0c0100.usb: irq 176, io mem 0xee0c0100
[    1.941986] ehci-platform ee0c0100.usb: USB 2.0 started, EHCI 1.10
[    1.948450] hub 2-0:1.0: USB hub found
[    1.952219] hub 2-0:1.0: 1 port detected
[    1.982025] ehci-platform ee0e0100.usb: EHCI Host Controller
[    1.987701] ehci-platform ee0e0100.usb: new USB bus registered, assigned bus number 3
[    1.995576] ehci-platform ee0e0100.usb: irq 177, io mem 0xee0e0100
[    2.013989] ehci-platform ee0e0100.usb: USB 2.0 started, EHCI 1.10
[    2.020418] hub 3-0:1.0: USB hub found
[    2.024187] hub 3-0:1.0: 1 port detected
[    2.028565] ehci-orion: EHCI orion driver
[    2.032824] ehci-exynos: EHCI Exynos driver
[    2.037134] ohci_hcd: USB 1.1 'Open' Host Controller (OHCI) Driver
[    2.043331] ohci-pci: OHCI PCI platform driver
[    2.047814] ohci-platform: OHCI generic platform driver
[    2.053349] ohci-platform ee0a0000.usb: Generic Platform OHCI controller
[    2.060069] ohci-platform ee0a0000.usb: new USB bus registered, assigned bus number 4
[    2.067950] ohci-platform ee0a0000.usb: irq 175, io mem 0xee0a0000
[    2.149996] ata1: link resume succeeded after 1 retries
[    2.161988] usb 1-1: new high-speed USB device number 2 using ehci-platform
[    2.164254] hub 4-0:1.0: USB hub found
[    2.172718] hub 4-0:1.0: 1 port detected
[    2.177070] ohci-platform ee0c0000.usb: Generic Platform OHCI controller
[    2.183787] ohci-platform ee0c0000.usb: new USB bus registered, assigned bus number 5
[    2.191657] ohci-platform ee0c0000.usb: irq 176, io mem 0xee0c0000
[    2.261509] ata1: SATA link down (SStatus 0 SControl 300)
[    2.284233] hub 5-0:1.0: USB hub found
[    2.288001] hub 5-0:1.0: 1 port detected
[    2.292326] ohci-platform ee0e0000.usb: Generic Platform OHCI controller
[    2.299038] ohci-platform ee0e0000.usb: new USB bus registered, assigned bus number 6
[    2.306921] ohci-platform ee0e0000.usb: irq 177, io mem 0xee0e0000
[    2.322778] hub 1-1:1.0: USB hub found
[    2.326572] hub 1-1:1.0: 4 ports detected
[    2.400242] hub 6-0:1.0: USB hub found
[    2.404013] hub 6-0:1.0: 1 port detected
[    2.408380] ohci-exynos: OHCI Exynos driver
[    2.413250] xhci-hcd ee000000.usb: xHCI Host Controller
[    2.418491] xhci-hcd ee000000.usb: new USB bus registered, assigned bus number 7
[    2.441742] xhci-hcd ee000000.usb: hcc params 0x014051ce hci version 0x100 quirks 0x0000000000830410
[    2.450908] xhci-hcd ee000000.usb: irq 172, io mem 0xee000000
[    2.456774] xhci-hcd ee000000.usb: xHCI Host Controller
[    2.462009] xhci-hcd ee000000.usb: new USB bus registered, assigned bus number 8
[    2.469412] xhci-hcd ee000000.usb: Host supports USB 3.0 SuperSpeed
[    2.475976] hub 7-0:1.0: USB hub found
[    2.479746] hub 7-0:1.0: 1 port detected
[    2.483831] usb usb8: We don't know the algorithms for LPM for this host, disabling LPM.
[    2.492161] hub 8-0:1.0: USB hub found
[    2.495935] hub 8-0:1.0: 1 port detected
[    2.500766] usbcore: registered new interface driver usb-storage
[    2.508470] renesas_usbhs e6590000.usb: host probed
[    2.513362] renesas_usbhs e6590000.usb: no transceiver found
[    2.519088] renesas_usbhs e6590000.usb: gadget probed
[    2.524310] renesas_usbhs e6590000.usb: probed
[    2.529206] renesas_usbhs e659c000.usb: host probed
[    2.534098] renesas_usbhs e659c000.usb: no transceiver found
[    2.539811] renesas_usbhs e659c000.usb: gadget probed
[    2.545015] renesas_usbhs e659c000.usb: probed
[    2.551942] i2c /dev entries driver
[    2.566536] cs2000-cp 2-004f: revision - C1
[    2.570777] i2c-rcar e6510000.i2c: probed
[    2.575589] pca953x 4-0020: supply vcc not found, using dummy regulator
[    2.582292] pca953x 4-0020: using no AI
[    2.586942] gpio-355 (PCIE/SATA switch): hogged as output/low
[    2.599236] i2c-rcar e66d8000.i2c: probed
[    2.604534] adv748x 4-0070: Endpoint /soc/i2c@e66d8000/video-receiver@70/port@7/endpoint on port 7
[    2.613516] adv748x 4-0070: Endpoint /soc/i2c@e66d8000/video-receiver@70/port@8/endpoint on port 8
[    2.622487] adv748x 4-0070: Endpoint /soc/i2c@e66d8000/video-receiver@70/port@a/endpoint on port 10
[    2.631551] adv748x 4-0070: Endpoint /soc/i2c@e66d8000/video-receiver@70/port@b/endpoint on port 11
[    2.640933] adv748x 4-0070: chip found @ 0xe0 revision 2143
[    2.694489] rcar-csi2 fea80000.csi2: 1 lanes found
[    2.699632] rcar-csi2 feaa0000.csi2: 4 lanes found
[    2.709181] rcar-vin e6ef0000.video: Device registered as video0
[    2.715265] rcar-vin e6ef1000.video: Device registered as video1
[    2.721337] rcar-vin e6ef2000.video: Device registered as video2
[    2.727409] rcar-vin e6ef3000.video: Device registered as video3
[    2.733475] rcar-vin e6ef4000.video: Device registered as video4
[    2.739556] rcar-vin e6ef5000.video: Device registered as video5
[    2.745633] rcar-vin e6ef6000.video: Device registered as video6
[    2.751711] rcar-vin e6ef7000.video: Device registered as video7
[    2.760455] rcar_gen3_thermal e6198000.thermal: is using pseudo fixed FUSE values
[    2.772637] rcar_gen3_thermal e6198000.thermal: TSC0: Loaded 1 trip points
[    2.783869] rcar_gen3_thermal e6198000.thermal: TSC1: Loaded 1 trip points
[    2.795037] rcar_gen3_thermal e6198000.thermal: TSC2: Loaded 3 trip points
[    2.807055] sdhci: Secure Digital Host Controller Interface driver
[    2.813249] sdhci: Copyright(c) Pierre Ossman
[    2.818498] Synopsys Designware Multimedia Card Interface Driver
[    2.818666] renesas_sdhi_internal_dmac ee140000.mmc: Adding to iommu group 0
[    2.818756] renesas_sdhi_internal_dmac ee100000.mmc: Got CD GPIO
[    2.818810] renesas_sdhi_internal_dmac ee100000.mmc: Got WP GPIO
[    2.819126] renesas_sdhi_internal_dmac ee160000.mmc: Got CD GPIO
[    2.819153] renesas_sdhi_internal_dmac ee160000.mmc: Got WP GPIO
[    2.825867] sdhci-pltfm: SDHCI platform and OF driver helper
[    2.831599] renesas_sdhi_internal_dmac ee140000.mmc: Using IPMMU context 1
[    2.868669] ledtrig-cpu: registered to indicate activity on CPUs
[    2.875716] SMCCC: SOC_ID: ARCH_SOC_ID not implemented, skipping ....
[    2.882762] usbcore: registered new interface driver usbhid
[    2.888340] usbhid: USB HID core driver
[    2.895960] optee: probing for conduit method.
[    2.900427] optee: revision 3.22 (314ecf9d)
[    2.900851] optee driver R-Car Rev.1.0.11
[    2.909457] optee: dynamic shared memory is enabled
[    2.914602] optee: initialized driver
[    2.917068] renesas_sdhi_internal_dmac ee140000.mmc: mmc0 base at 0x00000000ee140000, max clock rate 200 MHz
[    2.928780] rcar_sound ec500000.sound: probed
[    2.933887] NET: Registered protocol family 17
[    2.938458] 9pnet: Installing 9P2000 support
[    2.942777] Key type dns_resolver registered
[    2.947341] registered taskstats version 1
[    2.951456] Loading compiled-in X.509 certificates
[    2.966152] thermal emergency: set temperature to 110 celsius
[    2.972090] thermal emergency: shutdown target cpus 1-7
[    2.977318] thermal emergency: freq scaled target cpus 0
[    2.982979] renesas_irqc e61c0000.interrupt-controller: driving 6 irqs
[    2.999358] mmc0: new HS400 MMC card at address 0001
[    3.004971] mmcblk0: mmc0:0001 BGSD3R 29.1 GiB 
[    3.009918] mmcblk0boot0: mmc0:0001 BGSD3R partition 1 16.0 MiB
[    3.016225] mmcblk0boot1: mmc0:0001 BGSD3R partition 2 16.0 MiB
[    3.022259] mmcblk0rpmb: mmc0:0001 BGSD3R partition 3 4.00 MiB, chardev (509:0)
[    3.031105]  mmcblk0: p1
[    3.038018] ehci-platform ee080100.usb: EHCI Host Controller
[    3.043711] ehci-platform ee080100.usb: new USB bus registered, assigned bus number 9
[    3.051614] ehci-platform ee080100.usb: irq 174, io mem 0xee080100
[    3.070079] ehci-platform ee080100.usb: USB 2.0 started, EHCI 1.10
[    3.076792] hub 9-0:1.0: USB hub found
[    3.080563] hub 9-0:1.0: 1 port detected
[    3.086084] ohci-platform ee080000.usb: Generic Platform OHCI controller
[    3.092809] ohci-platform ee080000.usb: new USB bus registered, assigned bus number 10
[    3.100795] ohci-platform ee080000.usb: irq 174, io mem 0xee080000
[    3.196593] hub 10-0:1.0: USB hub found
[    3.200452] hub 10-0:1.0: 1 port detected
[    3.205810] cpu cpu0: EM: created perf domain
[    3.210709] cpu cpu4: EM: created perf domain
[    3.218549] renesas_sdhi_internal_dmac ee100000.mmc: Got CD GPIO
[    3.221540] renesas_sdhi_internal_dmac ee160000.mmc: Got CD GPIO
[    3.223394] [drm] Initialized rcar-du 1.0.0 20130110 for feb00000.display on minor 0
[    3.223397] [drm] Device feb00000.display probed
[    3.224605] renesas_sdhi_internal_dmac ee100000.mmc: Got WP GPIO
[    3.230670] renesas_sdhi_internal_dmac ee160000.mmc: Got WP GPIO
[    3.288039] renesas_sdhi_internal_dmac ee100000.mmc: mmc1 base at 0x00000000ee100000, max clock rate 200 MHz
[    3.291431] Console: switching to colour frame buffer device 128x48
[    3.304865] renesas_sdhi_internal_dmac ee160000.mmc: mmc2 base at 0x00000000ee160000, max clock rate 200 MHz
[    3.336271] rcar-du feb00000.display: [drm] fb0: rcar-dudrmfb frame buffer device
[    3.348840] input: keys as /devices/platform/keys/input/input0
[    3.426009] usb 1-1.1: new high-speed USB device number 3 using ehci-platform
[    3.437329] Micrel KSZ9031 Gigabit PHY e6800000.ethernet-ffffffff:00: attached PHY driver [Micrel KSZ9031 Gigabit PHY] (mii_bus:phy_addr=e6800000.ethernet-ffffffff:00, irq=183)
[    3.640998] usb-storage 1-1.1:1.0: USB Mass Storage device detected
[    3.647904] scsi host1: usb-storage 1-1.1:1.0
[    4.671537] scsi 1:0:0:0: Direct-Access     SanDisk  Extreme Pro      0    PQ: 0 ANSI: 6
[    4.682933] sd 1:0:0:0: [sda] 250085376 512-byte logical blocks: (128 GB/119 GiB)
[    4.691624] sd 1:0:0:0: [sda] Write Protect is off
[    4.697626] sd 1:0:0:0: [sda] Write cache: enabled, read cache: enabled, doesn't support DPO or FUA
[    4.712608]  sda: sda1
[    4.719132] sd 1:0:0:0: [sda] Attached SCSI removable disk
[   12.284047] ravb e6800000.ethernet eth0: Link is Up - 1Gbps/Full - flow control off
[   12.310012] IP-Config: Guessing netmask 255.255.255.0
[   12.315170] IP-Config: Complete:
[   12.322258]      device=eth0, hwaddr=2e:09:0a:00:c3:9a, ipaddr=192.168.10.107, mask=255.255.255.0, gw=255.255.255.255
[   12.336920]      host=192.168.10.107, domain=, nis-domain=(none)
[   12.346984]      bootserver=255.255.255.255, rootserver=192.168.10.98, rootpath=
[   12.347583] ALSA device list:
[   12.363824]   No soundcards found.
[   13.411988] VFS: Mounted root (nfs4 filesystem) on device 0:22.
[   13.422369] devtmpfs: mounted
[   13.432123] Freeing unused kernel memory: 6144K
[   13.470100] Run /sbin/init as init process
[   13.639837] systemd[1]: System time before build time, advancing clock.
[   13.986099] NET: Registered protocol family 10
[   13.992127] Segment Routing with IPv6
[   14.015150] systemd[1]: systemd 244 running in system mode. (+PAM -AUDIT -SELINUX +IMA -APPARMOR -SMACK +SYSVINIT +UTMP -LIBCRYPTSETUP -GCRYPT -GNUTLS +ACL +XZ -LZ4 -SECCOMP +BLKID -ELFUTILS +KMOD -IDN2 -IDN -PCRE2 default-hierarchy=hybrid)
[   14.038793] systemd[1]: Detected architecture arm64.

Welcome to [1mPoky (Yocto Project Reference Distro) 3.1.11 (dunfell)[0m!

[   14.062010] random: crng init done
[   14.071844] systemd[1]: Set hostname to <salvator-x>.
[   14.880380] systemd[1]: system-getty.slice: unit configures an IP firewall, but the local system does not support BPF/cgroup firewalling.
[   14.902114] systemd[1]: (This warning is only shown for the first unit using IP firewalling.)
[   14.917318] systemd[1]: Created slice system-getty.slice.
[[0;32m  OK  [0m] Created slice [0;1;39msystem-getty.slice[0m.
[   14.943237] systemd[1]: Created slice system-serial\x2dgetty.slice.
[[0;32m  OK  [0m] Created slice [0;1;39msystem-serial\x2dgetty.slice[0m.
[   14.971235] systemd[1]: Created slice User and Session Slice.
[[0;32m  OK  [0m] Created slice [0;1;39mUser and Session Slice[0m.
[   14.994518] systemd[1]: Started Dispatch Password Requests to Console Directory Watch.
[[0;32m  OK  [0m] Started [0;1;39mDispatch Password â€¦ts to Console Directory Watch[0m.
[   15.022406] systemd[1]: Started Forward Password Requests to Wall Directory Watch.
[[0;32m  OK  [0m] Started [0;1;39mForward Password Râ€¦uests to Wall Directory Watch[0m.
[   15.054293] systemd[1]: Reached target Paths.
[[0;32m  OK  [0m] Reached target [0;1;39mPaths[0m.
[   15.078157] systemd[1]: Reached target Remote File Systems.
[[0;32m  OK  [0m] Reached target [0;1;39mRemote File Systems[0m.
[   15.102144] systemd[1]: Reached target Slices.
[[0;32m  OK  [0m] Reached target [0;1;39mSlices[0m.
[   15.126164] systemd[1]: Reached target Swap.
[[0;32m  OK  [0m] Reached target [0;1;39mSwap[0m.
[   15.152281] systemd[1]: Listening on RPCbind Server Activation Socket.
[[0;32m  OK  [0m] Listening on [0;1;39mRPCbind Server Activation Socket[0m.
[   15.178218] systemd[1]: Reached target RPC Port Mapper.
[[0;32m  OK  [0m] Reached target [0;1;39mRPC Port Mapper[0m.
[   15.202510] systemd[1]: Listening on initctl Compatibility Named Pipe.
[[0;32m  OK  [0m] Listening on [0;1;39minitctl Compatibility Named Pipe[0m.
[   15.231760] systemd[1]: Listening on Journal Audit Socket.
[[0;32m  OK  [0m] Listening on [0;1;39mJournal Audit Socket[0m.
[   15.259442] systemd[1]: Listening on Journal Socket (/dev/log).
[[0;32m  OK  [0m] Listening on [0;1;39mJournal Socket (/dev/log)[0m.
[   15.286853] systemd[1]: Listening on Journal Socket.
[[0;32m  OK  [0m] Listening on [0;1;39mJournal Socket[0m.
[   15.311676] systemd[1]: Listening on Network Service Netlink Socket.
[[0;32m  OK  [0m] Listening on [0;1;39mNetwork Service Netlink Socket[0m.
[   15.340451] systemd[1]: Listening on udev Control Socket.
[[0;32m  OK  [0m] Listening on [0;1;39mudev Control Socket[0m.
[   15.366689] systemd[1]: Listening on udev Kernel Socket.
[[0;32m  OK  [0m] Listening on [0;1;39mudev Kernel Socket[0m.
[   15.395566] systemd[1]: Mounting Huge Pages File System...
         Mounting [0;1;39mHuge Pages File System[0m...
[   15.423305] systemd[1]: Mounting POSIX Message Queue File System...
         Mounting [0;1;39mPOSIX Message Queue File System[0m...
[   15.455357] systemd[1]: Mounting Kernel Debug File System...
         Mounting [0;1;39mKernel Debug File System[0m...
[   15.486136] systemd[1]: Mounting Temporary Directory (/tmp)...
         Mounting [0;1;39mTemporary Directory (/tmp)[0m...
[   15.515900] systemd[1]: Starting Create list of static device nodes for the current kernel...
         Starting [0;1;39mCreate list of stâ€¦odes for the current kernel[0m...
[   15.551213] systemd[1]: Starting Start psplash boot splash screen...
         Starting [0;1;39mStart psplash boot splash screen[0m...
[   15.584685] systemd[1]: Starting RPC Bind...
         Starting [0;1;39mRPC Bind[0m...
[   15.606971] systemd[1]: Condition check resulted in File System Check on Root Device being skipped.
[   15.621331] systemd[1]: Starting Journal Service...
         Starting [0;1;39mJournal Service[0m...
[   15.650642] systemd[1]: Starting Load Kernel Modules...
         Starting [0;1;39mLoad Kernel Modules[0m...
[   15.674901] systemd[1]: Starting Remount Root and Kernel File Systems...
         Starting [0;1;39mRemount Root and Kernel File Systems[0m...
[   15.701038] systemd[1]: Starting udev Coldplug all Devices...
         Starting [0;1;39mudev Coldplug all Devices[0m...
[   15.725586] systemd[1]: Started Start psplash boot splash screen.
[[0;32m  OK  [0m] Started [0;1;39mStart psplash boot splash screen[0m.
[   15.750504] systemd[1]: Started RPC Bind.
[[0;32m  OK  [0m] Started [0;1;39mRPC Bind[0m.
[   15.774848] systemd[1]: Started Journal Service.
[[0;32m  OK  [0m] Started [0;1;39mJournal Service[0m.
[[0;32m  OK  [0m] Mounted [0;1;39mHuge Pages File System[0m.
[[0;32m  OK  [0m] Mounted [0;1;39mPOSIX Message Queue File System[0m.
[[0;32m  OK  [0m] Mounted [0;1;39mKernel Debug File System[0m.
[[0;32m  OK  [0m] Mounted [0;1;39mTemporary Directory (/tmp)[0m.
[[0;32m  OK  [0m] Started [0;1;39mCreate list of staâ€¦ nodes for the current kernel[0m.
[[0;32m  OK  [0m] Started [0;1;39mLoad Kernel Modules[0m.
[[0;32m  OK  [0m] Started [0;1;39mRemount Root and Kernel File Systems[0m.
         Mounting [0;1;39mKernel Configuration File System[0m...
[[0;32m  OK  [0m] Started [0;1;39mStart psplash-systâ€¦progress communication helper[0m.
         Starting [0;1;39mFlush Journal to Persistent Storage[0m...
         Starting [0;1;39mApply Kernel Variables[0m...
[   16.004275] systemd-journald[360]: Received client request to flush runtime journal.
         Starting [0;1;39mCreate Static Device Nodes in /dev[0m...
[[0;32m  OK  [0m] Mounted [0;1;39mKernel Configuration File System[0m.
[[0;32m  OK  [0m] Started [0;1;39mFlush Journal to Persistent Storage[0m.
[[0;32m  OK  [0m] Started [0;1;39mApply Kernel Variables[0m.
[[0;32m  OK  [0m] Started [0;1;39mCreate Static Device Nodes in /dev[0m.
[[0;32m  OK  [0m] Reached target [0;1;39mLocal File Systems (Pre)[0m.
         Mounting [0;1;39m/var/volatile[0m...
         Starting [0;1;39mudev Kernel Device Manager[0m...
[[0;32m  OK  [0m] Started [0;1;39mudev Coldplug all Devices[0m.
[[0;32m  OK  [0m] Mounted [0;1;39m/var/volatile[0m.
         Starting [0;1;39mLoad/Save Random Seed[0m...
[[0;32m  OK  [0m] Reached target [0;1;39mLocal File Systems[0m.
         Starting [0;1;39mCreate Volatile Files and Directories[0m...
[[0;32m  OK  [0m] Started [0;1;39mLoad/Save Random Seed[0m.
[[0;32m  OK  [0m] Started [0;1;39mudev Kernel Device Manager[0m.
         Starting [0;1;39mNetwork Service[0m...
[[0;32m  OK  [0m] Started [0;1;39mCreate Volatile Files and Directories[0m.
         Starting [0;1;39mNetwork Time Synchronization[0m...
         Starting [0;1;39mUpdate UTMP about System Boot/Shutdown[0m...
[[0;32m  OK  [0m] Started [0;1;39mNetwork Service[0m.
         Starting [0;1;39mNetwork Name Resolution[0m...
[[0;32m  OK  [0m] Started [0;1;39mUpdate UTMP about System Boot/Shutdown[0m.
[   16.547051] pwm-backlight: probe of backlight failed with error -16
[[0;32m  OK  [0m] Started [0;1;39mNetwork Time Synchronization[0m.
[   16.588402] at24 7-0050: supply vcc not found, using dummy regulator
[[0;32m  OK  [0m] Reached target [0;1;39mSyst[   16.598494] at24 7-0050: 128 byte br24t01 EEPROM, writable, 8 bytes/write
em Initialization[0m.
[[0;32m  OK  [0m] Started [0;1;39mDaily Cleanup of Temporary Directories[0m.
[[0;32m  OK  [0m] Reached target [0;1;39mSystem Time Set[0m.
[[0;32m  OK  [0m] Reached target [0;1;39mSystem Time Synchronized[0m.
[[0;32m  OK  [0m] Reached target [0;1;39mTimers[0m.
[[0;32m  OK  [0m] Reached target [0;1;39mHardware activated USB gadget[0m.
[[0;32m  OK  [0m] Listening on [0;1;39mAvahi mDNS/DNS-SD Stack Activation Socket[0m.
[[0;32m  OK  [0m] Listening on [0;1;39mD-Bus System Message Bus Socket[0m.
[   16.739018] renesas_usb3 ee020000.usb: probed with phy
[   16.746402] ccree e6601000.crypto: ARM CryptoCell 630P Driver: HW version 0xAF400001/0xDCC63000, Driver version 5.0
[[0;32m  OK  [0m] Listening on [0;1;39mdropbear.socket[0m.
[   16.783193] ccree e6601000.crypto: ARM ccree device initialized
[[0;32m  OK  [0m] Reached target [0;1;39mSockets[0m.
[[0;32m  OK  [0m] Reached target [0;1;39mBasic System[0m.
[[0;32m  OK  [0m] Started [0;1;39mD-Bus System Message Bus[0m.
[[0;32m  OK  [0m] Started [0;1;39moptee services[0m.
         Starting [0;1;39mpvrinit.service[0m...
         Starting [0;1;39mPowerVR consumer services[0m...
         Starting [0;1;39mLogin Service[0m...
[[0;32m  OK  [0m] Started [0;1;39mNetwork Name Resolution[0m.
[[0;1;31mFAILED[0m] Failed to start [0;1;39mpvrinit.service[0m.
See 'systemctl status pvrinit.service' for details.
[[0;1;31mFAILED[0m] Failed to start [0;1;39mPowerVR consumer services[0m.
See 'systemctl status rc.pvr.service' for details.
[[0;32m  OK  [0m] Created slice [0;1;39msystem-weston.slice[0m.
[[0;32m  OK  [0m] Reached target [0;1;39mNetwork[0m.
[[0;32m  OK  [0m] Reached target [0;1;39mHost and Network Name Lookups[0m.
         Starting [0;1;39mAvahi mDNS/DNS-SD Stack[0m...
         Starting [0;1;39mPowerVR consumer services[0m...
         Starting [0;1;39mset_default_governor.service[0m...
         Starting [0;1;39mPermit User Sessions[0m...
[[0;32m  OK  [0m] Started [0;1;39mXinetd A Powerful Replacement For Inetd[0m.
[[0;1;31mFAILED[0m] Failed to [   17.314407] rd 0-7: Disabling EAS, schedutil is mandatory
start [0;1;39mPowerVR consumer services[0m.
See 'systemctl status rc.pvr.service' for details.
[[0;1;38;5;185mDEPEND[0m] Dependency failed for [0;1;39mWeston Wayland Compositor[0m.
[[0;32m  OK  [0m] Started [0;1;39mPermit User Sessions[0m.
[[0;32m  OK  [0m] Started [0;1;39mset_default_governor.service[0m.
[[0;32m  OK  [0m] Started [0;1;39mLogin Service[0m.
[[0;32m  OK  [0m] Started [0;1;39mAvahi mDNS/DNS-SD Stack[0m.
[[0;32m  OK  [0m] Started [0;1;39mGetty on tty1[0m.
[[0;32m  OK  [0m] Started [0;1;39mSerial Getty on ttySC0[0m.
[[0;32m  OK  [0m] Reached target [0;1;39mLogin Prompts[0m.
[[0;32m  OK  [0m] Reached target [0;1;39mMulti-User System[0m.
         Starting [0;1;39mUpdate UTMP about System Runlevel Changes[0m...
[[0;32m  OK  [0m] Started [0;1;39mUpdate UTMP about System Runlevel Changes[0m.

Poky (Yocto Project Reference Distro) 3.1.11 salvator-x ttySC0

salvator-x login: 
salvator-x login: root
[   19.409436] audit: type=1006 audit(1703064537.764:2): pid=540 uid=0 old-auid=4294967295 auid=0 tty=(none) old-ses=4294967295 ses=1 res=1
7[r[999;999H[6n8root@salvator-x:~# 
root@salvator-x:~# 
root@salvator-x:~# 
root@salvator-x:~# 
root@salvator-x:~# 
root@salvator-x:~# 
root@salvator-x:~# 
root@salvator-x:~# 
root@salvator-x:~# 
----------Prepare----------


root@salvator-x:~# find /sys/devices/platform/soc/ee0a0100.usb/ -name 'sd*'
/sys/devices/platform/soc/ee0a0100.usb/usb1/1-1/1-1.1/1-1.1:1.0/host1/target1:0:0/1:0:0:0/block/sda
/sys/devices/platform/soc/ee0a0100.usb/usb1/1-1/1-1.1/1-1.1:1.0/host1/target1:0:0/1:0:0:0/block/sda/sda1
root@salvator-x:~# 
root@salvator-x:~# dd if=/dev/urandom of=testdata bs=10M count=5
5+0 records in
5+0 records out
52428800 bytes (52 MB, 50 MiB) copied, 1.28295 s, 40.9 MB/s
root@salvator-x:~# 
root@salvator-x:~# mkdir -p /mnt/usb
root@salvator-x:~# 
root@salvator-x:~# mount /dev/sda1 /mnt/usb
[   41.566200] EXT4-fs (sda1): mounted filesystem with ordered data mode. Opts: (null)
root@salvator-x:~# 
root@salvator-x:~# cp testdata /mnt/usb/
[   43.998152] SDHI0 VccQ: disabling
[   44.001547] SDHI3 VccQ: disabling
root@salvator-x:~# 
root@salvator-x:~# umount /mnt/usb
root@salvator-x:~# 
root@salvator-x:~# find /sys/devices/platform/soc/ee0a0100.usb/ -name 'sd*'
/sys/devices/platform/soc/ee0a0100.usb/usb1/1-1/1-1.1/1-1.1:1.0/host1/target1:0:0/1:0:0:0/block/sda
/sys/devices/platform/soc/ee0a0100.usb/usb1/1-1/1-1.1/1-1.1:1.0/host1/target1:0:0/1:0:0:0/block/sda/sda1
root@salvator-x:~# 
root@salvator-x:~# i2cset -f -y 7 0x30 0x20 0x0f
root@salvator-x:~# 

Switch SW23 off and input 'yes' to continue:
Input 'yes' to continue: 

root@salvator-x:~# echo N > /sys/module/printk/parameters/console_suspend
root@salvator-x:~# 
root@salvator-x:~# mount /dev/sda1 /mnt/usb
[   71.980369] EXT4-fs (sda1): mounted filesystem with ordered data mode. Opts: (null)
root@salvator-x:~# 
root@salvator-x:~# cp testdata /mnt/usb/testdata_from_nfs &
[1] 566
root@salvator-x:~# 
root@salvator-x:~# echo mem > /sys/power/state
[   73.394307] PM: suspend entry (deep)
[   76.409965] Filesystems sync: 3.012 seconds
[   76.415603] Freezing user space processes ... (elapsed 0.001 seconds) done.
[   76.417242] OOM killer disabled.
[   76.417244] Freezing remaining freezable tasks ... (elapsed 0.091 seconds) done.
[   76.530017] sd 1:0:0:0: [sda] Synchronizing SCSI cache
[   76.766211] optee-rng optee-ta-ab7a617c-b8e7-4d8f-8301-d09b61036b64: TA_CMD_GET_ENTROPY invoke err: ffff000e
[   76.776065] hwrng: no data available
[   76.936108] ravb e6800000.ethernet eth0: Link is Down
[   76.951094] Disabling non-boot CPUs ...
[   76.955532] CPU1: shutdown
[   76.958257] psci: CPU1 killed (polled 0 ms)
[   76.963943] CPU2: shutdown
[   76.966672] psci: CPU2 killed (polled 0 ms)
[   76.972265] CPU3: shutdown
[   76.974990] psci: CPU3 killed (polled 0 ms)
[   76.980887] CPU4: shutdown
[   76.983610] psci: CPU4 killed (polled 0 ms)
[   76.989209] CPU5: shutdown
[   76.991941] psci: CPU5 killed (polled 0 ms)
[   76.997522] CPU6: shutdown
[   77.000247] psci: CPU6 killed (polled 0 ms)
[   77.006019] CPU7: shutdown
[   77.008731] psci: CPU7 killed (polled 0 ms)
 
 Switch power switch: 

NOTICE:  BL2: R-Car Gen3 Initial Program Loader(CA57) Rev.4.0.0
NOTICE:  BL2: PRR is R-Car H3 Ver.3.0
NOTICE:  BL2: Board is Salvator-XS Rev.1.0
NOTICE:  BL2: Boot device is HyperFlash(160MHz)
NOTICE:  BL2: LCM state is CM
NOTICE:  AVS setting succeeded. DVFS_SetVID=0x53
NOTICE:  BL2: DDR3200(rev.0.42)
NOTICE:  BL2: [WARM_BOOT]
NOTICE:  BL2: DRAM Split is 4ch(DDR f)
NOTICE:  BL2: QoS is default setting(rev.0.11)
NOTICE:  BL2: DRAM refresh interval 1.95 usec
NOTICE:  BL2: Periodic Write DQ Training
NOTICE:  BL2: CH0: 400000000 - 47fffffff, 2 GiB
NOTICE:  BL2: CH1: 500000000 - 57fffffff, 2 GiB
NOTICE:  BL2: CH2: 600000000 - 67fffffff, 2 GiB
NOTICE:  BL2: CH3: 700000000 - 77fffffff, 2 GiB
NOTICE:  BL2: Lossy Decomp areas
NOTICE:       Entry 0: DCMPAREACRAx:0x80000540 DCMPAREACRBx:0x570
NOTICE:       Entry 1: DCMPAREACRAx:0x40000000 DCMPAREACRBx:0x0
NOTICE:       Entry 2: DCMPAREACRAx:0x20000000 DCMPAREACRBx:0x0
NOTICE:  BL2: FDT at 0xe6327f70
NOTICE:  BL2: v2.9(release):9cdb21f75
NOTICE:  BL2: Built : 05:25:39, Dec 19 2023
NOTICE:  BL2: Normal boot
[   77.014083] Enabling non-boot CPUs ...
[   77.018063] Detected PIPT I-cache on CPU1
[   77.018118] CPU1: Booted secondary processor 0x0000000001 [0x411fd073]
[   77.018571] CPU1 is up
[   77.031600] Detected PIPT I-cache on CPU2
[   77.031622] CPU2: Booted secondary processor 0x0000000002 [0x411fd073]
[   77.031885] CPU2 is up
[   77.044901] Detected PIPT I-cache on CPU3
[   77.044924] CPU3: Booted secondary processor 0x0000000003 [0x411fd073]
[   77.045207] CPU3 is up
[   77.058273] Detected VIPT I-cache on CPU4
[   77.058325] CPU4: Booted secondary processor 0x0000000100 [0x410fd034]
[   77.059216] CPU4 is up
[   77.072228] Detected VIPT I-cache on CPU5
[   77.072262] CPU5: Booted secondary processor 0x0000000101 [0x410fd034]
[   77.072837] CPU5 is up
[   77.085841] Detected VIPT I-cache on CPU6
[   77.085874] CPU6: Booted secondary processor 0x0000000102 [0x410fd034]
[   77.086514] CPU6 is up
[   77.099522] Detected VIPT I-cache on CPU7
[   77.099555] CPU7: Booted secondary processor 0x0000000103 [0x410fd034]
[   77.100244] CPU7 is up
[   77.172800] xhci-hcd ee000000.usb: xHC error in resume, USBSTS 0x401, Reinit
[   77.179844] usb usb7: root hub lost power or was reset
[   77.184962] usb usb8: root hub lost power or was reset
[   77.240724] Micrel KSZ9031 Gigabit PHY e6800000.ethernet-ffffffff:00: attached PHY driver [Micrel KSZ9031 Gigabit PHY] (mii_bus:phy_addr=e6800000.ethernet-ffffffff:00, irq=183)
[   77.356063] usb usb4: root hub lost power or was reset
[   77.361344] usb usb1: root hub lost power or was reset
[   77.447970] usb usb5: root hub lost power or was reset
[   77.453234] usb usb2: root hub lost power or was reset
[   77.540081] usb usb6: root hub lost power or was reset
[   77.545342] usb usb3: root hub lost power or was reset
[   77.658153] usb 1-1: reset high-speed USB device number 2 using ehci-platform
[   77.663970] usb usb10: root hub lost power or was reset
[   77.670552] usb usb9: root hub lost power or was reset
[   77.682047] ata1: link resume succeeded after 1 retries
[   77.793566] ata1: SATA link down (SStatus 0 SControl 300)
[   78.686063] usb 1-1.1: reset high-speed USB device number 3 using ehci-platform
[   78.906076] OOM killer enabled.
[   78.909962] Restarting tasks ... done.
[1]+  Done                    cp testdata /mnt/usb/testdata_from_nfs
[   78.915650] PM: suspend exit
root@salvator-x:~# [   86.753072] ravb e6800000.ethernet eth0: Link is Up - 1Gbps/Full - flow control off

root@salvator-x:~# echo "Wake up sucessfully"
Wake up sucessfully
root@salvator-x:~# 
root@salvator-x:~# wait
root@salvator-x:~# 
root@salvator-x:~# sync
root@salvator-x:~# 
root@salvator-x:~# cmp testdata /mnt/usb/testdata_from_nfs
root@salvator-x:~# 
root@salvator-x:~# umount /mnt/usb
root@salvator-x:~# 
 
#### Result: OK ####
