

----------Item 6----------


Pull out USB device at CN10L


Press any button to continue

[  109.978531] usb 1-1: USB disconnect, device number 2
[  109.983547] usb 1-1.1: USB disconnect, device number 3
[  109.989962] sd 1:0:0:0: [sda] Synchronizing SCSI cache
[  109.995252] sd 1:0:0:0: [sda] Synchronize Cache(10) failed: Result: hostbyte=0x01 driverbyte=0x00

Please press switch to restart board 

[F 00:00:120
[F 00:00:119
[F 00:00:118
[F 00:00:117
[F 00:00:116
[F 00:00:115
[F 00:00:114
[F 00:00:113
[F 00:00:112
[F 00:00:111
[F 00:00:110
[F 00:00:109
[F 00:00:108
[F 00:00:107
[F 00:00:106
[F 00:00:105
[F 00:00:104
[F 00:00:103
[F 00:00:102
[F 00:00:101
[F 00:00:100
[F 00:00:99
[F 00:00:98
[F 00:00:97
[F 00:00:96
[F 00:00:95
[F 00:00:94
[F 00:00:93
[F 00:00:92
[F 00:00:91
[F 00:00:90
[F 00:00:89
[F 00:00:88
[F 00:00:87
[F 00:00:86
[F 00:00:85
[F 00:00:84
[F 00:00:83
[F 00:00:82
[F 00:00:81
[F 00:00:80
[F 00:00:79
[F 00:00:78
NOTICE:  BL2: R-Car Gen3 Initial Program Loader(CA57) Rev.4.0.0
NOTICE:  BL2: PRR is R-Car H3 Ver.3.0
NOTICE:  BL2: Board is Salvator-XS Rev.1.0
NOTICE:  BL2: Boot device is HyperFlash(160MHz)
NOTICE:  BL2: LCM state is CM
NOTICE:  AVS setting succeeded. DVFS_SetVID=0x53
NOTICE:  BL2: DDR3200(rev.0.42)
NOTICE:  BL2: [COLD_BOOT]
NOTICE:  BL2: DRAM Split is 4ch(DDR f)
NOTICE:  BL2: QoS is default setting(rev.0.11)
NOTICE:  BL2: DRAM refresh interval 1.95 usec
NOTICE:  BL2: Periodic Write DQ Training
NOTICE:  BL2: CH0: 400000000 - 47fffffff, 2 GiB
NOTICE:  BL2: CH1: 500000000 - 57fffffff, 2 GiB
NOTICE:  BL2: CH2: 600000000 - 67fffffff, 2 GiB
NOTICE:  BL2: CH3: 700000000 - 77fffffff, 2 GiB
NOTICE:  BL2: Lossy Decomp areas
NOTICE:       Entry 0: DCMPAREACRAx:0x80000540 DCMPAREACRBx:0x570
NOTICE:       Entry 1: DCMPAREACRAx:0x40000000 DCMPAREACRBx:0x0
NOTICE:       Entry 2: DCMPAREACRAx:0x20000000 DCMPAREACRBx:0x0
NOTICE:  BL2: FDT at 0xe6327f70
NOTICE:  BL2: v2.9(release):9cdb21f75
NOTICE:  BL2: Built : 05:25:39, Dec 19 2023
NOTICE:  BL2: Normal boot
NOTICE:  BL2: dst=0xe6327800 src=0x8180000 len=512(0x200)
NOTICE:  BL2: dst=0x43f00000 src=0x8180400 len=6144(0x1800)
NOTICE:  rcar_file_len: len: 0x0003e000
NOTICE:  BL2: dst=0x44000000 src=0x81c0000 len=253952(0x3e000)
NOTICE:  rcar_file_len: len: 0x00200000
NOTICE:  BL2: dst=0x44100000 src=0x8200000 len=2097152(0x200000)
NOTICE:  rcar_file_len: len: 0x00100000
NOTICE:  BL2: dst=0x50000000 src=0x8640000 len=1048576(0x100000)
NOTICE:  BL2: Booting BL31


U-Boot 2020.10 (Dec 19 2023 - 14:30:40 +0000)

CPU: Renesas Electronics R8A7795 rev 3.0
Model: Renesas Salvator-X 2nd version board based on r8a77951
DRAM:  7.9 GiB
RAM Configuration:
Bank #0: 0x048000000 - 0x0bfffffff, 1.9 GiB
Bank #1: 0x500000000 - 0x57fffffff, 2 GiB
Bank #2: 0x600000000 - 0x67fffffff, 2 GiB
Bank #3: 0x700000000 - 0x77fffffff, 2 GiB

MMC:   sd@ee100000: 0, sd@ee140000: 1, sd@ee160000: 2
Loading Environment from MMC... OK
In:    serial@e6e88000
Out:   serial@e6e88000
Err:   serial@e6e88000
Net:   eth0: ethernet@e6800000
Hit any key to stop autoboot:  2  1  0 
ethernet@e6800000 Waiting for PHY auto negotiation to complete.......... done
Using ethernet@e6800000 device
TFTP from server 192.168.10.98; our IP address is 192.168.10.107
Filename 'BV/PT3/boot_USB2H/Image'.
Load address: 0x48080000
Loading: *#################################################################
	 #################################################################
	 #################################################################
	 #################################################################
	 #################################################################
	 #################################################################
	 #################################################################
	 #################################################################
	 #################################################################
	 #################################################################
	 ###########################################################T ######
	 #################################################################
	 #################################################################
	 #################################################################
	 #################################################################
	 #################################################################
	 #################################################################
	 #################################################################
	 #################################################################
	 #################################################################
	 #################################################################
	 #################################################################
	 #################################################################
	 #################################################################
	 #################################################################
	 #################################################################
	 #################################################################
	 #################################################################
	 #################################################################
	 #################################################################
	 #################################################################
	 #################################################################
	 #################################################################
	 #################################################################
	 ################################################################
	 2.4 MiB/s
done
Bytes transferred = 33376768 (1fd4a00 hex)
Using ethernet@e6800000 device
TFTP from server 192.168.10.98; our IP address is 192.168.10.107
Filename 'BV/PT3/boot_USB2H/r8a77951-salvator-xs.dtb'.
Load address: 0x48000000
Loading: *#######
	 4.8 MiB/s
done
Bytes transferred = 90876 (162fc hex)
Moving Image from 0x48080000 to 0x48200000, end=4a260000
## Flattened Device Tree blob at 48000000
   Booting using the fdt blob at 0x48000000
   Loading Device Tree to 0000000053fe6000, end 0000000053fff2fb ... OK

Starting kernel ...

[    0.000000] Booting Linux on physical CPU 0x0000000000 [0x411fd073]
[    0.000000] Linux version 5.10.194-yocto-standard (thuan.nguyen-hong@banvien) (aarch64-poky-linux-gcc (GCC) 9.3.0, GNU ld (GNU Binutils) 2.34.0.20200220) #10 SMP PREEMPT Mon Feb 19 03:51:05 UTC 2024
[    0.000000] Machine model: Renesas Salvator-X 2nd version board based on r8a77951
[    0.000000] efi: UEFI not found.
[    0.000000] Reserved memory: created CMA memory pool at 0x0000000057000000, size 16 MiB
[    0.000000] OF: reserved mem: initialized node linux,adsp@57000000, compatible id shared-dma-pool
[    0.000000] Reserved memory: created CMA memory pool at 0x0000000058000000, size 384 MiB
[    0.000000] OF: reserved mem: initialized node linux,cma@58000000, compatible id shared-dma-pool
[    0.000000] Reserved memory: created CMA memory pool at 0x0000000070000000, size 256 MiB
[    0.000000] OF: reserved mem: initialized node linux,multimedia@70000000, compatible id shared-dma-pool
[    0.000000] NUMA: No NUMA configuration found
[    0.000000] NUMA: Faking a node at [mem 0x0000000048000000-0x000000077fffffff]
[    0.000000] NUMA: NODE_DATA [mem 0x77efdab00-0x77efdcfff]
[    0.000000] Zone ranges:
[    0.000000]   DMA      [mem 0x0000000048000000-0x000000007fffffff]
[    0.000000]   DMA32    [mem 0x0000000080000000-0x00000000ffffffff]
[    0.000000]   Normal   [mem 0x0000000100000000-0x000000077fffffff]
[    0.000000] Movable zone start for each node
[    0.000000] Early memory node ranges
[    0.000000]   node   0: [mem 0x0000000048000000-0x0000000053ffffff]
[    0.000000]   node   0: [mem 0x0000000054000000-0x0000000056ffffff]
[    0.000000]   node   0: [mem 0x0000000057000000-0x00000000bfffffff]
[    0.000000]   node   0: [mem 0x0000000500000000-0x000000057fffffff]
[    0.000000]   node   0: [mem 0x0000000600000000-0x000000067fffffff]
[    0.000000]   node   0: [mem 0x0000000700000000-0x000000077fffffff]
[    0.000000] Initmem setup node 0 [mem 0x0000000048000000-0x000000077fffffff]
[    0.000000] psci: probing for conduit method from DT.
[    0.000000] psci: PSCIv1.1 detected in firmware.
[    0.000000] psci: Using standard PSCI v0.2 function IDs
[    0.000000] psci: Trusted OS resident on physical CPU 0x0
[    0.000000] psci: SMC Calling Convention v1.2
[    0.000000] percpu: Embedded 23 pages/cpu s56984 r8192 d29032 u94208
[    0.000000] Detected PIPT I-cache on CPU0
[    0.000000] CPU features: detected: EL2 vector hardening
[    0.000000] CPU features: detected: Spectre-v2
[    0.000000] CPU features: detected: ARM errata 1165522, 1319367, or 1530923
[    0.000000] CPU features: detected: Spectre-BHB
[    0.000000] CPU features: detected: ARM erratum 1742098
[    0.000000] Built 1 zonelists, mobility grouping on.  Total pages: 2032128
[    0.000000] Policy zone: Normal
[    0.000000] Kernel command line: rw root=/dev/nfs nfsroot=192.168.10.98:/data/tftpboot/BV/PT3/rootfs_H3,nfsvers=4 ip=192.168.10.107
[    0.000000] Dentry cache hash table entries: 1048576 (order: 11, 8388608 bytes, linear)
[    0.000000] Inode-cache hash table entries: 524288 (order: 10, 4194304 bytes, linear)
[    0.000000] mem auto-init: stack:off, heap alloc:off, heap free:off
[    0.000000] software IO TLB: mapped [mem 0x000000004ffe6000-0x0000000053fe6000] (64MB)
[    0.000000] Memory: 7276840K/8257536K available (15232K kernel code, 2834K rwdata, 8240K rodata, 6144K init, 517K bss, 308952K reserved, 671744K cma-reserved)
[    0.000000] SLUB: HWalign=64, Order=0-3, MinObjects=0, CPUs=8, Nodes=1
[    0.000000] rcu: Preemptible hierarchical RCU implementation.
[    0.000000] rcu: 	RCU event tracing is enabled.
[    0.000000] rcu: 	RCU restricting CPUs from NR_CPUS=256 to nr_cpu_ids=8.
[    0.000000] 	Trampoline variant of Tasks RCU enabled.
[    0.000000] rcu: RCU calculated value of scheduler-enlistment delay is 25 jiffies.
[    0.000000] rcu: Adjusting geometry for rcu_fanout_leaf=16, nr_cpu_ids=8
[    0.000000] NR_IRQS: 64, nr_irqs: 64, preallocated irqs: 0
[    0.000000] arch_timer: cp15 timer(s) running at 8.32MHz (virt).
[    0.000000] clocksource: arch_sys_counter: mask: 0xffffffffffffff max_cycles: 0x1eb398c07, max_idle_ns: 440795202503 ns
[    0.000003] sched_clock: 56 bits at 8MHz, resolution 120ns, wraps every 2199023255503ns
[    0.000207] Console: colour dummy device 80x25
[    0.000416] printk: console [tty0] enabled
[    0.000495] Calibrating delay loop (skipped), value calculated using timer frequency.. 16.64 BogoMIPS (lpj=33280)
[    0.000511] pid_max: default: 32768 minimum: 301
[    0.000570] LSM: Security Framework initializing
[    0.000657] Mount-cache hash table entries: 16384 (order: 5, 131072 bytes, linear)
[    0.000708] Mountpoint-cache hash table entries: 16384 (order: 5, 131072 bytes, linear)
[    0.002151] rcu: Hierarchical SRCU implementation.
[    0.003742] Detected Renesas R-Car Gen3 r8a7795 ES3.0
[    0.005877] EFI services will not be available.
[    0.006223] smp: Bringing up secondary CPUs ...
[    0.006682] Detected PIPT I-cache on CPU1
[    0.006728] CPU1: Booted secondary processor 0x0000000001 [0x411fd073]
[    0.007223] Detected PIPT I-cache on CPU2
[    0.007248] CPU2: Booted secondary processor 0x0000000002 [0x411fd073]
[    0.007672] Detected PIPT I-cache on CPU3
[    0.007694] CPU3: Booted secondary processor 0x0000000003 [0x411fd073]
[    0.008161] CPU features: detected: ARM erratum 845719
[    0.008175] Detected VIPT I-cache on CPU4
[    0.008221] CPU4: Booted secondary processor 0x0000000100 [0x410fd034]
[    0.008697] Detected VIPT I-cache on CPU5
[    0.008724] CPU5: Booted secondary processor 0x0000000101 [0x410fd034]
[    0.009163] Detected VIPT I-cache on CPU6
[    0.009190] CPU6: Booted secondary processor 0x0000000102 [0x410fd034]
[    0.009625] Detected VIPT I-cache on CPU7
[    0.009653] CPU7: Booted secondary processor 0x0000000103 [0x410fd034]
[    0.009731] smp: Brought up 1 node, 8 CPUs
[    0.009792] SMP: Total of 8 processors activated.
[    0.009799] CPU features: detected: 32-bit EL0 Support
[    0.009807] CPU features: detected: CRC32 instructions
[    0.009814] CPU features: detected: 32-bit EL1 Support
[    0.023019] CPU: All CPU(s) started at EL1
[    0.023070] alternatives: patching kernel code
[    0.024245] devtmpfs: initialized
[    0.031047] KASLR disabled due to lack of seed
[    0.031196] clocksource: jiffies: mask: 0xffffffff max_cycles: 0xffffffff, max_idle_ns: 7645041785100000 ns
[    0.031217] futex hash table entries: 2048 (order: 5, 131072 bytes, linear)
[    0.039850] pinctrl core: initialized pinctrl subsystem
[    0.041325] DMI not present or invalid.
[    0.041822] NET: Registered protocol family 16
[    0.042777] DMA: preallocated 1024 KiB GFP_KERNEL pool for atomic allocations
[    0.042974] DMA: preallocated 1024 KiB GFP_KERNEL|GFP_DMA pool for atomic allocations
[    0.043262] DMA: preallocated 1024 KiB GFP_KERNEL|GFP_DMA32 pool for atomic allocations
[    0.043306] audit: initializing netlink subsys (disabled)
[    0.043485] audit: type=2000 audit(0.040:1): state=initialized audit_enabled=0 res=1
[    0.044649] thermal_sys: Registered thermal governor 'power_allocator'
[    0.045173] cpuidle: using governor menu
[    0.045340] hw-breakpoint: found 6 breakpoint and 4 watchpoint registers.
[    0.045463] ASID allocator initialised with 65536 entries
[    0.046781] Serial: AMBA PL011 UART driver
[    0.089632] sh-pfc e6060000.pinctrl: r8a77951_pfc support registered
[    0.104397] HugeTLB registered 1.00 GiB page size, pre-allocated 0 pages
[    0.104411] HugeTLB registered 32.0 MiB page size, pre-allocated 0 pages
[    0.104418] HugeTLB registered 2.00 MiB page size, pre-allocated 0 pages
[    0.104426] HugeTLB registered 64.0 KiB page size, pre-allocated 0 pages
[    0.105386] cryptd: max_cpu_qlen set to 1000
[    0.107646] ACPI: Interpreter disabled.
[    0.111439] rcar-avs: use avs value: 0
[    0.111454] rcar-avs: cpu@0 is running with: opp_table0
[    0.111465] rcar-avs: cpu@1 is running with: opp_table0
[    0.111474] rcar-avs: cpu@2 is running with: opp_table0
[    0.111483] rcar-avs: cpu@3 is running with: opp_table0
[    0.111569] rcar-avs: gsx@fd000000 is running with: gsx_opp_table0
[    0.112971] iommu: Default domain type: Translated 
[    0.113546] ipmmu-vmsa e67b0000.iommu: IPMMU context 0 is reserved
[    0.114543] vgaarb: loaded
[    0.114734] SCSI subsystem initialized
[    0.114989] usbcore: registered new interface driver usbfs
[    0.115019] usbcore: registered new interface driver hub
[    0.115045] usbcore: registered new device driver usb
[    0.118586] i2c-sh_mobile e60b0000.i2c: I2C adapter 7, bus speed 400000 Hz
[    0.119111] mc: Linux media interface: v0.10
[    0.119132] videodev: Linux video capture interface: v2.00
[    0.119180] pps_core: LinuxPPS API ver. 1 registered
[    0.119187] pps_core: Software ver. 5.3.6 - Copyright 2005-2007 Rodolfo Giometti <giometti@linux.it>
[    0.119201] PTP clock support registered
[    0.119377] EDAC MC: Ver: 3.0.0
[    0.121394] FPGA manager framework
[    0.121454] Advanced Linux Sound Architecture Driver Initialized.
[    0.122030] clocksource: Switched to clocksource arch_sys_counter
[    0.122171] VFS: Disk quotas dquot_6.6.0
[    0.122214] VFS: Dquot-cache hash table entries: 512 (order 0, 4096 bytes)
[    0.122341] pnp: PnP ACPI: disabled
[    0.125815] NET: Registered protocol family 2
[    0.126225] IP idents hash table entries: 131072 (order: 8, 1048576 bytes, linear)
[    0.128496] tcp_listen_portaddr_hash hash table entries: 4096 (order: 4, 65536 bytes, linear)
[    0.128571] TCP established hash table entries: 65536 (order: 7, 524288 bytes, linear)
[    0.128857] TCP bind hash table entries: 65536 (order: 8, 1048576 bytes, linear)
[    0.129444] TCP: Hash tables configured (established 65536 bind 65536)
[    0.129560] UDP hash table entries: 4096 (order: 5, 131072 bytes, linear)
[    0.129674] UDP-Lite hash table entries: 4096 (order: 5, 131072 bytes, linear)
[    0.129891] NET: Registered protocol family 1
[    0.130266] RPC: Registered named UNIX socket transport module.
[    0.130276] RPC: Registered udp transport module.
[    0.130281] RPC: Registered tcp transport module.
[    0.130287] RPC: Registered tcp NFSv4.1 backchannel transport module.
[    0.130300] PCI: CLS 0 bytes, default 64
[    0.131238] hw perfevents: enabled with armv8_cortex_a53 PMU driver, 7 counters available
[    0.131511] hw perfevents: enabled with armv8_cortex_a57 PMU driver, 7 counters available
[    0.132137] kvm [1]: HYP mode not available
[    0.135038] Initialise system trusted keyrings
[    0.135162] workingset: timestamp_bits=42 max_order=21 bucket_order=0
[    0.138236] squashfs: version 4.0 (2009/01/31) Phillip Lougher
[    0.138640] NFS: Registering the id_resolver key type
[    0.138669] Key type id_resolver registered
[    0.138675] Key type id_legacy registered
[    0.138729] nfs4filelayout_init: NFSv4 File Layout Driver Registering...
[    0.138739] nfs4flexfilelayout_init: NFSv4 Flexfile Layout Driver Registering...
[    0.138841] 9p: Installing v9fs 9p2000 file system support
[    0.165493] Key type asymmetric registered
[    0.165505] Asymmetric key parser 'x509' registered
[    0.165536] Block layer SCSI generic (bsg) driver version 0.4 loaded (major 243)
[    0.165546] io scheduler mq-deadline registered
[    0.165556] io scheduler kyber registered
[    0.181727] gpio_rcar e6050000.gpio: driving 16 GPIOs
[    0.182071] gpio_rcar e6051000.gpio: driving 29 GPIOs
[    0.182354] gpio_rcar e6052000.gpio: driving 15 GPIOs
[    0.182621] gpio_rcar e6053000.gpio: driving 16 GPIOs
[    0.182884] gpio_rcar e6054000.gpio: driving 18 GPIOs
[    0.183154] gpio_rcar e6055000.gpio: driving 26 GPIOs
[    0.183432] gpio_rcar e6055400.gpio: driving 32 GPIOs
[    0.183695] gpio_rcar e6055800.gpio: driving 4 GPIOs
[    0.186605] rcar-pcie fe000000.pcie: host bridge /soc/pcie@fe000000 ranges:
[    0.186633] rcar-pcie fe000000.pcie:       IO 0x00fe100000..0x00fe1fffff -> 0x0000000000
[    0.186655] rcar-pcie fe000000.pcie:      MEM 0x00fe200000..0x00fe3fffff -> 0x00fe200000
[    0.186673] rcar-pcie fe000000.pcie:      MEM 0x0030000000..0x0037ffffff -> 0x0030000000
[    0.186687] rcar-pcie fe000000.pcie:      MEM 0x0038000000..0x003fffffff -> 0x0038000000
[    0.186704] rcar-pcie fe000000.pcie:   IB MEM 0x0040000000..0x007fffffff -> 0x0040000000
[    0.186751] rcar-pcie fe000000.pcie: no pcie3v3 regulator found
[    0.186761] rcar-pcie fe000000.pcie: no pcie1v8 regulator found
[    0.253722] rcar-pcie fe000000.pcie: PCIe link down
[    0.253908] rcar-pcie ee800000.pcie: host bridge /soc/pcie@ee800000 ranges:
[    0.253932] rcar-pcie ee800000.pcie:       IO 0x00ee900000..0x00ee9fffff -> 0x0000000000
[    0.253953] rcar-pcie ee800000.pcie:      MEM 0x00eea00000..0x00eebfffff -> 0x00eea00000
[    0.253970] rcar-pcie ee800000.pcie:      MEM 0x00c0000000..0x00c7ffffff -> 0x00c0000000
[    0.253984] rcar-pcie ee800000.pcie:      MEM 0x00c8000000..0x00cfffffff -> 0x00c8000000
[    0.254001] rcar-pcie ee800000.pcie:   IB MEM 0x0040000000..0x007fffffff -> 0x0040000000
[    0.254047] rcar-pcie ee800000.pcie: no pcie3v3 regulator found
[    0.254058] rcar-pcie ee800000.pcie: no pcie1v8 regulator found
[    0.414021] rcar-pcie ee800000.pcie: PCIe link down
[    0.416495] EINJ: ACPI disabled.
[    0.450207] Serial: 8250/16550 driver, 4 ports, IRQ sharing enabled
[    0.452622] SuperH (H)SCI(F) driver initialized
[    0.453054] e6550000.serial: ttySC1 at MMIO 0xe6550000 (irq = 42, base_baud = 0) is a hscif
[    0.453799] e6e88000.serial: ttySC0 at MMIO 0xe6e88000 (irq = 128, base_baud = 0) is a scif
[    1.658447] printk: console [ttySC0] enabled
[    1.663859] msm_serial: driver initialized
[    1.674185] rcar-dw-hdmi fead0000.hdmi: Detected HDMI TX controller v2.01a with HDCP (DWC HDMI 2.0 TX PHY)
[    1.684092] rcar-dw-hdmi fead0000.hdmi: registered DesignWare HDMI I2C bus driver
[    1.692335] rcar-dw-hdmi feae0000.hdmi: Detected HDMI TX controller v2.01a with HDCP (DWC HDMI 2.0 TX PHY)
[    1.702213] rcar-dw-hdmi feae0000.hdmi: registered DesignWare HDMI I2C bus driver
[    1.717833] loop: module loaded
[    1.722464] megasas: 07.714.04.00-rc1
[    1.728187] scsi host0: sata_rcar
[    1.731668] ata1: SATA max UDMA/133 irq 181
[    1.741086] tun: Universal TUN/TAP device driver, 1.6
[    1.747086] thunder_xcv, ver 1.0
[    1.750344] thunder_bgx, ver 1.0
[    1.753586] nicpf, ver 1.0
[    1.757771] hclge is initializing
[    1.761113] hns3: Hisilicon Ethernet Network Driver for Hip08 Family - version
[    1.768339] hns3: Copyright (c) 2017 Huawei Corporation.
[    1.773672] e1000: Intel(R) PRO/1000 Network Driver
[    1.778552] e1000: Copyright (c) 1999-2006 Intel Corporation.
[    1.784317] e1000e: Intel(R) PRO/1000 Network Driver
[    1.789282] e1000e: Copyright(c) 1999 - 2015 Intel Corporation.
[    1.795224] igb: Intel(R) Gigabit Ethernet Network Driver
[    1.800622] igb: Copyright (c) 2007-2014 Intel Corporation.
[    1.806209] igbvf: Intel(R) Gigabit Virtual Function Network Driver
[    1.812476] igbvf: Copyright (c) 2009 - 2012 Intel Corporation.
[    1.818818] sky2: driver version 1.30
[    1.826438] ravb e6800000.ethernet eth0: Base address at 0xe6800000, 2e:09:0a:00:c3:9a, IRQ 125.
[    1.836678] VFIO - User Level meta-driver version: 0.3
[    1.843825] ehci_hcd: USB 2.0 'Enhanced' Host Controller (EHCI) Driver
[    1.850361] ehci-pci: EHCI PCI platform driver
[    1.854824] ehci-platform: EHCI generic platform driver
[    1.860441] ehci-platform ee0a0100.usb: EHCI Host Controller
[    1.866122] ehci-platform ee0a0100.usb: new USB bus registered, assigned bus number 1
[    1.874028] ehci-platform ee0a0100.usb: irq 175, io mem 0xee0a0100
[    1.894031] ehci-platform ee0a0100.usb: USB 2.0 started, EHCI 1.10
[    1.900551] hub 1-0:1.0: USB hub found
[    1.904324] hub 1-0:1.0: 1 port detected
[    1.908733] ehci-platform ee0c0100.usb: EHCI Host Controller
[    1.914405] ehci-platform ee0c0100.usb: new USB bus registered, assigned bus number 2
[    1.922291] ehci-platform ee0c0100.usb: irq 176, io mem 0xee0c0100
[    1.942029] ehci-platform ee0c0100.usb: USB 2.0 started, EHCI 1.10
[    1.948475] hub 2-0:1.0: USB hub found
[    1.952243] hub 2-0:1.0: 1 port detected
[    1.982064] ehci-platform ee0e0100.usb: EHCI Host Controller
[    1.987737] ehci-platform ee0e0100.usb: new USB bus registered, assigned bus number 3
[    1.995605] ehci-platform ee0e0100.usb: irq 177, io mem 0xee0e0100
[    2.014028] ehci-platform ee0e0100.usb: USB 2.0 started, EHCI 1.10
[    2.020451] hub 3-0:1.0: USB hub found
[    2.024222] hub 3-0:1.0: 1 port detected
[    2.028597] ehci-orion: EHCI orion driver
[    2.032847] ehci-exynos: EHCI Exynos driver
[    2.037148] ohci_hcd: USB 1.1 'Open' Host Controller (OHCI) Driver
[    2.043345] ohci-pci: OHCI PCI platform driver
[    2.047826] ohci-platform: OHCI generic platform driver
[    2.053349] ohci-platform ee0a0000.usb: Generic Platform OHCI controller
[    2.060068] ohci-platform ee0a0000.usb: new USB bus registered, assigned bus number 4
[    2.067942] ohci-platform ee0a0000.usb: irq 175, io mem 0xee0a0000
[    2.150025] ata1: link resume succeeded after 1 retries
[    2.164302] hub 4-0:1.0: USB hub found
[    2.168074] hub 4-0:1.0: 1 port detected
[    2.172394] ohci-platform ee0c0000.usb: Generic Platform OHCI controller
[    2.179109] ohci-platform ee0c0000.usb: new USB bus registered, assigned bus number 5
[    2.186990] ohci-platform ee0c0000.usb: irq 176, io mem 0xee0c0000
[    2.261454] ata1: SATA link down (SStatus 0 SControl 300)
[    2.280293] hub 5-0:1.0: USB hub found
[    2.284062] hub 5-0:1.0: 1 port detected
[    2.288390] ohci-platform ee0e0000.usb: Generic Platform OHCI controller
[    2.295105] ohci-platform ee0e0000.usb: new USB bus registered, assigned bus number 6
[    2.302972] ohci-platform ee0e0000.usb: irq 177, io mem 0xee0e0000
[    2.396285] hub 6-0:1.0: USB hub found
[    2.400052] hub 6-0:1.0: 1 port detected
[    2.404396] ohci-exynos: OHCI Exynos driver
[    2.409254] xhci-hcd ee000000.usb: xHCI Host Controller
[    2.414494] xhci-hcd ee000000.usb: new USB bus registered, assigned bus number 7
[    2.437752] xhci-hcd ee000000.usb: hcc params 0x014051ce hci version 0x100 quirks 0x0000000000830410
[    2.446923] xhci-hcd ee000000.usb: irq 172, io mem 0xee000000
[    2.452782] xhci-hcd ee000000.usb: xHCI Host Controller
[    2.458019] xhci-hcd ee000000.usb: new USB bus registered, assigned bus number 8
[    2.465422] xhci-hcd ee000000.usb: Host supports USB 3.0 SuperSpeed
[    2.471975] hub 7-0:1.0: USB hub found
[    2.475750] hub 7-0:1.0: 1 port detected
[    2.479837] usb usb8: We don't know the algorithms for LPM for this host, disabling LPM.
[    2.488179] hub 8-0:1.0: USB hub found
[    2.491971] hub 8-0:1.0: 1 port detected
[    2.496787] usbcore: registered new interface driver usb-storage
[    2.504471] renesas_usbhs e6590000.usb: host probed
[    2.509362] renesas_usbhs e6590000.usb: no transceiver found
[    2.515086] renesas_usbhs e6590000.usb: gadget probed
[    2.520303] renesas_usbhs e6590000.usb: probed
[    2.525195] renesas_usbhs e659c000.usb: host probed
[    2.530088] renesas_usbhs e659c000.usb: no transceiver found
[    2.535799] renesas_usbhs e659c000.usb: gadget probed
[    2.541002] renesas_usbhs e659c000.usb: probed
[    2.547929] i2c /dev entries driver
[    2.562530] cs2000-cp 2-004f: revision - C1
[    2.566779] i2c-rcar e6510000.i2c: probed
[    2.571602] pca953x 4-0020: supply vcc not found, using dummy regulator
[    2.578301] pca953x 4-0020: using no AI
[    2.582949] gpio-355 (PCIE/SATA switch): hogged as output/low
[    2.595214] i2c-rcar e66d8000.i2c: probed
[    2.600520] adv748x 4-0070: Endpoint /soc/i2c@e66d8000/video-receiver@70/port@7/endpoint on port 7
[    2.609507] adv748x 4-0070: Endpoint /soc/i2c@e66d8000/video-receiver@70/port@8/endpoint on port 8
[    2.618480] adv748x 4-0070: Endpoint /soc/i2c@e66d8000/video-receiver@70/port@a/endpoint on port 10
[    2.627544] adv748x 4-0070: Endpoint /soc/i2c@e66d8000/video-receiver@70/port@b/endpoint on port 11
[    2.636939] adv748x 4-0070: chip found @ 0xe0 revision 2143
[    2.690540] rcar-csi2 fea80000.csi2: 1 lanes found
[    2.695688] rcar-csi2 feaa0000.csi2: 4 lanes found
[    2.705298] rcar-vin e6ef0000.video: Device registered as video0
[    2.711384] rcar-vin e6ef1000.video: Device registered as video1
[    2.717456] rcar-vin e6ef2000.video: Device registered as video2
[    2.723526] rcar-vin e6ef3000.video: Device registered as video3
[    2.729591] rcar-vin e6ef4000.video: Device registered as video4
[    2.735666] rcar-vin e6ef5000.video: Device registered as video5
[    2.741767] rcar-vin e6ef6000.video: Device registered as video6
[    2.747886] rcar-vin e6ef7000.video: Device registered as video7
[    2.756650] rcar_gen3_thermal e6198000.thermal: is using pseudo fixed FUSE values
[    2.768914] rcar_gen3_thermal e6198000.thermal: TSC0: Loaded 1 trip points
[    2.780192] rcar_gen3_thermal e6198000.thermal: TSC1: Loaded 1 trip points
[    2.791453] rcar_gen3_thermal e6198000.thermal: TSC2: Loaded 3 trip points
[    2.803555] sdhci: Secure Digital Host Controller Interface driver
[    2.809753] sdhci: Copyright(c) Pierre Ossman
[    2.815039] Synopsys Designware Multimedia Card Interface Driver
[    2.815315] renesas_sdhi_internal_dmac ee100000.mmc: Got CD GPIO
[    2.815644] renesas_sdhi_internal_dmac ee140000.mmc: Adding to iommu group 0
[    2.815686] renesas_sdhi_internal_dmac ee140000.mmc: Using IPMMU context 1
[    2.815722] renesas_sdhi_internal_dmac ee160000.mmc: Got CD GPIO
[    2.815749] renesas_sdhi_internal_dmac ee160000.mmc: Got WP GPIO
[    2.822391] sdhci-pltfm: SDHCI platform and OF driver helper
[    2.827083] renesas_sdhi_internal_dmac ee100000.mmc: Got WP GPIO
[    2.865006] renesas_sdhi_internal_dmac ee140000.mmc: mmc0 base at 0x00000000ee140000, max clock rate 200 MHz
[    2.875165] ledtrig-cpu: registered to indicate activity on CPUs
[    2.882144] SMCCC: SOC_ID: ARCH_SOC_ID not implemented, skipping ....
[    2.889184] usbcore: registered new interface driver usbhid
[    2.894762] usbhid: USB HID core driver
[    2.902357] optee: probing for conduit method.
[    2.906824] optee: revision 3.22 (314ecf9d)
[    2.907245] optee driver R-Car Rev.1.0.11
[    2.915703] optee: dynamic shared memory is enabled
[    2.920853] optee: initialized driver
[    2.935913] rcar_sound ec500000.sound: probed
[    2.940983] NET: Registered protocol family 17
[    2.945541] 9pnet: Installing 9P2000 support
[    2.945925] mmc0: new HS400 MMC card at address 0001
[    2.949936] Key type dns_resolver registered
[    2.955756] mmcblk0: mmc0:0001 BGSD3R 29.1 GiB 
[    2.959328] registered taskstats version 1
[    2.963983] mmcblk0boot0: mmc0:0001 BGSD3R partition 1 16.0 MiB
[    2.967802] Loading compiled-in X.509 certificates
[    2.974001] mmcblk0boot1: mmc0:0001 BGSD3R partition 2 16.0 MiB
[    2.984586] mmcblk0rpmb: mmc0:0001 BGSD3R partition 3 4.00 MiB, chardev (509:0)
[    2.988496] thermal emergency: set temperature to 110 celsius
[    2.994105]  mmcblk0: p1
[    2.997910] thermal emergency: shutdown target cpus 1-7
[    3.005430] thermal emergency: freq scaled target cpus 0
[    3.011060] renesas_irqc e61c0000.interrupt-controller: driving 6 irqs
[    3.058050] ehci-platform ee080100.usb: EHCI Host Controller
[    3.063742] ehci-platform ee080100.usb: new USB bus registered, assigned bus number 9
[    3.071629] ehci-platform ee080100.usb: irq 174, io mem 0xee080100
[    3.090029] ehci-platform ee080100.usb: USB 2.0 started, EHCI 1.10
[    3.096660] hub 9-0:1.0: USB hub found
[    3.100430] hub 9-0:1.0: 1 port detected
[    3.105399] ohci-platform ee080000.usb: Generic Platform OHCI controller
[    3.112122] ohci-platform ee080000.usb: new USB bus registered, assigned bus number 10
[    3.120107] ohci-platform ee080000.usb: irq 174, io mem 0xee080000
[    3.216400] hub 10-0:1.0: USB hub found
[    3.220259] hub 10-0:1.0: 1 port detected
[    3.225473] cpu cpu0: EM: created perf domain
[    3.230460] cpu cpu4: EM: created perf domain
[    3.240293] renesas_sdhi_internal_dmac ee100000.mmc: Got CD GPIO
[    3.240525] renesas_sdhi_internal_dmac ee160000.mmc: Got CD GPIO
[    3.246341] renesas_sdhi_internal_dmac ee100000.mmc: Got WP GPIO
[    3.252395] renesas_sdhi_internal_dmac ee160000.mmc: Got WP GPIO
[    3.260563] [drm] Initialized rcar-du 1.0.0 20130110 for feb00000.display on minor 0
[    3.272169] [drm] Device feb00000.display probed
[    3.307535] renesas_sdhi_internal_dmac ee100000.mmc: mmc1 base at 0x00000000ee100000, max clock rate 200 MHz
[    3.310331] renesas_sdhi_internal_dmac ee160000.mmc: mmc2 base at 0x00000000ee160000, max clock rate 200 MHz
[    3.315806] Console: switching to colour frame buffer device 128x48
[    3.358782] rcar-du feb00000.display: [drm] fb0: rcar-dudrmfb frame buffer device
[    3.370896] input: keys as /devices/platform/keys/input/input0
[    3.453554] Micrel KSZ9031 Gigabit PHY e6800000.ethernet-ffffffff:00: attached PHY driver [Micrel KSZ9031 Gigabit PHY] (mii_bus:phy_addr=e6800000.ethernet-ffffffff:00, irq=183)
[   13.006797] ravb e6800000.ethernet eth0: Link is Up - 1Gbps/Full - flow control off
[   13.034052] IP-Config: Guessing netmask 255.255.255.0
[   13.039210] IP-Config: Complete:
[   13.042526]      device=eth0, hwaddr=2e:09:0a:00:c3:9a, ipaddr=192.168.10.107, mask=255.255.255.0, gw=255.255.255.255
[   13.053335]      host=192.168.10.107, domain=, nis-domain=(none)
[   13.059467]      bootserver=255.255.255.255, rootserver=192.168.10.98, rootpath=
[   13.060083] ALSA device list:
[   13.070716]   No soundcards found.
[   14.121040] VFS: Mounted root (nfs4 filesystem) on device 0:22.
[   14.128219] devtmpfs: mounted
[   14.134961] Freeing unused kernel memory: 6144K
[   14.150248] Run /sbin/init as init process
[   14.354973] systemd[1]: System time before build time, advancing clock.
[   14.794131] NET: Registered protocol family 10
[   14.802380] Segment Routing with IPv6
[   14.822313] systemd[1]: systemd 244 running in system mode. (+PAM -AUDIT -SELINUX +IMA -APPARMOR -SMACK +SYSVINIT +UTMP -LIBCRYPTSETUP -GCRYPT -GNUTLS +ACL +XZ -LZ4 -SECCOMP +BLKID -ELFUTILS +KMOD -IDN2 -IDN -PCRE2 default-hierarchy=hybrid)
[   14.845665] systemd[1]: Detected architecture arm64.

Welcome to [1mPoky (Yocto Project Reference Distro) 3.1.11 (dunfell)[0m!

[   14.876744] systemd[1]: Set hostname to <salvator-x>.
[   14.938058] random: crng init done
[   15.655206] systemd[1]: system-getty.slice: unit configures an IP firewall, but the local system does not support BPF/cgroup firewalling.
[   15.675961] systemd[1]: (This warning is only shown for the first unit using IP firewalling.)
[   15.690936] systemd[1]: Created slice system-getty.slice.
[[0;32m  OK  [0m] Created slice [0;1;39msystem-getty.slice[0m.
[   15.715249] systemd[1]: Created slice system-serial\x2dgetty.slice.
[[0;32m  OK  [0m] Created slice [0;1;39msystem-serial\x2dgetty.slice[0m.
[   15.743245] systemd[1]: Created slice User and Session Slice.
[[0;32m  OK  [0m] Created slice [0;1;39mUser and Session Slice[0m.
[   15.766534] systemd[1]: Started Dispatch Password Requests to Console Directory Watch.
[[0;32m  OK  [0m] Started [0;1;39mDispatch Password â€¦ts to Console Directory Watch[0m.
[   15.794475] systemd[1]: Started Forward Password Requests to Wall Directory Watch.
[[0;32m  OK  [0m] Started [0;1;39mForward Password Râ€¦uests to Wall Directory Watch[0m.
[   15.822344] systemd[1]: Reached target Paths.
[[0;32m  OK  [0m] Reached target [0;1;39mPaths[0m.
[   15.846227] systemd[1]: Reached target Remote File Systems.
[[0;32m  OK  [0m] Reached target [0;1;39mRemote File Systems[0m.
[   15.870194] systemd[1]: Reached target Slices.
[[0;32m  OK  [0m] Reached target [0;1;39mSlices[0m.
[   15.894203] systemd[1]: Reached target Swap.
[[0;32m  OK  [0m] Reached target [0;1;39mSwap[0m.
[   15.920703] systemd[1]: Listening on RPCbind Server Activation Socket.
[[0;32m  OK  [0m] Listening on [0;1;39mRPCbind Server Activation Socket[0m.
[   15.950263] systemd[1]: Reached target RPC Port Mapper.
[[0;32m  OK  [0m] Reached target [0;1;39mRPC Port Mapper[0m.
[   15.974573] systemd[1]: Listening on initctl Compatibility Named Pipe.
[[0;32m  OK  [0m] Listening on [0;1;39minitctl Compatibility Named Pipe[0m.
[   16.004291] systemd[1]: Listening on Journal Audit Socket.
[[0;32m  OK  [0m] Listening on [0;1;39mJournal Audit Socket[0m.
[   16.031970] systemd[1]: Listening on Journal Socket (/dev/log).
[[0;32m  OK  [0m] Listening on [0;1;39mJournal Socket (/dev/log)[0m.
[   16.058877] systemd[1]: Listening on Journal Socket.
[[0;32m  OK  [0m] Listening on [0;1;39mJournal Socket[0m.
[   16.084031] systemd[1]: Listening on Network Service Netlink Socket.
[[0;32m  OK  [0m] Listening on [0;1;39mNetwork Service Netlink Socket[0m.
[   16.112334] systemd[1]: Listening on udev Control Socket.
[[0;32m  OK  [0m] Listening on [0;1;39mudev Control Socket[0m.
[   16.138718] systemd[1]: Listening on udev Kernel Socket.
[[0;32m  OK  [0m] Listening on [0;1;39mudev Kernel Socket[0m.
[   16.167706] systemd[1]: Mounting Huge Pages File System...
         Mounting [0;1;39mHuge Pages File System[0m...
[   16.195285] systemd[1]: Mounting POSIX Message Queue File System...
         Mounting [0;1;39mPOSIX Message Queue File System[0m...
[   16.227389] systemd[1]: Mounting Kernel Debug File System...
         Mounting [0;1;39mKernel Debug File System[0m...
[   16.259518] systemd[1]: Mounting Temporary Directory (/tmp)...
         Mounting [0;1;39mTemporary Directory (/tmp)[0m...
[   16.292620] systemd[1]: Starting Create list of static device nodes for the current kernel...
         Starting [0;1;39mCreate list of stâ€¦odes for the current kernel[0m...
[   16.327131] systemd[1]: Starting Start psplash boot splash screen...
         Starting [0;1;39mStart psplash boot splash screen[0m...
[   16.362314] systemd[1]: Starting RPC Bind...
         Starting [0;1;39mRPC Bind[0m...
[   16.383548] systemd[1]: Condition check resulted in File System Check on Root Device being skipped.
[   16.397939] systemd[1]: Starting Journal Service...
         Starting [0;1;39mJournal Service[0m...
[   16.427203] systemd[1]: Starting Load Kernel Modules...
         Starting [0;1;39mLoad Kernel Modules[0m...
[   16.450823] systemd[1]: Starting Remount Root and Kernel File Systems...
         Starting [0;1;39mRemount Root and Kernel File Systems[0m...
[   16.483653] systemd[1]: Starting udev Coldplug all Devices...
         Starting [0;1;39mudev Coldplug all Devices[0m...
[   16.505377] systemd[1]: Started Start psplash boot splash screen.
[[0;32m  OK  [0m] Started [0;1;39mStart psplash boot splash screen[0m.
[   16.530556] systemd[1]: Started RPC Bind.
[[0;32m  OK  [0m] Started [0;1;39mRPC Bind[0m.
[   16.554561] systemd[1]: Started Journal Service.
[[0;32m  OK  [0m] Started [0;1;39mJournal Service[0m.
[[0;32m  OK  [0m] Mounted [0;1;39mHuge Pages File System[0m.
[[0;32m  OK  [0m] Mounted [0;1;39mPOSIX Message Queue File System[0m.
[[0;32m  OK  [0m] Mounted [0;1;39mKernel Debug File System[0m.
[[0;32m  OK  [0m] Mounted [0;1;39mTemporary Directory (/tmp)[0m.
[[0;32m  OK  [0m] Started [0;1;39mCreate list of staâ€¦ nodes for the current kernel[0m.
[[0;32m  OK  [0m] Started [0;1;39mLoad Kernel Modules[0m.
[[0;32m  OK  [0m] Started [0;1;39mRemount Root and Kernel File Systems[0m.
         Mounting [0;1;39mKernel Configuration File System[0m...
[[0;32m  OK  [0m] Started [0;1;39mStart psplash-systâ€¦progress communication helper[0m.
         Starting [0;1;39mFlush Journal to Persistent Storage[0m...
         Starting [0;1;39mApply Kernel Variables[0m...[   16.799954] systemd-journald[342]: Received client request to flush runtime journal.

         Starting [0;1;39mCreate Static Device Nodes in /dev[0m...
[[0;32m  OK  [0m] Mounted [0;1;39mKernel Configuration File System[0m.
[[0;32m  OK  [0m] Started [0;1;39mFlush Journal to Persistent Storage[0m.
[[0;32m  OK  [0m] Started [0;1;39mApply Kernel Variables[0m.
[[0;32m  OK  [0m] Started [0;1;39mCreate Static Device Nodes in /dev[0m.
[[0;32m  OK  [0m] Reached target [0;1;39mLocal File Systems (Pre)[0m.
         Mounting [0;1;39m/var/volatile[0m...
         Starting [0;1;39mudev Kernel Device Manager[0m...
[[0;32m  OK  [0m] Started [0;1;39mudev Coldplug all Devices[0m.
[[0;32m  OK  [0m] Mounted [0;1;39m/var/volatile[0m.
         Starting [0;1;39mLoad/Save Random Seed[0m...
[[0;32m  OK  [0m] Reached target [0;1;39mLocal File Systems[0m.
         Starting [0;1;39mCreate Volatile Files and Directories[0m...
[[0;32m  OK  [0m] Started [0;1;39mLoad/Save Random Seed[0m.
[[0;32m  OK  [0m] Started [0;1;39mudev Kernel Device Manager[0m.
         Starting [0;1;39mNetwork Service[0m...
[[0;32m  OK  [0m] Started [0;1;39mCreate Volatile Files and Directories[0m.
         Starting [0;1;39mNetwork Time Synchronization[0m...
         Starting [0;1;39mUpdate UTMP about System Boot/Shutdown[0m...
[[0;32m  OK  [0m] Started [0;1;39mNetwork Service[0m.
         Starting [0;1;39mNetwork Name Resolution[0m...
[[0;32m  OK  [0m] Started [0;1;39mUpdate UTMP about System Boot/Shutdown[0m.
[[0;32m  OK  [0m] Started [0;1;39mNetwork Time Synchronization[0m.
[[0;32m  OK  [0m] Reached target [0;1;39mSystem Initialization[0m.
[[0;32m  OK  [0m] Started [0;1;39mDaily Cleanup of Temporary Directories[0m.
[[0;32m  OK  [0m] Reached target [0;1;39mSystem Time Set[0m.
[[0;32m  OK  [0m] Reached target [0;1;39mSystem Time Synchronized[0m.
[[0;32m  OK  [0m] Reached target [0;1;39mTimers[0m.
[[0;32m  OK  [0m] Listening on [0;1;39mAvahi mDNS/DNS-SD Stack Activa[   17.405853] pwm-backlight: probe of backlight failed with error -16
tion Socket[0m.
[[0;32m  OK  [0m] Listening on [0;1;39mD-Bus System Message Bus Socket[0m.
[   17.451357] at24 7-0050: supply vcc not found, using dummy regulator
[   17.462245] at24 7-0050: 128 byte br24t01 EEPROM, writable, 8 bytes/write
[[0;32m  OK  [0m] Listening on [0;1;39mdropbear.socket[0m.
[[0;32m  OK  [0m] Reached target [0;1;39mSockets[0m.
[[0;32m  OK  [0m] Reached target [0;1;39mBasic System[0m.
[[0;32m  OK  [0m] Started [0;1;39mD-Bus System Message Bus[0m.
[[0;32m  OK  [0m] Started [0;1;39moptee services[0m.
         Starting [0;1;39mpvrinit.service[0m...
         Starting [0;1;[   17.595803] renesas_usb3 ee020000.usb: probed with phy
39mPowerVR consumer services[0m...
         Starting [0;1;39mLogin Service[0m...
[[0;32m  OK  [0m] Started [0;1;39mNetwork Name Resolution[0m.
[   17.673794] ccree e6601000.crypto: ARM CryptoCell 630P Driver: HW version 0xAF400001/0xDCC63000, Driver version 5.0
[[0;32m  OK  [0m] Created slice [0;1;39msystem-weston.slice[0m.
[[0;32m  OK  [0m] Reached target [0;1;39mNetwork[0m.
[[0;32m  OK  [0m] Reached target [0;1;39mHost and Network Name Lookups[0m.
[   17.788796] ccree e6601000.crypto: ARM ccree device initialized
[[0;32m  OK  [0m] Reached target [0;1;39mHardware activated USB gadget[0m.
         Starting [0;1;39mAvahi mDNS/DNS-SD Stack[0m...
         Starting [0;1;39mPermit User Sessions[0m...
[[0;32m  OK  [0m] Started [0;1;39mXinetd A Powerful Replacement For Inetd[0m.
[[0;1;31mFAILED[0m] Failed to start [0;1;39mpvrinit.service[0m.
See 'systemctl status pvrinit.service' for details.
[[0;1;31mFAILED[0m] Failed to start [0;1;39mPowerVR consumer services[0m.
See 'systemctl status rc.pvr.service' for details.
[[0;1;38;5;185mDEPEND[0m] Dependency failed for [0;1;39mWeston Wayland Compositor[0m.
[[0;32m  OK  [0m] Started [0;1;39mPermit User Sessions[0m.
[[0;32m  OK  [0m] Started [0;1;39mAvahi mDNS/DNS-SD Stack[0m.
[[0;32m  OK  [0m] Started [0;1;39mLogin Service[0m.
[[0;32m  OK  [0m] Started [0;1;39mGetty on tty1[0m.
[[0;32m  OK  [0m] Started [0;1;39mSerial Getty on ttySC0[0m.
[[0;32m  OK  [0m] Reached target [0;1;39mLogin Prompts[0m.
         Starting [0;1;39mset_default_governor.service[0m...
[   18.246453] rd 0-7: Disabling EAS, schedutil is mandatory
[[0;32m  OK  [0m] Started [0;1;39mset_default_governor.service[0m.
[[0;32m  OK  [0m] Reached target [0;1;39mMulti-User System[0m.
         Starting [0;1;39mUpdate UTMP about System Runlevel Changes[0m...
[[0;32m  OK  [0m] Started [0;1;39mUpdate UTMP about System Runlevel Changes[0m.

Poky (Yocto Project Reference Distro) 3.1.11 salvator-x ttySC0

salvator-x login: 
salvator-x login: root
[   20.008665] audit: type=1006 audit(1703064537.648:2): pid=510 uid=0 old-auid=4294967295 auid=0 tty=(none) old-ses=4294967295 ses=1 res=1
7[r[999;999H[6n8root@salvator-x:~# 
root@salvator-x:~# 
root@salvator-x:~# 
root@salvator-x:~# 
root@salvator-x:~# 
root@salvator-x:~# 
root@salvator-x:~# 
root@salvator-x:~# 
root@salvator-x:~# 
Plug in USB device at CN10L


Press any button to continue

[   43.998153] SDHI0 VccQ: disabling
[   44.001543] SDHI3 VccQ: disabling
[   46.910030] usb 1-1: new high-speed USB device number 2 using ehci-platform
[   47.072114] hub 1-1:1.0: USB hub found
[   47.076015] hub 1-1:1.0: 4 ports detected
[   48.178032] usb 1-1.1: new high-speed USB device number 3 using ehci-platform
[   48.392772] usb-storage 1-1.1:1.0: USB Mass Storage device detected
[   48.399460] scsi host1: usb-storage 1-1.1:1.0
[   49.407499] scsi 1:0:0:0: Direct-Access     SanDisk  Extreme Pro      0    PQ: 0 ANSI: 6
[   49.419020] sd 1:0:0:0: [sda] 250085376 512-byte logical blocks: (128 GB/119 GiB)
[   49.427637] sd 1:0:0:0: [sda] Write Protect is off
[   49.433389] sd 1:0:0:0: [sda] Write cache: enabled, read cache: enabled, doesn't support DPO or FUA
[   49.472022]  sda: sda1
[   49.478858] sd 1:0:0:0: [sda] Attached SCSI removable disk

----------Prepare----------


root@salvator-x:~# find /sys/devices/platform/soc/ee0a0100.usb/ -name 'sd*'
/sys/devices/platform/soc/ee0a0100.usb/usb1/1-1/1-1.1/1-1.1:1.0/host1/target1:0:0/1:0:0:0/block/sda
/sys/devices/platform/soc/ee0a0100.usb/usb1/1-1/1-1.1/1-1.1:1.0/host1/target1:0:0/1:0:0:0/block/sda/sda1
root@salvator-x:~# 
root@salvator-x:~# dd if=/dev/urandom of=testdata bs=10M count=5
5+0 records in
5+0 records out
52428800 bytes (52 MB, 50 MiB) copied, 1.24835 s, 42.0 MB/s
root@salvator-x:~# 
root@salvator-x:~# mkdir -p /mnt/usb
root@salvator-x:~# 
root@salvator-x:~# mount /dev/sda1 /mnt/usb
[   54.974902] EXT4-fs (sda1): mounted filesystem with ordered data mode. Opts: (null)
root@salvator-x:~# 
root@salvator-x:~# cp testdata /mnt/usb/
root@salvator-x:~# 
root@salvator-x:~# umount /mnt/usb
root@salvator-x:~# 
Pull out USB device at CN10L


Press any button to continue

[   78.987356] usb 1-1: USB disconnect, device number 2
[   78.992371] usb 1-1.1: USB disconnect, device number 3
[   78.998741] sd 1:0:0:0: [sda] Synchronizing SCSI cache
[   79.004087] sd 1:0:0:0: [sda] Synchronize Cache(10) failed: Result: hostbyte=0x01 driverbyte=0x00

root@salvator-x:~# i2cset -f -y 7 0x30 0x20 0x0f
root@salvator-x:~# 

Switch SW23 off and input 'yes' to continue:

root@salvator-x:~# echo N > /sys/module/printk/parameters/console_suspend
root@salvator-x:~# 
root@salvator-x:~# echo mem > /sys/power/state
[   92.026198] PM: suspend entry (deep)
[   92.029861] Filesystems sync: 0.000 seconds
[   92.035543] Freezing user space processes ... (elapsed 0.001 seconds) done.
[   92.037130] OOM killer disabled.
[   92.037133] Freezing remaining freezable tasks ... (elapsed 0.000 seconds) done.
[   92.491670] ravb e6800000.ethernet eth0: Link is Down
[   92.510942] Disabling non-boot CPUs ...
[   92.515408] CPU1: shutdown
[   92.518134] psci: CPU1 killed (polled 0 ms)
[   92.524560] CPU2: shutdown
[   92.527290] psci: CPU2 killed (polled 0 ms)
[   92.533263] CPU3: shutdown
[   92.535995] psci: CPU3 killed (polled 0 ms)
[   92.542371] CPU4: shutdown
[   92.545088] psci: CPU4 killed (polled 0 ms)
[   92.551689] CPU5: shutdown
[   92.554457] psci: CPU5 killed (polled 0 ms)
[   92.560680] CPU6: shutdown
[   92.563403] psci: CPU6 killed (polled 0 ms)
[   92.569386] CPU7: shutdown
[   92.572162] psci: CPU7 killed (polled 0 ms)
 
Plug in USB device at CN10L


Press any button to continue


 Switch power switch: 

NOTICE:  BL2: R-Car Gen3 Initial Program Loader(CA57) Rev.4.0.0
NOTICE:  BL2: PRR is R-Car H3 Ver.3.0
NOTICE:  BL2: Board is Salvator-XS Rev.1.0
NOTICE:  BL2: Boot device is HyperFlash(160MHz)
NOTICE:  BL2: LCM state is CM
NOTICE:  AVS setting succeeded. DVFS_SetVID=0x53
NOTICE:  BL2: DDR3200(rev.0.42)
NOTICE:  BL2: [WARM_BOOT]
NOTICE:  BL2: DRAM Split is 4ch(DDR f)
NOTICE:  BL2: QoS is default setting(rev.0.11)
NOTICE:  BL2: DRAM refresh interval 1.95 usec
NOTICE:  BL2: Periodic Write DQ Training
NOTICE:  BL2: CH0: 400000000 - 47fffffff, 2 GiB
NOTICE:  BL2: CH1: 500000000 - 57fffffff, 2 GiB
NOTICE:  BL2: CH2: 600000000 - 67fffffff, 2 GiB
NOTICE:  BL2: CH3: 700000000 - 77fffffff, 2 GiB
NOTICE:  BL2: Lossy Decomp areas
NOTICE:       Entry 0: DCMPAREACRAx:0x80000540 DCMPAREACRBx:0x570
NOTICE:       Entry 1: DCMPAREACRAx:0x40000000 DCMPAREACRBx:0x0
NOTICE:       Entry 2: DCMPAREACRAx:0x20000000 DCMPAREACRBx:0x0
NOTICE:  BL2: FDT at 0xe6327f70
NOTICE:  BL2: v2.9(release):9cdb21f75
NOTICE:  BL2: Built : 05:25:39, Dec 19 2023
NOTICE:  BL2: Normal boot
[   92.577514] Enabling non-boot CPUs ...
[   92.581636] Detected PIPT I-cache on CPU1
[   92.581690] CPU1: Booted secondary processor 0x0000000001 [0x411fd073]
[   92.582155] CPU1 is up
[   92.595170] Detected PIPT I-cache on CPU2
[   92.595192] CPU2: Booted secondary processor 0x0000000002 [0x411fd073]
[   92.595458] CPU2 is up
[   92.608473] Detected PIPT I-cache on CPU3
[   92.608495] CPU3: Booted secondary processor 0x0000000003 [0x411fd073]
[   92.608790] CPU3 is up
[   92.621852] Detected VIPT I-cache on CPU4
[   92.621905] CPU4: Booted secondary processor 0x0000000100 [0x410fd034]
[   92.622821] CPU4 is up
[   92.635828] Detected VIPT I-cache on CPU5
[   92.635862] CPU5: Booted secondary processor 0x0000000101 [0x410fd034]
[   92.636433] CPU5 is up
[   92.649439] Detected VIPT I-cache on CPU6
[   92.649471] CPU6: Booted secondary processor 0x0000000102 [0x410fd034]
[   92.650160] CPU6 is up
[   92.663163] Detected VIPT I-cache on CPU7
[   92.663196] CPU7: Booted secondary processor 0x0000000103 [0x410fd034]
[   92.663829] CPU7 is up
[   92.736660] xhci-hcd ee000000.usb: xHC error in resume, USBSTS 0x401, Reinit
[   92.743725] usb usb7: root hub lost power or was reset
[   92.748850] usb usb8: root hub lost power or was reset
[   92.857061] Micrel KSZ9031 Gigabit PHY e6800000.ethernet-ffffffff:00: attached PHY driver [Micrel KSZ9031 Gigabit PHY] (mii_bus:phy_addr=e6800000.ethernet-ffffffff:00, irq=183)
[   92.972158] usb usb4: root hub lost power or was reset
[   92.977457] usb usb1: root hub lost power or was reset
[   93.064093] usb usb5: root hub lost power or was reset
[   93.069274] usb usb2: root hub lost power or was reset
[   93.156088] usb usb6: root hub lost power or was reset
[   93.161362] usb usb3: root hub lost power or was reset
[   93.280085] usb usb10: root hub lost power or was reset
[   93.285432] usb usb9: root hub lost power or was reset
[   93.297998] ata1: link resume succeeded after 1 retries
[   93.409443] ata1: SATA link down (SStatus 0 SControl 300)
[   93.427872] OOM killer enabled.
[   93.433376] Restarting tasks ... done.
root@salvator-x:~# [   93.441619] PM: suspend exit
[   93.558011] usb 1-1: new high-speed USB device number 4 using ehci-platform
[   93.720026] hub 1-1:1.0: USB hub found
[   93.723855] hub 1-1:1.0: 4 ports detected
[   94.502003] usb 1-1.1: new high-speed USB device number 5 using ehci-platform
[   94.720279] usb-storage 1-1.1:1.0: USB Mass Storage device detected
[   94.727081] scsi host1: usb-storage 1-1.1:1.0
[   95.743894] scsi 1:0:0:0: Direct-Access     SanDisk  Extreme Pro      0    PQ: 0 ANSI: 6
[   95.754104] sd 1:0:0:0: [sda] 250085376 512-byte logical blocks: (128 GB/119 GiB)
[   95.762602] sd 1:0:0:0: [sda] Write Protect is off
[   95.768338] sd 1:0:0:0: [sda] Write cache: enabled, read cache: enabled, doesn't support DPO or FUA
[   95.814730]  sda: sda1
[   95.820714] sd 1:0:0:0: [sda] Attached SCSI removable disk
[  103.554762] ravb e6800000.ethernet eth0: Link is Up - 1Gbps/Full - flow control off

root@salvator-x:~# echo "Wake up sucessfully"
Wake up sucessfully
root@salvator-x:~# 
root@salvator-x:~# find /sys/devices/platform/soc/ee0a0100.usb/ -name 'sd*'
/sys/devices/platform/soc/ee0a0100.usb/usb1/1-1/1-1.1/1-1.1:1.0/host1/target1:0:0/1:0:0:0/block/sda
/sys/devices/platform/soc/ee0a0100.usb/usb1/1-1/1-1.1/1-1.1:1.0/host1/target1:0:0/1:0:0:0/block/sda/sda1
root@salvator-x:~# 
root@salvator-x:~# mount /dev/sda1 /mnt/usb
[  111.554593] EXT4-fs (sda1): mounted filesystem with ordered data mode. Opts: (null)
root@salvator-x:~# 
root@salvator-x:~# cp testdata /mnt/usb/testdata_from_nfs
root@salvator-x:~# 
root@salvator-x:~# cp /mnt/usb/testdata_from_nfs testdata_from_usb
root@salvator-x:~# 
root@salvator-x:~# sync
root@salvator-x:~# 
root@salvator-x:~# cmp testdata testdata_from_usb
root@salvator-x:~# 
root@salvator-x:~# umount /mnt/usb
root@salvator-x:~# 
 
#### Result: OK ####
