

----------Item 10----------


Please press switch to restart board 

[F 00:00:120
[F 00:00:119
[F 00:00:118
[F 00:00:117
[F 00:00:116
[F 00:00:115
[F 00:00:114
NOTICE:  BL2: R-Car Gen3 Initial Program Loader(CA57) Rev.4.0.0
NOTICE:  BL2: PRR is R-Car H3 Ver.3.0
NOTICE:  BL2: Board is Salvator-XS Rev.1.0
NOTICE:  BL2: Boot device is HyperFlash(160MHz)
NOTICE:  BL2: LCM state is CM
NOTICE:  AVS setting succeeded. DVFS_SetVID=0x53
NOTICE:  BL2: DDR3200(rev.0.42)
NOTICE:  BL2: [COLD_BOOT]
NOTICE:  BL2: DRAM Split is 4ch(DDR f)
NOTICE:  BL2: QoS is default setting(rev.0.11)
NOTICE:  BL2: DRAM refresh interval 1.95 usec
NOTICE:  BL2: Periodic Write DQ Training
NOTICE:  BL2: CH0: 400000000 - 47fffffff, 2 GiB
NOTICE:  BL2: CH1: 500000000 - 57fffffff, 2 GiB
NOTICE:  BL2: CH2: 600000000 - 67fffffff, 2 GiB
NOTICE:  BL2: CH3: 700000000 - 77fffffff, 2 GiB
NOTICE:  BL2: Lossy Decomp areas
NOTICE:       Entry 0: DCMPAREACRAx:0x80000540 DCMPAREACRBx:0x570
NOTICE:       Entry 1: DCMPAREACRAx:0x40000000 DCMPAREACRBx:0x0
NOTICE:       Entry 2: DCMPAREACRAx:0x20000000 DCMPAREACRBx:0x0
NOTICE:  BL2: FDT at 0xe6327f70
NOTICE:  BL2: v2.9(release):9cdb21f75
NOTICE:  BL2: Built : 05:25:39, Dec 19 2023
NOTICE:  BL2: Normal boot
NOTICE:  BL2: dst=0xe6327800 src=0x8180000 len=512(0x200)
NOTICE:  BL2: dst=0x43f00000 src=0x8180400 len=6144(0x1800)
NOTICE:  rcar_file_len: len: 0x0003e000
NOTICE:  BL2: dst=0x44000000 src=0x81c0000 len=253952(0x3e000)
NOTICE:  rcar_file_len: len: 0x00200000
NOTICE:  BL2: dst=0x44100000 src=0x8200000 len=2097152(0x200000)
NOTICE:  rcar_file_len: len: 0x00100000
NOTICE:  BL2: dst=0x50000000 src=0x8640000 len=1048576(0x100000)
NOTICE:  BL2: Booting BL31


U-Boot 2020.10 (Dec 19 2023 - 14:30:40 +0000)

CPU: Renesas Electronics R8A7795 rev 3.0
Model: Renesas Salvator-X 2nd version board based on r8a77951
DRAM:  7.9 GiB
RAM Configuration:
Bank #0: 0x048000000 - 0x0bfffffff, 1.9 GiB
Bank #1: 0x500000000 - 0x57fffffff, 2 GiB
Bank #2: 0x600000000 - 0x67fffffff, 2 GiB
Bank #3: 0x700000000 - 0x77fffffff, 2 GiB

MMC:   sd@ee100000: 0, sd@ee140000: 1, sd@ee160000: 2
Loading Environment from MMC... OK
In:    serial@e6e88000
Out:   serial@e6e88000
Err:   serial@e6e88000
Net:   eth0: ethernet@e6800000
Hit any key to stop autoboot:  2  1  0 
ethernet@e6800000 Waiting for PHY auto negotiation to complete........... done
Using ethernet@e6800000 device
TFTP from server 192.168.10.98; our IP address is 192.168.10.107
Filename 'BV/PT3/boot_USB2H/Image'.
Load address: 0x48080000
Loading: *#################################################################
	 #################################################################
	 #################################################################
	 #################################################################
	 #################################################################
	 #################################################################
	 #################################################################
	 #################################################################
	 #################################################################
	 #################################################################
	 #################################################################
	 #################################################################
	 #################################################################
	 #################################################################
	 #################################################################
	 #################################################################
	 #################################################################
	 #################################################################
	 #################################################################
	 #################################################################
	 #################################################################
	 #################################################################
	 #################################################################
	 #################################################################
	 #################################################################
	 #################################################################
	 #################################################################
	 #################################################################
	 #################################################################
	 #################################################################
	 #################################################################
	 #################################################################
	 #################################################################
	 #################################################################
	 ################################################################
	 4 MiB/s
done
Bytes transferred = 33376768 (1fd4a00 hex)
Using ethernet@e6800000 device
TFTP from server 192.168.10.98; our IP address is 192.168.10.107
Filename 'BV/PT3/boot_USB2H/r8a77951-salvator-xs.dtb'.
Load address: 0x48000000
Loading: *#######
	 5.1 MiB/s
done
Bytes transferred = 90876 (162fc hex)
Moving Image from 0x48080000 to 0x48200000, end=4a260000
## Flattened Device Tree blob at 48000000
   Booting using the fdt blob at 0x48000000
   Loading Device Tree to 0000000053fe6000, end 0000000053fff2fb ... OK

Starting kernel ...

[    0.000000] Booting Linux on physical CPU 0x0000000000 [0x411fd073]
[    0.000000] Linux version 5.10.194-yocto-standard (thuan.nguyen-hong@banvien) (aarch64-poky-linux-gcc (GCC) 9.3.0, GNU ld (GNU Binutils) 2.34.0.20200220) #10 SMP PREEMPT Mon Feb 19 03:51:05 UTC 2024
[    0.000000] Machine model: Renesas Salvator-X 2nd version board based on r8a77951
[    0.000000] efi: UEFI not found.
[    0.000000] Reserved memory: created CMA memory pool at 0x0000000057000000, size 16 MiB
[    0.000000] OF: reserved mem: initialized node linux,adsp@57000000, compatible id shared-dma-pool
[    0.000000] Reserved memory: created CMA memory pool at 0x0000000058000000, size 384 MiB
[    0.000000] OF: reserved mem: initialized node linux,cma@58000000, compatible id shared-dma-pool
[    0.000000] Reserved memory: created CMA memory pool at 0x0000000070000000, size 256 MiB
[    0.000000] OF: reserved mem: initialized node linux,multimedia@70000000, compatible id shared-dma-pool
[    0.000000] NUMA: No NUMA configuration found
[    0.000000] NUMA: Faking a node at [mem 0x0000000048000000-0x000000077fffffff]
[    0.000000] NUMA: NODE_DATA [mem 0x77efdab00-0x77efdcfff]
[    0.000000] Zone ranges:
[    0.000000]   DMA      [mem 0x0000000048000000-0x000000007fffffff]
[    0.000000]   DMA32    [mem 0x0000000080000000-0x00000000ffffffff]
[    0.000000]   Normal   [mem 0x0000000100000000-0x000000077fffffff]
[    0.000000] Movable zone start for each node
[    0.000000] Early memory node ranges
[    0.000000]   node   0: [mem 0x0000000048000000-0x0000000053ffffff]
[    0.000000]   node   0: [mem 0x0000000054000000-0x0000000056ffffff]
[    0.000000]   node   0: [mem 0x0000000057000000-0x00000000bfffffff]
[    0.000000]   node   0: [mem 0x0000000500000000-0x000000057fffffff]
[    0.000000]   node   0: [mem 0x0000000600000000-0x000000067fffffff]
[    0.000000]   node   0: [mem 0x0000000700000000-0x000000077fffffff]
[    0.000000] Initmem setup node 0 [mem 0x0000000048000000-0x000000077fffffff]
[    0.000000] psci: probing for conduit method from DT.
[    0.000000] psci: PSCIv1.1 detected in firmware.
[    0.000000] psci: Using standard PSCI v0.2 function IDs
[    0.000000] psci: Trusted OS resident on physical CPU 0x0
[    0.000000] psci: SMC Calling Convention v1.2
[    0.000000] percpu: Embedded 23 pages/cpu s56984 r8192 d29032 u94208
[    0.000000] Detected PIPT I-cache on CPU0
[    0.000000] CPU features: detected: EL2 vector hardening
[    0.000000] CPU features: detected: Spectre-v2
[    0.000000] CPU features: detected: ARM errata 1165522, 1319367, or 1530923
[    0.000000] CPU features: detected: Spectre-BHB
[    0.000000] CPU features: detected: ARM erratum 1742098
[    0.000000] Built 1 zonelists, mobility grouping on.  Total pages: 2032128
[    0.000000] Policy zone: Normal
[    0.000000] Kernel command line: rw root=/dev/nfs nfsroot=192.168.10.98:/data/tftpboot/BV/PT3/rootfs_H3,nfsvers=4 ip=192.168.10.107
[    0.000000] Dentry cache hash table entries: 1048576 (order: 11, 8388608 bytes, linear)
[    0.000000] Inode-cache hash table entries: 524288 (order: 10, 4194304 bytes, linear)
[    0.000000] mem auto-init: stack:off, heap alloc:off, heap free:off
[    0.000000] software IO TLB: mapped [mem 0x000000004ffe6000-0x0000000053fe6000] (64MB)
[    0.000000] Memory: 7276840K/8257536K available (15232K kernel code, 2834K rwdata, 8240K rodata, 6144K init, 517K bss, 308952K reserved, 671744K cma-reserved)
[    0.000000] SLUB: HWalign=64, Order=0-3, MinObjects=0, CPUs=8, Nodes=1
[    0.000000] rcu: Preemptible hierarchical RCU implementation.
[    0.000000] rcu: 	RCU event tracing is enabled.
[    0.000000] rcu: 	RCU restricting CPUs from NR_CPUS=256 to nr_cpu_ids=8.
[    0.000000] 	Trampoline variant of Tasks RCU enabled.
[    0.000000] rcu: RCU calculated value of scheduler-enlistment delay is 25 jiffies.
[    0.000000] rcu: Adjusting geometry for rcu_fanout_leaf=16, nr_cpu_ids=8
[    0.000000] NR_IRQS: 64, nr_irqs: 64, preallocated irqs: 0
[    0.000000] arch_timer: cp15 timer(s) running at 8.32MHz (virt).
[    0.000000] clocksource: arch_sys_counter: mask: 0xffffffffffffff max_cycles: 0x1eb398c07, max_idle_ns: 440795202503 ns
[    0.000003] sched_clock: 56 bits at 8MHz, resolution 120ns, wraps every 2199023255503ns
[    0.000205] Console: colour dummy device 80x25
[    0.000414] printk: console [tty0] enabled
[    0.000488] Calibrating delay loop (skipped), value calculated using timer frequency.. 16.64 BogoMIPS (lpj=33280)
[    0.000503] pid_max: default: 32768 minimum: 301
[    0.000562] LSM: Security Framework initializing
[    0.000652] Mount-cache hash table entries: 16384 (order: 5, 131072 bytes, linear)
[    0.000704] Mountpoint-cache hash table entries: 16384 (order: 5, 131072 bytes, linear)
[    0.002135] rcu: Hierarchical SRCU implementation.
[    0.003725] Detected Renesas R-Car Gen3 r8a7795 ES3.0
[    0.005856] EFI services will not be available.
[    0.006201] smp: Bringing up secondary CPUs ...
[    0.006662] Detected PIPT I-cache on CPU1
[    0.006710] CPU1: Booted secondary processor 0x0000000001 [0x411fd073]
[    0.007200] Detected PIPT I-cache on CPU2
[    0.007226] CPU2: Booted secondary processor 0x0000000002 [0x411fd073]
[    0.007646] Detected PIPT I-cache on CPU3
[    0.007668] CPU3: Booted secondary processor 0x0000000003 [0x411fd073]
[    0.008135] CPU features: detected: ARM erratum 845719
[    0.008147] Detected VIPT I-cache on CPU4
[    0.008195] CPU4: Booted secondary processor 0x0000000100 [0x410fd034]
[    0.008678] Detected VIPT I-cache on CPU5
[    0.008705] CPU5: Booted secondary processor 0x0000000101 [0x410fd034]
[    0.009140] Detected VIPT I-cache on CPU6
[    0.009167] CPU6: Booted secondary processor 0x0000000102 [0x410fd034]
[    0.009605] Detected VIPT I-cache on CPU7
[    0.009632] CPU7: Booted secondary processor 0x0000000103 [0x410fd034]
[    0.009715] smp: Brought up 1 node, 8 CPUs
[    0.009777] SMP: Total of 8 processors activated.
[    0.009785] CPU features: detected: 32-bit EL0 Support
[    0.009792] CPU features: detected: CRC32 instructions
[    0.009799] CPU features: detected: 32-bit EL1 Support
[    0.022998] CPU: All CPU(s) started at EL1
[    0.023049] alternatives: patching kernel code
[    0.024191] devtmpfs: initialized
[    0.030962] KASLR disabled due to lack of seed
[    0.031111] clocksource: jiffies: mask: 0xffffffff max_cycles: 0xffffffff, max_idle_ns: 7645041785100000 ns
[    0.031131] futex hash table entries: 2048 (order: 5, 131072 bytes, linear)
[    0.039763] pinctrl core: initialized pinctrl subsystem
[    0.041248] DMI not present or invalid.
[    0.041751] NET: Registered protocol family 16
[    0.042686] DMA: preallocated 1024 KiB GFP_KERNEL pool for atomic allocations
[    0.042884] DMA: preallocated 1024 KiB GFP_KERNEL|GFP_DMA pool for atomic allocations
[    0.043171] DMA: preallocated 1024 KiB GFP_KERNEL|GFP_DMA32 pool for atomic allocations
[    0.043212] audit: initializing netlink subsys (disabled)
[    0.043393] audit: type=2000 audit(0.040:1): state=initialized audit_enabled=0 res=1
[    0.044550] thermal_sys: Registered thermal governor 'power_allocator'
[    0.045060] cpuidle: using governor menu
[    0.045230] hw-breakpoint: found 6 breakpoint and 4 watchpoint registers.
[    0.045354] ASID allocator initialised with 65536 entries
[    0.046651] Serial: AMBA PL011 UART driver
[    0.089518] sh-pfc e6060000.pinctrl: r8a77951_pfc support registered
[    0.104248] HugeTLB registered 1.00 GiB page size, pre-allocated 0 pages
[    0.104263] HugeTLB registered 32.0 MiB page size, pre-allocated 0 pages
[    0.104271] HugeTLB registered 2.00 MiB page size, pre-allocated 0 pages
[    0.104278] HugeTLB registered 64.0 KiB page size, pre-allocated 0 pages
[    0.105238] cryptd: max_cpu_qlen set to 1000
[    0.107500] ACPI: Interpreter disabled.
[    0.111337] rcar-avs: use avs value: 0
[    0.111352] rcar-avs: cpu@0 is running with: opp_table0
[    0.111373] rcar-avs: cpu@1 is running with: opp_table0
[    0.111384] rcar-avs: cpu@2 is running with: opp_table0
[    0.111394] rcar-avs: cpu@3 is running with: opp_table0
[    0.111479] rcar-avs: gsx@fd000000 is running with: gsx_opp_table0
[    0.112879] iommu: Default domain type: Translated 
[    0.113445] ipmmu-vmsa e67b0000.iommu: IPMMU context 0 is reserved
[    0.114434] vgaarb: loaded
[    0.114627] SCSI subsystem initialized
[    0.114883] usbcore: registered new interface driver usbfs
[    0.114914] usbcore: registered new interface driver hub
[    0.114940] usbcore: registered new device driver usb
[    0.118487] i2c-sh_mobile e60b0000.i2c: I2C adapter 7, bus speed 400000 Hz
[    0.119021] mc: Linux media interface: v0.10
[    0.119041] videodev: Linux video capture interface: v2.00
[    0.119089] pps_core: LinuxPPS API ver. 1 registered
[    0.119096] pps_core: Software ver. 5.3.6 - Copyright 2005-2007 Rodolfo Giometti <giometti@linux.it>
[    0.119110] PTP clock support registered
[    0.119280] EDAC MC: Ver: 3.0.0
[    0.121276] FPGA manager framework
[    0.121335] Advanced Linux Sound Architecture Driver Initialized.
[    0.121935] clocksource: Switched to clocksource arch_sys_counter
[    0.122068] VFS: Disk quotas dquot_6.6.0
[    0.122112] VFS: Dquot-cache hash table entries: 512 (order 0, 4096 bytes)
[    0.122253] pnp: PnP ACPI: disabled
[    0.125763] NET: Registered protocol family 2
[    0.126180] IP idents hash table entries: 131072 (order: 8, 1048576 bytes, linear)
[    0.128442] tcp_listen_portaddr_hash hash table entries: 4096 (order: 4, 65536 bytes, linear)
[    0.128523] TCP established hash table entries: 65536 (order: 7, 524288 bytes, linear)
[    0.128806] TCP bind hash table entries: 65536 (order: 8, 1048576 bytes, linear)
[    0.129394] TCP: Hash tables configured (established 65536 bind 65536)
[    0.129515] UDP hash table entries: 4096 (order: 5, 131072 bytes, linear)
[    0.129629] UDP-Lite hash table entries: 4096 (order: 5, 131072 bytes, linear)
[    0.129846] NET: Registered protocol family 1
[    0.130235] RPC: Registered named UNIX socket transport module.
[    0.130245] RPC: Registered udp transport module.
[    0.130251] RPC: Registered tcp transport module.
[    0.130256] RPC: Registered tcp NFSv4.1 backchannel transport module.
[    0.130268] PCI: CLS 0 bytes, default 64
[    0.131182] hw perfevents: enabled with armv8_cortex_a53 PMU driver, 7 counters available
[    0.131453] hw perfevents: enabled with armv8_cortex_a57 PMU driver, 7 counters available
[    0.132084] kvm [1]: HYP mode not available
[    0.135004] Initialise system trusted keyrings
[    0.135131] workingset: timestamp_bits=42 max_order=21 bucket_order=0
[    0.138233] squashfs: version 4.0 (2009/01/31) Phillip Lougher
[    0.138628] NFS: Registering the id_resolver key type
[    0.138660] Key type id_resolver registered
[    0.138667] Key type id_legacy registered
[    0.138731] nfs4filelayout_init: NFSv4 File Layout Driver Registering...
[    0.138741] nfs4flexfilelayout_init: NFSv4 Flexfile Layout Driver Registering...
[    0.138841] 9p: Installing v9fs 9p2000 file system support
[    0.165636] Key type asymmetric registered
[    0.165647] Asymmetric key parser 'x509' registered
[    0.165678] Block layer SCSI generic (bsg) driver version 0.4 loaded (major 243)
[    0.165689] io scheduler mq-deadline registered
[    0.165699] io scheduler kyber registered
[    0.181844] gpio_rcar e6050000.gpio: driving 16 GPIOs
[    0.182197] gpio_rcar e6051000.gpio: driving 29 GPIOs
[    0.182477] gpio_rcar e6052000.gpio: driving 15 GPIOs
[    0.182746] gpio_rcar e6053000.gpio: driving 16 GPIOs
[    0.183009] gpio_rcar e6054000.gpio: driving 18 GPIOs
[    0.183279] gpio_rcar e6055000.gpio: driving 26 GPIOs
[    0.183550] gpio_rcar e6055400.gpio: driving 32 GPIOs
[    0.183807] gpio_rcar e6055800.gpio: driving 4 GPIOs
[    0.186741] rcar-pcie fe000000.pcie: host bridge /soc/pcie@fe000000 ranges:
[    0.186770] rcar-pcie fe000000.pcie:       IO 0x00fe100000..0x00fe1fffff -> 0x0000000000
[    0.186792] rcar-pcie fe000000.pcie:      MEM 0x00fe200000..0x00fe3fffff -> 0x00fe200000
[    0.186810] rcar-pcie fe000000.pcie:      MEM 0x0030000000..0x0037ffffff -> 0x0030000000
[    0.186824] rcar-pcie fe000000.pcie:      MEM 0x0038000000..0x003fffffff -> 0x0038000000
[    0.186842] rcar-pcie fe000000.pcie:   IB MEM 0x0040000000..0x007fffffff -> 0x0040000000
[    0.186889] rcar-pcie fe000000.pcie: no pcie3v3 regulator found
[    0.186901] rcar-pcie fe000000.pcie: no pcie1v8 regulator found
[    0.253610] rcar-pcie fe000000.pcie: PCIe link down
[    0.253788] rcar-pcie ee800000.pcie: host bridge /soc/pcie@ee800000 ranges:
[    0.253812] rcar-pcie ee800000.pcie:       IO 0x00ee900000..0x00ee9fffff -> 0x0000000000
[    0.253833] rcar-pcie ee800000.pcie:      MEM 0x00eea00000..0x00eebfffff -> 0x00eea00000
[    0.253851] rcar-pcie ee800000.pcie:      MEM 0x00c0000000..0x00c7ffffff -> 0x00c0000000
[    0.253865] rcar-pcie ee800000.pcie:      MEM 0x00c8000000..0x00cfffffff -> 0x00c8000000
[    0.253882] rcar-pcie ee800000.pcie:   IB MEM 0x0040000000..0x007fffffff -> 0x0040000000
[    0.253929] rcar-pcie ee800000.pcie: no pcie3v3 regulator found
[    0.253940] rcar-pcie ee800000.pcie: no pcie1v8 regulator found
[    0.413910] rcar-pcie ee800000.pcie: PCIe link down
[    0.416402] EINJ: ACPI disabled.
[    0.450318] Serial: 8250/16550 driver, 4 ports, IRQ sharing enabled
[    0.452743] SuperH (H)SCI(F) driver initialized
[    0.453186] e6550000.serial: ttySC1 at MMIO 0xe6550000 (irq = 42, base_baud = 0) is a hscif
[    0.453948] e6e88000.serial: ttySC0 at MMIO 0xe6e88000 (irq = 128, base_baud = 0) is a scif
[    1.658585] printk: console [ttySC0] enabled
[    1.663995] msm_serial: driver initialized
[    1.674317] rcar-dw-hdmi fead0000.hdmi: Detected HDMI TX controller v2.01a with HDCP (DWC HDMI 2.0 TX PHY)
[    1.684221] rcar-dw-hdmi fead0000.hdmi: registered DesignWare HDMI I2C bus driver
[    1.692472] rcar-dw-hdmi feae0000.hdmi: Detected HDMI TX controller v2.01a with HDCP (DWC HDMI 2.0 TX PHY)
[    1.702332] rcar-dw-hdmi feae0000.hdmi: registered DesignWare HDMI I2C bus driver
[    1.717835] loop: module loaded
[    1.722423] megasas: 07.714.04.00-rc1
[    1.728137] scsi host0: sata_rcar
[    1.731610] ata1: SATA max UDMA/133 irq 181
[    1.741018] tun: Universal TUN/TAP device driver, 1.6
[    1.746973] thunder_xcv, ver 1.0
[    1.750229] thunder_bgx, ver 1.0
[    1.753476] nicpf, ver 1.0
[    1.757627] hclge is initializing
[    1.760962] hns3: Hisilicon Ethernet Network Driver for Hip08 Family - version
[    1.768185] hns3: Copyright (c) 2017 Huawei Corporation.
[    1.773522] e1000: Intel(R) PRO/1000 Network Driver
[    1.778402] e1000: Copyright (c) 1999-2006 Intel Corporation.
[    1.784168] e1000e: Intel(R) PRO/1000 Network Driver
[    1.789132] e1000e: Copyright(c) 1999 - 2015 Intel Corporation.
[    1.795075] igb: Intel(R) Gigabit Ethernet Network Driver
[    1.800474] igb: Copyright (c) 2007-2014 Intel Corporation.
[    1.806060] igbvf: Intel(R) Gigabit Virtual Function Network Driver
[    1.812327] igbvf: Copyright (c) 2009 - 2012 Intel Corporation.
[    1.818665] sky2: driver version 1.30
[    1.826263] ravb e6800000.ethernet eth0: Base address at 0xe6800000, 2e:09:0a:00:c3:9a, IRQ 125.
[    1.836454] VFIO - User Level meta-driver version: 0.3
[    1.843667] ehci_hcd: USB 2.0 'Enhanced' Host Controller (EHCI) Driver
[    1.850211] ehci-pci: EHCI PCI platform driver
[    1.854675] ehci-platform: EHCI generic platform driver
[    1.860287] ehci-platform ee0a0100.usb: EHCI Host Controller
[    1.865970] ehci-platform ee0a0100.usb: new USB bus registered, assigned bus number 1
[    1.873892] ehci-platform ee0a0100.usb: irq 175, io mem 0xee0a0100
[    1.893917] ehci-platform ee0a0100.usb: USB 2.0 started, EHCI 1.10
[    1.900437] hub 1-0:1.0: USB hub found
[    1.904208] hub 1-0:1.0: 1 port detected
[    1.908601] ehci-platform ee0c0100.usb: EHCI Host Controller
[    1.914282] ehci-platform ee0c0100.usb: new USB bus registered, assigned bus number 2
[    1.922168] ehci-platform ee0c0100.usb: irq 176, io mem 0xee0c0100
[    1.941915] ehci-platform ee0c0100.usb: USB 2.0 started, EHCI 1.10
[    1.948388] hub 2-0:1.0: USB hub found
[    1.952158] hub 2-0:1.0: 1 port detected
[    1.981971] ehci-platform ee0e0100.usb: EHCI Host Controller
[    1.987648] ehci-platform ee0e0100.usb: new USB bus registered, assigned bus number 3
[    1.995535] ehci-platform ee0e0100.usb: irq 177, io mem 0xee0e0100
[    2.013916] ehci-platform ee0e0100.usb: USB 2.0 started, EHCI 1.10
[    2.020357] hub 3-0:1.0: USB hub found
[    2.024126] hub 3-0:1.0: 1 port detected
[    2.028487] ehci-orion: EHCI orion driver
[    2.032736] ehci-exynos: EHCI Exynos driver
[    2.037038] ohci_hcd: USB 1.1 'Open' Host Controller (OHCI) Driver
[    2.043236] ohci-pci: OHCI PCI platform driver
[    2.047716] ohci-platform: OHCI generic platform driver
[    2.053252] ohci-platform ee0a0000.usb: Generic Platform OHCI controller
[    2.059971] ohci-platform ee0a0000.usb: new USB bus registered, assigned bus number 4
[    2.067847] ohci-platform ee0a0000.usb: irq 175, io mem 0xee0a0000
[    2.149925] ata1: link resume succeeded after 1 retries
[    2.161924] usb 1-1: new high-speed USB device number 2 using ehci-platform
[    2.164187] hub 4-0:1.0: USB hub found
[    2.172659] hub 4-0:1.0: 1 port detected
[    2.176998] ohci-platform ee0c0000.usb: Generic Platform OHCI controller
[    2.183713] ohci-platform ee0c0000.usb: new USB bus registered, assigned bus number 5
[    2.191601] ohci-platform ee0c0000.usb: irq 176, io mem 0xee0c0000
[    2.261437] ata1: SATA link down (SStatus 0 SControl 300)
[    2.284167] hub 5-0:1.0: USB hub found
[    2.287936] hub 5-0:1.0: 1 port detected
[    2.292265] ohci-platform ee0e0000.usb: Generic Platform OHCI controller
[    2.298981] ohci-platform ee0e0000.usb: new USB bus registered, assigned bus number 6
[    2.306852] ohci-platform ee0e0000.usb: irq 177, io mem 0xee0e0000
[    2.322830] hub 1-1:1.0: USB hub found
[    2.326731] hub 1-1:1.0: 4 ports detected
[    2.400196] hub 6-0:1.0: USB hub found
[    2.403964] hub 6-0:1.0: 1 port detected
[    2.408298] ohci-exynos: OHCI Exynos driver
[    2.413139] xhci-hcd ee000000.usb: xHCI Host Controller
[    2.418379] xhci-hcd ee000000.usb: new USB bus registered, assigned bus number 7
[    2.441634] xhci-hcd ee000000.usb: hcc params 0x014051ce hci version 0x100 quirks 0x0000000000830410
[    2.450802] xhci-hcd ee000000.usb: irq 172, io mem 0xee000000
[    2.456663] xhci-hcd ee000000.usb: xHCI Host Controller
[    2.461896] xhci-hcd ee000000.usb: new USB bus registered, assigned bus number 8
[    2.469303] xhci-hcd ee000000.usb: Host supports USB 3.0 SuperSpeed
[    2.475855] hub 7-0:1.0: USB hub found
[    2.479624] hub 7-0:1.0: 1 port detected
[    2.483710] usb usb8: We don't know the algorithms for LPM for this host, disabling LPM.
[    2.492058] hub 8-0:1.0: USB hub found
[    2.495831] hub 8-0:1.0: 1 port detected
[    2.500647] usbcore: registered new interface driver usb-storage
[    2.508336] renesas_usbhs e6590000.usb: host probed
[    2.513227] renesas_usbhs e6590000.usb: no transceiver found
[    2.518946] renesas_usbhs e6590000.usb: gadget probed
[    2.524169] renesas_usbhs e6590000.usb: probed
[    2.529001] renesas_usbhs e659c000.usb: host probed
[    2.533905] renesas_usbhs e659c000.usb: no transceiver found
[    2.539638] renesas_usbhs e659c000.usb: gadget probed
[    2.544852] renesas_usbhs e659c000.usb: probed
[    2.551684] i2c /dev entries driver
[    2.566282] cs2000-cp 2-004f: revision - C1
[    2.570523] i2c-rcar e6510000.i2c: probed
[    2.575351] pca953x 4-0020: supply vcc not found, using dummy regulator
[    2.582067] pca953x 4-0020: using no AI
[    2.586714] gpio-355 (PCIE/SATA switch): hogged as output/low
[    2.598985] i2c-rcar e66d8000.i2c: probed
[    2.604298] adv748x 4-0070: Endpoint /soc/i2c@e66d8000/video-receiver@70/port@7/endpoint on port 7
[    2.613284] adv748x 4-0070: Endpoint /soc/i2c@e66d8000/video-receiver@70/port@8/endpoint on port 8
[    2.622256] adv748x 4-0070: Endpoint /soc/i2c@e66d8000/video-receiver@70/port@a/endpoint on port 10
[    2.631319] adv748x 4-0070: Endpoint /soc/i2c@e66d8000/video-receiver@70/port@b/endpoint on port 11
[    2.640708] adv748x 4-0070: chip found @ 0xe0 revision 2143
[    2.694203] rcar-csi2 fea80000.csi2: 1 lanes found
[    2.699353] rcar-csi2 feaa0000.csi2: 4 lanes found
[    2.709014] rcar-vin e6ef0000.video: Device registered as video0
[    2.715107] rcar-vin e6ef1000.video: Device registered as video1
[    2.721178] rcar-vin e6ef2000.video: Device registered as video2
[    2.727250] rcar-vin e6ef3000.video: Device registered as video3
[    2.733322] rcar-vin e6ef4000.video: Device registered as video4
[    2.739392] rcar-vin e6ef5000.video: Device registered as video5
[    2.745464] rcar-vin e6ef6000.video: Device registered as video6
[    2.751532] rcar-vin e6ef7000.video: Device registered as video7
[    2.760189] rcar_gen3_thermal e6198000.thermal: is using pseudo fixed FUSE values
[    2.772349] rcar_gen3_thermal e6198000.thermal: TSC0: Loaded 1 trip points
[    2.783599] rcar_gen3_thermal e6198000.thermal: TSC1: Loaded 1 trip points
[    2.794765] rcar_gen3_thermal e6198000.thermal: TSC2: Loaded 3 trip points
[    2.806830] sdhci: Secure Digital Host Controller Interface driver
[    2.813022] sdhci: Copyright(c) Pierre Ossman
[    2.818261] Synopsys Designware Multimedia Card Interface Driver
[    2.818420] renesas_sdhi_internal_dmac ee100000.mmc: Got CD GPIO
[    2.818839] renesas_sdhi_internal_dmac ee140000.mmc: Adding to iommu group 0
[    2.818877] renesas_sdhi_internal_dmac ee140000.mmc: Using IPMMU context 1
[    2.818908] renesas_sdhi_internal_dmac ee160000.mmc: Got CD GPIO
[    2.818936] renesas_sdhi_internal_dmac ee160000.mmc: Got WP GPIO
[    2.825586] sdhci-pltfm: SDHCI platform and OF driver helper
[    2.830374] renesas_sdhi_internal_dmac ee100000.mmc: Got WP GPIO
[    2.868299] renesas_sdhi_internal_dmac ee140000.mmc: mmc0 base at 0x00000000ee140000, max clock rate 200 MHz
[    2.878690] ledtrig-cpu: registered to indicate activity on CPUs
[    2.885672] SMCCC: SOC_ID: ARCH_SOC_ID not implemented, skipping ....
[    2.892723] usbcore: registered new interface driver usbhid
[    2.898299] usbhid: USB HID core driver
[    2.905909] optee: probing for conduit method.
[    2.910374] optee: revision 3.22 (314ecf9d)
[    2.910837] optee driver R-Car Rev.1.0.11
[    2.919308] optee: dynamic shared memory is enabled
[    2.924456] optee: initialized driver
[    2.940447] rcar_sound ec500000.sound: probed
[    2.945539] NET: Registered protocol family 17
[    2.949253] mmc0: new HS400 MMC card at address 0001
[    2.950111] 9pnet: Installing 9P2000 support
[    2.955928] mmcblk0: mmc0:0001 BGSD3R 29.1 GiB 
[    2.959319] Key type dns_resolver registered
[    2.964143] mmcblk0boot0: mmc0:0001 BGSD3R partition 1 16.0 MiB
[    2.968598] registered taskstats version 1
[    2.974332] mmcblk0boot1: mmc0:0001 BGSD3R partition 2 16.0 MiB
[    2.978116] Loading compiled-in X.509 certificates
[    2.988050] thermal emergency: set temperature to 110 celsius
[    2.989167] mmcblk0rpmb: mmc0:0001 BGSD3R partition 3 4.00 MiB, chardev (509:0)
[    2.994790] thermal emergency: shutdown target cpus 1-7
[    3.004236]  mmcblk0: p1
[    3.007147] thermal emergency: freq scaled target cpus 0
[    3.007498] renesas_irqc e61c0000.interrupt-controller: driving 6 irqs
[    3.061935] ehci-platform ee080100.usb: EHCI Host Controller
[    3.067626] ehci-platform ee080100.usb: new USB bus registered, assigned bus number 9
[    3.075515] ehci-platform ee080100.usb: irq 174, io mem 0xee080100
[    3.093918] ehci-platform ee080100.usb: USB 2.0 started, EHCI 1.10
[    3.100526] hub 9-0:1.0: USB hub found
[    3.104296] hub 9-0:1.0: 1 port detected
[    3.109240] ohci-platform ee080000.usb: Generic Platform OHCI controller
[    3.115963] ohci-platform ee080000.usb: new USB bus registered, assigned bus number 10
[    3.123931] ohci-platform ee080000.usb: irq 174, io mem 0xee080000
[    3.220457] hub 10-0:1.0: USB hub found
[    3.224317] hub 10-0:1.0: 1 port detected
[    3.229548] cpu cpu0: EM: created perf domain
[    3.234494] cpu cpu4: EM: created perf domain
[    3.244330] renesas_sdhi_internal_dmac ee100000.mmc: Got CD GPIO
[    3.244622] renesas_sdhi_internal_dmac ee160000.mmc: Got CD GPIO
[    3.250378] renesas_sdhi_internal_dmac ee100000.mmc: Got WP GPIO
[    3.262655] renesas_sdhi_internal_dmac ee160000.mmc: Got WP GPIO
[    3.263021] [drm] Initialized rcar-du 1.0.0 20130110 for feb00000.display on minor 0
[    3.276436] [drm] Device feb00000.display probed
[    3.299326] renesas_sdhi_internal_dmac ee100000.mmc: mmc1 base at 0x00000000ee100000, max clock rate 200 MHz
[    3.318027] renesas_sdhi_internal_dmac ee160000.mmc: mmc2 base at 0x00000000ee160000, max clock rate 200 MHz
[    3.318031] Console: switching to colour frame buffer device 128x48
[    3.361420] rcar-du feb00000.display: [drm] fb0: rcar-dudrmfb frame buffer device
[    3.373899] input: keys as /devices/platform/keys/input/input0
[    3.430058] usb 1-1.1: new high-speed USB device number 3 using ehci-platform
[    3.457097] Micrel KSZ9031 Gigabit PHY e6800000.ethernet-ffffffff:00: attached PHY driver [Micrel KSZ9031 Gigabit PHY] (mii_bus:phy_addr=e6800000.ethernet-ffffffff:00, irq=183)
[    3.649689] usb-storage 1-1.1:1.0: USB Mass Storage device detected
[    3.656875] scsi host1: usb-storage 1-1.1:1.0
[    4.671113] scsi 1:0:0:0: Direct-Access     SanDisk  Extreme Pro      0    PQ: 0 ANSI: 6
[    4.682080] sd 1:0:0:0: [sda] 250085376 512-byte logical blocks: (128 GB/119 GiB)
[    4.690753] sd 1:0:0:0: [sda] Write Protect is off
[    4.696628] sd 1:0:0:0: [sda] Write cache: enabled, read cache: enabled, doesn't support DPO or FUA
[    4.712365]  sda: sda1
[    4.718968] sd 1:0:0:0: [sda] Attached SCSI removable disk
[   10.080084] ravb e6800000.ethernet eth0: Link is Up - 1Gbps/Full - flow control off
[   10.109949] IP-Config: Guessing netmask 255.255.255.0
[   10.115113] IP-Config: Complete:
[   10.122093]      device=eth0, hwaddr=2e:09:0a:00:c3:9a, ipaddr=192.168.10.107, mask=255.255.255.0, gw=255.255.255.255
[   10.136596]      host=192.168.10.107, domain=, nis-domain=(none)
[   10.146482]      bootserver=255.255.255.255, rootserver=192.168.10.98, rootpath=
[   10.147098] ALSA device list:
[   10.164432]   No soundcards found.
[   11.245325] VFS: Mounted root (nfs4 filesystem) on device 0:22.
[   11.255984] devtmpfs: mounted
[   11.264153] Freeing unused kernel memory: 6144K
[   11.294116] Run /sbin/init as init process
[   11.478420] systemd[1]: System time before build time, advancing clock.
[   11.821450] NET: Registered protocol family 10
[   11.829702] Segment Routing with IPv6
[   11.854408] systemd[1]: systemd 244 running in system mode. (+PAM -AUDIT -SELINUX +IMA -APPARMOR -SMACK +SYSVINIT +UTMP -LIBCRYPTSETUP -GCRYPT -GNUTLS +ACL +XZ -LZ4 -SECCOMP +BLKID -ELFUTILS +KMOD -IDN2 -IDN -PCRE2 default-hierarchy=hybrid)
[   11.878500] systemd[1]: Detected architecture arm64.

Welcome to [1mPoky (Yocto Project Reference Distro) 3.1.11 (dunfell)[0m!

[   11.912118] systemd[1]: Set hostname to <salvator-x>.
[   12.628859] random: systemd: uninitialized urandom read (16 bytes read)
[   12.640302] systemd[1]: system-getty.slice: unit configures an IP firewall, but the local system does not support BPF/cgroup firewalling.
[   12.659677] systemd[1]: (This warning is only shown for the first unit using IP firewalling.)
[   12.674487] systemd[1]: Created slice system-getty.slice.
[[0;32m  OK  [0m] Created slice [0;1;39msystem-getty.slice[0m.
[   12.702089] random: systemd: uninitialized urandom read (16 bytes read)
[   12.711082] systemd[1]: Created slice system-serial\x2dgetty.slice.
[[0;32m  OK  [0m] Created slice [0;1;39msystem-serial\x2dgetty.slice[0m.
[   12.734060] random: systemd: uninitialized urandom read (16 bytes read)
[   12.742811] systemd[1]: Created slice User and Session Slice.
[[0;32m  OK  [0m] Created slice [0;1;39mUser and Session Slice[0m.
[   12.766238] systemd[1]: Started Dispatch Password Requests to Console Directory Watch.
[[0;32m  OK  [0m] Started [0;1;39mDispatch Password â€¦ts to Console Directory Watch[0m.
[   12.794346] systemd[1]: Started Forward Password Requests to Wall Directory Watch.
[[0;32m  OK  [0m] Started [0;1;39mForward Password Râ€¦uests to Wall Directory Watch[0m.
[   12.822230] systemd[1]: Reached target Paths.
[[0;32m  OK  [0m] Reached target [0;1;39mPaths[0m.
[   12.846140] systemd[1]: Reached target Remote File Systems.
[[0;32m  OK  [0m] Reached target [0;1;39mRemote File Systems[0m.
[   12.870093] systemd[1]: Reached target Slices.
[[0;32m  OK  [0m] Reached target [0;1;39mSlices[0m.
[   12.894095] systemd[1]: Reached target Swap.
[[0;32m  OK  [0m] Reached target [0;1;39mSwap[0m.
[   12.920943] systemd[1]: Listening on RPCbind Server Activation Socket.
[[0;32m  OK  [0m] Listening on [0;1;39mRPCbind Server Activation Socket[0m.
[   12.950160] systemd[1]: Reached target RPC Port Mapper.
[[0;32m  OK  [0m] Reached target [0;1;39mRPC Port Mapper[0m.
[   12.974483] systemd[1]: Listening on initctl Compatibility Named Pipe.
[[0;32m  OK  [0m] Listening on [0;1;39minitctl Compatibility Named Pipe[0m.
[   13.004283] systemd[1]: Listening on Journal Audit Socket.
[[0;32m  OK  [0m] Listening on [0;1;39mJournal Audit Socket[0m.
[   13.031555] systemd[1]: Listening on Journal Socket (/dev/log).
[[0;32m  OK  [0m] Listening on [0;1;39mJournal Socket (/dev/log)[0m.
[   13.058775] systemd[1]: Listening on Journal Socket.
[[0;32m  OK  [0m] Listening on [0;1;39mJournal Socket[0m.
[   13.083713] systemd[1]: Listening on Network Service Netlink Socket.
[[0;32m  OK  [0m] Listening on [0;1;39mNetwork Service Netlink Socket[0m.
[   13.112019] systemd[1]: Listening on udev Control Socket.
[[0;32m  OK  [0m] Listening on [0;1;39mudev Control Socket[0m.
[   13.138613] systemd[1]: Listening on udev Kernel Socket.
[[0;32m  OK  [0m] Listening on [0;1;39mudev Kernel Socket[0m.
[   13.167414] systemd[1]: Mounting Huge Pages File System...
         Mounting [0;1;39mHuge Pages File System[0m...
[   13.195161] systemd[1]: Mounting POSIX Message Queue File System...
         Mounting [0;1;39mPOSIX Message Queue File System[0m...
[   13.227273] systemd[1]: Mounting Kernel Debug File System...
         Mounting [0;1;39mKernel Debug File System[0m...
[   13.259204] systemd[1]: Mounting Temporary Directory (/tmp)...
         Mounting [0;1;39mTemporary Directory (/tmp)[0m...
[   13.288375] systemd[1]: Starting Create list of static device nodes for the current kernel...
         Starting [0;1;39mCreate list of stâ€¦odes for the current kernel[0m...
[   13.323104] systemd[1]: Starting Start psplash boot splash screen...
         Startin[   13.333970] random: crng init done
g [0;1;39mStart[   13.339648] random: 21 urandom warning(s) missed due to ratelimiting
 psplash boot splash screen[0m...
[   13.369027] systemd[1]: Starting RPC Bind...
         Starting [0;1;39mRPC Bind[0m...
[   13.391782] systemd[1]: Condition check resulted in File System Check on Root Device being skipped.
[   13.407120] systemd[1]: Starting Journal Service...
         Starting [0;1;39mJournal Service[0m...
[   13.434068] systemd[1]: Starting Load Kernel Modules...
         Starting [0;1;39mLoad Kernel Modules[0m...
[   13.464055] systemd[1]: Starting Remount Root and Kernel File Systems...
         Starting [0;1;39mRemount Root and Kernel File Systems[0m...
[   13.489035] systemd[1]: Starting udev Coldplug all Devices...
         Starting [0;1;39mudev Coldplug all Devices[0m...
[   13.517698] systemd[1]: Started Start psplash boot splash screen.
[[0;32m  OK  [0m] Started [0;1;39mStart psplash boot splash screen[0m.
[   13.542659] systemd[1]: Started RPC Bind.
[[0;32m  OK  [0m] Started [0;1;39mRPC Bind[0m.
[   13.562844] systemd[1]: Started Journal Service.
[[0;32m  OK  [0m] Started [0;1;39mJournal Service[0m.
[[0;32m  OK  [0m] Mounted [0;1;39mHuge Pages File System[0m.
[[0;32m  OK  [0m] Mounted [0;1;39mPOSIX Message Queue File System[0m.
[[0;32m  OK  [0m] Mounted [0;1;39mKernel Debug File System[0m.
[[0;32m  OK  [0m] Mounted [0;1;39mTemporary Directory (/tmp)[0m.
[[0;32m  OK  [0m] Started [0;1;39mCreate list of staâ€¦ nodes for the current kernel[0m.
[[0;32m  OK  [0m] Started [0;1;39mLoad Kernel Modules[0m.
[[0;32m  OK  [0m] Started [0;1;39mRemount Root and Kernel File Systems[0m.
         Mounting [0;1;39mKernel Configuration File System[0m...
[[0;32m  OK  [0m] Started [0;1;39mStart psplash-systâ€¦progress communication helper[0m.
         Starting [0;1;39mFlush Journal to Persistent Storage[0m...
         Starting [0;1;39mApply Kernel Variables[0m...
[   13.803713] systemd-journald[350]: Received client request to flush runtime journal.
         Starting [0;1;39mCreate Static Device Nodes in /dev[0m...
[[0;32m  OK  [0m] Mounted [0;1;39mKernel Configuration File System[0m.
[[0;32m  OK  [0m] Started [0;1;39mFlush Journal to Persistent Storage[0m.
[[0;32m  OK  [0m] Started [0;1;39mApply Kernel Variables[0m.
[[0;32m  OK  [0m] Started [0;1;39mCreate Static Device Nodes in /dev[0m.
[[0;32m  OK  [0m] Reached target [0;1;39mLocal File Systems (Pre)[0m.
         Mounting [0;1;39m/var/volatile[0m...
         Starting [0;1;39mudev Kernel Device Manager[0m...
[[0;32m  OK  [0m] Started [0;1;39mudev Coldplug all Devices[0m.
[[0;32m  OK  [0m] Mounted [0;1;39m/var/volatile[0m.
         Starting [0;1;39mLoad/Save Random Seed[0m...
[[0;32m  OK  [0m] Reached target [0;1;39mLocal File Systems[0m.
         Starting [0;1;39mCreate Volatile Files and Directories[0m...
[[0;32m  OK  [0m] Started [0;1;39mLoad/Save Random Seed[0m.
[[0;32m  OK  [0m] Started [0;1;39mudev Kernel Device Manager[0m.
         Starting [0;1;39mNetwork Service[0m...
[[0;32m  OK  [0m] Started [0;1;39mCreate Volatile Files and Directories[0m.
         Starting [0;1;39mNetwork Time Synchronization[0m...
         Starting [0;1;39mUpdate UTMP about System Boot/Shutdown[0m...
[[0;32m  OK  [0m] Started [0;1;39mNetwork Service[0m.
         Starting [0;1;39mNetwork Name Resolution[0m...
[[0;32m  OK  [0m] Started [0;1;39mUpdate UTMP about System Boot/Shutdown[0m.
[   14.346353] pwm-backlight: probe of backlight failed with error -16
[[0;32m  OK  [0m] Started [0;1;39mNetwork Time Synchronization[0m.
[[0;32m  OK  [0m] Reached target [0;1;39mSystem Initialization[0m.
[[0;32m  OK  [0m] Started [0;1;39mDaily Cleanup of Temporary Directories[0m.
[[0;32m  OK  [0m] Reached target [0;1;39mSystem Time Set[0m.[   14.459698] at24 7-0050: supply vcc not found, using dummy regulator

[   14.471371] at24 7-0050: 128 byte br24t01 EEPROM, writable, 8 bytes/write
[[0;32m  OK  [0m] Reached target [0;1;39mSystem Time Synchronized[0m.
[[0;32m  OK  [0m] Reached target [0;1;39mTimers[0m.
[[0;32m  OK  [0m] Reached target [0;1;39mHardware activated USB gadget[0m.
[[0;32m  OK  [0m] Listening on [0;1;39mAvahi mDNS/DNS-SD Stack Activation Socket[0m.[   14.550925] renesas_usb3 ee020000.usb: probed with phy

[[0;32m  OK  [0m] Listening on [0;1;39mD-Bus System Message Bus Socket[0m.
[[0;32m  OK  [0m] Listening on [0;1;39mdropbear.socket[0m.
[[0;32m  OK  [0m] Reached target [0;1;39mSockets[0m.
[[0;32m  OK  [0m] Reached target [0;1;39mBasic System[0m.
[   14.625100] ccree e6601000.crypto: ARM CryptoCell 630P Driver: HW version 0xAF400001/0xDCC63000, Driver version 5.0
[[0;32m  OK  [0m] Started [0;1;39mD-Bus System Message Bus[0m.
[   14.663453] ccree e6601000.crypto: ARM ccree device initialized
[[0;32m  OK  [0m] Started [0;1;39moptee services[0m.
         Starting [0;1;39mpvrinit.service[0m...
         Starting [0;1;39mPowerVR consumer services[0m...
         Starting [0;1;39mLogin Service[0m...
[[0;32m  OK  [0m] Started [0;1;39mNetwork Name Resolution[0m.
[[0;1;31mFAILED[0m] Failed to start [0;1;39mpvrinit.service[0m.
See 'systemctl status pvrinit.service' for details.
[[0;1;31mFAILED[0m] Failed to start [0;1;39mPowerVR consumer services[0m.
See 'systemctl status rc.pvr.service' for details.
[[0;1;38;5;185mDEPEND[0m] Dependency failed for [0;1;39mWeston Wayland Compositor[0m.
[[0;32m  OK  [0m] Started [0;1;39mLogin Service[0m.
[[0;32m  OK  [0m] Created slice [0;1;39msystem-weston.slice[0m.
[[0;32m  OK  [0m] Reached target [0;1;39mNetwork[0m.
[[0;32m  OK  [0m] Reached target [0;1;39mHost and Network Name Lookups[0m.
         Starting [0;1;39mAvahi mDNS/DNS-SD Stack[0m...
         Starting [0;1;39mset_default_governor.service[0m...
         Starting [0;1;39mPermit User Sessions[0m...
[[0;32m  OK  [0m] Started [0;1;39mXinetd A Powerful Replacement For Inetd[0m.
[   15.146317] rd 0-7: Disabling EAS, schedutil is mandatory
[[0;32m  OK  [0m] Started [0;1;39mPermit User Sessions[0m.
[[0;32m  OK  [0m] Started [0;1;39mAvahi mDNS/DNS-SD Stack[0m.
[[0;32m  OK  [0m] Started [0;1;39mset_default_governor.service[0m.
[[0;32m  OK  [0m] Started [0;1;39mGetty on tty1[0m.
[[0;32m  OK  [0m] Started [0;1;39mSerial Getty on ttySC0[0m.
[[0;32m  OK  [0m] Reached target [0;1;39mLogin Prompts[0m.
[[0;32m  OK  [0m] Reached target [0;1;39mMulti-User System[0m.
         Starting [0;1;39mUpdate UTMP about System Runlevel Changes[0m...
[[0;32m  OK  [0m] Started [0;1;39mUpdate UTMP about System Runlevel Changes[0m.

Poky (Yocto Project Reference Distro) 3.1.11 salvator-x ttySC0

salvator-x login: 
salvator-x login: root
[   17.098654] audit: type=1006 audit(1703064537.616:2): pid=524 uid=0 old-auid=4294967295 auid=0 tty=(none) old-ses=4294967295 ses=1 res=1
7[r[999;999H[6n8root@salvator-x:~# 
root@salvator-x:~# 
root@salvator-x:~# 
root@salvator-x:~# 
root@salvator-x:~# 
root@salvator-x:~# 
root@salvator-x:~# 
root@salvator-x:~# 
root@salvator-x:~# 
----------Prepare----------


root@salvator-x:~# find /sys/devices/platform/soc/ee0a0100.usb/ -name 'sd*'
/sys/devices/platform/soc/ee0a0100.usb/usb1/1-1/1-1.1/1-1.1:1.0/host1/target1:0:0/1:0:0:0/block/sda
/sys/devices/platform/soc/ee0a0100.usb/usb1/1-1/1-1.1/1-1.1:1.0/host1/target1:0:0/1:0:0:0/block/sda/sda1
root@salvator-x:~# 
root@salvator-x:~# dd if=/dev/urandom of=testdata bs=10M count=5
5+0 records in
5+0 records out
52428800 bytes (52 MB, 50 MiB) copied, 1.21726 s, 43.1 MB/s
root@salvator-x:~# 
root@salvator-x:~# mkdir -p /mnt/usb
root@salvator-x:~# 
root@salvator-x:~# mount /dev/sda1 /mnt/usb
[   39.256537] EXT4-fs (sda1): mounted filesystem with ordered data mode. Opts: (null)
root@salvator-x:~# 
root@salvator-x:~# cp testdata /mnt/usb/
[   41.950124] SDHI0 VccQ: disabling
[   41.953525] SDHI3 VccQ: disabling
root@salvator-x:~# 
root@salvator-x:~# umount /mnt/usb
root@salvator-x:~# 
root@salvator-x:~# find /sys/devices/platform/soc/ee0a0100.usb/ -name 'sd*'
/sys/devices/platform/soc/ee0a0100.usb/usb1/1-1/1-1.1/1-1.1:1.0/host1/target1:0:0/1:0:0:0/block/sda
/sys/devices/platform/soc/ee0a0100.usb/usb1/1-1/1-1.1/1-1.1:1.0/host1/target1:0:0/1:0:0:0/block/sda/sda1
root@salvator-x:~# 
root@salvator-x:~# i2cset -f -y 7 0x30 0x20 0x0f
root@salvator-x:~# 

Switch SW23 off and input 'yes' to continue:
Input 'yes' to continue: 

root@salvator-x:~# echo N > /sys/module/printk/parameters/console_suspend
root@salvator-x:~# 
root@salvator-x:~# mount /dev/sda1 /mnt/usb
[   54.690127] EXT4-fs (sda1): mounted filesystem with ordered data mode. Opts: (null)
root@salvator-x:~# 
root@salvator-x:~# cp testdata /mnt/usb/testdata_from_nfs &
[1] 550
root@salvator-x:~# 
root@salvator-x:~# echo mem > /sys/power/state
[   56.094235] PM: suspend entry (deep)
[   63.788743] Filesystems sync: 7.690 seconds
[   63.794963] Freezing user space processes ... (elapsed 0.002 seconds) done.
[   63.796990] OOM killer disabled.
[   63.796993] Freezing remaining freezable tasks ... (elapsed 0.001 seconds) done.
[   63.829967] sd 1:0:0:0: [sda] Synchronizing SCSI cache
[   64.231805] ravb e6800000.ethernet eth0: Link is Down
[   64.247911] Disabling non-boot CPUs ...
[   64.252360] CPU1: shutdown
[   64.255087] psci: CPU1 killed (polled 0 ms)
[   64.260897] CPU2: shutdown
[   64.263631] psci: CPU2 killed (polled 0 ms)
[   64.269226] CPU3: shutdown
[   64.271961] psci: CPU3 killed (polled 0 ms)
[   64.277878] CPU4: shutdown
[   64.280604] psci: CPU4 killed (polled 0 ms)
[   64.286373] CPU5: shutdown
[   64.289084] psci: CPU5 killed (polled 0 ms)
[   64.294699] CPU6: shutdown
[   64.297409] psci: CPU6 killed (polled 0 ms)
[   64.303095] CPU7: shutdown
[   64.305807] psci: CPU7 killed (polled 0 ms)
 
Pull out USB device at CN10L


Press any button to continue


Plug in USB device at CN10L


Press any button to continue


 Switch power switch: 

NOTICE:  BL2: R-Car Gen3 Initial Program Loader(CA57) Rev.4.0.0
NOTICE:  BL2: PRR is R-Car H3 Ver.3.0
NOTICE:  BL2: Board is Salvator-XS Rev.1.0
NOTICE:  BL2: Boot device is HyperFlash(160MHz)
NOTICE:  BL2: LCM state is CM
NOTICE:  AVS setting succeeded. DVFS_SetVID=0x53
NOTICE:  BL2: DDR3200(rev.0.42)
NOTICE:  BL2: [WARM_BOOT]
NOTICE:  BL2: DRAM Split is 4ch(DDR f)
NOTICE:  BL2: QoS is default setting(rev.0.11)
NOTICE:  BL2: DRAM refresh interval 1.95 usec
NOTICE:  BL2: Periodic Write DQ Training
NOTICE:  BL2: CH0: 400000000 - 47fffffff, 2 GiB
NOTICE:  BL2: CH1: 500000000 - 57fffffff, 2 GiB
NOTICE:  BL2: CH2: 600000000 - 67fffffff, 2 GiB
NOTICE:  BL2: CH3: 700000000 - 77fffffff, 2 GiB
NOTICE:  BL2: Lossy Decomp areas
NOTICE:       Entry 0: DCMPAREACRAx:0x80000540 DCMPAREACRBx:0x570
NOTICE:       Entry 1: DCMPAREACRAx:0x40000000 DCMPAREACRBx:0x0
NOTICE:       Entry 2: DCMPAREACRAx:0x20000000 DCMPAREACRBx:0x0
NOTICE:  BL2: FDT at 0xe6327f70
NOTICE:  BL2: v2.9(release):9cdb21f75
NOTICE:  BL2: Built : 05:25:39, Dec 19 2023
NOTICE:  BL2: Normal boot
[   64.311033] Enabling non-boot CPUs ...
[   64.315087] Detected PIPT I-cache on CPU1
[   64.315142] CPU1: Booted secondary processor 0x0000000001 [0x411fd073]
[   64.315608] CPU1 is up
[   64.328646] Detected PIPT I-cache on CPU2
[   64.328668] CPU2: Booted secondary processor 0x0000000002 [0x411fd073]
[   64.328944] CPU2 is up
[   64.341954] Detected PIPT I-cache on CPU3
[   64.341977] CPU3: Booted secondary processor 0x0000000003 [0x411fd073]
[   64.342254] CPU3 is up
[   64.355318] Detected VIPT I-cache on CPU4
[   64.355371] CPU4: Booted secondary processor 0x0000000100 [0x410fd034]
[   64.356269] CPU4 is up
[   64.369273] Detected VIPT I-cache on CPU5
[   64.369306] CPU5: Booted secondary processor 0x0000000101 [0x410fd034]
[   64.369910] CPU5 is up
[   64.382917] Detected VIPT I-cache on CPU6
[   64.382951] CPU6: Booted secondary processor 0x0000000102 [0x410fd034]
[   64.383571] CPU6 is up
[   64.396573] Detected VIPT I-cache on CPU7
[   64.396606] CPU7: Booted secondary processor 0x0000000103 [0x410fd034]
[   64.397250] CPU7 is up
[   64.491560] xhci-hcd ee000000.usb: xHC error in resume, USBSTS 0x401, Reinit
[   64.498590] usb usb7: root hub lost power or was reset
[   64.503709] usb usb8: root hub lost power or was reset
[   64.632867] Micrel KSZ9031 Gigabit PHY e6800000.ethernet-ffffffff:00: attached PHY driver [Micrel KSZ9031 Gigabit PHY] (mii_bus:phy_addr=e6800000.ethernet-ffffffff:00, irq=183)
[   64.747997] usb usb4: root hub lost power or was reset
[   64.753293] usb usb1: root hub lost power or was reset
[   64.839898] usb usb5: root hub lost power or was reset
[   64.845151] usb usb2: root hub lost power or was reset
[   64.932033] usb usb6: root hub lost power or was reset
[   64.937283] usb usb3: root hub lost power or was reset
[   65.050035] usb 1-1: reset high-speed USB device number 2 using ehci-platform
[   65.051984] usb usb10: root hub lost power or was reset
[   65.062531] usb usb9: root hub lost power or was reset
[   65.073893] ata1: link resume succeeded after 1 retries
[   65.185404] ata1: SATA link down (SStatus 0 SControl 300)
[   66.077990] usb 1-1.1: reset high-speed USB device number 3 using ehci-platform
[   66.299272] OOM killer enabled.
[   66.303140] Restarting tasks ... done.
[1]+  Done                    cp testdata /mnt/usb/testdata_from_nfs
[   66.308909] PM: suspend exit
root@salvator-x:~# [   71.728853] ravb e6800000.ethernet eth0: Link is Up - 1Gbps/Full - flow control off

root@salvator-x:~# echo "Wake up sucessfully"
Wake up sucessfully
root@salvator-x:~# 
root@salvator-x:~# wait
root@salvator-x:~# 
root@salvator-x:~# sync
root@salvator-x:~# 
root@salvator-x:~# cmp testdata /mnt/usb/testdata_from_nfs
root@salvator-x:~# 
root@salvator-x:~# umount /mnt/usb
root@salvator-x:~# 
 
#### Result: OK ####
