

----------Item 7----------


Please press switch to restart board 

[F 00:00:120
[F 00:00:119
[F 00:00:118
NOTICE:  BL2: R-Car Gen3 Initial Program Loader(CA57) Rev.4.0.0
NOTICE:  BL2: PRR is R-Car H3 Ver.3.0
NOTICE:  BL2: Board is Salvator-XS Rev.1.0
NOTICE:  BL2: Boot device is HyperFlash(160MHz)
NOTICE:  BL2: LCM state is CM
NOTICE:  AVS setting succeeded. DVFS_SetVID=0x53
NOTICE:  BL2: DDR3200(rev.0.42)
NOTICE:  BL2: [COLD_BOOT]
NOTICE:  BL2: DRAM Split is 4ch(DDR f)
NOTICE:  BL2: QoS is default setting(rev.0.11)
NOTICE:  BL2: DRAM refresh interval 1.95 usec
NOTICE:  BL2: Periodic Write DQ Training
NOTICE:  BL2: CH0: 400000000 - 47fffffff, 2 GiB
NOTICE:  BL2: CH1: 500000000 - 57fffffff, 2 GiB
NOTICE:  BL2: CH2: 600000000 - 67fffffff, 2 GiB
NOTICE:  BL2: CH3: 700000000 - 77fffffff, 2 GiB
NOTICE:  BL2: Lossy Decomp areas
NOTICE:       Entry 0: DCMPAREACRAx:0x80000540 DCMPAREACRBx:0x570
NOTICE:       Entry 1: DCMPAREACRAx:0x40000000 DCMPAREACRBx:0x0
NOTICE:       Entry 2: DCMPAREACRAx:0x20000000 DCMPAREACRBx:0x0
NOTICE:  BL2: FDT at 0xe6327f70
NOTICE:  BL2: v2.9(release):9cdb21f75
NOTICE:  BL2: Built : 05:25:39, Dec 19 2023
NOTICE:  BL2: Normal boot
NOTICE:  BL2: dst=0xe6327800 src=0x8180000 len=512(0x200)
NOTICE:  BL2: dst=0x43f00000 src=0x8180400 len=6144(0x1800)
NOTICE:  rcar_file_len: len: 0x0003e000
NOTICE:  BL2: dst=0x44000000 src=0x81c0000 len=253952(0x3e000)
NOTICE:  rcar_file_len: len: 0x00200000
NOTICE:  BL2: dst=0x44100000 src=0x8200000 len=2097152(0x200000)
NOTICE:  rcar_file_len: len: 0x00100000
NOTICE:  BL2: dst=0x50000000 src=0x8640000 len=1048576(0x100000)
NOTICE:  BL2: Booting BL31


U-Boot 2020.10 (Dec 19 2023 - 14:30:40 +0000)

CPU: Renesas Electronics R8A7795 rev 3.0
Model: Renesas Salvator-X 2nd version board based on r8a77951
DRAM:  7.9 GiB
RAM Configuration:
Bank #0: 0x048000000 - 0x0bfffffff, 1.9 GiB
Bank #1: 0x500000000 - 0x57fffffff, 2 GiB
Bank #2: 0x600000000 - 0x67fffffff, 2 GiB
Bank #3: 0x700000000 - 0x77fffffff, 2 GiB

MMC:   sd@ee100000: 0, sd@ee140000: 1, sd@ee160000: 2
Loading Environment from MMC... OK
In:    serial@e6e88000
Out:   serial@e6e88000
Err:   serial@e6e88000
Net:   eth0: ethernet@e6800000
Hit any key to stop autoboot:  2  1  0 
ethernet@e6800000 Waiting for PHY auto negotiation to complete.......... done
Using ethernet@e6800000 device
TFTP from server 192.168.10.98; our IP address is 192.168.10.107
Filename 'BV/PT3/boot_USB2H/Image'.
Load address: 0x48080000
Loading: *#################################################################
	 #################################################################
	 #################################################################
	 #################################################################
	 #################################################################
	 #################################################################
	 #################################################################
	 #################################################################
	 #################################################################
	 #################################################################
	 #################################################################
	 #################################################################
	 #################################################################
	 #################################################################
	 #################################################################
	 #################################################################
	 #################################################################
	 #################################################################
	 #################################################################
	 #################################################################
	 #################################################################
	 #################################################################
	 #################################################################
	 #################################################################
	 #################################################################
	 #################################################################
	 #################################################################
	 #################################################################
	 #################################################################
	 #################################################################
	 #################################################################
	 #################################################################
	 #################################################################
	 #################################################################
	 ################################################################
	 4 MiB/s
done
Bytes transferred = 33376768 (1fd4a00 hex)
Using ethernet@e6800000 device
TFTP from server 192.168.10.98; our IP address is 192.168.10.107
Filename 'BV/PT3/boot_USB2H/r8a77951-salvator-xs.dtb'.
Load address: 0x48000000
Loading: *#######
	 4.8 MiB/s
done
Bytes transferred = 90876 (162fc hex)
Moving Image from 0x48080000 to 0x48200000, end=4a260000
## Flattened Device Tree blob at 48000000
   Booting using the fdt blob at 0x48000000
   Loading Device Tree to 0000000053fe6000, end 0000000053fff2fb ... OK

Starting kernel ...

[    0.000000] Booting Linux on physical CPU 0x0000000000 [0x411fd073]
[    0.000000] Linux version 5.10.194-yocto-standard (thuan.nguyen-hong@banvien) (aarch64-poky-linux-gcc (GCC) 9.3.0, GNU ld (GNU Binutils) 2.34.0.20200220) #10 SMP PREEMPT Mon Feb 19 03:51:05 UTC 2024
[    0.000000] Machine model: Renesas Salvator-X 2nd version board based on r8a77951
[    0.000000] efi: UEFI not found.
[    0.000000] Reserved memory: created CMA memory pool at 0x0000000057000000, size 16 MiB
[    0.000000] OF: reserved mem: initialized node linux,adsp@57000000, compatible id shared-dma-pool
[    0.000000] Reserved memory: created CMA memory pool at 0x0000000058000000, size 384 MiB
[    0.000000] OF: reserved mem: initialized node linux,cma@58000000, compatible id shared-dma-pool
[    0.000000] Reserved memory: created CMA memory pool at 0x0000000070000000, size 256 MiB
[    0.000000] OF: reserved mem: initialized node linux,multimedia@70000000, compatible id shared-dma-pool
[    0.000000] NUMA: No NUMA configuration found
[    0.000000] NUMA: Faking a node at [mem 0x0000000048000000-0x000000077fffffff]
[    0.000000] NUMA: NODE_DATA [mem 0x77efdab00-0x77efdcfff]
[    0.000000] Zone ranges:
[    0.000000]   DMA      [mem 0x0000000048000000-0x000000007fffffff]
[    0.000000]   DMA32    [mem 0x0000000080000000-0x00000000ffffffff]
[    0.000000]   Normal   [mem 0x0000000100000000-0x000000077fffffff]
[    0.000000] Movable zone start for each node
[    0.000000] Early memory node ranges
[    0.000000]   node   0: [mem 0x0000000048000000-0x0000000053ffffff]
[    0.000000]   node   0: [mem 0x0000000054000000-0x0000000056ffffff]
[    0.000000]   node   0: [mem 0x0000000057000000-0x00000000bfffffff]
[    0.000000]   node   0: [mem 0x0000000500000000-0x000000057fffffff]
[    0.000000]   node   0: [mem 0x0000000600000000-0x000000067fffffff]
[    0.000000]   node   0: [mem 0x0000000700000000-0x000000077fffffff]
[    0.000000] Initmem setup node 0 [mem 0x0000000048000000-0x000000077fffffff]
[    0.000000] psci: probing for conduit method from DT.
[    0.000000] psci: PSCIv1.1 detected in firmware.
[    0.000000] psci: Using standard PSCI v0.2 function IDs
[    0.000000] psci: Trusted OS resident on physical CPU 0x0
[    0.000000] psci: SMC Calling Convention v1.2
[    0.000000] percpu: Embedded 23 pages/cpu s56984 r8192 d29032 u94208
[    0.000000] Detected PIPT I-cache on CPU0
[    0.000000] CPU features: detected: EL2 vector hardening
[    0.000000] CPU features: detected: Spectre-v2
[    0.000000] CPU features: detected: ARM errata 1165522, 1319367, or 1530923
[    0.000000] CPU features: detected: Spectre-BHB
[    0.000000] CPU features: detected: ARM erratum 1742098
[    0.000000] Built 1 zonelists, mobility grouping on.  Total pages: 2032128
[    0.000000] Policy zone: Normal
[    0.000000] Kernel command line: rw root=/dev/nfs nfsroot=192.168.10.98:/data/tftpboot/BV/PT3/rootfs_H3,nfsvers=4 ip=192.168.10.107
[    0.000000] Dentry cache hash table entries: 1048576 (order: 11, 8388608 bytes, linear)
[    0.000000] Inode-cache hash table entries: 524288 (order: 10, 4194304 bytes, linear)
[    0.000000] mem auto-init: stack:off, heap alloc:off, heap free:off
[    0.000000] software IO TLB: mapped [mem 0x000000004ffe6000-0x0000000053fe6000] (64MB)
[    0.000000] Memory: 7276840K/8257536K available (15232K kernel code, 2834K rwdata, 8240K rodata, 6144K init, 517K bss, 308952K reserved, 671744K cma-reserved)
[    0.000000] SLUB: HWalign=64, Order=0-3, MinObjects=0, CPUs=8, Nodes=1
[    0.000000] rcu: Preemptible hierarchical RCU implementation.
[    0.000000] rcu: 	RCU event tracing is enabled.
[    0.000000] rcu: 	RCU restricting CPUs from NR_CPUS=256 to nr_cpu_ids=8.
[    0.000000] 	Trampoline variant of Tasks RCU enabled.
[    0.000000] rcu: RCU calculated value of scheduler-enlistment delay is 25 jiffies.
[    0.000000] rcu: Adjusting geometry for rcu_fanout_leaf=16, nr_cpu_ids=8
[    0.000000] NR_IRQS: 64, nr_irqs: 64, preallocated irqs: 0
[    0.000000] arch_timer: cp15 timer(s) running at 8.32MHz (virt).
[    0.000000] clocksource: arch_sys_counter: mask: 0xffffffffffffff max_cycles: 0x1eb398c07, max_idle_ns: 440795202503 ns
[    0.000003] sched_clock: 56 bits at 8MHz, resolution 120ns, wraps every 2199023255503ns
[    0.000207] Console: colour dummy device 80x25
[    0.000415] printk: console [tty0] enabled
[    0.000490] Calibrating delay loop (skipped), value calculated using timer frequency.. 16.64 BogoMIPS (lpj=33280)
[    0.000506] pid_max: default: 32768 minimum: 301
[    0.000562] LSM: Security Framework initializing
[    0.000650] Mount-cache hash table entries: 16384 (order: 5, 131072 bytes, linear)
[    0.000702] Mountpoint-cache hash table entries: 16384 (order: 5, 131072 bytes, linear)
[    0.002141] rcu: Hierarchical SRCU implementation.
[    0.003735] Detected Renesas R-Car Gen3 r8a7795 ES3.0
[    0.005865] EFI services will not be available.
[    0.006194] smp: Bringing up secondary CPUs ...
[    0.006653] Detected PIPT I-cache on CPU1
[    0.006698] CPU1: Booted secondary processor 0x0000000001 [0x411fd073]
[    0.007182] Detected PIPT I-cache on CPU2
[    0.007207] CPU2: Booted secondary processor 0x0000000002 [0x411fd073]
[    0.007632] Detected PIPT I-cache on CPU3
[    0.007655] CPU3: Booted secondary processor 0x0000000003 [0x411fd073]
[    0.008122] CPU features: detected: ARM erratum 845719
[    0.008135] Detected VIPT I-cache on CPU4
[    0.008182] CPU4: Booted secondary processor 0x0000000100 [0x410fd034]
[    0.008663] Detected VIPT I-cache on CPU5
[    0.008690] CPU5: Booted secondary processor 0x0000000101 [0x410fd034]
[    0.009129] Detected VIPT I-cache on CPU6
[    0.009157] CPU6: Booted secondary processor 0x0000000102 [0x410fd034]
[    0.009590] Detected VIPT I-cache on CPU7
[    0.009618] CPU7: Booted secondary processor 0x0000000103 [0x410fd034]
[    0.009698] smp: Brought up 1 node, 8 CPUs
[    0.009759] SMP: Total of 8 processors activated.
[    0.009767] CPU features: detected: 32-bit EL0 Support
[    0.009774] CPU features: detected: CRC32 instructions
[    0.009782] CPU features: detected: 32-bit EL1 Support
[    0.022988] CPU: All CPU(s) started at EL1
[    0.023042] alternatives: patching kernel code
[    0.024187] devtmpfs: initialized
[    0.030978] KASLR disabled due to lack of seed
[    0.031128] clocksource: jiffies: mask: 0xffffffff max_cycles: 0xffffffff, max_idle_ns: 7645041785100000 ns
[    0.031149] futex hash table entries: 2048 (order: 5, 131072 bytes, linear)
[    0.039790] pinctrl core: initialized pinctrl subsystem
[    0.041287] DMI not present or invalid.
[    0.041784] NET: Registered protocol family 16
[    0.042721] DMA: preallocated 1024 KiB GFP_KERNEL pool for atomic allocations
[    0.042919] DMA: preallocated 1024 KiB GFP_KERNEL|GFP_DMA pool for atomic allocations
[    0.043208] DMA: preallocated 1024 KiB GFP_KERNEL|GFP_DMA32 pool for atomic allocations
[    0.043246] audit: initializing netlink subsys (disabled)
[    0.043424] audit: type=2000 audit(0.040:1): state=initialized audit_enabled=0 res=1
[    0.044584] thermal_sys: Registered thermal governor 'power_allocator'
[    0.045106] cpuidle: using governor menu
[    0.045274] hw-breakpoint: found 6 breakpoint and 4 watchpoint registers.
[    0.045399] ASID allocator initialised with 65536 entries
[    0.046675] Serial: AMBA PL011 UART driver
[    0.089462] sh-pfc e6060000.pinctrl: r8a77951_pfc support registered
[    0.104151] HugeTLB registered 1.00 GiB page size, pre-allocated 0 pages
[    0.104165] HugeTLB registered 32.0 MiB page size, pre-allocated 0 pages
[    0.104173] HugeTLB registered 2.00 MiB page size, pre-allocated 0 pages
[    0.104180] HugeTLB registered 64.0 KiB page size, pre-allocated 0 pages
[    0.105140] cryptd: max_cpu_qlen set to 1000
[    0.107389] ACPI: Interpreter disabled.
[    0.111220] rcar-avs: use avs value: 0
[    0.111235] rcar-avs: cpu@0 is running with: opp_table0
[    0.111245] rcar-avs: cpu@1 is running with: opp_table0
[    0.111255] rcar-avs: cpu@2 is running with: opp_table0
[    0.111265] rcar-avs: cpu@3 is running with: opp_table0
[    0.111360] rcar-avs: gsx@fd000000 is running with: gsx_opp_table0
[    0.112780] iommu: Default domain type: Translated 
[    0.113345] ipmmu-vmsa e67b0000.iommu: IPMMU context 0 is reserved
[    0.114349] vgaarb: loaded
[    0.114549] SCSI subsystem initialized
[    0.114797] usbcore: registered new interface driver usbfs
[    0.114828] usbcore: registered new interface driver hub
[    0.114855] usbcore: registered new device driver usb
[    0.118401] i2c-sh_mobile e60b0000.i2c: I2C adapter 7, bus speed 400000 Hz
[    0.118928] mc: Linux media interface: v0.10
[    0.118949] videodev: Linux video capture interface: v2.00
[    0.118996] pps_core: LinuxPPS API ver. 1 registered
[    0.119003] pps_core: Software ver. 5.3.6 - Copyright 2005-2007 Rodolfo Giometti <giometti@linux.it>
[    0.119017] PTP clock support registered
[    0.119188] EDAC MC: Ver: 3.0.0
[    0.121218] FPGA manager framework
[    0.121277] Advanced Linux Sound Architecture Driver Initialized.
[    0.121828] clocksource: Switched to clocksource arch_sys_counter
[    0.121970] VFS: Disk quotas dquot_6.6.0
[    0.122014] VFS: Dquot-cache hash table entries: 512 (order 0, 4096 bytes)
[    0.122137] pnp: PnP ACPI: disabled
[    0.125604] NET: Registered protocol family 2
[    0.126022] IP idents hash table entries: 131072 (order: 8, 1048576 bytes, linear)
[    0.128286] tcp_listen_portaddr_hash hash table entries: 4096 (order: 4, 65536 bytes, linear)
[    0.128391] TCP established hash table entries: 65536 (order: 7, 524288 bytes, linear)
[    0.128675] TCP bind hash table entries: 65536 (order: 8, 1048576 bytes, linear)
[    0.129262] TCP: Hash tables configured (established 65536 bind 65536)
[    0.129381] UDP hash table entries: 4096 (order: 5, 131072 bytes, linear)
[    0.129495] UDP-Lite hash table entries: 4096 (order: 5, 131072 bytes, linear)
[    0.129716] NET: Registered protocol family 1
[    0.130087] RPC: Registered named UNIX socket transport module.
[    0.130097] RPC: Registered udp transport module.
[    0.130103] RPC: Registered tcp transport module.
[    0.130108] RPC: Registered tcp NFSv4.1 backchannel transport module.
[    0.130121] PCI: CLS 0 bytes, default 64
[    0.131057] hw perfevents: enabled with armv8_cortex_a53 PMU driver, 7 counters available
[    0.131332] hw perfevents: enabled with armv8_cortex_a57 PMU driver, 7 counters available
[    0.131936] kvm [1]: HYP mode not available
[    0.134867] Initialise system trusted keyrings
[    0.134995] workingset: timestamp_bits=42 max_order=21 bucket_order=0
[    0.138075] squashfs: version 4.0 (2009/01/31) Phillip Lougher
[    0.138479] NFS: Registering the id_resolver key type
[    0.138522] Key type id_resolver registered
[    0.138529] Key type id_legacy registered
[    0.138582] nfs4filelayout_init: NFSv4 File Layout Driver Registering...
[    0.138591] nfs4flexfilelayout_init: NFSv4 Flexfile Layout Driver Registering...
[    0.138697] 9p: Installing v9fs 9p2000 file system support
[    0.164967] Key type asymmetric registered
[    0.164980] Asymmetric key parser 'x509' registered
[    0.165011] Block layer SCSI generic (bsg) driver version 0.4 loaded (major 243)
[    0.165021] io scheduler mq-deadline registered
[    0.165031] io scheduler kyber registered
[    0.181174] gpio_rcar e6050000.gpio: driving 16 GPIOs
[    0.181491] gpio_rcar e6051000.gpio: driving 29 GPIOs
[    0.181769] gpio_rcar e6052000.gpio: driving 15 GPIOs
[    0.182061] gpio_rcar e6053000.gpio: driving 16 GPIOs
[    0.182325] gpio_rcar e6054000.gpio: driving 18 GPIOs
[    0.182595] gpio_rcar e6055000.gpio: driving 26 GPIOs
[    0.182874] gpio_rcar e6055400.gpio: driving 32 GPIOs
[    0.183143] gpio_rcar e6055800.gpio: driving 4 GPIOs
[    0.186060] rcar-pcie fe000000.pcie: host bridge /soc/pcie@fe000000 ranges:
[    0.186090] rcar-pcie fe000000.pcie:       IO 0x00fe100000..0x00fe1fffff -> 0x0000000000
[    0.186112] rcar-pcie fe000000.pcie:      MEM 0x00fe200000..0x00fe3fffff -> 0x00fe200000
[    0.186131] rcar-pcie fe000000.pcie:      MEM 0x0030000000..0x0037ffffff -> 0x0030000000
[    0.186145] rcar-pcie fe000000.pcie:      MEM 0x0038000000..0x003fffffff -> 0x0038000000
[    0.186162] rcar-pcie fe000000.pcie:   IB MEM 0x0040000000..0x007fffffff -> 0x0040000000
[    0.186210] rcar-pcie fe000000.pcie: no pcie3v3 regulator found
[    0.186221] rcar-pcie fe000000.pcie: no pcie1v8 regulator found
[    0.253536] rcar-pcie fe000000.pcie: PCIe link down
[    0.253723] rcar-pcie ee800000.pcie: host bridge /soc/pcie@ee800000 ranges:
[    0.253747] rcar-pcie ee800000.pcie:       IO 0x00ee900000..0x00ee9fffff -> 0x0000000000
[    0.253767] rcar-pcie ee800000.pcie:      MEM 0x00eea00000..0x00eebfffff -> 0x00eea00000
[    0.253785] rcar-pcie ee800000.pcie:      MEM 0x00c0000000..0x00c7ffffff -> 0x00c0000000
[    0.253799] rcar-pcie ee800000.pcie:      MEM 0x00c8000000..0x00cfffffff -> 0x00c8000000
[    0.253831] rcar-pcie ee800000.pcie:   IB MEM 0x0040000000..0x007fffffff -> 0x0040000000
[    0.253864] rcar-pcie ee800000.pcie: no pcie3v3 regulator found
[    0.253874] rcar-pcie ee800000.pcie: no pcie1v8 regulator found
[    0.413828] rcar-pcie ee800000.pcie: PCIe link down
[    0.416294] EINJ: ACPI disabled.
[    0.450156] Serial: 8250/16550 driver, 4 ports, IRQ sharing enabled
[    0.452567] SuperH (H)SCI(F) driver initialized
[    0.452995] e6550000.serial: ttySC1 at MMIO 0xe6550000 (irq = 42, base_baud = 0) is a hscif
[    0.453733] e6e88000.serial: ttySC0 at MMIO 0xe6e88000 (irq = 128, base_baud = 0) is a scif
[    1.658378] printk: console [ttySC0] enabled
[    1.663794] msm_serial: driver initialized
[    1.674093] rcar-dw-hdmi fead0000.hdmi: Detected HDMI TX controller v2.01a with HDCP (DWC HDMI 2.0 TX PHY)
[    1.683992] rcar-dw-hdmi fead0000.hdmi: registered DesignWare HDMI I2C bus driver
[    1.692250] rcar-dw-hdmi feae0000.hdmi: Detected HDMI TX controller v2.01a with HDCP (DWC HDMI 2.0 TX PHY)
[    1.702106] rcar-dw-hdmi feae0000.hdmi: registered DesignWare HDMI I2C bus driver
[    1.717532] loop: module loaded
[    1.722110] megasas: 07.714.04.00-rc1
[    1.727848] scsi host0: sata_rcar
[    1.731324] ata1: SATA max UDMA/133 irq 181
[    1.740702] tun: Universal TUN/TAP device driver, 1.6
[    1.746682] thunder_xcv, ver 1.0
[    1.749947] thunder_bgx, ver 1.0
[    1.753194] nicpf, ver 1.0
[    1.757332] hclge is initializing
[    1.760669] hns3: Hisilicon Ethernet Network Driver for Hip08 Family - version
[    1.767891] hns3: Copyright (c) 2017 Huawei Corporation.
[    1.773225] e1000: Intel(R) PRO/1000 Network Driver
[    1.778103] e1000: Copyright (c) 1999-2006 Intel Corporation.
[    1.783873] e1000e: Intel(R) PRO/1000 Network Driver
[    1.788839] e1000e: Copyright(c) 1999 - 2015 Intel Corporation.
[    1.794778] igb: Intel(R) Gigabit Ethernet Network Driver
[    1.800177] igb: Copyright (c) 2007-2014 Intel Corporation.
[    1.805763] igbvf: Intel(R) Gigabit Virtual Function Network Driver
[    1.812029] igbvf: Copyright (c) 2009 - 2012 Intel Corporation.
[    1.818365] sky2: driver version 1.30
[    1.825994] ravb e6800000.ethernet eth0: Base address at 0xe6800000, 2e:09:0a:00:c3:9a, IRQ 125.
[    1.836235] VFIO - User Level meta-driver version: 0.3
[    1.843374] ehci_hcd: USB 2.0 'Enhanced' Host Controller (EHCI) Driver
[    1.849912] ehci-pci: EHCI PCI platform driver
[    1.854372] ehci-platform: EHCI generic platform driver
[    1.859973] ehci-platform ee0a0100.usb: EHCI Host Controller
[    1.865653] ehci-platform ee0a0100.usb: new USB bus registered, assigned bus number 1
[    1.873563] ehci-platform ee0a0100.usb: irq 175, io mem 0xee0a0100
[    1.893837] ehci-platform ee0a0100.usb: USB 2.0 started, EHCI 1.10
[    1.900353] hub 1-0:1.0: USB hub found
[    1.904124] hub 1-0:1.0: 1 port detected
[    1.908522] ehci-platform ee0c0100.usb: EHCI Host Controller
[    1.914196] ehci-platform ee0c0100.usb: new USB bus registered, assigned bus number 2
[    1.922078] ehci-platform ee0c0100.usb: irq 176, io mem 0xee0c0100
[    1.941834] ehci-platform ee0c0100.usb: USB 2.0 started, EHCI 1.10
[    1.948290] hub 2-0:1.0: USB hub found
[    1.952062] hub 2-0:1.0: 1 port detected
[    1.981869] ehci-platform ee0e0100.usb: EHCI Host Controller
[    1.987544] ehci-platform ee0e0100.usb: new USB bus registered, assigned bus number 3
[    1.995414] ehci-platform ee0e0100.usb: irq 177, io mem 0xee0e0100
[    2.013833] ehci-platform ee0e0100.usb: USB 2.0 started, EHCI 1.10
[    2.020269] hub 3-0:1.0: USB hub found
[    2.024036] hub 3-0:1.0: 1 port detected
[    2.028399] ehci-orion: EHCI orion driver
[    2.032655] ehci-exynos: EHCI Exynos driver
[    2.036961] ohci_hcd: USB 1.1 'Open' Host Controller (OHCI) Driver
[    2.043159] ohci-pci: OHCI PCI platform driver
[    2.047642] ohci-platform: OHCI generic platform driver
[    2.053175] ohci-platform ee0a0000.usb: Generic Platform OHCI controller
[    2.059894] ohci-platform ee0a0000.usb: new USB bus registered, assigned bus number 4
[    2.067776] ohci-platform ee0a0000.usb: irq 175, io mem 0xee0a0000
[    2.149841] ata1: link resume succeeded after 1 retries
[    2.164288] hub 4-0:1.0: USB hub found
[    2.168059] hub 4-0:1.0: 1 port detected
[    2.172414] ohci-platform ee0c0000.usb: Generic Platform OHCI controller
[    2.179130] ohci-platform ee0c0000.usb: new USB bus registered, assigned bus number 5
[    2.187026] ohci-platform ee0c0000.usb: irq 176, io mem 0xee0c0000
[    2.209831] usb 2-1: new high-speed USB device number 2 using ehci-platform
[    2.261357] ata1: SATA link down (SStatus 0 SControl 300)
[    2.280099] hub 5-0:1.0: USB hub found
[    2.284049] hub 5-0:1.0: 1 port detected
[    2.288398] ohci-platform ee0e0000.usb: Generic Platform OHCI controller
[    2.295117] ohci-platform ee0e0000.usb: new USB bus registered, assigned bus number 6
[    2.302987] ohci-platform ee0e0000.usb: irq 177, io mem 0xee0e0000
[    2.370857] hub 2-1:1.0: USB hub found
[    2.374660] hub 2-1:1.0: 4 ports detected
[    2.399925] hub 6-0:1.0: USB hub found
[    2.403693] hub 6-0:1.0: 1 port detected
[    2.408064] ohci-exynos: OHCI Exynos driver
[    2.412952] xhci-hcd ee000000.usb: xHCI Host Controller
[    2.418195] xhci-hcd ee000000.usb: new USB bus registered, assigned bus number 7
[    2.441457] xhci-hcd ee000000.usb: hcc params 0x014051ce hci version 0x100 quirks 0x0000000000830410
[    2.450629] xhci-hcd ee000000.usb: irq 172, io mem 0xee000000
[    2.456496] xhci-hcd ee000000.usb: xHCI Host Controller
[    2.461731] xhci-hcd ee000000.usb: new USB bus registered, assigned bus number 8
[    2.469134] xhci-hcd ee000000.usb: Host supports USB 3.0 SuperSpeed
[    2.475686] hub 7-0:1.0: USB hub found
[    2.479460] hub 7-0:1.0: 1 port detected
[    2.483557] usb usb8: We don't know the algorithms for LPM for this host, disabling LPM.
[    2.491913] hub 8-0:1.0: USB hub found
[    2.495683] hub 8-0:1.0: 1 port detected
[    2.500503] usbcore: registered new interface driver usb-storage
[    2.508983] renesas_usbhs e6590000.usb: host probed
[    2.513875] renesas_usbhs e6590000.usb: no transceiver found
[    2.519602] renesas_usbhs e6590000.usb: gadget probed
[    2.524816] renesas_usbhs e6590000.usb: probed
[    2.529712] renesas_usbhs e659c000.usb: host probed
[    2.534604] renesas_usbhs e659c000.usb: no transceiver found
[    2.540320] renesas_usbhs e659c000.usb: gadget probed
[    2.545519] renesas_usbhs e659c000.usb: probed
[    2.552427] i2c /dev entries driver
[    2.566956] cs2000-cp 2-004f: revision - C1
[    2.571270] i2c-rcar e6510000.i2c: probed
[    2.576078] pca953x 4-0020: supply vcc not found, using dummy regulator
[    2.582787] pca953x 4-0020: using no AI
[    2.587463] gpio-355 (PCIE/SATA switch): hogged as output/low
[    2.599787] i2c-rcar e66d8000.i2c: probed
[    2.605156] adv748x 4-0070: Endpoint /soc/i2c@e66d8000/video-receiver@70/port@7/endpoint on port 7
[    2.614140] adv748x 4-0070: Endpoint /soc/i2c@e66d8000/video-receiver@70/port@8/endpoint on port 8
[    2.623112] adv748x 4-0070: Endpoint /soc/i2c@e66d8000/video-receiver@70/port@a/endpoint on port 10
[    2.632174] adv748x 4-0070: Endpoint /soc/i2c@e66d8000/video-receiver@70/port@b/endpoint on port 11
[    2.641566] adv748x 4-0070: chip found @ 0xe0 revision 2143
[    2.695136] rcar-csi2 fea80000.csi2: 1 lanes found
[    2.700274] rcar-csi2 feaa0000.csi2: 4 lanes found
[    2.709835] rcar-vin e6ef0000.video: Device registered as video0
[    2.715906] rcar-vin e6ef1000.video: Device registered as video1
[    2.721978] rcar-vin e6ef2000.video: Device registered as video2
[    2.728048] rcar-vin e6ef3000.video: Device registered as video3
[    2.734122] rcar-vin e6ef4000.video: Device registered as video4
[    2.740197] rcar-vin e6ef5000.video: Device registered as video5
[    2.746277] rcar-vin e6ef6000.video: Device registered as video6
[    2.752351] rcar-vin e6ef7000.video: Device registered as video7
[    2.761069] rcar_gen3_thermal e6198000.thermal: is using pseudo fixed FUSE values
[    2.773231] rcar_gen3_thermal e6198000.thermal: TSC0: Loaded 1 trip points
[    2.784486] rcar_gen3_thermal e6198000.thermal: TSC1: Loaded 1 trip points
[    2.795677] rcar_gen3_thermal e6198000.thermal: TSC2: Loaded 3 trip points
[    2.807806] sdhci: Secure Digital Host Controller Interface driver
[    2.814003] sdhci: Copyright(c) Pierre Ossman
[    2.819176] Synopsys Designware Multimedia Card Interface Driver
[    2.819348] renesas_sdhi_internal_dmac ee140000.mmc: Adding to iommu group 0
[    2.819480] renesas_sdhi_internal_dmac ee100000.mmc: Got CD GPIO
[    2.819499] renesas_sdhi_internal_dmac ee100000.mmc: Got WP GPIO
[    2.819793] renesas_sdhi_internal_dmac ee160000.mmc: Got CD GPIO
[    2.819820] renesas_sdhi_internal_dmac ee160000.mmc: Got WP GPIO
[    2.826542] sdhci-pltfm: SDHCI platform and OF driver helper
[    2.832289] renesas_sdhi_internal_dmac ee140000.mmc: Using IPMMU context 1
[    2.869511] ledtrig-cpu: registered to indicate activity on CPUs
[    2.876519] SMCCC: SOC_ID: ARCH_SOC_ID not implemented, skipping ....
[    2.883550] usbcore: registered new interface driver usbhid
[    2.889128] usbhid: USB HID core driver
[    2.896761] optee: probing for conduit method.
[    2.901232] optee: revision 3.22 (314ecf9d)
[    2.901648] optee driver R-Car Rev.1.0.11
[    2.910197] optee: dynamic shared memory is enabled
[    2.915344] optee: initialized driver
[    2.917734] renesas_sdhi_internal_dmac ee140000.mmc: mmc0 base at 0x00000000ee140000, max clock rate 200 MHz
[    2.932884] rcar_sound ec500000.sound: probed
[    2.937967] NET: Registered protocol family 17
[    2.942529] 9pnet: Installing 9P2000 support
[    2.946850] Key type dns_resolver registered
[    2.951491] registered taskstats version 1
[    2.955602] Loading compiled-in X.509 certificates
[    2.970257] thermal emergency: set temperature to 110 celsius
[    2.976237] thermal emergency: shutdown target cpus 1-7
[    2.981467] thermal emergency: freq scaled target cpus 0
[    2.987121] renesas_irqc e61c0000.interrupt-controller: driving 6 irqs
[    2.994615] mmc0: new HS400 MMC card at address 0001
[    3.000333] mmcblk0: mmc0:0001 BGSD3R 29.1 GiB 
[    3.005303] mmcblk0boot0: mmc0:0001 BGSD3R partition 1 16.0 MiB
[    3.011646] mmcblk0boot1: mmc0:0001 BGSD3R partition 2 16.0 MiB
[    3.017678] mmcblk0rpmb: mmc0:0001 BGSD3R partition 3 4.00 MiB, chardev (509:0)
[    3.026578]  mmcblk0: p1
[    3.041854] ehci-platform ee080100.usb: EHCI Host Controller
[    3.047548] ehci-platform ee080100.usb: new USB bus registered, assigned bus number 9
[    3.055449] ehci-platform ee080100.usb: irq 174, io mem 0xee080100
[    3.073827] ehci-platform ee080100.usb: USB 2.0 started, EHCI 1.10
[    3.080471] hub 9-0:1.0: USB hub found
[    3.084244] hub 9-0:1.0: 1 port detected
[    3.089723] ohci-platform ee080000.usb: Generic Platform OHCI controller
[    3.096449] ohci-platform ee080000.usb: new USB bus registered, assigned bus number 10
[    3.104424] ohci-platform ee080000.usb: irq 174, io mem 0xee080000
[    3.200231] hub 10-0:1.0: USB hub found
[    3.204093] hub 10-0:1.0: 1 port detected
[    3.209444] cpu cpu0: EM: created perf domain
[    3.214390] cpu cpu4: EM: created perf domain
[    3.222246] renesas_sdhi_internal_dmac ee100000.mmc: Got CD GPIO
[    3.225197] renesas_sdhi_internal_dmac ee160000.mmc: Got CD GPIO
[    3.227161] [drm] Initialized rcar-du 1.0.0 20130110 for feb00000.display on minor 0
[    3.227163] [drm] Device feb00000.display probed
[    3.228302] renesas_sdhi_internal_dmac ee100000.mmc: Got WP GPIO
[    3.234369] renesas_sdhi_internal_dmac ee160000.mmc: Got WP GPIO
[    3.291514] renesas_sdhi_internal_dmac ee100000.mmc: mmc1 base at 0x00000000ee100000, max clock rate 200 MHz
[    3.295581] Console: switching to colour frame buffer device 128x48
[    3.306504] renesas_sdhi_internal_dmac ee160000.mmc: mmc2 base at 0x00000000ee160000, max clock rate 200 MHz
[    3.339212] rcar-du feb00000.display: [drm] fb0: rcar-dudrmfb frame buffer device
[    3.351656] input: keys as /devices/platform/keys/input/input0
[    3.433439] Micrel KSZ9031 Gigabit PHY e6800000.ethernet-ffffffff:00: attached PHY driver [Micrel KSZ9031 Gigabit PHY] (mii_bus:phy_addr=e6800000.ethernet-ffffffff:00, irq=183)
[    3.474026] usb 2-1.1: new high-speed USB device number 3 using ehci-platform
[    3.693360] usb-storage 2-1.1:1.0: USB Mass Storage device detected
[    3.700534] scsi host1: usb-storage 2-1.1:1.0
[    4.735898] scsi 1:0:0:0: Direct-Access     SanDisk  Extreme Pro      0    PQ: 0 ANSI: 6
[    4.747406] sd 1:0:0:0: [sda] 250085376 512-byte logical blocks: (128 GB/119 GiB)
[    4.756368] sd 1:0:0:0: [sda] Write Protect is off
[    4.762518] sd 1:0:0:0: [sda] Write cache: enabled, read cache: enabled, doesn't support DPO or FUA
[    4.778746]  sda: sda1
[    4.785749] sd 1:0:0:0: [sda] Attached SCSI removable disk
[   10.020192] ravb e6800000.ethernet eth0: Link is Up - 1Gbps/Full - flow control off
[   10.045863] IP-Config: Guessing netmask 255.255.255.0
[   10.051025] IP-Config: Complete:
[   10.058123]      device=eth0, hwaddr=2e:09:0a:00:c3:9a, ipaddr=192.168.10.107, mask=255.255.255.0, gw=255.255.255.255
[   10.072802]      host=192.168.10.107, domain=, nis-domain=(none)
[   10.082873]      bootserver=255.255.255.255, rootserver=192.168.10.98, rootpath=
[   10.083482] ALSA device list:
[   10.101141]   No soundcards found.
[   10.548334] VFS: Mounted root (nfs4 filesystem) on device 0:22.
[   10.559599] devtmpfs: mounted
[   10.567871] Freeing unused kernel memory: 6144K
[   10.586086] Run /sbin/init as init process
[   10.798470] systemd[1]: System time before build time, advancing clock.
[   11.182539] NET: Registered protocol family 10
[   11.188569] Segment Routing with IPv6
[   11.213922] systemd[1]: systemd 244 running in system mode. (+PAM -AUDIT -SELINUX +IMA -APPARMOR -SMACK +SYSVINIT +UTMP -LIBCRYPTSETUP -GCRYPT -GNUTLS +ACL +XZ -LZ4 -SECCOMP +BLKID -ELFUTILS +KMOD -IDN2 -IDN -PCRE2 default-hierarchy=hybrid)
[   11.238214] systemd[1]: Detected architecture arm64.

Welcome to [1mPoky (Yocto Project Reference Distro) 3.1.11 (dunfell)[0m!

[   11.272440] systemd[1]: Set hostname to <salvator-x>.
[   11.361885] random: crng init done
[   12.057396] systemd[1]: system-getty.slice: unit configures an IP firewall, but the local system does not support BPF/cgroup firewalling.
[   12.079212] systemd[1]: (This warning is only shown for the first unit using IP firewalling.)
[   12.094501] systemd[1]: Created slice system-getty.slice.
[[0;32m  OK  [0m] Created slice [0;1;39msystem-getty.slice[0m.
[   12.119016] systemd[1]: Created slice system-serial\x2dgetty.slice.
[[0;32m  OK  [0m] Created slice [0;1;39msystem-serial\x2dgetty.slice[0m.
[   12.147062] systemd[1]: Created slice User and Session Slice.
[[0;32m  OK  [0m] Created slice [0;1;39mUser and Session Slice[0m.
[   12.170335] systemd[1]: Started Dispatch Password Requests to Console Directory Watch.
[[0;32m  OK  [0m] Started [0;1;39mDispatch Password â€¦ts to Console Directory Watch[0m.
[   12.198258] systemd[1]: Started Forward Password Requests to Wall Directory Watch.
[[0;32m  OK  [0m] Started [0;1;39mForward Password Râ€¦uests to Wall Directory Watch[0m.
[   12.226140] systemd[1]: Reached target Paths.
[[0;32m  OK  [0m] Reached target [0;1;39mPaths[0m.
[   12.250019] systemd[1]: Reached target Remote File Systems.
[[0;32m  OK  [0m] Reached target [0;1;39mRemote File Systems[0m.
[   12.273979] systemd[1]: Reached target Slices.
[[0;32m  OK  [0m] Reached target [0;1;39mSlices[0m.
[   12.298013] systemd[1]: Reached target Swap.
[[0;32m  OK  [0m] Reached target [0;1;39mSwap[0m.
[   12.324321] systemd[1]: Listening on RPCbind Server Activation Socket.
[[0;32m  OK  [0m] Listening on [0;1;39mRPCbind Server Activation Socket[0m.
[   12.350054] systemd[1]: Reached target RPC Port Mapper.
[[0;32m  OK  [0m] Reached target [0;1;39mRPC Port Mapper[0m.
[   12.374336] systemd[1]: Listening on initctl Compatibility Named Pipe.
[[0;32m  OK  [0m] Listening on [0;1;39minitctl Compatibility Named Pipe[0m.
[   12.403973] systemd[1]: Listening on Journal Audit Socket.
[[0;32m  OK  [0m] Listening on [0;1;39mJournal Audit Socket[0m.
[   12.431352] systemd[1]: Listening on Journal Socket (/dev/log).
[[0;32m  OK  [0m] Listening on [0;1;39mJournal Socket (/dev/log)[0m.
[   12.458711] systemd[1]: Listening on Journal Socket.
[[0;32m  OK  [0m] Listening on [0;1;39mJournal Socket[0m.
[   12.483679] systemd[1]: Listening on Network Service Netlink Socket.
[[0;32m  OK  [0m] Listening on [0;1;39mNetwork Service Netlink Socket[0m.
[   12.512365] systemd[1]: Listening on udev Control Socket.
[[0;32m  OK  [0m] Listening on [0;1;39mudev Control Socket[0m.
[   12.538513] systemd[1]: Listening on udev Kernel Socket.
[[0;32m  OK  [0m] Listening on [0;1;39mudev Kernel Socket[0m.
[   12.567518] systemd[1]: Mounting Huge Pages File System...
         Mounting [0;1;39mHuge Pages File System[0m...
[   12.595323] systemd[1]: Mounting POSIX Message Queue File System...
         Mounting [0;1;39mPOSIX Message Queue File System[0m...
[   12.627177] systemd[1]: Mounting Kernel Debug File System...
         Mounting [0;1;39mKernel Debug File System[0m...
[   12.657051] systemd[1]: Mounting Temporary Directory (/tmp)...
         Mounting [0;1;39mTemporary Directory (/tmp)[0m...
[   12.687703] systemd[1]: Starting Create list of static device nodes for the current kernel...
         Starting [0;1;39mCreate list of stâ€¦odes for the current kernel[0m...
[   12.722964] systemd[1]: Starting Start psplash boot splash screen...
         Starting [0;1;39mStart psplash boot splash screen[0m...
[   12.756431] systemd[1]: Starting RPC Bind...
         Starting [0;1;39mRPC Bind[0m...
[   12.786580] systemd[1]: Condition check resulted in File System Check on Root Device being skipped.
[   12.801628] systemd[1]: Starting Journal Service...
         Starting [0;1;39mJournal Service[0m...
[   12.830321] systemd[1]: Starting Load Kernel Modules...
         Starting [0;1;39mLoad Kernel Modules[0m...
[   12.854592] systemd[1]: Starting Remount Root and Kernel File Systems...
         Starting [0;1;39mRemount Root and Kernel File Systems[0m...
[   12.882132] systemd[1]: Starting udev Coldplug all Devices...
         Starting [0;1;39mudev Coldplug all Devices[0m...
[   12.907421] systemd[1]: Started Start psplash boot splash screen.
[[0;32m  OK  [0m] Started [0;1;39mStart psplash boot splash screen[0m.
[   12.930633] systemd[1]: Started RPC Bind.
[[0;32m  OK  [0m] Started [0;1;39mRPC Bind[0m.
[   12.950806] systemd[1]: Started Journal Service.
[[0;32m  OK  [0m] Started [0;1;39mJournal Service[0m.
[[0;32m  OK  [0m] Mounted [0;1;39mHuge Pages File System[0m.
[[0;32m  OK  [0m] Mounted [0;1;39mPOSIX Message Queue File System[0m.
[[0;32m  OK  [0m] Mounted [0;1;39mKernel Debug File System[0m.
[[0;32m  OK  [0m] Mounted [0;1;39mTemporary Directory (/tmp)[0m.
[[0;32m  OK  [0m] Started [0;1;39mCreate list of staâ€¦ nodes for the current kernel[0m.
[[0;32m  OK  [0m] Started [0;1;39mLoad Kernel Modules[0m.
[[0;32m  OK  [0m] Started [0;1;39mRemount Root and Kernel File Systems[0m.
         Mounting [0;1;39mKernel Configuration File System[0m...
[[0;32m  OK  [0m] Started [0;1;39mStart psplash-systâ€¦progress communication helper[0m.
         Starting [0;1;39mFlush Journal to Persistent Storage[0m...
         Starting [0;1;39mApply Kernel Variables[0m...
[   13.179634] systemd-journald[343]: Received client request to flush runtime journal.
         Starting [0;1;39mCreate Static Device Nodes in /dev[0m...
[[0;32m  OK  [0m] Mounted [0;1;39mKernel Configuration File System[0m.
[[0;32m  OK  [0m] Started [0;1;39mFlush Journal to Persistent Storage[0m.
[[0;32m  OK  [0m] Started [0;1;39mApply Kernel Variables[0m.
[[0;32m  OK  [0m] Started [0;1;39mCreate Static Device Nodes in /dev[0m.
[[0;32m  OK  [0m] Reached target [0;1;39mLocal File Systems (Pre)[0m.
         Mounting [0;1;39m/var/volatile[0m...
         Starting [0;1;39mudev Kernel Device Manager[0m...
[[0;32m  OK  [0m] Started [0;1;39mudev Coldplug all Devices[0m.
[[0;32m  OK  [0m] Mounted [0;1;39m/var/volatile[0m.
         Starting [0;1;39mLoad/Save Random Seed[0m...
[[0;32m  OK  [0m] Reached target [0;1;39mLocal File Systems[0m.
         Starting [0;1;39mCreate Volatile Files and Directories[0m...
[[0;32m  OK  [0m] Started [0;1;39mLoad/Save Random Seed[0m.
[[0;32m  OK  [0m] Started [0;1;39mudev Kernel Device Manager[0m.
         Starting [0;1;39mNetwork Service[0m...
[[0;32m  OK  [0m] Started [0;1;39mCreate Volatile Files and Directories[0m.
[[0;32m  OK  [0m] Started [0;1;39mNetwork Service[0m.
         Starting [0;1;39mNetwork Name Resolution[0m...
         Starting [0;1;39mNetwork Time Synchronization[0m...
         Starting [0;1;39mUpdate UTMP about System Boot/Shutdown[0m...
[   13.727930] pwm-backlight: probe of backlight failed with error -16
[   13.804087] at24 7-0050: supply vcc not found, using dummy regulator
[   13.812034] at24 7-0050: 128 byte br24t01 EEPROM, writable, 8 bytes/write
[[0;32m  OK  [0m] Started [0;1;39mUpdate UTMP about System Boot/Shutdown[0m.
[[0;32m  OK  [0m] Reached target [0;1;39mHardware activated USB gadget[0m.
[[0;32m  OK  [0m] Started [0;1;39mNetwork Name Resolution[0m.
[[0;32m  OK  [0m] Started [0;1;39mNetwork Time Synchronization[0m.
[[0;32m  OK  [0m] Reached target [0;1;39mNetwork[0m.
[[0;32m  OK  [0m] Reached target [0;1;39mHost and Network Name Lookups[0m.
[[0;32m  OK  [0m] Reached target [0;1;39mSystem Initialization[0m.
[   13.957106] renesas_usb3 ee020000.usb: probed with phy
[[0;32m  OK  [0m] Started [0;1;39mDaily Cleanup of Temporary Directories[0m.
[[0;32m  OK  [0m] Reached targ[   13.980090] ccree e6601000.crypto: ARM CryptoCell 630P Driver: HW version 0xAF400001/0xDCC63000, Driver version 5.0
et [0;1;39mSystem Time Set[0m.
[[0;32m  OK  [0m] Reached target [0;1;39mSystem Time Synchronized[0m.
[[0;32m  OK  [0m] Reached target [0;1;39mTimers[0m.[   14.021758] ccree e6601000.crypto: ARM ccree device initialized

[[0;32m  OK  [0m] Listening on [0;1;39mAvahi mDNS/DNS-SD Stack Activation Socket[0m.
[[0;32m  OK  [0m] Listening on [0;1;39mD-Bus System Message Bus Socket[0m.
[[0;32m  OK  [0m] Listening on [0;1;39mdropbear.socket[0m.
[[0;32m  OK  [0m] Reached target [0;1;39mSockets[0m.
[[0;32m  OK  [0m] Reached target [0;1;39mBasic System[0m.
         Starting [0;1;39mAvahi mDNS/DNS-SD Stack[0m...
[[0;32m  OK  [0m] Started [0;1;39mD-Bus System Message Bus[0m.
[[0;32m  OK  [0m] Started [0;1;39moptee services[0m.
         Starting [0;1;39mpvrinit.service[0m...
         Starting [0;1;39mPowerVR consumer services[0m...
         Starting [0;1;39mLogin Service[0m...
         Starting [0;1;39mPermit User Sessions[0m...
[[0;32m  OK  [0m] Started [0;1;39mXinetd A Powerful Replacement For Inetd[0m.
[[0;1;31mFAILED[0m] Failed to start [0;1;39mPowerVR consumer services[0m.
See 'systemctl status rc.pvr.service' for details.
[[0;1;31mFAILED[0m] Failed to start [0;1;39mpvrinit.service[0m.
See 'systemctl status pvrinit.service' for details.
[[0;32m  OK  [0m] Started [0;1;39mPermit User Sessions[0m.
[[0;32m  OK  [0m] Started [0;1;39mAvahi mDNS/DNS-SD Stack[0m.
[[0;32m  OK  [0m] Started [0;1;39mLogin Service[0m.
[[0;32m  OK  [0m] Created slice [0;1;39msystem-weston.slice[0m.
[[0;32m  OK  [0m] Started [0;1;39mGetty on tty1[0m.
         Starting [0;1;39mPowerVR consumer services[0m...
[[0;32m  OK  [0m] Started [0;1;39mSerial Getty on ttySC0[0m.
[[0;32m  OK  [0m] Reached target [0;1;39mLogin Prompts[0m.
         Starting [0;1;39mset_default_governor.service[0m...
[[0;1;31mFAILED[0m] Failed to start [0;1;39mPowerVR consumer services[0m.
See 'systemctl status rc.pvr.service' for details.
[[0;1;38;5;185mDEPEND[0m] Dependency failed for [0;1;39mWeston Wayland Compositor[0m.
[   14.714112] rd 0-7: Disabling EAS, schedutil is mandatory
[[0;32m  OK  [0m] Started [0;1;39mset_default_governor.service[0m.
[[0;32m  OK  [0m] Reached target [0;1;39mMulti-User System[0m.
         Starting [0;1;39mUpdate UTMP about System Runlevel Changes[0m...
[[0;32m  OK  [0m] Started [0;1;39mUpdate UTMP about System Runlevel Changes[0m.

Poky (Yocto Project Reference Distro) 3.1.11 salvator-x ttySC0

salvator-x login: 
salvator-x login: root
[   16.815946] audit: type=1006 audit(1703064538.012:2): pid=527 uid=0 old-auid=4294967295 auid=0 tty=(none) old-ses=4294967295 ses=1 res=1
7[r[999;999H[6n8root@salvator-x:~# 
root@salvator-x:~# 
root@salvator-x:~# 
root@salvator-x:~# 
root@salvator-x:~# 
root@salvator-x:~# 
root@salvator-x:~# 
root@salvator-x:~# 
root@salvator-x:~# 
----------Prepare----------


root@salvator-x:~# find /sys/devices/platform/soc/ee0c0100.usb/ -name 'sd*'
/sys/devices/platform/soc/ee0c0100.usb/usb2/2-1/2-1.1/2-1.1:1.0/host1/target1:0:0/1:0:0:0/block/sda
/sys/devices/platform/soc/ee0c0100.usb/usb2/2-1/2-1.1/2-1.1:1.0/host1/target1:0:0/1:0:0:0/block/sda/sda1
root@salvator-x:~# 
root@salvator-x:~# dd if=/dev/urandom of=testdata bs=10M count=5
5+0 records in
5+0 records out
52428800 bytes (52 MB, 50 MiB) copied, 1.31296 s, 39.9 MB/s
root@salvator-x:~# 
root@salvator-x:~# mkdir -p /mnt/usb
root@salvator-x:~# 
root@salvator-x:~# mount /dev/sda1 /mnt/usb
[   38.980764] EXT4-fs (sda1): mounted filesystem with ordered data mode. Opts: (null)
root@salvator-x:~# 
root@salvator-x:~# cp testdata /mnt/usb/
[   41.949911] SDHI0 VccQ: disabling
[   41.953310] SDHI3 VccQ: disabling
root@salvator-x:~# 
root@salvator-x:~# umount /mnt/usb
root@salvator-x:~# 
root@salvator-x:~# find /sys/devices/platform/soc/ee0c0100.usb/ -name 'sd*'
/sys/devices/platform/soc/ee0c0100.usb/usb2/2-1/2-1.1/2-1.1:1.0/host1/target1:0:0/1:0:0:0/block/sda
/sys/devices/platform/soc/ee0c0100.usb/usb2/2-1/2-1.1/2-1.1:1.0/host1/target1:0:0/1:0:0:0/block/sda/sda1
root@salvator-x:~# 
root@salvator-x:~# i2cset -f -y 7 0x30 0x20 0x0f
root@salvator-x:~# 

Switch SW23 off and input 'yes' to continue:
Input 'yes' to continue: 

root@salvator-x:~# echo N > /sys/module/printk/parameters/console_suspend
root@salvator-x:~# 
root@salvator-x:~# mount /dev/sda1 /mnt/usb
[   52.367002] EXT4-fs (sda1): mounted filesystem with ordered data mode. Opts: (null)
root@salvator-x:~# 
root@salvator-x:~# cp /mnt/usb/testdata testdata_from_usb &
[1] 552
root@salvator-x:~# 
root@salvator-x:~# echo mem > /sys/power/state
[   53.774174] PM: suspend entry (deep)
[   54.056878] Filesystems sync: 0.279 seconds
[   54.063389] Freezing user space processes ... (elapsed 0.009 seconds) done.
[   54.072659] OOM killer disabled.
[   54.072663] Freezing remaining freezable tasks ... (elapsed 0.002 seconds) done.
[   54.099134] sd 1:0:0:0: [sda] Synchronizing SCSI cache
[   54.514869] ravb e6800000.ethernet eth0: Link is Down
[   54.531680] Disabling non-boot CPUs ...
[   54.536103] CPU1: shutdown
[   54.538824] psci: CPU1 killed (polled 0 ms)
[   54.544545] CPU2: shutdown
[   54.547274] psci: CPU2 killed (polled 0 ms)
[   54.552986] CPU3: shutdown
[   54.555728] psci: CPU3 killed (polled 0 ms)
[   54.561470] CPU4: shutdown
[   54.564206] psci: CPU4 killed (polled 0 ms)
[   54.569895] CPU5: shutdown
[   54.572603] psci: CPU5 killed (polled 0 ms)
[   54.578245] CPU6: shutdown
[   54.580959] psci: CPU6 killed (polled 0 ms)
[   54.586557] CPU7: shutdown
[   54.589270] psci: CPU7 killed (polled 0 ms)
 
Pull out USB device at CN10H


Press any button to continue


 Switch power switch: 

NOTICE:  BL2: R-Car Gen3 Initial Program Loader(CA57) Rev.4.0.0
NOTICE:  BL2: PRR is R-Car H3 Ver.3.0
NOTICE:  BL2: Board is Salvator-XS Rev.1.0
NOTICE:  BL2: Boot device is HyperFlash(160MHz)
NOTICE:  BL2: LCM state is CM
NOTICE:  AVS setting succeeded. DVFS_SetVID=0x53
NOTICE:  BL2: DDR3200(rev.0.42)
NOTICE:  BL2: [WARM_BOOT]
NOTICE:  BL2: DRAM Split is 4ch(DDR f)
NOTICE:  BL2: QoS is default setting(rev.0.11)
NOTICE:  BL2: DRAM refresh interval 1.95 usec
NOTICE:  BL2: Periodic Write DQ Training
NOTICE:  BL2: CH0: 400000000 - 47fffffff, 2 GiB
NOTICE:  BL2: CH1: 500000000 - 57fffffff, 2 GiB
NOTICE:  BL2: CH2: 600000000 - 67fffffff, 2 GiB
NOTICE:  BL2: CH3: 700000000 - 77fffffff, 2 GiB
NOTICE:  BL2: Lossy Decomp areas
NOTICE:       Entry 0: DCMPAREACRAx:0x80000540 DCMPAREACRBx:0x570
NOTICE:       Entry 1: DCMPAREACRAx:0x40000000 DCMPAREACRBx:0x0
NOTICE:       Entry 2: DCMPAREACRAx:0x20000000 DCMPAREACRBx:0x0
NOTICE:  BL2: FDT at 0xe6327f70
NOTICE:  BL2: v2.9(release):9cdb21f75
NOTICE:  BL2: Built : 05:25:39, Dec 19 2023
NOTICE:  BL2: Normal boot
[   54.594490] Enabling non-boot CPUs ...
[   54.598528] Detected PIPT I-cache on CPU1
[   54.598584] CPU1: Booted secondary processor 0x0000000001 [0x411fd073]
[   54.599044] CPU1 is up
[   54.612092] Detected PIPT I-cache on CPU2
[   54.612114] CPU2: Booted secondary processor 0x0000000002 [0x411fd073]
[   54.612376] CPU2 is up
[   54.625392] Detected PIPT I-cache on CPU3
[   54.625416] CPU3: Booted secondary processor 0x0000000003 [0x411fd073]
[   54.625690] CPU3 is up
[   54.638755] Detected VIPT I-cache on CPU4
[   54.638807] CPU4: Booted secondary processor 0x0000000100 [0x410fd034]
[   54.639698] CPU4 is up
[   54.652707] Detected VIPT I-cache on CPU5
[   54.652740] CPU5: Booted secondary processor 0x0000000101 [0x410fd034]
[   54.653305] CPU5 is up
[   54.666316] Detected VIPT I-cache on CPU6
[   54.666348] CPU6: Booted secondary processor 0x0000000102 [0x410fd034]
[   54.667003] CPU6 is up
[   54.680011] Detected VIPT I-cache on CPU7
[   54.680044] CPU7: Booted secondary processor 0x0000000103 [0x410fd034]
[   54.680679] CPU7 is up
[   54.754085] xhci-hcd ee000000.usb: xHC error in resume, USBSTS 0x401, Reinit
[   54.761127] usb usb7: root hub lost power or was reset
[   54.766247] usb usb8: root hub lost power or was reset
[   54.868727] Micrel KSZ9031 Gigabit PHY e6800000.ethernet-ffffffff:00: attached PHY driver [Micrel KSZ9031 Gigabit PHY] (mii_bus:phy_addr=e6800000.ethernet-ffffffff:00, irq=183)
[   54.983817] usb usb4: root hub lost power or was reset
[   54.989085] usb usb1: root hub lost power or was reset
[   55.075914] usb usb5: root hub lost power or was reset
[   55.081181] usb usb2: root hub lost power or was reset
[   55.167903] usb usb6: root hub lost power or was reset
[   55.173163] usb usb3: root hub lost power or was reset
[   55.291811] usb usb10: root hub lost power or was reset
[   55.297145] usb usb9: root hub lost power or was reset
[   55.309901] ata1: link resume succeeded after 1 retries
[   55.421345] ata1: SATA link down (SStatus 0 SControl 300)
[   57.950020] OOM killer enabled.
[   57.953874] Restarting tasks ... 
[   57.954069] usb 2-1: USB disconnect, device number 2
[   57.954639] done.
[   57.960309] usb 2-1.1: USB disconnect, device number 3
root@salvator-x:~# cp: error reading '/mnt/usb/testdata': Input/output error
[   57.977395] PM: suspend exit
[   57.977828] blk_update_request: I/O error, dev sda, sector 134269184 op 0x1:(WRITE) flags 0x4000 phys_seg 30 prio class 0
[   57.977854] blk_update_request: I/O error, dev sda, sector 134269424 op 0x1:(WRITE) flags 0x4000 phys_seg 30 prio class 0
[   57.977907] blk_update_request: I/O error, dev sda, sector 442368 op 0x0:(READ) flags 0x84700 phys_seg 30 prio class 0
[   57.977920] blk_update_request: I/O error, dev sda, sector 134269664 op 0x1:(WRITE) flags 0x4000 phys_seg 30 prio class 0
[   57.977937] blk_update_request: I/O error, dev sda, sector 134269904 op 0x1:(WRITE) flags 0x4000 phys_seg 30 prio class 0
[   57.977951] blk_update_request: I/O error, dev sda, sector 134270144 op 0x1:(WRITE) flags 0x4000 phys_seg 30 prio class 0
[   57.977967] blk_update_request: I/O error, dev sda, sector 134270384 op 0x1:(WRITE) flags 0x4000 phys_seg 30 prio class 0
[   57.977976] blk_update_request: I/O error, dev sda, sector 134270624 op 0x1:(WRITE) flags 0x4000 phys_seg 30 prio class 0
[   57.978012] blk_update_request: I/O error, dev sda, sector 134270864 op 0x1:(WRITE) flags 0x4000 phys_seg 30 prio class 0
[   57.978023] blk_update_request: I/O error, dev sda, sector 134271104 op 0x1:(WRITE) flags 0x0 phys_seg 16 prio class 0
[   57.978402] Aborting journal on device sda1-8.
[   57.978423] Buffer I/O error on dev sda1, logical block 15237120, lost sync page write
[   57.978434] JBD2: Error -5 detected when updating journal superblock for sda1-8.
[   61.581778] ravb e6800000.ethernet eth0: Link is Up - 1Gbps/Full - flow control off

[1]+  Done(1)                 cp /mnt/usb/testdata testdata_from_usb
root@salvator-x:~# echo "Wake up sucessfully"
Wake up sucessfully
root@salvator-x:~# 
root@salvator-x:~# wait
root@salvator-x:~# 
root@salvator-x:~# sync
root@salvator-x:~# 
root@salvator-x:~# cmp testdata testdata_from_usb
cmp: EOF on testdata_from_usb
root@salvator-x:~# 
root@salvator-x:~# umount /mnt/usb
root@salvator-x:~# 
 
#### Result: OK ####
