

----------Item 8----------


Plug in USB device at CN10H


Press any button to continue

[   75.681805] usb 2-1: new high-speed USB device number 4 using ehci-platform
[   75.843358] hub 2-1:1.0: USB hub found
[   75.847185] hub 2-1:1.0: 4 ports detected
[   76.953809] usb 2-1.1: new high-speed USB device number 5 using ehci-platform
[   77.172813] usb-storage 2-1.1:1.0: USB Mass Storage device detected
[   77.179610] scsi host1: usb-storage 2-1.1:1.0
[   78.207606] scsi 1:0:0:0: Direct-Access     SanDisk  Extreme Pro      0    PQ: 0 ANSI: 6
[   78.218290] sd 1:0:0:0: [sda] 250085376 512-byte logical blocks: (128 GB/119 GiB)
[   78.227200] sd 1:0:0:0: [sda] Write Protect is off
[   78.233165] sd 1:0:0:0: [sda] Write cache: enabled, read cache: enabled, doesn't support DPO or FUA
[   78.279842]  sda: sda1
[   78.286703] sd 1:0:0:0: [sda] Attached SCSI removable disk

Please press switch to restart board 

[F 00:00:120
[F 00:00:119
[F 00:00:118
NOTICE:  BL2: R-Car Gen3 Initial Program Loader(CA57) Rev.4.0.0
NOTICE:  BL2: PRR is R-Car H3 Ver.3.0
NOTICE:  BL2: Board is Salvator-XS Rev.1.0
NOTICE:  BL2: Boot device is HyperFlash(160MHz)
NOTICE:  BL2: LCM state is CM
NOTICE:  AVS setting succeeded. DVFS_SetVID=0x53
NOTICE:  BL2: DDR3200(rev.0.42)
NOTICE:  BL2: [COLD_BOOT]
NOTICE:  BL2: DRAM Split is 4ch(DDR f)
NOTICE:  BL2: QoS is default setting(rev.0.11)
NOTICE:  BL2: DRAM refresh interval 1.95 usec
NOTICE:  BL2: Periodic Write DQ Training
NOTICE:  BL2: CH0: 400000000 - 47fffffff, 2 GiB
NOTICE:  BL2: CH1: 500000000 - 57fffffff, 2 GiB
NOTICE:  BL2: CH2: 600000000 - 67fffffff, 2 GiB
NOTICE:  BL2: CH3: 700000000 - 77fffffff, 2 GiB
NOTICE:  BL2: Lossy Decomp areas
NOTICE:       Entry 0: DCMPAREACRAx:0x80000540 DCMPAREACRBx:0x570
NOTICE:       Entry 1: DCMPAREACRAx:0x40000000 DCMPAREACRBx:0x0
NOTICE:       Entry 2: DCMPAREACRAx:0x20000000 DCMPAREACRBx:0x0
NOTICE:  BL2: FDT at 0xe6327f70
NOTICE:  BL2: v2.9(release):9cdb21f75
NOTICE:  BL2: Built : 05:25:39, Dec 19 2023
NOTICE:  BL2: Normal boot
NOTICE:  BL2: dst=0xe6327800 src=0x8180000 len=512(0x200)
NOTICE:  BL2: dst=0x43f00000 src=0x8180400 len=6144(0x1800)
NOTICE:  rcar_file_len: len: 0x0003e000
NOTICE:  BL2: dst=0x44000000 src=0x81c0000 len=253952(0x3e000)
NOTICE:  rcar_file_len: len: 0x00200000
NOTICE:  BL2: dst=0x44100000 src=0x8200000 len=2097152(0x200000)
NOTICE:  rcar_file_len: len: 0x00100000
NOTICE:  BL2: dst=0x50000000 src=0x8640000 len=1048576(0x100000)
NOTICE:  BL2: Booting BL31


U-Boot 2020.10 (Dec 19 2023 - 14:30:40 +0000)

CPU: Renesas Electronics R8A7795 rev 3.0
Model: Renesas Salvator-X 2nd version board based on r8a77951
DRAM:  7.9 GiB
RAM Configuration:
Bank #0: 0x048000000 - 0x0bfffffff, 1.9 GiB
Bank #1: 0x500000000 - 0x57fffffff, 2 GiB
Bank #2: 0x600000000 - 0x67fffffff, 2 GiB
Bank #3: 0x700000000 - 0x77fffffff, 2 GiB

MMC:   sd@ee100000: 0, sd@ee140000: 1, sd@ee160000: 2
Loading Environment from MMC... OK
In:    serial@e6e88000
Out:   serial@e6e88000
Err:   serial@e6e88000
Net:   eth0: ethernet@e6800000
Hit any key to stop autoboot:  2  1  0 
ethernet@e6800000 Waiting for PHY auto negotiation to complete......... done
Using ethernet@e6800000 device
TFTP from server 192.168.10.98; our IP address is 192.168.10.107
Filename 'BV/PT3/boot_USB2H/Image'.
Load address: 0x48080000
Loading: *#################################################################
	 #################################################################
	 #################################################################
	 #################################################################
	 #################################################################
	 #################################################################
	 #################################################################
	 #################################################################
	 #################################################################
	 #################################################################
	 #################################################################
	 #################################################################
	 #################################################################
	 #################################################################
	 #################################################################
	 #################################################################
	 #################################################################
	 #################################################################
	 #################################################################
	 #################################################################
	 #################################################################
	 #################################################################
	 #################################################################
	 #################################################################
	 #################################################################
	 #################################################################
	 #################################################################
	 #################################################################
	 #################################################################
	 #################################################################
	 #################################################################
	 #################################################################
	 #################################################################
	 #################################################################
	 ################################################################
	 4 MiB/s
done
Bytes transferred = 33376768 (1fd4a00 hex)
Using ethernet@e6800000 device
TFTP from server 192.168.10.98; our IP address is 192.168.10.107
Filename 'BV/PT3/boot_USB2H/r8a77951-salvator-xs.dtb'.
Load address: 0x48000000
Loading: *#######
	 5.8 MiB/s
done
Bytes transferred = 90876 (162fc hex)
Moving Image from 0x48080000 to 0x48200000, end=4a260000
## Flattened Device Tree blob at 48000000
   Booting using the fdt blob at 0x48000000
   Loading Device Tree to 0000000053fe6000, end 0000000053fff2fb ... OK

Starting kernel ...

[    0.000000] Booting Linux on physical CPU 0x0000000000 [0x411fd073]
[    0.000000] Linux version 5.10.194-yocto-standard (thuan.nguyen-hong@banvien) (aarch64-poky-linux-gcc (GCC) 9.3.0, GNU ld (GNU Binutils) 2.34.0.20200220) #10 SMP PREEMPT Mon Feb 19 03:51:05 UTC 2024
[    0.000000] Machine model: Renesas Salvator-X 2nd version board based on r8a77951
[    0.000000] efi: UEFI not found.
[    0.000000] Reserved memory: created CMA memory pool at 0x0000000057000000, size 16 MiB
[    0.000000] OF: reserved mem: initialized node linux,adsp@57000000, compatible id shared-dma-pool
[    0.000000] Reserved memory: created CMA memory pool at 0x0000000058000000, size 384 MiB
[    0.000000] OF: reserved mem: initialized node linux,cma@58000000, compatible id shared-dma-pool
[    0.000000] Reserved memory: created CMA memory pool at 0x0000000070000000, size 256 MiB
[    0.000000] OF: reserved mem: initialized node linux,multimedia@70000000, compatible id shared-dma-pool
[    0.000000] NUMA: No NUMA configuration found
[    0.000000] NUMA: Faking a node at [mem 0x0000000048000000-0x000000077fffffff]
[    0.000000] NUMA: NODE_DATA [mem 0x77efdab00-0x77efdcfff]
[    0.000000] Zone ranges:
[    0.000000]   DMA      [mem 0x0000000048000000-0x000000007fffffff]
[    0.000000]   DMA32    [mem 0x0000000080000000-0x00000000ffffffff]
[    0.000000]   Normal   [mem 0x0000000100000000-0x000000077fffffff]
[    0.000000] Movable zone start for each node
[    0.000000] Early memory node ranges
[    0.000000]   node   0: [mem 0x0000000048000000-0x0000000053ffffff]
[    0.000000]   node   0: [mem 0x0000000054000000-0x0000000056ffffff]
[    0.000000]   node   0: [mem 0x0000000057000000-0x00000000bfffffff]
[    0.000000]   node   0: [mem 0x0000000500000000-0x000000057fffffff]
[    0.000000]   node   0: [mem 0x0000000600000000-0x000000067fffffff]
[    0.000000]   node   0: [mem 0x0000000700000000-0x000000077fffffff]
[    0.000000] Initmem setup node 0 [mem 0x0000000048000000-0x000000077fffffff]
[    0.000000] psci: probing for conduit method from DT.
[    0.000000] psci: PSCIv1.1 detected in firmware.
[    0.000000] psci: Using standard PSCI v0.2 function IDs
[    0.000000] psci: Trusted OS resident on physical CPU 0x0
[    0.000000] psci: SMC Calling Convention v1.2
[    0.000000] percpu: Embedded 23 pages/cpu s56984 r8192 d29032 u94208
[    0.000000] Detected PIPT I-cache on CPU0
[    0.000000] CPU features: detected: EL2 vector hardening
[    0.000000] CPU features: detected: Spectre-v2
[    0.000000] CPU features: detected: ARM errata 1165522, 1319367, or 1530923
[    0.000000] CPU features: detected: Spectre-BHB
[    0.000000] CPU features: detected: ARM erratum 1742098
[    0.000000] Built 1 zonelists, mobility grouping on.  Total pages: 2032128
[    0.000000] Policy zone: Normal
[    0.000000] Kernel command line: rw root=/dev/nfs nfsroot=192.168.10.98:/data/tftpboot/BV/PT3/rootfs_H3,nfsvers=4 ip=192.168.10.107
[    0.000000] Dentry cache hash table entries: 1048576 (order: 11, 8388608 bytes, linear)
[    0.000000] Inode-cache hash table entries: 524288 (order: 10, 4194304 bytes, linear)
[    0.000000] mem auto-init: stack:off, heap alloc:off, heap free:off
[    0.000000] software IO TLB: mapped [mem 0x000000004ffe6000-0x0000000053fe6000] (64MB)
[    0.000000] Memory: 7276840K/8257536K available (15232K kernel code, 2834K rwdata, 8240K rodata, 6144K init, 517K bss, 308952K reserved, 671744K cma-reserved)
[    0.000000] SLUB: HWalign=64, Order=0-3, MinObjects=0, CPUs=8, Nodes=1
[    0.000000] rcu: Preemptible hierarchical RCU implementation.
[    0.000000] rcu: 	RCU event tracing is enabled.
[    0.000000] rcu: 	RCU restricting CPUs from NR_CPUS=256 to nr_cpu_ids=8.
[    0.000000] 	Trampoline variant of Tasks RCU enabled.
[    0.000000] rcu: RCU calculated value of scheduler-enlistment delay is 25 jiffies.
[    0.000000] rcu: Adjusting geometry for rcu_fanout_leaf=16, nr_cpu_ids=8
[    0.000000] NR_IRQS: 64, nr_irqs: 64, preallocated irqs: 0
[    0.000000] arch_timer: cp15 timer(s) running at 8.32MHz (virt).
[    0.000000] clocksource: arch_sys_counter: mask: 0xffffffffffffff max_cycles: 0x1eb398c07, max_idle_ns: 440795202503 ns
[    0.000003] sched_clock: 56 bits at 8MHz, resolution 120ns, wraps every 2199023255503ns
[    0.000205] Console: colour dummy device 80x25
[    0.000415] printk: console [tty0] enabled
[    0.000489] Calibrating delay loop (skipped), value calculated using timer frequency.. 16.64 BogoMIPS (lpj=33280)
[    0.000505] pid_max: default: 32768 minimum: 301
[    0.000563] LSM: Security Framework initializing
[    0.000648] Mount-cache hash table entries: 16384 (order: 5, 131072 bytes, linear)
[    0.000699] Mountpoint-cache hash table entries: 16384 (order: 5, 131072 bytes, linear)
[    0.002150] rcu: Hierarchical SRCU implementation.
[    0.003745] Detected Renesas R-Car Gen3 r8a7795 ES3.0
[    0.005878] EFI services will not be available.
[    0.006217] smp: Bringing up secondary CPUs ...
[    0.006673] Detected PIPT I-cache on CPU1
[    0.006719] CPU1: Booted secondary processor 0x0000000001 [0x411fd073]
[    0.007206] Detected PIPT I-cache on CPU2
[    0.007231] CPU2: Booted secondary processor 0x0000000002 [0x411fd073]
[    0.007657] Detected PIPT I-cache on CPU3
[    0.007680] CPU3: Booted secondary processor 0x0000000003 [0x411fd073]
[    0.008146] CPU features: detected: ARM erratum 845719
[    0.008159] Detected VIPT I-cache on CPU4
[    0.008205] CPU4: Booted secondary processor 0x0000000100 [0x410fd034]
[    0.008687] Detected VIPT I-cache on CPU5
[    0.008714] CPU5: Booted secondary processor 0x0000000101 [0x410fd034]
[    0.009146] Detected VIPT I-cache on CPU6
[    0.009173] CPU6: Booted secondary processor 0x0000000102 [0x410fd034]
[    0.009613] Detected VIPT I-cache on CPU7
[    0.009641] CPU7: Booted secondary processor 0x0000000103 [0x410fd034]
[    0.009722] smp: Brought up 1 node, 8 CPUs
[    0.009784] SMP: Total of 8 processors activated.
[    0.009792] CPU features: detected: 32-bit EL0 Support
[    0.009799] CPU features: detected: CRC32 instructions
[    0.009806] CPU features: detected: 32-bit EL1 Support
[    0.023007] CPU: All CPU(s) started at EL1
[    0.023060] alternatives: patching kernel code
[    0.024226] devtmpfs: initialized
[    0.031018] KASLR disabled due to lack of seed
[    0.031167] clocksource: jiffies: mask: 0xffffffff max_cycles: 0xffffffff, max_idle_ns: 7645041785100000 ns
[    0.031187] futex hash table entries: 2048 (order: 5, 131072 bytes, linear)
[    0.039828] pinctrl core: initialized pinctrl subsystem
[    0.041333] DMI not present or invalid.
[    0.041833] NET: Registered protocol family 16
[    0.042773] DMA: preallocated 1024 KiB GFP_KERNEL pool for atomic allocations
[    0.042971] DMA: preallocated 1024 KiB GFP_KERNEL|GFP_DMA pool for atomic allocations
[    0.043261] DMA: preallocated 1024 KiB GFP_KERNEL|GFP_DMA32 pool for atomic allocations
[    0.043304] audit: initializing netlink subsys (disabled)
[    0.043489] audit: type=2000 audit(0.040:1): state=initialized audit_enabled=0 res=1
[    0.044648] thermal_sys: Registered thermal governor 'power_allocator'
[    0.045169] cpuidle: using governor menu
[    0.045341] hw-breakpoint: found 6 breakpoint and 4 watchpoint registers.
[    0.045463] ASID allocator initialised with 65536 entries
[    0.046771] Serial: AMBA PL011 UART driver
[    0.089678] sh-pfc e6060000.pinctrl: r8a77951_pfc support registered
[    0.104451] HugeTLB registered 1.00 GiB page size, pre-allocated 0 pages
[    0.104465] HugeTLB registered 32.0 MiB page size, pre-allocated 0 pages
[    0.104472] HugeTLB registered 2.00 MiB page size, pre-allocated 0 pages
[    0.104480] HugeTLB registered 64.0 KiB page size, pre-allocated 0 pages
[    0.105444] cryptd: max_cpu_qlen set to 1000
[    0.107719] ACPI: Interpreter disabled.
[    0.111533] rcar-avs: use avs value: 0
[    0.111546] rcar-avs: cpu@0 is running with: opp_table0
[    0.111556] rcar-avs: cpu@1 is running with: opp_table0
[    0.111566] rcar-avs: cpu@2 is running with: opp_table0
[    0.111574] rcar-avs: cpu@3 is running with: opp_table0
[    0.111657] rcar-avs: gsx@fd000000 is running with: gsx_opp_table0
[    0.113066] iommu: Default domain type: Translated 
[    0.113635] ipmmu-vmsa e67b0000.iommu: IPMMU context 0 is reserved
[    0.114646] vgaarb: loaded
[    0.114843] SCSI subsystem initialized
[    0.115095] usbcore: registered new interface driver usbfs
[    0.115125] usbcore: registered new interface driver hub
[    0.115151] usbcore: registered new device driver usb
[    0.118694] i2c-sh_mobile e60b0000.i2c: I2C adapter 7, bus speed 400000 Hz
[    0.119224] mc: Linux media interface: v0.10
[    0.119245] videodev: Linux video capture interface: v2.00
[    0.119290] pps_core: LinuxPPS API ver. 1 registered
[    0.119297] pps_core: Software ver. 5.3.6 - Copyright 2005-2007 Rodolfo Giometti <giometti@linux.it>
[    0.119310] PTP clock support registered
[    0.119486] EDAC MC: Ver: 3.0.0
[    0.121494] FPGA manager framework
[    0.121552] Advanced Linux Sound Architecture Driver Initialized.
[    0.122109] clocksource: Switched to clocksource arch_sys_counter
[    0.122255] VFS: Disk quotas dquot_6.6.0
[    0.122298] VFS: Dquot-cache hash table entries: 512 (order 0, 4096 bytes)
[    0.122421] pnp: PnP ACPI: disabled
[    0.125899] NET: Registered protocol family 2
[    0.126314] IP idents hash table entries: 131072 (order: 8, 1048576 bytes, linear)
[    0.128553] tcp_listen_portaddr_hash hash table entries: 4096 (order: 4, 65536 bytes, linear)
[    0.128655] TCP established hash table entries: 65536 (order: 7, 524288 bytes, linear)
[    0.128942] TCP bind hash table entries: 65536 (order: 8, 1048576 bytes, linear)
[    0.129526] TCP: Hash tables configured (established 65536 bind 65536)
[    0.129650] UDP hash table entries: 4096 (order: 5, 131072 bytes, linear)
[    0.129766] UDP-Lite hash table entries: 4096 (order: 5, 131072 bytes, linear)
[    0.129985] NET: Registered protocol family 1
[    0.130374] RPC: Registered named UNIX socket transport module.
[    0.130384] RPC: Registered udp transport module.
[    0.130391] RPC: Registered tcp transport module.
[    0.130397] RPC: Registered tcp NFSv4.1 backchannel transport module.
[    0.130410] PCI: CLS 0 bytes, default 64
[    0.131343] hw perfevents: enabled with armv8_cortex_a53 PMU driver, 7 counters available
[    0.131608] hw perfevents: enabled with armv8_cortex_a57 PMU driver, 7 counters available
[    0.132238] kvm [1]: HYP mode not available
[    0.135160] Initialise system trusted keyrings
[    0.135291] workingset: timestamp_bits=42 max_order=21 bucket_order=0
[    0.138387] squashfs: version 4.0 (2009/01/31) Phillip Lougher
[    0.138783] NFS: Registering the id_resolver key type
[    0.138808] Key type id_resolver registered
[    0.138815] Key type id_legacy registered
[    0.138870] nfs4filelayout_init: NFSv4 File Layout Driver Registering...
[    0.138879] nfs4flexfilelayout_init: NFSv4 Flexfile Layout Driver Registering...
[    0.138978] 9p: Installing v9fs 9p2000 file system support
[    0.165065] Key type asymmetric registered
[    0.165078] Asymmetric key parser 'x509' registered
[    0.165107] Block layer SCSI generic (bsg) driver version 0.4 loaded (major 243)
[    0.165117] io scheduler mq-deadline registered
[    0.165126] io scheduler kyber registered
[    0.181157] gpio_rcar e6050000.gpio: driving 16 GPIOs
[    0.181448] gpio_rcar e6051000.gpio: driving 29 GPIOs
[    0.181706] gpio_rcar e6052000.gpio: driving 15 GPIOs
[    0.182038] gpio_rcar e6053000.gpio: driving 16 GPIOs
[    0.182398] gpio_rcar e6054000.gpio: driving 18 GPIOs
[    0.182679] gpio_rcar e6055000.gpio: driving 26 GPIOs
[    0.183007] gpio_rcar e6055400.gpio: driving 32 GPIOs
[    0.183289] gpio_rcar e6055800.gpio: driving 4 GPIOs
[    0.186363] rcar-pcie fe000000.pcie: host bridge /soc/pcie@fe000000 ranges:
[    0.186396] rcar-pcie fe000000.pcie:       IO 0x00fe100000..0x00fe1fffff -> 0x0000000000
[    0.186418] rcar-pcie fe000000.pcie:      MEM 0x00fe200000..0x00fe3fffff -> 0x00fe200000
[    0.186437] rcar-pcie fe000000.pcie:      MEM 0x0030000000..0x0037ffffff -> 0x0030000000
[    0.186451] rcar-pcie fe000000.pcie:      MEM 0x0038000000..0x003fffffff -> 0x0038000000
[    0.186467] rcar-pcie fe000000.pcie:   IB MEM 0x0040000000..0x007fffffff -> 0x0040000000
[    0.186514] rcar-pcie fe000000.pcie: no pcie3v3 regulator found
[    0.186525] rcar-pcie fe000000.pcie: no pcie1v8 regulator found
[    0.253817] rcar-pcie fe000000.pcie: PCIe link down
[    0.254000] rcar-pcie ee800000.pcie: host bridge /soc/pcie@ee800000 ranges:
[    0.254024] rcar-pcie ee800000.pcie:       IO 0x00ee900000..0x00ee9fffff -> 0x0000000000
[    0.254046] rcar-pcie ee800000.pcie:      MEM 0x00eea00000..0x00eebfffff -> 0x00eea00000
[    0.254064] rcar-pcie ee800000.pcie:      MEM 0x00c0000000..0x00c7ffffff -> 0x00c0000000
[    0.254078] rcar-pcie ee800000.pcie:      MEM 0x00c8000000..0x00cfffffff -> 0x00c8000000
[    0.254095] rcar-pcie ee800000.pcie:   IB MEM 0x0040000000..0x007fffffff -> 0x0040000000
[    0.254142] rcar-pcie ee800000.pcie: no pcie3v3 regulator found
[    0.254152] rcar-pcie ee800000.pcie: no pcie1v8 regulator found
[    0.414108] rcar-pcie ee800000.pcie: PCIe link down
[    0.416568] EINJ: ACPI disabled.
[    0.449672] Serial: 8250/16550 driver, 4 ports, IRQ sharing enabled
[    0.452159] SuperH (H)SCI(F) driver initialized
[    0.452591] e6550000.serial: ttySC1 at MMIO 0xe6550000 (irq = 42, base_baud = 0) is a hscif
[    0.453322] e6e88000.serial: ttySC0 at MMIO 0xe6e88000 (irq = 128, base_baud = 0) is a scif
[    1.657907] printk: console [ttySC0] enabled
[    1.663283] msm_serial: driver initialized
[    1.673611] rcar-dw-hdmi fead0000.hdmi: Detected HDMI TX controller v2.01a with HDCP (DWC HDMI 2.0 TX PHY)
[    1.683527] rcar-dw-hdmi fead0000.hdmi: registered DesignWare HDMI I2C bus driver
[    1.691813] rcar-dw-hdmi feae0000.hdmi: Detected HDMI TX controller v2.01a with HDCP (DWC HDMI 2.0 TX PHY)
[    1.701683] rcar-dw-hdmi feae0000.hdmi: registered DesignWare HDMI I2C bus driver
[    1.717215] loop: module loaded
[    1.721784] megasas: 07.714.04.00-rc1
[    1.727543] scsi host0: sata_rcar
[    1.731015] ata1: SATA max UDMA/133 irq 181
[    1.740440] tun: Universal TUN/TAP device driver, 1.6
[    1.746409] thunder_xcv, ver 1.0
[    1.749652] thunder_bgx, ver 1.0
[    1.752900] nicpf, ver 1.0
[    1.757022] hclge is initializing
[    1.760356] hns3: Hisilicon Ethernet Network Driver for Hip08 Family - version
[    1.767579] hns3: Copyright (c) 2017 Huawei Corporation.
[    1.772912] e1000: Intel(R) PRO/1000 Network Driver
[    1.777791] e1000: Copyright (c) 1999-2006 Intel Corporation.
[    1.783557] e1000e: Intel(R) PRO/1000 Network Driver
[    1.788522] e1000e: Copyright(c) 1999 - 2015 Intel Corporation.
[    1.794469] igb: Intel(R) Gigabit Ethernet Network Driver
[    1.799868] igb: Copyright (c) 2007-2014 Intel Corporation.
[    1.805455] igbvf: Intel(R) Gigabit Virtual Function Network Driver
[    1.811721] igbvf: Copyright (c) 2009 - 2012 Intel Corporation.
[    1.818055] sky2: driver version 1.30
[    1.825600] ravb e6800000.ethernet eth0: Base address at 0xe6800000, 2e:09:0a:00:c3:9a, IRQ 125.
[    1.835875] VFIO - User Level meta-driver version: 0.3
[    1.842994] ehci_hcd: USB 2.0 'Enhanced' Host Controller (EHCI) Driver
[    1.849533] ehci-pci: EHCI PCI platform driver
[    1.853999] ehci-platform: EHCI generic platform driver
[    1.859597] ehci-platform ee0a0100.usb: EHCI Host Controller
[    1.865278] ehci-platform ee0a0100.usb: new USB bus registered, assigned bus number 1
[    1.873184] ehci-platform ee0a0100.usb: irq 175, io mem 0xee0a0100
[    1.894118] ehci-platform ee0a0100.usb: USB 2.0 started, EHCI 1.10
[    1.900653] hub 1-0:1.0: USB hub found
[    1.904427] hub 1-0:1.0: 1 port detected
[    1.908838] ehci-platform ee0c0100.usb: EHCI Host Controller
[    1.914513] ehci-platform ee0c0100.usb: new USB bus registered, assigned bus number 2
[    1.922421] ehci-platform ee0c0100.usb: irq 176, io mem 0xee0c0100
[    1.942114] ehci-platform ee0c0100.usb: USB 2.0 started, EHCI 1.10
[    1.948561] hub 2-0:1.0: USB hub found
[    1.952331] hub 2-0:1.0: 1 port detected
[    1.982150] ehci-platform ee0e0100.usb: EHCI Host Controller
[    1.987824] ehci-platform ee0e0100.usb: new USB bus registered, assigned bus number 3
[    1.995696] ehci-platform ee0e0100.usb: irq 177, io mem 0xee0e0100
[    2.014113] ehci-platform ee0e0100.usb: USB 2.0 started, EHCI 1.10
[    2.020546] hub 3-0:1.0: USB hub found
[    2.024318] hub 3-0:1.0: 1 port detected
[    2.028694] ehci-orion: EHCI orion driver
[    2.032956] ehci-exynos: EHCI Exynos driver
[    2.037254] ohci_hcd: USB 1.1 'Open' Host Controller (OHCI) Driver
[    2.043451] ohci-pci: OHCI PCI platform driver
[    2.047935] ohci-platform: OHCI generic platform driver
[    2.053464] ohci-platform ee0a0000.usb: Generic Platform OHCI controller
[    2.060184] ohci-platform ee0a0000.usb: new USB bus registered, assigned bus number 4
[    2.068063] ohci-platform ee0a0000.usb: irq 175, io mem 0xee0a0000
[    2.150114] ata1: link resume succeeded after 1 retries
[    2.164589] hub 4-0:1.0: USB hub found
[    2.168359] hub 4-0:1.0: 1 port detected
[    2.172704] ohci-platform ee0c0000.usb: Generic Platform OHCI controller
[    2.179418] ohci-platform ee0c0000.usb: new USB bus registered, assigned bus number 5
[    2.187290] ohci-platform ee0c0000.usb: irq 176, io mem 0xee0c0000
[    2.210110] usb 2-1: new high-speed USB device number 2 using ehci-platform
[    2.261547] ata1: SATA link down (SStatus 0 SControl 300)
[    2.280391] hub 5-0:1.0: USB hub found
[    2.284329] hub 5-0:1.0: 1 port detected
[    2.288670] ohci-platform ee0e0000.usb: Generic Platform OHCI controller
[    2.295387] ohci-platform ee0e0000.usb: new USB bus registered, assigned bus number 6
[    2.303274] ohci-platform ee0e0000.usb: irq 177, io mem 0xee0e0000
[    2.371206] hub 2-1:1.0: USB hub found
[    2.375130] hub 2-1:1.0: 4 ports detected
[    2.399278] hub 6-0:1.0: USB hub found
[    2.403045] hub 6-0:1.0: 1 port detected
[    2.407415] ohci-exynos: OHCI Exynos driver
[    2.412317] xhci-hcd ee000000.usb: xHCI Host Controller
[    2.417558] xhci-hcd ee000000.usb: new USB bus registered, assigned bus number 7
[    2.440824] xhci-hcd ee000000.usb: hcc params 0x014051ce hci version 0x100 quirks 0x0000000000830410
[    2.449996] xhci-hcd ee000000.usb: irq 172, io mem 0xee000000
[    2.455866] xhci-hcd ee000000.usb: xHCI Host Controller
[    2.461100] xhci-hcd ee000000.usb: new USB bus registered, assigned bus number 8
[    2.468504] xhci-hcd ee000000.usb: Host supports USB 3.0 SuperSpeed
[    2.475060] hub 7-0:1.0: USB hub found
[    2.478832] hub 7-0:1.0: 1 port detected
[    2.482925] usb usb8: We don't know the algorithms for LPM for this host, disabling LPM.
[    2.491286] hub 8-0:1.0: USB hub found
[    2.495056] hub 8-0:1.0: 1 port detected
[    2.499885] usbcore: registered new interface driver usb-storage
[    2.507604] renesas_usbhs e6590000.usb: host probed
[    2.512497] renesas_usbhs e6590000.usb: no transceiver found
[    2.518228] renesas_usbhs e6590000.usb: gadget probed
[    2.523446] renesas_usbhs e6590000.usb: probed
[    2.528338] renesas_usbhs e659c000.usb: host probed
[    2.533235] renesas_usbhs e659c000.usb: no transceiver found
[    2.538948] renesas_usbhs e659c000.usb: gadget probed
[    2.544153] renesas_usbhs e659c000.usb: probed
[    2.551089] i2c /dev entries driver
[    2.565877] cs2000-cp 2-004f: revision - C1
[    2.570190] i2c-rcar e6510000.i2c: probed
[    2.575017] pca953x 4-0020: supply vcc not found, using dummy regulator
[    2.581720] pca953x 4-0020: using no AI
[    2.586371] gpio-355 (PCIE/SATA switch): hogged as output/low
[    2.598674] i2c-rcar e66d8000.i2c: probed
[    2.604004] adv748x 4-0070: Endpoint /soc/i2c@e66d8000/video-receiver@70/port@7/endpoint on port 7
[    2.612987] adv748x 4-0070: Endpoint /soc/i2c@e66d8000/video-receiver@70/port@8/endpoint on port 8
[    2.621961] adv748x 4-0070: Endpoint /soc/i2c@e66d8000/video-receiver@70/port@a/endpoint on port 10
[    2.631025] adv748x 4-0070: Endpoint /soc/i2c@e66d8000/video-receiver@70/port@b/endpoint on port 11
[    2.640419] adv748x 4-0070: chip found @ 0xe0 revision 2143
[    2.693919] rcar-csi2 fea80000.csi2: 1 lanes found
[    2.699062] rcar-csi2 feaa0000.csi2: 4 lanes found
[    2.708690] rcar-vin e6ef0000.video: Device registered as video0
[    2.714778] rcar-vin e6ef1000.video: Device registered as video1
[    2.720852] rcar-vin e6ef2000.video: Device registered as video2
[    2.726928] rcar-vin e6ef3000.video: Device registered as video3
[    2.733004] rcar-vin e6ef4000.video: Device registered as video4
[    2.739160] rcar-vin e6ef5000.video: Device registered as video5
[    2.745256] rcar-vin e6ef6000.video: Device registered as video6
[    2.751383] rcar-vin e6ef7000.video: Device registered as video7
[    2.760092] rcar_gen3_thermal e6198000.thermal: is using pseudo fixed FUSE values
[    2.772353] rcar_gen3_thermal e6198000.thermal: TSC0: Loaded 1 trip points
[    2.783597] rcar_gen3_thermal e6198000.thermal: TSC1: Loaded 1 trip points
[    2.794767] rcar_gen3_thermal e6198000.thermal: TSC2: Loaded 3 trip points
[    2.806830] sdhci: Secure Digital Host Controller Interface driver
[    2.813026] sdhci: Copyright(c) Pierre Ossman
[    2.818242] Synopsys Designware Multimedia Card Interface Driver
[    2.818436] renesas_sdhi_internal_dmac ee100000.mmc: Got CD GPIO
[    2.818495] renesas_sdhi_internal_dmac ee140000.mmc: Adding to iommu group 0
[    2.818519] renesas_sdhi_internal_dmac ee140000.mmc: Using IPMMU context 1
[    2.818539] renesas_sdhi_internal_dmac ee160000.mmc: Got CD GPIO
[    2.818559] renesas_sdhi_internal_dmac ee160000.mmc: Got WP GPIO
[    2.825701] sdhci-pltfm: SDHCI platform and OF driver helper
[    2.830297] renesas_sdhi_internal_dmac ee100000.mmc: Got WP GPIO
[    2.867407] renesas_sdhi_internal_dmac ee140000.mmc: mmc0 base at 0x00000000ee140000, max clock rate 200 MHz
[    2.877921] ledtrig-cpu: registered to indicate activity on CPUs
[    2.884989] SMCCC: SOC_ID: ARCH_SOC_ID not implemented, skipping ....
[    2.892023] usbcore: registered new interface driver usbhid
[    2.897603] usbhid: USB HID core driver
[    2.905257] optee: probing for conduit method.
[    2.909726] optee: revision 3.22 (314ecf9d)
[    2.910207] optee driver R-Car Rev.1.0.11
[    2.918791] optee: dynamic shared memory is enabled
[    2.923932] optee: initialized driver
[    2.941321] rcar_sound ec500000.sound: probed
[    2.946449] NET: Registered protocol family 17
[    2.951017] 9pnet: Installing 9P2000 support
[    2.953571] mmc0: new HS400 MMC card at address 0001
[    2.955336] Key type dns_resolver registered
[    2.961097] mmcblk0: mmc0:0001 BGSD3R 29.1 GiB 
[    2.964816] registered taskstats version 1
[    2.969457] mmcblk0boot0: mmc0:0001 BGSD3R partition 1 16.0 MiB
[    2.973178] Loading compiled-in X.509 certificates
[    2.979469] mmcblk0boot1: mmc0:0001 BGSD3R partition 2 16.0 MiB
[    2.989960] mmcblk0rpmb: mmc0:0001 BGSD3R partition 3 4.00 MiB, chardev (509:0)
[    2.993952] thermal emergency: set temperature to 110 celsius
[    2.999136]  mmcblk0: p1
[    3.003370] thermal emergency: shutdown target cpus 1-7
[    3.010817] thermal emergency: freq scaled target cpus 0
[    3.016472] renesas_irqc e61c0000.interrupt-controller: driving 6 irqs
[    3.070129] ehci-platform ee080100.usb: EHCI Host Controller
[    3.075825] ehci-platform ee080100.usb: new USB bus registered, assigned bus number 9
[    3.083716] ehci-platform ee080100.usb: irq 174, io mem 0xee080100
[    3.102117] ehci-platform ee080100.usb: USB 2.0 started, EHCI 1.10
[    3.108648] hub 9-0:1.0: USB hub found
[    3.112420] hub 9-0:1.0: 1 port detected
[    3.117461] ohci-platform ee080000.usb: Generic Platform OHCI controller
[    3.124186] ohci-platform ee080000.usb: new USB bus registered, assigned bus number 10
[    3.132157] ohci-platform ee080000.usb: irq 174, io mem 0xee080000
[    3.228587] hub 10-0:1.0: USB hub found
[    3.232446] hub 10-0:1.0: 1 port detected
[    3.237691] cpu cpu0: EM: created perf domain
[    3.242659] cpu cpu4: EM: created perf domain
[    3.252742] renesas_sdhi_internal_dmac ee100000.mmc: Got CD GPIO
[    3.252768] renesas_sdhi_internal_dmac ee160000.mmc: Got CD GPIO
[    3.255254] [drm] Initialized rcar-du 1.0.0 20130110 for feb00000.display on minor 0
[    3.255257] [drm] Device feb00000.display probed
[    3.258824] renesas_sdhi_internal_dmac ee100000.mmc: Got WP GPIO
[    3.264882] renesas_sdhi_internal_dmac ee160000.mmc: Got WP GPIO
[    3.321092] renesas_sdhi_internal_dmac ee100000.mmc: mmc1 base at 0x00000000ee100000, max clock rate 200 MHz
[    3.327545] Console: switching to colour frame buffer device 128x48
[    3.336611] renesas_sdhi_internal_dmac ee160000.mmc: mmc2 base at 0x00000000ee160000, max clock rate 200 MHz
[    3.368609] rcar-du feb00000.display: [drm] fb0: rcar-dudrmfb frame buffer device
[    3.381461] input: keys as /devices/platform/keys/input/input0
[    3.461968] Micrel KSZ9031 Gigabit PHY e6800000.ethernet-ffffffff:00: attached PHY driver [Micrel KSZ9031 Gigabit PHY] (mii_bus:phy_addr=e6800000.ethernet-ffffffff:00, irq=183)
[    3.474127] usb 2-1.1: new high-speed USB device number 3 using ehci-platform
[    3.693007] usb-storage 2-1.1:1.0: USB Mass Storage device detected
[    3.700353] scsi host1: usb-storage 2-1.1:1.0
[    4.735339] scsi 1:0:0:0: Direct-Access     SanDisk  Extreme Pro      0    PQ: 0 ANSI: 6
[    4.746305] sd 1:0:0:0: [sda] 250085376 512-byte logical blocks: (128 GB/119 GiB)
[    4.754978] sd 1:0:0:0: [sda] Write Protect is off
[    4.760979] sd 1:0:0:0: [sda] Write cache: enabled, read cache: enabled, doesn't support DPO or FUA
[    4.776141]  sda: sda1
[    4.782905] sd 1:0:0:0: [sda] Attached SCSI removable disk
[   10.376718] ravb e6800000.ethernet eth0: Link is Up - 1Gbps/Full - flow control off
[   10.398162] IP-Config: Guessing netmask 255.255.255.0
[   10.403326] IP-Config: Complete:
[   10.410504]      device=eth0, hwaddr=2e:09:0a:00:c3:9a, ipaddr=192.168.10.107, mask=255.255.255.0, gw=255.255.255.255
[   10.425188]      host=192.168.10.107, domain=, nis-domain=(none)
[   10.435256]      bootserver=255.255.255.255, rootserver=192.168.10.98, rootpath=
[   10.435908] ALSA device list:
[   10.454509]   No soundcards found.
[   11.523112] VFS: Mounted root (nfs4 filesystem) on device 0:22.
[   11.533240] devtmpfs: mounted
[   11.543968] Freeing unused kernel memory: 6144K
[   11.570368] Run /sbin/init as init process
[   11.734400] systemd[1]: System time before build time, advancing clock.
[   12.086153] random: crng init done
[   12.191082] NET: Registered protocol family 10
[   12.199556] Segment Routing with IPv6
[   12.225825] systemd[1]: systemd 244 running in system mode. (+PAM -AUDIT -SELINUX +IMA -APPARMOR -SMACK +SYSVINIT +UTMP -LIBCRYPTSETUP -GCRYPT -GNUTLS +ACL +XZ -LZ4 -SECCOMP +BLKID -ELFUTILS +KMOD -IDN2 -IDN -PCRE2 default-hierarchy=hybrid)
[   12.250213] systemd[1]: Detected architecture arm64.

Welcome to [1mPoky (Yocto Project Reference Distro) 3.1.11 (dunfell)[0m!

[   12.283911] systemd[1]: Set hostname to <salvator-x>.
[   13.055666] systemd[1]: system-getty.slice: unit configures an IP firewall, but the local system does not support BPF/cgroup firewalling.
[   13.077329] systemd[1]: (This warning is only shown for the first unit using IP firewalling.)
[   13.092656] systemd[1]: Created slice system-getty.slice.
[[0;32m  OK  [0m] Created slice [0;1;39msystem-getty.slice[0m.
[   13.119932] systemd[1]: Created slice system-serial\x2dgetty.slice.
[[0;32m  OK  [0m] Created slice [0;1;39msystem-serial\x2dgetty.slice[0m.
[   13.147949] systemd[1]: Created slice User and Session Slice.
[[0;32m  OK  [0m] Created slice [0;1;39mUser and Session Slice[0m.
[   13.174728] systemd[1]: Started Dispatch Password Requests to Console Directory Watch.
[[0;32m  OK  [0m] Started [0;1;39mDispatch Password â€¦ts to Console Directory Watch[0m.
[   13.206540] systemd[1]: Started Forward Password Requests to Wall Directory Watch.
[[0;32m  OK  [0m] Started [0;1;39mForward Password Râ€¦uests to Wall Directory Watch[0m.
[   13.238457] systemd[1]: Reached target Paths.
[[0;32m  OK  [0m] Reached target [0;1;39mPaths[0m.
[   13.262307] systemd[1]: Reached target Remote File Systems.
[[0;32m  OK  [0m] Reached target [0;1;39mRemote File Systems[0m.
[   13.286260] systemd[1]: Reached target Slices.
[[0;32m  OK  [0m] Reached target [0;1;39mSlices[0m.
[   13.310290] systemd[1]: Reached target Swap.
[[0;32m  OK  [0m] Reached target [0;1;39mSwap[0m.
[   13.337228] systemd[1]: Listening on RPCbind Server Activation Socket.
[[0;32m  OK  [0m] Listening on [0;1;39mRPCbind Server Activation Socket[0m.
[   13.366389] systemd[1]: Reached target RPC Port Mapper.
[[0;32m  OK  [0m] Reached target [0;1;39mRPC Port Mapper[0m.
[   13.390703] systemd[1]: Listening on initctl Compatibility Named Pipe.
[[0;32m  OK  [0m] Listening on [0;1;39minitctl Compatibility Named Pipe[0m.
[   13.420105] systemd[1]: Listening on Journal Audit Socket.
[[0;32m  OK  [0m] Listening on [0;1;39mJournal Audit Socket[0m.
[   13.447610] systemd[1]: Listening on Journal Socket (/dev/log).
[[0;32m  OK  [0m] Listening on [0;1;39mJournal Socket (/dev/log)[0m.
[   13.475053] systemd[1]: Listening on Journal Socket.
[[0;32m  OK  [0m] Listening on [0;1;39mJournal Socket[0m.
[   13.500306] systemd[1]: Listening on Network Service Netlink Socket.
[[0;32m  OK  [0m] Listening on [0;1;39mNetwork Service Netlink Socket[0m.
[   13.529063] systemd[1]: Listening on udev Control Socket.
[[0;32m  OK  [0m] Listening on [0;1;39mudev Control Socket[0m.
[   13.554869] systemd[1]: Listening on udev Kernel Socket.
[[0;32m  OK  [0m] Listening on [0;1;39mudev Kernel Socket[0m.
[   13.584065] systemd[1]: Mounting Huge Pages File System...
         Mounting [0;1;39mHuge Pages File System[0m...
[   13.611626] systemd[1]: Mounting POSIX Message Queue File System...
         Mounting [0;1;39mPOSIX Message Queue File System[0m...
[   13.643383] systemd[1]: Mounting Kernel Debug File System...
         Mounting [0;1;39mKernel Debug File System[0m...
[   13.674055] systemd[1]: Mounting Temporary Directory (/tmp)...
         Mounting [0;1;39mTemporary Directory (/tmp)[0m...
[   13.704752] systemd[1]: Starting Create list of static device nodes for the current kernel...
         Starting [0;1;39mCreate list of stâ€¦odes for the current kernel[0m...
[   13.739353] systemd[1]: Starting Start psplash boot splash screen...
         Starting [0;1;39mStart psplash boot splash screen[0m...
[   13.774301] systemd[1]: Starting RPC Bind...
         Starting [0;1;39mRPC Bind[0m...
[   13.802671] systemd[1]: Condition check resulted in File System Check on Root Device being skipped.
[   13.815410] systemd[1]: Starting Journal Service...
         Starting [0;1;39mJournal Service[0m...
[   13.846015] systemd[1]: Starting Load Kernel Modules...
         Starting [0;1;39mLoad Kernel Modules[0m...
[   13.870424] systemd[1]: Starting Remount Root and Kernel File Systems...
         Starting [0;1;39mRemount Root and Kernel File Systems[0m...
[   13.899069] systemd[1]: Starting udev Coldplug all Devices...
         Starting [0;1;39mudev Coldplug all Devices[0m...
[   13.924284] systemd[1]: Started Start psplash boot splash screen.
[[0;32m  OK  [0m] Started [0;1;39mStart psplash boot splash screen[0m.
[   13.946978] systemd[1]: Started RPC Bind.
[[0;32m  OK  [0m] Started [0;1;39mRPC Bind[0m.
[   13.970538] systemd[1]: Started Journal Service.
[[0;32m  OK  [0m] Started [0;1;39mJournal Service[0m.
[[0;32m  OK  [0m] Mounted [0;1;39mHuge Pages File System[0m.
[[0;32m  OK  [0m] Mounted [0;1;39mPOSIX Message Queue File System[0m.
[[0;32m  OK  [0m] Mounted [0;1;39mKernel Debug File System[0m.
[[0;32m  OK  [0m] Mounted [0;1;39mTemporary Directory (/tmp)[0m.
[[0;32m  OK  [0m] Started [0;1;39mCreate list of staâ€¦ nodes for the current kernel[0m.
[[0;32m  OK  [0m] Started [0;1;39mLoad Kernel Modules[0m.
[[0;32m  OK  [0m] Started [0;1;39mRemount Root and Kernel File Systems[0m.
         Mounting [0;1;39mKernel Configuration File System[0m...
[[0;32m  OK  [0m] Started [0;1;39mStart psplash-systâ€¦progress communication helper[0m.
         Starting [0;1;39mFlush Journal to Persistent Storage[0m...
         Starting [0;1;39mApply Kernel Variables[0m...[   14.198544] systemd-journald[358]: Received client request to flush runtime journal.

         Starting [0;1;39mCreate Static Device Nodes in /dev[0m...
[[0;32m  OK  [0m] Mounted [0;1;39mKernel Configuration File System[0m.
[[0;32m  OK  [0m] Started [0;1;39mFlush Journal to Persistent Storage[0m.
[[0;32m  OK  [0m] Started [0;1;39mApply Kernel Variables[0m.
[[0;32m  OK  [0m] Started [0;1;39mCreate Static Device Nodes in /dev[0m.
[[0;32m  OK  [0m] Reached target [0;1;39mLocal File Systems (Pre)[0m.
         Mounting [0;1;39m/var/volatile[0m...
         Starting [0;1;39mudev Kernel Device Manager[0m...
[[0;32m  OK  [0m] Mounted [0;1;39m/var/volatile[0m.
[[0;32m  OK  [0m] Started [0;1;39mudev Coldplug all Devices[0m.
         Starting [0;1;39mLoad/Save Random Seed[0m...
[[0;32m  OK  [0m] Reached target [0;1;39mLocal File Systems[0m.
         Starting [0;1;39mCreate Volatile Files and Directories[0m...
[[0;32m  OK  [0m] Started [0;1;39mLoad/Save Random Seed[0m.
[[0;32m  OK  [0m] Started [0;1;39mudev Kernel Device Manager[0m.
         Starting [0;1;39mNetwork Service[0m...
[[0;32m  OK  [0m] Started [0;1;39mCreate Volatile Files and Directories[0m.
         Starting [0;1;39mNetwork Time Synchronization[0m...
         Starting [0;1;39mUpdate UTMP about System Boot/Shutdown[0m...
[[0;32m  OK  [0m] Started [0;1;39mNetwork Service[0m.
         Starting [0;1;39mNetwork Name Resolution[0m...
[[0;32m  OK  [0m] Started [0;1;39mUpdate UTMP about System Boot/Shutdown[0m.
[   14.765057] pwm-backlight: probe of backlight failed with error -16
[[0;32m  OK  [0m] Reached target [0;1;39mHardware activated USB gadget[0m.
[[0;32m  OK  [0m] Started [0;1;39mNetwork Time Synchronization[0m.
[[0;32m  OK  [0m] Reached target [0;1;39mSystem Initialization[0m.
[[0;32m  OK  [0m] Started [0;1;39mDaily Cleanup of Temporary Directories[0m.
[[0;32m  OK  [0m] Reached target [0;1;39mSystem Time Set[0m.
[[0;32m  OK  [0m] Reached target [0;1;39mSystem Time Synchronized[0m.
[[0;32m  OK  [0m] Reached target [0;1;39mTimers[0m.
[[0;32m  OK  [0m] Listening on [0;1;39mAvahi mDNS/DNS-SD Stack Activation Socket[0m.
[[0;32m  OK  [0m] Listening on [0;1;39mD-Bus System Message Bus Socke[   14.953529] at24 7-0050: supply vcc not found, using dummy regulator
t[0m.
[   14.965580] at24 7-0050: 128 byte br24t01 EEPROM, writable, 8 bytes/write
[   14.975480] renesas_usb3 ee020000.usb: probed with phy
[   14.985380] ccree e6601000.crypto: ARM CryptoCell 630P Driver: HW version 0xAF400001/0xDCC63000, Driver version 5.0
[[0;32m  OK  [0m] Listening on [0;1;39mdropbear.socket[0m.
[   15.000873] ccree e6601000.crypto: ARM ccree device initialized
[[0;32m  OK  [0m] Reached target [0;1;39mSockets[0m.
[[0;32m  OK  [0m] Reached target [0;1;39mBasic System[0m.
[[0;32m  OK  [0m] Started [0;1;39mD-Bus System Message Bus[0m.
[[0;32m  OK  [0m] Started [0;1;39moptee services[0m.
         Starting [0;1;39mpvrinit.service[0m...
         Starting [0;1;39mPowerVR consumer services[0m...
         Starting [0;1;39mLogin Service[0m...
[[0;32m  OK  [0m] Started [0;1;39mNetwork Name Resolution[0m.
[[0;1;31mFAILED[0m] Failed to start [0;1;39mPowerVR consumer services[0m.
See 'systemctl status rc.pvr.service' for details.
[[0;1;38;5;185mDEPEND[0m] Dependency failed for [0;1;39mWeston Wayland Compositor[0m.
[[0;1;31mFAILED[0m] Failed to start [0;1;39mpvrinit.service[0m.
See 'systemctl status pvrinit.service' for details.
[[0;32m  OK  [0m] Started [0;1;39mLogin Service[0m.
[[0;32m  OK  [0m] Created slice [0;1;39msystem-weston.slice[0m.
[[0;32m  OK  [0m] Reached target [0;1;39mNetwork[0m.
[[0;32m  OK  [0m] Reached target [0;1;39mHost and Network Name Lookups[0m.
         Starting [0;1;39mAvahi mDNS/DNS-SD Stack[0m...
         Starting [0;1;39mset_default_governor.service[0m...
         Starting [0;1;39mPermit User Sessions[0m...
[[0;32m  OK  [0m] Started [0;1;39mXinetd A Powerful Replacement For Inetd[0m.
[   15.554393] rd 0-7: Disabling EAS, schedutil is mandatory
[[0;32m  OK  [0m] Started [0;1;39mPermit User Sessions[0m.
[[0;32m  OK  [0m] Started [0;1;39mAvahi mDNS/DNS-SD Stack[0m.
[[0;32m  OK  [0m] Started [0;1;39mset_default_governor.service[0m.
[[0;32m  OK  [0m] Started [0;1;39mGetty on tty1[0m.
[[0;32m  OK  [0m] Started [0;1;39mSerial Getty on ttySC0[0m.
[[0;32m  OK  [0m] Reached target [0;1;39mLogin Prompts[0m.
[[0;32m  OK  [0m] Reached target [0;1;39mMulti-User System[0m.
         Starting [0;1;39mUpdate UTMP about System Runlevel Changes[0m...
[[0;32m  OK  [0m] Started [0;1;39mUpdate UTMP about System Runlevel Changes[0m.

Poky (Yocto Project Reference Distro) 3.1.11 salvator-x ttySC0

salvator-x login: 
salvator-x login: root
[   17.438911] audit: type=1006 audit(1703064537.700:2): pid=531 uid=0 old-auid=4294967295 auid=0 tty=(none) old-ses=4294967295 ses=1 res=1
7[r[999;999H[6n8root@salvator-x:~# 
root@salvator-x:~# 
root@salvator-x:~# 
root@salvator-x:~# 
root@salvator-x:~# 
root@salvator-x:~# 
root@salvator-x:~# 
root@salvator-x:~# 
root@salvator-x:~# 
----------Prepare----------


root@salvator-x:~# find /sys/devices/platform/soc/ee0c0100.usb/ -name 'sd*'
/sys/devices/platform/soc/ee0c0100.usb/usb2/2-1/2-1.1/2-1.1:1.0/host1/target1:0:0/1:0:0:0/block/sda
/sys/devices/platform/soc/ee0c0100.usb/usb2/2-1/2-1.1/2-1.1:1.0/host1/target1:0:0/1:0:0:0/block/sda/sda1
root@salvator-x:~# 
root@salvator-x:~# dd if=/dev/urandom of=testdata bs=10M count=5
5+0 records in
5+0 records out
52428800 bytes (52 MB, 50 MiB) copied, 1.29279 s, 40.6 MB/s
root@salvator-x:~# 
root@salvator-x:~# mkdir -p /mnt/usb
root@salvator-x:~# 
root@salvator-x:~# mount /dev/sda1 /mnt/usb
[   39.582880] EXT4-fs (sda1): recovery complete
[   39.588738] EXT4-fs (sda1): mounted filesystem with ordered data mode. Opts: (null)
root@salvator-x:~# 
root@salvator-x:~# cp testdata /mnt/usb/
[   41.950291] SDHI0 VccQ: disabling
[   41.953688] SDHI3 VccQ: disabling
root@salvator-x:~# 
root@salvator-x:~# umount /mnt/usb
root@salvator-x:~# 
root@salvator-x:~# find /sys/devices/platform/soc/ee0c0100.usb/ -name 'sd*'
/sys/devices/platform/soc/ee0c0100.usb/usb2/2-1/2-1.1/2-1.1:1.0/host1/target1:0:0/1:0:0:0/block/sda
/sys/devices/platform/soc/ee0c0100.usb/usb2/2-1/2-1.1/2-1.1:1.0/host1/target1:0:0/1:0:0:0/block/sda/sda1
root@salvator-x:~# 
root@salvator-x:~# i2cset -f -y 7 0x30 0x20 0x0f
root@salvator-x:~# 

Switch SW23 off and input 'yes' to continue:
Input 'yes' to continue: 

root@salvator-x:~# echo N > /sys/module/printk/parameters/console_suspend
root@salvator-x:~# 
root@salvator-x:~# mount /dev/sda1 /mnt/usb
[   66.426129] EXT4-fs (sda1): mounted filesystem with ordered data mode. Opts: (null)
root@salvator-x:~# 
root@salvator-x:~# cp testdata /mnt/usb/testdata_from_nfs &
[1] 556
root@salvator-x:~# 
root@salvator-x:~# echo mem > /sys/power/state
[   67.834410] PM: suspend entry (deep)
[   69.564465] Filesystems sync: 1.726 seconds
[   69.570656] Freezing user space processes ... (elapsed 0.002 seconds) done.
[   69.572729] OOM killer disabled.
[   69.572731] Freezing remaining freezable tasks ... (elapsed 0.001 seconds) done.
[   69.603138] sd 1:0:0:0: [sda] Synchronizing SCSI cache
[   70.023575] ravb e6800000.ethernet eth0: Link is Down
[   70.040291] Disabling non-boot CPUs ...
[   70.044727] CPU1: shutdown
[   70.047450] psci: CPU1 killed (polled 0 ms)
[   70.053399] CPU2: shutdown
[   70.056140] psci: CPU2 killed (polled 0 ms)
[   70.061705] CPU3: shutdown
[   70.064439] psci: CPU3 killed (polled 0 ms)
[   70.070212] CPU4: shutdown
[   70.072920] psci: CPU4 killed (polled 0 ms)
[   70.078555] CPU5: shutdown
[   70.081267] psci: CPU5 killed (polled 0 ms)
[   70.086804] CPU6: shutdown
[   70.089524] psci: CPU6 killed (polled 0 ms)
[   70.095180] CPU7: shutdown
[   70.097895] psci: CPU7 killed (polled 0 ms)
 
Pull out USB device at CN10H


Press any button to continue


 Switch power switch: 

NOTICE:  BL2: R-Car Gen3 Initial Program Loader(CA57) Rev.4.0.0
NOTICE:  BL2: PRR is R-Car H3 Ver.3.0
NOTICE:  BL2: Board is Salvator-XS Rev.1.0
NOTICE:  BL2: Boot device is HyperFlash(160MHz)
NOTICE:  BL2: LCM state is CM
NOTICE:  AVS setting succeeded. DVFS_SetVID=0x53
NOTICE:  BL2: DDR3200(rev.0.42)
NOTICE:  BL2: [WARM_BOOT]
NOTICE:  BL2: DRAM Split is 4ch(DDR f)
NOTICE:  BL2: QoS is default setting(rev.0.11)
NOTICE:  BL2: DRAM refresh interval 1.95 usec
NOTICE:  BL2: Periodic Write DQ Training
NOTICE:  BL2: CH0: 400000000 - 47fffffff, 2 GiB
NOTICE:  BL2: CH1: 500000000 - 57fffffff, 2 GiB
NOTICE:  BL2: CH2: 600000000 - 67fffffff, 2 GiB
NOTICE:  BL2: CH3: 700000000 - 77fffffff, 2 GiB
NOTICE:  BL2: Lossy Decomp areas
NOTICE:       Entry 0: DCMPAREACRAx:0x80000540 DCMPAREACRBx:0x570
NOTICE:       Entry 1: DCMPAREACRAx:0x40000000 DCMPAREACRBx:0x0
NOTICE:       Entry 2: DCMPAREACRAx:0x20000000 DCMPAREACRBx:0x0
NOTICE:  BL2: FDT at 0xe6327f70
NOTICE:  BL2: v2.9(release):9cdb21f75
NOTICE:  BL2: Built : 05:25:39, Dec 19 2023
NOTICE:  BL2: Normal boot
[   70.102964] Enabling non-boot CPUs ...
[   70.107034] Detected PIPT I-cache on CPU1
[   70.107089] CPU1: Booted secondary processor 0x0000000001 [0x411fd073]
[   70.107543] CPU1 is up
[   70.120586] Detected PIPT I-cache on CPU2
[   70.120608] CPU2: Booted secondary processor 0x0000000002 [0x411fd073]
[   70.120871] CPU2 is up
[   70.133891] Detected PIPT I-cache on CPU3
[   70.133913] CPU3: Booted secondary processor 0x0000000003 [0x411fd073]
[   70.134199] CPU3 is up
[   70.147259] Detected VIPT I-cache on CPU4
[   70.147311] CPU4: Booted secondary processor 0x0000000100 [0x410fd034]
[   70.148217] CPU4 is up
[   70.161225] Detected VIPT I-cache on CPU5
[   70.161258] CPU5: Booted secondary processor 0x0000000101 [0x410fd034]
[   70.161822] CPU5 is up
[   70.174832] Detected VIPT I-cache on CPU6
[   70.174865] CPU6: Booted secondary processor 0x0000000102 [0x410fd034]
[   70.175491] CPU6 is up
[   70.188495] Detected VIPT I-cache on CPU7
[   70.188529] CPU7: Booted secondary processor 0x0000000103 [0x410fd034]
[   70.189155] CPU7 is up
[   70.278875] xhci-hcd ee000000.usb: xHC error in resume, USBSTS 0x401, Reinit
[   70.285909] usb usb7: root hub lost power or was reset
[   70.291027] usb usb8: root hub lost power or was reset
[   70.417005] Micrel KSZ9031 Gigabit PHY e6800000.ethernet-ffffffff:00: attached PHY driver [Micrel KSZ9031 Gigabit PHY] (mii_bus:phy_addr=e6800000.ethernet-ffffffff:00, irq=183)
[   70.532244] usb usb4: root hub lost power or was reset
[   70.537541] usb usb1: root hub lost power or was reset
[   70.624256] usb usb5: root hub lost power or was reset
[   70.629423] usb usb2: root hub lost power or was reset
[   70.716179] usb usb6: root hub lost power or was reset
[   70.721455] usb usb3: root hub lost power or was reset
[   70.840180] usb usb10: root hub lost power or was reset
[   70.845515] usb usb9: root hub lost power or was reset
[   70.858177] ata1: link resume succeeded after 1 retries
[   70.969719] ata1: SATA link down (SStatus 0 SControl 300)
[   73.496713] OOM killer enabled.
[   73.500574] Restarting tasks ... 
[   73.500775] usb 2-1: USB disconnect, device number 2
[   73.502246] done.
[   73.506520] usb 2-1.1: USB disconnect, device number 3
[   73.513934] PM: suspend exit
[1]+  Done      [   73.518121] sd 1:0:0:0: [sda] tag#0 UNKNOWN(0x2003) Result: hostbyte=0x01 driverbyte=0x00 cmd_age=0s
              cp[   73.539514] sd 1:0:0:0: [sda] tag#0 CDB: opcode=0x2a 2a 00 08 00 d9 00 00 00 f0 00
 testdata /mnt/usb/testd[   73.548552] blk_update_request: I/O error, dev sda, sector 134273280 op 0x1:(WRITE) flags 0x4000 phys_seg 30 prio class 0
ata_from_nfs
[   73.561743] blk_update_request: I/O error, dev sda, sector 134273520 op 0x1:(WRITE) flags 0x4000 phys_seg 30 prio class 0
[   73.574217] blk_update_request: I/O error, dev sda, sector 134273760 op 0x1:(WRITE) flags 0x4000 phys_seg 30 prio class 0
[   73.585922] blk_update_request: I/O error, dev sda, sector 134274000 op 0x1:(WRITE) flags 0x4000 phys_seg 30 prio class 0
[   73.597608] blk_update_request: I/O error, dev sda, sector 134274240 op 0x1:(WRITE) flags 0x4000 phys_seg 30 prio class 0
[   73.609287] blk_update_request: I/O error, dev sda, sector 134274480 op 0x1:(WRITE) flags 0x4000 phys_seg 30 prio class 0
root@salvator-x:~# [   73.620962] blk_update_request: I/O error, dev sda, sector 134274720 op 0x1:(WRITE) flags 0x4000 phys_seg 30 prio class 0
[   73.633558] blk_update_request: I/O error, dev sda, sector 134274960 op 0x1:(WRITE) flags 0x4000 phys_seg 30 prio class 0
[   73.645211] blk_update_request: I/O error, dev sda, sector 134275200 op 0x1:(WRITE) flags 0x0 phys_seg 16 prio class 0
[   73.656608] blk_update_request: I/O error, dev sda, sector 134275328 op 0x1:(WRITE) flags 0x4800 phys_seg 30 prio class 0
[   73.668545] Aborting journal on device sda1-8.
[   73.673717] Buffer I/O error on dev sda1, logical block 15237120, lost sync page write
[   73.682343] JBD2: Error -5 detected when updating journal superblock for sda1-8.
[   77.385498] ravb e6800000.ethernet eth0: Link is Up - 1Gbps/Full - flow control off

root@salvator-x:~# echo "Wake up sucessfully"
Wake up sucessfully
root@salvator-x:~# 
Plug in USB device at CN10H


Press any button to continue

[   95.282091] usb 2-1: new high-speed USB device number 4 using ehci-platform
[   95.448073] hub 2-1:1.0: USB hub found
[   95.452617] hub 2-1:1.0: 4 ports detected
[   96.554088] usb 2-1.1: new high-speed USB device number 5 using ehci-platform
[   96.772604] usb-storage 2-1.1:1.0: USB Mass Storage device detected
[   96.780046] scsi host2: usb-storage 2-1.1:1.0
[   97.791392] scsi 2:0:0:0: Direct-Access     SanDisk  Extreme Pro      0    PQ: 0 ANSI: 6
[   97.802587] sd 2:0:0:0: [sdb] 250085376 512-byte logical blocks: (128 GB/119 GiB)
[   97.811857] sd 2:0:0:0: [sdb] Write Protect is off
[   97.818444] sd 2:0:0:0: [sdb] Write cache: enabled, read cache: enabled, doesn't support DPO or FUA
[   97.858853]  sdb: sdb1
[   97.866193] sd 2:0:0:0: [sdb] Attached SCSI removable disk

root@salvator-x:~# find /sys/devices/platform/soc/ee0c0100.usb/ -name 'sd*'
/sys/devices/platform/soc/ee0c0100.usb/usb2/2-1/2-1.1/2-1.1:1.0/host2/target2:0:0/2:0:0:0/block/sdb
/sys/devices/platform/soc/ee0c0100.usb/usb2/2-1/2-1.1/2-1.1:1.0/host2/target2:0:0/2:0:0:0/block/sdb/sdb1
root@salvator-x:~# 
root@salvator-x:~# wait
root@salvator-x:~# 
root@salvator-x:~# mount /dev/sdb1 /mnt/usb
[  102.795179] EXT4-fs (sdb1): recovery complete
[  102.803804] EXT4-fs (sdb1): mounted filesystem with ordered data mode. Opts: (null)
root@salvator-x:~# 
root@salvator-x:~# sync
root@salvator-x:~# 
root@salvator-x:~# cmp testdata /mnt/usb/testdata_from_nfs
root@salvator-x:~# 
root@salvator-x:~# umount /mnt/usb
root@salvator-x:~# 
 
#### Result: OK ####
