

----------Item 2----------


Please press switch to restart board 

[F 00:00:120
[F 00:00:119
[F 00:00:118
NOTICE:  BL2: R-Car Gen3 Initial Program Loader(CA57) Rev.4.0.0
NOTICE:  BL2: PRR is R-Car M3 Ver.3.0
NOTICE:  BL2: Board is Salvator-XS Rev.1.0
NOTICE:  BL2: Boot device is HyperFlash(160MHz)
NOTICE:  BL2: LCM state is CM
NOTICE:  AVS setting succeeded. DVFS_SetVID=0x53
NOTICE:  BL2: DDR3200(rev.0.42)
NOTICE:  BL2: [COLD_BOOT]
NOTICE:  BL2: DRAM Split is 2ch
NOTICE:  BL2: QoS is default setting(rev.0.04)
NOTICE:  BL2: DRAM refresh interval 1.95 usec
NOTICE:  BL2: Periodic Write DQ Training
NOTICE:  BL2: CH0: 400000000 - 4ffffffff, 4 GiB
NOTICE:  BL2: CH2: 600000000 - 6ffffffff, 4 GiB
NOTICE:  BL2: Lossy Decomp areas
NOTICE:       Entry 0: DCMPAREACRAx:0x80000540 DCMPAREACRBx:0x570
NOTICE:       Entry 1: DCMPAREACRAx:0x40000000 DCMPAREACRBx:0x0
NOTICE:       Entry 2: DCMPAREACRAx:0x20000000 DCMPAREACRBx:0x0
NOTICE:  BL2: FDT at 0xe6326f70
NOTICE:  BL2: v2.9(release):9cdb21f75
NOTICE:  BL2: Built : 08:35:43, Jan 13 2024
NOTICE:  BL2: Normal boot
NOTICE:  BL2: dst=0xe6326800 src=0x8180000 len=512(0x200)
NOTICE:  BL2: dst=0x43f00000 src=0x8180400 len=6144(0x1800)
NOTICE:  rcar_file_len: len: 0x0003e000
NOTICE:  BL2: dst=0x44000000 src=0x81c0000 len=253952(0x3e000)
NOTICE:  rcar_file_len: len: 0x00200000
NOTICE:  BL2: dst=0x44100000 src=0x8200000 len=2097152(0x200000)
NOTICE:  rcar_file_len: len: 0x00100000
NOTICE:  BL2: dst=0x50000000 src=0x8640000 len=1048576(0x100000)
NOTICE:  BL2: Booting BL31


U-Boot 2020.10 (Jan 13 2024 - 08:36:37 +0000)

CPU: Renesas Electronics R8A7796 rev 3.0
Model: Renesas Salvator-X 2nd version board based on r8a77961
DRAM:  7.9 GiB
RAM Configuration:
Bank #0: 0x048000000 - 0x0bfffffff, 1.9 GiB
Bank #1: 0x480000000 - 0x4ffffffff, 2 GiB
Bank #2: 0x600000000 - 0x6ffffffff, 4 GiB

MMC:   mmc@ee100000: 0, mmc@ee140000: 1, mmc@ee160000: 2
Loading Environment from MMC... OK
In:    serial@e6e88000
Out:   serial@e6e88000
Err:   serial@e6e88000
Net:   eth0: ethernet@e6800000
Hit any key to stop autoboot:  2  1  0 
ethernet@e6800000 Waiting for PHY auto negotiation to complete......... done
Using ethernet@e6800000 device
TFTP from server 192.168.10.98; our IP address is 192.168.10.107
Filename 'BV/PT3/boot_USB2H/Image'.
Load address: 0x48080000
Loading: *#################################################################
	 #################################################################
	 #################################################################
	 #################################################################
	 #################################################################
	 #################################################################
	 #################################################################
	 #################################################################
	 #################################################################
	 #################################################################
	 #################################################################
	 #################################################################
	 #################################################################
	 #################################################################
	 #################################################################
	 #################################################################
	 #################################################################
	 #################################################################
	 #################################################################
	 #################################################################
	 #################################################################
	 #################################################################
	 #################################################################
	 #################################################################
	 #################################################################
	 #################################################################
	 #################################################################
	 #################################################################
	 #################################################################
	 #################################################################
	 #################################################################
	 #################################################################
	 #################################################################
	 #################################################################
	 ################################################################
	 4 MiB/s
done
Bytes transferred = 33376768 (1fd4a00 hex)
Using ethernet@e6800000 device
TFTP from server 192.168.10.98; our IP address is 192.168.10.107
Filename 'BV/PT3/boot_USB2H/r8a779m3-salvator-xs.dtb'.
Load address: 0x48000000
Loading: *######
	 4.6 MiB/s
done
Bytes transferred = 76881 (12c51 hex)
Moving Image from 0x48080000 to 0x48200000, end=4a260000
## Flattened Device Tree blob at 48000000
   Booting using the fdt blob at 0x48000000
   Loading Device Tree to 0000000053fea000, end 0000000053fffc50 ... OK

Starting kernel ...

[    0.000000] Booting Linux on physical CPU 0x0000000000 [0x411fd073]
[    0.000000] Linux version 5.10.194-yocto-standard (thuan.nguyen-hong@banvien) (aarch64-poky-linux-gcc (GCC) 9.3.0, GNU ld (GNU Binutils) 2.34.0.20200220) #10 SMP PREEMPT Mon Feb 19 03:51:05 UTC 2024
[    0.000000] Machine model: Renesas Salvator-X 2nd version board based on r8a779m3
[    0.000000] efi: UEFI not found.
[    0.000000] Reserved memory: created CMA memory pool at 0x0000000057000000, size 16 MiB
[    0.000000] OF: reserved mem: initialized node linux,adsp@57000000, compatible id shared-dma-pool
[    0.000000] Reserved memory: created CMA memory pool at 0x0000000058000000, size 384 MiB
[    0.000000] OF: reserved mem: initialized node linux,cma@58000000, compatible id shared-dma-pool
[    0.000000] Reserved memory: created CMA memory pool at 0x0000000070000000, size 256 MiB
[    0.000000] OF: reserved mem: initialized node linux,multimedia@70000000, compatible id shared-dma-pool
[    0.000000] NUMA: No NUMA configuration found
[    0.000000] NUMA: Faking a node at [mem 0x0000000048000000-0x00000006ffffffff]
[    0.000000] NUMA: NODE_DATA [mem 0x6fefebb00-0x6fefedfff]
[    0.000000] Zone ranges:
[    0.000000]   DMA      [mem 0x0000000048000000-0x00000000ffffffff]
[    0.000000]   DMA32    empty
[    0.000000]   Normal   [mem 0x0000000100000000-0x00000006ffffffff]
[    0.000000] Movable zone start for each node
[    0.000000] Early memory node ranges
[    0.000000]   node   0: [mem 0x0000000048000000-0x0000000053ffffff]
[    0.000000]   node   0: [mem 0x0000000054000000-0x0000000056ffffff]
[    0.000000]   node   0: [mem 0x0000000057000000-0x00000000bfffffff]
[    0.000000]   node   0: [mem 0x0000000480000000-0x00000004ffffffff]
[    0.000000]   node   0: [mem 0x0000000600000000-0x00000006ffffffff]
[    0.000000] Initmem setup node 0 [mem 0x0000000048000000-0x00000006ffffffff]
[    0.000000] psci: probing for conduit method from DT.
[    0.000000] psci: PSCIv1.1 detected in firmware.
[    0.000000] psci: Using standard PSCI v0.2 function IDs
[    0.000000] psci: Trusted OS resident on physical CPU 0x0
[    0.000000] psci: SMC Calling Convention v1.2
[    0.000000] percpu: Embedded 23 pages/cpu s56984 r8192 d29032 u94208
[    0.000000] Detected PIPT I-cache on CPU0
[    0.000000] CPU features: detected: EL2 vector hardening
[    0.000000] CPU features: detected: Spectre-v2
[    0.000000] CPU features: detected: ARM errata 1165522, 1319367, or 1530923
[    0.000000] CPU features: detected: Spectre-BHB
[    0.000000] CPU features: detected: ARM erratum 1742098
[    0.000000] Built 1 zonelists, mobility grouping on.  Total pages: 2032128
[    0.000000] Policy zone: Normal
[    0.000000] Kernel command line: rw root=/dev/nfs nfsroot=192.168.10.98:/data/tftpboot/BV/PT3/rootfs_M3e,nfsvers=4 ip=192.168.10.107
[    0.000000] Dentry cache hash table entries: 1048576 (order: 11, 8388608 bytes, linear)
[    0.000000] Inode-cache hash table entries: 524288 (order: 10, 4194304 bytes, linear)
[    0.000000] mem auto-init: stack:off, heap alloc:off, heap free:off
[    0.000000] software IO TLB: mapped [mem 0x00000000bc000000-0x00000000c0000000] (64MB)
[    0.000000] Memory: 7277108K/8257536K available (15232K kernel code, 2834K rwdata, 8240K rodata, 6144K init, 517K bss, 308684K reserved, 671744K cma-reserved)
[    0.000000] SLUB: HWalign=64, Order=0-3, MinObjects=0, CPUs=6, Nodes=1
[    0.000000] rcu: Preemptible hierarchical RCU implementation.
[    0.000000] rcu: 	RCU event tracing is enabled.
[    0.000000] rcu: 	RCU restricting CPUs from NR_CPUS=256 to nr_cpu_ids=6.
[    0.000000] 	Trampoline variant of Tasks RCU enabled.
[    0.000000] rcu: RCU calculated value of scheduler-enlistment delay is 25 jiffies.
[    0.000000] rcu: Adjusting geometry for rcu_fanout_leaf=16, nr_cpu_ids=6
[    0.000000] NR_IRQS: 64, nr_irqs: 64, preallocated irqs: 0
[    0.000000] arch_timer: cp15 timer(s) running at 8.32MHz (virt).
[    0.000000] clocksource: arch_sys_counter: mask: 0xffffffffffffff max_cycles: 0x1eb398c07, max_idle_ns: 440795202503 ns
[    0.000003] sched_clock: 56 bits at 8MHz, resolution 120ns, wraps every 2199023255503ns
[    0.000222] Console: colour dummy device 80x25
[    0.000428] printk: console [tty0] enabled
[    0.000510] Calibrating delay loop (skipped), value calculated using timer frequency.. 16.64 BogoMIPS (lpj=33280)
[    0.000527] pid_max: default: 32768 minimum: 301
[    0.000582] LSM: Security Framework initializing
[    0.000671] Mount-cache hash table entries: 16384 (order: 5, 131072 bytes, linear)
[    0.000723] Mountpoint-cache hash table entries: 16384 (order: 5, 131072 bytes, linear)
[    0.002230] rcu: Hierarchical SRCU implementation.
[    0.003817] Detected Renesas R-Car Gen3 r8a77961 ES3.0
[    0.005647] EFI services will not be available.
[    0.005997] smp: Bringing up secondary CPUs ...
[    0.006510] Detected PIPT I-cache on CPU1
[    0.006568] CPU1: Booted secondary processor 0x0000000001 [0x411fd073]
[    0.007140] CPU features: detected: ARM erratum 845719
[    0.007154] Detected VIPT I-cache on CPU2
[    0.007211] CPU2: Booted secondary processor 0x0000000100 [0x410fd034]
[    0.007724] Detected VIPT I-cache on CPU3
[    0.007751] CPU3: Booted secondary processor 0x0000000101 [0x410fd034]
[    0.008256] Detected VIPT I-cache on CPU4
[    0.008284] CPU4: Booted secondary processor 0x0000000102 [0x410fd034]
[    0.008769] Detected VIPT I-cache on CPU5
[    0.008797] CPU5: Booted secondary processor 0x0000000103 [0x410fd034]
[    0.008876] smp: Brought up 1 node, 6 CPUs
[    0.008929] SMP: Total of 6 processors activated.
[    0.008937] CPU features: detected: 32-bit EL0 Support
[    0.008943] CPU features: detected: CRC32 instructions
[    0.008950] CPU features: detected: 32-bit EL1 Support
[    0.022648] CPU: All CPU(s) started at EL1
[    0.022708] alternatives: patching kernel code
[    0.023716] devtmpfs: initialized
[    0.029798] KASLR disabled due to lack of seed
[    0.029970] clocksource: jiffies: mask: 0xffffffff max_cycles: 0xffffffff, max_idle_ns: 7645041785100000 ns
[    0.029992] futex hash table entries: 2048 (order: 5, 131072 bytes, linear)
[    0.038581] pinctrl core: initialized pinctrl subsystem
[    0.040150] DMI not present or invalid.
[    0.040667] NET: Registered protocol family 16
[    0.041566] DMA: preallocated 1024 KiB GFP_KERNEL pool for atomic allocations
[    0.041743] DMA: preallocated 1024 KiB GFP_KERNEL|GFP_DMA pool for atomic allocations
[    0.042009] DMA: preallocated 1024 KiB GFP_KERNEL|GFP_DMA32 pool for atomic allocations
[    0.042057] audit: initializing netlink subsys (disabled)
[    0.042250] audit: type=2000 audit(0.040:1): state=initialized audit_enabled=0 res=1
[    0.043385] thermal_sys: Registered thermal governor 'power_allocator'
[    0.043976] cpuidle: using governor menu
[    0.044173] hw-breakpoint: found 6 breakpoint and 4 watchpoint registers.
[    0.044281] ASID allocator initialised with 65536 entries
[    0.045736] Serial: AMBA PL011 UART driver
[    0.081816] sh-pfc e6060000.pinctrl: r8a77961_pfc support registered
[    0.094501] HugeTLB registered 1.00 GiB page size, pre-allocated 0 pages
[    0.094515] HugeTLB registered 32.0 MiB page size, pre-allocated 0 pages
[    0.094523] HugeTLB registered 2.00 MiB page size, pre-allocated 0 pages
[    0.094531] HugeTLB registered 64.0 KiB page size, pre-allocated 0 pages
[    0.095690] cryptd: max_cpu_qlen set to 1000
[    0.098096] ACPI: Interpreter disabled.
[    0.101548] rcar-avs: use avs value: 0
[    0.101571] rcar-avs: cpu@0 is running with: opp_table0
[    0.101580] rcar-avs: cpu@1 is running with: opp_table0
[    0.101670] rcar-avs: gsx@fd000000 is running with: gsx_opp_table0
[    0.103122] iommu: Default domain type: Translated 
[    0.103754] ipmmu-vmsa e67b0000.iommu: IPMMU context 0 is reserved
[    0.104871] vgaarb: loaded
[    0.105090] SCSI subsystem initialized
[    0.105356] usbcore: registered new interface driver usbfs
[    0.105384] usbcore: registered new interface driver hub
[    0.105409] usbcore: registered new device driver usb
[    0.108981] i2c-sh_mobile e60b0000.i2c: I2C adapter 7, bus speed 400000 Hz
[    0.109533] mc: Linux media interface: v0.10
[    0.109560] videodev: Linux video capture interface: v2.00
[    0.109624] pps_core: LinuxPPS API ver. 1 registered
[    0.109632] pps_core: Software ver. 5.3.6 - Copyright 2005-2007 Rodolfo Giometti <giometti@linux.it>
[    0.109645] PTP clock support registered
[    0.109833] EDAC MC: Ver: 3.0.0
[    0.111806] FPGA manager framework
[    0.111883] Advanced Linux Sound Architecture Driver Initialized.
[    0.112469] clocksource: Switched to clocksource arch_sys_counter
[    0.112646] VFS: Disk quotas dquot_6.6.0
[    0.112694] VFS: Dquot-cache hash table entries: 512 (order 0, 4096 bytes)
[    0.112830] pnp: PnP ACPI: disabled
[    0.116407] NET: Registered protocol family 2
[    0.116852] IP idents hash table entries: 131072 (order: 8, 1048576 bytes, linear)
[    0.119136] tcp_listen_portaddr_hash hash table entries: 4096 (order: 4, 65536 bytes, linear)
[    0.119222] TCP established hash table entries: 65536 (order: 7, 524288 bytes, linear)
[    0.119506] TCP bind hash table entries: 65536 (order: 8, 1048576 bytes, linear)
[    0.120121] TCP: Hash tables configured (established 65536 bind 65536)
[    0.120265] UDP hash table entries: 4096 (order: 5, 131072 bytes, linear)
[    0.120383] UDP-Lite hash table entries: 4096 (order: 5, 131072 bytes, linear)
[    0.120649] NET: Registered protocol family 1
[    0.120994] RPC: Registered named UNIX socket transport module.
[    0.121008] RPC: Registered udp transport module.
[    0.121014] RPC: Registered tcp transport module.
[    0.121019] RPC: Registered tcp NFSv4.1 backchannel transport module.
[    0.121033] PCI: CLS 0 bytes, default 64
[    0.121868] hw perfevents: enabled with armv8_cortex_a53 PMU driver, 7 counters available
[    0.122095] hw perfevents: enabled with armv8_cortex_a57 PMU driver, 7 counters available
[    0.122625] kvm [1]: HYP mode not available
[    0.125707] Initialise system trusted keyrings
[    0.125839] workingset: timestamp_bits=42 max_order=21 bucket_order=0
[    0.129040] squashfs: version 4.0 (2009/01/31) Phillip Lougher
[    0.129456] NFS: Registering the id_resolver key type
[    0.129497] Key type id_resolver registered
[    0.129504] Key type id_legacy registered
[    0.129563] nfs4filelayout_init: NFSv4 File Layout Driver Registering...
[    0.129574] nfs4flexfilelayout_init: NFSv4 Flexfile Layout Driver Registering...
[    0.129686] 9p: Installing v9fs 9p2000 file system support
[    0.155688] Key type asymmetric registered
[    0.155703] Asymmetric key parser 'x509' registered
[    0.155749] Block layer SCSI generic (bsg) driver version 0.4 loaded (major 243)
[    0.155761] io scheduler mq-deadline registered
[    0.155771] io scheduler kyber registered
[    0.168667] gpio_rcar e6050000.gpio: driving 16 GPIOs
[    0.169054] gpio_rcar e6051000.gpio: driving 29 GPIOs
[    0.169357] gpio_rcar e6052000.gpio: driving 15 GPIOs
[    0.169659] gpio_rcar e6053000.gpio: driving 16 GPIOs
[    0.169944] gpio_rcar e6054000.gpio: driving 18 GPIOs
[    0.170233] gpio_rcar e6055000.gpio: driving 26 GPIOs
[    0.170525] gpio_rcar e6055400.gpio: driving 32 GPIOs
[    0.170799] gpio_rcar e6055800.gpio: driving 4 GPIOs
[    0.173705] rcar-pcie fe000000.pcie: host bridge /soc/pcie@fe000000 ranges:
[    0.173739] rcar-pcie fe000000.pcie:       IO 0x00fe100000..0x00fe1fffff -> 0x0000000000
[    0.173761] rcar-pcie fe000000.pcie:      MEM 0x00fe200000..0x00fe3fffff -> 0x00fe200000
[    0.173781] rcar-pcie fe000000.pcie:      MEM 0x0030000000..0x0037ffffff -> 0x0030000000
[    0.173794] rcar-pcie fe000000.pcie:      MEM 0x0038000000..0x003fffffff -> 0x0038000000
[    0.173811] rcar-pcie fe000000.pcie:   IB MEM 0x0040000000..0x00bfffffff -> 0x0040000000
[    0.173857] rcar-pcie fe000000.pcie: no pcie3v3 regulator found
[    0.173869] rcar-pcie fe000000.pcie: no pcie1v8 regulator found
[    0.244186] rcar-pcie fe000000.pcie: PCIe link down
[    0.244380] rcar-pcie ee800000.pcie: host bridge /soc/pcie@ee800000 ranges:
[    0.244406] rcar-pcie ee800000.pcie:       IO 0x00ee900000..0x00ee9fffff -> 0x0000000000
[    0.244426] rcar-pcie ee800000.pcie:      MEM 0x00eea00000..0x00eebfffff -> 0x00eea00000
[    0.244443] rcar-pcie ee800000.pcie:      MEM 0x00c0000000..0x00c7ffffff -> 0x00c0000000
[    0.244456] rcar-pcie ee800000.pcie:      MEM 0x00c8000000..0x00cfffffff -> 0x00c8000000
[    0.244491] rcar-pcie ee800000.pcie:   IB MEM 0x0040000000..0x00bfffffff -> 0x0040000000
[    0.244527] rcar-pcie ee800000.pcie: no pcie3v3 regulator found
[    0.244536] rcar-pcie ee800000.pcie: no pcie1v8 regulator found
[    0.312168] rcar-pcie ee800000.pcie: PCIe link down
[    0.314299] EINJ: ACPI disabled.
[    0.345617] Serial: 8250/16550 driver, 4 ports, IRQ sharing enabled
[    0.348015] SuperH (H)SCI(F) driver initialized
[    0.348444] e6550000.serial: ttySC1 at MMIO 0xe6550000 (irq = 40, base_baud = 0) is a hscif
[    0.349326] e6e88000.serial: ttySC0 at MMIO 0xe6e88000 (irq = 123, base_baud = 0) is a scif
[    1.513043] printk: console [ttySC0] enabled
[    1.518542] msm_serial: driver initialized
[    1.528003] rcar-dw-hdmi fead0000.hdmi: Detected HDMI TX controller v2.01a with HDCP (DWC HDMI 2.0 TX PHY)
[    1.537946] rcar-dw-hdmi fead0000.hdmi: registered DesignWare HDMI I2C bus driver
[    1.553869] loop: module loaded
[    1.558506] megasas: 07.714.04.00-rc1
[    1.567910] tun: Universal TUN/TAP device driver, 1.6
[    1.573806] thunder_xcv, ver 1.0
[    1.577076] thunder_bgx, ver 1.0
[    1.580320] nicpf, ver 1.0
[    1.584275] hclge is initializing
[    1.587621] hns3: Hisilicon Ethernet Network Driver for Hip08 Family - version
[    1.594846] hns3: Copyright (c) 2017 Huawei Corporation.
[    1.600185] e1000: Intel(R) PRO/1000 Network Driver
[    1.605065] e1000: Copyright (c) 1999-2006 Intel Corporation.
[    1.610836] e1000e: Intel(R) PRO/1000 Network Driver
[    1.615806] e1000e: Copyright(c) 1999 - 2015 Intel Corporation.
[    1.621747] igb: Intel(R) Gigabit Ethernet Network Driver
[    1.627147] igb: Copyright (c) 2007-2014 Intel Corporation.
[    1.632735] igbvf: Intel(R) Gigabit Virtual Function Network Driver
[    1.639003] igbvf: Copyright (c) 2009 - 2012 Intel Corporation.
[    1.645299] sky2: driver version 1.30
[    1.652995] ravb e6800000.ethernet eth0: Base address at 0xe6800000, 2e:09:0a:03:99:2c, IRQ 120.
[    1.663207] VFIO - User Level meta-driver version: 0.3
[    1.670220] ehci_hcd: USB 2.0 'Enhanced' Host Controller (EHCI) Driver
[    1.676770] ehci-pci: EHCI PCI platform driver
[    1.681242] ehci-platform: EHCI generic platform driver
[    1.686954] ehci-platform ee0a0100.usb: EHCI Host Controller
[    1.692643] ehci-platform ee0a0100.usb: new USB bus registered, assigned bus number 1
[    1.700561] ehci-platform ee0a0100.usb: irq 170, io mem 0xee0a0100
[    1.720482] ehci-platform ee0a0100.usb: USB 2.0 started, EHCI 1.10
[    1.727037] hub 1-0:1.0: USB hub found
[    1.730813] hub 1-0:1.0: 1 port detected
[    1.735224] ehci-orion: EHCI orion driver
[    1.739508] ehci-exynos: EHCI Exynos driver
[    1.743807] ohci_hcd: USB 1.1 'Open' Host Controller (OHCI) Driver
[    1.750007] ohci-pci: OHCI PCI platform driver
[    1.754502] ohci-platform: OHCI generic platform driver
[    1.760108] ohci-platform ee0a0000.usb: Generic Platform OHCI controller
[    1.766834] ohci-platform ee0a0000.usb: new USB bus registered, assigned bus number 2
[    1.774719] ohci-platform ee0a0000.usb: irq 170, io mem 0xee0a0000
[    1.870783] hub 2-0:1.0: USB hub found
[    1.874560] hub 2-0:1.0: 1 port detected
[    1.878929] ohci-exynos: OHCI Exynos driver
[    1.883817] xhci-hcd ee000000.usb: xHCI Host Controller
[    1.889063] xhci-hcd ee000000.usb: new USB bus registered, assigned bus number 3
[    1.912333] xhci-hcd ee000000.usb: hcc params 0x014051ce hci version 0x100 quirks 0x0000000000830410
[    1.921513] xhci-hcd ee000000.usb: irq 167, io mem 0xee000000
[    1.927379] xhci-hcd ee000000.usb: xHCI Host Controller
[    1.932613] xhci-hcd ee000000.usb: new USB bus registered, assigned bus number 4
[    1.940017] xhci-hcd ee000000.usb: Host supports USB 3.0 SuperSpeed
[    1.946626] hub 3-0:1.0: USB hub found
[    1.950397] hub 3-0:1.0: 1 port detected
[    1.954501] usb usb4: We don't know the algorithms for LPM for this host, disabling LPM.
[    1.962862] hub 4-0:1.0: USB hub found
[    1.966631] hub 4-0:1.0: 1 port detected
[    1.971459] usbcore: registered new interface driver usb-storage
[    1.978997] renesas_usbhs e6590000.usb: host probed
[    1.983894] renesas_usbhs e6590000.usb: no transceiver found
[    1.989636] renesas_usbhs e6590000.usb: gadget probed
[    1.994874] renesas_usbhs e6590000.usb: probed
[    2.001649] i2c /dev entries driver
[    2.015956] cs2000-cp 2-004f: revision - C1
[    2.020220] i2c-rcar e6510000.i2c: probed
[    2.025171] pca953x 4-0020: supply vcc not found, using dummy regulator
[    2.031892] pca953x 4-0020: using no AI
[    2.042554] i2c-rcar e66d8000.i2c: probed
[    2.047927] adv748x 4-0070: Endpoint /soc/i2c@e66d8000/video-receiver@70/port@7/endpoint on port 7
[    2.056916] adv748x 4-0070: Endpoint /soc/i2c@e66d8000/video-receiver@70/port@8/endpoint on port 8
[    2.065888] adv748x 4-0070: Endpoint /soc/i2c@e66d8000/video-receiver@70/port@a/endpoint on port 10
[    2.074958] adv748x 4-0070: Endpoint /soc/i2c@e66d8000/video-receiver@70/port@b/endpoint on port 11
[    2.084353] adv748x 4-0070: chip found @ 0xe0 revision 2143
[    2.137894] rcar-csi2 fea80000.csi2: 1 lanes found
[    2.143063] rcar-csi2 feaa0000.csi2: 4 lanes found
[    2.152805] rcar-vin e6ef0000.video: Device registered as video0
[    2.158898] rcar-vin e6ef1000.video: Device registered as video1
[    2.164981] rcar-vin e6ef2000.video: Device registered as video2
[    2.171067] rcar-vin e6ef3000.video: Device registered as video3
[    2.177144] rcar-vin e6ef4000.video: Device registered as video4
[    2.183221] rcar-vin e6ef5000.video: Device registered as video5
[    2.189306] rcar-vin e6ef6000.video: Device registered as video6
[    2.195389] rcar-vin e6ef7000.video: Device registered as video7
[    2.203978] rcar_gen3_thermal e6198000.thermal: is using pseudo fixed FUSE values
[    2.216112] rcar_gen3_thermal e6198000.thermal: TSC0: Loaded 1 trip points
[    2.226537] rcar_gen3_thermal e6198000.thermal: TSC1: Loaded 1 trip points
[    2.237794] rcar_gen3_thermal e6198000.thermal: TSC2: Loaded 3 trip points
[    2.249858] sdhci: Secure Digital Host Controller Interface driver
[    2.256066] sdhci: Copyright(c) Pierre Ossman
[    2.261188] Synopsys Designware Multimedia Card Interface Driver
[    2.261766] renesas_sdhi_internal_dmac ee140000.mmc: Adding to iommu group 0
[    2.261951] renesas_sdhi_internal_dmac ee100000.mmc: Got CD GPIO
[    2.261955] renesas_sdhi_internal_dmac ee160000.mmc: Got CD GPIO
[    2.261980] renesas_sdhi_internal_dmac ee100000.mmc: Got WP GPIO
[    2.261988] renesas_sdhi_internal_dmac ee160000.mmc: Got WP GPIO
[    2.268357] sdhci-pltfm: SDHCI platform and OF driver helper
[    2.274300] renesas_sdhi_internal_dmac ee140000.mmc: Using IPMMU context 1
[    2.311604] ledtrig-cpu: registered to indicate activity on CPUs
[    2.318686] SMCCC: SOC_ID: ARCH_SOC_ID not implemented, skipping ....
[    2.325717] usbcore: registered new interface driver usbhid
[    2.331299] usbhid: USB HID core driver
[    2.338450] optee: probing for conduit method.
[    2.342926] optee: revision 3.22 (314ecf9d)
[    2.343271] optee driver R-Car Rev.1.0.11
[    2.351904] optee: dynamic shared memory is enabled
[    2.357090] optee: initialized driver
[    2.358932] renesas_sdhi_internal_dmac ee140000.mmc: mmc0 base at 0x00000000ee140000, max clock rate 200 MHz
[    2.371548] rcar_sound ec500000.sound: probed
[    2.376696] NET: Registered protocol family 17
[    2.381301] 9pnet: Installing 9P2000 support
[    2.385650] Key type dns_resolver registered
[    2.390397] registered taskstats version 1
[    2.394539] Loading compiled-in X.509 certificates
[    2.408916] thermal emergency: set temperature to 110 celsius
[    2.414902] thermal emergency: shutdown target cpus 1-5
[    2.420153] thermal emergency: freq scaled target cpus 0
[    2.425831] renesas_irqc e61c0000.interrupt-controller: driving 6 irqs
[    2.463490] mmc0: new HS400 MMC card at address 0001
[    2.469306] mmcblk0: mmc0:0001 BGSD4R 29.1 GiB 
[    2.474255] mmcblk0boot0: mmc0:0001 BGSD4R partition 1 31.9 MiB
[    2.476501] ehci-platform ee080100.usb: EHCI Host Controller
[    2.480600] mmcblk0boot1: mmc0:0001 BGSD4R partition 2 31.9 MiB
[    2.485859] ehci-platform ee080100.usb: new USB bus registered, assigned bus number 5
[    2.491867] mmcblk0rpmb: mmc0:0001 BGSD4R partition 3 4.00 MiB, chardev (509:0)
[    2.499676] ehci-platform ee080100.usb: irq 169, io mem 0xee080100
[    2.513418]  mmcblk0: p1 p2
[    2.528483] ehci-platform ee080100.usb: USB 2.0 started, EHCI 1.10
[    2.535219] hub 5-0:1.0: USB hub found
[    2.538999] hub 5-0:1.0: 1 port detected
[    2.544641] ohci-platform ee080000.usb: Generic Platform OHCI controller
[    2.551375] ohci-platform ee080000.usb: new USB bus registered, assigned bus number 6
[    2.559281] ohci-platform ee080000.usb: irq 169, io mem 0xee080000
[    2.654960] hub 6-0:1.0: USB hub found
[    2.658739] hub 6-0:1.0: 1 port detected
[    2.664446] cpu cpu0: EM: created perf domain
[    2.669611] cpu cpu2: EM: created perf domain
[    2.678498] renesas_sdhi_internal_dmac ee100000.mmc: Got CD GPIO
[    2.684575] renesas_sdhi_internal_dmac ee100000.mmc: Got WP GPIO
[    2.692537] renesas_sdhi_internal_dmac ee160000.mmc: Got CD GPIO
[    2.699030] renesas_sdhi_internal_dmac ee160000.mmc: Got WP GPIO
[    2.699426] [drm] Initialized rcar-du 1.0.0 20130110 for feb00000.display on minor 0
[    2.712845] [drm] Device feb00000.display probed
[    2.747415] renesas_sdhi_internal_dmac ee100000.mmc: mmc1 base at 0x00000000ee100000, max clock rate 200 MHz
[    2.752985] renesas_sdhi_internal_dmac ee160000.mmc: mmc2 base at 0x00000000ee160000, max clock rate 200 MHz
[    2.755580] Console: switching to colour frame buffer device 128x48
[    2.797512] rcar-du feb00000.display: [drm] fb0: rcar-dudrmfb frame buffer device
[    2.806998] input: keys as /devices/platform/keys/input/input0
[    2.888208] Micrel KSZ9031 Gigabit PHY e6800000.ethernet-ffffffff:00: attached PHY driver [Micrel KSZ9031 Gigabit PHY] (mii_bus:phy_addr=e6800000.ethernet-ffffffff:00, irq=175)
[    9.419900] ravb e6800000.ethernet eth0: Link is Up - 1Gbps/Full - flow control off
[    9.440496] IP-Config: Guessing netmask 255.255.255.0
[    9.445655] IP-Config: Complete:
[    9.448969]      device=eth0, hwaddr=2e:09:0a:03:99:2c, ipaddr=192.168.10.107, mask=255.255.255.0, gw=255.255.255.255
[    9.459784]      host=192.168.10.107, domain=, nis-domain=(none)
[    9.465913]      bootserver=255.255.255.255, rootserver=192.168.10.98, rootpath=
[    9.466489] ALSA device list:
[    9.477116]   #0: rcar-sound
[   10.147705] VFS: Mounted root (nfs4 filesystem) on device 0:22.
[   10.154662] devtmpfs: mounted
[   10.160381] Freeing unused kernel memory: 6144K
[   10.184588] Run /sbin/init as init process
[   10.362467] systemd[1]: System time before build time, advancing clock.
[   10.755502] NET: Registered protocol family 10
[   10.763775] Segment Routing with IPv6
[   10.789921] systemd[1]: systemd 244 running in system mode. (+PAM -AUDIT -SELINUX +IMA -APPARMOR -SMACK +SYSVINIT +UTMP -LIBCRYPTSETUP -GCRYPT -GNUTLS +ACL +XZ -LZ4 -SECCOMP +BLKID -ELFUTILS +KMOD -IDN2 -IDN -PCRE2 default-hierarchy=hybrid)
[   10.813288] systemd[1]: Detected architecture arm64.

Welcome to [1mPoky (Yocto Project Reference Distro) 3.1.11 (dunfell)[0m!

[   10.842361] systemd[1]: Set hostname to <salvator-x>.
[   11.567134] random: systemd: uninitialized urandom read (16 bytes read)
[   11.578351] systemd[1]: system-getty.slice: unit configures an IP firewall, but the local system does not support BPF/cgroup firewalling.
[   11.597264] systemd[1]: (This warning is only shown for the first unit using IP firewalling.)
[   11.611504] systemd[1]: Created slice system-getty.slice.
[[0;32m  OK  [0m] Created slice [0;1;39msystem-getty.slice[0m.
[   11.636627] random: systemd: uninitialized urandom read (16 bytes read)
[   11.645490] systemd[1]: Created slice system-serial\x2dgetty.slice.
[[0;32m  OK  [0m] Created slice [0;1;39msystem-serial\x2dgetty.slice[0m.
[   11.668622] random: systemd: uninitialized urandom read (16 bytes read)
[   11.677378] systemd[1]: Created slice User and Session Slice.
[[0;32m  OK  [0m] Created slice [0;1;39mUser and Session Slice[0m.
[   11.700841] systemd[1]: Started Dispatch Password Requests to Console Directory Watch.
[[0;32m  OK  [0m] Started [0;1;39mDispatch Password â€¦ts to Console Directory Watch[0m.
[   11.728937] systemd[1]: Started Forward Password Requests to Wall Directory Watch.
[[0;32m  OK  [0m] Started [0;1;39mForward Password Râ€¦uests to Wall Directory Watch[0m.
[   11.756840] systemd[1]: Reached target Paths.
[[0;32m  OK  [0m] Reached target [0;1;39mPaths[0m.
[   11.780703] systemd[1]: Reached target Remote File Systems.
[[0;32m  OK  [0m] Reached target [0;1;39mRemote File Systems[0m.
[   11.804685] systemd[1]: Reached target Slices.
[[0;32m  OK  [0m] Reached target [0;1;39mSlices[0m.
[   11.828679] systemd[1]: Reached target Swap.
[[0;32m  OK  [0m] Reached target [0;1;39mSwap[0m.
[   11.855933] systemd[1]: Listening on RPCbind Server Activation Socket.
[[0;32m  OK  [0m] Listening on [0;1;39mRPCbind Server Activation Socket[0m.
[   11.884737] systemd[1]: Reached target RPC Port Mapper.
[[0;32m  OK  [0m] Reached target [0;1;39mRPC Port Mapper[0m.
[   11.909061] systemd[1]: Listening on initctl Compatibility Named Pipe.
[[0;32m  OK  [0m] Listening on [0;1;39minitctl Compatibility Named Pipe[0m.
[   11.938742] systemd[1]: Listening on Journal Audit Socket.
[[0;32m  OK  [0m] Listening on [0;1;39mJournal Audit Socket[0m.
[   11.966024] systemd[1]: Listening on Journal Socket (/dev/log).
[[0;32m  OK  [0m] Listening on [0;1;39mJournal Socket (/dev/log)[0m.
[   11.993423] systemd[1]: Listening on Journal Socket.
[[0;32m  OK  [0m] Listening on [0;1;39mJournal Socket[0m.
[   12.018173] systemd[1]: Listening on Network Service Netlink Socket.
[[0;32m  OK  [0m] Listening on [0;1;39mNetwork Service Netlink Socket[0m.
[   12.046890] systemd[1]: Listening on udev Control Socket.
[[0;32m  OK  [0m] Listening on [0;1;39mudev Control Socket[0m.
[   12.073227] systemd[1]: Listening on udev Kernel Socket.
[[0;32m  OK  [0m] Listening on [0;1;39mudev Kernel Socket[0m.
[   12.102555] systemd[1]: Mounting Huge Pages File System...
         Mounting [0;1;39mHuge Pages File System[0m...
[   12.134394] systemd[1]: Mounting POSIX Message Queue File System...
         Mounting [0;1;39mPOSIX Message Queue File System[0m...
[   12.166371] systemd[1]: Mounting Kernel Debug File System...
         Mounting [0;1;39mKernel Debug File System[0m...
[   12.201707] systemd[1]: Mounting Temporary Directory (/tmp)...
         Mounting [0;1;39mTemporary Directory (/tmp)[0m...
[   12.231695] systemd[1]: Starting Create list of static device nodes for the current kernel...
         Starting [0;1;39mCreate list of stâ€¦odes for the current kernel[0m...
[   12.266273] systemd[1]: Starting Start psplash boot splash screen...
[   12.276551] random: crng init done
[   12.282010] random: 21 urandom warning(s) missed due to ratelimiting
         Starting [0;1;39mStart psplash boot splash screen[0m...
[   12.316230] systemd[1]: Starting RPC Bind...
         Starting [0;1;39mRPC Bind[0m...
[   12.334082] systemd[1]: Condition check resulted in File System Check on Root Device being skipped.
[   12.341862] systemd[1]: Starting Journal Service...
         Starting [0;1;39mJournal Service[0m...
[   12.374070] systemd[1]: Starting Load Kernel Modules...
         Starting [0;1;39mLoad Kernel Modules[0m...
[   12.397760] systemd[1]: Starting Remount Root and Kernel File Systems...
         Starting [0;1;39mRemount Root and Kernel File Systems[0m...
[   12.426821] systemd[1]: Starting udev Coldplug all Devices...
         Starting [0;1;39mudev Coldplug all Devices[0m...
[   12.453756] systemd[1]: Started Start psplash boot splash screen.
[[0;32m  OK  [0m] Started [0;1;39mStart psplash boot splash screen[0m.
[   12.481472] systemd[1]: Started RPC Bind.
[[0;32m  OK  [0m] Started [0;1;39mRPC Bind[0m.
[   12.501505] systemd[1]: Started Journal Service.
[[0;32m  OK  [0m] Started [0;1;39mJournal Service[0m.
[[0;32m  OK  [0m] Mounted [0;1;39mHuge Pages File System[0m.
[[0;32m  OK  [0m] Mounted [0;1;39mPOSIX Message Queue File System[0m.
[[0;32m  OK  [0m] Mounted [0;1;39mKernel Debug File System[0m.
[[0;32m  OK  [0m] Mounted [0;1;39mTemporary Directory (/tmp)[0m.
[[0;32m  OK  [0m] Started [0;1;39mCreate list of staâ€¦ nodes for the current kernel[0m.
[[0;32m  OK  [0m] Started [0;1;39mLoad Kernel Modules[0m.
[[0;32m  OK  [0m] Started [0;1;39mRemount Root and Kernel File Systems[0m.
         Mounting [0;1;39mKernel Configuration File System[0m...
[[0;32m  OK  [0m] Started [0;1;39mStart psplash-systâ€¦progress communication helper[0m.
         Starting [0;1;39mFlush Journal to Persistent Storage[0m...
         Starting [0;1;39mApply Kernel Variables[0m...
[   12.740869] systemd-journald[313]: Received client request to flush runtime journal.
         Starting [0;1;39mCreate Static Device Nodes in /dev[0m...
[[0;32m  OK  [0m] Mounted [0;1;39mKernel Configuration File System[0m.
[[0;32m  OK  [0m] Started [0;1;39mFlush Journal to Persistent Storage[0m.
[[0;32m  OK  [0m] Started [0;1;39mApply Kernel Variables[0m.
[[0;32m  OK  [0m] Started [0;1;39mCreate Static Device Nodes in /dev[0m.
[[0;32m  OK  [0m] Reached target [0;1;39mLocal File Systems (Pre)[0m.
         Mounting [0;1;39m/var/volatile[0m...
         Starting [0;1;39mudev Kernel Device Manager[0m...
[[0;32m  OK  [0m] Started [0;1;39mudev Coldplug all Devices[0m.
[[0;32m  OK  [0m] Mounted [0;1;39m/var/volatile[0m.
         Starting [0;1;39mLoad/Save Random Seed[0m...
[[0;32m  OK  [0m] Reached target [0;1;39mLocal File Systems[0m.
         Starting [0;1;39mCreate Volatile Files and Directories[0m...
[[0;32m  OK  [0m] Started [0;1;39mLoad/Save Random Seed[0m.
[[0;32m  OK  [0m] Started [0;1;39mudev Kernel Device Manager[0m.
         Starting [0;1;39mNetwork Service[0m...
[[0;32m  OK  [0m] Started [0;1;39mCreate Volatile Files and Directories[0m.
         Starting [0;1;39mNetwork Time Synchronization[0m...
         Starting [0;1;39mUpdate UTMP about System Boot/Shutdown[0m...
[[0;32m  OK  [0m] Started [0;1;39mNetwork Service[0m.
         Starting [0;1;39mNetwork Name Resolution[0m...
[[0;32m  OK  [0m] Started [0;1;39mUpdate UTMP about System Boot/Shutdown[0m.
[[0;32m  OK  [0m] Started [0;1;39mNetwork Time Synchronization[0m.
[[0;32m  OK  [0m] Reached target [0;1;39mSystem Initialization[0m.
[[0;32m  OK  [0m] Started [0;1;39mDaily Cleanup of Temporary Directories[0m.
[[0;32m  OK  [0m] Reached target [0;1;39mSystem Time Set[0m.
[[0;32m  OK  [0m] Reached target [0;1;39mSystem Time Synchronized[0m.
[[0;32m  OK  [0m] Reached target [0;1;39mTimers[0m.
[[0;32m  OK  [0m] Listening on [0;1;39mAvahi mDNS/DNS-SD Stack Activation Socket[0m.
[   13.470190] pwm-backlight: probe of backlight failed with error -16
[[0;32m  OK  [0m] Listening on [0;1;39mD-Bus System Message Bus Socket[0m.
[[0;32m  OK  [0m] Listening on [0;1;39mdropbear.socket[0m.
[[0;32m  OK  [0m] Reached target [0;1;39mSockets[0m.
[[0;32m  OK  [0m] Reached target [0;1;39mBasic System[0m.
[[0;32m  OK  [0m] Started [0;1;39mD-Bus System Message Bus[0m.
[   13.592164] at24 7-0050: supply vcc not found, using dummy regulator
[[0;32m  OK  [0m] Started [0;1;39moptee services[0m.
         Starting [0;1;39mpvrinit.servi[   13.624895] at24 7-0050: 128 byte br24t01 EEPROM, writable, 8 bytes/write
ce[0m...
         Starting [0;1;39mPowerVR consumer services[0m...
         Starting [0;1;39mLogin Service[0m...
[[0;32m  OK  [0m] Started [0;1;39mNetwork Name Resolution[0m.
[   13.721215] renesas_usb3 ee020000.usb: probed with phy
[   13.789865] ccree e6601000.crypto: ARM CryptoCell 630P Driver: HW version 0xAF400001/0xDCC63000, Driver version 5.0
[   13.895987] ccree e6601000.crypto: ARM ccree device initialized
[[0;32m  OK  [0m] Created slice [0;1;39msystem-weston.slice[0m.
[[0;32m  OK  [0m] Reached target [0;1;39mNetwork[0m.
[[0;32m  OK  [0m] Reached target [0;1;39mHost and Network Name Lookups[0m.
[[0;32m  OK  [0m] Reached target [0;1;39mHardware activated USB gadget[0m.
         Starting [0;1;39mSave/Restore Sound Card State[0m...
         Starting [0;1;39mAvahi mDNS/DNS-SD Stack[0m...
         Starting [0;1;39mPermit User Sessions[0m...
[[0;32m  OK  [0m] Started [0;1;39mXinetd A Powerful Replacement For Inetd[0m.
[[0;1;31mFAILED[0m] Failed to start [0;1;39mPowerVR consumer services[0m.
See 'systemctl status rc.pvr.service' for details.
[[0;1;38;5;185mDEPEND[0m] Dependency failed for [0;1;39mWeston Wayland Compositor[0m.
[[0;1;31mFAILED[0m] Failed to start [0;1;39mpvrinit.service[0m.
See 'systemctl status pvrinit.service' for details.
[[0;32m  OK  [0m] Started [0;1;39mSave/Restore Sound Card State[0m.
[[0;32m  OK  [0m] Started [0;1;39mPermit User Sessions[0m.
[[0;32m  OK  [0m] Started [0;1;39mAvahi mDNS/DNS-SD Stack[0m.
[[0;32m  OK  [0m] Started [0;1;39mLogin Service[0m.
[[0;32m  OK  [0m] Reached target [0;1;39mSound Card[0m.
[[0;32m  OK  [0m] Started [0;1;39mGetty on tty1[0m.
[[0;32m  OK  [0m] Started [0;1;39mSerial Getty on ttySC0[0m.
[[0;32m  OK  [0m] Reached target [0;1;39mLogin Prompts[0m.
         Starting [0;1;39mset_default_governor.service[0m...
[   14.464662] rd 0-5: Disabling EAS, schedutil is mandatory
[[0;32m  OK  [0m] Started [0;1;39mset_default_governor.service[0m.
[[0;32m  OK  [0m] Reached target [0;1;39mMulti-User System[0m.
         Starting [0;1;39mUpdate UTMP about System Runlevel Changes[0m...
[[0;32m  OK  [0m] Started [0;1;39mUpdate UTMP about System Runlevel Changes[0m.

Poky (Yocto Project Reference Distro) 3.1.11 salvator-x ttySC0

salvator-x login: 
salvator-x login: root
[   16.431454] audit: type=1006 audit(1705131393.064:2): pid=476 uid=0 old-auid=4294967295 auid=0 tty=(none) old-ses=4294967295 ses=1 res=1
7[r[999;999H[6n8root@salvator-x:~# 
root@salvator-x:~# 
root@salvator-x:~# 
root@salvator-x:~# 
root@salvator-x:~# 
root@salvator-x:~# 
root@salvator-x:~# 
root@salvator-x:~# 
root@salvator-x:~# 
Plug in USB device at CN10L


Press any button to continue

[   39.900630] SDHI0 VccQ: disabling
[   39.904023] SDHI3 VccQ: disabling
[   50.372567] usb 1-1: new high-speed USB device number 2 using ehci-platform
[   50.538118] usb-storage 1-1:1.0: USB Mass Storage device detected
[   50.545071] scsi host0: usb-storage 1-1:1.0
[   51.582354] scsi 0:0:0:0: Direct-Access     Lexar    JD Secure II +   1100 PQ: 0 ANSI: 0 CCS
[   51.702971] sd 0:0:0:0: [sda] 1966080 512-byte logical blocks: (1.01 GB/960 MiB)
[   51.711529] sd 0:0:0:0: [sda] Write Protect is off
[   51.717408] sd 0:0:0:0: [sda] No Caching mode page found
[   51.722850] sd 0:0:0:0: [sda] Assuming drive cache: write through
[   51.758311]  sda: sda1
[   51.766179] sd 0:0:0:0: [sda] Attached SCSI removable disk

----------Prepare----------


root@salvator-x:~# find /sys/devices/platform/soc/ee0a0100.usb/ -name 'sd*'
/sys/devices/platform/soc/ee0a0100.usb/usb1/1-1/1-1:1.0/host0/target0:0:0/0:0:0:0/block/sda
/sys/devices/platform/soc/ee0a0100.usb/usb1/1-1/1-1:1.0/host0/target0:0:0/0:0:0:0/block/sda/sda1
root@salvator-x:~# 
root@salvator-x:~# dd if=/dev/urandom of=testdata bs=10M count=1
1+0 records in
1+0 records out
10485760 bytes (10 MB, 10 MiB) copied, 0.262446 s, 40.0 MB/s
root@salvator-x:~# 
root@salvator-x:~# mkdir -p /mnt/usb
root@salvator-x:~# 
root@salvator-x:~# mount /dev/sda1 /mnt/usb
mount: /mnt/usb: wrong fs type, bad option, bad superblock on /dev/sda1, missing codepage or helper program, or other error.
root@salvator-x:~# 
root@salvator-x:~# cp testdata /mnt/usb/
root@salvator-x:~# 
root@salvator-x:~# umount /mnt/usb
umount: /mnt/usb: not mounted.
root@salvator-x:~# 
Pull out USB device at CN10L


Press any button to continue

[   62.342704] usb 1-1: USB disconnect, device number 2

root@salvator-x:~# i2cset -f -y 7 0x30 0x20 0x0f
root@salvator-x:~# 

Switch SW23 off and input 'yes' to continue:

root@salvator-x:~# echo N > /sys/module/printk/parameters/console_suspend
root@salvator-x:~# 
root@salvator-x:~# echo mem > /sys/power/state
[   75.400834] PM: suspend entry (deep)
[   75.404765] Filesystems sync: 0.000 seconds
[   75.411209] Freezing user space processes ... (elapsed 0.001 seconds) done.
[   75.412884] OOM killer disabled.
[   75.412887] Freezing remaining freezable tasks ... (elapsed 0.001 seconds) done.
[   75.696809] ravb e6800000.ethernet eth0: Link is Down
[   75.714753] Disabling non-boot CPUs ...
[   75.719242] CPU1: shutdown
[   75.721972] psci: CPU1 killed (polled 0 ms)
[   75.728019] CPU2: shutdown
[   75.730752] psci: CPU2 killed (polled 0 ms)
[   75.736700] CPU3: shutdown
[   75.739430] psci: CPU3 killed (polled 0 ms)
[   75.745620] CPU4: shutdown
[   75.748334] psci: CPU4 killed (polled 0 ms)
[   75.754026] CPU5: shutdown
[   75.756808] psci: CPU5 killed (polled 0 ms)
 
 Switch power switch: 

NOTICE:  BL2: R-Car Gen3 Initial Program Loader(CA57) Rev.4.0.0
NOTICE:  BL2: PRR is R-Car M3 Ver.3.0
NOTICE:  BL2: Board is Salvator-XS Rev.1.0
NOTICE:  BL2: Boot device is HyperFlash(160MHz)
NOTICE:  BL2: LCM state is CM
NOTICE:  AVS setting succeeded. DVFS_SetVID=0x53
NOTICE:  BL2: DDR3200(rev.0.42)
NOTICE:  BL2: [WARM_BOOT]
NOTICE:  BL2: DRAM Split is 2ch
NOTICE:  BL2: QoS is default setting(rev.0.04)
NOTICE:  BL2: DRAM refresh interval 1.95 usec
NOTICE:  BL2: Periodic Write DQ Training
NOTICE:  BL2: CH0: 400000000 - 4ffffffff, 4 GiB
NOTICE:  BL2: CH2: 600000000 - 6ffffffff, 4 GiB
NOTICE:  BL2: Lossy Decomp areas
NOTICE:       Entry 0: DCMPAREACRAx:0x80000540 DCMPAREACRBx:0x570
NOTICE:       Entry 1: DCMPAREACRAx:0x40000000 DCMPAREACRBx:0x0
NOTICE:       Entry 2: DCMPAREACRAx:0x20000000 DCMPAREACRBx:0x0
NOTICE:  BL2: FDT at 0xe6326f70
NOTICE:  BL2: v2.9(release):9cdb21f75
NOTICE:  BL2: Built : 08:35:43, Jan 13 2024
NOTICE:  BL2: Normal boot
[   75.762241] Enabling non-boot CPUs ...
[   75.766290] Detected PIPT I-cache on CPU1
[   75.766348] CPU1: Booted secondary processor 0x0000000001 [0x411fd073]
[   75.766826] CPU1 is up
[   75.779941] Detected VIPT I-cache on CPU2
[   75.779994] CPU2: Booted secondary processor 0x0000000100 [0x410fd034]
[   75.780892] CPU2 is up
[   75.793908] Detected VIPT I-cache on CPU3
[   75.793942] CPU3: Booted secondary processor 0x0000000101 [0x410fd034]
[   75.794457] CPU3 is up
[   75.807472] Detected VIPT I-cache on CPU4
[   75.807504] CPU4: Booted secondary processor 0x0000000102 [0x410fd034]
[   75.808034] CPU4 is up
[   75.821059] Detected VIPT I-cache on CPU5
[   75.821093] CPU5: Booted secondary processor 0x0000000103 [0x410fd034]
[   75.821649] CPU5 is up
[   75.892018] xhci-hcd ee000000.usb: xHC error in resume, USBSTS 0x401, Reinit
[   75.899079] usb usb3: root hub lost power or was reset
[   75.904203] usb usb4: root hub lost power or was reset
[   76.011400] Micrel KSZ9031 Gigabit PHY e6800000.ethernet-ffffffff:00: attached PHY driver [Micrel KSZ9031 Gigabit PHY] (mii_bus:phy_addr=e6800000.ethernet-ffffffff:00, irq=175)
[   76.126612] usb usb2: root hub lost power or was reset
[   76.131912] usb usb1: root hub lost power or was reset
[   76.250622] usb usb6: root hub lost power or was reset
[   76.255902] usb usb5: root hub lost power or was reset
[   76.401064] OOM killer enabled.
[   76.404282] Restarting tasks ... done.
root@salvator-x:~# [   76.409750] PM: suspend exit
[   84.704993] ravb e6800000.ethernet eth0: Link is Up - 1Gbps/Full - flow control off

root@salvator-x:~# echo "Wake up sucessfully"
Wake up sucessfully
root@salvator-x:~# 
Plug in USB device at CN10L


Press any button to continue

[   95.444443] usb 1-1: new high-speed USB device number 3 using ehci-platform
[   95.614462] usb-storage 1-1:1.0: USB Mass Storage device detected
[   95.621156] scsi host0: usb-storage 1-1:1.0
[   96.638206] scsi 0:0:0:0: Direct-Access     Lexar    JD Secure II +   1100 PQ: 0 ANSI: 0 CCS
[   96.757672] sd 0:0:0:0: [sda] 1966080 512-byte logical blocks: (1.01 GB/960 MiB)
[   96.766164] sd 0:0:0:0: [sda] Write Protect is off
[   96.772034] sd 0:0:0:0: [sda] No Caching mode page found
[   96.777364] sd 0:0:0:0: [sda] Assuming drive cache: write through
[   96.805638]  sda: sda1
[   96.813420] sd 0:0:0:0: [sda] Attached SCSI removable disk

root@salvator-x:~# find /sys/devices/platform/soc/ee0a0100.usb/ -name 'sd*'
/sys/devices/platform/soc/ee0a0100.usb/usb1/1-1/1-1:1.0/host0/target0:0:0/0:0:0:0/block/sda
/sys/devices/platform/soc/ee0a0100.usb/usb1/1-1/1-1:1.0/host0/target0:0:0/0:0:0:0/block/sda/sda1
root@salvator-x:~# 
root@salvator-x:~# mount /dev/sda1 /mnt/usb
mount: /mnt/usb: wrong fs type, bad option, bad superblock on /dev/sda1, missing codepage or helper program, or other error.
root@salvator-x:~# 
root@salvator-x:~# echo y | mkfs.ext4 /dev/sda1
mke2fs 1.45.4 (23-Sep-2019)
Creating filesystem with 245504 4k blocks and 61440 inodes
Filesystem UUID: a036d189-f4ac-482a-bda5-70d5ad155a9e
Superblock backups stored on blocks: 
	32768, 98304, 163840, 229376

Allocating group tables: 0/8   done                            
Writing inode tables: 0/8   done                            
Creating journal (4096 blocks): done
Writing superblocks and filesystem accounting information: 0/8   done

root@salvator-x:~# 
root@salvator-x:~# mount /dev/sda1 /mnt/usb
[  108.907526] EXT4-fs (sda1): mounted filesystem with ordered data mode. Opts: (null)
root@salvator-x:~# 
root@salvator-x:~# cp testdata /mnt/usb/testdata_from_nfs
root@salvator-x:~# 
root@salvator-x:~# cp /mnt/usb/testdata_from_nfs testdata_from_usb
root@salvator-x:~# 
root@salvator-x:~# sync
root@salvator-x:~# 
root@salvator-x:~# cmp testdata testdata_from_usb
root@salvator-x:~# 
root@salvator-x:~# umount /mnt/usb
root@salvator-x:~# Exception in thread Thread-1:
Traceback (most recent call last):
  File "/usr/lib/python2.7/threading.py", line 801, in __bootstrap_inner
    self.run()
  File "../common/conserial.py", line 81, in run
    _bytes_to_read = self.serial.inWaiting()
  File "/usr/local/lib/python2.7/dist-packages/serial/serialutil.py", line 594, in inWaiting
    return self.in_waiting
  File "/usr/local/lib/python2.7/dist-packages/serial/serialposix.py", line 549, in in_waiting
    s = fcntl.ioctl(self.fd, TIOCINQ, TIOCM_zero_str)
IOError: [Errno 9] Bad file descriptor


 
#### Result: OK ####
