

----------Item 10----------


Please press switch to restart board 

[F 00:00:120
[F 00:00:119
[F 00:00:118
[F 00:00:117
[F 00:00:116
[F 00:00:115
[F 00:00:114
[F 00:00:113
[F 00:00:112
[F 00:00:111
[F 00:00:110
[F 00:00:109
[F 00:00:108
[F 00:00:107
[F 00:00:106
[F 00:00:105
[F 00:00:104
[F 00:00:103
[F 00:00:102
[F 00:00:101
[F 00:00:100
[F 00:00:99
[F 00:00:98
[F 00:00:97
[F 00:00:96
[F 00:00:95
[F 00:00:94
[F 00:00:93
[F 00:00:92
[F 00:00:91
[F 00:00:90
[F 00:00:89
NOTICE:  BL2: R-Car Gen3 Initial Program Loader(CA57) Rev.4.0.0
NOTICE:  BL2: PRR is R-Car M3 Ver.3.0
NOTICE:  BL2: Board is Salvator-XS Rev.1.0
NOTICE:  BL2: Boot device is HyperFlash(160MHz)
NOTICE:  BL2: LCM state is CM
NOTICE:  AVS setting succeeded. DVFS_SetVID=0x53
NOTICE:  BL2: DDR3200(rev.0.42)
NOTICE:  BL2: [COLD_BOOT]
NOTICE:  BL2: DRAM Split is 2ch
NOTICE:  BL2: QoS is default setting(rev.0.04)
NOTICE:  BL2: DRAM refresh interval 1.95 usec
NOTICE:  BL2: Periodic Write DQ Training
NOTICE:  BL2: CH0: 400000000 - 4ffffffff, 4 GiB
NOTICE:  BL2: CH2: 600000000 - 6ffffffff, 4 GiB
NOTICE:  BL2: Lossy Decomp areas
NOTICE:       Entry 0: DCMPAREACRAx:0x80000540 DCMPAREACRBx:0x570
NOTICE:       Entry 1: DCMPAREACRAx:0x40000000 DCMPAREACRBx:0x0
NOTICE:       Entry 2: DCMPAREACRAx:0x20000000 DCMPAREACRBx:0x0
NOTICE:  BL2: FDT at 0xe6326f70
NOTICE:  BL2: v2.9(release):9cdb21f75
NOTICE:  BL2: Built : 08:35:43, Jan 13 2024
NOTICE:  BL2: Normal boot
NOTICE:  BL2: dst=0xe6326800 src=0x8180000 len=512(0x200)
NOTICE:  BL2: dst=0x43f00000 src=0x8180400 len=6144(0x1800)
NOTICE:  rcar_file_len: len: 0x0003e000
NOTICE:  BL2: dst=0x44000000 src=0x81c0000 len=253952(0x3e000)
NOTICE:  rcar_file_len: len: 0x00200000
NOTICE:  BL2: dst=0x44100000 src=0x8200000 len=2097152(0x200000)
NOTICE:  rcar_file_len: len: 0x00100000
NOTICE:  BL2: dst=0x50000000 src=0x8640000 len=1048576(0x100000)
NOTICE:  BL2: Booting BL31


U-Boot 2020.10 (Jan 13 2024 - 08:36:37 +0000)

CPU: Renesas Electronics R8A7796 rev 3.0
Model: Renesas Salvator-X 2nd version board based on r8a77961
DRAM:  7.9 GiB
RAM Configuration:
Bank #0: 0x048000000 - 0x0bfffffff, 1.9 GiB
Bank #1: 0x480000000 - 0x4ffffffff, 2 GiB
Bank #2: 0x600000000 - 0x6ffffffff, 4 GiB

MMC:   mmc@ee100000: 0, mmc@ee140000: 1, mmc@ee160000: 2
Loading Environment from MMC... OK
In:    serial@e6e88000
Out:   serial@e6e88000
Err:   serial@e6e88000
Net:   eth0: ethernet@e6800000
Hit any key to stop autoboot:  2  1  0 
ethernet@e6800000 Waiting for PHY auto negotiation to complete......... done
Using ethernet@e6800000 device
TFTP from server 192.168.10.98; our IP address is 192.168.10.107
Filename 'BV/PT3/boot_USB2H/Image'.
Load address: 0x48080000
Loading: *#################################################################
	 #################################################################
	 #################################################################
	 #################################################################
	 #################################################################
	 #################################################################
	 #################################################################
	 #################################################################
	 #################################################################
	 #################################################################
	 #################################################################
	 #################################################################
	 #################################################################
	 #################################################################
	 #################################################################
	 #################################################################
	 #################################################################
	 #################################################################
	 #################################################################
	 #################################################################
	 #################################################################
	 #################################################################
	 #################################################################
	 #################################################################
	 #################################################################
	 #################################################################
	 #################################################################
	 #################################################################
	 #################################################################
	 #################################################################
	 #################################################################
	 #################################################################
	 #################################################################
	 #################################################################
	 ################################################################
	 4 MiB/s
done
Bytes transferred = 33376768 (1fd4a00 hex)
Using ethernet@e6800000 device
TFTP from server 192.168.10.98; our IP address is 192.168.10.107
Filename 'BV/PT3/boot_USB2H/r8a779m3-salvator-xs.dtb'.
Load address: 0x48000000
Loading: *######
	 4.9 MiB/s
done
Bytes transferred = 76881 (12c51 hex)
Moving Image from 0x48080000 to 0x48200000, end=4a260000
## Flattened Device Tree blob at 48000000
   Booting using the fdt blob at 0x48000000
   Loading Device Tree to 0000000053fea000, end 0000000053fffc50 ... OK

Starting kernel ...

[    0.000000] Booting Linux on physical CPU 0x0000000000 [0x411fd073]
[    0.000000] Linux version 5.10.194-yocto-standard (thuan.nguyen-hong@banvien) (aarch64-poky-linux-gcc (GCC) 9.3.0, GNU ld (GNU Binutils) 2.34.0.20200220) #10 SMP PREEMPT Mon Feb 19 03:51:05 UTC 2024
[    0.000000] Machine model: Renesas Salvator-X 2nd version board based on r8a779m3
[    0.000000] efi: UEFI not found.
[    0.000000] Reserved memory: created CMA memory pool at 0x0000000057000000, size 16 MiB
[    0.000000] OF: reserved mem: initialized node linux,adsp@57000000, compatible id shared-dma-pool
[    0.000000] Reserved memory: created CMA memory pool at 0x0000000058000000, size 384 MiB
[    0.000000] OF: reserved mem: initialized node linux,cma@58000000, compatible id shared-dma-pool
[    0.000000] Reserved memory: created CMA memory pool at 0x0000000070000000, size 256 MiB
[    0.000000] OF: reserved mem: initialized node linux,multimedia@70000000, compatible id shared-dma-pool
[    0.000000] NUMA: No NUMA configuration found
[    0.000000] NUMA: Faking a node at [mem 0x0000000048000000-0x00000006ffffffff]
[    0.000000] NUMA: NODE_DATA [mem 0x6fefebb00-0x6fefedfff]
[    0.000000] Zone ranges:
[    0.000000]   DMA      [mem 0x0000000048000000-0x00000000ffffffff]
[    0.000000]   DMA32    empty
[    0.000000]   Normal   [mem 0x0000000100000000-0x00000006ffffffff]
[    0.000000] Movable zone start for each node
[    0.000000] Early memory node ranges
[    0.000000]   node   0: [mem 0x0000000048000000-0x0000000053ffffff]
[    0.000000]   node   0: [mem 0x0000000054000000-0x0000000056ffffff]
[    0.000000]   node   0: [mem 0x0000000057000000-0x00000000bfffffff]
[    0.000000]   node   0: [mem 0x0000000480000000-0x00000004ffffffff]
[    0.000000]   node   0: [mem 0x0000000600000000-0x00000006ffffffff]
[    0.000000] Initmem setup node 0 [mem 0x0000000048000000-0x00000006ffffffff]
[    0.000000] psci: probing for conduit method from DT.
[    0.000000] psci: PSCIv1.1 detected in firmware.
[    0.000000] psci: Using standard PSCI v0.2 function IDs
[    0.000000] psci: Trusted OS resident on physical CPU 0x0
[    0.000000] psci: SMC Calling Convention v1.2
[    0.000000] percpu: Embedded 23 pages/cpu s56984 r8192 d29032 u94208
[    0.000000] Detected PIPT I-cache on CPU0
[    0.000000] CPU features: detected: EL2 vector hardening
[    0.000000] CPU features: detected: Spectre-v2
[    0.000000] CPU features: detected: ARM errata 1165522, 1319367, or 1530923
[    0.000000] CPU features: detected: Spectre-BHB
[    0.000000] CPU features: detected: ARM erratum 1742098
[    0.000000] Built 1 zonelists, mobility grouping on.  Total pages: 2032128
[    0.000000] Policy zone: Normal
[    0.000000] Kernel command line: rw root=/dev/nfs nfsroot=192.168.10.98:/data/tftpboot/BV/PT3/rootfs_M3e,nfsvers=4 ip=192.168.10.107
[    0.000000] Dentry cache hash table entries: 1048576 (order: 11, 8388608 bytes, linear)
[    0.000000] Inode-cache hash table entries: 524288 (order: 10, 4194304 bytes, linear)
[    0.000000] mem auto-init: stack:off, heap alloc:off, heap free:off
[    0.000000] software IO TLB: mapped [mem 0x00000000bc000000-0x00000000c0000000] (64MB)
[    0.000000] Memory: 7277108K/8257536K available (15232K kernel code, 2834K rwdata, 8240K rodata, 6144K init, 517K bss, 308684K reserved, 671744K cma-reserved)
[    0.000000] SLUB: HWalign=64, Order=0-3, MinObjects=0, CPUs=6, Nodes=1
[    0.000000] rcu: Preemptible hierarchical RCU implementation.
[    0.000000] rcu: 	RCU event tracing is enabled.
[    0.000000] rcu: 	RCU restricting CPUs from NR_CPUS=256 to nr_cpu_ids=6.
[    0.000000] 	Trampoline variant of Tasks RCU enabled.
[    0.000000] rcu: RCU calculated value of scheduler-enlistment delay is 25 jiffies.
[    0.000000] rcu: Adjusting geometry for rcu_fanout_leaf=16, nr_cpu_ids=6
[    0.000000] NR_IRQS: 64, nr_irqs: 64, preallocated irqs: 0
[    0.000000] arch_timer: cp15 timer(s) running at 8.32MHz (virt).
[    0.000000] clocksource: arch_sys_counter: mask: 0xffffffffffffff max_cycles: 0x1eb398c07, max_idle_ns: 440795202503 ns
[    0.000003] sched_clock: 56 bits at 8MHz, resolution 120ns, wraps every 2199023255503ns
[    0.000222] Console: colour dummy device 80x25
[    0.000426] printk: console [tty0] enabled
[    0.000511] Calibrating delay loop (skipped), value calculated using timer frequency.. 16.64 BogoMIPS (lpj=33280)
[    0.000526] pid_max: default: 32768 minimum: 301
[    0.000583] LSM: Security Framework initializing
[    0.000676] Mount-cache hash table entries: 16384 (order: 5, 131072 bytes, linear)
[    0.000728] Mountpoint-cache hash table entries: 16384 (order: 5, 131072 bytes, linear)
[    0.002219] rcu: Hierarchical SRCU implementation.
[    0.003797] Detected Renesas R-Car Gen3 r8a77961 ES3.0
[    0.005659] EFI services will not be available.
[    0.006008] smp: Bringing up secondary CPUs ...
[    0.006516] Detected PIPT I-cache on CPU1
[    0.006575] CPU1: Booted secondary processor 0x0000000001 [0x411fd073]
[    0.007144] CPU features: detected: ARM erratum 845719
[    0.007159] Detected VIPT I-cache on CPU2
[    0.007217] CPU2: Booted secondary processor 0x0000000100 [0x410fd034]
[    0.007723] Detected VIPT I-cache on CPU3
[    0.007750] CPU3: Booted secondary processor 0x0000000101 [0x410fd034]
[    0.008251] Detected VIPT I-cache on CPU4
[    0.008280] CPU4: Booted secondary processor 0x0000000102 [0x410fd034]
[    0.008763] Detected VIPT I-cache on CPU5
[    0.008790] CPU5: Booted secondary processor 0x0000000103 [0x410fd034]
[    0.008874] smp: Brought up 1 node, 6 CPUs
[    0.008927] SMP: Total of 6 processors activated.
[    0.008935] CPU features: detected: 32-bit EL0 Support
[    0.008942] CPU features: detected: CRC32 instructions
[    0.008949] CPU features: detected: 32-bit EL1 Support
[    0.022639] CPU: All CPU(s) started at EL1
[    0.022697] alternatives: patching kernel code
[    0.023711] devtmpfs: initialized
[    0.029790] KASLR disabled due to lack of seed
[    0.029958] clocksource: jiffies: mask: 0xffffffff max_cycles: 0xffffffff, max_idle_ns: 7645041785100000 ns
[    0.029981] futex hash table entries: 2048 (order: 5, 131072 bytes, linear)
[    0.038585] pinctrl core: initialized pinctrl subsystem
[    0.040127] DMI not present or invalid.
[    0.040647] NET: Registered protocol family 16
[    0.041545] DMA: preallocated 1024 KiB GFP_KERNEL pool for atomic allocations
[    0.041724] DMA: preallocated 1024 KiB GFP_KERNEL|GFP_DMA pool for atomic allocations
[    0.041991] DMA: preallocated 1024 KiB GFP_KERNEL|GFP_DMA32 pool for atomic allocations
[    0.042040] audit: initializing netlink subsys (disabled)
[    0.042237] audit: type=2000 audit(0.040:1): state=initialized audit_enabled=0 res=1
[    0.043395] thermal_sys: Registered thermal governor 'power_allocator'
[    0.043975] cpuidle: using governor menu
[    0.044171] hw-breakpoint: found 6 breakpoint and 4 watchpoint registers.
[    0.044281] ASID allocator initialised with 65536 entries
[    0.045754] Serial: AMBA PL011 UART driver
[    0.081825] sh-pfc e6060000.pinctrl: r8a77961_pfc support registered
[    0.094468] HugeTLB registered 1.00 GiB page size, pre-allocated 0 pages
[    0.094482] HugeTLB registered 32.0 MiB page size, pre-allocated 0 pages
[    0.094490] HugeTLB registered 2.00 MiB page size, pre-allocated 0 pages
[    0.094498] HugeTLB registered 64.0 KiB page size, pre-allocated 0 pages
[    0.095513] cryptd: max_cpu_qlen set to 1000
[    0.097958] ACPI: Interpreter disabled.
[    0.101440] rcar-avs: use avs value: 0
[    0.101464] rcar-avs: cpu@0 is running with: opp_table0
[    0.101473] rcar-avs: cpu@1 is running with: opp_table0
[    0.101569] rcar-avs: gsx@fd000000 is running with: gsx_opp_table0
[    0.103063] iommu: Default domain type: Translated 
[    0.103702] ipmmu-vmsa e67b0000.iommu: IPMMU context 0 is reserved
[    0.104725] vgaarb: loaded
[    0.104957] SCSI subsystem initialized
[    0.105222] usbcore: registered new interface driver usbfs
[    0.105251] usbcore: registered new interface driver hub
[    0.105277] usbcore: registered new device driver usb
[    0.108831] i2c-sh_mobile e60b0000.i2c: I2C adapter 7, bus speed 400000 Hz
[    0.109373] mc: Linux media interface: v0.10
[    0.109398] videodev: Linux video capture interface: v2.00
[    0.109451] pps_core: LinuxPPS API ver. 1 registered
[    0.109459] pps_core: Software ver. 5.3.6 - Copyright 2005-2007 Rodolfo Giometti <giometti@linux.it>
[    0.109473] PTP clock support registered
[    0.109662] EDAC MC: Ver: 3.0.0
[    0.111613] FPGA manager framework
[    0.111688] Advanced Linux Sound Architecture Driver Initialized.
[    0.112281] clocksource: Switched to clocksource arch_sys_counter
[    0.112443] VFS: Disk quotas dquot_6.6.0
[    0.112495] VFS: Dquot-cache hash table entries: 512 (order 0, 4096 bytes)
[    0.112635] pnp: PnP ACPI: disabled
[    0.116669] NET: Registered protocol family 2
[    0.117104] IP idents hash table entries: 131072 (order: 8, 1048576 bytes, linear)
[    0.119383] tcp_listen_portaddr_hash hash table entries: 4096 (order: 4, 65536 bytes, linear)
[    0.119468] TCP established hash table entries: 65536 (order: 7, 524288 bytes, linear)
[    0.119752] TCP bind hash table entries: 65536 (order: 8, 1048576 bytes, linear)
[    0.120401] TCP: Hash tables configured (established 65536 bind 65536)
[    0.120541] UDP hash table entries: 4096 (order: 5, 131072 bytes, linear)
[    0.120655] UDP-Lite hash table entries: 4096 (order: 5, 131072 bytes, linear)
[    0.120891] NET: Registered protocol family 1
[    0.121238] RPC: Registered named UNIX socket transport module.
[    0.121252] RPC: Registered udp transport module.
[    0.121259] RPC: Registered tcp transport module.
[    0.121264] RPC: Registered tcp NFSv4.1 backchannel transport module.
[    0.121277] PCI: CLS 0 bytes, default 64
[    0.122136] hw perfevents: enabled with armv8_cortex_a53 PMU driver, 7 counters available
[    0.122364] hw perfevents: enabled with armv8_cortex_a57 PMU driver, 7 counters available
[    0.122890] kvm [1]: HYP mode not available
[    0.125933] Initialise system trusted keyrings
[    0.126081] workingset: timestamp_bits=42 max_order=21 bucket_order=0
[    0.129290] squashfs: version 4.0 (2009/01/31) Phillip Lougher
[    0.129740] NFS: Registering the id_resolver key type
[    0.129771] Key type id_resolver registered
[    0.129778] Key type id_legacy registered
[    0.129842] nfs4filelayout_init: NFSv4 File Layout Driver Registering...
[    0.129852] nfs4flexfilelayout_init: NFSv4 Flexfile Layout Driver Registering...
[    0.129960] 9p: Installing v9fs 9p2000 file system support
[    0.156285] Key type asymmetric registered
[    0.156300] Asymmetric key parser 'x509' registered
[    0.156333] Block layer SCSI generic (bsg) driver version 0.4 loaded (major 243)
[    0.156343] io scheduler mq-deadline registered
[    0.156353] io scheduler kyber registered
[    0.169310] gpio_rcar e6050000.gpio: driving 16 GPIOs
[    0.169632] gpio_rcar e6051000.gpio: driving 29 GPIOs
[    0.169918] gpio_rcar e6052000.gpio: driving 15 GPIOs
[    0.170267] gpio_rcar e6053000.gpio: driving 16 GPIOs
[    0.170571] gpio_rcar e6054000.gpio: driving 18 GPIOs
[    0.170843] gpio_rcar e6055000.gpio: driving 26 GPIOs
[    0.171133] gpio_rcar e6055400.gpio: driving 32 GPIOs
[    0.171387] gpio_rcar e6055800.gpio: driving 4 GPIOs
[    0.174306] rcar-pcie fe000000.pcie: host bridge /soc/pcie@fe000000 ranges:
[    0.174342] rcar-pcie fe000000.pcie:       IO 0x00fe100000..0x00fe1fffff -> 0x0000000000
[    0.174365] rcar-pcie fe000000.pcie:      MEM 0x00fe200000..0x00fe3fffff -> 0x00fe200000
[    0.174383] rcar-pcie fe000000.pcie:      MEM 0x0030000000..0x0037ffffff -> 0x0030000000
[    0.174397] rcar-pcie fe000000.pcie:      MEM 0x0038000000..0x003fffffff -> 0x0038000000
[    0.174413] rcar-pcie fe000000.pcie:   IB MEM 0x0040000000..0x00bfffffff -> 0x0040000000
[    0.174463] rcar-pcie fe000000.pcie: no pcie3v3 regulator found
[    0.174475] rcar-pcie fe000000.pcie: no pcie1v8 regulator found
[    0.243996] rcar-pcie fe000000.pcie: PCIe link down
[    0.244189] rcar-pcie ee800000.pcie: host bridge /soc/pcie@ee800000 ranges:
[    0.244212] rcar-pcie ee800000.pcie:       IO 0x00ee900000..0x00ee9fffff -> 0x0000000000
[    0.244231] rcar-pcie ee800000.pcie:      MEM 0x00eea00000..0x00eebfffff -> 0x00eea00000
[    0.244248] rcar-pcie ee800000.pcie:      MEM 0x00c0000000..0x00c7ffffff -> 0x00c0000000
[    0.244261] rcar-pcie ee800000.pcie:      MEM 0x00c8000000..0x00cfffffff -> 0x00c8000000
[    0.244295] rcar-pcie ee800000.pcie:   IB MEM 0x0040000000..0x00bfffffff -> 0x0040000000
[    0.244331] rcar-pcie ee800000.pcie: no pcie3v3 regulator found
[    0.244341] rcar-pcie ee800000.pcie: no pcie1v8 regulator found
[    0.311978] rcar-pcie ee800000.pcie: PCIe link down
[    0.314109] EINJ: ACPI disabled.
[    0.345206] Serial: 8250/16550 driver, 4 ports, IRQ sharing enabled
[    0.347623] SuperH (H)SCI(F) driver initialized
[    0.348065] e6550000.serial: ttySC1 at MMIO 0xe6550000 (irq = 40, base_baud = 0) is a hscif
[    0.348942] e6e88000.serial: ttySC0 at MMIO 0xe6e88000 (irq = 123, base_baud = 0) is a scif
[    1.512646] printk: console [ttySC0] enabled
[    1.518161] msm_serial: driver initialized
[    1.527593] rcar-dw-hdmi fead0000.hdmi: Detected HDMI TX controller v2.01a with HDCP (DWC HDMI 2.0 TX PHY)
[    1.537552] rcar-dw-hdmi fead0000.hdmi: registered DesignWare HDMI I2C bus driver
[    1.553357] loop: module loaded
[    1.557985] megasas: 07.714.04.00-rc1
[    1.567477] tun: Universal TUN/TAP device driver, 1.6
[    1.573378] thunder_xcv, ver 1.0
[    1.576648] thunder_bgx, ver 1.0
[    1.579890] nicpf, ver 1.0
[    1.583823] hclge is initializing
[    1.587164] hns3: Hisilicon Ethernet Network Driver for Hip08 Family - version
[    1.594387] hns3: Copyright (c) 2017 Huawei Corporation.
[    1.599725] e1000: Intel(R) PRO/1000 Network Driver
[    1.604604] e1000: Copyright (c) 1999-2006 Intel Corporation.
[    1.610373] e1000e: Intel(R) PRO/1000 Network Driver
[    1.615337] e1000e: Copyright(c) 1999 - 2015 Intel Corporation.
[    1.621280] igb: Intel(R) Gigabit Ethernet Network Driver
[    1.626679] igb: Copyright (c) 2007-2014 Intel Corporation.
[    1.632267] igbvf: Intel(R) Gigabit Virtual Function Network Driver
[    1.638547] igbvf: Copyright (c) 2009 - 2012 Intel Corporation.
[    1.644882] sky2: driver version 1.30
[    1.652583] ravb e6800000.ethernet eth0: Base address at 0xe6800000, 2e:09:0a:03:99:2c, IRQ 120.
[    1.662816] VFIO - User Level meta-driver version: 0.3
[    1.669850] ehci_hcd: USB 2.0 'Enhanced' Host Controller (EHCI) Driver
[    1.676393] ehci-pci: EHCI PCI platform driver
[    1.680856] ehci-platform: EHCI generic platform driver
[    1.686574] ehci-platform ee0a0100.usb: EHCI Host Controller
[    1.692262] ehci-platform ee0a0100.usb: new USB bus registered, assigned bus number 1
[    1.700196] ehci-platform ee0a0100.usb: irq 170, io mem 0xee0a0100
[    1.720290] ehci-platform ee0a0100.usb: USB 2.0 started, EHCI 1.10
[    1.726870] hub 1-0:1.0: USB hub found
[    1.730646] hub 1-0:1.0: 1 port detected
[    1.735090] ehci-orion: EHCI orion driver
[    1.739400] ehci-exynos: EHCI Exynos driver
[    1.743710] ohci_hcd: USB 1.1 'Open' Host Controller (OHCI) Driver
[    1.749910] ohci-pci: OHCI PCI platform driver
[    1.754404] ohci-platform: OHCI generic platform driver
[    1.760023] ohci-platform ee0a0000.usb: Generic Platform OHCI controller
[    1.766749] ohci-platform ee0a0000.usb: new USB bus registered, assigned bus number 2
[    1.774653] ohci-platform ee0a0000.usb: irq 170, io mem 0xee0a0000
[    1.870695] hub 2-0:1.0: USB hub found
[    1.874470] hub 2-0:1.0: 1 port detected
[    1.878878] ohci-exynos: OHCI Exynos driver
[    1.883792] xhci-hcd ee000000.usb: xHCI Host Controller
[    1.889040] xhci-hcd ee000000.usb: new USB bus registered, assigned bus number 3
[    1.912322] xhci-hcd ee000000.usb: hcc params 0x014051ce hci version 0x100 quirks 0x0000000000830410
[    1.921496] xhci-hcd ee000000.usb: irq 167, io mem 0xee000000
[    1.927367] xhci-hcd ee000000.usb: xHCI Host Controller
[    1.932606] xhci-hcd ee000000.usb: new USB bus registered, assigned bus number 4
[    1.940011] xhci-hcd ee000000.usb: Host supports USB 3.0 SuperSpeed
[    1.946613] hub 3-0:1.0: USB hub found
[    1.950389] hub 3-0:1.0: 1 port detected
[    1.954506] usb usb4: We don't know the algorithms for LPM for this host, disabling LPM.
[    1.962876] hub 4-0:1.0: USB hub found
[    1.966653] hub 4-0:1.0: 1 port detected
[    1.971499] usbcore: registered new interface driver usb-storage
[    1.979026] renesas_usbhs e6590000.usb: host probed
[    1.983926] renesas_usbhs e6590000.usb: no transceiver found
[    1.989666] renesas_usbhs e6590000.usb: gadget probed
[    1.994895] renesas_usbhs e6590000.usb: probed
[    2.001657] i2c /dev entries driver
[    2.015979] cs2000-cp 2-004f: revision - C1
[    2.020252] i2c-rcar e6510000.i2c: probed
[    2.025209] pca953x 4-0020: supply vcc not found, using dummy regulator
[    2.031928] pca953x 4-0020: using no AI
[    2.042584] i2c-rcar e66d8000.i2c: probed
[    2.047972] adv748x 4-0070: Endpoint /soc/i2c@e66d8000/video-receiver@70/port@7/endpoint on port 7
[    2.056965] adv748x 4-0070: Endpoint /soc/i2c@e66d8000/video-receiver@70/port@8/endpoint on port 8
[    2.065936] adv748x 4-0070: Endpoint /soc/i2c@e66d8000/video-receiver@70/port@a/endpoint on port 10
[    2.075005] adv748x 4-0070: Endpoint /soc/i2c@e66d8000/video-receiver@70/port@b/endpoint on port 11
[    2.084400] adv748x 4-0070: chip found @ 0xe0 revision 2143
[    2.132298] usb 1-1: new high-speed USB device number 2 using ehci-platform
[    2.137932] rcar-csi2 fea80000.csi2: 1 lanes found
[    2.144453] rcar-csi2 feaa0000.csi2: 4 lanes found
[    2.154220] rcar-vin e6ef0000.video: Device registered as video0
[    2.160381] rcar-vin e6ef1000.video: Device registered as video1
[    2.166469] rcar-vin e6ef2000.video: Device registered as video2
[    2.172551] rcar-vin e6ef3000.video: Device registered as video3
[    2.178629] rcar-vin e6ef4000.video: Device registered as video4
[    2.184711] rcar-vin e6ef5000.video: Device registered as video5
[    2.190812] rcar-vin e6ef6000.video: Device registered as video6
[    2.196892] rcar-vin e6ef7000.video: Device registered as video7
[    2.205517] rcar_gen3_thermal e6198000.thermal: is using pseudo fixed FUSE values
[    2.217678] rcar_gen3_thermal e6198000.thermal: TSC0: Loaded 1 trip points
[    2.229090] rcar_gen3_thermal e6198000.thermal: TSC1: Loaded 1 trip points
[    2.240321] rcar_gen3_thermal e6198000.thermal: TSC2: Loaded 3 trip points
[    2.252353] sdhci: Secure Digital Host Controller Interface driver
[    2.258553] sdhci: Copyright(c) Pierre Ossman
[    2.263652] Synopsys Designware Multimedia Card Interface Driver
[    2.264207] renesas_sdhi_internal_dmac ee160000.mmc: Got CD GPIO
[    2.264218] renesas_sdhi_internal_dmac ee100000.mmc: Got CD GPIO
[    2.264258] renesas_sdhi_internal_dmac ee100000.mmc: Got WP GPIO
[    2.264346] renesas_sdhi_internal_dmac ee140000.mmc: Adding to iommu group 0
[    2.264385] renesas_sdhi_internal_dmac ee140000.mmc: Using IPMMU context 1
[    2.270892] sdhci-pltfm: SDHCI platform and OF driver helper
[    2.275743] renesas_sdhi_internal_dmac ee160000.mmc: Got WP GPIO
[    2.312423] renesas_sdhi_internal_dmac ee140000.mmc: mmc0 base at 0x00000000ee140000, max clock rate 200 MHz
[    2.323382] ledtrig-cpu: registered to indicate activity on CPUs
[    2.330440] SMCCC: SOC_ID: ARCH_SOC_ID not implemented, skipping ....
[    2.337524] usbcore: registered new interface driver usbhid
[    2.343127] usbhid: USB HID core driver
[    2.348362] usb-storage 1-1:1.0: USB Mass Storage device detected
[    2.350311] optee: probing for conduit method.
[    2.355455] scsi host0: usb-storage 1-1:1.0
[    2.358982] optee: revision 3.22 (314ecf9d)
[    2.363456] optee driver R-Car Rev.1.0.11
[    2.371881] optee: dynamic shared memory is enabled
[    2.377074] optee: initialized driver
[    2.391573] rcar_sound ec500000.sound: probed
[    2.396711] NET: Registered protocol family 17
[    2.401280] 9pnet: Installing 9P2000 support
[    2.405615] Key type dns_resolver registered
[    2.410243] registered taskstats version 1
[    2.414354] Loading compiled-in X.509 certificates
[    2.419172] mmc0: new HS400 MMC card at address 0001
[    2.425231] mmcblk0: mmc0:0001 BGSD4R 29.1 GiB 
[    2.428637] thermal emergency: set temperature to 110 celsius
[    2.430141] mmcblk0boot0: mmc0:0001 BGSD4R partition 1 31.9 MiB
[    2.435703] thermal emergency: shutdown target cpus 1-5
[    2.441848] mmcblk0boot1: mmc0:0001 BGSD4R partition 2 31.9 MiB
[    2.446685] thermal emergency: freq scaled target cpus 0
[    2.447069] renesas_irqc e61c0000.interrupt-controller: driving 6 irqs
[    2.452954] mmcblk0rpmb: mmc0:0001 BGSD4R partition 3 4.00 MiB, chardev (509:0)
[    2.473541]  mmcblk0: p1 p2
[    2.508308] ehci-platform ee080100.usb: EHCI Host Controller
[    2.514007] ehci-platform ee080100.usb: new USB bus registered, assigned bus number 5
[    2.521927] ehci-platform ee080100.usb: irq 169, io mem 0xee080100
[    2.544279] ehci-platform ee080100.usb: USB 2.0 started, EHCI 1.10
[    2.550960] hub 5-0:1.0: USB hub found
[    2.554738] hub 5-0:1.0: 1 port detected
[    2.560219] ohci-platform ee080000.usb: Generic Platform OHCI controller
[    2.566956] ohci-platform ee080000.usb: new USB bus registered, assigned bus number 6
[    2.574854] ohci-platform ee080000.usb: irq 169, io mem 0xee080000
[    2.670715] hub 6-0:1.0: USB hub found
[    2.674490] hub 6-0:1.0: 1 port detected
[    2.680054] cpu cpu0: EM: created perf domain
[    2.685320] cpu cpu2: EM: created perf domain
[    2.695592] renesas_sdhi_internal_dmac ee100000.mmc: Got CD GPIO
[    2.695640] renesas_sdhi_internal_dmac ee160000.mmc: Got CD GPIO
[    2.701862] renesas_sdhi_internal_dmac ee100000.mmc: Got WP GPIO
[    2.707697] renesas_sdhi_internal_dmac ee160000.mmc: Got WP GPIO
[    2.724156] [drm] Initialized rcar-du 1.0.0 20130110 for feb00000.display on minor 0
[    2.731955] [drm] Device feb00000.display probed
[    2.763577] renesas_sdhi_internal_dmac ee100000.mmc: mmc1 base at 0x00000000ee100000, max clock rate 200 MHz
[    2.769177] renesas_sdhi_internal_dmac ee160000.mmc: mmc2 base at 0x00000000ee160000, max clock rate 200 MHz
[    2.773492] Console: switching to colour frame buffer device 128x48
[    2.817099] rcar-du feb00000.display: [drm] fb0: rcar-dudrmfb frame buffer device
[    2.826535] input: keys as /devices/platform/keys/input/input0
[    2.907791] Micrel KSZ9031 Gigabit PHY e6800000.ethernet-ffffffff:00: attached PHY driver [Micrel KSZ9031 Gigabit PHY] (mii_bus:phy_addr=e6800000.ethernet-ffffffff:00, irq=175)
[    3.391245] scsi 0:0:0:0: Direct-Access     Lexar    JD Secure II +   1100 PQ: 0 ANSI: 0 CCS
[    3.515712] sd 0:0:0:0: [sda] 1966080 512-byte logical blocks: (1.01 GB/960 MiB)
[    3.524798] sd 0:0:0:0: [sda] Write Protect is off
[    3.530922] sd 0:0:0:0: [sda] No Caching mode page found
[    3.536359] sd 0:0:0:0: [sda] Assuming drive cache: write through
[    3.553318]  sda: sda1
[    3.562692] sd 0:0:0:0: [sda] Attached SCSI removable disk
[   12.436479] ravb e6800000.ethernet eth0: Link is Up - 1Gbps/Full - flow control off
[   12.464308] IP-Config: Guessing netmask 255.255.255.0
[   12.469466] IP-Config: Complete:
[   12.472775]      device=eth0, hwaddr=2e:09:0a:03:99:2c, ipaddr=192.168.10.107, mask=255.255.255.0, gw=255.255.255.255
[   12.483587]      host=192.168.10.107, domain=, nis-domain=(none)
[   12.493344]      bootserver=255.255.255.255, rootserver=192.168.10.98, rootpath=
[   12.493977] ALSA device list:
[   12.511089]   #0: rcar-sound
[   13.350040] VFS: Mounted root (nfs4 filesystem) on device 0:22.
[   13.360914] devtmpfs: mounted
[   13.370838] Freeing unused kernel memory: 6144K
[   13.400419] Run /sbin/init as init process
[   13.567092] systemd[1]: System time before build time, advancing clock.
[   13.940174] NET: Registered protocol family 10
[   13.948898] Segment Routing with IPv6
[   13.978398] systemd[1]: systemd 244 running in system mode. (+PAM -AUDIT -SELINUX +IMA -APPARMOR -SMACK +SYSVINIT +UTMP -LIBCRYPTSETUP -GCRYPT -GNUTLS +ACL +XZ -LZ4 -SECCOMP +BLKID -ELFUTILS +KMOD -IDN2 -IDN -PCRE2 default-hierarchy=hybrid)
[   14.006704] systemd[1]: Detected architecture arm64.

Welcome to [1mPoky (Yocto Project Reference Distro) 3.1.11 (dunfell)[0m!

[   14.037896] systemd[1]: Set hostname to <salvator-x>.
[   14.870164] random: systemd: uninitialized urandom read (16 bytes read)
[   14.881344] systemd[1]: system-getty.slice: unit configures an IP firewall, but the local system does not support BPF/cgroup firewalling.
[   14.902234] systemd[1]: (This warning is only shown for the first unit using IP firewalling.)
[   14.917242] systemd[1]: Created slice system-getty.slice.
[[0;32m  OK  [0m] Created slice [0;1;39msystem-getty.slice[0m.
[   14.940469] random: systemd: uninitialized urandom read (16 bytes read)
[   14.949412] systemd[1]: Created slice system-serial\x2dgetty.slice.
[[0;32m  OK  [0m] Created slice [0;1;39msystem-serial\x2dgetty.slice[0m.
[   14.972441] random: systemd: uninitialized urandom read (16 bytes read)
[   14.981295] systemd[1]: Created slice User and Session Slice.
[[0;32m  OK  [0m] Created slice [0;1;39mUser and Session Slice[0m.
[   15.004710] systemd[1]: Started Dispatch Password Requests to Console Directory Watch.
[[0;32m  OK  [0m] Started [0;1;39mDispatch Password â€¦ts to Console Directory Watch[0m.
[   15.032777] systemd[1]: Started Forward Password Requests to Wall Directory Watch.
[[0;32m  OK  [0m] Started [0;1;39mForward Password Râ€¦uests to Wall Directory Watch[0m.
[   15.060640] systemd[1]: Reached target Paths.
[[0;32m  OK  [0m] Reached target [0;1;39mPaths[0m.
[   15.084528] systemd[1]: Reached target Remote File Systems.
[[0;32m  OK  [0m] Reached target [0;1;39mRemote File Systems[0m.
[   15.108490] systemd[1]: Reached target Slices.
[[0;32m  OK  [0m] Reached target [0;1;39mSlices[0m.
[   15.132492] systemd[1]: Reached target Swap.
[[0;32m  OK  [0m] Reached target [0;1;39mSwap[0m.
[   15.158584] systemd[1]: Listening on RPCbind Server Activation Socket.
[[0;32m  OK  [0m] Listening on [0;1;39mRPCbind Server Activation Socket[0m.
[   15.184550] systemd[1]: Reached target RPC Port Mapper.
[[0;32m  OK  [0m] Reached target [0;1;39mRPC Port Mapper[0m.
[   15.208849] systemd[1]: Listening on initctl Compatibility Named Pipe.
[[0;32m  OK  [0m] Listening on [0;1;39minitctl Compatibility Named Pipe[0m.
[   15.238256] systemd[1]: Listening on Journal Audit Socket.
[[0;32m  OK  [0m] Listening on [0;1;39mJournal Audit Socket[0m.
[   15.265926] systemd[1]: Listening on Journal Socket (/dev/log).
[[0;32m  OK  [0m] Listening on [0;1;39mJournal Socket (/dev/log)[0m.
[   15.293263] systemd[1]: Listening on Journal Socket.
[[0;32m  OK  [0m] Listening on [0;1;39mJournal Socket[0m.
[   15.318221] systemd[1]: Listening on Network Service Netlink Socket.
[[0;32m  OK  [0m] Listening on [0;1;39mNetwork Service Netlink Socket[0m.
[   15.346883] systemd[1]: Listening on udev Control Socket.
[[0;32m  OK  [0m] Listening on [0;1;39mudev Control Socket[0m.
[   15.373095] systemd[1]: Listening on udev Kernel Socket.
[[0;32m  OK  [0m] Listening on [0;1;39mudev Kernel Socket[0m.
[   15.402183] systemd[1]: Mounting Huge Pages File System...
         Mounting [0;1;39mHuge Pages File System[0m...
[   15.430652] systemd[1]: Mounting POSIX Message Queue File System...
         Mounting [0;1;39mPOSIX Message Queue File System[0m...
[   15.462056] systemd[1]: Mounting Kernel Debug File System...
         Mounting [0;1;39mKernel Debug File System[0m...
[   15.493532] systemd[1]: Mounting Temporary Directory (/tmp)...
         Mounting [0;1;39mTemporary Directory (/tmp)[0m...
[   15.523281] systemd[1]: Starting Create list of static device nodes for the current kernel...
         Starting [0;1;39mCreate list of stâ€¦odes for the current kernel[0m...
[   15.558005] systemd[1]: Starting Start psplash boot splash screen...
         Starting [0;1;39mStart psplash boot splash screen[0m...
[   15.595120] systemd[1]: Starting RPC Bind...
         Starting [0;1;39mRPC Bind[0m...
[   15.633754] systemd[1]: Condition check resulted in File System Check on Root Device being skipped.
[   15.652500] systemd[1]: Starting Journal Service...
         Starting [0;1;39mJournal Service[0m...
[   15.681459] systemd[1]: Starting Load Kernel Modules...
         Starting [0;1;39mLoad Kernel Modules[0m...
[   15.705389] systemd[1]: Starting Remount Root and Kernel File Systems...
         Starting [0;1;39mRemount Root and Kernel File Systems[0m...
[   15.733895] systemd[1]: Starting udev Coldplug all Devices...
         Starting [0;1;39mudev Coldplug all Devices[0m...
[   15.761438] systemd[1]: Started Start psplash boot splash screen.
[[0;32m  OK  [0m] Started [0;1;39mStart psplash boot splash screen[0m.
[   15.780317] random: crng init done
[   15.783750] random: 37 urandom warning(s) missed due to ratelimiting
[   15.797248] systemd[1]: Started RPC Bind.
[[0;32m  OK  [0m] Started [0;1;39mRPC Bind[0m.
[   15.817334] systemd[1]: Started Journal Service.
[[0;32m  OK  [0m] Started [0;1;39mJournal Service[0m.
[[0;32m  OK  [0m] Mounted [0;1;39mHuge Pages File System[0m.
[[0;32m  OK  [0m] Mounted [0;1;39mPOSIX Message Queue File System[0m.
[[0;32m  OK  [0m] Mounted [0;1;39mKernel Debug File System[0m.
[[0;32m  OK  [0m] Mounted [0;1;39mTemporary Directory (/tmp)[0m.
[[0;32m  OK  [0m] Started [0;1;39mCreate list of staâ€¦ nodes for the current kernel[0m.
[[0;32m  OK  [0m] Started [0;1;39mLoad Kernel Modules[0m.
[[0;32m  OK  [0m] Started [0;1;39mRemount Root and Kernel File Systems[0m.
         Mounting [0;1;39mKernel Configuration File System[0m...
[[0;32m  OK  [0m] Started [0;1;39mStart psplash-systâ€¦progress communication helper[0m.
         Starting [0;1;39mFlush Journal to Persistent Storage[0m...
         Starting [0;1;39mApply Kernel Variables[0m...
[   16.055130] systemd-journald[325]: Received client request to flush runtime journal.
         Starting [0;1;39mCreate Static Device Nodes in /dev[0m...
[[0;32m  OK  [0m] Mounted [0;1;39mKernel Configuration File System[0m.
[[0;32m  OK  [0m] Started [0;1;39mFlush Journal to Persistent Storage[0m.
[[0;32m  OK  [0m] Started [0;1;39mApply Kernel Variables[0m.
[[0;32m  OK  [0m] Started [0;1;39mCreate Static Device Nodes in /dev[0m.
[[0;32m  OK  [0m] Reached target [0;1;39mLocal File Systems (Pre)[0m.
         Mounting [0;1;39m/var/volatile[0m...
         Starting [0;1;39mudev Kernel Device Manager[0m...
[[0;32m  OK  [0m] Started [0;1;39mudev Coldplug all Devices[0m.
[[0;32m  OK  [0m] Mounted [0;1;39m/var/volatile[0m.
         Starting [0;1;39mLoad/Save Random Seed[0m...
[[0;32m  OK  [0m] Reached target [0;1;39mLocal File Systems[0m.
         Starting [0;1;39mCreate Volatile Files and Directories[0m...
[[0;32m  OK  [0m] Started [0;1;39mLoad/Save Random Seed[0m.
[[0;32m  OK  [0m] Started [0;1;39mudev Kernel Device Manager[0m.
         Starting [0;1;39mNetwork Service[0m...
[[0;32m  OK  [0m] Started [0;1;39mCreate Volatile Files and Directories[0m.
         Starting [0;1;39mNetwork Time Synchronization[0m...
         Starting [0;1;39mUpdate UTMP about System Boot/Shutdown[0m...
[[0;32m  OK  [0m] Started [0;1;39mNetwork Service[0m.
         Starting [0;1;39mNetwork Name Resolution[0m...
[[0;32m  OK  [0m] Started [0;1;39mUpdate UTMP about System Boot/Shutdown[0m.
[[0;32m  OK  [0m] Started [0;1;39mNetwork Time Synchronization[0m.
[[0;32m  OK  [0m] Reached target [0;1;39mSystem Initialization[0m.
[[0;32m  OK  [0m] Started [0;1;39mDaily Cleanup of Temporary Directories[0m.
[   16.825085] pwm-backlight: probe of backlight failed with error -16
[[0;32m  OK  [0m] Reached target [0;1;39mSystem Time Set[0m.
[[0;32m  OK  [0m] Reached target [0;1;39mSystem Time Synchronized[0m.
[[0;32m  OK  [0m] Reached target [0;1;39mTimers[0m.
[[0;32m  OK  [0m] Listening on [0;1;39mAvahi mDNS/DNS-SD Stack Activation Socket[0m.
[[0;32m  OK  [0m] Listening on [0;1;39mD-Bus System Message Bus Socket[0m.
[   16.921687] at24 7-0050: supply vcc not found, using dummy regulator
[[0;32m  OK  [0m] Listening on [0;1;39mdropbear.socket[0m.
[[0;32m  OK  [0m] Reached target [0;1;39mSockets[0m.
[[0;32m  OK  [0m] Reached target [0;1;39mBasic System[0m.
[   16.971452] at24 7-0050: 128 byte br24t01 EEPROM, writable, 8 bytes/write
[[0;32m  OK  [0m] Started [0;1;39mD-Bus System Message Bus[0m.
[[0;32m  OK  [0m] Started [0;1;39moptee services[0m.
         Starting [0;1;39mpvrinit.service[0m...
         Starting [0;1;39mPowerVR consumer services[0m...
         Starting [0;1;39mLogin Service[0m...
[   17.116638] renesas_usb3 ee020000.usb: probed with phy
[[0;32m  OK  [0m] Started [0;1;39mNetwork Name Resolution[0m.
[   17.243087] ccree e6601000.crypto: ARM CryptoCell 630P Driver: HW version 0xAF400001/0xDCC63000, Driver version 5.0
[[0;32m  OK  [0m] Created slice [0;1;39msystem-weston.slice[0m.
[[0;32m  OK  [0m] Reached target [0;1;39mNetwork[0m.
[[0;32m  OK  [0m] Reached target [0;1;39mHost and Network Name Lookups[0m.
[[0;32m  OK  [0m] Reached target [0;1;39mHard[   17.376049] ccree e6601000.crypto: ARM ccree device initialized
ware activated USB gadget[0m.
         Starting [0;1;39mSave/Restore Sound Card State[0m...
         Starting [0;1;39mAvahi mDNS/DNS-SD Stack[0m...
         Starting [0;1;39mPermit User Sessions[0m...
[[0;32m  OK  [0m] Started [0;1;39mXinetd A Powerful Replacement For Inetd[0m.
[[0;1;31mFAILED[0m] Failed to start [0;1;39mpvrinit.service[0m.
See 'systemctl status pvrinit.service' for details.
[[0;32m  OK  [0m] Started [0;1;39mSave/Restore Sound Card State[0m.
[[0;32m  OK  [0m] Started [0;1;39mPermit User Sessions[0m.
[[0;1;31mFAILED[0m] Failed to start [0;1;39mPowerVR consumer services[0m.
See 'systemctl status rc.pvr.service' for details.
[[0;1;38;5;185mDEPEND[0m] Dependency failed for [0;1;39mWeston Wayland Compositor[0m.
[[0;32m  OK  [0m] Started [0;1;39mAvahi mDNS/DNS-SD Stack[0m.
[[0;32m  OK  [0m] Started [0;1;39mLogin Service[0m.
[[0;32m  OK  [0m] Reached target [0;1;39mSound Card[0m.
[[0;32m  OK  [0m] Started [0;1;39mGetty on tty1[0m.
[[0;32m  OK  [0m] Started [0;1;39mSerial Getty on ttySC0[0m.
[[0;32m  OK  [0m] Reached target [0;1;39mLogin Prompts[0m.
         Starting [0;1;39mset_default_governor.service[0m...
[   17.904685] rd 0-5: Disabling EAS, schedutil is mandatory
[[0;32m  OK  [0m] Started [0;1;39mset_default_governor.service[0m.
[[0;32m  OK  [0m] Reached target [0;1;39mMulti-User System[0m.
         Starting [0;1;39mUpdate UTMP about System Runlevel Changes[0m...
[[0;32m  OK  [0m] Started [0;1;39mUpdate UTMP about System Runlevel Changes[0m.

Poky (Yocto Project Reference Distro) 3.1.11 salvator-x ttySC0

salvator-x login: 
salvator-x login: root
[   20.032271] audit: type=1006 audit(1705131393.460:2): pid=517 uid=0 old-auid=4294967295 auid=0 tty=(none) old-ses=4294967295 ses=1 res=1
7[r[999;999H[6n8root@salvator-x:~# 
root@salvator-x:~# 
root@salvator-x:~# 
root@salvator-x:~# 
root@salvator-x:~# 
root@salvator-x:~# 
root@salvator-x:~# 
root@salvator-x:~# 
root@salvator-x:~# 
----------Prepare----------


root@salvator-x:~# find /sys/devices/platform/soc/ee0a0100.usb/ -name 'sd*'
/sys/devices/platform/soc/ee0a0100.usb/usb1/1-1/1-1:1.0/host0/target0:0:0/0:0:0:0/block/sda
/sys/devices/platform/soc/ee0a0100.usb/usb1/1-1/1-1:1.0/host0/target0:0:0/0:0:0:0/block/sda/sda1
root@salvator-x:~# 
root@salvator-x:~# dd if=/dev/urandom of=testdata bs=10M count=1
1+0 records in
1+0 records out
10485760 bytes (10 MB, 10 MiB) copied, 0.250209 s, 41.9 MB/s
root@salvator-x:~# 
root@salvator-x:~# mkdir -p /mnt/usb
root@salvator-x:~# 
root@salvator-x:~# mount /dev/sda1 /mnt/usb
[   31.180204] EXT4-fs (sda1): mounted filesystem with ordered data mode. Opts: (null)
root@salvator-x:~# 
root@salvator-x:~# cp testdata /mnt/usb/
root@salvator-x:~# 
root@salvator-x:~# umount /mnt/usb
root@salvator-x:~# 
root@salvator-x:~# find /sys/devices/platform/soc/ee0a0100.usb/ -name 'sd*'
/sys/devices/platform/soc/ee0a0100.usb/usb1/1-1/1-1:1.0/host0/target0:0:0/0:0:0:0/block/sda
/sys/devices/platform/soc/ee0a0100.usb/usb1/1-1/1-1:1.0/host0/target0:0:0/0:0:0:0/block/sda/sda1
root@salvator-x:~# 
root@salvator-x:~# i2cset -f -y 7 0x30 0x20 0x0f
root@salvator-x:~# 

Switch SW23 off and input 'yes' to continue:
Input 'yes' to continue: 

root@salvator-x:~# echo N > /sys/module/printk/paramet[   43.996478] SDHI0 VccQ: disabling
[   43.999879] SDHI3 VccQ: disabling
ers/console_suspend
root@salvator-x:~# 
root@salvator-x:~# mount /dev/sda1 /mnt/usb
[   45.359106] EXT4-fs (sda1): mounted filesystem with ordered data mode. Opts: (null)
root@salvator-x:~# 
root@salvator-x:~# cp testdata /mnt/usb/testdata_from_nfs &
[1] 540
root@salvator-x:~# 
root@salvator-x:~# echo mem > /sys/power/state
[   46.723927] PM: suspend entry (deep)
[   48.783528] Filesystems sync: 2.055 seconds
[   48.789965] Freezing user space processes ... (elapsed 0.001 seconds) done.
[   48.791952] OOM killer disabled.
[   48.791954] Freezing remaining freezable tasks ... (elapsed 0.001 seconds) done.
[   49.065620] ravb e6800000.ethernet eth0: Link is Down
[   49.081235] Disabling non-boot CPUs ...
[   49.085665] CPU1: shutdown
[   49.088411] psci: CPU1 killed (polled 0 ms)
[   49.094556] CPU2: shutdown
[   49.097295] psci: CPU2 killed (polled 0 ms)
[   49.103050] CPU3: shutdown
[   49.105785] psci: CPU3 killed (polled 0 ms)
[   49.111508] CPU4: shutdown
[   49.114260] psci: CPU4 killed (polled 0 ms)
[   49.120212] CPU5: shutdown
[   49.123097] psci: CPU5 killed (polled 0 ms)
 
Pull out USB device at CN10L


Press any button to continue


Plug in USB device at CN10L


Press any button to continue


 Switch power switch: 

NOTICE:  BL2: R-Car Gen3 Initial Program Loader(CA57) Rev.4.0.0
NOTICE:  BL2: PRR is R-Car M3 Ver.3.0
NOTICE:  BL2: Board is Salvator-XS Rev.1.0
NOTICE:  BL2: Boot device is HyperFlash(160MHz)
NOTICE:  BL2: LCM state is CM
NOTICE:  AVS setting succeeded. DVFS_SetVID=0x53
NOTICE:  BL2: DDR3200(rev.0.42)
NOTICE:  BL2: [WARM_BOOT]
NOTICE:  BL2: DRAM Split is 2ch
NOTICE:  BL2: QoS is default setting(rev.0.04)
NOTICE:  BL2: DRAM refresh interval 1.95 usec
NOTICE:  BL2: Periodic Write DQ Training
NOTICE:  BL2: CH0: 400000000 - 4ffffffff, 4 GiB
NOTICE:  BL2: CH2: 600000000 - 6ffffffff, 4 GiB
NOTICE:  BL2: Lossy Decomp areas
NOTICE:       Entry 0: DCMPAREACRAx:0x80000540 DCMPAREACRBx:0x570
NOTICE:       Entry 1: DCMPAREACRAx:0x40000000 DCMPAREACRBx:0x0
NOTICE:       Entry 2: DCMPAREACRAx:0x20000000 DCMPAREACRBx:0x0
NOTICE:  BL2: FDT at 0xe6326f70
NOTICE:  BL2: v2.9(release):9cdb21f75
NOTICE:  BL2: Built : 08:35:43, Jan 13 2024
NOTICE:  BL2: Normal boot
[   49.128568] Enabling non-boot CPUs ...
[   49.132639] Detected PIPT I-cache on CPU1
[   49.132695] CPU1: Booted secondary processor 0x0000000001 [0x411fd073]
[   49.133164] CPU1 is up
[   49.146288] Detected VIPT I-cache on CPU2
[   49.146343] CPU2: Booted secondary processor 0x0000000100 [0x410fd034]
[   49.147235] CPU2 is up
[   49.160253] Detected VIPT I-cache on CPU3
[   49.160287] CPU3: Booted secondary processor 0x0000000101 [0x410fd034]
[   49.160830] CPU3 is up
[   49.173845] Detected VIPT I-cache on CPU4
[   49.173879] CPU4: Booted secondary processor 0x0000000102 [0x410fd034]
[   49.174508] CPU4 is up
[   49.187524] Detected VIPT I-cache on CPU5
[   49.187558] CPU5: Booted secondary processor 0x0000000103 [0x410fd034]
[   49.188139] CPU5 is up
[   49.258302] xhci-hcd ee000000.usb: xHC error in resume, USBSTS 0x401, Reinit
[   49.265349] usb usb3: root hub lost power or was reset
[   49.270468] usb usb4: root hub lost power or was reset
[   49.327114] Micrel KSZ9031 Gigabit PHY e6800000.ethernet-ffffffff:00: attached PHY driver [Micrel KSZ9031 Gigabit PHY] (mii_bus:phy_addr=e6800000.ethernet-ffffffff:00, irq=175)
[   49.438315] usb usb2: root hub lost power or was reset
[   49.443500] usb usb1: root hub lost power or was reset
[   49.554271] usb usb6: root hub lost power or was reset
[   49.559550] usb usb5: root hub lost power or was reset
[   49.740357] usb 1-1: reset high-speed USB device number 2 using ehci-platform
[   49.905487] OOM killer enabled.
[   49.908667] Restarting tasks ... done.
[1]+  Done                    cp testdata /mnt/usb/testdata_from_nfs
[   49.913893] PM: suspend exit
root@salvator-x:~# [   55.894140] ravb e6800000.ethernet eth0: Link is Up - 1Gbps/Full - flow control off

root@salvator-x:~# echo "Wake up sucessfully"
Wake up sucessfully
root@salvator-x:~# 
root@salvator-x:~# wait
root@salvator-x:~# 
root@salvator-x:~# sync
root@salvator-x:~# 
root@salvator-x:~# cmp testdata /mnt/usb/testdata_from_nfs
root@salvator-x:~# 
root@salvator-x:~# umount /mnt/usb
root@salvator-x:~# Exception in thread Thread-1:
Traceback (most recent call last):
  File "/usr/lib/python2.7/threading.py", line 801, in __bootstrap_inner
    self.run()
  File "../common/conserial.py", line 81, in run
    _bytes_to_read = self.serial.inWaiting()
  File "/usr/local/lib/python2.7/dist-packages/serial/serialutil.py", line 594, in inWaiting
    return self.in_waiting
  File "/usr/local/lib/python2.7/dist-packages/serial/serialposix.py", line 549, in in_waiting
    s = fcntl.ioctl(self.fd, TIOCINQ, TIOCM_zero_str)
IOError: [Errno 9] Bad file descriptor


 
#### Result: OK ####
