

----------Item 1----------


Please press switch to restart board 

[F 00:00:120
[F 00:00:119
NOTICE:  BL2: R-Car Gen3 Initial Program Loader(CA57) Rev.4.0.0
NOTICE:  BL2: PRR is R-Car M3 Ver.3.0
NOTICE:  BL2: Board is Salvator-XS Rev.1.0
NOTICE:  BL2: Boot device is HyperFlash(160MHz)
NOTICE:  BL2: LCM state is CM
NOTICE:  AVS setting succeeded. DVFS_SetVID=0x53
NOTICE:  BL2: DDR3200(rev.0.42)
NOTICE:  BL2: [COLD_BOOT]
NOTICE:  BL2: DRAM Split is 2ch
NOTICE:  BL2: QoS is default setting(rev.0.04)
NOTICE:  BL2: DRAM refresh interval 1.95 usec
NOTICE:  BL2: Periodic Write DQ Training
NOTICE:  BL2: CH0: 400000000 - 4ffffffff, 4 GiB
NOTICE:  BL2: CH2: 600000000 - 6ffffffff, 4 GiB
NOTICE:  BL2: Lossy Decomp areas
NOTICE:       Entry 0: DCMPAREACRAx:0x80000540 DCMPAREACRBx:0x570
NOTICE:       Entry 1: DCMPAREACRAx:0x40000000 DCMPAREACRBx:0x0
NOTICE:       Entry 2: DCMPAREACRAx:0x20000000 DCMPAREACRBx:0x0
NOTICE:  BL2: FDT at 0xe6326f70
NOTICE:  BL2: v2.9(release):9cdb21f75
NOTICE:  BL2: Built : 08:35:43, Jan 13 2024
NOTICE:  BL2: Normal boot
NOTICE:  BL2: dst=0xe6326800 src=0x8180000 len=512(0x200)
NOTICE:  BL2: dst=0x43f00000 src=0x8180400 len=6144(0x1800)
NOTICE:  rcar_file_len: len: 0x0003e000
NOTICE:  BL2: dst=0x44000000 src=0x81c0000 len=253952(0x3e000)
NOTICE:  rcar_file_len: len: 0x00200000
NOTICE:  BL2: dst=0x44100000 src=0x8200000 len=2097152(0x200000)
NOTICE:  rcar_file_len: len: 0x00100000
NOTICE:  BL2: dst=0x50000000 src=0x8640000 len=1048576(0x100000)
NOTICE:  BL2: Booting BL31


U-Boot 2020.10 (Jan 13 2024 - 08:36:37 +0000)

CPU: Renesas Electronics R8A7796 rev 3.0
Model: Renesas Salvator-X 2nd version board based on r8a77961
DRAM:  7.9 GiB
RAM Configuration:
Bank #0: 0x048000000 - 0x0bfffffff, 1.9 GiB
Bank #1: 0x480000000 - 0x4ffffffff, 2 GiB
Bank #2: 0x600000000 - 0x6ffffffff, 4 GiB

MMC:   mmc@ee100000: 0, mmc@ee140000: 1, mmc@ee160000: 2
Loading Environment from MMC... OK
In:    serial@e6e88000
Out:   serial@e6e88000
Err:   serial@e6e88000
Net:   eth0: ethernet@e6800000
Hit any key to stop autoboot:  3  2  1  0 
ethernet@e6800000 Waiting for PHY auto negotiation to complete......... done
Using ethernet@e6800000 device
TFTP from server 192.168.10.98; our IP address is 192.168.10.107
Filename 'BV/PT3/boot_USB2H/Image'.
Load address: 0x48080000
Loading: *#################################################################
	 #################################################################
	 #################################################################
	 #################################################################
	 #################################################################
	 #################################################################
	 #################################################################
	 #################################################################
	 #################################################################
	 #################################################################
	 #################################################################
	 #################################################################
	 #################################################################
	 #################################################################
	 #################################################################
	 #################################################################
	 #################################################################
	 #################################################################
	 #################################################################
	 #################################################################
	 #################################################################
	 #################################################################
	 #################################################################
	 #################################################################
	 #################################################################
	 #################################################################
	 #################################################################
	 #################################################################
	 #################################################################
	 #################################################################
	 #################################################################
	 #################################################################
	 #################################################################
	 #################################################################
	 ################################################################
	 4 MiB/s
done
Bytes transferred = 33376768 (1fd4a00 hex)
Using ethernet@e6800000 device
TFTP from server 192.168.10.98; our IP address is 192.168.10.107
Filename 'BV/PT3/boot_USB2H/r8a779m3-salvator-xs.dtb'.
Load address: 0x48000000
Loading: *######
	 6.1 MiB/s
done
Bytes transferred = 76881 (12c51 hex)
Moving Image from 0x48080000 to 0x48200000, end=4a260000
## Flattened Device Tree blob at 48000000
   Booting using the fdt blob at 0x48000000
   Loading Device Tree to 0000000053fea000, end 0000000053fffc50 ... OK

Starting kernel ...

[    0.000000] Booting Linux on physical CPU 0x0000000000 [0x411fd073]
[    0.000000] Linux version 5.10.194-yocto-standard (thuan.nguyen-hong@banvien) (aarch64-poky-linux-gcc (GCC) 9.3.0, GNU ld (GNU Binutils) 2.34.0.20200220) #10 SMP PREEMPT Mon Feb 19 03:51:05 UTC 2024
[    0.000000] Machine model: Renesas Salvator-X 2nd version board based on r8a779m3
[    0.000000] efi: UEFI not found.
[    0.000000] Reserved memory: created CMA memory pool at 0x0000000057000000, size 16 MiB
[    0.000000] OF: reserved mem: initialized node linux,adsp@57000000, compatible id shared-dma-pool
[    0.000000] Reserved memory: created CMA memory pool at 0x0000000058000000, size 384 MiB
[    0.000000] OF: reserved mem: initialized node linux,cma@58000000, compatible id shared-dma-pool
[    0.000000] Reserved memory: created CMA memory pool at 0x0000000070000000, size 256 MiB
[    0.000000] OF: reserved mem: initialized node linux,multimedia@70000000, compatible id shared-dma-pool
[    0.000000] NUMA: No NUMA configuration found
[    0.000000] NUMA: Faking a node at [mem 0x0000000048000000-0x00000006ffffffff]
[    0.000000] NUMA: NODE_DATA [mem 0x6fefebb00-0x6fefedfff]
[    0.000000] Zone ranges:
[    0.000000]   DMA      [mem 0x0000000048000000-0x00000000ffffffff]
[    0.000000]   DMA32    empty
[    0.000000]   Normal   [mem 0x0000000100000000-0x00000006ffffffff]
[    0.000000] Movable zone start for each node
[    0.000000] Early memory node ranges
[    0.000000]   node   0: [mem 0x0000000048000000-0x0000000053ffffff]
[    0.000000]   node   0: [mem 0x0000000054000000-0x0000000056ffffff]
[    0.000000]   node   0: [mem 0x0000000057000000-0x00000000bfffffff]
[    0.000000]   node   0: [mem 0x0000000480000000-0x00000004ffffffff]
[    0.000000]   node   0: [mem 0x0000000600000000-0x00000006ffffffff]
[    0.000000] Initmem setup node 0 [mem 0x0000000048000000-0x00000006ffffffff]
[    0.000000] psci: probing for conduit method from DT.
[    0.000000] psci: PSCIv1.1 detected in firmware.
[    0.000000] psci: Using standard PSCI v0.2 function IDs
[    0.000000] psci: Trusted OS resident on physical CPU 0x0
[    0.000000] psci: SMC Calling Convention v1.2
[    0.000000] percpu: Embedded 23 pages/cpu s56984 r8192 d29032 u94208
[    0.000000] Detected PIPT I-cache on CPU0
[    0.000000] CPU features: detected: EL2 vector hardening
[    0.000000] CPU features: detected: Spectre-v2
[    0.000000] CPU features: detected: ARM errata 1165522, 1319367, or 1530923
[    0.000000] CPU features: detected: Spectre-BHB
[    0.000000] CPU features: detected: ARM erratum 1742098
[    0.000000] Built 1 zonelists, mobility grouping on.  Total pages: 2032128
[    0.000000] Policy zone: Normal
[    0.000000] Kernel command line: rw root=/dev/nfs nfsroot=192.168.10.98:/data/tftpboot/BV/PT3/rootfs_M3e,nfsvers=4 ip=192.168.10.107
[    0.000000] Dentry cache hash table entries: 1048576 (order: 11, 8388608 bytes, linear)
[    0.000000] Inode-cache hash table entries: 524288 (order: 10, 4194304 bytes, linear)
[    0.000000] mem auto-init: stack:off, heap alloc:off, heap free:off
[    0.000000] software IO TLB: mapped [mem 0x00000000bc000000-0x00000000c0000000] (64MB)
[    0.000000] Memory: 7277108K/8257536K available (15232K kernel code, 2834K rwdata, 8240K rodata, 6144K init, 517K bss, 308684K reserved, 671744K cma-reserved)
[    0.000000] SLUB: HWalign=64, Order=0-3, MinObjects=0, CPUs=6, Nodes=1
[    0.000000] rcu: Preemptible hierarchical RCU implementation.
[    0.000000] rcu: 	RCU event tracing is enabled.
[    0.000000] rcu: 	RCU restricting CPUs from NR_CPUS=256 to nr_cpu_ids=6.
[    0.000000] 	Trampoline variant of Tasks RCU enabled.
[    0.000000] rcu: RCU calculated value of scheduler-enlistment delay is 25 jiffies.
[    0.000000] rcu: Adjusting geometry for rcu_fanout_leaf=16, nr_cpu_ids=6
[    0.000000] NR_IRQS: 64, nr_irqs: 64, preallocated irqs: 0
[    0.000000] arch_timer: cp15 timer(s) running at 8.32MHz (virt).
[    0.000000] clocksource: arch_sys_counter: mask: 0xffffffffffffff max_cycles: 0x1eb398c07, max_idle_ns: 440795202503 ns
[    0.000004] sched_clock: 56 bits at 8MHz, resolution 120ns, wraps every 2199023255503ns
[    0.000216] Console: colour dummy device 80x25
[    0.000420] printk: console [tty0] enabled
[    0.000503] Calibrating delay loop (skipped), value calculated using timer frequency.. 16.64 BogoMIPS (lpj=33280)
[    0.000519] pid_max: default: 32768 minimum: 301
[    0.000577] LSM: Security Framework initializing
[    0.000667] Mount-cache hash table entries: 16384 (order: 5, 131072 bytes, linear)
[    0.000720] Mountpoint-cache hash table entries: 16384 (order: 5, 131072 bytes, linear)
[    0.002236] rcu: Hierarchical SRCU implementation.
[    0.003837] Detected Renesas R-Car Gen3 r8a77961 ES3.0
[    0.005719] EFI services will not be available.
[    0.006064] smp: Bringing up secondary CPUs ...
[    0.006559] Detected PIPT I-cache on CPU1
[    0.006619] CPU1: Booted secondary processor 0x0000000001 [0x411fd073]
[    0.007194] CPU features: detected: ARM erratum 845719
[    0.007209] Detected VIPT I-cache on CPU2
[    0.007267] CPU2: Booted secondary processor 0x0000000100 [0x410fd034]
[    0.007770] Detected VIPT I-cache on CPU3
[    0.007798] CPU3: Booted secondary processor 0x0000000101 [0x410fd034]
[    0.008297] Detected VIPT I-cache on CPU4
[    0.008325] CPU4: Booted secondary processor 0x0000000102 [0x410fd034]
[    0.008803] Detected VIPT I-cache on CPU5
[    0.008830] CPU5: Booted secondary processor 0x0000000103 [0x410fd034]
[    0.008909] smp: Brought up 1 node, 6 CPUs
[    0.008961] SMP: Total of 6 processors activated.
[    0.008969] CPU features: detected: 32-bit EL0 Support
[    0.008976] CPU features: detected: CRC32 instructions
[    0.008983] CPU features: detected: 32-bit EL1 Support
[    0.022646] CPU: All CPU(s) started at EL1
[    0.022705] alternatives: patching kernel code
[    0.023722] devtmpfs: initialized
[    0.029794] KASLR disabled due to lack of seed
[    0.029966] clocksource: jiffies: mask: 0xffffffff max_cycles: 0xffffffff, max_idle_ns: 7645041785100000 ns
[    0.029987] futex hash table entries: 2048 (order: 5, 131072 bytes, linear)
[    0.038526] pinctrl core: initialized pinctrl subsystem
[    0.040087] DMI not present or invalid.
[    0.040606] NET: Registered protocol family 16
[    0.041517] DMA: preallocated 1024 KiB GFP_KERNEL pool for atomic allocations
[    0.041696] DMA: preallocated 1024 KiB GFP_KERNEL|GFP_DMA pool for atomic allocations
[    0.041962] DMA: preallocated 1024 KiB GFP_KERNEL|GFP_DMA32 pool for atomic allocations
[    0.042012] audit: initializing netlink subsys (disabled)
[    0.042207] audit: type=2000 audit(0.040:1): state=initialized audit_enabled=0 res=1
[    0.043339] thermal_sys: Registered thermal governor 'power_allocator'
[    0.043937] cpuidle: using governor menu
[    0.044133] hw-breakpoint: found 6 breakpoint and 4 watchpoint registers.
[    0.044243] ASID allocator initialised with 65536 entries
[    0.045705] Serial: AMBA PL011 UART driver
[    0.081825] sh-pfc e6060000.pinctrl: r8a77961_pfc support registered
[    0.094497] HugeTLB registered 1.00 GiB page size, pre-allocated 0 pages
[    0.094512] HugeTLB registered 32.0 MiB page size, pre-allocated 0 pages
[    0.094521] HugeTLB registered 2.00 MiB page size, pre-allocated 0 pages
[    0.094528] HugeTLB registered 64.0 KiB page size, pre-allocated 0 pages
[    0.095543] cryptd: max_cpu_qlen set to 1000
[    0.097880] ACPI: Interpreter disabled.
[    0.101367] rcar-avs: use avs value: 0
[    0.101387] rcar-avs: cpu@0 is running with: opp_table0
[    0.101395] rcar-avs: cpu@1 is running with: opp_table0
[    0.101487] rcar-avs: gsx@fd000000 is running with: gsx_opp_table0
[    0.103044] iommu: Default domain type: Translated 
[    0.103719] ipmmu-vmsa e67b0000.iommu: IPMMU context 0 is reserved
[    0.104740] vgaarb: loaded
[    0.104986] SCSI subsystem initialized
[    0.105267] usbcore: registered new interface driver usbfs
[    0.105296] usbcore: registered new interface driver hub
[    0.105320] usbcore: registered new device driver usb
[    0.109028] i2c-sh_mobile e60b0000.i2c: I2C adapter 7, bus speed 400000 Hz
[    0.109674] mc: Linux media interface: v0.10
[    0.109702] videodev: Linux video capture interface: v2.00
[    0.109764] pps_core: LinuxPPS API ver. 1 registered
[    0.109772] pps_core: Software ver. 5.3.6 - Copyright 2005-2007 Rodolfo Giometti <giometti@linux.it>
[    0.109787] PTP clock support registered
[    0.109992] EDAC MC: Ver: 3.0.0
[    0.112022] FPGA manager framework
[    0.112100] Advanced Linux Sound Architecture Driver Initialized.
[    0.112767] clocksource: Switched to clocksource arch_sys_counter
[    0.112943] VFS: Disk quotas dquot_6.6.0
[    0.112992] VFS: Dquot-cache hash table entries: 512 (order 0, 4096 bytes)
[    0.113140] pnp: PnP ACPI: disabled
[    0.117275] NET: Registered protocol family 2
[    0.117718] IP idents hash table entries: 131072 (order: 8, 1048576 bytes, linear)
[    0.119991] tcp_listen_portaddr_hash hash table entries: 4096 (order: 4, 65536 bytes, linear)
[    0.120075] TCP established hash table entries: 65536 (order: 7, 524288 bytes, linear)
[    0.120386] TCP bind hash table entries: 65536 (order: 8, 1048576 bytes, linear)
[    0.121022] TCP: Hash tables configured (established 65536 bind 65536)
[    0.121155] UDP hash table entries: 4096 (order: 5, 131072 bytes, linear)
[    0.121280] UDP-Lite hash table entries: 4096 (order: 5, 131072 bytes, linear)
[    0.121505] NET: Registered protocol family 1
[    0.121878] RPC: Registered named UNIX socket transport module.
[    0.121893] RPC: Registered udp transport module.
[    0.121900] RPC: Registered tcp transport module.
[    0.121906] RPC: Registered tcp NFSv4.1 backchannel transport module.
[    0.121920] PCI: CLS 0 bytes, default 64
[    0.122777] hw perfevents: enabled with armv8_cortex_a53 PMU driver, 7 counters available
[    0.123009] hw perfevents: enabled with armv8_cortex_a57 PMU driver, 7 counters available
[    0.123556] kvm [1]: HYP mode not available
[    0.126543] Initialise system trusted keyrings
[    0.126691] workingset: timestamp_bits=42 max_order=21 bucket_order=0
[    0.130040] squashfs: version 4.0 (2009/01/31) Phillip Lougher
[    0.130466] NFS: Registering the id_resolver key type
[    0.130498] Key type id_resolver registered
[    0.130506] Key type id_legacy registered
[    0.130566] nfs4filelayout_init: NFSv4 File Layout Driver Registering...
[    0.130577] nfs4flexfilelayout_init: NFSv4 Flexfile Layout Driver Registering...
[    0.130687] 9p: Installing v9fs 9p2000 file system support
[    0.156640] Key type asymmetric registered
[    0.156656] Asymmetric key parser 'x509' registered
[    0.156694] Block layer SCSI generic (bsg) driver version 0.4 loaded (major 243)
[    0.156716] io scheduler mq-deadline registered
[    0.156726] io scheduler kyber registered
[    0.169693] gpio_rcar e6050000.gpio: driving 16 GPIOs
[    0.170056] gpio_rcar e6051000.gpio: driving 29 GPIOs
[    0.170360] gpio_rcar e6052000.gpio: driving 15 GPIOs
[    0.170653] gpio_rcar e6053000.gpio: driving 16 GPIOs
[    0.170942] gpio_rcar e6054000.gpio: driving 18 GPIOs
[    0.171231] gpio_rcar e6055000.gpio: driving 26 GPIOs
[    0.171535] gpio_rcar e6055400.gpio: driving 32 GPIOs
[    0.171826] gpio_rcar e6055800.gpio: driving 4 GPIOs
[    0.174697] rcar-pcie fe000000.pcie: host bridge /soc/pcie@fe000000 ranges:
[    0.174732] rcar-pcie fe000000.pcie:       IO 0x00fe100000..0x00fe1fffff -> 0x0000000000
[    0.174754] rcar-pcie fe000000.pcie:      MEM 0x00fe200000..0x00fe3fffff -> 0x00fe200000
[    0.174773] rcar-pcie fe000000.pcie:      MEM 0x0030000000..0x0037ffffff -> 0x0030000000
[    0.174787] rcar-pcie fe000000.pcie:      MEM 0x0038000000..0x003fffffff -> 0x0038000000
[    0.174803] rcar-pcie fe000000.pcie:   IB MEM 0x0040000000..0x00bfffffff -> 0x0040000000
[    0.174855] rcar-pcie fe000000.pcie: no pcie3v3 regulator found
[    0.174866] rcar-pcie fe000000.pcie: no pcie1v8 regulator found
[    0.244423] rcar-pcie fe000000.pcie: PCIe link down
[    0.244613] rcar-pcie ee800000.pcie: host bridge /soc/pcie@ee800000 ranges:
[    0.244635] rcar-pcie ee800000.pcie:       IO 0x00ee900000..0x00ee9fffff -> 0x0000000000
[    0.244656] rcar-pcie ee800000.pcie:      MEM 0x00eea00000..0x00eebfffff -> 0x00eea00000
[    0.244673] rcar-pcie ee800000.pcie:      MEM 0x00c0000000..0x00c7ffffff -> 0x00c0000000
[    0.244687] rcar-pcie ee800000.pcie:      MEM 0x00c8000000..0x00cfffffff -> 0x00c8000000
[    0.244718] rcar-pcie ee800000.pcie:   IB MEM 0x0040000000..0x00bfffffff -> 0x0040000000
[    0.244756] rcar-pcie ee800000.pcie: no pcie3v3 regulator found
[    0.244766] rcar-pcie ee800000.pcie: no pcie1v8 regulator found
[    0.312412] rcar-pcie ee800000.pcie: PCIe link down
[    0.314528] EINJ: ACPI disabled.
[    0.345665] Serial: 8250/16550 driver, 4 ports, IRQ sharing enabled
[    0.348075] SuperH (H)SCI(F) driver initialized
[    0.348523] e6550000.serial: ttySC1 at MMIO 0xe6550000 (irq = 40, base_baud = 0) is a hscif
[    0.349402] e6e88000.serial: ttySC0 at MMIO 0xe6e88000 (irq = 123, base_baud = 0) is a scif
[    1.513161] printk: console [ttySC0] enabled
[    1.518675] msm_serial: driver initialized
[    1.528134] rcar-dw-hdmi fead0000.hdmi: Detected HDMI TX controller v2.01a with HDCP (DWC HDMI 2.0 TX PHY)
[    1.538125] rcar-dw-hdmi fead0000.hdmi: registered DesignWare HDMI I2C bus driver
[    1.553954] loop: module loaded
[    1.558575] megasas: 07.714.04.00-rc1
[    1.568088] tun: Universal TUN/TAP device driver, 1.6
[    1.573995] thunder_xcv, ver 1.0
[    1.577269] thunder_bgx, ver 1.0
[    1.580510] nicpf, ver 1.0
[    1.584448] hclge is initializing
[    1.587791] hns3: Hisilicon Ethernet Network Driver for Hip08 Family - version
[    1.595016] hns3: Copyright (c) 2017 Huawei Corporation.
[    1.600361] e1000: Intel(R) PRO/1000 Network Driver
[    1.605242] e1000: Copyright (c) 1999-2006 Intel Corporation.
[    1.611009] e1000e: Intel(R) PRO/1000 Network Driver
[    1.615974] e1000e: Copyright(c) 1999 - 2015 Intel Corporation.
[    1.621920] igb: Intel(R) Gigabit Ethernet Network Driver
[    1.627324] igb: Copyright (c) 2007-2014 Intel Corporation.
[    1.632915] igbvf: Intel(R) Gigabit Virtual Function Network Driver
[    1.639184] igbvf: Copyright (c) 2009 - 2012 Intel Corporation.
[    1.645491] sky2: driver version 1.30
[    1.653153] ravb e6800000.ethernet eth0: Base address at 0xe6800000, 2e:09:0a:03:99:2e, IRQ 120.
[    1.663365] VFIO - User Level meta-driver version: 0.3
[    1.670402] ehci_hcd: USB 2.0 'Enhanced' Host Controller (EHCI) Driver
[    1.676948] ehci-pci: EHCI PCI platform driver
[    1.681412] ehci-platform: EHCI generic platform driver
[    1.687140] ehci-platform ee0a0100.usb: EHCI Host Controller
[    1.692831] ehci-platform ee0a0100.usb: new USB bus registered, assigned bus number 1
[    1.700753] ehci-platform ee0a0100.usb: irq 170, io mem 0xee0a0100
[    1.720725] ehci-platform ee0a0100.usb: USB 2.0 started, EHCI 1.10
[    1.727280] hub 1-0:1.0: USB hub found
[    1.731054] hub 1-0:1.0: 1 port detected
[    1.735473] ehci-orion: EHCI orion driver
[    1.739770] ehci-exynos: EHCI Exynos driver
[    1.744070] ohci_hcd: USB 1.1 'Open' Host Controller (OHCI) Driver
[    1.750273] ohci-pci: OHCI PCI platform driver
[    1.754769] ohci-platform: OHCI generic platform driver
[    1.760379] ohci-platform ee0a0000.usb: Generic Platform OHCI controller
[    1.767101] ohci-platform ee0a0000.usb: new USB bus registered, assigned bus number 2
[    1.775006] ohci-platform ee0a0000.usb: irq 170, io mem 0xee0a0000
[    1.871036] hub 2-0:1.0: USB hub found
[    1.874808] hub 2-0:1.0: 1 port detected
[    1.879197] ohci-exynos: OHCI Exynos driver
[    1.884096] xhci-hcd ee000000.usb: xHCI Host Controller
[    1.889347] xhci-hcd ee000000.usb: new USB bus registered, assigned bus number 3
[    1.912614] xhci-hcd ee000000.usb: hcc params 0x014051ce hci version 0x100 quirks 0x0000000000830410
[    1.921793] xhci-hcd ee000000.usb: irq 167, io mem 0xee000000
[    1.927649] xhci-hcd ee000000.usb: xHCI Host Controller
[    1.932883] xhci-hcd ee000000.usb: new USB bus registered, assigned bus number 4
[    1.940288] xhci-hcd ee000000.usb: Host supports USB 3.0 SuperSpeed
[    1.946877] hub 3-0:1.0: USB hub found
[    1.950653] hub 3-0:1.0: 1 port detected
[    1.954757] usb usb4: We don't know the algorithms for LPM for this host, disabling LPM.
[    1.963133] hub 4-0:1.0: USB hub found
[    1.966906] hub 4-0:1.0: 1 port detected
[    1.971722] usbcore: registered new interface driver usb-storage
[    1.979262] renesas_usbhs e6590000.usb: host probed
[    1.984161] renesas_usbhs e6590000.usb: no transceiver found
[    1.989895] renesas_usbhs e6590000.usb: gadget probed
[    1.995131] renesas_usbhs e6590000.usb: probed
[    2.001921] i2c /dev entries driver
[    2.016220] cs2000-cp 2-004f: revision - C1
[    2.020490] i2c-rcar e6510000.i2c: probed
[    2.025442] pca953x 4-0020: supply vcc not found, using dummy regulator
[    2.032162] pca953x 4-0020: using no AI
[    2.042802] i2c-rcar e66d8000.i2c: probed
[    2.048194] adv748x 4-0070: Endpoint /soc/i2c@e66d8000/video-receiver@70/port@7/endpoint on port 7
[    2.057186] adv748x 4-0070: Endpoint /soc/i2c@e66d8000/video-receiver@70/port@8/endpoint on port 8
[    2.066159] adv748x 4-0070: Endpoint /soc/i2c@e66d8000/video-receiver@70/port@a/endpoint on port 10
[    2.075226] adv748x 4-0070: Endpoint /soc/i2c@e66d8000/video-receiver@70/port@b/endpoint on port 11
[    2.084621] adv748x 4-0070: chip found @ 0xe0 revision 2143
[    2.138178] rcar-csi2 fea80000.csi2: 1 lanes found
[    2.143356] rcar-csi2 feaa0000.csi2: 4 lanes found
[    2.153174] rcar-vin e6ef0000.video: Device registered as video0
[    2.159267] rcar-vin e6ef1000.video: Device registered as video1
[    2.165344] rcar-vin e6ef2000.video: Device registered as video2
[    2.171424] rcar-vin e6ef3000.video: Device registered as video3
[    2.177497] rcar-vin e6ef4000.video: Device registered as video4
[    2.183578] rcar-vin e6ef5000.video: Device registered as video5
[    2.189660] rcar-vin e6ef6000.video: Device registered as video6
[    2.195737] rcar-vin e6ef7000.video: Device registered as video7
[    2.204312] rcar_gen3_thermal e6198000.thermal: is using pseudo fixed FUSE values
[    2.216455] rcar_gen3_thermal e6198000.thermal: TSC0: Loaded 1 trip points
[    2.227856] rcar_gen3_thermal e6198000.thermal: TSC1: Loaded 1 trip points
[    2.239107] rcar_gen3_thermal e6198000.thermal: TSC2: Loaded 3 trip points
[    2.251126] sdhci: Secure Digital Host Controller Interface driver
[    2.257340] sdhci: Copyright(c) Pierre Ossman
[    2.262484] Synopsys Designware Multimedia Card Interface Driver
[    2.262982] renesas_sdhi_internal_dmac ee160000.mmc: Got CD GPIO
[    2.263016] renesas_sdhi_internal_dmac ee100000.mmc: Got CD GPIO
[    2.263067] renesas_sdhi_internal_dmac ee100000.mmc: Got WP GPIO
[    2.263123] renesas_sdhi_internal_dmac ee140000.mmc: Adding to iommu group 0
[    2.263170] renesas_sdhi_internal_dmac ee140000.mmc: Using IPMMU context 1
[    2.269721] sdhci-pltfm: SDHCI platform and OF driver helper
[    2.274543] renesas_sdhi_internal_dmac ee160000.mmc: Got WP GPIO
[    2.312285] ledtrig-cpu: registered to indicate activity on CPUs
[    2.312430] renesas_sdhi_internal_dmac ee140000.mmc: mmc0 base at 0x00000000ee140000, max clock rate 200 MHz
[    2.319171] SMCCC: SOC_ID: ARCH_SOC_ID not implemented, skipping ....
[    2.335237] usbcore: registered new interface driver usbhid
[    2.340843] usbhid: USB HID core driver
[    2.347967] optee: probing for conduit method.
[    2.352443] optee: revision 3.22 (314ecf9d)
[    2.352913] optee driver R-Car Rev.1.0.11
[    2.361425] optee: dynamic shared memory is enabled
[    2.366612] optee: initialized driver
[    2.381257] rcar_sound ec500000.sound: probed
[    2.386339] NET: Registered protocol family 17
[    2.390914] 9pnet: Installing 9P2000 support
[    2.395244] Key type dns_resolver registered
[    2.399966] registered taskstats version 1
[    2.404084] Loading compiled-in X.509 certificates
[    2.417002] mmc0: new HS400 MMC card at address 0001
[    2.418381] thermal emergency: set temperature to 110 celsius
[    2.422927] mmcblk0: mmc0:0001 BGSD4R 29.1 GiB 
[    2.427950] thermal emergency: shutdown target cpus 1-5
[    2.432675] mmcblk0boot0: mmc0:0001 BGSD4R partition 1 31.9 MiB
[    2.437549] thermal emergency: freq scaled target cpus 0
[    2.437915] renesas_irqc e61c0000.interrupt-controller: driving 6 irqs
[    2.443873] mmcblk0boot1: mmc0:0001 BGSD4R partition 2 31.9 MiB
[    2.461502] mmcblk0rpmb: mmc0:0001 BGSD4R partition 3 4.00 MiB, chardev (509:0)
[    2.470785]  mmcblk0: p1
[    2.496748] ehci-platform ee080100.usb: EHCI Host Controller
[    2.502443] ehci-platform ee080100.usb: new USB bus registered, assigned bus number 5
[    2.510349] ehci-platform ee080100.usb: irq 169, io mem 0xee080100
[    2.528726] ehci-platform ee080100.usb: USB 2.0 started, EHCI 1.10
[    2.535413] hub 5-0:1.0: USB hub found
[    2.539188] hub 5-0:1.0: 1 port detected
[    2.544679] ohci-platform ee080000.usb: Generic Platform OHCI controller
[    2.551415] ohci-platform ee080000.usb: new USB bus registered, assigned bus number 6
[    2.559324] ohci-platform ee080000.usb: irq 169, io mem 0xee080000
[    2.655149] hub 6-0:1.0: USB hub found
[    2.658927] hub 6-0:1.0: 1 port detected
[    2.664515] cpu cpu0: EM: created perf domain
[    2.669771] cpu cpu2: EM: created perf domain
[    2.680092] renesas_sdhi_internal_dmac ee100000.mmc: Got CD GPIO
[    2.680115] renesas_sdhi_internal_dmac ee160000.mmc: Got CD GPIO
[    2.686203] renesas_sdhi_internal_dmac ee100000.mmc: Got WP GPIO
[    2.692196] renesas_sdhi_internal_dmac ee160000.mmc: Got WP GPIO
[    2.708249] [drm] Initialized rcar-du 1.0.0 20130110 for feb00000.display on minor 0
[    2.716101] [drm] Device feb00000.display probed
[    2.747855] renesas_sdhi_internal_dmac ee100000.mmc: mmc1 base at 0x00000000ee100000, max clock rate 200 MHz
[    2.753507] renesas_sdhi_internal_dmac ee160000.mmc: mmc2 base at 0x00000000ee160000, max clock rate 200 MHz
[    2.757586] Console: switching to colour frame buffer device 128x48
[    2.801128] rcar-du feb00000.display: [drm] fb0: rcar-dudrmfb frame buffer device
[    2.810986] input: keys as /devices/platform/keys/input/input0
[    2.887899] Micrel KSZ9031 Gigabit PHY e6800000.ethernet-ffffffff:00: attached PHY driver [Micrel KSZ9031 Gigabit PHY] (mii_bus:phy_addr=e6800000.ethernet-ffffffff:00, irq=175)
[    9.583724] ravb e6800000.ethernet eth0: Link is Up - 1Gbps/Full - flow control off
[    9.608742] IP-Config: Guessing netmask 255.255.255.0
[    9.613900] IP-Config: Complete:
[    9.617210]      device=eth0, hwaddr=2e:09:0a:03:99:2e, ipaddr=192.168.10.107, mask=255.255.255.0, gw=255.255.255.255
[    9.628021]      host=192.168.10.107, domain=, nis-domain=(none)
[    9.634151]      bootserver=255.255.255.255, rootserver=192.168.10.98, rootpath=
[    9.634767] ALSA device list:
[    9.645393]   #0: rcar-sound
[   10.494083] VFS: Mounted root (nfs4 filesystem) on device 0:22.
[   10.500968] devtmpfs: mounted
[   10.507070] Freeing unused kernel memory: 6144K
[   10.524924] Run /sbin/init as init process
[   10.725960] systemd[1]: System time before build time, advancing clock.
[   11.128014] NET: Registered protocol family 10
[   11.137064] Segment Routing with IPv6
[   11.175370] systemd[1]: systemd 244 running in system mode. (+PAM -AUDIT -SELINUX +IMA -APPARMOR -SMACK +SYSVINIT +UTMP -LIBCRYPTSETUP -GCRYPT -GNUTLS +ACL +XZ -LZ4 -SECCOMP +BLKID -ELFUTILS +KMOD -IDN2 -IDN -PCRE2 default-hierarchy=hybrid)
[   11.205454] systemd[1]: Detected architecture arm64.

Welcome to [1mPoky (Yocto Project Reference Distro) 3.1.11 (dunfell)[0m!

[   11.243735] systemd[1]: Set hostname to <salvator-x>.
[   12.012287] random: systemd: uninitialized urandom read (16 bytes read)
[   12.023406] systemd[1]: system-getty.slice: unit configures an IP firewall, but the local system does not support BPF/cgroup firewalling.
[   12.044109] systemd[1]: (This warning is only shown for the first unit using IP firewalling.)
[   12.058657] systemd[1]: Created slice system-getty.slice.
[[0;32m  OK  [0m] Created slice [0;1;39msystem-getty.slice[0m.
[   12.080895] random: systemd: uninitialized urandom read (16 bytes read)
[   12.089809] systemd[1]: Created slice system-serial\x2dgetty.slice.
[[0;32m  OK  [0m] Created slice [0;1;39msystem-serial\x2dgetty.slice[0m.
[   12.112874] random: systemd: uninitialized urandom read (16 bytes read)
[   12.121577] systemd[1]: Created slice User and Session Slice.
[[0;32m  OK  [0m] Created slice [0;1;39mUser and Session Slice[0m.
[   12.145100] systemd[1]: Started Dispatch Password Requests to Console Directory Watch.
[[0;32m  OK  [0m] Started [0;1;39mDispatch Password â€¦ts to Console Directory Watch[0m.
[   12.173352] systemd[1]: Started Forward Password Requests to Wall Directory Watch.
[[0;32m  OK  [0m] Started [0;1;39mForward Password Râ€¦uests to Wall Directory Watch[0m.
[   12.201004] systemd[1]: Reached target Paths.
[[0;32m  OK  [0m] Reached target [0;1;39mPaths[0m.
[   12.224931] systemd[1]: Reached target Remote File Systems.
[[0;32m  OK  [0m] Reached target [0;1;39mRemote File Systems[0m.
[   12.248894] systemd[1]: Reached target Slices.
[[0;32m  OK  [0m] Reached target [0;1;39mSlices[0m.
[   12.272908] systemd[1]: Reached target Swap.
[[0;32m  OK  [0m] Reached target [0;1;39mSwap[0m.
[   12.299974] systemd[1]: Listening on RPCbind Server Activation Socket.
[[0;32m  OK  [0m] Listening on [0;1;39mRPCbind Server Activation Socket[0m.
[   12.328992] systemd[1]: Reached target RPC Port Mapper.
[[0;32m  OK  [0m] Reached target [0;1;39mRPC Port Mapper[0m.
[   12.353306] systemd[1]: Listening on initctl Compatibility Named Pipe.
[[0;32m  OK  [0m] Listening on [0;1;39minitctl Compatibility Named Pipe[0m.
[   12.382616] systemd[1]: Listening on Journal Audit Socket.
[[0;32m  OK  [0m] Listening on [0;1;39mJournal Audit Socket[0m.
[   12.410410] systemd[1]: Listening on Journal Socket (/dev/log).
[[0;32m  OK  [0m] Listening on [0;1;39mJournal Socket (/dev/log)[0m.
[   12.437635] systemd[1]: Listening on Journal Socket.
[[0;32m  OK  [0m] Listening on [0;1;39mJournal Socket[0m.
[   12.462889] systemd[1]: Listening on Network Service Netlink Socket.
[[0;32m  OK  [0m] Listening on [0;1;39mNetwork Service Netlink Socket[0m.
[   12.491200] systemd[1]: Listening on udev Control Socket.
[[0;32m  OK  [0m] Listening on [0;1;39mudev Control Socket[0m.
[   12.517516] systemd[1]: Listening on udev Kernel Socket.
[[0;32m  OK  [0m] Listening on [0;1;39mudev Kernel Socket[0m.
[   12.546686] systemd[1]: Mounting Huge Pages File System...
         Mounting [0;1;39mHuge Pages File System[0m...
[   12.574479] systemd[1]: Mounting POSIX Message Queue File System...
         Mounting [0;1;39mPOSIX Message Queue File System[0m...
[   12.606497] systemd[1]: Mounting Kernel Debug File System...
         Mounting [0;1;39mKernel Debug File System[0m...
[   12.639346] systemd[1]: Mounting Temporary Directory (/tmp)...
         Mounting [0;1;39mTemporary Directory (/tmp)[0m...
[   12.671636] systemd[1]: Starting Create list of static device nodes for the current kernel...
         Starting [0;1;39mCreate list of stâ€¦odes for the current kernel[0m...
[   12.706307] systemd[1]: Starting Start psplash boot splash screen...
         Starting [0;1;39mStart psplash boot splash screen[0m...
[   12.744445] systemd[1]: Starting RPC Bind...
         Starting [0;1;39mRPC Bind[0m...
[   12.769636] systemd[1]: Condition check resulted in File System Check on Root Device being skipped.
[   12.778563] systemd[1]: Starting Journal Service...
         Starting [0;1;39mJournal Service[0m...
[   12.813753] systemd[1]: Starting Load Kernel Modules...
         Starting [0;1;39mLoad Kernel Modules[0m...
[   12.841465] systemd[1]: Starting Remount Root and Kernel File Systems...
         Starting [0;1;39mRemount Root and Kernel File Systems[0m...
[   12.870740] systemd[1]: Starting udev Coldplug all Devices...
         Starting [0;1;39mudev Coldplug all Devices[0m...
[   12.898146] systemd[1]: Started Start psplash boot splash screen.
[[0;32m  OK  [0m] Started [0;1;39mStart psplash boot splash screen[0m.
[   12.921818] systemd[1]: Started RPC Bind.
[[0;32m  OK  [0m] Started [0;1;39mRPC Bind[0m.
[   12.941734] systemd[1]: Started Journal Service.
[[0;32m  OK  [0m] Started [0;1;39mJournal Service[0m.
[[0;32m  OK  [0m] Mounted [0;1;39mHuge Pages File System[0m.
[[0;32m  OK  [0m] Mounted [0;1;39mPOSIX Message Queue File System[0m.
[[0;32m  OK  [0m] Mounted [0;1;39mKernel Debug File System[0m.
[[0;32m  OK  [0m] Mounted [0;1;39mTemporary Directory (/tmp)[0m.
[[0;32m  OK  [0m] Started [0;1;39mCreate list of staâ€¦ nodes for the current kernel[0m.
[[0;32m  OK  [0m] Started [0;1;39mLoad Kernel Modules[0m.
[[0;32m  OK  [0m] Started [0;1;39mRemount Root and Kernel File Systems[0m.
[   13.083325] random: systemd: uninitialized urandom read (16 bytes read)
         Mounting [0;1;39mKerne[   13.098201] random: systemd-journal: uninitialized urandom read (16 bytes read)
l Configuration File System[0m...
[   13.117009] random: systemd: uninitialized urandom read (16 bytes read)
[[0;32m  OK  [0m] Started [0;1;39mStart psplash-systâ€¦progress communication helper[0m.
[   13.148828] random: crng init done
[   13.152259] random: 38 urandom warning(s) missed due to ratelimiting
         Starting [0;1;39mFlush Journal to Persistent Storage[0m...
         Starting [0;1;39mApply Kernel Variables[0m...
[   13.201223] systemd-journald[314]: Received client request to flush runtime journal.
         Starting [0;1;39mCreate Static Device Nodes in /dev[0m...
[[0;32m  OK  [0m] Mounted [0;1;39mKernel Configuration File System[0m.
[[0;32m  OK  [0m] Started [0;1;39mFlush Journal to Persistent Storage[0m.
[[0;32m  OK  [0m] Started [0;1;39mApply Kernel Variables[0m.
[[0;32m  OK  [0m] Started [0;1;39mCreate Static Device Nodes in /dev[0m.
[[0;32m  OK  [0m] Reached target [0;1;39mLocal File Systems (Pre)[0m.
         Mounting [0;1;39m/var/volatile[0m...
         Starting [0;1;39mudev Kernel Device Manager[0m...
[[0;32m  OK  [0m] Mounted [0;1;39m/var/volatile[0m.
         Starting [0;1;39mLoad/Save Random Seed[0m...
[[0;32m  OK  [0m] Reached target [0;1;39mLocal File Systems[0m.
         Starting [0;1;39mCreate Volatile Files and Directories[0m...
[[0;32m  OK  [0m] Started [0;1;39mudev Coldplug all Devices[0m.
[[0;32m  OK  [0m] Started [0;1;39mudev Kernel Device Manager[0m.
[[0;32m  OK  [0m] Started [0;1;39mLoad/Save Random Seed[0m.
         Starting [0;1;39mNetwork Service[0m...
[[0;32m  OK  [0m] Started [0;1;39mCreate Volatile Files and Directories[0m.
         Starting [0;1;39mNetwork Time Synchronization[0m...
         Starting [0;1;39mUpdate UTMP about System Boot/Shutdown[0m...
[[0;32m  OK  [0m] Started [0;1;39mNetwork Service[0m.
         Starting [0;1;39mNetwork Name Resolution[0m...
[[0;32m  OK  [0m] Started [0;1;39mUpdate UTMP about System Boot/Shutdown[0m.
[[0;32m  OK  [0m] Started [0;1;39mNetwork Time Synchronization[0m.
[[0;32m  OK  [0m] Reached target [0;1;39mSystem Initialization[0m.
[[0;32m  OK  [0m] Started [0;1;39mDaily Cleanup of Temporary Directories[0m.
[[0;32m  OK  [0m] Reached target [0;1;39mSystem Time Set[0m.
[[0;32m  OK  [0m] Reached target [0;1;39mSystem Time Synchronized[0m.
[[0;32m  OK  [0m] Reached target [0;1;39mTimers[0m.
[   13.884395] pwm-backlight: probe of backlight failed with error -16
[[0;32m  OK  [0m] Listening on [0;1;39mAvahi mDNS/DNS-SD Stack Activation Socket[0m.
[[0;32m  OK  [0m] Listening on [0;1;39mD-Bus System Message Bus Socket[0m.
[[0;32m  OK  [0m] Listening on [0;1;39mdropbear.socket[0m.
[[0;32m  OK  [0m] Reached target [0;1;39mSockets[0m.
[[0;32m  OK  [0m] Reached target [0;1;39mBasic System[0m.
[   13.992020] at24 7-0050: supply vcc not found, using dummy regulator
[   14.011419] at24 7-0050: 128 byte br24t01 EEPROM, writable, 8 bytes/write
[[0;32m  OK  [0m] Started [0;1;39mD-Bus System Message Bus[0m.
[[0;32m  OK  [0m] Started [0;1;39moptee services[0m.
         Starting [0;1;39mpvrinit.service[0m...
         Starting [0;1;39mPowerVR consumer services[0m...
         Starting [0;1;39mLogin Service[0m...
[[0;32m  OK  [0m] Started [0;1;39mNetwork Name Resolution[0m.
[   14.175844] renesas_usb3 ee020000.usb: probed with phy
[[0;32m  OK  [0m] Created slice [0;1;39msystem-weston.slice[0m.
[[0;32m  OK  [0m] Reached target [0;1;39mNetwork[0m.
[[0;32m  OK  [0m] Reached target [0;1;39mHost and Network Name Lookups[0m.
[[0;32m  OK  [[   14.337410] ccree e6601000.crypto: ARM CryptoCell 630P Driver: HW version 0xAF400001/0xDCC63000, Driver version 5.0
0m] Reached target [0;1;39mHardware activated USB gadget[0m.
         Starting [0;1;39mAvahi mDNS/DNS-SD Stack[0m...
         Startin[   14.391021] ccree e6601000.crypto: ARM ccree device initialized
g [0;1;39mPermit User Sessions[0m...
[[0;32m  OK  [0m] Started [0;1;39mXinetd A Powerful Replacement For Inetd[0m.
[[0;32m  OK  [0m] Started [0;1;39mPermit User Sessions[0m.
[[0;32m  OK  [0m] Started [0;1;39mAvahi mDNS/DNS-SD Stack[0m.
[[0;1;31mFAILED[0m] Failed to start [0;1;39mpvrinit.service[0m.
See 'systemctl status pvrinit.service' for details.
[[0;1;31mFAILED[0m] Failed to start [0;1;39mPowerVR consumer services[0m.
See 'systemctl status rc.pvr.service' for details.
[[0;1;38;5;185mDEPEND[0m] Dependency failed for [0;1;39mWeston Wayland Compositor[0m.
[[0;32m  OK  [0m] Started [0;1;39mLogin Service[0m.
         Starting [0;1;39mSave/Restore Sound Card State[0m...
[[0;32m  OK  [0m] Started [0;1;39mGetty on tty1[0m.
[[0;32m  OK  [0m] Started [0;1;39mSerial Getty on ttySC0[0m.
[[0;32m  OK  [0m] Reached target [0;1;39mLogin Prompts[0m.
         Starting [0;1;39mset_default_governor.service[0m...
[[0;32m  OK  [0m] Started [0;1;39mSave/Restore Sound Card State[0m.
[[0;32m  OK  [0m] Reached target [0;1;39mSound Card[0m.
[   14.861651] rd 0-5: Disabling EAS, schedutil is mandatory
[[0;32m  OK  [0m] Started [0;1;39mset_default_governor.service[0m.
[[0;32m  OK  [0m] Reached target [0;1;39mMulti-User System[0m.
         Starting [0;1;39mUpdate UTMP about System Runlevel Changes[0m...
[[0;32m  OK  [0m] Started [0;1;39mUpdate UTMP about System Runlevel Changes[0m.

Poky (Yocto Project Reference Distro) 3.1.11 salvator-x ttySC0

salvator-x login: 
salvator-x login: root
[   16.877727] audit: type=1006 audit(1705131393.148:2): pid=480 uid=0 old-auid=4294967295 auid=0 tty=(none) old-ses=4294967295 ses=1 res=1
7[r[999;999H[6n8root@salvator-x:~# 
root@salvator-x:~# 
root@salvator-x:~# 
root@salvator-x:~# 
root@salvator-x:~# 
root@salvator-x:~# 
root@salvator-x:~# 
root@salvator-x:~# 
root@salvator-x:~# 
root@salvator-x:~# echo ee0a0100.usb > /sys/bus/platform/drivers/ehci-platform/u nbind
[   25.408389] ehci-platform ee0a0100.usb: remove, state 4
[   25.413751] usb usb1: USB disconnect, device number 1
[   25.419860] ehci-platform ee0a0100.usb: USB bus 1 deregistered
root@salvator-x:~# 
Plug in USB device at CN10L


Press any button to continue

[   39.900881] SDHI0 VccQ: disabling
[   39.904275] SDHI3 VccQ: disabling
[   57.812724] usb 2-1: new full-speed USB device number 2 using ohci-platform
[   58.040750] usb 2-1: not running at top speed; connect to a high speed hub
[   58.066970] usb-storage 2-1:1.0: USB Mass Storage device detected
[   58.073543] scsi host0: usb-storage 2-1:1.0
[   59.109901] scsi 0:0:0:0: Direct-Access     Lexar    JD Secure II +   1100 PQ: 0 ANSI: 0 CCS
[   59.249013] sd 0:0:0:0: [sda] 1966080 512-byte logical blocks: (1.01 GB/960 MiB)
[   59.261900] sd 0:0:0:0: [sda] Write Protect is off
[   59.273005] sd 0:0:0:0: [sda] No Caching mode page found
[   59.278440] sd 0:0:0:0: [sda] Assuming drive cache: write through
[   59.347988]  sda: sda1
[   59.392931] sd 0:0:0:0: [sda] Attached SCSI removable disk

root@salvator-x:~# find /sys/devices/platform/soc/ -name 'sd*'
/sys/devices/platform/soc/ee0a0000.usb/usb2/2-1/2-1:1.0/host0/target0:0:0/0:0:0:0/block/sda
/sys/devices/platform/soc/ee0a0000.usb/usb2/2-1/2-1:1.0/host0/target0:0:0/0:0:0:0/block/sda/sda1
root@salvator-x:~# 
root@salvator-x:~# dd if=/dev/sda1 of=/dev/null bs=1M count=15 iflag=direct & to p -b -d 1 -n 10 > aaa.txt
[1] 499
root@salvator-x:~# 
root@salvator-x:~# export pid=$!
root@salvator-x:~# 
root@salvator-x:~# echo $pid
499
root@salvator-x:~# 
root@salvator-x:~# wait $pid
15+0 records in
15+0 records out
15728640 bytes (16 MB, 15 MiB) copied, 15.3156 s, 1.0 MB/s
[1]+  Done                    dd if=/dev/sda1 of=/dev/null bs=1M count=15 iflag=direct
root@salvator-x:~# 
root@salvator-x:~# grep $pid aaa.txt
  499   486 root     D     3000   0%   0% dd if=/dev/sda1 of=/dev/null bs=1M count=15 iflag=direct
  499   486 root     D     3000   0%   0% dd if=/dev/sda1 of=/dev/null bs=1M count=15 iflag=direct
  499   486 root     D     3000   0%   0% dd if=/dev/sda1 of=/dev/null bs=1M count=15 iflag=direct
  499   486 root     D     3000   0%   0% dd if=/dev/sda1 of=/dev/null bs=1M count=15 iflag=direct
  499   486 root     D     3000   0%   0% dd if=/dev/sda1 of=/dev/null bs=1M count=15 iflag=direct
  499   486 root     D     3000   0%   0% dd if=/dev/sda1 of=/dev/null bs=1M count=15 iflag=direct
  499   486 root     D     3000   0%   0% dd if=/dev/sda1 of=/dev/null bs=1M count=15 iflag=direct
  499   486 root     D     3000   0%   0% dd if=/dev/sda1 of=/dev/null bs=1M count=15 iflag=direct
  499   486 root     D     3000   0%   0% dd if=/dev/sda1 of=/dev/null bs=1M count=15 iflag=direct
  499   486 root     D     3000   0%   0% dd if=/dev/sda1 of=/dev/null bs=1M count=15 iflag=direct
root@salvator-x:~# 
root@salvator-x:~# dd if=/dev/zero of=/dev/sda1 bs=1M count=15 oflag=direct & to p -b -d 1 -n 10 > bbb.txt
[1] 502
root@salvator-x:~# 
root@salvator-x:~# export pid=$!
root@salvator-x:~# 
root@salvator-x:~# echo $pid
502
root@salvator-x:~# 
root@salvator-x:~# wait $pid
15+0 records in
15+0 records out
15728640 bytes (16 MB, 15 MiB) copied, 16.9657 s, 927 kB/s
[1]+  Done                    dd if=/dev/zero of=/dev/sda1 bs=1M count=15 oflag=direct
root@salvator-x:~# 
root@salvator-x:~# grep $pid bbb.txt
  502   486 root     D     3000   0%   0% dd if=/dev/zero of=/dev/sda1 bs=1M count=15 oflag=direct
  502   486 root     D     3000   0%   0% dd if=/dev/zero of=/dev/sda1 bs=1M count=15 oflag=direct
  502   486 root     D     3000   0%   0% dd if=/dev/zero of=/dev/sda1 bs=1M count=15 oflag=direct
  502   486 root     D     3000   0%   0% dd if=/dev/zero of=/dev/sda1 bs=1M count=15 oflag=direct
  502   486 root     D     3000   0%   0% dd if=/dev/zero of=/dev/sda1 bs=1M count=15 oflag=direct
  502   486 root     D     3000   0%   0% dd if=/dev/zero of=/dev/sda1 bs=1M count=15 oflag=direct
  502   486 root     D     3000   0%   0% dd if=/dev/zero of=/dev/sda1 bs=1M count=15 oflag=direct
  502   486 root     D     3000   0%   0% dd if=/dev/zero of=/dev/sda1 bs=1M count=15 oflag=direct
  502   486 root     D     3000   0%   0% dd if=/dev/zero of=/dev/sda1 bs=1M count=15 oflag=direct
  502   486 root     D     3000   0%   0% dd if=/dev/zero of=/dev/sda1 bs=1M count=15 oflag=direct
root@salvator-x:~# 
Pull out USB device at CN10L


Press any button to continue

[  148.399314] usb 2-1: USB disconnect, device number 2

root@salvator-x:~# echo ee080100.usb > /sys/bus/platform/drivers/ehci-platform/u nbind
[  156.165303] ehci-platform ee080100.usb: remove, state 4
[  156.170658] usb usb5: USB disconnect, device number 1
[  156.176692] ehci-platform ee080100.usb: USB bus 5 deregistered
root@salvator-x:~# 
Plug in USB device at CN9


Press any button to continue

[  181.224725] usb 6-1: new full-speed USB device number 2 using ohci-platform
[  181.452748] usb 6-1: not running at top speed; connect to a high speed hub
[  181.478934] usb-storage 6-1:1.0: USB Mass Storage device detected
[  181.485703] scsi host0: usb-storage 6-1:1.0
[  182.500902] scsi 0:0:0:0: Direct-Access     Lexar    JD Secure II +   1100 PQ: 0 ANSI: 0 CCS
[  182.640052] sd 0:0:0:0: [sda] 1966080 512-byte logical blocks: (1.01 GB/960 MiB)
[  182.652949] sd 0:0:0:0: [sda] Write Protect is off
[  182.664046] sd 0:0:0:0: [sda] No Caching mode page found
[  182.669482] sd 0:0:0:0: [sda] Assuming drive cache: write through
[  182.752056]  sda: sda1
[  182.790894] sd 0:0:0:0: [sda] Attached SCSI removable disk

root@salvator-x:~# find /sys/devices/platform/soc/ -name 'sd*'
/sys/devices/platform/soc/ee080000.usb/usb6/6-1/6-1:1.0/host0/target0:0:0/0:0:0:0/block/sda
/sys/devices/platform/soc/ee080000.usb/usb6/6-1/6-1:1.0/host0/target0:0:0/0:0:0:0/block/sda/sda1
root@salvator-x:~# 
root@salvator-x:~# dd if=/dev/sda1 of=/dev/null bs=1M count=15 iflag=direct & to p -b -d 1 -n 10 > aaa.txt
[1] 519
root@salvator-x:~# 
root@salvator-x:~# export pid=$!
root@salvator-x:~# 
root@salvator-x:~# echo $pid
519
root@salvator-x:~# 
root@salvator-x:~# wait $pid
15+0 records in
15+0 records out
15728640 bytes (16 MB, 15 MiB) copied, 15.3158 s, 1.0 MB/s
[1]+  Done                    dd if=/dev/sda1 of=/dev/null bs=1M count=15 iflag=direct
root@salvator-x:~# 
root@salvator-x:~# grep $pid aaa.txt
  519   486 root     D     3000   0%   0% dd if=/dev/sda1 of=/dev/null bs=1M count=15 iflag=direct
  519   486 root     D     3000   0%   0% dd if=/dev/sda1 of=/dev/null bs=1M count=15 iflag=direct
  519   486 root     D     3000   0%   0% dd if=/dev/sda1 of=/dev/null bs=1M count=15 iflag=direct
  519   486 root     D     3000   0%   0% dd if=/dev/sda1 of=/dev/null bs=1M count=15 iflag=direct
  519   486 root     D     3000   0%   0% dd if=/dev/sda1 of=/dev/null bs=1M count=15 iflag=direct
  519   486 root     D     3000   0%   0% dd if=/dev/sda1 of=/dev/null bs=1M count=15 iflag=direct
  519   486 root     D     3000   0%   0% dd if=/dev/sda1 of=/dev/null bs=1M count=15 iflag=direct
  519   486 root     D     3000   0%   0% dd if=/dev/sda1 of=/dev/null bs=1M count=15 iflag=direct
  519   486 root     D     3000   0%   0% dd if=/dev/sda1 of=/dev/null bs=1M count=15 iflag=direct
  519   486 root     D     3000   0%   0% dd if=/dev/sda1 of=/dev/null bs=1M count=15 iflag=direct
root@salvator-x:~# 
root@salvator-x:~# dd if=/dev/zero of=/dev/sda1 bs=1M count=15 oflag=direct & to p -b -d 1 -n 10 > bbb.txt
[1] 523
root@salvator-x:~# 
root@salvator-x:~# export pid=$!
root@salvator-x:~# 
root@salvator-x:~# echo $pid
523
root@salvator-x:~# 
root@salvator-x:~# wait $pid
15+0 records in
15+0 records out
15728640 bytes (16 MB, 15 MiB) copied, 16.9758 s, 927 kB/s
[1]+  Done                    dd if=/dev/zero of=/dev/sda1 bs=1M count=15 oflag=direct
root@salvator-x:~# 
root@salvator-x:~# grep $pid bbb.txt
  523   486 root     D     3000   0%   0% dd if=/dev/zero of=/dev/sda1 bs=1M count=15 oflag=direct
  523   486 root     D     3000   0%   0% dd if=/dev/zero of=/dev/sda1 bs=1M count=15 oflag=direct
  523   486 root     D     3000   0%   0% dd if=/dev/zero of=/dev/sda1 bs=1M count=15 oflag=direct
  523   486 root     D     3000   0%   0% dd if=/dev/zero of=/dev/sda1 bs=1M count=15 oflag=direct
  523   486 root     D     3000   0%   0% dd if=/dev/zero of=/dev/sda1 bs=1M count=15 oflag=direct
  523   486 root     D     3000   0%   0% dd if=/dev/zero of=/dev/sda1 bs=1M count=15 oflag=direct
  523   486 root     D     3000   0%   0% dd if=/dev/zero of=/dev/sda1 bs=1M count=15 oflag=direct
  523   486 root     D     3000   0%   0% dd if=/dev/zero of=/dev/sda1 bs=1M count=15 oflag=direct
  523   486 root     D     3000   0%   0% dd if=/dev/zero of=/dev/sda1 bs=1M count=15 oflag=direct
  523   486 root     D     3000   0%   0% dd if=/dev/zero of=/dev/sda1 bs=1M count=15 oflag=direct
root@salvator-x:~# 
Pull out USB device at CN9


Press any button to continue

[  628.615192] usb 6-1: USB disconnect, device number 2

 
#### Result: OK ####
