
Please press switch to restart board 

[F 00:00:120
[F 00:00:119
[F 00:00:118
NOTICE:  BL2: R-Car Gen3 Initial Program Loader(CA57) Rev.4.0.0
NOTICE:  BL2: PRR is R-Car M3 Ver.3.0
NOTICE:  BL2: Board is Salvator-XS Rev.1.0
NOTICE:  BL2: Boot device is HyperFlash(160MHz)
NOTICE:  BL2: LCM state is CM
NOTICE:  AVS setting succeeded. DVFS_SetVID=0x53
NOTICE:  BL2: DDR3200(rev.0.42)
NOTICE:  BL2: [COLD_BOOT]
NOTICE:  BL2: DRAM Split is 2ch
NOTICE:  BL2: QoS is default setting(rev.0.04)
NOTICE:  BL2: DRAM refresh interval 1.95 usec
NOTICE:  BL2: Periodic Write DQ Training
NOTICE:  BL2: CH0: 400000000 - 4ffffffff, 4 GiB
NOTICE:  BL2: CH2: 600000000 - 6ffffffff, 4 GiB
NOTICE:  BL2: Lossy Decomp areas
NOTICE:       Entry 0: DCMPAREACRAx:0x80000540 DCMPAREACRBx:0x570
NOTICE:       Entry 1: DCMPAREACRAx:0x40000000 DCMPAREACRBx:0x0
NOTICE:       Entry 2: DCMPAREACRAx:0x20000000 DCMPAREACRBx:0x0
NOTICE:  BL2: FDT at 0xe6326f70
NOTICE:  BL2: v2.9(release):9cdb21f75
NOTICE:  BL2: Built : 08:35:43, Jan 13 2024
NOTICE:  BL2: Normal boot
NOTICE:  BL2: dst=0xe6326800 src=0x8180000 len=512(0x200)
NOTICE:  BL2: dst=0x43f00000 src=0x8180400 len=6144(0x1800)
NOTICE:  rcar_file_len: len: 0x0003e000
NOTICE:  BL2: dst=0x44000000 src=0x81c0000 len=253952(0x3e000)
NOTICE:  rcar_file_len: len: 0x00200000
NOTICE:  BL2: dst=0x44100000 src=0x8200000 len=2097152(0x200000)
NOTICE:  rcar_file_len: len: 0x00100000
NOTICE:  BL2: dst=0x50000000 src=0x8640000 len=1048576(0x100000)
NOTICE:  BL2: Booting BL31


U-Boot 2020.10 (Jan 13 2024 - 08:36:37 +0000)

CPU: Renesas Electronics R8A7796 rev 3.0
Model: Renesas Salvator-X 2nd version board based on r8a77961
DRAM:  7.9 GiB
RAM Configuration:
Bank #0: 0x048000000 - 0x0bfffffff, 1.9 GiB
Bank #1: 0x480000000 - 0x4ffffffff, 2 GiB
Bank #2: 0x600000000 - 0x6ffffffff, 4 GiB

MMC:   mmc@ee100000: 0, mmc@ee140000: 1, mmc@ee160000: 2
Loading Environment from MMC... OK
In:    serial@e6e88000
Out:   serial@e6e88000
Err:   serial@e6e88000
Net:   eth0: ethernet@e6800000
Hit any key to stop autoboot:  3  2  1  0 
ethernet@e6800000 Waiting for PHY auto negotiation to complete.............. done
Using ethernet@e6800000 device
TFTP from server 192.168.10.98; our IP address is 192.168.10.107
Filename 'BV/PT3/boot_USB2H/Image'.
Load address: 0x48080000
Loading: *#################################################################
	 #################################################################
	 #################################################################
	 #################################################################
	 #################################################################
	 #################################################################
	 #################################################################
	 #################################################################
	 #################################################################
	 #################################################################
	 #################################################################
	 #################################################################
	 #################################################################
	 #################################################################
	 #################################################################
	 #################################################################
	 #################################################################
	 #################################################################
	 #################################################################
	 #################################################################
	 #################################################################
	 #################################################################
	 #################################################################
	 #################################################################
	 #################################################################
	 #################################################################
	 #################################################################
	 #################################################################
	 #################################################################
	 #################################################################
	 #################################################################
	 #################################################################
	 #################################################################
	 #################################################################
	 ################################################################
	 4 MiB/s
done
Bytes transferred = 33376768 (1fd4a00 hex)
Using ethernet@e6800000 device
TFTP from server 192.168.10.98; our IP address is 192.168.10.107
Filename 'BV/PT3/boot_USB2H/r8a779m3-salvator-xs.dtb'.
Load address: 0x48000000
Loading: *######
	 4.9 MiB/s
done
Bytes transferred = 76881 (12c51 hex)
Moving Image from 0x48080000 to 0x48200000, end=4a260000
## Flattened Device Tree blob at 48000000
   Booting using the fdt blob at 0x48000000
   Loading Device Tree to 0000000053fea000, end 0000000053fffc50 ... OK

Starting kernel ...

[    0.000000] Booting Linux on physical CPU 0x0000000000 [0x411fd073]
[    0.000000] Linux version 5.10.194-yocto-standard (thuan.nguyen-hong@banvien) (aarch64-poky-linux-gcc (GCC) 9.3.0, GNU ld (GNU Binutils) 2.34.0.20200220) #10 SMP PREEMPT Mon Feb 19 03:51:05 UTC 2024
[    0.000000] Machine model: Renesas Salvator-X 2nd version board based on r8a779m3
[    0.000000] efi: UEFI not found.
[    0.000000] Reserved memory: created CMA memory pool at 0x0000000057000000, size 16 MiB
[    0.000000] OF: reserved mem: initialized node linux,adsp@57000000, compatible id shared-dma-pool
[    0.000000] Reserved memory: created CMA memory pool at 0x0000000058000000, size 384 MiB
[    0.000000] OF: reserved mem: initialized node linux,cma@58000000, compatible id shared-dma-pool
[    0.000000] Reserved memory: created CMA memory pool at 0x0000000070000000, size 256 MiB
[    0.000000] OF: reserved mem: initialized node linux,multimedia@70000000, compatible id shared-dma-pool
[    0.000000] NUMA: No NUMA configuration found
[    0.000000] NUMA: Faking a node at [mem 0x0000000048000000-0x00000006ffffffff]
[    0.000000] NUMA: NODE_DATA [mem 0x6fefebb00-0x6fefedfff]
[    0.000000] Zone ranges:
[    0.000000]   DMA      [mem 0x0000000048000000-0x00000000ffffffff]
[    0.000000]   DMA32    empty
[    0.000000]   Normal   [mem 0x0000000100000000-0x00000006ffffffff]
[    0.000000] Movable zone start for each node
[    0.000000] Early memory node ranges
[    0.000000]   node   0: [mem 0x0000000048000000-0x0000000053ffffff]
[    0.000000]   node   0: [mem 0x0000000054000000-0x0000000056ffffff]
[    0.000000]   node   0: [mem 0x0000000057000000-0x00000000bfffffff]
[    0.000000]   node   0: [mem 0x0000000480000000-0x00000004ffffffff]
[    0.000000]   node   0: [mem 0x0000000600000000-0x00000006ffffffff]
[    0.000000] Initmem setup node 0 [mem 0x0000000048000000-0x00000006ffffffff]
[    0.000000] psci: probing for conduit method from DT.
[    0.000000] psci: PSCIv1.1 detected in firmware.
[    0.000000] psci: Using standard PSCI v0.2 function IDs
[    0.000000] psci: Trusted OS resident on physical CPU 0x0
[    0.000000] psci: SMC Calling Convention v1.2
[    0.000000] percpu: Embedded 23 pages/cpu s56984 r8192 d29032 u94208
[    0.000000] Detected PIPT I-cache on CPU0
[    0.000000] CPU features: detected: EL2 vector hardening
[    0.000000] CPU features: detected: Spectre-v2
[    0.000000] CPU features: detected: ARM errata 1165522, 1319367, or 1530923
[    0.000000] CPU features: detected: Spectre-BHB
[    0.000000] CPU features: detected: ARM erratum 1742098
[    0.000000] Built 1 zonelists, mobility grouping on.  Total pages: 2032128
[    0.000000] Policy zone: Normal
[    0.000000] Kernel command line: rw root=/dev/nfs nfsroot=192.168.10.98:/data/tftpboot/BV/PT3/rootfs_M3e,nfsvers=4 ip=192.168.10.107
[    0.000000] Dentry cache hash table entries: 1048576 (order: 11, 8388608 bytes, linear)
[    0.000000] Inode-cache hash table entries: 524288 (order: 10, 4194304 bytes, linear)
[    0.000000] mem auto-init: stack:off, heap alloc:off, heap free:off
[    0.000000] software IO TLB: mapped [mem 0x00000000bc000000-0x00000000c0000000] (64MB)
[    0.000000] Memory: 7277108K/8257536K available (15232K kernel code, 2834K rwdata, 8240K rodata, 6144K init, 517K bss, 308684K reserved, 671744K cma-reserved)
[    0.000000] SLUB: HWalign=64, Order=0-3, MinObjects=0, CPUs=6, Nodes=1
[    0.000000] rcu: Preemptible hierarchical RCU implementation.
[    0.000000] rcu: 	RCU event tracing is enabled.
[    0.000000] rcu: 	RCU restricting CPUs from NR_CPUS=256 to nr_cpu_ids=6.
[    0.000000] 	Trampoline variant of Tasks RCU enabled.
[    0.000000] rcu: RCU calculated value of scheduler-enlistment delay is 25 jiffies.
[    0.000000] rcu: Adjusting geometry for rcu_fanout_leaf=16, nr_cpu_ids=6
[    0.000000] NR_IRQS: 64, nr_irqs: 64, preallocated irqs: 0
[    0.000000] arch_timer: cp15 timer(s) running at 8.32MHz (virt).
[    0.000000] clocksource: arch_sys_counter: mask: 0xffffffffffffff max_cycles: 0x1eb398c07, max_idle_ns: 440795202503 ns
[    0.000003] sched_clock: 56 bits at 8MHz, resolution 120ns, wraps every 2199023255503ns
[    0.000223] Console: colour dummy device 80x25
[    0.000428] printk: console [tty0] enabled
[    0.000510] Calibrating delay loop (skipped), value calculated using timer frequency.. 16.64 BogoMIPS (lpj=33280)
[    0.000528] pid_max: default: 32768 minimum: 301
[    0.000586] LSM: Security Framework initializing
[    0.000681] Mount-cache hash table entries: 16384 (order: 5, 131072 bytes, linear)
[    0.000733] Mountpoint-cache hash table entries: 16384 (order: 5, 131072 bytes, linear)
[    0.002259] rcu: Hierarchical SRCU implementation.
[    0.003840] Detected Renesas R-Car Gen3 r8a77961 ES3.0
[    0.005709] EFI services will not be available.
[    0.006056] smp: Bringing up secondary CPUs ...
[    0.006566] Detected PIPT I-cache on CPU1
[    0.006624] CPU1: Booted secondary processor 0x0000000001 [0x411fd073]
[    0.007201] CPU features: detected: ARM erratum 845719
[    0.007216] Detected VIPT I-cache on CPU2
[    0.007272] CPU2: Booted secondary processor 0x0000000100 [0x410fd034]
[    0.007780] Detected VIPT I-cache on CPU3
[    0.007808] CPU3: Booted secondary processor 0x0000000101 [0x410fd034]
[    0.008311] Detected VIPT I-cache on CPU4
[    0.008338] CPU4: Booted secondary processor 0x0000000102 [0x410fd034]
[    0.008824] Detected VIPT I-cache on CPU5
[    0.008851] CPU5: Booted secondary processor 0x0000000103 [0x410fd034]
[    0.008933] smp: Brought up 1 node, 6 CPUs
[    0.008987] SMP: Total of 6 processors activated.
[    0.008995] CPU features: detected: 32-bit EL0 Support
[    0.009003] CPU features: detected: CRC32 instructions
[    0.009010] CPU features: detected: 32-bit EL1 Support
[    0.022706] CPU: All CPU(s) started at EL1
[    0.022768] alternatives: patching kernel code
[    0.023781] devtmpfs: initialized
[    0.029879] KASLR disabled due to lack of seed
[    0.030053] clocksource: jiffies: mask: 0xffffffff max_cycles: 0xffffffff, max_idle_ns: 7645041785100000 ns
[    0.030075] futex hash table entries: 2048 (order: 5, 131072 bytes, linear)
[    0.038713] pinctrl core: initialized pinctrl subsystem
[    0.040295] DMI not present or invalid.
[    0.040814] NET: Registered protocol family 16
[    0.041718] DMA: preallocated 1024 KiB GFP_KERNEL pool for atomic allocations
[    0.041896] DMA: preallocated 1024 KiB GFP_KERNEL|GFP_DMA pool for atomic allocations
[    0.042162] DMA: preallocated 1024 KiB GFP_KERNEL|GFP_DMA32 pool for atomic allocations
[    0.042210] audit: initializing netlink subsys (disabled)
[    0.042410] audit: type=2000 audit(0.040:1): state=initialized audit_enabled=0 res=1
[    0.043542] thermal_sys: Registered thermal governor 'power_allocator'
[    0.044133] cpuidle: using governor menu
[    0.044328] hw-breakpoint: found 6 breakpoint and 4 watchpoint registers.
[    0.044435] ASID allocator initialised with 65536 entries
[    0.045923] Serial: AMBA PL011 UART driver
[    0.082060] sh-pfc e6060000.pinctrl: r8a77961_pfc support registered
[    0.094776] HugeTLB registered 1.00 GiB page size, pre-allocated 0 pages
[    0.094791] HugeTLB registered 32.0 MiB page size, pre-allocated 0 pages
[    0.094799] HugeTLB registered 2.00 MiB page size, pre-allocated 0 pages
[    0.094807] HugeTLB registered 64.0 KiB page size, pre-allocated 0 pages
[    0.095851] cryptd: max_cpu_qlen set to 1000
[    0.098176] ACPI: Interpreter disabled.
[    0.101683] rcar-avs: use avs value: 0
[    0.101703] rcar-avs: cpu@0 is running with: opp_table0
[    0.101712] rcar-avs: cpu@1 is running with: opp_table0
[    0.101803] rcar-avs: gsx@fd000000 is running with: gsx_opp_table0
[    0.103353] iommu: Default domain type: Translated 
[    0.104027] ipmmu-vmsa e67b0000.iommu: IPMMU context 0 is reserved
[    0.105007] vgaarb: loaded
[    0.105307] SCSI subsystem initialized
[    0.105594] usbcore: registered new interface driver usbfs
[    0.105622] usbcore: registered new interface driver hub
[    0.105651] usbcore: registered new device driver usb
[    0.109298] i2c-sh_mobile e60b0000.i2c: I2C adapter 7, bus speed 400000 Hz
[    0.109844] mc: Linux media interface: v0.10
[    0.109870] videodev: Linux video capture interface: v2.00
[    0.109927] pps_core: LinuxPPS API ver. 1 registered
[    0.109935] pps_core: Software ver. 5.3.6 - Copyright 2005-2007 Rodolfo Giometti <giometti@linux.it>
[    0.109949] PTP clock support registered
[    0.110140] EDAC MC: Ver: 3.0.0
[    0.112177] FPGA manager framework
[    0.112248] Advanced Linux Sound Architecture Driver Initialized.
[    0.112873] clocksource: Switched to clocksource arch_sys_counter
[    0.113032] VFS: Disk quotas dquot_6.6.0
[    0.113082] VFS: Dquot-cache hash table entries: 512 (order 0, 4096 bytes)
[    0.113220] pnp: PnP ACPI: disabled
[    0.116920] NET: Registered protocol family 2
[    0.117349] IP idents hash table entries: 131072 (order: 8, 1048576 bytes, linear)
[    0.119601] tcp_listen_portaddr_hash hash table entries: 4096 (order: 4, 65536 bytes, linear)
[    0.119706] TCP established hash table entries: 65536 (order: 7, 524288 bytes, linear)
[    0.119992] TCP bind hash table entries: 65536 (order: 8, 1048576 bytes, linear)
[    0.120606] TCP: Hash tables configured (established 65536 bind 65536)
[    0.120736] UDP hash table entries: 4096 (order: 5, 131072 bytes, linear)
[    0.120869] UDP-Lite hash table entries: 4096 (order: 5, 131072 bytes, linear)
[    0.121109] NET: Registered protocol family 1
[    0.121472] RPC: Registered named UNIX socket transport module.
[    0.121484] RPC: Registered udp transport module.
[    0.121490] RPC: Registered tcp transport module.
[    0.121496] RPC: Registered tcp NFSv4.1 backchannel transport module.
[    0.121509] PCI: CLS 0 bytes, default 64
[    0.122333] hw perfevents: enabled with armv8_cortex_a53 PMU driver, 7 counters available
[    0.122557] hw perfevents: enabled with armv8_cortex_a57 PMU driver, 7 counters available
[    0.123101] kvm [1]: HYP mode not available
[    0.126158] Initialise system trusted keyrings
[    0.126327] workingset: timestamp_bits=42 max_order=21 bucket_order=0
[    0.129524] squashfs: version 4.0 (2009/01/31) Phillip Lougher
[    0.129973] NFS: Registering the id_resolver key type
[    0.130018] Key type id_resolver registered
[    0.130025] Key type id_legacy registered
[    0.130085] nfs4filelayout_init: NFSv4 File Layout Driver Registering...
[    0.130095] nfs4flexfilelayout_init: NFSv4 Flexfile Layout Driver Registering...
[    0.130197] 9p: Installing v9fs 9p2000 file system support
[    0.156094] Key type asymmetric registered
[    0.156111] Asymmetric key parser 'x509' registered
[    0.156145] Block layer SCSI generic (bsg) driver version 0.4 loaded (major 243)
[    0.156156] io scheduler mq-deadline registered
[    0.156165] io scheduler kyber registered
[    0.169142] gpio_rcar e6050000.gpio: driving 16 GPIOs
[    0.169474] gpio_rcar e6051000.gpio: driving 29 GPIOs
[    0.169766] gpio_rcar e6052000.gpio: driving 15 GPIOs
[    0.170063] gpio_rcar e6053000.gpio: driving 16 GPIOs
[    0.170338] gpio_rcar e6054000.gpio: driving 18 GPIOs
[    0.170656] gpio_rcar e6055000.gpio: driving 26 GPIOs
[    0.170917] gpio_rcar e6055400.gpio: driving 32 GPIOs
[    0.171174] gpio_rcar e6055800.gpio: driving 4 GPIOs
[    0.173985] rcar-pcie fe000000.pcie: host bridge /soc/pcie@fe000000 ranges:
[    0.174021] rcar-pcie fe000000.pcie:       IO 0x00fe100000..0x00fe1fffff -> 0x0000000000
[    0.174043] rcar-pcie fe000000.pcie:      MEM 0x00fe200000..0x00fe3fffff -> 0x00fe200000
[    0.174063] rcar-pcie fe000000.pcie:      MEM 0x0030000000..0x0037ffffff -> 0x0030000000
[    0.174080] rcar-pcie fe000000.pcie:      MEM 0x0038000000..0x003fffffff -> 0x0038000000
[    0.174097] rcar-pcie fe000000.pcie:   IB MEM 0x0040000000..0x00bfffffff -> 0x0040000000
[    0.174145] rcar-pcie fe000000.pcie: no pcie3v3 regulator found
[    0.174157] rcar-pcie fe000000.pcie: no pcie1v8 regulator found
[    0.240565] rcar-pcie fe000000.pcie: PCIe link down
[    0.240765] rcar-pcie ee800000.pcie: host bridge /soc/pcie@ee800000 ranges:
[    0.240790] rcar-pcie ee800000.pcie:       IO 0x00ee900000..0x00ee9fffff -> 0x0000000000
[    0.240811] rcar-pcie ee800000.pcie:      MEM 0x00eea00000..0x00eebfffff -> 0x00eea00000
[    0.240829] rcar-pcie ee800000.pcie:      MEM 0x00c0000000..0x00c7ffffff -> 0x00c0000000
[    0.240843] rcar-pcie ee800000.pcie:      MEM 0x00c8000000..0x00cfffffff -> 0x00c8000000
[    0.240876] rcar-pcie ee800000.pcie:   IB MEM 0x0040000000..0x00bfffffff -> 0x0040000000
[    0.240915] rcar-pcie ee800000.pcie: no pcie3v3 regulator found
[    0.240925] rcar-pcie ee800000.pcie: no pcie1v8 regulator found
[    0.308557] rcar-pcie ee800000.pcie: PCIe link down
[    0.310715] EINJ: ACPI disabled.
[    0.342151] Serial: 8250/16550 driver, 4 ports, IRQ sharing enabled
[    0.344566] SuperH (H)SCI(F) driver initialized
[    0.345027] e6550000.serial: ttySC1 at MMIO 0xe6550000 (irq = 40, base_baud = 0) is a hscif
[    0.345888] e6e88000.serial: ttySC0 at MMIO 0xe6e88000 (irq = 123, base_baud = 0) is a scif
[    1.509595] printk: console [ttySC0] enabled
[    1.515080] msm_serial: driver initialized
[    1.524567] rcar-dw-hdmi fead0000.hdmi: Detected HDMI TX controller v2.01a with HDCP (DWC HDMI 2.0 TX PHY)
[    1.534512] rcar-dw-hdmi fead0000.hdmi: registered DesignWare HDMI I2C bus driver
[    1.550474] loop: module loaded
[    1.555116] megasas: 07.714.04.00-rc1
[    1.564578] tun: Universal TUN/TAP device driver, 1.6
[    1.570480] thunder_xcv, ver 1.0
[    1.573752] thunder_bgx, ver 1.0
[    1.577001] nicpf, ver 1.0
[    1.580943] hclge is initializing
[    1.584280] hns3: Hisilicon Ethernet Network Driver for Hip08 Family - version
[    1.591502] hns3: Copyright (c) 2017 Huawei Corporation.
[    1.596840] e1000: Intel(R) PRO/1000 Network Driver
[    1.601719] e1000: Copyright (c) 1999-2006 Intel Corporation.
[    1.607489] e1000e: Intel(R) PRO/1000 Network Driver
[    1.612460] e1000e: Copyright(c) 1999 - 2015 Intel Corporation.
[    1.618404] igb: Intel(R) Gigabit Ethernet Network Driver
[    1.623803] igb: Copyright (c) 2007-2014 Intel Corporation.
[    1.629390] igbvf: Intel(R) Gigabit Virtual Function Network Driver
[    1.635657] igbvf: Copyright (c) 2009 - 2012 Intel Corporation.
[    1.641948] sky2: driver version 1.30
[    1.649622] ravb e6800000.ethernet eth0: Base address at 0xe6800000, 2e:09:0a:03:99:2e, IRQ 120.
[    1.659866] VFIO - User Level meta-driver version: 0.3
[    1.666969] ehci_hcd: USB 2.0 'Enhanced' Host Controller (EHCI) Driver
[    1.673520] ehci-pci: EHCI PCI platform driver
[    1.677990] ehci-platform: EHCI generic platform driver
[    1.683743] ehci-platform ee0a0100.usb: EHCI Host Controller
[    1.689434] ehci-platform ee0a0100.usb: new USB bus registered, assigned bus number 1
[    1.697369] ehci-platform ee0a0100.usb: irq 170, io mem 0xee0a0100
[    1.716869] ehci-platform ee0a0100.usb: USB 2.0 started, EHCI 1.10
[    1.723428] hub 1-0:1.0: USB hub found
[    1.727204] hub 1-0:1.0: 1 port detected
[    1.731631] ehci-orion: EHCI orion driver
[    1.735924] ehci-exynos: EHCI Exynos driver
[    1.740232] ohci_hcd: USB 1.1 'Open' Host Controller (OHCI) Driver
[    1.746433] ohci-pci: OHCI PCI platform driver
[    1.750931] ohci-platform: OHCI generic platform driver
[    1.756538] ohci-platform ee0a0000.usb: Generic Platform OHCI controller
[    1.763259] ohci-platform ee0a0000.usb: new USB bus registered, assigned bus number 2
[    1.771153] ohci-platform ee0a0000.usb: irq 170, io mem 0xee0a0000
[    1.867184] hub 2-0:1.0: USB hub found
[    1.870957] hub 2-0:1.0: 1 port detected
[    1.875335] ohci-exynos: OHCI Exynos driver
[    1.880263] xhci-hcd ee000000.usb: xHCI Host Controller
[    1.885512] xhci-hcd ee000000.usb: new USB bus registered, assigned bus number 3
[    1.908780] xhci-hcd ee000000.usb: hcc params 0x014051ce hci version 0x100 quirks 0x0000000000830410
[    1.917963] xhci-hcd ee000000.usb: irq 167, io mem 0xee000000
[    1.923831] xhci-hcd ee000000.usb: xHCI Host Controller
[    1.929067] xhci-hcd ee000000.usb: new USB bus registered, assigned bus number 4
[    1.936470] xhci-hcd ee000000.usb: Host supports USB 3.0 SuperSpeed
[    1.943094] hub 3-0:1.0: USB hub found
[    1.946867] hub 3-0:1.0: 1 port detected
[    1.950981] usb usb4: We don't know the algorithms for LPM for this host, disabling LPM.
[    1.959333] hub 4-0:1.0: USB hub found
[    1.963100] hub 4-0:1.0: 1 port detected
[    1.967949] usbcore: registered new interface driver usb-storage
[    1.975476] renesas_usbhs e6590000.usb: host probed
[    1.980372] renesas_usbhs e6590000.usb: no transceiver found
[    1.986106] renesas_usbhs e6590000.usb: gadget probed
[    1.991340] renesas_usbhs e6590000.usb: probed
[    1.998140] i2c /dev entries driver
[    2.012496] cs2000-cp 2-004f: revision - C1
[    2.016766] i2c-rcar e6510000.i2c: probed
[    2.021735] pca953x 4-0020: supply vcc not found, using dummy regulator
[    2.028471] pca953x 4-0020: using no AI
[    2.039178] i2c-rcar e66d8000.i2c: probed
[    2.044601] adv748x 4-0070: Endpoint /soc/i2c@e66d8000/video-receiver@70/port@7/endpoint on port 7
[    2.053593] adv748x 4-0070: Endpoint /soc/i2c@e66d8000/video-receiver@70/port@8/endpoint on port 8
[    2.062563] adv748x 4-0070: Endpoint /soc/i2c@e66d8000/video-receiver@70/port@a/endpoint on port 10
[    2.071632] adv748x 4-0070: Endpoint /soc/i2c@e66d8000/video-receiver@70/port@b/endpoint on port 11
[    2.081021] adv748x 4-0070: chip found @ 0xe0 revision 2143
[    2.134613] rcar-csi2 fea80000.csi2: 1 lanes found
[    2.139799] rcar-csi2 feaa0000.csi2: 4 lanes found
[    2.149563] rcar-vin e6ef0000.video: Device registered as video0
[    2.155666] rcar-vin e6ef1000.video: Device registered as video1
[    2.161744] rcar-vin e6ef2000.video: Device registered as video2
[    2.167849] rcar-vin e6ef3000.video: Device registered as video3
[    2.173931] rcar-vin e6ef4000.video: Device registered as video4
[    2.180009] rcar-vin e6ef5000.video: Device registered as video5
[    2.186086] rcar-vin e6ef6000.video: Device registered as video6
[    2.192182] rcar-vin e6ef7000.video: Device registered as video7
[    2.200780] rcar_gen3_thermal e6198000.thermal: is using pseudo fixed FUSE values
[    2.212932] rcar_gen3_thermal e6198000.thermal: TSC0: Loaded 1 trip points
[    2.224307] rcar_gen3_thermal e6198000.thermal: TSC1: Loaded 1 trip points
[    2.235541] rcar_gen3_thermal e6198000.thermal: TSC2: Loaded 3 trip points
[    2.247565] sdhci: Secure Digital Host Controller Interface driver
[    2.253778] sdhci: Copyright(c) Pierre Ossman
[    2.258898] Synopsys Designware Multimedia Card Interface Driver
[    2.259442] renesas_sdhi_internal_dmac ee160000.mmc: Got CD GPIO
[    2.259476] renesas_sdhi_internal_dmac ee100000.mmc: Got CD GPIO
[    2.259525] renesas_sdhi_internal_dmac ee100000.mmc: Got WP GPIO
[    2.259580] renesas_sdhi_internal_dmac ee140000.mmc: Adding to iommu group 0
[    2.259627] renesas_sdhi_internal_dmac ee140000.mmc: Using IPMMU context 1
[    2.266134] sdhci-pltfm: SDHCI platform and OF driver helper
[    2.270962] renesas_sdhi_internal_dmac ee160000.mmc: Got WP GPIO
[    2.308921] renesas_sdhi_internal_dmac ee140000.mmc: mmc0 base at 0x00000000ee140000, max clock rate 200 MHz
[    2.319300] ledtrig-cpu: registered to indicate activity on CPUs
[    2.326313] SMCCC: SOC_ID: ARCH_SOC_ID not implemented, skipping ....
[    2.333373] usbcore: registered new interface driver usbhid
[    2.338952] usbhid: USB HID core driver
[    2.346119] optee: probing for conduit method.
[    2.350591] optee: revision 3.22 (314ecf9d)
[    2.351184] optee driver R-Car Rev.1.0.11
[    2.359714] optee: dynamic shared memory is enabled
[    2.364917] optee: initialized driver
[    2.379372] rcar_sound ec500000.sound: probed
[    2.384505] NET: Registered protocol family 17
[    2.389090] 9pnet: Installing 9P2000 support
[    2.393429] Key type dns_resolver registered
[    2.398056] registered taskstats version 1
[    2.402172] Loading compiled-in X.509 certificates
[    2.402603] mmc0: new HS400 MMC card at address 0001
[    2.413011] mmcblk0: mmc0:0001 BGSD4R 29.1 GiB 
[    2.416438] thermal emergency: set temperature to 110 celsius
[    2.417914] mmcblk0boot0: mmc0:0001 BGSD4R partition 1 31.9 MiB
[    2.423508] thermal emergency: shutdown target cpus 1-5
[    2.429590] mmcblk0boot1: mmc0:0001 BGSD4R partition 2 31.9 MiB
[    2.434479] thermal emergency: freq scaled target cpus 0
[    2.434850] renesas_irqc e61c0000.interrupt-controller: driving 6 irqs
[    2.440609] mmcblk0rpmb: mmc0:0001 BGSD4R partition 3 4.00 MiB, chardev (509:0)
[    2.461359]  mmcblk0: p1
[    2.488884] ehci-platform ee080100.usb: EHCI Host Controller
[    2.494581] ehci-platform ee080100.usb: new USB bus registered, assigned bus number 5
[    2.502493] ehci-platform ee080100.usb: irq 169, io mem 0xee080100
[    2.520868] ehci-platform ee080100.usb: USB 2.0 started, EHCI 1.10
[    2.527436] hub 5-0:1.0: USB hub found
[    2.531211] hub 5-0:1.0: 1 port detected
[    2.536688] ohci-platform ee080000.usb: Generic Platform OHCI controller
[    2.543426] ohci-platform ee080000.usb: new USB bus registered, assigned bus number 6
[    2.551337] ohci-platform ee080000.usb: irq 169, io mem 0xee080000
[    2.647213] hub 6-0:1.0: USB hub found
[    2.650990] hub 6-0:1.0: 1 port detected
[    2.656574] cpu cpu0: EM: created perf domain
[    2.661789] cpu cpu2: EM: created perf domain
[    2.672160] renesas_sdhi_internal_dmac ee160000.mmc: Got CD GPIO
[    2.672167] renesas_sdhi_internal_dmac ee100000.mmc: Got CD GPIO
[    2.672224] renesas_sdhi_internal_dmac ee100000.mmc: Got WP GPIO
[    2.678229] renesas_sdhi_internal_dmac ee160000.mmc: Got WP GPIO
[    2.701030] [drm] Initialized rcar-du 1.0.0 20130110 for feb00000.display on minor 0
[    2.708928] [drm] Device feb00000.display probed
[    2.734164] renesas_sdhi_internal_dmac ee100000.mmc: mmc1 base at 0x00000000ee100000, max clock rate 200 MHz
[    2.745866] renesas_sdhi_internal_dmac ee160000.mmc: mmc2 base at 0x00000000ee160000, max clock rate 200 MHz
[    2.750481] Console: switching to colour frame buffer device 128x48
[    2.794109] rcar-du feb00000.display: [drm] fb0: rcar-dudrmfb frame buffer device
[    2.803511] input: keys as /devices/platform/keys/input/input0
[    2.884432] Micrel KSZ9031 Gigabit PHY e6800000.ethernet-ffffffff:00: attached PHY driver [Micrel KSZ9031 Gigabit PHY] (mii_bus:phy_addr=e6800000.ethernet-ffffffff:00, irq=175)
[    9.434298] ravb e6800000.ethernet eth0: Link is Up - 1Gbps/Full - flow control off
[    9.460990] IP-Config: Guessing netmask 255.255.255.0
[    9.466150] IP-Config: Complete:
[    9.469463]      device=eth0, hwaddr=2e:09:0a:03:99:2e, ipaddr=192.168.10.107, mask=255.255.255.0, gw=255.255.255.255
[    9.480273]      host=192.168.10.107, domain=, nis-domain=(none)
[    9.486406]      bootserver=255.255.255.255, rootserver=192.168.10.98, rootpath=
[    9.487002] ALSA device list:
[    9.497609]   #0: rcar-sound
[    9.678912] VFS: Mounted root (nfs4 filesystem) on device 0:22.
[    9.685925] devtmpfs: mounted
[    9.692186] Freeing unused kernel memory: 6144K
[    9.720994] Run /sbin/init as init process
[    9.915054] systemd[1]: System time before build time, advancing clock.
[   10.365301] NET: Registered protocol family 10
[   10.374979] Segment Routing with IPv6
[   10.407099] systemd[1]: systemd 244 running in system mode. (+PAM -AUDIT -SELINUX +IMA -APPARMOR -SMACK +SYSVINIT +UTMP -LIBCRYPTSETUP -GCRYPT -GNUTLS +ACL +XZ -LZ4 -SECCOMP +BLKID -ELFUTILS +KMOD -IDN2 -IDN -PCRE2 default-hierarchy=hybrid)
[   10.434483] systemd[1]: Detected architecture arm64.

Welcome to [1mPoky (Yocto Project Reference Distro) 3.1.11 (dunfell)[0m!

[   10.463911] systemd[1]: Set hostname to <salvator-x>.
[   11.124922] random: crng init done
[   11.336091] systemd[1]: system-getty.slice: unit configures an IP firewall, but the local system does not support BPF/cgroup firewalling.
[   11.356932] systemd[1]: (This warning is only shown for the first unit using IP firewalling.)
[   11.371911] systemd[1]: Created slice system-getty.slice.
[[0;32m  OK  [0m] Created slice [0;1;39msystem-getty.slice[0m.
[   11.402689] systemd[1]: Created slice system-serial\x2dgetty.slice.
[[0;32m  OK  [0m] Created slice [0;1;39msystem-serial\x2dgetty.slice[0m.
[   11.430633] systemd[1]: Created slice User and Session Slice.
[[0;32m  OK  [0m] Created slice [0;1;39mUser and Session Slice[0m.
[   11.457594] systemd[1]: Started Dispatch Password Requests to Console Directory Watch.
[[0;32m  OK  [0m] Started [0;1;39mDispatch Password â€¦ts to Console Directory Watch[0m.
[   11.489314] systemd[1]: Started Forward Password Requests to Wall Directory Watch.
[[0;32m  OK  [0m] Started [0;1;39mForward Password Râ€¦uests to Wall Directory Watch[0m.
[   11.517206] systemd[1]: Reached target Paths.
[[0;32m  OK  [0m] Reached target [0;1;39mPaths[0m.
[   11.541073] systemd[1]: Reached target Remote File Systems.
[[0;32m  OK  [0m] Reached target [0;1;39mRemote File Systems[0m.
[   11.565034] systemd[1]: Reached target Slices.
[[0;32m  OK  [0m] Reached target [0;1;39mSlices[0m.
[   11.589032] systemd[1]: Reached target Swap.
[[0;32m  OK  [0m] Reached target [0;1;39mSwap[0m.
[   11.615979] systemd[1]: Listening on RPCbind Server Activation Socket.
[[0;32m  OK  [0m] Listening on [0;1;39mRPCbind Server Activation Socket[0m.
[   11.645160] systemd[1]: Reached target RPC Port Mapper.
[[0;32m  OK  [0m] Reached target [0;1;39mRPC Port Mapper[0m.
[   11.669490] systemd[1]: Listening on initctl Compatibility Named Pipe.
[[0;32m  OK  [0m] Listening on [0;1;39minitctl Compatibility Named Pipe[0m.
[   11.699038] systemd[1]: Listening on Journal Audit Socket.
[[0;32m  OK  [0m] Listening on [0;1;39mJournal Audit Socket[0m.
[   11.726754] systemd[1]: Listening on Journal Socket (/dev/log).
[[0;32m  OK  [0m] Listening on [0;1;39mJournal Socket (/dev/log)[0m.
[   11.753842] systemd[1]: Listening on Journal Socket.
[[0;32m  OK  [0m] Listening on [0;1;39mJournal Socket[0m.
[   11.779275] systemd[1]: Listening on Network Service Netlink Socket.
[[0;32m  OK  [0m] Listening on [0;1;39mNetwork Service Netlink Socket[0m.
[   11.807773] systemd[1]: Listening on udev Control Socket.
[[0;32m  OK  [0m] Listening on [0;1;39mudev Control Socket[0m.
[   11.833672] systemd[1]: Listening on udev Kernel Socket.
[[0;32m  OK  [0m] Listening on [0;1;39mudev Kernel Socket[0m.
[   11.863139] systemd[1]: Mounting Huge Pages File System...
         Mounting [0;1;39mHuge Pages File System[0m...
[   11.891606] systemd[1]: Mounting POSIX Message Queue File System...
         Mounting [0;1;39mPOSIX Message Queue File System[0m...
[   11.922879] systemd[1]: Mounting Kernel Debug File System...
         Mounting [0;1;39mKernel Debug File System[0m...
[   11.957543] systemd[1]: Mounting Temporary Directory (/tmp)...
         Mounting [0;1;39mTemporary Directory (/tmp)[0m...
[   11.988163] systemd[1]: Starting Create list of static device nodes for the current kernel...
         Starting [0;1;39mCreate list of stâ€¦odes for the current kernel[0m...
[   12.022761] systemd[1]: Starting Start psplash boot splash screen...
         Starting [0;1;39mStart psplash boot splash screen[0m...
[   12.056596] systemd[1]: Starting RPC Bind...
         Starting [0;1;39mRPC Bind[0m...
[   12.094052] systemd[1]: Condition check resulted in File System Check on Root Device being skipped.
[   12.109896] systemd[1]: Starting Journal Service...
         Starting [0;1;39mJournal Service[0m...
[   12.137671] systemd[1]: Starting Load Kernel Modules...
         Starting [0;1;39mLoad Kernel Modules[0m...
[   12.163740] systemd[1]: Starting Remount Root and Kernel File Systems...
         Starting [0;1;39mRemount Root and Kernel File Systems[0m...
[   12.189955] systemd[1]: Starting udev Coldplug all Devices...
         Starting [0;1;39mudev Coldplug all Devices[0m...
[   12.214073] systemd[1]: Started Start psplash boot splash screen.
[[0;32m  OK  [0m] Started [0;1;39mStart psplash boot splash screen[0m.
[   12.239105] systemd[1]: Started RPC Bind.
[[0;32m  OK  [0m] Started [0;1;39mRPC Bind[0m.
[   12.257756] systemd[1]: Started Journal Service.
[[0;32m  OK  [0m] Started [0;1;39mJournal Service[0m.
[[0;32m  OK  [0m] Mounted [0;1;39mHuge Pages File System[0m.
[[0;32m  OK  [0m] Mounted [0;1;39mPOSIX Message Queue File System[0m.
[[0;32m  OK  [0m] Mounted [0;1;39mKernel Debug File System[0m.
[[0;32m  OK  [0m] Mounted [0;1;39mTemporary Directory (/tmp)[0m.
[[0;32m  OK  [0m] Started [0;1;39mCreate list of staâ€¦ nodes for the current kernel[0m.
[[0;32m  OK  [0m] Started [0;1;39mLoad Kernel Modules[0m.
[[0;32m  OK  [0m] Started [0;1;39mRemount Root and Kernel File Systems[0m.
         Mounting [0;1;39mKernel Configuration File System[0m...
[[0;32m  OK  [0m] Started [0;1;39mStart psplash-systâ€¦progress communication helper[0m.
         Starting [0;1;39mFlush Journal to Persistent Storage[0m...
         Starting [0;1;39mApply Kernel Variables[0m...
[   12.496854] systemd-journald[321]: Received client request to flush runtime journal.
         Starting [0;1;39mCreate Static Device Nodes in /dev[0m...
[[0;32m  OK  [0m] Mounted [0;1;39mKernel Configuration File System[0m.
[[0;32m  OK  [0m] Started [0;1;39mFlush Journal to Persistent Storage[0m.
[[0;32m  OK  [0m] Started [0;1;39mApply Kernel Variables[0m.
[[0;32m  OK  [0m] Started [0;1;39mCreate Static Device Nodes in /dev[0m.
[[0;32m  OK  [0m] Reached target [0;1;39mLocal File Systems (Pre)[0m.
         Mounting [0;1;39m/var/volatile[0m...
         Starting [0;1;39mudev Kernel Device Manager[0m...
[[0;32m  OK  [0m] Started [0;1;39mudev Coldplug all Devices[0m.
[[0;32m  OK  [0m] Mounted [0;1;39m/var/volatile[0m.
         Starting [0;1;39mLoad/Save Random Seed[0m...
[[0;32m  OK  [0m] Reached target [0;1;39mLocal File Systems[0m.
         Starting [0;1;39mCreate Volatile Files and Directories[0m...
[[0;32m  OK  [0m] Started [0;1;39mLoad/Save Random Seed[0m.
[[0;32m  OK  [0m] Started [0;1;39mudev Kernel Device Manager[0m.
         Starting [0;1;39mNetwork Service[0m...
[[0;32m  OK  [0m] Started [0;1;39mCreate Volatile Files and Directories[0m.
         Starting [0;1;39mNetwork Time Synchronization[0m...
         Starting [0;1;39mUpdate UTMP about System Boot/Shutdown[0m...
[[0;32m  OK  [0m] Started [0;1;39mNetwork Service[0m.
         Starting [0;1;39mNetwork Name Resolution[0m...
[[0;32m  OK  [0m] Started [0;1;39mUpdate UTMP about System Boot/Shutdown[0m.
[[0;32m  OK  [0m] Started [0;1;39mNetwork Time Synchronization[0m.
[[0;32m  OK  [0m] Reached target [0;1;39mSystem Initialization[0m.
[[0;32m  OK  [0m] Started [0;1;39mDaily Cleanup of Temporary Directories[0m.
[[0;32m  OK  [0m] Reached target [0;1;39mSystem Time Set[0m.
[[0;32m  OK  [0m] Reached target [0;1;39mSystem Time Synchronized[0m.
[[0;32m  OK  [0m] Reached target [0;1;39mTimers[0m.
[[0;32m  OK  [0m] Listening on [0;1;39mAvahi mDNS/DNS-SD Stack Activation Socket[0m.
[[0;32m  OK  [0m] Listening on [0;1;39mD-Bus System Message Bus Socket[0m.
[   13.274378] pwm-backlight: probe of backlight failed with error -16
[[0;32m  OK  [0m] Listening on [0;1;39mdropbear.socket[0m.
[[0;32m  OK  [0m] Reached target [0;1;39mSockets[0m.
[[0;32m  OK  [0m] Reached target [0;1;39mBasic System[0m.
[[0;32m  OK  [0m] Started [0;1;39mD-Bus System Message Bus[0m.
[[0;32m  OK  [0m] Started [0;1;39moptee services[0m.
         Starting [0;1;39mpvrinit.service[0m...
         Starting [0;1;39mPowerVR consumer services[0m...
[   13.436101] at24 7-0050: supply vcc not found, using dummy regulator
         Starting [0;1;39mLogin Service[0m...
[   13.448200] at24 7-0050: 128 byte br24t01 EEPROM, writable, 8 bytes/write
[[0;32m  OK  [0m] Started [0;1;39mNetwork Name Resolution[0m.
[[0;32m  OK  [0m] Reached target [0;1;39mNetwork[0m.
[[0;32m  OK  [0m] Reached target [0;1;39mHost and Network Name Lookups[0m.
[[0;32m  OK  [0m] Reached target [0;1;39mHardware activated USB gadget[0m.
         Starting [0;1;39mAvahi mDNS/DNS-SD Stack[0m...
[   13.605449] ccree e6601000.crypto: ARM CryptoCell 630P Driver: HW version 0xAF400001/0xDCC63000, Driver version 5.0
[   13.621853] renesas_usb3 ee020000.usb: probed with phy
         Starting [0;1;39mPermit User Sessions[0m...
[[0;32m  OK  [0m] Started [0;1;39mXinetd A Powerful Replacement For Inetd[0m.
[[0;32m  OK  [0m] Started [0;1;39mPermit User Sessions[0m.
[[0;32m  OK  [0m] Started [0;1;39mAvahi mDNS/DNS-SD Stack[0m.
[   13.817931] ccree e6601000.crypto: ARM ccree device initialized
[[0;1;31mFAILED[0m] Failed to start [0;1;39mPowerVR consumer services[0m.
See 'systemctl status rc.pvr.service' for details.
[[0;1;38;5;185mDEPEND[0m] Dependency failed for [0;1;39mWeston Wayland Compositor[0m.
[[0;1;31mFAILED[0m] Failed to start [0;1;39mpvrinit.service[0m.
See 'systemctl status pvrinit.service' for details.
[[0;32m  OK  [0m] Started [0;1;39mLogin Service[0m.
[[0;32m  OK  [0m] Created slice [0;1;39msystem-weston.slice[0m.
         Starting [0;1;39mSave/Restore Sound Card State[0m...
[[0;32m  OK  [0m] Started [0;1;39mGetty on tty1[0m.
[[0;32m  OK  [0m] Started [0;1;39mSerial Getty on ttySC0[0m.
[[0;32m  OK  [0m] Reached target [0;1;39mLogin Prompts[0m.
         Starting [0;1;39mset_default_governor.service[0m...
[[0;32m  OK  [0m] Started [0;1;39mSave/Restore Sound Card State[0m.
[[0;32m  OK  [0m] Reached target [0;1;39mSound Card[0m.
[   14.121820] rd 0-5: Disabling EAS, schedutil is mandatory
[[0;32m  OK  [0m] Started [0;1;39mset_default_governor.service[0m.
[[0;32m  OK  [0m] Reached target [0;1;39mMulti-User System[0m.
         Starting [0;1;39mUpdate UTMP about System Runlevel Changes[0m...
[[0;32m  OK  [0m] Started [0;1;39mUpdate UTMP about System Runlevel Changes[0m.

Poky (Yocto Project Reference Distro) 3.1.11 salvator-x ttySC0

salvator-x login: 
salvator-x login: root
[   15.778020] audit: type=1006 audit(1705131392.860:2): pid=514 uid=0 old-auid=4294967295 auid=0 tty=(none) old-ses=4294967295 ses=1 res=1
7[r[999;999H[6n8root@salvator-x:~# 
root@salvator-x:~# 
root@salvator-x:~# 
root@salvator-x:~# 
root@salvator-x:~# 
root@salvator-x:~# 
root@salvator-x:~# 
root@salvator-x:~# 
root@salvator-x:~# 
root@salvator-x:~# insmod qos.ko
[   24.045851] qos: loading out-of-tree module taints kernel.
[   24.052415] QoS: install v2.07
[   24.057653] QoS Driver is Successfully loaded
root@salvator-x:~# 
root@salvator-x:~# qos_tp setall m3_Ver30_infotainment_v01_195.csv
QoS : setall success!
root@salvator-x:~# 
root@salvator-x:~# qos_tp switch
root@salvator-x:~# 
root@salvator-x:~# echo ee0a0100.usb > /sys/bus/platform/drivers/ehci-platform/u nbind
[   25.901159] ehci-platform ee0a0100.usb: remove, state 4
[   25.906434] usb usb1: USB disconnect, device number 1
[   25.912271] ehci-platform ee0a0100.usb: USB bus 1 deregistered
root@salvator-x:~# 
Plug in USB device at CN10L


Press any button to continue

[   39.901048] SDHI0 VccQ: disabling
[   39.904440] SDHI3 VccQ: disabling
[   45.964869] usb 2-1: new full-speed USB device number 2 using ohci-platform
[   46.192894] usb 2-1: not running at top speed; connect to a high speed hub
[   46.219110] usb-storage 2-1:1.0: USB Mass Storage device detected
[   46.225926] scsi host0: usb-storage 2-1:1.0
[   47.270211] scsi 0:0:0:0: Direct-Access     Lexar    JD Secure II +   1100 PQ: 0 ANSI: 0 CCS
[   47.409225] sd 0:0:0:0: [sda] 1966080 512-byte logical blocks: (1.01 GB/960 MiB)
[   47.422231] sd 0:0:0:0: [sda] Write Protect is off
[   47.433139] sd 0:0:0:0: [sda] No Caching mode page found
[   47.438569] sd 0:0:0:0: [sda] Assuming drive cache: write through
[   47.516214]  sda: sda1
[   47.562065] sd 0:0:0:0: [sda] Attached SCSI removable disk

root@salvator-x:~# find /sys/devices/platform/soc/ -name 'sd*'
/sys/devices/platform/soc/ee0a0000.usb/usb2/2-1/2-1:1.0/host0/target0:0:0/0:0:0:0/block/sda
/sys/devices/platform/soc/ee0a0000.usb/usb2/2-1/2-1:1.0/host0/target0:0:0/0:0:0:0/block/sda/sda1
root@salvator-x:~# 
root@salvator-x:~# dd if=/dev/sda1 of=/dev/null bs=1M count=1 iflag=direct
1+0 records in
1+0 records out
1048576 bytes (1.0 MB, 1.0 MiB) copied, 1.02148 s, 1.0 MB/s
root@salvator-x:~# 
root@salvator-x:~# dd if=/dev/zero of=/dev/sda1 bs=1M count=1 oflag=direct
1+0 records in
1+0 records out
1048576 bytes (1.0 MB, 1.0 MiB) copied, 1.31732 s, 796 kB/s
root@salvator-x:~# 
Pull out USB device at CN10L


Press any button to continue

[   59.158270] usb 2-1: USB disconnect, device number 2

root@salvator-x:~# echo ee080100.usb > /sys/bus/platform/drivers/ehci-platform/u nbind
[   61.097217] ehci-platform ee080100.usb: remove, state 4
[   61.102489] usb usb5: USB disconnect, device number 1
[   61.108093] ehci-platform ee080100.usb: USB bus 5 deregistered
root@salvator-x:~# 
Plug in USB device at CN9


Press any button to continue

[   63.932867] usb 6-1: new full-speed USB device number 2 using ohci-platform
[   64.160894] usb 6-1: not running at top speed; connect to a high speed hub
[   64.187011] usb-storage 6-1:1.0: USB Mass Storage device detected
[   64.193500] scsi host0: usb-storage 6-1:1.0
[   65.221055] scsi 0:0:0:0: Direct-Access     Lexar    JD Secure II +   1100 PQ: 0 ANSI: 0 CCS
[   65.360057] sd 0:0:0:0: [sda] 1966080 512-byte logical blocks: (1.01 GB/960 MiB)
[   65.373011] sd 0:0:0:0: [sda] Write Protect is off
[   65.384057] sd 0:0:0:0: [sda] No Caching mode page found
[   65.389508] sd 0:0:0:0: [sda] Assuming drive cache: write through
[   65.468131]  sda: sda1
[   65.506996] sd 0:0:0:0: [sda] Attached SCSI removable disk

root@salvator-x:~# find /sys/devices/platform/soc/ -name 'sd*'
/sys/devices/platform/soc/ee080000.usb/usb6/6-1/6-1:1.0/host0/target0:0:0/0:0:0:0/block/sda
/sys/devices/platform/soc/ee080000.usb/usb6/6-1/6-1:1.0/host0/target0:0:0/0:0:0:0/block/sda/sda1
root@salvator-x:~# 
root@salvator-x:~# dd if=/dev/sda1 of=/dev/null bs=1M count=1 iflag=direct
1+0 records in
1+0 records out
1048576 bytes (1.0 MB, 1.0 MiB) copied, 1.02154 s, 1.0 MB/s
root@salvator-x:~# 
root@salvator-x:~# dd if=/dev/zero of=/dev/sda1 bs=1M count=1 oflag=direct
1+0 records in
1+0 records out
1048576 bytes (1.0 MB, 1.0 MiB) copied, 1.31231 s, 799 kB/s
root@salvator-x:~# 
Pull out USB device at CN9


Press any button to continue

[   77.313192] usb 6-1: USB disconnect, device number 2

 
#### Result: OK ####
