
------------ BOARD -------------


Please press switch to restart board 

[F 00:00:10
[F 00:00:09
[F 00:00:08
NOTICE:  BL2: R-Car Gen3 Initial Program Loader(CA57) Rev.3.0.0
NOTICE:  BL2: PRR is R-Car H3 Ver.3.0
NOTICE:  BL2: Board is Salvator-XS Rev.1.0
NOTICE:  BL2: Boot device is HyperFlash(160MHz)
NOTICE:  BL2: LCM state is CM
NOTICE:  AVS setting succeeded. DVFS_SetVID=0x53
NOTICE:  BL2: DDR3200(rev.0.41)
NOTICE:  BL2: [COLD_BOOT]
NOTICE:  BL2: DRAM Split is 4ch(DDR f)
NOTICE:  BL2: QoS is default setting(rev.0.11)
NOTICE:  BL2: DRAM refresh interval 1.95 usec
NOTICE:  BL2: Periodic Write DQ Training
NOTICE:  BL2: CH0: 400000000 - 47fffffff, 2 GiB
NOTICE:  BL2: CH1: 500000000 - 57fffffff, 2 GiB
NOTICE:  BL2: CH2: 600000000 - 67fffffff, 2 GiB
NOTICE:  BL2: CH3: 700000000 - 77fffffff, 2 GiB
NOTICE:  BL2: FDT at 0xe6325e70
NOTICE:  BL2: v2.6(release):v2.6
NOTICE:  BL2: Built : 09:11:03, May 18 2022
NOTICE:  BL2: Normal boot
NOTICE:  BL2: dst=0xe6325700 src=0x8180000 len=512(0x200)
NOTICE:  BL2: dst=0x43f00000 src=0x8180400 len=6144(0x1800)
NOTICE:  rcar_file_len: len: 0x0003e000
NOTICE:  BL2: dst=0x44000000 src=0x81c0000 len=253952(0x3e000)
NOTICE:  rcar_file_len: len: 0x00200000
NOTICE:  BL2: dst=0x44100000 src=0x8200000 len=2097152(0x200000)
NOTICE:  rcar_file_len: len: 0x00100000
NOTICE:  BL2: dst=0x50000000 src=0x8640000 len=1048576(0x100000)
NOTICE:  BL2: Booting BL31


U-Boot 2021.07 (Jul 17 2021 - 09:21:24 +0700)

CPU: Renesas Electronics R8A7795 rev 3.0
Model: Renesas Salvator-X board based on r8a77950
DRAM:  7.9 GiB
Flash: 0 Bytes
MMC:   sd@ee100000: 0, sd@ee140000: 1, sd@ee160000: 2
Loading Environment from MMC... OK
In:    serial@e6e88000
Out:   serial@e6e88000
Err:   serial@e6e88000
Net:   eth0: ethernet@e6800000
Auto-update from TFTP: failed, env. variable 'updatefile' not found
Hit any key to stop autoboot:  2  1  0 
42326528 bytes read in 174 ms (232 MiB/s)
98527 bytes read in 2 ms (47 MiB/s)
Moving Image from 0x48080000 to 0x48200000, end=4ab00000
## Flattened Device Tree blob at 48000000
   Booting using the fdt blob at 0x48000000
   Loading Device Tree to 0000000057fe4000, end 0000000057fff0de ... OK
Overlap found: 0x500000000..0x57fffffff / 0x500000000..0x53fffffff
Overlap found: 0x600000000..0x67fffffff / 0x600000000..0x63fffffff
Overlap found: 0x700000000..0x77fffffff / 0x700000000..0x73fffffff

Starting kernel ...

[    0.000000] Booting Linux on physical CPU 0x0000000000 [0x411fd073]
[    0.000000] Linux version 6.7.0-rc2 (thuan.nguyen-hong@lab-soc.banvien.com.vn) (aarch64-poky-linux-gcc (GCC) 10.3.0, GNU ld (GNU Binutils) 2.36.1.20210703) #1 SMP PREEMPT Mon Nov 20 05:22:27 UTC 2023
[    0.000000] KASLR disabled due to lack of seed
[    0.000000] Machine model: Renesas Salvator-X 2nd version board based on r8a77951
[    0.000000] efi: UEFI not found.
[    0.000000] OF: reserved mem: 0x0000000044100000..0x0000000047dfffff (62464 KiB) nomap non-reusable optee_core@44100000
[    0.000000] OF: reserved mem: 0x0000000047e00000..0x0000000047efffff (1024 KiB) nomap non-reusable optee_shm@47e00000
[    0.000000] NUMA: No NUMA configuration found
[    0.000000] NUMA: Faking a node at [mem 0x0000000048000000-0x000000077fffffff]
[    0.000000] NUMA: NODE_DATA [mem 0x77efb99c0-0x77efbbfff]
[    0.000000] Zone ranges:
[    0.000000]   DMA      [mem 0x0000000048000000-0x00000000ffffffff]
[    0.000000]   DMA32    empty
[    0.000000]   Normal   [mem 0x0000000100000000-0x000000077fffffff]
[    0.000000] Movable zone start for each node
[    0.000000] Early memory node ranges
[    0.000000]   node   0: [mem 0x0000000048000000-0x00000000bfffffff]
[    0.000000]   node   0: [mem 0x0000000500000000-0x000000057fffffff]
[    0.000000]   node   0: [mem 0x0000000600000000-0x000000067fffffff]
[    0.000000]   node   0: [mem 0x0000000700000000-0x000000077fffffff]
[    0.000000] Initmem setup node 0 [mem 0x0000000048000000-0x000000077fffffff]
[    0.000000] cma: Reserved 32 MiB at 0x00000000be000000 on node -1
[    0.000000] psci: probing for conduit method from DT.
[    0.000000] psci: PSCIv1.1 detected in firmware.
[    0.000000] psci: Using standard PSCI v0.2 function IDs
[    0.000000] psci: Trusted OS migration not required
[    0.000000] psci: SMC Calling Convention v1.2
[    0.000000] percpu: Embedded 22 pages/cpu s50728 r8192 d31192 u90112
[    0.000000] Detected PIPT I-cache on CPU0
[    0.000000] CPU features: detected: Spectre-v2
[    0.000000] CPU features: detected: Spectre-v3a
[    0.000000] CPU features: detected: Spectre-BHB
[    0.000000] CPU features: detected: ARM erratum 1742098
[    0.000000] CPU features: detected: ARM errata 1165522, 1319367, or 1530923
[    0.000000] alternatives: applying boot alternatives
[    0.000000] Kernel command line: rw root=/dev/mmcblk0p1 rootwait ip=192.168.10.132:::::eth1
[    0.000000] Dentry cache hash table entries: 1048576 (order: 11, 8388608 bytes, linear)
[    0.000000] Inode-cache hash table entries: 524288 (order: 10, 4194304 bytes, linear)
[    0.000000] Fallback order for Node 0: 0 
[    0.000000] Built 1 zonelists, mobility grouping on.  Total pages: 2032128
[    0.000000] Policy zone: Normal
[    0.000000] mem auto-init: stack:off, heap alloc:off, heap free:off
[    0.000000] software IO TLB: area num 8.
[    0.000000] software IO TLB: mapped [mem 0x00000000ba000000-0x00000000be000000] (64MB)
[    0.000000] Memory: 7957700K/8257536K available (16640K kernel code, 4342K rwdata, 10812K rodata, 9408K init, 605K bss, 267068K reserved, 32768K cma-reserved)
[    0.000000] SLUB: HWalign=64, Order=0-3, MinObjects=0, CPUs=8, Nodes=1
[    0.000000] rcu: Preemptible hierarchical RCU implementation.
[    0.000000] rcu: 	RCU event tracing is enabled.
[    0.000000] rcu: 	RCU restricting CPUs from NR_CPUS=256 to nr_cpu_ids=8.
[    0.000000] 	Trampoline variant of Tasks RCU enabled.
[    0.000000] 	Tracing variant of Tasks RCU enabled.
[    0.000000] rcu: RCU calculated value of scheduler-enlistment delay is 25 jiffies.
[    0.000000] rcu: Adjusting geometry for rcu_fanout_leaf=16, nr_cpu_ids=8
[    0.000000] NR_IRQS: 64, nr_irqs: 64, preallocated irqs: 0
[    0.000000] GIC: Adjusting CPU interface base to 0x00000000f102f000
[    0.000000] Root IRQ handler: gic_handle_irq
[    0.000000] GIC: Using split EOI/Deactivate mode
[    0.000000] rcu: srcu_init: Setting srcu_struct sizes based on contention.
[    0.000000] arch_timer: cp15 timer(s) running at 8.32MHz (phys).
[    0.000000] clocksource: arch_sys_counter: mask: 0xffffffffffffff max_cycles: 0x1eb398c07, max_idle_ns: 440795202503 ns
[    0.000000] sched_clock: 56 bits at 8MHz, resolution 120ns, wraps every 2199023255503ns
[    0.000421] Console: colour dummy device 80x25
[    0.000431] printk: legacy console [tty0] enabled
[    0.000715] Calibrating delay loop (skipped), value calculated using timer frequency.. 16.64 BogoMIPS (lpj=33280)
[    0.000730] pid_max: default: 32768 minimum: 301
[    0.000792] LSM: initializing lsm=capability,integrity
[    0.000900] Mount-cache hash table entries: 16384 (order: 5, 131072 bytes, linear)
[    0.000939] Mountpoint-cache hash table entries: 16384 (order: 5, 131072 bytes, linear)
[    0.002426] RCU Tasks: Setting shift to 3 and lim to 1 rcu_task_cb_adjust=1.
[    0.002496] RCU Tasks Trace: Setting shift to 3 and lim to 1 rcu_task_cb_adjust=1.
[    0.002698] rcu: Hierarchical SRCU implementation.
[    0.002706] rcu: 	Max phase no-delay instances is 1000.
[    0.004623] Detected Renesas R-Car Gen3 r8a7795 ES3.0
[    0.006440] EFI services will not be available.
[    0.006752] smp: Bringing up secondary CPUs ...
[    0.007198] Detected PIPT I-cache on CPU1
[    0.007287] CPU1: Booted secondary processor 0x0000000001 [0x411fd073]
[    0.007763] Detected PIPT I-cache on CPU2
[    0.007811] CPU2: Booted secondary processor 0x0000000002 [0x411fd073]
[    0.008266] Detected PIPT I-cache on CPU3
[    0.008311] CPU3: Booted secondary processor 0x0000000003 [0x411fd073]
[    0.008753] CPU features: detected: ARM erratum 845719
[    0.008767] Detected VIPT I-cache on CPU4
[    0.008853] CPU4: Booted secondary processor 0x0000000100 [0x410fd034]
[    0.009317] Detected VIPT I-cache on CPU5
[    0.009372] CPU5: Booted secondary processor 0x0000000101 [0x410fd034]
[    0.009795] Detected VIPT I-cache on CPU6
[    0.009848] CPU6: Booted secondary processor 0x0000000102 [0x410fd034]
[    0.010281] Detected VIPT I-cache on CPU7
[    0.010335] CPU7: Booted secondary processor 0x0000000103 [0x410fd034]
[    0.010415] smp: Brought up 1 node, 8 CPUs
[    0.010481] SMP: Total of 8 processors activated.
[    0.010488] CPU features: detected: 32-bit EL0 Support
[    0.010495] CPU features: detected: 32-bit EL1 Support
[    0.010502] CPU features: detected: CRC32 instructions
[    0.022773] CPU: All CPU(s) started at EL2
[    0.022821] alternatives: applying system-wide alternatives
[    0.024892] devtmpfs: initialized
[    0.033466] clocksource: jiffies: mask: 0xffffffff max_cycles: 0xffffffff, max_idle_ns: 7645041785100000 ns
[    0.033498] futex hash table entries: 2048 (order: 5, 131072 bytes, linear)
[    0.034213] pinctrl core: initialized pinctrl subsystem
[    0.036464] DMI not present or invalid.
[    0.037172] NET: Registered PF_NETLINK/PF_ROUTE protocol family
[    0.037783] DMA: preallocated 1024 KiB GFP_KERNEL pool for atomic allocations
[    0.037959] DMA: preallocated 1024 KiB GFP_KERNEL|GFP_DMA pool for atomic allocations
[    0.038220] DMA: preallocated 1024 KiB GFP_KERNEL|GFP_DMA32 pool for atomic allocations
[    0.038275] audit: initializing netlink subsys (disabled)
[    0.038409] audit: type=2000 audit(0.024:1): state=initialized audit_enabled=0 res=1
[    0.039760] thermal_sys: Registered thermal governor 'step_wise'
[    0.039765] thermal_sys: Registered thermal governor 'power_allocator'
[    0.039812] cpuidle: using governor menu
[    0.039946] hw-breakpoint: found 6 breakpoint and 4 watchpoint registers.
[    0.040077] ASID allocator initialised with 65536 entries
[    0.041713] Serial: AMBA PL011 UART driver
[    0.048942] platform soc: Fixed dependency cycle(s) with /soc/interrupt-controller@f1010000
[    0.051157] platform e6060000.pinctrl: Fixed dependency cycle(s) with /soc/pinctrl@e6060000/scif_clk
[    0.051491] sh-pfc e6060000.pinctrl: r8a77951_pfc support registered
[    0.070971] platform fea80000.csi2: Fixed dependency cycle(s) with /soc/video@e6ef7000/ports/port@1/endpoint@0
[    0.071001] platform fea80000.csi2: Fixed dependency cycle(s) with /soc/video@e6ef6000/ports/port@1/endpoint@0
[    0.071023] platform fea80000.csi2: Fixed dependency cycle(s) with /soc/video@e6ef5000/ports/port@1/endpoint@0
[    0.071044] platform fea80000.csi2: Fixed dependency cycle(s) with /soc/video@e6ef4000/ports/port@1/endpoint@0
[    0.071067] platform fea80000.csi2: Fixed dependency cycle(s) with /soc/video@e6ef3000/ports/port@1/endpoint@0
[    0.071089] platform fea80000.csi2: Fixed dependency cycle(s) with /soc/video@e6ef2000/ports/port@1/endpoint@0
[    0.071109] platform fea80000.csi2: Fixed dependency cycle(s) with /soc/video@e6ef1000/ports/port@1/endpoint@0
[    0.071131] platform fea80000.csi2: Fixed dependency cycle(s) with /soc/video@e6ef0000/ports/port@1/endpoint@0
[    0.071380] platform feaa0000.csi2: Fixed dependency cycle(s) with /soc/video@e6ef3000/ports/port@1/endpoint@2
[    0.071417] platform feaa0000.csi2: Fixed dependency cycle(s) with /soc/video@e6ef2000/ports/port@1/endpoint@2
[    0.071451] platform feaa0000.csi2: Fixed dependency cycle(s) with /soc/video@e6ef1000/ports/port@1/endpoint@2
[    0.071485] platform feaa0000.csi2: Fixed dependency cycle(s) with /soc/video@e6ef0000/ports/port@1/endpoint@2
[    0.071717] platform fead0000.hdmi: Fixed dependency cycle(s) with /soc/sound@ec500000/ports/port@1/endpoint
[    0.071968] platform feae0000.hdmi: Fixed dependency cycle(s) with /soc/sound@ec500000/ports/port@2/endpoint
[    0.072263] platform feb00000.display: Fixed dependency cycle(s) with /soc/hdmi@feae0000/ports/port@0/endpoint
[    0.072293] platform feb00000.display: Fixed dependency cycle(s) with /soc/hdmi@fead0000/ports/port@0/endpoint
[    0.073475] platform hdmi0-out: Fixed dependency cycle(s) with /soc/hdmi@fead0000/ports/port@1/endpoint
[    0.073677] platform hdmi1-out: Fixed dependency cycle(s) with /soc/hdmi@feae0000/ports/port@1/endpoint
[    0.076022] platform vga-encoder: Fixed dependency cycle(s) with /vga/port/endpoint
[    0.076062] platform vga-encoder: Fixed dependency cycle(s) with /soc/display@feb00000/ports/port@0/endpoint
[    0.076655] Modules: 22272 pages in range for non-PLT usage
[    0.076660] Modules: 513792 pages in range for PLT usage
[    0.077229] HugeTLB: registered 1.00 GiB page size, pre-allocated 0 pages
[    0.077244] HugeTLB: 0 KiB vmemmap can be freed for a 1.00 GiB page
[    0.077252] HugeTLB: registered 32.0 MiB page size, pre-allocated 0 pages
[    0.077258] HugeTLB: 0 KiB vmemmap can be freed for a 32.0 MiB page
[    0.077265] HugeTLB: registered 2.00 MiB page size, pre-allocated 0 pages
[    0.077271] HugeTLB: 0 KiB vmemmap can be freed for a 2.00 MiB page
[    0.077278] HugeTLB: registered 64.0 KiB page size, pre-allocated 0 pages
[    0.077284] HugeTLB: 0 KiB vmemmap can be freed for a 64.0 KiB page
[    0.078695] ACPI: Interpreter disabled.
[    0.083974] iommu: Default domain type: Translated
[    0.083990] iommu: DMA domain TLB invalidation policy: strict mode
[    0.084255] SCSI subsystem initialized
[    0.084505] usbcore: registered new interface driver usbfs
[    0.084533] usbcore: registered new interface driver hub
[    0.084562] usbcore: registered new device driver usb
[    0.086016] i2c-sh_mobile e60b0000.i2c: I2C adapter 7, bus speed 400000 Hz
[    0.086412] pps_core: LinuxPPS API ver. 1 registered
[    0.086420] pps_core: Software ver. 5.3.6 - Copyright 2005-2007 Rodolfo Giometti <giometti@linux.it>
[    0.086434] PTP clock support registered
[    0.086617] EDAC MC: Ver: 3.0.0
[    0.087486] scmi_core: SCMI protocol bus registered
[    0.088591] FPGA manager framework
[    0.088660] Advanced Linux Sound Architecture Driver Initialized.
[    0.089484] vgaarb: loaded
[    0.090037] clocksource: Switched to clocksource arch_sys_counter
[    0.090221] VFS: Disk quotas dquot_6.6.0
[    0.090248] VFS: Dquot-cache hash table entries: 512 (order 0, 4096 bytes)
[    0.090384] pnp: PnP ACPI: disabled
[    0.094792] NET: Registered PF_INET protocol family
[    0.095078] IP idents hash table entries: 131072 (order: 8, 1048576 bytes, linear)
[    0.098612] tcp_listen_portaddr_hash hash table entries: 4096 (order: 4, 65536 bytes, linear)
[    0.098700] Table-perturb hash table entries: 65536 (order: 6, 262144 bytes, linear)
[    0.098718] TCP established hash table entries: 65536 (order: 7, 524288 bytes, linear)
[    0.099009] TCP bind hash table entries: 65536 (order: 9, 2097152 bytes, linear)
[    0.100116] TCP: Hash tables configured (established 65536 bind 65536)
[    0.100224] UDP hash table entries: 4096 (order: 5, 131072 bytes, linear)
[    0.100343] UDP-Lite hash table entries: 4096 (order: 5, 131072 bytes, linear)
[    0.100563] NET: Registered PF_UNIX/PF_LOCAL protocol family
[    0.100892] RPC: Registered named UNIX socket transport module.
[    0.100906] RPC: Registered udp transport module.
[    0.100913] RPC: Registered tcp transport module.
[    0.100918] RPC: Registered tcp-with-tls transport module.
[    0.100924] RPC: Registered tcp NFSv4.1 backchannel transport module.
[    0.100941] PCI: CLS 0 bytes, default 64
[    0.101422] kvm [1]: IPA Size Limit: 40 bits
[    0.102576] kvm [1]: vgic interrupt IRQ9
[    0.102616] kvm [1]: Hyp mode initialized successfully
[    0.103737] Initialise system trusted keyrings
[    0.103870] workingset: timestamp_bits=42 max_order=21 bucket_order=0
[    0.104106] squashfs: version 4.0 (2009/01/31) Phillip Lougher
[    0.104293] NFS: Registering the id_resolver key type
[    0.104322] Key type id_resolver registered
[    0.104329] Key type id_legacy registered
[    0.104351] nfs4filelayout_init: NFSv4 File Layout Driver Registering...
[    0.104360] nfs4flexfilelayout_init: NFSv4 Flexfile Layout Driver Registering...
[    0.104466] 9p: Installing v9fs 9p2000 file system support
[    0.133261] Key type asymmetric registered
[    0.133272] Asymmetric key parser 'x509' registered
[    0.133317] Block layer SCSI generic (bsg) driver version 0.4 loaded (major 245)
[    0.133328] io scheduler mq-deadline registered
[    0.133335] io scheduler kyber registered
[    0.133367] io scheduler bfq registered
[    0.149610] gpio_rcar e6050000.gpio: driving 16 GPIOs
[    0.149890] gpio_rcar e6051000.gpio: driving 29 GPIOs
[    0.150170] gpio_rcar e6052000.gpio: driving 15 GPIOs
[    0.150404] gpio_rcar e6053000.gpio: driving 16 GPIOs
[    0.150738] gpio_rcar e6054000.gpio: driving 18 GPIOs
[    0.150954] gpio_rcar e6055000.gpio: driving 26 GPIOs
[    0.151165] gpio_rcar e6055400.gpio: driving 32 GPIOs
[    0.151384] gpio_rcar e6055800.gpio: driving 4 GPIOs
[    0.153472] rcar-pcie fe000000.pcie: host bridge /soc/pcie@fe000000 ranges:
[    0.153507] rcar-pcie fe000000.pcie:       IO 0x00fe100000..0x00fe1fffff -> 0x0000000000
[    0.153532] rcar-pcie fe000000.pcie:      MEM 0x00fe200000..0x00fe3fffff -> 0x00fe200000
[    0.153551] rcar-pcie fe000000.pcie:      MEM 0x0030000000..0x0037ffffff -> 0x0030000000
[    0.153567] rcar-pcie fe000000.pcie:      MEM 0x0038000000..0x003fffffff -> 0x0038000000
[    0.153584] rcar-pcie fe000000.pcie:   IB MEM 0x0000000000..0x00ffffffff -> 0x0000000000
[    0.166782] rcar-pcie fe000000.pcie: PCIe x1: link up
[    0.167484] rcar-pcie fe000000.pcie: PCI host bridge to bus 0000:00
[    0.167498] pci_bus 0000:00: root bus resource [bus 00-ff]
[    0.167508] pci_bus 0000:00: root bus resource [io  0x0000-0xfffff]
[    0.167517] pci_bus 0000:00: root bus resource [mem 0xfe200000-0xfe3fffff]
[    0.167525] pci_bus 0000:00: root bus resource [mem 0x30000000-0x37ffffff]
[    0.167533] pci_bus 0000:00: root bus resource [mem 0x38000000-0x3fffffff pref]
[    0.167568] pci 0000:00:00.0: [1912:0025] type 01 class 0x060400
[    0.167613] pci 0000:00:00.0: enabling Extended Tags
[    0.167670] pci 0000:00:00.0: PME# supported from D0 D3hot D3cold
[    0.170374] pci 0000:01:00.0: [8086:10d3] type 00 class 0x020000
[    0.170446] pci 0000:01:00.0: reg 0x10: [mem 0x00000000-0x0001ffff]
[    0.170483] pci 0000:01:00.0: reg 0x14: [mem 0x00000000-0x0007ffff]
[    0.170518] pci 0000:01:00.0: reg 0x18: [io  0x0000-0x001f]
[    0.170554] pci 0000:01:00.0: reg 0x1c: [mem 0x00000000-0x00003fff]
[    0.170643] pci 0000:01:00.0: reg 0x30: [mem 0x00000000-0x0003ffff pref]
[    0.170846] pci 0000:01:00.0: PME# supported from D0 D3hot D3cold
[    0.182078] pci_bus 0000:01: busn_res: [bus 01-ff] end is updated to 01
[    0.182108] pci 0000:00:00.0: BAR 14: assigned [mem 0xfe200000-0xfe2fffff]
[    0.182118] pci 0000:00:00.0: BAR 15: assigned [mem 0x38000000-0x380fffff pref]
[    0.182129] pci 0000:00:00.0: BAR 13: assigned [io  0x1000-0x1fff]
[    0.182139] pci 0000:01:00.0: BAR 1: assigned [mem 0xfe200000-0xfe27ffff]
[    0.182160] pci 0000:01:00.0: BAR 6: assigned [mem 0x38000000-0x3803ffff pref]
[    0.182169] pci 0000:01:00.0: BAR 0: assigned [mem 0xfe280000-0xfe29ffff]
[    0.182189] pci 0000:01:00.0: BAR 3: assigned [mem 0xfe2a0000-0xfe2a3fff]
[    0.182208] pci 0000:01:00.0: BAR 2: assigned [io  0x1000-0x101f]
[    0.182229] pci 0000:00:00.0: PCI bridge to [bus 01]
[    0.182237] pci 0000:00:00.0:   bridge window [io  0x1000-0x1fff]
[    0.182249] pci 0000:00:00.0:   bridge window [mem 0xfe200000-0xfe2fffff]
[    0.182259] pci 0000:00:00.0:   bridge window [mem 0x38000000-0x380fffff pref]
[    0.182430] rcar-pcie ee800000.pcie: host bridge /soc/pcie@ee800000 ranges:
[    0.182457] rcar-pcie ee800000.pcie:       IO 0x00ee900000..0x00ee9fffff -> 0x0000000000
[    0.182478] rcar-pcie ee800000.pcie:      MEM 0x00eea00000..0x00eebfffff -> 0x00eea00000
[    0.182497] rcar-pcie ee800000.pcie:      MEM 0x00c0000000..0x00c7ffffff -> 0x00c0000000
[    0.182516] rcar-pcie ee800000.pcie:      MEM 0x00c8000000..0x00cfffffff -> 0x00c8000000
[    0.182533] rcar-pcie ee800000.pcie:   IB MEM 0x0000000000..0x00ffffffff -> 0x0000000000
[    0.342040] rcar-pcie ee800000.pcie: PCIe link down
[    0.344643] EINJ: ACPI disabled.
[    0.392337] Serial: 8250/16550 driver, 4 ports, IRQ sharing enabled
[    0.395663] msm_serial: driver initialized
[    0.396067] SuperH (H)SCI(F) driver initialized
[    0.396605] e6550000.serial: ttySC1 at MMIO 0xe6550000 (irq = 26, base_baud = 0) is a hscif
[    0.397207] e6e88000.serial: ttySC0 at MMIO 0xe6e88000 (irq = 27, base_baud = 0) is a scif
[    0.397252] printk: legacy console [ttySC0] enabled
[    2.018732] STM32 USART driver initialized
[    2.030794] loop: module loaded
[    2.035181] megasas: 07.727.03.00-rc1
[    2.045608] tun: Universal TUN/TAP device driver, 1.6
[    2.051733] thunder_xcv, ver 1.0
[    2.054996] thunder_bgx, ver 1.0
[    2.058242] nicpf, ver 1.0
[    2.062287] hns3: Hisilicon Ethernet Network Driver for Hip08 Family - version
[    2.069517] hns3: Copyright (c) 2017 Huawei Corporation.
[    2.074856] hclge is initializing
[    2.078208] e1000: Intel(R) PRO/1000 Network Driver
[    2.083090] e1000: Copyright (c) 1999-2006 Intel Corporation.
[    2.088856] e1000e: Intel(R) PRO/1000 Network Driver
[    2.093824] e1000e: Copyright(c) 1999 - 2015 Intel Corporation.
[    2.099827] igb: Intel(R) Gigabit Ethernet Network Driver
[    2.105233] igb: Copyright (c) 2007-2014 Intel Corporation.
[    2.110826] igbvf: Intel(R) Gigabit Virtual Function Network Driver
[    2.117096] igbvf: Copyright (c) 2009 - 2012 Intel Corporation.
[    2.123387] sky2: driver version 1.30
[    2.128952] VFIO - User Level meta-driver version: 0.3
[    2.136617] ehci-platform ee0c0100.usb: EHCI Host Controller
[    2.136628] ehci-platform ee0a0100.usb: EHCI Host Controller
[    2.137122] ohci-platform ee0a0000.usb: Generic Platform OHCI controller
[    2.137147] ohci-platform ee0a0000.usb: new USB bus registered, assigned bus number 1
[    2.137369] ohci-platform ee0a0000.usb: irq 29, io mem 0xee0a0000
[    2.137374] ohci-platform ee0c0000.usb: Generic Platform OHCI controller
[    2.137390] ohci-platform ee0c0000.usb: new USB bus registered, assigned bus number 2
[    2.137507] ohci-platform ee0c0000.usb: irq 28, io mem 0xee0c0000
[    2.137713] xhci-renesas-hcd ee000000.usb: xHCI Host Controller
[    2.137724] xhci-renesas-hcd ee000000.usb: new USB bus registered, assigned bus number 3
[    2.137971] xhci-renesas-hcd ee000000.usb: Direct firmware load for r8a779x_usb3_v3.dlmem failed with error -2
[    2.137981] xhci-renesas-hcd ee000000.usb: can't setup: -2
[    2.137988] xhci-renesas-hcd ee000000.usb: USB bus 3 deregistered
[    2.138015] xhci-renesas-hcd: probe of ee000000.usb failed with error -2
[    2.138514] usbcore: registered new interface driver usb-storage
[    2.141786] i2c_dev: i2c /dev entries driver
[    2.142297] ehci-platform ee0c0100.usb: new USB bus registered, assigned bus number 3
[    2.144409] i2c 2-0010: Fixed dependency cycle(s) with /soc/sound@ec500000/ports/port@0/endpoint
[    2.144447] i2c 2-0010: Fixed dependency cycle(s) with /soc/sound@ec500000
[    2.144794] cs2000-cp 2-004f: operating in static mode
[    2.147974] ehci-platform ee0a0100.usb: new USB bus registered, assigned bus number 4
[    2.152362] cs2000-cp 2-004f: revision - C1
[    2.152410] i2c-rcar e6510000.i2c: probed
[    2.152912] pca953x 4-0020: supply vcc not found, using dummy regulator
[    2.152985] pca953x 4-0020: using no AI
[    2.153949] i2c 4-0070: Fixed dependency cycle(s) with /soc/csi2@fea80000/ports/port@0/endpoint
[    2.154021] i2c 4-0070: Fixed dependency cycle(s) with /soc/csi2@feaa0000/ports/port@0/endpoint
[    2.154050] i2c 4-0070: Fixed dependency cycle(s) with /hdmi-in/port/endpoint
[    2.154060] i2c 4-0070: Fixed dependency cycle(s) with /cvbs-in/port/endpoint
[    2.154719] ehci-platform ee0c0100.usb: irq 28, io mem 0xee0c0100
[    2.160088] i2c-rcar e66d8000.i2c: probed
[    2.162070] ohci-platform ee0e0000.usb: Generic Platform OHCI controller
[    2.162079] ehci-platform ee0e0100.usb: EHCI Host Controller
[    2.162090] ohci-platform ee0e0000.usb: new USB bus registered, assigned bus number 5
[    2.162097] ehci-platform ee0e0100.usb: new USB bus registered, assigned bus number 6
[    2.162155] ehci-platform ee0e0100.usb: irq 15, io mem 0xee0e0100
[    2.162217] ohci-platform ee0e0000.usb: irq 15, io mem 0xee0e0000
[    2.162538] ehci-platform ee0a0100.usb: irq 29, io mem 0xee0a0100
[    2.162800] rcar_gen3_thermal e6198000.thermal: No calibration values fused, fallback to driver values
[    2.166404] rcar_gen3_thermal e6198000.thermal: Sensor 0: Loaded 1 trip points
[    2.170193] rcar_gen3_thermal e6198000.thermal: Sensor 1: Loaded 1 trip points
[    2.178051] ehci-platform ee0e0100.usb: USB 2.0 started, EHCI 1.10
[    2.187281] rcar_gen3_thermal e6198000.thermal: Sensor 2: Loaded 2 trip points
[    2.189694] hub 6-0:1.0: USB hub found
[    2.194048] ehci-platform ee0c0100.usb: USB 2.0 started, EHCI 1.10
[    2.203899] sdhci: Secure Digital Host Controller Interface driver
[    2.210062] ehci-platform ee0a0100.usb: USB 2.0 started, EHCI 1.10
[    2.213244] hub 6-0:1.0: 1 port detected
[    2.218702] sdhci: Copyright(c) Pierre Ossman
[    2.219738] Synopsys Designware Multimedia Card Interface Driver
[    2.225940] hub 3-0:1.0: USB hub found
[    2.232701] sdhci-pltfm: SDHCI platform and OF driver helper
[    2.237536] hub 3-0:1.0: 1 port detected
[    2.473093] ledtrig-cpu: registered to indicate activity on CPUs
[    2.473366] hub 4-0:1.0: USB hub found
[    2.480028] SMCCC: SOC_ID: ARCH_SOC_ID not implemented, skipping ....
[    2.482879] hub 4-0:1.0: 1 port detected
[    2.490229] usbcore: registered new interface driver usbhid
[    2.494323] hub 1-0:1.0: USB hub found
[    2.498783] usbhid: USB HID core driver
[    2.506593] hub 1-0:1.0: 1 port detected
[    2.506785] hw perfevents: enabled with armv8_cortex_a53 PMU driver, 7 counters available
[    2.512024] hub 2-0:1.0: USB hub found
[    2.522531] hub 2-0:1.0: 1 port detected
[    2.522696] hw perfevents: enabled with armv8_cortex_a57 PMU driver, 7 counters available
[    2.527649] hub 5-0:1.0: USB hub found
[    2.537081] optee: probing for conduit method.
[    2.538409] hub 5-0:1.0: 1 port detected
[    2.542848] optee: revision 3.17 (f9e55014)
[    2.546974] optee: dynamic shared memory is enabled
[    2.567688] random: crng init done
[    2.571173] optee: initialized driver
[    2.578747] NET: Registered PF_PACKET protocol family
[    2.583881] 9pnet: Installing 9P2000 support
[    2.588194] Key type dns_resolver registered
[    2.597910] registered taskstats version 1
[    2.602194] Loading compiled-in X.509 certificates
[    2.621245] renesas_irqc e61c0000.interrupt-controller: driving 6 irqs
[    2.654461] cpufreq: cpufreq_online: CPU0: Running at unlisted initial frequency: 1497600 KHz, changing to: 1500000 KHz
[    2.665398] cpu cpu0: EM: created perf domain
[    2.670998] cpufreq: cpufreq_online: CPU4: Running at unlisted initial frequency: 1198080 KHz, changing to: 1200000 KHz
[    2.678108] ohci-platform ee080000.usb: Generic Platform OHCI controller
[    2.678165] ehci-platform ee080100.usb: EHCI Host Controller
[    2.678183] ehci-platform ee080100.usb: new USB bus registered, assigned bus number 7
[    2.678257] ehci-platform ee080100.usb: irq 49, io mem 0xee080100
[    2.681888] cpu cpu4: EM: created perf domain
[    2.688496] ohci-platform ee080000.usb: new USB bus registered, assigned bus number 8
[    2.694045] ehci-platform ee080100.usb: USB 2.0 started, EHCI 1.10
[    2.694745] hub 7-0:1.0: USB hub found
[    2.702087] ohci-platform ee080000.usb: irq 49, io mem 0xee080000
[    2.708118] hub 7-0:1.0: 1 port detected
[    2.713596] input: keys as /devices/platform/keys/input/input0
[    2.801158] hub 8-0:1.0: USB hub found
[    2.805026] hub 8-0:1.0: 1 port detected
[   12.778856] rcar-dmac e6700000.dma-controller: deferred probe timeout, ignoring dependency
[   12.791828] rcar-dmac e7300000.dma-controller: deferred probe timeout, ignoring dependency
[   12.804308] rcar-dmac e7310000.dma-controller: deferred probe timeout, ignoring dependency
[   12.816516] rcar-dmac ec700000.dma-controller: deferred probe timeout, ignoring dependency
[   12.830736] rcar-dmac ec720000.dma-controller: deferred probe timeout, ignoring dependency
[   12.831365] renesas_sdhi_internal_dmac ee100000.mmc: deferred probe timeout, ignoring dependency
[   12.844716] sata_rcar ee300000.sata: deferred probe timeout, ignoring dependency
[   12.848008] renesas_sdhi_internal_dmac ee100000.mmc: Got CD GPIO
[   12.856029] scsi host0: sata_rcar
[   12.861242] renesas_sdhi_internal_dmac ee100000.mmc: Got WP GPIO
[   12.864664] ata1: SATA max UDMA/133 irq 138 lpm-pol 0
[   12.875775] e1000e 0000:01:00.0: deferred probe timeout, ignoring dependency
[   12.882900] pci 0000:00:00.0: enabling device (0000 -> 0003)
[   12.888587] e1000e 0000:01:00.0: enabling device (0000 -> 0002)
[   12.894732] e1000e 0000:01:00.0: Interrupt Throttling Rate (ints/sec) set to dynamic conservative mode
[   12.904054] e1000e 0000:01:00.0 0000:01:00.0 (uninitialized): Failed to initialize MSI-X interrupts.  Falling back to MSI interrupts.
[   12.918296] renesas_sdhi_internal_dmac ee100000.mmc: mmc1 base at 0x00000000ee100000, max clock rate 200 MHz
[   12.962931] e1000e 0000:01:00.0 0000:01:00.0 (uninitialized): registered PHC clock
[   13.024278] e1000e 0000:01:00.0 eth0: (PCI Express:2.5GT/s:Width x1) 00:1b:21:80:a8:44
[   13.032227] e1000e 0000:01:00.0 eth0: Intel(R) PRO/1000 Network Connection
[   13.039124] e1000e 0000:01:00.0 eth0: MAC: 3, PHY: 8, PBA No: E46981-004
[   13.049402] ravb e6800000.ethernet: deferred probe timeout, ignoring dependency
[   13.049497] renesas_sdhi_internal_dmac ee160000.mmc: deferred probe timeout, ignoring dependency
[   13.059807] ravb e6800000.ethernet eth1: Base address at 0xe6800000, 2e:09:0a:00:c3:9a, IRQ 142.
[   13.065696] renesas_sdhi_internal_dmac ee160000.mmc: Got CD GPIO
[   13.074486] pcieport 0000:00:00.0: deferred probe timeout, ignoring dependency
[   13.080329] renesas_sdhi_internal_dmac ee160000.mmc: Got WP GPIO
[   13.087759] pcieport 0000:00:00.0: PME: Signaling with IRQ 149
[   13.103244] renesas_sdhi_internal_dmac ee140000.mmc: deferred probe timeout, ignoring dependency
[   13.142751] renesas_sdhi_internal_dmac ee160000.mmc: mmc2 base at 0x00000000ee160000, max clock rate 200 MHz
[   13.158061] renesas_sdhi_internal_dmac ee140000.mmc: mmc0 base at 0x00000000ee140000, max clock rate 200 MHz
[   13.232138] mmc0: new HS400 MMC card at address 0001
[   13.237562] mmcblk0: mmc0:0001 BGSD3R 29.1 GiB
[   13.243342]  mmcblk0: p1
[   13.246334] mmcblk0boot0: mmc0:0001 BGSD3R 16.0 MiB
[   13.252012] mmcblk0boot1: mmc0:0001 BGSD3R 16.0 MiB
[   13.257677] mmcblk0rpmb: mmc0:0001 BGSD3R 4.00 MiB, chardev (234:0)
[   13.294148] ata1: link resume succeeded after 1 retries
[   13.405764] ata1: SATA link down (SStatus 0 SControl 300)
[   13.485003] Micrel KSZ9031 Gigabit PHY e6800000.ethernet-ffffffff:00: attached PHY driver (mii_bus:phy_addr=e6800000.ethernet-ffffffff:00, irq=148)
[   20.433717] ravb e6800000.ethernet eth1: Link is Up - 1Gbps/Full - flow control off
[   20.454047] IP-Config: Guessing netmask 255.255.255.0
[   20.459107] IP-Config: Complete:
[   20.462339]      device=eth1, hwaddr=2e:09:0a:00:c3:9a, ipaddr=192.168.10.132, mask=255.255.255.0, gw=255.255.255.255
[   20.472956]      host=192.168.10.132, domain=, nis-domain=(none)
[   20.478966]      bootserver=255.255.255.255, rootserver=255.255.255.255, rootpath=
[   20.479094] clk: Disabling unused clocks
[   20.490901] ALSA device list:
[   20.493868]   No soundcards found.
[   20.602689] EXT4-fs (mmcblk0p1): recovery complete
[   20.608000] EXT4-fs (mmcblk0p1): mounted filesystem 0c80e83e-a7e9-4b91-9711-70c9406707f3 r/w with ordered data mode. Quota mode: none.
[   20.620152] VFS: Mounted root (ext4 filesystem) on device 179:1.
[   20.626598] devtmpfs: mounted
[   20.633329] Freeing unused kernel memory: 9408K
[   20.637972] Run /sbin/init as init process
[   20.699618] systemd[1]: System time before build time, advancing clock.
[   20.751412] NET: Registered PF_INET6 protocol family
[   20.757684] Segment Routing with IPv6
[   20.761376] In-situ OAM (IOAM) with IPv6
[   20.802473] systemd[1]: systemd 234 running in system mode. (+PAM -AUDIT -SELINUX +IMA -APPARMOR +SMACK +SYSVINIT +UTMP -LIBCRYPTSETUP -GCRYPT -GNUTLS +ACL +XZ -LZ4 -SECCOMP +BLKID -ELFUTILS +KMOD -IDN2 -IDN default-hierarchy=hybrid)
[   20.823487] systemd[1]: Detected architecture arm64.

Welcome to [1mPoky (Yocto Project Reference Distro) 2.4.1 (rocko)[0m!

[   20.846551] systemd[1]: Set hostname to <salvator-x>.
[   20.989368] systemd[1]: Started Dispatch Password Requests to Console Directory Watch.
[[0;32m  OK  [0m] Started Dispatch Password Requests to Console Directory Watch.
[   21.014250] systemd[1]: Listening on udev Control Socket.
[[0;32m  OK  [0m] Listening on udev Control Socket.
[   21.034152] systemd[1]: Listening on udev Kernel Socket.
[[0;32m  OK  [0m] Listening on udev Kernel Socket.
[   21.054103] systemd[1]: Reached target Remote File Systems.
[[0;32m  OK  [0m] Reached target Remote File Systems.
[   21.074171] systemd[1]: Listening on /dev/initctl Compatibility Named Pipe.
[[0;32m  OK  [0m] Listening on /dev/initctl Compatibility Named Pipe.
[   21.099131] systemd[1]: Created slice System Slice.
[[0;32m  OK  [0m] Created slice System Slice.
[   21.134316] systemd[1]: Mounting POSIX Message Queue File System...
         Mounting POSIX Message Queue File System...
[[0;32m  OK  [0m] Listening on Journal Socket.
         Starting Create list of required stâ€¦ce nodes for the current kernel...
         Mounting Kernel Debug File System...
[[0;32m  OK  [0m] Created slice system-serial\x2dgetty.slice.
         Starting Remount Root and Kernel File Systems...
         Mounting Huge Pages File System...
[[0;32m  OK  [0m] Listening on Journal Socket (/dev/log).
[   21.262295] EXT4-fs (mmcblk0p1): re-mounted 0c80e83e-a7e9-4b91-9711-70c9406707f3 r/w. Quota mode: none.
[[0;32m  OK  [0m] Started Forward Password Requests to Wall Directory Watch.
[[0;32m  OK  [0m] Created slice system-getty.slice.
[[0;32m  OK  [0m] Listening on Network Service Netlink Socket.
[[0;32m  OK  [0m] Reached target Paths.
         Starting Apply Kernel Variables...
         Mounting Kernel Configuration File System...
[[0;32m  OK  [0m] Created slice User and Session Slice.
[[0;32m  OK  [0m] Reached target Slices.
[[0;32m  OK  [0m] Reached target Swap.
[[0;32m  OK  [0m] Listening on Journal Audit Socket.
         Starting Journal Service...
         Mounting Temporary Directory (/tmp)...
[[0;32m  OK  [0m] Mounted Kernel Debug File System.
[[0;32m  OK  [0m] Mounted Kernel Configuration File System.
[[0;32m  OK  [0m] Mounted POSIX Message Queue File System.
[[0;32m  OK  [0m] Mounted Huge Pages File System.
[[0;32m  OK  [0m] Mounted Temporary Directory (/tmp).
[[0;32m  OK  [0m] Started Journal Service.
[[0;32m  OK  [0m] Started Create list of required staâ€¦vice nodes for the current kernel.
[[0;32m  OK  [0m] Started Remount Root and Kernel File Systems.
[[0;32m  OK  [0m] Started Apply Kernel Variables.
         Starting udev Coldplug all Devices...
         Starting Create Static Device Nodes in /dev...
         Starting Flush Journal to Persistent Storage...
[[0;32m  OK  [0m] Started Create Static Device Nodes in /dev.
         Starting udev Kernel Device Manager...
[[0;32m  OK  [0m] Reached target Local File Systems (Pre).
         Mounting /var/volatile...
[[0;32m  OK  [0m] Mounted /var/volatile.
[[0;32m  OK  [0m] Started udev Kernel Device Manager.
[   21.872050] systemd-journald[227]: Received request to flush runtime journal from PID 1
[[0;32m  OK  [0m] Reached target Local File Systems.
         Starting Load/Save Random Seed...
[[0;32m  OK  [0m] Started Flush Journal to Persistent Storage.
[[0;32m  OK  [0m] Started Load/Save Random Seed.
         Starting Create Volatile Files and Directories...
[[0;32m  OK  [0m] Started Create Volatile Files and Directories.
         Starting Update UTMP about System Boot/Shutdown...
[[0;32m  OK  [0m] Started Update UTMP about System Boot/Shutdown.
[[0;32m  OK  [0m] Started udev Coldplug all Devices.
[[0;32m  OK  [0m] Reached target System Initialization.
[[0;32m  OK  [0m] Started dnf-automatic-notifyonly timer.
[[0;32m  OK  [0m] Started dnf-automatic-download timer.
[[0;32m  OK  [0m] Started Daily rotation of log files.
[[0;32m  OK  [0m] Listening on RPCbind Server Activati[   22.222433] at24 7-0050: supply vcc not found, using dummy regulator
on Socket.
[   22.230945] at24 7-0050: 128 byte br24t01 EEPROM, writable, 8 bytes/write
[   22.254692] renesas_usbhs e6590000.usb: host probed
[   22.259726] renesas_usbhs e6590000.usb: no transceiver found
[   22.265742] renesas_usbhs e6590000.usb: gadget probed
[   22.271061] renesas_usbhs e6590000.usb: probed
[   22.276157] renesas_usbhs e659c000.usb: host probed
[   22.281075] renesas_usbhs e659c000.usb: no transceiver found
[   22.286946] renesas_usbhs e659c000.usb: gadget probed
         Startin[   22.292392] renesas_usbhs e659c000.usb: probed
g sshd.socket.
[[0;32m  OK  [0m] Started dnf makecache timer.
[[0;32m  OK  [0m] Listening on Avahi mDNS/DNS-SD Stack Activation Socket.
[[0;32m  OK  [0m] Star[   22.340040] mc: Linux media interface: v0.10
ted dnf-automatic-install timer.
[   22.354227] renesas_usb3 ee020000.usb: probed with phy
[   22.384013] rcar_sound ec500000.sound: probed
[   22.390445] ccree e6601000.crypto: ARM CryptoCell 630P Driver: HW version 0xAF400001/0xDCC63000, Driver version 5.0
         Startin[   22.401534] ccree e6601000.crypto: ARM ccree device initialized
g Console System Startup Logging...
[   22.412509] rcar-fcp fe950000.fcp: deferred probe timeout, ignoring dependency
[   22.420096] rcar-fcp fe951000.fcp: deferred probe timeout, ignoring dependency
[   22.420724] videodev: Linux video capture interface: v2.00
[   22.427545] rcar-fcp fe96f000.fcp: deferred probe timeout, ignoring dependency
[   22.440286] rcar-fcp fe92f000.fcp: deferred probe timeout, ignoring dependency
[   22.447727] rcar-fcp fe9af000.fcp: deferred probe timeout, ignoring dependency
[   22.455164] rcar-fcp fe9bf000.fcp: deferred probe timeout, ignoring dependency
[   22.462605] rcar-fcp fea27000.fcp: deferred probe timeout, ignoring dependency
[   22.469983] rcar-fcp fea2f000.fcp: deferred probe timeout, ignoring dependency
[[0;32m  OK  [[   22.477419] rcar-fcp fea37000.fcp: deferred probe timeout, ignoring dependency
0m] Listening on D-Bus S[   22.486758] e1000e 0000:01:00.0 enp1s0: renamed from eth0
ystem Message Bus Socket.
[   22.510412] rcar_fdp1 fe940000.fdp1: Device registered as /dev/video0
[   22.520791] rcar_fdp1 fe944000.fdp1: Device registered as /dev/video1
         Starting Network Service...
[   22.541891] rcar-csi2 fea80000.csi2: 1 lanes found
[   22.549269] rcar-csi2 feaa0000.csi2: 4 lanes found
[[0;32m  OK  [0m] Started Daily Cleanup of Temporary Directories.
[[0;32m  OK  [0m] Reached target Timers.
[[0;32m  OK  [0m] Listening on sshd.socket.
[[0;32m  OK  [0m] Started Console System Startup Logging.
[   22.630646] rcar-dw-hdmi fead0000.hdmi: Detected HDMI TX controller v2.01a with HDCP (DWC HDMI 2.0 TX PHY)
[[0;32m  OK  [0m] Found device /dev/ttySC0.
[   22.668954] rcar-dw-hdmi fead0000.hdmi: registered DesignWare HDMI I2C bus driver
[   22.716052] rcar-dw-hdmi feae0000.hdmi: Detected HDMI TX controller v2.01a with HDCP (DWC HDMI 2.0 TX PHY)
[   22.726867] rcar-dw-hdmi feae0000.hdmi: registered DesignWare HDMI I2C bus driver
[[0;32m  OK  [0m] Created slice system-systemd\x2dbacklight.slice.
[   22.749644] [drm] Initialized rcar-du 1.0.0 20130110 for feb00000.display on minor 0
[   22.757662] rcar-du feb00000.display: [drm] Device feb00000.display probed
[   22.785926] Console: switching to colour frame buffer device 128x48
[   22.817934] rcar-du feb00000.display: [drm] fb0: rcar-dudrmfb frame buffer device
         Starting Load/Save Screen Backlightâ€¦ightness of backlight:backlight...
[[0;32m  OK  [0m] Reached target Sockets.
[[0;32m  OK  [0m] Reached targ[   22.864089] hdmi-audio-codec hdmi-audio-codec.7.auto: ASoC: sink widget TX overwritten
et Basic System.[   22.873453] hdmi-audio-codec hdmi-audio-codec.7.auto: ASoC: sink widget Capture overwritten

[   22.883124] hdmi-audio-codec hdmi-audio-codec.7.auto: ASoC: source widget RX overwritten
[   22.925173] rcar_sound ec500000.sound: Can't update kctrl when idle
[[0;32m  OK  [0m] Started Periodic Command Scheduler.
[[0;32m  OK  [0m] Started D-Bus System Message Bus.
         Starting Avahi mDNS/DNS-SD Stack...
[[0;32m  OK  [0m] Started optee services.
[[0;32m  OK  [0m] Started Job spooling tools.
[[0;32m  OK  [0m] Started Weston Wayland compositor.
         Starting Login Service...
         Starting bind.service...
         Starting Telephony service...
[[0;32m  OK  [0m] Reached target Containers.
         Starting Save/Restore Sound Card State...
[   23.165467] rcar_sound ec500000.sound: Can't update kctrl when idle
[[0;32m  OK  [0m] Started Network Service.
[[0;32m  OK  [0m] Started Load/Save Screen Backlight Brightness of backlight:backlight.
[[0;32m  OK  [0m] Started Save/Restore Sound Card State.
[[0;32m  OK  [0m] Started Avahi mDNS/DNS-SD Stack.
[[0;32m  OK  [0m] Started Telephony service.
[[0;32m  OK  [0m] Started Login Service.
[[0;32m  OK  [0m] Listening on[   23.288280] Bluetooth: Core ver 2.22
 Load/Save RF Ki[   23.293513] NET: Registered PF_BLUETOOTH protocol family
ll Switch Status[   23.300208] Bluetooth: HCI device and connection manager initialized
 /dev/rfkill Wat[   23.307870] Bluetooth: HCI socket layer initialized
ch.
[   23.314134] Bluetooth: L2CAP socket layer initialized
[   23.319489] Bluetooth: SCO socket layer initialized
[[0;32m  OK  [0m] Reached target Sound Card.
[[0;32m  OK  [0m] Reached target Network.
         Starting Permit User Sessions...
         Starting Xinetd A Powerful Replacement For Inetd...
         Starting Berkeley Internet Name Domain (DNS)...
         Starting Network Name Resolution...
[[0;32m  OK  [0m] Started bind.service.
[[0;32m  OK  [0m] Started Permit User Sessions.
[[0;32m  OK  [0m] Started Xinetd A Powerful Replacement For Inetd.
[[0;32m  OK  [0m] Started Network Name Resolution.
[[0;32m  OK  [0m] Created slice User Slice of root.
[[0;32m  OK  [0m] Started Getty on tty1.
[[0;32m  OK  [0m] Started Serial Getty on ttySC0.
[[0;32m  OK  [0m] Reached target Login Prompts.
[[0;1;31mFAILED[0m] Failed to start Berkeley Internet Name Domain (DNS).
See 'systemctl status named.service' for details.
         Starting User Manager for UID 0...
[   23.670363] audit: type=1006 audit(1516156415.968:2): pid=462 uid=0 old-auid=4294967295 auid=0 tty=(none) old-ses=4294967295 ses=1 res=1
[[0;32m  OK  [[   23.682961] audit: type=1300 audit(1516156415.968:2): arch=c00000b7 syscall=64 success=yes exit=1 a0=8 a1=ffffe1424a58 a2=1 a3=0 items=0 ppid=1 pid=462 auid=0 uid=0 gid=0 euid=0 suid=0 fsuid=0 egid=0 sgid=0 fsgid=0 tty=(none) ses=1 comm="(systemd)" exe="/lib/systemd/systemd" key=(null)
0m] Reached target Host [   23.710178] audit: type=1327 audit(1516156415.968:2): proctitle="(systemd)"
and Network Name Lookups.
[[0;32m  OK  [0m] Reached target Multi-User System.
         Starting Update UTMP about System Runlevel Changes...
[[0;32m  OK  [0m] Started User Manager for UID 0.
[[0;32m  OK  [0m] Started Session c1 of user root.
[[0;32m  OK  [0m] Started Update UTMP about System Runlevel Changes.

Poky (Yocto Project Reference Distro) 2.4.1 salvator-x ttySC0

salvator-x login: 
Poky (Yocto Project Reference Distro) 2.4.1 salvator-x ttySC0

salvator-x login: root
Last login: Wed Jan 17 02:33:35 UTC 2018 on tty2
7[r[999;999H[6n8root@salvator-x:~# 
root@salvator-x:~# 
root@salvator-x:~# 
root@salvator-x:~# 
root@salvator-x:~# 
root@salvator-x:~# 
root@salvator-x:~# 
root@salvator-x:~# 
root@salvator-x:~# 