NOTICE:  BL2: R-Car Gen3 Initial Program Loader(CA57) Rev.4.0.0
NOTICE:  BL2: PRR is R-Car H3 Ver.3.0
NOTICE:  BL2: Board is Salvator-XS Rev.1.0
NOTICE:  BL2: Boot device is HyperFlash(160MHz)
NOTICE:  BL2: LCM state is CM
NOTICE:  AVS setting succeeded. DVFS_SetVID=0x53
NOTICE:  BL2: DDR3200(rev.0.42)
NOTICE:  BL2: [COLD_BOOT]
NOTICE:  BL2: DRAM Split is 4ch(DDR f)
NOTICE:  BL2: QoS is default setting(rev.0.11)
NOTICE:  BL2: DRAM refresh interval 1.95 usec
NOTICE:  BL2: Periodic Write DQ Training
NOTICE:  BL2: CH0: 400000000 - 47fffffff, 2 GiB
NOTICE:  BL2: CH1: 500000000 - 57fffffff, 2 GiB
NOTICE:  BL2: CH2: 600000000 - 67fffffff, 2 GiB
NOTICE:  BL2: CH3: 700000000 - 77fffffff, 2 GiB
NOTICE:  BL2: Lossy Decomp areas
NOTICE:       Entry 0: DCMPAREACRAx:0x80000540 DCMPAREACRBx:0x570
NOTICE:       Entry 1: DCMPAREACRAx:0x40000000 DCMPAREACRBx:0x0
NOTICE:       Entry 2: DCMPAREACRAx:0x20000000 DCMPAREACRBx:0x0
NOTICE:  BL2: FDT at 0xe6327f70
NOTICE:  BL2: v2.9(release):9cdb21f75
NOTICE:  BL2: Built : 01:48:11, Apr 26 2024
NOTICE:  BL2: Normal boot
NOTICE:  BL2: dst=0xe6327800 src=0x8180000 len=512(0x200)
NOTICE:  BL2: dst=0x43f00000 src=0x8180400 len=6144(0x1800)
NOTICE:  rcar_file_len: len: 0x0003e000
NOTICE:  BL2: dst=0x44000000 src=0x81c0000 len=253952(0x3e000)
NOTICE:  rcar_file_len: len: 0x00200000
NOTICE:  BL2: dst=0x44100000 src=0x8200000 len=2097152(0x200000)
NOTICE:  rcar_file_len: len: 0x00100000
NOTICE:  BL2: dst=0x50000000 src=0x8640000 len=1048576(0x100000)
NOTICE:  BL2: Booting BL31


U-Boot 2020.10 (Apr 26 2024 - 10:48:01 +0000)

CPU: Renesas Electronics R8A7795 rev 3.0
Model: Renesas Salvator-X 2nd version board based on r8a77951
DRAM:  7.9 GiB
RAM Configuration:
Bank #0: 0x048000000 - 0x0bfffffff, 1.9 GiB
Bank #1: 0x500000000 - 0x57fffffff, 2 GiB
Bank #2: 0x600000000 - 0x67fffffff, 2 GiB
Bank #3: 0x700000000 - 0x77fffffff, 2 GiB

MMC:   sd@ee100000: 0, sd@ee140000: 1, sd@ee160000: 2
Loading Environment from MMC... OK
In:    serial@e6e88000
Out:   serial@e6e88000
Err:   serial@e6e88000
Net:   eth0: ethernet@e6800000
Hit any key to stop autoboot:  0
=> pr
LONG_bootargs=rw root=/dev/nfs nfsroot=192.168.8.8:/tftpboot/long.trinh-tien/rootfs_wt_yocto,nfsvers=4 ip=192.168.8.20 baudrate=115200
TESTENV=H3 ES2.0-XS
baudrate=115200
bootargs=root=/dev/nfs nfsroot=192.168.10.5:/tftpboot/phunt/h3/rootfs,nfsvers=4 ip=192.168.10.20
bootcmd=run bootcmd_LONG_tftp
bootcmd_LNG_tftp=setenv bootags ${LONG_bootargs} ;tftp 0x48080000 long.rinh-tien/Image_USB3F_emleak_deadlock_4 ; ttp 0x48000000 long.trnh-tien/H3_full/${dtb;booti 0x48080000 - 048000000
bootcmd_LONG_tftp=setenv bootargs ${LONG_bootargs} ; tftp 0x48080000 long.trinh-tien/Image_USB3F_memleak_deadlock_4 ; tftp 0x48000000 long.trinh-tien/H3_full/${dtb};booti 0x48080000 - 0x48000000
bootcmd_old=tftp 0x48080000 /hoai/rcar/Image; tftp 0x48000000 /hoai/rcar/salvatorx/r8a7795-salvator-xs.dtb; booti 0x48080000 - 0x48000000
bootcmd_tftp=tftp 0x48080000 phunt/h3/Image;tftp 0x48000000 phunt/h3/${dtb};booti 0x48080000 - 0x48000000
bootdelay=3
d=r8a77951-salvator-xs.dtb
dtb=r8a77951-salvator-xs.dtb
ethact=ethernet@e6800000
ethaddr=2E:09:0A:00:83:0A
fdt_high=0xffffffffffffffff
fdtcontroladdr=bbeee6e0
fileaddr=48080000
filesize=25b9200
i=Image
initrd_high=0xffffffffffffffff
ipaddr=192.168.8.59
loadimage_sd=ext4load mmc 0:1 0x48080000 /boot/Image; ext4load mmc 0:1 0x48000000 /boot/Image-r8a7795-salvator-xs.dtb
n=antn/h3/rootfs
platform=r8a7795
r=root=/dev/nfs
serverip=192.168.8.8
stderr=serial@e6e88000
stdin=serial@e6e88000
stdout=serial@e6e88000
ver=U-Boot 2020.10 (Apr 26 2024 - 10:48:01 +0000)

Environment size: 1496/131068 bytes
=> boot
ethernet@e6800000 Waiting for PHY auto negotiation to complete....... done
Using ethernet@e6800000 device
TFTP from server 192.168.8.8; our IP address is 192.168.8.59
Filename 'long.trinh-tien/Image_USB3F_memleak_deadlock_4'.
Load address: 0x48080000
Loading: #################################################################
         #################################################################
         #################################################################
         #################################################################
         #################################################################
         #################################################################
         #################################################################
         #################################################################
         #################################################################
         #################################################################
         #################################################################
         #################################################################
         #################################################################
         #################################################################
         #################################################################
         #################################################################
         #################################################################
         #################################################################
         #################################################################
         #################################################################
         #################################################################
         #################################################################
         #################################################################
         #################################################################
         #################################################################
         #################################################################
         #################################################################
         #################################################################
         #################################################################
         #################################################################
         #################################################################
         #################################################################
         #################################################################
         #################################################################
         #################################################################
         #################################################################
         #################################################################
         #################################################################
         #################################################################
         #################################################################
         #################################################################
         #################################################################
         #################################################################
         ##########################################
         2.4 MiB/s
done
Bytes transferred = 41642496 (27b6a00 hex)
Using ethernet@e6800000 device
TFTP from server 192.168.8.8; our IP address is 192.168.8.59
Filename 'long.trinh-tien/H3_full/r8a77951-salvator-xs.dtb'.
Load address: 0x48000000
Loading: #######
         2.6 MiB/s
done
Bytes transferred = 90876 (162fc hex)
Moving Image from 0x48080000 to 0x48200000, end=4ba60000
## Flattened Device Tree blob at 48000000
   Booting using the fdt blob at 0x48000000
   Using Device Tree in place at 0000000048000000, end 00000000480192fb

Starting kernel ...

[    0.000000] Booting Linux on physical CPU 0x0000000000 [0x411fd073]
[    0.000000] Linux version 5.10.218-yocto-standard (long.trinh-tien@banvien) (aarch64-poky-linux-gcc (GCC) 13.2.0, GNU ld (GNU Binutils) 2.42.0.20240216) #8 SMP PREEMPT Wed Jul 31 04:52:02 UTC 2024
[    0.000000] Machine model: Renesas Salvator-X 2nd version board based on r8a77951
[    0.000000] efi: UEFI not found.
[    0.000000] Reserved memory: created CMA memory pool at 0x0000000057000000, size 16 MiB
[    0.000000] OF: reserved mem: initialized node linux,adsp@57000000, compatible id shared-dma-pool
[    0.000000] Reserved memory: created CMA memory pool at 0x0000000058000000, size 384 MiB
[    0.000000] OF: reserved mem: initialized node linux,cma@58000000, compatible id shared-dma-pool
[    0.000000] Reserved memory: created CMA memory pool at 0x0000000070000000, size 256 MiB
[    0.000000] OF: reserved mem: initialized node linux,multimedia@70000000, compatible id shared-dma-pool
[    0.000000] NUMA: No NUMA configuration found
[    0.000000] NUMA: Faking a node at [mem 0x0000000048000000-0x000000077fffffff]
[    0.000000] NUMA: NODE_DATA [mem 0x77efc6a00-0x77efc8fff]
[    0.000000] Zone ranges:
[    0.000000]   DMA      [mem 0x0000000048000000-0x000000007fffffff]
[    0.000000]   DMA32    [mem 0x0000000080000000-0x00000000ffffffff]
[    0.000000]   Normal   [mem 0x0000000100000000-0x000000077fffffff]
[    0.000000] Movable zone start for each node
[    0.000000] Early memory node ranges
[    0.000000]   node   0: [mem 0x0000000048000000-0x0000000053ffffff]
[    0.000000]   node   0: [mem 0x0000000054000000-0x0000000056ffffff]
[    0.000000]   node   0: [mem 0x0000000057000000-0x00000000bfffffff]
[    0.000000]   node   0: [mem 0x0000000500000000-0x000000057fffffff]
[    0.000000]   node   0: [mem 0x0000000600000000-0x000000067fffffff]
[    0.000000]   node   0: [mem 0x0000000700000000-0x000000077fffffff]
[    0.000000] Initmem setup node 0 [mem 0x0000000048000000-0x000000077fffffff]
[    0.000000] psci: probing for conduit method from DT.
[    0.000000] psci: PSCIv1.1 detected in firmware.
[    0.000000] psci: Using standard PSCI v0.2 function IDs
[    0.000000] psci: Trusted OS resident on physical CPU 0x0
[    0.000000] psci: SMC Calling Convention v1.2
[    0.000000] percpu: Embedded 33 pages/cpu s96592 r8192 d30384 u135168
[    0.000000] Detected PIPT I-cache on CPU0
[    0.000000] CPU features: detected: EL2 vector hardening
[    0.000000] CPU features: detected: Spectre-v2
[    0.000000] CPU features: detected: ARM errata 1165522, 1319367, or 1530923
[    0.000000] CPU features: detected: Spectre-BHB
[    0.000000] CPU features: detected: ARM erratum 1742098
[    0.000000] Built 1 zonelists, mobility grouping on.  Total pages: 2032128
[    0.000000] Policy zone: Normal
[    0.000000] Kernel command line: rw root=/dev/nfs nfsroot=192.168.8.8:/tftpboot/long.trinh-tien/rootfs_wt_yocto,nfsvers=4 ip=192.168.8.20 baudrate=115200
[    0.000000] Dentry cache hash table entries: 1048576 (order: 11, 8388608 bytes, linear)
[    0.000000] Inode-cache hash table entries: 524288 (order: 10, 4194304 bytes, linear)
[    0.000000] mem auto-init: stack:all(zero), heap alloc:off, heap free:off
[    0.000000] software IO TLB: mapped [mem 0x0000000050000000-0x0000000054000000] (64MB)
[    0.000000] Memory: 7251864K/8257536K available (17984K kernel code, 4186K rwdata, 9164K rodata, 9216K init, 16986K bss, 333928K reserved, 671744K cma-reserved)
[    0.000000] SLUB: HWalign=64, Order=0-3, MinObjects=0, CPUs=8, Nodes=1
[    0.000000] ftrace: allocating 58871 entries in 230 pages
[    0.000000] ftrace: allocated 230 pages with 5 groups
[    0.000000] Running RCU self tests
[    0.000000] rcu: Preemptible hierarchical RCU implementation.
[    0.000000] rcu:     RCU event tracing is enabled.
[    0.000000] rcu:     RCU lockdep checking is enabled.
[    0.000000] rcu:     RCU restricting CPUs from NR_CPUS=256 to nr_cpu_ids=8.
[    0.000000]  Trampoline variant of Tasks RCU enabled.
[    0.000000]  Rude variant of Tasks RCU enabled.
[    0.000000] rcu: RCU calculated value of scheduler-enlistment delay is 25 jiffies.
[    0.000000] rcu: Adjusting geometry for rcu_fanout_leaf=16, nr_cpu_ids=8
[    0.000000] NR_IRQS: 64, nr_irqs: 64, preallocated irqs: 0
[    0.000000] arch_timer: cp15 timer(s) running at 8.32MHz (virt).
[    0.000000] clocksource: arch_sys_counter: mask: 0xffffffffffffff max_cycles: 0x1eb398c07, max_idle_ns: 440795202503 ns
[    0.000004] sched_clock: 56 bits at 8MHz, resolution 120ns, wraps every 2199023255503ns
[    0.000484] Console: colour dummy device 80x25
[    0.002553] printk: console [tty0] enabled
[    0.002598] Lock dependency validator: Copyright (c) 2006 Red Hat, Inc., Ingo Molnar
[    0.002644] ... MAX_LOCKDEP_SUBCLASSES:  8
[    0.002673] ... MAX_LOCK_DEPTH:          48
[    0.002701] ... MAX_LOCKDEP_KEYS:        8192
[    0.002731] ... CLASSHASH_SIZE:          4096
[    0.002761] ... MAX_LOCKDEP_ENTRIES:     32768
[    0.002790] ... MAX_LOCKDEP_CHAINS:      65536
[    0.002820] ... CHAINHASH_SIZE:          32768
[    0.002851]  memory used by lock dependency info: 6365 kB
[    0.002885]  memory used for stack traces: 4224 kB
[    0.002916]  per task-struct memory footprint: 1920 bytes
[    0.003182] Calibrating delay loop (skipped), value calculated using timer frequency.. 16.64 BogoMIPS (lpj=33280)
[    0.003253] pid_max: default: 32768 minimum: 301
[    0.003725] LSM: Security Framework initializing
[    0.004159] Mount-cache hash table entries: 16384 (order: 5, 131072 bytes, linear)
[    0.004258] Mountpoint-cache hash table entries: 16384 (order: 5, 131072 bytes, linear)
[    0.010817] rcu: Hierarchical SRCU implementation.
[    0.013123] Detected Renesas R-Car Gen3 r8a7795 ES3.0
[    0.015791] EFI services will not be available.
[    0.017225] smp: Bringing up secondary CPUs ...
[    0.018834] Detected PIPT I-cache on CPU1
[    0.018908] CPU1: Booted secondary processor 0x0000000001 [0x411fd073]
[    0.020898] Detected PIPT I-cache on CPU2
[    0.020938] CPU2: Booted secondary processor 0x0000000002 [0x411fd073]
[    0.022488] Detected PIPT I-cache on CPU3
[    0.022523] CPU3: Booted secondary processor 0x0000000003 [0x411fd073]
[    0.024122] CPU features: detected: ARM erratum 845719
[    0.024139] Detected VIPT I-cache on CPU4
[    0.024206] CPU4: Booted secondary processor 0x0000000100 [0x410fd034]
[    0.025923] Detected VIPT I-cache on CPU5
[    0.025965] CPU5: Booted secondary processor 0x0000000101 [0x410fd034]
[    0.027643] Detected VIPT I-cache on CPU6
[    0.027685] CPU6: Booted secondary processor 0x0000000102 [0x410fd034]
[    0.029444] Detected VIPT I-cache on CPU7
[    0.029486] CPU7: Booted secondary processor 0x0000000103 [0x410fd034]
[    0.029877] smp: Brought up 1 node, 8 CPUs
[    0.030355] SMP: Total of 8 processors activated.
[    0.030391] CPU features: detected: 32-bit EL0 Support
[    0.030428] CPU features: detected: CRC32 instructions
[    0.030465] CPU features: detected: 32-bit EL1 Support
[    0.054799] CPU: All CPU(s) started at EL1
[    0.054938] alternatives: patching kernel code
[    0.059288] devtmpfs: initialized
[    0.141114] KASLR disabled due to lack of seed
[    0.142745] clocksource: jiffies: mask: 0xffffffff max_cycles: 0xffffffff, max_idle_ns: 7645041785100000 ns
[    0.142837] futex hash table entries: 2048 (order: 6, 262144 bytes, linear)
[    0.153144] pinctrl core: initialized pinctrl subsystem
[    0.158300] DMI not present or invalid.
[    0.159956] NET: Registered protocol family 16
[    0.163367] DMA: preallocated 1024 KiB GFP_KERNEL pool for atomic allocations
[    0.163668] DMA: preallocated 1024 KiB GFP_KERNEL|GFP_DMA pool for atomic allocations
[    0.164365] DMA: preallocated 1024 KiB GFP_KERNEL|GFP_DMA32 pool for atomic allocations
[    0.164595] audit: initializing netlink subsys (disabled)
[    0.165134] audit: type=2000 audit(0.164:1): state=initialized audit_enabled=0 res=1
[    0.168742] thermal_sys: Registered thermal governor 'power_allocator'
[    0.170433] cpuidle: using governor menu
[    0.171148] hw-breakpoint: found 6 breakpoint and 4 watchpoint registers.
[    0.171572] ASID allocator initialised with 65536 entries
[    0.176198] Serial: AMBA PL011 UART driver
[    0.397956] sh-pfc e6060000.pinctrl: r8a77951_pfc support registered
[    0.481858] HugeTLB registered 1.00 GiB page size, pre-allocated 0 pages
[    0.481913] HugeTLB registered 32.0 MiB page size, pre-allocated 0 pages
[    0.481958] HugeTLB registered 2.00 MiB page size, pre-allocated 0 pages
[    0.482001] HugeTLB registered 64.0 KiB page size, pre-allocated 0 pages
[    0.486120] cryptd: max_cpu_qlen set to 1000
[    0.495218] ACPI: Interpreter disabled.
[    0.508457] rcar-avs: use avs value: 0
[    0.508515] rcar-avs: cpu@0 is running with: opp_table0
[    0.508565] rcar-avs: cpu@1 is running with: opp_table0
[    0.508642] rcar-avs: cpu@2 is running with: opp_table0
[    0.508692] rcar-avs: cpu@3 is running with: opp_table0
[    0.508833] rcar-avs: gsx@fd000000 is running with: gsx_opp_table0
[    0.515505] iommu: Default domain type: Translated
[    0.516679] ipmmu-vmsa e67b0000.iommu: IPMMU context 0 is reserved
[    0.522631] vgaarb: loaded
[    0.524363] SCSI subsystem initialized
[    0.525762] usbcore: registered new interface driver usbfs
[    0.525938] usbcore: registered new interface driver hub
[    0.526128] usbcore: registered new device driver usb
[    0.541662] i2c-sh_mobile e60b0000.i2c: I2C adapter 7, bus speed 400000 Hz
[    0.543938] mc: Linux media interface: v0.10
[    0.544074] videodev: Linux video capture interface: v2.00
[    0.544388] pps_core: LinuxPPS API ver. 1 registered
[    0.544425] pps_core: Software ver. 5.3.6 - Copyright 2005-2007 Rodolfo Giometti <giometti@linux.it>
[    0.544525] PTP clock support registered
[    0.545239] EDAC MC: Ver: 3.0.0
[    0.551844] FPGA manager framework
[    0.552311] Advanced Linux Sound Architecture Driver Initialized.
[    0.554936] clocksource: Switched to clocksource arch_sys_counter
[    1.225165] VFS: Disk quotas dquot_6.6.0
[    1.225545] VFS: Dquot-cache hash table entries: 512 (order 0, 4096 bytes)
[    1.226821] pnp: PnP ACPI: disabled
[    1.251464] NET: Registered protocol family 2
[    1.252075] IP idents hash table entries: 131072 (order: 8, 1048576 bytes, linear)
[    1.255761] tcp_listen_portaddr_hash hash table entries: 4096 (order: 6, 327680 bytes, linear)
[    1.256440] TCP established hash table entries: 65536 (order: 7, 524288 bytes, linear)
[    1.258257] TCP bind hash table entries: 65536 (order: 10, 4718592 bytes, vmalloc)
[    1.266363] TCP: Hash tables configured (established 65536 bind 65536)
[    1.266960] UDP hash table entries: 4096 (order: 7, 655360 bytes, linear)
[    1.268156] UDP-Lite hash table entries: 4096 (order: 7, 655360 bytes, linear)
[    1.269836] NET: Registered protocol family 1
[    1.271716] RPC: Registered named UNIX socket transport module.
[    1.271787] RPC: Registered udp transport module.
[    1.271822] RPC: Registered tcp transport module.
[    1.271857] RPC: Registered tcp NFSv4.1 backchannel transport module.
[    1.271913] PCI: CLS 0 bytes, default 64
[    1.275599] hw perfevents: enabled with armv8_cortex_a53 PMU driver, 7 counters available
[    1.276787] hw perfevents: enabled with armv8_cortex_a57 PMU driver, 7 counters available
[    1.277856] kvm [1]: HYP mode not available
[    1.290422] Initialise system trusted keyrings
[    1.291005] workingset: timestamp_bits=42 max_order=21 bucket_order=0
[    1.323237] squashfs: version 4.0 (2009/01/31) Phillip Lougher
[    1.325565] NFS: Registering the id_resolver key type
[    1.325681] Key type id_resolver registered
[    1.325731] Key type id_legacy registered
[    1.326150] nfs4filelayout_init: NFSv4 File Layout Driver Registering...
[    1.326217] nfs4flexfilelayout_init: NFSv4 Flexfile Layout Driver Registering...
[    1.326720] 9p: Installing v9fs 9p2000 file system support
[    1.355106] Key type asymmetric registered
[    1.355174] Asymmetric key parser 'x509' registered
[    1.355325] Block layer SCSI generic (bsg) driver version 0.4 loaded (major 243)
[    1.355392] io scheduler mq-deadline registered
[    1.355431] io scheduler kyber registered
[    1.420035] gpio_rcar e6050000.gpio: driving 16 GPIOs
[    1.421502] gpio_rcar e6051000.gpio: driving 29 GPIOs
[    1.423227] gpio_rcar e6052000.gpio: driving 15 GPIOs
[    1.424749] gpio_rcar e6053000.gpio: driving 16 GPIOs
[    1.426221] gpio_rcar e6054000.gpio: driving 18 GPIOs
[    1.427753] gpio_rcar e6055000.gpio: driving 26 GPIOs
[    1.429239] gpio_rcar e6055400.gpio: driving 32 GPIOs
[    1.430687] gpio_rcar e6055800.gpio: driving 4 GPIOs
[    1.442775] rcar-pcie fe000000.pcie: host bridge /soc/pcie@fe000000 ranges:
[    1.442895] rcar-pcie fe000000.pcie:       IO 0x00fe100000..0x00fe1fffff -> 0x0000000000
[    1.443557] rcar-pcie fe000000.pcie:      MEM 0x00fe200000..0x00fe3fffff -> 0x00fe200000
[    1.443672] rcar-pcie fe000000.pcie:      MEM 0x0030000000..0x0037ffffff -> 0x0030000000
[    1.443767] rcar-pcie fe000000.pcie:      MEM 0x0038000000..0x003fffffff -> 0x0038000000
[    1.443864] rcar-pcie fe000000.pcie:   IB MEM 0x0040000000..0x007fffffff -> 0x0040000000
[    1.444011] rcar-pcie fe000000.pcie: no pcie3v3 regulator found
[    1.444073] rcar-pcie fe000000.pcie: no pcie1v8 regulator found
[    1.514818] rcar-pcie fe000000.pcie: PCIe link down
[    1.515970] rcar-pcie ee800000.pcie: host bridge /soc/pcie@ee800000 ranges:
[    1.516082] rcar-pcie ee800000.pcie:       IO 0x00ee900000..0x00ee9fffff -> 0x0000000000
[    1.516195] rcar-pcie ee800000.pcie:      MEM 0x00eea00000..0x00eebfffff -> 0x00eea00000
[    1.516302] rcar-pcie ee800000.pcie:      MEM 0x00c0000000..0x00c7ffffff -> 0x00c0000000
[    1.516388] rcar-pcie ee800000.pcie:      MEM 0x00c8000000..0x00cfffffff -> 0x00c8000000
[    1.516484] rcar-pcie ee800000.pcie:   IB MEM 0x0040000000..0x007fffffff -> 0x0040000000
[    1.516612] rcar-pcie ee800000.pcie: no pcie3v3 regulator found
[    1.516674] rcar-pcie ee800000.pcie: no pcie1v8 regulator found
[    1.583133] rcar-pcie ee800000.pcie: PCIe link down
[    1.593534] EINJ: ACPI disabled.
[    1.738943] Serial: 8250/16550 driver, 4 ports, IRQ sharing enabled
[    1.748769] SuperH (H)SCI(F) driver initialized
[    1.750121] e6550000.serial: ttySC1 at MMIO 0xe6550000 (irq = 42, base_baud = 0) is a hscif
[    1.753974] e6e88000.serial: ttySC0 at MMIO 0xe6e88000 (irq = 128, base_baud = 0) is a scif
[    3.042489] printk: console [ttySC0] enabled
[    3.051100] msm_serial: driver initialized
[    3.074474] rcar-dw-hdmi fead0000.hdmi: Detected HDMI TX controller v2.01a with HDCP (DWC HDMI 2.0 TX PHY)
[    3.085251] rcar-dw-hdmi fead0000.hdmi: registered DesignWare HDMI I2C bus driver
[    3.096029] rcar-dw-hdmi feae0000.hdmi: Detected HDMI TX controller v2.01a with HDCP (DWC HDMI 2.0 TX PHY)
[    3.106634] rcar-dw-hdmi feae0000.hdmi: registered DesignWare HDMI I2C bus driver
[    3.163891] loop: module loaded
[    3.172006] megasas: 07.714.04.00-rc1
[    3.184087] scsi host0: sata_rcar
[    3.188733] ata1: SATA max UDMA/133 irq 181
[    3.214572] tun: Universal TUN/TAP device driver, 1.6
[    3.222707] thunder_xcv, ver 1.0
[    3.226136] thunder_bgx, ver 1.0
[    3.229617] nicpf, ver 1.0
[    3.237847] hclge is initializing
[    3.241357] hns3: Hisilicon Ethernet Network Driver for Hip08 Family - version
[    3.248637] hns3: Copyright (c) 2017 Huawei Corporation.
[    3.254109] e1000: Intel(R) PRO/1000 Network Driver
[    3.259034] e1000: Copyright (c) 1999-2006 Intel Corporation.
[    3.264994] e1000e: Intel(R) PRO/1000 Network Driver
[    3.270005] e1000e: Copyright(c) 1999 - 2015 Intel Corporation.
[    3.276117] igb: Intel(R) Gigabit Ethernet Network Driver
[    3.281560] igb: Copyright (c) 2007-2014 Intel Corporation.
[    3.287259] igbvf: Intel(R) Gigabit Virtual Function Network Driver
[    3.293577] igbvf: Copyright (c) 2009 - 2012 Intel Corporation.
[    3.301164] sky2: driver version 1.30
[    3.320609] ravb e6800000.ethernet eth0: Base address at 0xe6800000, 2e:09:0a:00:83:0a, IRQ 125.
[    3.335250] VFIO - User Level meta-driver version: 0.3
[    3.347957] ehci_hcd: USB 2.0 'Enhanced' Host Controller (EHCI) Driver
[    3.354552] ehci-pci: EHCI PCI platform driver
[    3.359127] ehci-platform: EHCI generic platform driver
[    3.366227] ehci-platform ee0a0100.usb: EHCI Host Controller
[    3.372085] ehci-platform ee0a0100.usb: new USB bus registered, assigned bus number 1
[    3.380351] ehci-platform ee0a0100.usb: irq 175, io mem 0xee0a0100
[    3.398959] ehci-platform ee0a0100.usb: USB 2.0 started, EHCI 1.10
[    3.407679] hub 1-0:1.0: USB hub found
[    3.411624] hub 1-0:1.0: 1 port detected
[    3.418627] ehci-platform ee0c0100.usb: EHCI Host Controller
[    3.424454] ehci-platform ee0c0100.usb: new USB bus registered, assigned bus number 2
[    3.432640] ehci-platform ee0c0100.usb: irq 176, io mem 0xee0c0100
[    3.454952] ehci-platform ee0c0100.usb: USB 2.0 started, EHCI 1.10
[    3.463015] hub 2-0:1.0: USB hub found
[    3.466880] hub 2-0:1.0: 1 port detected
[    3.499213] ehci-platform ee0e0100.usb: EHCI Host Controller
[    3.505166] ehci-platform ee0e0100.usb: new USB bus registered, assigned bus number 3
[    3.513258] ehci-platform ee0e0100.usb: irq 177, io mem 0xee0e0100
[    3.534953] ehci-platform ee0e0100.usb: USB 2.0 started, EHCI 1.10
[    3.542983] hub 3-0:1.0: USB hub found
[    3.546840] hub 3-0:1.0: 1 port detected
[    3.553194] ehci-orion: EHCI orion driver
[    3.558052] ehci-exynos: EHCI Exynos driver
[    3.562795] ohci_hcd: USB 1.1 'Open' Host Controller (OHCI) Driver
[    3.569081] ohci-pci: OHCI PCI platform driver
[    3.573680] ohci-platform: OHCI generic platform driver
[    3.580527] ohci-platform ee0a0000.usb: Generic Platform OHCI controller
[    3.587345] ohci-platform ee0a0000.usb: new USB bus registered, assigned bus number 4
[    3.595474] ohci-platform ee0a0000.usb: irq 175, io mem 0xee0a0000
[    3.610961] ata1: link resume succeeded after 1 retries
[    3.690752] hub 4-0:1.0: USB hub found
[    3.694646] hub 4-0:1.0: 1 port detected
[    3.701200] ohci-platform ee0c0000.usb: Generic Platform OHCI controller
[    3.708005] ohci-platform ee0c0000.usb: new USB bus registered, assigned bus number 5
[    3.716165] ohci-platform ee0c0000.usb: irq 176, io mem 0xee0c0000
[    3.722793] ata1: SATA link down (SStatus 0 SControl 300)
[    3.810682] hub 5-0:1.0: USB hub found
[    3.814593] hub 5-0:1.0: 1 port detected
[    3.821128] ohci-platform ee0e0000.usb: Generic Platform OHCI controller
[    3.827937] ohci-platform ee0e0000.usb: new USB bus registered, assigned bus number 6
[    3.836037] ohci-platform ee0e0000.usb: irq 177, io mem 0xee0e0000
[    3.930714] hub 6-0:1.0: USB hub found
[    3.934612] hub 6-0:1.0: 1 port detected
[    3.940931] ohci-exynos: OHCI Exynos driver
[    3.946059] usbcore: registered new interface driver usb-storage
[    3.958026] renesas_usbhs e6590000.usb: host probed
[    3.962996] renesas_usbhs e6590000.usb: no transceiver found
[    3.969381] renesas_usbhs e6590000.usb: gadget probed
[    3.974809] renesas_usbhs e6590000.usb: probed
[    3.982481] renesas_usbhs e659c000.usb: host probed
[    3.987431] renesas_usbhs e659c000.usb: no transceiver found
[    3.993592] renesas_usbhs e659c000.usb: gadget probed
[    3.998956] renesas_usbhs e659c000.usb: probed
[    4.013606] i2c /dev entries driver
[    4.045387] cs2000-cp 2-004f: revision - C1
[    4.049850] i2c-rcar e6510000.i2c: probed
[    4.058139] pca953x 4-0020: supply vcc not found, using dummy regulator
[    4.065541] pca953x 4-0020: using no AI
[    4.070747] gpio-355 (PCIE/SATA switch): hogged as output/low
[    4.088210] i2c-rcar e66d8000.i2c: probed
[    4.096812] adv748x 4-0070: Endpoint /soc/i2c@e66d8000/video-receiver@70/port@7/endpoint on port 7
[    4.105881] adv748x 4-0070: Endpoint /soc/i2c@e66d8000/video-receiver@70/port@8/endpoint on port 8
[    4.114939] adv748x 4-0070: Endpoint /soc/i2c@e66d8000/video-receiver@70/port@a/endpoint on port 10
[    4.124088] adv748x 4-0070: Endpoint /soc/i2c@e66d8000/video-receiver@70/port@b/endpoint on port 11
[    4.133834] adv748x 4-0070: chip found @ 0xe0 revision 2143
[    4.210415] rcar-csi2 fea80000.csi2: 1 lanes found
[    4.217497] rcar-csi2 feaa0000.csi2: 4 lanes found
[    4.241028] rcar-vin e6ef0000.video: Device registered as video0
[    4.247470] rcar-vin e6ef1000.video: Device registered as video1
[    4.253892] rcar-vin e6ef2000.video: Device registered as video2
[    4.260294] rcar-vin e6ef3000.video: Device registered as video3
[    4.266837] rcar-vin e6ef4000.video: Device registered as video4
[    4.273223] rcar-vin e6ef5000.video: Device registered as video5
[    4.279617] rcar-vin e6ef6000.video: Device registered as video6
[    4.285999] rcar-vin e6ef7000.video: Device registered as video7
[    4.301688] rcar_gen3_thermal e6198000.thermal: is using pseudo fixed FUSE values
[    4.314432] rcar_gen3_thermal e6198000.thermal: TSC0: Loaded 1 trip points
[    4.326218] rcar_gen3_thermal e6198000.thermal: TSC1: Loaded 1 trip points
[    4.337214] rcar_gen3_thermal e6198000.thermal: TSC2: Loaded 3 trip points
[    4.365086] sdhci: Secure Digital Host Controller Interface driver
[    4.371527] sdhci: Copyright(c) Pierre Ossman
[    4.378911] renesas_sdhi_internal_dmac ee100000.mmc: Got CD GPIO
[    4.385194] renesas_sdhi_internal_dmac ee100000.mmc: Got WP GPIO
[    4.397229] renesas_sdhi_internal_dmac ee140000.mmc: Adding to iommu group 0
[    4.404476] renesas_sdhi_internal_dmac ee140000.mmc: Using IPMMU context 1
[    4.463280] renesas_sdhi_internal_dmac ee140000.mmc: mmc0 base at 0x00000000ee140000, max clock rate 200 MHz
[    4.476844] renesas_sdhi_internal_dmac ee160000.mmc: Got CD GPIO
[    4.483086] renesas_sdhi_internal_dmac ee160000.mmc: Got WP GPIO
[    4.492981] Synopsys Designware Multimedia Card Interface Driver
[    4.503748] sdhci-pltfm: SDHCI platform and OF driver helper
[    4.516432] ledtrig-cpu: registered to indicate activity on CPUs
[    4.526056] SMCCC: SOC_ID: ARCH_SOC_ID not implemented, skipping ....
[    4.535381] usbcore: registered new interface driver usbhid
[    4.541007] usbhid: USB HID core driver
[    4.553414] mmc0: new HS400 MMC card at address 0001
[    4.558818] optee: probing for conduit method.
[    4.561758] mmcblk0: mmc0:0001 BGSD3R 29.1 GiB
[    4.563339] optee: revision 3.22 (314ecf9d)
[    4.568918] optee driver R-Car Rev.1.0.11
[    4.569377] mmcblk0boot0: mmc0:0001 BGSD3R partition 1 16.0 MiB
[    4.573760] optee: dynamic shared memory is enabled
[    4.578641] mmcblk0boot1: mmc0:0001 BGSD3R partition 2 16.0 MiB
[    4.584013] optee: initialized driver
[    4.588678] mmcblk0rpmb: mmc0:0001 BGSD3R partition 3 4.00 MiB, chardev (508:0)
[    4.624965] rcar_sound ec500000.sound: probed
[    4.632491] NET: Registered protocol family 17
[    4.637497] 9pnet: Installing 9P2000 support
[    4.642019] Key type dns_resolver registered
[    4.647059] registered taskstats version 1
[    4.651469] Loading compiled-in X.509 certificates
[    4.656875] kmemleak: Kernel memory leak detector initialized (mem pool available: 11704)
[    4.656905] kmemleak: Automatic memory scanning thread started
[    4.737161] thermal emergency: set temperature to 110 celsius
[    4.743439] thermal emergency: shutdown target cpus 1-7
[    4.748712] thermal emergency: freq scaled target cpus 0
[    4.755938] renesas_irqc e61c0000.interrupt-controller: driving 6 irqs
[    4.839123] ehci-platform ee080100.usb: EHCI Host Controller
[    4.845009] ehci-platform ee080100.usb: new USB bus registered, assigned bus number 7
[    4.853151] ehci-platform ee080100.usb: irq 174, io mem 0xee080100
[    4.874952] ehci-platform ee080100.usb: USB 2.0 started, EHCI 1.10
[    4.883567] hub 7-0:1.0: USB hub found
[    4.887529] hub 7-0:1.0: 1 port detected
[    4.896101] ohci-platform ee080000.usb: Generic Platform OHCI controller
[    4.903053] ohci-platform ee080000.usb: new USB bus registered, assigned bus number 8
[    4.911196] ohci-platform ee080000.usb: irq 174, io mem 0xee080000
[    5.006905] hub 8-0:1.0: USB hub found
[    5.010803] hub 8-0:1.0: 1 port detected
[    5.023094] cpu cpu0: EM: created perf domain
[    5.031199] cpu cpu4: EM: created perf domain
[    5.045255] renesas_sdhi_internal_dmac ee100000.mmc: Got CD GPIO
[    5.051822] renesas_sdhi_internal_dmac ee100000.mmc: Got WP GPIO
[    5.108455] renesas_sdhi_internal_dmac ee100000.mmc: mmc1 base at 0x00000000ee100000, max clock rate 200 MHz
[    5.123787] renesas_sdhi_internal_dmac ee160000.mmc: Got CD GPIO
[    5.129963] renesas_sdhi_internal_dmac ee160000.mmc: Got WP GPIO
[    5.184767] renesas_sdhi_internal_dmac ee160000.mmc: mmc2 base at 0x00000000ee160000, max clock rate 200 MHz
[    5.211906] [drm] Initialized rcar-du 1.0.0 20130110 for feb00000.display on minor 0
[    5.220093] [drm] Device feb00000.display probed
[    5.267405] Console: switching to colour frame buffer device 128x48
[    5.290841] rcar-du feb00000.display: [drm] fb0: rcar-dudrmfb frame buffer device
[    5.316846] input: keys as /devices/platform/keys/input/input0
[    5.412167] Micrel KSZ9031 Gigabit PHY e6800000.ethernet-ffffffff:00: attached PHY driver [Micrel KSZ9031 Gigabit PHY] (mii_bus:phy_addr=e6800000.ethernet-ffffffff:00, irq=183)
[   11.963649] ravb e6800000.ethernet eth0: Link is Up - 1Gbps/Full - flow control off
[   11.991075] IP-Config: Guessing netmask 255.255.255.0
[   11.996377] IP-Config: Complete:
[   11.999811]      device=eth0, hwaddr=2e:09:0a:00:83:0a, ipaddr=192.168.8.20, mask=255.255.255.0, gw=255.255.255.255
[   12.010654]      host=192.168.8.20, domain=, nis-domain=(none)
[   12.016753]      bootserver=255.255.255.255, rootserver=192.168.8.8, rootpath=
[   12.018694] clk: Disabling unused clocks
[   12.033555] ALSA device list:
[   12.036888]   No soundcards found.
[   13.129666] VFS: Mounted root (nfs4 filesystem) on device 0:23.
[   13.143086] devtmpfs: mounted
[   13.205237] Freeing unused kernel memory: 9216K
[   13.239501] Run /sbin/init as init process
[   14.422026] systemd[1]: System time before build time, advancing clock.
[   14.911854] random: crng init done
[   16.306008] NET: Registered protocol family 10
[   16.324987] Segment Routing with IPv6
[   16.439496] systemd[1]: systemd 255.4^ running in system mode (+PAM -AUDIT -SELINUX -APPARMOR +IMA -SMACK +SECCOMP -GCRYPT -GNUTLS -OPENSSL +ACL +BLKID -CURL -ELFUTILS -FIDO2 -IDN2 -IDN -IPTC +KMOD -LIBCRYPTSETUP +LIBFDISK -PCRE2 -PWQUALITY -P11KIT -QRENCODE -TPM2 -BZIP2 -LZ4 -XZ -ZLIB +ZSTD -BPF_FRAMEWORK -XKBCOMMON +UTMP +SYSVINIT default-hierarchy=unified)
[   16.476913] systemd[1]: Detected architecture arm64.

Welcome to Poky (Yocto Project Reference Distro) 5.0 (scarthgap)!

[   16.515286] systemd[1]: Hostname set to <salvator-x>.
[   16.860764] systemd-sysv-generator[326]: SysV service '/etc/init.d/umountnfs.sh' lacks a native systemd unit file. ~ Automatically generating a unit file for compatibility. Please update package to include a native systemd unit file, in order to make it safe, robust and future-proof. ! This compatibility logic is deprecated, expect removal soon. !
[   16.928065] systemd-sysv-generator[326]: SysV service '/etc/init.d/set_default_governor.sh' lacks a native systemd unit file. ~ Automatically generating a unit file for compatibility. Please update package to include a native systemd unit file, in order to make it safe, robust and future-proof. ! This compatibility logic is deprecated, expect removal soon. !
[   16.974204] systemd-sysv-generator[326]: SysV service '/etc/init.d/umountfs' lacks a native systemd unit file. ~ Automatically generating a unit file for compatibility. Please update package to include a native systemd unit file, in order to make it safe, robust and future-proof. ! This compatibility logic is deprecated, expect removal soon. !
[   17.016515] systemd-sysv-generator[326]: SysV service '/etc/init.d/save-rtc.sh' lacks a native systemd unit file. ~ Automatically generating a unit file for compatibility. Please update package to include a native systemd unit file, in order to make it safe, robust and future-proof. ! This compatibility logic is deprecated, expect removal soon. !
[   17.058466] systemd-sysv-generator[326]: SysV service '/etc/init.d/reboot' lacks a native systemd unit file. ~ Automatically generating a unit file for compatibility. Please update package to include a native systemd unit file, in order to make it safe, robust and future-proof. ! This compatibility logic is deprecated, expect removal soon. !
[   17.094990] systemd-sysv-generator[326]: SysV service '/etc/init.d/halt' lacks a native systemd unit file. ~ Automatically generating a unit file for compatibility. Please update package to include a native systemd unit file, in order to make it safe, robust and future-proof. ! This compatibility logic is deprecated, expect removal soon. !
[   17.130859] systemd-sysv-generator[326]: SysV service '/etc/init.d/sendsigs' lacks a native systemd unit file. ~ Automatically generating a unit file for compatibility. Please update package to include a native systemd unit file, in order to make it safe, robust and future-proof. ! This compatibility logic is deprecated, expect removal soon. !
[   17.169457] systemd-sysv-generator[326]: SysV service '/etc/init.d/single' lacks a native systemd unit file. ~ Automatically generating a unit file for compatibility. Please update package to include a native systemd unit file, in order to make it safe, robust and future-proof. ! This compatibility logic is deprecated, expect removal soon. !
[   19.029084] systemd[1]: Queued start job for default target Multi-User System.
[   19.157087] systemd[1]: Created slice Slice /system/getty.
[  OK  ] Created slice Slice /system/getty.
[   19.194481] systemd[1]: Created slice Slice /system/modprobe.
[  OK  ] Created slice Slice /system/modprobe.
[   19.230148] systemd[1]: Created slice Slice /system/serial-getty.
[  OK  ] Created slice Slice /system/serial-getty.
[   19.261212] systemd[1]: Created slice User and Session Slice.
[  OK  ] Created slice User and Session Slice.
[   19.285168] systemd[1]: Started Dispatch Password Requests to Console Directory Watch.
[  OK  ] Started Dispatch Password Requests to Console Directory Watch.
[   19.317031] systemd[1]: Started Forward Password Requests to Wall Directory Watch.
[  OK  ] Started Forward Password Requests to Wall Directory Watch.
[   19.347452] systemd[1]: Reached target Path Units.
[  OK  ] Reached target Path Units.
[   19.367370] systemd[1]: Reached target Remote File Systems.
[  OK  ] Reached target Remote File Systems.
[   19.395387] systemd[1]: Reached target Slice Units.
[  OK  ] Reached target Slice Units.
[   19.419615] systemd[1]: Reached target Swaps.
[  OK  ] Reached target Swaps.
[   19.455409] systemd[1]: Listening on Syslog Socket.
[  OK  ] Listening on Syslog Socket.
[   19.486253] systemd[1]: Listening on initctl Compatibility Named Pipe.
[  OK  ] Listening on initctl Compatibility Named Pipe.
[   19.524266] systemd[1]: Listening on Journal Audit Socket.
[  OK  ] Listening on Journal Audit Socket.
[   19.554824] systemd[1]: Listening on Journal Socket (/dev/log).
[  OK  ] Listening on Journal Socket (/dev/log).
[   19.587730] systemd[1]: Listening on Journal Socket.
[  OK  ] Listening on Journal Socket.
[   19.621069] systemd[1]: Listening on Network Service Netlink Socket.
[  OK  ] Listening on Network Service Netlink Socket.
[   19.663041] systemd[1]: Listening on udev Control Socket.
[  OK  ] Listening on udev Control Socket.
[   19.695074] systemd[1]: Listening on udev Kernel Socket.
[  OK  ] Listening on udev Kernel Socket.
[   19.728789] systemd[1]: Listening on User Database Manager Socket.
[  OK  ] Listening on User Database Manager Socket.
[   19.792927] systemd[1]: Mounting Huge Pages File System...
         Mounting Huge Pages File System...
[   19.849661] systemd[1]: Mounting POSIX Message Queue File System...
         Mounting POSIX Message Queue File System...
[   19.895304] systemd[1]: Mounting Kernel Debug File System...
         Mounting Kernel Debug File System...
[   19.925232] systemd[1]: Mounting Kernel Trace File System...
         Mounting Kernel Trace File System...
[   19.951685] systemd[1]: Mounting Temporary Directory /tmp...
         Mounting Temporary Directory /tmp...
[   19.989776] systemd[1]: Starting Create List of Static Device Nodes...
         Starting Create List of Static Device Nodes...
[   20.025151] systemd[1]: Starting Load Kernel Module configfs...
         Starting Load Kernel Module configfs...
[   20.059681] systemd[1]: Starting Load Kernel Module drm...
         Starting Load Kernel Module drm...
[   20.091285] systemd[1]: Starting Load Kernel Module fuse...
         Starting Load Kernel Module fuse...
[   20.113002] systemd[1]: File System Check on Root Device was skipped because of an unmet condition check (ConditionPathIsReadWrite=!/).
[   20.128757] systemd[1]: systemd-journald.service: unit configures an IP firewall, but the local system does not support BPF/cgroup firewalling.
[   20.143442] systemd[1]: systemd-journald.service: (This warning is only shown for the first unit using IP firewalling.)
[   20.166907] systemd[1]: Starting Journal Service...
         Starting Journal Service...
[   20.277305] systemd[1]: Starting Load Kernel Modules...
         Starting Load Kernel Modules...
[   20.316668] systemd[1]: Starting Generate network units from Kernel command line...
         Starting Generate network units from Kernel command line...
[   20.356688] systemd[1]: Starting Remount Root and Kernel File Systems...
         Starting Remount Root and Kernel File Systems...
[   20.419728] systemd[1]: Starting Coldplug All udev Devices...
         Starting Coldplug All udev Devices...
[   20.480588] systemd[1]: Mounted Huge Pages File System.
[  OK  ] Mounted Huge Pages File System.
[   20.509086] systemd[1]: Mounted POSIX Message Queue File System.
[  OK  ] Mounted POSIX Message Queue File System.
[   20.527994] systemd-journald[338]: Collecting audit messages is enabled.
[   20.529418] fuse: init (API version 7.32)
[   20.554788] systemd[1]: Mounted Kernel Debug File System.
[  OK  ] Mounted Kernel Debug File System.
[   20.578107] systemd[1]: Mounted Kernel Trace File System.
[  OK  ] Mounted Kernel Trace File System.
[   20.594008] systemd[1]: Mounted Temporary Directory /tmp.
[  OK  ] Mounted Temporary Directory /tmp.
[   20.631777] systemd[1]: Finished Create List of Static Device Nodes.
[  OK  ] Finished Create List of Static Device Nodes.
[   20.668151] systemd[1]: modprobe@configfs.service: Deactivated successfully.
[   20.679166] systemd[1]: Finished Load Kernel Module configfs.
[  OK  ] Finished Load Kernel Module configfs.
[   20.698454] systemd[1]: modprobe@drm.service: Deactivated successfully.
[   20.708495] systemd[1]: Finished Load Kernel Module drm.
[  OK  ] Finished Load Kernel Module drm.
[   20.739593] systemd[1]: modprobe@fuse.service: Deactivated successfully.
[   20.749436] systemd[1]: Finished Load Kernel Module fuse.
[  OK  ] Finished Load Kernel Module fuse.
[   20.774768] systemd[1]: Finished Load Kernel Modules.
[  OK  ] Finished Load Kernel Modules.
[   20.800761] systemd[1]: systemd-network-generator.service: Main process exited, code=exited, status=1/FAILURE
[   20.817015] systemd[1]: systemd-network-generator.service: Failed with result 'exit-code'.
[   20.829209] systemd[1]: Failed to start Generate network units from Kernel command line.
[FAILED] Failed to start Generate network units from Kernel command line.
See 'systemctl status systemd-network-generator.service' for details.
[   20.878696] systemd[1]: Finished Remount Root and Kernel File Systems.
[  OK  ] Finished Remount Root and Kernel File Systems.
[   20.907327] systemd[1]: Reached target Preparation for Network.
[  OK  ] Reached target Preparation for Network.
[   20.942903] systemd[1]: Mounting FUSE Control File System...
         Mounting FUSE Control File System...
[   20.974286] systemd[1]: Mounting Kernel Configuration File System...
         Mounting Kernel Configuration File System...
[   21.004381] systemd[1]: Rebuild Hardware Database was skipped because of an unmet condition check (ConditionNeedsUpdate=/etc).
[   21.032675] systemd[1]: Starting Apply Kernel Variables...
         Starting Apply Kernel Variables...
[   21.070010] systemd[1]: Starting Create Static Device Nodes in /dev gracefully...
         Starting Create Static Device Nodes in /dev gracefully...
[   21.102904] systemd[1]: Started Journal Service.
[  OK  ] Started Journal Service.
[  OK  ] Mounted FUSE Control File System.
[  OK  ] Mounted Kernel Configuration File System.
[  OK  ] Finished Apply Kernel Variables.
         Starting Flush Journal to Persistent Storage...
[  OK  ] Finished Create Static Device Nodes in /dev gracefully.
[   21.431652] systemd-journald[338]: Received client request to flush runtime journal.
         Starting Create Static Device Nodes in /dev...
[  OK  ] Finished Flush Journal to Persistent Storage.
[  OK  ] Finished Create Static Device Nodes in /dev.
[  OK  ] Reached target Preparation for Local File Systems.
         Mounting /var/volatile...
         Starting Rule-based Manager for Device Events and Files...
[  OK  ] Mounted /var/volatile.
         Starting Load/Save OS Random Seed...
[  OK  ] Reached target Local File Systems.
         Starting Create Volatile Files and Directories...
[  OK  ] Finished Load/Save OS Random Seed.
[  OK  ] Started Rule-based Manager for Device Events and Files.
         Starting Network Configuration...
         Starting User Database Manager...
[  OK  ] Finished Create Volatile Files and Directories.
         Starting Network Name Resolution...
         Starting Network Time Synchronization...
         Starting Record System Boot/Shutdown in UTMP...
[  OK  ] Started User Database Manager.
[  OK  ] Finished Record System Boot/Shutdown in UTMP.
[  OK  ] Listening on Load/Save RF Kill Switch Status /dev/rfkill Watch.
[  OK  ] Started Network Name Resolution.
[  OK  ] Reached target Host and Network Name Lookups.
[  OK  ] Started Network Time Synchronization.
[  OK  ] Reached target System Time Set.
[   24.646117] cfg80211: Loading compiled-in X.509 certificates for regulatory database
[   24.741847] cfg80211: Loaded X.509 cert 'wens: 61c038651aabdcf94bd0ac7ff06c7248db18c600'
[   24.754471] cfg80211: Loaded X.509 cert 'sforshee: 00b28ddf47aef9cea7'
[   24.765462] platform regulatory.0: Direct firmware load for regulatory.db failed with error -2
[   24.777504] cfg80211: failed to load regulatory.db
[  OK  ] Finished Coldplug All udev Devices.
[  OK  ] Reached target System Initialization.
[  OK  ] Started Daily Cleanup of Temporary Directories.
[  OK  ] Reached target Timer Units.
[  OK  ] Listening on D-Bus System Message Bus Socket.
[  OK  ] Reached target Socket Units.
[  OK  ] Reached target Basic System.
[  OK  ] Started Kernel Logging Service.
[  OK  ] Started System Logging Service.
         Starting D-Bus System Message Bus...
[  OK  ] Started optee services.
         Starting set_default_governor.service...
         Starting User Login Management...
[  OK  ] Started Network Configuration.
[  OK  ] Reached target Network.
         Starting Permit User Sessions...
[  OK  ] Finished Permit User Sessions.
[  OK  ] Started Getty on tty1.
[  OK  ] Started Serial Getty on ttySC0.
[  OK  ] Reached target Login Prompts.
[   25.769313] pwm-backlight: probe of backlight failed with error -16
[   25.827973] rd 0-7: Disabling EAS, schedutil is mandatory
[  OK  ] Reached target Hardware activated USB gadget.
[  OK  ] Started set_default_governor.service.
[  OK  ] Started D-Bus System Message Bus.
[   26.069260] at24 7-0050: supply vcc not found, using dummy regulator
[   26.089760] at24 7-0050: 128 byte br24t01 EEPROM, writable, 8 bytes/write
[  OK  ] Started User Login Management.
[  OK  ] Reached target Multi-User System.
         Starting Record Runlevel Change in UTMP...
[  OK  ] Finished Record Runlevel Change in [   26.428860] ccree e6601000.crypto: ARM CryptoCell 630P Driver: HW version 0xAF400001/0xDCC63000, Driver version 5.0
UTMP.
[   26.556020] ccree e6601000.crypto: ARM ccree device initialized

Poky (Yocto Project Reference Distro) 5.0 salvator-x ttySC0

salvator-x login: [   44.000966] SDHI0 VccQ: disabling
[   44.004624] SDHI3 VccQ: disabling
root

WARNING: Poky is a reference Yocto Project distribution that should be used for
testing and development purposes only. It is recommended that you create your
own distribution for production use.

[   47.739415] audit: type=1006 audit(1724138071.995:2): pid=547 uid=0 old-auid=4294967295 auid=0 tty=(none) old-ses=4294967295 ses=1 res=1
root@salvator-x:~#
----------- BOARD ------------

root@salvator-x:~# dmesg | grep mmc1
root@salvator-x:~# 
root@salvator-x:~# modprobe g_mass_storage file=/dev/mmcblk2p1 removable=1
root@salvator-x:~# 
root@salvator-x:~# rmmod g_mass_storage
root@salvator-x:~# 
root@salvator-x:~# modprobe g_mass_storage file=/dev/mmcblk2p1 removable=1
[ 1483.589630] Mass Storage Function, version: 2009/09/11
[ 1483.597750] LUN: removable file: (no medium)
[ 1485.758701] LUN: removable file: /dev/mmcblk2p1
[ 1485.764025] Number of LUNs=1
[ 1485.768202] g_mass_storage gadget: Mass Storage Gadget, version: 2009/09/11
[ 1485.776065] g_mass_storage gadget: userspace failed to provide iSerialNumber
[ 1485.783941] g_mass_storage gadget: g_mass_storage ready
root@salvator-x:~# 
root@salvator-x:~# cat /sys/devices/platform/soc/e6590000.usb/udc/e6590000.usb/state
configured
root@salvator-x:~# 
---------- HOST-PC -----------

dmesg
[ 3319.443763] usb 1-1.3: USB disconnect, device number 21
[ 3319.444570] blk_update_request: I/O error, dev sdb, sector 0 op 0x1:(WRITE) flags 0x800 phys_seg 0 prio class 0
[ 3319.626739] Buffer I/O error on dev sdb, logical block 7372800, lost sync page write
[ 3319.626748] JBD2: Error -5 detected when updating journal superblock for sdb-8.
[ 3319.626751] Aborting journal on device sdb-8.
[ 3319.626754] Buffer I/O error on dev sdb, logical block 7372800, lost sync page write
[ 3319.626756] JBD2: Error -5 detected when updating journal superblock for sdb-8.
[ 3319.626772] EXT4-fs error (device sdb): ext4_put_super:1204: comm umount: Couldn't clean up the journal
[ 3319.626778] EXT4-fs (sdb): Remounting filesystem read-only
[ 3319.653861] sd 1:0:0:0: [sdb] Synchronizing SCSI cache
[ 3319.655158] sd 1:0:0:0: [sdb] Synchronize Cache(10) failed: Result: hostbyte=DID_NO_CONNECT driverbyte=DRIVER_OK
[ 3322.737853] usb 1-1.3: new high-speed USB device number 23 using xhci_hcd
[ 3322.839590] usb 1-1.3: New USB device found, idVendor=0525, idProduct=a4a5, bcdDevice= 5.10
[ 3322.839611] usb 1-1.3: New USB device strings: Mfr=3, Product=4, SerialNumber=0
[ 3322.839619] usb 1-1.3: Product: Mass Storage Gadget
[ 3322.839626] usb 1-1.3: Manufacturer: Linux 5.10.218-yocto-standard with renesas_usbhs_udc
[ 3322.842527] usb-storage 1-1.3:1.0: USB Mass Storage device detected
[ 3322.843095] usb-storage 1-1.3:1.0: Quirks match for vid 0525 pid a4a5: 10000
[ 3322.843373] scsi host1: usb-storage 1-1.3:1.0
[ 3323.866196] scsi 1:0:0:0: Direct-Access     Linux    File-Stor Gadget 0510 PQ: 0 ANSI: 2
[ 3323.866469] sd 1:0:0:0: Attached scsi generic sg1 type 0
[ 3323.867036] sd 1:0:0:0: Power-on or device reset occurred
[ 3323.867865] sd 1:0:0:0: [sdb] 124733440 512-byte logical blocks: (63.9 GB/59.5 GiB)
[ 3323.973849] sd 1:0:0:0: [sdb] Write Protect is off
[ 3323.973854] sd 1:0:0:0: [sdb] Mode Sense: 0f 00 00 00
[ 3324.082280] sd 1:0:0:0: [sdb] Write cache: enabled, read cache: enabled, doesn't support DPO or FUA
[ 3324.410916] sd 1:0:0:0: [sdb] Attached SCSI removable disk
[ 3324.786206] EXT4-fs (sdb): recovery complete
[ 3324.790096] EXT4-fs (sdb): mounted filesystem with ordered data mode. Opts: (null). Quota mode: none.

df -h
Filesystem      Size  Used Avail Use% Mounted on
udev            3,8G     0  3,8G   0% /dev
tmpfs           784M  2,4M  781M   1% /run
/dev/nvme0n1p4  458G  296G  139G  69% /
tmpfs           3,9G     0  3,9G   0% /dev/shm
tmpfs           5,0M  4,0K  5,0M   1% /run/lock
tmpfs           3,9G     0  3,9G   0% /sys/fs/cgroup
/dev/loop0      128K  128K     0 100% /snap/bare/5
/dev/loop3       64M   64M     0 100% /snap/core20/2182
/dev/loop1       56M   56M     0 100% /snap/core18/2829
/dev/loop2       64M   64M     0 100% /snap/core20/2318
/dev/loop4       75M   75M     0 100% /snap/core22/1439
/dev/loop5       75M   75M     0 100% /snap/core22/1380
/dev/loop8      506M  506M     0 100% /snap/gnome-42-2204/176
/dev/loop12      12M   12M     0 100% /snap/nmap/3470
/dev/loop10      92M   92M     0 100% /snap/gtk-common-themes/1535
/dev/loop11     350M  350M     0 100% /snap/gnome-3-38-2004/143
/dev/loop7      497M  497M     0 100% /snap/gnome-42-2204/141
/dev/loop6      384K  384K     0 100% /snap/device-tree-compiler/91
/dev/loop9      9,8M  9,8M     0 100% /snap/htop/4407
/dev/loop14      41M   41M     0 100% /snap/snapd/20290
/dev/loop17      13M   13M     0 100% /snap/snap-store/1113
/dev/loop13     347M  347M     0 100% /snap/gnome-3-38-2004/119
/dev/loop15      13M   13M     0 100% /snap/snap-store/959
/dev/loop16      12M   12M     0 100% /snap/nmap/3514
/dev/loop18      39M   39M     0 100% /snap/snapd/21759
/dev/nvme0n1p1  3,7G  210M  3,3G   6% /boot
/dev/nvme0n1p2  3,9G  6,1M  3,9G   1% /boot/efi
tmpfs           784M   20K  784M   1% /run/user/1000
/dev/sdb         59G  2,7G   53G   5% /media/rvc/c463afdf-d86b-455a-9e97-d2ab44ed06a4

sudo dd if=/dev/urandom of=/media/rvc/c463afdf-d86b-455a-9e97-d2ab44ed06a4/file-100M bs=1M count=100
100+0 records in
100+0 records out
104857600 bytes (105 MB, 100 MiB) copied, 25,0869 s, 4,2 MB/s

sudo cp /media/rvc/c463afdf-d86b-455a-9e97-d2ab44ed06a4/file-100M ./

md5sum ./file-100M /media/rvc/c463afdf-d86b-455a-9e97-d2ab44ed06a4/file-100M
82dbe4b098b94b6ac619504d3e126441  ./file-100M
82dbe4b098b94b6ac619504d3e126441  /media/rvc/c463afdf-d86b-455a-9e97-d2ab44ed06a4/file-100M

sudo umount /media/rvc/c463afdf-d86b-455a-9e97-d2ab44ed06a4

----------- BOARD ------------

root@salvator-x:~# rmmod g_mass_storage
root@salvator-x:~# 

---------- HOST-PC -----------

dmesg
[ 3371.155524] usb 1-1.3: USB disconnect, device number 23
[ 3371.185937] sd 1:0:0:0: [sdb] Synchronizing SCSI cache
[ 3371.185970] sd 1:0:0:0: [sdb] Synchronize Cache(10) failed: Result: hostbyte=DID_NO_CONNECT driverbyte=DRIVER_OK

 
#### Result: OK ####
