NOTICE:  BL2: R-Car Gen3 Initial Program Loader(CA57) Rev.4.0.0
NOTICE:  BL2: PRR is R-Car H3 Ver.3.0
NOTICE:  BL2: Board is Salvator-XS Rev.1.0
NOTICE:  BL2: Boot device is HyperFlash(160MHz)
NOTICE:  BL2: LCM state is CM
NOTICE:  AVS setting succeeded. DVFS_SetVID=0x53
NOTICE:  BL2: DDR3200(rev.0.42)
NOTICE:  BL2: [COLD_BOOT]
NOTICE:  BL2: DRAM Split is 4ch(DDR f)
NOTICE:  BL2: QoS is default setting(rev.0.11)
NOTICE:  BL2: DRAM refresh interval 1.95 usec
NOTICE:  BL2: Periodic Write DQ Training
NOTICE:  BL2: CH0: 400000000 - 47fffffff, 2 GiB
NOTICE:  BL2: CH1: 500000000 - 57fffffff, 2 GiB
NOTICE:  BL2: CH2: 600000000 - 67fffffff, 2 GiB
NOTICE:  BL2: CH3: 700000000 - 77fffffff, 2 GiB
NOTICE:  BL2: Lossy Decomp areas
NOTICE:       Entry 0: DCMPAREACRAx:0x80000540 DCMPAREACRBx:0x570
NOTICE:       Entry 1: DCMPAREACRAx:0x40000000 DCMPAREACRBx:0x0
NOTICE:       Entry 2: DCMPAREACRAx:0x20000000 DCMPAREACRBx:0x0
NOTICE:  BL2: FDT at 0xe6327f70
NOTICE:  BL2: v2.9(release):9cdb21f75
NOTICE:  BL2: Built : 03:23:42, Jan  8 2024
NOTICE:  BL2: Normal boot
NOTICE:  BL2: dst=0xe6327800 src=0x8180000 len=512(0x200)
NOTICE:  BL2: dst=0x43f00000 src=0x8180400 len=6144(0x1800)
NOTICE:  rcar_file_len: len: 0x0003e000
NOTICE:  BL2: dst=0x44000000 src=0x81c0000 len=253952(0x3e000)
NOTICE:  rcar_file_len: len: 0x00200000
NOTICE:  BL2: dst=0x44100000 src=0x8200000 len=2097152(0x200000)
NOTICE:  rcar_file_len: len: 0x00100000
NOTICE:  BL2: dst=0x50000000 src=0x8640000 len=1048576(0x100000)
NOTICE:  BL2: Booting BL31


U-Boot 2020.10 (Dec 20 2023 - 10:10:22 +0000)

CPU: Renesas Electronics R8A7795 rev 3.0
Model: Renesas Salvator-X 2nd version board based on r8a77951
DRAM:  7.9 GiB
RAM Configuration:
Bank #0: 0x048000000 - 0x0bfffffff, 1.9 GiB
Bank #1: 0x500000000 - 0x57fffffff, 2 GiB
Bank #2: 0x600000000 - 0x67fffffff, 2 GiB
Bank #3: 0x700000000 - 0x77fffffff, 2 GiB

MMC:   sd@ee100000: 0, sd@ee140000: 1, sd@ee160000: 2
Loading Environment from MMC... OK
In:    serial@e6e88000
Out:   serial@e6e88000
Err:   serial@e6e88000
Net:   eth0: ethernet@e6800000
Hit any key to stop autoboot:  2  1  0 
ethernet@e6800000 Waiting for PHY auto negotiation to complete................ done
Using ethernet@e6800000 device
TFTP from server 192.168.10.98; our IP address is 192.168.10.104
Filename 'BV/PT3/boot_USB3H/Image'.
Load address: 0x48080000
Loading: *#################################################################
	 #################################################################
	 #################################################################
	 #################################################################
	 #################################################################
	 #################################################################
	 #################################################################
	 #################################################################
	 #################################################################
	 #################################################################
	 #################################################################
	 #################################################################
	 #################################################################
	 #################################################################
	 #################################################################
	 #################################################################
	 #################################################################
	 #################################################################
	 #################################################################
	 #################################################################
	 #################################################################
	 #################################################################
	 #################################################################
	 #################################################################
	 #################################################################
	 #################################################################
	 #################################################################
	 #################################################################
	 #################################################################
	 #################################################################
	 #################################################################
	 #################################################################
	 #################################################################
	 #################################################################
	 ##############################################
	 3.9 MiB/s
done
Bytes transferred = 33112576 (1f94200 hex)
Using ethernet@e6800000 device
TFTP from server 192.168.10.98; our IP address is 192.168.10.104
Filename 'BV/PT3/boot_USB3H/r8a779m1-salvator-xs.dtb'.
Load address: 0x48000000
Loading: *#######
	 9.7 MiB/s
done
Bytes transferred = 91297 (164a1 hex)
Moving Image from 0x48080000 to 0x48200000, end=4a220000
## Flattened Device Tree blob at 48000000
   Booting using the fdt blob at 0x48000000
   Loading Device Tree to 0000000053fe6000, end 0000000053fff4a0 ... OK

Starting kernel ...

[    0.000000] Booting Linux on physical CPU 0x0000000000 [0x411fd073]
[    0.000000] Linux version 5.10.194-yocto-standard (thuan.nguyen-hong@banvien) (aarch64-poky-linux-gcc (GCC) 9.3.0, GNU ld (GNU Binutils) 2.34.0.20200220) #13 SMP PREEMPT Sat Feb 3 10:27:40 UTC 2024
[    0.000000] Machine model: Renesas Salvator-X 2nd version board based on r8a779m1
[    0.000000] efi: UEFI not found.
[    0.000000] Reserved memory: created CMA memory pool at 0x0000000057000000, size 16 MiB
[    0.000000] OF: reserved mem: initialized node linux,adsp@57000000, compatible id shared-dma-pool
[    0.000000] Reserved memory: created CMA memory pool at 0x0000000058000000, size 384 MiB
[    0.000000] OF: reserved mem: initialized node linux,cma@58000000, compatible id shared-dma-pool
[    0.000000] Reserved memory: created CMA memory pool at 0x0000000070000000, size 256 MiB
[    0.000000] OF: reserved mem: initialized node linux,multimedia@70000000, compatible id shared-dma-pool
[    0.000000] NUMA: No NUMA configuration found
[    0.000000] NUMA: Faking a node at [mem 0x0000000048000000-0x000000077fffffff]
[    0.000000] NUMA: NODE_DATA [mem 0x77efd9b00-0x77efdbfff]
[    0.000000] Zone ranges:
[    0.000000]   DMA      [mem 0x0000000048000000-0x000000007fffffff]
[    0.000000]   DMA32    [mem 0x0000000080000000-0x00000000ffffffff]
[    0.000000]   Normal   [mem 0x0000000100000000-0x000000077fffffff]
[    0.000000] Movable zone start for each node
[    0.000000] Early memory node ranges
[    0.000000]   node   0: [mem 0x0000000048000000-0x0000000053ffffff]
[    0.000000]   node   0: [mem 0x0000000054000000-0x0000000056ffffff]
[    0.000000]   node   0: [mem 0x0000000057000000-0x00000000bfffffff]
[    0.000000]   node   0: [mem 0x0000000500000000-0x000000057fffffff]
[    0.000000]   node   0: [mem 0x0000000600000000-0x000000067fffffff]
[    0.000000]   node   0: [mem 0x0000000700000000-0x000000077fffffff]
[    0.000000] Initmem setup node 0 [mem 0x0000000048000000-0x000000077fffffff]
[    0.000000] psci: probing for conduit method from DT.
[    0.000000] psci: PSCIv1.1 detected in firmware.
[    0.000000] psci: Using standard PSCI v0.2 function IDs
[    0.000000] psci: Trusted OS resident on physical CPU 0x0
[    0.000000] psci: SMC Calling Convention v1.2
[    0.000000] percpu: Embedded 23 pages/cpu s56984 r8192 d29032 u94208
[    0.000000] Detected PIPT I-cache on CPU0
[    0.000000] CPU features: detected: EL2 vector hardening
[    0.000000] CPU features: detected: Spectre-v2
[    0.000000] CPU features: detected: ARM errata 1165522, 1319367, or 1530923
[    0.000000] CPU features: detected: Spectre-BHB
[    0.000000] CPU features: detected: ARM erratum 1742098
[    0.000000] Built 1 zonelists, mobility grouping on.  Total pages: 2032128
[    0.000000] Policy zone: Normal
[    0.000000] Kernel command line: rw root=/dev/nfs nfsroot=192.168.10.98:/data/tftpboot/BV/PT3/rootfs_H3e,nfsvers=4 ip=192.168.10.104
[    0.000000] Dentry cache hash table entries: 1048576 (order: 11, 8388608 bytes, linear)
[    0.000000] Inode-cache hash table entries: 524288 (order: 10, 4194304 bytes, linear)
[    0.000000] mem auto-init: stack:off, heap alloc:off, heap free:off
[    0.000000] software IO TLB: mapped [mem 0x000000004ffe6000-0x0000000053fe6000] (64MB)
[    0.000000] Memory: 7277092K/8257536K available (15104K kernel code, 2832K rwdata, 8204K rodata, 6080K init, 519K bss, 308700K reserved, 671744K cma-reserved)
[    0.000000] SLUB: HWalign=64, Order=0-3, MinObjects=0, CPUs=8, Nodes=1
[    0.000000] rcu: Preemptible hierarchical RCU implementation.
[    0.000000] rcu: 	RCU event tracing is enabled.
[    0.000000] rcu: 	RCU restricting CPUs from NR_CPUS=256 to nr_cpu_ids=8.
[    0.000000] 	Trampoline variant of Tasks RCU enabled.
[    0.000000] rcu: RCU calculated value of scheduler-enlistment delay is 25 jiffies.
[    0.000000] rcu: Adjusting geometry for rcu_fanout_leaf=16, nr_cpu_ids=8
[    0.000000] NR_IRQS: 64, nr_irqs: 64, preallocated irqs: 0
[    0.000000] arch_timer: cp15 timer(s) running at 8.32MHz (virt).
[    0.000000] clocksource: arch_sys_counter: mask: 0xffffffffffffff max_cycles: 0x1eb398c07, max_idle_ns: 440795202503 ns
[    0.000003] sched_clock: 56 bits at 8MHz, resolution 120ns, wraps every 2199023255503ns
[    0.000205] Console: colour dummy device 80x25
[    0.000413] printk: console [tty0] enabled
[    0.000490] Calibrating delay loop (skipped), value calculated using timer frequency.. 16.64 BogoMIPS (lpj=33280)
[    0.000505] pid_max: default: 32768 minimum: 301
[    0.000563] LSM: Security Framework initializing
[    0.000651] Mount-cache hash table entries: 16384 (order: 5, 131072 bytes, linear)
[    0.000703] Mountpoint-cache hash table entries: 16384 (order: 5, 131072 bytes, linear)
[    0.002170] rcu: Hierarchical SRCU implementation.
[    0.003769] Detected Renesas R-Car Gen3 r8a7795 ES3.0
[    0.005922] EFI services will not be available.
[    0.006260] smp: Bringing up secondary CPUs ...
[    0.006723] Detected PIPT I-cache on CPU1
[    0.006771] CPU1: Booted secondary processor 0x0000000001 [0x411fd073]
[    0.007261] Detected PIPT I-cache on CPU2
[    0.007286] CPU2: Booted secondary processor 0x0000000002 [0x411fd073]
[    0.007718] Detected PIPT I-cache on CPU3
[    0.007740] CPU3: Booted secondary processor 0x0000000003 [0x411fd073]
[    0.008206] CPU features: detected: ARM erratum 845719
[    0.008219] Detected VIPT I-cache on CPU4
[    0.008267] CPU4: Booted secondary processor 0x0000000100 [0x410fd034]
[    0.008748] Detected VIPT I-cache on CPU5
[    0.008775] CPU5: Booted secondary processor 0x0000000101 [0x410fd034]
[    0.009221] Detected VIPT I-cache on CPU6
[    0.009248] CPU6: Booted secondary processor 0x0000000102 [0x410fd034]
[    0.009686] Detected VIPT I-cache on CPU7
[    0.009713] CPU7: Booted secondary processor 0x0000000103 [0x410fd034]
[    0.009795] smp: Brought up 1 node, 8 CPUs
[    0.009857] SMP: Total of 8 processors activated.
[    0.009865] CPU features: detected: 32-bit EL0 Support
[    0.009872] CPU features: detected: CRC32 instructions
[    0.009878] CPU features: detected: 32-bit EL1 Support
[    0.023065] CPU: All CPU(s) started at EL1
[    0.023119] alternatives: patching kernel code
[    0.024287] devtmpfs: initialized
[    0.031025] KASLR disabled due to lack of seed
[    0.031177] clocksource: jiffies: mask: 0xffffffff max_cycles: 0xffffffff, max_idle_ns: 7645041785100000 ns
[    0.031197] futex hash table entries: 2048 (order: 5, 131072 bytes, linear)
[    0.039840] pinctrl core: initialized pinctrl subsystem
[    0.041353] DMI not present or invalid.
[    0.041862] NET: Registered protocol family 16
[    0.042816] DMA: preallocated 1024 KiB GFP_KERNEL pool for atomic allocations
[    0.042997] DMA: preallocated 1024 KiB GFP_KERNEL|GFP_DMA pool for atomic allocations
[    0.043285] DMA: preallocated 1024 KiB GFP_KERNEL|GFP_DMA32 pool for atomic allocations
[    0.043326] audit: initializing netlink subsys (disabled)
[    0.043515] audit: type=2000 audit(0.040:1): state=initialized audit_enabled=0 res=1
[    0.044690] thermal_sys: Registered thermal governor 'power_allocator'
[    0.045208] cpuidle: using governor menu
[    0.045379] hw-breakpoint: found 6 breakpoint and 4 watchpoint registers.
[    0.045504] ASID allocator initialised with 65536 entries
[    0.046815] Serial: AMBA PL011 UART driver
[    0.089353] sh-pfc e6060000.pinctrl: r8a77951_pfc support registered
[    0.104018] HugeTLB registered 1.00 GiB page size, pre-allocated 0 pages
[    0.104032] HugeTLB registered 32.0 MiB page size, pre-allocated 0 pages
[    0.104039] HugeTLB registered 2.00 MiB page size, pre-allocated 0 pages
[    0.104046] HugeTLB registered 64.0 KiB page size, pre-allocated 0 pages
[    0.105007] cryptd: max_cpu_qlen set to 1000
[    0.107268] ACPI: Interpreter disabled.
[    0.111136] rcar-avs: use avs value: 0
[    0.111151] rcar-avs: cpu@0 is running with: opp_table0
[    0.111161] rcar-avs: cpu@1 is running with: opp_table0
[    0.111170] rcar-avs: cpu@2 is running with: opp_table0
[    0.111179] rcar-avs: cpu@3 is running with: opp_table0
[    0.111259] rcar-avs: gsx@fd000000 is running with: gsx_opp_table0
[    0.112683] iommu: Default domain type: Translated 
[    0.113265] ipmmu-vmsa e67b0000.iommu: IPMMU context 0 is reserved
[    0.114289] vgaarb: loaded
[    0.114484] SCSI subsystem initialized
[    0.114729] usbcore: registered new interface driver usbfs
[    0.114758] usbcore: registered new interface driver hub
[    0.114785] usbcore: registered new device driver usb
[    0.118271] i2c-sh_mobile e60b0000.i2c: I2C adapter 7, bus speed 400000 Hz
[    0.118799] mc: Linux media interface: v0.10
[    0.118820] videodev: Linux video capture interface: v2.00
[    0.118867] pps_core: LinuxPPS API ver. 1 registered
[    0.118874] pps_core: Software ver. 5.3.6 - Copyright 2005-2007 Rodolfo Giometti <giometti@linux.it>
[    0.118888] PTP clock support registered
[    0.119060] EDAC MC: Ver: 3.0.0
[    0.121046] FPGA manager framework
[    0.121106] Advanced Linux Sound Architecture Driver Initialized.
[    0.121661] clocksource: Switched to clocksource arch_sys_counter
[    0.121810] VFS: Disk quotas dquot_6.6.0
[    0.121853] VFS: Dquot-cache hash table entries: 512 (order 0, 4096 bytes)
[    0.121981] pnp: PnP ACPI: disabled
[    0.125477] NET: Registered protocol family 2
[    0.125891] IP idents hash table entries: 131072 (order: 8, 1048576 bytes, linear)
[    0.128146] tcp_listen_portaddr_hash hash table entries: 4096 (order: 4, 65536 bytes, linear)
[    0.128221] TCP established hash table entries: 65536 (order: 7, 524288 bytes, linear)
[    0.128507] TCP bind hash table entries: 65536 (order: 8, 1048576 bytes, linear)
[    0.129094] TCP: Hash tables configured (established 65536 bind 65536)
[    0.129218] UDP hash table entries: 4096 (order: 5, 131072 bytes, linear)
[    0.129331] UDP-Lite hash table entries: 4096 (order: 5, 131072 bytes, linear)
[    0.129546] NET: Registered protocol family 1
[    0.129915] RPC: Registered named UNIX socket transport module.
[    0.129927] RPC: Registered udp transport module.
[    0.129932] RPC: Registered tcp transport module.
[    0.129937] RPC: Registered tcp NFSv4.1 backchannel transport module.
[    0.129950] PCI: CLS 0 bytes, default 64
[    0.130906] hw perfevents: enabled with armv8_cortex_a53 PMU driver, 7 counters available
[    0.131181] hw perfevents: enabled with armv8_cortex_a57 PMU driver, 7 counters available
[    0.131806] kvm [1]: HYP mode not available
[    0.134734] Initialise system trusted keyrings
[    0.134862] workingset: timestamp_bits=42 max_order=21 bucket_order=0
[    0.137957] squashfs: version 4.0 (2009/01/31) Phillip Lougher
[    0.138357] NFS: Registering the id_resolver key type
[    0.138387] Key type id_resolver registered
[    0.138393] Key type id_legacy registered
[    0.138445] nfs4filelayout_init: NFSv4 File Layout Driver Registering...
[    0.138455] nfs4flexfilelayout_init: NFSv4 Flexfile Layout Driver Registering...
[    0.138553] 9p: Installing v9fs 9p2000 file system support
[    0.165079] Key type asymmetric registered
[    0.165091] Asymmetric key parser 'x509' registered
[    0.165122] Block layer SCSI generic (bsg) driver version 0.4 loaded (major 243)
[    0.165132] io scheduler mq-deadline registered
[    0.165142] io scheduler kyber registered
[    0.181383] gpio_rcar e6050000.gpio: driving 16 GPIOs
[    0.181687] gpio_rcar e6051000.gpio: driving 29 GPIOs
[    0.181960] gpio_rcar e6052000.gpio: driving 15 GPIOs
[    0.182288] gpio_rcar e6053000.gpio: driving 16 GPIOs
[    0.182641] gpio_rcar e6054000.gpio: driving 18 GPIOs
[    0.182990] gpio_rcar e6055000.gpio: driving 26 GPIOs
[    0.183254] gpio_rcar e6055400.gpio: driving 32 GPIOs
[    0.183574] gpio_rcar e6055800.gpio: driving 4 GPIOs
[    0.186469] rcar-pcie fe000000.pcie: host bridge /soc/pcie@fe000000 ranges:
[    0.186498] rcar-pcie fe000000.pcie:       IO 0x00fe100000..0x00fe1fffff -> 0x0000000000
[    0.186525] rcar-pcie fe000000.pcie:      MEM 0x00fe200000..0x00fe3fffff -> 0x00fe200000
[    0.186544] rcar-pcie fe000000.pcie:      MEM 0x0030000000..0x0037ffffff -> 0x0030000000
[    0.186558] rcar-pcie fe000000.pcie:      MEM 0x0038000000..0x003fffffff -> 0x0038000000
[    0.186574] rcar-pcie fe000000.pcie:   IB MEM 0x0040000000..0x007fffffff -> 0x0040000000
[    0.186620] rcar-pcie fe000000.pcie: no pcie3v3 regulator found
[    0.186630] rcar-pcie fe000000.pcie: no pcie1v8 regulator found
[    0.253368] rcar-pcie fe000000.pcie: PCIe link down
[    0.253551] rcar-pcie ee800000.pcie: host bridge /soc/pcie@ee800000 ranges:
[    0.253574] rcar-pcie ee800000.pcie:       IO 0x00ee900000..0x00ee9fffff -> 0x0000000000
[    0.253594] rcar-pcie ee800000.pcie:      MEM 0x00eea00000..0x00eebfffff -> 0x00eea00000
[    0.253612] rcar-pcie ee800000.pcie:      MEM 0x00c0000000..0x00c7ffffff -> 0x00c0000000
[    0.253625] rcar-pcie ee800000.pcie:      MEM 0x00c8000000..0x00cfffffff -> 0x00c8000000
[    0.253642] rcar-pcie ee800000.pcie:   IB MEM 0x0040000000..0x007fffffff -> 0x0040000000
[    0.253690] rcar-pcie ee800000.pcie: no pcie3v3 regulator found
[    0.253701] rcar-pcie ee800000.pcie: no pcie1v8 regulator found
[    0.413664] rcar-pcie ee800000.pcie: PCIe link down
[    0.416152] EINJ: ACPI disabled.
[    0.450128] Serial: 8250/16550 driver, 4 ports, IRQ sharing enabled
[    0.452547] SuperH (H)SCI(F) driver initialized
[    0.452976] e6550000.serial: ttySC1 at MMIO 0xe6550000 (irq = 42, base_baud = 0) is a hscif
[    0.453727] e6e88000.serial: ttySC0 at MMIO 0xe6e88000 (irq = 128, base_baud = 0) is a scif
[    1.658435] printk: console [ttySC0] enabled
[    1.663848] msm_serial: driver initialized
[    1.674272] rcar-dw-hdmi fead0000.hdmi: Detected HDMI TX controller v2.01a with HDCP (DWC HDMI 2.0 TX PHY)
[    1.684181] rcar-dw-hdmi fead0000.hdmi: registered DesignWare HDMI I2C bus driver
[    1.692436] rcar-dw-hdmi feae0000.hdmi: Detected HDMI TX controller v2.01a with HDCP (DWC HDMI 2.0 TX PHY)
[    1.702302] rcar-dw-hdmi feae0000.hdmi: registered DesignWare HDMI I2C bus driver
[    1.717827] loop: module loaded
[    1.722424] megasas: 07.714.04.00-rc1
[    1.728153] scsi host0: sata_rcar
[    1.731631] ata1: SATA max UDMA/133 irq 181
[    1.741015] tun: Universal TUN/TAP device driver, 1.6
[    1.747006] thunder_xcv, ver 1.0
[    1.750261] thunder_bgx, ver 1.0
[    1.753500] nicpf, ver 1.0
[    1.757624] hclge is initializing
[    1.760958] hns3: Hisilicon Ethernet Network Driver for Hip08 Family - version
[    1.768181] hns3: Copyright (c) 2017 Huawei Corporation.
[    1.773514] e1000: Intel(R) PRO/1000 Network Driver
[    1.778393] e1000: Copyright (c) 1999-2006 Intel Corporation.
[    1.784165] e1000e: Intel(R) PRO/1000 Network Driver
[    1.789130] e1000e: Copyright(c) 1999 - 2015 Intel Corporation.
[    1.795073] igb: Intel(R) Gigabit Ethernet Network Driver
[    1.800471] igb: Copyright (c) 2007-2014 Intel Corporation.
[    1.806063] igbvf: Intel(R) Gigabit Virtual Function Network Driver
[    1.812330] igbvf: Copyright (c) 2009 - 2012 Intel Corporation.
[    1.818665] sky2: driver version 1.30
[    1.826246] ravb e6800000.ethernet eth0: Base address at 0xe6800000, 2e:09:0a:03:84:20, IRQ 125.
[    1.836461] VFIO - User Level meta-driver version: 0.3
[    1.843633] ehci_hcd: USB 2.0 'Enhanced' Host Controller (EHCI) Driver
[    1.850201] ehci-pci: EHCI PCI platform driver
[    1.854674] ehci-platform: EHCI generic platform driver
[    1.860298] ehci-platform ee0a0100.usb: EHCI Host Controller
[    1.865977] ehci-platform ee0a0100.usb: new USB bus registered, assigned bus number 1
[    1.873904] ehci-platform ee0a0100.usb: irq 175, io mem 0xee0a0100
[    1.893673] ehci-platform ee0a0100.usb: USB 2.0 started, EHCI 1.10
[    1.900204] hub 1-0:1.0: USB hub found
[    1.903977] hub 1-0:1.0: 1 port detected
[    1.908392] ehci-platform ee0c0100.usb: EHCI Host Controller
[    1.914067] ehci-platform ee0c0100.usb: new USB bus registered, assigned bus number 2
[    1.921970] ehci-platform ee0c0100.usb: irq 176, io mem 0xee0c0100
[    1.941671] ehci-platform ee0c0100.usb: USB 2.0 started, EHCI 1.10
[    1.948120] hub 2-0:1.0: USB hub found
[    1.951888] hub 2-0:1.0: 1 port detected
[    1.981712] ehci-platform ee0e0100.usb: EHCI Host Controller
[    1.987391] ehci-platform ee0e0100.usb: new USB bus registered, assigned bus number 3
[    1.995263] ehci-platform ee0e0100.usb: irq 177, io mem 0xee0e0100
[    2.013669] ehci-platform ee0e0100.usb: USB 2.0 started, EHCI 1.10
[    2.020110] hub 3-0:1.0: USB hub found
[    2.023877] hub 3-0:1.0: 1 port detected
[    2.028263] ehci-orion: EHCI orion driver
[    2.032513] ehci-exynos: EHCI Exynos driver
[    2.036815] ohci_hcd: USB 1.1 'Open' Host Controller (OHCI) Driver
[    2.043015] ohci-pci: OHCI PCI platform driver
[    2.047497] ohci-platform: OHCI generic platform driver
[    2.053032] ohci-platform ee0a0000.usb: Generic Platform OHCI controller
[    2.059745] ohci-platform ee0a0000.usb: new USB bus registered, assigned bus number 4
[    2.067633] ohci-platform ee0a0000.usb: irq 175, io mem 0xee0a0000
[    2.149678] ata1: link resume succeeded after 1 retries
[    2.163953] hub 4-0:1.0: USB hub found
[    2.167723] hub 4-0:1.0: 1 port detected
[    2.172053] ohci-platform ee0c0000.usb: Generic Platform OHCI controller
[    2.178766] ohci-platform ee0c0000.usb: new USB bus registered, assigned bus number 5
[    2.186640] ohci-platform ee0c0000.usb: irq 176, io mem 0xee0c0000
[    2.261192] ata1: SATA link down (SStatus 0 SControl 300)
[    2.279926] hub 5-0:1.0: USB hub found
[    2.283695] hub 5-0:1.0: 1 port detected
[    2.288021] ohci-platform ee0e0000.usb: Generic Platform OHCI controller
[    2.294734] ohci-platform ee0e0000.usb: new USB bus registered, assigned bus number 6
[    2.302603] ohci-platform ee0e0000.usb: irq 177, io mem 0xee0e0000
[    2.395935] hub 6-0:1.0: USB hub found
[    2.399702] hub 6-0:1.0: 1 port detected
[    2.404048] ohci-exynos: OHCI Exynos driver
[    2.408489] usbcore: registered new interface driver usb-storage
[    2.416171] renesas_usbhs e6590000.usb: host probed
[    2.421061] renesas_usbhs e6590000.usb: no transceiver found
[    2.426784] renesas_usbhs e6590000.usb: gadget probed
[    2.431999] renesas_usbhs e6590000.usb: probed
[    2.436890] renesas_usbhs e659c000.usb: host probed
[    2.441788] renesas_usbhs e659c000.usb: no transceiver found
[    2.447503] renesas_usbhs e659c000.usb: gadget probed
[    2.452694] renesas_usbhs e659c000.usb: probed
[    2.459599] i2c /dev entries driver
[    2.474168] cs2000-cp 2-004f: revision - C1
[    2.478412] i2c-rcar e6510000.i2c: probed
[    2.483257] pca953x 4-0020: supply vcc not found, using dummy regulator
[    2.489960] pca953x 4-0020: using no AI
[    2.494597] gpio-355 (PCIE/SATA switch): hogged as output/low
[    2.506878] i2c-rcar e66d8000.i2c: probed
[    2.512207] adv748x 4-0070: Endpoint /soc/i2c@e66d8000/video-receiver@70/port@7/endpoint on port 7
[    2.521191] adv748x 4-0070: Endpoint /soc/i2c@e66d8000/video-receiver@70/port@8/endpoint on port 8
[    2.530181] adv748x 4-0070: Endpoint /soc/i2c@e66d8000/video-receiver@70/port@a/endpoint on port 10
[    2.539268] adv748x 4-0070: Endpoint /soc/i2c@e66d8000/video-receiver@70/port@b/endpoint on port 11
[    2.548670] adv748x 4-0070: chip found @ 0xe0 revision 2143
[    2.602261] rcar-csi2 fea80000.csi2: 1 lanes found
[    2.607391] rcar-csi2 feaa0000.csi2: 4 lanes found
[    2.616972] rcar-vin e6ef0000.video: Device registered as video0
[    2.623050] rcar-vin e6ef1000.video: Device registered as video1
[    2.629125] rcar-vin e6ef2000.video: Device registered as video2
[    2.635197] rcar-vin e6ef3000.video: Device registered as video3
[    2.641269] rcar-vin e6ef4000.video: Device registered as video4
[    2.647347] rcar-vin e6ef5000.video: Device registered as video5
[    2.653433] rcar-vin e6ef6000.video: Device registered as video6
[    2.659508] rcar-vin e6ef7000.video: Device registered as video7
[    2.668254] rcar_gen3_thermal e6198000.thermal: is using pseudo fixed FUSE values
[    2.680450] rcar_gen3_thermal e6198000.thermal: TSC0: Loaded 1 trip points
[    2.691707] rcar_gen3_thermal e6198000.thermal: TSC1: Loaded 1 trip points
[    2.702858] rcar_gen3_thermal e6198000.thermal: TSC2: Loaded 3 trip points
[    2.714914] sdhci: Secure Digital Host Controller Interface driver
[    2.721109] sdhci: Copyright(c) Pierre Ossman
[    2.726302] Synopsys Designware Multimedia Card Interface Driver
[    2.726471] renesas_sdhi_internal_dmac ee140000.mmc: Adding to iommu group 0
[    2.726557] renesas_sdhi_internal_dmac ee100000.mmc: Got CD GPIO
[    2.726612] renesas_sdhi_internal_dmac ee100000.mmc: Got WP GPIO
[    2.726932] renesas_sdhi_internal_dmac ee160000.mmc: Got CD GPIO
[    2.726959] renesas_sdhi_internal_dmac ee160000.mmc: Got WP GPIO
[    2.733664] sdhci-pltfm: SDHCI platform and OF driver helper
[    2.739401] renesas_sdhi_internal_dmac ee140000.mmc: Using IPMMU context 1
[    2.776571] ledtrig-cpu: registered to indicate activity on CPUs
[    2.783599] SMCCC: SOC_ID: ARCH_SOC_ID not implemented, skipping ....
[    2.790619] usbcore: registered new interface driver usbhid
[    2.796197] usbhid: USB HID core driver
[    2.803806] optee: probing for conduit method.
[    2.808275] optee: revision 3.22 (314ecf9d)
[    2.808685] optee driver R-Car Rev.1.0.11
[    2.817222] optee: dynamic shared memory is enabled
[    2.822365] optee: initialized driver
[    2.824898] renesas_sdhi_internal_dmac ee140000.mmc: mmc0 base at 0x00000000ee140000, max clock rate 200 MHz
[    2.836675] rcar_sound ec500000.sound: probed
[    2.841712] NET: Registered protocol family 17
[    2.846267] 9pnet: Installing 9P2000 support
[    2.850587] Key type dns_resolver registered
[    2.855133] registered taskstats version 1
[    2.859246] Loading compiled-in X.509 certificates
[    2.873895] thermal emergency: set temperature to 110 celsius
[    2.879839] thermal emergency: shutdown target cpus 1-7
[    2.885066] thermal emergency: freq scaled target cpus 0
[    2.890735] renesas_irqc e61c0000.interrupt-controller: driving 6 irqs
[    2.906360] mmc0: new HS400 MMC card at address 0001
[    2.912027] mmcblk0: mmc0:0001 BGSD3R 29.1 GiB 
[    2.916947] mmcblk0boot0: mmc0:0001 BGSD3R partition 1 16.0 MiB
[    2.923244] mmcblk0boot1: mmc0:0001 BGSD3R partition 2 16.0 MiB
[    2.929281] mmcblk0rpmb: mmc0:0001 BGSD3R partition 3 4.00 MiB, chardev (509:0)
[    2.937693] ehci-platform ee080100.usb: EHCI Host Controller
[    2.938272]  mmcblk0: p1
[    2.943382] ehci-platform ee080100.usb: new USB bus registered, assigned bus number 7
[    2.953812] ehci-platform ee080100.usb: irq 174, io mem 0xee080100
[    2.973673] ehci-platform ee080100.usb: USB 2.0 started, EHCI 1.10
[    2.980213] hub 7-0:1.0: USB hub found
[    2.983994] hub 7-0:1.0: 1 port detected
[    2.989496] ohci-platform ee080000.usb: Generic Platform OHCI controller
[    2.996226] ohci-platform ee080000.usb: new USB bus registered, assigned bus number 8
[    3.004118] ohci-platform ee080000.usb: irq 174, io mem 0xee080000
[    3.099989] hub 8-0:1.0: USB hub found
[    3.103762] hub 8-0:1.0: 1 port detected
[    3.109051] cpu cpu0: EM: created perf domain
[    3.114110] cpu cpu4: EM: created perf domain
[    3.122049] renesas_sdhi_internal_dmac ee100000.mmc: Got CD GPIO
[    3.124755] renesas_sdhi_internal_dmac ee160000.mmc: Got CD GPIO
[    3.128160] renesas_sdhi_internal_dmac ee100000.mmc: Got WP GPIO
[    3.128478] [drm] Initialized rcar-du 1.0.0 20130110 for feb00000.display on minor 0
[    3.128480] [drm] Device feb00000.display probed
[    3.134154] renesas_sdhi_internal_dmac ee160000.mmc: Got WP GPIO
[    3.187063] renesas_sdhi_internal_dmac ee100000.mmc: mmc1 base at 0x00000000ee100000, max clock rate 200 MHz
[    3.197604] Console: switching to colour frame buffer device 128x48
[    3.208199] renesas_sdhi_internal_dmac ee160000.mmc: mmc2 base at 0x00000000ee160000, max clock rate 200 MHz
[    3.239785] rcar-du feb00000.display: [drm] fb0: rcar-dudrmfb frame buffer device
[    3.251862] input: keys as /devices/platform/keys/input/input0
[    3.333118] Micrel KSZ9031 Gigabit PHY e6800000.ethernet-ffffffff:00: attached PHY driver [Micrel KSZ9031 Gigabit PHY] (mii_bus:phy_addr=e6800000.ethernet-ffffffff:00, irq=183)
[   10.011121] ravb e6800000.ethernet eth0: Link is Up - 1Gbps/Full - flow control off
[   10.041704] IP-Config: Guessing netmask 255.255.255.0
[   10.046863] IP-Config: Complete:
[   10.050179]      device=eth0, hwaddr=2e:09:0a:03:84:20, ipaddr=192.168.10.104, mask=255.255.255.0, gw=255.255.255.255
[   10.060989]      host=192.168.10.104, domain=, nis-domain=(none)
[   10.067122]      bootserver=255.255.255.255, rootserver=192.168.10.98, rootpath=
[   10.067753] ALSA device list:
[   10.078361]   No soundcards found.
[   10.432955] VFS: Mounted root (nfs4 filesystem) on device 0:22.
[   10.440070] devtmpfs: mounted
[   10.446826] Freeing unused kernel memory: 6080K
[   10.469802] Run /sbin/init as init process
[   10.632234] systemd[1]: System time before build time, advancing clock.
[   10.962866] NET: Registered protocol family 10
[   10.968654] Segment Routing with IPv6
[   10.989395] systemd[1]: systemd 244 running in system mode. (+PAM -AUDIT -SELINUX +IMA -APPARMOR -SMACK +SYSVINIT +UTMP -LIBCRYPTSETUP -GCRYPT -GNUTLS +ACL +XZ -LZ4 -SECCOMP +BLKID -ELFUTILS +KMOD -IDN2 -IDN -PCRE2 default-hierarchy=hybrid)
[   11.012744] systemd[1]: Detected architecture arm64.

Welcome to [1mPoky (Yocto Project Reference Distro) 3.1.11 (dunfell)[0m!

[   11.047911] systemd[1]: Set hostname to <salvator-x>.
[   11.297731] random: crng init done
[   11.784751] systemd[1]: system-getty.slice: unit configures an IP firewall, but the local system does not support BPF/cgroup firewalling.
[   11.805905] systemd[1]: (This warning is only shown for the first unit using IP firewalling.)
[   11.820617] systemd[1]: Created slice system-getty.slice.
[[0;32m  OK  [0m] Created slice [0;1;39msystem-getty.slice[0m.
[   11.842764] systemd[1]: Created slice system-serial\x2dgetty.slice.
[[0;32m  OK  [0m] Created slice [0;1;39msystem-serial\x2dgetty.slice[0m.
[   11.866855] systemd[1]: Created slice User and Session Slice.
[[0;32m  OK  [0m] Created slice [0;1;39mUser and Session Slice[0m.
[   11.889981] systemd[1]: Started Dispatch Password Requests to Console Directory Watch.
[[0;32m  OK  [0m] Started [0;1;39mDispatch Password â€¦ts to Console Directory Watch[0m.
[   11.922055] systemd[1]: Started Forward Password Requests to Wall Directory Watch.
[[0;32m  OK  [0m] Started [0;1;39mForward Password Râ€¦uests to Wall Directory Watch[0m.
[   11.949939] systemd[1]: Reached target Paths.
[[0;32m  OK  [0m] Reached target [0;1;39mPaths[0m.
[   11.973848] systemd[1]: Reached target Remote File Systems.
[[0;32m  OK  [0m] Reached target [0;1;39mRemote File Systems[0m.
[   11.997833] systemd[1]: Reached target Slices.
[[0;32m  OK  [0m] Reached target [0;1;39mSlices[0m.
[   12.021837] systemd[1]: Reached target Swap.
[[0;32m  OK  [0m] Reached target [0;1;39mSwap[0m.
[   12.048604] systemd[1]: Listening on RPCbind Server Activation Socket.
[[0;32m  OK  [0m] Listening on [0;1;39mRPCbind Server Activation Socket[0m.
[   12.077874] systemd[1]: Reached target RPC Port Mapper.
[[0;32m  OK  [0m] Reached target [0;1;39mRPC Port Mapper[0m.
[   12.102169] systemd[1]: Listening on initctl Compatibility Named Pipe.
[[0;32m  OK  [0m] Listening on [0;1;39minitctl Compatibility Named Pipe[0m.
[   12.131609] systemd[1]: Listening on Journal Audit Socket.
[[0;32m  OK  [0m] Listening on [0;1;39mJournal Audit Socket[0m.
[   12.159256] systemd[1]: Listening on Journal Socket (/dev/log).
[[0;32m  OK  [0m] Listening on [0;1;39mJournal Socket (/dev/log)[0m.
[   12.186500] systemd[1]: Listening on Journal Socket.
[[0;32m  OK  [0m] Listening on [0;1;39mJournal Socket[0m.
[   12.212005] systemd[1]: Listening on Network Service Netlink Socket.
[[0;32m  OK  [0m] Listening on [0;1;39mNetwork Service Netlink Socket[0m.
[   12.239893] systemd[1]: Listening on udev Control Socket.
[[0;32m  OK  [0m] Listening on [0;1;39mudev Control Socket[0m.
[   12.266320] systemd[1]: Listening on udev Kernel Socket.
[[0;32m  OK  [0m] Listening on [0;1;39mudev Kernel Socket[0m.
[   12.295288] systemd[1]: Mounting Huge Pages File System...
         Mounting [0;1;39mHuge Pages File System[0m...
[   12.323246] systemd[1]: Mounting POSIX Message Queue File System...
         Mounting [0;1;39mPOSIX Message Queue File System[0m...
[   12.354957] systemd[1]: Mounting Kernel Debug File System...
         Mounting [0;1;39mKernel Debug File System[0m...
[   12.386633] systemd[1]: Mounting Temporary Directory (/tmp)...
         Mounting [0;1;39mTemporary Directory (/tmp)[0m...
[   12.416297] systemd[1]: Starting Create list of static device nodes for the current kernel...
         Starting [0;1;39mCreate list of stâ€¦odes for the current kernel[0m...
[   12.450806] systemd[1]: Starting Start psplash boot splash screen...
         Starting [0;1;39mStart psplash boot splash screen[0m...
[   12.484546] systemd[1]: Starting RPC Bind...
         Starting [0;1;39mRPC Bind[0m...
[   12.504080] systemd[1]: Condition check resulted in File System Check on Root Device being skipped.
[   12.520151] systemd[1]: Starting Journal Service...
         Starting [0;1;39mJournal Service[0m...
[   12.545797] systemd[1]: Starting Load Kernel Modules...
         Starting [0;1;39mLoad Kernel Modules[0m...
[   12.570636] systemd[1]: Starting Remount Root and Kernel File Systems...
         Starting [0;1;39mRemount Root and Kernel File Systems[0m...
[   12.600119] systemd[1]: Starting udev Coldplug all Devices...
         Starting [0;1;39mudev Coldplug all Devices[0m...
[   12.630647] systemd[1]: Started Start psplash boot splash screen.
[[0;32m  OK  [0m] Started [0;1;39mStart psplash boot splash screen[0m.
[   12.658558] systemd[1]: Started RPC Bind.
[[0;32m  OK  [0m] Started [0;1;39mRPC Bind[0m.
[   12.678534] systemd[1]: Started Journal Service.
[[0;32m  OK  [0m] Started [0;1;39mJournal Service[0m.
[[0;32m  OK  [0m] Mounted [0;1;39mHuge Pages File System[0m.
[[0;32m  OK  [0m] Mounted [0;1;39mPOSIX Message Queue File System[0m.
[[0;32m  OK  [0m] Mounted [0;1;39mKernel Debug File System[0m.
[[0;32m  OK  [0m] Mounted [0;1;39mTemporary Directory (/tmp)[0m.
[[0;32m  OK  [0m] Started [0;1;39mCreate list of staâ€¦ nodes for the current kernel[0m.
[[0;32m  OK  [0m] Started [0;1;39mLoad Kernel Modules[0m.
[[0;32m  OK  [0m] Started [0;1;39mRemount Root and Kernel File Systems[0m.
         Mounting [0;1;39mKernel Configuration File System[0m...
[[0;32m  OK  [0m] Started [0;1;39mStart psplash-systâ€¦progress communication helper[0m.
         Starting [0;1;39mFlush Journal to Persistent Storage[0m...
         Starting [0;1;39mApply Kernel Variables[0m...
[   12.912550] systemd-journald[359]: Received client request to flush runtime journal.
         Starting [0;1;39mCreate Static Device Nodes in /dev[0m...
[[0;32m  OK  [0m] Mounted [0;1;39mKernel Configuration File System[0m.
[[0;32m  OK  [0m] Started [0;1;39mFlush Journal to Persistent Storage[0m.
[[0;32m  OK  [0m] Started [0;1;39mApply Kernel Variables[0m.
[[0;32m  OK  [0m] Started [0;1;39mCreate Static Device Nodes in /dev[0m.
[[0;32m  OK  [0m] Reached target [0;1;39mLocal File Systems (Pre)[0m.
         Mounting [0;1;39m/var/volatile[0m...
         Starting [0;1;39mudev Kernel Device Manager[0m...
[[0;32m  OK  [0m] Started [0;1;39mudev Coldplug all Devices[0m.
[[0;32m  OK  [0m] Mounted [0;1;39m/var/volatile[0m.
         Starting [0;1;39mLoad/Save Random Seed[0m...
[[0;32m  OK  [0m] Reached target [0;1;39mLocal File Systems[0m.
         Starting [0;1;39mCreate Volatile Files and Directories[0m...
[[0;32m  OK  [0m] Started [0;1;39mudev Kernel Device Manager[0m.
[[0;32m  OK  [0m] Started [0;1;39mLoad/Save Random Seed[0m.
         Starting [0;1;39mNetwork Service[0m...
[[0;32m  OK  [0m] Started [0;1;39mNetwork Service[0m.
[[0;32m  OK  [0m] Started [0;1;39mCreate Volatile Files and Directories[0m.
         Starting [0;1;39mNetwork Name Resolution[0m...
         Starting [0;1;39mNetwork Time Synchronization[0m...
         Starting [0;1;39mUpdate UTMP about System Boot/Shutdown[0m...
[   13.459345] pwm-backlight: probe of backlight failed with error -16
[   13.467347] at24 7-0050: supply vcc not found, using dummy regulator
[   13.476096] at24 7-0050: 128 byte br24t01 EEPROM, writable, 8 bytes/write
[[0;32m  OK  [0m] Reached target [0;1;39mHardware activated USB gadget[0m.
[   13.503134] renesas_usb3 ee020000.usb: probed with phy
[[0;32m  OK  [0m] Started [0;1;39mNetwork Name Resolution[0m.
[[0;32m  OK  [0m] Created slice [0;1;39msystem-weston.slice[0m.
[[0;32m  OK  [0m] Reached target [0;1;39mNetwork[0m.
[   13.686077] xhci-hcd ee000000.usb: xHCI Host Controller
[   13.692028] xhci-hcd ee000000.usb: new USB bus registered, assigned bus number 9
[[0;32m  OK  [0m] Reached target [0;1;39mHost and Network Name Lookups[0m.
[   13.716016] xhci-hcd ee000000.usb: hcc params 0x014051ce hci version 0x100 quirks 0x0000000000830410
[   13.725473] xhci-hcd ee000000.usb: irq 172, io mem 0xee000000
[   13.731549] xhci-hcd ee000000.usb: xHCI Host Controller
[   13.736926] xhci-hcd ee000000.usb: new USB bus registered, assigned bus number 10
[   13.744746] xhci-hcd ee000000.usb: Host supports USB 3.0 SuperSpeed
[   13.745520] ccree e6601000.crypto: ARM CryptoCell 630P Driver: HW version 0xAF400001/0xDCC63000, Driver version 5.0
[   13.751513] hub 9-0:1.0: USB hub found
[   13.765530] hub 9-0:1.0: 1 port detected
[   13.767667] ccree e6601000.crypto: ARM ccree device initialized
[   13.773233] usb usb10: We don't know the algorithms for LPM for this host, disabling LPM.
[[0;32m  OK  [[   13.783978] hub 10-0:1.0: USB hub found
0m] Started [0;[   13.789127] hub 10-0:1.0: 1 port detected
1;39mNetwork Time Synchronization[0m.
[[0;32m  OK  [0m] Started [0;1;39mUpdate UTMP about System Boot/Shutdown[0m.
[[0;32m  OK  [0m] Reached target [0;1;39mSystem Initialization[0m.
[[0;32m  OK  [0m] Started [0;1;39mDaily Cleanup of Temporary Directories[0m.
[[0;32m  OK  [0m] Reached target [0;1;39mSystem Time Set[0m.
[[0;32m  OK  [0m] Reached target [0;1;39mSystem Time Synchronized[0m.
[[0;32m  OK  [0m] Reached target [0;1;39mTimers[0m.
[[0;32m  OK  [0m] Listening on [0;1;39mAvahi mDNS/DNS-SD Stack Activation Socket[0m.
[[0;32m  OK  [0m] Listening on [0;1;39mD-Bus System Message Bus Socket[0m.
[[0;32m  OK  [0m] Listening on [0;1;39mdropbear.socket[0m.
[[0;32m  OK  [0m] Reached target [0;1;39mSockets[0m.
[[0;32m  OK  [0m] Reached target [0;1;39mBasic System[0m.
         Starting [0;1;39mAvahi mDNS/DNS-SD Stack[0m...
[[0;32m  OK  [0m] Started [0;1;39mD-Bus System Message Bus[0m.
[[0;32m  OK  [0m] Started [0;1;39moptee services[0m.
         Starting [0;1;39mpvrinit.service[0m...
         Starting [0;1;39mPowerVR consumer services[0m...
         Starting [0;1;39mLogin Service[0m...
         Starting [0;1;39mPermit User Sessions[0m...
[[0;32m  OK  [0m] Started [0;1;39mXinetd A Powerful Replacement For Inetd[0m.
[[0;1;31mFAILED[0m] Failed to start [0;1;39mPowerVR consumer services[0m.
See 'systemctl status rc.pvr.service' for details.
[[0;1;38;5;185mDEPEND[0m] Dependency failed for [0;1;39mWeston Wayland Compositor[0m.
[[0;1;31mFAILED[0m] Failed to start [0;1;39mpvrinit.service[0m.
See 'systemctl status pvrinit.service' for details.
[[0;32m  OK  [0m] Started [0;1;39mPermit User Sessions[0m.
[[0;32m  OK  [0m] Started [0;1;39mGetty on tty1[0m.
[[0;32m  OK  [0m] Started [0;1;39mSerial Getty on ttySC0[0m.
[[0;32m  OK  [0m] Reached target [0;1;39mLogin Prompts[0m.
         Starting [0;1;39mset_default_governor.service[0m...
[[0;32m  OK  [0m] Started [0;1;39mAvahi mDNS/DNS-SD Stack[0m.
[[0;32m  OK  [0m] Started [0;1;39mLogin Service[0m.
[   14.530047] rd 0-7: Disabling EAS, schedutil is mandatory
[[0;32m  OK  [0m] Started [0;1;39mset_default_governor.service[0m.
[[0;32m  OK  [0m] Reached target [0;1;39mMulti-User System[0m.
         Starting [0;1;39mUpdate UTMP about Sys[   14.598107] usb 10-1: new SuperSpeed Gen 1 USB device number 2 using xhci-hcd
tem Runlevel Changes[0m...
[[0;32m  OK  [0m] Started [0;1;39mUpdate UTMP about S[   14.635168] usb-storage 10-1:1.0: USB Mass Storage device detected
ystem Runlevel C[   14.642569] scsi host1: usb-storage 10-1:1.0
hanges[0m.


Poky (Yocto Project Reference Distro) 3.1.11 salvator-x ttySC0

salvator-x login: [   15.678826] scsi 1:0:0:0: Direct-Access     SanDisk  Ultra            1.00 PQ: 0 ANSI: 6
[   15.687749] sd 1:0:0:0: [sda] 121307136 512-byte logical blocks: (62.1 GB/57.8 GiB)
[   15.696975] sd 1:0:0:0: [sda] Write Protect is off
[   15.702462] sd 1:0:0:0: [sda] Write cache: disabled, read cache: enabled, doesn't support DPO or FUA
[   15.743108]  sda: sda1
[   15.753823] sd 1:0:0:0: [sda] Attached SCSI removable disk


salvator-x login: root

[   16.667101] audit: type=1006 audit(1703064538.032:2): pid=534 uid=0 old-auid=4294967295 auid=0 tty=(none) old-ses=4294967295 ses=1 res=1
7[r[999;999H[6n8root@salvator-x:~# 
root@salvator-x:~# 
root@salvator-x:~# 
root@salvator-x:~# 
root@salvator-x:~# 
root@salvator-x:~# 
root@salvator-x:~# 
root@salvator-x:~# 
root@salvator-x:~# 
root@salvator-x:~# find /sys/devices/platform/soc/ee000000.usb/ -name 'sd*'
/sys/devices/platform/soc/ee000000.usb/usb10/10-1/10-1:1.0/host1/target1:0:0/1:0:0:0/block/sda
/sys/devices/platform/soc/ee000000.usb/usb10/10-1/10-1:1.0/host1/target1:0:0/1:0:0:0/block/sda/sda1
root@salvator-x:~# 
root@salvator-x:~# cd ~/usb3h_test
root@salvator-x:~/usb3h_test# 
root@salvator-x:~/usb3h_test# mkdir -p /mnt/usbfm
root@salvator-x:~/usb3h_test# 
root@salvator-x:~/usb3h_test# mount /dev/sda1 /mnt/usbfm
[   37.876885] EXT4-fs (sda1): 1 truncate cleaned up
[   37.881639] EXT4-fs (sda1): recovery complete
[   37.966953] EXT4-fs (sda1): mounted filesystem with ordered data mode. Opts: (null)
root@salvator-x:~/usb3h_test# 
root@salvator-x:~/usb3h_test# taskset -c 0 ./fm2.sh &
[1] 550
root@salvator-x:~/usb3h_test# 
root@salvator-x:~/usb3h_test# taskset -c 1 ./fm2_2.sh & taskset -c 2 ./fm2_3.sh &
& taskset -c 3 ./fm1.sh
[2] 554
[3] 555
1+0 records in
1+0 records out
10485760 bytes (10 MB, 10 MiB) copied, 0.478992 s, 21.9 MB/s
0+0 records in
0+0 records out
0 bytes copied, 0.000322596 s, 0.0 kB/s
1+0 records in
1+0 records out
10485760 bytes (10 MB, 10 MiB) copied, 0.0518704 s, 202 MB/s
0+0 records in
0+0 records out
0 bytes copied, 8.2452e-05 s, 0.0 kB/s
10+0 records in
10+0 records out
10485760 bytes (10 MB, 10 MiB) copied, 0.224522 s, 46.7 MB/s
10+0 records in
10+0 records out
10485760 bytes (10 MB, 10 MiB) copied, 0.208705 s, 50.2 MB/s
1+0 records in
1+0 records out
10485760 bytes (10 MB, 10 MiB) copied, 0.88334 s, 11.9 MB/s
0+0 records in
0+0 records out
0 bytes copied, 8.2692e-05 s, 0.0 kB/s
1+0 records in
1+0 records out
10485760 bytes (10 MB, 10 MiB) copied, 0.0613268 s, 171 MB/s
1+0 records in
1+0 records out
10485760 bytes (10 MB, 10 MiB) copied, 0.0119049 s, 881 MB/s
10+0 records in
10+0 records out
10485760 bytes (10 MB, 10 MiB) copied, 0.715035 s, 14.7 MB/s
1+0 records in
1+0 records out
10485760 bytes (10 MB, 10 MiB) copied, 0.216774 s, 48.4 MB/s
0+0 records in
0+0 records out
0 bytes copied, 9.2668e-05 s, 0.0 kB/s
1+0 records in
1+0 records out
10485760 bytes (10 MB, 10 MiB) copied, 0.310246 s, 33.8 MB/s
0+0 records in
0+0 records out
0 bytes copied, 9.5793e-05 s, 0.0 kB/s
1+0 records in
1+0 records out
10485760 bytes (10 MB, 10 MiB) copied, 0.0614774 s, 171 MB/s
1+0 records in
1+0 records out
10485760 bytes (10 MB, 10 MiB) copied, 0.0115847 s, 905 MB/s
10+0 records in
10+0 records out
10485760 bytes (10 MB, 10 MiB) copied, 0.232695 s, 45.1 MB/s
1+0 records in
1+0 records out
10485760 bytes (10 MB, 10 MiB) copied, 0.427648 s, 24.5 MB/s
0+0 records in
0+0 records out
0 bytes copied, 7.464e-05 s, 0.0 kB/s
1+0 records in
1+0 records out
10485760 bytes (10 MB, 10 MiB) copied, 0.657367 s, 16.0 MB/s
0+0 records in
0+0 records out
0 bytes copied, 0.000100121 s, 0.0 kB/s
10+0 records in
10+0 records out
10485760 bytes (10 MB, 10 MiB) copied, 0.577873 s, 18.1 MB/s
1+0 records in
1+0 records out
10485760 bytes (10 MB, 10 MiB) copied, 0.0500888 s, 209 MB/s
1+0 records in
1+0 records out
10485760 bytes (10 MB, 10 MiB) copied, 0.0149965 s, 699 MB/s
1+0 records in
1+0 records out
10485760 bytes (10 MB, 10 MiB) copied, 0.117137 s, 89.5 MB/s
0+0 records in
0+0 records out
0 bytes copied, 0.000405168 s, 0.0 kB/s
1+0 records in
1+0 records out
10485760 bytes (10 MB, 10 MiB) copied, 0.197618 s, 53.1 MB/s
0+0 records in
0+0 records out
0 bytes copied, 0.000115985 s, 0.0 kB/s
1+0 records in
1+0 records out
10485760 bytes (10 MB, 10 MiB) copied, 0.0618738 s, 169 MB/s
10+0 records in
10+0 records out
10485760 bytes (10 MB, 10 MiB) copied, 0.223701 s, 46.9 MB/s
1+0 records in
1+0 records out
10485760 bytes (10 MB, 10 MiB) copied, 0.0128472 s, 816 MB/s
1+0 records in
1+0 records out
10485760 bytes (10 MB, 10 MiB) copied, 0.153262 s, 68.4 MB/s
0+0 records in
0+0 records out
0 bytes copied, 0.000120072 s, 0.0 kB/s
1+0 records in
1+0 records out
10485760 bytes (10 MB, 10 MiB) copied, 0.237748 s, 44.1 MB/s
0+0 records in
0+0 records out
0 bytes copied, 0.000109736 s, 0.0 kB/s
1+0 records in
1+0 records out
10485760 bytes (10 MB, 10 MiB) copied, 0.0610989 s, 172 MB/s
1+0 records in
1+0 records out
10485760 bytes (10 MB, 10 MiB) copied, 0.0114286 s, 918 MB/s
[   41.949812] SDHI0 VccQ: disabling
[   41.953206] SDHI3 VccQ: disabling
1+0 records in
1+0 records out
10485760 bytes (10 MB, 10 MiB) copied, 4.12856 s, 2.5 MB/s
0+0 records in
0+0 records out
0 bytes copied, 8.0048e-05 s, 0.0 kB/s
6 sec passed by  fm2_3
1+0 records in
1+0 records out
10485760 bytes (10 MB, 10 MiB) copied, 4.35931 s, 2.4 MB/s
0+0 records in
0+0 records out
0 bytes copied, 0.000113221 s, 0.0 kB/s
7 sec passed by  fm2_2
10+0 records in
10+0 records out
10485760 bytes (10 MB, 10 MiB) copied, 4.51427 s, 2.3 MB/s
1+0 records in
1+0 records out
10485760 bytes (10 MB, 10 MiB) copied, 0.0529638 s, 198 MB/s
0+0 records in
0+0 records out
0 bytes copied, 0.000107452 s, 0.0 kB/s
8 sec passed by  fm2
1+0 records in
1+0 records out
10485760 bytes (10 MB, 10 MiB) copied, 0.191535 s, 54.7 MB/s
0+0 records in
0+0 records out
0 bytes copied, 8.5937e-05 s, 0.0 kB/s
1+0 records in
1+0 records out
10485760 bytes (10 MB, 10 MiB) copied, 0.0593692 s, 177 MB/s
10+0 records in
10+0 records out
10485760 bytes (10 MB, 10 MiB) copied, 0.243232 s, 43.1 MB/s
1+0 records in
1+0 records out
10485760 bytes (10 MB, 10 MiB) copied, 0.0130085 s, 806 MB/s
7 sec passed by  fm1
1+0 records in
1+0 records out
10485760 bytes (10 MB, 10 MiB) copied, 0.573165 s, 18.3 MB/s
0+0 records in
0+0 records out
0 bytes copied, 7.3678e-05 s, 0.0 kB/s
1+0 records in
1+0 records out
10485760 bytes (10 MB, 10 MiB) copied, 0.900869 s, 11.6 MB/s
0+0 records in
0+0 records out
0 bytes copied, 9.4471e-05 s, 0.0 kB/s
10+0 records in
10+0 records out
10485760 bytes (10 MB, 10 MiB) copied, 0.847923 s, 12.4 MB/s
1+0 records in
1+0 records out
10485760 bytes (10 MB, 10 MiB) copied, 0.0489655 s, 214 MB/s
0+0 records in
0+0 records out
0 bytes copied, 7.1274e-05 s, 0.0 kB/s
1+0 records in
1+0 records out
10485760 bytes (10 MB, 10 MiB) copied, 0.197602 s, 53.1 MB/s
0+0 records in
0+0 records out
0 bytes copied, 9.2909e-05 s, 0.0 kB/s
10+0 records in
10+0 records out
10485760 bytes (10 MB, 10 MiB) copied, 0.203276 s, 51.6 MB/s
1+0 records in
1+0 records out
10485760 bytes (10 MB, 10 MiB) copied, 0.0608775 s, 172 MB/s
1+0 records in
1+0 records out
10485760 bytes (10 MB, 10 MiB) copied, 0.0126486 s, 829 MB/s
1+0 records in
1+0 records out
10485760 bytes (10 MB, 10 MiB) copied, 0.53745 s, 19.5 MB/s
0+0 records in
0+0 records out
0 bytes copied, 0.000117068 s, 0.0 kB/s
1+0 records in
1+0 records out
10485760 bytes (10 MB, 10 MiB) copied, 0.726627 s, 14.4 MB/s
0+0 records in
0+0 records out
0 bytes copied, 0.000104567 s, 0.0 kB/s
1+0 records in
1+0 records out
10485760 bytes (10 MB, 10 MiB) copied, 0.0484823 s, 216 MB/s
0+0 records in
0+0 records out
0 bytes copied, 7.0072e-05 s, 0.0 kB/s
10 sec passed by  fm2
10+0 records in
10+0 records out
10485760 bytes (10 MB, 10 MiB) copied, 0.722658 s, 14.5 MB/s
1+0 records in
1+0 records out
10485760 bytes (10 MB, 10 MiB) copied, 0.233547 s, 44.9 MB/s
0+0 records in
0+0 records out
0 bytes copied, 9.6875e-05 s, 0.0 kB/s
10+0 records in
10+0 records out
10485760 bytes (10 MB, 10 MiB) copied, 0.180059 s, 58.2 MB/s
1+0 records in
1+0 records out
10485760 bytes (10 MB, 10 MiB) copied, 0.0619721 s, 169 MB/s
1+0 records in
1+0 records out
10485760 bytes (10 MB, 10 MiB) copied, 0.0161452 s, 649 MB/s
1+0 records in
1+0 records out
10485760 bytes (10 MB, 10 MiB) copied, 0.109459 s, 95.8 MB/s
1+0 records in
1+0 records out
10485760 bytes (10 MB, 10 MiB) copied, 0.0161988 s, 647 MB/s
1+0 records in
1+0 records out
10485760 bytes (10 MB, 10 MiB) copied, 0.215941 s, 48.6 MB/s
0+0 records in
0+0 records out
0 bytes copied, 9.6875e-05 s, 0.0 kB/s
1+0 records in
1+0 records out
10485760 bytes (10 MB, 10 MiB) copied, 0.0587656 s, 178 MB/s
1+0 records in
1+0 records out
10485760 bytes (10 MB, 10 MiB) copied, 0.0115572 s, 907 MB/s
1+0 records in
1+0 records out
10485760 bytes (10 MB, 10 MiB) copied, 0.688829 s, 15.2 MB/s
0+0 records in
0+0 records out
0 bytes copied, 7.1515e-05 s, 0.0 kB/s
10 sec passed by  fm2_2
1+0 records in
1+0 records out
10485760 bytes (10 MB, 10 MiB) copied, 0.927135 s, 11.3 MB/s
0+0 records in
0+0 records out
0 bytes copied, 9.6154e-05 s, 0.0 kB/s
10 sec passed by  fm2_3
1+0 records in
1+0 records out
10485760 bytes (10 MB, 10 MiB) copied, 0.047999 s, 218 MB/s
10+0 records in
10+0 records out
10485760 bytes (10 MB, 10 MiB) copied, 1.13678 s, 9.2 MB/s
0+0 records in
0+0 records out
0 bytes copied, 7.4639e-05 s, 0.0 kB/s
1+0 records in
1+0 records out
10485760 bytes (10 MB, 10 MiB) copied, 0.172228 s, 60.9 MB/s
0+0 records in
0+0 records out
0 bytes copied, 0.000108293 s, 0.0 kB/s
1+0 records in
1+0 records out
10485760 bytes (10 MB, 10 MiB) copied, 0.0837363 s, 125 MB/s
1+0 records in
1+0 records out
10485760 bytes (10 MB, 10 MiB) copied, 0.0115309 s, 909 MB/s
10+0 records in
10+0 records out
10485760 bytes (10 MB, 10 MiB) copied, 0.227576 s, 46.1 MB/s
10 sec passed by  fm1
1+0 records in
1+0 records out
10485760 bytes (10 MB, 10 MiB) copied, 0.15157 s, 69.2 MB/s
0+0 records in
0+0 records out
0 bytes copied, 0.000111298 s, 0.0 kB/s
1+0 records in
1+0 records out
10485760 bytes (10 MB, 10 MiB) copied, 0.52482 s, 20.0 MB/s
0+0 records in
0+0 records out
0 bytes copied, 9.3149e-05 s, 0.0 kB/s
1+0 records in
1+0 records out
10485760 bytes (10 MB, 10 MiB) copied, 0.0496202 s, 211 MB/s
1+0 records in
1+0 records out
10485760 bytes (10 MB, 10 MiB) copied, 0.0116885 s, 897 MB/s
1+0 records in
1+0 records out
10485760 bytes (10 MB, 10 MiB) copied, 0.385968 s, 27.2 MB/s
0+0 records in
0+0 records out
0 bytes copied, 8.2452e-05 s, 0.0 kB/s
10+0 records in
10+0 records out
10485760 bytes (10 MB, 10 MiB) copied, 0.787245 s, 13.3 MB/s
1+0 records in
1+0 records out
10485760 bytes (10 MB, 10 MiB) copied, 0.580044 s, 18.1 MB/s
0+0 records in
0+0 records out
0 bytes copied, 8.4495e-05 s, 0.0 kB/s
10+0 records in
10+0 records out
10485760 bytes (10 MB, 10 MiB) copied, 0.184949 s, 56.7 MB/s
1+0 records in
1+0 records out
10485760 bytes (10 MB, 10 MiB) copied, 0.152129 s, 68.9 MB/s
1+0 records in
1+0 records out
10485760 bytes (10 MB, 10 MiB) copied, 0.0156315 s, 671 MB/s
1+0 records in
1+0 records out
10485760 bytes (10 MB, 10 MiB) copied, 0.204188 s, 51.4 MB/s
0+0 records in
0+0 records out
0 bytes copied, 0.000119592 s, 0.0 kB/s
1+0 records in
1+0 records out
10485760 bytes (10 MB, 10 MiB) copied, 0.21429 s, 48.9 MB/s
0+0 records in
0+0 records out
0 bytes copied, 7.1274e-05 s, 0.0 kB/s
1+0 records in
1+0 records out
10485760 bytes (10 MB, 10 MiB) copied, 0.0591674 s, 177 MB/s
1+0 records in
1+0 records out
10485760 bytes (10 MB, 10 MiB) copied, 0.0118292 s, 886 MB/s
1+0 records in
1+0 records out
10485760 bytes (10 MB, 10 MiB) copied, 0.210395 s, 49.8 MB/s
0+0 records in
0+0 records out
0 bytes copied, 8.0289e-05 s, 0.0 kB/s
10+0 records in
10+0 records out
10485760 bytes (10 MB, 10 MiB) copied, 0.516077 s, 20.3 MB/s
1+0 records in
1+0 records out
10485760 bytes (10 MB, 10 MiB) copied, 0.365264 s, 28.7 MB/s
0+0 records in
0+0 records out
0 bytes copied, 0.000142307 s, 0.0 kB/s
1+0 records in
1+0 records out
10485760 bytes (10 MB, 10 MiB) copied, 0.0856489 s, 122 MB/s
1+0 records in
1+0 records out
10485760 bytes (10 MB, 10 MiB) copied, 0.0143976 s, 728 MB/s
1+0 records in
1+0 records out
10485760 bytes (10 MB, 10 MiB) copied, 0.144252 s, 72.7 MB/s
0+0 records in
0+0 records out
0 bytes copied, 0.000358173 s, 0.0 kB/s
1+0 records in
1+0 records out
10485760 bytes (10 MB, 10 MiB) copied, 0.201676 s, 52.0 MB/s
0+0 records in
0+0 records out
0 bytes copied, 6.9471e-05 s, 0.0 kB/s
10+0 records in
10+0 records out
10485760 bytes (10 MB, 10 MiB) copied, 0.227389 s, 46.1 MB/s
1+0 records in
1+0 records out
10485760 bytes (10 MB, 10 MiB) copied, 0.614773 s, 17.1 MB/s
1+0 records in
1+0 records out
10485760 bytes (10 MB, 10 MiB) copied, 0.0118078 s, 888 MB/s
1+0 records in
1+0 records out
10485760 bytes (10 MB, 10 MiB) copied, 0.765422 s, 13.7 MB/s
0+0 records in
0+0 records out
0 bytes copied, 7.6803e-05 s, 0.0 kB/s
1+0 records in
1+0 records out
10485760 bytes (10 MB, 10 MiB) copied, 1.01805 s, 10.3 MB/s
0+0 records in
0+0 records out
0 bytes copied, 9.2548e-05 s, 0.0 kB/s
10+0 records in
10+0 records out
10485760 bytes (10 MB, 10 MiB) copied, 1.02679 s, 10.2 MB/s
1+0 records in
1+0 records out
10485760 bytes (10 MB, 10 MiB) copied, 0.171881 s, 61.0 MB/s
1+0 records in
1+0 records out
10485760 bytes (10 MB, 10 MiB) copied, 0.173552 s, 60.4 MB/s
1+0 records in
1+0 records out
10485760 bytes (10 MB, 10 MiB) copied, 0.198654 s, 52.8 MB/s
1+0 records in
1+0 records out
10485760 bytes (10 MB, 10 MiB) copied, 0.014779 s, 710 MB/s
0+1 records in
0+1 records out
6643712 bytes (6.6 MB, 6.3 MiB) copied, 0.0104585 s, 635 MB/s
0+1 records in
0+1 records out
1015808 bytes (1.0 MB, 992 KiB) copied, 0.013181 s, 77.1 MB/s
10+0 records in
10+0 records out
10485760 bytes (10 MB, 10 MiB) copied, 0.242532 s, 43.2 MB/s
1+0 records in
1+0 records out
10485760 bytes (10 MB, 10 MiB) copied, 0.196857 s, 53.3 MB/s
0+0 records in
0+0 records out
0 bytes copied, 0.000102043 s, 0.0 kB/s
1+0 records in
1+0 records out
10485760 bytes (10 MB, 10 MiB) copied, 0.473187 s, 22.2 MB/s
0+0 records in
0+0 records out
0 bytes copied, 8.5576e-05 s, 0.0 kB/s
1+0 records in
1+0 records out
10485760 bytes (10 MB, 10 MiB) copied, 0.0611383 s, 172 MB/s
10+0 records in
10+0 records out
10485760 bytes (10 MB, 10 MiB) copied, 0.430106 s, 24.4 MB/s
1+0 records in
1+0 records out
10485760 bytes (10 MB, 10 MiB) copied, 0.0124061 s, 845 MB/s
1+0 records in
1+0 records out
10485760 bytes (10 MB, 10 MiB) copied, 0.114832 s, 91.3 MB/s
0+0 records in
0+0 records out
0 bytes copied, 0.000171514 s, 0.0 kB/s
15 sec passed by  fm2
10+0 records in
10+0 records out
10485760 bytes (10 MB, 10 MiB) copied, 0.180632 s, 58.1 MB/s
1+0 records in
1+0 records out
10485760 bytes (10 MB, 10 MiB) copied, 1.74341 s, 6.0 MB/s
0+0 records in
0+0 records out
0 bytes copied, 9.6154e-05 s, 0.0 kB/s
16 sec passed by  fm2_3
1+0 records in
1+0 records out
10485760 bytes (10 MB, 10 MiB) copied, 0.0602218 s, 174 MB/s
1+0 records in
1+0 records out
10485760 bytes (10 MB, 10 MiB) copied, 0.0120538 s, 870 MB/s
10+0 records in
10+0 records out
10485760 bytes (10 MB, 10 MiB) copied, 1.77495 s, 5.9 MB/s
1+0 records in
1+0 records out
10485760 bytes (10 MB, 10 MiB) copied, 0.211379 s, 49.6 MB/s
0+0 records in
0+0 records out
0 bytes copied, 0.000104688 s, 0.0 kB/s
1+0 records in
1+0 records out
10485760 bytes (10 MB, 10 MiB) copied, 0.312381 s, 33.6 MB/s
0+0 records in
0+0 records out
0 bytes copied, 9.2308e-05 s, 0.0 kB/s
16 sec passed by  fm2_2
1+0 records in
1+0 records out
10485760 bytes (10 MB, 10 MiB) copied, 0.0616433 s, 170 MB/s
1+0 records in
1+0 records out
10485760 bytes (10 MB, 10 MiB) copied, 0.0117204 s, 895 MB/s
10+0 records in
10+0 records out
10485760 bytes (10 MB, 10 MiB) copied, 0.211452 s, 49.6 MB/s
16 sec passed by  fm1
1+0 records in
1+0 records out
10485760 bytes (10 MB, 10 MiB) copied, 0.737124 s, 14.2 MB/s
0+0 records in
0+0 records out
0 bytes copied, 8.7259e-05 s, 0.0 kB/s
1+0 records in
1+0 records out
10485760 bytes (10 MB, 10 MiB) copied, 2.9202 s, 3.6 MB/s
0+0 records in
0+0 records out
0 bytes copied, 9.2668e-05 s, 0.0 kB/s
1+0 records in
1+0 records out
10485760 bytes (10 MB, 10 MiB) copied, 0.0592546 s, 177 MB/s
1+0 records in
1+0 records out
10485760 bytes (10 MB, 10 MiB) copied, 0.0113209 s, 926 MB/s
1+0 records in
1+0 records out
10485760 bytes (10 MB, 10 MiB) copied, 1.12847 s, 9.3 MB/s
0+0 records in
0+0 records out
0 bytes copied, 7.5962e-05 s, 0.0 kB/s
20 sec passed by  fm2_3
10+0 records in
10+0 records out
10485760 bytes (10 MB, 10 MiB) copied, 4.1054 s, 2.6 MB/s
1+0 records in
1+0 records out
10485760 bytes (10 MB, 10 MiB) copied, 1.29077 s, 8.1 MB/s
0+0 records in
0+0 records out
0 bytes copied, 0.000268269 s, 0.0 kB/s
22 sec passed by  fm2
1+0 records in
1+0 records out
10485760 bytes (10 MB, 10 MiB) copied, 0.0523715 s, 200 MB/s
0+0 records in
0+0 records out
0 bytes copied, 8.5818e-05 s, 0.0 kB/s
21 sec passed by  fm2_2
10+0 records in
10+0 records out
10485760 bytes (10 MB, 10 MiB) copied, 0.223621 s, 46.9 MB/s
21 sec passed by  fm1
1+0 records in
1+0 records out
10485760 bytes (10 MB, 10 MiB) copied, 0.512862 s, 20.4 MB/s
0+0 records in
0+0 records out
0 bytes copied, 7.8005e-05 s, 0.0 kB/s
1+0 records in
1+0 records out
10485760 bytes (10 MB, 10 MiB) copied, 0.0615268 s, 170 MB/s
1+0 records in
1+0 records out
10485760 bytes (10 MB, 10 MiB) copied, 0.0123569 s, 849 MB/s
1+0 records in
1+0 records out
10485760 bytes (10 MB, 10 MiB) copied, 0.154619 s, 67.8 MB/s
0+0 records in
0+0 records out
0 bytes copied, 7.3678e-05 s, 0.0 kB/s
10+0 records in
10+0 records out
10485760 bytes (10 MB, 10 MiB) copied, 0.537757 s, 19.5 MB/s
1+0 records in
1+0 records out
10485760 bytes (10 MB, 10 MiB) copied, 0.258975 s, 40.5 MB/s
0+0 records in
0+0 records out
0 bytes copied, 0.00010012 s, 0.0 kB/s
1+0 records in
1+0 records out
10485760 bytes (10 MB, 10 MiB) copied, 0.0644118 s, 163 MB/s
1+0 records in
1+0 records out
10485760 bytes (10 MB, 10 MiB) copied, 0.0121768 s, 861 MB/s
10+0 records in
10+0 records out
10485760 bytes (10 MB, 10 MiB) copied, 0.193662 s, 54.1 MB/s
1+0 records in
1+0 records out
10485760 bytes (10 MB, 10 MiB) copied, 0.119627 s, 87.7 MB/s
0+0 records in
0+0 records out
0 bytes copied, 0.000101562 s, 0.0 kB/s
1+0 records in
1+0 records out
10485760 bytes (10 MB, 10 MiB) copied, 0.232545 s, 45.1 MB/s
0+0 records in
0+0 records out
0 bytes copied, 0.000130288 s, 0.0 kB/s
1+0 records in
1+0 records out
10485760 bytes (10 MB, 10 MiB) copied, 0.0590726 s, 178 MB/s
1+0 records in
1+0 records out
10485760 bytes (10 MB, 10 MiB) copied, 0.0113091 s, 927 MB/s
1+0 records in
1+0 records out
10485760 bytes (10 MB, 10 MiB) copied, 0.909522 s, 11.5 MB/s
0+0 records in
0+0 records out
0 bytes copied, 8.1851e-05 s, 0.0 kB/s
1+0 records in
1+0 records out
10485760 bytes (10 MB, 10 MiB) copied, 3.02011 s, 3.5 MB/s
0+0 records in
0+0 records out
0 bytes copied, 8.2692e-05 s, 0.0 kB/s
25 sec passed by  fm2_2
1+0 records in
1+0 records out
10485760 bytes (10 MB, 10 MiB) copied, 0.0570245 s, 184 MB/s
10+0 records in
10+0 records out
10485760 bytes (10 MB, 10 MiB) copied, 3.22327 s, 3.3 MB/s
1+0 records in
1+0 records out
10485760 bytes (10 MB, 10 MiB) copied, 0.0122471 s, 856 MB/s
1+0 records in
1+0 records out
10485760 bytes (10 MB, 10 MiB) copied, 0.132714 s, 79.0 MB/s
0+0 records in
0+0 records out
0 bytes copied, 0.000215144 s, 0.0 kB/s
26 sec passed by  fm2
1+0 records in
1+0 records out
10485760 bytes (10 MB, 10 MiB) copied, 0.204508 s, 51.3 MB/s
0+0 records in
0+0 records out
0 bytes copied, 8.8822e-05 s, 0.0 kB/s
25 sec passed by  fm2_3
1+0 records in
1+0 records out
10485760 bytes (10 MB, 10 MiB) copied, 0.0680018 s, 154 MB/s
1+0 records in
1+0 records out
10485760 bytes (10 MB, 10 MiB) copied, 0.0117233 s, 894 MB/s
10+0 records in
10+0 records out
10485760 bytes (10 MB, 10 MiB) copied, 0.22212 s, 47.2 MB/s
25 sec passed by  fm1
1+0 records in
1+0 records out
10485760 bytes (10 MB, 10 MiB) copied, 0.575536 s, 18.2 MB/s
0+0 records in
0+0 records out
0 bytes copied, 8.0408e-05 s, 0.0 kB/s
1+0 records in
1+0 records out
10485760 bytes (10 MB, 10 MiB) copied, 1.21043 s, 8.7 MB/s
0+0 records in
0+0 records out
0 bytes copied, 0.000101202 s, 0.0 kB/s
1+0 records in
1+0 records out
10485760 bytes (10 MB, 10 MiB) copied, 0.0584709 s, 179 MB/s
1+0 records in
1+0 records out
10485760 bytes (10 MB, 10 MiB) copied, 0.0113484 s, 924 MB/s
1+0 records in
1+0 records out
10485760 bytes (10 MB, 10 MiB) copied, 1.01026 s, 10.4 MB/s
0+0 records in
0+0 records out
0 bytes copied, 9.5072e-05 s, 0.0 kB/s
10+0 records in
10+0 records out
10485760 bytes (10 MB, 10 MiB) copied, 2.69169 s, 3.9 MB/s
10+0 records in
10+0 records out
10485760 bytes (10 MB, 10 MiB) copied, 0.224333 s, 46.7 MB/s
1+0 records in
1+0 records out
10485760 bytes (10 MB, 10 MiB) copied, 2.17816 s, 4.8 MB/s
0+0 records in
0+0 records out
0 bytes copied, 0.000113101 s, 0.0 kB/s
1+0 records in
1+0 records out
10485760 bytes (10 MB, 10 MiB) copied, 0.0485476 s, 216 MB/s
0+0 records in
0+0 records out
0 bytes copied, 6.9832e-05 s, 0.0 kB/s
10+0 records in
10+0 records out
10485760 bytes (10 MB, 10 MiB) copied, 0.626042 s, 16.7 MB/s
1+0 records in
1+0 records out
10485760 bytes (10 MB, 10 MiB) copied, 0.230763 s, 45.4 MB/s
0+0 records in
0+0 records out
0 bytes copied, 0.000124159 s, 0.0 kB/s
1+0 records in
1+0 records out
10485760 bytes (10 MB, 10 MiB) copied, 0.0886553 s, 118 MB/s
1+0 records in
1+0 records out
10485760 bytes (10 MB, 10 MiB) copied, 0.0438391 s, 239 MB/s
30 sec passed by  fm2
10+0 records in
10+0 records out
10485760 bytes (10 MB, 10 MiB) copied, 0.232227 s, 45.2 MB/s
1+0 records in
1+0 records out
10485760 bytes (10 MB, 10 MiB) copied, 0.624412 s, 16.8 MB/s
0+0 records in
0+0 records out
0 bytes copied, 7.3198e-05 s, 0.0 kB/s
1+0 records in
1+0 records out
10485760 bytes (10 MB, 10 MiB) copied, 1.00088 s, 10.5 MB/s
0+0 records in
0+0 records out
0 bytes copied, 9.8558e-05 s, 0.0 kB/s
30 sec passed by  fm2_3
10+0 records in
10+0 records out
10485760 bytes (10 MB, 10 MiB) copied, 0.855582 s, 12.3 MB/s
1+0 records in
1+0 records out
10485760 bytes (10 MB, 10 MiB) copied, 0.0612671 s, 171 MB/s
1+0 records in
1+0 records out
10485760 bytes (10 MB, 10 MiB) copied, 0.0156413 s, 670 MB/s
1+0 records in
1+0 records out
10485760 bytes (10 MB, 10 MiB) copied, 0.117313 s, 89.4 MB/s
0+0 records in
0+0 records out
0 bytes copied, 0.000101322 s, 0.0 kB/s
30 sec passed by  fm2_2
1+0 records in
1+0 records out
10485760 bytes (10 MB, 10 MiB) copied, 0.20025 s, 52.4 MB/s
0+0 records in
0+0 records out
0 bytes copied, 9.6394e-05 s, 0.0 kB/s
10+0 records in
10+0 records out
10485760 bytes (10 MB, 10 MiB) copied, 0.230562 s, 45.5 MB/s
1+0 records in
1+0 records out
10485760 bytes (10 MB, 10 MiB) copied, 0.0601065 s, 174 MB/s
1+0 records in
1+0 records out
10485760 bytes (10 MB, 10 MiB) copied, 0.0127587 s, 822 MB/s
30 sec passed by  fm1
1+0 records in
1+0 records out
10485760 bytes (10 MB, 10 MiB) copied, 0.687749 s, 15.2 MB/s
0+0 records in
0+0 records out
0 bytes copied, 7.8485e-05 s, 0.0 kB/s
1+0 records in
1+0 records out
10485760 bytes (10 MB, 10 MiB) copied, 0.937929 s, 11.2 MB/s
0+0 records in
0+0 records out
0 bytes copied, 8.8823e-05 s, 0.0 kB/s
1+0 records in
1+0 records out
10485760 bytes (10 MB, 10 MiB) copied, 0.0588143 s, 178 MB/s
1+0 records in
1+0 records out
10485760 bytes (10 MB, 10 MiB) copied, 0.0112779 s, 930 MB/s
1+0 records in
1+0 records out
10485760 bytes (10 MB, 10 MiB) copied, 6.33233 s, 1.7 MB/s
0+0 records in
0+0 records out
0 bytes copied, 7.8606e-05 s, 0.0 kB/s
38 sec passed by  fm2
10+0 records in
10+0 records out
10485760 bytes (10 MB, 10 MiB) copied, 7.32118 s, 1.4 MB/s
1+0 records in
1+0 records out
10485760 bytes (10 MB, 10 MiB) copied, 6.54066 s, 1.6 MB/s
0+0 records in
0+0 records out
0 bytes copied, 7.8005e-05 s, 0.0 kB/s
37 sec passed by  fm2_3
1+0 records in
1+0 records out
10485760 bytes (10 MB, 10 MiB) copied, 0.072415 s, 145 MB/s
1+0 records in
1+0 records out
10485760 bytes (10 MB, 10 MiB) copied, 0.011797 s, 889 MB/s
10+0 records in
10+0 records out
10485760 bytes (10 MB, 10 MiB) copied, 0.22287 s, 47.0 MB/s
38 sec passed by  fm1
1+0 records in
1+0 records out
10485760 bytes (10 MB, 10 MiB) copied, 0.532836 s, 19.7 MB/s
0+0 records in
0+0 records out
0 bytes copied, 8.4375e-05 s, 0.0 kB/s
1+0 records in
1+0 records out
10485760 bytes (10 MB, 10 MiB) copied, 0.73743 s, 14.2 MB/s
0+0 records in
0+0 records out
0 bytes copied, 9.8438e-05 s, 0.0 kB/s
38 sec passed by  fm2_2
1+0 records in
1+0 records out
10485760 bytes (10 MB, 10 MiB) copied, 0.0495157 s, 212 MB/s
0+0 records in
0+0 records out
0 bytes copied, 6.9832e-05 s, 0.0 kB/s
10+0 records in
10+0 records out
10485760 bytes (10 MB, 10 MiB) copied, 0.676039 s, 15.5 MB/s
1+0 records in
1+0 records out
10485760 bytes (10 MB, 10 MiB) copied, 0.169035 s, 62.0 MB/s
0+0 records in
0+0 records out
0 bytes copied, 9.6634e-05 s, 0.0 kB/s
1+0 records in
1+0 records out
10485760 bytes (10 MB, 10 MiB) copied, 0.0923643 s, 114 MB/s
1+0 records in
1+0 records out
10485760 bytes (10 MB, 10 MiB) copied, 0.120149 s, 87.3 MB/s
1+0 records in
1+0 records out
10485760 bytes (10 MB, 10 MiB) copied, 0.0196127 s, 535 MB/s
10+0 records in
10+0 records out
10485760 bytes (10 MB, 10 MiB) copied, 0.25012 s, 41.9 MB/s
0+1 records in
0+1 records out
9342976 bytes (9.3 MB, 8.9 MiB) copied, 0.0136877 s, 683 MB/s
1+0 records in
1+0 records out
10485760 bytes (10 MB, 10 MiB) copied, 0.229107 s, 45.8 MB/s
0+0 records in
0+0 records out
0 bytes copied, 0.00013149 s, 0.0 kB/s
1+0 records in
1+0 records out
10485760 bytes (10 MB, 10 MiB) copied, 0.0938702 s, 112 MB/s
1+0 records in
1+0 records out
10485760 bytes (10 MB, 10 MiB) copied, 0.011898 s, 881 MB/s
40 sec passed by  fm2
1+0 records in
1+0 records out
10485760 bytes (10 MB, 10 MiB) copied, 1.56083 s, 6.7 MB/s
0+0 records in
0+0 records out
0 bytes copied, 7.4759e-05 s, 0.0 kB/s
40 sec passed by  fm2_2
1+0 records in
1+0 records out
10485760 bytes (10 MB, 10 MiB) copied, 3.35205 s, 3.1 MB/s
0+0 records in
0+0 records out
0 bytes copied, 0.000109134 s, 0.0 kB/s
42 sec passed by  fm2_3
1+0 records in
1+0 records out
10485760 bytes (10 MB, 10 MiB) copied, 0.0469113 s, 224 MB/s
0+0 records in
0+0 records out
0 bytes copied, 8.7861e-05 s, 0.0 kB/s
10+0 records in
10+0 records out
10485760 bytes (10 MB, 10 MiB) copied, 3.5603 s, 2.9 MB/s
1+0 records in
1+0 records out
10485760 bytes (10 MB, 10 MiB) copied, 0.279487 s, 37.5 MB/s
0+0 records in
0+0 records out
0 bytes copied, 0.000121394 s, 0.0 kB/s
10+0 records in
10+0 records out
10485760 bytes (10 MB, 10 MiB) copied, 0.177755 s, 59.0 MB/s
1+0 records in
1+0 records out
10485760 bytes (10 MB, 10 MiB) copied, 0.0482075 s, 218 MB/s
0+0 records in
0+0 records out
0 bytes copied, 6.839e-05 s, 0.0 kB/s
42 sec passed by  fm1
1+0 records in
1+0 records out
10485760 bytes (10 MB, 10 MiB) copied, 0.728144 s, 14.4 MB/s
0+0 records in
0+0 records out
0 bytes copied, 7.7764e-05 s, 0.0 kB/s
1+0 records in
1+0 records out
10485760 bytes (10 MB, 10 MiB) copied, 0.0607805 s, 173 MB/s
1+0 records in
1+0 records out
10485760 bytes (10 MB, 10 MiB) copied, 0.0114446 s, 916 MB/s
10+0 records in
10+0 records out
10485760 bytes (10 MB, 10 MiB) copied, 0.787999 s, 13.3 MB/s
1+0 records in
1+0 records out
10485760 bytes (10 MB, 10 MiB) copied, 0.170692 s, 61.4 MB/s
0+0 records in
0+0 records out
0 bytes copied, 0.000101082 s, 0.0 kB/s
1+0 records in
1+0 records out
10485760 bytes (10 MB, 10 MiB) copied, 0.258507 s, 40.6 MB/s
0+0 records in
0+0 records out
0 bytes copied, 8.5097e-05 s, 0.0 kB/s
10+0 records in
10+0 records out
10485760 bytes (10 MB, 10 MiB) copied, 0.212695 s, 49.3 MB/s
1+0 records in
1+0 records out
10485760 bytes (10 MB, 10 MiB) copied, 0.0602523 s, 174 MB/s
1+0 records in
1+0 records out
10485760 bytes (10 MB, 10 MiB) copied, 0.0119399 s, 878 MB/s
1+0 records in
1+0 records out
10485760 bytes (10 MB, 10 MiB) copied, 0.68284 s, 15.4 MB/s
0+0 records in
0+0 records out
0 bytes copied, 6.851e-05 s, 0.0 kB/s
45 sec passed by  fm2
1+0 records in
1+0 records out
10485760 bytes (10 MB, 10 MiB) copied, 1.70264 s, 6.2 MB/s
0+0 records in
0+0 records out
0 bytes copied, 9.7956e-05 s, 0.0 kB/s
45 sec passed by  fm2_3
1+0 records in
1+0 records out
10485760 bytes (10 MB, 10 MiB) copied, 0.0584986 s, 179 MB/s
1+0 records in
1+0 records out
10485760 bytes (10 MB, 10 MiB) copied, 0.0112494 s, 932 MB/s
45 sec passed by  fm2_2
1+0 records in
1+0 records out
10485760 bytes (10 MB, 10 MiB) copied, 0.920323 s, 11.4 MB/s
0+0 records in
0+0 records out
0 bytes copied, 7.6803e-05 s, 0.0 kB/s
10+0 records in
10+0 records out
10485760 bytes (10 MB, 10 MiB) copied, 2.8253 s, 3.7 MB/s
10+0 records in
10+0 records out
10485760 bytes (10 MB, 10 MiB) copied, 0.215313 s, 48.7 MB/s
46 sec passed by  fm1
1+0 records in
1+0 records out
10485760 bytes (10 MB, 10 MiB) copied, 1.459 s, 7.2 MB/s
0+0 records in
0+0 records out
0 bytes copied, 0.000121274 s, 0.0 kB/s
1+0 records in
1+0 records out
10485760 bytes (10 MB, 10 MiB) copied, 0.0807893 s, 130 MB/s
1+0 records in
1+0 records out
10485760 bytes (10 MB, 10 MiB) copied, 0.0322478 s, 325 MB/s
1+0 records in
1+0 records out
10485760 bytes (10 MB, 10 MiB) copied, 0.185368 s, 56.6 MB/s
0+0 records in
0+0 records out
0 bytes copied, 6.851e-05 s, 0.0 kB/s
1+0 records in
1+0 records out
10485760 bytes (10 MB, 10 MiB) copied, 2.39923 s, 4.4 MB/s
0+0 records in
0+0 records out
0 bytes copied, 8.7019e-05 s, 0.0 kB/s
1+0 records in
1+0 records out
10485760 bytes (10 MB, 10 MiB) copied, 0.0582424 s, 180 MB/s
1+0 records in
1+0 records out
10485760 bytes (10 MB, 10 MiB) copied, 0.011932 s, 879 MB/s
50 sec passed by  fm2
1+0 records in
1+0 records out
10485760 bytes (10 MB, 10 MiB) copied, 0.960893 s, 10.9 MB/s
0+0 records in
0+0 records out
0 bytes copied, 7.8366e-05 s, 0.0 kB/s
50 sec passed by  fm2_2
10+0 records in
10+0 records out
10485760 bytes (10 MB, 10 MiB) copied, 3.89917 s, 2.7 MB/s
10+0 records in
10+0 records out
10485760 bytes (10 MB, 10 MiB) copied, 0.192771 s, 54.4 MB/s
51 sec passed by  fm1
1+0 records in
1+0 records out
10485760 bytes (10 MB, 10 MiB) copied, 1.69543 s, 6.2 MB/s
0+0 records in
0+0 records out
0 bytes copied, 0.00012488 s, 0.0 kB/s
51 sec passed by  fm2_3
1+0 records in
1+0 records out
10485760 bytes (10 MB, 10 MiB) copied, 0.0952119 s, 110 MB/s
0+0 records in
0+0 records out
0 bytes copied, 0.000103847 s, 0.0 kB/s
1+0 records in
1+0 records out
10485760 bytes (10 MB, 10 MiB) copied, 1.08308 s, 9.7 MB/s
0+0 records in
0+0 records out
0 bytes copied, 8.0889e-05 s, 0.0 kB/s
10+0 records in
10+0 records out
10485760 bytes (10 MB, 10 MiB) copied, 1.16972 s, 9.0 MB/s
1+0 records in
1+0 records out
10485760 bytes (10 MB, 10 MiB) copied, 0.062544 s, 168 MB/s
1+0 records in
1+0 records out
10485760 bytes (10 MB, 10 MiB) copied, 0.015299 s, 685 MB/s
1+0 records in
1+0 records out
10485760 bytes (10 MB, 10 MiB) copied, 0.133474 s, 78.6 MB/s
0+0 records in
0+0 records out
0 bytes copied, 9.1706e-05 s, 0.0 kB/s
10+0 records in
10+0 records out
10485760 bytes (10 MB, 10 MiB) copied, 0.222817 s, 47.1 MB/s
1+0 records in
1+0 records out
10485760 bytes (10 MB, 10 MiB) copied, 1.26662 s, 8.3 MB/s
0+0 records in
0+0 records out
0 bytes copied, 9.0265e-05 s, 0.0 kB/s
1+0 records in
1+0 records out
10485760 bytes (10 MB, 10 MiB) copied, 0.0584375 s, 179 MB/s
1+0 records in
1+0 records out
10485760 bytes (10 MB, 10 MiB) copied, 0.0112228 s, 934 MB/s
1+0 records in
1+0 records out
10485760 bytes (10 MB, 10 MiB) copied, 5.27693 s, 2.0 MB/s
0+0 records in
0+0 records out
0 bytes copied, 7.0914e-05 s, 0.0 kB/s
58 sec passed by  fm2_2
10+0 records in
10+0 records out
10485760 bytes (10 MB, 10 MiB) copied, 8.20088 s, 1.3 MB/s
10+0 records in
10+0 records out
10485760 bytes (10 MB, 10 MiB) copied, 0.150064 s, 69.9 MB/s
60 sec passed by  fm1
1+0 records in
1+0 records out
10485760 bytes (10 MB, 10 MiB) copied, 7.57211 s, 1.4 MB/s
0+0 records in
0+0 records out
0 bytes copied, 0.000117789 s, 0.0 kB/s
62 sec passed by  fm2
1+0 records in
1+0 records out
10485760 bytes (10 MB, 10 MiB) copied, 0.0612188 s, 171 MB/s
1+0 records in
1+0 records out
10485760 bytes (10 MB, 10 MiB) copied, 0.0118631 s, 884 MB/s
62 sec passed by  fm2
1+0 records in
1+0 records out
10485760 bytes (10 MB, 10 MiB) copied, 0.904737 s, 11.6 MB/s
0+0 records in
0+0 records out
0 bytes copied, 6.7548e-05 s, 0.0 kB/s
62 sec passed by  fm2_2
1+0 records in
1+0 records out
10485760 bytes (10 MB, 10 MiB) copied, 1.11297 s, 9.4 MB/s
0+0 records in
0+0 records out
0 bytes copied, 0.000103725 s, 0.0 kB/s
62 sec passed by  fm2_3
10+0 records in
10+0 records out
10485760 bytes (10 MB, 10 MiB) copied, 1.26272 s, 8.3 MB/s
1+0 records in
1+0 records out
10485760 bytes (10 MB, 10 MiB) copied, 0.0507181 s, 207 MB/s
0+0 records in
0+0 records out
0 bytes copied, 0.000129808 s, 0.0 kB/s
10+0 records in
10+0 records out
10485760 bytes (10 MB, 10 MiB) copied, 0.214992 s, 48.8 MB/s
62 sec passed by  fm1
1+0 records in
1+0 records out
10485760 bytes (10 MB, 10 MiB) copied, 1.95389 s, 5.4 MB/s
0+0 records in
0+0 records out
0 bytes copied, 7.1515e-05 s, 0.0 kB/s
1+0 records in
1+0 records out
10485760 bytes (10 MB, 10 MiB) copied, 0.0570218 s, 184 MB/s
1+0 records in
1+0 records out
10485760 bytes (10 MB, 10 MiB) copied, 0.0111608 s, 940 MB/s
1+0 records in
1+0 records out
10485760 bytes (10 MB, 10 MiB) copied, 1.42375 s, 7.4 MB/s
0+0 records in
0+0 records out
0 bytes copied, 7.6443e-05 s, 0.0 kB/s
66 sec passed by  fm2
10+0 records in
10+0 records out
10485760 bytes (10 MB, 10 MiB) copied, 3.7096 s, 2.8 MB/s
1+0 records in
1+0 records out
10485760 bytes (10 MB, 10 MiB) copied, 2.02072 s, 5.2 MB/s
0+0 records in
0+0 records out
0 bytes copied, 0.000115625 s, 0.0 kB/s
66 sec passed by  fm2_3
1+0 records in
1+0 records out
10485760 bytes (10 MB, 10 MiB) copied, 0.0384245 s, 273 MB/s
0+0 records in
0+0 records out
0 bytes copied, 0.00011238 s, 0.0 kB/s
66 sec passed by  fm2_2
1+0 records in
1+0 records out
10485760 bytes (10 MB, 10 MiB) copied, 0.135537 s, 77.4 MB/s
0+0 records in
0+0 records out
0 bytes copied, 7.8245e-05 s, 0.0 kB/s
66 sec passed by  fm2_3
10+0 records in
10+0 records out
10485760 bytes (10 MB, 10 MiB) copied, 0.234376 s, 44.7 MB/s
66 sec passed by  fm1
1+0 records in
1+0 records out
10485760 bytes (10 MB, 10 MiB) copied, 0.395895 s, 26.5 MB/s
0+0 records in
0+0 records out
0 bytes copied, 7.9928e-05 s, 0.0 kB/s
1+0 records in
1+0 records out
10485760 bytes (10 MB, 10 MiB) copied, 0.0605758 s, 173 MB/s
1+0 records in
1+0 records out
10485760 bytes (10 MB, 10 MiB) copied, 0.0120815 s, 868 MB/s
1+0 records in
1+0 records out
10485760 bytes (10 MB, 10 MiB) copied, 0.140506 s, 74.6 MB/s
0+0 records in
0+0 records out
0 bytes copied, 6.5625e-05 s, 0.0 kB/s
1+0 records in
1+0 records out
10485760 bytes (10 MB, 10 MiB) copied, 2.56527 s, 4.1 MB/s
0+0 records in
0+0 records out
0 bytes copied, 9.2187e-05 s, 0.0 kB/s
10+0 records in
10+0 records out
10485760 bytes (10 MB, 10 MiB) copied, 2.76361 s, 3.8 MB/s
1+0 records in
1+0 records out
10485760 bytes (10 MException in thread Thread-1:
Traceback (most recent call last):
  File "/usr/lib/python2.7/threading.py", line 801, in __bootstrap_inner
    self.run()
  File "../common/conserial.py", line 81, in run
    _bytes_to_read = self.serial.inWaiting()
  File "/usr/local/lib/python2.7/dist-packages/serial/serialutil.py", line 594, in inWaiting
    return self.in_waiting
  File "/usr/local/lib/python2.7/dist-packages/serial/serialposix.py", line 549, in in_waiting
    s = fcntl.ioctl(self.fd, TIOCINQ, TIOCM_zero_str)
IOError: [Errno 5] Input/output error

Traceback (most recent call last):
  File "004.py", line 40, in <module>
    time.sleep(1800)
  File "../common/conserial.py", line 120, in send
    self.serial.write('\n')
  File "/usr/local/lib/python2.7/dist-packages/serial/serialposix.py", line 655, in write
    raise SerialException('write failed: {}'.format(e))
serial.serialutil.SerialException: write failed: [Errno 5] Input/output error
10 MB, 10 MiB) copied, 0.204921 s, 51.2 MB/s
71 sec passed by  fm1
1+0 records in
1+0 records out
10485760 bytes (10 MB, 10 MiB) copied, 0.35971 s, 29.2 MB/s
0+0 records in
0+0 records out
0 bytes copied, 0.000118149 s, 0.0 kB/s
1+0 records in
1+0 records out
10485760 bytes (10 MB, 10 MiB) copied, 0.0693302 s, 151 MB/s
1+0 records in
1+0 records out
10485760 bytes (10 MB, 10 MiB) copied, 0.0121272 s, 865 MB/s
1+0 records in
1+0 records out
10485760 bytes Exception in thread Thread-1:
Traceback (most recent call last):
  File "/usr/lib/python2.7/threading.py", line 801, in __bootstrap_inner
    self.run()
  File "../common/conserial.py", line 81, in run
    _bytes_to_read = self.serial.inWaiting()
  File "/usr/local/lib/python2.7/dist-packages/serial/serialutil.py", line 594, in inWaiting
    return self.in_waiting
  File "/usr/local/lib/python2.7/dist-packages/serial/serialposix.py", line 549, in in_waiting
    s = fcntl.ioctl(self.fd, TIOCINQ, TIOCM_zero_str)
IOError: [Errno 5] Input/output error

Traceback (most recent call last):
  File "004.py", line 40, in <module>
    time.sleep(1800)
  File "../common/conserial.py", line 120, in send
    self.serial.write('\n')
  File "/usr/local/lib/python2.7/dist-packages/serial/serialposix.py", line 655, in write
    raise SerialException('write failed: {}'.format(e))
serial.serialutil.SerialException: write failed: [Errno 5] Input/output error
60 bytes (10 MB, 10 MiB) copied, 0.0693294 s, 151 MB/s
1+0 records in
1+0 records out
10485760 bytes (10 MB, 10 MiB) copied, 0.0116383 s, 901 MB/s
10+0 records in
10+0 records out
10485760 bytes (10 MB, 10 MiB) copied, 0.241143 s, 43.5 MB/s
1+0 records in
1+0 records out
10485760 bytes (10 MB, 10 MiB) copied, 0.550353 s, 19.1 MB/s
0+0 records in
0+0 records out
0 bytes copied, 8.5217e-05 s, 0.0 kB/s
1+0 records in
1+0 records out
10485760 bytes (10 MB, 10 MiB) copied, 2.39928 s, 4.4 MB/s
0+0 records in
0+0 records out
0 bytes copied, 0.000102284 s, 0.0 kB/s
1+0 records in
1+0 records out
10485760 bytes (10 MB, 10 MiB) copied, 0.0594106 s, 176 MB/s
1+0 records in
1+0 records out
10485760 bytes (10 MB, 10 MiB) copied, 0.0114584 s, 915 MB/s
75 sec passed by  fm2
1+0 records in
1+0 records out
10485760 bytes (10 MB, 10 MiB) copied, 3.79843 s, 2.8 MB/s
0+0 records in
0+0 records out
0 bytes copied, 0.000105408 s, 0.0 kB/s
78 sec passed by  fm2_2
10+0 records in
10+0 records out
10485760 bytes (10 MB, 10 MiB) copied, 6.17461 s, 1.7 MB/s
1+0 records in
1+0 records out
10485760 bytes (10 MB, 10 MiB) copied, 3.92312 s, 2.7 MB/s
0+0 records in
0+0 records out
0 bytes copied, 8.2331e-05 s, 0.0 kB/s
78 sec passed by  fm2_3
1+0 records in
1+0 records out
10485760 bytes (10 MB, 10 MiB) copied, 0.089938 s, 117 MB/s
1+0 records in
1+0 records out
10485760 bytes (10 MB, 10 MiB) copied, 0.0243037 s, 431 MB/s
80 sec passed by  fm2
10+0 records in
10+0 records out
10485760 bytes (10 MB, 10 MiB) copied, 0.241881 s, 43.4 MB/s
79 sec passed by  fm1
1+0 records in
1+0 records out
10485760 bytes (10 MB, 10 MiB) copied, 0.644642 s, 16.3 MB/s
0+0 records in
0+0 records out
0 bytes copied, 7.9327e-05 s, 0.0 kB/s
1+0 records in
1+0 records out
10485760 bytes (10 MB, 10 MiB) copied, 2.26778 s, 4.6 MB/s
0+0 records in
0+0 records out
0 bytes copied, 9.351e-05 s, 0.0 kB/s
81 sec passed by  fm2_2
1+0 records in
1+0 records out
10485760 bytes (10 MB, 10 MiB) copied, 0.0590132 s, 178 MB/s
1+0 records in
1+0 records out
10485760 bytes (10 MB, 10 MiB) copied, 0.0114435 s, 916 MB/s
1+0 records in
1+0 records out
10485760 bytes (10 MB, 10 MiB) copied, 0.997717 s, 10.5 MB/s
0+0 records in
0+0 records out
0 bytes copied, 8.4255e-05 s, 0.0 kB/s
82 sec passed by  fm2_3
10+0 records in
10+0 records out
10485760 bytes (10 MB, 10 MiB) copied, 3.32976 s, 3.1 MB/s
1+0 records in
1+0 records out
10485760 bytes (10 MB, 10 MiB) copied, 1.3052 s, 8.0 MB/s
0+0 records in
0+0 records out
0 bytes copied, 0.000153005 s, 0.0 kB/s
1+0 records in
1+0 records out
10485760 bytes (10 MB, 10 MiB) copied, 0.0518139 s, 202 MB/s
0+0 records in
0+0 records out
0 bytes copied, 9.4351e-05 s, 0.0 kB/s
10+0 records in
10+0 records out
10485760 bytes (10 MB, 10 MiB) copied, 0.209906 s, 50.0 MB/s
1+0 records in
1+0 records out
10485760 bytes (10 MB, 10 MiB) copied, 0.175006 s, 59.9 MB/s
82 sec passed by  fm1
0+0 records in
0+0 records out
0 bytes copied, 7.0433e-05 s, 0.0 kB/s
1+0 records in
1+0 records out
10485760 bytes (10 MB, 10 MiB) copied, 0.120368 s, 87.1 MB/s
1+0 records in
1+0 records out
10485760 bytes (10 MB, 10 MiB) copied, 0.0181773 s, 577 MB/s
1+0 records in
1+0 records out
10485760 bytes (10 MB, 10 MiB) copied, 0.265996 s, 39.4 MB/s
0+0 records in
0+0 records out
0 bytes copied, 7.9687e-05 s, 0.0 kB/s
1+0 records in
1+0 records out
10485760 bytes (10 MB, 10 MiB) copied, 1.63639 s, 6.4 MB/s
0+0 records in
0+0 records out
0 bytes copied, 8.077e-05 s, 0.0 kB/s
1+0 records in
1+0 records out
10485760 bytes (10 MB, 10 MiB) copied, 1.24212 s, 8.4 MB/s
1+0 records in
1+0 records out
10485760 bytes (10 MB, 10 MiB) copied, 0.0121147 s, 866 MB/s
85 sec passed by  fm2_2
10+0 records in
10+0 records out
10485760 bytes (10 MB, 10 MiB) copied, 2.95369 s, 3.6 MB/s
1+0 records in
1+0 records out
10485760 bytes (10 MB, 10 MiB) copied, 1.30702 s, 8.0 MB/s
0+0 records in
0+0 records out
0 bytes copied, 8.8702e-05 s, 0.0 kB/s
85 sec passed by  fm2_3
1+0 records in
1+0 records out
10485760 bytes (10 MB, 10 MiB) copied, 1.36926 s, 7.7 MB/s
1+0 records in
1+0 records out
10485760 bytes (10 MB, 10 MiB) copied, 0.0484532 s, 216 MB/s
86 sec passed by  fm2
10+0 records in
10+0 records out
10485760 bytes (10 MB, 10 MiB) copied, 0.213728 s, 49.1 MB/s
85 sec passed by  fm1
1+0 records in
1+0 records out
10485760 bytes (10 MB, 10 MiB) copied, 0.978975 s, 10.7 MB/s
0+0 records in
0+0 records out
0 bytes copied, 8.3654e-05 s, 0.0 kB/s
1+0 records in
1+0 records out
10485760 bytes (10 MB, 10 MiB) copied, 2.4235 s, 4.3 MB/s
0+0 records in
0+0 records out
0 bytes copied, 7.6322e-05 s, 0.0 kB/s
1+0 records in
1+0 records out
10485760 bytes (10 MB, 10 MiB) copied, 0.0592546 s, 177 MB/s
1+0 records in
1+0 records out
10485760 bytes (10 MB, 10 MiB) copied, 0.0114512 s, 916 MB/s
1+0 records in
1+0 records out
10485760 bytes (10 MB, 10 MiB) copied, 0.323908 s, 32.4 MB/s
0+0 records in
0+0 records out
0 bytes copied, 0.000107092 s, 0.0 kB/s
10+0 records in
10+0 records out
10485760 bytes (10 MB, 10 MiB) copied, 2.66585 s, 3.9 MB/s
10+0 records in
10+0 records out
10485760 bytes (10 MB, 10 MiB) copied, 0.204248 s, 51.3 MB/s
1+0 records in
1+0 records out
10485760 bytes (10 MB, 10 MiB) copied, 3.55335 s, 3.0 MB/s
0+0 records in
0+0 records out
0 bytes copied, 0.000107331 s, 0.0 kB/s
92 sec passed by  fm2
1+0 records in
1+0 records out
10485760 bytes (10 MB, 10 MiB) copied, 0.411338 s, 25.5 MB/s
1+0 records in
1+0 records out
10485760 bytes (10 MB, 10 MiB) copied, 0.0114279 s, 918 MB/s
1+0 records in
1+0 records out
10485760 bytes (10 MB, 10 MiB) copied, 2.79955 s, 3.7 MB/s
0+0 records in
0+0 records out
0 bytes copied, 7.3678e-05 s, 0.0 kB/s
94 sec passed by  fm2_2
10+0 records in
10+0 records out
10485760 bytes (10 MB, 10 MiB) copied, 7.32386 s, 1.4 MB/s
10+0 records in
10+0 records out
10485760 bytes (10 MB, 10 MiB) copied, 0.224779 s, 46.6 MB/s
96 sec passed by  fm1
1+0 records in
1+0 records out
10485760 bytes (10 MB, 10 MiB) copied, 4.70505 s, 2.2 MB/s
0+0 records in
0+0 records out
0 bytes copied, 0.00010024 s, 0.0 kB/s
96 sec passed by  fm2_3
1+0 records in
1+0 records out
10485760 bytes (10 MB, 10 MiB) copied, 0.0579774 s, 181 MB/s
1+0 records in
1+0 records out
10485760 bytes (10 MB, 10 MiB) copied, 0.0113266 s, 926 MB/s
96 sec passed by  fm2_2
1+0 records in
1+0 records out
10485760 bytes (10 MB, 10 MiB) copied, 1.38157 s, 7.6 MB/s
0+0 records in
0+0 records out
0 bytes copied, 8.3294e-05 s, 0.0 kB/s
97 sec passed by  fm2_3
1+0 records in
1+0 records out
10485760 bytes (10 MB, 10 MiB) copied, 3.28447 s, 3.2 MB/s
0+0 records in
0+0 records out
0 bytes copied, 9.8558e-05 s, 0.0 kB/s
100 sec passed by  fm2
10+0 records in
10+0 records out
10485760 bytes (10 MB, 10 MiB) copied, 3.55532 s, 2.9 MB/s
1+0 records in
1+0 records out
10485760 bytes (10 MB, 10 MiB) copied, 0.0601215 s, 174 MB/s
1+0 records in
1+0 records out
10485760 bytes (10 MB, 10 MiB) copied, 0.0148748 s, 705 MB/s
100 sec passed by  fm2_3
1+0 records in
1+0 records out
10485760 bytes (10 MB, 10 MiB) copied, 0.190442 s, 55.1 MB/s
0+0 records in
0+0 records out
0 bytes copied, 0.000548077 s, 0.0 kB/s
101 sec passed by  fm2
10+0 records in
10+0 records out
10485760 bytes (10 MB, 10 MiB) copied, 0.195814 s, 53.5 MB/s
1+0 records in
1+0 records out
10485760 bytes (10 MB, 10 MiB) copied, 0.268566 s, 39.0 MB/s
0+0 records in
0+0 records out
0 bytes copied, 7.8125e-05 s, 0 B/s
100 sec passed by  fm2_2
100 sec passed by  fm1
1+0 records in
1+0 records out
10485760 bytes (10 MB, 10 MiB) copied, 1.28249 s, 8.2 MB/s
1+0 records in
1+0 records out
10485760 bytes (10 MB, 10 MiB) copied, 1.29713 s, 8.1 MB/s
1+0 records in
1+0 records out
10485760 bytes (10 MB, 10 MiB) copied, 0.0151685 s, 691 MB/s
1+0 records in
1+0 records out
10485760 bytes (10 MB, 10 MiB) copied, 0.014779 s, 710 MB/s
1+0 records in
1+0 records out
10485760 bytes (10 MB, 10 MiB) copied, 1.45821 s, 7.2 MB/s
0+0 records in
0+0 records out
0 bytes copied, 8.2813e-05 s, 0.0 kB/s
10+0 records in
10+0 records out
10485760 bytes (10 MB, 10 MiB) copied, 1.8832 s, 5.6 MB/s
10+0 records in
10+0 records out
10485760 bytes (10 MB, 10 MiB) copied, 0.182802 s, 57.4 MB/s
102 sec passed by  fm1
1+0 records in
1+0 records out
10485760 bytes (10 MB, 10 MiB) copied, 1.3812 s, 7.6 MB/s
1+0 records in
1+0 records out
10485760 bytes (10 MB, 10 MiB) copied, 0.0117099 s, 895 MB/s
1+0 records in
1+0 records out
10485760 bytes (10 MB, 10 MiB) copied, 1.46165 s, 7.2 MB/s
0+0 records in
0+0 records out
0 bytes copied, 6.7308e-05 s, 0.0 kB/s
1+0 records in
1+0 records out
10485760 bytes (10 MB, 10 MiB) copied, 1.48278 s, 7.1 MB/s
0+0 records in
0+0 records out
0 bytes copied, 8.6658e-05 s, 0.0 kB/s
10+0 records in
10+0 records out
10485760 bytes (10 MB, 10 MiB) copied, 1.00273 s, 10.5 MB/s
1+0 records in
1+0 records out
10485760 bytes (10 MB, 10 MiB) copied, 0.198223 s, 52.9 MB/s
1+0 records in
1+0 records out
10485760 bytes (10 MB, 10 MiB) copied, 0.0144035 s, 728 MB/s
1+0 records in
1+0 records out
10485760 bytes (10 MB, 10 MiB) copied, 0.256964 s, 40.8 MB/s
0+0 records in
0+0 records out
0 bytes copied, 8.7861e-05 s, 0.0 kB/s
1+0 records in
1+0 records out
10485760 bytes (10 MB, 10 MiB) copied, 0.328799 s, 31.9 MB/s
10+0 records in
10+0 records out
10485760 bytes (10 MB, 10 MiB) copied, 0.221724 s, 47.3 MB/s
0+1 records in
0+1 records out
5591040 bytes (5.6 MB, 5.3 MiB) copied, 0.106687 s, 52.4 MB/s
1+0 records in
1+0 records out
10485760 bytes (10 MB, 10 MiB) copied, 0.149078 s, 70.3 MB/s
0+1 records in
0+1 records out
7639040 bytes (7.6 MB, 7.3 MiB) copied, 0.0128082 s, 596 MB/s
1+0 records in
1+0 records out
10485760 bytes (10 MB, 10 MiB) copied, 0.179056 s, 58.6 MB/s
0+0 records in
0+0 records out
0 bytes copied, 0.000155288 s, 0.0 kB/s
1+0 records in
1+0 records out
10485760 bytes (10 MB, 10 MiB) copied, 0.0643898 s, 163 MB/s
1+0 records in
1+0 records out
10485760 bytes (10 MB, 10 MiB) copied, 0.0115312 s, 909 MB/s
1+0 records in
1+0 records out
10485760 bytes (10 MB, 10 MiB) copied, 0.796121 s, 13.2 MB/s
0+0 records in
0+0 records out
0 bytes copied, 8.4735e-05 s, 0.0 kB/s
1+0 records in
1+0 records out
10485760 bytes (10 MB, 10 MiB) copied, 3.60913 s, 2.9 MB/s
0+0 records in
0+0 records out
0 bytes copied, 9.0865e-05 s, 0.0 kB/s
107 sec passed by  fm2_3
1+0 records in
1+0 records out
10485760 bytes (10 MB, 10 MiB) copied, 0.0593489 s, 177 MB/s
1+0 records in
1+0 records out
10485760 bytes (10 MB, 10 MiB) copied, 0.0114147 s, 919 MB/s
107 sec passed by  fm2_2
1+0 records in
1+0 records out
10485760 bytes (10 MB, 10 MiB) copied, 1.22077 s, 8.6 MB/s
0+0 records in
0+0 records out
0 bytes copied, 7.2716e-05 s, 0.0 kB/s
109 sec passed by  fm2
10+0 records in
10+0 records out
10485760 bytes (10 MB, 10 MiB) copied, 4.9998 s, 2.1 MB/s
1+0 records in
1+0 records out
10485760 bytes (10 MB, 10 MiB) copied, 1.39739 s, 7.5 MB/s
0+0 records in
0+0 records out
0 bytes copied, 0.000111538 s, 0.0 kB/s
10+0 records in
10+0 records out
10485760 bytes (10 MB, 10 MiB) copied, 0.172687 s, 60.7 MB/s
1+0 records in
1+0 records out
10485760 bytes (10 MB, 10 MiB) copied, 0.0593196 s, 177 MB/s
108 sec passed by  fm1
1+0 records in
1+0 records out
10485760 bytes (10 MB, 10 MiB) copied, 0.0121298 s, 864 MB/s
1+0 records in
1+0 records out
10485760 bytes (10 MB, 10 MiB) copied, 0.381014 s, 27.5 MB/s
0+0 records in
0+0 records out
0 bytes copied, 8.137e-05 s, 0.0 kB/s
110 sec passed by  fm2
1+0 records in
1+0 records out
10485760 bytes (10 MB, 10 MiB) copied, 0.578117 s, 18.1 MB/s
0+0 records in
0+0 records out
0 bytes copied, 0.000100721 s, 0.0 kB/s
1+0 records in
1+0 records out
10485760 bytes (10 MB, 10 MiB) copied, 0.0506058 s, 207 MB/s
1+0 records in
1+0 records out
10485760 bytes (10 MB, 10 MiB) copied, 0.0115904 s, 905 MB/s
10+0 records in
10+0 records out
10485760 bytes (10 MB, 10 MiB) copied, 0.617608 s, 17.0 MB/s
1+0 records in
1+0 records out
10485760 bytes (10 MB, 10 MiB) copied, 0.155354 s, 67.5 MB/s
0+0 records in
0+0 records out
0 bytes copied, 0.00045661 s, 0.0 kB/s
1+0 records in
1+0 records out
10485760 bytes (10 MB, 10 MiB) copied, 0.25478 s, 41.2 MB/s
0+0 records in
0+0 records out
0 bytes copied, 0.000117068 s, 0.0 kB/s
10+0 records in
10+0 records out
10485760 bytes (10 MB, 10 MiB) copied, 0.183657 s, 57.1 MB/s
1+0 records in
1+0 records out
10485760 bytes (10 MB, 10 MiB) copied, 0.0598032 s, 175 MB/s
1+0 records in
1+0 records out
10485760 bytes (10 MB, 10 MiB) copied, 0.013902 s, 754 MB/s
1+0 records in
1+0 records out
10485760 bytes (10 MB, 10 MiB) copied, 0.150504 s, 69.7 MB/s
0+0 records in
0+0 records out
0 bytes copied, 0.000110457 s, 0.0 kB/s
1+0 records in
1+0 records out
10485760 bytes (10 MB, 10 MiB) copied, 0.235157 s, 44.6 MB/s
0+0 records in
0+0 records out
0 bytes copied, 7.6082e-05 s, 0.0 kB/s
1+0 records in
1+0 records out
10485760 bytes (10 MB, 10 MiB) copied, 0.0590523 s, 178 MB/s
1+0 records in
1+0 records out
10485760 bytes (10 MB, 10 MiB) copied, 0.0118786 s, 883 MB/s
1+0 records in
1+0 records out
10485760 bytes (10 MB, 10 MiB) copied, 0.16638 s, 63.0 MB/s
0+0 records in
0+0 records out
0 bytes copied, 7.0192e-05 s, 0.0 kB/s
110 sec passed by  fm2_2
10+0 records in
10+0 records out
10485760 bytes (10 MB, 10 MiB) copied, 0.727575 s, 14.4 MB/s
10+0 records in
10+0 records out
10485760 bytes (10 MB, 10 MiB) copied, 0.149912 s, 69.9 MB/s
110 sec passed by  fm1
1+0 records in
1+0 records out
10485760 bytes (10 MB, 10 MiB) copied, 1.28445 s, 8.2 MB/s
0+0 records in
0+0 records out
0 bytes copied, 9.8077e-05 s, 0.0 kB/s
111 sec passed by  fm2_3
1+0 records in
1+0 records out
10485760 bytes (10 MB, 10 MiB) copied, 0.0586798 s, 179 MB/s
1+0 records in
1+0 records out
10485760 bytes (10 MB, 10 MiB) copied, 0.0115059 s, 911 MB/s
1+0 records in
1+0 records out
10485760 bytes (10 MB, 10 MiB) copied, 1.09303 s, 9.6 MB/s
0+0 records in
0+0 records out
0 bytes copied, 7.9808e-05 s, 0.0 kB/s
1+0 records in
1+0 records out
10485760 bytes (10 MB, 10 MiB) copied, 5.75857 s, 1.8 MB/s
0+0 records in
0+0 records out
0 bytes copied, 0.000100722 s, 0.0 kB/s
116 sec passed by  fm2_3
10+0 records in
10+0 records out
10485760 bytes (10 MB, 10 MiB) copied, 6.31462 s, 1.7 MB/s
1+0 records in
1+0 records out
10485760 bytes (10 MB, 10 MiB) copied, 0.0388498 s, 270 MB/s
0+1 records in
0+1 records out
176128 bytes (176 kB, 172 KiB) copied, 0.00138317 s, 127 MB/s
117 sec passed by  fm2_2
1+0 records in
1+0 records out
10485760 bytes (10 MB, 10 MiB) copied, 0.138203 s, 75.9 MB/s
1+0 records in
1+0 records out
10485760 bytes (10 MB, 10 MiB) copied, 0.106051 s, 98.9 MB/s
0+0 records in
0+0 records out
0 bytes copied, 0.000354928 s, 0.0 kB/s
0+0 records in
0+0 records out
0 bytes copied, 8.8101e-05 s, 0.0 kB/s
118 sec passed by  fm2
1+0 records in
1+0 records out
10485760 bytes (10 MB, 10 MiB) copied, 0.0385183 s, 272 MB/s
0+0 records in
0+0 records out
0 bytes copied, 0.000109255 s, 0.0 kB/s
1+0 records in
1+0 records out
10485760 bytes (10 MB, 10 MiB) copied, 0.0348285 s, 301 MB/s
10+0 records in
10+0 records out
10485760 bytes (10 MB, 10 MiB) copied, 0.206532 s, 50.8 MB/s
0+0 records in
0+0 records out
0 bytes copied, 9.5072e-05 s, 0.0 kB/s
117 sec passed by  fm1
1+0 records in
1+0 records out
10485760 bytes (10 MB, 10 MiB) copied, 0.391347 s, 26.8 MB/s
0+0 records in
0+0 records out
0 bytes copied, 8.0048e-05 s, 0.0 kB/s
1+0 records in
1+0 records out
10485760 bytes (10 MB, 10 MiB) copied, 0.554228 s, 18.9 MB/s
0+0 records in
0+0 records out
0 bytes copied, 7.8606e-05 s, 0.0 kB/s
10+0 records in
10+0 records out
10485760 bytes (10 MB, 10 MiB) copied, 0.566357 s, 18.5 MB/s
1+0 records in
1+0 records out
10485760 bytes (10 MB, 10 MiB) copied, 0.183905 s, 57.0 MB/s
1+0 records in
1+0 records out
10485760 bytes (10 MB, 10 MiB) copied, 0.0116323 s, 901 MB/s
10+0 records in
10+0 records out
10485760 bytes (10 MB, 10 MiB) copied, 0.173881 s, 60.3 MB/s
1+0 records in
1+0 records out
10485760 bytes (10 MB, 10 MiB) copied, 1.30391 s, 8.0 MB/s
0+0 records in
0+0 records out
0 bytes copied, 7.9688e-05 s, 0.0 kB/s
1+0 records in
1+0 records out
10485760 bytes (10 MB, 10 MiB) copied, 1.64298 s, 6.4 MB/s
0+0 records in
0+0 records out
0 bytes copied, 7.7163e-05 s, 0.0 kB/s
10+0 records in
10+0 records out
10485760 bytes (10 MB, 10 MiB) copied, 2.75772 s, 3.8 MB/s
1+0 records in
1+0 records out
10485760 bytes (10 MB, 10 MiB) copied, 1.3401 s, 7.8 MB/s
1+0 records in
1+0 records out
10485760 bytes (10 MB, 10 MiB) copied, 0.0158055 s, 663 MB/s
1+0 records in
1+0 records out
10485760 bytes (10 MB, 10 MiB) copied, 1.3737 s, 7.6 MB/s
120 sec passed by  fm2_2
1+0 records in
1+0 records out
10485760 bytes (10 MB, 10 MiB) copied, 1.38198 s, 7.6 MB/s
0+1 records in
0+1 records out
0+1 records in
0+1 records out
5398528 bytes (5.4 MB, 5.1 MiB) copied, 0.0125881 s, 429 MB/s1163264 bytes (1.2 MB, 1.1 MiB) copied, 0.0036262 s, 321 MB/s

120 sec passed by  fm2_3
121 sec passed by  fm2
1+0 records in
1+0 records out
10485760 bytes (10 MB, 10 MiB) copied, 0.0371063 s, 283 MB/s
0+0 records in
0+0 records out
0 bytes copied, 0.000103125 s, 0.0 kB/s
1+0 records in
1+0 records out
10485760 bytes (10 MB, 10 MiB) copied, 0.0385736 s, 272 MB/s
0+0 records in
0+0 records out
0 bytes copied, 0.000128125 s, 0.0 kB/s
10+0 records in
10+0 records out
10485760 bytes (10 MB, 10 MiB) copied, 0.209048 s, 50.2 MB/s
121 sec passed by  fm1
1+0 records in
1+0 records out
10485760 bytes (10 MB, 10 MiB) copied, 1.9231 s, 5.5 MB/s
0+0 records in
0+0 records out
0 bytes copied, 7.2836e-05 s, 0.0 kB/s
1+0 records in
1+0 records out
10485760 bytes (10 MB, 10 MiB) copied, 2.37622 s, 4.4 MB/s
0+0 records in
0+0 records out
0 bytes copied, 8.9423e-05 s, 0.0 kB/s
1+0 records in
1+0 records out
10485760 bytes (10 MB, 10 MiB) copied, 0.0587903 s, 178 MB/s
1+0 records in
1+0 records out
10485760 bytes (10 MB, 10 MiB) copied, 0.0113736 s, 922 MB/s
10+0 records in
10+0 records out
10485760 bytes (10 MB, 10 MiB) copied, 3.42173 s, 3.1 MB/s
10+0 records in
10+0 records out
10485760 bytes (10 MB, 10 MiB) copied, 0.160708 s, 65.2 MB/s
1+0 records in
1+0 records out
10485760 bytes (10 MB, 10 MiB) copied, 1.29732 s, 8.1 MB/s
0+0 records in
0+0 records out
0 bytes copied, 8.0529e-05 s, 0.0 kB/s
1+0 records in
1+0 records out
10485760 bytes (10 MB, 10 MiB) copied, 1.84425 s, 5.7 MB/s
0+0 records in
0+0 records out
0 bytes copied, 0.000104567 s, 0.0 kB/s
126 sec passed by  fm2
1+0 records in
1+0 records out
10485760 bytes (10 MB, 10 MiB) copied, 0.0488936 s, 214 MB/s
0+0 records in
0+0 records out
0 bytes copied, 8.161e-05 s, 0.0 kB/s
125 sec passed by  fm2_3
10+0 records in
10+0 records out
10485760 bytes (10 MB, 10 MiB) copied, 0.677585 s, 15.5 MB/s
10+0 records in
10+0 records out
10485760 bytes (10 MB, 10 MiB) copied, 0.224822 s, 46.6 MB/s
125 sec passed by  fm1
1+0 records in
1+0 records out
10485760 bytes (10 MB, 10 MiB) copied, 0.549651 s, 19.1 MB/s
0+0 records in
0+0 records out
0 bytes copied, 0.000110937 s, 0.0 kB/s
125 sec passed by  fm2_2
1+0 records in
1+0 records out
10485760 bytes (10 MB, 10 MiB) copied, 0.0575293 s, 182 MB/s
1+0 records in
1+0 records out
10485760 bytes (10 MB, 10 MiB) copied, 0.0113671 s, 922 MB/s
1+0 records in
1+0 records out
10485760 bytes (10 MB, 10 MiB) copied, 0.231588 s, 45.3 MB/s
0+0 records in
0+0 records out
0 bytes copied, 7.5361e-05 s, 0.0 kB/s
1+0 records in
1+0 records out
10485760 bytes (10 MB, 10 MiB) copied, 1.11045 s, 9.4 MB/s
0+0 records in
0+0 records out
0 bytes copied, 9.3269e-05 s, 0.0 kB/s
1+0 records in
1+0 records out
10485760 bytes (10 MB, 10 MiB) copied, 0.0585294 s, 179 MB/s
1+0 records in
1+0 records out
10485760 bytes (10 MB, 10 MiB) copied, 0.011491 s, 913 MB/s
10+0 records in
10+0 records out
10485760 bytes (10 MB, 10 MiB) copied, 1.8163 s, 5.8 MB/s
10+0 records in
10+0 records out
10485760 bytes (10 MB, 10 MiB) copied, 0.235856 s, 44.5 MB/s
1+0 records in
1+0 records out
10485760 bytes (10 MB, 10 MiB) copied, 1.47445 s, 7.1 MB/s
0+0 records in
0+0 records out
0 bytes copied, 7.512e-05 s, 0.0 kB/s
1+0 records in
1+0 records out
10485760 bytes (10 MB, 10 MiB) copied, 2.98198 s, 3.5 MB/s
0+0 records in
0+0 records out
0 bytes copied, 7.2236e-05 s, 0.0 kB/s
130 sec passed by  fm2_3
1+0 records in
1+0 records out
10485760 bytes (10 MB, 10 MiB) copied, 0.0588565 s, 178 MB/s
1+0 records in
1+0 records out
10485760 bytes (10 MB, 10 MiB) copied, 0.0115052 s, 911 MB/s
