NOTICE:  BL2: R-Car Gen3 Initial Program Loader(CA57) Rev.4.0.0
NOTICE:  BL2: PRR is R-Car H3 Ver.3.0
NOTICE:  BL2: Board is Salvator-XS Rev.1.0
NOTICE:  BL2: Boot device is HyperFlash(160MHz)
NOTICE:  BL2: LCM state is CM
NOTICE:  AVS setting succeeded. DVFS_SetVID=0x53
NOTICE:  BL2: DDR3200(rev.0.42)
NOTICE:  BL2: [COLD_BOOT]
NOTICE:  BL2: DRAM Split is 4ch(DDR f)
NOTICE:  BL2: QoS is default setting(rev.0.11)
NOTICE:  BL2: DRAM refresh interval 1.95 usec
NOTICE:  BL2: Periodic Write DQ Training
NOTICE:  BL2: CH0: 400000000 - 47fffffff, 2 GiB
NOTICE:  BL2: CH1: 500000000 - 57fffffff, 2 GiB
NOTICE:  BL2: CH2: 600000000 - 67fffffff, 2 GiB
NOTICE:  BL2: CH3: 700000000 - 77fffffff, 2 GiB
NOTICE:  BL2: Lossy Decomp areas
NOTICE:       Entry 0: DCMPAREACRAx:0x80000540 DCMPAREACRBx:0x570
NOTICE:       Entry 1: DCMPAREACRAx:0x40000000 DCMPAREACRBx:0x0
NOTICE:       Entry 2: DCMPAREACRAx:0x20000000 DCMPAREACRBx:0x0
NOTICE:  BL2: FDT at 0xe6327f70
NOTICE:  BL2: v2.9(release):9cdb21f75
NOTICE:  BL2: Built : 03:23:42, Jan  8 2024
NOTICE:  BL2: Normal boot
NOTICE:  BL2: dst=0xe6327800 src=0x8180000 len=512(0x200)
NOTICE:  BL2: dst=0x43f00000 src=0x8180400 len=6144(0x1800)
NOTICE:  rcar_file_len: len: 0x0003e000
NOTICE:  BL2: dst=0x44000000 src=0x81c0000 len=253952(0x3e000)
NOTICE:  rcar_file_len: len: 0x00200000
NOTICE:  BL2: dst=0x44100000 src=0x8200000 len=2097152(0x200000)
NOTICE:  rcar_file_len: len: 0x00100000
NOTICE:  BL2: dst=0x50000000 src=0x8640000 len=1048576(0x100000)
NOTICE:  BL2: Booting BL31


U-Boot 2020.10 (Dec 20 2023 - 10:10:22 +0000)

CPU: Renesas Electronics R8A7795 rev 3.0
Model: Renesas Salvator-X 2nd version board based on r8a77951
DRAM:  7.9 GiB
RAM Configuration:
Bank #0: 0x048000000 - 0x0bfffffff, 1.9 GiB
Bank #1: 0x500000000 - 0x57fffffff, 2 GiB
Bank #2: 0x600000000 - 0x67fffffff, 2 GiB
Bank #3: 0x700000000 - 0x77fffffff, 2 GiB

MMC:   sd@ee100000: 0, sd@ee140000: 1, sd@ee160000: 2
Loading Environment from MMC... OK
In:    serial@e6e88000
Out:   serial@e6e88000
Err:   serial@e6e88000
Net:   eth0: ethernet@e6800000
Hit any key to stop autoboot:  2  1  0 
ethernet@e6800000 Waiting for PHY auto negotiation to complete.......... done
Using ethernet@e6800000 device
TFTP from server 192.1Exception in thread Thread-1:
Traceback (most recent call last):
  File "/usr/lib/python2.7/threading.py", line 801, in __bootstrap_inner
    self.run()
  File "../common/conserial.py", line 81, in run
    _bytes_to_read = self.serial.inWaiting()
  File "/usr/local/lib/python2.7/dist-packages/serial/serialutil.py", line 594, in inWaiting
    return self.in_waiting
  File "/usr/local/lib/python2.7/dist-packages/serial/serialposix.py", line 549, in in_waiting
    s = fcntl.ioctl(self.fd, TIOCINQ, TIOCM_zero_str)
IOError: [Errno 5] Input/output error


Try to restart board again 1


Try to restart board again 2


Try to restart board again 3


Try to restart board again 4


Try to restart board again 5


Cannot boot board sucessfully
###############################################################
	 #################################################################
	 #################################################################
	 #################################################################
	 #################################################################
	 #################################################################
	 #################################################################
	 #################################################################
	 #################################################################
	 #################################################################
	 #################################################################
	 #################################################################
	 #################################################################
	 #################################################################
	 #################################################################
	 #################################################################
	 #################################################################
	 #################################################################
	 #################################################################
	 #################################################################
	 #################################################################
	 #################################################################
	 #################################################################
	 #################################################################
	 #################################################################
	 ##############################################
	 4 MiB/s
done
Bytes transferred = 33112576 (1f94200 hex)
Using ethernet@e6800000 device
TFTP from server 192.168.10.98; our IP address is 192.168.10.104
Filename 'BV/PT3/boot_USB3H/r8a77951-salvator-xs.dtb'.
Load address: 0x48000000
Loading: *#######
	 9.6 MiB/s
done
Bytes transferred = 90876 (162fc hex)
Moving Image from 0x48080000 to 0x48200000, end=4a220000
## Flattened Device Tree blob at 48000000
   Booting using the fdt blob at 0x48000000
   Loading Device Tree to 0000000053fe6000, end 0000000053fff2fb ... OK

Starting kernel ...

[    0.000000] Booting Linux on physical CPU 0x0000000000 [0x411fd073]
[    0.000000] Linux version 5.10.194-yocto-standard (thuan.nguyen-hong@banvien) (aarch64-poky-linux-gcc (GCC) 9.3.0, GNU ld (GNU Binutils) 2.34.0.20200220) #13 SMP PREEMPT Sat Feb 3 10:27:40 UTC 2024
[    0.000000] Machine model: Renesas Salvator-X 2nd version board based on r8a77951
[    0.000000] efi: UEFI not found.
[    0.000000] Reserved memory: created CMA memory pool at 0x0000000057000000, size 16 MiB
[    0.000000] OF: reserved mem: initialized node linux,adsp@57000000, compatible id shared-dma-pool
[    0.000000] Reserved memory: created CMA memory pool at 0x0000000058000000, size 384 MiB
[    0.000000] OF: reserved mem: initialized node linux,cma@58000000, compatible id shared-dma-pool
[    0.000000] Reserved memory: created CMA memory pool at 0x0000000070000000, size 256 MiB
[    0.000000] OF: reserved mem: initialized node linux,multimedia@70000000, compatible id shared-dma-pool
[    0.000000] NUMA: No NUMA configuration found
[    0.000000] NUMA: Faking a node at [mem 0x0000000048000000-0x000000077fffffff]
[    0.000000] NUMA: NODE_DATA [mem 0x77efdab00-0x77efdcfff]
[    0.000000] Zone ranges:
[    0.000000]   DMA      [mem 0x0000000048000000-0x000000007fffffff]
[    0.000000]   DMA32    [mem 0x0000000080000000-0x00000000ffffffff]
[    0.000000]   Normal   [mem 0x0000000100000000-0x000000077fffffff]
[    0.000000] Movable zone start for each node
[    0.000000] Early memory node ranges
[    0.000000]   node   0: [mem 0x0000000048000000-0x0000000053ffffff]
[    0.000000]   node   0: [mem 0x0000000054000000-0x0000000056ffffff]
[    0.000000]   node   0: [mem 0x0000000057000000-0x00000000bfffffff]
[    0.000000]   node   0: [mem 0x0000000500000000-0x000000057fffffff]
[    0.000000]   node   0: [mem 0x0000000600000000-0x000000067fffffff]
[    0.000000]   node   0: [mem 0x0000000700000000-0x000000077fffffff]
[    0.000000] Initmem setup node 0 [mem 0x0000000048000000-0x000000077fffffff]
[    0.000000] psci: probing for conduit method from DT.
[    0.000000] psci: PSCIv1.1 detected in firmware.
[    0.000000] psci: Using standard PSCI v0.2 function IDs
[    0.000000] psci: Trusted OS resident on physical CPU 0x0
[    0.000000] psci: SMC Calling Convention v1.2
[    0.000000] percpu: Embedded 23 pages/cpu s56984 r8192 d29032 u94208
[    0.000000] Detected PIPT I-cache on CPU0
[    0.000000] CPU features: detected: EL2 vector hardening
[    0.000000] CPU features: detected: Spectre-v2
[    0.000000] CPU features: detected: ARM errata 1165522, 1319367, or 1530923
[    0.000000] CPU features: detected: Spectre-BHB
[    0.000000] CPU features: detected: ARM erratum 1742098
[    0.000000] Built 1 zonelists, mobility grouping on.  Total pages: 2032128
[    0.000000] Policy zone: Normal
[    0.000000] Kernel command line: rw root=/dev/nfs nfsroot=192.168.10.98:/data/tftpboot/BV/PT3/rootfs_H3,nfsvers=4 ip=192.168.10.104
[    0.000000] Dentry cache hash table entries: 1048576 (order: 11, 8388608 bytes, linear)
[    0.000000] Inode-cache hash table entries: 524288 (order: 10, 4194304 bytes, linear)
[    0.000000] mem auto-init: stack:off, heap alloc:off, heap free:off
[    0.000000] software IO TLB: mapped [mem 0x000000004ffe6000-0x0000000053fe6000] (64MB)
[    0.000000] Memory: 7277096K/8257536K available (15104K kernel code, 2832K rwdata, 8204K rodata, 6080K init, 519K bss, 308696K reserved, 671744K cma-reserved)
[    0.000000] SLUB: HWalign=64, Order=0-3, MinObjects=0, CPUs=8, Nodes=1
[    0.000000] rcu: Preemptible hierarchical RCU implementation.
[    0.000000] rcu: 	RCU event tracing is enabled.
[    0.000000] rcu: 	RCU restricting CPUs from NR_CPUS=256 to nr_cpu_ids=8.
[    0.000000] 	Trampoline variant of Tasks RCU enabled.
[    0.000000] rcu: RCU calculated value of scheduler-enlistment delay is 25 jiffies.
[    0.000000] rcu: Adjusting geometry for rcu_fanout_leaf=16, nr_cpu_ids=8
[    0.000000] NR_IRQS: 64, nr_irqs: 64, preallocated irqs: 0
[    0.000000] arch_timer: cp15 timer(s) running at 8.32MHz (virt).
[    0.000000] clocksource: arch_sys_counter: mask: 0xffffffffffffff max_cycles: 0x1eb398c07, max_idle_ns: 440795202503 ns
[    0.000003] sched_clock: 56 bits at 8MHz, resolution 120ns, wraps every 2199023255503ns
[    0.000209] Console: colour dummy device 80x25
[    0.000417] printk: console [tty0] enabled
[    0.000491] Calibrating delay loop (skipped), value calculated using timer frequency.. 16.64 BogoMIPS (lpj=33280)
[    0.000506] pid_max: default: 32768 minimum: 301
[    0.000565] LSM: Security Framework initializing
[    0.000656] Mount-cache hash table entries: 16384 (order: 5, 131072 bytes, linear)
[    0.000709] Mountpoint-cache hash table entries: 16384 (order: 5, 131072 bytes, linear)
[    0.002165] rcu: Hierarchical SRCU implementation.
[    0.003770] Detected Renesas R-Car Gen3 r8a7795 ES3.0
[    0.005896] EFI services will not be available.
[    0.006231] smp: Bringing up secondary CPUs ...
[    0.006695] Detected PIPT I-cache on CPU1
[    0.006743] CPU1: Booted secondary processor 0x0000000001 [0x411fd073]
[    0.007231] Detected PIPT I-cache on CPU2
[    0.007255] CPU2: Booted secondary processor 0x0000000002 [0x411fd073]
[    0.007674] Detected PIPT I-cache on CPU3
[    0.007696] CPU3: Booted secondary processor 0x0000000003 [0x411fd073]
[    0.008163] CPU features: detected: ARM erratum 845719
[    0.008177] Detected VIPT I-cache on CPU4
[    0.008223] CPU4: Booted secondary processor 0x0000000100 [0x410fd034]
[    0.008699] Detected VIPT I-cache on CPU5
[    0.008726] CPU5: Booted secondary processor 0x0000000101 [0x410fd034]
[    0.009167] Detected VIPT I-cache on CPU6
[    0.009194] CPU6: Booted secondary processor 0x0000000102 [0x410fd034]
[    0.009631] Detected VIPT I-cache on CPU7
[    0.009658] CPU7: Booted secondary processor 0x0000000103 [0x410fd034]
[    0.009736] smp: Brought up 1 node, 8 CPUs
[    0.009799] SMP: Total of 8 processors activated.
[    0.009806] CPU features: detected: 32-bit EL0 Support
[    0.009814] CPU features: detected: CRC32 instructions
[    0.009820] CPU features: detected: 32-bit EL1 Support
[    0.023016] CPU: All CPU(s) started at EL1
[    0.023068] alternatives: patching kernel code
[    0.024232] devtmpfs: initialized
[    0.030959] KASLR disabled due to lack of seed
[    0.031109] clocksource: jiffies: mask: 0xffffffff max_cycles: 0xffffffff, max_idle_ns: 7645041785100000 ns
[    0.031129] futex hash table entries: 2048 (order: 5, 131072 bytes, linear)
[    0.039789] pinctrl core: initialized pinctrl subsystem
[    0.041287] DMI not present or invalid.
[    0.041795] NET: Registered protocol family 16
[    0.042733] DMA: preallocated 1024 KiB GFP_KERNEL pool for atomic allocations
[    0.042932] DMA: preallocated 1024 KiB GFP_KERNEL|GFP_DMA pool for atomic allocations
[    0.043221] DMA: preallocated 1024 KiB GFP_KERNEL|GFP_DMA32 pool for atomic allocations
[    0.043262] audit: initializing netlink subsys (disabled)
[    0.043444] audit: type=2000 audit(0.040:1): state=initialized audit_enabled=0 res=1
[    0.044618] thermal_sys: Registered thermal governor 'power_allocator'
[    0.045137] cpuidle: using governor menu
[    0.045305] hw-breakpoint: found 6 breakpoint and 4 watchpoint registers.
[    0.045428] ASID allocator initialised with 65536 entries
[    0.046732] Serial: AMBA PL011 UART driver
[    0.089313] sh-pfc e6060000.pinctrl: r8a77951_pfc support registered
[    0.103983] HugeTLB registered 1.00 GiB page size, pre-allocated 0 pages
[    0.103996] HugeTLB registered 32.0 MiB page size, pre-allocated 0 pages
[    0.104004] HugeTLB registered 2.00 MiB page size, pre-allocated 0 pages
[    0.104011] HugeTLB registered 64.0 KiB page size, pre-allocated 0 pages
[    0.104987] cryptd: max_cpu_qlen set to 1000
[    0.107253] ACPI: Interpreter disabled.
[    0.111072] rcar-avs: use avs value: 0
[    0.111087] rcar-avs: cpu@0 is running with: opp_table0
[    0.111098] rcar-avs: cpu@1 is running with: opp_table0
[    0.111108] rcar-avs: cpu@2 is running with: opp_table0
[    0.111117] rcar-avs: cpu@3 is running with: opp_table0
[    0.111201] rcar-avs: gsx@fd000000 is running with: gsx_opp_table0
[    0.112635] iommu: Default domain type: Translated 
[    0.113209] ipmmu-vmsa e67b0000.iommu: IPMMU context 0 is reserved
[    0.114203] vgaarb: loaded
[    0.114391] SCSI subsystem initialized
[    0.114652] usbcore: registered new interface driver usbfs
[    0.114681] usbcore: registered new interface driver hub
[    0.114706] usbcore: registered new device driver usb
[    0.118216] i2c-sh_mobile e60b0000.i2c: I2C adapter 7, bus speed 400000 Hz
[    0.118753] mc: Linux media interface: v0.10
[    0.118776] videodev: Linux video capture interface: v2.00
[    0.118823] pps_core: LinuxPPS API ver. 1 registered
[    0.118830] pps_core: Software ver. 5.3.6 - Copyright 2005-2007 Rodolfo Giometti <giometti@linux.it>
[    0.118844] PTP clock support registered
[    0.119012] EDAC MC: Ver: 3.0.0
[    0.121003] FPGA manager framework
[    0.121062] Advanced Linux Sound Architecture Driver Initialized.
[    0.121637] clocksource: Switched to clocksource arch_sys_counter
[    0.121778] VFS: Disk quotas dquot_6.6.0
[    0.121824] VFS: Dquot-cache hash table entries: 512 (order 0, 4096 bytes)
[    0.121952] pnp: PnP ACPI: disabled
[    0.125438] NET: Registered protocol family 2
[    0.125855] IP idents hash table entries: 131072 (order: 8, 1048576 bytes, linear)
[    0.128113] tcp_listen_portaddr_hash hash table entries: 4096 (order: 4, 65536 bytes, linear)
[    0.128191] TCP established hash table entries: 65536 (order: 7, 524288 bytes, linear)
[    0.128474] TCP bind hash table entries: 65536 (order: 8, 1048576 bytes, linear)
[    0.129059] TCP: Hash tables configured (established 65536 bind 65536)
[    0.129184] UDP hash table entries: 4096 (order: 5, 131072 bytes, linear)
[    0.129299] UDP-Lite hash table entries: 4096 (order: 5, 131072 bytes, linear)
[    0.129523] NET: Registered protocol family 1
[    0.129895] RPC: Registered named UNIX socket transport module.
[    0.129905] RPC: Registered udp transport module.
[    0.129911] RPC: Registered tcp transport module.
[    0.129917] RPC: Registered tcp NFSv4.1 backchannel transport module.
[    0.129929] PCI: CLS 0 bytes, default 64
[    0.130847] hw perfevents: enabled with armv8_cortex_a53 PMU driver, 7 counters available
[    0.131119] hw perfevents: enabled with armv8_cortex_a57 PMU driver, 7 counters available
[    0.131754] kvm [1]: HYP mode not available
[    0.134670] Initialise system trusted keyrings
[    0.134808] workingset: timestamp_bits=42 max_order=21 bucket_order=0
[    0.137898] squashfs: version 4.0 (2009/01/31) Phillip Lougher
[    0.138291] NFS: Registering the id_resolver key type
[    0.138317] Key type id_resolver registered
[    0.138324] Key type id_legacy registered
[    0.138377] nfs4filelayout_init: NFSv4 File Layout Driver Registering...
[    0.138386] nfs4flexfilelayout_init: NFSv4 Flexfile Layout Driver Registering...
[    0.138492] 9p: Installing v9fs 9p2000 file system support
[    0.165342] Key type asymmetric registered
[    0.165353] Asymmetric key parser 'x509' registered
[    0.165383] Block layer SCSI generic (bsg) driver version 0.4 loaded (major 243)
[    0.165394] io scheduler mq-deadline registered
[    0.165404] io scheduler kyber registered
[    0.181511] gpio_rcar e6050000.gpio: driving 16 GPIOs
[    0.181810] gpio_rcar e6051000.gpio: driving 29 GPIOs
[    0.182069] gpio_rcar e6052000.gpio: driving 15 GPIOs
[    0.182363] gpio_rcar e6053000.gpio: driving 16 GPIOs
[    0.182632] gpio_rcar e6054000.gpio: driving 18 GPIOs
[    0.182934] gpio_rcar e6055000.gpio: driving 26 GPIOs
[    0.183247] gpio_rcar e6055400.gpio: driving 32 GPIOs
[    0.183490] gpio_rcar e6055800.gpio: driving 4 GPIOs
[    0.186577] rcar-pcie fe000000.pcie: host bridge /soc/pcie@fe000000 ranges:
[    0.186608] rcar-pcie fe000000.pcie:       IO 0x00fe100000..0x00fe1fffff -> 0x0000000000
[    0.186630] rcar-pcie fe000000.pcie:      MEM 0x00fe200000..0x00fe3fffff -> 0x00fe200000
[    0.186648] rcar-pcie fe000000.pcie:      MEM 0x0030000000..0x0037ffffff -> 0x0030000000
[    0.186662] rcar-pcie fe000000.pcie:      MEM 0x0038000000..0x003fffffff -> 0x0038000000
[    0.186679] rcar-pcie fe000000.pcie:   IB MEM 0x0040000000..0x007fffffff -> 0x0040000000
[    0.186725] rcar-pcie fe000000.pcie: no pcie3v3 regulator found
[    0.186736] rcar-pcie fe000000.pcie: no pcie1v8 regulator found
[    0.253339] rcar-pcie fe000000.pcie: PCIe link down
[    0.253526] rcar-pcie ee800000.pcie: host bridge /soc/pcie@ee800000 ranges:
[    0.253551] rcar-pcie ee800000.pcie:       IO 0x00ee900000..0x00ee9fffff -> 0x0000000000
[    0.253571] rcar-pcie ee800000.pcie:      MEM 0x00eea00000..0x00eebfffff -> 0x00eea00000
[    0.253589] rcar-pcie ee800000.pcie:      MEM 0x00c0000000..0x00c7ffffff -> 0x00c0000000
[    0.253603] rcar-pcie ee800000.pcie:      MEM 0x00c8000000..0x00cfffffff -> 0x00c8000000
[    0.253636] rcar-pcie ee800000.pcie:   IB MEM 0x0040000000..0x007fffffff -> 0x0040000000
[    0.253670] rcar-pcie ee800000.pcie: no pcie3v3 regulator found
[    0.253680] rcar-pcie ee800000.pcie: no pcie1v8 regulator found
[    0.413629] rcar-pcie ee800000.pcie: PCIe link down
[    0.416093] EINJ: ACPI disabled.
[    0.449940] Serial: 8250/16550 driver, 4 ports, IRQ sharing enabled
[    0.452360] SuperH (H)SCI(F) driver initialized
[    0.452795] e6550000.serial: ttySC1 at MMIO 0xe6550000 (irq = 42, base_baud = 0) is a hscif
[    0.453534] e6e88000.serial: ttySC0 at MMIO 0xe6e88000 (irq = 128, base_baud = 0) is a scif
[    1.658138] printk: console [ttySC0] enabled
[    1.663548] msm_serial: driver initialized
[    1.673918] rcar-dw-hdmi fead0000.hdmi: Detected HDMI TX controller v2.01a with HDCP (DWC HDMI 2.0 TX PHY)
[    1.683834] rcar-dw-hdmi fead0000.hdmi: registered DesignWare HDMI I2C bus driver
[    1.692111] rcar-dw-hdmi feae0000.hdmi: Detected HDMI TX controller v2.01a with HDCP (DWC HDMI 2.0 TX PHY)
[    1.701980] rcar-dw-hdmi feae0000.hdmi: registered DesignWare HDMI I2C bus driver
[    1.717488] loop: module loaded
[    1.722090] megasas: 07.714.04.00-rc1
[    1.727823] scsi host0: sata_rcar
[    1.731294] ata1: SATA max UDMA/133 irq 181
[    1.740696] tun: Universal TUN/TAP device driver, 1.6
[    1.746650] thunder_xcv, ver 1.0
[    1.749906] thunder_bgx, ver 1.0
[    1.753149] nicpf, ver 1.0
[    1.757271] hclge is initializing
[    1.760605] hns3: Hisilicon Ethernet Network Driver for Hip08 Family - version
[    1.767828] hns3: Copyright (c) 2017 Huawei Corporation.
[    1.773162] e1000: Intel(R) PRO/1000 Network Driver
[    1.778041] e1000: Copyright (c) 1999-2006 Intel Corporation.
[    1.783810] e1000e: Intel(R) PRO/1000 Network Driver
[    1.788775] e1000e: Copyright(c) 1999 - 2015 Intel Corporation.
[    1.794720] igb: Intel(R) Gigabit Ethernet Network Driver
[    1.800119] igb: Copyright (c) 2007-2014 Intel Corporation.
[    1.805711] igbvf: Intel(R) Gigabit Virtual Function Network Driver
[    1.811979] igbvf: Copyright (c) 2009 - 2012 Intel Corporation.
[    1.818317] sky2: driver version 1.30
[    1.825953] ravb e6800000.ethernet eth0: Base address at 0xe6800000, 2e:09:0a:03:84:20, IRQ 125.
[    1.836183] VFIO - User Level meta-driver version: 0.3
[    1.843355] ehci_hcd: USB 2.0 'Enhanced' Host Controller (EHCI) Driver
[    1.849894] ehci-pci: EHCI PCI platform driver
[    1.854354] ehci-platform: EHCI generic platform driver
[    1.859962] ehci-platform ee0a0100.usb: EHCI Host Controller
[    1.865643] ehci-platform ee0a0100.usb: new USB bus registered, assigned bus number 1
[    1.873565] ehci-platform ee0a0100.usb: irq 175, io mem 0xee0a0100
[    1.893639] ehci-platform ee0a0100.usb: USB 2.0 started, EHCI 1.10
[    1.900162] hub 1-0:1.0: USB hub found
[    1.903933] hub 1-0:1.0: 1 port detected
[    1.908341] ehci-platform ee0c0100.usb: EHCI Host Controller
[    1.914016] ehci-platform ee0c0100.usb: new USB bus registered, assigned bus number 2
[    1.921905] ehci-platform ee0c0100.usb: irq 176, io mem 0xee0c0100
[    1.941635] ehci-platform ee0c0100.usb: USB 2.0 started, EHCI 1.10
[    1.948098] hub 2-0:1.0: USB hub found
[    1.951870] hub 2-0:1.0: 1 port detected
[    1.981675] ehci-platform ee0e0100.usb: EHCI Host Controller
[    1.987352] ehci-platform ee0e0100.usb: new USB bus registered, assigned bus number 3
[    1.995229] ehci-platform ee0e0100.usb: irq 177, io mem 0xee0e0100
[    2.013635] ehci-platform ee0e0100.usb: USB 2.0 started, EHCI 1.10
[    2.020066] hub 3-0:1.0: USB hub found
[    2.023833] hub 3-0:1.0: 1 port detected
[    2.028209] ehci-orion: EHCI orion driver
[    2.032465] ehci-exynos: EHCI Exynos driver
[    2.036770] ohci_hcd: USB 1.1 'Open' Host Controller (OHCI) Driver
[    2.042967] ohci-pci: OHCI PCI platform driver
[    2.047449] ohci-platform: OHCI generic platform driver
[    2.052979] ohci-platform ee0a0000.usb: Generic Platform OHCI controller
[    2.059698] ohci-platform ee0a0000.usb: new USB bus registered, assigned bus number 4
[    2.067581] ohci-platform ee0a0000.usb: irq 175, io mem 0xee0a0000
[    2.149643] ata1: link resume succeeded after 1 retries
[    2.163904] hub 4-0:1.0: USB hub found
[    2.167673] hub 4-0:1.0: 1 port detected
[    2.172006] ohci-platform ee0c0000.usb: Generic Platform OHCI controller
[    2.178724] ohci-platform ee0c0000.usb: new USB bus registered, assigned bus number 5
[    2.186594] ohci-platform ee0c0000.usb: irq 176, io mem 0xee0c0000
[    2.261159] ata1: SATA link down (SStatus 0 SControl 300)
[    2.279894] hub 5-0:1.0: USB hub found
[    2.283662] hub 5-0:1.0: 1 port detected
[    2.287988] ohci-platform ee0e0000.usb: Generic Platform OHCI controller
[    2.294702] ohci-platform ee0e0000.usb: new USB bus registered, assigned bus number 6
[    2.302573] ohci-platform ee0e0000.usb: irq 177, io mem 0xee0e0000
[    2.395896] hub 6-0:1.0: USB hub found
[    2.399662] hub 6-0:1.0: 1 port detected
[    2.403999] ohci-exynos: OHCI Exynos driver
[    2.408428] usbcore: registered new interface driver usb-storage
[    2.416102] renesas_usbhs e6590000.usb: host probed
[    2.420993] renesas_usbhs e6590000.usb: no transceiver found
[    2.426718] renesas_usbhs e6590000.usb: gadget probed
[    2.431937] renesas_usbhs e6590000.usb: probed
[    2.436828] renesas_usbhs e659c000.usb: host probed
[    2.441725] renesas_usbhs e659c000.usb: no transceiver found
[    2.447439] renesas_usbhs e659c000.usb: gadget probed
[    2.452636] renesas_usbhs e659c000.usb: probed
[    2.459546] i2c /dev entries driver
[    2.474104] cs2000-cp 2-004f: revision - C1
[    2.478344] i2c-rcar e6510000.i2c: probed
[    2.483182] pca953x 4-0020: supply vcc not found, using dummy regulator
[    2.489882] pca953x 4-0020: using no AI
[    2.494530] gpio-355 (PCIE/SATA switch): hogged as output/low
[    2.506784] i2c-rcar e66d8000.i2c: probed
[    2.512083] adv748x 4-0070: Endpoint /soc/i2c@e66d8000/video-receiver@70/port@7/endpoint on port 7
[    2.521069] adv748x 4-0070: Endpoint /soc/i2c@e66d8000/video-receiver@70/port@8/endpoint on port 8
[    2.530041] adv748x 4-0070: Endpoint /soc/i2c@e66d8000/video-receiver@70/port@a/endpoint on port 10
[    2.539104] adv748x 4-0070: Endpoint /soc/i2c@e66d8000/video-receiver@70/port@b/endpoint on port 11
[    2.548507] adv748x 4-0070: chip found @ 0xe0 revision 2143
[    2.601897] rcar-csi2 fea80000.csi2: 1 lanes found
[    2.607086] rcar-csi2 feaa0000.csi2: 4 lanes found
[    2.616712] rcar-vin e6ef0000.video: Device registered as video0
[    2.622788] rcar-vin e6ef1000.video: Device registered as video1
[    2.628864] rcar-vin e6ef2000.video: Device registered as video2
[    2.634935] rcar-vin e6ef3000.video: Device registered as video3
[    2.641001] rcar-vin e6ef4000.video: Device registered as video4
[    2.647087] rcar-vin e6ef5000.video: Device registered as video5
[    2.653191] rcar-vin e6ef6000.video: Device registered as video6
[    2.659267] rcar-vin e6ef7000.video: Device registered as video7
[    2.668029] rcar_gen3_thermal e6198000.thermal: is using pseudo fixed FUSE values
[    2.680218] rcar_gen3_thermal e6198000.thermal: TSC0: Loaded 1 trip points
[    2.691463] rcar_gen3_thermal e6198000.thermal: TSC1: Loaded 1 trip points
[    2.702611] rcar_gen3_thermal e6198000.thermal: TSC2: Loaded 3 trip points
[    2.714718] sdhci: Secure Digital Host Controller Interface driver
[    2.720911] sdhci: Copyright(c) Pierre Ossman
[    2.726109] Synopsys Designware Multimedia Card Interface Driver
[    2.726433] renesas_sdhi_internal_dmac ee140000.mmc: Adding to iommu group 0
[    2.726435] renesas_sdhi_internal_dmac ee100000.mmc: Got CD GPIO
[    2.726455] renesas_sdhi_internal_dmac ee100000.mmc: Got WP GPIO
[    2.726671] renesas_sdhi_internal_dmac ee160000.mmc: Got CD GPIO
[    2.726699] renesas_sdhi_internal_dmac ee160000.mmc: Got WP GPIO
[    2.733477] sdhci-pltfm: SDHCI platform and OF driver helper
[    2.739196] renesas_sdhi_internal_dmac ee140000.mmc: Using IPMMU context 1
[    2.776111] ledtrig-cpu: registered to indicate activity on CPUs
[    2.783132] SMCCC: SOC_ID: ARCH_SOC_ID not implemented, skipping ....
[    2.790163] usbcore: registered new interface driver usbhid
[    2.795738] usbhid: USB HID core driver
[    2.803354] optee: probing for conduit method.
[    2.807823] optee: revision 3.22 (314ecf9d)
[    2.808217] optee driver R-Car Rev.1.0.11
[    2.816732] optee: dynamic shared memory is enabled
[    2.821880] optee: initialized driver
[    2.824646] renesas_sdhi_internal_dmac ee140000.mmc: mmc0 base at 0x00000000ee140000, max clock rate 200 MHz
[    2.836011] rcar_sound ec500000.sound: probed
[    2.840974] NET: Registered protocol family 17
[    2.845570] 9pnet: Installing 9P2000 support
[    2.849928] Key type dns_resolver registered
[    2.854608] registered taskstats version 1
[    2.858719] Loading compiled-in X.509 certificates
[    2.873339] thermal emergency: set temperature to 110 celsius
[    2.879281] thermal emergency: shutdown target cpus 1-7
[    2.884508] thermal emergency: freq scaled target cpus 0
[    2.890177] renesas_irqc e61c0000.interrupt-controller: driving 6 irqs
[    2.904957] mmc0: new HS400 MMC card at address 0001
[    2.910594] mmcblk0: mmc0:0001 BGSD3R 29.1 GiB 
[    2.915520] mmcblk0boot0: mmc0:0001 BGSD3R partition 1 16.0 MiB
[    2.921846] mmcblk0boot1: mmc0:0001 BGSD3R partition 2 16.0 MiB
[    2.927885] mmcblk0rpmb: mmc0:0001 BGSD3R partition 3 4.00 MiB, chardev (509:0)
[    2.936920]  mmcblk0: p1
[    2.937663] ehci-platform ee080100.usb: EHCI Host Controller
[    2.945148] ehci-platform ee080100.usb: new USB bus registered, assigned bus number 7
[    2.953053] ehci-platform ee080100.usb: irq 174, io mem 0xee080100
[    2.973734] ehci-platform ee080100.usb: USB 2.0 started, EHCI 1.10
[    2.980276] hub 7-0:1.0: USB hub found
[    2.984047] hub 7-0:1.0: 1 port detected
[    2.989567] ohci-platform ee080000.usb: Generic Platform OHCI controller
[    2.996292] ohci-platform ee080000.usb: new USB bus registered, assigned bus number 8
[    3.004180] ohci-platform ee080000.usb: irq 174, io mem 0xee080000
[    3.100034] hub 8-0:1.0: USB hub found
[    3.103806] hub 8-0:1.0: 1 port detected
[    3.109038] cpu cpu0: EM: created perf domain
[    3.114001] cpu cpu4: EM: created perf domain
[    3.121855] renesas_sdhi_internal_dmac ee100000.mmc: Got CD GPIO
[    3.124813] renesas_sdhi_internal_dmac ee160000.mmc: Got CD GPIO
[    3.127976] renesas_sdhi_internal_dmac ee100000.mmc: Got WP GPIO
[    3.128385] [drm] Initialized rcar-du 1.0.0 20130110 for feb00000.display on minor 0
[    3.128388] [drm] Device feb00000.display probed
[    3.133973] renesas_sdhi_internal_dmac ee160000.mmc: Got WP GPIO
[    3.188658] renesas_sdhi_internal_dmac ee100000.mmc: mmc1 base at 0x00000000ee100000, max clock rate 200 MHz
[    3.198250] Console: switching to colour frame buffer device 128x48
[    3.207986] renesas_sdhi_internal_dmac ee160000.mmc: mmc2 base at 0x00000000ee160000, max clock rate 200 MHz
[    3.239256] rcar-du feb00000.display: [drm] fb0: rcar-dudrmfb frame buffer device
[    3.251794] input: keys as /devices/platform/keys/input/input0
[    3.332634] Micrel KSZ9031 Gigabit PHY e6800000.ethernet-ffffffff:00: attached PHY driver [Micrel KSZ9031 Gigabit PHY] (mii_bus:phy_addr=e6800000.ethernet-ffffffff:00, irq=183)
[    9.882640] ravb e6800000.ethernet eth0: Link is Up - 1Gbps/Full - flow control off
[    9.909661] IP-Config: Guessing netmask 255.255.255.0
[    9.914821] IP-Config: Complete:
[    9.918131]      device=eth0, hwaddr=2e:09:0a:03:84:20, ipaddr=192.168.10.104, mask=255.255.255.0, gw=255.255.255.255
[    9.928941]      host=192.168.10.104, domain=, nis-domain=(none)
[    9.935074]      bootserver=255.255.255.255, rootserver=192.168.10.98, rootpath=
[    9.935682] ALSA device list:
[    9.946296]   No soundcards found.
[   11.024835] VFS: Mounted root (nfs4 filesystem) on device 0:22.
[   11.031884] devtmpfs: mounted
[   11.038552] Freeing unused kernel memory: 6080K
[   11.061780] Run /sbin/init as init process
[   11.239546] systemd[1]: System time before build time, advancing clock.
[   11.599714] NET: Registered protocol family 10
[   11.605852] Segment Routing with IPv6
[   11.627363] systemd[1]: systemd 244 running in system mode. (+PAM -AUDIT -SELINUX +IMA -APPARMOR -SMACK +SYSVINIT +UTMP -LIBCRYPTSETUP -GCRYPT -GNUTLS +ACL +XZ -LZ4 -SECCOMP +BLKID -ELFUTILS +KMOD -IDN2 -IDN -PCRE2 default-hierarchy=hybrid)
[   11.651472] systemd[1]: Detected architecture arm64.

Welcome to [1mPoky (Yocto Project Reference Distro) 3.1.11 (dunfell)[0m!

[   11.679794] systemd[1]: Set hostname to <salvator-x>.
[   11.925688] random: crng init done
[   12.449335] systemd[1]: system-getty.slice: unit configures an IP firewall, but the local system does not support BPF/cgroup firewalling.
[   12.470529] systemd[1]: (This warning is only shown for the first unit using IP firewalling.)
[   12.485525] systemd[1]: Created slice system-getty.slice.
[[0;32m  OK  [0m] Created slice [0;1;39msystem-getty.slice[0m.
[   12.514866] systemd[1]: Created slice system-serial\x2dgetty.slice.
[[0;32m  OK  [0m] Created slice [0;1;39msystem-serial\x2dgetty.slice[0m.
[   12.538765] systemd[1]: Created slice User and Session Slice.
[[0;32m  OK  [0m] Created slice [0;1;39mUser and Session Slice[0m.
[   12.562170] systemd[1]: Started Dispatch Password Requests to Console Directory Watch.
[[0;32m  OK  [0m] Started [0;1;39mDispatch Password â€¦ts to Console Directory Watch[0m.
[   12.590068] systemd[1]: Started Forward Password Requests to Wall Directory Watch.
[[0;32m  OK  [0m] Started [0;1;39mForward Password Râ€¦uests to Wall Directory Watch[0m.
[   12.617941] systemd[1]: Reached target Paths.
[[0;32m  OK  [0m] Reached target [0;1;39mPaths[0m.
[   12.641827] systemd[1]: Reached target Remote File Systems.
[[0;32m  OK  [0m] Reached target [0;1;39mRemote File Systems[0m.
[   12.665777] systemd[1]: Reached target Slices.
[[0;32m  OK  [0m] Reached target [0;1;39mSlices[0m.
[   12.689803] systemd[1]: Reached target Swap.
[[0;32m  OK  [0m] Reached target [0;1;39mSwap[0m.
[   12.717046] systemd[1]: Listening on RPCbind Server Activation Socket.
[[0;32m  OK  [0m] Listening on [0;1;39mRPCbind Server Activation Socket[0m.
[   12.745871] systemd[1]: Reached target RPC Port Mapper.
[[0;32m  OK  [0m] Reached target [0;1;39mRPC Port Mapper[0m.
[   12.770180] systemd[1]: Listening on initctl Compatibility Named Pipe.
[[0;32m  OK  [0m] Listening on [0;1;39minitctl Compatibility Named Pipe[0m.
[   12.799628] systemd[1]: Listening on Journal Audit Socket.
[[0;32m  OK  [0m] Listening on [0;1;39mJournal Audit Socket[0m.
[   12.827239] systemd[1]: Listening on Journal Socket (/dev/log).
[[0;32m  OK  [0m] Listening on [0;1;39mJournal Socket (/dev/log)[0m.
[   12.854512] systemd[1]: Listening on Journal Socket.
[[0;32m  OK  [0m] Listening on [0;1;39mJournal Socket[0m.
[   12.879672] systemd[1]: Listening on Network Service Netlink Socket.
[[0;32m  OK  [0m] Listening on [0;1;39mNetwork Service Netlink Socket[0m.
[   12.908023] systemd[1]: Listening on udev Control Socket.
[[0;32m  OK  [0m] Listening on [0;1;39mudev Control Socket[0m.
[   12.934306] systemd[1]: Listening on udev Kernel Socket.
[[0;32m  OK  [0m] Listening on [0;1;39mudev Kernel Socket[0m.
[   12.963440] systemd[1]: Mounting Huge Pages File System...
         Mounting [0;1;39mHuge Pages File System[0m...
[   12.991080] systemd[1]: Mounting POSIX Message Queue File System...
         Mounting [0;1;39mPOSIX Message Queue File System[0m...
[   13.023030] systemd[1]: Mounting Kernel Debug File System...
         Mounting [0;1;39mKernel Debug File System[0m...
[   13.052902] systemd[1]: Mounting Temporary Directory (/tmp)...
         Mounting [0;1;39mTemporary Directory (/tmp)[0m...
[   13.084130] systemd[1]: Starting Create list of static device nodes for the current kernel...
         Starting [0;1;39mCreate list of stâ€¦odes for the current kernel[0m...
[   13.118858] systemd[1]: Starting Start psplash boot splash screen...
         Starting [0;1;39mStart psplash boot splash screen[0m...
[   13.152672] systemd[1]: Starting RPC Bind...
         Starting [0;1;39mRPC Bind[0m...
[   13.182399] systemd[1]: Condition check resulted in File System Check on Root Device being skipped.
[   13.198122] systemd[1]: Starting Journal Service...
         Starting [0;1;39mJournal Service[0m...
[   13.225999] systemd[1]: Starting Load Kernel Modules...
         Starting [0;1;39mLoad Kernel Modules[0m...
[   13.250465] systemd[1]: Starting Remount Root and Kernel File Systems...
         Starting [0;1;39mRemount Root and Kernel File Systems[0m...
[   13.278539] systemd[1]: Starting udev Coldplug all Devices...
         Starting [0;1;39mudev Coldplug all Devices[0m...
[   13.302699] systemd[1]: Started Start psplash boot splash screen.
[[0;32m  OK  [0m] Started [0;1;39mStart psplash boot splash screen[0m.
[   13.330500] systemd[1]: Started RPC Bind.
[[0;32m  OK  [0m] Started [0;1;39mRPC Bind[0m.
[   13.350275] systemd[1]: Started Journal Service.
[[0;32m  OK  [0m] Started [0;1;39mJournal Service[0m.
[[0;32m  OK  [0m] Mounted [0;1;39mHuge Pages File System[0m.
[[0;32m  OK  [0m] Mounted [0;1;39mPOSIX Message Queue File System[0m.
[[0;32m  OK  [0m] Mounted [0;1;39mKernel Debug File System[0m.
[[0;32m  OK  [0m] Mounted [0;1;39mTemporary Directory (/tmp)[0m.
[[0;32m  OK  [0m] Started [0;1;39mCreate list of staâ€¦ nodes for the current kernel[0m.
[[0;32m  OK  [0m] Started [0;1;39mLoad Kernel Modules[0m.
[[0;32m  OK  [0m] Started [0;1;39mRemount Root and Kernel File Systems[0m.
         Mounting [0;1;39mKernel Configuration File System[0m...
[[0;32m  OK  [0m] Started [0;1;39mStart psplash-systâ€¦progress communication helper[0m.
         Starting [0;1;39mFlush Journal to Persistent Storage[0m...
         Starting [0;1;39mApply Kernel [   13.583250] systemd-journald[360]: Received client request to flush runtime journal.
Variables[0m...
         Starting [0;1;39mCreate Static Device Nodes in /dev[0m...
[[0;32m  OK  [0m] Mounted [0;1;39mKernel Configuration File System[0m.
[[0;32m  OK  [0m] Started [0;1;39mFlush Journal to Persistent Storage[0m.
[[0;32m  OK  [0m] Started [0;1;39mApply Kernel Variables[0m.
[[0;32m  OK  [0m] Started [0;1;39mCreate Static Device Nodes in /dev[0m.
[[0;32m  OK  [0m] Reached target [0;1;39mLocal File Systems (Pre)[0m.
         Mounting [0;1;39m/var/volatile[0m...
         Starting [0;1;39mudev Kernel Device Manager[0m...
[[0;32m  OK  [0m] Started [0;1;39mudev Coldplug all Devices[0m.
[[0;32m  OK  [0m] Mounted [0;1;39m/var/volatile[0m.
         Starting [0;1;39mLoad/Save Random Seed[0m...
[[0;32m  OK  [0m] Reached target [0;1;39mLocal File Systems[0m.
         Starting [0;1;39mCreate Volatile Files and Directories[0m...
[[0;32m  OK  [0m] Started [0;1;39mudev Kernel Device Manager[0m.
[[0;32m  OK  [0m] Started [0;1;39mLoad/Save Random Seed[0m.
         Starting [0;1;39mNetwork Service[0m...
[[0;32m  OK  [0m] Started [0;1;39mCreate Volatile Files and Directories[0m.
[[0;32m  OK  [0m] Started [0;1;39mNetwork Service[0m.
         Starting [0;1;39mNetwork Name Resolution[0m...
         Starting [0;1;39mNetwork Time Synchronization[0m...
         Starting [0;1;39mUpdate UTMP about System Boot/Shutdown[0m...
[   14.114846] pwm-backlight: probe of backlight failed with error -16
[[0;32m  OK  [0m] Started [0;1;39mUpdate UTMP about System Boot/Shutdown[0m.
[[0;32m  OK  [0m] Reached target [0;1;39mHardware activated USB gadget[0m.
[   14.192299] at24 7-0050: supply vcc not found, using dummy regulator
[   14.199878] at24 7-0050: 128 byte br24t01 EEPROM, writable, 8 bytes/write
[[0;32m  OK  [0m] Started [0;1;39mNetwork Name Resolution[0m.
[[0;32m  OK  [0m] Reached target [0;1;39mNetwork[0m.
[[0;32m  OK  [0m] Reached target [0;1;39mHost and Network Name Lookups[0m.
[   14.385119] ccree e6601000.crypto: ARM CryptoCell 630P Driver: HW version 0xAF400001/0xDCC63000, Driver version 5.0
[   14.387427] renesas_usb3 ee020000.usb: probed with phy
[   14.420968] ccree e6601000.crypto: ARM ccree device initialized
[[0;32m  OK  [0m] Started [0;1;39mNetwork Time Synchronization[0m.
[[0;32m  OK  [0m] Created slice [0;1;39msystem-weston.slice[0m.
[   14.497443] xhci-hcd ee000000.usb: xHCI Host Controller
[   14.502900] xhci-hcd ee000000.usb: new USB bus registered, assigned bus number 9
[[0;32m  OK  [0m] Reached target [0;1;39mSystem Time Set[0m.
[   14.527490] xhci-hcd ee000000.usb: hcc params 0x014051ce hci version 0x100 quirks 0x0000000000830410
[   14.537336] xhci-hcd ee000000.usb: irq 172, io mem 0xee000000
[   14.543268] xhci-hcd ee000000.usb: xHCI Host Controller
[   14.543290] xhci-hcd ee000000.usb: new USB bus registered, assigned bus number 10
[   14.556020] xhci-hcd ee000000.usb: Host supports USB 3.0 SuperSpeed
[   14.556495] hub 9-0:1.0: USB hub found
[   14.566137] hub 9-0:1.0: 1 port detected
[   14.569493] usb usb10: We don't know the algorithms for LPM for this host, disabling LPM.
[[0;32m  OK  [[   14.578691] hub 10-0:1.0: USB hub found
0m] Reached targ[   14.583698] hub 10-0:1.0: 1 port detected
et [0;1;39mSystem Time Synchronized[0m.
[[0;32m  OK  [0m] Reached target [0;1;39mSystem Initialization[0m.
[[0;32m  OK  [0m] Started [0;1;39mDaily Cleanup of Temporary Directories[0m.
[[0;32m  OK  [0m] Reached target [0;1;39mTimers[0m.
[[0;32m  OK  [0m] Listening on [0;1;39mAvahi mDNS/DNS-SD Stack Activation Socket[0m.
[[0;32m  OK  [0m] Listening on [0;1;39mD-Bus System Message Bus Socket[0m.
[[0;32m  OK  [0m] Listening on [0;1;39mdropbear.socket[0m.
[[0;32m  OK  [0m] Reached target [0;1;39mSockets[0m.
[[0;32m  OK  [0m] Reached target [0;1;39mBasic System[0m.
         Starting [0;1;39mAvahi mDNS/DNS-SD Stack[0m...
[[0;32m  OK  [0m] Started [0;1;39mD-Bus System Message Bus[0m.
[[0;32m  OK  [0m] Started [0;1;39moptee services[0m.
         Starting [0;1;39mpvrinit.service[0m...
         Starting [0;1;39mPowerVR consumer services[0m...
         Starting [0;1;39mLogin Service[0m...
         Starting [0;1;39mPermit User Sessions[0m...
[[0;32m  OK  [0m] Started [0;1;39mXinetd A Powerful Replacement For Inetd[0m.
[[0;1;31mFAILED[0m] Failed to start [0;1;39mpvrinit.service[0m.
See 'systemctl status pvrinit.service' for details.
[[0;1;31mFAILED[0m] Failed to start [0;1;39mPowerVR consumer services[0m.
See 'systemctl status rc.pvr.service' for details.
[[0;1;38;5;185mDEPEND[0m] Dependency failed for [0;1;39mWeston Wayland Compositor[0m.
[[0;32m  OK  [0m] Started [0;1;39mPermit User Sessions[0m.
[[0;32m  OK  [0m] Started [0;1;39mAvahi mDNS/DNS-SD Stack[0m.
[   15.178190] usb 10-1: new SuperSpeed Gen 1 USB device number 2 using xhci-hcd
[[0;32m  OK  [0m] Started [0;1;39mLogin Service[0m.
[   15.214937] usb-storage 10-1:1.0: USB Mass Storage device detected
[   15.221687] scsi host1: usb-storage 10-1:1.0
[[0;32m  OK  [0m] Started [0;1;39mGetty on tty1[0m.
[[0;32m  OK  [0m] Started [0;1;39mSerial Getty on ttySC0[0m.
[[0;32m  OK  [0m] Reached target [0;1;39mLogin Prompts[0m.
         Starting [0;1;39mset_default_governor.service[0m...
[   15.361937] rd 0-7: Disabling EAS, schedutil is mandatory
[[0;32m  OK  [0m] Started [0;1;39mset_default_governor.service[0m.
[[0;32m  OK  [0m] Reached target [0;1;39mMulti-User System[0m.
         Starting [0;1;39mUpdate UTMP about System Runlevel Changes[0m...
[[0;32m  OK  [0m] Started [0;1;39mUpdate UTMP about System Runlevel Changes[0m.
[   16.255209] scsi 1:0:0:0: Direct-Access     SanDisk  Ultra            1.00 PQ: 0 ANSI: 6
[   16.264780] sd 1:0:0:0: [sda] 121307136 512-byte logical blocks: (62.1 GB/57.8 GiB)
[   16.273989] sd 1:0:0:0: [sda] Write Protect is off
[   16.279569] sd 1:0:0:0: [sda] Write cache: disabled, read cache: enabled, doesn't support DPO or FUA
[   16.330342]  sda: sda1
[   16.335632] sd 1:0:0:0: [sda] Attached SCSI removable disk


Poky (Yocto Project Reference Distro) 3.1.11 salvator-x ttySC0

salvator-x login: 

salvator-x login: root

[   17.127955] audit: type=1006 audit(1703064537.884:2): pid=538 uid=0 old-auid=4294967295 auid=0 tty=(none) old-ses=4294967295 ses=1 res=1
7[r[999;999H[6n8root@salvator-x:~# 
root@salvator-x:~# 
root@salvator-x:~# 
root@salvator-x:~# 
root@salvator-x:~# 
root@salvator-x:~# 
root@salvator-x:~# 
root@salvator-x:~# 
root@salvator-x:~# 
root@salvator-x:~# find /sys/devices/platform/soc/ee000000.usb/ -name 'sd*'
/sys/devices/platform/soc/ee000000.usb/usb10/10-1/10-1:1.0/host1/target1:0:0/1:0:0:0/block/sda
/sys/devices/platform/soc/ee000000.usb/usb10/10-1/10-1:1.0/host1/target1:0:0/1:0:0:0/block/sda/sda1
root@salvator-x:~# 
root@salvator-x:~# dd if=/dev/urandom of=150m.dat bs=1M count=150
150+0 records in
150+0 records out
157286400 bytes (157 MB, 150 MiB) copied, 3.39563 s, 46.3 MB/s
root@salvator-x:~# 
root@salvator-x:~# mkdir -p /mnt/usb
root@salvator-x:~# 
root@salvator-x:~# mount /dev/sda1 /mnt/usb
[   41.949715] SDHI0 VccQ: disabling
[   41.953134] SDHI3 VccQ: disabling
[   42.014086] EXT4-fs (sda1): recovery complete
[   42.024904] EXT4-fs (sda1): mounted filesystem with ordered data mode. Opts: (null)
root@salvator-x:~# 
root@salvator-x:~# cp ./150m.dat /mnt/usb/
^Z

[1]+  Stopped(SIGTSTP)        cp ./150m.dat /mnt/usb/
root@salvator-x:~# 
root@salvator-x:~# 
root@salvator-x:~# ls -la 150m.dat
-rw-r--r-- 1 root root 157286400 Feb  5  2024 150m.dat
root@salvator-x:~# 
root@salvator-x:~# ls -la /mnt/usb/150m.dat
-rw-r--r-- 1 root root 157286400 Dec 20 09:29 /mnt/usb/150m.dat
root@salvator-x:~# 
root@salvator-x:~# fg
cp ./150m.dat /mnt/usb/
root@salvator-x:~# 
root@salvator-x:~# sync
root@salvator-x:~# 
root@salvator-x:~# ls -la /mnt/usb/150m.dat
-rw-r--r-- 1 root root 157286400 Dec 20 09:29 /mnt/usb/150m.dat
root@salvator-x:~# 
root@salvator-x:~# cmp ./150m.dat /mnt/usb/150m.dat
root@salvator-x:~# 
 
#### Result: OK ####
