
------------ BOARD -------------

Reset board with button reset board 0x15: salvator_h3
Push reset button
Release reset button
NOTICE:  BL2: R-Car Gen3 Initial Program Loader(CA57) Rev.4.0.0
NOTICE:  BL2: PRR is R-Car H3 Ver.3.0
NOTICE:  BL2: Board is Salvator-XS Rev.1.1
NOTICE:  BL2: Boot device is HyperFlash(160MHz)
NOTICE:  BL2: LCM state is CM
NOTICE:  AVS setting succeeded. DVFS_SetVID=0x53
NOTICE:  BL2: DDR3200(rev.0.42)
NOTICE:  BL2: [COLD_BOOT]
NOTICE:  BL2: DRAM Split is 4ch(DDR f)
NOTICE:  BL2: QoS is default setting(rev.0.11)
NOTICE:  BL2: DRAM refresh interval 1.95 usec
NOTICE:  BL2: Periodic Write DQ Training
NOTICE:  BL2: CH0: 400000000 - 47fffffff, 2 GiB
NOTICE:  BL2: CH1: 500000000 - 57fffffff, 2 GiB
NOTICE:  BL2: CH2: 600000000 - 67fffffff, 2 GiB
NOTICE:  BL2: CH3: 700000000 - 77fffffff, 2 GiB
NOTICE:  BL2: Lossy Decomp areas
NOTICE:       Entry 0: DCMPAREACRAx:0x80000540 DCMPAREACRBx:0x570
NOTICE:       Entry 1: DCMPAREACRAx:0x40000000 DCMPAREACRBx:0x0
NOTICE:       Entry 2: DCMPAREACRAx:0x20000000 DCMPAREACRBx:0x0
NOTICE:  BL2: FDT at 0xe6327f70
NOTICE:  BL2: v2.9(release):9cdb21f75
NOTICE:  BL2: Built : 05:25:39, Dec 19 2023
NOTICE:  BL2: Normal boot
NOTICE:  BL2: dst=0xe6327800 src=0x8180000 len=512(0x200)
NOTICE:  BL2: dst=0x43f00000 src=0x8180400 len=6144(0x1800)
NOTICE:  rcar_file_len: len: 0x0003e000
NOTICE:  BL2: dst=0x44000000 src=0x81c0000 len=253952(0x3e000)
NOTICE:  rcar_file_len: len: 0x00200000
NOTICE:  BL2: dst=0x44100000 src=0x8200000 len=2097152(0x200000)
NOTICE:  rcar_file_len: len: 0x00100000
NOTICE:  BL2: dst=0x50000000 src=0x8640000 len=1048576(0x100000)
NOTICE:  BL2: Booting BL31


U-Boot 2020.10 (Dec 19 2023 - 14:30:40 +0000)

CPU: Renesas Electronics R8A7795 rev 3.0
Model: Renesas Salvator-X 2nd version board based on r8a77951
DRAM:  7.9 GiB
RAM Configuration:
Bank #0: 0x048000000 - 0x0bfffffff, 1.9 GiB
Bank #1: 0x500000000 - 0x57fffffff, 2 GiB
Bank #2: 0x600000000 - 0x67fffffff, 2 GiB
Bank #3: 0x700000000 - 0x77fffffff, 2 GiB

MMC:   sd@ee100000: 0, sd@ee140000: 1, sd@ee160000: 2
Loading Environment from MMC... OK
In:    serial@e6e88000
Out:   serial@e6e88000
Err:   serial@e6e88000
Net:   eth0: ethernet@e6800000
Hit any key to stop autoboot:  2  1  0 
ethernet@e6800000 Waiting for PHY auto negotiation to complete............... done
Using ethernet@e6800000 device
TFTP from server 192.168.10.98; our IP address is 192.168.10.107
Filename 'BV/PT3/boot_USB3H/Image'.
Load address: 0x48080000
Loading: *#################################################################
	 #################################################################
	 #################################################################
	 #################################################################
	 #################################################################
	 #################################################################
	 #################################################################
	 #################################################################
	 #################################################################
	 #################################################################
	 #################################################################
	 #################################################################
	 #################################################################
	 #################################################################
	 #################################################################
	 #################################################################
	 #################################################################
	 #################################################################
	 #################################################################
	 #################################################################
	 #################################################################
	 #################################################################
	 #################################################################
	 #################################################################
	 #################################################################
	 #################################################################
	 #################################################################
	 #################################################################
	 #################################################################
	 #################################################################
	 #################################################################
	 #################################################################
	 #################################################################
	 #################################################################
	 ##############################################
	 3.9 MiB/s
done
Bytes transferred = 33112576 (1f94200 hex)
Using ethernet@e6800000 device
TFTP from server 192.168.10.98; our IP address is 192.168.10.107
Filename 'BV/PT3/boot_USB3H/r8a77951-salvator-xs.dtb'.
Load address: 0x48000000
Loading: *#######
	 8.7 MiB/s
done
Bytes transferred = 90876 (162fc hex)
Moving Image from 0x48080000 to 0x48200000, end=4a220000
## Flattened Device Tree blob at 48000000
   Booting using the fdt blob at 0x48000000
   Loading Device Tree to 0000000053fe6000, end 0000000053fff2fb ... OK

Starting kernel ...

[    0.000000] Booting Linux on physical CPU 0x0000000000 [0x411fd073]
[    0.000000] Linux version 5.10.194-yocto-standard (thuan.nguyen-hong@banvien) (aarch64-poky-linux-gcc (GCC) 9.3.0, GNU ld (GNU Binutils) 2.34.0.20200220) #13 SMP PREEMPT Sat Feb 3 10:27:40 UTC 2024
[    0.000000] Machine model: Renesas Salvator-X 2nd version board based on r8a77951
[    0.000000] efi: UEFI not found.
[    0.000000] Reserved memory: created CMA memory pool at 0x0000000057000000, size 16 MiB
[    0.000000] OF: reserved mem: initialized node linux,adsp@57000000, compatible id shared-dma-pool
[    0.000000] Reserved memory: created CMA memory pool at 0x0000000058000000, size 384 MiB
[    0.000000] OF: reserved mem: initialized node linux,cma@58000000, compatible id shared-dma-pool
[    0.000000] Reserved memory: created CMA memory pool at 0x0000000070000000, size 256 MiB
[    0.000000] OF: reserved mem: initialized node linux,multimedia@70000000, compatible id shared-dma-pool
[    0.000000] NUMA: No NUMA configuration found
[    0.000000] NUMA: Faking a node at [mem 0x0000000048000000-0x000000077fffffff]
[    0.000000] NUMA: NODE_DATA [mem 0x77efdab00-0x77efdcfff]
[    0.000000] Zone ranges:
[    0.000000]   DMA      [mem 0x0000000048000000-0x000000007fffffff]
[    0.000000]   DMA32    [mem 0x0000000080000000-0x00000000ffffffff]
[    0.000000]   Normal   [mem 0x0000000100000000-0x000000077fffffff]
[    0.000000] Movable zone start for each node
[    0.000000] Early memory node ranges
[    0.000000]   node   0: [mem 0x0000000048000000-0x0000000053ffffff]
[    0.000000]   node   0: [mem 0x0000000054000000-0x0000000056ffffff]
[    0.000000]   node   0: [mem 0x0000000057000000-0x00000000bfffffff]
[    0.000000]   node   0: [mem 0x0000000500000000-0x000000057fffffff]
[    0.000000]   node   0: [mem 0x0000000600000000-0x000000067fffffff]
[    0.000000]   node   0: [mem 0x0000000700000000-0x000000077fffffff]
[    0.000000] Initmem setup node 0 [mem 0x0000000048000000-0x000000077fffffff]
[    0.000000] psci: probing for conduit method from DT.
[    0.000000] psci: PSCIv1.1 detected in firmware.
[    0.000000] psci: Using standard PSCI v0.2 function IDs
[    0.000000] psci: Trusted OS resident on physical CPU 0x0
[    0.000000] psci: SMC Calling Convention v1.2
[    0.000000] percpu: Embedded 23 pages/cpu s56984 r8192 d29032 u94208
[    0.000000] Detected PIPT I-cache on CPU0
[    0.000000] CPU features: detected: EL2 vector hardening
[    0.000000] CPU features: detected: Spectre-v2
[    0.000000] CPU features: detected: ARM errata 1165522, 1319367, or 1530923
[    0.000000] CPU features: detected: Spectre-BHB
[    0.000000] CPU features: detected: ARM erratum 1742098
[    0.000000] Built 1 zonelists, mobility grouping on.  Total pages: 2032128
[    0.000000] Policy zone: Normal
[    0.000000] Kernel command line: rw root=/dev/nfs nfsroot=192.168.10.98:/data/tftpboot/BV/PT3/rootfs_H3,nfsvers=4 ip=192.168.10.107
[    0.000000] Dentry cache hash table entries: 1048576 (order: 11, 8388608 bytes, linear)
[    0.000000] Inode-cache hash table entries: 524288 (order: 10, 4194304 bytes, linear)
[    0.000000] mem auto-init: stack:off, heap alloc:off, heap free:off
[    0.000000] software IO TLB: mapped [mem 0x000000004ffe6000-0x0000000053fe6000] (64MB)
[    0.000000] Memory: 7277096K/8257536K available (15104K kernel code, 2832K rwdata, 8204K rodata, 6080K init, 519K bss, 308696K reserved, 671744K cma-reserved)
[    0.000000] SLUB: HWalign=64, Order=0-3, MinObjects=0, CPUs=8, Nodes=1
[    0.000000] rcu: Preemptible hierarchical RCU implementation.
[    0.000000] rcu: 	RCU event tracing is enabled.
[    0.000000] rcu: 	RCU restricting CPUs from NR_CPUS=256 to nr_cpu_ids=8.
[    0.000000] 	Trampoline variant of Tasks RCU enabled.
[    0.000000] rcu: RCU calculated value of scheduler-enlistment delay is 25 jiffies.
[    0.000000] rcu: Adjusting geometry for rcu_fanout_leaf=16, nr_cpu_ids=8
[    0.000000] NR_IRQS: 64, nr_irqs: 64, preallocated irqs: 0
[    0.000000] arch_timer: cp15 timer(s) running at 8.32MHz (virt).
[    0.000000] clocksource: arch_sys_counter: mask: 0xffffffffffffff max_cycles: 0x1eb398c07, max_idle_ns: 440795202503 ns
[    0.000003] sched_clock: 56 bits at 8MHz, resolution 120ns, wraps every 2199023255503ns
[    0.000214] Console: colour dummy device 80x25
[    0.000424] printk: console [tty0] enabled
[    0.000502] Calibrating delay loop (skipped), value calculated using timer frequency.. 16.64 BogoMIPS (lpj=33280)
[    0.000519] pid_max: default: 32768 minimum: 301
[    0.000580] LSM: Security Framework initializing
[    0.000671] Mount-cache hash table entries: 16384 (order: 5, 131072 bytes, linear)
[    0.000722] Mountpoint-cache hash table entries: 16384 (order: 5, 131072 bytes, linear)
[    0.002214] rcu: Hierarchical SRCU implementation.
[    0.003843] Detected Renesas R-Car Gen3 r8a7795 ES3.0
[    0.006005] EFI services will not be available.
[    0.006350] smp: Bringing up secondary CPUs ...
[    0.006826] Detected PIPT I-cache on CPU1
[    0.006877] CPU1: Booted secondary processor 0x0000000001 [0x411fd073]
[    0.007375] Detected PIPT I-cache on CPU2
[    0.007400] CPU2: Booted secondary processor 0x0000000002 [0x411fd073]
[    0.007836] Detected PIPT I-cache on CPU3
[    0.007859] CPU3: Booted secondary processor 0x0000000003 [0x411fd073]
[    0.008333] CPU features: detected: ARM erratum 845719
[    0.008345] Detected VIPT I-cache on CPU4
[    0.008393] CPU4: Booted secondary processor 0x0000000100 [0x410fd034]
[    0.008880] Detected VIPT I-cache on CPU5
[    0.008906] CPU5: Booted secondary processor 0x0000000101 [0x410fd034]
[    0.009349] Detected VIPT I-cache on CPU6
[    0.009376] CPU6: Booted secondary processor 0x0000000102 [0x410fd034]
[    0.009821] Detected VIPT I-cache on CPU7
[    0.009849] CPU7: Booted secondary processor 0x0000000103 [0x410fd034]
[    0.009928] smp: Brought up 1 node, 8 CPUs
[    0.009991] SMP: Total of 8 processors activated.
[    0.009999] CPU features: detected: 32-bit EL0 Support
[    0.010006] CPU features: detected: CRC32 instructions
[    0.010013] CPU features: detected: 32-bit EL1 Support
[    0.023646] CPU: All CPU(s) started at EL1
[    0.023702] alternatives: patching kernel code
[    0.024917] devtmpfs: initialized
[    0.031731] KASLR disabled due to lack of seed
[    0.031884] clocksource: jiffies: mask: 0xffffffff max_cycles: 0xffffffff, max_idle_ns: 7645041785100000 ns
[    0.031905] futex hash table entries: 2048 (order: 5, 131072 bytes, linear)
[    0.041035] pinctrl core: initialized pinctrl subsystem
[    0.042539] DMI not present or invalid.
[    0.043053] NET: Registered protocol family 16
[    0.044011] DMA: preallocated 1024 KiB GFP_KERNEL pool for atomic allocations
[    0.044232] DMA: preallocated 1024 KiB GFP_KERNEL|GFP_DMA pool for atomic allocations
[    0.044526] DMA: preallocated 1024 KiB GFP_KERNEL|GFP_DMA32 pool for atomic allocations
[    0.044569] audit: initializing netlink subsys (disabled)
[    0.044758] audit: type=2000 audit(0.044:1): state=initialized audit_enabled=0 res=1
[    0.045946] thermal_sys: Registered thermal governor 'power_allocator'
[    0.046477] cpuidle: using governor menu
[    0.046651] hw-breakpoint: found 6 breakpoint and 4 watchpoint registers.
[    0.046778] ASID allocator initialised with 65536 entries
[    0.048104] Serial: AMBA PL011 UART driver
[    0.090872] sh-pfc e6060000.pinctrl: r8a77951_pfc support registered
[    0.105632] HugeTLB registered 1.00 GiB page size, pre-allocated 0 pages
[    0.105646] HugeTLB registered 32.0 MiB page size, pre-allocated 0 pages
[    0.105654] HugeTLB registered 2.00 MiB page size, pre-allocated 0 pages
[    0.105662] HugeTLB registered 64.0 KiB page size, pre-allocated 0 pages
[    0.106627] cryptd: max_cpu_qlen set to 1000
[    0.108928] ACPI: Interpreter disabled.
[    0.112798] rcar-avs: use avs value: 0
[    0.112814] rcar-avs: cpu@0 is running with: opp_table0
[    0.112824] rcar-avs: cpu@1 is running with: opp_table0
[    0.112834] rcar-avs: cpu@2 is running with: opp_table0
[    0.112844] rcar-avs: cpu@3 is running with: opp_table0
[    0.112937] rcar-avs: gsx@fd000000 is running with: gsx_opp_table0
[    0.114365] iommu: Default domain type: Translated 
[    0.114941] ipmmu-vmsa e67b0000.iommu: IPMMU context 0 is reserved
[    0.115984] vgaarb: loaded
[    0.116190] SCSI subsystem initialized
[    0.116461] usbcore: registered new interface driver usbfs
[    0.116492] usbcore: registered new interface driver hub
[    0.116519] usbcore: registered new device driver usb
[    0.120074] i2c-sh_mobile e60b0000.i2c: I2C adapter 7, bus speed 400000 Hz
[    0.120636] mc: Linux media interface: v0.10
[    0.120656] videodev: Linux video capture interface: v2.00
[    0.120707] pps_core: LinuxPPS API ver. 1 registered
[    0.120714] pps_core: Software ver. 5.3.6 - Copyright 2005-2007 Rodolfo Giometti <giometti@linux.it>
[    0.120727] PTP clock support registered
[    0.120907] EDAC MC: Ver: 3.0.0
[    0.122917] FPGA manager framework
[    0.122977] Advanced Linux Sound Architecture Driver Initialized.
[    0.123580] clocksource: Switched to clocksource arch_sys_counter
[    0.123717] VFS: Disk quotas dquot_6.6.0
[    0.123759] VFS: Dquot-cache hash table entries: 512 (order 0, 4096 bytes)
[    0.123909] pnp: PnP ACPI: disabled
[    0.127351] NET: Registered protocol family 2
[    0.127804] IP idents hash table entries: 131072 (order: 8, 1048576 bytes, linear)
[    0.130075] tcp_listen_portaddr_hash hash table entries: 4096 (order: 4, 65536 bytes, linear)
[    0.130150] TCP established hash table entries: 65536 (order: 7, 524288 bytes, linear)
[    0.130438] TCP bind hash table entries: 65536 (order: 8, 1048576 bytes, linear)
[    0.131056] TCP: Hash tables configured (established 65536 bind 65536)
[    0.131182] UDP hash table entries: 4096 (order: 5, 131072 bytes, linear)
[    0.131295] UDP-Lite hash table entries: 4096 (order: 5, 131072 bytes, linear)
[    0.131528] NET: Registered protocol family 1
[    0.131888] RPC: Registered named UNIX socket transport module.
[    0.131898] RPC: Registered udp transport module.
[    0.131903] RPC: Registered tcp transport module.
[    0.131909] RPC: Registered tcp NFSv4.1 backchannel transport module.
[    0.131921] PCI: CLS 0 bytes, default 64
[    0.132854] hw perfevents: enabled with armv8_cortex_a53 PMU driver, 7 counters available
[    0.133133] hw perfevents: enabled with armv8_cortex_a57 PMU driver, 7 counters available
[    0.133797] kvm [1]: HYP mode not available
[    0.136777] Initialise system trusted keyrings
[    0.136914] workingset: timestamp_bits=42 max_order=21 bucket_order=0
[    0.140011] squashfs: version 4.0 (2009/01/31) Phillip Lougher
[    0.140424] NFS: Registering the id_resolver key type
[    0.140471] Key type id_resolver registered
[    0.140478] Key type id_legacy registered
[    0.140532] nfs4filelayout_init: NFSv4 File Layout Driver Registering...
[    0.140542] nfs4flexfilelayout_init: NFSv4 Flexfile Layout Driver Registering...
[    0.140639] 9p: Installing v9fs 9p2000 file system support
[    0.166502] Key type asymmetric registered
[    0.166513] Asymmetric key parser 'x509' registered
[    0.166546] Block layer SCSI generic (bsg) driver version 0.4 loaded (major 243)
[    0.166556] io scheduler mq-deadline registered
[    0.166568] io scheduler kyber registered
[    0.182894] gpio_rcar e6050000.gpio: driving 16 GPIOs
[    0.183240] gpio_rcar e6051000.gpio: driving 29 GPIOs
[    0.183525] gpio_rcar e6052000.gpio: driving 15 GPIOs
[    0.183818] gpio_rcar e6053000.gpio: driving 16 GPIOs
[    0.184089] gpio_rcar e6054000.gpio: driving 18 GPIOs
[    0.184366] gpio_rcar e6055000.gpio: driving 26 GPIOs
[    0.184641] gpio_rcar e6055400.gpio: driving 32 GPIOs
[    0.184903] gpio_rcar e6055800.gpio: driving 4 GPIOs
[    0.187874] rcar-pcie fe000000.pcie: host bridge /soc/pcie@fe000000 ranges:
[    0.187905] rcar-pcie fe000000.pcie:       IO 0x00fe100000..0x00fe1fffff -> 0x0000000000
[    0.187928] rcar-pcie fe000000.pcie:      MEM 0x00fe200000..0x00fe3fffff -> 0x00fe200000
[    0.187946] rcar-pcie fe000000.pcie:      MEM 0x0030000000..0x0037ffffff -> 0x0030000000
[    0.187960] rcar-pcie fe000000.pcie:      MEM 0x0038000000..0x003fffffff -> 0x0038000000
[    0.187977] rcar-pcie fe000000.pcie:   IB MEM 0x0040000000..0x007fffffff -> 0x0040000000
[    0.188025] rcar-pcie fe000000.pcie: no pcie3v3 regulator found
[    0.188036] rcar-pcie fe000000.pcie: no pcie1v8 regulator found
[    0.255290] rcar-pcie fe000000.pcie: PCIe link down
[    0.255476] rcar-pcie ee800000.pcie: host bridge /soc/pcie@ee800000 ranges:
[    0.255503] rcar-pcie ee800000.pcie:       IO 0x00ee900000..0x00ee9fffff -> 0x0000000000
[    0.255523] rcar-pcie ee800000.pcie:      MEM 0x00eea00000..0x00eebfffff -> 0x00eea00000
[    0.255542] rcar-pcie ee800000.pcie:      MEM 0x00c0000000..0x00c7ffffff -> 0x00c0000000
[    0.255556] rcar-pcie ee800000.pcie:      MEM 0x00c8000000..0x00cfffffff -> 0x00c8000000
[    0.255587] rcar-pcie ee800000.pcie:   IB MEM 0x0040000000..0x007fffffff -> 0x0040000000
[    0.255620] rcar-pcie ee800000.pcie: no pcie3v3 regulator found
[    0.255630] rcar-pcie ee800000.pcie: no pcie1v8 regulator found
[    0.323279] rcar-pcie ee800000.pcie: PCIe link down
[    0.325812] EINJ: ACPI disabled.
[    0.359623] Serial: 8250/16550 driver, 4 ports, IRQ sharing enabled
[    0.362157] SuperH (H)SCI(F) driver initialized
[    0.362607] e6550000.serial: ttySC1 at MMIO 0xe6550000 (irq = 42, base_baud = 0) is a hscif
[    0.363351] e6e88000.serial: ttySC0 at MMIO 0xe6e88000 (irq = 128, base_baud = 0) is a scif
[    1.567903] printk: console [ttySC0] enabled
[    1.573279] msm_serial: driver initialized
[    1.583812] rcar-dw-hdmi fead0000.hdmi: Detected HDMI TX controller v2.01a with HDCP (DWC HDMI 2.0 TX PHY)
[    1.593714] rcar-dw-hdmi fead0000.hdmi: registered DesignWare HDMI I2C bus driver
[    1.602006] rcar-dw-hdmi feae0000.hdmi: Detected HDMI TX controller v2.01a with HDCP (DWC HDMI 2.0 TX PHY)
[    1.611891] rcar-dw-hdmi feae0000.hdmi: registered DesignWare HDMI I2C bus driver
[    1.627476] loop: module loaded
[    1.632126] megasas: 07.714.04.00-rc1
[    1.637885] scsi host0: sata_rcar
[    1.641362] ata1: SATA max UDMA/133 irq 181
[    1.650780] tun: Universal TUN/TAP device driver, 1.6
[    1.656738] thunder_xcv, ver 1.0
[    1.659997] thunder_bgx, ver 1.0
[    1.663241] nicpf, ver 1.0
[    1.667377] hclge is initializing
[    1.670712] hns3: Hisilicon Ethernet Network Driver for Hip08 Family - version
[    1.677939] hns3: Copyright (c) 2017 Huawei Corporation.
[    1.683277] e1000: Intel(R) PRO/1000 Network Driver
[    1.688156] e1000: Copyright (c) 1999-2006 Intel Corporation.
[    1.693921] e1000e: Intel(R) PRO/1000 Network Driver
[    1.698887] e1000e: Copyright(c) 1999 - 2015 Intel Corporation.
[    1.704825] igb: Intel(R) Gigabit Ethernet Network Driver
[    1.710224] igb: Copyright (c) 2007-2014 Intel Corporation.
[    1.715817] igbvf: Intel(R) Gigabit Virtual Function Network Driver
[    1.722084] igbvf: Copyright (c) 2009 - 2012 Intel Corporation.
[    1.728415] sky2: driver version 1.30
[    1.736050] ravb e6800000.ethernet eth0: Base address at 0xe6800000, 2e:09:0a:06:d4:ee, IRQ 125.
[    1.746345] VFIO - User Level meta-driver version: 0.3
[    1.753524] ehci_hcd: USB 2.0 'Enhanced' Host Controller (EHCI) Driver
[    1.760071] ehci-pci: EHCI PCI platform driver
[    1.764543] ehci-platform: EHCI generic platform driver
[    1.770173] ehci-platform ee0a0100.usb: EHCI Host Controller
[    1.775858] ehci-platform ee0a0100.usb: new USB bus registered, assigned bus number 1
[    1.783782] ehci-platform ee0a0100.usb: irq 175, io mem 0xee0a0100
[    1.803586] ehci-platform ee0a0100.usb: USB 2.0 started, EHCI 1.10
[    1.810138] hub 1-0:1.0: USB hub found
[    1.813910] hub 1-0:1.0: 1 port detected
[    1.818329] ehci-platform ee0c0100.usb: EHCI Host Controller
[    1.824009] ehci-platform ee0c0100.usb: new USB bus registered, assigned bus number 2
[    1.831902] ehci-platform ee0c0100.usb: irq 176, io mem 0xee0c0100
[    1.851587] ehci-platform ee0c0100.usb: USB 2.0 started, EHCI 1.10
[    1.858027] hub 2-0:1.0: USB hub found
[    1.861798] hub 2-0:1.0: 1 port detected
[    1.891627] ehci-platform ee0e0100.usb: EHCI Host Controller
[    1.897301] ehci-platform ee0e0100.usb: new USB bus registered, assigned bus number 3
[    1.905170] ehci-platform ee0e0100.usb: irq 177, io mem 0xee0e0100
[    1.923585] ehci-platform ee0e0100.usb: USB 2.0 started, EHCI 1.10
[    1.930019] hub 3-0:1.0: USB hub found
[    1.933786] hub 3-0:1.0: 1 port detected
[    1.938174] ehci-orion: EHCI orion driver
[    1.942441] ehci-exynos: EHCI Exynos driver
[    1.946746] ohci_hcd: USB 1.1 'Open' Host Controller (OHCI) Driver
[    1.952944] ohci-pci: OHCI PCI platform driver
[    1.957426] ohci-platform: OHCI generic platform driver
[    1.962955] ohci-platform ee0a0000.usb: Generic Platform OHCI controller
[    1.969676] ohci-platform ee0a0000.usb: new USB bus registered, assigned bus number 4
[    1.977559] ohci-platform ee0a0000.usb: irq 175, io mem 0xee0a0000
[    2.059594] ata1: link resume succeeded after 1 retries
[    2.073851] hub 4-0:1.0: USB hub found
[    2.077620] hub 4-0:1.0: 1 port detected
[    2.081957] ohci-platform ee0c0000.usb: Generic Platform OHCI controller
[    2.088672] ohci-platform ee0c0000.usb: new USB bus registered, assigned bus number 5
[    2.096559] ohci-platform ee0c0000.usb: irq 176, io mem 0xee0c0000
[    2.171110] ata1: SATA link down (SStatus 0 SControl 300)
[    2.189840] hub 5-0:1.0: USB hub found
[    2.193608] hub 5-0:1.0: 1 port detected
[    2.197946] ohci-platform ee0e0000.usb: Generic Platform OHCI controller
[    2.204659] ohci-platform ee0e0000.usb: new USB bus registered, assigned bus number 6
[    2.212531] ohci-platform ee0e0000.usb: irq 177, io mem 0xee0e0000
[    2.305835] hub 6-0:1.0: USB hub found
[    2.309603] hub 6-0:1.0: 1 port detected
[    2.313953] ohci-exynos: OHCI Exynos driver
[    2.318387] usbcore: registered new interface driver usb-storage
[    2.326066] renesas_usbhs e6590000.usb: host probed
[    2.330956] renesas_usbhs e6590000.usb: no transceiver found
[    2.336680] renesas_usbhs e6590000.usb: gadget probed
[    2.341898] renesas_usbhs e6590000.usb: probed
[    2.346796] renesas_usbhs e659c000.usb: host probed
[    2.351692] renesas_usbhs e659c000.usb: no transceiver found
[    2.357410] renesas_usbhs e659c000.usb: gadget probed
[    2.362615] renesas_usbhs e659c000.usb: probed
[    2.369530] i2c /dev entries driver
[    2.384170] cs2000-cp 2-004f: revision - C1
[    2.388416] i2c-rcar e6510000.i2c: probed
[    2.393258] pca953x 4-0020: supply vcc not found, using dummy regulator
[    2.399957] pca953x 4-0020: using no AI
[    2.404608] gpio-355 (PCIE/SATA switch): hogged as output/low
[    2.416909] i2c-rcar e66d8000.i2c: probed
[    2.422221] adv748x 4-0070: Endpoint /soc/i2c@e66d8000/video-receiver@70/port@7/endpoint on port 7
[    2.431206] adv748x 4-0070: Endpoint /soc/i2c@e66d8000/video-receiver@70/port@8/endpoint on port 8
[    2.440179] adv748x 4-0070: Endpoint /soc/i2c@e66d8000/video-receiver@70/port@a/endpoint on port 10
[    2.449242] adv748x 4-0070: Endpoint /soc/i2c@e66d8000/video-receiver@70/port@b/endpoint on port 11
[    2.458629] adv748x 4-0070: chip found @ 0xe0 revision 2143
[    2.512340] rcar-csi2 fea80000.csi2: 1 lanes found
[    2.517483] rcar-csi2 feaa0000.csi2: 4 lanes found
[    2.527117] rcar-vin e6ef0000.video: Device registered as video0
[    2.533197] rcar-vin e6ef1000.video: Device registered as video1
[    2.539268] rcar-vin e6ef2000.video: Device registered as video2
[    2.545335] rcar-vin e6ef3000.video: Device registered as video3
[    2.551402] rcar-vin e6ef4000.video: Device registered as video4
[    2.557479] rcar-vin e6ef5000.video: Device registered as video5
[    2.563578] rcar-vin e6ef6000.video: Device registered as video6
[    2.569652] rcar-vin e6ef7000.video: Device registered as video7
[    2.578400] rcar_gen3_thermal e6198000.thermal: is using FUSE values
[    2.589518] rcar_gen3_thermal e6198000.thermal: TSC0: Loaded 1 trip points
[    2.600794] rcar_gen3_thermal e6198000.thermal: TSC1: Loaded 1 trip points
[    2.611945] rcar_gen3_thermal e6198000.thermal: TSC2: Loaded 3 trip points
[    2.624064] sdhci: Secure Digital Host Controller Interface driver
[    2.630256] sdhci: Copyright(c) Pierre Ossman
[    2.635472] Synopsys Designware Multimedia Card Interface Driver
[    2.635836] renesas_sdhi_internal_dmac ee100000.mmc: Got CD GPIO
[    2.636055] renesas_sdhi_internal_dmac ee140000.mmc: Adding to iommu group 0
[    2.636100] renesas_sdhi_internal_dmac ee140000.mmc: Using IPMMU context 1
[    2.636134] renesas_sdhi_internal_dmac ee160000.mmc: Got CD GPIO
[    2.636162] renesas_sdhi_internal_dmac ee160000.mmc: Got WP GPIO
[    2.642800] sdhci-pltfm: SDHCI platform and OF driver helper
[    2.647513] renesas_sdhi_internal_dmac ee100000.mmc: Got WP GPIO
[    2.685457] renesas_sdhi_internal_dmac ee140000.mmc: mmc0 base at 0x00000000ee140000, max clock rate 200 MHz
[    2.685650] ledtrig-cpu: registered to indicate activity on CPUs
[    2.702263] SMCCC: SOC_ID: ARCH_SOC_ID not implemented, skipping ....
[    2.709285] usbcore: registered new interface driver usbhid
[    2.714861] usbhid: USB HID core driver
[    2.722491] optee: probing for conduit method.
[    2.726956] optee: revision 3.22 (314ecf9d)
[    2.727311] optee driver R-Car Rev.1.0.11
[    2.735805] optee: dynamic shared memory is enabled
[    2.740958] optee: initialized driver
[    2.756088] rcar_sound ec500000.sound: probed
[    2.761189] NET: Registered protocol family 17
[    2.765751] 9pnet: Installing 9P2000 support
[    2.766900] mmc0: new HS400 MMC card at address 0001
[    2.770077] Key type dns_resolver registered
[    2.775851] mmcblk0: mmc0:0001 BGSD4R 29.1 GiB 
[    2.779558] registered taskstats version 1
[    2.784161] mmcblk0boot0: mmc0:0001 BGSD4R partition 1 31.9 MiB
[    2.787929] Loading compiled-in X.509 certificates
[    2.794183] mmcblk0boot1: mmc0:0001 BGSD4R partition 2 31.9 MiB
[    2.804746] mmcblk0rpmb: mmc0:0001 BGSD4R partition 3 4.00 MiB, chardev (509:0)
[    2.808854] thermal emergency: set temperature to 110 celsius
[    2.814117]  mmcblk0: p1
[    2.818118] thermal emergency: shutdown target cpus 1-7
[    2.825605] thermal emergency: freq scaled target cpus 0
[    2.831277] renesas_irqc e61c0000.interrupt-controller: driving 6 irqs
[    2.883602] ehci-platform ee080100.usb: EHCI Host Controller
[    2.889298] ehci-platform ee080100.usb: new USB bus registered, assigned bus number 7
[    2.897184] ehci-platform ee080100.usb: irq 174, io mem 0xee080100
[    2.915589] ehci-platform ee080100.usb: USB 2.0 started, EHCI 1.10
[    2.922238] hub 7-0:1.0: USB hub found
[    2.926009] hub 7-0:1.0: 1 port detected
[    2.931041] ohci-platform ee080000.usb: Generic Platform OHCI controller
[    2.937764] ohci-platform ee080000.usb: new USB bus registered, assigned bus number 8
[    2.945649] ohci-platform ee080000.usb: irq 174, io mem 0xee080000
[    3.041880] hub 8-0:1.0: USB hub found
[    3.045654] hub 8-0:1.0: 1 port detected
[    3.050820] cpu cpu0: EM: created perf domain
[    3.055893] cpu cpu4: EM: created perf domain
[    3.065875] renesas_sdhi_internal_dmac ee100000.mmc: Got CD GPIO
[    3.066103] renesas_sdhi_internal_dmac ee160000.mmc: Got CD GPIO
[    3.072023] renesas_sdhi_internal_dmac ee100000.mmc: Got WP GPIO
[    3.072432] [drm] Initialized rcar-du 1.0.0 20130110 for feb00000.display on minor 0
[    3.072435] [drm] Device feb00000.display probed
[    3.078019] renesas_sdhi_internal_dmac ee160000.mmc: Got WP GPIO
[    3.133192] renesas_sdhi_internal_dmac ee100000.mmc: mmc1 base at 0x00000000ee100000, max clock rate 200 MHz
[    3.141874] Console: switching to colour frame buffer device 128x48
[    3.151634] renesas_sdhi_internal_dmac ee160000.mmc: mmc2 base at 0x00000000ee160000, max clock rate 200 MHz
[    3.182778] rcar-du feb00000.display: [drm] fb0: rcar-dudrmfb frame buffer device
[    3.195306] input: keys as /devices/platform/keys/input/input0
[    3.275067] Micrel KSZ9031 Gigabit PHY e6800000.ethernet-ffffffff:00: attached PHY driver [Micrel KSZ9031 Gigabit PHY] (mii_bus:phy_addr=e6800000.ethernet-ffffffff:00, irq=183)
[    9.970968] ravb e6800000.ethernet eth0: Link is Up - 1Gbps/Full - flow control off
[    9.995609] IP-Config: Guessing netmask 255.255.255.0
[   10.000767] IP-Config: Complete:
[   10.004076]      device=eth0, hwaddr=2e:09:0a:06:d4:ee, ipaddr=192.168.10.107, mask=255.255.255.0, gw=255.255.255.255
[   10.014890]      host=192.168.10.107, domain=, nis-domain=(none)
[   10.021023]      bootserver=255.255.255.255, rootserver=192.168.10.98, rootpath=
[   10.021639] ALSA device list:
[   10.032255]   No soundcards found.
[   11.083209] VFS: Mounted root (nfs4 filesystem) on device 0:22.
[   11.090149] devtmpfs: mounted
[   11.096242] Freeing unused kernel memory: 6080K
[   11.131807] Run /sbin/init as init process
[   11.308480] systemd[1]: System time before build time, advancing clock.
[   11.656673] NET: Registered protocol family 10
[   11.662859] Segment Routing with IPv6
[   11.684006] systemd[1]: systemd 244 running in system mode. (+PAM -AUDIT -SELINUX +IMA -APPARMOR -SMACK +SYSVINIT +UTMP -LIBCRYPTSETUP -GCRYPT -GNUTLS +ACL +XZ -LZ4 -SECCOMP +BLKID -ELFUTILS +KMOD -IDN2 -IDN -PCRE2 default-hierarchy=hybrid)
[   11.708110] systemd[1]: Detected architecture arm64.

Welcome to [1mPoky (Yocto Project Reference Distro) 3.1.11 (dunfell)[0m!

[   11.742472] systemd[1]: Set hostname to <salvator-x>.
[   12.564114] random: systemd: uninitialized urandom read (16 bytes read)
[   12.575435] systemd[1]: system-getty.slice: unit configures an IP firewall, but the local system does not support BPF/cgroup firewalling.
[   12.596481] systemd[1]: (This warning is only shown for the first unit using IP firewalling.)
[   12.611012] systemd[1]: Created slice system-getty.slice.
[[0;32m  OK  [0m] Created slice [0;1;39msystem-getty.slice[0m.
[   12.635791] random: systemd: uninitialized urandom read (16 bytes read)
[   12.644826] systemd[1]: Created slice system-serial\x2dgetty.slice.
[[0;32m  OK  [0m] Created slice [0;1;39msystem-serial\x2dgetty.slice[0m.
[   12.667727] random: systemd: uninitialized urandom read (16 bytes read)
[   12.676428] systemd[1]: Created slice User and Session Slice.
[[0;32m  OK  [0m] Created slice [0;1;39mUser and Session Slice[0m.
[   12.699918] systemd[1]: Started Dispatch Password Requests to Console Directory Watch.
[[0;32m  OK  [0m] Started [0;1;39mDispatch Password â€¦ts to Console Directory Watch[0m.
[   12.728005] systemd[1]: Started Forward Password Requests to Wall Directory Watch.
[[0;32m  OK  [0m] Started [0;1;39mForward Password Râ€¦uests to Wall Directory Watch[0m.
[   12.755874] systemd[1]: Reached target Paths.
[[0;32m  OK  [0m] Reached target [0;1;39mPaths[0m.
[   12.779807] systemd[1]: Reached target Remote File Systems.
[[0;32m  OK  [0m] Reached target [0;1;39mRemote File Systems[0m.
[   12.803766] systemd[1]: Reached target Slices.
[[0;32m  OK  [0m] Reached target [0;1;39mSlices[0m.
[   12.827778] systemd[1]: Reached target Swap.
[[0;32m  OK  [0m] Reached target [0;1;39mSwap[0m.
[   12.854249] systemd[1]: Listening on RPCbind Server Activation Socket.
[[0;32m  OK  [0m] Listening on [0;1;39mRPCbind Server Activation Socket[0m.
[   12.883836] systemd[1]: Reached target RPC Port Mapper.
[[0;32m  OK  [0m] Reached target [0;1;39mRPC Port Mapper[0m.
[   12.908113] systemd[1]: Listening on initctl Compatibility Named Pipe.
[[0;32m  OK  [0m] Listening on [0;1;39minitctl Compatibility Named Pipe[0m.
[   12.937499] systemd[1]: Listening on Journal Audit Socket.
[[0;32m  OK  [0m] Listening on [0;1;39mJournal Audit Socket[0m.
[   12.965089] systemd[1]: Listening on Journal Socket (/dev/log).
[[0;32m  OK  [0m] Listening on [0;1;39mJournal Socket (/dev/log)[0m.
[   12.992448] systemd[1]: Listening on Journal Socket.
[[0;32m  OK  [0m] Listening on [0;1;39mJournal Socket[0m.
[   13.017559] systemd[1]: Listening on Network Service Netlink Socket.
[[0;32m  OK  [0m] Listening on [0;1;39mNetwork Service Netlink Socket[0m.
[   13.046015] systemd[1]: Listening on udev Control Socket.
[[0;32m  OK  [0m] Listening on [0;1;39mudev Control Socket[0m.
[   13.072250] systemd[1]: Listening on udev Kernel Socket.
[[0;32m  OK  [0m] Listening on [0;1;39mudev Kernel Socket[0m.
[   13.101367] systemd[1]: Mounting Huge Pages File System...
         Mounting [0;1;39mHuge Pages File System[0m...
[   13.129352] systemd[1]: Mounting POSIX Message Queue File System...
         Mounting [0;1;39mPOSIX Message Queue File System[0m...
[   13.161085] systemd[1]: Mounting Kernel Debug File System...
         Mounting [0;1;39mKernel Debug File System[0m...
[   13.191253] systemd[1]: Mounting Temporary Directory (/tmp)...
         Mounting [0;1;39mTemporary Directory (/tmp)[0m...
[   13.221858] systemd[1]: Starting Create list of static device nodes for the current kernel...
         Starting [0;1;39mCreate list of stâ€¦odes for the current kernel[0m...
[   13.257202] systemd[1]: Starting Start psplash boot splash screen...
         Starting [0;1;39mStart psplash boot splash screen[0m...
[   13.290663] systemd[1]: Starting RPC Bind...
         Starting [0;1;39mRPC Bind[0m...
[   13.312754] systemd[1]: Condition check resulted in File System Check on Root Device being skipped.
[   13.327438] systemd[1]: Starting Journal Service...
         Starting [0;1;39mJournal Service[0m...
[   13.358206] systemd[1]: Starting Load Kernel Modules...
         Starting [0;1;39mLoad Kernel Modules[0m...
[   13.384089] systemd[1]: Starting Remount Root and Kernel File Systems...
         Starting [0;1;39mRemount Root and Kernel File Systems[0m...
[   13.411622] random: crng init done
[   13.412413] systemd[1]: Starting udev Coldplug all Devices...
[   13.415035] random: 27 urandom warning(s) missed due to ratelimiting
         Starting [0;1;39mudev Coldplug all Devices[0m...
[   13.446534] systemd[1]: Started Start psplash boot splash screen.
[[0;32m  OK  [0m] Started [0;1;39mStart psplash boot splash screen[0m.
[   13.468553] systemd[1]: Started RPC Bind.
[[0;32m  OK  [0m] Started [0;1;39mRPC Bind[0m.
[   13.492542] systemd[1]: Started Journal Service.
[[0;32m  OK  [0m] Started [0;1;39mJournal Service[0m.
[[0;32m  OK  [0m] Mounted [0;1;39mHuge Pages File System[0m.
[[0;32m  OK  [0m] Mounted [0;1;39mPOSIX Message Queue File System[0m.
[[0;32m  OK  [0m] Mounted [0;1;39mKernel Debug File System[0m.
[[0;32m  OK  [0m] Mounted [0;1;39mTemporary Directory (/tmp)[0m.
[[0;32m  OK  [0m] Started [0;1;39mCreate list of staâ€¦ nodes for the current kernel[0m.
[[0;32m  OK  [0m] Started [0;1;39mLoad Kernel Modules[0m.
[[0;32m  OK  [0m] Started [0;1;39mRemount Root and Kernel File Systems[0m.
         Mounting [0;1;39mKernel Configuration File System[0m...
[[0;32m  OK  [0m] Started [0;1;39mStart psplash-systâ€¦progress communication helper[0m.
         Starting [0;1;39mFlush Journal to Persistent Storage[0m...
         Startin[   13.721669] systemd-journald[339]: Received client request to flush runtime journal.
g [0;1;39mApply Kernel Variables[0m...
         Starting [0;1;39mCreate Static Device Nodes in /dev[0m...
[[0;32m  OK  [0m] Mounted [0;1;39mKernel Configuration File System[0m.
[[0;32m  OK  [0m] Started [0;1;39mFlush Journal to Persistent Storage[0m.
[[0;32m  OK  [0m] Started [0;1;39mApply Kernel Variables[0m.
[[0;32m  OK  [0m] Started [0;1;39mCreate Static Device Nodes in /dev[0m.
[[0;32m  OK  [0m] Reached target [0;1;39mLocal File Systems (Pre)[0m.
         Mounting [0;1;39m/var/volatile[0m...
         Starting [0;1;39mudev Kernel Device Manager[0m...
[[0;32m  OK  [0m] Started [0;1;39mudev Coldplug all Devices[0m.
[[0;32m  OK  [0m] Mounted [0;1;39m/var/volatile[0m.
         Starting [0;1;39mLoad/Save Random Seed[0m...
[[0;32m  OK  [0m] Reached target [0;1;39mLocal File Systems[0m.
         Starting [0;1;39mCreate Volatile Files and Directories[0m...
[[0;32m  OK  [0m] Started [0;1;39mLoad/Save Random Seed[0m.
[[0;32m  OK  [0m] Started [0;1;39mudev Kernel Device Manager[0m.
         Starting [0;1;39mNetwork Service[0m...
[[0;32m  OK  [0m] Started [0;1;39mCreate Volatile Files and Directories[0m.
         Starting [0;1;39mNetwork Time Synchronization[0m...
         Starting [0;1;39mUpdate UTMP about System Boot/Shutdown[0m...
[[0;32m  OK  [0m] Started [0;1;39mNetwork Service[0m.
         Starting [0;1;39mNetwork Name Resolution[0m...
[[0;32m  OK  [0m] Started [0;1;39mUpdate UTMP about System Boot/Shutdown[0m.
[[0;32m  OK  [0m] Started [0;1;39mNetwork Time Synchronization[0m.
[[0;32m  OK  [0m] Reached target [0;1;39mSystem Initialization[0m.
[[0;32m  OK  [0m] Started [0;1;39mDaily Cleanup of Temporary Directories[0m.
[[0;32m  OK  [0m] Reached target [0;1;39mSystem Time Set[0m.
[[0;32m  OK  [0m] Reached target [0;1;39mSystem Time Synchronized[0m.
[   14.351332] pwm-backlight: probe of backlight failed with error -16
[[0;32m  OK  [0m] Reached target [0;1;39mTimers[0m.
[[0;32m  OK  [0m] Listening on [0;1;39mAvahi mDNS/DNS-SD Stack Activation Socket[0m.
[[0;32m  OK  [0m] Listening on [0;1;39mD-Bus System Message Bus Socket[0m.
[   14.436769] at24 7-0050: supply vcc not found, using dummy regulator
[   14.463915] at24 7-0050: 128 byte br24t01 EEPROM, writable, 8 bytes/write
[[0;32m  OK  [0m] Listening on [0;1;39mdropbear.socket[0m.
[[0;32m  OK  [0m] Reached target [0;1;39mSockets[0m.
[[0;32m  OK  [0m] Reached target [0;1;39mBasic System[   14.528049] renesas_usb3 ee020000.usb: probed with phy
[0m.
[[0;32m  OK  [0m] Started [0;1;39mD-Bus System Message Bus[0m.
[[0;32m  OK  [0m] Started [0;1;39moptee services[0m.
         Starting [0;1;39mpvrinit.service[0m...
[   14.613690] ccree e6601000.crypto: ARM CryptoCell 630P Driver: HW version 0xAF400001/0xDCC63000, Driver version 5.0
         Starting [0;1;39mPowerVR consumer services[0m...
         Starting [0;1;39mLogin Service[0m...
[   14.658343] ccree e6601000.crypto: ARM ccree device initialized
[[0;32m  OK  [0m] Started [0;1;39mNetwork Name Resolution[0m.
[   14.681498] xhci-hcd ee000000.usb: xHCI Host Controller
[   14.687089] xhci-hcd ee000000.usb: new USB bus registered, assigned bus number 9
[   14.723566] xhci-hcd ee000000.usb: hcc params 0x014051ce hci version 0x100 quirks 0x0000000000830410
[   14.733155] xhci-hcd ee000000.usb: irq 172, io mem 0xee000000
[   14.739138] xhci-hcd ee000000.usb: xHCI Host Controller
[   14.744518] xhci-hcd ee000000.usb: new USB bus registered, assigned bus number 10
[   14.752071] xhci-hcd ee000000.usb: Host supports USB 3.0 SuperSpeed
[   14.760151] hub 9-0:1.0: USB hub found
[   14.763994] hub 9-0:1.0: 1 port detected
[   14.772494] usb usb10: We don't know the algorithms for LPM for this host, disabling LPM.
[   14.781550] hub 10-0:1.0: USB hub found
[   14.785736] hub 10-0:1.0: 1 port detected
[[0;32m  OK  [0m] Created slice [0;1;39msystem-weston.slice[0m.
[[0;32m  OK  [0m] Reached target [0;1;39mNetwork[0m.
[[0;32m  OK  [0m] Reached target [0;1;39mHost and Network Name Lookups[0m.
[[0;32m  OK  [0m] Reached target [0;1;39mHardware activated USB gadget[0m.
         Starting [0;1;39mAvahi mDNS/DNS-SD Stack[0m...
         Starting [0;1;39mPermit User Sessions[0m...
[[0;32m  OK  [0m] Started [0;1;39mXinetd A Powerful Replacement For Inetd[0m.
[[0;1;31mFAILED[0m] Failed to start [0;1;39mpvrinit.service[0m.
See 'systemctl status pvrinit.service' for details.
[[0;1;31mFAILED[0m] Failed to start [0;1;39mPowerVR consumer services[0m.
See 'systemctl status rc.pvr.service' for details.
[[0;1;38;5;185mDEPEND[0m] Dependency failed for [0;1;39mWeston Wayland Compositor[0m.
[[0;32m  OK  [0m] Started [0;1;39mPermit User Sessions[0m.
[[0;32m  OK  [0m] Started [0;1;39mLogin Service[0m.
[[0;32m  OK  [0m] Started [0;1;39mAvahi mDNS/DNS-SD Stack[0m.
[[0;32m  OK  [0m] Started [0;1;39mGetty on tty1[0m.
[[0;32m  OK  [0m] Started [0;1;39mSerial Getty on ttySC0[0m.
[[0;32m  OK  [0m] Reached target [0;1;39mLogin Prompts[0m.
         Starting [0;1;39mset_default_governor.service[0m...
[   15.243905] rd 0-7: Disabling EAS, schedutil is mandatory
[[0;32m  OK  [0m] Started [0;1;39mset_default_governor.service[0m.
[[0;32m  OK  [0m] Reached target [0;1;39mMulti-User System[0m.
         Starting [0;1;39mUpdate UTMP about System Runlevel Changes[0m...
[[0;32m  OK  [0m] Started [0;1;39mUpdate UTMP about System Runlevel Changes[0m.

Poky (Yocto Project Reference Distro) 3.1.11 salvator-x ttySC0

salvator-x login: 
salvator-x login: root
[   17.061639] audit: type=1006 audit(1703064537.748:2): pid=511 uid=0 old-auid=4294967295 auid=0 tty=(none) old-ses=4294967295 ses=1 res=1
7[r[999;999H[6n8root@salvator-x:~# 
root@salvator-x:~# 
root@salvator-x:~# 
root@salvator-x:~# 
root@salvator-x:~# 
root@salvator-x:~# 
root@salvator-x:~# 
root@salvator-x:~# 
root@salvator-x:~# [   41.951771] SDHI0 VccQ: disabling
[   41.955162] SDHI3 VccQ: disabling
[   83.307598] usb 9-1: new high-speed USB device number 2 using xhci-hcd
[   83.479483] hub 9-1:1.0: USB hub found
[   83.484071] hub 9-1:1.0: 4 ports detected

root@salvator-x:~# [   83.596043] usb 10-1: new SuperSpeed Gen 1 USB device number 2 using xhci-hcd
[   83.638585] hub 10-1:1.0: USB hub found
[   83.643444] hub 10-1:1.0: 4 ports detected

root@salvator-x:~# echo usb10 > /sys/bus/usb/drivers/usb/unbind
[   93.864036] usb 10-1: USB disconnect, device number 2
root@salvator-x:~# 
root@salvator-x:~# echo usb10 > /sys/bus/usb/drivers/usb/bind
[   95.487995] hub 10-0:1.0: USB hub found
[   95.491899] hub 10-0:1.0: 1 port detected
root@salvator-x:~# [   95.796090] usb 10-1: new SuperSpeed Gen 1 USB device number 3 using xhci-hcd
[   95.839888] hub 10-1:1.0: USB hub found
[   95.844752] hub 10-1:1.0: 4 ports detected

root@salvator-x:~# sleep 4
root@salvator-x:~# 
root@salvator-x:~# echo usb10 > /sys/bus/usb/drivers/usb/unbind
[  101.772009] usb 10-1: USB disconnect, device number 3
root@salvator-x:~# 
root@salvator-x:~# echo usb10 > /sys/bus/usb/drivers/usb/bind
[  103.400078] hub 10-0:1.0: USB hub found
[  103.403984] hub 10-0:1.0: 1 port detected
root@salvator-x:~# [  103.708318] usb 10-1: new SuperSpeed Gen 1 USB device number 4 using xhci-hcd
[  103.750854] hub 10-1:1.0: USB hub found
[  103.755793] hub 10-1:1.0: 4 ports detected

root@salvator-x:~# sleep 4
root@salvator-x:~# 
root@salvator-x:~# echo usb10 > /sys/bus/usb/drivers/usb/unbind
[  109.684012] usb 10-1: USB disconnect, device number 4
root@salvator-x:~# 
root@salvator-x:~# echo usb10 > /sys/bus/usb/drivers/usb/bind
[  111.311957] hub 10-0:1.0: USB hub found
[  111.315851] hub 10-0:1.0: 1 port detected
root@salvator-x:~# [  111.620102] usb 10-1: new SuperSpeed Gen 1 USB device number 5 using xhci-hcd
[  111.663002] hub 10-1:1.0: USB hub found
[  111.667966] hub 10-1:1.0: 4 ports detected

root@salvator-x:~# sleep 4
root@salvator-x:~# 
root@salvator-x:~# echo usb10 > /sys/bus/usb/drivers/usb/unbind
[  117.595968] usb 10-1: USB disconnect, device number 5
root@salvator-x:~# 
root@salvator-x:~# echo usb10 > /sys/bus/usb/drivers/usb/bind
[  119.219969] hub 10-0:1.0: USB hub found
[  119.223869] hub 10-0:1.0: 1 port detected
root@salvator-x:~# [  119.528026] usb 10-1: new SuperSpeed Gen 1 USB device number 6 using xhci-hcd
[  119.571251] hub 10-1:1.0: USB hub found
[  119.576114] hub 10-1:1.0: 4 ports detected

root@salvator-x:~# sleep 4
root@salvator-x:~# 
root@salvator-x:~# echo usb10 > /sys/bus/usb/drivers/usb/unbind
[  125.507961] usb 10-1: USB disconnect, device number 6
root@salvator-x:~# 
root@salvator-x:~# echo usb10 > /sys/bus/usb/drivers/usb/bind
[  127.135968] hub 10-0:1.0: USB hub found
[  127.139860] hub 10-0:1.0: 1 port detected
root@salvator-x:~# [  127.444123] usb 10-1: new SuperSpeed Gen 1 USB device number 7 using xhci-hcd
[  127.487907] hub 10-1:1.0: USB hub found
[  127.492786] hub 10-1:1.0: 4 ports detected

root@salvator-x:~# sleep 4
root@salvator-x:~# 