
------------ BOARD -------------

Reset board with button reset board 0x15: salvator_h3
Push reset button
Release reset button
NOTICE:  BL2: R-Car Gen3 Initial Program Loader(CA57) Rev.4.0.0
NOTICE:  BL2: PRR is R-Car H3 Ver.3.0
NOTICE:  BL2: Board is Salvator-XS Rev.1.1
NOTICE:  BL2: Boot device is HyperFlash(160MHz)
NOTICE:  BL2: LCM state is CM
NOTICE:  AVS setting succeeded. DVFS_SetVID=0x53
NOTICE:  BL2: DDR3200(rev.0.42)
NOTICE:  BL2: [COLD_BOOT]
NOTICE:  BL2: DRAM Split is 4ch(DDR f)
NOTICE:  BL2: QoS is default setting(rev.0.11)
NOTICE:  BL2: DRAM refresh interval 1.95 usec
NOTICE:  BL2: Periodic Write DQ Training
NOTICE:  BL2: CH0: 400000000 - 47fffffff, 2 GiB
NOTICE:  BL2: CH1: 500000000 - 57fffffff, 2 GiB
NOTICE:  BL2: CH2: 600000000 - 67fffffff, 2 GiB
NOTICE:  BL2: CH3: 700000000 - 77fffffff, 2 GiB
NOTICE:  BL2: Lossy Decomp areas
NOTICE:       Entry 0: DCMPAREACRAx:0x80000540 DCMPAREACRBx:0x570
NOTICE:       Entry 1: DCMPAREACRAx:0x40000000 DCMPAREACRBx:0x0
NOTICE:       Entry 2: DCMPAREACRAx:0x20000000 DCMPAREACRBx:0x0
NOTICE:  BL2: FDT at 0xe6327f70
NOTICE:  BL2: v2.9(release):9cdb21f75
NOTICE:  BL2: Built : 05:25:39, Dec 19 2023
NOTICE:  BL2: Normal boot
NOTICE:  BL2: dst=0xe6327800 src=0x8180000 len=512(0x200)
NOTICE:  BL2: dst=0x43f00000 src=0x8180400 len=6144(0x1800)
NOTICE:  rcar_file_len: len: 0x0003e000
NOTICE:  BL2: dst=0x44000000 src=0x81c0000 len=253952(0x3e000)
NOTICE:  rcar_file_len: len: 0x00200000
NOTICE:  BL2: dst=0x44100000 src=0x8200000 len=2097152(0x200000)
NOTICE:  rcar_file_len: len: 0x00100000
NOTICE:  BL2: dst=0x50000000 src=0x8640000 len=1048576(0x100000)
NOTICE:  BL2: Booting BL31


U-Boot 2020.10 (Dec 19 2023 - 14:30:40 +0000)

CPU: Renesas Electronics R8A7795 rev 3.0
Model: Renesas Salvator-X 2nd version board based on r8a77951
DRAM:  7.9 GiB
RAM Configuration:
Bank #0: 0x048000000 - 0x0bfffffff, 1.9 GiB
Bank #1: 0x500000000 - 0x57fffffff, 2 GiB
Bank #2: 0x600000000 - 0x67fffffff, 2 GiB
Bank #3: 0x700000000 - 0x77fffffff, 2 GiB

MMC:   sd@ee100000: 0, sd@ee140000: 1, sd@ee160000: 2
Loading Environment from MMC... OK
In:    serial@e6e88000
Out:   serial@e6e88000
Err:   serial@e6e88000
Net:   eth0: ethernet@e6800000
Hit any key to stop autoboot:  2  1  0 
ethernet@e6800000 Waiting for PHY auto negotiation to complete......... done
Using ethernet@e6800000 device
TFTP from server 192.168.10.98; our IP address is 192.168.10.107
Filename 'BV/PT3/boot_USB3H/Image'.
Load address: 0x48080000
Loading: *#################################################################
	 #################################################################
	 #################################################################
	 #################################################################
	 #################################################################
	 #################################################################
	 #################################################################
	 #################################################################
	 #################################################################
	 #################################################################
	 #################################################################
	 #################################################################
	 #################################################################
	 #################################################################
	 #################################################################
	 #################################################################
	 #################################################################
	 #################################################################
	 #################################################################
	 #################################################################
	 #################################################################
	 #################################################################
	 #################################################################
	 #################################################################
	 #################################################################
	 #################################################################
	 #################################################################
	 #################################################################
	 #################################################################
	 #################################################################
	 #################################################################
	 #################################################################
	 #################################################################
	 #################################################################
	 ##############################################
	 3.9 MiB/s
done
Bytes transferred = 33112576 (1f94200 hex)
Using ethernet@e6800000 device
TFTP from server 192.168.10.98; our IP address is 192.168.10.107
Filename 'BV/PT3/boot_USB3H/r8a77951-salvator-xs.dtb'.
Load address: 0x48000000
Loading: *#######
	 5.1 MiB/s
done
Bytes transferred = 90876 (162fc hex)
Moving Image from 0x48080000 to 0x48200000, end=4a220000
## Flattened Device Tree blob at 48000000
   Booting using the fdt blob at 0x48000000
   Loading Device Tree to 0000000053fe6000, end 0000000053fff2fb ... OK

Starting kernel ...

[    0.000000] Booting Linux on physical CPU 0x0000000000 [0x411fd073]
[    0.000000] Linux version 5.10.194-yocto-standard (thuan.nguyen-hong@banvien) (aarch64-poky-linux-gcc (GCC) 9.3.0, GNU ld (GNU Binutils) 2.34.0.20200220) #13 SMP PREEMPT Sat Feb 3 10:27:40 UTC 2024
[    0.000000] Machine model: Renesas Salvator-X 2nd version board based on r8a77951
[    0.000000] efi: UEFI not found.
[    0.000000] Reserved memory: created CMA memory pool at 0x0000000057000000, size 16 MiB
[    0.000000] OF: reserved mem: initialized node linux,adsp@57000000, compatible id shared-dma-pool
[    0.000000] Reserved memory: created CMA memory pool at 0x0000000058000000, size 384 MiB
[    0.000000] OF: reserved mem: initialized node linux,cma@58000000, compatible id shared-dma-pool
[    0.000000] Reserved memory: created CMA memory pool at 0x0000000070000000, size 256 MiB
[    0.000000] OF: reserved mem: initialized node linux,multimedia@70000000, compatible id shared-dma-pool
[    0.000000] NUMA: No NUMA configuration found
[    0.000000] NUMA: Faking a node at [mem 0x0000000048000000-0x000000077fffffff]
[    0.000000] NUMA: NODE_DATA [mem 0x77efdab00-0x77efdcfff]
[    0.000000] Zone ranges:
[    0.000000]   DMA      [mem 0x0000000048000000-0x000000007fffffff]
[    0.000000]   DMA32    [mem 0x0000000080000000-0x00000000ffffffff]
[    0.000000]   Normal   [mem 0x0000000100000000-0x000000077fffffff]
[    0.000000] Movable zone start for each node
[    0.000000] Early memory node ranges
[    0.000000]   node   0: [mem 0x0000000048000000-0x0000000053ffffff]
[    0.000000]   node   0: [mem 0x0000000054000000-0x0000000056ffffff]
[    0.000000]   node   0: [mem 0x0000000057000000-0x00000000bfffffff]
[    0.000000]   node   0: [mem 0x0000000500000000-0x000000057fffffff]
[    0.000000]   node   0: [mem 0x0000000600000000-0x000000067fffffff]
[    0.000000]   node   0: [mem 0x0000000700000000-0x000000077fffffff]
[    0.000000] Initmem setup node 0 [mem 0x0000000048000000-0x000000077fffffff]
[    0.000000] psci: probing for conduit method from DT.
[    0.000000] psci: PSCIv1.1 detected in firmware.
[    0.000000] psci: Using standard PSCI v0.2 function IDs
[    0.000000] psci: Trusted OS resident on physical CPU 0x0
[    0.000000] psci: SMC Calling Convention v1.2
[    0.000000] percpu: Embedded 23 pages/cpu s56984 r8192 d29032 u94208
[    0.000000] Detected PIPT I-cache on CPU0
[    0.000000] CPU features: detected: EL2 vector hardening
[    0.000000] CPU features: detected: Spectre-v2
[    0.000000] CPU features: detected: ARM errata 1165522, 1319367, or 1530923
[    0.000000] CPU features: detected: Spectre-BHB
[    0.000000] CPU features: detected: ARM erratum 1742098
[    0.000000] Built 1 zonelists, mobility grouping on.  Total pages: 2032128
[    0.000000] Policy zone: Normal
[    0.000000] Kernel command line: rw root=/dev/nfs nfsroot=192.168.10.98:/data/tftpboot/BV/PT3/rootfs_H3,nfsvers=4 ip=192.168.10.107
[    0.000000] Dentry cache hash table entries: 1048576 (order: 11, 8388608 bytes, linear)
[    0.000000] Inode-cache hash table entries: 524288 (order: 10, 4194304 bytes, linear)
[    0.000000] mem auto-init: stack:off, heap alloc:off, heap free:off
[    0.000000] software IO TLB: mapped [mem 0x000000004ffe6000-0x0000000053fe6000] (64MB)
[    0.000000] Memory: 7277096K/8257536K available (15104K kernel code, 2832K rwdata, 8204K rodata, 6080K init, 519K bss, 308696K reserved, 671744K cma-reserved)
[    0.000000] SLUB: HWalign=64, Order=0-3, MinObjects=0, CPUs=8, Nodes=1
[    0.000000] rcu: Preemptible hierarchical RCU implementation.
[    0.000000] rcu: 	RCU event tracing is enabled.
[    0.000000] rcu: 	RCU restricting CPUs from NR_CPUS=256 to nr_cpu_ids=8.
[    0.000000] 	Trampoline variant of Tasks RCU enabled.
[    0.000000] rcu: RCU calculated value of scheduler-enlistment delay is 25 jiffies.
[    0.000000] rcu: Adjusting geometry for rcu_fanout_leaf=16, nr_cpu_ids=8
[    0.000000] NR_IRQS: 64, nr_irqs: 64, preallocated irqs: 0
[    0.000000] arch_timer: cp15 timer(s) running at 8.32MHz (virt).
[    0.000000] clocksource: arch_sys_counter: mask: 0xffffffffffffff max_cycles: 0x1eb398c07, max_idle_ns: 440795202503 ns
[    0.000003] sched_clock: 56 bits at 8MHz, resolution 120ns, wraps every 2199023255503ns
[    0.000212] Console: colour dummy device 80x25
[    0.000419] printk: console [tty0] enabled
[    0.000500] Calibrating delay loop (skipped), value calculated using timer frequency.. 16.64 BogoMIPS (lpj=33280)
[    0.000515] pid_max: default: 32768 minimum: 301
[    0.000574] LSM: Security Framework initializing
[    0.000663] Mount-cache hash table entries: 16384 (order: 5, 131072 bytes, linear)
[    0.000714] Mountpoint-cache hash table entries: 16384 (order: 5, 131072 bytes, linear)
[    0.002201] rcu: Hierarchical SRCU implementation.
[    0.003820] Detected Renesas R-Car Gen3 r8a7795 ES3.0
[    0.005988] EFI services will not be available.
[    0.006340] smp: Bringing up secondary CPUs ...
[    0.006807] Detected PIPT I-cache on CPU1
[    0.006862] CPU1: Booted secondary processor 0x0000000001 [0x411fd073]
[    0.007362] Detected PIPT I-cache on CPU2
[    0.007389] CPU2: Booted secondary processor 0x0000000002 [0x411fd073]
[    0.007825] Detected PIPT I-cache on CPU3
[    0.007849] CPU3: Booted secondary processor 0x0000000003 [0x411fd073]
[    0.008325] CPU features: detected: ARM erratum 845719
[    0.008337] Detected VIPT I-cache on CPU4
[    0.008384] CPU4: Booted secondary processor 0x0000000100 [0x410fd034]
[    0.008870] Detected VIPT I-cache on CPU5
[    0.008896] CPU5: Booted secondary processor 0x0000000101 [0x410fd034]
[    0.009341] Detected VIPT I-cache on CPU6
[    0.009368] CPU6: Booted secondary processor 0x0000000102 [0x410fd034]
[    0.009816] Detected VIPT I-cache on CPU7
[    0.009843] CPU7: Booted secondary processor 0x0000000103 [0x410fd034]
[    0.009922] smp: Brought up 1 node, 8 CPUs
[    0.009984] SMP: Total of 8 processors activated.
[    0.009992] CPU features: detected: 32-bit EL0 Support
[    0.009998] CPU features: detected: CRC32 instructions
[    0.010005] CPU features: detected: 32-bit EL1 Support
[    0.023579] CPU: All CPU(s) started at EL1
[    0.023635] alternatives: patching kernel code
[    0.024838] devtmpfs: initialized
[    0.031640] KASLR disabled due to lack of seed
[    0.031795] clocksource: jiffies: mask: 0xffffffff max_cycles: 0xffffffff, max_idle_ns: 7645041785100000 ns
[    0.031816] futex hash table entries: 2048 (order: 5, 131072 bytes, linear)
[    0.040886] pinctrl core: initialized pinctrl subsystem
[    0.042445] DMI not present or invalid.
[    0.042959] NET: Registered protocol family 16
[    0.043923] DMA: preallocated 1024 KiB GFP_KERNEL pool for atomic allocations
[    0.044139] DMA: preallocated 1024 KiB GFP_KERNEL|GFP_DMA pool for atomic allocations
[    0.044431] DMA: preallocated 1024 KiB GFP_KERNEL|GFP_DMA32 pool for atomic allocations
[    0.044475] audit: initializing netlink subsys (disabled)
[    0.044664] audit: type=2000 audit(0.044:1): state=initialized audit_enabled=0 res=1
[    0.045861] thermal_sys: Registered thermal governor 'power_allocator'
[    0.046390] cpuidle: using governor menu
[    0.046567] hw-breakpoint: found 6 breakpoint and 4 watchpoint registers.
[    0.046691] ASID allocator initialised with 65536 entries
[    0.048029] Serial: AMBA PL011 UART driver
[    0.090793] sh-pfc e6060000.pinctrl: r8a77951_pfc support registered
[    0.105513] HugeTLB registered 1.00 GiB page size, pre-allocated 0 pages
[    0.105527] HugeTLB registered 32.0 MiB page size, pre-allocated 0 pages
[    0.105535] HugeTLB registered 2.00 MiB page size, pre-allocated 0 pages
[    0.105542] HugeTLB registered 64.0 KiB page size, pre-allocated 0 pages
[    0.106507] cryptd: max_cpu_qlen set to 1000
[    0.108817] ACPI: Interpreter disabled.
[    0.112686] rcar-avs: use avs value: 0
[    0.112701] rcar-avs: cpu@0 is running with: opp_table0
[    0.112711] rcar-avs: cpu@1 is running with: opp_table0
[    0.112720] rcar-avs: cpu@2 is running with: opp_table0
[    0.112729] rcar-avs: cpu@3 is running with: opp_table0
[    0.112821] rcar-avs: gsx@fd000000 is running with: gsx_opp_table0
[    0.114259] iommu: Default domain type: Translated 
[    0.114844] ipmmu-vmsa e67b0000.iommu: IPMMU context 0 is reserved
[    0.115854] vgaarb: loaded
[    0.116076] SCSI subsystem initialized
[    0.116340] usbcore: registered new interface driver usbfs
[    0.116367] usbcore: registered new interface driver hub
[    0.116392] usbcore: registered new device driver usb
[    0.119949] i2c-sh_mobile e60b0000.i2c: I2C adapter 7, bus speed 400000 Hz
[    0.120510] mc: Linux media interface: v0.10
[    0.120533] videodev: Linux video capture interface: v2.00
[    0.120585] pps_core: LinuxPPS API ver. 1 registered
[    0.120592] pps_core: Software ver. 5.3.6 - Copyright 2005-2007 Rodolfo Giometti <giometti@linux.it>
[    0.120607] PTP clock support registered
[    0.120783] EDAC MC: Ver: 3.0.0
[    0.122800] FPGA manager framework
[    0.122866] Advanced Linux Sound Architecture Driver Initialized.
[    0.123457] clocksource: Switched to clocksource arch_sys_counter
[    0.123607] VFS: Disk quotas dquot_6.6.0
[    0.123650] VFS: Dquot-cache hash table entries: 512 (order 0, 4096 bytes)
[    0.123772] pnp: PnP ACPI: disabled
[    0.127416] NET: Registered protocol family 2
[    0.127851] IP idents hash table entries: 131072 (order: 8, 1048576 bytes, linear)
[    0.130123] tcp_listen_portaddr_hash hash table entries: 4096 (order: 4, 65536 bytes, linear)
[    0.130204] TCP established hash table entries: 65536 (order: 7, 524288 bytes, linear)
[    0.130488] TCP bind hash table entries: 65536 (order: 8, 1048576 bytes, linear)
[    0.131106] TCP: Hash tables configured (established 65536 bind 65536)
[    0.131231] UDP hash table entries: 4096 (order: 5, 131072 bytes, linear)
[    0.131345] UDP-Lite hash table entries: 4096 (order: 5, 131072 bytes, linear)
[    0.131591] NET: Registered protocol family 1
[    0.131963] RPC: Registered named UNIX socket transport module.
[    0.131973] RPC: Registered udp transport module.
[    0.131978] RPC: Registered tcp transport module.
[    0.131984] RPC: Registered tcp NFSv4.1 backchannel transport module.
[    0.131997] PCI: CLS 0 bytes, default 64
[    0.132899] hw perfevents: enabled with armv8_cortex_a53 PMU driver, 7 counters available
[    0.133177] hw perfevents: enabled with armv8_cortex_a57 PMU driver, 7 counters available
[    0.133840] kvm [1]: HYP mode not available
[    0.136786] Initialise system trusted keyrings
[    0.136910] workingset: timestamp_bits=42 max_order=21 bucket_order=0
[    0.140067] squashfs: version 4.0 (2009/01/31) Phillip Lougher
[    0.140494] NFS: Registering the id_resolver key type
[    0.140539] Key type id_resolver registered
[    0.140546] Key type id_legacy registered
[    0.140605] nfs4filelayout_init: NFSv4 File Layout Driver Registering...
[    0.140614] nfs4flexfilelayout_init: NFSv4 Flexfile Layout Driver Registering...
[    0.140714] 9p: Installing v9fs 9p2000 file system support
[    0.166171] Key type asymmetric registered
[    0.166184] Asymmetric key parser 'x509' registered
[    0.166214] Block layer SCSI generic (bsg) driver version 0.4 loaded (major 243)
[    0.166224] io scheduler mq-deadline registered
[    0.166234] io scheduler kyber registered
[    0.182558] gpio_rcar e6050000.gpio: driving 16 GPIOs
[    0.182844] gpio_rcar e6051000.gpio: driving 29 GPIOs
[    0.183105] gpio_rcar e6052000.gpio: driving 15 GPIOs
[    0.183388] gpio_rcar e6053000.gpio: driving 16 GPIOs
[    0.183655] gpio_rcar e6054000.gpio: driving 18 GPIOs
[    0.183957] gpio_rcar e6055000.gpio: driving 26 GPIOs
[    0.184222] gpio_rcar e6055400.gpio: driving 32 GPIOs
[    0.184466] gpio_rcar e6055800.gpio: driving 4 GPIOs
[    0.187434] rcar-pcie fe000000.pcie: host bridge /soc/pcie@fe000000 ranges:
[    0.187508] rcar-pcie fe000000.pcie:       IO 0x00fe100000..0x00fe1fffff -> 0x0000000000
[    0.187534] rcar-pcie fe000000.pcie:      MEM 0x00fe200000..0x00fe3fffff -> 0x00fe200000
[    0.187553] rcar-pcie fe000000.pcie:      MEM 0x0030000000..0x0037ffffff -> 0x0030000000
[    0.187568] rcar-pcie fe000000.pcie:      MEM 0x0038000000..0x003fffffff -> 0x0038000000
[    0.187586] rcar-pcie fe000000.pcie:   IB MEM 0x0040000000..0x007fffffff -> 0x0040000000
[    0.187639] rcar-pcie fe000000.pcie: no pcie3v3 regulator found
[    0.187650] rcar-pcie fe000000.pcie: no pcie1v8 regulator found
[    0.255184] rcar-pcie fe000000.pcie: PCIe link down
[    0.255382] rcar-pcie ee800000.pcie: host bridge /soc/pcie@ee800000 ranges:
[    0.255407] rcar-pcie ee800000.pcie:       IO 0x00ee900000..0x00ee9fffff -> 0x0000000000
[    0.255429] rcar-pcie ee800000.pcie:      MEM 0x00eea00000..0x00eebfffff -> 0x00eea00000
[    0.255447] rcar-pcie ee800000.pcie:      MEM 0x00c0000000..0x00c7ffffff -> 0x00c0000000
[    0.255476] rcar-pcie ee800000.pcie:      MEM 0x00c8000000..0x00cfffffff -> 0x00c8000000
[    0.255493] rcar-pcie ee800000.pcie:   IB MEM 0x0040000000..0x007fffffff -> 0x0040000000
[    0.255527] rcar-pcie ee800000.pcie: no pcie3v3 regulator found
[    0.255537] rcar-pcie ee800000.pcie: no pcie1v8 regulator found
[    0.323158] rcar-pcie ee800000.pcie: PCIe link down
[    0.325691] EINJ: ACPI disabled.
[    0.360371] Serial: 8250/16550 driver, 4 ports, IRQ sharing enabled
[    0.362836] SuperH (H)SCI(F) driver initialized
[    0.363286] e6550000.serial: ttySC1 at MMIO 0xe6550000 (irq = 42, base_baud = 0) is a hscif
[    0.364069] e6e88000.serial: ttySC0 at MMIO 0xe6e88000 (irq = 128, base_baud = 0) is a scif
[    1.568682] printk: console [ttySC0] enabled
[    1.574105] msm_serial: driver initialized
[    1.584547] rcar-dw-hdmi fead0000.hdmi: Detected HDMI TX controller v2.01a with HDCP (DWC HDMI 2.0 TX PHY)
[    1.594474] rcar-dw-hdmi fead0000.hdmi: registered DesignWare HDMI I2C bus driver
[    1.602742] rcar-dw-hdmi feae0000.hdmi: Detected HDMI TX controller v2.01a with HDCP (DWC HDMI 2.0 TX PHY)
[    1.612600] rcar-dw-hdmi feae0000.hdmi: registered DesignWare HDMI I2C bus driver
[    1.628159] loop: module loaded
[    1.632791] megasas: 07.714.04.00-rc1
[    1.638583] scsi host0: sata_rcar
[    1.642064] ata1: SATA max UDMA/133 irq 181
[    1.651534] tun: Universal TUN/TAP device driver, 1.6
[    1.657529] thunder_xcv, ver 1.0
[    1.660803] thunder_bgx, ver 1.0
[    1.664051] nicpf, ver 1.0
[    1.668219] hclge is initializing
[    1.671555] hns3: Hisilicon Ethernet Network Driver for Hip08 Family - version
[    1.678778] hns3: Copyright (c) 2017 Huawei Corporation.
[    1.684118] e1000: Intel(R) PRO/1000 Network Driver
[    1.688998] e1000: Copyright (c) 1999-2006 Intel Corporation.
[    1.694764] e1000e: Intel(R) PRO/1000 Network Driver
[    1.699729] e1000e: Copyright(c) 1999 - 2015 Intel Corporation.
[    1.705668] igb: Intel(R) Gigabit Ethernet Network Driver
[    1.711067] igb: Copyright (c) 2007-2014 Intel Corporation.
[    1.716653] igbvf: Intel(R) Gigabit Virtual Function Network Driver
[    1.722920] igbvf: Copyright (c) 2009 - 2012 Intel Corporation.
[    1.729254] sky2: driver version 1.30
[    1.736866] ravb e6800000.ethernet eth0: Base address at 0xe6800000, 2e:09:0a:06:d4:ee, IRQ 125.
[    1.747083] VFIO - User Level meta-driver version: 0.3
[    1.754247] ehci_hcd: USB 2.0 'Enhanced' Host Controller (EHCI) Driver
[    1.760795] ehci-pci: EHCI PCI platform driver
[    1.765258] ehci-platform: EHCI generic platform driver
[    1.770880] ehci-platform ee0a0100.usb: EHCI Host Controller
[    1.776562] ehci-platform ee0a0100.usb: new USB bus registered, assigned bus number 1
[    1.784471] ehci-platform ee0a0100.usb: irq 175, io mem 0xee0a0100
[    1.803468] ehci-platform ee0a0100.usb: USB 2.0 started, EHCI 1.10
[    1.809994] hub 1-0:1.0: USB hub found
[    1.813766] hub 1-0:1.0: 1 port detected
[    1.818194] ehci-platform ee0c0100.usb: EHCI Host Controller
[    1.823885] ehci-platform ee0c0100.usb: new USB bus registered, assigned bus number 2
[    1.831774] ehci-platform ee0c0100.usb: irq 176, io mem 0xee0c0100
[    1.851465] ehci-platform ee0c0100.usb: USB 2.0 started, EHCI 1.10
[    1.857951] hub 2-0:1.0: USB hub found
[    1.861720] hub 2-0:1.0: 1 port detected
[    1.891506] ehci-platform ee0e0100.usb: EHCI Host Controller
[    1.897180] ehci-platform ee0e0100.usb: new USB bus registered, assigned bus number 3
[    1.905052] ehci-platform ee0e0100.usb: irq 177, io mem 0xee0e0100
[    1.923465] ehci-platform ee0e0100.usb: USB 2.0 started, EHCI 1.10
[    1.929899] hub 3-0:1.0: USB hub found
[    1.933666] hub 3-0:1.0: 1 port detected
[    1.938044] ehci-orion: EHCI orion driver
[    1.942308] ehci-exynos: EHCI Exynos driver
[    1.946613] ohci_hcd: USB 1.1 'Open' Host Controller (OHCI) Driver
[    1.952811] ohci-pci: OHCI PCI platform driver
[    1.957298] ohci-platform: OHCI generic platform driver
[    1.962833] ohci-platform ee0a0000.usb: Generic Platform OHCI controller
[    1.969554] ohci-platform ee0a0000.usb: new USB bus registered, assigned bus number 4
[    1.977433] ohci-platform ee0a0000.usb: irq 175, io mem 0xee0a0000
[    2.059475] ata1: link resume succeeded after 1 retries
[    2.073736] hub 4-0:1.0: USB hub found
[    2.077506] hub 4-0:1.0: 1 port detected
[    2.081837] ohci-platform ee0c0000.usb: Generic Platform OHCI controller
[    2.088551] ohci-platform ee0c0000.usb: new USB bus registered, assigned bus number 5
[    2.096421] ohci-platform ee0c0000.usb: irq 176, io mem 0xee0c0000
[    2.170991] ata1: SATA link down (SStatus 0 SControl 300)
[    2.189724] hub 5-0:1.0: USB hub found
[    2.193497] hub 5-0:1.0: 1 port detected
[    2.197831] ohci-platform ee0e0000.usb: Generic Platform OHCI controller
[    2.204545] ohci-platform ee0e0000.usb: new USB bus registered, assigned bus number 6
[    2.212414] ohci-platform ee0e0000.usb: irq 177, io mem 0xee0e0000
[    2.305721] hub 6-0:1.0: USB hub found
[    2.309488] hub 6-0:1.0: 1 port detected
[    2.313822] ohci-exynos: OHCI Exynos driver
[    2.318257] usbcore: registered new interface driver usb-storage
[    2.325942] renesas_usbhs e6590000.usb: host probed
[    2.330832] renesas_usbhs e6590000.usb: no transceiver found
[    2.336560] renesas_usbhs e6590000.usb: gadget probed
[    2.341785] renesas_usbhs e6590000.usb: probed
[    2.346687] renesas_usbhs e659c000.usb: host probed
[    2.351583] renesas_usbhs e659c000.usb: no transceiver found
[    2.357300] renesas_usbhs e659c000.usb: gadget probed
[    2.362492] renesas_usbhs e659c000.usb: probed
[    2.369381] i2c /dev entries driver
[    2.383963] cs2000-cp 2-004f: revision - C1
[    2.388207] i2c-rcar e6510000.i2c: probed
[    2.393056] pca953x 4-0020: supply vcc not found, using dummy regulator
[    2.399758] pca953x 4-0020: using no AI
[    2.404414] gpio-355 (PCIE/SATA switch): hogged as output/low
[    2.416695] i2c-rcar e66d8000.i2c: probed
[    2.422016] adv748x 4-0070: Endpoint /soc/i2c@e66d8000/video-receiver@70/port@7/endpoint on port 7
[    2.430998] adv748x 4-0070: Endpoint /soc/i2c@e66d8000/video-receiver@70/port@8/endpoint on port 8
[    2.439969] adv748x 4-0070: Endpoint /soc/i2c@e66d8000/video-receiver@70/port@a/endpoint on port 10
[    2.449034] adv748x 4-0070: Endpoint /soc/i2c@e66d8000/video-receiver@70/port@b/endpoint on port 11
[    2.458421] adv748x 4-0070: chip found @ 0xe0 revision 2143
[    2.512019] rcar-csi2 fea80000.csi2: 1 lanes found
[    2.517177] rcar-csi2 feaa0000.csi2: 4 lanes found
[    2.526885] rcar-vin e6ef0000.video: Device registered as video0
[    2.532971] rcar-vin e6ef1000.video: Device registered as video1
[    2.539043] rcar-vin e6ef2000.video: Device registered as video2
[    2.545108] rcar-vin e6ef3000.video: Device registered as video3
[    2.551180] rcar-vin e6ef4000.video: Device registered as video4
[    2.557252] rcar-vin e6ef5000.video: Device registered as video5
[    2.563339] rcar-vin e6ef6000.video: Device registered as video6
[    2.569411] rcar-vin e6ef7000.video: Device registered as video7
[    2.578104] rcar_gen3_thermal e6198000.thermal: is using FUSE values
[    2.589177] rcar_gen3_thermal e6198000.thermal: TSC0: Loaded 1 trip points
[    2.600425] rcar_gen3_thermal e6198000.thermal: TSC1: Loaded 1 trip points
[    2.611595] rcar_gen3_thermal e6198000.thermal: TSC2: Loaded 3 trip points
[    2.623718] sdhci: Secure Digital Host Controller Interface driver
[    2.629909] sdhci: Copyright(c) Pierre Ossman
[    2.635029] Synopsys Designware Multimedia Card Interface Driver
[    2.635707] renesas_sdhi_internal_dmac ee140000.mmc: Adding to iommu group 0
[    2.635858] renesas_sdhi_internal_dmac ee100000.mmc: Got CD GPIO
[    2.635861] renesas_sdhi_internal_dmac ee160000.mmc: Got CD GPIO
[    2.635886] renesas_sdhi_internal_dmac ee100000.mmc: Got WP GPIO
[    2.635895] renesas_sdhi_internal_dmac ee160000.mmc: Got WP GPIO
[    2.642309] sdhci-pltfm: SDHCI platform and OF driver helper
[    2.648153] renesas_sdhi_internal_dmac ee140000.mmc: Using IPMMU context 1
[    2.685216] ledtrig-cpu: registered to indicate activity on CPUs
[    2.692154] SMCCC: SOC_ID: ARCH_SOC_ID not implemented, skipping ....
[    2.699165] usbcore: registered new interface driver usbhid
[    2.704743] usbhid: USB HID core driver
[    2.712371] optee: probing for conduit method.
[    2.716840] optee: revision 3.22 (314ecf9d)
[    2.717375] optee driver R-Car Rev.1.0.11
[    2.725945] optee: dynamic shared memory is enabled
[    2.731094] optee: initialized driver
[    2.733852] renesas_sdhi_internal_dmac ee140000.mmc: mmc0 base at 0x00000000ee140000, max clock rate 200 MHz
[    2.750316] rcar_sound ec500000.sound: probed
[    2.755377] NET: Registered protocol family 17
[    2.759947] 9pnet: Installing 9P2000 support
[    2.764271] Key type dns_resolver registered
[    2.768910] registered taskstats version 1
[    2.773025] Loading compiled-in X.509 certificates
[    2.787868] thermal emergency: set temperature to 110 celsius
[    2.793809] thermal emergency: shutdown target cpus 1-7
[    2.799037] thermal emergency: freq scaled target cpus 0
[    2.804706] renesas_irqc e61c0000.interrupt-controller: driving 6 irqs
[    2.817612] mmc0: new HS400 MMC card at address 0001
[    2.823384] mmcblk0: mmc0:0001 BGSD4R 29.1 GiB 
[    2.828484] mmcblk0boot0: mmc0:0001 BGSD4R partition 1 31.9 MiB
[    2.834921] mmcblk0boot1: mmc0:0001 BGSD4R partition 2 31.9 MiB
[    2.841089] mmcblk0rpmb: mmc0:0001 BGSD4R partition 3 4.00 MiB, chardev (509:0)
[    2.850127]  mmcblk0: p1
[    2.879502] ehci-platform ee080100.usb: EHCI Host Controller
[    2.885190] ehci-platform ee080100.usb: new USB bus registered, assigned bus number 7
[    2.893086] ehci-platform ee080100.usb: irq 174, io mem 0xee080100
[    2.911467] ehci-platform ee080100.usb: USB 2.0 started, EHCI 1.10
[    2.918102] hub 7-0:1.0: USB hub found
[    2.921875] hub 7-0:1.0: 1 port detected
[    2.927302] ohci-platform ee080000.usb: Generic Platform OHCI controller
[    2.934032] ohci-platform ee080000.usb: new USB bus registered, assigned bus number 8
[    2.941919] ohci-platform ee080000.usb: irq 174, io mem 0xee080000
[    3.037874] hub 8-0:1.0: USB hub found
[    3.041646] hub 8-0:1.0: 1 port detected
[    3.046920] cpu cpu0: EM: created perf domain
[    3.051882] cpu cpu4: EM: created perf domain
[    3.061450] renesas_sdhi_internal_dmac ee100000.mmc: Got CD GPIO
[    3.062610] renesas_sdhi_internal_dmac ee160000.mmc: Got CD GPIO
[    3.064835] [drm] Initialized rcar-du 1.0.0 20130110 for feb00000.display on minor 0
[    3.064838] [drm] Device feb00000.display probed
[    3.067543] renesas_sdhi_internal_dmac ee100000.mmc: Got WP GPIO
[    3.073563] renesas_sdhi_internal_dmac ee160000.mmc: Got WP GPIO
[    3.130907] renesas_sdhi_internal_dmac ee100000.mmc: mmc1 base at 0x00000000ee100000, max clock rate 200 MHz
[    3.135107] Console: switching to colour frame buffer device 128x48
[    3.146020] renesas_sdhi_internal_dmac ee160000.mmc: mmc2 base at 0x00000000ee160000, max clock rate 200 MHz
[    3.178630] rcar-du feb00000.display: [drm] fb0: rcar-dudrmfb frame buffer device
[    3.191163] input: keys as /devices/platform/keys/input/input0
[    3.272161] Micrel KSZ9031 Gigabit PHY e6800000.ethernet-ffffffff:00: attached PHY driver [Micrel KSZ9031 Gigabit PHY] (mii_bus:phy_addr=e6800000.ethernet-ffffffff:00, irq=183)
[   14.173739] ravb e6800000.ethernet eth0: Link is Up - 1Gbps/Full - flow control off
[   14.203504] IP-Config: Guessing netmask 255.255.255.0
[   14.208668] IP-Config: Complete:
[   14.211981]      device=eth0, hwaddr=2e:09:0a:06:d4:ee, ipaddr=192.168.10.107, mask=255.255.255.0, gw=255.255.255.255
[   14.222797]      host=192.168.10.107, domain=, nis-domain=(none)
[   14.228926]      bootserver=255.255.255.255, rootserver=192.168.10.98, rootpath=
[   14.229583] ALSA device list:
[   14.240196]   No soundcards found.
[   15.308659] VFS: Mounted root (nfs4 filesystem) on device 0:22.
[   15.315383] devtmpfs: mounted
[   15.321781] Freeing unused kernel memory: 6080K
[   15.347610] Run /sbin/init as init process
[   15.516635] systemd[1]: System time before build time, advancing clock.
[   15.877237] NET: Registered protocol family 10
[   15.886033] Segment Routing with IPv6
[   15.917490] systemd[1]: systemd 244 running in system mode. (+PAM -AUDIT -SELINUX +IMA -APPARMOR -SMACK +SYSVINIT +UTMP -LIBCRYPTSETUP -GCRYPT -GNUTLS +ACL +XZ -LZ4 -SECCOMP +BLKID -ELFUTILS +KMOD -IDN2 -IDN -PCRE2 default-hierarchy=hybrid)
[   15.945587] systemd[1]: Detected architecture arm64.

Welcome to [1mPoky (Yocto Project Reference Distro) 3.1.11 (dunfell)[0m!

[   15.981625] systemd[1]: Set hostname to <salvator-x>.
[   16.808267] random: systemd: uninitialized urandom read (16 bytes read)
[   16.819629] systemd[1]: system-getty.slice: unit configures an IP firewall, but the local system does not support BPF/cgroup firewalling.
[   16.840656] systemd[1]: (This warning is only shown for the first unit using IP firewalling.)
[   16.855157] systemd[1]: Created slice system-getty.slice.
[[0;32m  OK  [0m] Created slice [0;1;39msystem-getty.slice[0m.
[   16.883637] random: systemd: uninitialized urandom read (16 bytes read)
[   16.892582] systemd[1]: Created slice system-serial\x2dgetty.slice.
[[0;32m  OK  [0m] Created slice [0;1;39msystem-serial\x2dgetty.slice[0m.
[   16.915592] random: systemd: uninitialized urandom read (16 bytes read)
[   16.924261] systemd[1]: Created slice User and Session Slice.
[[0;32m  OK  [0m] Created slice [0;1;39mUser and Session Slice[0m.
[   16.947792] systemd[1]: Started Dispatch Password Requests to Console Directory Watch.
[[0;32m  OK  [0m] Started [0;1;39mDispatch Password â€¦ts to Console Directory Watch[0m.
[   16.975893] systemd[1]: Started Forward Password Requests to Wall Directory Watch.
[[0;32m  OK  [0m] Started [0;1;39mForward Password Râ€¦uests to Wall Directory Watch[0m.
[   17.003755] systemd[1]: Reached target Paths.
[[0;32m  OK  [0m] Reached target [0;1;39mPaths[0m.
[   17.027697] systemd[1]: Reached target Remote File Systems.
[[0;32m  OK  [0m] Reached target [0;1;39mRemote File Systems[0m.
[   17.055652] systemd[1]: Reached target Slices.
[[0;32m  OK  [0m] Reached target [0;1;39mSlices[0m.
[   17.079651] systemd[1]: Reached target Swap.
[[0;32m  OK  [0m] Reached target [0;1;39mSwap[0m.
[   17.106108] systemd[1]: Listening on RPCbind Server Activation Socket.
[[0;32m  OK  [0m] Listening on [0;1;39mRPCbind Server Activation Socket[0m.
[   17.135712] systemd[1]: Reached target RPC Port Mapper.
[[0;32m  OK  [0m] Reached target [0;1;39mRPC Port Mapper[0m.
[   17.159983] systemd[1]: Listening on initctl Compatibility Named Pipe.
[[0;32m  OK  [0m] Listening on [0;1;39minitctl Compatibility Named Pipe[0m.
[   17.189660] systemd[1]: Listening on Journal Audit Socket.
[[0;32m  OK  [0m] Listening on [0;1;39mJournal Audit Socket[0m.
[   17.217262] systemd[1]: Listening on Journal Socket (/dev/log).
[[0;32m  OK  [0m] Listening on [0;1;39mJournal Socket (/dev/log)[0m.
[   17.244353] systemd[1]: Listening on Journal Socket.
[[0;32m  OK  [0m] Listening on [0;1;39mJournal Socket[0m.
[   17.269778] systemd[1]: Listening on Network Service Netlink Socket.
[[0;32m  OK  [0m] Listening on [0;1;39mNetwork Service Netlink Socket[0m.
[   17.297917] systemd[1]: Listening on udev Control Socket.
[[0;32m  OK  [0m] Listening on [0;1;39mudev Control Socket[0m.
[   17.324147] systemd[1]: Listening on udev Kernel Socket.
[[0;32m  OK  [0m] Listening on [0;1;39mudev Kernel Socket[0m.
[   17.353223] systemd[1]: Mounting Huge Pages File System...
         Mounting [0;1;39mHuge Pages File System[0m...
[   17.381065] systemd[1]: Mounting POSIX Message Queue File System...
         Mounting [0;1;39mPOSIX Message Queue File System[0m...
[   17.412942] systemd[1]: Mounting Kernel Debug File System...
         Mounting [0;1;39mKernel Debug File System[0m...
[   17.443213] systemd[1]: Mounting Temporary Directory (/tmp)...
         Mounting [0;1;39mTemporary Directory (/tmp)[0m...
[   17.473966] systemd[1]: Starting Create list of static device nodes for the current kernel...
         Starting [0;1;39mCreate list of stâ€¦odes for the current kernel[0m...
[   17.508996] systemd[1]: Starting Start psplash boot splash screen...
         Starting [0;1;39mStart psplash boot splash screen[0m...
[   17.543183] systemd[1]: Starting RPC Bind...
         Starting [0;1;39mRPC Bind[0m...
[   17.568323] systemd[1]: Condition check resulted in File System Check on Root Device being skipped.
[   17.584361] systemd[1]: Starting Journal Service...
         Starting [0;1;39mJournal Service[0m...
[   17.612894] systemd[1]: Starting Load Kernel Modules...
         Starting [0;1;39mLoad Kernel Modules[0m...
[   17.636393] systemd[1]: Starting Remount Root and Kernel File Systems...
         Starting [0;1;39mRemount Root and Kernel File Systems[0m...
[   17.664345] systemd[1]: Starting udev Coldplug all Devices...
         Starting [0;1;39mudev Coldplug all Devices[0m...
[   17.679484] random: crng init done
[   17.682912] random: 35 urandom warning(s) missed due to ratelimiting
[   17.710609] systemd[1]: Started Start psplash boot splash screen.
[[0;32m  OK  [0m] Started [0;1;39mStart psplash boot splash screen[0m.
[   17.740354] systemd[1]: Started RPC Bind.
[[0;32m  OK  [0m] Started [0;1;39mRPC Bind[0m.
[   17.760259] systemd[1]: Started Journal Service.
[[0;32m  OK  [0m] Started [0;1;39mJournal Service[0m.
[[0;32m  OK  [0m] Mounted [0;1;39mHuge Pages File System[0m.
[[0;32m  OK  [0m] Mounted [0;1;39mPOSIX Message Queue File System[0m.
[[0;32m  OK  [0m] Mounted [0;1;39mKernel Debug File System[0m.
[[0;32m  OK  [0m] Mounted [0;1;39mTemporary Directory (/tmp)[0m.
[[0;32m  OK  [0m] Started [0;1;39mCreate list of staâ€¦ nodes for the current kernel[0m.
[[0;32m  OK  [0m] Started [0;1;39mLoad Kernel Modules[0m.
[[0;32m  OK  [0m] Started [0;1;39mRemount Root and Kernel File Systems[0m.
         Mounting [0;1;39mKernel Configuration File System[0m...
[[0;32m  OK  [0m] Started [0;1;39mStart psplash-systâ€¦progress communication helper[0m.
         Starting [0;1;39mFlush Journal to Persistent Storage[0m...
         Starting [0;1;39mApply Kernel Variables[0m...
[   18.002891] systemd-journald[359]: Received client request to flush runtime journal.
         Starting [0;1;39mCreate Static Device Nodes in /dev[0m...
[[0;32m  OK  [0m] Mounted [0;1;39mKernel Configuration File System[0m.
[[0;32m  OK  [0m] Started [0;1;39mFlush Journal to Persistent Storage[0m.
[[0;32m  OK  [0m] Started [0;1;39mApply Kernel Variables[0m.
[[0;32m  OK  [0m] Started [0;1;39mCreate Static Device Nodes in /dev[0m.
[[0;32m  OK  [0m] Reached target [0;1;39mLocal File Systems (Pre)[0m.
         Mounting [0;1;39m/var/volatile[0m...
         Starting [0;1;39mudev Kernel Device Manager[0m...
[[0;32m  OK  [0m] Started [0;1;39mudev Coldplug all Devices[0m.
[[0;32m  OK  [0m] Mounted [0;1;39m/var/volatile[0m.
         Starting [0;1;39mLoad/Save Random Seed[0m...
[[0;32m  OK  [0m] Reached target [0;1;39mLocal File Systems[0m.
         Starting [0;1;39mCreate Volatile Files and Directories[0m...
[[0;32m  OK  [0m] Started [0;1;39mLoad/Save Random Seed[0m.
[[0;32m  OK  [0m] Started [0;1;39mudev Kernel Device Manager[0m.
         Starting [0;1;39mNetwork Service[0m...
[[0;32m  OK  [0m] Started [0;1;39mCreate Volatile Files and Directories[0m.
         Starting [0;1;39mNetwork Time Synchronization[0m...
         Starting [0;1;39mUpdate UTMP about System Boot/Shutdown[0m...
[[0;32m  OK  [0m] Started [0;1;39mNetwork Service[0m.
         Starting [0;1;39mNetwork Name Resolution[0m...
[[0;32m  OK  [0m] Started [0;1;39mUpdate UTMP about System Boot/Shutdown[0m.
[[0;32m  OK  [0m] Started [0;1;39mNetwork Time Synchronization[0m.
[[0;32m  OK  [0m] Reached target [0;1;39mSystem Initialization[0m.
[[0;32m  OK  [0m] Started [0;1;39mDaily Cleanup of Temporary Directories[0m.
[[0;32m  OK  [0m] Reached target [0;1;39mSystem Time Set[0m.
[[0;32m  OK  [0m] Reached target [0;1;39mSystem Time Synchronized[0m[   18.608816] pwm-backlight: probe of backlight failed with error -16
.
[[0;32m  OK  [0m] Reached target [0;1;39mTimers[0m.
[[0;32m  OK  [0m] Listening on [0;1;39mAvahi mDNS/DNS-SD Stack Activation Socket[0m.
[[0;32m  OK  [0m] Listening on [0;1;39mD-Bus System Message Bus Socket[0m.
[   18.713899] at24 7-0050: supply vcc not found, using dummy regulator
[   18.721466] at24 7-0050: 128 byte br24t01 EEPROM, writable, 8 bytes/write
[[0;32m  OK  [0m] Listening on [0;1;39mdropbear.socke[   18.732700] ccree e6601000.crypto: ARM CryptoCell 630P Driver: HW version 0xAF400001/0xDCC63000, Driver version 5.0
t[0m.
[[0;32m  OK  [0m] Reached target [0;1;39mSockets[0m.
[   18.761560] ccree e6601000.crypto: ARM ccree device initialized
[[0;32m  OK  [0m] Reached target [0;1;39mBasic System[0m.
[[0;32m  OK  [0m] Started [0;1;39mD-Bus System Message Bus[0m.
[[0;32m  OK  [0m] Started [0;1;39moptee services[0m.
[   18.833960] renesas_usb3 ee020000.usb: probed with phy
         Starting [0;1;39mpvrinit.service[0m...
         Starting [0;1;39mPowerVR consumer services[0m...
         Starting [0;1;39mLogin Service[0m...
[[0;32m  OK  [0m] Started [0;1;39mNetwork Name Resolution[0m.
[   18.965125] xhci-hcd ee000000.usb: xHCI Host Controller
[   18.970619] xhci-hcd ee000000.usb: new USB bus registered, assigned bus number 9
[   18.994440] xhci-hcd ee000000.usb: hcc params 0x014051ce hci version 0x100 quirks 0x0000000000830410
[   19.003813] xhci-hcd ee000000.usb: irq 172, io mem 0xee000000
[[0;32m  OK  [[   19.009915] xhci-hcd ee000000.usb: xHCI Host Controller
0m] Created slic[   19.016633] xhci-hcd ee000000.usb: new USB bus registered, assigned bus number 10
e [0;1;39msyste[   19.025524] xhci-hcd ee000000.usb: Host supports USB 3.0 SuperSpeed
m-weston.slice[0m.
[   19.034158] hub 9-0:1.0: USB hub found
[   19.038834] hub 9-0:1.0: 1 port detected
[[0;32m  OK  [0m] Reached target [0;1;39mNetwork[0m.
[   19.048004] usb usb10: We don't know the algorithms for LPM for this host, disabling LPM.
[[0;32m  OK  [[   19.057360] hub 10-0:1.0: USB hub found
0m] Reached targ[   19.057401] hub 10-0:1.0: 1 port detected
et [0;1;39mHost and Network Name Lookups[0m.
[[0;32m  OK  [0m] Reached target [0;1;39mHardware activated USB gadget[0m.
         Starting [0;1;39mAvahi mDNS/DNS-SD Stack[0m...
         Starting [0;1;39mPermit User Sessions[0m...
[[0;32m  OK  [0m] Started [0;1;39mXinetd A Powerful Replacement For Inetd[0m.
[[0;1;31mFAILED[0m] Failed to start [0;1;39mpvrinit.service[0m.
See 'systemctl status pvrinit.service' for details.
[[0;1;31mFAILED[0m] Failed to start [0;1;39mPowerVR consumer services[0m.
See 'systemctl status rc.pvr.service' for details.
[[0;1;38;5;185mDEPEND[0m] Dependency failed for [0;1;39mWeston Wayland Compositor[0m.
[[0;32m  OK  [0m] Started [0;1;39mPermit User Sessions[0m.
[[0;32m  OK  [0m] Started [0;1;39mAvahi mDNS/DNS-SD Stack[0m.
[   19.323552] usb 9-1: new high-speed USB device number 2 using xhci-hcd
[[0;32m  OK  [0m] Started [0;1;39mLogin Service[0m.
[[0;32m  OK  [0m] Started [0;1;39mGetty on tty1[0m.
[[0;32m  OK  [0m] Started [0;1;39mSerial Getty on ttySC0[0m.
[[0;32m  OK  [0m] Reached target [0;1;39mLogin Prompts[0m.
         Starting [0;1;39mset_default_governor.service[0m...
[   19.496813] hub 9-1:1.0: USB hub found
[   19.501419] hub 9-1:1.0: 4 ports detected
[   19.527846] rd 0-7: Disabling EAS, schedutil is mandatory
[[0;32m  OK  [0m] Started [0;1;39mset_default_governor.service[0m.
[[0;32m  OK  [0m] Reached target [0;1;39mMulti-User System[0m.
         Starting [0;1;39mUpdate UTMP a[   19.613317] usb 10-1: new SuperSpeed Gen 1 USB device number 2 using xhci-hcd
bout System Runlevel Changes[0m...
[[0;32m  OK  [0m] Started [0;1;39mUpdate UTMP about System Runlevel Changes[0m.
[   19.659078] hub 10-1:1.0: USB hub found
[   19.663909] hub 10-1:1.0: 4 ports detected

Poky (Yocto Project Reference Distro) 3.1.11 salvator-x ttySC0

salvator-x login: 
salvator-x login: root
[   21.626153] audit: type=1006 audit(1703064538.104:2): pid=537 uid=0 old-auid=4294967295 auid=0 tty=(none) old-ses=4294967295 ses=1 res=1
7[r[999;999H[6n8root@salvator-x:~# 
root@salvator-x:~# 
root@salvator-x:~# 
root@salvator-x:~# 
root@salvator-x:~# 
root@salvator-x:~# 
root@salvator-x:~# 
root@salvator-x:~# 
root@salvator-x:~# 
 
#### Result: OK ####
