NOTICE:  BL2: R-Car Gen3 Initial Program Loader(CA57) Rev.4.0.0
NOTICE:  BL2: PRR is R-Car H3 Ver.3.0
NOTICE:  BL2: Board is Salvator-XS Rev.1.1
NOTICE:  BL2: Boot device is HyperFlash(160MHz)
NOTICE:  BL2: LCM state is CM
NOTICE:  AVS setting succeeded. DVFS_SetVID=0x53
NOTICE:  BL2: DDR3200(rev.0.42)
NOTICE:  BL2: [COLD_BOOT]
NOTICE:  BL2: DRAM Split is 4ch(DDR f)
NOTICE:  BL2: QoS is default setting(rev.0.11)
NOTICE:  BL2: DRAM refresh interval 1.95 usec
NOTICE:  BL2: Periodic Write DQ Training
NOTICE:  BL2: CH0: 400000000 - 47fffffff, 2 GiB
NOTICE:  BL2: CH1: 500000000 - 57fffffff, 2 GiB
NOTICE:  BL2: CH2: 600000000 - 67fffffff, 2 GiB
NOTICE:  BL2: CH3: 700000000 - 77fffffff, 2 GiB
NOTICE:  BL2: Lossy Decomp areas
NOTICE:       Entry 0: DCMPAREACRAx:0x80000540 DCMPAREACRBx:0x570
NOTICE:       Entry 1: DCMPAREACRAx:0x40000000 DCMPAREACRBx:0x0
NOTICE:       Entry 2: DCMPAREACRAx:0x20000000 DCMPAREACRBx:0x0
NOTICE:  BL2: FDT at 0xe6327f70
NOTICE:  BL2: v2.9(release):9cdb21f75
NOTICE:  BL2: Built : 05:25:39, Dec 19 2023
NOTICE:  BL2: Normal boot
NOTICE:  BL2: dst=0xe6327800 src=0x8180000 len=512(0x200)
NOTICE:  BL2: dst=0x43f00000 src=0x8180400 len=6144(0x1800)
NOTICE:  rcar_file_len: len: 0x0003e000
NOTICE:  BL2: dst=0x44000000 src=0x81c0000 len=253952(0x3e000)
NOTICE:  rcar_file_len: len: 0x00200000
NOTICE:  BL2: dst=0x44100000 src=0x8200000 len=2097152(0x200000)
NOTICE:  rcar_file_len: len: 0x00100000
NOTICE:  BL2: dst=0x50000000 src=0x8640000 len=1048576(0x100000)
NOTICE:  BL2: Booting BL31


U-Boot 2020.10 (Dec 19 2023 - 14:30:40 +0000)

CPU: Renesas Electronics R8A7795 rev 3.0
Model: Renesas Salvator-X 2nd version board based on r8a77951
DRAM:  7.9 GiB
RAM Configuration:
Bank #0: 0x048000000 - 0x0bfffffff, 1.9 GiB
Bank #1: 0x500000000 - 0x57fffffff, 2 GiB
Bank #2: 0x600000000 - 0x67fffffff, 2 GiB
Bank #3: 0x700000000 - 0x77fffffff, 2 GiB

MMC:   sd@ee100000: 0, sd@ee140000: 1, sd@ee160000: 2
Loading Environment from MMC... OK
In:    serial@e6e88000
Out:   serial@e6e88000
Err:   serial@e6e88000
Net:   eth0: ethernet@e6800000
Hit any key to stop autoboot:  2  1  0 
ethernet@e6800000 Waiting for PHY auto negotiation to complete......... done
Using ethernet@e6800000 device
TFTP from server 192.168.10.98; our IP address is 192.168.10.107
Filename 'BV/PT3/boot_USB3H/Image'.
Load address: 0x48080000
Loading: *#################################################################
	 #################################################################
	 #################################################################
	 #################################################################
	 #################################################################
	 #################################################################
	 #################################################################
	 #################################################################
	 #################################################################
	 #################################################################
	 #################################################################
	 #################################################################
	 #################################################################
	 #################################################################
	 #################################################################
	 #################################################################
	 #################################################################
	 #################################################################
	 #################################################################
	 #################################################################
	 #################################################################
	 #################################################################
	 #################################################################
	 #################################################################
	 #################################################################
	 #################################################################
	 #################################################################
	 #################################################################
	 #################################################################
	 #################################################################
	 #################################################################
	 #################################################################
	 #################################################################
	 #################################################################
	 ##############################################
	 4 MiB/s
done
Bytes transferred = 33112576 (1f94200 hex)
Using ethernet@e6800000 device
TFTP from server 192.168.10.98; our IP address is 192.168.10.107
Filename 'BV/PT3/boot_USB3H/r8a77951-salvator-xs.dtb'.
Load address: 0x48000000
Loading: *#######
	 5.4 MiB/s
done
Bytes transferred = 90876 (162fc hex)
Moving Image from 0x48080000 to 0x48200000, end=4a220000
## Flattened Device Tree blob at 48000000
   Booting using the fdt blob at 0x48000000
   Loading Device Tree to 0000000053fe6000, end 0000000053fff2fb ... OK

Starting kernel ...

[    0.000000] Booting Linux on physical CPU 0x0000000000 [0x411fd073]
[    0.000000] Linux version 5.10.194-yocto-standard (thuan.nguyen-hong@banvien) (aarch64-poky-linux-gcc (GCC) 9.3.0, GNU ld (GNU Binutils) 2.34.0.20200220) #13 SMP PREEMPT Sat Feb 3 10:27:40 UTC 2024
[    0.000000] Machine model: Renesas Salvator-X 2nd version board based on r8a77951
[    0.000000] efi: UEFI not found.
[    0.000000] Reserved memory: created CMA memory pool at 0x0000000057000000, size 16 MiB
[    0.000000] OF: reserved mem: initialized node linux,adsp@57000000, compatible id shared-dma-pool
[    0.000000] Reserved memory: created CMA memory pool at 0x0000000058000000, size 384 MiB
[    0.000000] OF: reserved mem: initialized node linux,cma@58000000, compatible id shared-dma-pool
[    0.000000] Reserved memory: created CMA memory pool at 0x0000000070000000, size 256 MiB
[    0.000000] OF: reserved mem: initialized node linux,multimedia@70000000, compatible id shared-dma-pool
[    0.000000] NUMA: No NUMA configuration found
[    0.000000] NUMA: Faking a node at [mem 0x0000000048000000-0x000000077fffffff]
[    0.000000] NUMA: NODE_DATA [mem 0x77efdab00-0x77efdcfff]
[    0.000000] Zone ranges:
[    0.000000]   DMA      [mem 0x0000000048000000-0x000000007fffffff]
[    0.000000]   DMA32    [mem 0x0000000080000000-0x00000000ffffffff]
[    0.000000]   Normal   [mem 0x0000000100000000-0x000000077fffffff]
[    0.000000] Movable zone start for each node
[    0.000000] Early memory node ranges
[    0.000000]   node   0: [mem 0x0000000048000000-0x0000000053ffffff]
[    0.000000]   node   0: [mem 0x0000000054000000-0x0000000056ffffff]
[    0.000000]   node   0: [mem 0x0000000057000000-0x00000000bfffffff]
[    0.000000]   node   0: [mem 0x0000000500000000-0x000000057fffffff]
[    0.000000]   node   0: [mem 0x0000000600000000-0x000000067fffffff]
[    0.000000]   node   0: [mem 0x0000000700000000-0x000000077fffffff]
[    0.000000] Initmem setup node 0 [mem 0x0000000048000000-0x000000077fffffff]
[    0.000000] psci: probing for conduit method from DT.
[    0.000000] psci: PSCIv1.1 detected in firmware.
[    0.000000] psci: Using standard PSCI v0.2 function IDs
[    0.000000] psci: Trusted OS resident on physical CPU 0x0
[    0.000000] psci: SMC Calling Convention v1.2
[    0.000000] percpu: Embedded 23 pages/cpu s56984 r8192 d29032 u94208
[    0.000000] Detected PIPT I-cache on CPU0
[    0.000000] CPU features: detected: EL2 vector hardening
[    0.000000] CPU features: detected: Spectre-v2
[    0.000000] CPU features: detected: ARM errata 1165522, 1319367, or 1530923
[    0.000000] CPU features: detected: Spectre-BHB
[    0.000000] CPU features: detected: ARM erratum 1742098
[    0.000000] Built 1 zonelists, mobility grouping on.  Total pages: 2032128
[    0.000000] Policy zone: Normal
[    0.000000] Kernel command line: rw root=/dev/nfs nfsroot=192.168.10.98:/data/tftpboot/BV/PT3/rootfs_H3,nfsvers=4 ip=192.168.10.107
[    0.000000] Dentry cache hash table entries: 1048576 (order: 11, 8388608 bytes, linear)
[    0.000000] Inode-cache hash table entries: 524288 (order: 10, 4194304 bytes, linear)
[    0.000000] mem auto-init: stack:off, heap alloc:off, heap free:off
[    0.000000] software IO TLB: mapped [mem 0x000000004ffe6000-0x0000000053fe6000] (64MB)
[    0.000000] Memory: 7277096K/8257536K available (15104K kernel code, 2832K rwdata, 8204K rodata, 6080K init, 519K bss, 308696K reserved, 671744K cma-reserved)
[    0.000000] SLUB: HWalign=64, Order=0-3, MinObjects=0, CPUs=8, Nodes=1
[    0.000000] rcu: Preemptible hierarchical RCU implementation.
[    0.000000] rcu: 	RCU event tracing is enabled.
[    0.000000] rcu: 	RCU restricting CPUs from NR_CPUS=256 to nr_cpu_ids=8.
[    0.000000] 	Trampoline variant of Tasks RCU enabled.
[    0.000000] rcu: RCU calculated value of scheduler-enlistment delay is 25 jiffies.
[    0.000000] rcu: Adjusting geometry for rcu_fanout_leaf=16, nr_cpu_ids=8
[    0.000000] NR_IRQS: 64, nr_irqs: 64, preallocated irqs: 0
[    0.000000] arch_timer: cp15 timer(s) running at 8.32MHz (virt).
[    0.000000] clocksource: arch_sys_counter: mask: 0xffffffffffffff max_cycles: 0x1eb398c07, max_idle_ns: 440795202503 ns
[    0.000003] sched_clock: 56 bits at 8MHz, resolution 120ns, wraps every 2199023255503ns
[    0.000211] Console: colour dummy device 80x25
[    0.000417] printk: console [tty0] enabled
[    0.000493] Calibrating delay loop (skipped), value calculated using timer frequency.. 16.64 BogoMIPS (lpj=33280)
[    0.000508] pid_max: default: 32768 minimum: 301
[    0.000567] LSM: Security Framework initializing
[    0.000656] Mount-cache hash table entries: 16384 (order: 5, 131072 bytes, linear)
[    0.000707] Mountpoint-cache hash table entries: 16384 (order: 5, 131072 bytes, linear)
[    0.002207] rcu: Hierarchical SRCU implementation.
[    0.003820] Detected Renesas R-Car Gen3 r8a7795 ES3.0
[    0.005972] EFI services will not be available.
[    0.006324] smp: Bringing up secondary CPUs ...
[    0.006794] Detected PIPT I-cache on CPU1
[    0.006844] CPU1: Booted secondary processor 0x0000000001 [0x411fd073]
[    0.007334] Detected PIPT I-cache on CPU2
[    0.007360] CPU2: Booted secondary processor 0x0000000002 [0x411fd073]
[    0.007785] Detected PIPT I-cache on CPU3
[    0.007809] CPU3: Booted secondary processor 0x0000000003 [0x411fd073]
[    0.008284] CPU features: detected: ARM erratum 845719
[    0.008296] Detected VIPT I-cache on CPU4
[    0.008343] CPU4: Booted secondary processor 0x0000000100 [0x410fd034]
[    0.008827] Detected VIPT I-cache on CPU5
[    0.008853] CPU5: Booted secondary processor 0x0000000101 [0x410fd034]
[    0.009295] Detected VIPT I-cache on CPU6
[    0.009323] CPU6: Booted secondary processor 0x0000000102 [0x410fd034]
[    0.009768] Detected VIPT I-cache on CPU7
[    0.009797] CPU7: Booted secondary processor 0x0000000103 [0x410fd034]
[    0.009876] smp: Brought up 1 node, 8 CPUs
[    0.009937] SMP: Total of 8 processors activated.
[    0.009945] CPU features: detected: 32-bit EL0 Support
[    0.009952] CPU features: detected: CRC32 instructions
[    0.009959] CPU features: detected: 32-bit EL1 Support
[    0.023545] CPU: All CPU(s) started at EL1
[    0.023600] alternatives: patching kernel code
[    0.024819] devtmpfs: initialized
[    0.031624] KASLR disabled due to lack of seed
[    0.031781] clocksource: jiffies: mask: 0xffffffff max_cycles: 0xffffffff, max_idle_ns: 7645041785100000 ns
[    0.031801] futex hash table entries: 2048 (order: 5, 131072 bytes, linear)
[    0.040893] pinctrl core: initialized pinctrl subsystem
[    0.042429] DMI not present or invalid.
[    0.042948] NET: Registered protocol family 16
[    0.043896] DMA: preallocated 1024 KiB GFP_KERNEL pool for atomic allocations
[    0.044113] DMA: preallocated 1024 KiB GFP_KERNEL|GFP_DMA pool for atomic allocations
[    0.044407] DMA: preallocated 1024 KiB GFP_KERNEL|GFP_DMA32 pool for atomic allocations
[    0.044450] audit: initializing netlink subsys (disabled)
[    0.044606] audit: type=2000 audit(0.044:1): state=initialized audit_enabled=0 res=1
[    0.045791] thermal_sys: Registered thermal governor 'power_allocator'
[    0.046320] cpuidle: using governor menu
[    0.046498] hw-breakpoint: found 6 breakpoint and 4 watchpoint registers.
[    0.046625] ASID allocator initialised with 65536 entries
[    0.047946] Serial: AMBA PL011 UART driver
[    0.090711] sh-pfc e6060000.pinctrl: r8a77951_pfc support registered
[    0.105443] HugeTLB registered 1.00 GiB page size, pre-allocated 0 pages
[    0.105461] HugeTLB registered 32.0 MiB page size, pre-allocated 0 pages
[    0.105469] HugeTLB registered 2.00 MiB page size, pre-allocated 0 pages
[    0.105476] HugeTLB registered 64.0 KiB page size, pre-allocated 0 pages
[    0.106443] cryptd: max_cpu_qlen set to 1000
[    0.108770] ACPI: Interpreter disabled.
[    0.112638] rcar-avs: use avs value: 0
[    0.112655] rcar-avs: cpu@0 is running with: opp_table0
[    0.112666] rcar-avs: cpu@1 is running with: opp_table0
[    0.112675] rcar-avs: cpu@2 is running with: opp_table0
[    0.112684] rcar-avs: cpu@3 is running with: opp_table0
[    0.112775] rcar-avs: gsx@fd000000 is running with: gsx_opp_table0
[    0.114194] iommu: Default domain type: Translated 
[    0.114780] ipmmu-vmsa e67b0000.iommu: IPMMU context 0 is reserved
[    0.115799] vgaarb: loaded
[    0.116002] SCSI subsystem initialized
[    0.116264] usbcore: registered new interface driver usbfs
[    0.116295] usbcore: registered new interface driver hub
[    0.116322] usbcore: registered new device driver usb
[    0.119846] i2c-sh_mobile e60b0000.i2c: I2C adapter 7, bus speed 400000 Hz
[    0.120408] mc: Linux media interface: v0.10
[    0.120431] videodev: Linux video capture interface: v2.00
[    0.120479] pps_core: LinuxPPS API ver. 1 registered
[    0.120486] pps_core: Software ver. 5.3.6 - Copyright 2005-2007 Rodolfo Giometti <giometti@linux.it>
[    0.120500] PTP clock support registered
[    0.120673] EDAC MC: Ver: 3.0.0
[    0.122659] FPGA manager framework
[    0.122720] Advanced Linux Sound Architecture Driver Initialized.
[    0.123312] clocksource: Switched to clocksource arch_sys_counter
[    0.123464] VFS: Disk quotas dquot_6.6.0
[    0.123512] VFS: Dquot-cache hash table entries: 512 (order 0, 4096 bytes)
[    0.123647] pnp: PnP ACPI: disabled
[    0.127220] NET: Registered protocol family 2
[    0.127661] IP idents hash table entries: 131072 (order: 8, 1048576 bytes, linear)
[    0.129940] tcp_listen_portaddr_hash hash table entries: 4096 (order: 4, 65536 bytes, linear)
[    0.130018] TCP established hash table entries: 65536 (order: 7, 524288 bytes, linear)
[    0.130305] TCP bind hash table entries: 65536 (order: 8, 1048576 bytes, linear)
[    0.130919] TCP: Hash tables configured (established 65536 bind 65536)
[    0.131049] UDP hash table entries: 4096 (order: 5, 131072 bytes, linear)
[    0.131166] UDP-Lite hash table entries: 4096 (order: 5, 131072 bytes, linear)
[    0.131414] NET: Registered protocol family 1
[    0.131774] RPC: Registered named UNIX socket transport module.
[    0.131786] RPC: Registered udp transport module.
[    0.131791] RPC: Registered tcp transport module.
[    0.131797] RPC: Registered tcp NFSv4.1 backchannel transport module.
[    0.131810] PCI: CLS 0 bytes, default 64
[    0.132772] hw perfevents: enabled with armv8_cortex_a53 PMU driver, 7 counters available
[    0.133050] hw perfevents: enabled with armv8_cortex_a57 PMU driver, 7 counters available
[    0.133714] kvm [1]: HYP mode not available
[    0.136631] Initialise system trusted keyrings
[    0.136783] workingset: timestamp_bits=42 max_order=21 bucket_order=0
[    0.139906] squashfs: version 4.0 (2009/01/31) Phillip Lougher
[    0.140313] NFS: Registering the id_resolver key type
[    0.140344] Key type id_resolver registered
[    0.140351] Key type id_legacy registered
[    0.140407] nfs4filelayout_init: NFSv4 File Layout Driver Registering...
[    0.140416] nfs4flexfilelayout_init: NFSv4 Flexfile Layout Driver Registering...
[    0.140523] 9p: Installing v9fs 9p2000 file system support
[    0.166694] Key type asymmetric registered
[    0.166708] Asymmetric key parser 'x509' registered
[    0.166742] Block layer SCSI generic (bsg) driver version 0.4 loaded (major 243)
[    0.166753] io scheduler mq-deadline registered
[    0.166764] io scheduler kyber registered
[    0.183073] gpio_rcar e6050000.gpio: driving 16 GPIOs
[    0.183388] gpio_rcar e6051000.gpio: driving 29 GPIOs
[    0.183647] gpio_rcar e6052000.gpio: driving 15 GPIOs
[    0.183938] gpio_rcar e6053000.gpio: driving 16 GPIOs
[    0.184192] gpio_rcar e6054000.gpio: driving 18 GPIOs
[    0.184445] gpio_rcar e6055000.gpio: driving 26 GPIOs
[    0.184729] gpio_rcar e6055400.gpio: driving 32 GPIOs
[    0.185080] gpio_rcar e6055800.gpio: driving 4 GPIOs
[    0.188050] rcar-pcie fe000000.pcie: host bridge /soc/pcie@fe000000 ranges:
[    0.188081] rcar-pcie fe000000.pcie:       IO 0x00fe100000..0x00fe1fffff -> 0x0000000000
[    0.188104] rcar-pcie fe000000.pcie:      MEM 0x00fe200000..0x00fe3fffff -> 0x00fe200000
[    0.188122] rcar-pcie fe000000.pcie:      MEM 0x0030000000..0x0037ffffff -> 0x0030000000
[    0.188140] rcar-pcie fe000000.pcie:      MEM 0x0038000000..0x003fffffff -> 0x0038000000
[    0.188158] rcar-pcie fe000000.pcie:   IB MEM 0x0040000000..0x007fffffff -> 0x0040000000
[    0.188206] rcar-pcie fe000000.pcie: no pcie3v3 regulator found
[    0.188217] rcar-pcie fe000000.pcie: no pcie1v8 regulator found
[    0.259008] rcar-pcie fe000000.pcie: PCIe link down
[    0.259177] rcar-pcie ee800000.pcie: host bridge /soc/pcie@ee800000 ranges:
[    0.259200] rcar-pcie ee800000.pcie:       IO 0x00ee900000..0x00ee9fffff -> 0x0000000000
[    0.259220] rcar-pcie ee800000.pcie:      MEM 0x00eea00000..0x00eebfffff -> 0x00eea00000
[    0.259237] rcar-pcie ee800000.pcie:      MEM 0x00c0000000..0x00c7ffffff -> 0x00c0000000
[    0.259251] rcar-pcie ee800000.pcie:      MEM 0x00c8000000..0x00cfffffff -> 0x00c8000000
[    0.259267] rcar-pcie ee800000.pcie:   IB MEM 0x0040000000..0x007fffffff -> 0x0040000000
[    0.259314] rcar-pcie ee800000.pcie: no pcie3v3 regulator found
[    0.259324] rcar-pcie ee800000.pcie: no pcie1v8 regulator found
[    0.327003] rcar-pcie ee800000.pcie: PCIe link down
[    0.329458] EINJ: ACPI disabled.
[    0.363692] Serial: 8250/16550 driver, 4 ports, IRQ sharing enabled
[    0.366154] SuperH (H)SCI(F) driver initialized
[    0.366583] e6550000.serial: ttySC1 at MMIO 0xe6550000 (irq = 42, base_baud = 0) is a hscif
[    0.367348] e6e88000.serial: ttySC0 at MMIO 0xe6e88000 (irq = 128, base_baud = 0) is a scif
[    1.571918] printk: console [ttySC0] enabled
[    1.577293] msm_serial: driver initialized
[    1.587700] rcar-dw-hdmi fead0000.hdmi: Detected HDMI TX controller v2.01a with HDCP (DWC HDMI 2.0 TX PHY)
[    1.597608] rcar-dw-hdmi fead0000.hdmi: registered DesignWare HDMI I2C bus driver
[    1.605878] rcar-dw-hdmi feae0000.hdmi: Detected HDMI TX controller v2.01a with HDCP (DWC HDMI 2.0 TX PHY)
[    1.615782] rcar-dw-hdmi feae0000.hdmi: registered DesignWare HDMI I2C bus driver
[    1.631534] loop: module loaded
[    1.636141] megasas: 07.714.04.00-rc1
[    1.641941] scsi host0: sata_rcar
[    1.645424] ata1: SATA max UDMA/133 irq 181
[    1.654857] tun: Universal TUN/TAP device driver, 1.6
[    1.660854] thunder_xcv, ver 1.0
[    1.664117] thunder_bgx, ver 1.0
[    1.667365] nicpf, ver 1.0
[    1.671491] hclge is initializing
[    1.674821] hns3: Hisilicon Ethernet Network Driver for Hip08 Family - version
[    1.682044] hns3: Copyright (c) 2017 Huawei Corporation.
[    1.687383] e1000: Intel(R) PRO/1000 Network Driver
[    1.692262] e1000: Copyright (c) 1999-2006 Intel Corporation.
[    1.698029] e1000e: Intel(R) PRO/1000 Network Driver
[    1.702994] e1000e: Copyright(c) 1999 - 2015 Intel Corporation.
[    1.708937] igb: Intel(R) Gigabit Ethernet Network Driver
[    1.714337] igb: Copyright (c) 2007-2014 Intel Corporation.
[    1.719923] igbvf: Intel(R) Gigabit Virtual Function Network Driver
[    1.726195] igbvf: Copyright (c) 2009 - 2012 Intel Corporation.
[    1.732526] sky2: driver version 1.30
[    1.740128] ravb e6800000.ethernet eth0: Base address at 0xe6800000, 2e:09:0a:06:d4:ee, IRQ 125.
[    1.750374] VFIO - User Level meta-driver version: 0.3
[    1.757520] ehci_hcd: USB 2.0 'Enhanced' Host Controller (EHCI) Driver
[    1.764068] ehci-pci: EHCI PCI platform driver
[    1.768534] ehci-platform: EHCI generic platform driver
[    1.774165] ehci-platform ee0a0100.usb: EHCI Host Controller
[    1.779849] ehci-platform ee0a0100.usb: new USB bus registered, assigned bus number 1
[    1.787775] ehci-platform ee0a0100.usb: irq 175, io mem 0xee0a0100
[    1.807314] ehci-platform ee0a0100.usb: USB 2.0 started, EHCI 1.10
[    1.813841] hub 1-0:1.0: USB hub found
[    1.817611] hub 1-0:1.0: 1 port detected
[    1.822033] ehci-platform ee0c0100.usb: EHCI Host Controller
[    1.827708] ehci-platform ee0c0100.usb: new USB bus registered, assigned bus number 2
[    1.835599] ehci-platform ee0c0100.usb: irq 176, io mem 0xee0c0100
[    1.855310] ehci-platform ee0c0100.usb: USB 2.0 started, EHCI 1.10
[    1.861772] hub 2-0:1.0: USB hub found
[    1.865543] hub 2-0:1.0: 1 port detected
[    1.895349] ehci-platform ee0e0100.usb: EHCI Host Controller
[    1.901025] ehci-platform ee0e0100.usb: new USB bus registered, assigned bus number 3
[    1.908915] ehci-platform ee0e0100.usb: irq 177, io mem 0xee0e0100
[    1.927309] ehci-platform ee0e0100.usb: USB 2.0 started, EHCI 1.10
[    1.933749] hub 3-0:1.0: USB hub found
[    1.937517] hub 3-0:1.0: 1 port detected
[    1.941896] ehci-orion: EHCI orion driver
[    1.946163] ehci-exynos: EHCI Exynos driver
[    1.950465] ohci_hcd: USB 1.1 'Open' Host Controller (OHCI) Driver
[    1.956660] ohci-pci: OHCI PCI platform driver
[    1.961144] ohci-platform: OHCI generic platform driver
[    1.966676] ohci-platform ee0a0000.usb: Generic Platform OHCI controller
[    1.973395] ohci-platform ee0a0000.usb: new USB bus registered, assigned bus number 4
[    1.981272] ohci-platform ee0a0000.usb: irq 175, io mem 0xee0a0000
[    2.063317] ata1: link resume succeeded after 1 retries
[    2.077580] hub 4-0:1.0: USB hub found
[    2.081350] hub 4-0:1.0: 1 port detected
[    2.085691] ohci-platform ee0c0000.usb: Generic Platform OHCI controller
[    2.092404] ohci-platform ee0c0000.usb: new USB bus registered, assigned bus number 5
[    2.100275] ohci-platform ee0c0000.usb: irq 176, io mem 0xee0c0000
[    2.174836] ata1: SATA link down (SStatus 0 SControl 300)
[    2.193585] hub 5-0:1.0: USB hub found
[    2.197358] hub 5-0:1.0: 1 port detected
[    2.201691] ohci-platform ee0e0000.usb: Generic Platform OHCI controller
[    2.208405] ohci-platform ee0e0000.usb: new USB bus registered, assigned bus number 6
[    2.216278] ohci-platform ee0e0000.usb: irq 177, io mem 0xee0e0000
[    2.309583] hub 6-0:1.0: USB hub found
[    2.313350] hub 6-0:1.0: 1 port detected
[    2.317700] ohci-exynos: OHCI Exynos driver
[    2.322136] usbcore: registered new interface driver usb-storage
[    2.329834] renesas_usbhs e6590000.usb: host probed
[    2.334725] renesas_usbhs e6590000.usb: no transceiver found
[    2.340452] renesas_usbhs e6590000.usb: gadget probed
[    2.345675] renesas_usbhs e6590000.usb: probed
[    2.350576] renesas_usbhs e659c000.usb: host probed
[    2.355472] renesas_usbhs e659c000.usb: no transceiver found
[    2.361190] renesas_usbhs e659c000.usb: gadget probed
[    2.366394] renesas_usbhs e659c000.usb: probed
[    2.373344] i2c /dev entries driver
[    2.387911] cs2000-cp 2-004f: revision - C1
[    2.392155] i2c-rcar e6510000.i2c: probed
[    2.396986] pca953x 4-0020: supply vcc not found, using dummy regulator
[    2.403686] pca953x 4-0020: using no AI
[    2.408357] gpio-355 (PCIE/SATA switch): hogged as output/low
[    2.420635] i2c-rcar e66d8000.i2c: probed
[    2.425946] adv748x 4-0070: Endpoint /soc/i2c@e66d8000/video-receiver@70/port@7/endpoint on port 7
[    2.434928] adv748x 4-0070: Endpoint /soc/i2c@e66d8000/video-receiver@70/port@8/endpoint on port 8
[    2.443899] adv748x 4-0070: Endpoint /soc/i2c@e66d8000/video-receiver@70/port@a/endpoint on port 10
[    2.452962] adv748x 4-0070: Endpoint /soc/i2c@e66d8000/video-receiver@70/port@b/endpoint on port 11
[    2.462346] adv748x 4-0070: chip found @ 0xe0 revision 2143
[    2.516048] rcar-csi2 fea80000.csi2: 1 lanes found
[    2.521191] rcar-csi2 feaa0000.csi2: 4 lanes found
[    2.530788] rcar-vin e6ef0000.video: Device registered as video0
[    2.536868] rcar-vin e6ef1000.video: Device registered as video1
[    2.542943] rcar-vin e6ef2000.video: Device registered as video2
[    2.549013] rcar-vin e6ef3000.video: Device registered as video3
[    2.555079] rcar-vin e6ef4000.video: Device registered as video4
[    2.561156] rcar-vin e6ef5000.video: Device registered as video5
[    2.567239] rcar-vin e6ef6000.video: Device registered as video6
[    2.573312] rcar-vin e6ef7000.video: Device registered as video7
[    2.582055] rcar_gen3_thermal e6198000.thermal: is using FUSE values
[    2.593151] rcar_gen3_thermal e6198000.thermal: TSC0: Loaded 1 trip points
[    2.604391] rcar_gen3_thermal e6198000.thermal: TSC1: Loaded 1 trip points
[    2.615552] rcar_gen3_thermal e6198000.thermal: TSC2: Loaded 3 trip points
[    2.627613] sdhci: Secure Digital Host Controller Interface driver
[    2.633804] sdhci: Copyright(c) Pierre Ossman
[    2.638982] Synopsys Designware Multimedia Card Interface Driver
[    2.639407] renesas_sdhi_internal_dmac ee140000.mmc: Adding to iommu group 0
[    2.639423] renesas_sdhi_internal_dmac ee100000.mmc: Got CD GPIO
[    2.639442] renesas_sdhi_internal_dmac ee100000.mmc: Got WP GPIO
[    2.639638] renesas_sdhi_internal_dmac ee160000.mmc: Got CD GPIO
[    2.639666] renesas_sdhi_internal_dmac ee160000.mmc: Got WP GPIO
[    2.646339] sdhci-pltfm: SDHCI platform and OF driver helper
[    2.652065] renesas_sdhi_internal_dmac ee140000.mmc: Using IPMMU context 1
[    2.688932] ledtrig-cpu: registered to indicate activity on CPUs
[    2.695952] SMCCC: SOC_ID: ARCH_SOC_ID not implemented, skipping ....
[    2.702984] usbcore: registered new interface driver usbhid
[    2.708562] usbhid: USB HID core driver
[    2.716206] optee: probing for conduit method.
[    2.720679] optee: revision 3.22 (314ecf9d)
[    2.721083] optee driver R-Car Rev.1.0.11
[    2.729601] optee: dynamic shared memory is enabled
[    2.734748] optee: initialized driver
[    2.737506] renesas_sdhi_internal_dmac ee140000.mmc: mmc0 base at 0x00000000ee140000, max clock rate 200 MHz
[    2.749090] rcar_sound ec500000.sound: probed
[    2.754176] NET: Registered protocol family 17
[    2.758746] 9pnet: Installing 9P2000 support
[    2.763069] Key type dns_resolver registered
[    2.767737] registered taskstats version 1
[    2.771848] Loading compiled-in X.509 certificates
[    2.786813] thermal emergency: set temperature to 110 celsius
[    2.792788] thermal emergency: shutdown target cpus 1-7
[    2.798041] thermal emergency: freq scaled target cpus 0
[    2.803732] renesas_irqc e61c0000.interrupt-controller: driving 6 irqs
[    2.834114] mmc0: new HS400 MMC card at address 0001
[    2.839772] mmcblk0: mmc0:0001 BGSD4R 29.1 GiB 
[    2.844721] mmcblk0boot0: mmc0:0001 BGSD4R partition 1 31.9 MiB
[    2.851037] mmcblk0boot1: mmc0:0001 BGSD4R partition 2 31.9 MiB
[    2.857000] ehci-platform ee080100.usb: EHCI Host Controller
[    2.862686] ehci-platform ee080100.usb: new USB bus registered, assigned bus number 7
[    2.870646] ehci-platform ee080100.usb: irq 174, io mem 0xee080100
[    2.876904] mmcblk0rpmb: mmc0:0001 BGSD4R partition 3 4.00 MiB, chardev (509:0)
[    2.885970]  mmcblk0: p1
[    2.891320] ehci-platform ee080100.usb: USB 2.0 started, EHCI 1.10
[    2.898404] hub 7-0:1.0: USB hub found
[    2.902182] hub 7-0:1.0: 1 port detected
[    2.907766] ohci-platform ee080000.usb: Generic Platform OHCI controller
[    2.914492] ohci-platform ee080000.usb: new USB bus registered, assigned bus number 8
[    2.922394] ohci-platform ee080000.usb: irq 174, io mem 0xee080000
[    3.017730] hub 8-0:1.0: USB hub found
[    3.021506] hub 8-0:1.0: 1 port detected
[    3.026772] cpu cpu0: EM: created perf domain
[    3.031723] cpu cpu4: EM: created perf domain
[    3.039757] renesas_sdhi_internal_dmac ee100000.mmc: Got CD GPIO
[    3.042651] renesas_sdhi_internal_dmac ee160000.mmc: Got CD GPIO
[    3.045887] renesas_sdhi_internal_dmac ee100000.mmc: Got WP GPIO
[    3.046289] [drm] Initialized rcar-du 1.0.0 20130110 for feb00000.display on minor 0
[    3.046292] [drm] Device feb00000.display probed
[    3.051927] renesas_sdhi_internal_dmac ee160000.mmc: Got WP GPIO
[    3.106321] renesas_sdhi_internal_dmac ee100000.mmc: mmc1 base at 0x00000000ee100000, max clock rate 200 MHz
[    3.116158] Console: switching to colour frame buffer device 128x48
[    3.125679] renesas_sdhi_internal_dmac ee160000.mmc: mmc2 base at 0x00000000ee160000, max clock rate 200 MHz
[    3.158410] rcar-du feb00000.display: [drm] fb0: rcar-dudrmfb frame buffer device
[    3.171077] input: keys as /devices/platform/keys/input/input0
[    3.250591] Micrel KSZ9031 Gigabit PHY e6800000.ethernet-ffffffff:00: attached PHY driver [Micrel KSZ9031 Gigabit PHY] (mii_bus:phy_addr=e6800000.ethernet-ffffffff:00, irq=183)
[    9.873497] ravb e6800000.ethernet eth0: Link is Up - 1Gbps/Full - flow control off
[    9.899332] IP-Config: Guessing netmask 255.255.255.0
[    9.904490] IP-Config: Complete:
[    9.907801]      device=eth0, hwaddr=2e:09:0a:06:d4:ee, ipaddr=192.168.10.107, mask=255.255.255.0, gw=255.255.255.255
[    9.918616]      host=192.168.10.107, domain=, nis-domain=(none)
[    9.924744]      bootserver=255.255.255.255, rootserver=192.168.10.98, rootpath=
[    9.925357] ALSA device list:
[    9.935973]   No soundcards found.
[   10.940909] VFS: Mounted root (nfs4 filesystem) on device 0:22.
[   10.947513] devtmpfs: mounted
[   10.954686] Freeing unused kernel memory: 6080K
[   10.975544] Run /sbin/init as init process
[   11.132270] systemd[1]: System time before build time, advancing clock.
[   11.576362] NET: Registered protocol family 10
[   11.584859] Segment Routing with IPv6
[   11.613630] systemd[1]: systemd 244 running in system mode. (+PAM -AUDIT -SELINUX +IMA -APPARMOR -SMACK +SYSVINIT +UTMP -LIBCRYPTSETUP -GCRYPT -GNUTLS +ACL +XZ -LZ4 -SECCOMP +BLKID -ELFUTILS +KMOD -IDN2 -IDN -PCRE2 default-hierarchy=hybrid)
[   11.642236] systemd[1]: Detected architecture arm64.

Welcome to [1mPoky (Yocto Project Reference Distro) 3.1.11 (dunfell)[0m!

[   11.681651] systemd[1]: Set hostname to <salvator-x>.
[   11.979368] random: crng init done
[   12.507613] systemd[1]: system-getty.slice: unit configures an IP firewall, but the local system does not support BPF/cgroup firewalling.
[   12.528757] systemd[1]: (This warning is only shown for the first unit using IP firewalling.)
[   12.543901] systemd[1]: Created slice system-getty.slice.
[[0;32m  OK  [0m] Created slice [0;1;39msystem-getty.slice[0m.
[   12.572562] systemd[1]: Created slice system-serial\x2dgetty.slice.
[[0;32m  OK  [0m] Created slice [0;1;39msystem-serial\x2dgetty.slice[0m.
[   12.596625] systemd[1]: Created slice User and Session Slice.
[[0;32m  OK  [0m] Created slice [0;1;39mUser and Session Slice[0m.
[   12.619830] systemd[1]: Started Dispatch Password Requests to Console Directory Watch.
[[0;32m  OK  [0m] Started [0;1;39mDispatch Password â€¦ts to Console Directory Watch[0m.
[   12.647757] systemd[1]: Started Forward Password Requests to Wall Directory Watch.
[[0;32m  OK  [0m] Started [0;1;39mForward Password Râ€¦uests to Wall Directory Watch[0m.
[   12.675603] systemd[1]: Reached target Paths.
[[0;32m  OK  [0m] Reached target [0;1;39mPaths[0m.
[   12.699473] systemd[1]: Reached target Remote File Systems.
[[0;32m  OK  [0m] Reached target [0;1;39mRemote File Systems[0m.
[   12.723445] systemd[1]: Reached target Slices.
[[0;32m  OK  [0m] Reached target [0;1;39mSlices[0m.
[   12.747474] systemd[1]: Reached target Swap.
[[0;32m  OK  [0m] Reached target [0;1;39mSwap[0m.
[   12.774451] systemd[1]: Listening on RPCbind Server Activation Socket.
[[0;32m  OK  [0m] Listening on [0;1;39mRPCbind Server Activation Socket[0m.
[   12.803540] systemd[1]: Reached target RPC Port Mapper.
[[0;32m  OK  [0m] Reached target [0;1;39mRPC Port Mapper[0m.
[   12.827888] systemd[1]: Listening on initctl Compatibility Named Pipe.
[[0;32m  OK  [0m] Listening on [0;1;39minitctl Compatibility Named Pipe[0m.
[   12.857738] systemd[1]: Listening on Journal Audit Socket.
[[0;32m  OK  [0m] Listening on [0;1;39mJournal Audit Socket[0m.
[   12.885211] systemd[1]: Listening on Journal Socket (/dev/log).
[[0;32m  OK  [0m] Listening on [0;1;39mJournal Socket (/dev/log)[0m.
[   12.912217] systemd[1]: Listening on Journal Socket.
[[0;32m  OK  [0m] Listening on [0;1;39mJournal Socket[0m.
[   12.937787] systemd[1]: Listening on Network Service Netlink Socket.
[[0;32m  OK  [0m] Listening on [0;1;39mNetwork Service Netlink Socket[0m.
[   12.966491] systemd[1]: Listening on udev Control Socket.
[[0;32m  OK  [0m] Listening on [0;1;39mudev Control Socket[0m.
[   12.991991] systemd[1]: Listening on udev Kernel Socket.
[[0;32m  OK  [0m] Listening on [0;1;39mudev Kernel Socket[0m.
[   13.021143] systemd[1]: Mounting Huge Pages File System...
         Mounting [0;1;39mHuge Pages File System[0m...
[   13.048799] systemd[1]: Mounting POSIX Message Queue File System...
         Mounting [0;1;39mPOSIX Message Queue File System[0m...
[   13.080634] systemd[1]: Mounting Kernel Debug File System...
         Mounting [0;1;39mKernel Debug File System[0m...
[   13.112749] systemd[1]: Mounting Temporary Directory (/tmp)...
         Mounting [0;1;39mTemporary Directory (/tmp)[0m...
[   13.141892] systemd[1]: Starting Create list of static device nodes for the current kernel...
         Starting [0;1;39mCreate list of stâ€¦odes for the current kernel[0m...
[   13.176544] systemd[1]: Starting Start psplash boot splash screen...
         Starting [0;1;39mStart psplash boot splash screen[0m...
[   13.210669] systemd[1]: Starting RPC Bind...
         Starting [0;1;39mRPC Bind[0m...
[   13.233366] systemd[1]: Condition check resulted in File System Check on Root Device being skipped.
[   13.249632] systemd[1]: Starting Journal Service...
         Starting [0;1;39mJournal Service[0m...
[   13.275149] systemd[1]: Starting Load Kernel Modules...
         Starting [0;1;39mLoad Kernel Modules[0m...
[   13.301491] systemd[1]: Starting Remount Root and Kernel File Systems...
         Starting [0;1;39mRemount Root and Kernel File Systems[0m...
[   13.328677] systemd[1]: Starting udev Coldplug all Devices...
         Starting [0;1;39mudev Coldplug all Devices[0m...
[   13.353387] systemd[1]: Started Start psplash boot splash screen.
[[0;32m  OK  [0m] Started [0;1;39mStart psplash boot splash screen[0m.
[   13.376396] systemd[1]: Started RPC Bind.
[[0;32m  OK  [0m] Started [0;1;39mRPC Bind[0m.
[   13.396464] systemd[1]: Started Journal Service.
[[0;32m  OK  [0m] Started [0;1;39mJournal Service[0m.
[[0;32m  OK  [0m] Mounted [0;1;39mHuge Pages File System[0m.
[[0;32m  OK  [0m] Mounted [0;1;39mPOSIX Message Queue File System[0m.
[[0;32m  OK  [0m] Mounted [0;1;39mKernel Debug File System[0m.
[[0;32m  OK  [0m] Mounted [0;1;39mTemporary Directory (/tmp)[0m.
[[0;32m  OK  [0m] Started [0;1;39mCreate list of staâ€¦ nodes for the current kernel[0m.
[[0;32m  OK  [0m] Started [0;1;39mLoad Kernel Modules[0m.
[[0;32m  OK  [0m] Started [0;1;39mRemount Root and Kernel File Systems[0m.
         Mounting [0;1;39mKernel Configuration File System[0m...
[[0;32m  OK  [0m] Started [0;1;39mStart psplash-systâ€¦progress communication helper[0m.
         Starting [0;1;39mFlush Journal to Persistent Storage[0m...
         Starting [0;1;39mApply Kernel Variables[0m...[   13.625690] systemd-journald[353]: Received client request to flush runtime journal.

         Starting [0;1;39mCreate Static Device Nodes in /dev[0m...
[[0;32m  OK  [0m] Mounted [0;1;39mKernel Configuration File System[0m.
[[0;32m  OK  [0m] Started [0;1;39mFlush Journal to Persistent Storage[0m.
[[0;32m  OK  [0m] Started [0;1;39mApply Kernel Variables[0m.
[[0;32m  OK  [0m] Started [0;1;39mCreate Static Device Nodes in /dev[0m.
[[0;32m  OK  [0m] Reached target [0;1;39mLocal File Systems (Pre)[0m.
         Mounting [0;1;39m/var/volatile[0m...
         Starting [0;1;39mudev Kernel Device Manager[0m...
[[0;32m  OK  [0m] Mounted [0;1;39m/var/volatile[0m.
         Starting [0;1;39mLoad/Save Random Seed[0m...
[[0;32m  OK  [0m] Reached target [0;1;39mLocal File Systems[0m.
         Starting [0;1;39mCreate Volatile Files and Directories[0m...
[[0;32m  OK  [0m] Started [0;1;39mLoad/Save Random Seed[0m.
[[0;32m  OK  [0m] Started [0;1;39mudev Kernel Device Manager[0m.
[[0;32m  OK  [0m] Started [0;1;39mudev Coldplug all Devices[0m.
         Starting [0;1;39mNetwork Service[0m...
[[0;32m  OK  [0m] Started [0;1;39mCreate Volatile Files and Directories[0m.
         Starting [0;1;39mNetwork Time Synchronization[0m...
         Starting [0;1;39mUpdate UTMP about System Boot/Shutdown[0m...
[[0;32m  OK  [0m] Started [0;1;39mNetwork Service[0m.
         Starting [0;1;39mNetwork Name Resolution[0m...
[[0;32m  OK  [0m] Started [0;1;39mUpdate UTMP about System Boot/Shutdown[0m.
[[0;32m  OK  [0m] Started [0;1;39mNetwork Time Synchronization[0m.
[   14.224236] pwm-backlight: probe of backlight failed with error -16
[[0;32m  OK  [0m] Reached target [0;1;39mSystem Initialization[0m.
[[0;32m  OK  [0m] Started [0;1;39mDaily Cleanup of Temporary Directories[0m.
[[0;32m  OK  [0m] Reached targ[   14.273169] at24 7-0050: supply vcc not found, using dummy regulator
et [0;1;39mSystem Time Set[0m.[   14.282304] at24 7-0050: 128 byte br24t01 EEPROM, writable, 8 bytes/write

[[0;32m  OK  [0m] Reached target [0;1;39mSystem Time Synchronized[0m.
[[0;32m  OK  [0m] Reached target [0;1;39mTimers[0m.
[[0;32m  OK  [0m] Reached target [0;1;39mHardware activated USB gadget[0m.
[[0;32m  OK  [0m] Listening on [0;1;39mAvahi mDNS/DNS-SD Stack Activation Socket[0m.
[[0;32m  OK  [0m] Listening on [0;1;39mD-Bus System Message Bus Socket[0m.
[[0;32m  OK  [0m] Listening on [0;1;39mdropbear.socket[0m.
[[0;32m  OK  [0m] Reached target [0;1;39mSockets[0m.
[   14.440141] renesas_usb3 ee020000.usb: probed with phy
[[0;32m  OK  [0m] Reached target [0;1;39mBasic System[0m.
[[0;32m  OK  [0m] Started [0;1;39mD-Bus System Message Bus[0m.
[[0;32m  OK  [0m] Started [0;1;39moptee services[0m.
[   14.503180] ccree e6601000.crypto: ARM CryptoCell 630P Driver: HW version 0xAF400001/0xDCC63000, Driver version 5.0
         Starting [0;1;39mpvrinit.service[0m...
[   14.553411] xhci-hcd ee000000.usb: xHCI Host Controller
[   14.562033] xhci-hcd ee000000.usb: new USB bus registered, assigned bus number 9
         Starting [0;1;39mPowerVR consumer services[0m...
[   14.586900] xhci-hcd ee000000.usb: hcc params 0x014051ce hci version 0x100 quirks 0x0000000000830410
[   14.592549] ccree e6601000.crypto: ARM ccree device initialized
[   14.596241] xhci-hcd ee000000.usb: irq 172, io mem 0xee000000
[   14.608183] xhci-hcd ee000000.usb: xHCI Host Controller
[   14.613572] xhci-hcd ee000000.usb: new USB bus registered, assigned bus number 10
[   14.621195] xhci-hcd ee000000.usb: Host supports USB 3.0 SuperSpeed
[   14.628295] hub 9-0:1.0: USB hub found
[   14.632224] hub 9-0:1.0: 1 port detected
[   14.640409] usb usb10: We don't know the algorithms for LPM for this host, disabling LPM.
         Startin[   14.649425] hub 10-0:1.0: USB hub found
g [0;1;39mLogin Service[0m...[   14.655934] hub 10-0:1.0: 1 port detected

[[0;32m  OK  [0m] Started [0;1;39mNetwork Name Resolution[0m.
[[0;1;31mFAILED[0m] Failed to start [0;1;39mpvrinit.service[0m.
See 'systemctl status pvrinit.service' for details.
[[0;1;31mFAILED[0m] Failed to start [0;1;39mPowerVR consumer services[0m.
See 'systemctl status rc.pvr.service' for details.
[[0;32m  OK  [0m] Started [0;1;39mLogin Service[0m.
[[0;32m  OK  [0m] Created slice [0;1;39msystem-weston.slice[0m.
[[0;32m  OK  [0m] Reached target [0;1;39mNetwork[0m.
[[0;32m  OK  [0m] Reached target [0;1;39mHost and Network Name Lookups[0m.
         Starting [0;1;39mAvahi mDNS/DNS-SD Stack[0m...
         Starting [0;1;39mPowerVR consumer services[0m...
         Starting [0;1;39mset_default_governor.service[0m...
         Starting [0;1;39mPermit User Sessions[0m...
[[0;32m  OK  [0m] Started [0;1;39mXinetd A Powerful Replacement For Inetd[0m.
[   15.019860] rd 0-7: Disabling EAS, schedutil is mandatory
[[0;1;31mFAILED[0m] Failed to start [0;1;39mPowerVR consumer services[0m.
See 'systemctl status rc.pvr.service' for details.
[[0;1;38;5;185mDEPEND[0m] Dependency failed for [0;1;39mWeston Wayland Compositor[0m.
[[0;32m  OK  [0m] Started [0;1;39mset_default_governor.service[0m.
[[0;32m  OK  [0m] Started [0;1;39mPermit User Sessions[0m.
[[0;32m  OK  [0m] Started [0;1;39mAvahi mDNS/DNS-SD Stack[0m.
[[0;32m  OK  [0m] Started [0;1;39mGetty on tty1[0m.
[[0;32m  OK  [0m] Started [0;1;39mSerial Getty on ttySC0[0m.
[[0;32m  OK  [0m] Reached target [0;1;39mLogin Prompts[0m.
[[0;32m  OK  [0m] Reached target [0;1;39mMulti-User System[0m.
         Starting [0;1;39mUpdate UTMP about System Runlevel Changes[0m...
[[0;32m  OK  [0m] Started [0;1;39mUpdate UTMP about System Runlevel Changes[0m.

Poky (Yocto Project Reference Distro) 3.1.11 salvator-x ttySC0

salvator-x login: 
salvator-x login: root
[   17.184738] audit: type=1006 audit(1703064538.048:2): pid=537 uid=0 old-auid=4294967295 auid=0 tty=(none) old-ses=4294967295 ses=1 res=1
7[r[999;999H[6n8root@salvator-x:~# 
root@salvator-x:~# 
root@salvator-x:~# 
root@salvator-x:~# 
root@salvator-x:~# 
root@salvator-x:~# 
root@salvator-x:~# 
root@salvator-x:~# 
root@salvator-x:~# 
Prepare 


Plug in USB3 device


Press any button to continue

[   41.951465] SDHI0 VccQ: disabling
[   41.954861] SDHI3 VccQ: disabling
[   43.923322] usb 9-1: new high-speed USB device number 2 using xhci-hcd
[   44.095421] hub 9-1:1.0: USB hub found
[   44.100517] hub 9-1:1.0: 4 ports detected
[   44.211747] usb 10-1: new SuperSpeed Gen 1 USB device number 2 using xhci-hcd
[   44.253690] hub 10-1:1.0: USB hub found
[   44.258511] hub 10-1:1.0: 4 ports detected
[   44.552162] usb 10-1.1: new SuperSpeed Gen 1 USB device number 3 using xhci-hcd
[   44.591644] usb-storage 10-1.1:1.0: USB Mass Storage device detected
[   44.598656] scsi host1: usb-storage 10-1.1:1.0
[   45.633327] scsi 1:0:0:0: Direct-Access     SanDisk  Extreme Pro      0    PQ: 0 ANSI: 6
[   45.645956] sd 1:0:0:0: [sda] 250085376 512-byte logical blocks: (128 GB/119 GiB)
[   45.654457] sd 1:0:0:0: [sda] Write Protect is off
[   45.660104] sd 1:0:0:0: [sda] Write cache: enabled, read cache: enabled, doesn't support DPO or FUA
[   45.699818]  sda: sda1
[   45.705686] sd 1:0:0:0: [sda] Attached SCSI removable disk

root@salvator-x:~# find /sys/devices/platform/soc/ee000000.usb/ -name product -p rint0 | xargs -0 grep "[Hh][uU][bB]"
/sys/devices/platform/soc/ee000000.usb/usb10/10-1/product:4-Port USB 3.0 Hub
/sys/devices/platform/soc/ee000000.usb/usb9/9-1/product:4-Port USB 2.0 Hub
root@salvator-x:~# 
root@salvator-x:~# find /sys/devices/platform/soc/ee000000.usb/ -name 'sd*'
/sys/devices/platform/soc/ee000000.usb/usb10/10-1/10-1.1/10-1.1:1.0/host1/target1:0:0/1:0:0:0/block/sda
/sys/devices/platform/soc/ee000000.usb/usb10/10-1/10-1.1/10-1.1:1.0/host1/target1:0:0/1:0:0:0/block/sda/sda1
root@salvator-x:~# 
root@salvator-x:~# mkdir -p /mnt/usb
root@salvator-x:~# 
root@salvator-x:~# mount /dev/sda1 /mnt/usb
mount: /mnt/usb: wrong fs type, bad option, bad superblock on /dev/sda1, missing codepage or helper program, or other error.
root@salvator-x:~# 
root@salvator-x:~# echo y | mkfs.ext4 /dev/sda1
mke2fs 1.45.4 (23-Sep-2019)
Creating filesystem with 488192 4k blocks and 122160 inodes
Filesystem UUID: 94b60981-7297-4745-b372-0c58a62ad17a
Superblock backups stored on blocks: 
	32768, 98304, 163840, 229376, 294912

Allocating group tables:  0/15     done                            
Writing inode tables:  0/15     done                            
Creating journal (8192 blocks): done
Writing superblocks and filesystem accounting information:  0/15     done

root@salvator-x:~# 
root@salvator-x:~# mount /dev/sda1 /mnt/usb
[   51.538587] EXT4-fs (sda1): mounted filesystem with ordered data mode. Opts: (null)
root@salvator-x:~# 
root@salvator-x:~# dd if=/dev/urandom of=testdata bs=10M count=50
50+0 records in
50+0 records out
524288000 bytes (524 MB, 500 MiB) copied, 11.4782 s, 45.7 MB/s
root@salvator-x:~# 
root@salvator-x:~# cp testdata /mnt/usb/
root@salvator-x:~# 
root@salvator-x:~# umount /mnt/usb
root@salvator-x:~# 
Pull out USB3 device


Press any button to continue

[   83.798326] usb 9-1: USB disconnect, device number 2
[   84.551374] usb 10-1: USB disconnect, device number 2
[   84.556467] usb 10-1.1: USB disconnect, device number 3
[   84.562907] sd 1:0:0:0: [sda] Synchronizing SCSI cache
[   84.568209] sd 1:0:0:0: [sda] Synchronize Cache(10) failed: Result: hostbyte=0x01 driverbyte=0x00


----------Item 1----------


root@salvator-x:~# i2cset -f -y 7 0x30 0x20 0x0f
root@salvator-x:~# 


root@salvator-x:~# echo N > /sys/module/printk/parameters/console_suspend
root@salvator-x:~# 
root@salvator-x:~# echo mem > /sys/power/state
[   90.879569] PM: suspend entry (deep)
[   90.883368] Filesystems sync: 0.000 seconds
[   90.889784] Freezing user space processes ... (elapsed 0.001 seconds) done.
[   90.891795] OOM killer disabled.
[   90.891798] Freezing remaining freezable tasks ... (elapsed 0.001 seconds) done.
[   91.323052] ravb e6800000.ethernet eth0: Link is Down
[   91.338001] Disabling non-boot CPUs ...
[   91.342451] CPU1: shutdown
[   91.345178] psci: CPU1 killed (polled 0 ms)
[   91.351132] CPU2: shutdown
[   91.353861] psci: CPU2 killed (polled 0 ms)
[   91.359570] CPU3: shutdown
[   91.362283] psci: CPU3 killed (polled 0 ms)
[   91.368340] CPU4: shutdown
[   91.371051] psci: CPU4 killed (polled 0 ms)
[   91.376915] CPU5: shutdown
[   91.379642] psci: CPU5 killed (polled 0 ms)
[   91.385362] CPU6: shutdown
[   91.388090] psci: CPU6 killed (polled 0 ms)
[   91.393938] CPU7: shutdown
[   91.396689] psci: CPU7 killed (polled 0 ms)
 NOTICE:  BL2: R-Car Gen3 Initial Program Loader(CA57) Rev.4.0.0
NOTICE:  BL2: PRR is R-Car H3 Ver.3.0
NOTICE:  BL2: Board is Salvator-XS Rev.1.1
NOTICE:  BL2: Boot device is HyperFlash(160MHz)
NOTICE:  BL2: LCM state is CM
NOTICE:  AVS setting succeeded. DVFS_SetVID=0x53
NOTICE:  BL2: DDR3200(rev.0.42)
NOTICE:  BL2: [WARM_BOOT]
NOTICE:  BL2: DRAM Split is 4ch(DDR f)
NOTICE:  BL2: QoS is default setting(rev.0.11)
NOTICE:  BL2: DRAM refresh interval 1.95 usec
NOTICE:  BL2: Periodic Write DQ Training
NOTICE:  BL2: CH0: 400000000 - 47fffffff, 2 GiB
NOTICE:  BL2: CH1: 500000000 - 57fffffff, 2 GiB
NOTICE:  BL2: CH2: 600000000 - 67fffffff, 2 GiB
NOTICE:  BL2: CH3: 700000000 - 77fffffff, 2 GiB
NOTICE:  BL2: Lossy Decomp areas
NOTICE:       Entry 0: DCMPAREACRAx:0x80000540 DCMPAREACRBx:0x570
NOTICE:       Entry 1: DCMPAREACRAx:0x40000000 DCMPAREACRBx:0x0
NOTICE:       Entry 2: DCMPAREACRAx:0x20000000 DCMPAREACRBx:0x0
NOTICE:  BL2: FDT at 0xe6327f70
NOTICE:  BL2: v2.9(release):9cdb21f75
NOTICE:  BL2: Built : 05:25:39, Dec 19 2023
NOTICE:  BL2: Normal boot
[   91.402129] Enabling non-boot CPUs ...
[   91.406219] Detected PIPT I-cache on CPU1
[   91.406275] CPU1: Booted secondary processor 0x0000000001 [0x411fd073]
[   91.406761] CPU1 is up
[   91.419815] Detected PIPT I-cache on CPU2
[   91.419838] CPU2: Booted secondary processor 0x0000000002 [0x411fd073]
[   91.420113] CPU2 is up
[   91.433137] Detected PIPT I-cache on CPU3
[   91.433160] CPU3: Booted secondary processor 0x0000000003 [0x411fd073]
[   91.433463] CPU3 is up
[   91.446529] Detected VIPT I-cache on CPU4
[   91.446581] CPU4: Booted secondary processor 0x0000000100 [0x410fd034]
[   91.447514] CPU4 is up
[   91.460530] Detected VIPT I-cache on CPU5
[   91.460563] CPU5: Booted secondary processor 0x0000000101 [0x410fd034]
[   91.461109] CPU5 is up
[   91.474113] Detected VIPT I-cache on CPU6
[   91.474146] CPU6: Booted secondary processor 0x0000000102 [0x410fd034]
[   91.474765] CPU6 is up
[   91.487780] Detected VIPT I-cache on CPU7
[   91.487812] CPU7: Booted secondary processor 0x0000000103 [0x410fd034]
[   91.488448] CPU7 is up
[   91.560324] xhci-hcd ee000000.usb: xHC error in resume, USBSTS 0x401, Reinit
[   91.567357] usb usb9: root hub lost power or was reset
[   91.572477] usb usb10: root hub lost power or was reset
[   91.650229] Micrel KSZ9031 Gigabit PHY e6800000.ethernet-ffffffff:00: attached PHY driver [Micrel KSZ9031 Gigabit PHY] (mii_bus:phy_addr=e6800000.ethernet-ffffffff:00, irq=183)
[   91.761421] usb usb4: root hub lost power or was reset
[   91.766708] usb usb1: root hub lost power or was reset
[   91.853448] usb usb5: root hub lost power or was reset
[   91.858616] usb usb2: root hub lost power or was reset
[   91.945448] usb usb6: root hub lost power or was reset
[   91.950736] usb usb3: root hub lost power or was reset
[   92.069433] usb usb8: root hub lost power or was reset
[   92.074706] usb usb7: root hub lost power or was reset
[   92.087363] ata1: link resume succeeded after 1 retries
[   92.198885] ata1: SATA link down (SStatus 0 SControl 300)
[   92.218462] OOM killer enabled.
[   92.222339] Restarting tasks ... done.
root@salvator-x:~# [   92.229162] PM: suspend exit
[   98.344915] ravb e6800000.ethernet eth0: Link is Up - 1Gbps/Full - flow control off

root@salvator-x:~# echo "Wake up sucessfully"
Wake up sucessfully
root@salvator-x:~# 
Plug in USB3 device


Press any button to continue

[  115.955285] usb 9-1: new high-speed USB device number 3 using xhci-hcd
[  116.126819] hub 9-1:1.0: USB hub found
[  116.131291] hub 9-1:1.0: 4 ports detected
[  116.243717] usb 10-1: new SuperSpeed Gen 1 USB device number 4 using xhci-hcd
[  116.286310] hub 10-1:1.0: USB hub found
[  116.291162] hub 10-1:1.0: 4 ports detected
[  116.583966] usb 10-1.1: new SuperSpeed Gen 1 USB device number 5 using xhci-hcd
[  116.624182] usb-storage 10-1.1:1.0: USB Mass Storage device detected
[  116.630924] scsi host1: usb-storage 10-1.1:1.0
[  117.664899] scsi 1:0:0:0: Direct-Access     SanDisk  Extreme Pro      0    PQ: 0 ANSI: 6
[  117.675314] sd 1:0:0:0: [sda] 250085376 512-byte logical blocks: (128 GB/119 GiB)
[  117.683660] sd 1:0:0:0: [sda] Write Protect is off
[  117.689663] sd 1:0:0:0: [sda] Write cache: enabled, read cache: enabled, doesn't support DPO or FUA
[  117.724402]  sda: sda1
[  117.729338] sd 1:0:0:0: [sda] Attached SCSI removable disk

root@salvator-x:~# find /sys/devices/platform/soc/ee000000.usb/ -name product -p rint0 | xargs -0 grep "[Hh][uU][bB]"
/sys/devices/platform/soc/ee000000.usb/usb10/10-1/product:4-Port USB 3.0 Hub
/sys/devices/platform/soc/ee000000.usb/usb9/9-1/product:4-Port USB 2.0 Hub
root@salvator-x:~# 
root@salvator-x:~# find /sys/devices/platform/soc/ee000000.usb/ -name 'sd*'
/sys/devices/platform/soc/ee000000.usb/usb10/10-1/10-1.1/10-1.1:1.0/host1/target1:0:0/1:0:0:0/block/sda
/sys/devices/platform/soc/ee000000.usb/usb10/10-1/10-1.1/10-1.1:1.0/host1/target1:0:0/1:0:0:0/block/sda/sda1
root@salvator-x:~# 
root@salvator-x:~# mount /dev/sda1 /mnt/usb
[  127.089310] EXT4-fs (sda1): mounted filesystem with ordered data mode. Opts: (null)
root@salvator-x:~# 
root@salvator-x:~# cp testdata /mnt/usb/testdata_from_nfs
root@salvator-x:~# 
root@salvator-x:~# cp /mnt/usb/testdata_from_nfs testdata_from_usb
root@salvator-x:~# 
root@salvator-x:~# cmp testdata testdata_from_usb
root@salvator-x:~# 
root@salvator-x:~# umount /mnt/usb
root@salvator-x:~# 

----------Item 2----------


root@salvator-x:~# find /sys/devices/platform/soc/ee000000.usb/ -name product -p rint0 | xargs -0 grep "[Hh][uU][bB]"
/sys/devices/platform/soc/ee000000.usb/usb10/10-1/product:4-Port USB 3.0 Hub
/sys/devices/platform/soc/ee000000.usb/usb9/9-1/product:4-Port USB 2.0 Hub
root@salvator-x:~# 
root@salvator-x:~# find /sys/devices/platform/soc/ee000000.usb/ -name 'sd*'
/sys/devices/platform/soc/ee000000.usb/usb10/10-1/10-1.1/10-1.1:1.0/host1/target1:0:0/1:0:0:0/block/sda
/sys/devices/platform/soc/ee000000.usb/usb10/10-1/10-1.1/10-1.1:1.0/host1/target1:0:0/1:0:0:0/block/sda/sda1
root@salvator-x:~# 
root@salvator-x:~# mount /dev/sda1 /mnt/usb
[  150.755300] EXT4-fs (sda1): mounted filesystem with ordered data mode. Opts: (null)
root@salvator-x:~# 
root@salvator-x:~# cp /mnt/usb/testdata testdata_from_usb &
[1] 637
root@salvator-x:~# 
root@salvator-x:~# i2cset -f -y 7 0x30 0x20 0x0f
root@salvator-x:~# 


root@salvator-x:~# echo N > /sys/module/printk/parameters/console_suspend
root@salvator-x:~# 
root@salvator-x:~# echo mem > /sys/power/state
[  156.436648] PM: suspend entry (deep)
[  159.210982] Filesystems sync: 2.767 seconds
[  159.217246] Freezing user space processes ... (elapsed 0.415 seconds) done.
[  159.640816] OOM killer disabled.
[  159.644734] Freezing remaining freezable tasks ... (elapsed 0.001 seconds) done.
[  159.671323] sd 1:0:0:0: [sda] Synchronizing SCSI cache
[  160.068084] ravb e6800000.ethernet eth0: Link is Down
[  160.083955] Disabling non-boot CPUs ...
[  160.088418] CPU1: shutdown
[  160.091129] psci: CPU1 killed (polled 0 ms)
[  160.096947] CPU2: shutdown
[  160.099671] psci: CPU2 killed (polled 0 ms)
[  160.105212] CPU3: shutdown
[  160.107940] psci: CPU3 killed (polled 0 ms)
[  160.113603] CPU4: shutdown
[  160.116332] psci: CPU4 killed (polled 0 ms)
[  160.122075] CPU5: shutdown
[  160.124799] psci: CPU5 killed (polled 0 ms)
[  160.130441] CPU6: shutdown
[  160.133166] psci: CPU6 killed (polled 0 ms)
[  160.139023] CPU7: shutdown
[  160.141792] psci: CPU7 killed (polled 0 ms)
 NOTICE:  BL2: R-Car Gen3 Initial Program Loader(CA57) Rev.4.0.0
NOTICE:  BL2: PRR is R-Car H3 Ver.3.0
NOTICE:  BL2: Board is Salvator-XS Rev.1.1
NOTICE:  BL2: Boot device is HyperFlash(160MHz)
NOTICE:  BL2: LCM state is CM
NOTICE:  AVS setting succeeded. DVFS_SetVID=0x53
NOTICE:  BL2: DDR3200(rev.0.42)
NOTICE:  BL2: [WARM_BOOT]
NOTICE:  BL2: DRAM Split is 4ch(DDR f)
NOTICE:  BL2: QoS is default setting(rev.0.11)
NOTICE:  BL2: DRAM refresh interval 1.95 usec
NOTICE:  BL2: Periodic Write DQ Training
NOTICE:  BL2: CH0: 400000000 - 47fffffff, 2 GiB
NOTICE:  BL2: CH1: 500000000 - 57fffffff, 2 GiB
NOTICE:  BL2: CH2: 600000000 - 67fffffff, 2 GiB
NOTICE:  BL2: CH3: 700000000 - 77fffffff, 2 GiB
NOTICE:  BL2: Lossy Decomp areas
NOTICE:       Entry 0: DCMPAREACRAx:0x80000540 DCMPAREACRBx:0x570
NOTICE:       Entry 1: DCMPAREACRAx:0x40000000 DCMPAREACRBx:0x0
NOTICE:       Entry 2: DCMPAREACRAx:0x20000000 DCMPAREACRBx:0x0
NOTICE:  BL2: FDT at 0xe6327f70
NOTICE:  BL2: v2.9(release):9cdb21f75
NOTICE:  BL2: Built : 05:25:39, Dec 19 2023
NOTICE:  BL2: Normal boot
[  160.147042] Enabling non-boot CPUs ...
[  160.151096] Detected PIPT I-cache on CPU1
[  160.151155] CPU1: Booted secondary processor 0x0000000001 [0x411fd073]
[  160.151772] CPU1 is up
[  160.164288] Detected PIPT I-cache on CPU2
[  160.164310] CPU2: Booted secondary processor 0x0000000002 [0x411fd073]
[  160.164597] CPU2 is up
[  160.177625] Detected PIPT I-cache on CPU3
[  160.177647] CPU3: Booted secondary processor 0x0000000003 [0x411fd073]
[  160.177958] CPU3 is up
[  160.191023] Detected VIPT I-cache on CPU4
[  160.191075] CPU4: Booted secondary processor 0x0000000100 [0x410fd034]
[  160.192044] CPU4 is up
[  160.205063] Detected VIPT I-cache on CPU5
[  160.205097] CPU5: Booted secondary processor 0x0000000101 [0x410fd034]
[  160.205711] CPU5 is up
[  160.218718] Detected VIPT I-cache on CPU6
[  160.218751] CPU6: Booted secondary processor 0x0000000102 [0x410fd034]
[  160.219412] CPU6 is up
[  160.232422] Detected VIPT I-cache on CPU7
[  160.232455] CPU7: Booted secondary processor 0x0000000103 [0x410fd034]
[  160.233127] CPU7 is up
[  160.305565] xhci-hcd ee000000.usb: xHC error in resume, USBSTS 0x401, Reinit
[  160.312632] usb usb9: root hub lost power or was reset
[  160.317758] usb usb10: root hub lost power or was reset
[  160.374245] Micrel KSZ9031 Gigabit PHY e6800000.ethernet-ffffffff:00: attached PHY driver [Micrel KSZ9031 Gigabit PHY] (mii_bus:phy_addr=e6800000.ethernet-ffffffff:00, irq=183)
[  160.489283] usb usb4: root hub lost power or was reset
[  160.494553] usb usb1: root hub lost power or was reset
[  160.581389] usb usb5: root hub lost power or was reset
[  160.586676] usb usb2: root hub lost power or was reset
[  160.673404] usb usb6: root hub lost power or was reset
[  160.678663] usb usb3: root hub lost power or was reset
[  160.747904] usb 9-1: reset high-speed USB device number 3 using xhci-hcd
[  160.793280] usb usb8: root hub lost power or was reset
[  160.798552] usb usb7: root hub lost power or was reset
[  160.811249] ata1: link resume succeeded after 1 retries
[  160.922763] ata1: SATA link down (SStatus 0 SControl 300)
[  161.036431] usb 10-1: reset SuperSpeed Gen 1 USB device number 4 using xhci-hcd
[  161.392270] usb 10-1.1: reset SuperSpeed Gen 1 USB device number 5 using xhci-hcd
[  161.427760] OOM killer enabled.
[  161.433519] Restarting tasks ... done.
[1]+  Done                    cp /mnt/usb/testdata testdata_from_usb
[  161.440187] PM: suspend exit
root@salvator-x:~# [  167.069176] ravb e6800000.ethernet eth0: Link is Up - 1Gbps/Full - flow control off

root@salvator-x:~# echo "Wake up sucessfully"
Wake up sucessfully
root@salvator-x:~# 
root@salvator-x:~# wait
root@salvator-x:~# 
root@salvator-x:~# cmp /mnt/usb/testdata testdata_from_usb
root@salvator-x:~# 
root@salvator-x:~# umount /mnt/usb
root@salvator-x:~# 

----------Item 3----------


root@salvator-x:~# find /sys/devices/platform/soc/ee000000.usb/ -name product -p rint0 | xargs -0 grep "[Hh][uU][bB]"
/sys/devices/platform/soc/ee000000.usb/usb10/10-1/product:4-Port USB 3.0 Hub
/sys/devices/platform/soc/ee000000.usb/usb9/9-1/product:4-Port USB 2.0 Hub
root@salvator-x:~# 
root@salvator-x:~# find /sys/devices/platform/soc/ee000000.usb/ -name 'sd*'
/sys/devices/platform/soc/ee000000.usb/usb10/10-1/10-1.1/10-1.1:1.0/host1/target1:0:0/1:0:0:0/block/sda
/sys/devices/platform/soc/ee000000.usb/usb10/10-1/10-1.1/10-1.1:1.0/host1/target1:0:0/1:0:0:0/block/sda/sda1
root@salvator-x:~# 
root@salvator-x:~# i2cset -f -y 7 0x30 0x20 0x0f
root@salvator-x:~# 
root@salvator-x:~# echo N > /sys/module/printk/parameters/console_suspend
root@salvator-x:~# 
root@salvator-x:~# mount /dev/sda1 /mnt/usb
[  187.932377] EXT4-fs (sda1): mounted filesystem with ordered data mode. Opts: (null)
root@salvator-x:~# 
root@salvator-x:~# cp testdata /mnt/usb/testdata_from_nfs &
[1] 673
root@salvator-x:~# 
root@salvator-x:~# echo mem > /sys/power/state
[  189.179804] PM: suspend entry (deep)
[  198.569301] Filesystems sync: 9.382 seconds
[  198.577904] Freezing user space processes ... (elapsed 0.001 seconds) done.
[  198.579798] OOM killer disabled.
[  198.579801] Freezing remaining freezable tasks ... (elapsed 0.002 seconds) done.
[  198.616006] sd 1:0:0:0: [sda] Synchronizing SCSI cache
[  199.028785] ravb e6800000.ethernet eth0: Link is Down
[  199.045741] Disabling non-boot CPUs ...
[  199.050224] CPU1: shutdown
[  199.052949] psci: CPU1 killed (polled 0 ms)
[  199.058800] CPU2: shutdown
[  199.061527] psci: CPU2 killed (polled 0 ms)
[  199.066975] CPU3: shutdown
[  199.069703] psci: CPU3 killed (polled 0 ms)
[  199.075547] CPU4: shutdown
[  199.078259] psci: CPU4 killed (polled 0 ms)
[  199.083857] CPU5: shutdown
[  199.086579] psci: CPU5 killed (polled 0 ms)
[  199.092063] CPU6: shutdown
[  199.094774] psci: CPU6 killed (polled 0 ms)
[  199.100395] CPU7: shutdown
[  199.103108] psci: CPU7 killed (polled 0 ms)
 NOTICE:  BL2: R-Car Gen3 Initial Program Loader(CA57) Rev.4.0.0
NOTICE:  BL2: PRR is R-Car H3 Ver.3.0
NOTICE:  BL2: Board is Salvator-XS Rev.1.1
NOTICE:  BL2: Boot device is HyperFlash(160MHz)
NOTICE:  BL2: LCM state is CM
NOTICE:  AVS setting succeeded. DVFS_SetVID=0x53
NOTICE:  BL2: DDR3200(rev.0.42)
NOTICE:  BL2: [WARM_BOOT]
NOTICE:  BL2: DRAM Split is 4ch(DDR f)
NOTICE:  BL2: QoS is default setting(rev.0.11)
NOTICE:  BL2: DRAM refresh interval 1.95 usec
NOTICE:  BL2: Periodic Write DQ Training
NOTICE:  BL2: CH0: 400000000 - 47fffffff, 2 GiB
NOTICE:  BL2: CH1: 500000000 - 57fffffff, 2 GiB
NOTICE:  BL2: CH2: 600000000 - 67fffffff, 2 GiB
NOTICE:  BL2: CH3: 700000000 - 77fffffff, 2 GiB
NOTICE:  BL2: Lossy Decomp areas
NOTICE:       Entry 0: DCMPAREACRAx:0x80000540 DCMPAREACRBx:0x570
NOTICE:       Entry 1: DCMPAREACRAx:0x40000000 DCMPAREACRBx:0x0
NOTICE:       Entry 2: DCMPAREACRAx:0x20000000 DCMPAREACRBx:0x0
NOTICE:  BL2: FDT at 0xe6327f70
NOTICE:  BL2: v2.9(release):9cdb21f75
NOTICE:  BL2: Built : 05:25:39, Dec 19 2023
NOTICE:  BL2: Normal boot
[  199.108247] Enabling non-boot CPUs ...
[  199.112331] Detected PIPT I-cache on CPU1
[  199.112385] CPU1: Booted secondary processor 0x0000000001 [0x411fd073]
[  199.112949] CPU1 is up
[  199.125997] Detected PIPT I-cache on CPU2
[  199.126019] CPU2: Booted secondary processor 0x0000000002 [0x411fd073]
[  199.126321] CPU2 is up
[  199.139358] Detected PIPT I-cache on CPU3
[  199.139381] CPU3: Booted secondary processor 0x0000000003 [0x411fd073]
[  199.139717] CPU3 is up
[  199.152782] Detected VIPT I-cache on CPU4
[  199.152833] CPU4: Booted secondary processor 0x0000000100 [0x410fd034]
[  199.153832] CPU4 is up
[  199.166841] Detected VIPT I-cache on CPU5
[  199.166874] CPU5: Booted secondary processor 0x0000000101 [0x410fd034]
[  199.167525] CPU5 is up
[  199.180538] Detected VIPT I-cache on CPU6
[  199.180572] CPU6: Booted secondary processor 0x0000000102 [0x410fd034]
[  199.181237] CPU6 is up
[  199.194244] Detected VIPT I-cache on CPU7
[  199.194278] CPU7: Booted secondary processor 0x0000000103 [0x410fd034]
[  199.195022] CPU7 is up
[  199.267527] xhci-hcd ee000000.usb: xHC error in resume, USBSTS 0x401, Reinit
[  199.274593] usb usb9: root hub lost power or was reset
[  199.279719] usb usb10: root hub lost power or was reset
[  199.386349] Micrel KSZ9031 Gigabit PHY e6800000.ethernet-ffffffff:00: attached PHY driver [Micrel KSZ9031 Gigabit PHY] (mii_bus:phy_addr=e6800000.ethernet-ffffffff:00, irq=183)
[  199.501383] usb usb4: root hub lost power or was reset
[  199.506648] usb usb1: root hub lost power or was reset
[  199.593256] usb usb5: root hub lost power or was reset
[  199.598527] usb usb2: root hub lost power or was reset
[  199.685379] usb usb6: root hub lost power or was reset
[  199.690670] usb usb3: root hub lost power or was reset
[  199.707857] usb 9-1: reset high-speed USB device number 3 using xhci-hcd
[  199.809379] usb usb8: root hub lost power or was reset
[  199.814549] usb usb7: root hub lost power or was reset
[  199.823301] ata1: link resume succeeded after 1 retries
[  199.934814] ata1: SATA link down (SStatus 0 SControl 300)
[  199.996437] usb 10-1: reset SuperSpeed Gen 1 USB device number 4 using xhci-hcd
[  200.352223] usb 10-1.1: reset SuperSpeed Gen 1 USB device number 5 using xhci-hcd
[  200.391308] OOM killer enabled.
[  200.397417] Restarting tasks ... done.
[1]+  Done                    cp testdata /mnt/usb/testdata_from_nfs
root@salvator-x:~# [  200.406226] PM: suspend exit
[  207.321379] ravb e6800000.ethernet eth0: Link is Up - 1Gbps/Full - flow control off

root@salvator-x:~# echo "Wake up sucessfully"
Wake up sucessfully
root@salvator-x:~# 
root@salvator-x:~# wait
root@salvator-x:~# 
root@salvator-x:~# cmp testdata /mnt/usb/testdata_from_nfs
root@salvator-x:~# 
root@salvator-x:~# umount /mnt/usb
root@salvator-x:~# 

----------Item 4----------


root@salvator-x:~# i2cset -f -y 7 0x30 0x20 0x0f
root@salvator-x:~# 


root@salvator-x:~# echo N > /sys/module/printk/parameters/console_suspend
root@salvator-x:~# 
root@salvator-x:~# echo mem > /sys/power/state
[  224.415470] PM: suspend entry (deep)
[  224.422053] Filesystems sync: 0.000 seconds
[  224.430586] Freezing user space processes ... (elapsed 0.002 seconds) done.
[  224.432855] OOM killer disabled.
[  224.432858] Freezing remaining freezable tasks ... (elapsed 0.002 seconds) done.
[  224.477552] sd 1:0:0:0: [sda] Synchronizing SCSI cache
[  224.868810] ravb e6800000.ethernet eth0: Link is Down
[  224.888872] Disabling non-boot CPUs ...
[  224.893373] CPU1: shutdown
[  224.896106] psci: CPU1 killed (polled 0 ms)
[  224.902218] CPU2: shutdown
[  224.904953] psci: CPU2 killed (polled 0 ms)
[  224.910686] CPU3: shutdown
[  224.913419] psci: CPU3 killed (polled 0 ms)
[  224.919387] CPU4: shutdown
[  224.922107] psci: CPU4 killed (polled 0 ms)
[  224.927929] CPU5: shutdown
[  224.930649] psci: CPU5 killed (polled 0 ms)
[  224.936373] CPU6: shutdown
[  224.939091] psci: CPU6 killed (polled 0 ms)
[  224.945312] CPU7: shutdown
[  224.948049] psci: CPU7 killed (polled 0 ms)
 NOTICE:  BL2: R-Car Gen3 Initial Program Loader(CA57) Rev.4.0.0
NOTICE:  BL2: PRR is R-Car H3 Ver.3.0
NOTICE:  BL2: Board is Salvator-XS Rev.1.1
NOTICE:  BL2: Boot device is HyperFlash(160MHz)
NOTICE:  BL2: LCM state is CM
NOTICE:  AVS setting succeeded. DVFS_SetVID=0x53
NOTICE:  BL2: DDR3200(rev.0.42)
NOTICE:  BL2: [WARM_BOOT]
NOTICE:  BL2: DRAM Split is 4ch(DDR f)
NOTICE:  BL2: QoS is default setting(rev.0.11)
NOTICE:  BL2: DRAM refresh interval 1.95 usec
NOTICE:  BL2: Periodic Write DQ Training
NOTICE:  BL2: CH0: 400000000 - 47fffffff, 2 GiB
NOTICE:  BL2: CH1: 500000000 - 57fffffff, 2 GiB
NOTICE:  BL2: CH2: 600000000 - 67fffffff, 2 GiB
NOTICE:  BL2: CH3: 700000000 - 77fffffff, 2 GiB
NOTICE:  BL2: Lossy Decomp areas
NOTICE:       Entry 0: DCMPAREACRAx:0x80000540 DCMPAREACRBx:0x570
NOTICE:       Entry 1: DCMPAREACRAx:0x40000000 DCMPAREACRBx:0x0
NOTICE:       Entry 2: DCMPAREACRAx:0x20000000 DCMPAREACRBx:0x0
NOTICE:  BL2: FDT at 0xe6327f70
NOTICE:  BL2: v2.9(release):9cdb21f75
NOTICE:  BL2: Built : 05:25:39, Dec 19 2023
NOTICE:  BL2: Normal boot
[  224.953354] Enabling non-boot CPUs ...
[  224.957450] Detected PIPT I-cache on CPU1
[  224.957508] CPU1: Booted secondary processor 0x0000000001 [0x411fd073]
[  224.958080] CPU1 is up
[  224.971128] Detected PIPT I-cache on CPU2
[  224.971150] CPU2: Booted secondary processor 0x0000000002 [0x411fd073]
[  224.971460] CPU2 is up
[  224.984479] Detected PIPT I-cache on CPU3
[  224.984503] CPU3: Booted secondary processor 0x0000000003 [0x411fd073]
[  224.984801] CPU3 is up
[  224.997886] Detected VIPT I-cache on CPU4
[  224.997939] CPU4: Booted secondary processor 0x0000000100 [0x410fd034]
[  224.998914] CPU4 is up
[  225.011933] Detected VIPT I-cache on CPU5
[  225.011966] CPU5: Booted secondary processor 0x0000000101 [0x410fd034]
[  225.012597] CPU5 is up
[  225.025608] Detected VIPT I-cache on CPU6
[  225.025640] CPU6: Booted secondary processor 0x0000000102 [0x410fd034]
[  225.026308] CPU6 is up
[  225.039325] Detected VIPT I-cache on CPU7
[  225.039359] CPU7: Booted secondary processor 0x0000000103 [0x410fd034]
[  225.040104] CPU7 is up
[  225.112654] xhci-hcd ee000000.usb: xHC error in resume, USBSTS 0x401, Reinit
[  225.119723] usb usb9: root hub lost power or was reset
[  225.124848] usb usb10: root hub lost power or was reset
[  225.182250] Micrel KSZ9031 Gigabit PHY e6800000.ethernet-ffffffff:00: attached PHY driver [Micrel KSZ9031 Gigabit PHY] (mii_bus:phy_addr=e6800000.ethernet-ffffffff:00, irq=183)
[  225.293356] usb usb4: root hub lost power or was reset
[  225.298642] usb usb1: root hub lost power or was reset
[  225.385339] usb usb5: root hub lost power or was reset
[  225.390629] usb usb2: root hub lost power or was reset
[  225.477354] usb usb6: root hub lost power or was reset
[  225.482610] usb usb3: root hub lost power or was reset
[  225.551877] usb 9-1: reset high-speed USB device number 3 using xhci-hcd
[  225.597370] usb usb8: root hub lost power or was reset
[  225.602643] usb usb7: root hub lost power or was reset
[  225.619265] ata1: link resume succeeded after 1 retries
[  225.730795] ata1: SATA link down (SStatus 0 SControl 300)
[  225.839963] usb 10-1: reset SuperSpeed Gen 1 USB device number 4 using xhci-hcd
[  226.196276] usb 10-1.1: reset SuperSpeed Gen 1 USB device number 5 using xhci-hcd
[  226.233101] OOM killer enabled.
[  226.237185] Restarting tasks ... done.
root@salvator-x:~# [  226.243215] PM: suspend exit
[  235.554244] ravb e6800000.ethernet eth0: Link is Up - 1Gbps/Full - flow control off

root@salvator-x:~# echo "Wake up sucessfully"
Wake up sucessfully
root@salvator-x:~# 
root@salvator-x:~# find /sys/devices/platform/soc/ee000000.usb/ -name product -p rint0 | xargs -0 grep "[Hh][uU][bB]"
/sys/devices/platform/soc/ee000000.usb/usb10/10-1/product:4-Port USB 3.0 Hub
/sys/devices/platform/soc/ee000000.usb/usb9/9-1/product:4-Port USB 2.0 Hub
root@salvator-x:~# 
root@salvator-x:~# find /sys/devices/platform/soc/ee000000.usb/ -name 'sd*'
/sys/devices/platform/soc/ee000000.usb/usb10/10-1/10-1.1/10-1.1:1.0/host1/target1:0:0/1:0:0:0/block/sda
/sys/devices/platform/soc/ee000000.usb/usb10/10-1/10-1.1/10-1.1:1.0/host1/target1:0:0/1:0:0:0/block/sda/sda1
root@salvator-x:~# 
root@salvator-x:~# mount /dev/sda1 /mnt/usb
[  245.050557] EXT4-fs (sda1): mounted filesystem with ordered data mode. Opts: (null)
root@salvator-x:~# 
root@salvator-x:~# cp testdata /mnt/usb/testdata_from_nfs
root@salvator-x:~# 
root@salvator-x:~# cp /mnt/usb/testdata_from_nfs testdata_from_usb
root@salvator-x:~# 
root@salvator-x:~# cmp testdata testdata_from_usb
root@salvator-x:~# 
root@salvator-x:~# umount /mnt/usb
root@salvator-x:~# 

----------Item 5----------


Pull out USB3 device


Press any button to continue

[  277.712212] usb 9-1: USB disconnect, device number 3
[  278.463247] usb 10-1: USB disconnect, device number 4
[  278.469195] usb 10-1.1: USB disconnect, device number 5
[  278.478447] sd 1:0:0:0: [sda] Synchronizing SCSI cache
[  278.484590] sd 1:0:0:0: [sda] Synchronize Cache(10) failed: Result: hostbyte=0x01 driverbyte=0x00

root@salvator-x:~# i2cset -f -y 7 0x30 0x20 0x0f
root@salvator-x:~# 


root@salvator-x:~# echo N > /sys/module/printk/parameters/console_suspend
root@salvator-x:~# 
root@salvator-x:~# echo mem > /sys/power/state
[  284.543287] PM: suspend entry (deep)
[  284.547941] Filesystems sync: 0.000 seconds
[  284.554047] Freezing user space processes ... (elapsed 0.001 seconds) done.
[  284.555432] OOM killer disabled.
[  284.555434] Freezing remaining freezable tasks ... (elapsed 0.001 seconds) done.
[  284.981091] ravb e6800000.ethernet eth0: Link is Down
[  284.996066] Disabling non-boot CPUs ...
[  285.000520] CPU1: shutdown
[  285.003247] psci: CPU1 killed (polled 0 ms)
[  285.009145] CPU2: shutdown
[  285.011876] psci: CPU2 killed (polled 0 ms)
[  285.017373] CPU3: shutdown
[  285.020116] psci: CPU3 killed (polled 0 ms)
[  285.025933] CPU4: shutdown
[  285.028661] psci: CPU4 killed (polled 0 ms)
[  285.034448] CPU5: shutdown
[  285.037209] psci: CPU5 killed (polled 0 ms)
[  285.042812] CPU6: shutdown
[  285.045558] psci: CPU6 killed (polled 0 ms)
[  285.051277] CPU7: shutdown
[  285.053987] psci: CPU7 killed (polled 0 ms)
 
Plug in USB3 device


Press any button to continue

NOTICE:  BL2: R-Car Gen3 Initial Program Loader(CA57) Rev.4.0.0
NOTICE:  BL2: PRR is R-Car H3 Ver.3.0
NOTICE:  BL2: Board is Salvator-XS Rev.1.1
NOTICE:  BL2: Boot device is HyperFlash(160MHz)
NOTICE:  BL2: LCM state is CM
NOTICE:  AVS setting succeeded. DVFS_SetVID=0x53
NOTICE:  BL2: DDR3200(rev.0.42)
NOTICE:  BL2: [WARM_BOOT]
NOTICE:  BL2: DRAM Split is 4ch(DDR f)
NOTICE:  BL2: QoS is default setting(rev.0.11)
NOTICE:  BL2: DRAM refresh interval 1.95 usec
NOTICE:  BL2: Periodic Write DQ Training
NOTICE:  BL2: CH0: 400000000 - 47fffffff, 2 GiB
NOTICE:  BL2: CH1: 500000000 - 57fffffff, 2 GiB
NOTICE:  BL2: CH2: 600000000 - 67fffffff, 2 GiB
NOTICE:  BL2: CH3: 700000000 - 77fffffff, 2 GiB
NOTICE:  BL2: Lossy Decomp areas
NOTICE:       Entry 0: DCMPAREACRAx:0x80000540 DCMPAREACRBx:0x570
NOTICE:       Entry 1: DCMPAREACRAx:0x40000000 DCMPAREACRBx:0x0
NOTICE:       Entry 2: DCMPAREACRAx:0x20000000 DCMPAREACRBx:0x0
NOTICE:  BL2: FDT at 0xe6327f70
NOTICE:  BL2: v2.9(release):9cdb21f75
NOTICE:  BL2: Built : 05:25:39, Dec 19 2023
NOTICE:  BL2: Normal boot
[  285.059279] Enabling non-boot CPUs ...
[  285.063275] Detected PIPT I-cache on CPU1
[  285.063330] CPU1: Booted secondary processor 0x0000000001 [0x411fd073]
[  285.063895] CPU1 is up
[  285.076937] Detected PIPT I-cache on CPU2
[  285.076960] CPU2: Booted secondary processor 0x0000000002 [0x411fd073]
[  285.077258] CPU2 is up
[  285.090283] Detected PIPT I-cache on CPU3
[  285.090305] CPU3: Booted secondary processor 0x0000000003 [0x411fd073]
[  285.090600] CPU3 is up
[  285.103674] Detected VIPT I-cache on CPU4
[  285.103726] CPU4: Booted secondary processor 0x0000000100 [0x410fd034]
[  285.104722] CPU4 is up
[  285.117734] Detected VIPT I-cache on CPU5
[  285.117768] CPU5: Booted secondary processor 0x0000000101 [0x410fd034]
[  285.118406] CPU5 is up
[  285.131423] Detected VIPT I-cache on CPU6
[  285.131457] CPU6: Booted secondary processor 0x0000000102 [0x410fd034]
[  285.132147] CPU6 is up
[  285.145160] Detected VIPT I-cache on CPU7
[  285.145192] CPU7: Booted secondary processor 0x0000000103 [0x410fd034]
[  285.145930] CPU7 is up
[  285.218889] xhci-hcd ee000000.usb: xHC error in resume, USBSTS 0x401, Reinit
[  285.225920] usb usb9: root hub lost power or was reset
[  285.231039] usb usb10: root hub lost power or was reset
[  285.310240] Micrel KSZ9031 Gigabit PHY e6800000.ethernet-ffffffff:00: attached PHY driver [Micrel KSZ9031 Gigabit PHY] (mii_bus:phy_addr=e6800000.ethernet-ffffffff:00, irq=183)
[  285.421251] usb usb4: root hub lost power or was reset
[  285.426537] usb usb1: root hub lost power or was reset
[  285.513243] usb usb5: root hub lost power or was reset
[  285.518421] usb usb2: root hub lost power or was reset
[  285.605339] usb usb6: root hub lost power or was reset
[  285.610624] usb usb3: root hub lost power or was reset
[  285.725243] usb usb8: root hub lost power or was reset
[  285.730515] usb usb7: root hub lost power or was reset
[  285.747227] ata1: link resume succeeded after 1 retries
[  285.858819] ata1: SATA link down (SStatus 0 SControl 300)
[  285.878137] OOM killer enabled.
[  285.882263] Restarting tasks ... done.
root@salvator-x:~# [  285.888293] PM: suspend exit
[  286.011791] usb 10-1: new SuperSpeed Gen 1 USB device number 6 using xhci-hcd
[  286.058893] hub 10-1:1.0: USB hub found
[  286.066495] hub 10-1:1.0: 4 ports detected
[  286.171157] usb 9-1: new high-speed USB device number 4 using xhci-hcd
[  286.343046] hub 9-1:1.0: USB hub found
[  286.348468] hub 9-1:1.0: 4 ports detected
[  286.415938] usb 10-1.1: new SuperSpeed Gen 1 USB device number 7 using xhci-hcd
[  286.454692] usb-storage 10-1.1:1.0: USB Mass Storage device detected
[  286.464531] scsi host1: usb-storage 10-1.1:1.0
[  287.488908] scsi 1:0:0:0: Direct-Access     SanDisk  Extreme Pro      0    PQ: 0 ANSI: 6
[  287.502495] sd 1:0:0:0: [sda] 250085376 512-byte logical blocks: (128 GB/119 GiB)
[  287.513685] sd 1:0:0:0: [sda] Write Protect is off
[  287.521956] sd 1:0:0:0: [sda] Write cache: enabled, read cache: enabled, doesn't support DPO or FUA
[  287.562587]  sda: sda1
[  287.570880] sd 1:0:0:0: [sda] Attached SCSI removable disk
[  295.124488] ravb e6800000.ethernet eth0: Link is Up - 1Gbps/Full - flow control off

root@salvator-x:~# echo "Wake up sucessfully"
Wake up sucessfully
root@salvator-x:~# 
root@salvator-x:~# find /sys/devices/platform/soc/ee000000.usb/ -name product -p rint0 | xargs -0 grep "[Hh][uU][bB]"
/sys/devices/platform/soc/ee000000.usb/usb10/10-1/product:4-Port USB 3.0 Hub
/sys/devices/platform/soc/ee000000.usb/usb9/9-1/product:4-Port USB 2.0 Hub
root@salvator-x:~# 
root@salvator-x:~# find /sys/devices/platform/soc/ee000000.usb/ -name 'sd*'
/sys/devices/platform/soc/ee000000.usb/usb10/10-1/10-1.1/10-1.1:1.0/host1/target1:0:0/1:0:0:0/block/sda
/sys/devices/platform/soc/ee000000.usb/usb10/10-1/10-1.1/10-1.1:1.0/host1/target1:0:0/1:0:0:0/block/sda/sda1
root@salvator-x:~# 
root@salvator-x:~# mount /dev/sda1 /mnt/usb
[  304.850552] EXT4-fs (sda1): mounted filesystem with ordered data mode. Opts: (null)
root@salvator-x:~# 
root@salvator-x:~# cp testdata /mnt/usb/testdata_from_nfs
root@salvator-x:~# 
root@salvator-x:~# cp /mnt/usb/testdata_from_nfs testdata_from_usb
root@salvator-x:~# 
root@salvator-x:~# cmp testdata testdata_from_usb
root@salvator-x:~# 
root@salvator-x:~# umount /mnt/usb
root@salvator-x:~# 

----------Item 6----------


root@salvator-x:~# find /sys/devices/platform/soc/ee000000.usb/ -name product -p rint0 | xargs -0 grep "[Hh][uU][bB]"
/sys/devices/platform/soc/ee000000.usb/usb10/10-1/product:4-Port USB 3.0 Hub
/sys/devices/platform/soc/ee000000.usb/usb9/9-1/product:4-Port USB 2.0 Hub
root@salvator-x:~# 
root@salvator-x:~# find /sys/devices/platform/soc/ee000000.usb/ -name 'sd*'
/sys/devices/platform/soc/ee000000.usb/usb10/10-1/10-1.1/10-1.1:1.0/host1/target1:0:0/1:0:0:0/block/sda
/sys/devices/platform/soc/ee000000.usb/usb10/10-1/10-1.1/10-1.1:1.0/host1/target1:0:0/1:0:0:0/block/sda/sda1
root@salvator-x:~# 
root@salvator-x:~# i2cset -f -y 7 0x30 0x20 0x0f
root@salvator-x:~# 
root@salvator-x:~# echo N > /sys/module/printk/parameters/console_suspend
root@salvator-x:~# 
root@salvator-x:~# mount /dev/sda1 /mnt/usb
[  338.774531] EXT4-fs (sda1): mounted filesystem with ordered data mode. Opts: (null)
root@salvator-x:~# 
root@salvator-x:~# cp /mnt/usb/testdata testdata_from_usb &
[1] 733
root@salvator-x:~# 
root@salvator-x:~# echo mem > /sys/power/state
[  340.235544] PM: suspend entry (deep)
[  341.568592] Filesystems sync: 1.328 seconds
[  341.575015] Freezing user space processes ... (elapsed 0.004 seconds) done.
[  341.587623] OOM killer disabled.
[  341.591962] Freezing remaining freezable tasks ... (elapsed 0.001 seconds) done.
[  341.635383] sd 1:0:0:0: [sda] Synchronizing SCSI cache
[  342.121971] ravb e6800000.ethernet eth0: device will be stopped after h/w processes are done.
[  342.130551] ravb e6800000.ethernet eth0: Link is Down
[  342.147337] Disabling non-boot CPUs ...
[  342.151782] CPU1: shutdown
[  342.154496] psci: CPU1 killed (polled 0 ms)
[  342.160220] CPU2: shutdown
[  342.162935] psci: CPU2 killed (polled 0 ms)
[  342.168450] CPU3: shutdown
[  342.171181] psci: CPU3 killed (polled 0 ms)
[  342.176046] CPU4: shutdown
[  342.178756] psci: CPU4 killed (polled 0 ms)
[  342.184543] CPU5: shutdown
[  342.187296] psci: CPU5 killed (polled 0 ms)
[  342.192891] CPU6: shutdown
[  342.195636] psci: CPU6 killed (polled 0 ms)
[  342.201302] CPU7: shutdown
[  342.204054] psci: CPU7 killed (polled 0 ms)
 
Pull out USB3 device

Press any button to continue
NOTICE:  BL2: R-Car Gen3 Initial Program Loader(CA57) Rev.4.0.0
NOTICE:  BL2: PRR is R-Car H3 Ver.3.0
NOTICE:  BL2: Board is Salvator-XS Rev.1.1
NOTICE:  BL2: Boot device is HyperFlash(160MHz)
NOTICE:  BL2: LCM state is CM
NOTICE:  AVS setting succeeded. DVFS_SetVID=0x53
NOTICE:  BL2: DDR3200(rev.0.42)
NOTICE:  BL2: [WARM_BOOT]
NOTICE:  BL2: DRAM Split is 4ch(DDR f)
NOTICE:  BL2: QoS is default setting(rev.0.11)
NOTICE:  BL2: DRAM refresh interval 1.95 usec
NOTICE:  BL2: Periodic Write DQ Training
NOTICE:  BL2: CH0: 400000000 - 47fffffff, 2 GiB
NOTICE:  BL2: CH1: 500000000 - 57fffffff, 2 GiB
NOTICE:  BL2: CH2: 600000000 - 67fffffff, 2 GiB
NOTICE:  BL2: CH3: 700000000 - 77fffffff, 2 GiB
NOTICE:  BL2: Lossy Decomp areas
NOTICE:       Entry 0: DCMPAREACRAx:0x80000540 DCMPAREACRBx:0x570
NOTICE:       Entry 1: DCMPAREACRAx:0x40000000 DCMPAREACRBx:0x0
NOTICE:       Entry 2: DCMPAREACRAx:0x20000000 DCMPAREACRBx:0x0
NOTICE:  BL2: FDT at 0xe6327f70
NOTICE:  BL2: v2.9(release):9cdb21f75
NOTICE:  BL2: Built : 05:25:39, Dec 19 2023
NOTICE:  BL2: Normal boot
[  342.209335] Enabling non-boot CPUs ...
[  342.213392] Detected PIPT I-cache on CPU1
[  342.213448] CPU1: Booted secondary processor 0x0000000001 [0x411fd073]
[  342.214015] CPU1 is up
[  342.227054] Detected PIPT I-cache on CPU2
[  342.227077] CPU2: Booted secondary processor 0x0000000002 [0x411fd073]
[  342.227382] CPU2 is up
[  342.240397] Detected PIPT I-cache on CPU3
[  342.240419] CPU3: Booted secondary processor 0x0000000003 [0x411fd073]
[  342.240717] CPU3 is up
[  342.253778] Detected VIPT I-cache on CPU4
[  342.253830] CPU4: Booted secondary processor 0x0000000100 [0x410fd034]
[  342.254811] CPU4 is up
[  342.267829] Detected VIPT I-cache on CPU5
[  342.267862] CPU5: Booted secondary processor 0x0000000101 [0x410fd034]
[  342.268506] CPU5 is up
[  342.281519] Detected VIPT I-cache on CPU6
[  342.281553] CPU6: Booted secondary processor 0x0000000102 [0x410fd034]
[  342.282244] CPU6 is up
[  342.295261] Detected VIPT I-cache on CPU7
[  342.295294] CPU7: Booted secondary processor 0x0000000103 [0x410fd034]
[  342.296057] CPU7 is up
[  342.368164] xhci-hcd ee000000.usb: xHC error in resume, USBSTS 0x401, Reinit
[  342.375229] usb usb9: root hub lost power or was reset
[  342.380354] usb usb10: root hub lost power or was reset
[  342.438060] Micrel KSZ9031 Gigabit PHY e6800000.ethernet-ffffffff:00: attached PHY driver [Micrel KSZ9031 Gigabit PHY] (mii_bus:phy_addr=e6800000.ethernet-ffffffff:00, irq=183)
[  342.553282] usb usb4: root hub lost power or was reset
[  342.558567] usb usb1: root hub lost power or was reset
[  342.645127] usb usb5: root hub lost power or was reset
[  342.650373] usb usb2: root hub lost power or was reset
[  342.737265] usb usb6: root hub lost power or was reset
[  342.742519] usb usb3: root hub lost power or was reset
[  342.857281] usb usb8: root hub lost power or was reset
[  342.862573] usb usb7: root hub lost power or was reset
[  342.879220] ata1: link resume succeeded after 1 retries
[  342.990767] ata1: SATA link down (SStatus 0 SControl 300)
[  345.449885] OOM killer enabled.
[  345.456539] Restarting tasks ... 
[  345.457243] usb 9-1: USB disconnect, device number 4
[  345.457305] usb 10-1: USB disconnect, device number 6
[  345.457888] done.
[  345.460157] sd 1:0:0:0: [sda] tag#0 UNKNOWN(0x2003) Result: hostbyte=0x07 driverbyte=0x00 cmd_age=0s
[  345.460167] sd 1:0:0:0: [sda] tag#0 CDB: opcode=0x28 28 00 00 0d 28 00 00 02 00 00
[  345.460174] blk_update_request: I/O error, dev sda, sector 862208 op 0x0:(READ) flags 0x84700 phys_seg 5 prio class 0
[  345.460243] sd 1:0:0:0: [sda] tag#0 UNKNOWN(0x2003) Result: hostbyte=0x07 driverbyte=0x00 cmd_age=0s
[  345.460248] sd 1:0:0:0: [sda] tag#0 CDB: opcode=0x28 28 00 00 0d 2a 00 00 02 00 00
[  345.460252] blk_update_request: I/O error, dev sda, sector 862720 op 0x0:(READ) flags 0x80700 phys_seg 4 prio class 0
[  345.559367] usb 10-1.1: USB disconnect, device number 7
[  345.560173] blk_update_request: I/O error, dev sda, sector 0 op 0x1:(WRITE) flags 0x800 phys_seg 0 prio class 0
cp: error reading '/mnt/usb/testdata': Input/output error
[  345.581902] blk_update_request: I/O error, dev sda, sector 862208 op 0x0:(READ) flags 0x0 phys_seg 1 prio class 0
[  345.607137] PM: suspend exit
root@salvator-x:~# [  349.132755] ravb e6800000.ethernet eth0: Link is Up - 1Gbps/Full - flow control off

root@salvator-x:~# echo "Wake up sucessfully"
Wake up sucessfully
[1]+  Done(1)                 cp /mnt/usb/testdata testdata_from_usb
root@salvator-x:~# 
root@salvator-x:~# wait
root@salvator-x:~# 
root@salvator-x:~# cmp testdata testdata_from_usb
cmp: EOF on testdata_from_usb
root@salvator-x:~# 
root@salvator-x:~# umount /mnt/usb
[  360.543926] Buffer I/O error on dev sda1, logical block 196608, lost sync page write
[  360.552919] JBD2: Error -5 detected when updating journal superblock for sda1-8.
[  360.561294] Aborting journal on device sda1-8.
[  360.566621] Buffer I/O error on dev sda1, logical block 196608, lost sync page write
[  360.575248] JBD2: Error -5 detected when updating journal superblock for sda1-8.
root@salvator-x:~# 

----------Item 7----------


Plug in USB3 device


Press any button to continue

[  364.771122] usb 9-1: new high-speed USB device number 5 using xhci-hcd
[  364.942677] hub 9-1:1.0: USB hub found
[  364.948565] hub 9-1:1.0: 4 ports detected
[  365.059535] usb 10-1: new SuperSpeed Gen 1 USB device number 8 using xhci-hcd
[  365.106447] hub 10-1:1.0: USB hub found
[  365.112187] hub 10-1:1.0: 4 ports detected
[  365.407871] usb 10-1.1: new SuperSpeed Gen 1 USB device number 9 using xhci-hcd
[  365.448672] usb-storage 10-1.1:1.0: USB Mass Storage device detected
[  365.458513] scsi host1: usb-storage 10-1.1:1.0
[  366.496813] scsi 1:0:0:0: Direct-Access     SanDisk  Extreme Pro      0    PQ: 0 ANSI: 6
[  366.510099] sd 1:0:0:0: [sda] 250085376 512-byte logical blocks: (128 GB/119 GiB)
[  366.519708] sd 1:0:0:0: [sda] Write Protect is off
[  366.526458] sd 1:0:0:0: [sda] Write cache: enabled, read cache: enabled, doesn't support DPO or FUA
[  366.572070]  sda: sda1
[  366.579982] sd 1:0:0:0: [sda] Attached SCSI removable disk

root@salvator-x:~# find /sys/devices/platform/soc/ee000000.usb/ -name product -p rint0 | xargs -0 grep "[Hh][uU][bB]"
/sys/devices/platform/soc/ee000000.usb/usb10/10-1/product:4-Port USB 3.0 Hub
/sys/devices/platform/soc/ee000000.usb/usb9/9-1/product:4-Port USB 2.0 Hub
root@salvator-x:~# 
root@salvator-x:~# find /sys/devices/platform/soc/ee000000.usb/ -name 'sd*'
/sys/devices/platform/soc/ee000000.usb/usb10/10-1/10-1.1/10-1.1:1.0/host1/target1:0:0/1:0:0:0/block/sda
/sys/devices/platform/soc/ee000000.usb/usb10/10-1/10-1.1/10-1.1:1.0/host1/target1:0:0/1:0:0:0/block/sda/sda1
root@salvator-x:~# 
root@salvator-x:~# i2cset -f -y 7 0x30 0x20 0x0f
root@salvator-x:~# 
root@salvator-x:~# echo N > /sys/module/printk/parameters/console_suspend
root@salvator-x:~# 
root@salvator-x:~# mount /dev/sda1 /mnt/usb
[  374.895658] EXT4-fs (sda1): recovery complete
[  374.902218] EXT4-fs (sda1): mounted filesystem with ordered data mode. Opts: (null)
root@salvator-x:~# 
root@salvator-x:~# cp testdata /mnt/usb/testdata_from_nfs &
[1] 759
root@salvator-x:~# 
root@salvator-x:~# echo mem > /sys/power/state
[  376.355483] PM: suspend entry (deep)
[  386.742116] Filesystems sync: 10.382 seconds
[  386.748476] Freezing user space processes ... (elapsed 0.001 seconds) done.
[  386.750255] OOM killer disabled.
[  386.750258] Freezing remaining freezable tasks ... (elapsed 0.001 seconds) done.
[  386.777036] sd 1:0:0:0: [sda] Synchronizing SCSI cache
[  387.194459] ravb e6800000.ethernet eth0: Link is Down
[  387.210540] Disabling non-boot CPUs ...
[  387.214998] CPU1: shutdown
[  387.217723] psci: CPU1 killed (polled 0 ms)
[  387.223545] CPU2: shutdown
[  387.226258] psci: CPU2 killed (polled 0 ms)
[  387.231722] CPU3: shutdown
[  387.234432] psci: CPU3 killed (polled 0 ms)
[  387.240200] CPU4: shutdown
[  387.242923] psci: CPU4 killed (polled 0 ms)
[  387.248764] CPU5: shutdown
[  387.251511] psci: CPU5 killed (polled 0 ms)
[  387.257182] CPU6: shutdown
[  387.259926] psci: CPU6 killed (polled 0 ms)
[  387.265746] CPU7: shutdown
[  387.268503] psci: CPU7 killed (polled 0 ms)
 
Pull out USB3 device


Press any button to continue

NOTICE:  BL2: R-Car Gen3 Initial Program Loader(CA57) Rev.4.0.0
NOTICE:  BL2: PRR is R-Car H3 Ver.3.0
NOTICE:  BL2: Board is Salvator-XS Rev.1.1
NOTICE:  BL2: Boot device is HyperFlash(160MHz)
NOTICE:  BL2: LCM state is CM
NOTICE:  AVS setting succeeded. DVFS_SetVID=0x53
NOTICE:  BL2: DDR3200(rev.0.42)
NOTICE:  BL2: [WARM_BOOT]
NOTICE:  BL2: DRAM Split is 4ch(DDR f)
NOTICE:  BL2: QoS is default setting(rev.0.11)
NOTICE:  BL2: DRAM refresh interval 1.95 usec
NOTICE:  BL2: Periodic Write DQ Training
NOTICE:  BL2: CH0: 400000000 - 47fffffff, 2 GiB
NOTICE:  BL2: CH1: 500000000 - 57fffffff, 2 GiB
NOTICE:  BL2: CH2: 600000000 - 67fffffff, 2 GiB
NOTICE:  BL2: CH3: 700000000 - 77fffffff, 2 GiB
NOTICE:  BL2: Lossy Decomp areas
NOTICE:       Entry 0: DCMPAREACRAx:0x80000540 DCMPAREACRBx:0x570
NOTICE:       Entry 1: DCMPAREACRAx:0x40000000 DCMPAREACRBx:0x0
NOTICE:       Entry 2: DCMPAREACRAx:0x20000000 DCMPAREACRBx:0x0
NOTICE:  BL2: FDT at 0xe6327f70
NOTICE:  BL2: v2.9(release):9cdb21f75
NOTICE:  BL2: Built : 05:25:39, Dec 19 2023
NOTICE:  BL2: Normal boot
[  387.273898] Enabling non-boot CPUs ...
[  387.277950] Detected PIPT I-cache on CPU1
[  387.278008] CPU1: Booted secondary processor 0x0000000001 [0x411fd073]
[  387.278579] CPU1 is up
[  387.291635] Detected PIPT I-cache on CPU2
[  387.291657] CPU2: Booted secondary processor 0x0000000002 [0x411fd073]
[  387.291956] CPU2 is up
[  387.304979] Detected PIPT I-cache on CPU3
[  387.305003] CPU3: Booted secondary processor 0x0000000003 [0x411fd073]
[  387.305300] CPU3 is up
[  387.318376] Detected VIPT I-cache on CPU4
[  387.318428] CPU4: Booted secondary processor 0x0000000100 [0x410fd034]
[  387.319421] CPU4 is up
[  387.332435] Detected VIPT I-cache on CPU5
[  387.332468] CPU5: Booted secondary processor 0x0000000101 [0x410fd034]
[  387.333114] CPU5 is up
[  387.346126] Detected VIPT I-cache on CPU6
[  387.346160] CPU6: Booted secondary processor 0x0000000102 [0x410fd034]
[  387.346830] CPU6 is up
[  387.359844] Detected VIPT I-cache on CPU7
[  387.359877] CPU7: Booted secondary processor 0x0000000103 [0x410fd034]
[  387.360621] CPU7 is up
[  387.433221] xhci-hcd ee000000.usb: xHC error in resume, USBSTS 0x401, Reinit
[  387.440268] usb usb9: root hub lost power or was reset
[  387.445387] usb usb10: root hub lost power or was reset
[  387.502142] Micrel KSZ9031 Gigabit PHY e6800000.ethernet-ffffffff:00: attached PHY driver [Micrel KSZ9031 Gigabit PHY] (mii_bus:phy_addr=e6800000.ethernet-ffffffff:00, irq=183)
[  387.617102] usb usb4: root hub lost power or was reset
[  387.622370] usb usb1: root hub lost power or was reset
[  387.709099] usb usb5: root hub lost power or was reset
[  387.714351] usb usb2: root hub lost power or was reset
[  387.801267] usb usb6: root hub lost power or was reset
[  387.806531] usb usb3: root hub lost power or was reset
[  387.921098] usb usb8: root hub lost power or was reset
[  387.926370] usb usb7: root hub lost power or was reset
[  387.939160] ata1: link resume succeeded after 1 retries
[  388.050758] ata1: SATA link down (SStatus 0 SControl 300)
[  390.513573] OOM killer enabled.
[  390.517795] Restarting tasks ... 
[  390.517938] usb 10-1: USB disconnect, device number 8
[  390.519234] done.
[  390.522489] usb 10-1.1: USB disconnect, device number 9
[  390.537840] usb 9-1: USB disconnect, device number 5
[  390.537849] PM: suspend exit
[  390.545044] blk_update_request: I/O error, dev sda, sector 0 op 0x1:(WRITE) flags 0x800 phys_seg 0 prio class 0
[1]+  Done                    cp testdata /mnt/usb/testdata_from_nfs
root@salvator-x:~# [  394.269707] ravb e6800000.ethernet eth0: Link is Up - 1Gbps/Full - flow control off

root@salvator-x:~# echo "Wake up sucessfully"
Wake up sucessfully
root@salvator-x:~# 
Plug in USB3 device


Press any button to continue

[  421.279087] usb 9-1: new high-speed USB device number 6 using xhci-hcd
[  421.450293] hub 9-1:1.0: USB hub found
[  421.455781] hub 9-1:1.0: 4 ports detected
[  421.567510] usb 10-1: new SuperSpeed Gen 1 USB device number 10 using xhci-hcd
[  421.613792] hub 10-1:1.0: USB hub found
[  421.619526] hub 10-1:1.0: 4 ports detected
[  421.915844] usb 10-1.1: new SuperSpeed Gen 1 USB device number 11 using xhci-hcd
[  421.955143] usb-storage 10-1.1:1.0: USB Mass Storage device detected
[  421.965051] scsi host2: usb-storage 10-1.1:1.0
[  422.976579] scsi 2:0:0:0: Direct-Access     SanDisk  Extreme Pro      0    PQ: 0 ANSI: 6
[  422.990145] sd 2:0:0:0: [sdb] 250085376 512-byte logical blocks: (128 GB/119 GiB)
[  422.999342] sd 2:0:0:0: [sdb] Write Protect is off
[  423.005720] sd 2:0:0:0: [sdb] Write cache: enabled, read cache: enabled, doesn't support DPO or FUA
[  423.043887]  sdb: sdb1
[  423.051501] sd 2:0:0:0: [sdb] Attached SCSI removable disk

root@salvator-x:~# find /sys/devices/platform/soc/ee000000.usb/ -name product -p rint0 | xargs -0 grep "[Hh][uU][bB]"
/sys/devices/platform/soc/ee000000.usb/usb10/10-1/product:4-Port USB 3.0 Hub
/sys/devices/platform/soc/ee000000.usb/usb9/9-1/product:4-Port USB 2.0 Hub
root@salvator-x:~# 
root@salvator-x:~# find /sys/devices/platform/soc/ee000000.usb/ -name 'sd*'
/sys/devices/platform/soc/ee000000.usb/usb10/10-1/10-1.1/10-1.1:1.0/host2/target2:0:0/2:0:0:0/block/sdb
/sys/devices/platform/soc/ee000000.usb/usb10/10-1/10-1.1/10-1.1:1.0/host2/target2:0:0/2:0:0:0/block/sdb/sdb1
root@salvator-x:~# 
root@salvator-x:~# mount /dev/sdb1 /mnt/usb
[  428.418545] EXT4-fs (sdb1): recovery complete
[  428.427631] EXT4-fs (sdb1): mounted filesystem with ordered data mode. Opts: (null)
root@salvator-x:~# 
root@salvator-x:~# cmp testdata /mnt/usb/testdata_from_nfs
root@salvator-x:~# 
root@salvator-x:~# umount /mnt/usb
root@salvator-x:~# 

----------Item 8----------


root@salvator-x:~# i2cset -f -y 7 0x30 0x20 0x0f
root@salvator-x:~# 
root@salvator-x:~# echo N > /sys/module/printk/parameters/console_suspend
root@salvator-x:~# 
root@salvator-x:~# mount /dev/sdb1 /mnt/usb
[  439.435227] EXT4-fs (sdb1): mounted filesystem with ordered data mode. Opts: (null)
root@salvator-x:~# 
root@salvator-x:~# cp /mnt/usb/testdata testdata_from_usb &
[1] 788
root@salvator-x:~# 
root@salvator-x:~# echo mem > /sys/power/state
[  440.691460] PM: suspend entry (deep)
[  442.415175] Filesystems sync: 1.718 seconds
[  442.424370] Freezing user space processes ... (elapsed 0.002 seconds) done.
[  442.426847] OOM killer disabled.
[  442.426850] Freezing remaining freezable tasks ... (elapsed 0.002 seconds) done.
[  442.467217] sd 2:0:0:0: [sdb] Synchronizing SCSI cache
[  442.981603] ravb e6800000.ethernet eth0: device will be stopped after h/w processes are done.
[  442.990167] ravb e6800000.ethernet eth0: Link is Down
[  443.006897] Disabling non-boot CPUs ...
[  443.011414] CPU1: shutdown
[  443.014126] psci: CPU1 killed (polled 0 ms)
[  443.020018] CPU2: shutdown
[  443.022730] psci: CPU2 killed (polled 0 ms)
[  443.028165] CPU3: shutdown
[  443.030877] psci: CPU3 killed (polled 0 ms)
[  443.036497] CPU4: shutdown
[  443.039221] psci: CPU4 killed (polled 0 ms)
[  443.044718] CPU5: shutdown
[  443.047438] psci: CPU5 killed (polled 0 ms)
[  443.052955] CPU6: shutdown
[  443.055722] psci: CPU6 killed (polled 0 ms)
[  443.061386] CPU7: shutdown
[  443.064134] psci: CPU7 killed (polled 0 ms)
 
Pull out USB3 device


Press any button to continue


Plug in USB3 device


Press any button to continue

NOTICE:  BL2: R-Car Gen3 Initial Program Loader(CA57) Rev.4.0.0
NOTICE:  BL2: PRR is R-Car H3 Ver.3.0
NOTICE:  BL2: Board is Salvator-XS Rev.1.1
NOTICE:  BL2: Boot device is HyperFlash(160MHz)
NOTICE:  BL2: LCM state is CM
NOTICE:  AVS setting succeeded. DVFS_SetVID=0x53
NOTICE:  BL2: DDR3200(rev.0.42)
NOTICE:  BL2: [WARM_BOOT]
NOTICE:  BL2: DRAM Split is 4ch(DDR f)
NOTICE:  BL2: QoS is default setting(rev.0.11)
NOTICE:  BL2: DRAM refresh interval 1.95 usec
NOTICE:  BL2: Periodic Write DQ Training
NOTICE:  BL2: CH0: 400000000 - 47fffffff, 2 GiB
NOTICE:  BL2: CH1: 500000000 - 57fffffff, 2 GiB
NOTICE:  BL2: CH2: 600000000 - 67fffffff, 2 GiB
NOTICE:  BL2: CH3: 700000000 - 77fffffff, 2 GiB
NOTICE:  BL2: Lossy Decomp areas
NOTICE:       Entry 0: DCMPAREACRAx:0x80000540 DCMPAREACRBx:0x570
NOTICE:       Entry 1: DCMPAREACRAx:0x40000000 DCMPAREACRBx:0x0
NOTICE:       Entry 2: DCMPAREACRAx:0x20000000 DCMPAREACRBx:0x0
NOTICE:  BL2: FDT at 0xe6327f70
NOTICE:  BL2: v2.9(release):9cdb21f75
NOTICE:  BL2: Built : 05:25:39, Dec 19 2023
NOTICE:  BL2: Normal boot
[  443.069182] Enabling non-boot CPUs ...
[  443.073266] Detected PIPT I-cache on CPU1
[  443.073324] CPU1: Booted secondary processor 0x0000000001 [0x411fd073]
[  443.073902] CPU1 is up
[  443.086945] Detected PIPT I-cache on CPU2
[  443.086967] CPU2: Booted secondary processor 0x0000000002 [0x411fd073]
[  443.087280] CPU2 is up
[  443.100297] Detected PIPT I-cache on CPU3
[  443.100320] CPU3: Booted secondary processor 0x0000000003 [0x411fd073]
[  443.100629] CPU3 is up
[  443.113732] Detected VIPT I-cache on CPU4
[  443.113783] CPU4: Booted secondary processor 0x0000000100 [0x410fd034]
[  443.114765] CPU4 is up
[  443.127782] Detected VIPT I-cache on CPU5
[  443.127815] CPU5: Booted secondary processor 0x0000000101 [0x410fd034]
[  443.128463] CPU5 is up
[  443.141482] Detected VIPT I-cache on CPU6
[  443.141515] CPU6: Booted secondary processor 0x0000000102 [0x410fd034]
[  443.142178] CPU6 is up
[  443.155197] Detected VIPT I-cache on CPU7
[  443.155230] CPU7: Booted secondary processor 0x0000000103 [0x410fd034]
[  443.155945] CPU7 is up
[  443.227279] xhci-hcd ee000000.usb: xHC error in resume, USBSTS 0x401, Reinit
[  443.234342] usb usb9: root hub lost power or was reset
[  443.239468] usb usb10: root hub lost power or was reset
[  443.298039] Micrel KSZ9031 Gigabit PHY e6800000.ethernet-ffffffff:00: attached PHY driver [Micrel KSZ9031 Gigabit PHY] (mii_bus:phy_addr=e6800000.ethernet-ffffffff:00, irq=183)
[  443.359223] optee-rng optee-ta-ab7a617c-b8e7-4d8f-8301-d09b61036b64: TA_CMD_GET_ENTROPY invoke err: ffff000e
[  443.369065] hwrng: no data available
[  443.413073] usb usb4: root hub lost power or was reset
[  443.418349] usb usb1: root hub lost power or was reset
[  443.505074] usb usb5: root hub lost power or was reset
[  443.510342] usb usb2: root hub lost power or was reset
[  443.597211] usb usb6: root hub lost power or was reset
[  443.602464] usb usb3: root hub lost power or was reset
[  443.667579] usb 9-1: reset high-speed USB device number 6 using xhci-hcd
[  443.717210] usb usb8: root hub lost power or was reset
