NOTICE:  BL2: R-Car Gen3 Initial Program Loader(CA57) Rev.4.0.0
NOTICE:  BL2: PRR is R-Car H3 Ver.3.0
NOTICE:  BL2: Board is Salvator-XS Rev.1.1
NOTICE:  BL2: Boot device is HyperFlash(160MHz)
NOTICE:  BL2: LCM state is CM
NOTICE:  AVS setting succeeded. DVFS_SetVID=0x53
NOTICE:  BL2: DDR3200(rev.0.42)
NOTICE:  BL2: [COLD_BOOT]
NOTICE:  BL2: DRAM Split is 4ch(DDR f)
NOTICE:  BL2: QoS is default setting(rev.0.11)
NOTICE:  BL2: DRAM refresh interval 1.95 usec
NOTICE:  BL2: Periodic Write DQ Training
NOTICE:  BL2: CH0: 400000000 - 47fffffff, 2 GiB
NOTICE:  BL2: CH1: 500000000 - 57fffffff, 2 GiB
NOTICE:  BL2: CH2: 600000000 - 67fffffff, 2 GiB
NOTICE:  BL2: CH3: 700000000 - 77fffffff, 2 GiB
NOTICE:  BL2: Lossy Decomp areas
NOTICE:       Entry 0: DCMPAREACRAx:0x80000540 DCMPAREACRBx:0x570
NOTICE:       Entry 1: DCMPAREACRAx:0x40000000 DCMPAREACRBx:0x0
NOTICE:       Entry 2: DCMPAREACRAx:0x20000000 DCMPAREACRBx:0x0
NOTICE:  BL2: FDT at 0xe6327f70
NOTICE:  BL2: v2.9(release):9cdb21f75
NOTICE:  BL2: Built : 05:25:39, Dec 19 2023
NOTICE:  BL2: Normal boot
NOTICE:  BL2: dst=0xe6327800 src=0x8180000 len=512(0x200)
NOTICE:  BL2: dst=0x43f00000 src=0x8180400 len=6144(0x1800)
NOTICE:  rcar_file_len: len: 0x0003e000
NOTICE:  BL2: dst=0x44000000 src=0x81c0000 len=253952(0x3e000)
NOTICE:  rcar_file_len: len: 0x00200000
NOTICE:  BL2: dst=0x44100000 src=0x8200000 len=2097152(0x200000)
NOTICE:  rcar_file_len: len: 0x00100000
NOTICE:  BL2: dst=0x50000000 src=0x8640000 len=1048576(0x100000)
NOTICE:  BL2: Booting BL31


U-Boot 2020.10 (Dec 19 2023 - 14:30:40 +0000)

CPU: Renesas Electronics R8A7795 rev 3.0
Model: Renesas Salvator-X 2nd version board based on r8a77951
DRAM:  7.9 GiB
RAM Configuration:
Bank #0: 0x048000000 - 0x0bfffffff, 1.9 GiB
Bank #1: 0x500000000 - 0x57fffffff, 2 GiB
Bank #2: 0x600000000 - 0x67fffffff, 2 GiB
Bank #3: 0x700000000 - 0x77fffffff, 2 GiB

MMC:   sd@ee100000: 0, sd@ee140000: 1, sd@ee160000: 2
Loading Environment from MMC... OK
In:    serial@e6e88000
Out:   serial@e6e88000
Err:   serial@e6e88000
Net:   eth0: ethernet@e6800000
Hit any key to stop autoboot:  2  1  0 
ethernet@e6800000 Waiting for PHY auto negotiation to complete.......... done
Using ethernet@e6800000 device
TFTP from server 192.168.10.98; our IP address is 192.168.10.107
Filename 'BV/PT3/boot_USB3H/Image'.
Load address: 0x48080000
Loading: *#################################################################
	 #################################################################
	 #################################################################
	 #################################################################
	 #################################################################
	 #################################################################
	 #################################################################
	 #################################################################
	 #################################################################
	 #################################################################
	 #################################################################
	 #################################################################
	 #################################################################
	 #################################################################
	 #################################################################
	 #################################################################
	 #################################################################
	 #################################################################
	 #################################################################
	 #################################################################
	 #################################################################
	 #################################################################
	 #################################################################
	 #################################################################
	 #################################################################
	 #################################################################
	 #################################################################
	 #################################################################
	 #################################################################
	 #################################################################
	 #################################################################
	 #################################################################
	 #################################################################
	 #################################################################
	 ##############################################
	 10.5 MiB/s
done
Bytes transferred = 33112576 (1f94200 hex)
Using ethernet@e6800000 device
TFTP from server 192.168.10.98; our IP address is 192.168.10.107
Filename 'BV/PT3/boot_USB3H/r8a77951-salvator-xs.dtb'.
Load address: 0x48000000
Loading: *#######
	 4.6 MiB/s
done
Bytes transferred = 90876 (162fc hex)
Moving Image from 0x48080000 to 0x48200000, end=4a220000
## Flattened Device Tree blob at 48000000
   Booting using the fdt blob at 0x48000000
   Loading Device Tree to 0000000053fe6000, end 0000000053fff2fb ... OK

Starting kernel ...

[    0.000000] Booting Linux on physical CPU 0x0000000000 [0x411fd073]
[    0.000000] Linux version 5.10.194-yocto-standard (thuan.nguyen-hong@banvien) (aarch64-poky-linux-gcc (GCC) 9.3.0, GNU ld (GNU Binutils) 2.34.0.20200220) #13 SMP PREEMPT Sat Feb 3 10:27:40 UTC 2024
[    0.000000] Machine model: Renesas Salvator-X 2nd version board based on r8a77951
[    0.000000] efi: UEFI not found.
[    0.000000] Reserved memory: created CMA memory pool at 0x0000000057000000, size 16 MiB
[    0.000000] OF: reserved mem: initialized node linux,adsp@57000000, compatible id shared-dma-pool
[    0.000000] Reserved memory: created CMA memory pool at 0x0000000058000000, size 384 MiB
[    0.000000] OF: reserved mem: initialized node linux,cma@58000000, compatible id shared-dma-pool
[    0.000000] Reserved memory: created CMA memory pool at 0x0000000070000000, size 256 MiB
[    0.000000] OF: reserved mem: initialized node linux,multimedia@70000000, compatible id shared-dma-pool
[    0.000000] NUMA: No NUMA configuration found
[    0.000000] NUMA: Faking a node at [mem 0x0000000048000000-0x000000077fffffff]
[    0.000000] NUMA: NODE_DATA [mem 0x77efdab00-0x77efdcfff]
[    0.000000] Zone ranges:
[    0.000000]   DMA      [mem 0x0000000048000000-0x000000007fffffff]
[    0.000000]   DMA32    [mem 0x0000000080000000-0x00000000ffffffff]
[    0.000000]   Normal   [mem 0x0000000100000000-0x000000077fffffff]
[    0.000000] Movable zone start for each node
[    0.000000] Early memory node ranges
[    0.000000]   node   0: [mem 0x0000000048000000-0x0000000053ffffff]
[    0.000000]   node   0: [mem 0x0000000054000000-0x0000000056ffffff]
[    0.000000]   node   0: [mem 0x0000000057000000-0x00000000bfffffff]
[    0.000000]   node   0: [mem 0x0000000500000000-0x000000057fffffff]
[    0.000000]   node   0: [mem 0x0000000600000000-0x000000067fffffff]
[    0.000000]   node   0: [mem 0x0000000700000000-0x000000077fffffff]
[    0.000000] Initmem setup node 0 [mem 0x0000000048000000-0x000000077fffffff]
[    0.000000] psci: probing for conduit method from DT.
[    0.000000] psci: PSCIv1.1 detected in firmware.
[    0.000000] psci: Using standard PSCI v0.2 function IDs
[    0.000000] psci: Trusted OS resident on physical CPU 0x0
[    0.000000] psci: SMC Calling Convention v1.2
[    0.000000] percpu: Embedded 23 pages/cpu s56984 r8192 d29032 u94208
[    0.000000] Detected PIPT I-cache on CPU0
[    0.000000] CPU features: detected: EL2 vector hardening
[    0.000000] CPU features: detected: Spectre-v2
[    0.000000] CPU features: detected: ARM errata 1165522, 1319367, or 1530923
[    0.000000] CPU features: detected: Spectre-BHB
[    0.000000] CPU features: detected: ARM erratum 1742098
[    0.000000] Built 1 zonelists, mobility grouping on.  Total pages: 2032128
[    0.000000] Policy zone: Normal
[    0.000000] Kernel command line: rw root=/dev/nfs nfsroot=192.168.10.98:/data/tftpboot/BV/PT3/rootfs_H3,nfsvers=4 ip=192.168.10.107
[    0.000000] Dentry cache hash table entries: 1048576 (order: 11, 8388608 bytes, linear)
[    0.000000] Inode-cache hash table entries: 524288 (order: 10, 4194304 bytes, linear)
[    0.000000] mem auto-init: stack:off, heap alloc:off, heap free:off
[    0.000000] software IO TLB: mapped [mem 0x000000004ffe6000-0x0000000053fe6000] (64MB)
[    0.000000] Memory: 7277096K/8257536K available (15104K kernel code, 2832K rwdata, 8204K rodata, 6080K init, 519K bss, 308696K reserved, 671744K cma-reserved)
[    0.000000] SLUB: HWalign=64, Order=0-3, MinObjects=0, CPUs=8, Nodes=1
[    0.000000] rcu: Preemptible hierarchical RCU implementation.
[    0.000000] rcu: 	RCU event tracing is enabled.
[    0.000000] rcu: 	RCU restricting CPUs from NR_CPUS=256 to nr_cpu_ids=8.
[    0.000000] 	Trampoline variant of Tasks RCU enabled.
[    0.000000] rcu: RCU calculated value of scheduler-enlistment delay is 25 jiffies.
[    0.000000] rcu: Adjusting geometry for rcu_fanout_leaf=16, nr_cpu_ids=8
[    0.000000] NR_IRQS: 64, nr_irqs: 64, preallocated irqs: 0
[    0.000000] arch_timer: cp15 timer(s) running at 8.32MHz (virt).
[    0.000000] clocksource: arch_sys_counter: mask: 0xffffffffffffff max_cycles: 0x1eb398c07, max_idle_ns: 440795202503 ns
[    0.000003] sched_clock: 56 bits at 8MHz, resolution 120ns, wraps every 2199023255503ns
[    0.000213] Console: colour dummy device 80x25
[    0.000421] printk: console [tty0] enabled
[    0.000500] Calibrating delay loop (skipped), value calculated using timer frequency.. 16.64 BogoMIPS (lpj=33280)
[    0.000516] pid_max: default: 32768 minimum: 301
[    0.000576] LSM: Security Framework initializing
[    0.000666] Mount-cache hash table entries: 16384 (order: 5, 131072 bytes, linear)
[    0.000718] Mountpoint-cache hash table entries: 16384 (order: 5, 131072 bytes, linear)
[    0.002220] rcu: Hierarchical SRCU implementation.
[    0.003852] Detected Renesas R-Car Gen3 r8a7795 ES3.0
[    0.006020] EFI services will not be available.
[    0.006362] smp: Bringing up secondary CPUs ...
[    0.006835] Detected PIPT I-cache on CPU1
[    0.006888] CPU1: Booted secondary processor 0x0000000001 [0x411fd073]
[    0.007387] Detected PIPT I-cache on CPU2
[    0.007412] CPU2: Booted secondary processor 0x0000000002 [0x411fd073]
[    0.007844] Detected PIPT I-cache on CPU3
[    0.007867] CPU3: Booted secondary processor 0x0000000003 [0x411fd073]
[    0.008315] CPU features: detected: ARM erratum 845719
[    0.008329] Detected VIPT I-cache on CPU4
[    0.008378] CPU4: Booted secondary processor 0x0000000100 [0x410fd034]
[    0.008865] Detected VIPT I-cache on CPU5
[    0.008892] CPU5: Booted secondary processor 0x0000000101 [0x410fd034]
[    0.009340] Detected VIPT I-cache on CPU6
[    0.009366] CPU6: Booted secondary processor 0x0000000102 [0x410fd034]
[    0.009815] Detected VIPT I-cache on CPU7
[    0.009843] CPU7: Booted secondary processor 0x0000000103 [0x410fd034]
[    0.009922] smp: Brought up 1 node, 8 CPUs
[    0.009984] SMP: Total of 8 processors activated.
[    0.009993] CPU features: detected: 32-bit EL0 Support
[    0.010000] CPU features: detected: CRC32 instructions
[    0.010007] CPU features: detected: 32-bit EL1 Support
[    0.023632] CPU: All CPU(s) started at EL1
[    0.023687] alternatives: patching kernel code
[    0.024896] devtmpfs: initialized
[    0.031695] KASLR disabled due to lack of seed
[    0.031848] clocksource: jiffies: mask: 0xffffffff max_cycles: 0xffffffff, max_idle_ns: 7645041785100000 ns
[    0.031870] futex hash table entries: 2048 (order: 5, 131072 bytes, linear)
[    0.041012] pinctrl core: initialized pinctrl subsystem
[    0.042597] DMI not present or invalid.
[    0.043110] NET: Registered protocol family 16
[    0.044087] DMA: preallocated 1024 KiB GFP_KERNEL pool for atomic allocations
[    0.044289] DMA: preallocated 1024 KiB GFP_KERNEL|GFP_DMA pool for atomic allocations
[    0.044577] DMA: preallocated 1024 KiB GFP_KERNEL|GFP_DMA32 pool for atomic allocations
[    0.044617] audit: initializing netlink subsys (disabled)
[    0.044808] audit: type=2000 audit(0.044:1): state=initialized audit_enabled=0 res=1
[    0.045983] thermal_sys: Registered thermal governor 'power_allocator'
[    0.046522] cpuidle: using governor menu
[    0.046698] hw-breakpoint: found 6 breakpoint and 4 watchpoint registers.
[    0.046822] ASID allocator initialised with 65536 entries
[    0.048167] Serial: AMBA PL011 UART driver
[    0.090923] sh-pfc e6060000.pinctrl: r8a77951_pfc support registered
[    0.105697] HugeTLB registered 1.00 GiB page size, pre-allocated 0 pages
[    0.105712] HugeTLB registered 32.0 MiB page size, pre-allocated 0 pages
[    0.105719] HugeTLB registered 2.00 MiB page size, pre-allocated 0 pages
[    0.105726] HugeTLB registered 64.0 KiB page size, pre-allocated 0 pages
[    0.106693] cryptd: max_cpu_qlen set to 1000
[    0.108965] ACPI: Interpreter disabled.
[    0.112866] rcar-avs: use avs value: 0
[    0.112883] rcar-avs: cpu@0 is running with: opp_table0
[    0.112893] rcar-avs: cpu@1 is running with: opp_table0
[    0.112903] rcar-avs: cpu@2 is running with: opp_table0
[    0.112912] rcar-avs: cpu@3 is running with: opp_table0
[    0.113000] rcar-avs: gsx@fd000000 is running with: gsx_opp_table0
[    0.114434] iommu: Default domain type: Translated 
[    0.115019] ipmmu-vmsa e67b0000.iommu: IPMMU context 0 is reserved
[    0.116050] vgaarb: loaded
[    0.116291] SCSI subsystem initialized
[    0.116554] usbcore: registered new interface driver usbfs
[    0.116580] usbcore: registered new interface driver hub
[    0.116606] usbcore: registered new device driver usb
[    0.120163] i2c-sh_mobile e60b0000.i2c: I2C adapter 7, bus speed 400000 Hz
[    0.120734] mc: Linux media interface: v0.10
[    0.120756] videodev: Linux video capture interface: v2.00
[    0.120803] pps_core: LinuxPPS API ver. 1 registered
[    0.120810] pps_core: Software ver. 5.3.6 - Copyright 2005-2007 Rodolfo Giometti <giometti@linux.it>
[    0.120824] PTP clock support registered
[    0.121000] EDAC MC: Ver: 3.0.0
[    0.122983] FPGA manager framework
[    0.123049] Advanced Linux Sound Architecture Driver Initialized.
[    0.123639] clocksource: Switched to clocksource arch_sys_counter
[    0.123787] VFS: Disk quotas dquot_6.6.0
[    0.123830] VFS: Dquot-cache hash table entries: 512 (order 0, 4096 bytes)
[    0.123952] pnp: PnP ACPI: disabled
[    0.128175] NET: Registered protocol family 2
[    0.128610] IP idents hash table entries: 131072 (order: 8, 1048576 bytes, linear)
[    0.130886] tcp_listen_portaddr_hash hash table entries: 4096 (order: 4, 65536 bytes, linear)
[    0.130964] TCP established hash table entries: 65536 (order: 7, 524288 bytes, linear)
[    0.131251] TCP bind hash table entries: 65536 (order: 8, 1048576 bytes, linear)
[    0.131894] TCP: Hash tables configured (established 65536 bind 65536)
[    0.132026] UDP hash table entries: 4096 (order: 5, 131072 bytes, linear)
[    0.132139] UDP-Lite hash table entries: 4096 (order: 5, 131072 bytes, linear)
[    0.132365] NET: Registered protocol family 1
[    0.132740] RPC: Registered named UNIX socket transport module.
[    0.132750] RPC: Registered udp transport module.
[    0.132756] RPC: Registered tcp transport module.
[    0.132762] RPC: Registered tcp NFSv4.1 backchannel transport module.
[    0.132774] PCI: CLS 0 bytes, default 64
[    0.133695] hw perfevents: enabled with armv8_cortex_a53 PMU driver, 7 counters available
[    0.133967] hw perfevents: enabled with armv8_cortex_a57 PMU driver, 7 counters available
[    0.134622] kvm [1]: HYP mode not available
[    0.137576] Initialise system trusted keyrings
[    0.137703] workingset: timestamp_bits=42 max_order=21 bucket_order=0
[    0.140814] squashfs: version 4.0 (2009/01/31) Phillip Lougher
[    0.141228] NFS: Registering the id_resolver key type
[    0.141264] Key type id_resolver registered
[    0.141271] Key type id_legacy registered
[    0.141326] nfs4filelayout_init: NFSv4 File Layout Driver Registering...
[    0.141336] nfs4flexfilelayout_init: NFSv4 Flexfile Layout Driver Registering...
[    0.141460] 9p: Installing v9fs 9p2000 file system support
[    0.167490] Key type asymmetric registered
[    0.167502] Asymmetric key parser 'x509' registered
[    0.167531] Block layer SCSI generic (bsg) driver version 0.4 loaded (major 243)
[    0.167542] io scheduler mq-deadline registered
[    0.167551] io scheduler kyber registered
[    0.183969] gpio_rcar e6050000.gpio: driving 16 GPIOs
[    0.184297] gpio_rcar e6051000.gpio: driving 29 GPIOs
[    0.184577] gpio_rcar e6052000.gpio: driving 15 GPIOs
[    0.184860] gpio_rcar e6053000.gpio: driving 16 GPIOs
[    0.185130] gpio_rcar e6054000.gpio: driving 18 GPIOs
[    0.185402] gpio_rcar e6055000.gpio: driving 26 GPIOs
[    0.185675] gpio_rcar e6055400.gpio: driving 32 GPIOs
[    0.185942] gpio_rcar e6055800.gpio: driving 4 GPIOs
[    0.188907] rcar-pcie fe000000.pcie: host bridge /soc/pcie@fe000000 ranges:
[    0.188938] rcar-pcie fe000000.pcie:       IO 0x00fe100000..0x00fe1fffff -> 0x0000000000
[    0.188965] rcar-pcie fe000000.pcie:      MEM 0x00fe200000..0x00fe3fffff -> 0x00fe200000
[    0.188983] rcar-pcie fe000000.pcie:      MEM 0x0030000000..0x0037ffffff -> 0x0030000000
[    0.188997] rcar-pcie fe000000.pcie:      MEM 0x0038000000..0x003fffffff -> 0x0038000000
[    0.189014] rcar-pcie fe000000.pcie:   IB MEM 0x0040000000..0x007fffffff -> 0x0040000000
[    0.189060] rcar-pcie fe000000.pcie: no pcie3v3 regulator found
[    0.189071] rcar-pcie fe000000.pcie: no pcie1v8 regulator found
[    0.255344] rcar-pcie fe000000.pcie: PCIe link down
[    0.255507] rcar-pcie ee800000.pcie: host bridge /soc/pcie@ee800000 ranges:
[    0.255530] rcar-pcie ee800000.pcie:       IO 0x00ee900000..0x00ee9fffff -> 0x0000000000
[    0.255549] rcar-pcie ee800000.pcie:      MEM 0x00eea00000..0x00eebfffff -> 0x00eea00000
[    0.255566] rcar-pcie ee800000.pcie:      MEM 0x00c0000000..0x00c7ffffff -> 0x00c0000000
[    0.255579] rcar-pcie ee800000.pcie:      MEM 0x00c8000000..0x00cfffffff -> 0x00c8000000
[    0.255595] rcar-pcie ee800000.pcie:   IB MEM 0x0040000000..0x007fffffff -> 0x0040000000
[    0.255626] rcar-pcie ee800000.pcie: no pcie3v3 regulator found
[    0.255650] rcar-pcie ee800000.pcie: no pcie1v8 regulator found
[    0.323339] rcar-pcie ee800000.pcie: PCIe link down
[    0.325843] EINJ: ACPI disabled.
[    0.359739] Serial: 8250/16550 driver, 4 ports, IRQ sharing enabled
[    0.362209] SuperH (H)SCI(F) driver initialized
[    0.362659] e6550000.serial: ttySC1 at MMIO 0xe6550000 (irq = 42, base_baud = 0) is a hscif
[    0.363425] e6e88000.serial: ttySC0 at MMIO 0xe6e88000 (irq = 128, base_baud = 0) is a scif
[    1.567954] printk: console [ttySC0] enabled
[    1.573331] msm_serial: driver initialized
[    1.583758] rcar-dw-hdmi fead0000.hdmi: Detected HDMI TX controller v2.01a with HDCP (DWC HDMI 2.0 TX PHY)
[    1.593708] rcar-dw-hdmi fead0000.hdmi: registered DesignWare HDMI I2C bus driver
[    1.602021] rcar-dw-hdmi feae0000.hdmi: Detected HDMI TX controller v2.01a with HDCP (DWC HDMI 2.0 TX PHY)
[    1.611928] rcar-dw-hdmi feae0000.hdmi: registered DesignWare HDMI I2C bus driver
[    1.627560] loop: module loaded
[    1.632230] megasas: 07.714.04.00-rc1
[    1.637997] scsi host0: sata_rcar
[    1.641477] ata1: SATA max UDMA/133 irq 181
[    1.650943] tun: Universal TUN/TAP device driver, 1.6
[    1.657000] thunder_xcv, ver 1.0
[    1.660259] thunder_bgx, ver 1.0
[    1.663501] nicpf, ver 1.0
[    1.667691] hclge is initializing
[    1.671023] hns3: Hisilicon Ethernet Network Driver for Hip08 Family - version
[    1.678246] hns3: Copyright (c) 2017 Huawei Corporation.
[    1.683588] e1000: Intel(R) PRO/1000 Network Driver
[    1.688468] e1000: Copyright (c) 1999-2006 Intel Corporation.
[    1.694237] e1000e: Intel(R) PRO/1000 Network Driver
[    1.699202] e1000e: Copyright(c) 1999 - 2015 Intel Corporation.
[    1.705146] igb: Intel(R) Gigabit Ethernet Network Driver
[    1.710545] igb: Copyright (c) 2007-2014 Intel Corporation.
[    1.716131] igbvf: Intel(R) Gigabit Virtual Function Network Driver
[    1.722398] igbvf: Copyright (c) 2009 - 2012 Intel Corporation.
[    1.728739] sky2: driver version 1.30
[    1.736338] ravb e6800000.ethernet eth0: Base address at 0xe6800000, 2e:09:0a:06:d4:ee, IRQ 125.
[    1.746630] VFIO - User Level meta-driver version: 0.3
[    1.753747] ehci_hcd: USB 2.0 'Enhanced' Host Controller (EHCI) Driver
[    1.760288] ehci-pci: EHCI PCI platform driver
[    1.764750] ehci-platform: EHCI generic platform driver
[    1.770367] ehci-platform ee0a0100.usb: EHCI Host Controller
[    1.776047] ehci-platform ee0a0100.usb: new USB bus registered, assigned bus number 1
[    1.783961] ehci-platform ee0a0100.usb: irq 175, io mem 0xee0a0100
[    1.803649] ehci-platform ee0a0100.usb: USB 2.0 started, EHCI 1.10
[    1.810170] hub 1-0:1.0: USB hub found
[    1.813941] hub 1-0:1.0: 1 port detected
[    1.818360] ehci-platform ee0c0100.usb: EHCI Host Controller
[    1.824035] ehci-platform ee0c0100.usb: new USB bus registered, assigned bus number 2
[    1.831922] ehci-platform ee0c0100.usb: irq 176, io mem 0xee0c0100
[    1.851645] ehci-platform ee0c0100.usb: USB 2.0 started, EHCI 1.10
[    1.858104] hub 2-0:1.0: USB hub found
[    1.861872] hub 2-0:1.0: 1 port detected
[    1.891686] ehci-platform ee0e0100.usb: EHCI Host Controller
[    1.897359] ehci-platform ee0e0100.usb: new USB bus registered, assigned bus number 3
[    1.905230] ehci-platform ee0e0100.usb: irq 177, io mem 0xee0e0100
[    1.923644] ehci-platform ee0e0100.usb: USB 2.0 started, EHCI 1.10
[    1.930101] hub 3-0:1.0: USB hub found
[    1.933869] hub 3-0:1.0: 1 port detected
[    1.938248] ehci-orion: EHCI orion driver
[    1.942501] ehci-exynos: EHCI Exynos driver
[    1.946804] ohci_hcd: USB 1.1 'Open' Host Controller (OHCI) Driver
[    1.953002] ohci-pci: OHCI PCI platform driver
[    1.957483] ohci-platform: OHCI generic platform driver
[    1.963028] ohci-platform ee0a0000.usb: Generic Platform OHCI controller
[    1.969748] ohci-platform ee0a0000.usb: new USB bus registered, assigned bus number 4
[    1.977631] ohci-platform ee0a0000.usb: irq 175, io mem 0xee0a0000
[    2.059654] ata1: link resume succeeded after 1 retries
[    2.073918] hub 4-0:1.0: USB hub found
[    2.077687] hub 4-0:1.0: 1 port detected
[    2.082028] ohci-platform ee0c0000.usb: Generic Platform OHCI controller
[    2.088742] ohci-platform ee0c0000.usb: new USB bus registered, assigned bus number 5
[    2.096628] ohci-platform ee0c0000.usb: irq 176, io mem 0xee0c0000
[    2.171171] ata1: SATA link down (SStatus 0 SControl 300)
[    2.189902] hub 5-0:1.0: USB hub found
[    2.193672] hub 5-0:1.0: 1 port detected
[    2.198010] ohci-platform ee0e0000.usb: Generic Platform OHCI controller
[    2.204723] ohci-platform ee0e0000.usb: new USB bus registered, assigned bus number 6
[    2.212592] ohci-platform ee0e0000.usb: irq 177, io mem 0xee0e0000
[    2.305884] hub 6-0:1.0: USB hub found
[    2.309655] hub 6-0:1.0: 1 port detected
[    2.314004] ohci-exynos: OHCI Exynos driver
[    2.318442] usbcore: registered new interface driver usb-storage
[    2.326151] renesas_usbhs e6590000.usb: host probed
[    2.331046] renesas_usbhs e6590000.usb: no transceiver found
[    2.336772] renesas_usbhs e6590000.usb: gadget probed
[    2.341992] renesas_usbhs e6590000.usb: probed
[    2.346898] renesas_usbhs e659c000.usb: host probed
[    2.351794] renesas_usbhs e659c000.usb: no transceiver found
[    2.357515] renesas_usbhs e659c000.usb: gadget probed
[    2.362716] renesas_usbhs e659c000.usb: probed
[    2.369675] i2c /dev entries driver
[    2.384253] cs2000-cp 2-004f: revision - C1
[    2.388500] i2c-rcar e6510000.i2c: probed
[    2.393335] pca953x 4-0020: supply vcc not found, using dummy regulator
[    2.400035] pca953x 4-0020: using no AI
[    2.404706] gpio-355 (PCIE/SATA switch): hogged as output/low
[    2.416987] i2c-rcar e66d8000.i2c: probed
[    2.422315] adv748x 4-0070: Endpoint /soc/i2c@e66d8000/video-receiver@70/port@7/endpoint on port 7
[    2.431298] adv748x 4-0070: Endpoint /soc/i2c@e66d8000/video-receiver@70/port@8/endpoint on port 8
[    2.440269] adv748x 4-0070: Endpoint /soc/i2c@e66d8000/video-receiver@70/port@a/endpoint on port 10
[    2.449333] adv748x 4-0070: Endpoint /soc/i2c@e66d8000/video-receiver@70/port@b/endpoint on port 11
[    2.458721] adv748x 4-0070: chip found @ 0xe0 revision 2143
[    2.512376] rcar-csi2 fea80000.csi2: 1 lanes found
[    2.517509] rcar-csi2 feaa0000.csi2: 4 lanes found
[    2.527146] rcar-vin e6ef0000.video: Device registered as video0
[    2.533222] rcar-vin e6ef1000.video: Device registered as video1
[    2.539292] rcar-vin e6ef2000.video: Device registered as video2
[    2.545385] rcar-vin e6ef3000.video: Device registered as video3
[    2.551456] rcar-vin e6ef4000.video: Device registered as video4
[    2.557533] rcar-vin e6ef5000.video: Device registered as video5
[    2.563621] rcar-vin e6ef6000.video: Device registered as video6
[    2.569697] rcar-vin e6ef7000.video: Device registered as video7
[    2.578492] rcar_gen3_thermal e6198000.thermal: is using FUSE values
[    2.589602] rcar_gen3_thermal e6198000.thermal: TSC0: Loaded 1 trip points
[    2.600865] rcar_gen3_thermal e6198000.thermal: TSC1: Loaded 1 trip points
[    2.612034] rcar_gen3_thermal e6198000.thermal: TSC2: Loaded 3 trip points
[    2.624202] sdhci: Secure Digital Host Controller Interface driver
[    2.630394] sdhci: Copyright(c) Pierre Ossman
[    2.635533] Synopsys Designware Multimedia Card Interface Driver
[    2.636049] renesas_sdhi_internal_dmac ee100000.mmc: Got CD GPIO
[    2.636249] renesas_sdhi_internal_dmac ee140000.mmc: Adding to iommu group 0
[    2.636272] renesas_sdhi_internal_dmac ee160000.mmc: Got CD GPIO
[    2.636293] renesas_sdhi_internal_dmac ee140000.mmc: Using IPMMU context 1
[    2.636299] renesas_sdhi_internal_dmac ee160000.mmc: Got WP GPIO
[    2.642830] sdhci-pltfm: SDHCI platform and OF driver helper
[    2.647603] renesas_sdhi_internal_dmac ee100000.mmc: Got WP GPIO
[    2.685590] renesas_sdhi_internal_dmac ee140000.mmc: mmc0 base at 0x00000000ee140000, max clock rate 200 MHz
[    2.685737] ledtrig-cpu: registered to indicate activity on CPUs
[    2.702413] SMCCC: SOC_ID: ARCH_SOC_ID not implemented, skipping ....
[    2.709472] usbcore: registered new interface driver usbhid
[    2.715048] usbhid: USB HID core driver
[    2.722671] optee: probing for conduit method.
[    2.727140] optee: revision 3.22 (314ecf9d)
[    2.727537] optee driver R-Car Rev.1.0.11
[    2.736041] optee: dynamic shared memory is enabled
[    2.741195] optee: initialized driver
[    2.755671] rcar_sound ec500000.sound: probed
[    2.760776] NET: Registered protocol family 17
[    2.765348] 9pnet: Installing 9P2000 support
[    2.769674] Key type dns_resolver registered
[    2.774332] registered taskstats version 1
[    2.775057] mmc0: new HS400 MMC card at address 0001
[    2.778443] Loading compiled-in X.509 certificates
[    2.788544] thermal emergency: set temperature to 110 celsius
[    2.789502] mmcblk0: mmc0:0001 BGSD4R 29.1 GiB 
[    2.794505] thermal emergency: shutdown target cpus 1-7
[    2.799214] mmcblk0boot0: mmc0:0001 BGSD4R partition 1 31.9 MiB
[    2.804088] thermal emergency: freq scaled target cpus 0
[    2.804464] renesas_irqc e61c0000.interrupt-controller: driving 6 irqs
[    2.810362] mmcblk0boot1: mmc0:0001 BGSD4R partition 2 31.9 MiB
[    2.828125] mmcblk0rpmb: mmc0:0001 BGSD4R partition 3 4.00 MiB, chardev (509:0)
[    2.837209]  mmcblk0: p1
[    2.859666] ehci-platform ee080100.usb: EHCI Host Controller
[    2.865360] ehci-platform ee080100.usb: new USB bus registered, assigned bus number 7
[    2.873272] ehci-platform ee080100.usb: irq 174, io mem 0xee080100
[    2.891649] ehci-platform ee080100.usb: USB 2.0 started, EHCI 1.10
[    2.898273] hub 7-0:1.0: USB hub found
[    2.902045] hub 7-0:1.0: 1 port detected
[    2.907154] ohci-platform ee080000.usb: Generic Platform OHCI controller
[    2.913880] ohci-platform ee080000.usb: new USB bus registered, assigned bus number 8
[    2.921761] ohci-platform ee080000.usb: irq 174, io mem 0xee080000
[    3.018267] hub 8-0:1.0: USB hub found
[    3.022039] hub 8-0:1.0: 1 port detected
[    3.027178] cpu cpu0: EM: created perf domain
[    3.032217] cpu cpu4: EM: created perf domain
[    3.042302] renesas_sdhi_internal_dmac ee160000.mmc: Got CD GPIO
[    3.043259] renesas_sdhi_internal_dmac ee100000.mmc: Got CD GPIO
[    3.045303] [drm] Initialized rcar-du 1.0.0 20130110 for feb00000.display on minor 0
[    3.045306] [drm] Device feb00000.display probed
[    3.048394] renesas_sdhi_internal_dmac ee160000.mmc: Got WP GPIO
[    3.054404] renesas_sdhi_internal_dmac ee100000.mmc: Got WP GPIO
[    3.111860] renesas_sdhi_internal_dmac ee160000.mmc: mmc2 base at 0x00000000ee160000, max clock rate 200 MHz
[    3.116485] Console: switching to colour frame buffer device 128x48
[    3.128176] renesas_sdhi_internal_dmac ee100000.mmc: mmc1 base at 0x00000000ee100000, max clock rate 200 MHz
[    3.160250] rcar-du feb00000.display: [drm] fb0: rcar-dudrmfb frame buffer device
[    3.173005] input: keys as /devices/platform/keys/input/input0
[    3.255277] Micrel KSZ9031 Gigabit PHY e6800000.ethernet-ffffffff:00: attached PHY driver [Micrel KSZ9031 Gigabit PHY] (mii_bus:phy_addr=e6800000.ethernet-ffffffff:00, irq=183)
[    9.805407] ravb e6800000.ethernet eth0: Link is Up - 1Gbps/Full - flow control off
[    9.831676] IP-Config: Guessing netmask 255.255.255.0
[    9.836839] IP-Config: Complete:
[    9.840152]      device=eth0, hwaddr=2e:09:0a:06:d4:ee, ipaddr=192.168.10.107, mask=255.255.255.0, gw=255.255.255.255
[    9.850964]      host=192.168.10.107, domain=, nis-domain=(none)
[    9.857092]      bootserver=255.255.255.255, rootserver=192.168.10.98, rootpath=
[    9.857740] ALSA device list:
[    9.868347]   No soundcards found.
[   10.916947] VFS: Mounted root (nfs4 filesystem) on device 0:22.
[   10.923458] devtmpfs: mounted
[   10.930682] Freeing unused kernel memory: 6080K
[   10.947901] Run /sbin/init as init process
[   11.126543] systemd[1]: System time before build time, advancing clock.
[   11.561290] NET: Registered protocol family 10
[   11.569655] Segment Routing with IPv6
[   11.603549] systemd[1]: systemd 244 running in system mode. (+PAM -AUDIT -SELINUX +IMA -APPARMOR -SMACK +SYSVINIT +UTMP -LIBCRYPTSETUP -GCRYPT -GNUTLS +ACL +XZ -LZ4 -SECCOMP +BLKID -ELFUTILS +KMOD -IDN2 -IDN -PCRE2 default-hierarchy=hybrid)
[   11.632287] systemd[1]: Detected architecture arm64.

Welcome to [1mPoky (Yocto Project Reference Distro) 3.1.11 (dunfell)[0m!

[   11.671165] systemd[1]: Set hostname to <salvator-x>.
[   11.759680] random: crng init done
[   12.380050] systemd[1]: system-getty.slice: unit configures an IP firewall, but the local system does not support BPF/cgroup firewalling.
[   12.401181] systemd[1]: (This warning is only shown for the first unit using IP firewalling.)
[   12.416012] systemd[1]: Created slice system-getty.slice.
[[0;32m  OK  [0m] Created slice [0;1;39msystem-getty.slice[0m.
[   12.440688] systemd[1]: Created slice system-serial\x2dgetty.slice.
[[0;32m  OK  [0m] Created slice [0;1;39msystem-serial\x2dgetty.slice[0m.
[   12.464867] systemd[1]: Created slice User and Session Slice.
[[0;32m  OK  [0m] Created slice [0;1;39mUser and Session Slice[0m.
[   12.488118] systemd[1]: Started Dispatch Password Requests to Console Directory Watch.
[[0;32m  OK  [0m] Started [0;1;39mDispatch Password â€¦ts to Console Directory Watch[0m.
[   12.516053] systemd[1]: Started Forward Password Requests to Wall Directory Watch.
[[0;32m  OK  [0m] Started [0;1;39mForward Password Râ€¦uests to Wall Directory Watch[0m.
[   12.543942] systemd[1]: Reached target Paths.
[[0;32m  OK  [0m] Reached target [0;1;39mPaths[0m.
[   12.567839] systemd[1]: Reached target Remote File Systems.
[[0;32m  OK  [0m] Reached target [0;1;39mRemote File Systems[0m.
[   12.591799] systemd[1]: Reached target Slices.
[[0;32m  OK  [0m] Reached target [0;1;39mSlices[0m.
[   12.615809] systemd[1]: Reached target Swap.
[[0;32m  OK  [0m] Reached target [0;1;39mSwap[0m.
[   12.642481] systemd[1]: Listening on RPCbind Server Activation Socket.
[[0;32m  OK  [0m] Listening on [0;1;39mRPCbind Server Activation Socket[0m.
[   12.671861] systemd[1]: Reached target RPC Port Mapper.
[[0;32m  OK  [0m] Reached target [0;1;39mRPC Port Mapper[0m.
[   12.696188] systemd[1]: Listening on initctl Compatibility Named Pipe.
[[0;32m  OK  [0m] Listening on [0;1;39minitctl Compatibility Named Pipe[0m.
[   12.725282] systemd[1]: Listening on Journal Audit Socket.
[[0;32m  OK  [0m] Listening on [0;1;39mJournal Audit Socket[0m.
[   12.753035] systemd[1]: Listening on Journal Socket (/dev/log).
[[0;32m  OK  [0m] Listening on [0;1;39mJournal Socket (/dev/log)[0m.
[   12.780499] systemd[1]: Listening on Journal Socket.
[[0;32m  OK  [0m] Listening on [0;1;39mJournal Socket[0m.
[   12.805463] systemd[1]: Listening on Network Service Netlink Socket.
[[0;32m  OK  [0m] Listening on [0;1;39mNetwork Service Netlink Socket[0m.
[   12.834833] systemd[1]: Listening on udev Control Socket.
[[0;32m  OK  [0m] Listening on [0;1;39mudev Control Socket[0m.
[   12.860323] systemd[1]: Listening on udev Kernel Socket.
[[0;32m  OK  [0m] Listening on [0;1;39mudev Kernel Socket[0m.
[   12.889295] systemd[1]: Mounting Huge Pages File System...
         Mounting [0;1;39mHuge Pages File System[0m...
[   12.917214] systemd[1]: Mounting POSIX Message Queue File System...
         Mounting [0;1;39mPOSIX Message Queue File System[0m...
[   12.949057] systemd[1]: Mounting Kernel Debug File System...
         Mounting [0;1;39mKernel Debug File System[0m...
[   12.980606] systemd[1]: Mounting Temporary Directory (/tmp)...
         Mounting [0;1;39mTemporary Directory (/tmp)[0m...
[   13.010429] systemd[1]: Starting Create list of static device nodes for the current kernel...
         Starting [0;1;39mCreate list of stâ€¦odes for the current kernel[0m...
[   13.044906] systemd[1]: Starting Start psplash boot splash screen...
         Starting [0;1;39mStart psplash boot splash screen[0m...
[   13.078527] systemd[1]: Starting RPC Bind...
         Starting [0;1;39mRPC Bind[0m...
[   13.101390] systemd[1]: Condition check resulted in File System Check on Root Device being skipped.
[   13.117592] systemd[1]: Starting Journal Service...
         Starting [0;1;39mJournal Service[0m...
[   13.146944] systemd[1]: Starting Load Kernel Modules...
         Starting [0;1;39mLoad Kernel Modules[0m...
[   13.172368] systemd[1]: Starting Remount Root and Kernel File Systems...
         Starting [0;1;39mRemount Root and Kernel File Systems[0m...
[   13.201617] systemd[1]: Starting udev Coldplug all Devices...
         Starting [0;1;39mudev Coldplug all Devices[0m...
[   13.228421] systemd[1]: Started Start psplash boot splash screen.
[[0;32m  OK  [0m] Started [0;1;39mStart psplash boot splash screen[0m.
[   13.252409] systemd[1]: Started RPC Bind.
[[0;32m  OK  [0m] Started [0;1;39mRPC Bind[0m.
[   13.272580] systemd[1]: Started Journal Service.
[[0;32m  OK  [0m] Started [0;1;39mJournal Service[0m.
[[0;32m  OK  [0m] Mounted [0;1;39mHuge Pages File System[0m.
[[0;32m  OK  [0m] Mounted [0;1;39mPOSIX Message Queue File System[0m.
[[0;32m  OK  [0m] Mounted [0;1;39mKernel Debug File System[0m.
[[0;32m  OK  [0m] Mounted [0;1;39mTemporary Directory (/tmp)[0m.
[[0;32m  OK  [0m] Started [0;1;39mCreate list of staâ€¦ nodes for the current kernel[0m.
[[0;32m  OK  [0m] Started [0;1;39mLoad Kernel Modules[0m.
[[0;32m  OK  [0m] Started [0;1;39mRemount Root and Kernel File Systems[0m.
         Mounting [0;1;39mKernel Configuration File System[0m...
[[0;32m  OK  [0m] Started [0;1;39mStart psplash-systâ€¦progress communication helper[0m.
         Starting [0;1;39mFlush Journal to Persistent Storage[0m...
[   13.483717] systemd-journald[339]: Received client request to flush runtime journal.
         Starting [0;1;39mApply Kernel Variables[0m...
         Starting [0;1;39mCreate Static Device Nodes in /dev[0m...
[[0;32m  OK  [0m] Mounted [0;1;39mKernel Configuration File System[0m.
[[0;32m  OK  [0m] Started [0;1;39mFlush Journal to Persistent Storage[0m.
[[0;32m  OK  [0m] Started [0;1;39mApply Kernel Variables[0m.
[[0;32m  OK  [0m] Started [0;1;39mCreate Static Device Nodes in /dev[0m.
[[0;32m  OK  [0m] Reached target [0;1;39mLocal File Systems (Pre)[0m.
         Mounting [0;1;39m/var/volatile[0m...
         Starting [0;1;39mudev Kernel Device Manager[0m...
[[0;32m  OK  [0m] Mounted [0;1;39m/var/volatile[0m.
         Starting [0;1;39mLoad/Save Random Seed[0m...
[[0;32m  OK  [0m] Reached target [0;1;39mLocal File Systems[0m.
         Starting [0;1;39mCreate Volatile Files and Directories[0m...
[[0;32m  OK  [0m] Started [0;1;39mLoad/Save Random Seed[0m.
[[0;32m  OK  [0m] Started [0;1;39mudev Coldplug all Devices[0m.
[[0;32m  OK  [0m] Started [0;1;39mudev Kernel Device Manager[0m.
         Starting [0;1;39mNetwork Service[0m...
[[0;32m  OK  [0m] Started [0;1;39mCreate Volatile Files and Directories[0m.
[[0;32m  OK  [0m] Started [0;1;39mNetwork Service[0m.
         Starting [0;1;39mNetwork Name Resolution[0m...
         Starting [0;1;39mNetwork Time Synchronization[0m...
         Starting [0;1;39mUpdate UTMP about System Boot/Shutdown[0m...
[[0;32m  OK  [0m] Started [0;1;39mUpdate UTMP about System Boot/Shutdown[0m.
[   14.077215] pwm-backlight: probe of backlight failed with error -16
[[0;32m  OK  [0m] Started [0;1;39mNetwork Time Synchronization[0m.
[[0;32m  OK  [0m] Reached target [0;1;39mSystem Initialization[0m.
[[0;32m  OK  [0m] Star[   14.177501] at24 7-0050: supply vcc not found, using dummy regulator
ted [0;1;39mDaily Cleanup of Temporary [   14.187461] at24 7-0050: 128 byte br24t01 EEPROM, writable, 8 bytes/write
Directories[0m.
[[0;32m  OK  [0m] Reached target [0;1;39mSystem Time Set[0m.
[[0;32m  OK  [0m] Reached target [0;1;39mSystem Time Synchronized[0m.
[[0;32m  OK  [0m] Reached target [0;1;39mTimers[0m.
[[0;32m  OK  [0m] Reached target [0;1;39mHardware activated USB gadget[0m.
[[0;32m  OK  [0m] Listening on [0;1;39mAvahi mDNS/DNS-SD Stack Activation Socket[0m.
[[0;32m  OK  [0m] Listening on [0;1;39mD-Bus System Message Bus Socket[0m.
[   14.338121] renesas_usb3 ee020000.usb: probed with phy
[   14.366575] ccree e6601000.crypto: ARM CryptoCell 630P Driver: HW version 0xAF400001/0xDCC63000, Driver version 5.0
[[0;32m  OK  [0m] Listening on [0;1;39mdropbear.socket[0m.
[   14.389806] ccree e6601000.crypto: ARM ccree device initialized
[   14.398815] xhci-hcd ee000000.usb: xHCI Host Controller
[[0;32m  OK  [0m] Reac[   14.405302] xhci-hcd ee000000.usb: new USB bus registered, assigned bus number 9
hed target [0;1;39mSockets[0m.
[[0;32m  OK  [0m] Reached target [0;1[   14.430291] xhci-hcd ee000000.usb: hcc params 0x014051ce hci version 0x100 quirks 0x0000000000830410
;39mBasic System[0m.
[   14.443228] xhci-hcd ee000000.usb: irq 172, io mem 0xee000000
[   14.450147] xhci-hcd ee000000.usb: xHCI Host Controller
[   14.455839] xhci-hcd ee000000.usb: new USB bus registered, assigned bus number 10
[   14.463408] xhci-hcd ee000000.usb: Host supports USB 3.0 SuperSpeed
[   14.472094] hub 9-0:1.0: USB hub found
[   14.476127] hub 9-0:1.0: 1 port detected
[   14.481681] usb usb10: We don't know the algorithms for LPM for this host, disabling LPM.
[   14.490405] hub 10-0:1.0: USB hub found
[   14.494310] hub 10-0:1.0: 1 port detected
[[0;32m  OK  [0m] Started [0;1;39mD-Bus System Message Bus[0m.
[[0;32m  OK  [0m] Started [0;1;39moptee services[0m.
         Starting [0;1;39mpvrinit.service[0m...
         Starting [0;1;39mPowerVR consumer services[0m...
         Starting [0;1;39mLogin Service[0m...
[[0;32m  OK  [0m] Started [0;1;39mNetwork Name Resolution[0m.
[[0;1;31mFAILED[0m] Failed to start [0;1;39mpvrinit.service[0m.
See 'systemctl status pvrinit.service' for details.
[[0;1;31mFAILED[0m] Failed to start [0;1;39mPowerVR consumer services[0m.
See 'systemctl status rc.pvr.service' for details.
[[0;1;38;5;185mDEPEND[0m] Dependency failed for [0;1;39mWeston Wayland Compositor[0m.
[[0;32m  OK  [0m] Started [0;1;39mLogin Service[0m.
[[0;32m  OK  [0m] Created slice [0;1;39msystem-weston.slice[0m.
[[0;32m  OK  [0m] Reached target [0;1;39mNetwork[0m.
[[0;32m  OK  [0m] Reached target [0;1;39mHost and Network Name Lookups[0m.
         Starting [0;1;39mAvahi mDNS/DNS-SD Stack[0m...
         Starting [0;1;39mset_default_governor.service[0m...
         Starting [0;1;39mPermit User Sessions[0m...
[[0;32m  OK  [0m] Started [0;1;39mXinetd A Powerful Replacement For Inetd[0m.
[   14.967967] rd 0-7: Disabling EAS, schedutil is mandatory
[[0;32m  OK  [0m] Started [0;1;39mPermit User Sessions[0m.
[[0;32m  OK  [0m] Started [0;1;39mAvahi mDNS/DNS-SD Stack[0m.
[[0;32m  OK  [0m] Started [0;1;39mGetty on tty1[0m.
[[0;32m  OK  [0m] Started [0;1;39mSerial Getty on ttySC0[0m.
[[0;32m  OK  [0m] Reached target [0;1;39mLogin Prompts[0m.
[[0;32m  OK  [0m] Started [0;1;39mset_default_governor.service[0m.
[[0;32m  OK  [0m] Reached target [0;1;39mMulti-User System[0m.
         Starting [0;1;39mUpdate UTMP about System Runlevel Changes[0m...
[[0;32m  OK  [0m] Started [0;1;39mUpdate UTMP about System Runlevel Changes[0m.

Poky (Yocto Project Reference Distro) 3.1.11 salvator-x ttySC0

salvator-x login: 
salvator-x login: root
[   17.045102] audit: type=1006 audit(1703064537.916:2): pid=512 uid=0 old-auid=4294967295 auid=0 tty=(none) old-ses=4294967295 ses=1 res=1
7[r[999;999H[6n8root@salvator-x:~# 
root@salvator-x:~# 
root@salvator-x:~# 
root@salvator-x:~# 
root@salvator-x:~# 
root@salvator-x:~# 
root@salvator-x:~# 
root@salvator-x:~# 
root@salvator-x:~# 
Prepare 


Plug in USB3 device


Press any button to continue

[   39.903801] SDHI0 VccQ: disabling
[   39.907200] SDHI3 VccQ: disabling
[  360.811654] usb 9-1: new high-speed USB device number 2 using xhci-hcd
[  360.982701] hub 9-1:1.0: USB hub found
[  360.987202] hub 9-1:1.0: 4 ports detected
[  361.100088] usb 10-1: new SuperSpeed Gen 1 USB device number 2 using xhci-hcd
[  361.141997] hub 10-1:1.0: USB hub found
[  361.146949] hub 10-1:1.0: 4 ports detected
[  361.291746] usb 9-1.2: new low-speed USB device number 3 using xhci-hcd
[  361.418437] input: PixArt Dell MS116 USB Optical Mouse as /devices/platform/soc/ee000000.usb/usb9/9-1/9-1.2/9-1.2:1.0/0003:413C:301A.0001/input/input1
[  361.432339] hid-generic 0003:413C:301A.0001: input: USB HID v1.11 Mouse [PixArt Dell MS116 USB Optical Mouse] on usb-ee000000.usb-1.2/input0
[  361.508567] usb 10-1.1: new SuperSpeed Gen 1 USB device number 3 using xhci-hcd
[  361.547397] usb-storage 10-1.1:1.0: USB Mass Storage device detected
[  361.554711] scsi host1: usb-storage 10-1.1:1.0
[  361.619679] usb 9-1.3: new low-speed USB device number 4 using xhci-hcd
[  361.778835] input: USB Keyboard as /devices/platform/soc/ee000000.usb/usb9/9-1/9-1.3/9-1.3:1.0/0003:04D9:A061.0002/input/input2
[  361.848080] hid-generic 0003:04D9:A061.0002: input: USB HID v1.10 Keyboard [USB Keyboard] on usb-ee000000.usb-1.3/input0
[  361.886387] input: USB Keyboard Consumer Control as /devices/platform/soc/ee000000.usb/usb9/9-1/9-1.3/9-1.3:1.1/0003:04D9:A061.0003/input/input3
[  361.955959] input: USB Keyboard System Control as /devices/platform/soc/ee000000.usb/usb9/9-1/9-1.3/9-1.3:1.1/0003:04D9:A061.0003/input/input5
[  361.969023] hid-generic 0003:04D9:A061.0003: input: USB HID v1.10 Device [USB Keyboard] on usb-ee000000.usb-1.3/input1
[  362.593790] scsi 1:0:0:0: Direct-Access     SanDisk  Extreme Pro      0    PQ: 0 ANSI: 6
[  362.604352] sd 1:0:0:0: [sda] 250085376 512-byte logical blocks: (128 GB/119 GiB)
[  362.613246] sd 1:0:0:0: [sda] Write Protect is off
[  362.619226] sd 1:0:0:0: [sda] Write cache: enabled, read cache: enabled, doesn't support DPO or FUA
[  362.660355]  sda: sda1
[  362.666016] sd 1:0:0:0: [sda] Attached SCSI removable disk

root@salvator-x:~# find /sys/devices/platform/soc/ee000000.usb/ -name product -p rint0 | xargs -0 grep "[Hh][uU][bB]"
/sys/devices/platform/soc/ee000000.usb/usb10/10-1/product:4-Port USB 3.0 Hub
/sys/devices/platform/soc/ee000000.usb/usb9/9-1/product:4-Port USB 2.0 Hub
root@salvator-x:~# 
root@salvator-x:~# find /sys/devices/platform/soc/ee000000.usb/ -name 'sd*'
/sys/devices/platform/soc/ee000000.usb/usb10/10-1/10-1.1/10-1.1:1.0/host1/target1:0:0/1:0:0:0/block/sda
/sys/devices/platform/soc/ee000000.usb/usb10/10-1/10-1.1/10-1.1:1.0/host1/target1:0:0/1:0:0:0/block/sda/sda1
root@salvator-x:~# 
root@salvator-x:~# mkdir -p /mnt/usb
root@salvator-x:~# 
root@salvator-x:~# mount /dev/sda1 /mnt/usb
[  368.533445] EXT4-fs (sda1): recovery complete
[  368.539103] EXT4-fs (sda1): mounted filesystem with ordered data mode. Opts: (null)
root@salvator-x:~# 
root@salvator-x:~# echo y | mkfs.ext4 /dev/sda1
mke2fs 1.45.4 (23-Sep-2019)
/dev/sda1 is mounted; will not make a filesystem here!
root@salvator-x:~# 
root@salvator-x:~# mount /dev/sda1 /mnt/usb
mount: /mnt/usb: /dev/sda1 already mounted on /mnt/usb.
root@salvator-x:~# 
root@salvator-x:~# dd if=/dev/urandom of=testdata bs=10M count=50
50+0 records in
50+0 records out
524288000 bytes (524 MB, 500 MiB) copied, 11.4864 s, 45.6 MB/s
root@salvator-x:~# 
root@salvator-x:~# cp testdata /mnt/usb/
root@salvator-x:~# 
root@salvator-x:~# umount /mnt/usb
root@salvator-x:~# 
Pull out USB3 device


Press any button to continue

[  407.157877] usb 9-1: USB disconnect, device number 2
[  407.162950] usb 9-1.2: USB disconnect, device number 3
[  407.193995] usb 9-1.3: USB disconnect, device number 4
[  407.915716] usb 10-1: USB disconnect, device number 2
[  407.920812] usb 10-1.1: USB disconnect, device number 3
[  407.927560] sd 1:0:0:0: [sda] Synchronizing SCSI cache
[  407.932861] sd 1:0:0:0: [sda] Synchronize Cache(10) failed: Result: hostbyte=0x01 driverbyte=0x00


----------Item 1----------


root@salvator-x:~# i2cset -f -y 7 0x30 0x20 0x0f
root@salvator-x:~# 


root@salvator-x:~# echo N > /sys/module/printk/parameters/console_suspend
root@salvator-x:~# 
root@salvator-x:~# echo mem > /sys/power/state
[  414.491787] PM: suspend entry (deep)
[  414.495452] Filesystems sync: 0.000 seconds
[  414.501356] Freezing user space processes ... (elapsed 0.001 seconds) done.
[  414.503003] OOM killer disabled.
[  414.503005] Freezing remaining freezable tasks ... (elapsed 0.001 seconds) done.
[  414.949918] ravb e6800000.ethernet eth0: Link is Down
[  414.964917] Disabling non-boot CPUs ...
[  414.969371] CPU1: shutdown
[  414.972099] psci: CPU1 killed (polled 0 ms)
[  414.977968] CPU2: shutdown
[  414.980700] psci: CPU2 killed (polled 0 ms)
[  414.986398] CPU3: shutdown
[  414.989125] psci: CPU3 killed (polled 0 ms)
[  414.995151] CPU4: shutdown
[  414.997880] psci: CPU4 killed (polled 0 ms)
[  415.003787] CPU5: shutdown
[  415.006501] psci: CPU5 killed (polled 0 ms)
[  415.012272] CPU6: shutdown
[  415.014983] psci: CPU6 killed (polled 0 ms)
[  415.020906] CPU7: shutdown
[  415.023619] psci: CPU7 killed (polled 0 ms)
 NOTICE:  BL2: R-Car Gen3 Initial Program Loader(CA57) Rev.4.0.0
NOTICE:  BL2: PRR is R-Car H3 Ver.3.0
NOTICE:  BL2: Board is Salvator-XS Rev.1.1
NOTICE:  BL2: Boot device is HyperFlash(160MHz)
NOTICE:  BL2: LCM state is CM
NOTICE:  AVS setting succeeded. DVFS_SetVID=0x53
NOTICE:  BL2: DDR3200(rev.0.42)
NOTICE:  BL2: [WARM_BOOT]
NOTICE:  BL2: DRAM Split is 4ch(DDR f)
NOTICE:  BL2: QoS is default setting(rev.0.11)
NOTICE:  BL2: DRAM refresh interval 1.95 usec
NOTICE:  BL2: Periodic Write DQ Training
NOTICE:  BL2: CH0: 400000000 - 47fffffff, 2 GiB
NOTICE:  BL2: CH1: 500000000 - 57fffffff, 2 GiB
NOTICE:  BL2: CH2: 600000000 - 67fffffff, 2 GiB
NOTICE:  BL2: CH3: 700000000 - 77fffffff, 2 GiB
NOTICE:  BL2: Lossy Decomp areas
NOTICE:       Entry 0: DCMPAREACRAx:0x80000540 DCMPAREACRBx:0x570
NOTICE:       Entry 1: DCMPAREACRAx:0x40000000 DCMPAREACRBx:0x0
NOTICE:       Entry 2: DCMPAREACRAx:0x20000000 DCMPAREACRBx:0x0
NOTICE:  BL2: FDT at 0xe6327f70
NOTICE:  BL2: v2.9(release):9cdb21f75
NOTICE:  BL2: Built : 05:25:39, Dec 19 2023
NOTICE:  BL2: Normal boot
[  415.028870] Enabling non-boot CPUs ...
[  415.032939] Detected PIPT I-cache on CPU1
[  415.032997] CPU1: Booted secondary processor 0x0000000001 [0x411fd073]
[  415.033467] CPU1 is up
[  415.046516] Detected PIPT I-cache on CPU2
[  415.046538] CPU2: Booted secondary processor 0x0000000002 [0x411fd073]
[  415.046811] CPU2 is up
[  415.059835] Detected PIPT I-cache on CPU3
[  415.059859] CPU3: Booted secondary processor 0x0000000003 [0x411fd073]
[  415.060135] CPU3 is up
[  415.073202] Detected VIPT I-cache on CPU4
[  415.073253] CPU4: Booted secondary processor 0x0000000100 [0x410fd034]
[  415.074179] CPU4 is up
[  415.087191] Detected VIPT I-cache on CPU5
[  415.087225] CPU5: Booted secondary processor 0x0000000101 [0x410fd034]
[  415.087796] CPU5 is up
[  415.100807] Detected VIPT I-cache on CPU6
[  415.100839] CPU6: Booted secondary processor 0x0000000102 [0x410fd034]
[  415.101424] CPU6 is up
[  415.114431] Detected VIPT I-cache on CPU7
[  415.114465] CPU7: Booted secondary processor 0x0000000103 [0x410fd034]
[  415.115073] CPU7 is up
[  415.188296] xhci-hcd ee000000.usb: xHC error in resume, USBSTS 0x401, Reinit
[  415.195342] usb usb9: root hub lost power or was reset
[  415.200463] usb usb10: root hub lost power or was reset
[  415.282706] Micrel KSZ9031 Gigabit PHY e6800000.ethernet-ffffffff:00: attached PHY driver [Micrel KSZ9031 Gigabit PHY] (mii_bus:phy_addr=e6800000.ethernet-ffffffff:00, irq=183)
[  415.393768] usb usb4: root hub lost power or was reset
[  415.399038] usb usb1: root hub lost power or was reset
[  415.485811] usb usb5: root hub lost power or was reset
[  415.490981] usb usb2: root hub lost power or was reset
[  415.577765] usb usb6: root hub lost power or was reset
[  415.583016] usb usb3: root hub lost power or was reset
[  415.701627] usb usb8: root hub lost power or was reset
[  415.706803] usb usb7: root hub lost power or was reset
[  415.719709] ata1: link resume succeeded after 1 retries
[  415.831246] ata1: SATA link down (SStatus 0 SControl 300)
[  415.850695] OOM killer enabled.
[  415.854575] Restarting tasks ... done.
root@salvator-x:~# [  415.860376] PM: suspend exit
[  423.254555] ravb e6800000.ethernet eth0: Link is Up - 1Gbps/Full - flow control off

root@salvator-x:~# echo "Wake up sucessfully"
Wake up sucessfully
root@salvator-x:~# 
Plug in USB3 device


Press any button to continue

[  438.039622] usb 9-1: new high-speed USB device number 5 using xhci-hcd
[  438.210651] hub 9-1:1.0: USB hub found
[  438.216165] hub 9-1:1.0: 4 ports detected
[  438.332036] usb 10-1: new SuperSpeed Gen 1 USB device number 4 using xhci-hcd
[  438.377957] hub 10-1:1.0: USB hub found
[  438.384163] hub 10-1:1.0: 4 ports detected
[  438.511714] usb 9-1.2: new low-speed USB device number 6 using xhci-hcd
[  438.643896] input: PixArt Dell MS116 USB Optical Mouse as /devices/platform/soc/ee000000.usb/usb9/9-1/9-1.2/9-1.2:1.0/0003:413C:301A.0004/input/input6
[  438.664841] hid-generic 0003:413C:301A.0004: input: USB HID v1.11 Mouse [PixArt Dell MS116 USB Optical Mouse] on usb-ee000000.usb-1.2/input0
[  438.748385] usb 10-1.1: new SuperSpeed Gen 1 USB device number 5 using xhci-hcd
[  438.787520] usb-storage 10-1.1:1.0: USB Mass Storage device detected
[  438.798502] scsi host1: usb-storage 10-1.1:1.0
[  438.863651] usb 9-1.3: new low-speed USB device number 7 using xhci-hcd
[  439.026807] input: USB Keyboard as /devices/platform/soc/ee000000.usb/usb9/9-1/9-1.3/9-1.3:1.0/0003:04D9:A061.0005/input/input7
[  439.104271] hid-generic 0003:04D9:A061.0005: input: USB HID v1.10 Keyboard [USB Keyboard] on usb-ee000000.usb-1.3/input0
[  439.146288] input: USB Keyboard Consumer Control as /devices/platform/soc/ee000000.usb/usb9/9-1/9-1.3/9-1.3:1.1/0003:04D9:A061.0006/input/input8
[  439.224048] input: USB Keyboard System Control as /devices/platform/soc/ee000000.usb/usb9/9-1/9-1.3/9-1.3:1.1/0003:04D9:A061.0006/input/input10
[  439.244725] hid-generic 0003:04D9:A061.0006: input: USB HID v1.10 Device [USB Keyboard] on usb-ee000000.usb-1.3/input1
[  439.809540] scsi 1:0:0:0: Direct-Access     SanDisk  Extreme Pro      0    PQ: 0 ANSI: 6
[  439.824470] sd 1:0:0:0: [sda] 250085376 512-byte logical blocks: (128 GB/119 GiB)
[  439.833733] sd 1:0:0:0: [sda] Write Protect is off
[  439.840882] sd 1:0:0:0: [sda] Write cache: enabled, read cache: enabled, doesn't support DPO or FUA
[  439.884704]  sda: sda1
[  439.892578] sd 1:0:0:0: [sda] Attached SCSI removable disk

root@salvator-x:~# find /sys/devices/platform/soc/ee000000.usb/ -name product -p rint0 | xargs -0 grep "[Hh][uU][bB]"
/sys/devices/platform/soc/ee000000.usb/usb10/10-1/product:4-Port USB 3.0 Hub
/sys/devices/platform/soc/ee000000.usb/usb9/9-1/product:4-Port USB 2.0 Hub
root@salvator-x:~# 
root@salvator-x:~# find /sys/devices/platform/soc/ee000000.usb/ -name 'sd*'
/sys/devices/platform/soc/ee000000.usb/usb10/10-1/10-1.1/10-1.1:1.0/host1/target1:0:0/1:0:0:0/block/sda
/sys/devices/platform/soc/ee000000.usb/usb10/10-1/10-1.1/10-1.1:1.0/host1/target1:0:0/1:0:0:0/block/sda/sda1
root@salvator-x:~# 
root@salvator-x:~# mount /dev/sda1 /mnt/usb
[  446.351416] EXT4-fs (sda1): mounted filesystem with ordered data mode. Opts: (null)
root@salvator-x:~# 
root@salvator-x:~# cp testdata /mnt/usb/testdata_from_nfs
root@salvator-x:~# 
root@salvator-x:~# cp /mnt/usb/testdata_from_nfs testdata_from_usb
root@salvator-x:~# 
root@salvator-x:~# cmp testdata testdata_from_usb
root@salvator-x:~# 
root@salvator-x:~# umount /mnt/usb
root@salvator-x:~# 

----------Item 2----------


root@salvator-x:~# find /sys/devices/platform/soc/ee000000.usb/ -name product -p rint0 | xargs -0 grep "[Hh][uU][bB]"
/sys/devices/platform/soc/ee000000.usb/usb10/10-1/product:4-Port USB 3.0 Hub
/sys/devices/platform/soc/ee000000.usb/usb9/9-1/product:4-Port USB 2.0 Hub
root@salvator-x:~# 
root@salvator-x:~# find /sys/devices/platform/soc/ee000000.usb/ -name 'sd*'
/sys/devices/platform/soc/ee000000.usb/usb10/10-1/10-1.1/10-1.1:1.0/host1/target1:0:0/1:0:0:0/block/sda
/sys/devices/platform/soc/ee000000.usb/usb10/10-1/10-1.1/10-1.1:1.0/host1/target1:0:0/1:0:0:0/block/sda/sda1
root@salvator-x:~# 
root@salvator-x:~# mount /dev/sda1 /mnt/usb
[  476.432121] EXT4-fs (sda1): mounted filesystem with ordered data mode. Opts: (null)
root@salvator-x:~# 
root@salvator-x:~# cp /mnt/usb/testdata testdata_from_usb &
[1] 641
root@salvator-x:~# 
root@salvator-x:~# i2cset -f -y 7 0x30 0x20 0x0f
root@salvator-x:~# 


root@salvator-x:~# echo N > /sys/module/printk/parameters/console_suspend
root@salvator-x:~# 
root@salvator-x:~# echo mem > /sys/power/state
[  481.944016] PM: suspend entry (deep)
[  485.403481] Filesystems sync: 3.454 seconds
[  485.409881] Freezing user space processes ... (elapsed 0.471 seconds) done.
[  485.889189] OOM killer disabled.
[  485.893105] Freezing remaining freezable tasks ... (elapsed 0.001 seconds) done.
[  485.919640] sd 1:0:0:0: [sda] Synchronizing SCSI cache
[  486.301171] ravb e6800000.ethernet eth0: Link is Down
[  486.316502] Disabling non-boot CPUs ...
[  486.320957] CPU1: shutdown
[  486.323682] psci: CPU1 killed (polled 0 ms)
[  486.329562] CPU2: shutdown
[  486.332292] psci: CPU2 killed (polled 0 ms)
[  486.337711] CPU3: shutdown
[  486.340439] psci: CPU3 killed (polled 0 ms)
[  486.346281] CPU4: shutdown
[  486.349024] psci: CPU4 killed (polled 0 ms)
[  486.354835] CPU5: shutdown
[  486.357564] psci: CPU5 killed (polled 0 ms)
[  486.363260] CPU6: shutdown
[  486.366021] psci: CPU6 killed (polled 0 ms)
[  486.371737] CPU7: shutdown
[  486.374446] psci: CPU7 killed (polled 0 ms)
 NOTICE:  BL2: R-Car Gen3 Initial Program Loader(CA57) Rev.4.0.0
NOTICE:  BL2: PRR is R-Car H3 Ver.3.0
NOTICE:  BL2: Board is Salvator-XS Rev.1.1
NOTICE:  BL2: Boot device is HyperFlash(160MHz)
NOTICE:  BL2: LCM state is CM
NOTICE:  AVS setting succeeded. DVFS_SetVID=0x53
NOTICE:  BL2: DDR3200(rev.0.42)
NOTICE:  BL2: [WARM_BOOT]
NOTICE:  BL2: DRAM Split is 4ch(DDR f)
NOTICE:  BL2: QoS is default setting(rev.0.11)
NOTICE:  BL2: DRAM refresh interval 1.95 usec
NOTICE:  BL2: Periodic Write DQ Training
NOTICE:  BL2: CH0: 400000000 - 47fffffff, 2 GiB
NOTICE:  BL2: CH1: 500000000 - 57fffffff, 2 GiB
NOTICE:  BL2: CH2: 600000000 - 67fffffff, 2 GiB
NOTICE:  BL2: CH3: 700000000 - 77fffffff, 2 GiB
NOTICE:  BL2: Lossy Decomp areas
NOTICE:       Entry 0: DCMPAREACRAx:0x80000540 DCMPAREACRBx:0x570
NOTICE:       Entry 1: DCMPAREACRAx:0x40000000 DCMPAREACRBx:0x0
NOTICE:       Entry 2: DCMPAREACRAx:0x20000000 DCMPAREACRBx:0x0
NOTICE:  BL2: FDT at 0xe6327f70
NOTICE:  BL2: v2.9(release):9cdb21f75
NOTICE:  BL2: Built : 05:25:39, Dec 19 2023
NOTICE:  BL2: Normal boot
[  486.379817] Enabling non-boot CPUs ...
[  486.383866] Detected PIPT I-cache on CPU1
[  486.383921] CPU1: Booted secondary processor 0x0000000001 [0x411fd073]
[  486.384450] CPU1 is up
[  486.397491] Detected PIPT I-cache on CPU2
[  486.397513] CPU2: Booted secondary processor 0x0000000002 [0x411fd073]
[  486.397801] CPU2 is up
[  486.410820] Detected PIPT I-cache on CPU3
[  486.410843] CPU3: Booted secondary processor 0x0000000003 [0x411fd073]
[  486.411130] CPU3 is up
[  486.424204] Detected VIPT I-cache on CPU4
[  486.424256] CPU4: Booted secondary processor 0x0000000100 [0x410fd034]
[  486.425244] CPU4 is up
[  486.438257] Detected VIPT I-cache on CPU5
[  486.438290] CPU5: Booted secondary processor 0x0000000101 [0x410fd034]
[  486.438889] CPU5 is up
[  486.451899] Detected VIPT I-cache on CPU6
[  486.451932] CPU6: Booted secondary processor 0x0000000102 [0x410fd034]
[  486.452569] CPU6 is up
[  486.465581] Detected VIPT I-cache on CPU7
[  486.465614] CPU7: Booted secondary processor 0x0000000103 [0x410fd034]
[  486.466290] CPU7 is up
[  486.543610] xhci-hcd ee000000.usb: xHC error in resume, USBSTS 0x401, Reinit
[  486.550681] usb usb9: root hub lost power or was reset
[  486.555806] usb usb10: root hub lost power or was reset
[  486.610492] Micrel KSZ9031 Gigabit PHY e6800000.ethernet-ffffffff:00: attached PHY driver [Micrel KSZ9031 Gigabit PHY] (mii_bus:phy_addr=e6800000.ethernet-ffffffff:00, irq=183)
[  486.725747] usb usb4: root hub lost power or was reset
[  486.731014] usb usb1: root hub lost power or was reset
[  486.817773] usb usb5: root hub lost power or was reset
[  486.823038] usb usb2: root hub lost power or was reset
[  486.909727] usb usb6: root hub lost power or was reset
[  486.914994] usb usb3: root hub lost power or was reset
[  486.976081] usb 9-1: reset high-speed USB device number 5 using xhci-hcd
[  487.033788] usb usb8: root hub lost power or was reset
[  487.038968] usb usb7: root hub lost power or was reset
[  487.051701] ata1: link resume succeeded after 1 retries
[  487.163150] ata1: SATA link down (SStatus 0 SControl 300)
[  487.264652] usb 10-1: reset SuperSpeed Gen 1 USB device number 4 using xhci-hcd
[  487.648050] usb 9-1.2: reset low-speed USB device number 6 using xhci-hcd
[  488.212071] usb 9-1.3: reset low-speed USB device number 7 using xhci-hcd
[  488.596356] usb 10-1.1: reset SuperSpeed Gen 1 USB device number 5 using xhci-hcd
[  488.631837] OOM killer enabled.
[  488.637603] Restarting tasks ... done.
[  488.645734] PM: suspend exit
[  495.168128] ravb e6800000.ethernet eth0: Link is Up - 1Gbps/Full - flow control off
[1]+  Done                    cp /mnt/usb/testdata testdata_from_usb
root@salvator-x:~# 
root@salvator-x:~# echo "Wake up sucessfully"
Wake up sucessfully
root@salvator-x:~# 
root@salvator-x:~# wait
root@salvator-x:~# 
root@salvator-x:~# cmp /mnt/usb/testdata testdata_from_usb
root@salvator-x:~# 
root@salvator-x:~# umount /mnt/usb
root@salvator-x:~# 

----------Item 3----------


root@salvator-x:~# find /sys/devices/platform/soc/ee000000.usb/ -name product -p rint0 | xargs -0 grep "[Hh][uU][bB]"
/sys/devices/platform/soc/ee000000.usb/usb10/10-1/product:4-Port USB 3.0 Hub
/sys/devices/platform/soc/ee000000.usb/usb9/9-1/product:4-Port USB 2.0 Hub
root@salvator-x:~# 
root@salvator-x:~# find /sys/devices/platform/soc/ee000000.usb/ -name 'sd*'
/sys/devices/platform/soc/ee000000.usb/usb10/10-1/10-1.1/10-1.1:1.0/host1/target1:0:0/1:0:0:0/block/sda
/sys/devices/platform/soc/ee000000.usb/usb10/10-1/10-1.1/10-1.1:1.0/host1/target1:0:0/1:0:0:0/block/sda/sda1
root@salvator-x:~# 
root@salvator-x:~# i2cset -f -y 7 0x30 0x20 0x0f
root@salvator-x:~# 
root@salvator-x:~# echo N > /sys/module/printk/parameters/console_suspend
root@salvator-x:~# 
root@salvator-x:~# mount /dev/sda1 /mnt/usb
[  515.456009] EXT4-fs (sda1): mounted filesystem with ordered data mode. Opts: (null)
root@salvator-x:~# 
root@salvator-x:~# cp testdata /mnt/usb/testdata_from_nfs &
[1] 685
root@salvator-x:~# 
root@salvator-x:~# echo mem > /sys/power/state
[  516.703959] PM: suspend entry (deep)
[  526.865774] Filesystems sync: 10.157 seconds
[  526.872260] Freezing user space processes ... (elapsed 0.001 seconds) done.
[  526.873981] OOM killer disabled.
[  526.873984] Freezing remaining freezable tasks ... (elapsed 0.001 seconds) done.
[  526.896950] sd 1:0:0:0: [sda] Synchronizing SCSI cache
[  527.323834] ravb e6800000.ethernet eth0: Link is Down
[  527.340172] Disabling non-boot CPUs ...
[  527.344613] CPU1: shutdown
[  527.347323] psci: CPU1 killed (polled 0 ms)
[  527.353151] CPU2: shutdown
[  527.355886] psci: CPU2 killed (polled 0 ms)
[  527.361485] CPU3: shutdown
[  527.364214] psci: CPU3 killed (polled 0 ms)
[  527.369835] CPU4: shutdown
[  527.372563] psci: CPU4 killed (polled 0 ms)
[  527.378134] CPU5: shutdown
[  527.380872] psci: CPU5 killed (polled 0 ms)
[  527.386414] CPU6: shutdown
[  527.389142] psci: CPU6 killed (polled 0 ms)
[  527.394762] CPU7: shutdown
[  527.397575] psci: CPU7 killed (polled 0 ms)
 NOTICE:  BL2: R-Car Gen3 Initial Program Loader(CA57) Rev.4.0.0
NOTICE:  BL2: PRR is R-Car H3 Ver.3.0
NOTICE:  BL2: Board is Salvator-XS Rev.1.1
NOTICE:  BL2: Boot device is HyperFlash(160MHz)
NOTICE:  BL2: LCM state is CM
NOTICE:  AVS setting succeeded. DVFS_SetVID=0x53
NOTICE:  BL2: DDR3200(rev.0.42)
NOTICE:  BL2: [WARM_BOOT]
NOTICE:  BL2: DRAM Split is 4ch(DDR f)
NOTICE:  BL2: QoS is default setting(rev.0.11)
NOTICE:  BL2: DRAM refresh interval 1.95 usec
NOTICE:  BL2: Periodic Write DQ Training
NOTICE:  BL2: CH0: 400000000 - 47fffffff, 2 GiB
NOTICE:  BL2: CH1: 500000000 - 57fffffff, 2 GiB
NOTICE:  BL2: CH2: 600000000 - 67fffffff, 2 GiB
NOTICE:  BL2: CH3: 700000000 - 77fffffff, 2 GiB
NOTICE:  BL2: Lossy Decomp areas
NOTICE:       Entry 0: DCMPAREACRAx:0x80000540 DCMPAREACRBx:0x570
NOTICE:       Entry 1: DCMPAREACRAx:0x40000000 DCMPAREACRBx:0x0
NOTICE:       Entry 2: DCMPAREACRAx:0x20000000 DCMPAREACRBx:0x0
NOTICE:  BL2: FDT at 0xe6327f70
NOTICE:  BL2: v2.9(release):9cdb21f75
NOTICE:  BL2: Built : 05:25:39, Dec 19 2023
NOTICE:  BL2: Normal boot
[  527.402609] Enabling non-boot CPUs ...
[  527.406666] Detected PIPT I-cache on CPU1
[  527.406720] CPU1: Booted secondary processor 0x0000000001 [0x411fd073]
[  527.407298] CPU1 is up
[  527.420347] Detected PIPT I-cache on CPU2
[  527.420370] CPU2: Booted secondary processor 0x0000000002 [0x411fd073]
[  527.420666] CPU2 is up
[  527.433688] Detected PIPT I-cache on CPU3
[  527.433711] CPU3: Booted secondary processor 0x0000000003 [0x411fd073]
[  527.434019] CPU3 is up
[  527.447085] Detected VIPT I-cache on CPU4
[  527.447137] CPU4: Booted secondary processor 0x0000000100 [0x410fd034]
[  527.448129] CPU4 is up
[  527.461147] Detected VIPT I-cache on CPU5
[  527.461180] CPU5: Booted secondary processor 0x0000000101 [0x410fd034]
[  527.461823] CPU5 is up
[  527.474834] Detected VIPT I-cache on CPU6
[  527.474868] CPU6: Booted secondary processor 0x0000000102 [0x410fd034]
[  527.475576] CPU6 is up
[  527.488582] Detected VIPT I-cache on CPU7
[  527.488616] CPU7: Booted secondary processor 0x0000000103 [0x410fd034]
[  527.489341] CPU7 is up
[  527.560846] xhci-hcd ee000000.usb: xHC error in resume, USBSTS 0x401, Reinit
[  527.567892] usb usb9: root hub lost power or was reset
[  527.573011] usb usb10: root hub lost power or was reset
[  527.630505] Micrel KSZ9031 Gigabit PHY e6800000.ethernet-ffffffff:00: attached PHY driver [Micrel KSZ9031 Gigabit PHY] (mii_bus:phy_addr=e6800000.ethernet-ffffffff:00, irq=183)
[  527.745719] usb usb4: root hub lost power or was reset
[  527.750976] usb usb1: root hub lost power or was reset
[  527.837590] usb usb5: root hub lost power or was reset
[  527.842856] usb usb2: root hub lost power or was reset
[  527.929744] usb usb6: root hub lost power or was reset
[  527.935016] usb usb3: root hub lost power or was reset
[  527.992073] usb 9-1: reset high-speed USB device number 5 using xhci-hcd
[  528.053683] usb usb8: root hub lost power or was reset
[  528.058955] usb usb7: root hub lost power or was reset
[  528.067648] ata1: link resume succeeded after 1 retries
[  528.179401] ata1: SATA link down (SStatus 0 SControl 300)
[  528.280747] usb 10-1: reset SuperSpeed Gen 1 USB device number 4 using xhci-hcd
[  528.663827] usb 9-1.2: reset low-speed USB device number 6 using xhci-hcd
[  529.227917] usb 9-1.3: reset low-speed USB device number 7 using xhci-hcd
[  529.612638] usb 10-1.1: reset SuperSpeed Gen 1 USB device number 5 using xhci-hcd
[  529.649779] OOM killer enabled.
[  529.653796] Restarting tasks ... done.
[1]+  Done                    cp testdata /mnt/usb/testdata_from_nfs
root@salvator-x:~# [  529.659801] PM: suspend exit
[  537.266662] ravb e6800000.ethernet eth0: Link is Up - 1Gbps/Full - flow control off

root@salvator-x:~# echo "Wake up sucessfully"
Wake up sucessfully
root@salvator-x:~# 
root@salvator-x:~# wait
root@salvator-x:~# 
root@salvator-x:~# cmp testdata /mnt/usb/testdata_from_nfs
root@salvator-x:~# 
root@salvator-x:~# umount /mnt/usb
root@salvator-x:~# 

----------Item 4----------


root@salvator-x:~# i2cset -f -y 7 0x30 0x20 0x0f
root@salvator-x:~# 


root@salvator-x:~# echo N > /sys/module/printk/parameters/console_suspend
root@salvator-x:~# 
root@salvator-x:~# echo mem > /sys/power/state
[  554.183658] PM: suspend entry (deep)
[  554.188355] Filesystems sync: 0.000 seconds
[  554.194674] Freezing user space processes ... (elapsed 0.001 seconds) done.
[  554.196432] OOM killer disabled.
[  554.196435] Freezing remaining freezable tasks ... (elapsed 0.001 seconds) done.
[  554.229482] sd 1:0:0:0: [sda] Synchronizing SCSI cache
[  554.625417] ravb e6800000.ethernet eth0: Link is Down
[  554.640346] Disabling non-boot CPUs ...
[  554.644795] CPU1: shutdown
[  554.647507] psci: CPU1 killed (polled 0 ms)
[  554.652965] CPU2: shutdown
[  554.655689] psci: CPU2 killed (polled 0 ms)
[  554.661096] CPU3: shutdown
[  554.663837] psci: CPU3 killed (polled 0 ms)
[  554.669417] CPU4: shutdown
[  554.672139] psci: CPU4 killed (polled 0 ms)
[  554.677505] CPU5: shutdown
[  554.680225] psci: CPU5 killed (polled 0 ms)
[  554.685418] CPU6: shutdown
[  554.688151] psci: CPU6 killed (polled 0 ms)
[  554.693581] CPU7: shutdown
[  554.696370] psci: CPU7 killed (polled 0 ms)
 NOTICE:  BL2: R-Car Gen3 Initial Program Loader(CA57) Rev.4.0.0
NOTICE:  BL2: PRR is R-Car H3 Ver.3.0
NOTICE:  BL2: Board is Salvator-XS Rev.1.1
NOTICE:  BL2: Boot device is HyperFlash(160MHz)
NOTICE:  BL2: LCM state is CM
NOTICE:  AVS setting succeeded. DVFS_SetVID=0x53
NOTICE:  BL2: DDR3200(rev.0.42)
NOTICE:  BL2: [WARM_BOOT]
NOTICE:  BL2: DRAM Split is 4ch(DDR f)
NOTICE:  BL2: QoS is default setting(rev.0.11)
NOTICE:  BL2: DRAM refresh interval 1.95 usec
NOTICE:  BL2: Periodic Write DQ Training
NOTICE:  BL2: CH0: 400000000 - 47fffffff, 2 GiB
NOTICE:  BL2: CH1: 500000000 - 57fffffff, 2 GiB
NOTICE:  BL2: CH2: 600000000 - 67fffffff, 2 GiB
NOTICE:  BL2: CH3: 700000000 - 77fffffff, 2 GiB
NOTICE:  BL2: Lossy Decomp areas
NOTICE:       Entry 0: DCMPAREACRAx:0x80000540 DCMPAREACRBx:0x570
NOTICE:       Entry 1: DCMPAREACRAx:0x40000000 DCMPAREACRBx:0x0
NOTICE:       Entry 2: DCMPAREACRAx:0x20000000 DCMPAREACRBx:0x0
NOTICE:  BL2: FDT at 0xe6327f70
NOTICE:  BL2: v2.9(release):9cdb21f75
NOTICE:  BL2: Built : 05:25:39, Dec 19 2023
NOTICE:  BL2: Normal boot
[  554.701218] Enabling non-boot CPUs ...
[  554.705272] Detected PIPT I-cache on CPU1
[  554.705331] CPU1: Booted secondary processor 0x0000000001 [0x411fd073]
[  554.705911] CPU1 is up
[  554.718958] Detected PIPT I-cache on CPU2
[  554.718980] CPU2: Booted secondary processor 0x0000000002 [0x411fd073]
[  554.719280] CPU2 is up
[  554.732326] Detected PIPT I-cache on CPU3
[  554.732349] CPU3: Booted secondary processor 0x0000000003 [0x411fd073]
[  554.732654] CPU3 is up
[  554.745724] Detected VIPT I-cache on CPU4
[  554.745776] CPU4: Booted secondary processor 0x0000000100 [0x410fd034]
[  554.746754] CPU4 is up
[  554.759769] Detected VIPT I-cache on CPU5
[  554.759803] CPU5: Booted secondary processor 0x0000000101 [0x410fd034]
[  554.760454] CPU5 is up
[  554.773470] Detected VIPT I-cache on CPU6
[  554.773504] CPU6: Booted secondary processor 0x0000000102 [0x410fd034]
[  554.774162] CPU6 is up
[  554.787171] Detected VIPT I-cache on CPU7
[  554.787204] CPU7: Booted secondary processor 0x0000000103 [0x410fd034]
[  554.787961] CPU7 is up
[  554.859383] xhci-hcd ee000000.usb: xHC error in resume, USBSTS 0x401, Reinit
[  554.866415] usb usb9: root hub lost power or was reset
[  554.871534] usb usb10: root hub lost power or was reset
[  554.998703] Micrel KSZ9031 Gigabit PHY e6800000.ethernet-ffffffff:00: attached PHY driver [Micrel KSZ9031 Gigabit PHY] (mii_bus:phy_addr=e6800000.ethernet-ffffffff:00, irq=183)
[  555.113679] usb usb4: root hub lost power or was reset
[  555.118967] usb usb1: root hub lost power or was reset
[  555.205706] usb usb5: root hub lost power or was reset
[  555.210881] usb usb2: root hub lost power or was reset
[  555.292258] usb 9-1: reset high-speed USB device number 5 using xhci-hcd
[  555.297675] usb usb6: root hub lost power or was reset
[  555.304250] usb usb3: root hub lost power or was reset
[  555.421617] usb usb8: root hub lost power or was reset
[  555.426786] usb usb7: root hub lost power or was reset
[  555.435526] ata1: link resume succeeded after 1 retries
[  555.546981] ata1: SATA link down (SStatus 0 SControl 300)
[  555.584718] usb 10-1: reset SuperSpeed Gen 1 USB device number 4 using xhci-hcd
[  555.967972] usb 9-1.2: reset low-speed USB device number 6 using xhci-hcd
[  556.536024] usb 9-1.3: reset low-speed USB device number 7 using xhci-hcd
[  556.920558] usb 10-1.1: reset SuperSpeed Gen 1 USB device number 5 using xhci-hcd
[  556.957218] OOM killer enabled.
[  556.961287] Restarting tasks ... done.
[  556.967383] PM: suspend exit
[  564.306787] ravb e6800000.ethernet eth0: Link is Up - 1Gbps/Full - flow control off
root@salvator-x:~# 
root@salvator-x:~# echo "Wake up sucessfully"
Wake up sucessfully
root@salvator-x:~# 
root@salvator-x:~# find /sys/devices/platform/soc/ee000000.usb/ -name product -p rint0 | xargs -0 grep "[Hh][uU][bB]"
/sys/devices/platform/soc/ee000000.usb/usb10/10-1/product:4-Port USB 3.0 Hub
/sys/devices/platform/soc/ee000000.usb/usb9/9-1/product:4-Port USB 2.0 Hub
root@salvator-x:~# 
root@salvator-x:~# find /sys/devices/platform/soc/ee000000.usb/ -name 'sd*'
/sys/devices/platform/soc/ee000000.usb/usb10/10-1/10-1.1/10-1.1:1.0/host1/target1:0:0/1:0:0:0/block/sda
/sys/devices/platform/soc/ee000000.usb/usb10/10-1/10-1.1/10-1.1:1.0/host1/target1:0:0/1:0:0:0/block/sda/sda1
root@salvator-x:~# 
root@salvator-x:~# mount /dev/sda1 /mnt/usb
[  573.790176] EXT4-fs (sda1): mounted filesystem with ordered data mode. Opts: (null)
root@salvator-x:~# 
root@salvator-x:~# cp testdata /mnt/usb/testdata_from_nfs
root@salvator-x:~# 
root@salvator-x:~# cp /mnt/usb/testdata_from_nfs testdata_from_usb
root@salvator-x:~# 
root@salvator-x:~# cmp testdata testdata_from_usb
root@salvator-x:~# 
root@salvator-x:~# umount /mnt/usb
root@salvator-x:~# 

----------Item 5----------


Pull out USB3 device


Press any button to continue

[  604.737278] usb 9-1: USB disconnect, device number 5
[  604.743372] usb 9-1.2: USB disconnect, device number 6
[  604.769895] usb 9-1.3: USB disconnect, device number 7
[  605.491583] usb 10-1: USB disconnect, device number 4
[  605.497686] usb 10-1.1: USB disconnect, device number 5
[  605.505219] sd 1:0:0:0: [sda] Synchronizing SCSI cache
[  605.511514] sd 1:0:0:0: [sda] Synchronize Cache(10) failed: Result: hostbyte=0x01 driverbyte=0x00

root@salvator-x:~# i2cset -f -y 7 0x30 0x20 0x0f
root@salvator-x:~# 


root@salvator-x:~# echo N > /sys/module/printk/parameters/console_suspend
root@salvator-x:~# 
root@salvator-x:~# echo mem > /sys/power/state
[  611.723748] PM: suspend entry (deep)
[  611.731175] Filesystems sync: 0.000 seconds
[  611.740373] Freezing user space processes ... (elapsed 0.002 seconds) done.
[  611.742500] OOM killer disabled.
[  611.742502] Freezing remaining freezable tasks ... (elapsed 0.002 seconds) done.
[  612.201439] ravb e6800000.ethernet eth0: Link is Down
[  612.216159] Disabling non-boot CPUs ...
[  612.220595] CPU1: shutdown
[  612.223306] psci: CPU1 killed (polled 0 ms)
[  612.229190] CPU2: shutdown
[  612.231914] psci: CPU2 killed (polled 0 ms)
[  612.237455] CPU3: shutdown
[  612.240185] psci: CPU3 killed (polled 0 ms)
[  612.245912] CPU4: shutdown
[  612.248636] psci: CPU4 killed (polled 0 ms)
[  612.254257] CPU5: shutdown
[  612.256995] psci: CPU5 killed (polled 0 ms)
[  612.262678] CPU6: shutdown
[  612.265404] psci: CPU6 killed (polled 0 ms)
[  612.271173] CPU7: shutdown
[  612.273992] psci: CPU7 killed (polled 0 ms)
 
Plug in USB3 device


Press any button to continue

NOTICE:  BL2: R-Car Gen3 Initial Program Loader(CA57) Rev.4.0.0
NOTICE:  BL2: PRR is R-Car H3 Ver.3.0
NOTICE:  BL2: Board is Salvator-XS Rev.1.1
NOTICE:  BL2: Boot device is HyperFlash(160MHz)
NOTICE:  BL2: LCM state is CM
NOTICE:  AVS setting succeeded. DVFS_SetVID=0x53
NOTICE:  BL2: DDR3200(rev.0.42)
NOTICE:  BL2: [WARM_BOOT]
NOTICE:  BL2: DRAM Split is 4ch(DDR f)
NOTICE:  BL2: QoS is default setting(rev.0.11)
NOTICE:  BL2: DRAM refresh interval 1.95 usec
NOTICE:  BL2: Periodic Write DQ Training
NOTICE:  BL2: CH0: 400000000 - 47fffffff, 2 GiB
NOTICE:  BL2: CH1: 500000000 - 57fffffff, 2 GiB
NOTICE:  BL2: CH2: 600000000 - 67fffffff, 2 GiB
NOTICE:  BL2: CH3: 700000000 - 77fffffff, 2 GiB
NOTICE:  BL2: Lossy Decomp areas
NOTICE:       Entry 0: DCMPAREACRAx:0x80000540 DCMPAREACRBx:0x570
NOTICE:       Entry 1: DCMPAREACRAx:0x40000000 DCMPAREACRBx:0x0
NOTICE:       Entry 2: DCMPAREACRAx:0x20000000 DCMPAREACRBx:0x0
NOTICE:  BL2: FDT at 0xe6327f70
NOTICE:  BL2: v2.9(release):9cdb21f75
NOTICE:  BL2: Built : 05:25:39, Dec 19 2023
NOTICE:  BL2: Normal boot
[  612.279140] Enabling non-boot CPUs ...
[  612.283201] Detected PIPT I-cache on CPU1
[  612.283256] CPU1: Booted secondary processor 0x0000000001 [0x411fd073]
[  612.283864] CPU1 is up
[  612.296897] Detected PIPT I-cache on CPU2
[  612.296920] CPU2: Booted secondary processor 0x0000000002 [0x411fd073]
[  612.297228] CPU2 is up
[  612.310254] Detected PIPT I-cache on CPU3
[  612.310278] CPU3: Booted secondary processor 0x0000000003 [0x411fd073]
[  612.310591] CPU3 is up
[  612.323671] Detected VIPT I-cache on CPU4
[  612.323722] CPU4: Booted secondary processor 0x0000000100 [0x410fd034]
[  612.324702] CPU4 is up
[  612.337720] Detected VIPT I-cache on CPU5
[  612.337753] CPU5: Booted secondary processor 0x0000000101 [0x410fd034]
[  612.338412] CPU5 is up
[  612.351419] Detected VIPT I-cache on CPU6
[  612.351452] CPU6: Booted secondary processor 0x0000000102 [0x410fd034]
[  612.352134] CPU6 is up
[  612.365148] Detected VIPT I-cache on CPU7
[  612.365182] CPU7: Booted secondary processor 0x0000000103 [0x410fd034]
[  612.365945] CPU7 is up
[  612.437987] xhci-hcd ee000000.usb: xHC error in resume, USBSTS 0x401, Reinit
[  612.445053] usb usb9: root hub lost power or was reset
[  612.450179] usb usb10: root hub lost power or was reset
[  612.506562] Micrel KSZ9031 Gigabit PHY e6800000.ethernet-ffffffff:00: attached PHY driver [Micrel KSZ9031 Gigabit PHY] (mii_bus:phy_addr=e6800000.ethernet-ffffffff:00, irq=183)
[  612.621645] usb usb4: root hub lost power or was reset
[  612.626927] usb usb1: root hub lost power or was reset
[  612.713642] usb usb5: root hub lost power or was reset
[  612.718913] usb usb2: root hub lost power or was reset
[  612.805657] usb usb6: root hub lost power or was reset
[  612.810834] usb usb3: root hub lost power or was reset
[  612.929504] usb usb8: root hub lost power or was reset
[  612.934794] usb usb7: root hub lost power or was reset
[  612.943484] ata1: link resume succeeded after 1 retries
[  613.055032] ata1: SATA link down (SStatus 0 SControl 300)
[  613.078403] OOM killer enabled.
[  613.082534] Restarting tasks ... done.
root@salvator-x:~# [  613.088673] PM: suspend exit
[  613.207514] usb 9-1: new high-speed USB device number 8 using xhci-hcd
[  613.380130] hub 9-1:1.0: USB hub found
[  613.388130] hub 9-1:1.0: 4 ports detected
[  613.496042] usb 10-1: new SuperSpeed Gen 1 USB device number 6 using xhci-hcd
[  613.544378] hub 10-1:1.0: USB hub found
[  613.552857] hub 10-1:1.0: 4 ports detected
[  613.691506] usb 9-1.2: new low-speed USB device number 9 using xhci-hcd
[  613.823409] input: PixArt Dell MS116 USB Optical Mouse as /devices/platform/soc/ee000000.usb/usb9/9-1/9-1.2/9-1.2:1.0/0003:413C:301A.0007/input/input11
[  613.843727] hid-generic 0003:413C:301A.0007: input: USB HID v1.11 Mouse [PixArt Dell MS116 USB Optical Mouse] on usb-ee000000.usb-1.2/input0
[  613.928242] usb 10-1.1: new SuperSpeed Gen 1 USB device number 7 using xhci-hcd
[  613.966395] usb-storage 10-1.1:1.0: USB Mass Storage device detected
[  613.976567] scsi host1: usb-storage 10-1.1:1.0
[  614.035522] usb 9-1.3: new low-speed USB device number 10 using xhci-hcd
[  614.198954] input: USB Keyboard as /devices/platform/soc/ee000000.usb/usb9/9-1/9-1.3/9-1.3:1.0/0003:04D9:A061.0008/input/input12
[  614.276125] hid-generic 0003:04D9:A061.0008: input: USB HID v1.10 Keyboard [USB Keyboard] on usb-ee000000.usb-1.3/input0
[  614.317889] input: USB Keyboard Consumer Control as /devices/platform/soc/ee000000.usb/usb9/9-1/9-1.3/9-1.3:1.1/0003:04D9:A061.0009/input/input13
[  614.395926] input: USB Keyboard System Control as /devices/platform/soc/ee000000.usb/usb9/9-1/9-1.3/9-1.3:1.1/0003:04D9:A061.0009/input/input15
[  614.415588] hid-generic 0003:04D9:A061.0009: input: USB HID v1.10 Device [USB Keyboard] on usb-ee000000.usb-1.3/input1
[  615.009572] scsi 1:0:0:0: Direct-Access     SanDisk  Extreme Pro      0    PQ: 0 ANSI: 6
[  615.023255] sd 1:0:0:0: [sda] 250085376 512-byte logical blocks: (128 GB/119 GiB)
[  615.035141] sd 1:0:0:0: [sda] Write Protect is off
[  615.044229] sd 1:0:0:0: [sda] Write cache: enabled, read cache: enabled, doesn't support DPO or FUA
[  615.107804]  sda: sda1
[  615.117542] sd 1:0:0:0: [sda] Attached SCSI removable disk
[  622.509008] ravb e6800000.ethernet eth0: Link is Up - 1Gbps/Full - flow control off

root@salvator-x:~# echo "Wake up sucessfully"
Wake up sucessfully
root@salvator-x:~# 
root@salvator-x:~# find /sys/devices/platform/soc/ee000000.usb/ -name product -p rint0 | xargs -0 grep "[Hh][uU][bB]"
/sys/devices/platform/soc/ee000000.usb/usb10/10-1/product:4-Port USB 3.0 Hub
/sys/devices/platform/soc/ee000000.usb/usb9/9-1/product:4-Port USB 2.0 Hub
root@salvator-x:~# 
root@salvator-x:~# find /sys/devices/platform/soc/ee000000.usb/ -name 'sd*'
/sys/devices/platform/soc/ee000000.usb/usb10/10-1/10-1.1/10-1.1:1.0/host1/target1:0:0/1:0:0:0/block/sda
/sys/devices/platform/soc/ee000000.usb/usb10/10-1/10-1.1/10-1.1:1.0/host1/target1:0:0/1:0:0:0/block/sda/sda1
root@salvator-x:~# 
root@salvator-x:~# mount /dev/sda1 /mnt/usb
[  632.065646] EXT4-fs (sda1): mounted filesystem with ordered data mode. Opts: (null)
root@salvator-x:~# 
root@salvator-x:~# cp testdata /mnt/usb/testdata_from_nfs
root@salvator-x:~# 
root@salvator-x:~# cp /mnt/usb/testdata_from_nfs testdata_from_usb
root@salvator-x:~# 
root@salvator-x:~# cmp testdata testdata_from_usb
root@salvator-x:~# 
root@salvator-x:~# umount /mnt/usb
root@salvator-x:~# 

----------Item 6----------


root@salvator-x:~# find /sys/devices/platform/soc/ee000000.usb/ -name product -p rint0 | xargs -0 grep "[Hh][uU][bB]"
/sys/devices/platform/soc/ee000000.usb/usb10/10-1/product:4-Port USB 3.0 Hub
/sys/devices/platform/soc/ee000000.usb/usb9/9-1/product:4-Port USB 2.0 Hub
root@salvator-x:~# 
root@salvator-x:~# find /sys/devices/platform/soc/ee000000.usb/ -name 'sd*'
/sys/devices/platform/soc/ee000000.usb/usb10/10-1/10-1.1/10-1.1:1.0/host1/target1:0:0/1:0:0:0/block/sda
/sys/devices/platform/soc/ee000000.usb/usb10/10-1/10-1.1/10-1.1:1.0/host1/target1:0:0/1:0:0:0/block/sda/sda1
root@salvator-x:~# 
root@salvator-x:~# i2cset -f -y 7 0x30 0x20 0x0f
root@salvator-x:~# 
root@salvator-x:~# echo N > /sys/module/printk/parameters/console_suspend
root@salvator-x:~# 
root@salvator-x:~# mount /dev/sda1 /mnt/usb
[  664.643344] EXT4-fs (sda1): mounted filesystem with ordered data mode. Opts: (null)
root@salvator-x:~# 
root@salvator-x:~# cp /mnt/usb/testdata testdata_from_usb &
[1] 755
root@salvator-x:~# 
root@salvator-x:~# echo mem > /sys/power/state
[  665.897868] PM: suspend entry (deep)
[  670.353717] Filesystems sync: 4.451 seconds
[  670.363265] Freezing user space processes ... (elapsed 0.002 seconds) done.
[  670.365531] OOM killer disabled.
[  670.365534] Freezing remaining freezable tasks ... (elapsed 0.002 seconds) done.
[  670.399594] sd 1:0:0:0: [sda] Synchronizing SCSI cache
[  670.813991] ravb e6800000.ethernet eth0: Link is Down
[  670.829528] Disabling non-boot CPUs ...
[  670.833976] CPU1: shutdown
[  670.836704] psci: CPU1 killed (polled 0 ms)
[  670.842445] CPU2: shutdown
[  670.845172] psci: CPU2 killed (polled 0 ms)
[  670.850870] CPU3: shutdown
[  670.853602] psci: CPU3 killed (polled 0 ms)
[  670.859251] CPU4: shutdown
[  670.861976] psci: CPU4 killed (polled 0 ms)
[  670.867637] CPU5: shutdown
[  670.870349] psci: CPU5 killed (polled 0 ms)
[  670.876014] CPU6: shutdown
[  670.878736] psci: CPU6 killed (polled 0 ms)
[  670.884573] CPU7: shutdown
[  670.887288] psci: CPU7 killed (polled 0 ms)
 
Pull out USB3 device

Press any button to continue
NOTICE:  BL2: R-Car Gen3 Initial Program Loader(CA57) Rev.4.0.0
NOTICE:  BL2: PRR is R-Car H3 Ver.3.0
NOTICE:  BL2: Board is Salvator-XS Rev.1.1
NOTICE:  BL2: Boot device is HyperFlash(160MHz)
NOTICE:  BL2: LCM state is CM
NOTICE:  AVS setting succeeded. DVFS_SetVID=0x53
NOTICE:  BL2: DDR3200(rev.0.42)
NOTICE:  BL2: [WARM_BOOT]
NOTICE:  BL2: DRAM Split is 4ch(DDR f)
NOTICE:  BL2: QoS is default setting(rev.0.11)
NOTICE:  BL2: DRAM refresh interval 1.95 usec
NOTICE:  BL2: Periodic Write DQ Training
NOTICE:  BL2: CH0: 400000000 - 47fffffff, 2 GiB
NOTICE:  BL2: CH1: 500000000 - 57fffffff, 2 GiB
NOTICE:  BL2: CH2: 600000000 - 67fffffff, 2 GiB
NOTICE:  BL2: CH3: 700000000 - 77fffffff, 2 GiB
NOTICE:  BL2: Lossy Decomp areas
NOTICE:       Entry 0: DCMPAREACRAx:0x80000540 DCMPAREACRBx:0x570
NOTICE:       Entry 1: DCMPAREACRAx:0x40000000 DCMPAREACRBx:0x0
NOTICE:       Entry 2: DCMPAREACRAx:0x20000000 DCMPAREACRBx:0x0
NOTICE:  BL2: FDT at 0xe6327f70
NOTICE:  BL2: v2.9(release):9cdb21f75
NOTICE:  BL2: Built : 05:25:39, Dec 19 2023
NOTICE:  BL2: Normal boot
[  670.892662] Enabling non-boot CPUs ...
[  670.896753] Detected PIPT I-cache on CPU1
[  670.896808] CPU1: Booted secondary processor 0x0000000001 [0x411fd073]
[  670.897394] CPU1 is up
[  670.910431] Detected PIPT I-cache on CPU2
[  670.910453] CPU2: Booted secondary processor 0x0000000002 [0x411fd073]
[  670.910769] CPU2 is up
[  670.923794] Detected PIPT I-cache on CPU3
[  670.923817] CPU3: Booted secondary processor 0x0000000003 [0x411fd073]
[  670.924129] CPU3 is up
[  670.937198] Detected VIPT I-cache on CPU4
[  670.937250] CPU4: Booted secondary processor 0x0000000100 [0x410fd034]
[  670.938218] CPU4 is up
[  670.951232] Detected VIPT I-cache on CPU5
[  670.951266] CPU5: Booted secondary processor 0x0000000101 [0x410fd034]
[  670.951955] CPU5 is up
[  670.964970] Detected VIPT I-cache on CPU6
[  670.965003] CPU6: Booted secondary processor 0x0000000102 [0x410fd034]
[  670.965723] CPU6 is up
[  670.978726] Detected VIPT I-cache on CPU7
[  670.978760] CPU7: Booted secondary processor 0x0000000103 [0x410fd034]
[  670.979542] CPU7 is up
[  671.051368] xhci-hcd ee000000.usb: xHC error in resume, USBSTS 0x401, Reinit
[  671.058414] usb usb9: root hub lost power or was reset
[  671.063533] usb usb10: root hub lost power or was reset
[  671.122385] Micrel KSZ9031 Gigabit PHY e6800000.ethernet-ffffffff:00: attached PHY driver [Micrel KSZ9031 Gigabit PHY] (mii_bus:phy_addr=e6800000.ethernet-ffffffff:00, irq=183)
[  671.237489] usb usb4: root hub lost power or was reset
[  671.242772] usb usb1: root hub lost power or was reset
[  671.329639] usb usb5: root hub lost power or was reset
[  671.334805] usb usb2: root hub lost power or was reset
[  671.421608] usb usb6: root hub lost power or was reset
[  671.426895] usb usb3: root hub lost power or was reset
[  671.545485] usb usb8: root hub lost power or was reset
[  671.550757] usb usb7: root hub lost power or was reset
[  671.563534] ata1: link resume succeeded after 1 retries
[  671.675056] ata1: SATA link down (SStatus 0 SControl 300)
[  674.131683] OOM killer enabled.
[  674.135801] Restarting tasks ... 
[  674.136031] usb 10-1: USB disconnect, device number 6
[  674.136370] usb 9-1: USB disconnect, device number 8
[  674.137112] done.
[  674.138712] sd 1:0:0:0: [sda] tag#0 UNKNOWN(0x2003) Result: hostbyte=0x07 driverbyte=0x00 cmd_age=0s
[  674.138722] sd 1:0:0:0: [sda] tag#0 CDB: opcode=0x28 28 00 00 37 42 00 00 02 00 00
[  674.138732] blk_update_request: I/O error, dev sda, sector 3621376 op 0x0:(READ) flags 0x84700 phys_seg 5 prio class 0
[  674.138817] sd 1:0:0:0: [sda] tag#0 UNKNOWN(0x2003) Result: hostbyte=0x07 driverbyte=0x00 cmd_age=0s
[  674.138823] sd 1:0:0:0: [sda] tag#0 CDB: opcode=0x28 28 00 00 37 44 00 00 02 00 00
[  674.138829] blk_update_request: I/O error, dev sda, sector 3621888 op 0x0:(READ) flags 0x80700 phys_seg 4 prio class 0
[  674.143717] usb 10-1.1: USB disconnect, device number 7
[  674.151084] usb 9-1.2: USB disconnect, device number 9
[  674.159511] sd 1:0:0:0: [sda] tag#0 UNKNOWN(0x2003) Result: hostbyte=0x01 driverbyte=0x00 cmd_age=0s
cp: [  674.247248] sd 1:0:0:0: [sda] tag#0 CDB: opcode=0x28 28 00 00 37 42 00 00 00 08 00
error reading '/mnt/usb/[  674.247256] blk_update_request: I/O error, dev sda, sector 3621376 op 0x0:(READ) flags 0x0 phys_seg 1 prio class 0
testdata': Input/output [  674.247309] blk_update_request: I/O error, dev sda, sector 0 op 0x1:(WRITE) flags 0x800 phys_seg 0 prio class 0
error
[  674.280316] usb 9-1.3: USB disconnect, device number 10
[  674.303260] PM: suspend exit
root@salvator-x:~# [  677.744436] ravb e6800000.ethernet eth0: Link is Up - 1Gbps/Full - flow control off

[1]+  Done(1)                 cp /mnt/usb/testdata testdata_from_usb
root@salvator-x:~# echo "Wake up sucessfully"
Wake up sucessfully
root@salvator-x:~# 
root@salvator-x:~# wait
root@salvator-x:~# 
root@salvator-x:~# cmp testdata testdata_from_usb
cmp: EOF on testdata_from_usb
root@salvator-x:~# 
root@salvator-x:~# umount /mnt/usb
[  690.788908] Buffer I/O error on dev sda1, logical block 196608, lost sync page write
[  690.797700] JBD2: Error -5 detected when updating journal superblock for sda1-8.
[  690.806103] Aborting journal on device sda1-8.
[  690.811558] Buffer I/O error on dev sda1, logical block 196608, lost sync page write
[  690.820339] JBD2: Error -5 detected when updating journal superblock for sda1-8.
root@salvator-x:~# 

----------Item 7----------


Plug in USB3 device


Press any button to continue

[  696.135458] usb 9-1: new high-speed USB device number 11 using xhci-hcd
[  696.306742] hub 9-1:1.0: USB hub found
[  696.312351] hub 9-1:1.0: 4 ports detected
[  696.423900] usb 10-1: new SuperSpeed Gen 1 USB device number 8 using xhci-hcd
[  696.469989] hub 10-1:1.0: USB hub found
[  696.475847] hub 10-1:1.0: 4 ports detected
[  696.615464] usb 9-1.2: new low-speed USB device number 12 using xhci-hcd
[  696.748001] input: PixArt Dell MS116 USB Optical Mouse as /devices/platform/soc/ee000000.usb/usb9/9-1/9-1.2/9-1.2:1.0/0003:413C:301A.000A/input/input16
[  696.769302] hid-generic 0003:413C:301A.000A: input: USB HID v1.11 Mouse [PixArt Dell MS116 USB Optical Mouse] on usb-ee000000.usb-1.2/input0
[  696.856277] usb 10-1.1: new SuperSpeed Gen 1 USB device number 9 using xhci-hcd
[  696.899413] usb-storage 10-1.1:1.0: USB Mass Storage device detected
[  696.910423] scsi host1: usb-storage 10-1.1:1.0
[  696.975606] usb 9-1.3: new low-speed USB device number 13 using xhci-hcd
[  697.137430] input: USB Keyboard as /devices/platform/soc/ee000000.usb/usb9/9-1/9-1.3/9-1.3:1.0/0003:04D9:A061.000B/input/input17
[  697.216021] hid-generic 0003:04D9:A061.000B: input: USB HID v1.10 Keyboard [USB Keyboard] on usb-ee000000.usb-1.3/input0
[  697.258250] input: USB Keyboard Consumer Control as /devices/platform/soc/ee000000.usb/usb9/9-1/9-1.3/9-1.3:1.1/0003:04D9:A061.000C/input/input18
[  697.335911] input: USB Keyboard System Control as /devices/platform/soc/ee000000.usb/usb9/9-1/9-1.3/9-1.3:1.1/0003:04D9:A061.000C/input/input20
[  697.356961] hid-generic 0003:04D9:A061.000C: input: USB HID v1.10 Device [USB Keyboard] on usb-ee000000.usb-1.3/input1
[  697.921119] scsi 1:0:0:0: Direct-Access     SanDisk  Extreme Pro      0    PQ: 0 ANSI: 6
[  697.935462] sd 1:0:0:0: [sda] 250085376 512-byte logical blocks: (128 GB/119 GiB)
[  697.944784] sd 1:0:0:0: [sda] Write Protect is off
[  697.951375] sd 1:0:0:0: [sda] Write cache: enabled, read cache: enabled, doesn't support DPO or FUA
[  697.995056]  sda: sda1
[  698.001103] sd 1:0:0:0: [sda] Attached SCSI removable disk

root@salvator-x:~# find /sys/devices/platform/soc/ee000000.usb/ -name product -p rint0 | xargs -0 grep "[Hh][uU][bB]"
/sys/devices/platform/soc/ee000000.usb/usb10/10-1/product:4-Port USB 3.0 Hub
/sys/devices/platform/soc/ee000000.usb/usb9/9-1/product:4-Port USB 2.0 Hub
root@salvator-x:~# 
root@salvator-x:~# find /sys/devices/platform/soc/ee000000.usb/ -name 'sd*'
/sys/devices/platform/soc/ee000000.usb/usb10/10-1/10-1.1/10-1.1:1.0/host1/target1:0:0/1:0:0:0/block/sda
/sys/devices/platform/soc/ee000000.usb/usb10/10-1/10-1.1/10-1.1:1.0/host1/target1:0:0/1:0:0:0/block/sda/sda1
root@salvator-x:~# 
root@salvator-x:~# i2cset -f -y 7 0x30 0x20 0x0f
root@salvator-x:~# 
root@salvator-x:~# echo N > /sys/module/printk/parameters/console_suspend
root@salvator-x:~# 
root@salvator-x:~# mount /dev/sda1 /mnt/usb
[  731.862102] EXT4-fs (sda1): recovery complete
[  731.868677] EXT4-fs (sda1): mounted filesystem with ordered data mode. Opts: (null)
root@salvator-x:~# 
root@salvator-x:~# cp testdata /mnt/usb/testdata_from_nfs &
[1] 792
root@salvator-x:~# 
root@salvator-x:~# echo mem > /sys/power/state
[  733.119808] PM: suspend entry (deep)
[  750.508262] Filesystems sync: 17.383 seconds
[  750.517807] Freezing user space processes ... (elapsed 0.002 seconds) done.
[  750.519951] OOM killer disabled.
[  750.519954] Freezing remaining freezable tasks ... (elapsed 0.002 seconds) done.
[  750.564047] sd 1:0:0:0: [sda] Synchronizing SCSI cache
[  750.961442] ravb e6800000.ethernet eth0: Link is Down
[  750.976905] Disabling non-boot CPUs ...
[  750.981358] CPU1: shutdown
[  750.984084] psci: CPU1 killed (polled 0 ms)
[  750.989965] CPU2: shutdown
[  750.992698] psci: CPU2 killed (polled 0 ms)
[  750.998121] CPU3: shutdown
[  751.000843] psci: CPU3 killed (polled 0 ms)
[  751.006627] CPU4: shutdown
[  751.009352] psci: CPU4 killed (polled 0 ms)
[  751.015128] CPU5: shutdown
[  751.017868] psci: CPU5 killed (polled 0 ms)
[  751.023628] CPU6: shutdown
[  751.026350] psci: CPU6 killed (polled 0 ms)
[  751.033094] CPU7: shutdown
[  751.035848] psci: CPU7 killed (polled 0 ms)
 
Pull out USB3 device


Press any button to continue

NOTICE:  BL2: R-Car Gen3 Initial Program Loader(CA57) Rev.4.0.0
NOTICE:  BL2: PRR is R-Car H3 Ver.3.0
NOTICE:  BL2: Board is Salvator-XS Rev.1.1
NOTICE:  BL2: Boot device is HyperFlash(160MHz)
NOTICE:  BL2: LCM state is CM
NOTICE:  AVS setting succeeded. DVFS_SetVID=0x53
NOTICE:  BL2: DDR3200(rev.0.42)
NOTICE:  BL2: [WARM_BOOT]
NOTICE:  BL2: DRAM Split is 4ch(DDR f)
NOTICE:  BL2: QoS is default setting(rev.0.11)
NOTICE:  BL2: DRAM refresh interval 1.95 usec
NOTICE:  BL2: Periodic Write DQ Training
NOTICE:  BL2: CH0: 400000000 - 47fffffff, 2 GiB
NOTICE:  BL2: CH1: 500000000 - 57fffffff, 2 GiB
NOTICE:  BL2: CH2: 600000000 - 67fffffff, 2 GiB
NOTICE:  BL2: CH3: 700000000 - 77fffffff, 2 GiB
NOTICE:  BL2: Lossy Decomp areas
NOTICE:       Entry 0: DCMPAREACRAx:0x80000540 DCMPAREACRBx:0x570
NOTICE:       Entry 1: DCMPAREACRAx:0x40000000 DCMPAREACRBx:0x0
NOTICE:       Entry 2: DCMPAREACRAx:0x20000000 DCMPAREACRBx:0x0
NOTICE:  BL2: FDT at 0xe6327f70
NOTICE:  BL2: v2.9(release):9cdb21f75
NOTICE:  BL2: Built : 05:25:39, Dec 19 2023
NOTICE:  BL2: Normal boot
[  751.041111] Enabling non-boot CPUs ...
[  751.045187] Detected PIPT I-cache on CPU1
[  751.045242] CPU1: Booted secondary processor 0x0000000001 [0x411fd073]
[  751.045816] CPU1 is up
[  751.058868] Detected PIPT I-cache on CPU2
[  751.058891] CPU2: Booted secondary processor 0x0000000002 [0x411fd073]
[  751.059200] CPU2 is up
[  751.072227] Detected PIPT I-cache on CPU3
[  751.072250] CPU3: Booted secondary processor 0x0000000003 [0x411fd073]
[  751.072575] CPU3 is up
[  751.085645] Detected VIPT I-cache on CPU4
[  751.085697] CPU4: Booted secondary processor 0x0000000100 [0x410fd034]
[  751.086679] CPU4 is up
[  751.099695] Detected VIPT I-cache on CPU5
[  751.099729] CPU5: Booted secondary processor 0x0000000101 [0x410fd034]
[  751.100389] CPU5 is up
[  751.113404] Detected VIPT I-cache on CPU6
[  751.113437] CPU6: Booted secondary processor 0x0000000102 [0x410fd034]
[  751.114134] CPU6 is up
[  751.127142] Detected VIPT I-cache on CPU7
[  751.127175] CPU7: Booted secondary processor 0x0000000103 [0x410fd034]
[  751.127937] CPU7 is up
[  751.199245] xhci-hcd ee000000.usb: xHC error in resume, USBSTS 0x401, Reinit
[  751.206280] usb usb9: root hub lost power or was reset
[  751.211398] usb usb10: root hub lost power or was reset
[  751.290527] Micrel KSZ9031 Gigabit PHY e6800000.ethernet-ffffffff:00: attached PHY driver [Micrel KSZ9031 Gigabit PHY] (mii_bus:phy_addr=e6800000.ethernet-ffffffff:00, irq=183)
[  751.405486] usb usb4: root hub lost power or was reset
[  751.410779] usb usb1: root hub lost power or was reset
[  751.497563] usb usb5: root hub lost power or was reset
[  751.502746] usb usb2: root hub lost power or was reset
[  751.589593] usb usb6: root hub lost power or was reset
[  751.594868] usb usb3: root hub lost power or was reset
[  751.713512] usb usb8: root hub lost power or was reset
[  751.718695] usb usb7: root hub lost power or was reset
[  751.727507] ata1: link resume succeeded after 1 retries
[  751.839028] ata1: SATA link down (SStatus 0 SControl 300)
[  754.290175] OOM killer enabled.
[  754.296882] Restarting tasks ... 
[  754.297277] usb 10-1: USB disconnect, device number 8
[  754.297373] usb 9-1: USB disconnect, device number 11
[  754.298154] done.
[  754.301670] usb 10-1.1: USB disconnect, device number 9
[  754.310158] usb 9-1.2: USB disconnect, device number 12
[  754.319709] blk_update_request: I/O error, dev sda, sector 0 op 0x1:(WRITE) flags 0x800 phys_seg 0 prio class 0
[  754.345481] PM: suspend exit
[  754.372303] usb 9-1.3: USB disconnect, device number 13
[  758.824304] ravb e6800000.ethernet eth0: Link is Up - 1Gbps/Full - flow control off
[1]+  Done                    cp testdata /mnt/usb/testdata_from_nfs
root@salvator-x:~# 
root@salvator-x:~# echo "Wake up sucessfully"
Wake up sucessfully
root@salvator-x:~# 
Plug in USB3 device


Press any button to continue

[  768.939424] usb 9-1: new high-speed USB device number 14 using xhci-hcd
[  769.110269] hub 9-1:1.0: USB hub found
[  769.115887] hub 9-1:1.0: 4 ports detected
[  769.227857] usb 10-1: new SuperSpeed Gen 1 USB device number 10 using xhci-hcd
[  769.273771] hub 10-1:1.0: USB hub found
[  769.279729] hub 10-1:1.0: 4 ports detected
[  769.419426] usb 9-1.2: new low-speed USB device number 15 using xhci-hcd
[  769.546493] input: PixArt Dell MS116 USB Optical Mouse as /devices/platform/soc/ee000000.usb/usb9/9-1/9-1.2/9-1.2:1.0/0003:413C:301A.000D/input/input21
[  769.562317] hid-generic 0003:413C:301A.000D: input: USB HID v1.11 Mouse [PixArt Dell MS116 USB Optical Mouse] on usb-ee000000.usb-1.2/input0
[  769.640243] usb 10-1.1: new SuperSpeed Gen 1 USB device number 11 using xhci-hcd
[  769.682231] usb-storage 10-1.1:1.0: USB Mass Storage device detected
[  769.690329] scsi host2: usb-storage 10-1.1:1.0
[  769.755432] usb 9-1.3: new low-speed USB device number 16 using xhci-hcd
[  769.920673] input: USB Keyboard as /devices/platform/soc/ee000000.usb/usb9/9-1/9-1.3/9-1.3:1.0/0003:04D9:A061.000E/input/input22
[  769.991959] hid-generic 0003:04D9:A061.000E: input: USB HID v1.10 Keyboard [USB Keyboard] on usb-ee000000.usb-1.3/input0
[  770.029971] input: USB Keyboard Consumer Control as /devices/platform/soc/ee000000.usb/usb9/9-1/9-1.3/9-1.3:1.1/0003:04D9:A061.000F/input/input23
[  770.103850] input: USB Keyboard System Control as /devices/platform/soc/ee000000.usb/usb9/9-1/9-1.3/9-1.3:1.1/0003:04D9:A061.000F/input/input25
[  770.119165] hid-generic 0003:04D9:A061.000F: input: USB HID v1.10 Device [USB Keyboard] on usb-ee000000.usb-1.3/input1
[  770.720895] scsi 2:0:0:0: Direct-Access     SanDisk  Extreme Pro      0    PQ: 0 ANSI: 6
[  770.732468] sd 2:0:0:0: [sdb] 250085376 512-byte logical blocks: (128 GB/119 GiB)
