NOTICE:  BL2: R-Car Gen3 Initial Program Loader(CA57) Rev.4.0.0
NOTICE:  BL2: PRR is R-Car M3N Ver.1.1
NOTICE:  BL2: Board is Salvator-XS Rev.1.0
NOTICE:  BL2: Boot device is HyperFlash(160MHz)
NOTICE:  BL2: LCM state is CM
NOTICE:  AVS setting succeeded. DVFS_SetVID=0x53
NOTICE:  BL2: DDR3200(rev.0.42)
NOTICE:  BL2: [COLD_BOOT]
NOTICE:  BL2: DRAM Split is OFF
NOTICE:  BL2: QoS is default setting(rev.0.09)
NOTICE:  BL2: DRAM refresh interval 1.95 usec
NOTICE:  BL2: Periodic Write DQ Training
NOTICE:  BL2: CH0: 400000000 - 47fffffff, 2 GiB
NOTICE:  BL2: Lossy Decomp areas
NOTICE:       Entry 0: DCMPAREACRAx:0x80000540 DCMPAREACRBx:0x570
NOTICE:       Entry 1: DCMPAREACRAx:0x40000000 DCMPAREACRBx:0x0
NOTICE:       Entry 2: DCMPAREACRAx:0x20000000 DCMPAREACRBx:0x0
NOTICE:  BL2: FDT at 0xe6324d78
NOTICE:  BL2: v2.9(release):9cdb21f75-dirty
NOTICE:  BL2: Built : 20:21:29, Jul 10 2024
NOTICE:  BL2: Normal boot
NOTICE:  BL2: dst=0xe6324600 src=0x8180000 len=512(0x200)
NOTICE:  BL2: dst=0x43f00000 src=0x8180400 len=6144(0x1800)
NOTICE:  rcar_file_len: len: 0x0003e000
NOTICE:  BL2: dst=0x44000000 src=0x81c0000 len=253952(0x3e000)
NOTICE:  rcar_file_len: len: 0x00200000
NOTICE:  BL2: dst=0x44100000 src=0x8200000 len=2097152(0x200000)
NOTICE:  rcar_file_len: len: 0x00100000
NOTICE:  BL2: dst=0x50000000 src=0x8640000 len=1048576(0x100000)
NOTICE:  BL2: Booting BL31


U-Boot 2020.10 (Jul 10 2024 - 20:21:46 +0000)

CPU: Renesas Electronics R8A77965 rev 1.1
Model: Renesas Salvator-X 2nd version board based on r8a77965
DRAM:  1.9 GiB
RAM Configuration:
Bank #0: 0x048000000 - 0x0bfffffff, 1.9 GiB

MMC:   sd@ee100000: 0, sd@ee140000: 1, sd@ee160000: 2
Loading Environment from MMC... OK
In:    serial@e6e88000
Out:   serial@e6e88000
Err:   serial@e6e88000
Net:   eth0: ethernet@e6800000
Hit any key to stop autoboot:  2  1  0 
=> reset     printenv
LONG_MODPROBE_bootargs=rw root=/dev/nfs nfsroot=192.168.8.8:/tftpboot/D3_thuan_ha/rootfs,nfsvers=4 ip=192.168.8.20 baudrate=115200
LONG_bootargs=rw root=/dev/nfs nfsroot=192.168.8.8:/tftpboot/long.trinh-tien/M3N_full/rootfs,nfsvers=4 ip=192.168.8.20 baudrate=115200
TRINH_bootargs=rw root=/dev/nfs nfsroot=192.168.8.8:/tftpboot/trinh.nguyen-tan/2024/M3N/rootfs,nfsvers=4 ip=192.168.8.10
baudrate=115200
bootargs=rw root=/dev/nfs nfsroot=192.168.8.8:/tftpboot/long.trinh-tien/M3N_full/rootfs,nfsvers=4 ip=192.168.8.20 baudrate=115200
bootargs_emmc=rw root=/dev/mmcblk0p1 rootwait
bootargs_sd0=rw root=/dev/mmcblk1p1 ip=192.168.8.37 rootwait
bootargs_vinh=rw root=/dev/nfs nfsroot=192.168.10.220:/data1/tftpboot/vinhsunguyen/bsp/m3n/rootfs,nfsvers=4 ip=192.168.10.155
bootcmd=usb start; run usb_LONG_boot; usb stop;
bootcmd_LONG_tftp=setenv bootargs ${LONG_bootargs} ; tftp 0x48080000 long.trinh-tien/M3N_full/Image ; tftp 0x48000000 long.trinh-tien/M3N_full/${dtb};booti 0x48080000 - 0x48000000
bootcmd_TRINH_tftp=setenv bootargs ${TRINH_bootargs} ; tftp 0x48080000 trinh.nguyen-tan/2024/M3N/Image ; tftp 0x48000000 trinh.nguyen-tan/2024/M3N/${dtb};booti 0x48080000 - 0x48000000
bootcmd_emmc=setenv bootargs ${bootargs_emmc};ext2load mmc 1:1 0x48080000 /boot/Image;ext2load mmc 1:1 0x48000000 /boot/${dtb};run booti_cmd
bootcmd_sd0=setenv bootargs ${bootargs_sd0};ext2load mmc 0:1 0x48080000 /boot/Image;ext2load mmc 0:1 0x48000000 /boot/${dtb};run booti_cmd
bootcmd_tftp=tftp 0x48080000 HVN/HuyNV/M3N_1/Image;tftp 0x48000000 HVN/HuyNV/M3N_1/${dtb};booti 0x48080000 - 0x48000000
bootcmd_vinh=setenv bootargs ${bootargs_vinh} ;tftp 0x48080000 ${vinhdir}/Image; tftp 0x48000000 ${vinhdir}/r8a77965-salvator-xs.dtb; run booti_cmd
bootdelay=2
booti_cmd=booti 0x48080000 - 0x48000000
bootm_size=0x10000000
dtb=r8a77965-salvator-xs.dtb
ethact=ethernet@e6800000
ethaddr=2E:09:0A:02:EE:7F
fdtcontroladdr=bbef0820
fileaddr=48080000
filesize=3257200
ipaddr=192.168.8.59
loadaddr=0x58000000
platform=r8a77965
serverip=192.168.8.8
stderr=serial@e6e88000
stdin=serial@e6e88000
stdout=serial@e6e88000
usb_LONG_boot=ext2load usb 0:1 0x48080000 Image; ext2load usb 0:1 0x48000000 r8a779m5-salvator-xs.dtb; booti 0x48080000 - 0x48000000
usb_pgood_delay=2000
ver=U-Boot 2020.10 (Jul 10 2024 - 20:21:46 +0000)
vinhdir=vinhsunguyen/bsp/pm-swwa/testspec/

Environment size: 2334/131068 bytes
=> reset
resetting ...
NOTICE:  BL2: R-Car Gen3 Initial Program Loader(CA57) Rev.4.0.0
NOTICE:  BL2: PRR is R-Car M3N Ver.1.1
NOTICE:  BL2: Board is Salvator-XS Rev.1.0
NOTICE:  BL2: Boot device is HyperFlash(160MHz)
NOTICE:  BL2: LCM state is CM
NOTICE:  AVS setting succeeded. DVFS_SetVID=0x53
NOTICE:  BL2: DDR3200(rev.0.42)
NOTICE:  BL2: [COLD_BOOT]
NOTICE:  BL2: DRAM Split is OFF
NOTICE:  BL2: QoS is default setting(rev.0.09)
NOTICE:  BL2: DRAM refresh interval 1.95 usec
NOTICE:  BL2: Periodic Write DQ Training
NOTICE:  BL2: CH0: 400000000 - 47fffffff, 2 GiB
NOTICE:  BL2: Lossy Decomp areas
NOTICE:       Entry 0: DCMPAREACRAx:0x80000540 DCMPAREACRBx:0x570
NOTICE:       Entry 1: DCMPAREACRAx:0x40000000 DCMPAREACRBx:0x0
NOTICE:       Entry 2: DCMPAREACRAx:0x20000000 DCMPAREACRBx:0x0
NOTICE:  BL2: FDT at 0xe6324d78
NOTICE:  BL2: v2.9(release):9cdb21f75-dirty
NOTICE:  BL2: Built : 20:21:29, Jul 10 2024
NOTICE:  BL2: Normal boot
NOTICE:  BL2: dst=0xe6324600 src=0x8180000 len=512(0x200)
NOTICE:  BL2: dst=0x43f00000 src=0x8180400 len=6144(0x1800)
NOTICE:  rcar_file_len: len: 0x0003e000
NOTICE:  BL2: dst=0x44000000 src=0x81c0000 len=253952(0x3e000)
NOTICE:  rcar_file_len: len: 0x00200000
NOTICE:  BL2: dst=0x44100000 src=0x8200000 len=2097152(0x200000)
NOTICE:  rcar_file_len: len: 0x00100000
NOTICE:  BL2: dst=0x50000000 src=0x8640000 len=1048576(0x100000)
NOTICE:  BL2: Booting BL31


U-Boot 2020.10 (Jul 10 2024 - 20:21:46 +0000)

CPU: Renesas Electronics R8A77965 rev 1.1
Model: Renesas Salvator-X 2nd version board based on r8a77965
DRAM:  1.9 GiB
RAM Configuration:
Bank #0: 0x048000000 - 0x0bfffffff, 1.9 GiB

MMC:   sd@ee100000: 0, sd@ee140000: 1, sd@ee160000: 2
Loading Environment from MMC... OK
In:    serial@e6e88000
Out:   serial@e6e88000
Err:   serial@e6e88000
Net:   eth0: ethernet@e6800000
Hit any key to stop autoboot:  2  1  0 
=> boot
starting USB...
Bus usb@ee000000: Register 2000120 NbrPorts 2
Starting the controller
USB XHCI 1.00
Bus usb@ee080100: USB EHCI 1.10
Bus usb@ee0a0100: USB EHCI 1.10
scanning bus usb@ee000000 for devices... 2 USB Device(s) found
scanning bus usb@ee080100 for devices... 1 USB Device(s) found
scanning bus usb@ee0a0100 for devices... 1 USB Device(s) found
       scanning usb for storage devices... 1 Storage Device(s) found
33712640 bytes read in 2042 ms (15.7 MiB/s)
71669 bytes read in 9 ms (7.6 MiB/s)
Moving Image from 0x48080000 to 0x48200000, end=4a2b0000
## Flattened Device Tree blob at 48000000
   Booting using the fdt blob at 0x48000000
   Loading Device Tree to 0000000053feb000, end 0000000053fff7f4 ... OK

Starting kernel ...

[    0.000000] Booting Linux on physical CPU 0x0000000000 [0x411fd073]
[    0.000000] Linux version 5.10.218-yocto-standard (oe-user@oe-host) (aarch64-poky-linux-gcc (GCC) 13.2.0, GNU ld (GNU Binutils) 2.42.0.20240216) #1 SMP PREEMPT Wed Jul 10 19:28:28 UTC 2024
[    0.000000] Machine model: Renesas Salvator-X 2nd version board based on r8a779m5
[    0.000000] efi: UEFI not found.
[    0.000000] Reserved memory: created CMA memory pool at 0x0000000057000000, size 16 MiB
[    0.000000] OF: reserved mem: initialized node linux,adsp@57000000, compatible id shared-dma-pool
[    0.000000] Reserved memory: created CMA memory pool at 0x0000000058000000, size 384 MiB
[    0.000000] OF: reserved mem: initialized node linux,cma@58000000, compatible id shared-dma-pool
[    0.000000] Reserved memory: created CMA memory pool at 0x0000000070000000, size 256 MiB
[    0.000000] OF: reserved mem: initialized node linux,multimedia@70000000, compatible id shared-dma-pool
[    0.000000] NUMA: No NUMA configuration found
[    0.000000] NUMA: Faking a node at [mem 0x0000000048000000-0x00000000bfffffff]
[    0.000000] NUMA: NODE_DATA [mem 0xbfbfcb00-0xbfbfefff]
[    0.000000] Zone ranges:
[    0.000000]   DMA      [mem 0x0000000048000000-0x00000000bfffffff]
[    0.000000]   DMA32    empty
[    0.000000]   Normal   empty
[    0.000000] Movable zone start for each node
[    0.000000] Early memory node ranges
[    0.000000]   node   0: [mem 0x0000000048000000-0x0000000053ffffff]
[    0.000000]   node   0: [mem 0x0000000054000000-0x0000000056ffffff]
[    0.000000]   node   0: [mem 0x0000000057000000-0x00000000bfffffff]
[    0.000000] Initmem setup node 0 [mem 0x0000000048000000-0x00000000bfffffff]
[    0.000000] psci: probing for conduit method from DT.
[    0.000000] psci: PSCIv1.1 detected in firmware.
[    0.000000] psci: Using standard PSCI v0.2 function IDs
[    0.000000] psci: Trusted OS resident on physical CPU 0x0
[    0.000000] psci: SMC Calling Convention v1.2
[    0.000000] percpu: Embedded 23 pages/cpu s56984 r8192 d29032 u94208
[    0.000000] Detected PIPT I-cache on CPU0
[    0.000000] CPU features: detected: EL2 vector hardening
[    0.000000] CPU features: detected: Spectre-v2
[    0.000000] CPU features: detected: ARM errata 1165522, 1319367, or 1530923
[    0.000000] CPU features: detected: Spectre-BHB
[    0.000000] CPU features: detected: ARM erratum 1742098
[    0.000000] Built 1 zonelists, mobility grouping on.  Total pages: 483840
[    0.000000] Policy zone: DMA
[    0.000000] Kernel command line: rw root=/dev/nfs nfsroot=192.168.8.8:/tftpboot/long.trinh-tien/M3N_full/rootfs,nfsvers=4 ip=192.168.8.20 baudrate=115200
[    0.000000] Dentry cache hash table entries: 262144 (order: 9, 2097152 bytes, linear)
[    0.000000] Inode-cache hash table entries: 131072 (order: 8, 1048576 bytes, linear)
[    0.000000] mem auto-init: stack:all(zero), heap alloc:off, heap free:off
[    0.000000] Memory: 1171500K/1966080K available (15552K kernel code, 2842K rwdata, 8248K rodata, 6144K init, 518K bss, 122836K reserved, 671744K cma-reserved)
[    0.000000] SLUB: HWalign=64, Order=0-3, MinObjects=0, CPUs=2, Nodes=1
[    0.000000] rcu: Preemptible hierarchical RCU implementation.
[    0.000000] rcu: 	RCU event tracing is enabled.
[    0.000000] rcu: 	RCU restricting CPUs from NR_CPUS=256 to nr_cpu_ids=2.
[    0.000000] 	Trampoline variant of Tasks RCU enabled.
[    0.000000] rcu: RCU calculated value of scheduler-enlistment delay is 25 jiffies.
[    0.000000] rcu: Adjusting geometry for rcu_fanout_leaf=16, nr_cpu_ids=2
[    0.000000] NR_IRQS: 64, nr_irqs: 64, preallocated irqs: 0
[    0.000000] arch_timer: cp15 timer(s) running at 8.32MHz (virt).
[    0.000000] clocksource: arch_sys_counter: mask: 0xffffffffffffff max_cycles: 0x1eb398c07, max_idle_ns: 440795202503 ns
[    0.000003] sched_clock: 56 bits at 8MHz, resolution 120ns, wraps every 2199023255503ns
[    0.000190] Console: colour dummy device 80x25
[    0.000380] printk: console [tty0] enabled
[    0.000451] Calibrating delay loop (skipped), value calculated using timer frequency.. 16.64 BogoMIPS (lpj=33280)
[    0.000466] pid_max: default: 32768 minimum: 301
[    0.000519] LSM: Security Framework initializing
[    0.000571] Mount-cache hash table entries: 4096 (order: 3, 32768 bytes, linear)
[    0.000591] Mountpoint-cache hash table entries: 4096 (order: 3, 32768 bytes, linear)
[    0.001748] rcu: Hierarchical SRCU implementation.
[    0.003011] Detected Renesas R-Car Gen3 r8a77965 ES1.1
[    0.004454] EFI services will not be available.
[    0.004626] smp: Bringing up secondary CPUs ...
[    0.005106] Detected PIPT I-cache on CPU1
[    0.005161] CPU1: Booted secondary processor 0x0000000001 [0x411fd073]
[    0.005238] smp: Brought up 1 node, 2 CPUs
[    0.005259] SMP: Total of 2 processors activated.
[    0.005267] CPU features: detected: 32-bit EL0 Support
[    0.005274] CPU features: detected: CRC32 instructions
[    0.005281] CPU features: detected: 32-bit EL1 Support
[    0.014877] CPU: All CPU(s) started at EL1
[    0.014935] alternatives: patching kernel code
[    0.015684] devtmpfs: initialized
[    0.020971] KASLR disabled due to lack of seed
[    0.021132] clocksource: jiffies: mask: 0xffffffff max_cycles: 0xffffffff, max_idle_ns: 7645041785100000 ns
[    0.021153] futex hash table entries: 512 (order: 3, 32768 bytes, linear)
[    0.029809] pinctrl core: initialized pinctrl subsystem
[    0.031112] DMI not present or invalid.
[    0.031594] NET: Registered protocol family 16
[    0.032573] DMA: preallocated 256 KiB GFP_KERNEL pool for atomic allocations
[    0.032683] DMA: preallocated 256 KiB GFP_KERNEL|GFP_DMA pool for atomic allocations
[    0.032786] DMA: preallocated 256 KiB GFP_KERNEL|GFP_DMA32 pool for atomic allocations
[    0.032854] audit: initializing netlink subsys (disabled)
[    0.033027] audit: type=2000 audit(0.032:1): state=initialized audit_enabled=0 res=1
[    0.034064] thermal_sys: Registered thermal governor 'power_allocator'
[    0.034473] cpuidle: using governor menu
[    0.034608] hw-breakpoint: found 6 breakpoint and 4 watchpoint registers.
[    0.034662] ASID allocator initialised with 65536 entries
[    0.035843] Serial: AMBA PL011 UART driver
[    0.070387] sh-pfc e6060000.pinctrl: r8a77965_pfc support registered
[    0.081573] HugeTLB registered 1.00 GiB page size, pre-allocated 0 pages
[    0.081595] HugeTLB registered 32.0 MiB page size, pre-allocated 0 pages
[    0.081603] HugeTLB registered 2.00 MiB page size, pre-allocated 0 pages
[    0.081610] HugeTLB registered 64.0 KiB page size, pre-allocated 0 pages
[    0.082487] cryptd: max_cpu_qlen set to 1000
[    0.084458] ACPI: Interpreter disabled.
[    0.087949] rcar_avs_init: cannot find compatible dts node
[    0.089428] iommu: Default domain type: Translated 
[    0.089937] ipmmu-vmsa e67b0000.iommu: IPMMU context 0 is reserved
[    0.090779] vgaarb: loaded
[    0.090992] SCSI subsystem initialized
[    0.091291] usbcore: registered new interface driver usbfs
[    0.091318] usbcore: registered new interface driver hub
[    0.091348] usbcore: registered new device driver usb
[    0.095154] i2c-sh_mobile e60b0000.i2c: I2C adapter 7, bus speed 400000 Hz
[    0.095743] mc: Linux media interface: v0.10
[    0.095769] videodev: Linux video capture interface: v2.00
[    0.095853] pps_core: LinuxPPS API ver. 1 registered
[    0.095862] pps_core: Software ver. 5.3.6 - Copyright 2005-2007 Rodolfo Giometti <giometti@linux.it>
[    0.095875] PTP clock support registered
[    0.096056] EDAC MC: Ver: 3.0.0
[    0.097809] FPGA manager framework
[    0.097877] Advanced Linux Sound Architecture Driver Initialized.
[    0.098511] clocksource: Switched to clocksource arch_sys_counter
[    0.098666] VFS: Disk quotas dquot_6.6.0
[    0.098715] VFS: Dquot-cache hash table entries: 512 (order 0, 4096 bytes)
[    0.098848] pnp: PnP ACPI: disabled
[    0.102370] NET: Registered protocol family 2
[    0.102575] IP idents hash table entries: 32768 (order: 6, 262144 bytes, linear)
[    0.103465] tcp_listen_portaddr_hash hash table entries: 1024 (order: 2, 16384 bytes, linear)
[    0.103503] TCP established hash table entries: 16384 (order: 5, 131072 bytes, linear)
[    0.103582] TCP bind hash table entries: 16384 (order: 6, 262144 bytes, linear)
[    0.103731] TCP: Hash tables configured (established 16384 bind 16384)
[    0.103835] UDP hash table entries: 1024 (order: 3, 32768 bytes, linear)
[    0.103877] UDP-Lite hash table entries: 1024 (order: 3, 32768 bytes, linear)
[    0.104007] NET: Registered protocol family 1
[    0.104394] RPC: Registered named UNIX socket transport module.
[    0.104411] RPC: Registered udp transport module.
[    0.104416] RPC: Registered tcp transport module.
[    0.104423] RPC: Registered tcp NFSv4.1 backchannel transport module.
[    0.104437] PCI: CLS 0 bytes, default 64
[    0.104932] hw perfevents: enabled with armv8_cortex_a57 PMU driver, 7 counters available
[    0.105423] kvm [1]: HYP mode not available
[    0.107877] Initialise system trusted keyrings
[    0.108035] workingset: timestamp_bits=42 max_order=19 bucket_order=0
[    0.111077] squashfs: version 4.0 (2009/01/31) Phillip Lougher
[    0.111570] NFS: Registering the id_resolver key type
[    0.111607] Key type id_resolver registered
[    0.111613] Key type id_legacy registered
[    0.111673] nfs4filelayout_init: NFSv4 File Layout Driver Registering...
[    0.111683] nfs4flexfilelayout_init: NFSv4 Flexfile Layout Driver Registering...
[    0.111814] 9p: Installing v9fs 9p2000 file system support
[    0.138143] Key type asymmetric registered
[    0.138160] Asymmetric key parser 'x509' registered
[    0.138197] Block layer SCSI generic (bsg) driver version 0.4 loaded (major 243)
[    0.138207] io scheduler mq-deadline registered
[    0.138217] io scheduler kyber registered
[    0.149713] gpio_rcar e6050000.gpio: driving 16 GPIOs
[    0.150077] gpio_rcar e6051000.gpio: driving 29 GPIOs
[    0.150393] gpio_rcar e6052000.gpio: driving 15 GPIOs
[    0.150736] gpio_rcar e6053000.gpio: driving 16 GPIOs
[    0.151017] gpio_rcar e6054000.gpio: driving 18 GPIOs
[    0.151296] gpio_rcar e6055000.gpio: driving 26 GPIOs
[    0.151566] gpio_rcar e6055400.gpio: driving 32 GPIOs
[    0.151838] gpio_rcar e6055800.gpio: driving 4 GPIOs
[    0.154471] rcar-pcie fe000000.pcie: host bridge /soc/pcie@fe000000 ranges:
[    0.154507] rcar-pcie fe000000.pcie:       IO 0x00fe100000..0x00fe1fffff -> 0x0000000000
[    0.154530] rcar-pcie fe000000.pcie:      MEM 0x00fe200000..0x00fe3fffff -> 0x00fe200000
[    0.154548] rcar-pcie fe000000.pcie:      MEM 0x0030000000..0x0037ffffff -> 0x0030000000
[    0.154562] rcar-pcie fe000000.pcie:      MEM 0x0038000000..0x003fffffff -> 0x0038000000
[    0.154578] rcar-pcie fe000000.pcie:   IB MEM 0x0040000000..0x00bfffffff -> 0x0040000000
[    0.154626] rcar-pcie fe000000.pcie: no pcie3v3 regulator found
[    0.154636] rcar-pcie fe000000.pcie: no pcie1v8 regulator found
[    0.222170] rcar-pcie fe000000.pcie: PCIe link down
[    0.222365] rcar-pcie ee800000.pcie: host bridge /soc/pcie@ee800000 ranges:
[    0.222390] rcar-pcie ee800000.pcie:       IO 0x00ee900000..0x00ee9fffff -> 0x0000000000
[    0.222410] rcar-pcie ee800000.pcie:      MEM 0x00eea00000..0x00eebfffff -> 0x00eea00000
[    0.222427] rcar-pcie ee800000.pcie:      MEM 0x00c0000000..0x00c7ffffff -> 0x00c0000000
[    0.222459] rcar-pcie ee800000.pcie:      MEM 0x00c8000000..0x00cfffffff -> 0x00c8000000
[    0.222476] rcar-pcie ee800000.pcie:   IB MEM 0x0040000000..0x00bfffffff -> 0x0040000000
[    0.222509] rcar-pcie ee800000.pcie: no pcie3v3 regulator found
[    0.222519] rcar-pcie ee800000.pcie: no pcie1v8 regulator found
[    0.290138] rcar-pcie ee800000.pcie: PCIe link down
[    0.292094] EINJ: ACPI disabled.
[    0.321409] Serial: 8250/16550 driver, 4 ports, IRQ sharing enabled
[    0.323622] SuperH (H)SCI(F) driver initialized
[    0.324059] e6550000.serial: ttySC1 at MMIO 0xe6550000 (irq = 36, base_baud = 0) is a hscif
[    0.324886] e6e88000.serial: ttySC0 at MMIO 0xe6e88000 (irq = 119, base_baud = 0) is a scif
[    1.394099] printk: console [ttySC0] enabled
[    1.399509] msm_serial: driver initialized
[    1.409064] rcar-dw-hdmi fead0000.hdmi: Detected HDMI TX controller v2.01a with HDCP (DWC HDMI 2.0 TX PHY)
[    1.419020] rcar-dw-hdmi fead0000.hdmi: registered DesignWare HDMI I2C bus driver
[    1.433097] loop: module loaded
[    1.437601] megasas: 07.714.04.00-rc1
[    1.443177] scsi host0: sata_rcar
[    1.446697] ata1: SATA max UDMA/133 irq 170
[    1.455410] tun: Universal TUN/TAP device driver, 1.6
[    1.461269] thunder_xcv, ver 1.0
[    1.464539] thunder_bgx, ver 1.0
[    1.467795] nicpf, ver 1.0
[    1.471622] hclge is initializing
[    1.474962] hns3: Hisilicon Ethernet Network Driver for Hip08 Family - version
[    1.482185] hns3: Copyright (c) 2017 Huawei Corporation.
[    1.487526] e1000: Intel(R) PRO/1000 Network Driver
[    1.492406] e1000: Copyright (c) 1999-2006 Intel Corporation.
[    1.498177] e1000e: Intel(R) PRO/1000 Network Driver
[    1.503142] e1000e: Copyright(c) 1999 - 2015 Intel Corporation.
[    1.509080] igb: Intel(R) Gigabit Ethernet Network Driver
[    1.514483] igb: Copyright (c) 2007-2014 Intel Corporation.
[    1.520071] igbvf: Intel(R) Gigabit Virtual Function Network Driver
[    1.526337] igbvf: Copyright (c) 2009 - 2012 Intel Corporation.
[    1.532597] sky2: driver version 1.30
[    1.540312] ravb e6800000.ethernet eth0: Base address at 0xe6800000, 2e:09:0a:02:ee:7f, IRQ 116.
[    1.550528] VFIO - User Level meta-driver version: 0.3
[    1.557442] ehci_hcd: USB 2.0 'Enhanced' Host Controller (EHCI) Driver
[    1.564000] ehci-pci: EHCI PCI platform driver
[    1.568472] ehci-platform: EHCI generic platform driver
[    1.574187] ehci-platform ee0a0100.usb: EHCI Host Controller
[    1.579880] ehci-platform ee0a0100.usb: new USB bus registered, assigned bus number 1
[    1.587783] ehci-platform ee0a0100.usb: irq 166, io mem 0xee0a0100
[    1.606451] ehci-platform ee0a0100.usb: USB 2.0 started, EHCI 1.10
[    1.613028] hub 1-0:1.0: USB hub found
[    1.616804] hub 1-0:1.0: 1 port detected
[    1.621216] ehci-orion: EHCI orion driver
[    1.625484] ehci-exynos: EHCI Exynos driver
[    1.629780] ohci_hcd: USB 1.1 'Open' Host Controller (OHCI) Driver
[    1.635995] ohci-pci: OHCI PCI platform driver
[    1.640495] ohci-platform: OHCI generic platform driver
[    1.646106] ohci-platform ee0a0000.usb: Generic Platform OHCI controller
[    1.652835] ohci-platform ee0a0000.usb: new USB bus registered, assigned bus number 2
[    1.660727] ohci-platform ee0a0000.usb: irq 166, io mem 0xee0a0000
[    1.756775] hub 2-0:1.0: USB hub found
[    1.760547] hub 2-0:1.0: 1 port detected
[    1.764905] ohci-exynos: OHCI Exynos driver
[    1.769771] xhci-hcd ee000000.usb: xHCI Host Controller
[    1.775029] xhci-hcd ee000000.usb: new USB bus registered, assigned bus number 3
[    1.783641] xhci-hcd ee000000.usb: hcc params 0x014051ce hci version 0x100 quirks 0x0000000000830410
[    1.792828] xhci-hcd ee000000.usb: irq 163, io mem 0xee000000
[    1.798705] xhci-hcd ee000000.usb: xHCI Host Controller
[    1.803946] xhci-hcd ee000000.usb: new USB bus registered, assigned bus number 4
[    1.811351] xhci-hcd ee000000.usb: Host supports USB 3.0 SuperSpeed
[    1.817982] hub 3-0:1.0: USB hub found
[    1.821762] hub 3-0:1.0: 1 port detected
[    1.825884] usb usb4: We don't know the algorithms for LPM for this host, disabling LPM.
[    1.834258] hub 4-0:1.0: USB hub found
[    1.838028] hub 4-0:1.0: 1 port detected
[    1.842821] usbcore: registered new interface driver usb-storage
[    1.850248] renesas_usbhs e6590000.usb: host probed
[    1.855167] renesas_usbhs e6590000.usb: no transceiver found
[    1.860906] renesas_usbhs e6590000.usb: gadget probed
[    1.866148] renesas_usbhs e6590000.usb: probed
[    1.866451] ata1: link resume succeeded after 1 retries
[    1.872666] i2c /dev entries driver
[    1.890409] cs2000-cp 2-004f: revision - C1
[    1.894691] i2c-rcar e6510000.i2c: probed
[    1.899620] pca953x 4-0020: supply vcc not found, using dummy regulator
[    1.906347] pca953x 4-0020: using no AI
[    1.911005] gpio-355 (PCIE/SATA switch): hogged as output/low
[    1.923200] i2c-rcar e66d8000.i2c: probed
[    1.928476] adv748x 4-0070: Endpoint /soc/i2c@e66d8000/video-receiver@70/port@7/endpoint on port 7
[    1.937482] adv748x 4-0070: Endpoint /soc/i2c@e66d8000/video-receiver@70/port@8/endpoint on port 8
[    1.946468] adv748x 4-0070: Endpoint /soc/i2c@e66d8000/video-receiver@70/port@a/endpoint on port 10
[    1.955537] adv748x 4-0070: Endpoint /soc/i2c@e66d8000/video-receiver@70/port@b/endpoint on port 11
[    1.964941] adv748x 4-0070: chip found @ 0xe0 revision 2143
[    1.982079] ata1: SATA link down (SStatus 0 SControl 300)
[    2.022278] rcar-csi2 fea80000.csi2: 1 lanes found
[    2.027582] rcar-csi2 feaa0000.csi2: 4 lanes found
[    2.037160] rcar-vin e6ef0000.video: Device registered as video0
[    2.043340] rcar-vin e6ef1000.video: Device registered as video1
[    2.049416] rcar-vin e6ef2000.video: Device registered as video2
[    2.055490] rcar-vin e6ef3000.video: Device registered as video3
[    2.061568] rcar-vin e6ef4000.video: Device registered as video4
[    2.067650] rcar-vin e6ef5000.video: Device registered as video5
[    2.073718] rcar-vin e6ef6000.video: Device registered as video6
[    2.079786] rcar-vin e6ef7000.video: Device registered as video7
[    2.086468] usb 3-1: new high-speed USB device number 2 using xhci-hcd
[    2.093100] usbcore: registered new interface driver uvcvideo
[    2.098886] USB Video Class driver (1.1.1)
[    2.105050] rcar_gen3_thermal e6198000.thermal: is using pseudo fixed FUSE values
[    2.117112] rcar_gen3_thermal e6198000.thermal: TSC0: Loaded 1 trip points
[    2.128445] rcar_gen3_thermal e6198000.thermal: TSC1: Loaded 1 trip points
[    2.139673] rcar_gen3_thermal e6198000.thermal: TSC2: Loaded 3 trip points
[    2.151174] sdhci: Secure Digital Host Controller Interface driver
[    2.157415] sdhci: Copyright(c) Pierre Ossman
[    2.162689] renesas_sdhi_internal_dmac ee100000.mmc: Got CD GPIO
[    2.168739] renesas_sdhi_internal_dmac ee100000.mmc: Got WP GPIO
[    2.179032] renesas_sdhi_internal_dmac ee140000.mmc: Adding to iommu group 0
[    2.186125] renesas_sdhi_internal_dmac ee140000.mmc: Using IPMMU context 1
[    2.241859] renesas_sdhi_internal_dmac ee140000.mmc: mmc0 base at 0x00000000ee140000, max clock rate 200 MHz
[    2.252469] renesas_sdhi_internal_dmac ee160000.mmc: Got CD GPIO
[    2.258537] renesas_sdhi_internal_dmac ee160000.mmc: Got WP GPIO
[    2.264348] usb-storage 3-1:1.0: USB Mass Storage device detected
[    2.271077] scsi host1: usb-storage 3-1:1.0
[    2.272616] Synopsys Designware Multimedia Card Interface Driver
[    2.282453] sdhci-pltfm: SDHCI platform and OF driver helper
[    2.289610] ledtrig-cpu: registered to indicate activity on CPUs
[    2.296373] SMCCC: SOC_ID: ARCH_SOC_ID not implemented, skipping ....
[    2.303362] usbcore: registered new interface driver usbhid
[    2.308969] usbhid: USB HID core driver
[    2.316025] optee: probing for conduit method.
[    2.320524] optee: revision 3.22 (314ecf9d)
[    2.320739] optee driver R-Car Rev.1.0.11
[    2.329141] optee: dynamic shared memory is enabled
[    2.334319] optee: initialized driver
[    2.348493] rcar_sound ec500000.sound: probed
[    2.353662] rcar_adsp_sound adsp_sound: probed
[    2.358510] NET: Registered protocol family 17
[    2.363072] 9pnet: Installing 9P2000 support
[    2.367449] Key type dns_resolver registered
[    2.372019] registered taskstats version 1
[    2.376166] Loading compiled-in X.509 certificates
[    2.389828] mmc0: new HS400 MMC card at address 0001
[    2.390399] thermal emergency: set temperature to 110 celsius
[    2.395541] mmcblk0: mmc0:0001 BGSD3R 29.1 GiB 
[    2.400832] thermal emergency: shutdown target cpus 1
[    2.405506] mmcblk0boot0: mmc0:0001 BGSD3R partition 1 16.0 MiB
[    2.410217] thermal emergency: freq scaled target cpus 0
[    2.410623] renesas_irqc e61c0000.interrupt-controller: driving 6 irqs
[    2.416470] mmcblk0boot1: mmc0:0001 BGSD3R partition 2 16.0 MiB
[    2.434077] mmcblk0rpmb: mmc0:0001 BGSD3R partition 3 4.00 MiB, chardev (509:0)
[    2.442684]  mmcblk0: p1 p2
[    2.462475] ehci-platform ee080100.usb: EHCI Host Controller
[    2.468171] ehci-platform ee080100.usb: new USB bus registered, assigned bus number 5
[    2.476082] ehci-platform ee080100.usb: irq 165, io mem 0xee080100
[    2.494449] ehci-platform ee080100.usb: USB 2.0 started, EHCI 1.10
[    2.501017] hub 5-0:1.0: USB hub found
[    2.504803] hub 5-0:1.0: 1 port detected
[    2.510345] ohci-platform ee080000.usb: Generic Platform OHCI controller
[    2.517099] ohci-platform ee080000.usb: new USB bus registered, assigned bus number 6
[    2.525011] ohci-platform ee080000.usb: irq 165, io mem 0xee080000
[    2.620816] hub 6-0:1.0: USB hub found
[    2.624603] hub 6-0:1.0: 1 port detected
[    2.630059] cpu cpu0: EM: created perf domain
[    2.636553] renesas_sdhi_internal_dmac ee100000.mmc: Got CD GPIO
[    2.642706] renesas_sdhi_internal_dmac ee100000.mmc: Got WP GPIO
[    2.697213] renesas_sdhi_internal_dmac ee100000.mmc: mmc1 base at 0x00000000ee100000, max clock rate 200 MHz
[    2.709121] renesas_sdhi_internal_dmac ee160000.mmc: Got CD GPIO
[    2.715215] renesas_sdhi_internal_dmac ee160000.mmc: Got WP GPIO
[    2.770190] renesas_sdhi_internal_dmac ee160000.mmc: mmc2 base at 0x00000000ee160000, max clock rate 200 MHz
[    2.791443] [drm] Initialized rcar-du 1.0.0 20130110 for feb00000.display on minor 0
[    2.799228] [drm] Device feb00000.display probed
[    2.955309] Console: switching to colour frame buffer device 128x48
[    2.978178] rcar-du feb00000.display: [drm] fb0: rcar-dudrmfb frame buffer device
[    2.988374] input: keys as /devices/platform/keys/input/input0
[    3.037504] Micrel KSZ9031 Gigabit PHY e6800000.ethernet-ffffffff:00: attached PHY driver [Micrel KSZ9031 Gigabit PHY] (mii_bus:phy_addr=e6800000.ethernet-ffffffff:00, irq=172)
[    3.050322] mmc1: new ultra high speed SDR104 SDHC card at address aaaa
[    3.060869] mmcblk1: mmc1:aaaa AGGCD 29.7 GiB 
[    3.068985]  mmcblk1: p1
[    3.301335] scsi 1:0:0:0: Direct-Access     Lexar    JD Secure II +   1100 PQ: 0 ANSI: 0 CCS
[    3.314279] sd 1:0:0:0: [sda] 1966080 512-byte logical blocks: (1.01 GB/960 MiB)
[    3.322453] sd 1:0:0:0: [sda] Write Protect is off
[    3.328297] sd 1:0:0:0: [sda] No Caching mode page found
[    3.333715] sd 1:0:0:0: [sda] Assuming drive cache: write through
[    3.348127]  sda: sda1 sda2
[    3.357168] sd 1:0:0:0: [sda] Attached SCSI removable disk
[    9.970882] ravb e6800000.ethernet eth0: Link is Up - 1Gbps/Full - flow control off
[    9.998481] IP-Config: Guessing netmask 255.255.255.0
[   10.003634] IP-Config: Complete:
[   10.006924]      device=eth0, hwaddr=2e:09:0a:02:ee:7f, ipaddr=192.168.8.20, mask=255.255.255.0, gw=255.255.255.255
[   10.019486]      host=192.168.8.20, domain=, nis-domain=(none)
[   10.027403]      bootserver=255.255.255.255, rootserver=192.168.8.8, rootpath=
[   10.027594] clk: Disabling unused clocks
[   10.043554] ALSA device list:
[   10.047621]   #0: rcar-sound
[   11.131271] VFS: Mounted root (nfs4 filesystem) on device 0:22.
[   11.140578] devtmpfs: mounted
[   11.147915] Freeing unused kernel memory: 6144K
[   11.158693] Run /sbin/init as init process
[   12.206493] random: crng init done
[   12.316743] systemd[1]: System time before build time, advancing clock.
[   12.525396] NET: Registered protocol family 10
[   12.531637] Segment Routing with IPv6
[   12.624424] systemd[1]: systemd 255.4^ running in system mode (+PAM -AUDIT -SELINUX -APPARMOR +IMA -SMACK +SECCOMP -GCRYPT -GNUTLS -OPENSSL +ACL +BLKID -CURL -ELFUTILS -FIDO2 -IDN2 -IDN -IPTC +KMOD -LIBCRYPTSETUP +LIBFDISK -PCRE2 -PWQUALITY -P11KIT -QRENCODE -TPM2 -BZIP2 -LZ4 -XZ -ZLIB +ZSTD -BPF_FRAMEWORK -XKBCOMMON +UTMP +SYSVINIT default-hierarchy=unified)
[   12.663045] systemd[1]: Detected architecture arm64.

Welcome to Poky (Yocto Project Reference Distro) 5.0 (scarthgap)!

[   12.711919] systemd[1]: Hostname set to <salvator-x>.
[   13.007966] systemd-sysv-generator[275]: SysV service '/etc/init.d/umountnfs.sh' lacks a native systemd unit file. ~ Automatically generating a unit file for compatibility. Please update package to include a native systemd unit file, in order to make it safe, robust and future-proof. ! This compatibility logic is deprecated, expect removal soon. !
[   13.075660] systemd-sysv-generator[275]: SysV service '/etc/init.d/set_default_governor.sh' lacks a native systemd unit file. ~ Automatically generating a unit file for compatibility. Please update package to include a native systemd unit file, in order to make it safe, robust and future-proof. ! This compatibility logic is deprecated, expect removal soon. !
[   13.142745] systemd-sysv-generator[275]: SysV service '/etc/init.d/umountfs' lacks a native systemd unit file. ~ Automatically generating a unit file for compatibility. Please update package to include a native systemd unit file, in order to make it safe, robust and future-proof. ! This compatibility logic is deprecated, expect removal soon. !
[   13.201720] systemd-sysv-generator[275]: SysV service '/etc/init.d/save-rtc.sh' lacks a native systemd unit file. ~ Automatically generating a unit file for compatibility. Please update package to include a native systemd unit file, in order to make it safe, robust and future-proof. ! This compatibility logic is deprecated, expect removal soon. !
[   13.253540] systemd-sysv-generator[275]: SysV service '/etc/init.d/reboot' lacks a native systemd unit file. ~ Automatically generating a unit file for compatibility. Please update package to include a native systemd unit file, in order to make it safe, robust and future-proof. ! This compatibility logic is deprecated, expect removal soon. !
[   13.300405] systemd-sysv-generator[275]: SysV service '/etc/init.d/halt' lacks a native systemd unit file. ~ Automatically generating a unit file for compatibility. Please update package to include a native systemd unit file, in order to make it safe, robust and future-proof. ! This compatibility logic is deprecated, expect removal soon. !
[   13.339516] systemd-sysv-generator[275]: SysV service '/etc/init.d/sendsigs' lacks a native systemd unit file. ~ Automatically generating a unit file for compatibility. Please update package to include a native systemd unit file, in order to make it safe, robust and future-proof. ! This compatibility logic is deprecated, expect removal soon. !
[   13.383235] systemd-sysv-generator[275]: SysV service '/etc/init.d/single' lacks a native systemd unit file. ~ Automatically generating a unit file for compatibility. Please update package to include a native systemd unit file, in order to make it safe, robust and future-proof. ! This compatibility logic is deprecated, expect removal soon. !
[   13.421302] systemd-sysv-generator[275]: SysV service '/etc/init.d/pvrinit' lacks a native systemd unit file. ~ Automatically generating a unit file for compatibility. Please update package to include a native systemd unit file, in order to make it safe, robust and future-proof. ! This compatibility logic is deprecated, expect removal soon. !
[   13.473949] systemd-sysv-generator[275]: SysV service '/etc/init.d/dropbear' lacks a native systemd unit file. ~ Automatically generating a unit file for compatibility. Please update package to include a native systemd unit file, in order to make it safe, robust and future-proof. ! This compatibility logic is deprecated, expect removal soon. !
[   15.319367] systemd[1]: Queued start job for default target Graphical Interface.
[   15.426998] systemd[1]: Created slice Slice /system/getty.
[  OK  ] Created slice Slice /system/getty.
[   15.453322] systemd[1]: Created slice Slice /system/modprobe.
[  OK  ] Created slice Slice /system/modprobe.
[   15.485499] systemd[1]: Created slice Slice /system/serial-getty.
[  OK  ] Created slice Slice /system/serial-getty.
[   15.512560] systemd[1]: Created slice User and Session Slice.
[  OK  ] Created slice User and Session Slice.
[   15.539180] systemd[1]: Started Dispatch Password Requests to Console Directory Watch.
[  OK  ] Started Dispatch Password Requests to Console Directory Watch.
[   15.571022] systemd[1]: Started Forward Password Requests to Wall Directory Watch.
[  OK  ] Started Forward Password Requests to Wall Directory Watch.
[   15.598875] systemd[1]: Reached target Path Units.
[  OK  ] Reached target Path Units.
[   15.622678] systemd[1]: Reached target Remote File Systems.
[  OK  ] Reached target Remote File Systems.
[   15.646659] systemd[1]: Reached target Slice Units.
[  OK  ] Reached target Slice Units.
[   15.670672] systemd[1]: Reached target Swaps.
[  OK  ] Reached target Swaps.
[   15.698540] systemd[1]: Listening on RPCbind Server Activation Socket.
[  OK  ] Listening on RPCbind Server Activation Socket.
[   15.726766] systemd[1]: Reached target RPC Port Mapper.
[  OK  ] Reached target RPC Port Mapper.
[   15.761090] systemd[1]: Listening on Syslog Socket.
[  OK  ] Listening on Syslog Socket.
[   15.783170] systemd[1]: Listening on initctl Compatibility Named Pipe.
[  OK  ] Listening on initctl Compatibility Named Pipe.
[   15.814308] systemd[1]: Listening on Journal Audit Socket.
[  OK  ] Listening on Journal Audit Socket.
[   15.835537] systemd[1]: Listening on Journal Socket (/dev/log).
[  OK  ] Listening on Journal Socket (/dev/log).
[   15.859665] systemd[1]: Listening on Journal Socket.
[  OK  ] Listening on Journal Socket.
[   15.886127] systemd[1]: Listening on Network Service Netlink Socket.
[  OK  ] Listening on Network Service Netlink Socket.
[   15.920439] systemd[1]: Listening on udev Control Socket.
[  OK  ] Listening on udev Control Socket.
[   15.943496] systemd[1]: Listening on udev Kernel Socket.
[  OK  ] Listening on udev Kernel Socket.
[   15.969996] systemd[1]: Listening on User Database Manager Socket.
[  OK  ] Listening on User Database Manager Socket.
[   16.004126] systemd[1]: Mounting Huge Pages File System...
         Mounting Huge Pages File System...
[   16.034313] systemd[1]: Mounting POSIX Message Queue File System...
         Mounting POSIX Message Queue File System...
[   16.067524] systemd[1]: Mounting Kernel Debug File System...
         Mounting Kernel Debug File System...
[   16.091009] systemd[1]: Kernel Trace File System was skipped because of an unmet condition check (ConditionPathExists=/sys/kernel/tracing).
[   16.123688] systemd[1]: Mounting Temporary Directory /tmp...
         Mounting Temporary Directory /tmp...
[   16.149508] systemd[1]: Create List of Static Device Nodes was skipped because of an unmet condition check (ConditionFileNotEmpty=/lib/modules/5.10.218-yocto-standard/modules.devname).
[   16.171817] systemd[1]: Starting Load Kernel Module configfs...
         Starting Load Kernel Module configfs...
[   16.198479] systemd[1]: Starting Load Kernel Module drm...
         Starting Load Kernel Module drm...
[   16.222080] systemd[1]: Starting Load Kernel Module fuse...
         Starting Load Kernel Module fuse...
[   16.248697] systemd[1]: Starting RPC Bind...
         Starting RPC Bind...
[   16.268999] systemd[1]: File System Check on Root Device was skipped because of an unmet condition check (ConditionPathIsReadWrite=!/).
[   16.283672] systemd[1]: systemd-journald.service: unit configures an IP firewall, but the local system does not support BPF/cgroup firewalling.
[   16.298179] systemd[1]: systemd-journald.service: (This warning is only shown for the first unit using IP firewalling.)
[   16.314331] systemd[1]: Starting Journal Service...
         Starting Journal Service...
[   16.379252] systemd[1]: Starting Load Kernel Modules...
         Starting Load Kernel Modules...
[   16.411218] systemd[1]: Starting Generate network units from Kernel command line...
         Starting Generate network units from Kernel command line...
[   16.452310] systemd[1]: Starting Remount Root and Kernel File Systems...
         Starting Remount Root and Kernel File Systems...
[   16.486317] systemd[1]: Starting Create Static Device Nodes in /dev gracefully...
         Starting Create Static Device Nodes in /dev gracefully...
[   16.526257] systemd-journald[286]: Collecting audit messages is enabled.
[   16.533279] systemd[1]: Starting Coldplug All udev Devices...
         Starting Coldplug All udev Devices...
[   16.576417] vspm: loading out-of-tree module taints kernel.
[   16.588708] systemd[1]: Started RPC Bind.
[  OK  ] Started RPC Bind.
[   16.612652] systemd[1]: Mounted Huge Pages File System.
[  OK  ] Mounted Huge Pages File System.
[   16.640117] systemd[1]: Mounted POSIX Message Queue File System.
[  OK  ] Mounted POSIX Message Queue File System.
[   16.671896] systemd[1]: Mounted Kernel Debug File System.
[  OK  ] Mounted Kernel Debug File System.
[   16.695074] systemd[1]: Started Journal Service.
[  OK  ] Started Journal Service.
[  OK  ] Mounted Temporary Directory /tmp.
[  OK  ] Finished Load Kernel Module configfs.
[  OK  ] Finished Load Kernel Module drm.
[  OK  ] Finished Load Kernel Module fuse.
[  OK  ] Finished Load Kernel Modules.
[FAILED] Failed to start Generate network units from Kernel command line.
See 'systemctl status systemd-network-generator.service' for details.
[  OK  ] Finished Remount Root and Kernel File Systems.
[  OK  ] Reached target Preparation for Network.
         Mounting Kernel Configuration File System...
         Starting Flush Journal to Persistent Storage...
         Starting Apply Kernel Variables...
[  OK  ] Finished Create Static Device Nodes in /dev gracefully.
[   17.015039] systemd-journald[286]: Received client request to flush runtime journal.
         Starting Create Static Device Nodes in /dev...
[  OK  ] Mounted Kernel Configuration File System.
[  OK  ] Finished Flush Journal to Persistent Storage.
[  OK  ] Finished Create Static Device Nodes in /dev.
[  OK  ] Reached target Preparation for Local File Systems.
         Mounting /var/volatile...
         Starting Rule-based Manager for Device Events and Files...
[  OK  ] Finished Apply Kernel Variables.
[  OK  ] Mounted /var/volatile.
         Starting Load/Save OS Random Seed...
[  OK  ] Reached target Local File Systems.
         Starting Create Volatile Files and Directories...
[  OK  ] Finished Load/Save OS Random Seed.
[  OK  ] Finished Coldplug All udev Devices.
[  OK  ] Started Rule-based Manager for Device Events and Files.
         Starting Network Configuration...
         Starting User Database Manager...
[   18.006527] ravb_streaming/searching for ravb interface
[   18.015009] ravb_streaming/init: start(eth0)
[  OK  ] Started User Database Manager.
[   18.222606] ravb_streaming/init: success
[  OK  ] Finished Create Volatile Files and Directories.
[   18.317068] ravb-mch ec5a0100.avb-mch: probe: start
[   18.450259] ravb-mch ec5a0100.avb-mch: probe: success
         Starting Network Name Resolution...
         Starting Network Time Synchronization...
         Starting Record System Boot/Shutdown in UTMP...
[  OK  ] Finished Record System Boot/Shutdown in UTMP.
[  OK  ] Started Network Configuration.
[  OK  ] Started Network Name Resolution.
[  OK  ] Reached target Network.
[  OK  ] Reached target Host and Network Name Lookups.
[  OK  ] Started Network Time Synchronization.
[  OK  ] Reached target System Initialization.
[  OK  ] Started Daily Cleanup of Temporary Directories.
[  OK  ] Reached target System Time Set.
[  OK  ] Reached target Timer Units.
[  OK  ] Listening on Avahi mDNS/DNS-SD Stack Activation Socket.
[  OK  ] Listening on D-Bus System Message Bus Socket.
[  OK  ] Listening on dropbear.socket.
[  OK  ] Reached target Socket Units.
[  OK  ] Reached target Basic System.
         Starting Avahi mDNS/DNS-SD Stack...
[  OK  ] Started Kernel Logging Service.
[   19.471478] adsp ec800000.adsp: assigned reserved memory node linux,adsp@57000000
[  OK  ] Started System Logging Service.
         Starting D-Bus System Message Bus...
[   19.578171] adsp ec800000.adsp: virt_addr=00000000e41fabfb phy_addr=0x57000000 size=16777216
[  OK  ] Started optee services.
[   19.606398] XF-IPC: ADSP rate set to 532480000
         Starting pvrinit.service...
         Starting PowerVR consumer services...
         Starting User Login Management...
[   19.764425] XF-FW: received firmware (202922 bytes)
         Starting Permit User Sessions...
[   19.795304] XF-IPC: fill firmware area: 57100000[200884]
[   19.815983] XF-IPC: fill firmware area: ece80000[1992]
[   19.846971] XF: proxy-0 debug interface created
[   19.853202] XF-IPC: DSP start-up sequence completed
[   19.860347] XF: Xtensa DSP Proxy driver registered
[   19.866580] XF: client-1 created: 00000000d0064fe0
[  OK  ] Created slice Slice[   19.878576] ADSP base thread has been started.
 /system/weston.
[   19.891664] ADSP base was created
[  OK  ] Reached target Hardware activated USB gadget.
[  OK  ] Finished Permit User Sessions.
[  OK  ] Started Getty on tty1.
[  OK  ] Started Serial Getty on ttySC0.
[  OK  ] Reached target Login Prompts.
[   20.440155] rcar_sound ec500000.sound: Can't update kctrl when idle
         Starting Virtual Console Setup...
[   20.638672] PVR_K:  451: Read BVNC 15.5.1.64 from HW device registers
[   20.648828] PVR_K:  451: RGX Device registered with BVNC 15.5.1.64
[   20.657294] pvrsrvkm fd000000.gsx: Found 4 OPP points.
[   20.663365] pvrsrvkm fd000000.gsx: opp[1/4]: (200000000 Hz, 830000 uV)
[   20.670729] pvrsrvkm fd000000.gsx: opp[2/4]: (300000000 Hz, 830000 uV)
[   20.678093] pvrsrvkm fd000000.gsx: opp[3/4]: (400000000 Hz, 830000 uV)
[   20.685662] pvrsrvkm fd000000.gsx: opp[4/4]: (600000000 Hz, 830000 uV)
[   20.692921] DVFS : Changed GPU clock to 600000000 [Hz]
[  OK  ] Started D-Bus System Message Bus.
[   20.713652] PVR_K:  451: RGX Firmware image 'rgx.fw.15.5.1.64' loaded
[  OK  ] Started User Login Management.
         Starting Save/Restore Sound Card State...
[  OK  ] Started Avahi mDNS/DNS-SD Stack.
[   20.778915] PVR_K:  451: Shader binary image 'rgx.sh.15.5.1.64' loaded
[   20.788073] [drm] Initialized pvr 1.15.6052913 20170530 for fd000000.gsx on minor 1
[   20.810406] rcar_sound ec500000.sound: Can't update kctrl when idle
[  OK  ] Finished Save/Restore Sound Card State.
[  OK  ] Reached target Sound Card.
[  OK  ] Finished PowerVR consumer services.
[  OK  ] Started pvrinit.service.
         Starting set_default_governor.service...
[  OK  ] Started set_default_governor.service.
[  OK  ] Reached target Multi-User System.
[  OK  ] Reached target Graphical Interface.
         Starting Record Runlevel Change in UTMP...
[  OK  ] Started Weston Wayland Compositor.
[  OK  ] Finished Record Runlevel Change in UTMP.
[  OK  ] Finished Virtual Console Setup.
[   21.617504] audit: type=1006 audit(1721381027.170:2): pid=490 uid=0 old-auid=4294967295 auid=0 tty=(none) old-ses=4294967295 ses=1 res=1

Poky (Yocto Project Reference Distro) 5.0 salvator-x ttySC0

salvator-x login: [   41.954481] SDHI3 VccQ: disabling

salvator-x login: root

WARNING: Poky is a reference Yocto Project distribution that should be used for
testing and development purposes only. It is recommended that you create your
own distribution for production use.

root@salvator-x:~# reboot
root@salvator-x:~#          Stopping Session c1 of Useò         Stopping Session c2 of User root...
[  OK  ] Removed slice Slice /system/modprobe.
[  OK  ] Stopped target Graphical Interface.
[  OK  ] Stopped target Host and Network Name Lookups.
[  OK  ] Stopped target RPC Port Mapper.
[  OK  ] Stopped target Sound Card.
[  OK  ] Stopped target System Time Set.
[   55.691398] vsp1 fea28000.vsp: Underrun occurred at WPF0 (total underruns 1)
[  OK  ] Stopped target Timer Units.
[  OK  ] Stopped Daily Cleanup of Temporary Directories.
[  OK  ] Stopped target Hardware activated USB gadget.
         Stopping Save/Restore Sound Card State...
         Stopping Load/Save OS Random Seed...
         Stopping Weston Wayland Compositor...
[  OK  ] Stopped Serial Getty on ttySC0.
[  OK  ] Stopped Weston Wayland Compositor.
[  OK  ] Stopped Save/Restore Sound Card State.
[  OK  ] Stopped Load/Save OS Random Seed.
[  OK  ] Stopped Session c1 of User root.
[  OK  ] Stopped Session c2 of User root.
[  OK  ] Removed slice Slice /system/serial-getty.
[  OK  ] Removed slice Slice /system/weston.
[  OK  ] Stopped target Multi-User System.
[  OK  ] Stopped target Login Prompts.
         Stopping Avahi mDNS/DNS-SD Stack...
         Stopping Kernel Logging Service...
         Stopping System Logging Service...
         Stopping Getty on tty1...
         Stopping optee services...
         Stopping PowerVR consumer services...
         Stopping set_default_governor.service...
         Stopping User Login Management...
         Stopping User Manager for UID 0...
[  OK  ] Stopped Avahi mDNS/DNS-SD Stack.
[  OK  ] Stopped Kernel Logging Service.
[  OK  ] Stopped System Logging Service.
[  OK  ] Stopped Getty on tty1.
[  OK  ] Stopped User Manager for UID 0.
[  OK  ] Stopped optee services.
[  OK  ] Stopped PowerVR consumer services.
[  OK  ] Stopped set_default_governor.service.
[  OK  ] Removed slice Slice /system/getty.
         Stopping pvrinit.service...
         Stopping Permit User Sessions...
         Stopping User Runtime Directory /run/user/0...
[  OK  ] Stopped User Login Management.
[  OK  ] Stopped pvrinit.service.
[  OK  ] Unmounted /run/user/0.
[  OK  ] Stopped Permit User Sessions.
[  OK  ] Stopped User Runtime Directory /run/user/0.
[  OK  ] Removed slice User Slice of UID 0.
[  OK  ] Stopped target Network.
[  OK  ] Stopped target Remote File Systems.
         Stopping D-Bus System Message Bus...
         Stopping Network Configuration...
[  OK  ] Stopped Network Configuration.
[  OK  ] Stopped D-Bus System Message Bus.
[  OK  ] Stopped target Basic System.
[  OK  ] Stopped target Preparation for Network.
[  OK  ] Stopped target Path Units.
[  OK  ] Stopped Dispatch Password Requests to Console Directory Watch.
[  OK  ] Stopped Forward Password Requests to Wall Directory Watch.
[  OK  ] Stopped target Slice Units.
[  OK  ] Removed slice User and Session Slice.
[  OK  ] Stopped target Socket Units.
[  OK  ] Closed Avahi mDNS/DNS-SD Stack Activation Socket.
[  OK  ] Closed D-Bus System Message Bus Socket.
[  OK  ] Closed dropbear.socket.
[  OK  ] Stopped target System Initialization.
[  OK  ] Closed Syslog Socket.
[  OK  ] Closed Network Service Netlink Socket.
         Stopping Network Name Resolution...
         Stopping Network Time Synchronization...
         Stopping Record System Boot/Shutdown in UTMP...
[  OK  ] Stopped Network Name Resolution.
[  OK  ] Stopped Network Time Synchronization.
[  OK  ] Stopped Apply Kernel Variables.
[  OK  ] Stopped Load Kernel Modules.
[  OK  ] Stopped Record System Boot/Shutdown in UTMP.
[  OK  ] Stopped Create Volatile Files and Directories.
[  OK  ] Stopped target Local File Systems.
         Unmounting Temporary Directory /tmp...
         Unmounting /var/volatile...
[  OK  ] Unmounted /var/volatile.
[  OK  ] Unmounted Temporary Directory /tmp.
[  OK  ] Stopped target Preparation for Local File Systems.
[  OK  ] Stopped target Swaps.
[  OK  ] Reached target Unmount All Filesystems.
[  OK  ] Stopped Remount Root and Kernel File Systems.
[  OK  ] Stopped Create Static Device Nodes in /dev.
[  OK  ] Stopped Create Static Device Nodes in /dev gracefully.
[  OK  ] Reached target System Shutdown.
[  OK  ] Reached target Late Shutdown Services.
[  OK  ] Finished System Reboot.
[  OK  ] Reached target System Reboot.
[   57.407459] watchdog: watchdog0: watchdog did not stop!
[   57.439098] systemd-shutdown[1]: Using hardware watchdog 'Renesas WDT Watchdog', version 0, device /dev/watchdog0
[   57.449477] systemd-shutdown[1]: Watchdog running with a timeout of 1min.
[   57.787915] systemd-shutdown[1]: Syncing filesystems and block devices.
[   57.795177] systemd-shutdown[1]: Sending SIGTERM to remaining processes...
[   57.826738] systemd-journald[286]: Received SIGTERM from PID 1 (systemd-shutdow).
[   57.835940] audit: type=1335 audit(1721381063.390:3): pid=286 uid=0 auid=4294967295 tty=(none) ses=4294967295 comm="systemd-journal" exe="/usr/lib/systemd/systemd-journald" nl-mcgrp=1 op=disconnect res=1
[   57.871915] systemd-shutdown[1]: Sending SIGKILL to remaining processes...
[   57.898645] systemd-shutdown[1]: Unmounting file systems.
[   57.904553] systemd-shutdown[1]: All filesystems unmounted.
[   57.910172] systemd-shutdown[1]: Deactivating swaps.
[   57.915216] systemd-shutdown[1]: All swaps deactivated.
[   57.920492] systemd-shutdown[1]: Detaching loop devices.
[   57.940886] systemd-shutdown[1]: All loop devices detached.
[   57.946516] systemd-shutdown[1]: Stopping MD devices.
[   57.963521] systemd-shutdown[1]: All MD devices stopped.
[   57.968866] systemd-shutdown[1]: Detaching DM devices.
[   57.985763] systemd-shutdown[1]: All DM devices detached.
[   57.991207] systemd-shutdown[1]: All filesystems, swaps, loop devices, MD devices and DM devices detached.
[   58.010242] systemd-shutdown[1]: Syncing filesystems and block devices.
[   58.017072] systemd-shutdown[1]: Rebooting.
[   58.066568] reboot: Restarting system
NOTICE:  BL2: R-Car Gen3 Initial Program Loader(CA57) Rev.4.0.0
NOTICE:  BL2: PRR is R-Car M3N Ver.1.1
NOTICE:  BL2: Board is Salvator-XS Rev.1.0
NOTICE:  BL2: Boot device is HyperFlash(160MHz)
NOTICE:  BL2: LCM state is CM
NOTICE:  AVS setting succeeded. DVFS_SetVID=0x53
NOTICE:  BL2: DDR3200(rev.0.42)
NOTICE:  BL2: [COLD_BOOT]
NOTICE:  BL2: DRAM Split is OFF
NOTICE:  BL2: QoS is default setting(rev.0.09)
NOTICE:  BL2: DRAM refresh interval 1.95 usec
NOTICE:  BL2: Periodic Write DQ Training
NOTICE:  BL2: CH0: 400000000 - 47fffffff, 2 GiB
NOTICE:  BL2: Lossy Decomp areas
NOTICE:       Entry 0: DCMPAREACRAx:0x80000540 DCMPAREACRBx:0x570
NOTICE:       Entry 1: DCMPAREACRAx:0x40000000 DCMPAREACRBx:0x0
NOTICE:       Entry 2: DCMPAREACRAx:0x20000000 DCMPAREACRBx:0x0
NOTICE:  BL2: FDT at 0xe6324d78
NOTICE:  BL2: v2.9(release):9cdb21f75-dirty
NOTICE:  BL2: Built : 20:21:29, Jul 10 2024
NOTICE:  BL2: Normal boot
NOTICE:  BL2: dst=0xe6324600 src=0x8180000 len=512(0x200)
NOTICE:  BL2: dst=0x43f00000 src=0x8180400 len=6144(0x1800)
NOTICE:  rcar_file_len: len: 0x0003e000
NOTICE:  BL2: dst=0x44000000 src=0x81c0000 len=253952(0x3e000)
NOTICE:  rcar_file_len: len: 0x00200000
NOTICE:  BL2: dst=0x44100000 src=0x8200000 len=2097152(0x200000)
NOTICE:  rcar_file_len: len: 0x00100000
NOTICE:  BL2: dst=0x50000000 src=0x8640000 len=1048576(0x100000)
NOTICE:  BL2: Booting BL31


U-Boot 2020.10 (Jul 10 2024 - 20:21:46 +0000)

CPU: Renesas Electronics R8A77965 rev 1.1
Model: Renesas Salvator-X 2nd version board based on r8a77965
DRAM:  1.9 GiB
RAM Configuration:
Bank #0: 0x048000000 - 0x0bfffffff, 1.9 GiB

MMC:   sd@ee100000: 0, sd@ee140000: 1, sd@ee160000: 2
Loading Environment from MMC... OK
In:    serial@e6e88000
Out:   serial@e6e88000
Err:   serial@e6e88000
Net:   eth0: ethernet@e6800000
Hit any key to stop autoboot:  2  1  0 
starting USB...
Bus usb@ee000000: Register 2000120 NbrPorts 2
Starting the controller
USB XHCI 1.00
Bus usb@ee080100: USB EHCI 1.10
Bus usb@ee0a0100: USB EHCI 1.10
scanning bus usb@ee000000 for devices... 2 USB Device(s) found
scanning bus usb@ee080100 for devices... 1 USB Device(s) found
scanning bus usb@ee0a0100 for devices... 1 USB Device(s) found
       scanning usb for storage devices... 1 Storage Device(s) found
33712640 bytes read in 2042 ms (15.7 MiB/s)
71669 bytes read in 8 ms (8.5 MiB/s)
Moving Image from 0x48080000 to 0x48200000, end=4a2b0000
## Flattened Device Tree blob at 48000000
   Booting using the fdt blob at 0x48000000
   Loading Device Tree to 0000000053feb000, end 0000000053fff7f4 ... OK

Starting kernel ...

[    0.000000] Booting Linux on physical CPU 0x0000000000 [0x411fd073]
[    0.000000] Linux version 5.10.218-yocto-standard (oe-user@oe-host) (aarch64-poky-linux-gcc (GCC) 13.2.0, GNU ld (GNU Binutils) 2.42.0.20240216) #1 SMP PREEMPT Wed Jul 10 19:28:28 UTC 2024
[    0.000000] Machine model: Renesas Salvator-X 2nd version board based on r8a779m5
[    0.000000] efi: UEFI not found.
[    0.000000] Reserved memory: created CMA memory pool at 0x0000000057000000, size 16 MiB
[    0.000000] OF: reserved mem: initialized node linux,adsp@57000000, compatible id shared-dma-pool
[    0.000000] Reserved memory: created CMA memory pool at 0x0000000058000000, size 384 MiB
[    0.000000] OF: reserved mem: initialized node linux,cma@58000000, compatible id shared-dma-pool
[    0.000000] Reserved memory: created CMA memory pool at 0x0000000070000000, size 256 MiB
[    0.000000] OF: reserved mem: initialized node linux,multimedia@70000000, compatible id shared-dma-pool
[    0.000000] NUMA: No NUMA configuration found
[    0.000000] NUMA: Faking a node at [mem 0x0000000048000000-0x00000000bfffffff]
[    0.000000] NUMA: NODE_DATA [mem 0xbfbfcb00-0xbfbfefff]
[    0.000000] Zone ranges:
[    0.000000]   DMA      [mem 0x0000000048000000-0x00000000bfffffff]
[    0.000000]   DMA32    empty
[    0.000000]   Normal   empty
[    0.000000] Movable zone start for each node
[    0.000000] Early memory node ranges
[    0.000000]   node   0: [mem 0x0000000048000000-0x0000000053ffffff]
[    0.000000]   node   0: [mem 0x0000000054000000-0x0000000056ffffff]
[    0.000000]   node   0: [mem 0x0000000057000000-0x00000000bfffffff]
[    0.000000] Initmem setup node 0 [mem 0x0000000048000000-0x00000000bfffffff]
[    0.000000] psci: probing for conduit method from DT.
[    0.000000] psci: PSCIv1.1 detected in firmware.
[    0.000000] psci: Using standard PSCI v0.2 function IDs
[    0.000000] psci: Trusted OS resident on physical CPU 0x0
[    0.000000] psci: SMC Calling Convention v1.2
[    0.000000] percpu: Embedded 23 pages/cpu s56984 r8192 d29032 u94208
[    0.000000] Detected PIPT I-cache on CPU0
[    0.000000] CPU features: detected: EL2 vector hardening
[    0.000000] CPU features: detected: Spectre-v2
[    0.000000] CPU features: detected: ARM errata 1165522, 1319367, or 1530923
[    0.000000] CPU features: detected: Spectre-BHB
[    0.000000] CPU features: detected: ARM erratum 1742098
[    0.000000] Built 1 zonelists, mobility grouping on.  Total pages: 483840
[    0.000000] Policy zone: DMA
[    0.000000] Kernel command line: rw root=/dev/nfs nfsroot=192.168.8.8:/tftpboot/long.trinh-tien/M3N_full/rootfs,nfsvers=4 ip=192.168.8.20 baudrate=115200
[    0.000000] Dentry cache hash table entries: 262144 (order: 9, 2097152 bytes, linear)
[    0.000000] Inode-cache hash table entries: 131072 (order: 8, 1048576 bytes, linear)
[    0.000000] mem auto-init: stack:all(zero), heap alloc:off, heap free:off
[    0.000000] Memory: 1171500K/1966080K available (15552K kernel code, 2842K rwdata, 8248K rodata, 6144K init, 518K bss, 122836K reserved, 671744K cma-reserved)
[    0.000000] SLUB: HWalign=64, Order=0-3, MinObjects=0, CPUs=2, Nodes=1
[    0.000000] rcu: Preemptible hierarchical RCU implementation.
[    0.000000] rcu: 	RCU event tracing is enabled.
[    0.000000] rcu: 	RCU restricting CPUs from NR_CPUS=256 to nr_cpu_ids=2.
[    0.000000] 	Trampoline variant of Tasks RCU enabled.
[    0.000000] rcu: RCU calculated value of scheduler-enlistment delay is 25 jiffies.
[    0.000000] rcu: Adjusting geometry for rcu_fanout_leaf=16, nr_cpu_ids=2
[    0.000000] NR_IRQS: 64, nr_irqs: 64, preallocated irqs: 0
[    0.000000] arch_timer: cp15 timer(s) running at 8.32MHz (virt).
[    0.000000] clocksource: arch_sys_counter: mask: 0xffffffffffffff max_cycles: 0x1eb398c07, max_idle_ns: 440795202503 ns
[    0.000003] sched_clock: 56 bits at 8MHz, resolution 120ns, wraps every 2199023255503ns
[    0.000195] Console: colour dummy device 80x25
[    0.000385] printk: console [tty0] enabled
[    0.000456] Calibrating delay loop (skipped), value calculated using timer frequency.. 16.64 BogoMIPS (lpj=33280)
[    0.000472] pid_max: default: 32768 minimum: 301
[    0.000522] LSM: Security Framework initializing
[    0.000574] Mount-cache hash table entries: 4096 (order: 3, 32768 bytes, linear)
[    0.000593] Mountpoint-cache hash table entries: 4096 (order: 3, 32768 bytes, linear)
[    0.001746] rcu: Hierarchical SRCU implementation.
[    0.003039] Detected Renesas R-Car Gen3 r8a77965 ES1.1
[    0.004469] EFI services will not be available.
[    0.004632] smp: Bringing up secondary CPUs ...
[    0.005117] Detected PIPT I-cache on CPU1
[    0.005168] CPU1: Booted secondary processor 0x0000000001 [0x411fd073]
[    0.005243] smp: Brought up 1 node, 2 CPUs
[    0.005265] SMP: Total of 2 processors activated.
[    0.005274] CPU features: detected: 32-bit EL0 Support
[    0.005281] CPU features: detected: CRC32 instructions
[    0.005288] CPU features: detected: 32-bit EL1 Support
[    0.014880] CPU: All CPU(s) started at EL1
[    0.014941] alternatives: patching kernel code
[    0.015683] devtmpfs: initialized
[    0.020971] KASLR disabled due to lack of seed
[    0.021130] clocksource: jiffies: mask: 0xffffffff max_cycles: 0xffffffff, max_idle_ns: 7645041785100000 ns
[    0.021151] futex hash table entries: 512 (order: 3, 32768 bytes, linear)
[    0.029809] pinctrl core: initialized pinctrl subsystem
[    0.031116] DMI not present or invalid.
[    0.031590] NET: Registered protocol family 16
[    0.032567] DMA: preallocated 256 KiB GFP_KERNEL pool for atomic allocations
[    0.032678] DMA: preallocated 256 KiB GFP_KERNEL|GFP_DMA pool for atomic allocations
[    0.032781] DMA: preallocated 256 KiB GFP_KERNEL|GFP_DMA32 pool for atomic allocations
[    0.032851] audit: initializing netlink subsys (disabled)
[    0.033027] audit: type=2000 audit(0.032:1): state=initialized audit_enabled=0 res=1
[    0.034043] thermal_sys: Registered thermal governor 'power_allocator'
[    0.034459] cpuidle: using governor menu
[    0.034597] hw-breakpoint: found 6 breakpoint and 4 watchpoint registers.
[    0.034650] ASID allocator initialised with 65536 entries
[    0.035842] Serial: AMBA PL011 UART driver
[    0.070376] sh-pfc e6060000.pinctrl: r8a77965_pfc support registered
[    0.081546] HugeTLB registered 1.00 GiB page size, pre-allocated 0 pages
[    0.081568] HugeTLB registered 32.0 MiB page size, pre-allocated 0 pages
[    0.081575] HugeTLB registered 2.00 MiB page size, pre-allocated 0 pages
[    0.081583] HugeTLB registered 64.0 KiB page size, pre-allocated 0 pages
[    0.082453] cryptd: max_cpu_qlen set to 1000
[    0.084442] ACPI: Interpreter disabled.
[    0.087920] rcar_avs_init: cannot find compatible dts node
[    0.089376] iommu: Default domain type: Translated 
[    0.089916] ipmmu-vmsa e67b0000.iommu: IPMMU context 0 is reserved
[    0.090754] vgaarb: loaded
[    0.090964] SCSI subsystem initialized
[    0.091264] usbcore: registered new interface driver usbfs
[    0.091294] usbcore: registered new interface driver hub
[    0.091322] usbcore: registered new device driver usb
[    0.095178] i2c-sh_mobile e60b0000.i2c: I2C adapter 7, bus speed 400000 Hz
[    0.095777] mc: Linux media interface: v0.10
[    0.095807] videodev: Linux video capture interface: v2.00
[    0.095895] pps_core: LinuxPPS API ver. 1 registered
[    0.095903] pps_core: Software ver. 5.3.6 - Copyright 2005-2007 Rodolfo Giometti <giometti@linux.it>
[    0.095915] PTP clock support registered
[    0.096102] EDAC MC: Ver: 3.0.0
[    0.097810] FPGA manager framework
[    0.097878] Advanced Linux Sound Architecture Driver Initialized.
[    0.098513] clocksource: Switched to clocksource arch_sys_counter
[    0.098672] VFS: Disk quotas dquot_6.6.0
[    0.098718] VFS: Dquot-cache hash table entries: 512 (order 0, 4096 bytes)
[    0.098851] pnp: PnP ACPI: disabled
[    0.102236] NET: Registered protocol family 2
[    0.102420] IP idents hash table entries: 32768 (order: 6, 262144 bytes, linear)
[    0.103328] tcp_listen_portaddr_hash hash table entries: 1024 (order: 2, 16384 bytes, linear)
[    0.103370] TCP established hash table entries: 16384 (order: 5, 131072 bytes, linear)
[    0.103449] TCP bind hash table entries: 16384 (order: 6, 262144 bytes, linear)
[    0.103600] TCP: Hash tables configured (established 16384 bind 16384)
[    0.103701] UDP hash table entries: 1024 (order: 3, 32768 bytes, linear)
[    0.103740] UDP-Lite hash table entries: 1024 (order: 3, 32768 bytes, linear)
[    0.103869] NET: Registered protocol family 1
[    0.104268] RPC: Registered named UNIX socket transport module.
[    0.104285] RPC: Registered udp transport module.
[    0.104291] RPC: Registered tcp transport module.
[    0.104297] RPC: Registered tcp NFSv4.1 backchannel transport module.
[    0.104310] PCI: CLS 0 bytes, default 64
[    0.104810] hw perfevents: enabled with armv8_cortex_a57 PMU driver, 7 counters available
[    0.105301] kvm [1]: HYP mode not available
[    0.107761] Initialise system trusted keyrings
[    0.107913] workingset: timestamp_bits=42 max_order=19 bucket_order=0
[    0.110991] squashfs: version 4.0 (2009/01/31) Phillip Lougher
[    0.111481] NFS: Registering the id_resolver key type
[    0.111516] Key type id_resolver registered
[    0.111523] Key type id_legacy registered
[    0.111581] nfs4filelayout_init: NFSv4 File Layout Driver Registering...
[    0.111592] nfs4flexfilelayout_init: NFSv4 Flexfile Layout Driver Registering...
[    0.111725] 9p: Installing v9fs 9p2000 file system support
[    0.137992] Key type asymmetric registered
[    0.138009] Asymmetric key parser 'x509' registered
[    0.138047] Block layer SCSI generic (bsg) driver version 0.4 loaded (major 243)
[    0.138058] io scheduler mq-deadline registered
[    0.138069] io scheduler kyber registered
[    0.149579] gpio_rcar e6050000.gpio: driving 16 GPIOs
[    0.149945] gpio_rcar e6051000.gpio: driving 29 GPIOs
[    0.150253] gpio_rcar e6052000.gpio: driving 15 GPIOs
[    0.150580] gpio_rcar e6053000.gpio: driving 16 GPIOs
[    0.150855] gpio_rcar e6054000.gpio: driving 18 GPIOs
[    0.151122] gpio_rcar e6055000.gpio: driving 26 GPIOs
[    0.151404] gpio_rcar e6055400.gpio: driving 32 GPIOs
[    0.151678] gpio_rcar e6055800.gpio: driving 4 GPIOs
[    0.154303] rcar-pcie fe000000.pcie: host bridge /soc/pcie@fe000000 ranges:
[    0.154337] rcar-pcie fe000000.pcie:       IO 0x00fe100000..0x00fe1fffff -> 0x0000000000
[    0.154364] rcar-pcie fe000000.pcie:      MEM 0x00fe200000..0x00fe3fffff -> 0x00fe200000
[    0.154382] rcar-pcie fe000000.pcie:      MEM 0x0030000000..0x0037ffffff -> 0x0030000000
[    0.154396] rcar-pcie fe000000.pcie:      MEM 0x0038000000..0x003fffffff -> 0x0038000000
[    0.154412] rcar-pcie fe000000.pcie:   IB MEM 0x0040000000..0x00bfffffff -> 0x0040000000
[    0.154484] rcar-pcie fe000000.pcie: no pcie3v3 regulator found
[    0.154496] rcar-pcie fe000000.pcie: no pcie1v8 regulator found
[    0.226160] rcar-pcie fe000000.pcie: PCIe link down
[    0.226351] rcar-pcie ee800000.pcie: host bridge /soc/pcie@ee800000 ranges:
[    0.226376] rcar-pcie ee800000.pcie:       IO 0x00ee900000..0x00ee9fffff -> 0x0000000000
[    0.226396] rcar-pcie ee800000.pcie:      MEM 0x00eea00000..0x00eebfffff -> 0x00eea00000
[    0.226413] rcar-pcie ee800000.pcie:      MEM 0x00c0000000..0x00c7ffffff -> 0x00c0000000
[    0.226427] rcar-pcie ee800000.pcie:      MEM 0x00c8000000..0x00cfffffff -> 0x00c8000000
[    0.226464] rcar-pcie ee800000.pcie:   IB MEM 0x0040000000..0x00bfffffff -> 0x0040000000
[    0.226497] rcar-pcie ee800000.pcie: no pcie3v3 regulator found
[    0.226507] rcar-pcie ee800000.pcie: no pcie1v8 regulator found
[    0.294148] rcar-pcie ee800000.pcie: PCIe link down
[    0.296078] EINJ: ACPI disabled.
[    0.325326] Serial: 8250/16550 driver, 4 ports, IRQ sharing enabled
[    0.327556] SuperH (H)SCI(F) driver initialized
[    0.327993] e6550000.serial: ttySC1 at MMIO 0xe6550000 (irq = 36, base_baud = 0) is a hscif
[    0.328825] e6e88000.serial: ttySC0 at MMIO 0xe6e88000 (irq = 119, base_baud = 0) is a scif
[    1.398027] printk: console [ttySC0] enabled
[    1.403442] msm_serial: driver initialized
[    1.412981] rcar-dw-hdmi fead0000.hdmi: Detected HDMI TX controller v2.01a with HDCP (DWC HDMI 2.0 TX PHY)
[    1.422965] rcar-dw-hdmi fead0000.hdmi: registered DesignWare HDMI I2C bus driver
[    1.436989] loop: module loaded
[    1.441485] megasas: 07.714.04.00-rc1
[    1.447043] scsi host0: sata_rcar
[    1.450547] ata1: SATA max UDMA/133 irq 170
[    1.459251] tun: Universal TUN/TAP device driver, 1.6
[    1.465146] thunder_xcv, ver 1.0
[    1.468418] thunder_bgx, ver 1.0
[    1.471664] nicpf, ver 1.0
[    1.475477] hclge is initializing
[    1.478818] hns3: Hisilicon Ethernet Network Driver for Hip08 Family - version
[    1.486046] hns3: Copyright (c) 2017 Huawei Corporation.
[    1.491392] e1000: Intel(R) PRO/1000 Network Driver
[    1.496272] e1000: Copyright (c) 1999-2006 Intel Corporation.
[    1.502043] e1000e: Intel(R) PRO/1000 Network Driver
[    1.507009] e1000e: Copyright(c) 1999 - 2015 Intel Corporation.
[    1.512947] igb: Intel(R) Gigabit Ethernet Network Driver
[    1.518346] igb: Copyright (c) 2007-2014 Intel Corporation.
[    1.523931] igbvf: Intel(R) Gigabit Virtual Function Network Driver
[    1.530198] igbvf: Copyright (c) 2009 - 2012 Intel Corporation.
[    1.536452] sky2: driver version 1.30
[    1.544173] ravb e6800000.ethernet eth0: Base address at 0xe6800000, 2e:09:0a:02:ee:7f, IRQ 116.
[    1.554375] VFIO - User Level meta-driver version: 0.3
[    1.561296] ehci_hcd: USB 2.0 'Enhanced' Host Controller (EHCI) Driver
[    1.567850] ehci-pci: EHCI PCI platform driver
[    1.572322] ehci-platform: EHCI generic platform driver
[    1.578022] ehci-platform ee0a0100.usb: EHCI Host Controller
[    1.583726] ehci-platform ee0a0100.usb: new USB bus registered, assigned bus number 1
[    1.591638] ehci-platform ee0a0100.usb: irq 166, io mem 0xee0a0100
[    1.610461] ehci-platform ee0a0100.usb: USB 2.0 started, EHCI 1.10
[    1.617063] hub 1-0:1.0: USB hub found
[    1.620842] hub 1-0:1.0: 1 port detected
[    1.625257] ehci-orion: EHCI orion driver
[    1.629520] ehci-exynos: EHCI Exynos driver
[    1.633821] ohci_hcd: USB 1.1 'Open' Host Controller (OHCI) Driver
[    1.640022] ohci-pci: OHCI PCI platform driver
[    1.644512] ohci-platform: OHCI generic platform driver
[    1.650145] ohci-platform ee0a0000.usb: Generic Platform OHCI controller
[    1.656871] ohci-platform ee0a0000.usb: new USB bus registered, assigned bus number 2
[    1.664763] ohci-platform ee0a0000.usb: irq 166, io mem 0xee0a0000
[    1.760831] hub 2-0:1.0: USB hub found
[    1.764608] hub 2-0:1.0: 1 port detected
[    1.768971] ohci-exynos: OHCI Exynos driver
[    1.773868] xhci-hcd ee000000.usb: xHCI Host Controller
[    1.779125] xhci-hcd ee000000.usb: new USB bus registered, assigned bus number 3
[    1.787732] xhci-hcd ee000000.usb: hcc params 0x014051ce hci version 0x100 quirks 0x0000000000830410
[    1.796916] xhci-hcd ee000000.usb: irq 163, io mem 0xee000000
[    1.802801] xhci-hcd ee000000.usb: xHCI Host Controller
[    1.808042] xhci-hcd ee000000.usb: new USB bus registered, assigned bus number 4
[    1.815446] xhci-hcd ee000000.usb: Host supports USB 3.0 SuperSpeed
[    1.822077] hub 3-0:1.0: USB hub found
[    1.825852] hub 3-0:1.0: 1 port detected
[    1.829982] usb usb4: We don't know the algorithms for LPM for this host, disabling LPM.
[    1.838342] hub 4-0:1.0: USB hub found
[    1.842112] hub 4-0:1.0: 1 port detected
[    1.846892] usbcore: registered new interface driver usb-storage
[    1.854330] renesas_usbhs e6590000.usb: host probed
[    1.859247] renesas_usbhs e6590000.usb: no transceiver found
[    1.864983] renesas_usbhs e6590000.usb: gadget probed
[    1.870219] renesas_usbhs e6590000.usb: probed
[    1.870462] ata1: link resume succeeded after 1 retries
[    1.876727] i2c /dev entries driver
[    1.894492] cs2000-cp 2-004f: revision - C1
[    1.898761] i2c-rcar e6510000.i2c: probed
[    1.903676] pca953x 4-0020: supply vcc not found, using dummy regulator
[    1.910389] pca953x 4-0020: using no AI
[    1.915039] gpio-355 (PCIE/SATA switch): hogged as output/low
[    1.927247] i2c-rcar e66d8000.i2c: probed
[    1.932514] adv748x 4-0070: Endpoint /soc/i2c@e66d8000/video-receiver@70/port@7/endpoint on port 7
[    1.941515] adv748x 4-0070: Endpoint /soc/i2c@e66d8000/video-receiver@70/port@8/endpoint on port 8
[    1.950495] adv748x 4-0070: Endpoint /soc/i2c@e66d8000/video-receiver@70/port@a/endpoint on port 10
[    1.959570] adv748x 4-0070: Endpoint /soc/i2c@e66d8000/video-receiver@70/port@b/endpoint on port 11
[    1.969003] adv748x 4-0070: chip found @ 0xe0 revision 2143
[    1.986137] ata1: SATA link down (SStatus 0 SControl 300)
[    2.021033] rcar-csi2 fea80000.csi2: 1 lanes found
[    2.026292] rcar-csi2 feaa0000.csi2: 4 lanes found
[    2.036027] rcar-vin e6ef0000.video: Device registered as video0
[    2.042143] rcar-vin e6ef1000.video: Device registered as video1
[    2.048225] rcar-vin e6ef2000.video: Device registered as video2
[    2.054292] rcar-vin e6ef3000.video: Device registered as video3
[    2.060371] rcar-vin e6ef4000.video: Device registered as video4
[    2.066479] rcar-vin e6ef5000.video: Device registered as video5
[    2.072556] rcar-vin e6ef6000.video: Device registered as video6
[    2.078621] rcar-vin e6ef7000.video: Device registered as video7
[    2.085352] usbcore: registered new interface driver uvcvideo
[    2.091121] USB Video Class driver (1.1.1)
[    2.095249] usb 3-1: new high-speed USB device number 2 using xhci-hcd
[    2.103838] rcar_gen3_thermal e6198000.thermal: is using pseudo fixed FUSE values
[    2.115858] rcar_gen3_thermal e6198000.thermal: TSC0: Loaded 1 trip points
[    2.127182] rcar_gen3_thermal e6198000.thermal: TSC1: Loaded 1 trip points
[    2.138423] rcar_gen3_thermal e6198000.thermal: TSC2: Loaded 3 trip points
[    2.149802] sdhci: Secure Digital Host Controller Interface driver
[    2.156041] sdhci: Copyright(c) Pierre Ossman
[    2.161291] renesas_sdhi_internal_dmac ee100000.mmc: Got CD GPIO
[    2.167335] renesas_sdhi_internal_dmac ee100000.mmc: Got WP GPIO
[    2.175035] renesas_sdhi_internal_dmac ee140000.mmc: Adding to iommu group 0
[    2.182133] renesas_sdhi_internal_dmac ee140000.mmc: Using IPMMU context 1
[    2.237866] renesas_sdhi_internal_dmac ee140000.mmc: mmc0 base at 0x00000000ee140000, max clock rate 200 MHz
[    2.248478] renesas_sdhi_internal_dmac ee160000.mmc: Got CD GPIO
[    2.254572] renesas_sdhi_internal_dmac ee160000.mmc: Got WP GPIO
[    2.263206] Synopsys Designware Multimedia Card Interface Driver
[    2.270363] sdhci-pltfm: SDHCI platform and OF driver helper
[    2.277613] ledtrig-cpu: registered to indicate activity on CPUs
[    2.284523] SMCCC: SOC_ID: ARCH_SOC_ID not implemented, skipping ....
[    2.291558] usbcore: registered new interface driver usbhid
[    2.297175] usbhid: USB HID core driver
[    2.301143] usb-storage 3-1:1.0: USB Mass Storage device detected
[    2.304068] optee: probing for conduit method.
[    2.307732] scsi host1: usb-storage 3-1:1.0
[    2.311724] optee: revision 3.22 (314ecf9d)
[    2.316111] optee driver R-Car Rev.1.0.11
[    2.324598] optee: dynamic shared memory is enabled
[    2.329768] optee: initialized driver
[    2.344137] rcar_sound ec500000.sound: probed
[    2.349308] rcar_adsp_sound adsp_sound: probed
[    2.354194] NET: Registered protocol family 17
[    2.358811] 9pnet: Installing 9P2000 support
[    2.363176] Key type dns_resolver registered
[    2.367968] registered taskstats version 1
[    2.372110] Loading compiled-in X.509 certificates
[    2.378431] mmc0: new HS400 MMC card at address 0001
[    2.384208] mmcblk0: mmc0:0001 BGSD3R 29.1 GiB 
[    2.385921] thermal emergency: set temperature to 110 celsius
[    2.389175] mmcblk0boot0: mmc0:0001 BGSD3R partition 1 16.0 MiB
[    2.394742] thermal emergency: shutdown target cpus 1
[    2.400867] mmcblk0boot1: mmc0:0001 BGSD3R partition 2 16.0 MiB
[    2.405565] thermal emergency: freq scaled target cpus 0
[    2.405964] renesas_irqc e61c0000.interrupt-controller: driving 6 irqs
[    2.411640] mmcblk0rpmb: mmc0:0001 BGSD3R partition 3 4.00 MiB, chardev (509:0)
[    2.431984]  mmcblk0: p1 p2
[    2.454482] ehci-platform ee080100.usb: EHCI Host Controller
[    2.460181] ehci-platform ee080100.usb: new USB bus registered, assigned bus number 5
[    2.468098] ehci-platform ee080100.usb: irq 165, io mem 0xee080100
[    2.486459] ehci-platform ee080100.usb: USB 2.0 started, EHCI 1.10
[    2.493040] hub 5-0:1.0: USB hub found
[    2.496816] hub 5-0:1.0: 1 port detected
[    2.502366] ohci-platform ee080000.usb: Generic Platform OHCI controller
[    2.509128] ohci-platform ee080000.usb: new USB bus registered, assigned bus number 6
[    2.517048] ohci-platform ee080000.usb: irq 165, io mem 0xee080000
[    2.612858] hub 6-0:1.0: USB hub found
[    2.616636] hub 6-0:1.0: 1 port detected
[    2.622111] cpu cpu0: EM: created perf domain
[    2.628649] renesas_sdhi_internal_dmac ee100000.mmc: Got CD GPIO
[    2.634859] renesas_sdhi_internal_dmac ee100000.mmc: Got WP GPIO
[    2.690194] renesas_sdhi_internal_dmac ee100000.mmc: mmc1 base at 0x00000000ee100000, max clock rate 200 MHz
[    2.702128] renesas_sdhi_internal_dmac ee160000.mmc: Got CD GPIO
[    2.708217] renesas_sdhi_internal_dmac ee160000.mmc: Got WP GPIO
[    2.763191] renesas_sdhi_internal_dmac ee160000.mmc: mmc2 base at 0x00000000ee160000, max clock rate 200 MHz
[    2.784354] [drm] Initialized rcar-du 1.0.0 20130110 for feb00000.display on minor 0
[    2.792126] [drm] Device feb00000.display probed
[    2.948393] Console: switching to colour frame buffer device 128x48
[    2.971265] rcar-du feb00000.display: [drm] fb0: rcar-dudrmfb frame buffer device
[    2.981950] input: keys as /devices/platform/keys/input/input0
[    3.029774] Micrel KSZ9031 Gigabit PHY e6800000.ethernet-ffffffff:00: attached PHY driver [Micrel KSZ9031 Gigabit PHY] (mii_bus:phy_addr=e6800000.ethernet-ffffffff:00, irq=172)
[    3.041616] mmc1: new ultra high speed SDR104 SDHC card at address aaaa
[    3.053081] mmcblk1: mmc1:aaaa AGGCD 29.7 GiB 
[    3.061014]  mmcblk1: p1
[    3.333299] scsi 1:0:0:0: Direct-Access     Lexar    JD Secure II +   1100 PQ: 0 ANSI: 0 CCS
[    3.346649] sd 1:0:0:0: [sda] 1966080 512-byte logical blocks: (1.01 GB/960 MiB)
[    3.354749] sd 1:0:0:0: [sda] Write Protect is off
[    3.360654] sd 1:0:0:0: [sda] No Caching mode page found
[    3.366065] sd 1:0:0:0: [sda] Assuming drive cache: write through
[    3.380490]  sda: sda1 sda2
[    3.389520] sd 1:0:0:0: [sda] Attached SCSI removable disk
[    9.707783] ravb e6800000.ethernet eth0: Link is Up - 1Gbps/Full - flow control off
[    9.730460] IP-Config: Guessing netmask 255.255.255.0
[    9.735594] IP-Config: Complete:
[    9.738882]      device=eth0, hwaddr=2e:09:0a:02:ee:7f, ipaddr=192.168.8.20, mask=255.255.255.0, gw=255.255.255.255
[    9.751433]      host=192.168.8.20, domain=, nis-domain=(none)
[    9.759323]      bootserver=255.255.255.255, rootserver=192.168.8.8, rootpath=
[    9.759547] clk: Disabling unused clocks
[    9.775479] ALSA device list:
[    9.779550]   #0: rcar-sound
[   10.867504] VFS: Mounted root (nfs4 filesystem) on device 0:22.
[   10.878351] devtmpfs: mounted
[   10.888402] Freeing unused kernel memory: 6144K
[   10.902593] Run /sbin/init as init process
[   11.834482] random: crng init done
[   12.033020] systemd[1]: System time before build time, advancing clock.
[   12.220516] NET: Registered protocol family 10
[   12.226343] Segment Routing with IPv6
[   12.319174] systemd[1]: systemd 255.4^ running in system mode (+PAM -AUDIT -SELINUX -APPARMOR +IMA -SMACK +SECCOMP -GCRYPT -GNUTLS -OPENSSL +ACL +BLKID -CURL -ELFUTILS -FIDO2 -IDN2 -IDN -IPTC +KMOD -LIBCRYPTSETUP +LIBFDISK -PCRE2 -PWQUALITY -P11KIT -QRENCODE -TPM2 -BZIP2 -LZ4 -XZ -ZLIB +ZSTD -BPF_FRAMEWORK -XKBCOMMON +UTMP +SYSVINIT default-hierarchy=unified)
[   12.357775] systemd[1]: Detected architecture arm64.

Welcome to Poky (Yocto Project Reference Distro) 5.0 (scarthgap)!

[   12.405128] systemd[1]: Hostname set to <salvator-x>.
[   12.675827] systemd-sysv-generator[268]: SysV service '/etc/init.d/umountnfs.sh' lacks a native systemd unit file. ~ Automatically generating a unit file for compatibility. Please update package to include a native systemd unit file, in order to make it safe, robust and future-proof. ! This compatibility logic is deprecated, expect removal soon. !
[   12.749350] systemd-sysv-generator[268]: SysV service '/etc/init.d/set_default_governor.sh' lacks a native systemd unit file. ~ Automatically generating a unit file for compatibility. Please update package to include a native systemd unit file, in order to make it safe, robust and future-proof. ! This compatibility logic is deprecated, expect removal soon. !
[   12.816459] systemd-sysv-generator[268]: SysV service '/etc/init.d/umountfs' lacks a native systemd unit file. ~ Automatically generating a unit file for compatibility. Please update package to include a native systemd unit file, in order to make it safe, robust and future-proof. ! This compatibility logic is deprecated, expect removal soon. !
[   12.877054] systemd-sysv-generator[268]: SysV service '/etc/init.d/save-rtc.sh' lacks a native systemd unit file. ~ Automatically generating a unit file for compatibility. Please update package to include a native systemd unit file, in order to make it safe, robust and future-proof. ! This compatibility logic is deprecated, expect removal soon. !
[   12.928441] systemd-sysv-generator[268]: SysV service '/etc/init.d/reboot' lacks a native systemd unit file. ~ Automatically generating a unit file for compatibility. Please update package to include a native systemd unit file, in order to make it safe, robust and future-proof. ! This compatibility logic is deprecated, expect removal soon. !
[   12.971523] systemd-sysv-generator[268]: SysV service '/etc/init.d/halt' lacks a native systemd unit file. ~ Automatically generating a unit file for compatibility. Please update package to include a native systemd unit file, in order to make it safe, robust and future-proof. ! This compatibility logic is deprecated, expect removal soon. !
[   13.010973] systemd-sysv-generator[268]: SysV service '/etc/init.d/sendsigs' lacks a native systemd unit file. ~ Automatically generating a unit file for compatibility. Please update package to include a native systemd unit file, in order to make it safe, robust and future-proof. ! This compatibility logic is deprecated, expect removal soon. !
[   13.054661] systemd-sysv-generator[268]: SysV service '/etc/init.d/single' lacks a native systemd unit file. ~ Automatically generating a unit file for compatibility. Please update package to include a native systemd unit file, in order to make it safe, robust and future-proof. ! This compatibility logic is deprecated, expect removal soon. !
[   13.094204] systemd-sysv-generator[268]: SysV service '/etc/init.d/pvrinit' lacks a native systemd unit file. ~ Automatically generating a unit file for compatibility. Please update package to include a native systemd unit file, in order to make it safe, robust and future-proof. ! This compatibility logic is deprecated, expect removal soon. !
[   13.149051] systemd-sysv-generator[268]: SysV service '/etc/init.d/dropbear' lacks a native systemd unit file. ~ Automatically generating a unit file for compatibility. Please update package to include a native systemd unit file, in order to make it safe, robust and future-proof. ! This compatibility logic is deprecated, expect removal soon. !
[   14.962262] systemd[1]: Queued start job for default target Graphical Interface.
[   15.065077] systemd[1]: Created slice Slice /system/getty.
[  OK  ] Created slice Slice /system/getty.
[   15.097306] systemd[1]: Created slice Slice /system/modprobe.
[  OK  ] Created slice Slice /system/modprobe.
[   15.125544] systemd[1]: Created slice Slice /system/serial-getty.
[  OK  ] Created slice Slice /system/serial-getty.
[   15.152580] systemd[1]: Created slice User and Session Slice.
[  OK  ] Created slice User and Session Slice.
[   15.179208] systemd[1]: Started Dispatch Password Requests to Console Directory Watch.
[  OK  ] Started Dispatch Password Requests to Console Directory Watch.
[   15.211045] systemd[1]: Started Forward Password Requests to Wall Directory Watch.
[  OK  ] Started Forward Password Requests to Wall Directory Watch.
[   15.238882] systemd[1]: Reached target Path Units.
[  OK  ] Reached target Path Units.
[   15.262695] systemd[1]: Reached target Remote File Systems.
[  OK  ] Reached target Remote File Systems.
[   15.286674] systemd[1]: Reached target Slice Units.
[  OK  ] Reached target Slice Units.
[   15.310689] systemd[1]: Reached target Swaps.
[  OK  ] Reached target Swaps.
[   15.338556] systemd[1]: Listening on RPCbind Server Activation Socket.
[  OK  ] Listening on RPCbind Server Activation Socket.
[   15.366772] systemd[1]: Reached target RPC Port Mapper.
[  OK  ] Reached target RPC Port Mapper.
[   15.400477] systemd[1]: Listening on Syslog Socket.
[  OK  ] Listening on Syslog Socket.
[   15.423196] systemd[1]: Listening on initctl Compatibility Named Pipe.
[  OK  ] Listening on initctl Compatibility Named Pipe.
[   15.454514] systemd[1]: Listening on Journal Audit Socket.
[  OK  ] Listening on Journal Audit Socket.
[   15.475575] systemd[1]: Listening on Journal Socket (/dev/log).
[  OK  ] Listening on Journal Socket (/dev/log).
[   15.499701] systemd[1]: Listening on Journal Socket.
[  OK  ] Listening on Journal Socket.
[   15.526246] systemd[1]: Listening on Network Service Netlink Socket.
[  OK  ] Listening on Network Service Netlink Socket.
[   15.561147] systemd[1]: Listening on udev Control Socket.
[  OK  ] Listening on udev Control Socket.
[   15.587529] systemd[1]: Listening on udev Kernel Socket.
[  OK  ] Listening on udev Kernel Socket.
[   15.614212] systemd[1]: Listening on User Database Manager Socket.
[  OK  ] Listening on User Database Manager Socket.
[   15.648779] systemd[1]: Mounting Huge Pages File System...
         Mounting Huge Pages File System...
[   15.673660] systemd[1]: Mounting POSIX Message Queue File System...
         Mounting POSIX Message Queue File System...
[   15.710151] systemd[1]: Mounting Kernel Debug File System...
         Mounting Kernel Debug File System...
[   15.734908] systemd[1]: Kernel Trace File System was skipped because of an unmet condition check (ConditionPathExists=/sys/kernel/tracing).
[   15.760749] systemd[1]: Mounting Temporary Directory /tmp...
         Mounting Temporary Directory /tmp...
[   15.786830] systemd[1]: Create List of Static Device Nodes was skipped because of an unmet condition check (ConditionFileNotEmpty=/lib/modules/5.10.218-yocto-standard/modules.devname).
[   15.810343] systemd[1]: Starting Load Kernel Module configfs...
         Starting Load Kernel Module configfs...
[   15.830238] systemd[1]: Starting Load Kernel Module drm...
         Starting Load Kernel Module drm...
[   15.858192] systemd[1]: Starting Load Kernel Module fuse...
         Starting Load Kernel Module fuse...
[   15.895382] systemd[1]: Starting RPC Bind...
         Starting RPC Bind...
[   15.921376] systemd[1]: File System Check on Root Device was skipped because of an unmet condition check (ConditionPathIsReadWrite=!/).
[   15.935949] systemd[1]: systemd-journald.service: unit configures an IP firewall, but the local system does not support BPF/cgroup firewalling.
[   15.951154] systemd[1]: systemd-journald.service: (This warning is only shown for the first unit using IP firewalling.)
[   15.966827] systemd[1]: Starting Journal Service...
         Starting Journal Service...
[   16.033342] systemd[1]: Starting Load Kernel Modules...
         Starting Load Kernel Modules...
[   16.059509] systemd[1]: Starting Generate network units from Kernel command line...
         Starting Generate network units from Kernel command li[   16.079762] systemd[1]: Starting Remount Root and Kernel File Systems...
ne...
         Starting Remount Root and Kernel File Systems...
[   16.130646] systemd-journald[279]: Collecting audit messages is enabled.
[   16.144087] systemd[1]: Starting Create Static Device Nodes in /dev gracefully...
         Starting Create Static Device Nodes in /dev gracefully...
[   16.183203] systemd[1]: Starting Coldplug All udev Devices...
         Starting Coldplug All udev Devices...
[   16.210815] systemd[1]: Started RPC Bind.
[  OK  ] Started RPC Bind.
[   16.232244] systemd[1]: Mounted Huge Pages File System.
[  OK  ] Mounted Huge Pages File System.
[   16.253594] vspm: loading out-of-tree module taints kernel.
[   16.268933] systemd[1]: Mounted POSIX Message Queue File System.
[  OK  ] Mounted POSIX Message Queue File System.
[   16.291691] systemd[1]: Started Journal Service.
[  OK  ] Started Journal Service.
[  OK  ] Mounted Kernel Debug File System.
[  OK  ] Mounted Temporary Directory /tmp.
[  OK  ] Finished Load Kernel Module configfs.
[  OK  ] Finished Load Kernel Module drm.
[  OK  ] Finished Load Kernel Module fuse.
[  OK  ] Finished Load Kernel Modules.
[FAILED] Failed to start Generate network units from Kernel command line.
See 'systemctl status systemd-network-generator.service' for details.
[  OK  ] Finished Remount Root and Kernel File Systems.
[  OK  ] Reached target Preparation for Network.
         Mounting Kernel Configuration File System...
         Starting Flush Journal to Persistent Storage...
         Starting Apply Kernel Variables...
[  OK  ] Mounted Kernel Configuration File System.
[  OK  ] Finished Create Static Device Nodes in /dev gracefully.
[   16.676439] systemd-journald[279]: Received client request to flush runtime journal.
         Starting Create Static Device Nodes in /dev...
[  OK  ] Finished Flush Journal to Persistent Storage.
[  OK  ] Finished Apply Kernel Variables.
[  OK  ] Finished Create Static Device Nodes in /dev.
[  OK  ] Reached target Preparation for Local File Systems.
         Mounting /var/volatile...
         Starting Rule-based Manager for Device Events and Files...
[  OK  ] Mounted /var/volatile.
         Starting Load/Save OS Random Seed...
[  OK  ] Reached target Local File Systems.
         Starting Create Volatile Files and Directories...
[  OK  ] Finished Load/Save OS Random Seed.
[  OK  ] Finished Coldplug All udev Devices.
[  OK  ] Started Rule-based Manager for Device Events and Files.
         Starting Network Configuration...
         Starting User Database Manager...
[   17.613065] ravb_streaming/searching for ravb interface
[   17.680404] ravb_streaming/init: start(eth0)
[   17.704553] ravb_streaming/init: success
[   17.789944] ravb-mch ec5a0100.avb-mch: probe: start
[  OK  ] Started User Database Manager.
[  OK  ] Finished Create Volatile Files and Directories.
         Starting Network Name Resolution...
         Starting Network Time Synchronization...
         Starting Record System Boot/Shutdown in UTMP...
[   18.061551] ravb-mch ec5a0100.avb-mch: probe: success
[  OK  ] Finished Record System Boot/Shutdown in UTMP.
[  OK  ] Started Network Configuration.
[  OK  ] Started Network Name Resolution.
[  OK  ] Started Network Time Synchronization.
[  OK  ] Reached target Network.
[  OK  ] Reached target Host and Network Name Lookups.
[  OK  ] Reached target System Initialization.
[  OK  ] Started Daily Cleanup of Temporary Directories.
[  OK  ] Reached target System Time Set.
[  OK  ] Reached target Timer Units.
[  OK  ] Listening on Avahi mDNS/DNS-SD Stack Activation Socket.
[  OK  ] Listening on D-Bus System Message Bus Socket.
[  OK  ] Listening on dropbear.socket.
[  OK  ] Reached target Socket Units.
[  OK  ] Reached target Basic System.
         Starting Avahi mDNS/DNS-SD Stack...
[  OK  ] Started Kernel Logging Service.
[  OK  ] Started System Logging Service.
[   19.128590] adsp ec800000.adsp: assigned reserved memory node linux,adsp@57000000
         Starting D-Bus System Message Bus...
[   19.177655] adsp ec800000.adsp: virt_addr=00000000df8ce891 phy_addr=0x57000000 size=16777216
[   19.187845] XF-IPC: ADSP rate set to 532480000
[  OK  ] Started optee services.
[   19.254801] XF-FW: received firmware (202922 bytes)
         Starting pvrinit.service...
         Starting PowerVR consumer services...
         Starting User Login Management...
[   19.348110] XF-IPC: fill firmware area: 57100000[200884]
[   19.356258] XF-IPC: fill firmware area: ece80000[1992]
         Starting    19.363522] XF: proxy-0 debug interface created
39mPermit User Sessions...[   19.370422] XF-IPC: DSP start-up sequence completed

[   19.378798] XF: Xtensa DSP Proxy driver registered
[   19.385462] XF: client-1 created: 0000000002da6020
[   19.397881] ADSP base thread has been started.
[   19.422420] ADSP base was created
[  OK  ] Reached target Hardware activated USB gadget.
[  OK  ] Created slice Slice /system/weston.
[  OK  ] Finished Permit User Sessions.
[  OK  ] Started Getty on tty1.
[  OK  ] Started Serial Getty on ttySC0.
[  OK  ] Reached target Login Prompts.
[  OK  ] Started User Login Management.
[   20.140268] PVR_K:  416: Read BVNC 15.5.1.64 from HW device registers
[   20.147677] PVR_K:  416: RGX Device registered with BVNC 15.5.1.64
[   20.155012] pvrsrvkm fd000000.gsx: Found 4 OPP points.
[   20.160887] pvrsrvkm fd000000.gsx: opp[1/4]: (200000000 Hz, 830000 uV)
         Starting    20.168984] pvrsrvkm fd000000.gsx: opp[2/4]: (300000000 Hz, 830000 uV)
39mVirtual Console Setup[   20.177587] pvrsrvkm fd000000.gsx: opp[3/4]: (400000000 Hz, 830000 uV)
...
[   20.186142] pvrsrvkm fd000000.gsx: opp[4/4]: (600000000 Hz, 830000 uV)
[   20.193627] DVFS : Changed GPU clock to 600000000 [Hz]
[   20.215104] PVR_K:  416: RGX Firmware image 'rgx.fw.15.5.1.64' loaded
[  OK  ] Stopped Virtual Console Setup.
[   20.265984] PVR_K:  416: Shader binary image 'rgx.sh.15.5.1.64' loaded
         Starting Virtual Conso[   20.277026] [drm] Initialized pvr 1.15.6052913 20170530 for fd000000.gsx on minor 1
le Setup...
[  OK  ] Started D-Bus System Message Bus.
[   20.318032] rcar_sound ec500000.sound: Can't update kctrl when idle
[  OK  ] Started Avahi mDNS/DNS-SD Stack.
[  OK  ] Started pvrinit.service.
         Starting Save/Restore Sound Card State...
         Starting set_default_governor.service...
[  OK  ] Finished PowerVR consumer services.
[   20.547402] rcar_sound ec500000.sound: Can't update kctrl when idle
[  OK  ] Finished Save/Restore Sound Card State.
[  OK  ] Reached target Sound Card.
[  OK  ] Started set_default_governor.service.
[  OK  ] Reached target Multi-User System.
[  OK  ] Reached target Graphical Interface.
         Starting Record Runlevel Change in UTMP...
[  OK  ] Started Weston Wayland Compositor.
[  OK  ] Finished Record Runlevel Change in UTMP.
[  OK  ] Finished Virtual Console Setup.
[   21.210440] audit: type=1006 audit(1721381027.198:2): pid=487 uid=0 old-auid=4294967295 auid=0 tty=(none) old-ses=4294967295 ses=1 res=1

Poky (Yocto Project Reference Distro) 5.0 salvator-x ttySC0

salvator-x login: root

WARNING: Poky is a reference Yocto Project distribution that should be used for
testing and development purposes only. It is recommended that you create your
own distribution for production use.

root@salvator-x:~# reboot
root@salvator-x:~#          Stopping Session c1 of Uû[  OK  ] Stopped target Graphical Interface.
[  OK  ] Stopped target Host and Network Name Lookups.
[  OK  ] Stopped target RPC Port Mapper.
[  OK  ] Stopped target Sound Card.
[  OK  ] Stopped target System Time Set.
[  OK  ] Stopped target Timer Units.
[  OK  ] Stopped Daily Cleanup of Temporary Directories.
[   27.592941] vsp1 fea28000.vsp: Underrun occurred at WPF0 (total underruns 1)
[  OK  ] Stopped target Hardware activated USB gadget.
         Stopping Save/Restore Sound Card State...
         Stopping Load/Save OS Random Seed...
         Stopping Weston Wayland Compositor...
[  OK  ] Stopped Serial Getty on ttySC0.
[  OK  ] Stopped Weston Wayland Compositor.
[  OK  ] Stopped Save/Restore Sound Card State.
[  OK  ] Stopped Load/Save OS Random Seed.
[  OK  ] Stopped Session c1 of User root.
[  OK  ] Stopped Session c2 of User root.
[  OK  ] Removed slice Slice /system/serial-getty.
[  OK  ] Removed slice Slice /system/weston.
[  OK  ] Stopped target Multi-User System.
[  OK  ] Stopped target Login Prompts.
         Stopping Avahi mDNS/DNS-SD Stack...
         Stopping Kernel Logging Service...
         Stopping System Logging Service...
         Stopping Getty on tty1...
         Stopping optee services...
         Stopping PowerVR consumer services...
         Stopping set_default_governor.service...
         Stopping User Login Management...
         Stopping User Manager for UID 0...
[  OK  ] Stopped Avahi mDNS/DNS-SD Stack.
[  OK  ] Stopped Kernel Logging Service.
[  OK  ] Stopped System Logging Service.
[  OK  ] Stopped Getty on tty1.
[  OK  ] Stopped optee services.
[  OK  ] Stopped User Manager for UID 0.
[  OK  ] Stopped set_default_governor.service.
[  OK  ] Stopped PowerVR consumer services.
[  OK  ] Removed slice Slice /system/getty.
         Stopping pvrinit.service...
         Stopping Permit User Sessions...
         Stopping User Runtime Directory /run/user/0...
[  OK  ] Stopped User Login Management.
[  OK  ] Unmounted /run/user/0.
[  OK  ] Stopped pvrinit.service.
[  OK  ] Stopped Permit User Sessions.
[  OK  ] Stopped User Runtime Directory /run/user/0.
[  OK  ] Removed slice User Slice of UID 0.
[  OK  ] Stopped target Network.
[  OK  ] Stopped target Remote File Systems.
         Stopping D-Bus System Message Bus...
         Stopping Network Configuration...
[  OK  ] Stopped Network Configuration.
[  OK  ] Stopped D-Bus System Message Bus.
[  OK  ] Stopped target Basic System.
[  OK  ] Stopped target Preparation for Network.
[  OK  ] Stopped target Path Units.
[  OK  ] Stopped Dispatch Password Requests to Console Directory Watch.
[  OK  ] Stopped Forward Password Requests to Wall Directory Watch.
[  OK  ] Stopped target Slice Units.
[  OK  ] Removed slice User and Session Slice.
[  OK  ] Stopped target Socket Units.
[  OK  ] Closed Avahi mDNS/DNS-SD Stack Activation Socket.
[  OK  ] Closed D-Bus System Message Bus Socket.
[  OK  ] Closed dropbear.socket.
[  OK  ] Stopped target System Initialization.
[  OK  ] Closed Syslog Socket.
[  OK  ] Closed Network Service Netlink Socket.
         Stopping Network Name Resolution...
         Stopping Network Time Synchronization...
         Stopping Record System Boot/Shutdown in UTMP...
[  OK  ] Stopped Network Name Resolution.
[  OK  ] Stopped Network Time Synchronization.
[  OK  ] Stopped Apply Kernel Variables.
[  OK  ] Stopped Load Kernel Modules.
[  OK  ] Stopped Record System Boot/Shutdown in UTMP.
[  OK  ] Stopped Create Volatile Files and Directories.
[  OK  ] Stopped target Local File Systems.
         Unmounting Temporary Directory /tmp...
         Unmounting /var/volatile...
[  OK  ] Unmounted /var/volatile.
[  OK  ] Unmounted Temporary Directory /tmp.
[  OK  ] Stopped target Preparation for Local File Systems.
[  OK  ] Stopped target Swaps.
[  OK  ] Reached target Unmount All Filesystems.
[  OK  ] Stopped Remount Root and Kernel File Systems.
[  OK  ] Stopped Create Static Device Nodes in /dev.
