NOTICE:  BL2: R-Car Gen3 Initial Program Loader(CA57) Rev.4.0.0
NOTICE:  BL2: PRR is R-Car M3N Ver.1.1
NOTICE:  BL2: Board is Salvator-XS Rev.1.0
NOTICE:  BL2: Boot device is HyperFlash(160MHz)
NOTICE:  BL2: LCM state is CM
NOTICE:  AVS setting succeeded. DVFS_SetVID=0x53
NOTICE:  BL2: DDR3200(rev.0.42)
NOTICE:  BL2: [COLD_BOOT]
NOTICE:  BL2: DRAM Split is OFF
NOTICE:  BL2: QoS is default setting(rev.0.09)
NOTICE:  BL2: DRAM refresh interval 1.95 usec
NOTICE:  BL2: Periodic Write DQ Training
NOTICE:  BL2: CH0: 400000000 - 47fffffff, 2 GiB
NOTICE:  BL2: Lossy Decomp areas
NOTICE:       Entry 0: DCMPAREACRAx:0x80000540 DCMPAREACRBx:0x570
NOTICE:       Entry 1: DCMPAREACRAx:0x40000000 DCMPAREACRBx:0x0
NOTICE:       Entry 2: DCMPAREACRAx:0x20000000 DCMPAREACRBx:0x0
NOTICE:  BL2: FDT at 0xe6324d78
NOTICE:  BL2: v2.9(release):9cdb21f75-dirty
NOTICE:  BL2: Built : 20:21:29, Jul 10 2024
NOTICE:  BL2: Normal boot
NOTICE:  BL2: dst=0xe6324600 src=0x8180000 len=512(0x200)
NOTICE:  BL2: dst=0x43f00000 src=0x8180400 len=6144(0x1800)
NOTICE:  rcar_file_len: len: 0x0003e000
NOTICE:  BL2: dst=0x44000000 src=0x81c0000 len=253952(0x3e000)
NOTICE:  rcar_file_len: len: 0x00200000
NOTICE:  BL2: dst=0x44100000 src=0x8200000 len=2097152(0x200000)
NOTICE:  rcar_file_len: len: 0x00100000
NOTICE:  BL2: dst=0x50000000 src=0x8640000 len=1048576(0x100000)
NOTICE:  BL2: Booting BL31


U-Boot 2020.10 (Jul 10 2024 - 20:21:46 +0000)

CPU: Renesas Electronics R8A77965 rev 1.1
Model: Renesas Salvator-X 2nd version board based on r8a77965
DRAM:  1.9 GiB
RAM Configuration:
Bank #0: 0x048000000 - 0x0bfffffff, 1.9 GiB

MMC:   sd@ee100000: 0, sd@ee140000: 1, sd@ee160000: 2
Loading Environment from MMC... OK
In:    serial@e6e88000
Out:   serial@e6e88000
Err:   serial@e6e88000
Net:   eth0: ethernet@e6800000
Hit any key to stop autoboot:  0
=> pr
LONG_MODPROBE_bootargs=rw root=/dev/nfs nfsroot=192.168.8.8:/tftpboot/D3_thuan_ha/rootfs,nfsvers=4 ip=192.168.8.20 baudrate=115200
LONG_bootargs=rw root=/dev/nfs nfsroot=192.168.8.8:/tftpboot/long.trinh-tien/M3N_full/rootfs,nfsvers=4 ip=192.168.8.20 baudrate=115200
TRINH_bootargs=rw root=/dev/nfs nfsroot=192.168.8.8:/tftpboot/trinh.nguyen-tan/2024/M3N/rootfs,nfsvers=4 ip=192.168.8.10
baudrate=115200
bootargs=rw root=/dev/nfs nfsroot=192.168.8.8:/tftpboot/long.trinh-tien/M3N_full/rootfs,nfsvers=4 ip=192.168.8.20 baudrate=115200
bootargs_emmc=rw root=/dev/mmcblk0p1 rootwait
bootargs_sd0=rw root=/dev/mmcblk1p1 ip=192.168.8.37 rootwait
bootargs_vinh=rw root=/dev/nfs nfsroot=192.168.10.220:/data1/tftpboot/vinhsunguyen/bsp/m3n/rootfs,nfsvers=4 ip=192.168.10.155
bootcmd=usb start; run usb_LONG_boot; usb stop;
bootcmd_LONG_tftp=setenv bootargs ${LONG_bootargs} ; tftp 0x48080000 long.trinh-tien/M3N_full/Image ; tftp 0x48000000 long.trinh-tien/M3N_full/${dtb};booti 0x48080000 - 0x48000000
bootcmd_TRINH_tftp=setenv bootargs ${TRINH_bootargs} ; tftp 0x48080000 trinh.nguyen-tan/2024/M3N/Image ; tftp 0x48000000 trinh.nguyen-tan/2024/M3N/${dtb};booti 0x48080000 - 0x48000000
bootcmd_emmc=setenv bootargs ${bootargs_emmc};ext2load mmc 1:1 0x48080000 /boot/Image;ext2load mmc 1:1 0x48000000 /boot/${dtb};run booti_cmd
bootcmd_sd0=setenv bootargs ${bootargs_sd0};ext2load mmc 0:1 0x48080000 /boot/Image;ext2load mmc 0:1 0x48000000 /boot/${dtb};run booti_cmd
bootcmd_tftp=tftp 0x48080000 HVN/HuyNV/M3N_1/Image;tftp 0x48000000 HVN/HuyNV/M3N_1/${dtb};booti 0x48080000 - 0x48000000
bootcmd_vinh=setenv bootargs ${bootargs_vinh} ;tftp 0x48080000 ${vinhdir}/Image; tftp 0x48000000 ${vinhdir}/r8a77965-salvator-xs.dtb; run booti_cmd
bootdelay=2
booti_cmd=booti 0x48080000 - 0x48000000
bootm_size=0x10000000
dtb=r8a77965-salvator-xs.dtb
ethact=ethernet@e6800000
ethaddr=2E:09:0A:02:EE:7F
fdtcontroladdr=bbef0820
fileaddr=48080000
filesize=3257200
ipaddr=192.168.8.59
loadaddr=0x58000000
platform=r8a77965
serverip=192.168.8.8
stderr=serial@e6e88000
stdin=serial@e6e88000
stdout=serial@e6e88000
usb_LONG_boot=ext2load usb 0:1 0x48080000 Image; ext2load usb 0:1 0x48000000 ${dtb}; booti 0x48080000 - 0x48000000
usb_pgood_delay=2000
ver=U-Boot 2020.10 (Jul 10 2024 - 20:21:46 +0000)
vinhdir=vinhsunguyen/bsp/pm-swwa/testspec/

Environment size: 2316/131068 bytes
=> usb start
starting USB...
Bus usb@ee000000: Register 2000120 NbrPorts 2
Starting the controller
USB XHCI 1.00
Bus usb@ee080100: USB EHCI 1.10
Bus usb@ee0a0100: USB EHCI 1.10
scanning bus usb@ee000000 for devices... 2 USB Device(s) found
scanning bus usb@ee080100 for devices... 1 USB Device(s) found
scanning bus usb@ee0a0100 for devices... 1 USB Device(s) found
       scanning usb for storage devices... 1 Storage Device(s) found
=> ext2ls usb 0:1
<DIR>       4096 .
<DIR>       4096 ..
<DIR>      16384 lost+found
        33712640 Image
           71472 r8a77965-salvator-x.dtb
           71628 r8a77965-salvator-xs.dtb
           71669 r8a779m5-salvator-xs.dtb
=> edit usb_LONG_boot
edit: ext2load usb 0:1 0x48080000 Image; ext2load usb 0:1 0x48000000 r8a779m5-salvator-xs.dtb; booti 0x48080000 - 0x48000000
=> savee
Saving Environment to MMC... Writing to MMC(1)... OK
=> boot
33712640 bytes read in 2042 ms (15.7 MiB/s)
71669 bytes read in 8 ms (8.5 MiB/s)
Moving Image from 0x48080000 to 0x48200000, end=4a2b0000
## Flattened Device Tree blob at 48000000
   Booting using the fdt blob at 0x48000000
   Loading Device Tree to 0000000053feb000, end 0000000053fff7f4 ... OK

Starting kernel ...

[    0.000000] Booting Linux on physical CPU 0x0000000000 [0x411fd073]
[    0.000000] Linux version 5.10.218-yocto-standard (oe-user@oe-host) (aarch64-poky-linux-gcc (GCC) 13.2.0, GNU ld (GNU Binutils) 2.42.0.20240216) #1 SMP PREEMPT Wed Jul 10 19:28:28 UTC 2024
[    0.000000] Machine model: Renesas Salvator-X 2nd version board based on r8a779m5
[    0.000000] efi: UEFI not found.
[    0.000000] Reserved memory: created CMA memory pool at 0x0000000057000000, size 16 MiB
[    0.000000] OF: reserved mem: initialized node linux,adsp@57000000, compatible id shared-dma-pool
[    0.000000] Reserved memory: created CMA memory pool at 0x0000000058000000, size 384 MiB
[    0.000000] OF: reserved mem: initialized node linux,cma@58000000, compatible id shared-dma-pool
[    0.000000] Reserved memory: created CMA memory pool at 0x0000000070000000, size 256 MiB
[    0.000000] OF: reserved mem: initialized node linux,multimedia@70000000, compatible id shared-dma-pool
[    0.000000] NUMA: No NUMA configuration found
[    0.000000] NUMA: Faking a node at [mem 0x0000000048000000-0x00000000bfffffff]
[    0.000000] NUMA: NODE_DATA [mem 0xbfbfcb00-0xbfbfefff]
[    0.000000] Zone ranges:
[    0.000000]   DMA      [mem 0x0000000048000000-0x00000000bfffffff]
[    0.000000]   DMA32    empty
[    0.000000]   Normal   empty
[    0.000000] Movable zone start for each node
[    0.000000] Early memory node ranges
[    0.000000]   node   0: [mem 0x0000000048000000-0x0000000053ffffff]
[    0.000000]   node   0: [mem 0x0000000054000000-0x0000000056ffffff]
[    0.000000]   node   0: [mem 0x0000000057000000-0x00000000bfffffff]
[    0.000000] Initmem setup node 0 [mem 0x0000000048000000-0x00000000bfffffff]
[    0.000000] psci: probing for conduit method from DT.
[    0.000000] psci: PSCIv1.1 detected in firmware.
[    0.000000] psci: Using standard PSCI v0.2 function IDs
[    0.000000] psci: Trusted OS resident on physical CPU 0x0
[    0.000000] psci: SMC Calling Convention v1.2
[    0.000000] percpu: Embedded 23 pages/cpu s56984 r8192 d29032 u94208
[    0.000000] Detected PIPT I-cache on CPU0
[    0.000000] CPU features: detected: EL2 vector hardening
[    0.000000] CPU features: detected: Spectre-v2
[    0.000000] CPU features: detected: ARM errata 1165522, 1319367, or 1530923
[    0.000000] CPU features: detected: Spectre-BHB
[    0.000000] CPU features: detected: ARM erratum 1742098
[    0.000000] Built 1 zonelists, mobility grouping on.  Total pages: 483840
[    0.000000] Policy zone: DMA
[    0.000000] Kernel command line: rw root=/dev/nfs nfsroot=192.168.8.8:/tftpboot/long.trinh-tien/M3N_full/rootfs,nfsvers=4 ip=192.168.8.20 baudrate=115200
[    0.000000] Dentry cache hash table entries: 262144 (order: 9, 2097152 bytes, linear)
[    0.000000] Inode-cache hash table entries: 131072 (order: 8, 1048576 bytes, linear)
[    0.000000] mem auto-init: stack:all(zero), heap alloc:off, heap free:off
[    0.000000] Memory: 1171500K/1966080K available (15552K kernel code, 2842K rwdata, 8248K rodata, 6144K init, 518K bss, 122836K reserved, 671744K cma-reserved)
[    0.000000] SLUB: HWalign=64, Order=0-3, MinObjects=0, CPUs=2, Nodes=1
[    0.000000] rcu: Preemptible hierarchical RCU implementation.
[    0.000000] rcu:     RCU event tracing is enabled.
[    0.000000] rcu:     RCU restricting CPUs from NR_CPUS=256 to nr_cpu_ids=2.
[    0.000000]  Trampoline variant of Tasks RCU enabled.
[    0.000000] rcu: RCU calculated value of scheduler-enlistment delay is 25 jiffies.
[    0.000000] rcu: Adjusting geometry for rcu_fanout_leaf=16, nr_cpu_ids=2
[    0.000000] NR_IRQS: 64, nr_irqs: 64, preallocated irqs: 0
[    0.000000] arch_timer: cp15 timer(s) running at 8.32MHz (virt).
[    0.000000] clocksource: arch_sys_counter: mask: 0xffffffffffffff max_cycles: 0x1eb398c07, max_idle_ns: 440795202503 ns
[    0.000003] sched_clock: 56 bits at 8MHz, resolution 120ns, wraps every 2199023255503ns
[    0.000188] Console: colour dummy device 80x25
[    0.000377] printk: console [tty0] enabled
[    0.000453] Calibrating delay loop (skipped), value calculated using timer frequency.. 16.64 BogoMIPS (lpj=33280)
[    0.000470] pid_max: default: 32768 minimum: 301
[    0.000522] LSM: Security Framework initializing
[    0.000576] Mount-cache hash table entries: 4096 (order: 3, 32768 bytes, linear)
[    0.000595] Mountpoint-cache hash table entries: 4096 (order: 3, 32768 bytes, linear)
[    0.001758] rcu: Hierarchical SRCU implementation.
[    0.003037] Detected Renesas R-Car Gen3 r8a77965 ES1.1
[    0.004465] EFI services will not be available.
[    0.004630] smp: Bringing up secondary CPUs ...
[    0.005115] Detected PIPT I-cache on CPU1
[    0.005168] CPU1: Booted secondary processor 0x0000000001 [0x411fd073]
[    0.005243] smp: Brought up 1 node, 2 CPUs
[    0.005265] SMP: Total of 2 processors activated.
[    0.005273] CPU features: detected: 32-bit EL0 Support
[    0.005281] CPU features: detected: CRC32 instructions
[    0.005287] CPU features: detected: 32-bit EL1 Support
[    0.014893] CPU: All CPU(s) started at EL1
[    0.014954] alternatives: patching kernel code
[    0.015704] devtmpfs: initialized
[    0.020993] KASLR disabled due to lack of seed
[    0.021161] clocksource: jiffies: mask: 0xffffffff max_cycles: 0xffffffff, max_idle_ns: 7645041785100000 ns
[    0.021182] futex hash table entries: 512 (order: 3, 32768 bytes, linear)
[    0.029837] pinctrl core: initialized pinctrl subsystem
[    0.031134] DMI not present or invalid.
[    0.031617] NET: Registered protocol family 16
[    0.032668] DMA: preallocated 256 KiB GFP_KERNEL pool for atomic allocations
[    0.032764] DMA: preallocated 256 KiB GFP_KERNEL|GFP_DMA pool for atomic allocations
[    0.032859] DMA: preallocated 256 KiB GFP_KERNEL|GFP_DMA32 pool for atomic allocations
[    0.032907] audit: initializing netlink subsys (disabled)
[    0.033070] audit: type=2000 audit(0.032:1): state=initialized audit_enabled=0 res=1
[    0.034141] thermal_sys: Registered thermal governor 'power_allocator'
[    0.034563] cpuidle: using governor menu
[    0.034701] hw-breakpoint: found 6 breakpoint and 4 watchpoint registers.
[    0.034755] ASID allocator initialised with 65536 entries
[    0.035926] Serial: AMBA PL011 UART driver
[    0.070434] sh-pfc e6060000.pinctrl: r8a77965_pfc support registered
[    0.081591] HugeTLB registered 1.00 GiB page size, pre-allocated 0 pages
[    0.081611] HugeTLB registered 32.0 MiB page size, pre-allocated 0 pages
[    0.081619] HugeTLB registered 2.00 MiB page size, pre-allocated 0 pages
[    0.081627] HugeTLB registered 64.0 KiB page size, pre-allocated 0 pages
[    0.082540] cryptd: max_cpu_qlen set to 1000
[    0.084484] ACPI: Interpreter disabled.
[    0.087995] rcar_avs_init: cannot find compatible dts node
[    0.089428] iommu: Default domain type: Translated
[    0.089944] ipmmu-vmsa e67b0000.iommu: IPMMU context 0 is reserved
[    0.090805] vgaarb: loaded
[    0.091021] SCSI subsystem initialized
[    0.091313] usbcore: registered new interface driver usbfs
[    0.091358] usbcore: registered new interface driver hub
[    0.091381] usbcore: registered new device driver usb
[    0.095246] i2c-sh_mobile e60b0000.i2c: I2C adapter 7, bus speed 400000 Hz
[    0.095846] mc: Linux media interface: v0.10
[    0.095874] videodev: Linux video capture interface: v2.00
[    0.095932] pps_core: LinuxPPS API ver. 1 registered
[    0.095940] pps_core: Software ver. 5.3.6 - Copyright 2005-2007 Rodolfo Giometti <giometti@linux.it>
[    0.095953] PTP clock support registered
[    0.096134] EDAC MC: Ver: 3.0.0
[    0.097983] FPGA manager framework
[    0.098046] Advanced Linux Sound Architecture Driver Initialized.
[    0.098616] clocksource: Switched to clocksource arch_sys_counter
[    0.098780] VFS: Disk quotas dquot_6.6.0
[    0.098825] VFS: Dquot-cache hash table entries: 512 (order 0, 4096 bytes)
[    0.098964] pnp: PnP ACPI: disabled
[    0.102431] NET: Registered protocol family 2
[    0.102643] IP idents hash table entries: 32768 (order: 6, 262144 bytes, linear)
[    0.103407] tcp_listen_portaddr_hash hash table entries: 1024 (order: 2, 16384 bytes, linear)
[    0.103479] TCP established hash table entries: 16384 (order: 5, 131072 bytes, linear)
[    0.103559] TCP bind hash table entries: 16384 (order: 6, 262144 bytes, linear)
[    0.103709] TCP: Hash tables configured (established 16384 bind 16384)
[    0.103816] UDP hash table entries: 1024 (order: 3, 32768 bytes, linear)
[    0.103856] UDP-Lite hash table entries: 1024 (order: 3, 32768 bytes, linear)
[    0.103985] NET: Registered protocol family 1
[    0.104357] RPC: Registered named UNIX socket transport module.
[    0.104372] RPC: Registered udp transport module.
[    0.104378] RPC: Registered tcp transport module.
[    0.104384] RPC: Registered tcp NFSv4.1 backchannel transport module.
[    0.104397] PCI: CLS 0 bytes, default 64
[    0.104875] hw perfevents: enabled with armv8_cortex_a57 PMU driver, 7 counters available
[    0.105361] kvm [1]: HYP mode not available
[    0.107826] Initialise system trusted keyrings
[    0.107991] workingset: timestamp_bits=42 max_order=19 bucket_order=0
[    0.111052] squashfs: version 4.0 (2009/01/31) Phillip Lougher
[    0.111542] NFS: Registering the id_resolver key type
[    0.111588] Key type id_resolver registered
[    0.111595] Key type id_legacy registered
[    0.111653] nfs4filelayout_init: NFSv4 File Layout Driver Registering...
[    0.111665] nfs4flexfilelayout_init: NFSv4 Flexfile Layout Driver Registering...
[    0.111796] 9p: Installing v9fs 9p2000 file system support
[    0.137900] Key type asymmetric registered
[    0.137918] Asymmetric key parser 'x509' registered
[    0.137963] Block layer SCSI generic (bsg) driver version 0.4 loaded (major 243)
[    0.137973] io scheduler mq-deadline registered
[    0.137985] io scheduler kyber registered
[    0.149503] gpio_rcar e6050000.gpio: driving 16 GPIOs
[    0.149887] gpio_rcar e6051000.gpio: driving 29 GPIOs
[    0.150190] gpio_rcar e6052000.gpio: driving 15 GPIOs
[    0.150465] gpio_rcar e6053000.gpio: driving 16 GPIOs
[    0.150765] gpio_rcar e6054000.gpio: driving 18 GPIOs
[    0.151049] gpio_rcar e6055000.gpio: driving 26 GPIOs
[    0.151330] gpio_rcar e6055400.gpio: driving 32 GPIOs
[    0.151596] gpio_rcar e6055800.gpio: driving 4 GPIOs
[    0.154232] rcar-pcie fe000000.pcie: host bridge /soc/pcie@fe000000 ranges:
[    0.154267] rcar-pcie fe000000.pcie:       IO 0x00fe100000..0x00fe1fffff -> 0x0000000000
[    0.154289] rcar-pcie fe000000.pcie:      MEM 0x00fe200000..0x00fe3fffff -> 0x00fe200000
[    0.154309] rcar-pcie fe000000.pcie:      MEM 0x0030000000..0x0037ffffff -> 0x0030000000
[    0.154323] rcar-pcie fe000000.pcie:      MEM 0x0038000000..0x003fffffff -> 0x0038000000
[    0.154339] rcar-pcie fe000000.pcie:   IB MEM 0x0040000000..0x00bfffffff -> 0x0040000000
[    0.154389] rcar-pcie fe000000.pcie: no pcie3v3 regulator found
[    0.154399] rcar-pcie fe000000.pcie: no pcie1v8 regulator found
[    0.218329] rcar-pcie fe000000.pcie: PCIe link down
[    0.218524] rcar-pcie ee800000.pcie: host bridge /soc/pcie@ee800000 ranges:
[    0.218547] rcar-pcie ee800000.pcie:       IO 0x00ee900000..0x00ee9fffff -> 0x0000000000
[    0.218566] rcar-pcie ee800000.pcie:      MEM 0x00eea00000..0x00eebfffff -> 0x00eea00000
[    0.218583] rcar-pcie ee800000.pcie:      MEM 0x00c0000000..0x00c7ffffff -> 0x00c0000000
[    0.218596] rcar-pcie ee800000.pcie:      MEM 0x00c8000000..0x00cfffffff -> 0x00c8000000
[    0.218633] rcar-pcie ee800000.pcie:   IB MEM 0x0040000000..0x00bfffffff -> 0x0040000000
[    0.218667] rcar-pcie ee800000.pcie: no pcie3v3 regulator found
[    0.218677] rcar-pcie ee800000.pcie: no pcie1v8 regulator found
[    0.286312] rcar-pcie ee800000.pcie: PCIe link down
[    0.288241] EINJ: ACPI disabled.
[    0.317441] Serial: 8250/16550 driver, 4 ports, IRQ sharing enabled
[    0.319649] SuperH (H)SCI(F) driver initialized
[    0.320081] e6550000.serial: ttySC1 at MMIO 0xe6550000 (irq = 36, base_baud = 0) is a hscif
[    0.320899] e6e88000.serial: ttySC0 at MMIO 0xe6e88000 (irq = 119, base_baud = 0) is a scif
[    1.390112] printk: console [ttySC0] enabled
[    1.395531] msm_serial: driver initialized
[    1.405038] rcar-dw-hdmi fead0000.hdmi: Detected HDMI TX controller v2.01a with HDCP (DWC HDMI 2.0 TX PHY)
[    1.415007] rcar-dw-hdmi fead0000.hdmi: registered DesignWare HDMI I2C bus driver
[    1.429109] loop: module loaded
[    1.433610] megasas: 07.714.04.00-rc1
[    1.439178] scsi host0: sata_rcar
[    1.442677] ata1: SATA max UDMA/133 irq 170
[    1.451387] tun: Universal TUN/TAP device driver, 1.6
[    1.457272] thunder_xcv, ver 1.0
[    1.460539] thunder_bgx, ver 1.0
[    1.463790] nicpf, ver 1.0
[    1.467625] hclge is initializing
[    1.470966] hns3: Hisilicon Ethernet Network Driver for Hip08 Family - version
[    1.478190] hns3: Copyright (c) 2017 Huawei Corporation.
[    1.483531] e1000: Intel(R) PRO/1000 Network Driver
[    1.488410] e1000: Copyright (c) 1999-2006 Intel Corporation.
[    1.494178] e1000e: Intel(R) PRO/1000 Network Driver
[    1.499143] e1000e: Copyright(c) 1999 - 2015 Intel Corporation.
[    1.505081] igb: Intel(R) Gigabit Ethernet Network Driver
[    1.510480] igb: Copyright (c) 2007-2014 Intel Corporation.
[    1.516074] igbvf: Intel(R) Gigabit Virtual Function Network Driver
[    1.522341] igbvf: Copyright (c) 2009 - 2012 Intel Corporation.
[    1.528595] sky2: driver version 1.30
[    1.536295] ravb e6800000.ethernet eth0: Base address at 0xe6800000, 2e:09:0a:02:ee:7f, IRQ 116.
[    1.546495] VFIO - User Level meta-driver version: 0.3
[    1.553404] ehci_hcd: USB 2.0 'Enhanced' Host Controller (EHCI) Driver
[    1.559961] ehci-pci: EHCI PCI platform driver
[    1.564444] ehci-platform: EHCI generic platform driver
[    1.570138] ehci-platform ee0a0100.usb: EHCI Host Controller
[    1.575828] ehci-platform ee0a0100.usb: new USB bus registered, assigned bus number 1
[    1.583743] ehci-platform ee0a0100.usb: irq 166, io mem 0xee0a0100
[    1.602626] ehci-platform ee0a0100.usb: USB 2.0 started, EHCI 1.10
[    1.609206] hub 1-0:1.0: USB hub found
[    1.612991] hub 1-0:1.0: 1 port detected
[    1.617414] ehci-orion: EHCI orion driver
[    1.621676] ehci-exynos: EHCI Exynos driver
[    1.625971] ohci_hcd: USB 1.1 'Open' Host Controller (OHCI) Driver
[    1.632172] ohci-pci: OHCI PCI platform driver
[    1.636679] ohci-platform: OHCI generic platform driver
[    1.642297] ohci-platform ee0a0000.usb: Generic Platform OHCI controller
[    1.649032] ohci-platform ee0a0000.usb: new USB bus registered, assigned bus number 2
[    1.656933] ohci-platform ee0a0000.usb: irq 166, io mem 0xee0a0000
[    1.752950] hub 2-0:1.0: USB hub found
[    1.756727] hub 2-0:1.0: 1 port detected
[    1.761089] ohci-exynos: OHCI Exynos driver
[    1.765964] xhci-hcd ee000000.usb: xHCI Host Controller
[    1.771221] xhci-hcd ee000000.usb: new USB bus registered, assigned bus number 3
[    1.779829] xhci-hcd ee000000.usb: hcc params 0x014051ce hci version 0x100 quirks 0x0000000000830410
[    1.789008] xhci-hcd ee000000.usb: irq 163, io mem 0xee000000
[    1.794887] xhci-hcd ee000000.usb: xHCI Host Controller
[    1.800128] xhci-hcd ee000000.usb: new USB bus registered, assigned bus number 4
[    1.807533] xhci-hcd ee000000.usb: Host supports USB 3.0 SuperSpeed
[    1.814167] hub 3-0:1.0: USB hub found
[    1.817945] hub 3-0:1.0: 1 port detected
[    1.822052] usb usb4: We don't know the algorithms for LPM for this host, disabling LPM.
[    1.830405] hub 4-0:1.0: USB hub found
[    1.834178] hub 4-0:1.0: 1 port detected
[    1.838941] usbcore: registered new interface driver usb-storage
[    1.846361] renesas_usbhs e6590000.usb: host probed
[    1.851275] renesas_usbhs e6590000.usb: no transceiver found
[    1.857011] renesas_usbhs e6590000.usb: gadget probed
[    1.862252] renesas_usbhs e6590000.usb: probed
[    1.862624] ata1: link resume succeeded after 1 retries
[    1.868784] i2c /dev entries driver
[    1.886482] cs2000-cp 2-004f: revision - C1
[    1.890755] i2c-rcar e6510000.i2c: probed
[    1.895690] pca953x 4-0020: supply vcc not found, using dummy regulator
[    1.902400] pca953x 4-0020: using no AI
[    1.907039] gpio-355 (PCIE/SATA switch): hogged as output/low
[    1.919254] i2c-rcar e66d8000.i2c: probed
[    1.924547] adv748x 4-0070: Endpoint /soc/i2c@e66d8000/video-receiver@70/port@7/endpoint on port 7
[    1.933544] adv748x 4-0070: Endpoint /soc/i2c@e66d8000/video-receiver@70/port@8/endpoint on port 8
[    1.942526] adv748x 4-0070: Endpoint /soc/i2c@e66d8000/video-receiver@70/port@a/endpoint on port 10
[    1.951598] adv748x 4-0070: Endpoint /soc/i2c@e66d8000/video-receiver@70/port@b/endpoint on port 11
[    1.961022] adv748x 4-0070: chip found @ 0xe0 revision 2143
[    1.978179] ata1: SATA link down (SStatus 0 SControl 300)
[    2.013051] rcar-csi2 fea80000.csi2: 1 lanes found
[    2.018318] rcar-csi2 feaa0000.csi2: 4 lanes found
[    2.028093] rcar-vin e6ef0000.video: Device registered as video0
[    2.034196] rcar-vin e6ef1000.video: Device registered as video1
[    2.040292] rcar-vin e6ef2000.video: Device registered as video2
[    2.046399] rcar-vin e6ef3000.video: Device registered as video3
[    2.052474] rcar-vin e6ef4000.video: Device registered as video4
[    2.058551] rcar-vin e6ef5000.video: Device registered as video5
[    2.064616] rcar-vin e6ef6000.video: Device registered as video6
[    2.070686] rcar-vin e6ef7000.video: Device registered as video7
[    2.077441] usbcore: registered new interface driver uvcvideo
[    2.083288] USB Video Class driver (1.1.1)
[    2.087414] usb 3-1: new high-speed USB device number 2 using xhci-hcd
[    2.095898] rcar_gen3_thermal e6198000.thermal: is using pseudo fixed FUSE values
[    2.108029] rcar_gen3_thermal e6198000.thermal: TSC0: Loaded 1 trip points
[    2.119371] rcar_gen3_thermal e6198000.thermal: TSC1: Loaded 1 trip points
[    2.130534] rcar_gen3_thermal e6198000.thermal: TSC2: Loaded 3 trip points
[    2.142007] sdhci: Secure Digital Host Controller Interface driver
[    2.148246] sdhci: Copyright(c) Pierre Ossman
[    2.153541] renesas_sdhi_internal_dmac ee100000.mmc: Got CD GPIO
[    2.159600] renesas_sdhi_internal_dmac ee100000.mmc: Got WP GPIO
[    2.167188] renesas_sdhi_internal_dmac ee140000.mmc: Adding to iommu group 0
[    2.174278] renesas_sdhi_internal_dmac ee140000.mmc: Using IPMMU context 1
[    2.230021] renesas_sdhi_internal_dmac ee140000.mmc: mmc0 base at 0x00000000ee140000, max clock rate 200 MHz
[    2.240627] renesas_sdhi_internal_dmac ee160000.mmc: Got CD GPIO
[    2.246791] renesas_sdhi_internal_dmac ee160000.mmc: Got WP GPIO
[    2.255007] Synopsys Designware Multimedia Card Interface Driver
[    2.262177] sdhci-pltfm: SDHCI platform and OF driver helper
[    2.269471] ledtrig-cpu: registered to indicate activity on CPUs
[    2.276277] SMCCC: SOC_ID: ARCH_SOC_ID not implemented, skipping ....
[    2.283291] usbcore: registered new interface driver usbhid
[    2.288913] usbhid: USB HID core driver
[    2.296258] optee: probing for conduit method.
[    2.300769] optee: revision 3.22 (314ecf9d)
[    2.300966] optee driver R-Car Rev.1.0.11
[    2.309304] usb-storage 3-1:1.0: USB Mass Storage device detected
[    2.314657] optee: dynamic shared memory is enabled
[    2.315795] scsi host1: usb-storage 3-1:1.0
[    2.320585] optee: initialized driver
[    2.339010] rcar_sound ec500000.sound: probed
[    2.344262] rcar_adsp_sound adsp_sound: probed
[    2.349165] NET: Registered protocol family 17
[    2.353769] 9pnet: Installing 9P2000 support
[    2.358165] Key type dns_resolver registered
[    2.362785] registered taskstats version 1
[    2.366916] Loading compiled-in X.509 certificates
[    2.374285] mmc0: new HS400 MMC card at address 0001
[    2.379983] mmcblk0: mmc0:0001 BGSD3R 29.1 GiB
[    2.384976] mmcblk0boot0: mmc0:0001 BGSD3R partition 1 16.0 MiB
[    2.386192] thermal emergency: set temperature to 110 celsius
[    2.391318] mmcblk0boot1: mmc0:0001 BGSD3R partition 2 16.0 MiB
[    2.396895] thermal emergency: shutdown target cpus 1
[    2.406713] mmcblk0rpmb: mmc0:0001 BGSD3R partition 3 4.00 MiB, chardev (509:0)
[    2.407729] thermal emergency: freq scaled target cpus 0
[    2.416278]  mmcblk0: p1 p2
[    2.420749] renesas_irqc e61c0000.interrupt-controller: driving 6 irqs
[    2.470640] ehci-platform ee080100.usb: EHCI Host Controller
[    2.476341] ehci-platform ee080100.usb: new USB bus registered, assigned bus number 5
[    2.484232] ehci-platform ee080100.usb: irq 165, io mem 0xee080100
[    2.502616] ehci-platform ee080100.usb: USB 2.0 started, EHCI 1.10
[    2.509348] hub 5-0:1.0: USB hub found
[    2.513132] hub 5-0:1.0: 1 port detected
[    2.518558] ohci-platform ee080000.usb: Generic Platform OHCI controller
[    2.525317] ohci-platform ee080000.usb: new USB bus registered, assigned bus number 6
[    2.533238] ohci-platform ee080000.usb: irq 165, io mem 0xee080000
[    2.629141] hub 6-0:1.0: USB hub found
[    2.632920] hub 6-0:1.0: 1 port detected
[    2.638361] cpu cpu0: EM: created perf domain
[    2.644770] renesas_sdhi_internal_dmac ee100000.mmc: Got CD GPIO
[    2.650901] renesas_sdhi_internal_dmac ee100000.mmc: Got WP GPIO
[    2.705277] renesas_sdhi_internal_dmac ee100000.mmc: mmc1 base at 0x00000000ee100000, max clock rate 200 MHz
[    2.717250] renesas_sdhi_internal_dmac ee160000.mmc: Got CD GPIO
[    2.723337] renesas_sdhi_internal_dmac ee160000.mmc: Got WP GPIO
[    2.778317] renesas_sdhi_internal_dmac ee160000.mmc: mmc2 base at 0x00000000ee160000, max clock rate 200 MHz
[    2.797275] [drm] Initialized rcar-du 1.0.0 20130110 for feb00000.display on minor 0
[    2.805076] [drm] Device feb00000.display probed
[    2.991043] Console: switching to colour frame buffer device 128x48
[    3.014034] rcar-du feb00000.display: [drm] fb0: rcar-dudrmfb frame buffer device
[    3.023900] input: keys as /devices/platform/keys/input/input0
[    3.097700] Micrel KSZ9031 Gigabit PHY e6800000.ethernet-ffffffff:00: attached PHY driver [Micrel KSZ9031 Gigabit PHY] (mii_bus:phy_addr=e6800000.ethernet-ffffffff:00, irq=172)
[    3.332272] scsi 1:0:0:0: Direct-Access     Lexar    JD Secure II +   1100 PQ: 0 ANSI: 0 CCS
[    3.345767] sd 1:0:0:0: [sda] 1966080 512-byte logical blocks: (1.01 GB/960 MiB)
[    3.354529] sd 1:0:0:0: [sda] Write Protect is off
[    3.360332] sd 1:0:0:0: [sda] No Caching mode page found
[    3.365740] sd 1:0:0:0: [sda] Assuming drive cache: write through
[    3.380156]  sda: sda1 sda2
[    3.389200] sd 1:0:0:0: [sda] Attached SCSI removable disk
[    9.720982] ravb e6800000.ethernet eth0: Link is Up - 1Gbps/Full - flow control off
[    9.746647] IP-Config: Guessing netmask 255.255.255.0
[    9.751795] IP-Config: Complete:
[    9.755095]      device=eth0, hwaddr=2e:09:0a:02:ee:7f, ipaddr=192.168.8.20, mask=255.255.255.0, gw=255.255.255.255
[    9.765643]      host=192.168.8.20, domain=, nis-domain=(none)
[    9.771560]      bootserver=255.255.255.255, rootserver=192.168.8.8, rootpath=
[    9.771746] clk: Disabling unused clocks
[    9.785716] ALSA device list:
[    9.790823]   #0: rcar-sound
[   10.878042] VFS: Mounted root (nfs4 filesystem) on device 0:22.
[   10.888901] devtmpfs: mounted
[   10.896207] Freeing unused kernel memory: 6144K
[   10.906780] Run /sbin/init as init process
[   11.970643] random: crng init done
[   12.039993] systemd[1]: System time before build time, advancing clock.
[   12.239679] NET: Registered protocol family 10
[   12.245525] Segment Routing with IPv6
[   12.340693] systemd[1]: systemd 255.4^ running in system mode (+PAM -AUDIT -SELINUX -APPARMOR +IMA -SMACK +SECCOMP -GCRYPT -GNUTLS -OPENSSL +ACL +BLKID -CURL -ELFUTILS -FIDO2 -IDN2 -IDN -IPTC +KMOD -LIBCRYPTSETUP +LIBFDISK -PCRE2 -PWQUALITY -P11KIT -QRENCODE -TPM2 -BZIP2 -LZ4 -XZ -ZLIB +ZSTD -BPF_FRAMEWORK -XKBCOMMON +UTMP +SYSVINIT default-hierarchy=unified)
[   12.376357] systemd[1]: Detected architecture arm64.

Welcome to Poky (Yocto Project Reference Distro) 5.0 (scarthgap)!

[   12.425937] systemd[1]: Hostname set to <salvator-x>.
[   12.716999] systemd-sysv-generator[269]: SysV service '/etc/init.d/umountnfs.sh' lacks a native systemd unit file. ~ Automatically generating a unit file for compatibility. Please update package to include a native systemd unit file, in order to make it safe, robust and future-proof. ! This compatibility logic is deprecated, expect removal soon. !
[   12.782886] systemd-sysv-generator[269]: SysV service '/etc/init.d/set_default_governor.sh' lacks a native systemd unit file. ~ Automatically generating a unit file for compatibility. Please update package to include a native systemd unit file, in order to make it safe, robust and future-proof. ! This compatibility logic is deprecated, expect removal soon. !
[   12.842835] systemd-sysv-generator[269]: SysV service '/etc/init.d/umountfs' lacks a native systemd unit file. ~ Automatically generating a unit file for compatibility. Please update package to include a native systemd unit file, in order to make it safe, robust and future-proof. ! This compatibility logic is deprecated, expect removal soon. !
[   12.898152] systemd-sysv-generator[269]: SysV service '/etc/init.d/save-rtc.sh' lacks a native systemd unit file. ~ Automatically generating a unit file for compatibility. Please update package to include a native systemd unit file, in order to make it safe, robust and future-proof. ! This compatibility logic is deprecated, expect removal soon. !
[   12.945705] systemd-sysv-generator[269]: SysV service '/etc/init.d/reboot' lacks a native systemd unit file. ~ Automatically generating a unit file for compatibility. Please update package to include a native systemd unit file, in order to make it safe, robust and future-proof. ! This compatibility logic is deprecated, expect removal soon. !
[   12.984883] systemd-sysv-generator[269]: SysV service '/etc/init.d/halt' lacks a native systemd unit file. ~ Automatically generating a unit file for compatibility. Please update package to include a native systemd unit file, in order to make it safe, robust and future-proof. ! This compatibility logic is deprecated, expect removal soon. !
[   13.022214] systemd-sysv-generator[269]: SysV service '/etc/init.d/sendsigs' lacks a native systemd unit file. ~ Automatically generating a unit file for compatibility. Please update package to include a native systemd unit file, in order to make it safe, robust and future-proof. ! This compatibility logic is deprecated, expect removal soon. !
[   13.064704] systemd-sysv-generator[269]: SysV service '/etc/init.d/single' lacks a native systemd unit file. ~ Automatically generating a unit file for compatibility. Please update package to include a native systemd unit file, in order to make it safe, robust and future-proof. ! This compatibility logic is deprecated, expect removal soon. !
[   13.102228] systemd-sysv-generator[269]: SysV service '/etc/init.d/pvrinit' lacks a native systemd unit file. ~ Automatically generating a unit file for compatibility. Please update package to include a native systemd unit file, in order to make it safe, robust and future-proof. ! This compatibility logic is deprecated, expect removal soon. !
[   13.156866] systemd-sysv-generator[269]: SysV service '/etc/init.d/dropbear' lacks a native systemd unit file. ~ Automatically generating a unit file for compatibility. Please update package to include a native systemd unit file, in order to make it safe, robust and future-proof. ! This compatibility logic is deprecated, expect removal soon. !
[   15.004086] systemd[1]: Queued start job for default target Graphical Interface.
[   15.109715] systemd[1]: Created slice Slice /system/getty.
[  OK  ] Created slice Slice /system/getty.
[   15.137510] systemd[1]: Created slice Slice /system/modprobe.
[  OK  ] Created slice Slice /system/modprobe.
[   15.165724] systemd[1]: Created slice Slice /system/serial-getty.
[  OK  ] Created slice Slice /system/serial-getty.
[   15.192746] systemd[1]: Created slice User and Session Slice.
[  OK  ] Created slice User and Session Slice.
[   15.219320] systemd[1]: Started Dispatch Password Requests to Console Directory Watch.
[  OK  ] Started Dispatch Password Requests to Console Directory Watch.
[   15.251175] systemd[1]: Started Forward Password Requests to Wall Directory Watch.
[  OK  ] Started Forward Password Requests to Wall Directory Watch.
[   15.279034] systemd[1]: Reached target Path Units.
[  OK  ] Reached target Path Units.
[   15.302857] systemd[1]: Reached target Remote File Systems.
[  OK  ] Reached target Remote File Systems.
[   15.326828] systemd[1]: Reached target Slice Units.
[  OK  ] Reached target Slice Units.
[   15.350846] systemd[1]: Reached target Swaps.
[  OK  ] Reached target Swaps.
[   15.378993] systemd[1]: Listening on RPCbind Server Activation Socket.
[  OK  ] Listening on RPCbind Server Activation Socket.
[   15.406943] systemd[1]: Reached target RPC Port Mapper.
[  OK  ] Reached target RPC Port Mapper.
[   15.441634] systemd[1]: Listening on Syslog Socket.
[  OK  ] Listening on Syslog Socket.
[   15.463353] systemd[1]: Listening on initctl Compatibility Named Pipe.
[  OK  ] Listening on initctl Compatibility Named Pipe.
[   15.495036] systemd[1]: Listening on Journal Audit Socket.
[  OK  ] Listening on Journal Audit Socket.
[   15.523789] systemd[1]: Listening on Journal Socket (/dev/log).
[  OK  ] Listening on Journal Socket (/dev/log).
[   15.547859] systemd[1]: Listening on Journal Socket.
[  OK  ] Listening on Journal Socket.
[   15.574831] systemd[1]: Listening on Network Service Netlink Socket.
[  OK  ] Listening on Network Service Netlink Socket.
[   15.609494] systemd[1]: Listening on udev Control Socket.
[  OK  ] Listening on udev Control Socket.
[   15.635678] systemd[1]: Listening on udev Kernel Socket.
[  OK  ] Listening on udev Kernel Socket.
[   15.662271] systemd[1]: Listening on User Database Manager Socket.
[  OK  ] Listening on User Database Manager Socket.
[   15.697447] systemd[1]: Mounting Huge Pages File System...
         Mounting Huge Pages File System...
[   15.722506] systemd[1]: Mounting POSIX Message Queue File System...
         Mounting POSIX Message Queue File System...
[   15.752133] systemd[1]: Mounting Kernel Debug File System...
         Mounting Kernel Debug File System...
[   15.775152] systemd[1]: Kernel Trace File System was skipped because of an unmet condition check (ConditionPathExists=/sys/kernel/tracing).
[   15.802066] systemd[1]: Mounting Temporary Directory /tmp...
         Mounting Temporary Directory /tmp...
[   15.819056] systemd[1]: Create List of Static Device Nodes was skipped because of an unmet condition check (ConditionFileNotEmpty=/lib/modules/5.10.218-yocto-standard/modules.devname).
[   15.846960] systemd[1]: Starting Load Kernel Module configfs...
         Starting Load Kernel Module configfs...
[   15.870683] systemd[1]: Starting Load Kernel Module drm...
         Starting Load Kernel Module drm...
[   15.887127] systemd[1]: Starting Load Kernel Module fuse...
         Starting Load Kernel Module fuse...
[   15.919706] systemd[1]: Starting RPC Bind...
         Starting RPC Bind...
[   15.941274] systemd[1]: File System Check on Root Device was skipped because of an unmet condition check (ConditionPathIsReadWrite=!/).
[   15.955886] systemd[1]: systemd-journald.service: unit configures an IP firewall, but the local system does not support BPF/cgroup firewalling.
[   15.970343] systemd[1]: systemd-journald.service: (This warning is only shown for the first unit using IP firewalling.)
[   15.985535] systemd[1]: Starting Journal Service...
         Starting Journal Service...
[   16.045165] systemd[1]: Starting Load Kernel Modules...
         Starting Load Kernel Modules...
[   16.075926] systemd[1]: Starting Generate network units from Kernel command line...
         Starting Generate network units from Kernel command line...
[   16.116125] systemd[1]: Starting Remount Root and Kernel File Systems...
         Starting Remount Root and Kernel File Systems...
[   16.157053] systemd[1]: Starting Create Static Device Nodes in /dev gracefully...
         Starting Create Static Device Nodes in /dev gr[   16.171306] systemd-journald[280]: Collecting audit messages is enabled.
acefully...
[   16.202404] systemd[1]: Starting Coldplug All udev Devices...
         Starting Coldplug All udev Devices...
[   16.223424] systemd[1]: Started RPC Bind.
[  OK  ] Started RPC Bind.
[   16.244260] systemd[1]: Mounted Huge Pages File System.
[  OK  ] Mounted Huge Pages File System.
[   16.291612] vspm: loading out-of-tree module taints kernel.
[   16.299352] systemd[1]: Mounted POSIX Message Queue File System.
[  OK  ] Mounted POSIX Message Queue File System.
[   16.318233] systemd[1]: Started Journal Service.
[  OK  ] Started Journal Service.
[  OK  ] Mounted Kernel Debug File System.
[  OK  ] Mounted Temporary Directory /tmp.
[  OK  ] Finished Load Kernel Module configfs.
[  OK  ] Finished Load Kernel Module drm.
[  OK  ] Finished Load Kernel Module fuse.
[  OK  ] Finished Load Kernel Modules.
[FAILED] Failed to start Generate network units from Kernel command line.
See 'systemctl status systemd-network-generator.service' for details.
[  OK  ] Finished Remount Root and Kernel File Systems.
[  OK  ] Reached target Preparation for Network.
         Mounting Kernel Configuration File System...
         Starting Flush Journal to Persistent Storage...
         Starting Apply Kernel Variables...
[  OK  ] Mounted Kernel Configuration File System.
[   16.651479] systemd-journald[280]: Received client request to flush runtime journal.
[  OK  ] Finished Flush Journal to Persistent Storage.
[  OK  ] Finished Create Static Device Nodes in /dev gracefully.
         Starting Create Static Device Nodes in /dev...
[  OK  ] Finished Apply Kernel Variables.
[  OK  ] Finished Create Static Device Nodes in /dev.
[  OK  ] Reached target Preparation for Local File Systems.
         Mounting /var/volatile...
         Starting Rule-based Manager for Device Events and Files...
[  OK  ] Mounted /var/volatile.
         Starting Load/Save OS Random Seed...
[  OK  ] Reached target Local File Systems.
         Starting Create Volatile Files and Directories...
[  OK  ] Finished Load/Save OS Random Seed.
[  OK  ] Finished Coldplug All udev Devices.
[  OK  ] Started Rule-based Manager for Device Events and Files.
         Starting Network Configuration...
         Starting User Database Manager...
[   17.743924] ravb_streaming/searching for ravb interface
[   17.752266] ravb_streaming/init: start(eth0)
[  OK  ] Started User Database Manager.
[  OK  ] Finished Create Volatile Files and Directories.
         Starting Network Name Resolution...
         Starting Network Time Synchronization...
         Starting Record System Boot/Shutdown in UTMP...
[  OK  ] Finished Record System Boot/Shutdown in UTMP.
[   18.264421] ravb_streaming/init: success
[   18.428197] ravb-mch ec5a0100.avb-mch: probe: start
[   18.586106] ravb-mch ec5a0100.avb-mch: probe: success
[  OK  ] Started Network Configuration.
[  OK  ] Started Network Name Resolution.
[  OK  ] Started Network Time Synchronization.
[  OK  ] Reached target Network.
[  OK  ] Reached target Host and Network Name Lookups.
[  OK  ] Reached target System Initialization.
[  OK  ] Started Daily Cleanup of Temporary Directories.
[  OK  ] Reached target System Time Set.
[  OK  ] Reached target Timer Units.
[  OK  ] Listening on Avahi mDNS/DNS-SD Stack Activation Socket.
[  OK  ] Listening on D-Bus System Message Bus Socket.
[  OK  ] Listening on dropbear.socket.
[  OK  ] Reached target Socket Units.
[  OK  ] Reached target Basic System.
         Starting Avahi mDNS/DNS-SD Stack...
[  OK  ] Started Kernel Logging Service.
[  OK  ] Started System Logging Service.
         Starting D-Bus System Message Bus...
[   19.119556] adsp ec800000.adsp: assigned reserved memory node linux,adsp@57000000
[  OK  ] Started optee services.
         Starting pvrinit.service...
         Starting PowerVR consumer services...
         Starting User Login Management...
         Starting Permit User Sessions...
[   19.377023] adsp ec800000.adsp: virt_addr=00000000e7495b16 phy_addr=0x57000000 size=16777216
[  OK  ] Reached target Hardware activated USB gadget.
[   19.405280] XF-IPC: ADSP rate set to 532480000
[   19.490485] XF-FW: received firmware (202922 bytes)
[   19.496718] XF-IPC: fill firmware area: 57100000[200884]
[   19.505043] XF-IPC: fill firmware area: ece80000[1992]
[   19.512226] XF: proxy-0 debug interface created
[  OK  ] Created slice Slice /system/weston.
[   19.679961] XF-IPC: DSP start-up sequence completed
[   19.697352] XF: Xtensa DSP Proxy driver registered
[   19.703607] XF: client-1 created: 000000004f7d7b67
[   19.712677] ADSP base thread has been started.
[   19.719614] ADSP base was created
[  OK  ] Finished Permit User Sessions.
[  OK  ] Started Getty on tty1.
[  OK  ] Started Serial Getty on ttySC0.
[  OK  ] Reached target Login Prompts.
[  OK  ] Started User Login Management.
         Starting Virtual Console Setup...
[   20.253114] PVR_K:  445: Read BVNC 15.5.1.64 from HW device registers
[   20.261553] PVR_K:  445: RGX Device registered with BVNC 15.5.1.64
[   20.268857] pvrsrvkm fd000000.gsx: Found 4 OPP points.
[   20.274684] pvrsrvkm fd000000.gsx: opp[1/4]: (200000000 Hz, 830000 uV)
[   20.281980] pvrsrvkm fd000000.gsx: opp[2/4]: (300000000 Hz, 830000 uV)
[   20.289236] pvrsrvkm fd000000.gsx: opp[3/4]: (400000000 Hz, 830000 uV)
[   20.296581] pvrsrvkm fd000000.gsx: opp[4/4]: (600000000 Hz, 830000 uV)
[   20.300737] rcar_sound ec500000.sound: Can't update kctrl when idle
[   20.306949] DVFS : Changed GPU clock to 600000000 [Hz]
[  OK  ] Started D-Bus System Message Bus.
[   20.340343] PVR_K:  445: RGX Firmware image 'rgx.fw.15.5.1.64' loaded
[   20.400418] PVR_K:  445: Shader binary image 'rgx.sh.15.5.1.64' loaded
[   20.409491] [drm] Initialized pvr 1.15.6052913 20170530 for fd000000.gsx on minor 1
         Starting Save/Restore Sound Card State...
[  OK  ] Started Avahi mDNS/DNS-SD Stack.
[  OK  ] Started pvrinit.service.
[  OK  ] Finished PowerVR consumer services.
         Starting set_default_governor.service...
[   20.522150] rcar_sound ec500000.sound: Can't update kctrl when idle
[  OK  ] Finished Save/Restore Sound Card State.
[  OK  ] Reached target Sound Card.
[  OK  ] Started set_default_governor.service.
[  OK  ] Reached target Multi-User System.
[  OK  ] Reached target Graphical Interface.
         Starting Record Runlevel Change in UTMP...
[  OK  ] Started Weston Wayland Compositor.
[  OK  ] Finished Record Runlevel Change in UTMP.
[  OK  ] Finished Virtual Console Setup.
[   21.248096] audit: type=1006 audit(1721379567.219:2): pid=484 uid=0 old-auid=4294967295 auid=0 tty=(none) old-ses=4294967295 ses=1 res=1

Poky (Yocto Project Reference Distro) 5.0 salvator-x ttySC0

salvator-x login: [   39.906652] SDHI0 VccQ: disabling
[   39.909974] SDHI3 VccQ: disabling
root

WARNING: Poky is a reference Yocto Project distribution that should be used for
testing and development purposes only. It is recommended that you create your
own distribution for production use.

root@salvator-x:~# systemctl stop weston@root
[   79.879520] vsp1 fea28000.vsp: Underrun occurred at WPF0 (total underruns 1)
root@salvator-x:~# systemctl start weston@root
root@salvator-x:~# systemctl restart weston@root
[   97.041344] vsp1 fea28000.vsp: Underrun occurred at WPF0 (total underruns 2)
root@salvator-x:~# [  112.472318] mmc1: new ultra high speed SDR104 SDHC card at address aaaa
[  112.480103] mmcblk1: mmc1:aaaa AGGCD 29.7 GiB
[  112.488618]  mmcblk1: p1
echo Done case 2
Done case 2
root@salvator-x:~# echo start 3
start 3
root@salvator-x:~# echo start case 3
start case 3
root@salvator-x:~# lsblk
NAME         MAJ:MIN RM  SIZE RO TYPE MOUNTPOINTS
sda            8:0    1  960M  0 disk
|-sda1         8:1    1  477M  0 part
`-sda2         8:2    1  477M  0 part
mmcblk0      179:0    0 29.1G  0 disk
|-mmcblk0p1  179:1    0    1G  0 part
`-mmcblk0p2  179:2    0    1G  0 part
mmcblk0boot0 179:32   0   16M  1 disk
mmcblk0boot1 179:64   0   16M  1 disk
mmcblk1      179:96   0 29.7G  0 disk
`-mmcblk1p1  179:97   0    5G  0 part
root@salvator-x:~# mkfs.ext4 /dev/mmcblk0p1
mke2fs 1.47.0 (5-Feb-2023)
/dev/mmcblk0p1 contains a ext4 file system
        last mounted on /mnt on Fri Jul 19 07:15:02 2024
Proceed anyway? (y,N) y
Discarding device blocks: done
Creating filesystem with 262144 4k blocks and 65536 inodes
Filesystem UUID: 4a4d184c-54bd-4868-97c6-b6127d74265b
Superblock backups stored on blocks:
        32768, 98304, 163840, 229376

Allocating group tables: done
Writing inode tables: done
Creating journal (8192 blocks): done
Writing superblocks and filesystem accounting information: done

root@salvator-x:~# mount /dev/mmcblk0p1 /mnt
[  210.899632] EXT4-fs (mmcblk0p1): mounted filesystem with ordered data mode. Opts: (null)
root@salvator-x:~# ls /mnt/
lost+found
root@salvator-x:~# umount /dev/mmcblk0p1
root@salvator-x:~# ls /mnt
root@salvator-x:~#
root@salvator-x:~# echo Done case 3
Done case 3
root@salvator-x:~# echo start case 4
start case 4
root@salvator-x:~# lsblk
NAME         MAJ:MIN RM  SIZE RO TYPE MOUNTPOINTS
sda            8:0    1  960M  0 disk
|-sda1         8:1    1  477M  0 part
`-sda2         8:2    1  477M  0 part
mmcblk0      179:0    0 29.1G  0 disk
|-mmcblk0p1  179:1    0    1G  0 part
`-mmcblk0p2  179:2    0    1G  0 part
mmcblk0boot0 179:32   0   16M  1 disk
mmcblk0boot1 179:64   0   16M  1 disk
mmcblk1      179:96   0 29.7G  0 disk
`-mmcblk1p1  179:97   0    5G  0 part
root@salvator-x:~# mount /dev/sda1 /mnt
[  265.963690] EXT2-fs (sda1): warning: mounting unchecked fs, running e2fsck is recommended
[  265.973882] ext2 filesystem being mounted at /mnt supports timestamps until 2038 (0x7fffffff)
root@salvator-x:~# ls /mnt/
Image  lost+found  r8a77965-salvator-x.dtb  r8a77965-salvator-xs.dtb  r8a779m5-salvator-xs.dtb
root@salvator-x:~# umount /dev/sda1
root@salvator-x:~# ls /mnt
root@salvator-x:~#
root@salvator-x:~# echo Done case 4
Done case 4
root@salvator-x:~# echo ----------start case 5----------------
----------start case 5----------------
root@salvator-x:~# ./MMP_1_Pass_Test
Insert mod for mmngr mmngrbuf vspm vspm_if uvcs_drv vsp2
[  342.940145] rgnmm_drv mmngr: assigned reserved memory node linux,multimedia@70000000
Test for MMNGR
Test command: mmtp <mem_size><mem_type> <ssp>
<mem_size><mem_type>: e.g 1024B, 256K, 1M
<ssp>: [optional] enable SSP test execution

WARN: Lack of mem size/mem type. Use 256K.

one START-------------
phy_addr ffffffffffffffff, hard_addr 59a00000, user_virt_addr ffff8ac50000
test32 OK
one END-------------

one START-------------
phy_addr ffffffffffffffff, hard_addr 70000000, user_virt_addr 0, share ffff8ac50000
test32 OK
one END-------------

one START-------------
hard_addr 59a00000, user_virt_addr ffff8ac50000
test64 OK
one END-------------

one START-------------
hard_addr 70000000, user_virt_addr 0, share ffff8ac50000
test64 OK
one END-------------

Lossy START-------------
hard_addr 70000000, user_virt_addr 0
test64 Lossy OK
Lossy END-------------

Lossy START-------------
hard_addr 70000000, user_virt_addr 0
test64 Lossy OK
Lossy END-------------

Lossy START-------------
test64 Lossy OK
Lossy END-------------

Lossy START-------------
hard_addr 54000000, user_virt_addr 0, share ffff8ac50000
Data mismatch due to Lossy.
test64 Lossy OK
Lossy END-------------

Test for MMNGRBUF
case 1: export repeat test
case 2: import repeat test
case 3: export and import repeat test
case 4: parameter test
dmabuf test32 ok
case 1: export repeat test
case 2: import repeat test
case 3: export and import repeat test
case 4: parameter test
dmabuf test64 ok
Test for FDPM
callback2_start:0 a
callback2_start:0 b
callback2_start:0 c
callback2_start:0 d
callback2_start:0 e
callback2_start:0 f
Test for VSPM
Stop the weston for VSPM testing
[  351.341782] vsp1 fea28000.vsp: Underrun occurred at WPF0 (total underruns 3)
PASS: blend time = 2669 [us]
Please check the HDMI display
Press [Enter] key to start backup...
sleep 3 s
Please check the HDMI display
Press [Enter] key to start backup...
Start the weston
root@salvator-x:~# echo -------Done case 5----------
-------Done case 5----------
root@salvator-x:~# echo --------------start case 6------------------
--------------start case 6------------------
root@salvator-x:~# ./gstreamer-test-gen3_v3.sh RenesasElectronics_1280x720_60fps.mp4
amixer: Unable to find simple control 'DVC Out',0

Chose your mode:
    0/ Audio
    1/ Without scaling
    2/ With scaling
    3/ Lossy
    4/ With + without scaling + lossy orderly
    5/ Video + audio playback with SW render
4
===================== Non-scaling mode =====================
gst-launch-1.0 filesrc location=RenesasElectronics_1280x720_60fps.mp4 ! qtdemux name=demux demux.audio_0 ! queue ! omxaaclcdec ! alsasink device=plughw:0,0 demux.video_0 ! queue ! h264parse ! omxh264dec ! waylandsink
Setting pipeline to PAUSED ...
Pipeline is PREROLLING ...
Redistribute latency...
Redistribute latency...
Pipeline is PREROLLED ...
Setting pipeline to PLAYING ...
Redistribute latency...
New clock: GstAudioSinkClock
Got EOS from element "pipeline0".
Execution ended after 0:02:50.306517815
Setting pipeline to NULL ...
Freeing pipeline ...
===================== Scaling mode 640x480 =====================
gst-launch-1.0 filesrc location=RenesasElectronics_1280x720_60fps.mp4 ! qtdemux name=demux demux.audio_0 ! queue ! omxaaclcdec ! alsasink device=plughw:0,0 demux.video_0 ! queue ! h264parse ! omxh264dec ! vspfilter ! video/x-raw, format=BGRA, width=640, height=480 ! waylandsink
Setting pipeline to PAUSED ...
Pipeline is PREROLLING ...
Redistribute latency...
Redistribute latency...
Pipeline is PREROLLED ...
Setting pipeline to PLAYING ...
Redistribute latency...
New clock: GstAudioSinkClock
Got EOS from element "pipeline0".
Execution ended after 0:02:50.286583319
Setting pipeline to NULL ...
Freeing pipeline ...
===================== Lossy mode =====================
gst-launch-1.0 filesrc location=RenesasElectronics_1280x720_60fps.mp4 ! qtdemux ! queue ! h264parse ! omxh264dec lossy-compress=true ! video/x-raw, format=I420 ! queue ! vspfilter ! video/x-raw,format=BGRA ! waylandsink
Setting pipeline to PAUSED ...
Pipeline is PREROLLING ...
Pipeline is PREROLLED ...
Setting pipeline to PLAYING ...
New clock: GstSystemClock
Redistribute latency...
Got EOS from element "pipeline0".
Execution ended after 0:02:50.283800507
Setting pipeline to NULL ...
Freeing pipeline ...
root@salvator-x:~# echo -------------done case 6----------------
-------------done case 6----------------
root@salvator-x:~# echo -------------start case 7---------------
-------------start case 7---------------
root@salvator-x:~# ./Wayland-test.sh [ 1118.794621] usb 1-1: new high-speed USB device number 2 using ehci-platform
[ 1118.970482] hub 1-1:1.0: USB hub found
[ 1118.975215] hub 1-1:1.0: 4 ports detected
[ 1119.266708] usb 1-1.1: new low-speed USB device number 3 using ehci-platform
[ 1119.411857] input: USB Keyboard as /devices/platform/soc/ee0a0100.usb/usb1/1-1/1-1.1/1-1.1:1.0/0003:04D9:A061.0001/input/input1
[ 1119.483478] hid-generic 0003:04D9:A061.0001: input: USB HID v1.10 Keyboard [USB Keyboard] on usb-ee0a0100.usb-1.1/input0
[ 1119.514931] input: USB Keyboard Consumer Control as /devices/platform/soc/ee0a0100.usb/usb1/1-1/1-1.1/1-1.1:1.1/0003:04D9:A061.0002/input/input2
[ 1119.587120] input: USB Keyboard System Control as /devices/platform/soc/ee0a0100.usb/usb1/1-1/1-1.1/1-1.1:1.1/0003:04D9:A061.0002/input/input4
[ 1119.600106] hid-generic 0003:04D9:A061.0002: input: USB HID v1.10 Device [USB Keyboard] on usb-ee0a0100.usb-1.1/input1
[ 1119.690662] usb 1-1.2: new low-speed USB device number 4 using ehci-platform
[ 1119.813429] input: Logitech USB Optical Mouse as /devices/platform/soc/ee0a0100.usb/usb1/1-1/1-1.2/1-1.2:1.0/0003:046D:C077.0003/input/input5
[ 1119.826286] hid-generic 0003:046D:C077.0003: input: USB HID v1.11 Mouse [Logitech USB Optical Mouse] on usb-ee0a0100.usb-1.2/input0

weston-calibrator
Type 'n' to run next testcase
could not load cursor 'dnd-move'
could not load cursor 'dnd-copy'
could not load cursor 'dnd-none'
n
weston-clickdot
Type 'n' to run next testcase
could not load cursor 'dnd-move'
could not load cursor 'dnd-copy'
could not load cursor 'dnd-none'
n
weston-cliptest
Type 'n' to run next testcase
could not load cursor 'dnd-move'
could not load cursor 'dnd-copy'
could not load cursor 'dnd-none'
n
weston-dnd
Type 'n' to run next testcase
could not load cursor 'dnd-move'
could not load cursor 'dnd-copy'
could not load cursor 'dnd-none'
n
weston-editor
Type 'n' to run next testcase
could not load cursor 'dnd-move'
could not load cursor 'dnd-copy'
could not load cursor 'dnd-none'
n
weston-eventdemo
Type 'n' to run next testcase
could not load cursor 'dnd-move'
could not load cursor 'dnd-copy'
could not load cursor 'dnd-none'
resize width: 424, height: 303
redraw
focus x: 0, y: 0
resize width: 424, height: 303
redraw
n
weston-flower
Type 'n' to run next testcase
could not load cursor 'dnd-move'
could not load cursor 'dnd-copy'
could not load cursor 'dnd-none'
focus lost
resize width: 424, height: 303
redraw
redraw
motion time: 1146292, x: 407.730469, y: 64.964844
pointer frame
motion time: 1146300, x: 415.730469, y: 92.964844
pointer frame
redraw
motion time: 1146308, x: 423.730469, y: 120.964844
pointer frame
motion time: 1146316, x: 433.730469, y: 148.964844
pointer frame
motion time: 1146324, x: 445.730469, y: 174.964844
pointer frame
motion time: 1146332, x: 457.730469, y: 200.964844
pointer frame
motion time: 1146380, x: 447.730469, y: 332.964844
pointer frame
motion time: 1146388, x: 431.730469, y: 350.964844
pointer frame
motion time: 1146460, x: 266.574219, y: 347.800781
pointer frame
motion time: 1146468, x: 244.574219, y: 333.800781
pointer frame
motion time: 1146476, x: 222.574219, y: 317.800781
pointer frame
motion time: 1146484, x: 208.664062, y: 303.890625
pointer frame
motion time: 1146492, x: 194.753906, y: 286.003906
pointer frame
motion time: 1146500, x: 184.753906, y: 266.003906
pointer frame
motion time: 1146508, x: 178.757812, y: 246.015625
pointer frame
motion time: 1146516, x: 173.164062, y: 231.101562
pointer frame
motion time: 1146524, x: 173.164062, y: 223.644531
pointer frame
motion time: 1146532, x: 172.042969, y: 220.277344
pointer frame
motion time: 1146540, x: 172.042969, y: 217.277344
pointer frame
motion time: 1146548, x: 172.042969, y: 215.277344
pointer frame
motion time: 1146556, x: 174.062500, y: 212.250000
pointer frame
motion time: 1146564, x: 177.140625, y: 211.222656
pointer frame
motion time: 1146572, x: 181.480469, y: 209.050781
pointer frame
motion time: 1146580, x: 189.296875, y: 206.445312
pointer frame
motion time: 1146588, x: 199.765625, y: 203.453125
pointer frame
motion time: 1146596, x: 210.589844, y: 201.906250
pointer frame
motion time: 1146604, x: 219.632812, y: 197.386719
pointer frame
motion time: 1146612, x: 230.183594, y: 195.878906
pointer frame
motion time: 1146620, x: 237.417969, y: 191.539062
pointer frame
motion time: 1146628, x: 242.492188, y: 189.003906
pointer frame
motion time: 1146636, x: 243.519531, y: 189.003906
pointer frame
motion time: 1146652, x: 245.519531, y: 188.003906
pointer frame
motion time: 1146684, x: 244.585938, y: 188.003906
pointer frame
motion time: 1146692, x: 240.769531, y: 188.003906
pointer frame
motion time: 1146700, x: 233.250000, y: 189.257812
pointer frame
motion time: 1146708, x: 224.613281, y: 193.574219
pointer frame
motion time: 1146716, x: 219.152344, y: 197.667969
pointer frame
motion time: 1146724, x: 213.984375, y: 202.835938
pointer frame
motion time: 1146732, x: 208.632812, y: 208.187500
pointer frame
motion time: 1146740, x: 204.910156, y: 211.910156
pointer frame
motion time: 1146748, x: 203.886719, y: 212.933594
pointer frame
motion time: 1146756, x: 203.886719, y: 213.933594
pointer frame
motion time: 1146764, x: 203.886719, y: 215.933594
pointer frame
motion time: 1146780, x: 204.886719, y: 216.933594
pointer frame
motion time: 1146788, x: 206.886719, y: 216.933594
pointer frame
motion time: 1146796, x: 210.960938, y: 216.933594
pointer frame
motion time: 1146804, x: 215.531250, y: 214.648438
pointer frame
motion time: 1146812, x: 220.375000, y: 211.015625
pointer frame
motion time: 1146820, x: 227.320312, y: 204.070312
pointer frame
motion time: 1146828, x: 231.332031, y: 200.058594
pointer frame
motion time: 1146836, x: 232.601562, y: 192.437500
pointer frame
motion time: 1146844, x: 233.796875, y: 188.847656
pointer frame
motion time: 1146852, x: 233.796875, y: 184.632812
pointer frame
motion time: 1146860, x: 233.796875, y: 183.613281
pointer frame
motion time: 1146868, x: 232.796875, y: 182.613281
pointer frame
motion time: 1146876, x: 231.796875, y: 182.613281
pointer frame
motion time: 1146884, x: 229.796875, y: 182.613281
pointer frame
motion time: 1146892, x: 222.839844, y: 184.933594
pointer frame
motion time: 1146900, x: 217.304688, y: 190.468750
pointer frame
motion time: 1146908, x: 210.132812, y: 197.640625
pointer frame
motion time: 1146916, x: 202.472656, y: 205.300781
pointer frame
motion time: 1146924, x: 195.039062, y: 211.246094
pointer frame
motion time: 1146932, x: 191.164062, y: 215.121094
pointer frame
motion time: 1146940, x: 189.109375, y: 216.148438
pointer frame
motion time: 1146948, x: 188.109375, y: 217.148438
pointer frame
motion time: 1146972, x: 187.128906, y: 216.167969
pointer frame
motion time: 1146981, x: 188.109375, y: 213.222656
pointer frame
motion time: 1146988, x: 200.441406, y: 200.890625
pointer frame
motion time: 1146996, x: 216.441406, y: 186.890625
pointer frame
motion time: 1147004, x: 236.441406, y: 174.890625
pointer frame
motion time: 1147012, x: 256.441406, y: 158.890625
pointer frame
motion time: 1147020, x: 272.351562, y: 146.960938
pointer frame
motion time: 1147028, x: 289.949219, y: 137.183594
pointer frame
motion time: 1147036, x: 305.023438, y: 129.648438
pointer frame
motion time: 1147044, x: 312.746094, y: 126.558594
pointer frame
motion time: 1147052, x: 319.250000, y: 123.957031
pointer frame
motion time: 1147060, x: 320.300781, y: 123.957031
pointer frame
motion time: 1147084, x: 319.300781, y: 125.957031
pointer frame
motion time: 1147092, x: 316.093750, y: 131.300781
pointer frame
motion time: 1147100, x: 309.085938, y: 136.906250
pointer frame
motion time: 1147108, x: 298.683594, y: 138.390625
pointer frame
motion time: 1147116, x: 278.964844, y: 140.183594
pointer frame
motion time: 1147124, x: 250.964844, y: 140.183594
pointer frame
motion time: 1147132, x: 218.964844, y: 138.183594
pointer frame
motion time: 1147140, x: 180.964844, y: 128.183594
pointer frame
motion time: 1147148, x: 140.964844, y: 114.183594
pointer frame
motion time: 1147156, x: 92.964844, y: 92.183594
pointer frame
motion time: 1147164, x: 40.964844, y: 70.183594
pointer frame
n
weston-fullscreen
Type 'n' to run next testcase
could not load cursor 'dnd-move'
could not load cursor 'dnd-copy'
could not load cursor 'dnd-none'
n
weston-image
Type 'n' to run next testcase
could not load cursor 'dnd-move'
could not load cursor 'dnd-copy'
could not load cursor 'dnd-none'
n
weston-info
Type 'n' to run next testcase
interface: 'wl_compositor', version: 4, name: 1
interface: 'wl_subcompositor', version: 1, name: 2
interface: 'wp_viewporter', version: 1, name: 3
interface: 'zxdg_output_manager_v1', version: 2, name: 4
        xdg_output_v1
                output: 16
                name: 'HDMI-A-1'
                logical_x: 0, logical_y: 0
                logical_width: 1920, logical_height: 1080
interface: 'wp_presentation', version: 1, name: 5
        presentation clock id: 1 (CLOCK_MONOTONIC)
interface: 'zwp_relative_pointer_manager_v1', version: 1, name: 6
interface: 'zwp_pointer_constraints_v1', version: 1, name: 7
interface: 'zwp_input_timestamps_manager_v1', version: 1, name: 8
interface: 'wl_data_device_manager', version: 3, name: 9
interface: 'wl_shm', version: 1, name: 10
        formats: 'YUYV'(0x56595559) 'NV12'(0x3231564e) 'YU12'(0x32315559) RGB565 XRGB8888 ARGB8888
interface: 'wl_kms', version: 2, name: 11
interface: 'wl_seat', version: 7, name: 12
        name: default
        capabilities: pointer keyboard
        keyboard repeat rate: 40
        keyboard repeat delay: 400
interface: 'zwp_linux_dmabuf_v1', version: 3, name: 13
        formats:
        'YUYV'(0x56595559), modifier: 0x0000000000000000
        'YU12'(0x32315559), modifier: 0x0000000000000000
        'YV12'(0x32315659), modifier: 0x0000000000000000
        'NV21'(0x3132564e), modifier: 0x0000000000000000
        'NV12'(0x3231564e), modifier: 0x0000000000000000
        'RG16'(0x36314752), modifier: 0x0000000000000000
        'XB24'(0x34324258), modifier: 0x0000000000000000
        'XR24'(0x34325258), modifier: 0x0000000000000000
        'AB24'(0x34324241), modifier: 0x0000000000000000
        'AR24'(0x34325241), modifier: 0x0000000000000000
        'AB30'(0x30334241), modifier: 0x0000000000000000
interface: 'weston_direct_display_v1', version: 1, name: 14
interface: 'weston_content_protection', version: 1, name: 15
interface: 'wl_output', version: 3, name: 16
        x: 0, y: 0, scale: 1,
        physical_width: 480 mm, physical_height: 270 mm,
        make: 'DEL', model: 'DELL S2240T',
        subpixel_orientation: unknown, output_transform: normal,
        mode:
                width: 1920 px, height: 1080 px, refresh: 60.000 Hz,
                flags: current preferred
        mode:
                width: 1920 px, height: 1080 px, refresh: 60.000 Hz,
                flags:
        mode:
                width: 1920 px, height: 1080 px, refresh: 59.940 Hz,
                flags:
        mode:
                width: 1920 px, height: 1080 px, refresh: 60.000 Hz,
                flags:
        mode:
                width: 1920 px, height: 1080 px, refresh: 60.000 Hz,
                flags:
        mode:
                width: 1920 px, height: 1080 px, refresh: 59.940 Hz,
                flags:
        mode:
                width: 1920 px, height: 1080 px, refresh: 50.000 Hz,
                flags:
        mode:
                width: 1920 px, height: 1080 px, refresh: 50.000 Hz,
                flags:
        mode:
                width: 1280 px, height: 1024 px, refresh: 75.025 Hz,
                flags:
        mode:
                width: 1280 px, height: 1024 px, refresh: 60.020 Hz,
                flags:
        mode:
                width: 1152 px, height: 864 px, refresh: 75.000 Hz,
                flags:
        mode:
                width: 1280 px, height: 720 px, refresh: 60.000 Hz,
                flags:
        mode:
                width: 1280 px, height: 720 px, refresh: 60.000 Hz,
                flags:
        mode:
                width: 1280 px, height: 720 px, refresh: 59.940 Hz,
                flags:
        mode:
                width: 1280 px, height: 720 px, refresh: 50.000 Hz,
                flags:
        mode:
                width: 1024 px, height: 768 px, refresh: 75.029 Hz,
                flags:
        mode:
                width: 1024 px, height: 768 px, refresh: 60.004 Hz,
                flags:
        mode:
                width: 800 px, height: 600 px, refresh: 75.000 Hz,
                flags:
        mode:
                width: 800 px, height: 600 px, refresh: 60.317 Hz,
                flags:
        mode:
                width: 720 px, height: 576 px, refresh: 50.000 Hz,
                flags:
        mode:
                width: 720 px, height: 480 px, refresh: 60.000 Hz,
                flags:
        mode:
                width: 720 px, height: 480 px, refresh: 60.000 Hz,
                flags:
        mode:
                width: 720 px, height: 480 px, refresh: 59.940 Hz,
                flags:
        mode:
                width: 720 px, height: 480 px, refresh: 59.940 Hz,
                flags:
        mode:
                width: 720 px, height: 480 px, refresh: 59.940 Hz,
                flags:
        mode:
                width: 640 px, height: 480 px, refresh: 75.000 Hz,
                flags:
        mode:
                width: 640 px, height: 480 px, refresh: 60.000 Hz,
                flags:
        mode:
                width: 640 px, height: 480 px, refresh: 59.940 Hz,
                flags:
        mode:
                width: 640 px, height: 480 px, refresh: 59.940 Hz,
                flags:
        mode:
                width: 720 px, height: 400 px, refresh: 70.082 Hz,
                flags:
interface: 'zwp_input_panel_v1', version: 1, name: 17
interface: 'zwp_input_method_v1', version: 1, name: 18
interface: 'zwp_text_input_manager_v1', version: 1, name: 19
interface: 'xdg_wm_base', version: 1, name: 20
interface: 'zxdg_shell_v6', version: 1, name: 21
interface: 'wl_shell', version: 1, name: 22
interface: 'weston_desktop_shell', version: 1, name: 23
interface: 'weston_screenshooter', version: 1, name: 24
n
weston-multi-resource
Type 'n' to run next testcase
n
multi-resource exiting
weston-presentation-shm
Type 'n' to run next testcase
     1: f2c 1172109 ms, c2p 26 ms, f2p 1172135 ms, p2p     0 us, t2p  26445, [sce_], seq 39219
     2: f2c  3 ms, c2p 30 ms, f2p 33 ms, p2p 16665 us, t2p  29398, [sce_], seq 39220
     3: f2c  4 ms, c2p 30 ms, f2p 34 ms, p2p 16667 us, t2p  29392, [sce_], seq 39221
     4: f2c  4 ms, c2p 29 ms, f2p 33 ms, p2p 16667 us, t2p  29348, [sce_], seq 39222
     5: f2c  3 ms, c2p 30 ms, f2p 33 ms, p2p 16667 us, t2p  29432, [sce_], seq 39223
     6: f2c  4 ms, c2p 30 ms, f2p 34 ms, p2p 16666 us, t2p  29393, [sce_], seq 39224
     7: f2c  4 ms, c2p 29 ms, f2p 33 ms, p2p 16666 us, t2p  29386, [sce_], seq 39225
     8: f2c  3 ms, c2p 30 ms, f2p 33 ms, p2p 16666 us, t2p  29419, [sce_], seq 39226
     9: f2c  4 ms, c2p 30 ms, f2p 34 ms, p2p 16666 us, t2p  29452, [sce_], seq 39227
    10: f2c  4 ms, c2p 29 ms, f2p 33 ms, p2p 16667 us, t2p  29420, [sce_], seq 39228
    11: f2c  3 ms, c2p 30 ms, f2p 33 ms, p2p 16667 us, t2p  29439, [sce_], seq 39229
    12: f2c  4 ms, c2p 30 ms, f2p 34 ms, p2p 16668 us, t2p  29391, [sce_], seq 39230
    13: f2c  4 ms, c2p 29 ms, f2p 33 ms, p2p 16666 us, t2p  29414, [sce_], seq 39231
    14: f2c  3 ms, c2p 30 ms, f2p 33 ms, p2p 16666 us, t2p  29459, [sce_], seq 39232
    15: f2c  4 ms, c2p 30 ms, f2p 34 ms, p2p 16668 us, t2p  29470, [sce_], seq 39233
    16: f2c  4 ms, c2p 29 ms, f2p 33 ms, p2p 16666 us, t2p  29406, [sce_], seq 39234
    17: f2c  3 ms, c2p 30 ms, f2p 33 ms, p2p 16667 us, t2p  29464, [sce_], seq 39235
    18: f2c  4 ms, c2p 30 ms, f2p 34 ms, p2p 16667 us, t2p  29435, [sce_], seq 39236
    19: f2c  4 ms, c2p 29 ms, f2p 33 ms, p2p 16665 us, t2p  29421, [sce_], seq 39237
    20: f2c  3 ms, c2p 30 ms, f2p 33 ms, p2p 16667 us, t2p  29431, [sce_], seq 39238
    21: f2c  4 ms, c2p 30 ms, f2p 34 ms, p2p 16668 us, t2p  29442, [sce_], seq 39239
    22: f2c  4 ms, c2p 29 ms, f2p 33 ms, p2p 16666 us, t2p  29330, [sce_], seq 39240
    23: f2c  4 ms, c2p 29 ms, f2p 33 ms, p2p 16667 us, t2p  29316, [sce_], seq 39241
    24: f2c  4 ms, c2p 30 ms, f2p 34 ms, p2p 16665 us, t2p  29337, [sce_], seq 39242
    25: f2c  4 ms, c2p 29 ms, f2p 33 ms, p2p 16666 us, t2p  29422, [sce_], seq 39243
    26: f2c  3 ms, c2p 30 ms, f2p 33 ms, p2p 16667 us, t2p  29448, [sce_], seq 39244
    27: f2c  4 ms, c2p 30 ms, f2p 34 ms, p2p 16667 us, t2p  29453, [sce_], seq 39245
    28: f2c  4 ms, c2p 29 ms, f2p 33 ms, p2p 16666 us, t2p  29449, [sce_], seq 39246
    29: f2c  3 ms, c2p 30 ms, f2p 33 ms, p2p 16666 us, t2p  29453, [sce_], seq 39247
    30: f2c  4 ms, c2p 30 ms, f2p 34 ms, p2p 16667 us, t2p  29407, [sce_], seq 39248
    31: f2c  4 ms, c2p 29 ms, f2p 33 ms, p2p 16667 us, t2p  29430, [sce_], seq 39249
    32: f2c  3 ms, c2p 30 ms, f2p 33 ms, p2p 16667 us, t2p  29474, [sce_], seq 39250
    33: f2c  4 ms, c2p 30 ms, f2p 34 ms, p2p 16667 us, t2p  29452, [sce_], seq 39251
    34: f2c  4 ms, c2p 29 ms, f2p 33 ms, p2p 16667 us, t2p  29399, [sce_], seq 39252
    35: f2c  3 ms, c2p 30 ms, f2p 33 ms, p2p 16666 us, t2p  29451, [sce_], seq 39253
    36: f2c  4 ms, c2p 30 ms, f2p 34 ms, p2p 16666 us, t2p  29408, [sce_], seq 39254
    37: f2c  4 ms, c2p 29 ms, f2p 33 ms, p2p 16666 us, t2p  29423, [sce_], seq 39255
    38: f2c  3 ms, c2p 30 ms, f2p 33 ms, p2p 16668 us, t2p  29449, [sce_], seq 39256
    39: f2c  4 ms, c2p 30 ms, f2p 34 ms, p2p 16665 us, t2p  29456, [sce_], seq 39257
    40: f2c  4 ms, c2p 29 ms, f2p 33 ms, p2p 16668 us, t2p  29454, [sce_], seq 39258
    41: f2c  3 ms, c2p 30 ms, f2p 33 ms, p2p 16665 us, t2p  29440, [sce_], seq 39259
    42: f2c  4 ms, c2p 30 ms, f2p 34 ms, p2p 16668 us, t2p  29420, [sce_], seq 39260
    43: f2c  4 ms, c2p 29 ms, f2p 33 ms, p2p 16667 us, t2p  29407, [sce_], seq 39261
    44: f2c  3 ms, c2p 30 ms, f2p 33 ms, p2p 16666 us, t2p  29445, [sce_], seq 39262
    45: f2c  4 ms, c2p 30 ms, f2p 34 ms, p2p 16666 us, t2p  29433, [sce_], seq 39263
    46: f2c  4 ms, c2p 29 ms, f2p 33 ms, p2p 16667 us, t2p  29431, [sce_], seq 39264
    47: f2c  3 ms, c2p 30 ms, f2p 33 ms, p2p 16667 us, t2p  29465, [sce_], seq 39265
    48: f2c  4 ms, c2p 30 ms, f2p 34 ms, p2p 16667 us, t2p  29421, [sce_], seq 39266
    49: f2c  4 ms, c2p 29 ms, f2p 33 ms, p2p 16666 us, t2p  29418, [sce_], seq 39267
    50: f2c  3 ms, c2p 30 ms, f2p 33 ms, p2p 16667 us, t2p  29417, [sce_], seq 39268
    51: f2c  4 ms, c2p 30 ms, f2p 34 ms, p2p 16665 us, t2p  29462, [sce_], seq 39269
    52: f2c  4 ms, c2p 29 ms, f2p 33 ms, p2p 16667 us, t2p  29411, [sce_], seq 39270
    53: f2c  3 ms, c2p 30 ms, f2p 33 ms, p2p 16666 us, t2p  29451, [sce_], seq 39271
    54: f2c  4 ms, c2p 30 ms, f2p 34 ms, p2p 16668 us, t2p  29290, [sce_], seq 39272
    55: f2c  4 ms, c2p 29 ms, f2p 33 ms, p2p 16668 us, t2p  29491, [sce_], seq 39273
    56: f2c  3 ms, c2p 30 ms, f2p 33 ms, p2p 16665 us, t2p  29531, [sce_], seq 39274
    57: f2c  4 ms, c2p 30 ms, f2p 34 ms, p2p 16667 us, t2p  29900, [sce_], seq 39275
    58: f2c  3 ms, c2p 30 ms, f2p 33 ms, p2p 16667 us, t2p  29924, [sce_], seq 39276
    59: f2c  3 ms, c2p 30 ms, f2p 33 ms, p2p 16667 us, t2p  29933, [sce_], seq 39277
    60: f2c  4 ms, c2p 30 ms, f2p 34 ms, p2p 16665 us, t2p  29870, [sce_], seq 39278
    61: f2c  3 ms, c2p 30 ms, f2p 33 ms, p2p 16667 us, t2p  29888, [sce_], seq 39279
    62: f2c  3 ms, c2p 30 ms, f2p 33 ms, p2p 16666 us, t2p  29947, [sce_], seq 39280
    63: f2c  4 ms, c2p 30 ms, f2p 34 ms, p2p 16667 us, t2p  29963, [sce_], seq 39281
    64: f2c  3 ms, c2p 30 ms, f2p 33 ms, p2p 16666 us, t2p  29938, [sce_], seq 39282
    65: f2c  3 ms, c2p 30 ms, f2p 33 ms, p2p 16668 us, t2p  29936, [sce_], seq 39283
    66: f2c  4 ms, c2p 30 ms, f2p 34 ms, p2p 16666 us, t2p  29925, [sce_], seq 39284
    67: f2c  3 ms, c2p 30 ms, f2p 33 ms, p2p 16667 us, t2p  29947, [sce_], seq 39285
    68: f2c  3 ms, c2p 30 ms, f2p 33 ms, p2p 16667 us, t2p  29921, [sce_], seq 39286
    69: f2c  4 ms, c2p 30 ms, f2p 34 ms, p2p 16666 us, t2p  29956, [sce_], seq 39287
    70: f2c  3 ms, c2p 30 ms, f2p 33 ms, p2p 16666 us, t2p  29936, [sce_], seq 39288
    71: f2c  3 ms, c2p 30 ms, f2p 33 ms, p2p 16667 us, t2p  29952, [sce_], seq 39289
    72: f2c  4 ms, c2p 30 ms, f2p 34 ms, p2p 16666 us, t2p  29900, [sce_], seq 39290
    73: f2c  3 ms, c2p 30 ms, f2p 33 ms, p2p 16666 us, t2p  29934, [sce_], seq 39291
    74: f2c  3 ms, c2p 30 ms, f2p 33 ms, p2p 16668 us, t2p  29991, [sce_], seq 39292
    75: f2c  4 ms, c2p 30 ms, f2p 34 ms, p2p 16666 us, t2p  29959, [sce_], seq 39293
    76: f2c  3 ms, c2p 30 ms, f2p 33 ms, p2p 16666 us, t2p  29930, [sce_], seq 39294
    77: f2c  3 ms, c2p 30 ms, f2p 33 ms, p2p 16667 us, t2p  29944, [sce_], seq 39295
    78: f2c  4 ms, c2p 30 ms, f2p 34 ms, p2p 16666 us, t2p  29914, [sce_], seq 39296
    79: f2c  3 ms, c2p 30 ms, f2p 33 ms, p2p 16667 us, t2p  29915, [sce_], seq 39297
    80: f2c  3 ms, c2p 30 ms, f2p 33 ms, p2p 16667 us, t2p  29919, [sce_], seq 39298
    81: f2c  4 ms, c2p 30 ms, f2p 34 ms, p2p 16666 us, t2p  29978, [sce_], seq 39299
    82: f2c  3 ms, c2p 30 ms, f2p 33 ms, p2p 16668 us, t2p  29972, [sce_], seq 39300
    83: f2c  3 ms, c2p 30 ms, f2p 33 ms, p2p 16667 us, t2p  29961, [sce_], seq 39301
    84: f2c  4 ms, c2p 30 ms, f2p 34 ms, p2p 16667 us, t2p  29916, [sce_], seq 39302
    85: f2c  3 ms, c2p 30 ms, f2p 33 ms, p2p 16665 us, t2p  29917, [sce_], seq 39303
    86: f2c  3 ms, c2p 30 ms, f2p 33 ms, p2p 16667 us, t2p  29952, [sce_], seq 39304
    87: f2c  4 ms, c2p 30 ms, f2p 34 ms, p2p 16668 us, t2p  29959, [sce_], seq 39305
    88: f2c  3 ms, c2p 30 ms, f2p 33 ms, p2p 16665 us, t2p  29920, [sce_], seq 39306
    89: f2c  3 ms, c2p 30 ms, f2p 33 ms, p2p 16666 us, t2p  29947, [sce_], seq 39307
    90: f2c  4 ms, c2p 30 ms, f2p 34 ms, p2p 16667 us, t2p  29908, [sce_], seq 39308
    91: f2c  3 ms, c2p 30 ms, f2p 33 ms, p2p 16667 us, t2p  29907, [sce_], seq 39309
    92: f2c  3 ms, c2p 30 ms, f2p 33 ms, p2p 16666 us, t2p  29939, [sce_], seq 39310
    93: f2c  4 ms, c2p 30 ms, f2p 34 ms, p2p 16667 us, t2p  29987, [sce_], seq 39311
    94: f2c  3 ms, c2p 30 ms, f2p 33 ms, p2p 16667 us, t2p  29956, [sce_], seq 39312
    95: f2c  3 ms, c2p 30 ms, f2p 33 ms, p2p 16666 us, t2p  29937, [sce_], seq 39313
    96: f2c  4 ms, c2p 30 ms, f2p 34 ms, p2p 16668 us, t2p  29913, [sce_], seq 39314
    97: f2c  3 ms, c2p 30 ms, f2p 33 ms, p2p 16665 us, t2p  29956, [sce_], seq 39315
    98: f2c  3 ms, c2p 30 ms, f2p 33 ms, p2p 16667 us, t2p  29948, [sce_], seq 39316
    99: f2c  4 ms, c2p 30 ms, f2p 34 ms, p2p 16667 us, t2p  29938, [sce_], seq 39317
   100: f2c  3 ms, c2p 30 ms, f2p 33 ms, p2p 16667 us, t2p  29969, [sce_], seq 39318
   101: f2c  3 ms, c2p 30 ms, f2p 33 ms, p2p 16665 us, t2p  29943, [sce_], seq 39319
   102: f2c  4 ms, c2p 30 ms, f2p 34 ms, p2p 16668 us, t2p  29910, [sce_], seq 39320
   103: f2c  3 ms, c2p 30 ms, f2p 33 ms, p2p 16666 us, t2p  29909, [sce_], seq 39321
   104: f2c  3 ms, c2p 30 ms, f2p 33 ms, p2p 16668 us, t2p  29988, [sce_], seq 39322
   105: f2c  4 ms, c2p 30 ms, f2p 34 ms, p2p 16664 us, t2p  29932, [sce_], seq 39323
   106: f2c  3 ms, c2p 30 ms, f2p 33 ms, p2p 16668 us, t2p  29956, [sce_], seq 39324
   107: f2c  3 ms, c2p 30 ms, f2p 33 ms, p2p 16667 us, t2p  29940, [sce_], seq 39325
   108: f2c  4 ms, c2p 30 ms, f2p 34 ms, p2p 16666 us, t2p  29925, [sce_], seq 39326
   109: f2c  3 ms, c2p 30 ms, f2p 33 ms, p2p 16667 us, t2p  29909, [sce_], seq 39327
   110: f2c  3 ms, c2p 30 ms, f2p 33 ms, p2p 16667 us, t2p  29935, [sce_], seq 39328
   111: f2c  4 ms, c2p 30 ms, f2p 34 ms, p2p 16666 us, t2p  29960, [sce_], seq 39329
   112: f2c  3 ms, c2p 30 ms, f2p 33 ms, p2p 16667 us, t2p  29992, [sce_], seq 39330
   113: f2c  3 ms, c2p 30 ms, f2p 33 ms, p2p 16667 us, t2p  29927, [sce_], seq 39331
   114: f2c  4 ms, c2p 30 ms, f2p 34 ms, p2p 16666 us, t2p  29838, [sce_], seq 39332
   115: f2c  3 ms, c2p 30 ms, f2p 33 ms, p2p 16667 us, t2p  29889, [sce_], seq 39333
   116: f2c  3 ms, c2p 30 ms, f2p 33 ms, p2p 16667 us, t2p  29948, [sce_], seq 39334
   117: f2c  4 ms, c2p 30 ms, f2p 34 ms, p2p 16666 us, t2p  29926, [sce_], seq 39335
   118: f2c  3 ms, c2p 30 ms, f2p 33 ms, p2p 16666 us, t2p  29949, [sce_], seq 39336
   119: f2c  3 ms, c2p 30 ms, f2p 33 ms, p2p 16668 us, t2p  29945, [sce_], seq 39337
   120: f2c  4 ms, c2p 30 ms, f2p 34 ms, p2p 16666 us, t2p  29918, [sce_], seq 39338
   121: f2c  3 ms, c2p 30 ms, f2p 33 ms, p2p 16666 us, t2p  29904, [sce_], seq 39339
   122: f2c  3 ms, c2p 30 ms, f2p 33 ms, p2p 16667 us, t2p  29914, [sce_], seq 39340
   123: f2c  4 ms, c2p 30 ms, f2p 34 ms, p2p 16667 us, t2p  29957, [sce_], seq 39341
   124: f2c  3 ms, c2p 30 ms, f2p 33 ms, p2p 16666 us, t2p  29954, [sce_], seq 39342
   125: f2c  3 ms, c2p 30 ms, f2p 33 ms, p2p 16667 us, t2p  29917, [sce_], seq 39343
   126: f2c  4 ms, c2p 30 ms, f2p 34 ms, p2p 16667 us, t2p  29913, [sce_], seq 39344
   127: f2c  3 ms, c2p 30 ms, f2p 33 ms, p2p 16666 us, t2p  29926, [sce_], seq 39345
   128: f2c  3 ms, c2p 30 ms, f2p 33 ms, p2p 16665 us, t2p  29961, [sce_], seq 39346
   129: f2c  4 ms, c2p 30 ms, f2p 34 ms, p2p 16669 us, t2p  29953, [sce_], seq 39347
   130: f2c  3 ms, c2p 30 ms, f2p 33 ms, p2p 16665 us, t2p  29946, [sce_], seq 39348
   131: f2c  3 ms, c2p 30 ms, f2p 33 ms, p2p 16667 us, t2p  29945, [sce_], seq 39349
   132: f2c  4 ms, c2p 30 ms, f2p 34 ms, p2p 16667 us, t2p  29901, [sce_], seq 39350
   133: f2c  3 ms, c2p 30 ms, f2p 33 ms, p2p 16667 us, t2p  29911, [sce_], seq 39351
   134: f2c  3 ms, c2p 30 ms, f2p 33 ms, p2p 16666 us, t2p  29968, [sce_], seq 39352
   135: f2c  4 ms, c2p 30 ms, f2p 34 ms, p2p 16667 us, t2p  29944, [sce_], seq 39353
   136: f2c  3 ms, c2p 30 ms, f2p 33 ms, p2p 16667 us, t2p  29962, [sce_], seq 39354
   137: f2c  3 ms, c2p 30 ms, f2p 33 ms, p2p 16666 us, t2p  29899, [sce_], seq 39355
   138: f2c  4 ms, c2p 30 ms, f2p 34 ms, p2p 16667 us, t2p  29908, [sce_], seq 39356
   139: f2c  3 ms, c2p 30 ms, f2p 33 ms, p2p 16667 us, t2p  29905, [sce_], seq 39357
   140: f2c  3 ms, c2p 30 ms, f2p 33 ms, p2p 16665 us, t2p  29900, [sce_], seq 39358
   141: f2c  4 ms, c2p 29 ms, f2p 33 ms, p2p 16667 us, t2p  29949, [sce_], seq 39359
   142: f2c  3 ms, c2p 30 ms, f2p 33 ms, p2p 16667 us, t2p  29957, [sce_], seq 39360
   143: f2c  4 ms, c2p 30 ms, f2p 34 ms, p2p 16665 us, t2p  29937, [sce_], seq 39361
   144: f2c  4 ms, c2p 29 ms, f2p 33 ms, p2p 16666 us, t2p  29914, [sce_], seq 39362
   145: f2c  3 ms, c2p 30 ms, f2p 33 ms, p2p 16670 us, t2p  29934, [sce_], seq 39363
   146: f2c  4 ms, c2p 30 ms, f2p 34 ms, p2p 16666 us, t2p  29929, [sce_], seq 39364
   147: f2c  4 ms, c2p 30 ms, f2p 34 ms, p2p 16667 us, t2p  29985, [sce_], seq 39365
   148: f2c  3 ms, c2p 30 ms, f2p 33 ms, p2p 16666 us, t2p  29968, [sce_], seq 39366
   149: f2c  3 ms, c2p 30 ms, f2p 33 ms, p2p 16666 us, t2p  29950, [sce_], seq 39367
   150: f2c  4 ms, c2p 29 ms, f2p 33 ms, p2p 16666 us, t2p  29890, [sce_], seq 39368
   151: f2c  3 ms, c2p 30 ms, f2p 33 ms, p2p 16668 us, t2p  29924, [sce_], seq 39369
   152: f2c  4 ms, c2p 30 ms, f2p 34 ms, p2p 16666 us, t2p  29923, [sce_], seq 39370
   153: f2c  4 ms, c2p 29 ms, f2p 33 ms, p2p 16666 us, t2p  29951, [sce_], seq 39371
   154: f2c  3 ms, c2p 30 ms, f2p 33 ms, p2p 16667 us, t2p  29932, [sce_], seq 39372
   155: f2c  4 ms, c2p 30 ms, f2p 34 ms, p2p 16667 us, t2p  29922, [sce_], seq 39373
   156: f2c  4 ms, c2p 29 ms, f2p 33 ms, p2p 16667 us, t2p  29918, [sce_], seq 39374
   157: f2c  3 ms, c2p 30 ms, f2p 33 ms, p2p 16665 us, t2p  29913, [sce_], seq 39375
   158: f2c  4 ms, c2p 30 ms, f2p 34 ms, p2p 16669 us, t2p  29939, [sce_], seq 39376
   159: f2c  4 ms, c2p 30 ms, f2p 34 ms, p2p 16670 us, t2p  29961, [sce_], seq 39377
   160: f2c  3 ms, c2p 30 ms, f2p 33 ms, p2p 16662 us, t2p  29930, [sce_], seq 39378
   161: f2c  3 ms, c2p 30 ms, f2p 33 ms, p2p 16668 us, t2p  29882, [sce_], seq 39379
   162: f2c  4 ms, c2p 29 ms, f2p 33 ms, p2p 16666 us, t2p  29904, [sce_], seq 39380
   163: f2c  3 ms, c2p 30 ms, f2p 33 ms, p2p 16665 us, t2p  29906, [sce_], seq 39381
   164: f2c  4 ms, c2p 30 ms, f2p 34 ms, p2p 16668 us, t2p  29931, [sce_], seq 39382
   165: f2c  4 ms, c2p 29 ms, f2p 33 ms, p2p 16667 us, t2p  29949, [sce_], seq 39383
   166: f2c  3 ms, c2p 30 ms, f2p 33 ms, p2p 16665 us, t2p  29943, [sce_], seq 39384
   167: f2c  4 ms, c2p 30 ms, f2p 34 ms, p2p 16666 us, t2p  29933, [sce_], seq 39385
   168: f2c  4 ms, c2p 29 ms, f2p 33 ms, p2p 16667 us, t2p  29883, [sce_], seq 39386
   169: f2c  3 ms, c2p 30 ms, f2p 33 ms, p2p 16668 us, t2p  29923, [sce_], seq 39387
   170: f2c  4 ms, c2p 30 ms, f2p 34 ms, p2p 16667 us, t2p  29923, [sce_], seq 39388
   171: f2c  4 ms, c2p 29 ms, f2p 33 ms, p2p 16666 us, t2p  29952, [sce_], seq 39389
   172: f2c  3 ms, c2p 30 ms, f2p 33 ms, p2p 16666 us, t2p  29939, [sce_], seq 39390
   173: f2c  4 ms, c2p 30 ms, f2p 34 ms, p2p 16669 us, t2p  29933, [sce_], seq 39391
   174: f2c  4 ms, c2p 29 ms, f2p 33 ms, p2p 16665 us, t2p  29906, [sce_], seq 39392
   175: f2c  3 ms, c2p 30 ms, f2p 33 ms, p2p 16665 us, t2p  29907, [sce_], seq 39393
   176: f2c  4 ms, c2p 30 ms, f2p 34 ms, p2p 16667 us, t2p  29974, [sce_], seq 39394
   177: f2c  4 ms, c2p 29 ms, f2p 33 ms, p2p 16667 us, t2p  29953, [sce_], seq 39395
   178: f2c  3 ms, c2p 30 ms, f2p 33 ms, p2p 16667 us, t2p  29946, [sce_], seq 39396
   179: f2c  4 ms, c2p 30 ms, f2p 34 ms, p2p 16666 us, t2p  29919, [sce_], seq 39397
   180: f2c  4 ms, c2p 29 ms, f2p 33 ms, p2p 16667 us, t2p  29897, [sce_], seq 39398
   181: f2c  3 ms, c2p 30 ms, f2p 33 ms, p2p 16666 us, t2p  29930, [sce_], seq 39399
   182: f2c  4 ms, c2p 30 ms, f2p 34 ms, p2p 16667 us, t2p  29925, [sce_], seq 39400
   183: f2c  4 ms, c2p 29 ms, f2p 33 ms, p2p 16666 us, t2p  29957, [sce_], seq 39401
   184: f2c  3 ms, c2p 30 ms, f2p 33 ms, p2p 16667 us, t2p  29960, [sce_], seq 39402
   185: f2c  4 ms, c2p 30 ms, f2p 34 ms, p2p 16666 us, t2p  29947, [sce_], seq 39403
   186: f2c  4 ms, c2p 29 ms, f2p 33 ms, p2p 16668 us, t2p  29890, [sce_], seq 39404
   187: f2c  3 ms, c2p 30 ms, f2p 33 ms, p2p 16665 us, t2p  29922, [sce_], seq 39405
   188: f2c  4 ms, c2p 30 ms, f2p 34 ms, p2p 16667 us, t2p  29933, [sce_], seq 39406
   189: f2c  4 ms, c2p 29 ms, f2p 33 ms, p2p 16666 us, t2p  29916, [sce_], seq 39407
   190: f2c  3 ms, c2p 30 ms, f2p 33 ms, p2p 16669 us, t2p  29958, [sce_], seq 39408
   191: f2c  4 ms, c2p 30 ms, f2p 34 ms, p2p 16665 us, t2p  29910, [sce_], seq 39409
   192: f2c  4 ms, c2p 29 ms, f2p 33 ms, p2p 16666 us, t2p  29913, [sce_], seq 39410
   193: f2c  3 ms, c2p 30 ms, f2p 33 ms, p2p 16666 us, t2p  29931, [sce_], seq 39411
   194: f2c  4 ms, c2p 30 ms, f2p 34 ms, p2p 16668 us, t2p  29955, [sce_], seq 39412
   195: f2c  4 ms, c2p 29 ms, f2p 33 ms, p2p 16668 us, t2p  29956, [sce_], seq 39413
   196: f2c  3 ms, c2p 30 ms, f2p 33 ms, p2p 16666 us, t2p  29955, [sce_], seq 39414
   197: f2c  4 ms, c2p 30 ms, f2p 34 ms, p2p 16666 us, t2p  29927, [sce_], seq 39415
   198: f2c  4 ms, c2p 29 ms, f2p 33 ms, p2p 16666 us, t2p  29910, [sce_], seq 39416
   199: f2c  3 ms, c2p 30 ms, f2p 33 ms, p2p 16667 us, t2p  29915, [sce_], seq 39417
   200: f2c  4 ms, c2p 30 ms, f2p 34 ms, p2p 16666 us, t2p  29952, [sce_], seq 39418
   201: f2c  4 ms, c2p 29 ms, f2p 33 ms, p2p 16668 us, t2p  29982, [sce_], seq 39419
   202: f2c  3 ms, c2p 30 ms, f2p 33 ms, p2p 16666 us, t2p  29944, [sce_], seq 39420
   203: f2c  4 ms, c2p 30 ms, f2p 34 ms, p2p 16667 us, t2p  29937, [sce_], seq 39421
   204: f2c  4 ms, c2p 29 ms, f2p 33 ms, p2p 16665 us, t2p  29904, [sce_], seq 39422
   205: f2c  3 ms, c2p 30 ms, f2p 33 ms, p2p 16669 us, t2p  29923, [sce_], seq 39423
   206: f2c  4 ms, c2p 30 ms, f2p 34 ms, p2p 16665 us, t2p  29979, [sce_], seq 39424
   207: f2c  4 ms, c2p 29 ms, f2p 33 ms, p2p 16668 us, t2p  29941, [sce_], seq 39425
   208: f2c  3 ms, c2p 30 ms, f2p 33 ms, p2p 16665 us, t2p  29943, [sce_], seq 39426
   209: f2c  4 ms, c2p 30 ms, f2p 34 ms, p2p 16668 us, t2p  29942, [sce_], seq 39427
   210: f2c  4 ms, c2p 29 ms, f2p 33 ms, p2p 16665 us, t2p  29878, [sce_], seq 39428
   211: f2c  3 ms, c2p 30 ms, f2p 33 ms, p2p 16669 us, t2p  29933, [sce_], seq 39429
   212: f2c  4 ms, c2p 30 ms, f2p 34 ms, p2p 16666 us, t2p  29958, [sce_], seq 39430
   213: f2c  4 ms, c2p 29 ms, f2p 33 ms, p2p 16666 us, t2p  29949, [sce_], seq 39431
   214: f2c  3 ms, c2p 30 ms, f2p 33 ms, p2p 16667 us, t2p  29935, [sce_], seq 39432
   215: f2c  4 ms, c2p 30 ms, f2p 34 ms, p2p 16667 us, t2p  29936, [sce_], seq 39433
   216: f2c  4 ms, c2p 29 ms, f2p 33 ms, p2p 16665 us, t2p  29889, [sce_], seq 39434
   217: f2c  3 ms, c2p 30 ms, f2p 33 ms, p2p 16666 us, t2p  29921, [sce_], seq 39435
   218: f2c  4 ms, c2p 30 ms, f2p 34 ms, p2p 16667 us, t2p  29934, [sce_], seq 39436
   219: f2c  4 ms, c2p 29 ms, f2p 33 ms, p2p 16667 us, t2p  29970, [sce_], seq 39437
   220: f2c  3 ms, c2p 30 ms, f2p 33 ms, p2p 16667 us, t2p  29970, [sce_], seq 39438
   221: f2c  4 ms, c2p 30 ms, f2p 34 ms, p2p 16667 us, t2p  29901, [sce_], seq 39439
   222: f2c  4 ms, c2p 29 ms, f2p 33 ms, p2p 16666 us, t2p  29912, [sce_], seq 39440
   223: f2c  3 ms, c2p 30 ms, f2p 33 ms, p2p 16666 us, t2p  29903, [sce_], seq 39441
   224: f2c  4 ms, c2p 30 ms, f2p 34 ms, p2p 16667 us, t2p  29947, [sce_], seq 39442
   225: f2c  4 ms, c2p 29 ms, f2p 33 ms, p2p 16667 us, t2p  29955, [sce_], seq 39443
   226: f2c  3 ms, c2p 30 ms, f2p 33 ms, p2p 16667 us, t2p  29951, [sce_], seq 39444
   227: f2c  4 ms, c2p 30 ms, f2p 34 ms, p2p 16666 us, t2p  29893, [sce_], seq 39445
   228: f2c  4 ms, c2p 29 ms, f2p 33 ms, p2p 16667 us, t2p  29899, [sce_], seq 39446
   229: f2c  3 ms, c2p 30 ms, f2p 33 ms, p2p 16666 us, t2p  29925, [sce_], seq 39447
   230: f2c  4 ms, c2p 30 ms, f2p 34 ms, p2p 16667 us, t2p  29935, [sce_], seq 39448
   231: f2c  4 ms, c2p 29 ms, f2p 33 ms, p2p 16666 us, t2p  29959, [sce_], seq 39449
   232: f2c  3 ms, c2p 30 ms, f2p 33 ms, p2p 16667 us, t2p  29951, [sce_], seq 39450
   233: f2c  4 ms, c2p 30 ms, f2p 34 ms, p2p 16667 us, t2p  29945, [sce_], seq 39451
   234: f2c  4 ms, c2p 29 ms, f2p 33 ms, p2p 16666 us, t2p  29894, [sce_], seq 39452
   235: f2c  3 ms, c2p 30 ms, f2p 33 ms, p2p 16668 us, t2p  29917, [sce_], seq 39453
   236: f2c  4 ms, c2p 30 ms, f2p 34 ms, p2p 16666 us, t2p  29966, [sce_], seq 39454
   237: f2c  4 ms, c2p 29 ms, f2p 33 ms, p2p 16666 us, t2p  29946, [sce_], seq 39455
   238: f2c  3 ms, c2p 30 ms, f2p 33 ms, p2p 16667 us, t2p  29951, [sce_], seq 39456
   239: f2c  4 ms, c2p 30 ms, f2p 34 ms, p2p 16666 us, t2p  29908, [sce_], seq 39457
   240: f2c  4 ms, c2p 29 ms, f2p 33 ms, p2p 16666 us, t2p  29917, [sce_], seq 39458
   241: f2c  3 ms, c2p 30 ms, f2p 33 ms, p2p 16667 us, t2p  29894, [sce_], seq 39459
   242: f2c  4 ms, c2p 30 ms, f2p 34 ms, p2p 16668 us, t2p  29923, [sce_], seq 39460
   243: f2c  4 ms, c2p 29 ms, f2p 33 ms, p2p 16665 us, t2p  29937, [sce_], seq 39461
   244: f2c  3 ms, c2p 30 ms, f2p 33 ms, p2p 16668 us, t2p  29944, [sce_], seq 39462
   245: f2c  4 ms, c2p 30 ms, f2p 34 ms, p2p 16667 us, t2p  29940, [sce_], seq 39463
   246: f2c  4 ms, c2p 29 ms, f2p 33 ms, p2p 16666 us, t2p  29907, [sce_], seq 39464
   247: f2c  3 ms, c2p 30 ms, f2p 33 ms, p2p 16665 us, t2p  29894, [sce_], seq 39465
   248: f2c  4 ms, c2p 30 ms, f2p 34 ms, p2p 16668 us, t2p  29933, [sce_], seq 39466
   249: f2c  4 ms, c2p 29 ms, f2p 33 ms, p2p 16666 us, t2p  29931, [sce_], seq 39467
   250: f2c  3 ms, c2p 30 ms, f2p 33 ms, p2p 16666 us, t2p  29953, [sce_], seq 39468
   251: f2c  4 ms, c2p 30 ms, f2p 34 ms, p2p 16667 us, t2p  29945, [sce_], seq 39469
   252: f2c  4 ms, c2p 29 ms, f2p 33 ms, p2p 16668 us, t2p  29894, [sce_], seq 39470
   253: f2c  3 ms, c2p 30 ms, f2p 33 ms, p2p 16666 us, t2p  29929, [sce_], seq 39471
   254: f2c  4 ms, c2p 30 ms, f2p 34 ms, p2p 16667 us, t2p  29975, [sce_], seq 39472
   255: f2c  4 ms, c2p 29 ms, f2p 33 ms, p2p 16668 us, t2p  29917, [sce_], seq 39473
   256: f2c  3 ms, c2p 30 ms, f2p 33 ms, p2p 16666 us, t2p  29927, [sce_], seq 39474
   257: f2c  4 ms, c2p 30 ms, f2p 34 ms, p2p 16664 us, t2p  29945, [sce_], seq 39475
   258: f2c  4 ms, c2p 29 ms, f2p 33 ms, p2p 16667 us, t2p  29874, [sce_], seq 39476
   259: f2c  3 ms, c2p 30 ms, f2p 33 ms, p2p 16667 us, t2p  29925, [sce_], seq 39477
   260: f2c  4 ms, c2p 30 ms, f2p 34 ms, p2p 16667 us, t2p  29929, [sce_], seq 39478
   261: f2c  4 ms, c2p 29 ms, f2p 33 ms, p2p 16667 us, t2p  29945, [sce_], seq 39479
   262: f2c  3 ms, c2p 30 ms, f2p 33 ms, p2p 16665 us, t2p  29924, [sce_], seq 39480
   263: f2c  4 ms, c2p 30 ms, f2p 34 ms, p2p 16668 us, t2p  29942, [sce_], seq 39481
   264: f2c  4 ms, c2p 29 ms, f2p 33 ms, p2p 16667 us, t2p  29902, [sce_], seq 39482
   265: f2c  3 ms, c2p 30 ms, f2p 33 ms, p2p 16666 us, t2p  29915, [sce_], seq 39483
   266: f2c  4 ms, c2p 30 ms, f2p 34 ms, p2p 16668 us, t2p  29975, [sce_], seq 39484
   267: f2c  4 ms, c2p 29 ms, f2p 33 ms, p2p 16668 us, t2p  29918, [sce_], seq 39485
   268: f2c  3 ms, c2p 30 ms, f2p 33 ms, p2p 16664 us, t2p  29878, [sce_], seq 39486
   269: f2c  4 ms, c2p 30 ms, f2p 34 ms, p2p 16666 us, t2p  29939, [sce_], seq 39487
   270: f2c  4 ms, c2p 29 ms, f2p 33 ms, p2p 16667 us, t2p  29896, [sce_], seq 39488
   271: f2c  3 ms, c2p 30 ms, f2p 33 ms, p2p 16667 us, t2p  29915, [sce_], seq 39489
   272: f2c  4 ms, c2p 30 ms, f2p 34 ms, p2p 16667 us, t2p  29949, [sce_], seq 39490
   273: f2c  4 ms, c2p 29 ms, f2p 33 ms, p2p 16666 us, t2p  29974, [sce_], seq 39491
   274: f2c  3 ms, c2p 30 ms, f2p 33 ms, p2p 16666 us, t2p  29979, [sce_], seq 39492
   275: f2c  4 ms, c2p 30 ms, f2p 34 ms, p2p 16668 us, t2p  29898, [sce_], seq 39493
   276: f2c  4 ms, c2p 29 ms, f2p 33 ms, p2p 16665 us, t2p  29877, [sce_], seq 39494
   277: f2c  3 ms, c2p 30 ms, f2p 33 ms, p2p 16667 us, t2p  29873, [sce_], seq 39495
   278: f2c  4 ms, c2p 30 ms, f2p 34 ms, p2p 16667 us, t2p  29941, [sce_], seq 39496
   279: f2c  4 ms, c2p 29 ms, f2p 33 ms, p2p 16667 us, t2p  29930, [sce_], seq 39497
   280: f2c  3 ms, c2p 30 ms, f2p 33 ms, p2p 16667 us, t2p  29952, [sce_], seq 39498
   281: f2c  4 ms, c2p 30 ms, f2p 34 ms, p2p 16666 us, t2p  29914, [sce_], seq 39499
   282: f2c  4 ms, c2p 29 ms, f2p 33 ms, p2p 16667 us, t2p  29909, [sce_], seq 39500
   283: f2c  3 ms, c2p 30 ms, f2p 33 ms, p2p 16666 us, t2p  29896, [sce_], seq 39501
   284: f2c  4 ms, c2p 30 ms, f2p 34 ms, p2p 16666 us, t2p  29949, [sce_], seq 39502
   285: f2c  4 ms, c2p 29 ms, f2p 33 ms, p2p 16667 us, t2p  29954, [sce_], seq 39503
   286: f2c  3 ms, c2p 30 ms, f2p 33 ms, p2p 16667 us, t2p  29920, [sce_], seq 39504
   287: f2c  4 ms, c2p 30 ms, f2p 34 ms, p2p 16666 us, t2p  29954, [sce_], seq 39505
   288: f2c  4 ms, c2p 29 ms, f2p 33 ms, p2p 16667 us, t2p  29880, [sce_], seq 39506
   289: f2c  3 ms, c2p 30 ms, f2p 33 ms, p2p 16666 us, t2p  29920, [sce_], seq 39507
   290: f2c  4 ms, c2p 30 ms, f2p 34 ms, p2p 16667 us, t2p  29930, [sce_], seq 39508
   291: f2c  4 ms, c2p 29 ms, f2p 33 ms, p2p 16668 us, t2p  29914, [sce_], seq 39509
   292: f2c  3 ms, c2p 30 ms, f2p 33 ms, p2p 16665 us, t2p  29948, [sce_], seq 39510
   293: f2c  4 ms, c2p 30 ms, f2p 34 ms, p2p 16668 us, t2p  29955, [sce_], seq 39511
   294: f2c  4 ms, c2p 29 ms, f2p 33 ms, p2p 16665 us, t2p  29881, [sce_], seq 39512
   295: f2c  3 ms, c2p 30 ms, f2p 33 ms, p2p 16666 us, t2p  29905, [sce_], seq 39513
   296: f2c  4 ms, c2p 30 ms, f2p 34 ms, p2p 16668 us, t2p  29950, [sce_], seq 39514
   297: f2c  4 ms, c2p 29 ms, f2p 33 ms, p2p 16666 us, t2p  29925, [sce_], seq 39515
   298: f2c  3 ms, c2p 30 ms, f2p 33 ms, p2p 16667 us, t2p  29920, [sce_], seq 39516
   299: f2c  4 ms, c2p 30 ms, f2p 34 ms, p2p 16667 us, t2p  29925, [sce_], seq 39517
   300: f2c  4 ms, c2p 29 ms, f2p 33 ms, p2p 16666 us, t2p  29910, [sce_], seq 39518
   301: f2c  3 ms, c2p 30 ms, f2p 33 ms, p2p 16666 us, t2p  29916, [sce_], seq 39519
   302: f2c  4 ms, c2p 30 ms, f2p 34 ms, p2p 16667 us, t2p  29976, [sce_], seq 39520
   303: f2c  4 ms, c2p 29 ms, f2p 33 ms, p2p 16667 us, t2p  29912, [sce_], seq 39521
   304: f2c  3 ms, c2p 30 ms, f2p 33 ms, p2p 16666 us, t2p  29918, [sce_], seq 39522
   305: f2c  4 ms, c2p 30 ms, f2p 34 ms, p2p 16668 us, t2p  29927, [sce_], seq 39523
   306: f2c  4 ms, c2p 29 ms, f2p 33 ms, p2p 16665 us, t2p  29886, [sce_], seq 39524
   307: f2c  3 ms, c2p 30 ms, f2p 33 ms, p2p 16668 us, t2p  29891, [sce_], seq 39525
   308: f2c  4 ms, c2p 30 ms, f2p 34 ms, p2p 16666 us, t2p  29943, [sce_], seq 39526
   309: f2c  4 ms, c2p 29 ms, f2p 33 ms, p2p 16666 us, t2p  29948, [sce_], seq 39527
   310: f2c  3 ms, c2p 30 ms, f2p 33 ms, p2p 16666 us, t2p  29933, [sce_], seq 39528
   311: f2c  4 ms, c2p 30 ms, f2p 34 ms, p2p 16668 us, t2p  29949, [sce_], seq 39529
   312: f2c  4 ms, c2p 29 ms, f2p 33 ms, p2p 16666 us, t2p  29861, [sce_], seq 39530
   313: f2c  3 ms, c2p 30 ms, f2p 33 ms, p2p 16666 us, t2p  29887, [sce_], seq 39531
   314: f2c  4 ms, c2p 30 ms, f2p 34 ms, p2p 16667 us, t2p  29920, [sce_], seq 39532
   315: f2c  4 ms, c2p 30 ms, f2p 34 ms, p2p 16761 us, t2p  30040, [sce_], seq 39533
   316: f2c  3 ms, c2p 30 ms, f2p 33 ms, p2p 16572 us, t2p  29917, [sce_], seq 39534
   317: f2c  3 ms, c2p 30 ms, f2p 33 ms, p2p 16666 us, t2p  29778, [sce_], seq 39535
   318: f2c  4 ms, c2p 29 ms, f2p 33 ms, p2p 16668 us, t2p  29896, [sce_], seq 39536
   319: f2c  3 ms, c2p 30 ms, f2p 33 ms, p2p 16666 us, t2p  29931, [sce_], seq 39537
   320: f2c  4 ms, c2p 30 ms, f2p 34 ms, p2p 16667 us, t2p  29946, [sce_], seq 39538
   321: f2c  4 ms, c2p 29 ms, f2p 33 ms, p2p 16666 us, t2p  29920, [sce_], seq 39539
   322: f2c  3 ms, c2p 30 ms, f2p 33 ms, p2p 16666 us, t2p  29928, [sce_], seq 39540
   323: f2c  4 ms, c2p 30 ms, f2p 34 ms, p2p 16668 us, t2p  29928, [sce_], seq 39541
   324: f2c  4 ms, c2p 29 ms, f2p 33 ms, p2p 16665 us, t2p  29853, [sce_], seq 39542
   325: f2c  3 ms, c2p 30 ms, f2p 33 ms, p2p 16668 us, t2p  29902, [sce_], seq 39543
   326: f2c  4 ms, c2p 30 ms, f2p 34 ms, p2p 16665 us, t2p  29951, [sce_], seq 39544
   327: f2c  4 ms, c2p 29 ms, f2p 33 ms, p2p 16668 us, t2p  29984, [sce_], seq 39545
   328: f2c  3 ms, c2p 30 ms, f2p 33 ms, p2p 16665 us, t2p  29937, [sce_], seq 39546
   329: f2c  4 ms, c2p 30 ms, f2p 34 ms, p2p 16667 us, t2p  29943, [sce_], seq 39547
   330: f2c  4 ms, c2p 29 ms, f2p 33 ms, p2p 16667 us, t2p  29917, [sce_], seq 39548
   331: f2c  3 ms, c2p 30 ms, f2p 33 ms, p2p 16666 us, t2p  29942, [sce_], seq 39549
   332: f2c  4 ms, c2p 30 ms, f2p 34 ms, p2p 16668 us, t2p  29944, [sce_], seq 39550
   333: f2c  4 ms, c2p 29 ms, f2p 33 ms, p2p 16666 us, t2p  29957, [sce_], seq 39551
   334: f2c  3 ms, c2p 30 ms, f2p 33 ms, p2p 16667 us, t2p  29992, [sce_], seq 39552
   335: f2c  4 ms, c2p 30 ms, f2p 34 ms, p2p 16666 us, t2p  29931, [sce_], seq 39553
   336: f2c  4 ms, c2p 29 ms, f2p 33 ms, p2p 16668 us, t2p  29841, [sce_], seq 39554
   337: f2c  3 ms, c2p 30 ms, f2p 33 ms, p2p 16667 us, t2p  29916, [sce_], seq 39555
   338: f2c  4 ms, c2p 30 ms, f2p 34 ms, p2p 16666 us, t2p  29948, [sce_], seq 39556
   339: f2c  4 ms, c2p 29 ms, f2p 33 ms, p2p 16666 us, t2p  29938, [sce_], seq 39557
   340: f2c  3 ms, c2p 30 ms, f2p 33 ms, p2p 16668 us, t2p  29937, [sce_], seq 39558
   341: f2c  4 ms, c2p 30 ms, f2p 34 ms, p2p 16666 us, t2p  29921, [sce_], seq 39559
   342: f2c  4 ms, c2p 29 ms, f2p 33 ms, p2p 16667 us, t2p  29890, [sce_], seq 39560
   343: f2c  3 ms, c2p 30 ms, f2p 33 ms, p2p 16666 us, t2p  29902, [sce_], seq 39561
   344: f2c  4 ms, c2p 30 ms, f2p 34 ms, p2p 16665 us, t2p  29953, [sce_], seq 39562
   345: f2c  4 ms, c2p 29 ms, f2p 33 ms, p2p 16668 us, t2p  29925, [sce_], seq 39563
   346: f2c  3 ms, c2p 30 ms, f2p 33 ms, p2p 16666 us, t2p  29935, [sce_], seq 39564
   347: f2c  4 ms, c2p 30 ms, f2p 34 ms, p2p 16668 us, t2p  29947, [sce_], seq 39565
   348: f2c  4 ms, c2p 29 ms, f2p 33 ms, p2p 16665 us, t2p  29868, [sce_], seq 39566
   349: f2c  3 ms, c2p 30 ms, f2p 33 ms, p2p 16667 us, t2p  29909, [sce_], seq 39567
   350: f2c  4 ms, c2p 30 ms, f2p 34 ms, p2p 16667 us, t2p  29936, [sce_], seq 39568
   351: f2c  4 ms, c2p 29 ms, f2p 33 ms, p2p 16667 us, t2p  29931, [sce_], seq 39569
   352: f2c  3 ms, c2p 30 ms, f2p 33 ms, p2p 16666 us, t2p  29966, [sce_], seq 39570
   353: f2c  4 ms, c2p 30 ms, f2p 34 ms, p2p 16666 us, t2p  29956, [sce_], seq 39571
   354: f2c  4 ms, c2p 29 ms, f2p 33 ms, p2p 16666 us, t2p  29899, [sce_], seq 39572
   355: f2c  3 ms, c2p 30 ms, f2p 33 ms, p2p 16668 us, t2p  29906, [sce_], seq 39573
   356: f2c  4 ms, c2p 30 ms, f2p 34 ms, p2p 16667 us, t2p  29957, [sce_], seq 39574
   357: f2c  4 ms, c2p 29 ms, f2p 33 ms, p2p 16668 us, t2p  29948, [sce_], seq 39575
   358: f2c  3 ms, c2p 30 ms, f2p 33 ms, p2p 16666 us, t2p  29932, [sce_], seq 39576
   359: f2c  4 ms, c2p 30 ms, f2p 34 ms, p2p 16665 us, t2p  29929, [sce_], seq 39577
   360: f2c  4 ms, c2p 29 ms, f2p 33 ms, p2p 16666 us, t2p  29886, [sce_], seq 39578
   361: f2c  3 ms, c2p 30 ms, f2p 33 ms, p2p 16667 us, t2p  29924, [sce_], seq 39579
   362: f2c  4 ms, c2p 30 ms, f2p 34 ms, p2p 16668 us, t2p  29926, [sce_], seq 39580
   363: f2c  4 ms, c2p 29 ms, f2p 33 ms, p2p 16665 us, t2p  29911, [sce_], seq 39581
   364: f2c  3 ms, c2p 30 ms, f2p 33 ms, p2p 16668 us, t2p  29931, [sce_], seq 39582
   365: f2c  4 ms, c2p 30 ms, f2p 34 ms, p2p 16664 us, t2p  29919, [sce_], seq 39583
   366: f2c  4 ms, c2p 29 ms, f2p 33 ms, p2p 16668 us, t2p  29854, [sce_], seq 39584
   367: f2c  3 ms, c2p 30 ms, f2p 33 ms, p2p 16666 us, t2p  29913, [sce_], seq 39585
   368: f2c  4 ms, c2p 30 ms, f2p 34 ms, p2p 16667 us, t2p  29962, [sce_], seq 39586
   369: f2c  4 ms, c2p 29 ms, f2p 33 ms, p2p 16665 us, t2p  29971, [sce_], seq 39587
   370: f2c  3 ms, c2p 30 ms, f2p 33 ms, p2p 16668 us, t2p  29931, [sce_], seq 39588
   371: f2c  4 ms, c2p 30 ms, f2p 34 ms, p2p 16666 us, t2p  29949, [sce_], seq 39589
