NOTICE:  BL2: R-Car Gen3 Initial Program Loader(CA57) Rev.4.0.0
NOTICE:  BL2: PRR is R-Car M3N Ver.1.1
NOTICE:  BL2: Board is Salvator-XS Rev.1.0
NOTICE:  BL2: Boot device is HyperFlash(160MHz)
NOTICE:  BL2: LCM state is CM
NOTICE:  AVS setting succeeded. DVFS_SetVID=0x53
NOTICE:  BL2: DDR3200(rev.0.42)
NOTICE:  BL2: [COLD_BOOT]
NOTICE:  BL2: DRAM Split is OFF
NOTICE:  BL2: QoS is default setting(rev.0.09)
NOTICE:  BL2: DRAM refresh interval 1.95 usec
NOTICE:  BL2: Periodic Write DQ Training
NOTICE:  BL2: CH0: 400000000 - 47fffffff, 2 GiB
NOTICE:  BL2: Lossy Decomp areas
NOTICE:       Entry 0: DCMPAREACRAx:0x80000540 DCMPAREACRBx:0x570
NOTICE:       Entry 1: DCMPAREACRAx:0x40000000 DCMPAREACRBx:0x0
NOTICE:       Entry 2: DCMPAREACRAx:0x20000000 DCMPAREACRBx:0x0
NOTICE:  BL2: FDT at 0xe6324d78
NOTICE:  BL2: v2.9(release):9cdb21f75-dirty
NOTICE:  BL2: Built : 20:21:29, Jul 10 2024
NOTICE:  BL2: Normal boot
NOTICE:  BL2: dst=0xe6324600 src=0x8180000 len=512(0x200)
NOTICE:  BL2: dst=0x43f00000 src=0x8180400 len=6144(0x1800)
NOTICE:  rcar_file_len: len: 0x0003e000
NOTICE:  BL2: dst=0x44000000 src=0x81c0000 len=253952(0x3e000)
NOTICE:  rcar_file_len: len: 0x00200000
NOTICE:  BL2: dst=0x44100000 src=0x8200000 len=2097152(0x200000)
NOTICE:  rcar_file_len: len: 0x00100000
NOTICE:  BL2: dst=0x50000000 src=0x8640000 len=1048576(0x100000)
NOTICE:  BL2: Booting BL31


U-Boot 2020.10 (Jul 10 2024 - 20:21:46 +0000)

CPU: Renesas Electronics R8A77965 rev 1.1
Model: Renesas Salvator-X 2nd version board based on r8a77965
DRAM:  1.9 GiB
RAM Configuration:
Bank #0: 0x048000000 - 0x0bfffffff, 1.9 GiB

MMC:   sd@ee100000: 0, sd@ee140000: 1, sd@ee160000: 2
Loading Environment from MMC... OK
In:    serial@e6e88000
Out:   serial@e6e88000
Err:   serial@e6e88000
Net:   eth0: ethernet@e6800000
Hit any key to stop autoboot:  0
=> boot
starting USB...
Bus usb@ee000000: Register 2000120 NbrPorts 2
Starting the controller
USB XHCI 1.00
Bus usb@ee080100: USB EHCI 1.10
Bus usb@ee0a0100: USB EHCI 1.10
scanning bus usb@ee000000 for devices... 1 USB Device(s) found
scanning bus usb@ee080100 for devices... 1 USB Device(s) found
scanning bus usb@ee0a0100 for devices... 2 USB Device(s) found
       scanning usb for storage devices... 1 Storage Device(s) found
33712640 bytes read in 2669 ms (12 MiB/s)
71628 bytes read in 16 ms (4.3 MiB/s)
Moving Image from 0x48080000 to 0x48200000, end=4a2b0000
## Flattened Device Tree blob at 48000000
   Booting using the fdt blob at 0x48000000
   Loading Device Tree to 0000000053feb000, end 0000000053fff7cb ... OK

Starting kernel ...

[    0.000000] Booting Linux on physical CPU 0x0000000000 [0x411fd073]
[    0.000000] Linux version 5.10.218-yocto-standard (oe-user@oe-host) (aarch64-poky-linux-gcc (GCC) 13.2.0, GNU ld (GNU Binutils) 2.42.0.20240216) #1 SMP PREEMPT Wed Jul 10 19:28:28 UTC 2024
[    0.000000] Machine model: Renesas Salvator-X 2nd version board based on r8a77965
[    0.000000] printk: debug: ignoring loglevel setting.
[    0.000000] efi: UEFI not found.
[    0.000000] Reserved memory: created CMA memory pool at 0x0000000057000000, size 16 MiB
[    0.000000] OF: reserved mem: initialized node linux,adsp@57000000, compatible id shared-dma-pool
[    0.000000] Reserved memory: created CMA memory pool at 0x0000000058000000, size 384 MiB
[    0.000000] OF: reserved mem: initialized node linux,cma@58000000, compatible id shared-dma-pool
[    0.000000] Reserved memory: created CMA memory pool at 0x0000000070000000, size 256 MiB
[    0.000000] OF: reserved mem: initialized node linux,multimedia@70000000, compatible id shared-dma-pool
[    0.000000] NUMA: No NUMA configuration found
[    0.000000] NUMA: Faking a node at [mem 0x0000000048000000-0x00000000bfffffff]
[    0.000000] NUMA: NODE_DATA [mem 0xbfbfcb00-0xbfbfefff]
[    0.000000] Zone ranges:
[    0.000000]   DMA      [mem 0x0000000048000000-0x00000000bfffffff]
[    0.000000]   DMA32    empty
[    0.000000]   Normal   empty
[    0.000000] Movable zone start for each node
[    0.000000] Early memory node ranges
[    0.000000]   node   0: [mem 0x0000000048000000-0x0000000053ffffff]
[    0.000000]   node   0: [mem 0x0000000054000000-0x0000000056ffffff]
[    0.000000]   node   0: [mem 0x0000000057000000-0x00000000bfffffff]
[    0.000000] Initmem setup node 0 [mem 0x0000000048000000-0x00000000bfffffff]
[    0.000000] On node 0 totalpages: 491520
[    0.000000]   DMA zone: 7680 pages used for memmap
[    0.000000]   DMA zone: 0 pages reserved
[    0.000000]   DMA zone: 491520 pages, LIFO batch:63
[    0.000000] psci: probing for conduit method from DT.
[    0.000000] psci: PSCIv1.1 detected in firmware.
[    0.000000] psci: Using standard PSCI v0.2 function IDs
[    0.000000] psci: Trusted OS resident on physical CPU 0x0
[    0.000000] psci: SMC Calling Convention v1.2
[    0.000000] percpu: Embedded 23 pages/cpu s56984 r8192 d29032 u94208
[    0.000000] pcpu-alloc: s56984 r8192 d29032 u94208 alloc=23*4096
[    0.000000] pcpu-alloc: [0] 0 [0] 1
[    0.000000] Detected PIPT I-cache on CPU0
[    0.000000] CPU features: detected: EL2 vector hardening
[    0.000000] CPU features: detected: Spectre-v2
[    0.000000] CPU features: detected: ARM errata 1165522, 1319367, or 1530923
[    0.000000] CPU features: detected: Spectre-BHB
[    0.000000] CPU features: detected: ARM erratum 1742098
[    0.000000] Built 1 zonelists, mobility grouping on.  Total pages: 483840
[    0.000000] Policy zone: DMA
[    0.000000] Kernel command line: root=/dev/sda2 rw rootwait ignore_loglevel
[    0.000000] Dentry cache hash table entries: 262144 (order: 9, 2097152 bytes, linear)
[    0.000000] Inode-cache hash table entries: 131072 (order: 8, 1048576 bytes, linear)
[    0.000000] mem auto-init: stack:all(zero), heap alloc:off, heap free:off
[    0.000000] Memory: 1171500K/1966080K available (15552K kernel code, 2842K rwdata, 8248K rodata, 6144K init, 518K bss, 122836K reserved, 671744K cma-reserved)
[    0.000000] SLUB: HWalign=64, Order=0-3, MinObjects=0, CPUs=2, Nodes=1
[    0.000000] rcu: Preemptible hierarchical RCU implementation.
[    0.000000] rcu:     RCU event tracing is enabled.
[    0.000000] rcu:     RCU restricting CPUs from NR_CPUS=256 to nr_cpu_ids=2.
[    0.000000]  Trampoline variant of Tasks RCU enabled.
[    0.000000] rcu: RCU calculated value of scheduler-enlistment delay is 25 jiffies.
[    0.000000] rcu: Adjusting geometry for rcu_fanout_leaf=16, nr_cpu_ids=2
[    0.000000] NR_IRQS: 64, nr_irqs: 64, preallocated irqs: 0
[    0.000000] arch_timer: cp15 timer(s) running at 8.32MHz (virt).
[    0.000000] clocksource: arch_sys_counter: mask: 0xffffffffffffff max_cycles: 0x1eb398c07, max_idle_ns: 440795202503 ns
[    0.000003] sched_clock: 56 bits at 8MHz, resolution 120ns, wraps every 2199023255503ns
[    0.000201] Console: colour dummy device 80x25
[    0.000409] printk: console [tty0] enabled
[    0.000479] Calibrating delay loop (skipped), value calculated using timer frequency.. 16.64 BogoMIPS (lpj=33280)
[    0.000495] pid_max: default: 32768 minimum: 301
[    0.000547] LSM: Security Framework initializing
[    0.000598] Mount-cache hash table entries: 4096 (order: 3, 32768 bytes, linear)
[    0.000618] Mountpoint-cache hash table entries: 4096 (order: 3, 32768 bytes, linear)
[    0.001787] rcu: Hierarchical SRCU implementation.
[    0.003133] Detected Renesas R-Car Gen3 r8a77965 ES1.1
[    0.004703] EFI services will not be available.
[    0.004869] smp: Bringing up secondary CPUs ...
[    0.005358] Detected PIPT I-cache on CPU1
[    0.005408] CPU1: Booted secondary processor 0x0000000001 [0x411fd073]
[    0.005488] smp: Brought up 1 node, 2 CPUs
[    0.005510] SMP: Total of 2 processors activated.
[    0.005518] CPU features: detected: 32-bit EL0 Support
[    0.005525] CPU features: detected: CRC32 instructions
[    0.005532] CPU features: detected: 32-bit EL1 Support
[    0.015116] CPU: All CPU(s) started at EL1
[    0.015176] alternatives: patching kernel code
[    0.015915] devtmpfs: initialized
[    0.021187] KASLR disabled due to lack of seed
[    0.021354] clocksource: jiffies: mask: 0xffffffff max_cycles: 0xffffffff, max_idle_ns: 7645041785100000 ns
[    0.021375] futex hash table entries: 512 (order: 3, 32768 bytes, linear)
[    0.030035] pinctrl core: initialized pinctrl subsystem
[    0.031358] DMI not present or invalid.
[    0.031842] NET: Registered protocol family 16
[    0.032884] DMA: preallocated 256 KiB GFP_KERNEL pool for atomic allocations
[    0.032982] DMA: preallocated 256 KiB GFP_KERNEL|GFP_DMA pool for atomic allocations
[    0.033077] DMA: preallocated 256 KiB GFP_KERNEL|GFP_DMA32 pool for atomic allocations
[    0.033122] audit: initializing netlink subsys (disabled)
[    0.033291] audit: type=2000 audit(0.032:1): state=initialized audit_enabled=0 res=1
[    0.034382] thermal_sys: Registered thermal governor 'power_allocator'
[    0.034796] cpuidle: using governor menu
[    0.034934] hw-breakpoint: found 6 breakpoint and 4 watchpoint registers.
[    0.034985] ASID allocator initialised with 65536 entries
[    0.036205] Serial: AMBA PL011 UART driver
[    0.071269] sh-pfc e6060000.pinctrl: r8a77965_pfc support registered
[    0.082916] HugeTLB registered 1.00 GiB page size, pre-allocated 0 pages
[    0.082937] HugeTLB registered 32.0 MiB page size, pre-allocated 0 pages
[    0.082945] HugeTLB registered 2.00 MiB page size, pre-allocated 0 pages
[    0.082951] HugeTLB registered 64.0 KiB page size, pre-allocated 0 pages
[    0.083854] cryptd: max_cpu_qlen set to 1000
[    0.085887] ACPI: Interpreter disabled.
[    0.089482] rcar_avs_init: cannot find compatible dts node
[    0.090995] iommu: Default domain type: Translated
[    0.091539] ipmmu-vmsa e67b0000.iommu: IPMMU context 0 is reserved
[    0.092468] vgaarb: loaded
[    0.092686] SCSI subsystem initialized
[    0.092844] libata version 3.00 loaded.
[    0.092994] usbcore: registered new interface driver usbfs
[    0.093025] usbcore: registered new interface driver hub
[    0.093047] usbcore: registered new device driver usb
[    0.096860] i2c-sh_mobile e60b0000.i2c: I2C adapter 7, bus speed 400000 Hz
[    0.097490] mc: Linux media interface: v0.10
[    0.097518] videodev: Linux video capture interface: v2.00
[    0.097574] pps_core: LinuxPPS API ver. 1 registered
[    0.097580] pps_core: Software ver. 5.3.6 - Copyright 2005-2007 Rodolfo Giometti <giometti@linux.it>
[    0.097593] PTP clock support registered
[    0.097843] EDAC MC: Ver: 3.0.0
[    0.099647] FPGA manager framework
[    0.099708] Advanced Linux Sound Architecture Driver Initialized.
[    0.100269] clocksource: Switched to clocksource arch_sys_counter
[    0.100432] VFS: Disk quotas dquot_6.6.0
[    0.100477] VFS: Dquot-cache hash table entries: 512 (order 0, 4096 bytes)
[    0.100614] pnp: PnP ACPI: disabled
[    0.103912] NET: Registered protocol family 2
[    0.104096] IP idents hash table entries: 32768 (order: 6, 262144 bytes, linear)
[    0.104962] tcp_listen_portaddr_hash hash table entries: 1024 (order: 2, 16384 bytes, linear)
[    0.104999] TCP established hash table entries: 16384 (order: 5, 131072 bytes, linear)
[    0.105078] TCP bind hash table entries: 16384 (order: 6, 262144 bytes, linear)
[    0.105227] TCP: Hash tables configured (established 16384 bind 16384)
[    0.105338] UDP hash table entries: 1024 (order: 3, 32768 bytes, linear)
[    0.105378] UDP-Lite hash table entries: 1024 (order: 3, 32768 bytes, linear)
[    0.105510] NET: Registered protocol family 1
[    0.105895] RPC: Registered named UNIX socket transport module.
[    0.105910] RPC: Registered udp transport module.
[    0.105917] RPC: Registered tcp transport module.
[    0.105922] RPC: Registered tcp NFSv4.1 backchannel transport module.
[    0.105936] PCI: CLS 0 bytes, default 64
[    0.106433] hw perfevents: enabled with armv8_cortex_a57 PMU driver, 7 counters available
[    0.106953] kvm [1]: HYP mode not available
[    0.109470] Initialise system trusted keyrings
[    0.109652] workingset: timestamp_bits=42 max_order=19 bucket_order=0
[    0.112715] squashfs: version 4.0 (2009/01/31) Phillip Lougher
[    0.113198] NFS: Registering the id_resolver key type
[    0.113230] Key type id_resolver registered
[    0.113237] Key type id_legacy registered
[    0.113296] nfs4filelayout_init: NFSv4 File Layout Driver Registering...
[    0.113306] nfs4flexfilelayout_init: NFSv4 Flexfile Layout Driver Registering...
[    0.113441] 9p: Installing v9fs 9p2000 file system support
[    0.138657] Key type asymmetric registered
[    0.138673] Asymmetric key parser 'x509' registered
[    0.138711] Block layer SCSI generic (bsg) driver version 0.4 loaded (major 243)
[    0.138721] io scheduler mq-deadline registered
[    0.138730] io scheduler kyber registered
[    0.150871] gpio_rcar e6050000.gpio: driving 16 GPIOs
[    0.151255] gpio_rcar e6051000.gpio: driving 29 GPIOs
[    0.151548] gpio_rcar e6052000.gpio: driving 15 GPIOs
[    0.151830] gpio_rcar e6053000.gpio: driving 16 GPIOs
[    0.152106] gpio_rcar e6054000.gpio: driving 18 GPIOs
[    0.152419] gpio_rcar e6055000.gpio: driving 26 GPIOs
[    0.152699] gpio_rcar e6055400.gpio: driving 32 GPIOs
[    0.152976] gpio_rcar e6055800.gpio: driving 4 GPIOs
[    0.155704] rcar-pcie fe000000.pcie: host bridge /soc/pcie@fe000000 ranges:
[    0.155737] rcar-pcie fe000000.pcie:       IO 0x00fe100000..0x00fe1fffff -> 0x0000000000
[    0.155760] rcar-pcie fe000000.pcie:      MEM 0x00fe200000..0x00fe3fffff -> 0x00fe200000
[    0.155778] rcar-pcie fe000000.pcie:      MEM 0x0030000000..0x0037ffffff -> 0x0030000000
[    0.155796] rcar-pcie fe000000.pcie:      MEM 0x0038000000..0x003fffffff -> 0x0038000000
[    0.155813] rcar-pcie fe000000.pcie:   IB MEM 0x0040000000..0x00bfffffff -> 0x0040000000
[    0.155859] rcar-pcie fe000000.pcie: no pcie3v3 regulator found
[    0.155870] rcar-pcie fe000000.pcie: no pcie1v8 regulator found
[    0.219978] rcar-pcie fe000000.pcie: PCIe link down
[    0.220172] rcar-pcie ee800000.pcie: host bridge /soc/pcie@ee800000 ranges:
[    0.220196] rcar-pcie ee800000.pcie:       IO 0x00ee900000..0x00ee9fffff -> 0x0000000000
[    0.220216] rcar-pcie ee800000.pcie:      MEM 0x00eea00000..0x00eebfffff -> 0x00eea00000
[    0.220234] rcar-pcie ee800000.pcie:      MEM 0x00c0000000..0x00c7ffffff -> 0x00c0000000
[    0.220247] rcar-pcie ee800000.pcie:      MEM 0x00c8000000..0x00cfffffff -> 0x00c8000000
[    0.220284] rcar-pcie ee800000.pcie:   IB MEM 0x0040000000..0x00bfffffff -> 0x0040000000
[    0.220318] rcar-pcie ee800000.pcie: no pcie3v3 regulator found
[    0.220329] rcar-pcie ee800000.pcie: no pcie1v8 regulator found
[    0.287967] rcar-pcie ee800000.pcie: PCIe link down
[    0.289998] EINJ: ACPI disabled.
[    0.320024] Serial: 8250/16550 driver, 4 ports, IRQ sharing enabled
[    0.322350] SuperH (H)SCI(F) driver initialized
[    0.322784] e6550000.serial: ttySC1 at MMIO 0xe6550000 (irq = 36, base_baud = 0) is a hscif
[    0.323615] e6e88000.serial: ttySC0 at MMIO 0xe6e88000 (irq = 119, base_baud = 0) is a scif
[    1.422014] printk: console [ttySC0] enabled
[    1.427478] msm_serial: driver initialized
[    1.437240] rcar-dw-hdmi fead0000.hdmi: Detected HDMI TX controller v2.01a with HDCP (DWC HDMI 2.0 TX PHY)
[    1.447219] rcar-dw-hdmi fead0000.hdmi: registered DesignWare HDMI I2C bus driver
[    1.461437] loop: module loaded
[    1.465945] megasas: 07.714.04.00-rc1
[    1.471567] scsi host0: sata_rcar
[    1.475069] ata1: SATA max UDMA/133 irq 170
[    1.483891] tun: Universal TUN/TAP device driver, 1.6
[    1.489852] thunder_xcv, ver 1.0
[    1.493120] thunder_bgx, ver 1.0
[    1.496370] nicpf, ver 1.0
[    1.500278] hclge is initializing
[    1.503611] hns3: Hisilicon Ethernet Network Driver for Hip08 Family - version
[    1.510834] hns3: Copyright (c) 2017 Huawei Corporation.
[    1.516174] e1000: Intel(R) PRO/1000 Network Driver
[    1.521055] e1000: Copyright (c) 1999-2006 Intel Corporation.
[    1.526822] e1000e: Intel(R) PRO/1000 Network Driver
[    1.531787] e1000e: Copyright(c) 1999 - 2015 Intel Corporation.
[    1.537733] igb: Intel(R) Gigabit Ethernet Network Driver
[    1.543133] igb: Copyright (c) 2007-2014 Intel Corporation.
[    1.548719] igbvf: Intel(R) Gigabit Virtual Function Network Driver
[    1.554985] igbvf: Copyright (c) 2009 - 2012 Intel Corporation.
[    1.561258] sky2: driver version 1.30
[    1.569048] ravb e6800000.ethernet eth0: Base address at 0xe6800000, 2e:09:0a:02:ee:7f, IRQ 116.
[    1.579289] VFIO - User Level meta-driver version: 0.3
[    1.586300] ehci_hcd: USB 2.0 'Enhanced' Host Controller (EHCI) Driver
[    1.592878] ehci-pci: EHCI PCI platform driver
[    1.597354] ehci-platform: EHCI generic platform driver
[    1.603068] ehci-platform ee0a0100.usb: EHCI Host Controller
[    1.608756] ehci-platform ee0a0100.usb: new USB bus registered, assigned bus number 1
[    1.616662] ehci-platform ee0a0100.usb: irq 166, io mem 0xee0a0100
[    1.636275] ehci-platform ee0a0100.usb: USB 2.0 started, EHCI 1.10
[    1.642877] hub 1-0:1.0: USB hub found
[    1.646654] hub 1-0:1.0: 1 port detected
[    1.651065] ehci-orion: EHCI orion driver
[    1.655357] ehci-exynos: EHCI Exynos driver
[    1.659656] ohci_hcd: USB 1.1 'Open' Host Controller (OHCI) Driver
[    1.665858] ohci-pci: OHCI PCI platform driver
[    1.670349] ohci-platform: OHCI generic platform driver
[    1.675968] ohci-platform ee0a0000.usb: Generic Platform OHCI controller
[    1.682696] ohci-platform ee0a0000.usb: new USB bus registered, assigned bus number 2
[    1.690591] ohci-platform ee0a0000.usb: irq 166, io mem 0xee0a0000
[    1.786609] hub 2-0:1.0: USB hub found
[    1.790383] hub 2-0:1.0: 1 port detected
[    1.794742] ohci-exynos: OHCI Exynos driver
[    1.799624] xhci-hcd ee000000.usb: xHCI Host Controller
[    1.804882] xhci-hcd ee000000.usb: new USB bus registered, assigned bus number 3
[    1.813487] xhci-hcd ee000000.usb: hcc params 0x014051ce hci version 0x100 quirks 0x0000000000830410
[    1.822671] xhci-hcd ee000000.usb: irq 163, io mem 0xee000000
[    1.828555] xhci-hcd ee000000.usb: xHCI Host Controller
[    1.833801] xhci-hcd ee000000.usb: new USB bus registered, assigned bus number 4
[    1.841208] xhci-hcd ee000000.usb: Host supports USB 3.0 SuperSpeed
[    1.847829] hub 3-0:1.0: USB hub found
[    1.851608] hub 3-0:1.0: 1 port detected
[    1.855719] usb usb4: We don't know the algorithms for LPM for this host, disabling LPM.
[    1.864069] hub 4-0:1.0: USB hub found
[    1.867840] hub 4-0:1.0: 1 port detected
[    1.872634] usbcore: registered new interface driver usb-storage
[    1.880158] renesas_usbhs e6590000.usb: host probed
[    1.885075] renesas_usbhs e6590000.usb: no transceiver found
[    1.890814] renesas_usbhs e6590000.usb: gadget probed
[    1.896045] renesas_usbhs e6590000.usb: probed
[    1.896282] ata1: link resume succeeded after 1 retries
[    1.902669] i2c /dev entries driver
[    1.905746] usb 1-1: new high-speed USB device number 2 using ehci-platform
[    1.920481] cs2000-cp 2-004f: revision - C1
[    1.924772] i2c-rcar e6510000.i2c: probed
[    1.929729] pca953x 4-0020: supply vcc not found, using dummy regulator
[    1.936441] pca953x 4-0020: using no AI
[    1.941078] gpio-355 (PCIE/SATA switch): hogged as output/low
[    1.953314] i2c-rcar e66d8000.i2c: probed
[    1.958636] adv748x 4-0070: Endpoint /soc/i2c@e66d8000/video-receiver@70/port@7/endpoint on port 7
[    1.967636] adv748x 4-0070: Endpoint /soc/i2c@e66d8000/video-receiver@70/port@8/endpoint on port 8
[    1.976617] adv748x 4-0070: Endpoint /soc/i2c@e66d8000/video-receiver@70/port@a/endpoint on port 10
[    1.985689] adv748x 4-0070: Endpoint /soc/i2c@e66d8000/video-receiver@70/port@b/endpoint on port 11
[    1.995088] adv748x 4-0070: chip found @ 0xe0 revision 2143
[    2.015749] ata1: SATA link down (SStatus 0 SControl 300)
[    2.047125] rcar-csi2 fea80000.csi2: 1 lanes found
[    2.052438] rcar-csi2 feaa0000.csi2: 4 lanes found
[    2.062210] rcar-vin e6ef0000.video: Device registered as video0
[    2.068348] rcar-vin e6ef1000.video: Device registered as video1
[    2.074476] rcar-vin e6ef2000.video: Device registered as video2
[    2.080586] rcar-vin e6ef3000.video: Device registered as video3
[    2.086672] rcar-vin e6ef4000.video: Device registered as video4
[    2.092759] rcar-vin e6ef5000.video: Device registered as video5
[    2.098839] rcar-vin e6ef6000.video: Device registered as video6
[    2.104942] rcar-vin e6ef7000.video: Device registered as video7
[    2.111814] usbcore: registered new interface driver uvcvideo
[    2.111886] usb-storage 1-1:1.0: USB Mass Storage device detected
[    2.117583] USB Video Class driver (1.1.1)
[    2.123924] rcar_gen3_thermal e6198000.thermal: is using pseudo fixed FUSE values
[    2.128210] scsi host1: usb-storage 1-1:1.0
[    2.138882] rcar_gen3_thermal e6198000.thermal: TSC0: Loaded 1 trip points
[    2.150974] rcar_gen3_thermal e6198000.thermal: TSC1: Loaded 1 trip points
[    2.162238] rcar_gen3_thermal e6198000.thermal: TSC2: Loaded 3 trip points
[    2.173841] sdhci: Secure Digital Host Controller Interface driver
[    2.180058] sdhci: Copyright(c) Pierre Ossman
[    2.185343] renesas_sdhi_internal_dmac ee100000.mmc: Got CD GPIO
[    2.191389] renesas_sdhi_internal_dmac ee100000.mmc: Got WP GPIO
[    2.200833] renesas_sdhi_internal_dmac ee140000.mmc: Adding to iommu group 0
[    2.208023] renesas_sdhi_internal_dmac ee140000.mmc: Using IPMMU context 1
[    2.263744] renesas_sdhi_internal_dmac ee140000.mmc: mmc0 base at 0x00000000ee140000, max clock rate 200 MHz
[    2.274378] renesas_sdhi_internal_dmac ee160000.mmc: Got CD GPIO
[    2.280448] renesas_sdhi_internal_dmac ee160000.mmc: Got WP GPIO
[    2.288484] Synopsys Designware Multimedia Card Interface Driver
[    2.295650] sdhci-pltfm: SDHCI platform and OF driver helper
[    2.302942] ledtrig-cpu: registered to indicate activity on CPUs
[    2.309751] SMCCC: SOC_ID: ARCH_SOC_ID not implemented, skipping ....
[    2.316757] usbcore: registered new interface driver usbhid
[    2.322363] usbhid: USB HID core driver
[    2.329598] optee: probing for conduit method.
[    2.334108] optee: revision 3.22 (314ecf9d)
[    2.334594] optee driver R-Car Rev.1.0.11
[    2.342972] optee: dynamic shared memory is enabled
[    2.348185] optee: initialized driver
[    2.362640] rcar_sound ec500000.sound: probed
[    2.367843] rcar_adsp_sound adsp_sound: probed
[    2.372850] NET: Registered protocol family 17
[    2.377445] 9pnet: Installing 9P2000 support
[    2.381812] Key type dns_resolver registered
[    2.386558] registered taskstats version 1
[    2.390694] Loading compiled-in X.509 certificates
[    2.397038] mmc0: new HS400 MMC card at address 0001
[    2.402835] mmcblk0: mmc0:0001 BGSD3R 29.1 GiB
[    2.404543] thermal emergency: set temperature to 110 celsius
[    2.407799] mmcblk0boot0: mmc0:0001 BGSD3R partition 1 16.0 MiB
[    2.413310] thermal emergency: shutdown target cpus 1
[    2.419420] mmcblk0boot1: mmc0:0001 BGSD3R partition 2 16.0 MiB
[    2.424127] thermal emergency: freq scaled target cpus 0
[    2.424544] renesas_irqc e61c0000.interrupt-controller: driving 6 irqs
[    2.430222] mmcblk0rpmb: mmc0:0001 BGSD3R partition 3 4.00 MiB, chardev (509:0)
[    2.452369]  mmcblk0: p1
[    2.480307] ehci-platform ee080100.usb: EHCI Host Controller
[    2.486013] ehci-platform ee080100.usb: new USB bus registered, assigned bus number 5
[    2.493922] ehci-platform ee080100.usb: irq 165, io mem 0xee080100
[    2.512285] ehci-platform ee080100.usb: USB 2.0 started, EHCI 1.10
[    2.518979] hub 5-0:1.0: USB hub found
[    2.522763] hub 5-0:1.0: 1 port detected
[    2.528343] ohci-platform ee080000.usb: Generic Platform OHCI controller
[    2.535079] ohci-platform ee080000.usb: new USB bus registered, assigned bus number 6
[    2.542990] ohci-platform ee080000.usb: irq 165, io mem 0xee080000
[    2.638809] hub 6-0:1.0: USB hub found
[    2.642590] hub 6-0:1.0: 1 port detected
[    2.647995] cpu cpu0: EM: created perf domain
[    2.654450] renesas_sdhi_internal_dmac ee100000.mmc: Got CD GPIO
[    2.660525] renesas_sdhi_internal_dmac ee100000.mmc: Got WP GPIO
[    2.715545] renesas_sdhi_internal_dmac ee100000.mmc: mmc1 base at 0x00000000ee100000, max clock rate 200 MHz
[    2.728167] renesas_sdhi_internal_dmac ee160000.mmc: Got CD GPIO
[    2.734278] renesas_sdhi_internal_dmac ee160000.mmc: Got WP GPIO
[    2.789120] renesas_sdhi_internal_dmac ee160000.mmc: mmc2 base at 0x00000000ee160000, max clock rate 200 MHz
[    2.808922] [drm] Initialized rcar-du 1.0.0 20130110 for feb00000.display on minor 0
[    2.816710] [drm] Device feb00000.display probed
[    2.862926] Console: switching to colour frame buffer device 128x48
[    2.883853] rcar-du feb00000.display: [drm] fb0: rcar-dudrmfb frame buffer device
[    2.893139] input: keys as /devices/platform/keys/input/input0
[    2.899935] clk: Disabling unused clocks
[    2.904248] ALSA device list:
[    2.907472]   #0: rcar-sound
[    2.910789] Waiting for root device /dev/sda2...
[    3.166280] scsi 1:0:0:0: Direct-Access     Lexar    JD Secure II +   1100 PQ: 0 ANSI: 0 CCS
[    3.178586] sd 1:0:0:0: [sda] 1966080 512-byte logical blocks: (1.01 GB/960 MiB)
[    3.187440] sd 1:0:0:0: [sda] Write Protect is off
[    3.192403] sd 1:0:0:0: [sda] Mode Sense: 43 00 00 00
[    3.198810] sd 1:0:0:0: [sda] No Caching mode page found
[    3.204212] sd 1:0:0:0: [sda] Assuming drive cache: write through
[    3.218332]  sda: sda1 sda2
[    3.227564] sd 1:0:0:0: [sda] Attached SCSI removable disk
[    3.252912] EXT4-fs (sda2): warning: mounting unchecked fs, running e2fsck is recommended
[    3.262715] EXT4-fs (sda2): mounted filesystem without journal. Opts: (null)
[    3.269876] VFS: Mounted root (ext4 filesystem) on device 8:2.
[    3.286693] devtmpfs: mounted
[    3.293929] Freeing unused kernel memory: 6144K
[    3.299565] Run /sbin/init as init process
[    3.304607]   with arguments:
[    3.308516]     /sbin/init
[    3.311837]   with environment:
[    3.315601]     HOME=/
[    3.318570]     TERM=linux
[    3.364435] Starting init: /sbin/init exists but couldn't execute it (error -8)
[    3.372457] Run /etc/init as init process
[    3.377383]   with arguments:
[    3.381236]     /etc/init
[    3.384734]   with environment:
[    3.388750]     HOME=/
[    3.391958]     TERM=linux
[    3.397948] Run /bin/init as init process
[    3.402574]   with arguments:
[    3.406137]     /bin/init
[    3.409594]   with environment:
[    3.413581]     HOME=/
[    3.416618]     TERM=linux
[    3.419960] Run /bin/sh as init process
[    3.424358]   with arguments:
[    3.427848]     /bin/sh
[    3.430814]   with environment:
[    3.434469]     HOME=/
[    3.437320]     TERM=linux
[    3.447420] Starting init: /bin/sh exists but couldn't execute it (error -80)
[    3.455098] Kernel panic - not syncing: No working init found.  Try passing init= option to kernel. See Linux Documentation/admin-guide/init.rst for guidance.
[    3.470327] CPU: 1 PID: 1 Comm: swapper/0 Not tainted 5.10.218-yocto-standard #1
[    3.478272] Hardware name: Renesas Salvator-X 2nd version board based on r8a77965 (DT)
[    3.486739] Call trace:
[    3.489731]  dump_backtrace+0x0/0x1c4
[    3.493928]  show_stack+0x18/0x3c
[    3.497777]  dump_stack+0xe4/0x120
[    3.501708]  panic+0x19c/0x368
[    3.505286]  kernel_init+0xfc/0x118
[    3.509289]  ret_from_fork+0x10/0x38
[    3.513377] SMP: stopping secondary CPUs
[    3.517802] Kernel Offset: disabled
[    3.521778] CPU features: 0x28240022,21006000
[    3.526617] Memory Limit: none
[    3.530154] ---[ end Kernel panic - not syncing: No working init found.  Try passing init= option to kernel. See Linux Documentation/admin-guide/init.rst for guidance. ]---
NOTICE:  BL2: R-Car Gen3 Initial Program Loader(CA57) Rev.4.0.0
NOTICE:  BL2: PRR is R-Car M3N Ver.1.1
NOTICE:  BL2: Board is Salvator-XS Rev.1.0
NOTICE:  BL2: Boot device is HyperFlash(160MHz)
NOTICE:  BL2: LCM state is CM
NOTICE:  AVS setting succeeded. DVFS_SetVID=0x53
NOTICE:  BL2: DDR3200(rev.0.42)
NOTICE:  BL2: [COLD_BOOT]
NOTICE:  BL2: DRAM Split is OFF
NOTICE:  BL2: QoS is default setting(rev.0.09)
NOTICE:  BL2: DRAM refresh interval 1.95 usec
NOTICE:  BL2: Periodic Write DQ Training
NOTICE:  BL2: CH0: 400000000 - 47fffffff, 2 GiB
NOTICE:  BL2: Lossy Decomp areas
NOTICE:       Entry 0: DCMPAREACRAx:0x80000540 DCMPAREACRBx:0x570
NOTICE:       Entry 1: DCMPAREACRAx:0x40000000 DCMPAREACRBx:0x0
NOTICE:       Entry 2: DCMPAREACRAx:0x20000000 DCMPAREACRBx:0x0
NOTICE:  BL2: FDT at 0xe6324d78
NOTICE:  BL2: v2.9(release):9cdb21f75-dirty
NOTICE:  BL2: Built : 20:21:29, Jul 10 2024
NOTICE:  BL2: Normal boot
NOTICE:  BL2: dst=0xe6324600 src=0x8180000 len=512(0x200)
NOTICE:  BL2: dst=0x43f00000 src=0x8180400 len=6144(0x1800)
NOTICE:  rcar_file_len: len: 0x0003e000
NOTICE:  BL2: dst=0x44000000 src=0x81c0000 len=253952(0x3e000)
NOTICE:  rcar_file_len: len: 0x00200000
NOTICE:  BL2: dst=0x44100000 src=0x8200000 len=2097152(0x200000)
NOTICE:  rcar_file_len: len: 0x00100000
NOTICE:  BL2: dst=0x50000000 src=0x8640000 len=1048576(0x100000)
NOTICE:  BL2: Booting BL31


U-Boot 2020.10 (Jul 10 2024 - 20:21:46 +0000)

CPU: Renesas Electronics R8A77965 rev 1.1
Model: Renesas Salvator-X 2nd version board based on r8a77965
DRAM:  1.9 GiB
RAM Configuration:
Bank #0: 0x048000000 - 0x0bfffffff, 1.9 GiB

MMC:   sd@ee100000: 0, sd@ee140000: 1, sd@ee160000: 2
Loading Environment from MMC... OK
In:    serial@e6e88000
Out:   serial@e6e88000
Err:   serial@e6e88000
Net:   eth0: ethernet@e6800000
Hit any key to stop autoboot:  0
=> pr
LONG_MODPROBE_bootargs=rw root=/dev/nfs nfsroot=192.168.8.8:/tftpboot/D3_thuan_ha/rootfs,nfsvers=4 ip=192.168.8.20 baudrate=115200
LONG_bootargs=rw root=/dev/nfs nfsroot=192.168.8.8:/tftpboot/long.trinh-tien/M3N_full/rootfs,nfsvers=4 ip=192.168.8.20 baudrate=115200
TRINH_bootargs=rw root=/dev/nfs nfsroot=192.168.8.8:/tftpboot/trinh.nguyen-tan/2024/M3N/rootfs,nfsvers=4 ip=192.168.8.10
baudrate=115200
bootargs=root=/dev/sda2 rw rootwait ignore_loglevel
bootargs_emmc=rw root=/dev/mmcblk0p1 rootwait
bootargs_sd0=rw root=/dev/mmcblk1p1 ip=192.168.8.37 rootwait
bootargs_vinh=rw root=/dev/nfs nfsroot=192.168.10.220:/data1/tftpboot/vinhsunguyen/bsp/m3n/rootfs,nfsvers=4 ip=192.168.10.155
bootcmd=usb start; run usb_LONG_boot; usb stop;
bootcmd_LONG_tftp=setenv bootargs ${LONG_bootargs} ; tftp 0x48080000 long.trinh-tien/M3N_full/Image ; tftp 0x48000000 long.trinh-tien/M3N_full/${dtb};booti 0x48080000 - 0x48000000
bootcmd_TRINH_tftp=setenv bootargs ${TRINH_bootargs} ; tftp 0x48080000 trinh.nguyen-tan/2024/M3N/Image ; tftp 0x48000000 trinh.nguyen-tan/2024/M3N/${dtb};booti 0x48080000 - 0x48000000
bootcmd_emmc=setenv bootargs ${bootargs_emmc};ext2load mmc 1:1 0x48080000 /boot/Image;ext2load mmc 1:1 0x48000000 /boot/${dtb};run booti_cmd
bootcmd_sd0=setenv bootargs ${bootargs_sd0};ext2load mmc 0:1 0x48080000 /boot/Image;ext2load mmc 0:1 0x48000000 /boot/${dtb};run booti_cmd
bootcmd_tftp=tftp 0x48080000 HVN/HuyNV/M3N_1/Image;tftp 0x48000000 HVN/HuyNV/M3N_1/${dtb};booti 0x48080000 - 0x48000000
bootcmd_vinh=setenv bootargs ${bootargs_vinh} ;tftp 0x48080000 ${vinhdir}/Image; tftp 0x48000000 ${vinhdir}/r8a77965-salvator-xs.dtb; run booti_cmd
bootdelay=2
booti_cmd=booti 0x48080000 - 0x48000000
bootm_size=0x10000000
dtb=r8a77965-salvator-xs.dtb
ethact=ethernet@e6800000
ethaddr=2E:09:0A:02:EE:7F
fdtcontroladdr=bbef0820
fileaddr=48080000
filesize=3257200
ipaddr=192.168.8.59
loadaddr=0x58000000
platform=r8a77965
serverip=192.168.8.8
stderr=serial@e6e88000
stdin=serial@e6e88000
stdout=serial@e6e88000
usb_LONG_boot=ext2load usb 0:1 0x48080000 Image; ext2load usb 0:1 0x48000000 ${dtb}; booti 0x48080000 - 0x48000000
usb_pgood_delay=2000
ver=U-Boot 2020.10 (Jul 10 2024 - 20:21:46 +0000)
vinhdir=vinhsunguyen/bsp/pm-swwa/testspec/

Environment size: 2238/131068 bytes
=> run bootcmd_LONG_tftp
Using ethernet@e6800000 device
TFTP from server 192.168.8.8; our IP address is 192.168.8.59
Filename 'long.trinh-tien/M3N_full/Image'.
Load address: 0x48080000
Loading: #################################################################
         #################################################################
         #################################################################
         #################################################################
         #################################################################
         #################################################################
         #################################################################
         #################################################################
         #################################################################
         #################################################################
         #################################################################
         #################################################################
         #################################################################
         #################################################################
         #################################################################
         #################################################################
         #################################################################
         #################################################################
         #################################################################
         #################################################################
         #################################################################
         #################################################################
         #################################################################
         #################################################################
         #################################################################
         #################################################################
         #################################################################
         #################################################################
         #################################################################
         #################################################################
         #################################################################
         #################################################################
         #################################################################
         #################################################################
         #################################################################
         ######################
         862.3 KiB/s
done
Bytes transferred = 33712640 (2026a00 hex)
Using ethernet@e6800000 device
TFTP from server 192.168.8.8; our IP address is 192.168.8.59
Filename 'long.trinh-tien/M3N_full/r8a77965-salvator-xs.dtb'.
Load address: 0x48000000
Loading: #####
         706.1 KiB/s
done
Bytes transferred = 71628 (117cc hex)
Moving Image from 0x48080000 to 0x48200000, end=4a2b0000
## Flattened Device Tree blob at 48000000
   Booting using the fdt blob at 0x48000000
   Loading Device Tree to 0000000053feb000, end 0000000053fff7cb ... OK

Starting kernel ...

[    0.000000] Booting Linux on physical CPU 0x0000000000 [0x411fd073]
[    0.000000] Linux version 5.10.218-yocto-standard (oe-user@oe-host) (aarch64-poky-linux-gcc (GCC) 13.2.0, GNU ld (GNU Binutils) 2.42.0.20240216) #1 SMP PREEMPT Wed Jul 10 19:28:28 UTC 2024
[    0.000000] Machine model: Renesas Salvator-X 2nd version board based on r8a77965
[    0.000000] efi: UEFI not found.
[    0.000000] Reserved memory: created CMA memory pool at 0x0000000057000000, size 16 MiB
[    0.000000] OF: reserved mem: initialized node linux,adsp@57000000, compatible id shared-dma-pool
[    0.000000] Reserved memory: created CMA memory pool at 0x0000000058000000, size 384 MiB
[    0.000000] OF: reserved mem: initialized node linux,cma@58000000, compatible id shared-dma-pool
[    0.000000] Reserved memory: created CMA memory pool at 0x0000000070000000, size 256 MiB
[    0.000000] OF: reserved mem: initialized node linux,multimedia@70000000, compatible id shared-dma-pool
[    0.000000] NUMA: No NUMA configuration found
[    0.000000] NUMA: Faking a node at [mem 0x0000000048000000-0x00000000bfffffff]
[    0.000000] NUMA: NODE_DATA [mem 0xbfbfcb00-0xbfbfefff]
[    0.000000] Zone ranges:
[    0.000000]   DMA      [mem 0x0000000048000000-0x00000000bfffffff]
[    0.000000]   DMA32    empty
[    0.000000]   Normal   empty
[    0.000000] Movable zone start for each node
[    0.000000] Early memory node ranges
[    0.000000]   node   0: [mem 0x0000000048000000-0x0000000053ffffff]
[    0.000000]   node   0: [mem 0x0000000054000000-0x0000000056ffffff]
[    0.000000]   node   0: [mem 0x0000000057000000-0x00000000bfffffff]
[    0.000000] Initmem setup node 0 [mem 0x0000000048000000-0x00000000bfffffff]
[    0.000000] psci: probing for conduit method from DT.
[    0.000000] psci: PSCIv1.1 detected in firmware.
[    0.000000] psci: Using standard PSCI v0.2 function IDs
[    0.000000] psci: Trusted OS resident on physical CPU 0x0
[    0.000000] psci: SMC Calling Convention v1.2
[    0.000000] percpu: Embedded 23 pages/cpu s56984 r8192 d29032 u94208
[    0.000000] Detected PIPT I-cache on CPU0
[    0.000000] CPU features: detected: EL2 vector hardening
[    0.000000] CPU features: detected: Spectre-v2
[    0.000000] CPU features: detected: ARM errata 1165522, 1319367, or 1530923
[    0.000000] CPU features: detected: Spectre-BHB
[    0.000000] CPU features: detected: ARM erratum 1742098
[    0.000000] Built 1 zonelists, mobility grouping on.  Total pages: 483840
[    0.000000] Policy zone: DMA
[    0.000000] Kernel command line: rw root=/dev/nfs nfsroot=192.168.8.8:/tftpboot/long.trinh-tien/M3N_full/rootfs,nfsvers=4 ip=192.168.8.20 baudrate=115200
[    0.000000] Dentry cache hash table entries: 262144 (order: 9, 2097152 bytes, linear)
[    0.000000] Inode-cache hash table entries: 131072 (order: 8, 1048576 bytes, linear)
[    0.000000] mem auto-init: stack:all(zero), heap alloc:off, heap free:off
[    0.000000] Memory: 1171500K/1966080K available (15552K kernel code, 2842K rwdata, 8248K rodata, 6144K init, 518K bss, 122836K reserved, 671744K cma-reserved)
[    0.000000] SLUB: HWalign=64, Order=0-3, MinObjects=0, CPUs=2, Nodes=1
[    0.000000] rcu: Preemptible hierarchical RCU implementation.
[    0.000000] rcu:     RCU event tracing is enabled.
[    0.000000] rcu:     RCU restricting CPUs from NR_CPUS=256 to nr_cpu_ids=2.
[    0.000000]  Trampoline variant of Tasks RCU enabled.
[    0.000000] rcu: RCU calculated value of scheduler-enlistment delay is 25 jiffies.
[    0.000000] rcu: Adjusting geometry for rcu_fanout_leaf=16, nr_cpu_ids=2
[    0.000000] NR_IRQS: 64, nr_irqs: 64, preallocated irqs: 0
[    0.000000] arch_timer: cp15 timer(s) running at 8.32MHz (virt).
[    0.000000] clocksource: arch_sys_counter: mask: 0xffffffffffffff max_cycles: 0x1eb398c07, max_idle_ns: 440795202503 ns
[    0.000003] sched_clock: 56 bits at 8MHz, resolution 120ns, wraps every 2199023255503ns
[    0.000207] Console: colour dummy device 80x25
[    0.000395] printk: console [tty0] enabled
[    0.000464] Calibrating delay loop (skipped), value calculated using timer frequency.. 16.64 BogoMIPS (lpj=33280)
[    0.000480] pid_max: default: 32768 minimum: 301
[    0.000529] LSM: Security Framework initializing
[    0.000580] Mount-cache hash table entries: 4096 (order: 3, 32768 bytes, linear)
[    0.000600] Mountpoint-cache hash table entries: 4096 (order: 3, 32768 bytes, linear)
[    0.001744] rcu: Hierarchical SRCU implementation.
[    0.003089] Detected Renesas R-Car Gen3 r8a77965 ES1.1
[    0.004657] EFI services will not be available.
[    0.004820] smp: Bringing up secondary CPUs ...
[    0.005306] Detected PIPT I-cache on CPU1
[    0.005356] CPU1: Booted secondary processor 0x0000000001 [0x411fd073]
[    0.005437] smp: Brought up 1 node, 2 CPUs
[    0.005457] SMP: Total of 2 processors activated.
[    0.005467] CPU features: detected: 32-bit EL0 Support
[    0.005474] CPU features: detected: CRC32 instructions
[    0.005482] CPU features: detected: 32-bit EL1 Support
[    0.015071] CPU: All CPU(s) started at EL1
[    0.015134] alternatives: patching kernel code
[    0.015881] devtmpfs: initialized
[    0.021138] KASLR disabled due to lack of seed
[    0.021307] clocksource: jiffies: mask: 0xffffffff max_cycles: 0xffffffff, max_idle_ns: 7645041785100000 ns
[    0.021328] futex hash table entries: 512 (order: 3, 32768 bytes, linear)
[    0.029969] pinctrl core: initialized pinctrl subsystem
[    0.031324] DMI not present or invalid.
[    0.031808] NET: Registered protocol family 16
[    0.032783] DMA: preallocated 256 KiB GFP_KERNEL pool for atomic allocations
[    0.032880] DMA: preallocated 256 KiB GFP_KERNEL|GFP_DMA pool for atomic allocations
[    0.032983] DMA: preallocated 256 KiB GFP_KERNEL|GFP_DMA32 pool for atomic allocations
[    0.033028] audit: initializing netlink subsys (disabled)
[    0.033181] audit: type=2000 audit(0.032:1): state=initialized audit_enabled=0 res=1
[    0.034319] thermal_sys: Registered thermal governor 'power_allocator'
[    0.034737] cpuidle: using governor menu
[    0.034873] hw-breakpoint: found 6 breakpoint and 4 watchpoint registers.
[    0.034923] ASID allocator initialised with 65536 entries
[    0.036138] Serial: AMBA PL011 UART driver
[    0.071267] sh-pfc e6060000.pinctrl: r8a77965_pfc support registered
[    0.082961] HugeTLB registered 1.00 GiB page size, pre-allocated 0 pages
[    0.082981] HugeTLB registered 32.0 MiB page size, pre-allocated 0 pages
[    0.082989] HugeTLB registered 2.00 MiB page size, pre-allocated 0 pages
[    0.082996] HugeTLB registered 64.0 KiB page size, pre-allocated 0 pages
[    0.083898] cryptd: max_cpu_qlen set to 1000
[    0.085948] ACPI: Interpreter disabled.
[    0.089571] rcar_avs_init: cannot find compatible dts node
[    0.091035] iommu: Default domain type: Translated
[    0.091569] ipmmu-vmsa e67b0000.iommu: IPMMU context 0 is reserved
[    0.092440] vgaarb: loaded
[    0.092648] SCSI subsystem initialized
[    0.092975] usbcore: registered new interface driver usbfs
[    0.093003] usbcore: registered new interface driver hub
[    0.093030] usbcore: registered new device driver usb
[    0.096871] i2c-sh_mobile e60b0000.i2c: I2C adapter 7, bus speed 400000 Hz
[    0.097486] mc: Linux media interface: v0.10
[    0.097514] videodev: Linux video capture interface: v2.00
[    0.097570] pps_core: LinuxPPS API ver. 1 registered
[    0.097578] pps_core: Software ver. 5.3.6 - Copyright 2005-2007 Rodolfo Giometti <giometti@linux.it>
[    0.097591] PTP clock support registered
[    0.097782] EDAC MC: Ver: 3.0.0
[    0.099574] FPGA manager framework
[    0.099645] Advanced Linux Sound Architecture Driver Initialized.
[    0.100248] clocksource: Switched to clocksource arch_sys_counter
[    0.100406] VFS: Disk quotas dquot_6.6.0
[    0.100453] VFS: Dquot-cache hash table entries: 512 (order 0, 4096 bytes)
[    0.100602] pnp: PnP ACPI: disabled
[    0.103938] NET: Registered protocol family 2
[    0.104120] IP idents hash table entries: 32768 (order: 6, 262144 bytes, linear)
[    0.105020] tcp_listen_portaddr_hash hash table entries: 1024 (order: 2, 16384 bytes, linear)
[    0.105061] TCP established hash table entries: 16384 (order: 5, 131072 bytes, linear)
[    0.105139] TCP bind hash table entries: 16384 (order: 6, 262144 bytes, linear)
[    0.105291] TCP: Hash tables configured (established 16384 bind 16384)
[    0.105399] UDP hash table entries: 1024 (order: 3, 32768 bytes, linear)
[    0.105444] UDP-Lite hash table entries: 1024 (order: 3, 32768 bytes, linear)
[    0.105582] NET: Registered protocol family 1
[    0.105962] RPC: Registered named UNIX socket transport module.
[    0.105975] RPC: Registered udp transport module.
[    0.105981] RPC: Registered tcp transport module.
[    0.105987] RPC: Registered tcp NFSv4.1 backchannel transport module.
[    0.106001] PCI: CLS 0 bytes, default 64
[    0.106495] hw perfevents: enabled with armv8_cortex_a57 PMU driver, 7 counters available
[    0.107002] kvm [1]: HYP mode not available
[    0.109531] Initialise system trusted keyrings
[    0.109685] workingset: timestamp_bits=42 max_order=19 bucket_order=0
[    0.112720] squashfs: version 4.0 (2009/01/31) Phillip Lougher
[    0.113207] NFS: Registering the id_resolver key type
[    0.113243] Key type id_resolver registered
[    0.113250] Key type id_legacy registered
[    0.113310] nfs4filelayout_init: NFSv4 File Layout Driver Registering...
[    0.113320] nfs4flexfilelayout_init: NFSv4 Flexfile Layout Driver Registering...
[    0.113447] 9p: Installing v9fs 9p2000 file system support
[    0.139792] Key type asymmetric registered
[    0.139809] Asymmetric key parser 'x509' registered
[    0.139850] Block layer SCSI generic (bsg) driver version 0.4 loaded (major 243)
[    0.139861] io scheduler mq-deadline registered
[    0.139871] io scheduler kyber registered
[    0.151901] gpio_rcar e6050000.gpio: driving 16 GPIOs
[    0.152289] gpio_rcar e6051000.gpio: driving 29 GPIOs
[    0.152612] gpio_rcar e6052000.gpio: driving 15 GPIOs
[    0.152905] gpio_rcar e6053000.gpio: driving 16 GPIOs
[    0.153184] gpio_rcar e6054000.gpio: driving 18 GPIOs
[    0.153463] gpio_rcar e6055000.gpio: driving 26 GPIOs
[    0.153748] gpio_rcar e6055400.gpio: driving 32 GPIOs
[    0.154013] gpio_rcar e6055800.gpio: driving 4 GPIOs
[    0.156758] rcar-pcie fe000000.pcie: host bridge /soc/pcie@fe000000 ranges:
[    0.156792] rcar-pcie fe000000.pcie:       IO 0x00fe100000..0x00fe1fffff -> 0x0000000000
[    0.156815] rcar-pcie fe000000.pcie:      MEM 0x00fe200000..0x00fe3fffff -> 0x00fe200000
[    0.156832] rcar-pcie fe000000.pcie:      MEM 0x0030000000..0x0037ffffff -> 0x0030000000
[    0.156847] rcar-pcie fe000000.pcie:      MEM 0x0038000000..0x003fffffff -> 0x0038000000
[    0.156863] rcar-pcie fe000000.pcie:   IB MEM 0x0040000000..0x00bfffffff -> 0x0040000000
[    0.156915] rcar-pcie fe000000.pcie: no pcie3v3 regulator found
[    0.156925] rcar-pcie fe000000.pcie: no pcie1v8 regulator found
[    0.223963] rcar-pcie fe000000.pcie: PCIe link down
[    0.224152] rcar-pcie ee800000.pcie: host bridge /soc/pcie@ee800000 ranges:
[    0.224175] rcar-pcie ee800000.pcie:       IO 0x00ee900000..0x00ee9fffff -> 0x0000000000
[    0.224195] rcar-pcie ee800000.pcie:      MEM 0x00eea00000..0x00eebfffff -> 0x00eea00000
[    0.224212] rcar-pcie ee800000.pcie:      MEM 0x00c0000000..0x00c7ffffff -> 0x00c0000000
[    0.224224] rcar-pcie ee800000.pcie:      MEM 0x00c8000000..0x00cfffffff -> 0x00c8000000
[    0.224258] rcar-pcie ee800000.pcie:   IB MEM 0x0040000000..0x00bfffffff -> 0x0040000000
[    0.224291] rcar-pcie ee800000.pcie: no pcie3v3 regulator found
[    0.224300] rcar-pcie ee800000.pcie: no pcie1v8 regulator found
[    0.291946] rcar-pcie ee800000.pcie: PCIe link down
[    0.293966] EINJ: ACPI disabled.
[    0.323990] Serial: 8250/16550 driver, 4 ports, IRQ sharing enabled
[    0.326269] SuperH (H)SCI(F) driver initialized
[    0.326711] e6550000.serial: ttySC1 at MMIO 0xe6550000 (irq = 36, base_baud = 0) is a hscif
[    0.327548] e6e88000.serial: ttySC0 at MMIO 0xe6e88000 (irq = 119, base_baud = 0) is a scif
[    1.396761] printk: console [ttySC0] enabled
[    1.402209] msm_serial: driver initialized
[    1.411962] rcar-dw-hdmi fead0000.hdmi: Detected HDMI TX controller v2.01a with HDCP (DWC HDMI 2.0 TX PHY)
[    1.421936] rcar-dw-hdmi fead0000.hdmi: registered DesignWare HDMI I2C bus driver
[    1.436110] loop: module loaded
[    1.440696] megasas: 07.714.04.00-rc1
[    1.446274] scsi host0: sata_rcar
[    1.449784] ata1: SATA max UDMA/133 irq 170
[    1.458627] tun: Universal TUN/TAP device driver, 1.6
[    1.464618] thunder_xcv, ver 1.0
[    1.467868] thunder_bgx, ver 1.0
[    1.471124] nicpf, ver 1.0
[    1.474990] hclge is initializing
[    1.478333] hns3: Hisilicon Ethernet Network Driver for Hip08 Family - version
[    1.485564] hns3: Copyright (c) 2017 Huawei Corporation.
[    1.490910] e1000: Intel(R) PRO/1000 Network Driver
[    1.495791] e1000: Copyright (c) 1999-2006 Intel Corporation.
[    1.501559] e1000e: Intel(R) PRO/1000 Network Driver
[    1.506526] e1000e: Copyright(c) 1999 - 2015 Intel Corporation.
[    1.512469] igb: Intel(R) Gigabit Ethernet Network Driver
[    1.517870] igb: Copyright (c) 2007-2014 Intel Corporation.
[    1.523457] igbvf: Intel(R) Gigabit Virtual Function Network Driver
[    1.529724] igbvf: Copyright (c) 2009 - 2012 Intel Corporation.
[    1.535990] sky2: driver version 1.30
[    1.543778] ravb e6800000.ethernet eth0: Base address at 0xe6800000, 2e:09:0a:02:ee:7f, IRQ 116.
[    1.554050] VFIO - User Level meta-driver version: 0.3
[    1.561125] ehci_hcd: USB 2.0 'Enhanced' Host Controller (EHCI) Driver
[    1.567689] ehci-pci: EHCI PCI platform driver
[    1.572162] ehci-platform: EHCI generic platform driver
[    1.577885] ehci-platform ee0a0100.usb: EHCI Host Controller
[    1.583582] ehci-platform ee0a0100.usb: new USB bus registered, assigned bus number 1
[    1.591492] ehci-platform ee0a0100.usb: irq 166, io mem 0xee0a0100
[    1.612251] ehci-platform ee0a0100.usb: USB 2.0 started, EHCI 1.10
[    1.618826] hub 1-0:1.0: USB hub found
[    1.622605] hub 1-0:1.0: 1 port detected
[    1.626997] ehci-orion: EHCI orion driver
[    1.631280] ehci-exynos: EHCI Exynos driver
[    1.635593] ohci_hcd: USB 1.1 'Open' Host Controller (OHCI) Driver
[    1.641795] ohci-pci: OHCI PCI platform driver
[    1.646288] ohci-platform: OHCI generic platform driver
[    1.651913] ohci-platform ee0a0000.usb: Generic Platform OHCI controller
[    1.658638] ohci-platform ee0a0000.usb: new USB bus registered, assigned bus number 2
[    1.666535] ohci-platform ee0a0000.usb: irq 166, io mem 0xee0a0000
[    1.762577] hub 2-0:1.0: USB hub found
[    1.766351] hub 2-0:1.0: 1 port detected
[    1.770715] ohci-exynos: OHCI Exynos driver
[    1.775618] xhci-hcd ee000000.usb: xHCI Host Controller
[    1.780876] xhci-hcd ee000000.usb: new USB bus registered, assigned bus number 3
[    1.804140] xhci-hcd ee000000.usb: hcc params 0x014051ce hci version 0x100 quirks 0x0000000000830410
[    1.813323] xhci-hcd ee000000.usb: irq 163, io mem 0xee000000
[    1.819194] xhci-hcd ee000000.usb: xHCI Host Controller
[    1.824428] xhci-hcd ee000000.usb: new USB bus registered, assigned bus number 4
[    1.831861] xhci-hcd ee000000.usb: Host supports USB 3.0 SuperSpeed
[    1.838485] hub 3-0:1.0: USB hub found
[    1.842261] hub 3-0:1.0: 1 port detected
[    1.846378] usb usb4: We don't know the algorithms for LPM for this host, disabling LPM.
[    1.854753] hub 4-0:1.0: USB hub found
[    1.858523] hub 4-0:1.0: 1 port detected
[    1.863356] usbcore: registered new interface driver usb-storage
[    1.868257] ata1: link resume succeeded after 1 retries
[    1.870892] renesas_usbhs e6590000.usb: host probed
[    1.879492] renesas_usbhs e6590000.usb: no transceiver found
[    1.885229] renesas_usbhs e6590000.usb: gadget probed
[    1.890468] renesas_usbhs e6590000.usb: probed
[    1.897132] i2c /dev entries driver
[    1.911780] cs2000-cp 2-004f: revision - C1
[    1.916047] i2c-rcar e6510000.i2c: probed
[    1.921001] pca953x 4-0020: supply vcc not found, using dummy regulator
[    1.927719] pca953x 4-0020: using no AI
[    1.932353] gpio-355 (PCIE/SATA switch): hogged as output/low
[    1.944562] i2c-rcar e66d8000.i2c: probed
[    1.949905] adv748x 4-0070: Endpoint /soc/i2c@e66d8000/video-receiver@70/port@7/endpoint on port 7
[    1.958902] adv748x 4-0070: Endpoint /soc/i2c@e66d8000/video-receiver@70/port@8/endpoint on port 8
[    1.967883] adv748x 4-0070: Endpoint /soc/i2c@e66d8000/video-receiver@70/port@a/endpoint on port 10
[    1.976957] adv748x 4-0070: Endpoint /soc/i2c@e66d8000/video-receiver@70/port@b/endpoint on port 11
[    1.980937] ata1: SATA link down (SStatus 0 SControl 300)
[    1.986372] adv748x 4-0070: chip found @ 0xe0 revision 2143
[    2.024259] usb 1-1: new high-speed USB device number 2 using ehci-platform
[    2.043500] rcar-csi2 fea80000.csi2: 1 lanes found
[    2.048800] rcar-csi2 feaa0000.csi2: 4 lanes found
[    2.058506] rcar-vin e6ef0000.video: Device registered as video0
[    2.064668] rcar-vin e6ef1000.video: Device registered as video1
[    2.070752] rcar-vin e6ef2000.video: Device registered as video2
[    2.076828] rcar-vin e6ef3000.video: Device registered as video3
[    2.082904] rcar-vin e6ef4000.video: Device registered as video4
[    2.088981] rcar-vin e6ef5000.video: Device registered as video5
[    2.095050] rcar-vin e6ef6000.video: Device registered as video6
[    2.101127] rcar-vin e6ef7000.video: Device registered as video7
[    2.107815] usbcore: registered new interface driver uvcvideo
[    2.113706] USB Video Class driver (1.1.1)
[    2.119832] rcar_gen3_thermal e6198000.thermal: is using pseudo fixed FUSE values
[    2.131971] rcar_gen3_thermal e6198000.thermal: TSC0: Loaded 1 trip points
[    2.143335] rcar_gen3_thermal e6198000.thermal: TSC1: Loaded 1 trip points
[    2.154377] rcar_gen3_thermal e6198000.thermal: TSC2: Loaded 3 trip points
[    2.166101] sdhci: Secure Digital Host Controller Interface driver
[    2.172358] sdhci: Copyright(c) Pierre Ossman
[    2.177629] renesas_sdhi_internal_dmac ee100000.mmc: Got CD GPIO
[    2.183779] renesas_sdhi_internal_dmac ee100000.mmc: Got WP GPIO
[    2.192859] renesas_sdhi_internal_dmac ee140000.mmc: Adding to iommu group 0
[    2.199974] renesas_sdhi_internal_dmac ee140000.mmc: Using IPMMU context 1
[    2.210974] usb-storage 1-1:1.0: USB Mass Storage device detected
[    2.217633] scsi host1: usb-storage 1-1:1.0
[    2.255811] renesas_sdhi_internal_dmac ee140000.mmc: mmc0 base at 0x00000000ee140000, max clock rate 200 MHz
[    2.266490] renesas_sdhi_internal_dmac ee160000.mmc: Got CD GPIO
[    2.272567] renesas_sdhi_internal_dmac ee160000.mmc: Got WP GPIO
[    2.280985] Synopsys Designware Multimedia Card Interface Driver
[    2.288159] sdhci-pltfm: SDHCI platform and OF driver helper
[    2.295567] ledtrig-cpu: registered to indicate activity on CPUs
[    2.302369] SMCCC: SOC_ID: ARCH_SOC_ID not implemented, skipping ....
[    2.309411] usbcore: registered new interface driver usbhid
[    2.314994] usbhid: USB HID core driver
[    2.322065] optee: probing for conduit method.
[    2.326548] optee: revision 3.22 (314ecf9d)
[    2.326792] optee driver R-Car Rev.1.0.11
[    2.335352] optee: dynamic shared memory is enabled
[    2.340608] optee: initialized driver
[    2.350735] mmc0: new HS400 MMC card at address 0001
[    2.356439] mmcblk0: mmc0:0001 BGSD3R 29.1 GiB
[    2.361335] mmcblk0boot0: mmc0:0001 BGSD3R partition 1 16.0 MiB
[    2.367611] mmcblk0boot1: mmc0:0001 BGSD3R partition 2 16.0 MiB
[    2.373861] mmcblk0rpmb: mmc0:0001 BGSD3R partition 3 4.00 MiB, chardev (509:0)
[    2.382685]  mmcblk0: p1
[    2.387406] rcar_sound ec500000.sound: probed
[    2.392728] rcar_adsp_sound adsp_sound: probed
[    2.397584] NET: Registered protocol family 17
[    2.403201] 9pnet: Installing 9P2000 support
[    2.407573] Key type dns_resolver registered
[    2.412089] registered taskstats version 1
[    2.416209] Loading compiled-in X.509 certificates
[    2.429464] thermal emergency: set temperature to 110 celsius
[    2.435338] thermal emergency: shutdown target cpus 1
[    2.440394] thermal emergency: freq scaled target cpus 0
[    2.446120] renesas_irqc e61c0000.interrupt-controller: driving 6 irqs
[    2.492283] ehci-platform ee080100.usb: EHCI Host Controller
[    2.497991] ehci-platform ee080100.usb: new USB bus registered, assigned bus number 5
[    2.505885] ehci-platform ee080100.usb: irq 165, io mem 0xee080100
[    2.524257] ehci-platform ee080100.usb: USB 2.0 started, EHCI 1.10
[    2.530845] hub 5-0:1.0: USB hub found
[    2.534628] hub 5-0:1.0: 1 port detected
[    2.540053] ohci-platform ee080000.usb: Generic Platform OHCI controller
[    2.546803] ohci-platform ee080000.usb: new USB bus registered, assigned bus number 6
[    2.554720] ohci-platform ee080000.usb: irq 165, io mem 0xee080000
[    2.650776] hub 6-0:1.0: USB hub found
[    2.654560] hub 6-0:1.0: 1 port detected
[    2.659943] cpu cpu0: EM: created perf domain
[    2.666441] renesas_sdhi_internal_dmac ee100000.mmc: Got CD GPIO
[    2.672498] renesas_sdhi_internal_dmac ee100000.mmc: Got WP GPIO
[    2.727478] renesas_sdhi_internal_dmac ee100000.mmc: mmc1 base at 0x00000000ee100000, max clock rate 200 MHz
[    2.739810] renesas_sdhi_internal_dmac ee160000.mmc: Got CD GPIO
[    2.745917] renesas_sdhi_internal_dmac ee160000.mmc: Got WP GPIO
[    2.801111] renesas_sdhi_internal_dmac ee160000.mmc: mmc2 base at 0x00000000ee160000, max clock rate 200 MHz
[    2.820670] [drm] Initialized rcar-du 1.0.0 20130110 for feb00000.display on minor 0
[    2.828456] [drm] Device feb00000.display probed
[    2.873341] Console: switching to colour frame buffer device 128x48
[    2.896222] rcar-du feb00000.display: [drm] fb0: rcar-dudrmfb frame buffer device
[    2.905614] input: keys as /devices/platform/keys/input/input0
[    2.979831] Micrel KSZ9031 Gigabit PHY e6800000.ethernet-ffffffff:00: attached PHY driver [Micrel KSZ9031 Gigabit PHY] (mii_bus:phy_addr=e6800000.ethernet-ffffffff:00, irq=172)
[    3.237917] scsi 1:0:0:0: Direct-Access     Lexar    JD Secure II +   1100 PQ: 0 ANSI: 0 CCS
[    3.365802] sd 1:0:0:0: [sda] 1966080 512-byte logical blocks: (1.01 GB/960 MiB)
[    3.374627] sd 1:0:0:0: [sda] Write Protect is off
[    3.380641] sd 1:0:0:0: [sda] No Caching mode page found
[    3.386048] sd 1:0:0:0: [sda] Assuming drive cache: write through
[    3.401671]  sda: sda1 sda2
[    3.410147] sd 1:0:0:0: [sda] Attached SCSI removable disk
[   11.998379] ravb e6800000.ethernet eth0: Link is Up - 1Gbps/Full - flow control off
[   12.028284] IP-Config: Guessing netmask 255.255.255.0
[   12.033414] IP-Config: Complete:
[   12.036702]      device=eth0, hwaddr=2e:09:0a:02:ee:7f, ipaddr=192.168.8.20, mask=255.255.255.0, gw=255.255.255.255
[   12.047245]      host=192.168.8.20, domain=, nis-domain=(none)
[   12.053150]      bootserver=255.255.255.255, rootserver=192.168.8.8, rootpath=
[   12.053354] clk: Disabling unused clocks
[   12.067349] ALSA device list:
[   12.072378]   #0: rcar-sound
[   13.148599] VFS: Mounted root (nfs4 filesystem) on device 0:22.
[   13.159280] devtmpfs: mounted
[   13.169307] Freeing unused kernel memory: 6144K
[   13.180421] Run /sbin/init as init process
[   13.633539] systemd[1]: System time before build time, advancing clock.
[   13.777526] NET: Registered protocol family 10
[   13.783846] Segment Routing with IPv6
[   13.844568] systemd[1]: systemd 255.4^ running in system mode (+PAM -AUDIT -SELINUX -APPARMOR +IMA -SMACK +SECCOMP -GCRYPT -GNUTLS -OPENSSL +ACL +BLKID -CURL -ELFUTILS -FIDO2 -IDN2 -IDN -IPTC +KMOD -LIBCRYPTSETUP +LIBFDISK -PCRE2 -PWQUALITY -P11KIT -QRENCODE -TPM2 -BZIP2 -LZ4 -XZ -ZLIB +ZSTD -BPF_FRAMEWORK -XKBCOMMON +UTMP +SYSVINIT default-hierarchy=unified)
[   13.883035] systemd[1]: Detected architecture arm64.

Welcome to Poky (Yocto Project Reference Distro) 5.0 (scarthgap)!

[   13.931332] systemd[1]: Hostname set to <salvator-x>.
[   14.145572] systemd-sysv-generator[278]: SysV service '/etc/init.d/umountnfs.sh' lacks a native systemd unit file. ~ Automatically generating a unit file for compatibility. Please update package to include a native systemd unit file, in order to make it safe, robust and future-proof. ! This compatibility logic is deprecated, expect removal soon. !
[   14.212961] systemd-sysv-generator[278]: SysV service '/etc/init.d/set_default_governor.sh' lacks a native systemd unit file. ~ Automatically generating a unit file for compatibility. Please update package to include a native systemd unit file, in order to make it safe, robust and future-proof. ! This compatibility logic is deprecated, expect removal soon. !
[   14.274114] systemd-sysv-generator[278]: SysV service '/etc/init.d/umountfs' lacks a native systemd unit file. ~ Automatically generating a unit file for compatibility. Please update package to include a native systemd unit file, in order to make it safe, robust and future-proof. ! This compatibility logic is deprecated, expect removal soon. !
[   14.330290] systemd-sysv-generator[278]: SysV service '/etc/init.d/save-rtc.sh' lacks a native systemd unit file. ~ Automatically generating a unit file for compatibility. Please update package to include a native systemd unit file, in order to make it safe, robust and future-proof. ! This compatibility logic is deprecated, expect removal soon. !
[   14.377920] systemd-sysv-generator[278]: SysV service '/etc/init.d/reboot' lacks a native systemd unit file. ~ Automatically generating a unit file for compatibility. Please update package to include a native systemd unit file, in order to make it safe, robust and future-proof. ! This compatibility logic is deprecated, expect removal soon. !
[   14.416991] systemd-sysv-generator[278]: SysV service '/etc/init.d/halt' lacks a native systemd unit file. ~ Automatically generating a unit file for compatibility. Please update package to include a native systemd unit file, in order to make it safe, robust and future-proof. ! This compatibility logic is deprecated, expect removal soon. !
[   14.454380] systemd-sysv-generator[278]: SysV service '/etc/init.d/sendsigs' lacks a native systemd unit file. ~ Automatically generating a unit file for compatibility. Please update package to include a native systemd unit file, in order to make it safe, robust and future-proof. ! This compatibility logic is deprecated, expect removal soon. !
[   14.496407] systemd-sysv-generator[278]: SysV service '/etc/init.d/single' lacks a native systemd unit file. ~ Automatically generating a unit file for compatibility. Please update package to include a native systemd unit file, in order to make it safe, robust and future-proof. ! This compatibility logic is deprecated, expect removal soon. !
[   14.533921] systemd-sysv-generator[278]: SysV service '/etc/init.d/pvrinit' lacks a native systemd unit file. ~ Automatically generating a unit file for compatibility. Please update package to include a native systemd unit file, in order to make it safe, robust and future-proof. ! This compatibility logic is deprecated, expect removal soon. !
[   14.588343] systemd-sysv-generator[278]: SysV service '/etc/init.d/dropbear' lacks a native systemd unit file. ~ Automatically generating a unit file for compatibility. Please update package to include a native systemd unit file, in order to make it safe, robust and future-proof. ! This compatibility logic is deprecated, expect removal soon. !
[   16.380924] systemd[1]: Queued start job for default target Graphical Interface.
[   16.468147] systemd[1]: Created slice Slice /system/getty.
[  OK  ] Created slice Slice /system/getty.
[   16.495142] systemd[1]: Created slice Slice /system/modprobe.
[  OK  ] Created slice Slice /system/modprobe.
[   16.523268] systemd[1]: Created slice Slice /system/serial-getty.
[  OK  ] Created slice Slice /system/serial-getty.
[   16.550361] systemd[1]: Created slice User and Session Slice.
[  OK  ] Created slice User and Session Slice.
[   16.576940] systemd[1]: Started Dispatch Password Requests to Console Directory Watch.
[  OK  ] Started Dispatch Password Requests to Console Directory Watch.
[   16.608797] systemd[1]: Started Forward Password Requests to Wall Directory Watch.
[  OK  ] Started Forward Password Requests to Wall Directory Watch.
[   16.636712] systemd[1]: Reached target Path Units.
[  OK  ] Reached target Path Units.
[   16.660496] systemd[1]: Reached target Remote File Systems.
[  OK  ] Reached target Remote File Systems.
[   16.684480] systemd[1]: Reached target Slice Units.
[  OK  ] Reached target Slice Units.
[   16.708499] systemd[1]: Reached target Swaps.
[  OK  ] Reached target Swaps.
[   16.736510] systemd[1]: Listening on RPCbind Server Activation Socket.
[  OK  ] Listening on RPCbind Server Activation Socket.
[   16.764562] systemd[1]: Reached target RPC Port Mapper.
[  OK  ] Reached target RPC Port Mapper.
[   16.799332] systemd[1]: Listening on Syslog Socket.
[  OK  ] Listening on Syslog Socket.
[   16.820969] systemd[1]: Listening on initctl Compatibility Named Pipe.
[  OK  ] Listening on initctl Compatibility Named Pipe.
[   16.852081] systemd[1]: Listening on Journal Audit Socket.
[  OK  ] Listening on Journal Audit Socket.
[   16.873357] systemd[1]: Listening on Journal Socket (/dev/log).
[  OK  ] Listening on Journal Socket (/dev/log).
[   16.897433] systemd[1]: Listening on Journal Socket.
[  OK  ] Listening on Journal Socket.
[   16.923883] systemd[1]: Listening on Network Service Netlink Socket.
[  OK  ] Listening on Network Service Netlink Socket.
[   16.958858] systemd[1]: Listening on udev Control Socket.
[  OK  ] Listening on udev Control Socket.
[   16.981338] systemd[1]: Listening on udev Kernel Socket.
[  OK  ] Listening on udev Kernel Socket.
[   17.007737] systemd[1]: Listening on User Database Manager Socket.
[  OK  ] Listening on User Database Manager Socket.
[   17.042881] systemd[1]: Mounting Huge Pages File System...
         Mounting Huge Pages File System...
[   17.068064] systemd[1]: Mounting POSIX Message Queue File System...
         Mounting POSIX Message Queue File System...
[   17.103448] systemd[1]: Mounting Kernel Debug File System...
         Mounting Kernel Debug File System...
[   17.133073] systemd[1]: Kernel Trace File System was skipped because of an unmet condition check (ConditionPathExists=/sys/kernel/tracing).
[   17.160852] systemd[1]: Mounting Temporary Directory /tmp...
         Mounting Temporary Directory /tmp...
[   17.189553] systemd[1]: Create List of Static Device Nodes was skipped because of an unmet condition check (ConditionFileNotEmpty=/lib/modules/5.10.218-yocto-standard/modules.devname).
[   17.212813] systemd[1]: Starting Load Kernel Module configfs...
         Starting Load Kernel Module configfs...
[   17.236086] systemd[1]: Starting Load Kernel Module drm...
         Starting Load Kernel Module drm...
[   17.254929] systemd[1]: Starting Load Kernel Module fuse...
         Starting Load Kernel Module fuse...
[   17.282655] systemd[1]: Starting RPC Bind...
         Starting RPC Bind...
[   17.303387] systemd[1]: File System Check on Root Device was skipped because of an unmet condition check (ConditionPathIsReadWrite=!/).
[   17.318807] systemd[1]: systemd-journald.service: unit configures an IP firewall, but the local system does not support BPF/cgroup firewalling.
[   17.333394] systemd[1]: systemd-journald.service: (This warning is only shown for the first unit using IP firewalling.)
[   17.349678] systemd[1]: Starting Journal Service...
         Starting Journal Service...
[   17.386891] systemd[1]: Starting Load Kernel Modules...
         Starting Load Kernel Modules...
[   17.417126] systemd[1]: Starting Generate network units from Kernel command line...
         Starting Generate network units from Kernel command line...
[   17.460544] systemd[1]: Starting Remount Root and Kernel File Systems...
         Starting Remount Root and Kernel File Systems...
[   17.503097] systemd[1]: Starting Create Static Device Nodes in /dev gracefully...
         Starting Create Static Device Nodes in /dev gracefully...
[   17.529525] systemd[1]: Starting Coldplug All udev Devices...
         Starting Coldplug All udev Devices...
[   17.557920] systemd[1]: Started RPC Bind.
[  OK  ] Star[   17.564404] systemd[1]: Mounted Huge Pages File System.
ted RPC Bind   17.571648] systemd-journald[289]: Collecting audit messages is enabled.
m.
[  OK  ] Mounted Huge Pages File System.
[   17.604754] systemd[1]: Mounted POSIX Message Queue File System.
[  OK  ] Mounted POSIX Message Queue File System.
[   17.632006] systemd[1]: Mounted Kernel Debug File System.
[   17.639022] vspm: loading out-of-tree module taints kernel.
[  OK  ] Mounted Kernel Debug File System.
[   17.664695] systemd[1]: Mounted Temporary Directory /tmp.
[  OK  ] Mounted Temporary Directory /tmp.
[   17.693538] systemd[1]: modprobe@configfs.service: Deactivated successfully.
[   17.702482] systemd[1]: Finished Load Kernel Module configfs.
[  OK  ] Finished Load Kernel Module configfs.
[   17.725150] systemd[1]: modprobe@drm.service: Deactivated successfully.
[   17.735380] systemd[1]: Finished Load Kernel Module drm.
[  OK  ] Finished Load Kernel Module drm.
[   17.752320] random: crng init done
[   17.757248] systemd[1]: Started Journal Service.
[  OK  ] Started Journal Service.
[  OK  ] Finished Load Kernel Module fuse.
[  OK  ] Finished Load Kernel Modules.
[FAILED] Failed to start Generate network units from Kernel command line.
See 'systemctl status systemd-network-generator.service' for details.
[  OK  ] Finished Remount Root and Kernel File Systems.
[  OK  ] Reached target Preparation for Network.
         Mounting Kernel Configuration File System...
         Starting Flush Journal to Persistent Storage...
         Starting Apply Kernel Variables...
[  OK  ] Finished Create Static Device Nodes in /dev gracefully.
[  OK  ] Mounted Kernel Configuration File System.
[   18.011665] systemd-journald[289]: Received client request to flush runtime journal.
         Starting Create Static Device Nodes in /dev...
[  OK  ] Finished Flush Journal to Persistent Storage.
[  OK  ] Finished Apply Kernel Variables.
[  OK  ] Finished Create Static Device Nodes in /dev.
[  OK  ] Reached target Preparation for Local File Systems.
         Mounting /var/volatile...
         Starting Rule-based Manager for Device Events and Files...
[  OK  ] Mounted /var/volatile.
         Starting Load/Save OS Random Seed...
[  OK  ] Reached target Local File Systems.
         Starting Create Volatile Files and Directories...
[  OK  ] Finished Load/Save OS Random Seed.
[  OK  ] Finished Coldplug All udev Devices.
[  OK  ] Started Rule-based Manager for Device Events and Files.
         Starting Network Configuration...
         Starting User Database Manager...
[   18.988692] ravb_streaming/searching for ravb interface
[   19.014456] ravb_streaming/init: start(eth0)
[  OK  ] Started User Database Manager.
[  OK  ] Finished Create Volatile Files and Directories.
         Starting Network Name Resolution...
         Starting Network Time Synchronization...
[   19.215707] ravb_streaming/init: success
[   19.241489] ravb-mch ec5a0100.avb-mch: probe: start
         Starting Record System Boot/Shutdown in UTMP...
[  OK  ] Finished Record System Boot/Shutdown in UTMP.
[   19.581667] ravb-mch ec5a0100.avb-mch: probe: success
[  OK  ] Started Network Configuration.
[  OK  ] Started Network Name Resolution.
[  OK  ] Started Network Time Synchronization.
[  OK  ] Reached target Network.
[  OK  ] Reached target Host and Network Name Lookups.
[  OK  ] Reached target System Initialization.
[  OK  ] Started Daily Cleanup of Temporary Directories.
[  OK  ] Reached target System Time Set.
[  OK  ] Reached target Timer Units.
[  OK  ] Listening on Avahi mDNS/DNS-SD Stack Activation Socket.
[  OK  ] Listening on D-Bus System Message Bus Socket.
[  OK  ] Listening on dropbear.socket.
[  OK  ] Reached target Socket Units.
[  OK  ] Reached target Basic System.
         Starting Avahi mDNS/DNS-SD Stack...
[  OK  ] Started Kernel Logging Service.
[  OK  ] Started System Logging Service.
         Starting D-Bus System Message Bus...
[  OK  ] Started optee services.
         Starting pvrinit.service...
         Starting PowerVR consumer services...
         Starting User Login Management...
         Starting Permit User Sessions...
[   20.712789] adsp ec800000.adsp: assigned reserved memory node linux,adsp@57000000
[  OK  ] Reached target Hardware activated USB gadget.
[   20.811943] adsp ec800000.adsp: virt_addr=000000001b71eb80 phy_addr=0x57000000 size=16777216
[  OK  ] Created slice Slice /system/weston.
[   20.861828] XF-IPC: ADSP rate set to 532480000
[   20.933957] XF-FW: received firmware (202922 bytes)
[   20.941472] XF-IPC: fill firmware area: 57100000[200884]
[   20.953712] XF-IPC: fill firmware area: ece80000[1992]
[   20.961253] XF: proxy-0 debug interface created
[   20.967650] XF-IPC: DSP start-up sequence completed
[   20.975039] XF: Xtensa DSP Proxy driver registered
[   20.975046] XF: client-1 created: 00000000913c64ac
[   20.975946] ADSP base thread has been started.
[   20.993012] ADSP base was created
[  OK  ] Finished Permit User Sessions.
[  OK  ] Started D-Bus System Message Bus.
[  OK  ] Started Getty on tty1.
[  OK  ] Started Serial Getty on ttySC0.
[  OK  ] Reached target Login Prompts.
[  OK  ] Started Avahi mDNS/DNS-SD Stack.
[   21.238010] PVR_K:  418: Read BVNC 15.5.1.64 from HW device registers
[   21.247966] PVR_K:  418: RGX Device registered with BVNC 15.5.1.64
[   21.256503] pvrsrvkm fd000000.gsx: Found 4 OPP points.
[   21.263634] pvrsrvkm fd000000.gsx: opp[1/4]: (200000000 Hz, 830000 uV)
[   21.272369] pvrsrvkm fd000000.gsx: opp[2/4]: (300000000 Hz, 830000 uV)
[   21.283282] pvrsrvkm fd000000.gsx: opp[3/4]: (400000000 Hz, 830000 uV)
[   21.317656] pvrsrvkm fd000000.gsx: opp[4/4]: (600000000 Hz, 830000 uV)
[   21.333397] DVFS : Changed GPU clock to 600000000 [Hz]
[   21.362724] PVR_K:  418: RGX Firmware image 'rgx.fw.15.5.1.64' loaded
[   21.402156] PVR_K:  418: Shader binary image 'rgx.sh.15.5.1.64' loaded
[   21.415444] [drm] Initialized pvr 1.15.6052913 20170530 for fd000000.gsx on minor 1
         Starting Virtual Console Setup...
[  OK  ] Stopped Virtual Console Setup.
[  OK  ] Started User Login Management.
         Starting Virtual Conso[   21.590298] rcar_sound ec500000.sound: Can't update kctrl when idle
le Setup...
[  OK  ] Finished PowerVR consumer services.
         Starting Save/Restore Sound Card State...
[  OK  ] Started pvrinit.service.
         Starting set_default_governor.service...
[   21.790314] rcar_sound ec500000.sound: Can't update kctrl when idle
[  OK  ] Finished Save/Restore Sound Card State.
[  OK  ] Reached target Sound Card.
[  OK  ] Started set_default_governor.service.
[  OK  ] Reached target Multi-User System.
[  OK  ] Reached target Graphical Interface.
         Starting Record Runlevel Change in UTMP...
[  OK  ] Started Weston Wayland Compositor.
[  OK  ] Finished Record Runlevel Change in UTMP.
[  OK  ] Finished Virtual Console Setup.
[   22.402440] audit: type=1006 audit(1721369387.596:2): pid=496 uid=0 old-auid=4294967295 auid=0 tty=(none) old-ses=4294967295 ses=1 res=1

Poky (Yocto Project Reference Distro) 5.0 salvator-x ttySC0

salvator-x login: root

WARNING: Poky is a reference Yocto Project distribution that should be used for
testing and development purposes only. It is recommended that you create your
own distribution for production use.

root@salvator-x:~# ls
root@salvator-x:~# lsblk
NAME         MAJ:MIN RM  SIZE RO TYPE MOUNTPOINTS
sda            8:0    1  960M  0 disk
|-sda1         8:1    1  477M  0 part
`-sda2         8:2    1  477M  0 part
mmcblk0      179:0    0 29.1G  0 disk
`-mmcblk0p1  179:1    0 29.1G  0 part
mmcblk0boot0 179:32   0   16M  1 disk
mmcblk0boot1 179:64   0   16M  1 disk
root@salvator-x:~# [   44.004370] SDHI0 VccQ: disabling
[   44.007695] SDHI3 VccQ: disabling
mkfs.ext2 /dev/sda2
mke2fs 1.47.0 (5-Feb-2023)
/dev/sda2 contains a ext2 file system
        last mounted on /mnt/usb4 on Thu Jan  1 00:00:03 1970
Proceed anyway? (y,N) y
Creating filesystem with 488448 1k blocks and 121920 inodes
Filesystem UUID: 47597564-0d20-4bf2-9f1c-f197dd6b8e5a
Superblock backups stored on blocks:
        8193, 24577, 40961, 57345, 73729, 204801, 221185, 401409

Allocating group tables: done
Writing inode tables: done
Writing superblocks and filesystem accounting information: done

root@salvator-x:~# lsblk
NAME         MAJ:MIN RM  SIZE RO TYPE MOUNTPOINTS
sda            8:0    1  960M  0 disk
|-sda1         8:1    1  477M  0 part
`-sda2         8:2    1  477M  0 part
mmcblk0      179:0    0 29.1G  0 disk
`-mmcblk0p1  179:1    0 29.1G  0 part
mmcblk0boot0 179:32   0   16M  1 disk
mmcblk0boot1 179:64   0   16M  1 disk
root@salvator-x:~# mount /dev/sda2 /mnt
^[[A^[[B^[[A^C^C^C^C^C^Casdasd[  255.257751] usb 1-1: USB disconnect, device number 2

root@salvator-x:~# [  267.272261] usb 3-1: new high-speed USB device number 2 using xhci-hcd
[  267.435364] usb-storage 3-1:1.0: USB Mass Storage device detected
[  267.442597] scsi host1: usb-storage 3-1:1.0
[  268.454199] scsi 1:0:0:0: Direct-Access     Lexar    JD Secure II +   1100 PQ: 0 ANSI: 0 CCS
[  268.576282] sd 1:0:0:0: [sda] 1966080 512-byte logical blocks: (1.01 GB/960 MiB)
[  268.584579] sd 1:0:0:0: [sda] Write Protect is off
[  268.590122] sd 1:0:0:0: [sda] No Caching mode page found
[  268.595475] sd 1:0:0:0: [sda] Assuming drive cache: write through
[  268.625157]  sda: sda1 sda2
[  268.634201] sd 1:0:0:0: [sda] Attached SCSI removable disk
mount /dev/sda2 /mnt
[  275.169696] ext2 filesystem being mounted at /mnt supports timestamps until 2038 (0x7fffffff)
root@salvator-x:~# lsblk -f
NAME         FSTYPE FSVER LABEL UUID                                 FSAVAIL FSUSE% MOUNTPOINTS
sda
|-sda1       ext2               9ce3b822-5a9a-41d6-96b4-8b6a731baee1
`-sda2       ext2               47597564-0d20-4bf2-9f1c-f197dd6b8e5a    421M     1% /mnt
mmcblk0
`-mmcblk0p1  ext4               ba93af49-2c8b-4c10-b59e-b0cd848a5867
mmcblk0boot0
mmcblk0boot1
root@salvator-x:~# cd /m
-sh: cd: /m: No such file or directory
root@salvator-x:~# cd /mnt/
root@salvator-x:/mnt# ls
lost+found
root@salvator-x:/mnt# cd
root@salvator-x:~# ls
core-image-weston-salvator-x.tar.bz2
root@salvator-x:~# tar -xvf core-image-weston-salvator-x.tar.bz2 -C /mnt/
./
./bin
./boot/
./boot/Image
./boot/Image-5.10.218-yocto-standard
./dev/
./etc/
./etc/avahi/
./etc/avahi/avahi-daemon.conf
./etc/avahi/hosts
./etc/avahi/services/
./etc/avblauncher/
./etc/avblauncher/avdecc_entity_audio.yaml
./etc/avblauncher/mse_aaf_pcm.sh
./etc/avblauncher/mse_aaf_pcm_listener.ini
./etc/avblauncher/mse_aaf_pcm_talker.ini
./etc/avblauncher/mse_cvf_h264.sh
./etc/avblauncher/mse_cvf_h264_d13.sh
./etc/avblauncher/mse_cvf_h264_d13_listener.ini
./etc/avblauncher/mse_cvf_h264_d13_talker.ini
./etc/avblauncher/mse_cvf_h264_listener.ini
./etc/avblauncher/mse_cvf_h264_talker.ini
./etc/avblauncher/mse_cvf_mjpeg.sh
./etc/avblauncher/mse_cvf_mjpeg_listener.ini
./etc/avblauncher/mse_cvf_mjpeg_talker.ini
./etc/avblauncher/mse_iec61883_4.sh
./etc/avblauncher/mse_iec61883_4_listener.ini
./etc/avblauncher/mse_iec61883_4_talker.ini
./etc/avblauncher/mse_iec61883_6.sh
./etc/avblauncher/mse_iec61883_6_listener.ini
./etc/avblauncher/mse_iec61883_6_talker.ini
./etc/avblauncher/simple_application.sh
./etc/avblauncher/simple_listener.ini
./etc/avblauncher/simple_talker.ini
./etc/bindresvport.blacklist
./etc/busybox.links.nosuid
./etc/busybox.links.suid
./etc/ca-certificates/
./etc/ca-certificates/update.d/
./etc/ca-certificates.conf
./etc/credstore/
./etc/credstore.encrypted/
./etc/daemon_cl/
./etc/daemon_cl/gptp_cfg.ini
./etc/dbus-1/
./etc/dbus-1/session.conf
./etc/dbus-1/system.conf
./etc/dbus-1/system.d/
./etc/dbus-1/system.d/avahi-dbus.conf
./etc/default/
./etc/default/busybox-syslog
./etc/default/devpts
./etc/default/dropbear
./etc/default/mountall
./etc/default/postinst
./etc/default/useradd
./etc/default/volatiles/
./etc/default/volatiles/00_core
./etc/default/volatiles/99_dbus
./etc/default/volatiles/99_pam
./etc/default/weston
./etc/depmod.d/
./etc/dnf/
./etc/dnf/aliases.d/
./etc/dnf/aliases.d/zypper.conf
./etc/dnf/automatic.conf
./etc/dnf/dnf-strict.conf
./etc/dnf/dnf.conf
./etc/dnf/modules.d/
./etc/dnf/protected.d/
./etc/dnf/protected.d/yum.conf
./etc/dnf/vars/
./etc/dnf/vars/arch
./etc/dnf/vars/releasever
./etc/dropbear/
./etc/environment
./etc/ethertypes
./etc/fonts/
./etc/fonts/conf.d/
./etc/fonts/conf.d/10-hinting-slight.conf
./etc/fonts/conf.d/10-scale-bitmap-fonts.conf
./etc/fonts/conf.d/10-sub-pixel-none.conf
./etc/fonts/conf.d/10-yes-antialias.conf
./etc/fonts/conf.d/11-lcdfilter-default.conf
./etc/fonts/conf.d/20-unhint-small-vera.conf
./etc/fonts/conf.d/30-liberation-aliases.conf
./etc/fonts/conf.d/30-metric-aliases.conf
./etc/fonts/conf.d/40-nonlatin.conf
./etc/fonts/conf.d/45-generic.conf
./etc/fonts/conf.d/45-latin.conf
./etc/fonts/conf.d/48-spacing.conf
./etc/fonts/conf.d/49-sansserif.conf
./etc/fonts/conf.d/50-user.conf
./etc/fonts/conf.d/51-local.conf
./etc/fonts/conf.d/60-generic.conf
./etc/fonts/conf.d/60-latin.conf
./etc/fonts/conf.d/65-fonts-persian.conf
./etc/fonts/conf.d/65-nonlatin.conf
./etc/fonts/conf.d/69-unifont.conf
./etc/fonts/conf.d/80-delicious.conf
./etc/fonts/conf.d/90-synthetic.conf
./etc/fonts/conf.d/README
./etc/fonts/fonts.conf
./etc/fstab
./etc/group
./etc/gshadow
./etc/gstvspfilter.conf
./etc/gtk-3.0/
./etc/gtk-3.0/im-multipress.conf
./etc/host.conf
./etc/hostname
./etc/hosts
./etc/hotplug/
./etc/hotplug/usb/
./etc/hotplug/usb/tascam_fpga
./etc/hotplug/usb/tascam_fw
./etc/hotplug/usb/tascam_fw.usermap
./etc/init.d/
./etc/init.d/README
./etc/init.d/avahi-daemon
./etc/init.d/banner.sh
./etc/init.d/bootmisc.sh
./etc/init.d/checkroot.sh
./etc/init.d/dbus-1
./etc/init.d/devpts.sh
./etc/init.d/dmesg.sh
./etc/init.d/dropbear
./etc/init.d/functions
./etc/init.d/halt
./etc/init.d/hostname.sh
./etc/init.d/hwclock.sh
./etc/init.d/modutils.sh
./etc/init.d/mountall.sh
./etc/init.d/mountnfs.sh
./etc/init.d/networking
./etc/init.d/populate-volatile.sh
./etc/init.d/pvrinit
./etc/init.d/rc.pvr
./etc/init.d/read-only-rootfs-hook.sh
./etc/init.d/reboot
./etc/init.d/rmnologin.sh
./etc/init.d/rpcbind
./etc/init.d/save-rtc.sh
./etc/init.d/sendsigs
./etc/init.d/set_default_governor.sh
./etc/init.d/single
./etc/init.d/sysfs.sh
./etc/init.d/syslog
./etc/init.d/systemd-udevd
./etc/init.d/umountfs
./etc/init.d/umountnfs.sh
./etc/init.d/urandom
./etc/init.d/weston@
./etc/inputrc
./etc/issue
./etc/issue.net
./etc/ld.so.cache
./etc/ld.so.conf
./etc/libinput/
./etc/libreport/
./etc/libreport/events.d/
./etc/libreport/events.d/collect_dnf.conf
./etc/linuxptp/
./etc/linuxptp/avb-demoapps.cfg
./etc/linuxptp/ptp4l.conf
./etc/login.defs
./etc/logrotate-dmesg.conf
./etc/logrotate.d/
./etc/logrotate.d/dnf
./etc/machine-id
./etc/modprobe.d/
./etc/modprobe.d/blacklist.conf
./etc/modules-load.d/
./etc/motd
./etc/mtab
./etc/netconfig
./etc/network/
./etc/network/if-down.d/
./etc/network/if-post-down.d/
./etc/network/if-pre-up.d/
./etc/network/if-pre-up.d/nfsroot
./etc/network/if-up.d/
./etc/network/interfaces
./etc/nsswitch.conf
./etc/omxr/
./etc/omxr/omxr_config_aacd.txt
./etc/omxr/omxr_config_aace.txt
./etc/omxr/omxr_config_alacd.txt
./etc/omxr/omxr_config_audio.txt
./etc/omxr/omxr_config_base.txt
./etc/omxr/omxr_config_flacd.txt
./etc/omxr/omxr_config_h263d.txt
./etc/omxr/omxr_config_h264d.txt
./etc/omxr/omxr_config_h264e.txt
./etc/omxr/omxr_config_h265d.txt
./etc/omxr/omxr_config_m2vd.txt
./etc/omxr/omxr_config_m4vd.txt
./etc/omxr/omxr_config_vc1d.txt
./etc/omxr/omxr_config_vdcmn.txt
./etc/omxr/omxr_config_vecmn.txt
./etc/omxr/omxr_config_vp8d.txt
./etc/omxr/omxr_config_vp8e.txt
./etc/omxr/omxr_config_vp9d.txt
./etc/os-release
./etc/pam.d/
./etc/pam.d/chfn
./etc/pam.d/chpasswd
./etc/pam.d/chsh
./etc/pam.d/common-account
./etc/pam.d/common-auth
./etc/pam.d/common-password
./etc/pam.d/common-session
./etc/pam.d/common-session-noninteractive
./etc/pam.d/dropbear
./etc/pam.d/groupmems
./etc/pam.d/login
./etc/pam.d/newusers
./etc/pam.d/other
./etc/pam.d/passwd
./etc/pam.d/su
./etc/pam.d/vlock.kbd
./etc/passwd
./etc/powervr.ini
./etc/profile
./etc/profile.d/
./etc/profile.d/systemd-pager.sh
./etc/profile.d/weston.sh
./etc/protocols
./etc/rc0.d/
./etc/rc0.d/K10dropbear
./etc/rc0.d/K19avahi-daemon
./etc/rc0.d/K20dbus-1
./etc/rc0.d/K20hwclock.sh
./etc/rc0.d/K20set_default_governor.sh
./etc/rc0.d/K20syslog
./etc/rc0.d/K20weston@
./etc/rc0.d/K31umountnfs.sh
./etc/rc0.d/K60rpcbind
./etc/rc0.d/K62pvrinit
./etc/rc0.d/K80networking
./etc/rc0.d/S20sendsigs
./etc/rc0.d/S25save-rtc.sh
./etc/rc0.d/S38urandom
./etc/rc0.d/S40umountfs
./etc/rc0.d/S90halt
./etc/rc1.d/
./etc/rc1.d/K10dropbear
./etc/rc1.d/K19avahi-daemon
./etc/rc1.d/K20dbus-1
./etc/rc1.d/K20hwclock.sh
./etc/rc1.d/K20set_default_governor.sh
./etc/rc1.d/K20syslog
./etc/rc1.d/K20weston@
./etc/rc1.d/K31umountnfs.sh
./etc/rc1.d/K60rpcbind
./etc/rc1.d/K62pvrinit
./etc/rc1.d/K80networking
./etc/rc2.d/
./etc/rc2.d/S01networking
./etc/rc2.d/S02dbus-1
./etc/rc2.d/S07pvrinit
./etc/rc2.d/S09weston@
./etc/rc2.d/S10dropbear
./etc/rc2.d/S12rpcbind
./etc/rc2.d/S15mountnfs.sh
./etc/rc2.d/S20set_default_governor.sh
./etc/rc2.d/S20syslog
./etc/rc2.d/S21avahi-daemon
./etc/rc2.d/S99rmnologin.sh
./etc/rc3.d/
./etc/rc3.d/S01networking
./etc/rc3.d/S02dbus-1
./etc/rc3.d/S10dropbear
./etc/rc3.d/S12rpcbind
./etc/rc3.d/S15mountnfs.sh
./etc/rc3.d/S20set_default_governor.sh
./etc/rc3.d/S20syslog
./etc/rc3.d/S21avahi-daemon
./etc/rc3.d/S99rmnologin.sh
./etc/rc4.d/
./etc/rc4.d/S01networking
./etc/rc4.d/S10dropbear
./etc/rc4.d/S12rpcbind
./etc/rc4.d/S15mountnfs.sh
./etc/rc4.d/S20set_default_governor.sh
./etc/rc4.d/S20syslog
./etc/rc4.d/S21avahi-daemon
./etc/rc4.d/S99rmnologin.sh
./etc/rc5.d/
./etc/rc5.d/S01networking
./etc/rc5.d/S02dbus-1
./etc/rc5.d/S07pvrinit
./etc/rc5.d/S09weston@
./etc/rc5.d/S10dropbear
./etc/rc5.d/S12rpcbind
./etc/rc5.d/S15mountnfs.sh
./etc/rc5.d/S20set_default_governor.sh
./etc/rc5.d/S20syslog
./etc/rc5.d/S21avahi-daemon
./etc/rc5.d/S99rmnologin.sh
./etc/rc6.d/
./etc/rc6.d/K10dropbear
./etc/rc6.d/K19avahi-daemon
./etc/rc6.d/K20dbus-1
./etc/rc6.d/K20hwclock.sh
./etc/rc6.d/K20set_default_governor.sh
./etc/rc6.d/K20syslog
./etc/rc6.d/K20weston@
./etc/rc6.d/K31umountnfs.sh
./etc/rc6.d/K60rpcbind
./etc/rc6.d/K62pvrinit
./etc/rc6.d/K80networking
./etc/rc6.d/S20sendsigs
./etc/rc6.d/S25save-rtc.sh
./etc/rc6.d/S38urandom
./etc/rc6.d/S40umountfs
./etc/rc6.d/S90reboot
./etc/rcS.d/
./etc/rcS.d/S02banner.sh
./etc/rcS.d/S02sysfs.sh
./etc/rcS.d/S03mountall.sh
./etc/rcS.d/S03systemd-udevd
./etc/rcS.d/S05checkroot.sh
./etc/rcS.d/S06devpts.sh
./etc/rcS.d/S06modutils.sh
./etc/rcS.d/S29read-only-rootfs-hook.sh
./etc/rcS.d/S36bootmisc.sh
./etc/rcS.d/S37populate-volatile.sh
./etc/rcS.d/S38dmesg.sh
./etc/rcS.d/S38urandom
./etc/rcS.d/S39hostname.sh
./etc/rcS.d/S40hwclock.sh
./etc/resolv-conf.systemd
./etc/resolv.conf
./etc/rpc
./etc/rpcbind.conf
./etc/rpm/
./etc/rpm/macros
./etc/rpm/platform
./etc/rpmrc
./etc/securetty
./etc/security/
./etc/security/access.conf
./etc/security/faillock.conf
./etc/security/group.conf
./etc/security/limits.conf
./etc/security/limits.d/
./etc/security/namespace.conf
./etc/security/namespace.d/
./etc/security/namespace.init
./etc/security/pam_env.conf
./etc/security/pwhistory.conf
./etc/security/time.conf
./etc/services
./etc/shadow
./etc/shells
./etc/skel/
./etc/skel/.bashrc
./etc/skel/.profile
./etc/ssl/
./etc/ssl/certs/
./etc/ssl/certs/002c0b4f.0
./etc/ssl/certs/02265526.0
./etc/ssl/certs/03179a64.0
./etc/ssl/certs/062cdee6.0
./etc/ssl/certs/064e0aa9.0
./etc/ssl/certs/06dc52d5.0
./etc/ssl/certs/09789157.0
./etc/ssl/certs/0a775a30.0
./etc/ssl/certs/0b1b94ef.0
./etc/ssl/certs/0bf05006.0
./etc/ssl/certs/0f5dc4f3.0
./etc/ssl/certs/0f6fa695.0
./etc/ssl/certs/1001acf7.0
./etc/ssl/certs/106f3e4d.0
./etc/ssl/certs/14bc7599.0
./etc/ssl/certs/1636090b.0
./etc/ssl/certs/18856ac4.0
./etc/ssl/certs/1d3472b9.0
./etc/ssl/certs/1e08bfd1.0
./etc/ssl/certs/1e09d511.0
./etc/ssl/certs/244b5494.0
./etc/ssl/certs/2923b3f9.0
./etc/ssl/certs/2ae6433e.0
./etc/ssl/certs/2b349938.0
./etc/ssl/certs/32888f65.0
./etc/ssl/certs/349f2832.0
./etc/ssl/certs/3513523f.0
./etc/ssl/certs/3bde41ac.0
./etc/ssl/certs/3e44d2f7.0
./etc/ssl/certs/3e45d192.0
./etc/ssl/certs/3fb36b73.0
./etc/ssl/certs/40193066.0
./etc/ssl/certs/4042bcee.0
./etc/ssl/certs/40547a79.0
./etc/ssl/certs/406c9bb1.0
./etc/ssl/certs/4304c5e5.0
./etc/ssl/certs/48bec511.0
./etc/ssl/certs/4a6481c9.0
./etc/ssl/certs/4b718d9b.0
./etc/ssl/certs/4bfab552.0
./etc/ssl/certs/4f316efb.0
./etc/ssl/certs/5273a94c.0
./etc/ssl/certs/5443e9e3.0
./etc/ssl/certs/54657681.0
./etc/ssl/certs/57bcb2da.0
./etc/ssl/certs/5ad8a5d6.0
./etc/ssl/certs/5cd81ad7.0
./etc/ssl/certs/5d3033c5.0
./etc/ssl/certs/5e98733a.0
./etc/ssl/certs/5f15c80c.0
./etc/ssl/certs/5f618aec.0
./etc/ssl/certs/607986c7.0
./etc/ssl/certs/626dceaf.0
./etc/ssl/certs/653b494a.0
./etc/ssl/certs/68dd7389.0
./etc/ssl/certs/6b99d060.0
./etc/ssl/certs/6d41d539.0
./etc/ssl/certs/6fa5da56.0
./etc/ssl/certs/706f604c.0
./etc/ssl/certs/749e9e03.0
./etc/ssl/certs/75d1b2ed.0
./etc/ssl/certs/76cb8f92.0
./etc/ssl/certs/76faf6c0.0
./etc/ssl/certs/7719f463.0
./etc/ssl/certs/773e07ad.0
./etc/ssl/certs/7aaf71c0.0
./etc/ssl/certs/7f3d5d1d.0
./etc/ssl/certs/8160b96c.0
./etc/ssl/certs/8cb5ee0f.0
./etc/ssl/certs/8d86cdd1.0
./etc/ssl/certs/8d89cda1.0
./etc/ssl/certs/930ac5d2.0
./etc/ssl/certs/93bc0acc.0
./etc/ssl/certs/9482e63a.0
./etc/ssl/certs/988a38cb.0
./etc/ssl/certs/9b5697b0.0
./etc/ssl/certs/9c8dfbd4.0
./etc/ssl/certs/9d04f354.0
./etc/ssl/certs/ACCVRAIZ1.pem
./etc/ssl/certs/AC_RAIZ_FNMT-RCM.pem
./etc/ssl/certs/AC_RAIZ_FNMT-RCM_SERVIDORES_SEGUROS.pem
./etc/ssl/certs/ANF_Secure_Server_Root_CA.pem
./etc/ssl/certs/Actalis_Authentication_Root_CA.pem
./etc/ssl/certs/AffirmTrust_Commercial.pem
./etc/ssl/certs/AffirmTrust_Networking.pem
./etc/ssl/certs/AffirmTrust_Premium.pem
./etc/ssl/certs/AffirmTrust_Premium_ECC.pem
./etc/ssl/certs/Amazon_Root_CA_1.pem
./etc/ssl/certs/Amazon_Root_CA_2.pem
./etc/ssl/certs/Amazon_Root_CA_3.pem
./etc/ssl/certs/Amazon_Root_CA_4.pem
./etc/ssl/certs/Atos_TrustedRoot_2011.pem
./etc/ssl/certs/Autoridad_de_Certificacion_Firmaprofesional_CIF_A62634068.pem
./etc/ssl/certs/Baltimore_CyberTrust_Root.pem
./etc/ssl/certs/Buypass_Class_2_Root_CA.pem
./etc/ssl/certs/Buypass_Class_3_Root_CA.pem
./etc/ssl/certs/CA_Disig_Root_R2.pem
./etc/ssl/certs/CFCA_EV_ROOT.pem
./etc/ssl/certs/COMODO_Certification_Authority.pem
./etc/ssl/certs/COMODO_ECC_Certification_Authority.pem
./etc/ssl/certs/COMODO_RSA_Certification_Authority.pem
./etc/ssl/certs/Certigna.pem
./etc/ssl/certs/Certigna_Root_CA.pem
./etc/ssl/certs/Certum_EC-384_CA.pem
./etc/ssl/certs/Certum_Trusted_Network_CA.pem
./etc/ssl/certs/Certum_Trusted_Network_CA_2.pem
./etc/ssl/certs/Certum_Trusted_Root_CA.pem
./etc/ssl/certs/Comodo_AAA_Services_root.pem
./etc/ssl/certs/Cybertrust_Global_Root.pem
./etc/ssl/certs/D-TRUST_Root_Class_3_CA_2_2009.pem
./etc/ssl/certs/D-TRUST_Root_Class_3_CA_2_EV_2009.pem
./etc/ssl/certs/DigiCert_Assured_ID_Root_CA.pem
./etc/ssl/certs/DigiCert_Assured_ID_Root_G2.pem
./etc/ssl/certs/DigiCert_Assured_ID_Root_G3.pem
./etc/ssl/certs/DigiCert_Global_Root_CA.pem
./etc/ssl/certs/DigiCert_Global_Root_G2.pem
./etc/ssl/certs/DigiCert_Global_Root_G3.pem
./etc/ssl/certs/DigiCert_High_Assurance_EV_Root_CA.pem
./etc/ssl/certs/DigiCert_Trusted_Root_G4.pem
./etc/ssl/certs/E-Tugra_Certification_Authority.pem
./etc/ssl/certs/EC-ACC.pem
./etc/ssl/certs/Entrust.net_Premium_2048_Secure_Server_CA.pem
./etc/ssl/certs/Entrust_Root_Certification_Authority.pem
./etc/ssl/certs/Entrust_Root_Certification_Authority_-_EC1.pem
./etc/ssl/certs/Entrust_Root_Certification_Authority_-_G2.pem
./etc/ssl/certs/Entrust_Root_Certification_Authority_-_G4.pem
./etc/ssl/certs/GDCA_TrustAUTH_R5_ROOT.pem
./etc/ssl/certs/GLOBALTRUST_2020.pem
./etc/ssl/certs/GTS_Root_R1.pem
./etc/ssl/certs/GTS_Root_R2.pem
./etc/ssl/certs/GTS_Root_R3.pem
./etc/ssl/certs/GTS_Root_R4.pem
./etc/ssl/certs/GlobalSign_ECC_Root_CA_-_R4.pem
./etc/ssl/certs/GlobalSign_ECC_Root_CA_-_R5.pem
./etc/ssl/certs/GlobalSign_Root_CA.pem
./etc/ssl/certs/GlobalSign_Root_CA_-_R2.pem
./etc/ssl/certs/GlobalSign_Root_CA_-_R3.pem
./etc/ssl/certs/GlobalSign_Root_CA_-_R6.pem
./etc/ssl/certs/GlobalSign_Root_E46.pem
./etc/ssl/certs/GlobalSign_Root_R46.pem
./etc/ssl/certs/Go_Daddy_Class_2_CA.pem
./etc/ssl/certs/Go_Daddy_Root_Certificate_Authority_-_G2.pem
./etc/ssl/certs/Hellenic_Academic_and_Research_Institutions_ECC_RootCA_2015.pem
./etc/ssl/certs/Hellenic_Academic_and_Research_Institutions_RootCA_2011.pem
./etc/ssl/certs/Hellenic_Academic_and_Research_Institutions_RootCA_2015.pem
./etc/ssl/certs/Hongkong_Post_Root_CA_1.pem
./etc/ssl/certs/Hongkong_Post_Root_CA_3.pem
./etc/ssl/certs/ISRG_Root_X1.pem
./etc/ssl/certs/IdenTrust_Commercial_Root_CA_1.pem
./etc/ssl/certs/IdenTrust_Public_Sector_Root_CA_1.pem
./etc/ssl/certs/Izenpe.com.pem
./etc/ssl/certs/Microsec_e-Szigno_Root_CA_2009.pem
./etc/ssl/certs/Microsoft_ECC_Root_Certificate_Authority_2017.pem
./etc/ssl/certs/Microsoft_RSA_Root_Certificate_Authority_2017.pem
./etc/ssl/certs/NAVER_Global_Root_Certification_Authority.pem
./etc/ssl/certs/NetLock_Arany_=Class_Gold=_Fotanstvny.pem
./etc/ssl/certs/Network_Solutions_Certificate_Authority.pem
./etc/ssl/certs/OISTE_WISeKey_Global_Root_GB_CA.pem
./etc/ssl/certs/OISTE_WISeKey_Global_Root_GC_CA.pem
./etc/ssl/certs/QuoVadis_Root_CA_1_G3.pem
./etc/ssl/certs/QuoVadis_Root_CA_2.pem
./etc/ssl/certs/QuoVadis_Root_CA_2_G3.pem
./etc/ssl/certs/QuoVadis_Root_CA_3.pem
./etc/ssl/certs/QuoVadis_Root_CA_3_G3.pem
./etc/ssl/certs/SSL.com_EV_Root_Certification_Authority_ECC.pem
./etc/ssl/certs/SSL.com_EV_Root_Certification_Authority_RSA_R2.pem
./etc/ssl/certs/SSL.com_Root_Certification_Authority_ECC.pem
./etc/ssl/certs/SSL.com_Root_Certification_Authority_RSA.pem
./etc/ssl/certs/SZAFIR_ROOT_CA2.pem
./etc/ssl/certs/SecureSign_RootCA11.pem
./etc/ssl/certs/SecureTrust_CA.pem
./etc/ssl/certs/Secure_Global_CA.pem
./etc/ssl/certs/Security_Communication_RootCA2.pem
./etc/ssl/certs/Security_Communication_Root_CA.pem
./etc/ssl/certs/Staat_der_Nederlanden_EV_Root_CA.pem
./etc/ssl/certs/Starfield_Class_2_CA.pem
./etc/ssl/certs/Starfield_Root_Certificate_Authority_-_G2.pem
./etc/ssl/certs/Starfield_Services_Root_Certificate_Authority_-_G2.pem
./etc/ssl/certs/SwissSign_Gold_CA_-_G2.pem
./etc/ssl/certs/SwissSign_Silver_CA_-_G2.pem
./etc/ssl/certs/T-TeleSec_GlobalRoot_Class_2.pem
./etc/ssl/certs/T-TeleSec_GlobalRoot_Class_3.pem
./etc/ssl/certs/TUBITAK_Kamu_SM_SSL_Kok_Sertifikasi_-_Surum_1.pem
./etc/ssl/certs/TWCA_Global_Root_CA.pem
./etc/ssl/certs/TWCA_Root_Certification_Authority.pem
./etc/ssl/certs/TeliaSonera_Root_CA_v1.pem
./etc/ssl/certs/TrustCor_ECA-1.pem
./etc/ssl/certs/TrustCor_RootCert_CA-1.pem
./etc/ssl/certs/TrustCor_RootCert_CA-2.pem
./etc/ssl/certs/Trustwave_Global_Certification_Authority.pem
./etc/ssl/certs/Trustwave_Global_ECC_P256_Certification_Authority.pem
./etc/ssl/certs/Trustwave_Global_ECC_P384_Certification_Authority.pem
./etc/ssl/certs/UCA_Extended_Validation_Root.pem
./etc/ssl/certs/UCA_Global_G2_Root.pem
./etc/ssl/certs/USERTrust_ECC_Certification_Authority.pem
./etc/ssl/certs/USERTrust_RSA_Certification_Authority.pem
./etc/ssl/certs/XRamp_Global_CA_Root.pem
./etc/ssl/certs/a3418fda.0
./etc/ssl/certs/a94d09e5.0
./etc/ssl/certs/aee5f10d.0
./etc/ssl/certs/b0e59380.0
./etc/ssl/certs/b1159c4c.0
./etc/ssl/certs/b433981b.0
./etc/ssl/certs/b66938e9.0
./etc/ssl/certs/b727005e.0
./etc/ssl/certs/b7a5b843.0
./etc/ssl/certs/b81b93f0.0
./etc/ssl/certs/bf53fb88.0
./etc/ssl/certs/c01eb047.0
./etc/ssl/certs/c28a8a30.0
./etc/ssl/certs/ca-certificates.crt
./etc/ssl/certs/ca6e4ad9.0
./etc/ssl/certs/cbf06781.0
./etc/ssl/certs/cc450945.0
./etc/ssl/certs/cd58d51e.0
./etc/ssl/certs/cd8c0d63.0
./etc/ssl/certs/ce5e74ef.0
./etc/ssl/certs/certSIGN_ROOT_CA.pem
./etc/ssl/certs/certSIGN_Root_CA_G2.pem
./etc/ssl/certs/d4dae3dd.0
./etc/ssl/certs/d6325660.0
./etc/ssl/certs/d7e8dc79.0
./etc/ssl/certs/d887a5bb.0
./etc/ssl/certs/dc4d6a89.0
./etc/ssl/certs/dd8e9d41.0
./etc/ssl/certs/de6d66f3.0
./etc/ssl/certs/e-Szigno_Root_CA_2017.pem
./etc/ssl/certs/e113c810.0
./etc/ssl/certs/e18bfb83.0
./etc/ssl/certs/e35234b1.0
./etc/ssl/certs/e36a6752.0
./etc/ssl/certs/e73d606e.0
./etc/ssl/certs/e868b802.0
./etc/ssl/certs/e8de2f56.0
./etc/ssl/certs/ePKI_Root_Certification_Authority.pem
./etc/ssl/certs/ee64a828.0
./etc/ssl/certs/eed8c118.0
./etc/ssl/certs/ef954a4e.0
./etc/ssl/certs/emSign_ECC_Root_CA_-_C3.pem
./etc/ssl/certs/emSign_ECC_Root_CA_-_G3.pem
./etc/ssl/certs/emSign_Root_CA_-_C1.pem
./etc/ssl/certs/emSign_Root_CA_-_G1.pem
./etc/ssl/certs/f081611a.0
./etc/ssl/certs/f0c70a8d.0
./etc/ssl/certs/f249de83.0
./etc/ssl/certs/f30dd6ad.0
./etc/ssl/certs/f3377b1b.0
./etc/ssl/certs/f387163d.0
./etc/ssl/certs/f39fc864.0
./etc/ssl/certs/f51bb24c.0
./etc/ssl/certs/fa5da96b.0
./etc/ssl/certs/fc5a8f99.0
./etc/ssl/certs/fe8a2cd8.0
./etc/ssl/certs/feffd413.0
./etc/ssl/certs/ff34af3f.0
./etc/ssl/openssl.cnf
./etc/ssl/private/
./etc/subgid
./etc/subuid
./etc/sysctl.d/
./etc/syslog-startup.conf
./etc/syslog.conf
./etc/systemd/
./etc/systemd/journald.conf
./etc/systemd/logind.conf
./etc/systemd/network/
./etc/systemd/networkd.conf
./etc/systemd/resolved.conf
./etc/systemd/sleep.conf
./etc/systemd/system/
./etc/systemd/system/banner.service
./etc/systemd/system/bootmisc.service
./etc/systemd/system/checkfs.service
./etc/systemd/system/checkroot.service
./etc/systemd/system/ctrl-alt-del.target
./etc/systemd/system/dbus-1.service
./etc/systemd/system/dbus-org.freedesktop.Avahi.service
./etc/systemd/system/dbus-org.freedesktop.network1.service
./etc/systemd/system/dbus-org.freedesktop.resolve1.service
./etc/systemd/system/dbus-org.freedesktop.timesync1.service
./etc/systemd/system/default.target
./etc/systemd/system/devpts.service
./etc/systemd/system/dmesg.service
./etc/systemd/system/getty.target.wants/
./etc/systemd/system/getty.target.wants/getty@tty1.service
./etc/systemd/system/getty.target.wants/serial-getty@ttySC0.service
./etc/systemd/system/hostname.service
./etc/systemd/system/hwclock.service
./etc/systemd/system/local-fs.target.wants/
./etc/systemd/system/local-fs.target.wants/var-volatile-cache.service
./etc/systemd/system/local-fs.target.wants/var-volatile-lib.service
./etc/systemd/system/local-fs.target.wants/var-volatile-spool.service
./etc/systemd/system/local-fs.target.wants/var-volatile-srv.service
./etc/systemd/system/modutils.service
./etc/systemd/system/mountall.service
