NOTICE:  BL2: R-Car Gen3 Initial Program Loader(CA57) Rev.4.0.0
NOTICE:  BL2: PRR is R-Car M3N Ver.1.1
NOTICE:  BL2: Board is Salvator-XS Rev.1.0
NOTICE:  BL2: Boot device is HyperFlash(160MHz)
NOTICE:  BL2: LCM state is CM
NOTICE:  AVS setting succeeded. DVFS_SetVID=0x53
NOTICE:  BL2: DDR3200(rev.0.42)
NOTICE:  BL2: [COLD_BOOT]
NOTICE:  BL2: DRAM Split is OFF
NOTICE:  BL2: QoS is default setting(rev.0.09)
NOTICE:  BL2: DRAM refresh interval 1.95 usec
NOTICE:  BL2: Periodic Write DQ Training
NOTICE:  BL2: CH0: 400000000 - 47fffffff, 2 GiB
NOTICE:  BL2: Lossy Decomp areas
NOTICE:       Entry 0: DCMPAREACRAx:0x80000540 DCMPAREACRBx:0x570
NOTICE:       Entry 1: DCMPAREACRAx:0x40000000 DCMPAREACRBx:0x0
NOTICE:       Entry 2: DCMPAREACRAx:0x20000000 DCMPAREACRBx:0x0
NOTICE:  BL2: FDT at 0xe6324d78
NOTICE:  BL2: v2.9(release):9cdb21f75-dirty
NOTICE:  BL2: Built : 20:21:29, Jul 10 2024
NOTICE:  BL2: Normal boot
NOTICE:  BL2: dst=0xe6324600 src=0x8180000 len=512(0x200)
NOTICE:  BL2: dst=0x43f00000 src=0x8180400 len=6144(0x1800)
NOTICE:  rcar_file_len: len: 0x0003e000
NOTICE:  BL2: dst=0x44000000 src=0x81c0000 len=253952(0x3e000)
NOTICE:  rcar_file_len: len: 0x00200000
NOTICE:  BL2: dst=0x44100000 src=0x8200000 len=2097152(0x200000)
NOTICE:  rcar_file_len: len: 0x00100000
NOTICE:  BL2: dst=0x50000000 src=0x8640000 len=1048576(0x100000)
NOTICE:  BL2: Booting BL31


U-Boot 2020.10 (Jul 10 2024 - 20:21:46 +0000)

CPU: Renesas Electronics R8A77965 rev 1.1
Model: Renesas Salvator-X 2nd version board based on r8a77965
DRAM:  1.9 GiB
RAM Configuration:
Bank #0: 0x048000000 - 0x0bfffffff, 1.9 GiB

MMC:   sd@ee100000: 0, sd@ee140000: 1, sd@ee160000: 2
Loading Environment from MMC... OK
In:    serial@e6e88000
Out:   serial@e6e88000
Err:   serial@e6e88000
Net:   eth0: ethernet@e6800000
Hit any key to stop autoboot:  2  1  0 
ethernet@e6800000 Waiting for PHY auto negotiation to complete...user interrupt!
ethernet@e6800000 Waiting for PHY auto negotiation to complete..user interrupt!
Bad Linux ARM64 Image magic!
=> reset
resetting ...
NOTICE:  BL2: R-Car Gen3 Initial Program Loader(CA57) Rev.4.0.0
NOTICE:  BL2: PRR is R-Car M3N Ver.1.1
NOTICE:  BL2: Board is Salvator-XS Rev.1.0
NOTICE:  BL2: Boot device is HyperFlash(160MHz)
NOTICE:  BL2: LCM state is CM
NOTICE:  AVS setting succeeded. DVFS_SetVID=0x53
NOTICE:  BL2: DDR3200(rev.0.42)
NOTICE:  BL2: [COLD_BOOT]
NOTICE:  BL2: DRAM Split is OFF
NOTICE:  BL2: QoS is default setting(rev.0.09)
NOTICE:  BL2: DRAM refresh interval 1.95 usec
NOTICE:  BL2: Periodic Write DQ Training
NOTICE:  BL2: CH0: 400000000 - 47fffffff, 2 GiB
NOTICE:  BL2: Lossy Decomp areas
NOTICE:       Entry 0: DCMPAREACRAx:0x80000540 DCMPAREACRBx:0x570
NOTICE:       Entry 1: DCMPAREACRAx:0x40000000 DCMPAREACRBx:0x0
NOTICE:       Entry 2: DCMPAREACRAx:0x20000000 DCMPAREACRBx:0x0
NOTICE:  BL2: FDT at 0xe6324d78
NOTICE:  BL2: v2.9(release):9cdb21f75-dirty
NOTICE:  BL2: Built : 20:21:29, Jul 10 2024
NOTICE:  BL2: Normal boot
NOTICE:  BL2: dst=0xe6324600 src=0x8180000 len=512(0x200)
NOTICE:  BL2: dst=0x43f00000 src=0x8180400 len=6144(0x1800)
NOTICE:  rcar_file_len: len: 0x0003e000
NOTICE:  BL2: dst=0x44000000 src=0x81c0000 len=253952(0x3e000)
NOTICE:  rcar_file_len: len: 0x00200000
NOTICE:  BL2: dst=0x44100000 src=0x8200000 len=2097152(0x200000)
NOTICE:  rcar_file_len: len: 0x00100000
NOTICE:  BL2: dst=0x50000000 src=0x8640000 len=1048576(0x100000)
NOTICE:  BL2: Booting BL31


U-Boot 2020.10 (Jul 10 2024 - 20:21:46 +0000)

CPU: Renesas Electronics R8A77965 rev 1.1
Model: Renesas Salvator-X 2nd version board based on r8a77965
DRAM:  1.9 GiB
RAM Configuration:
Bank #0: 0x048000000 - 0x0bfffffff, 1.9 GiB

MMC:   sd@ee100000: 0, sd@ee140000: 1, sd@ee160000: 2
Loading Environment from MMC... OK
In:    serial@e6e88000
Out:   serial@e6e88000
Err:   serial@e6e88000
Net:   eth0: ethernet@e6800000
Hit any key to stop autoboot:  2  1  0 
ethernet@e6800000 Waiting for PHY auto negotiation to complete............... done
Using ethernet@e6800000 device
TFTP from server 192.168.8.8; our IP address is 192.168.8.59
Filename 'long.trinh-tien/M3N_full/Image'.
Load address: 0x48080000
Loading: *#################################################################
	 #################################################################
	 #################################################################
	 #################################################################
	 #################################################################
	 #################################################################
	 #################################################################
	 #################################################################
	 #################################################################
	 #################################################################
	 #################################################################
	 #################################################################
	 #################################################################
	 #################################################################
	 #################################################################
	 #################################################################
	 #################################################################
	 #################################################################
	 #################################################################
	 #################################################################
	 #################################################################
	 #################################################################
	 #################################################################
	 #################################################################
	 #################################################################
	 #################################################################
	 #################################################################
	 #################################################################
	 #################################################################
	 #################################################################
	 #################################################################
	 #################################################################
	 #################################################################
	 #################################################################
	 #################################################################
	 ######################
	 751 KiB/s
done
Bytes transferred = 33712640 (2026a00 hex)
Using ethernet@e6800000 device
TFTP from server 192.168.8.8; our IP address is 192.168.8.59
Filename 'long.trinh-tien/M3N_full/r8a77965-salvator-xs.dtb'.
Load address: 0x48000000
Loading: *#####
	 752 KiB/s
done
Bytes transferred = 71628 (117cc hex)
Moving Image from 0x48080000 to 0x48200000, end=4a2b0000
## Flattened Device Tree blob at 48000000
   Booting using the fdt blob at 0x48000000
   Loading Device Tree to 0000000053feb000, end 0000000053fff7cb ... OK

Starting kernel ...

[    0.000000] Booting Linux on physical CPU 0x0000000000 [0x411fd073]
[    0.000000] Linux version 5.10.218-yocto-standard (oe-user@oe-host) (aarch64-poky-linux-gcc (GCC) 13.2.0, GNU ld (GNU Binutils) 2.42.0.20240216) #1 SMP PREEMPT Wed Jul 10 19:28:28 UTC 2024
[    0.000000] Machine model: Renesas Salvator-X 2nd version board based on r8a77965
[    0.000000] efi: UEFI not found.
[    0.000000] Reserved memory: created CMA memory pool at 0x0000000057000000, size 16 MiB
[    0.000000] OF: reserved mem: initialized node linux,adsp@57000000, compatible id shared-dma-pool
[    0.000000] Reserved memory: created CMA memory pool at 0x0000000058000000, size 384 MiB
[    0.000000] OF: reserved mem: initialized node linux,cma@58000000, compatible id shared-dma-pool
[    0.000000] Reserved memory: created CMA memory pool at 0x0000000070000000, size 256 MiB
[    0.000000] OF: reserved mem: initialized node linux,multimedia@70000000, compatible id shared-dma-pool
[    0.000000] NUMA: No NUMA configuration found
[    0.000000] NUMA: Faking a node at [mem 0x0000000048000000-0x00000000bfffffff]
[    0.000000] NUMA: NODE_DATA [mem 0xbfbfcb00-0xbfbfefff]
[    0.000000] Zone ranges:
[    0.000000]   DMA      [mem 0x0000000048000000-0x00000000bfffffff]
[    0.000000]   DMA32    empty
[    0.000000]   Normal   empty
[    0.000000] Movable zone start for each node
[    0.000000] Early memory node ranges
[    0.000000]   node   0: [mem 0x0000000048000000-0x0000000053ffffff]
[    0.000000]   node   0: [mem 0x0000000054000000-0x0000000056ffffff]
[    0.000000]   node   0: [mem 0x0000000057000000-0x00000000bfffffff]
[    0.000000] Initmem setup node 0 [mem 0x0000000048000000-0x00000000bfffffff]
[    0.000000] psci: probing for conduit method from DT.
[    0.000000] psci: PSCIv1.1 detected in firmware.
[    0.000000] psci: Using standard PSCI v0.2 function IDs
[    0.000000] psci: Trusted OS resident on physical CPU 0x0
[    0.000000] psci: SMC Calling Convention v1.2
[    0.000000] percpu: Embedded 23 pages/cpu s56984 r8192 d29032 u94208
[    0.000000] Detected PIPT I-cache on CPU0
[    0.000000] CPU features: detected: EL2 vector hardening
[    0.000000] CPU features: detected: Spectre-v2
[    0.000000] CPU features: detected: ARM errata 1165522, 1319367, or 1530923
[    0.000000] CPU features: detected: Spectre-BHB
[    0.000000] CPU features: detected: ARM erratum 1742098
[    0.000000] Built 1 zonelists, mobility grouping on.  Total pages: 483840
[    0.000000] Policy zone: DMA
[    0.000000] Kernel command line: rw root=/dev/nfs nfsroot=192.168.8.8:/tftpboot/long.trinh-tien/M3N_full/rootfs,nfsvers=4 ip=192.168.8.20 baudrate=115200
[    0.000000] Dentry cache hash table entries: 262144 (order: 9, 2097152 bytes, linear)
[    0.000000] Inode-cache hash table entries: 131072 (order: 8, 1048576 bytes, linear)
[    0.000000] mem auto-init: stack:all(zero), heap alloc:off, heap free:off
[    0.000000] Memory: 1171500K/1966080K available (15552K kernel code, 2842K rwdata, 8248K rodata, 6144K init, 518K bss, 122836K reserved, 671744K cma-reserved)
[    0.000000] SLUB: HWalign=64, Order=0-3, MinObjects=0, CPUs=2, Nodes=1
[    0.000000] rcu: Preemptible hierarchical RCU implementation.
[    0.000000] rcu: 	RCU event tracing is enabled.
[    0.000000] rcu: 	RCU restricting CPUs from NR_CPUS=256 to nr_cpu_ids=2.
[    0.000000] 	Trampoline variant of Tasks RCU enabled.
[    0.000000] rcu: RCU calculated value of scheduler-enlistment delay is 25 jiffies.
[    0.000000] rcu: Adjusting geometry for rcu_fanout_leaf=16, nr_cpu_ids=2
[    0.000000] NR_IRQS: 64, nr_irqs: 64, preallocated irqs: 0
[    0.000000] arch_timer: cp15 timer(s) running at 8.32MHz (virt).
[    0.000000] clocksource: arch_sys_counter: mask: 0xffffffffffffff max_cycles: 0x1eb398c07, max_idle_ns: 440795202503 ns
[    0.000003] sched_clock: 56 bits at 8MHz, resolution 120ns, wraps every 2199023255503ns
[    0.000204] Console: colour dummy device 80x25
[    0.000393] printk: console [tty0] enabled
[    0.000464] Calibrating delay loop (skipped), value calculated using timer frequency.. 16.64 BogoMIPS (lpj=33280)
[    0.000479] pid_max: default: 32768 minimum: 301
[    0.000530] LSM: Security Framework initializing
[    0.000584] Mount-cache hash table entries: 4096 (order: 3, 32768 bytes, linear)
[    0.000603] Mountpoint-cache hash table entries: 4096 (order: 3, 32768 bytes, linear)
[    0.001782] rcu: Hierarchical SRCU implementation.
[    0.003121] Detected Renesas R-Car Gen3 r8a77965 ES1.1
[    0.004665] EFI services will not be available.
[    0.004830] smp: Bringing up secondary CPUs ...
[    0.005319] Detected PIPT I-cache on CPU1
[    0.005376] CPU1: Booted secondary processor 0x0000000001 [0x411fd073]
[    0.005456] smp: Brought up 1 node, 2 CPUs
[    0.005478] SMP: Total of 2 processors activated.
[    0.005487] CPU features: detected: 32-bit EL0 Support
[    0.005494] CPU features: detected: CRC32 instructions
[    0.005501] CPU features: detected: 32-bit EL1 Support
[    0.015080] CPU: All CPU(s) started at EL1
[    0.015139] alternatives: patching kernel code
[    0.015879] devtmpfs: initialized
[    0.021134] KASLR disabled due to lack of seed
[    0.021301] clocksource: jiffies: mask: 0xffffffff max_cycles: 0xffffffff, max_idle_ns: 7645041785100000 ns
[    0.021321] futex hash table entries: 512 (order: 3, 32768 bytes, linear)
[    0.029981] pinctrl core: initialized pinctrl subsystem
[    0.031321] DMI not present or invalid.
[    0.031799] NET: Registered protocol family 16
[    0.032837] DMA: preallocated 256 KiB GFP_KERNEL pool for atomic allocations
[    0.032933] DMA: preallocated 256 KiB GFP_KERNEL|GFP_DMA pool for atomic allocations
[    0.033029] DMA: preallocated 256 KiB GFP_KERNEL|GFP_DMA32 pool for atomic allocations
[    0.033077] audit: initializing netlink subsys (disabled)
[    0.033245] audit: type=2000 audit(0.032:1): state=initialized audit_enabled=0 res=1
[    0.034347] thermal_sys: Registered thermal governor 'power_allocator'
[    0.034763] cpuidle: using governor menu
[    0.034895] hw-breakpoint: found 6 breakpoint and 4 watchpoint registers.
[    0.034951] ASID allocator initialised with 65536 entries
[    0.036161] Serial: AMBA PL011 UART driver
[    0.071255] sh-pfc e6060000.pinctrl: r8a77965_pfc support registered
[    0.082895] HugeTLB registered 1.00 GiB page size, pre-allocated 0 pages
[    0.082917] HugeTLB registered 32.0 MiB page size, pre-allocated 0 pages
[    0.082924] HugeTLB registered 2.00 MiB page size, pre-allocated 0 pages
[    0.082931] HugeTLB registered 64.0 KiB page size, pre-allocated 0 pages
[    0.083836] cryptd: max_cpu_qlen set to 1000
[    0.085872] ACPI: Interpreter disabled.
[    0.089454] rcar_avs_init: cannot find compatible dts node
[    0.090996] iommu: Default domain type: Translated 
[    0.091537] ipmmu-vmsa e67b0000.iommu: IPMMU context 0 is reserved
[    0.092458] vgaarb: loaded
[    0.092678] SCSI subsystem initialized
[    0.092978] usbcore: registered new interface driver usbfs
[    0.093012] usbcore: registered new interface driver hub
[    0.093035] usbcore: registered new device driver usb
[    0.096905] i2c-sh_mobile e60b0000.i2c: I2C adapter 7, bus speed 400000 Hz
[    0.097533] mc: Linux media interface: v0.10
[    0.097562] videodev: Linux video capture interface: v2.00
[    0.097617] pps_core: LinuxPPS API ver. 1 registered
[    0.097624] pps_core: Software ver. 5.3.6 - Copyright 2005-2007 Rodolfo Giometti <giometti@linux.it>
[    0.097660] PTP clock support registered
[    0.097850] EDAC MC: Ver: 3.0.0
[    0.099604] FPGA manager framework
[    0.099666] Advanced Linux Sound Architecture Driver Initialized.
[    0.100206] clocksource: Switched to clocksource arch_sys_counter
[    0.100377] VFS: Disk quotas dquot_6.6.0
[    0.100423] VFS: Dquot-cache hash table entries: 512 (order 0, 4096 bytes)
[    0.100566] pnp: PnP ACPI: disabled
[    0.103929] NET: Registered protocol family 2
[    0.104106] IP idents hash table entries: 32768 (order: 6, 262144 bytes, linear)
[    0.104889] tcp_listen_portaddr_hash hash table entries: 1024 (order: 2, 16384 bytes, linear)
[    0.104932] TCP established hash table entries: 16384 (order: 5, 131072 bytes, linear)
[    0.105010] TCP bind hash table entries: 16384 (order: 6, 262144 bytes, linear)
[    0.105161] TCP: Hash tables configured (established 16384 bind 16384)
[    0.105268] UDP hash table entries: 1024 (order: 3, 32768 bytes, linear)
[    0.105308] UDP-Lite hash table entries: 1024 (order: 3, 32768 bytes, linear)
[    0.105431] NET: Registered protocol family 1
[    0.105814] RPC: Registered named UNIX socket transport module.
[    0.105829] RPC: Registered udp transport module.
[    0.105836] RPC: Registered tcp transport module.
[    0.105841] RPC: Registered tcp NFSv4.1 backchannel transport module.
[    0.105855] PCI: CLS 0 bytes, default 64
[    0.106353] hw perfevents: enabled with armv8_cortex_a57 PMU driver, 7 counters available
[    0.106878] kvm [1]: HYP mode not available
[    0.109333] Initialise system trusted keyrings
[    0.109488] workingset: timestamp_bits=42 max_order=19 bucket_order=0
[    0.112562] squashfs: version 4.0 (2009/01/31) Phillip Lougher
[    0.113057] NFS: Registering the id_resolver key type
[    0.113100] Key type id_resolver registered
[    0.113107] Key type id_legacy registered
[    0.113165] nfs4filelayout_init: NFSv4 File Layout Driver Registering...
[    0.113175] nfs4flexfilelayout_init: NFSv4 Flexfile Layout Driver Registering...
[    0.113304] 9p: Installing v9fs 9p2000 file system support
[    0.139710] Key type asymmetric registered
[    0.139728] Asymmetric key parser 'x509' registered
[    0.139765] Block layer SCSI generic (bsg) driver version 0.4 loaded (major 243)
[    0.139776] io scheduler mq-deadline registered
[    0.139787] io scheduler kyber registered
[    0.151843] gpio_rcar e6050000.gpio: driving 16 GPIOs
[    0.152238] gpio_rcar e6051000.gpio: driving 29 GPIOs
[    0.152546] gpio_rcar e6052000.gpio: driving 15 GPIOs
[    0.152836] gpio_rcar e6053000.gpio: driving 16 GPIOs
[    0.153114] gpio_rcar e6054000.gpio: driving 18 GPIOs
[    0.153399] gpio_rcar e6055000.gpio: driving 26 GPIOs
[    0.153678] gpio_rcar e6055400.gpio: driving 32 GPIOs
[    0.153952] gpio_rcar e6055800.gpio: driving 4 GPIOs
[    0.156721] rcar-pcie fe000000.pcie: host bridge /soc/pcie@fe000000 ranges:
[    0.156756] rcar-pcie fe000000.pcie:       IO 0x00fe100000..0x00fe1fffff -> 0x0000000000
[    0.156778] rcar-pcie fe000000.pcie:      MEM 0x00fe200000..0x00fe3fffff -> 0x00fe200000
[    0.156795] rcar-pcie fe000000.pcie:      MEM 0x0030000000..0x0037ffffff -> 0x0030000000
[    0.156809] rcar-pcie fe000000.pcie:      MEM 0x0038000000..0x003fffffff -> 0x0038000000
[    0.156825] rcar-pcie fe000000.pcie:   IB MEM 0x0040000000..0x00bfffffff -> 0x0040000000
[    0.156875] rcar-pcie fe000000.pcie: no pcie3v3 regulator found
[    0.156885] rcar-pcie fe000000.pcie: no pcie1v8 regulator found
[    0.223916] rcar-pcie fe000000.pcie: PCIe link down
[    0.224110] rcar-pcie ee800000.pcie: host bridge /soc/pcie@ee800000 ranges:
[    0.224133] rcar-pcie ee800000.pcie:       IO 0x00ee900000..0x00ee9fffff -> 0x0000000000
[    0.224153] rcar-pcie ee800000.pcie:      MEM 0x00eea00000..0x00eebfffff -> 0x00eea00000
[    0.224171] rcar-pcie ee800000.pcie:      MEM 0x00c0000000..0x00c7ffffff -> 0x00c0000000
[    0.224184] rcar-pcie ee800000.pcie:      MEM 0x00c8000000..0x00cfffffff -> 0x00c8000000
[    0.224219] rcar-pcie ee800000.pcie:   IB MEM 0x0040000000..0x00bfffffff -> 0x0040000000
[    0.224254] rcar-pcie ee800000.pcie: no pcie3v3 regulator found
[    0.224264] rcar-pcie ee800000.pcie: no pcie1v8 regulator found
[    0.291904] rcar-pcie ee800000.pcie: PCIe link down
[    0.293925] EINJ: ACPI disabled.
[    0.323874] Serial: 8250/16550 driver, 4 ports, IRQ sharing enabled
[    0.326153] SuperH (H)SCI(F) driver initialized
[    0.326596] e6550000.serial: ttySC1 at MMIO 0xe6550000 (irq = 36, base_baud = 0) is a hscif
[    0.327410] e6e88000.serial: ttySC0 at MMIO 0xe6e88000 (irq = 119, base_baud = 0) is a scif
[    1.396630] printk: console [ttySC0] enabled
[    1.402088] msm_serial: driver initialized
[    1.411844] rcar-dw-hdmi fead0000.hdmi: Detected HDMI TX controller v2.01a with HDCP (DWC HDMI 2.0 TX PHY)
[    1.421830] rcar-dw-hdmi fead0000.hdmi: registered DesignWare HDMI I2C bus driver
[    1.435901] loop: module loaded
[    1.440456] megasas: 07.714.04.00-rc1
[    1.446088] scsi host0: sata_rcar
[    1.449588] ata1: SATA max UDMA/133 irq 170
[    1.458451] tun: Universal TUN/TAP device driver, 1.6
[    1.464427] thunder_xcv, ver 1.0
[    1.467677] thunder_bgx, ver 1.0
[    1.470933] nicpf, ver 1.0
[    1.474800] hclge is initializing
[    1.478145] hns3: Hisilicon Ethernet Network Driver for Hip08 Family - version
[    1.485376] hns3: Copyright (c) 2017 Huawei Corporation.
[    1.490724] e1000: Intel(R) PRO/1000 Network Driver
[    1.495606] e1000: Copyright (c) 1999-2006 Intel Corporation.
[    1.501385] e1000e: Intel(R) PRO/1000 Network Driver
[    1.506353] e1000e: Copyright(c) 1999 - 2015 Intel Corporation.
[    1.512295] igb: Intel(R) Gigabit Ethernet Network Driver
[    1.517695] igb: Copyright (c) 2007-2014 Intel Corporation.
[    1.523281] igbvf: Intel(R) Gigabit Virtual Function Network Driver
[    1.529548] igbvf: Copyright (c) 2009 - 2012 Intel Corporation.
[    1.535821] sky2: driver version 1.30
[    1.543574] ravb e6800000.ethernet eth0: Base address at 0xe6800000, 2e:09:0a:02:ee:7f, IRQ 116.
[    1.553828] VFIO - User Level meta-driver version: 0.3
[    1.560889] ehci_hcd: USB 2.0 'Enhanced' Host Controller (EHCI) Driver
[    1.567450] ehci-pci: EHCI PCI platform driver
[    1.571924] ehci-platform: EHCI generic platform driver
[    1.577633] ehci-platform ee0a0100.usb: EHCI Host Controller
[    1.583339] ehci-platform ee0a0100.usb: new USB bus registered, assigned bus number 1
[    1.591253] ehci-platform ee0a0100.usb: irq 166, io mem 0xee0a0100
[    1.612209] ehci-platform ee0a0100.usb: USB 2.0 started, EHCI 1.10
[    1.618778] hub 1-0:1.0: USB hub found
[    1.622560] hub 1-0:1.0: 1 port detected
[    1.626965] ehci-orion: EHCI orion driver
[    1.631243] ehci-exynos: EHCI Exynos driver
[    1.635547] ohci_hcd: USB 1.1 'Open' Host Controller (OHCI) Driver
[    1.641751] ohci-pci: OHCI PCI platform driver
[    1.646240] ohci-platform: OHCI generic platform driver
[    1.651880] ohci-platform ee0a0000.usb: Generic Platform OHCI controller
[    1.658607] ohci-platform ee0a0000.usb: new USB bus registered, assigned bus number 2
[    1.666496] ohci-platform ee0a0000.usb: irq 166, io mem 0xee0a0000
[    1.762564] hub 2-0:1.0: USB hub found
[    1.766338] hub 2-0:1.0: 1 port detected
[    1.770704] ohci-exynos: OHCI Exynos driver
[    1.775604] xhci-hcd ee000000.usb: xHCI Host Controller
[    1.780860] xhci-hcd ee000000.usb: new USB bus registered, assigned bus number 3
[    1.804124] xhci-hcd ee000000.usb: hcc params 0x014051ce hci version 0x100 quirks 0x0000000000830410
[    1.813308] xhci-hcd ee000000.usb: irq 163, io mem 0xee000000
[    1.819182] xhci-hcd ee000000.usb: xHCI Host Controller
[    1.824421] xhci-hcd ee000000.usb: new USB bus registered, assigned bus number 4
[    1.831856] xhci-hcd ee000000.usb: Host supports USB 3.0 SuperSpeed
[    1.838465] hub 3-0:1.0: USB hub found
[    1.842242] hub 3-0:1.0: 1 port detected
[    1.846351] usb usb4: We don't know the algorithms for LPM for this host, disabling LPM.
[    1.854715] hub 4-0:1.0: USB hub found
[    1.858485] hub 4-0:1.0: 1 port detected
[    1.863292] usbcore: registered new interface driver usb-storage
[    1.868218] ata1: link resume succeeded after 1 retries
[    1.870812] renesas_usbhs e6590000.usb: host probed
[    1.879424] renesas_usbhs e6590000.usb: no transceiver found
[    1.885158] renesas_usbhs e6590000.usb: gadget probed
[    1.890394] renesas_usbhs e6590000.usb: probed
[    1.897062] i2c /dev entries driver
[    1.911781] cs2000-cp 2-004f: revision - C1
[    1.916056] i2c-rcar e6510000.i2c: probed
[    1.921006] pca953x 4-0020: supply vcc not found, using dummy regulator
[    1.927732] pca953x 4-0020: using no AI
[    1.932376] gpio-355 (PCIE/SATA switch): hogged as output/low
[    1.944609] i2c-rcar e66d8000.i2c: probed
[    1.949953] adv748x 4-0070: Endpoint /soc/i2c@e66d8000/video-receiver@70/port@7/endpoint on port 7
[    1.958955] adv748x 4-0070: Endpoint /soc/i2c@e66d8000/video-receiver@70/port@8/endpoint on port 8
[    1.967935] adv748x 4-0070: Endpoint /soc/i2c@e66d8000/video-receiver@70/port@a/endpoint on port 10
[    1.977009] adv748x 4-0070: Endpoint /soc/i2c@e66d8000/video-receiver@70/port@b/endpoint on port 11
[    1.980855] ata1: SATA link down (SStatus 0 SControl 300)
[    1.986416] adv748x 4-0070: chip found @ 0xe0 revision 2143
[    2.043321] rcar-csi2 fea80000.csi2: 1 lanes found
[    2.048572] rcar-csi2 feaa0000.csi2: 4 lanes found
[    2.058380] rcar-vin e6ef0000.video: Device registered as video0
[    2.064597] rcar-vin e6ef1000.video: Device registered as video1
[    2.070738] rcar-vin e6ef2000.video: Device registered as video2
[    2.076814] rcar-vin e6ef3000.video: Device registered as video3
[    2.082901] rcar-vin e6ef4000.video: Device registered as video4
[    2.089038] rcar-vin e6ef5000.video: Device registered as video5
[    2.095105] rcar-vin e6ef6000.video: Device registered as video6
[    2.101171] rcar-vin e6ef7000.video: Device registered as video7
[    2.107916] usbcore: registered new interface driver uvcvideo
[    2.113816] USB Video Class driver (1.1.1)
[    2.119899] rcar_gen3_thermal e6198000.thermal: is using pseudo fixed FUSE values
[    2.132002] rcar_gen3_thermal e6198000.thermal: TSC0: Loaded 1 trip points
[    2.143338] rcar_gen3_thermal e6198000.thermal: TSC1: Loaded 1 trip points
[    2.154524] rcar_gen3_thermal e6198000.thermal: TSC2: Loaded 3 trip points
[    2.166138] sdhci: Secure Digital Host Controller Interface driver
[    2.172352] sdhci: Copyright(c) Pierre Ossman
[    2.177635] renesas_sdhi_internal_dmac ee100000.mmc: Got CD GPIO
[    2.183677] renesas_sdhi_internal_dmac ee100000.mmc: Got WP GPIO
[    2.192789] renesas_sdhi_internal_dmac ee140000.mmc: Adding to iommu group 0
[    2.199884] renesas_sdhi_internal_dmac ee140000.mmc: Using IPMMU context 1
[    2.255744] renesas_sdhi_internal_dmac ee140000.mmc: mmc0 base at 0x00000000ee140000, max clock rate 200 MHz
[    2.266336] renesas_sdhi_internal_dmac ee160000.mmc: Got CD GPIO
[    2.272483] renesas_sdhi_internal_dmac ee160000.mmc: Got WP GPIO
[    2.280938] Synopsys Designware Multimedia Card Interface Driver
[    2.288090] sdhci-pltfm: SDHCI platform and OF driver helper
[    2.295357] ledtrig-cpu: registered to indicate activity on CPUs
[    2.302123] SMCCC: SOC_ID: ARCH_SOC_ID not implemented, skipping ....
[    2.309131] usbcore: registered new interface driver usbhid
[    2.314742] usbhid: USB HID core driver
[    2.321805] optee: probing for conduit method.
[    2.326283] optee: revision 3.22 (314ecf9d)
[    2.326784] optee driver R-Car Rev.1.0.11
[    2.335279] optee: dynamic shared memory is enabled
[    2.340555] optee: initialized driver
[    2.354794] rcar_sound ec500000.sound: probed
[    2.359978] rcar_adsp_sound adsp_sound: probed
[    2.364879] NET: Registered protocol family 17
[    2.369496] 9pnet: Installing 9P2000 support
[    2.373860] Key type dns_resolver registered
[    2.378469] registered taskstats version 1
[    2.382619] Loading compiled-in X.509 certificates
[    2.389735] mmc0: new HS400 MMC card at address 0001
[    2.395545] mmcblk0: mmc0:0001 BGSD3R 29.1 GiB 
[    2.396488] thermal emergency: set temperature to 110 celsius
[    2.400525] mmcblk0boot0: mmc0:0001 BGSD3R partition 1 16.0 MiB
[    2.405995] thermal emergency: shutdown target cpus 1
[    2.412120] mmcblk0boot1: mmc0:0001 BGSD3R partition 2 16.0 MiB
[    2.416833] thermal emergency: freq scaled target cpus 0
[    2.417232] renesas_irqc e61c0000.interrupt-controller: driving 6 irqs
[    2.422914] mmcblk0rpmb: mmc0:0001 BGSD3R partition 3 4.00 MiB, chardev (509:0)
[    2.444893]  mmcblk0: p1
[    2.472244] ehci-platform ee080100.usb: EHCI Host Controller
[    2.477950] ehci-platform ee080100.usb: new USB bus registered, assigned bus number 5
[    2.485866] ehci-platform ee080100.usb: irq 165, io mem 0xee080100
[    2.504217] ehci-platform ee080100.usb: USB 2.0 started, EHCI 1.10
[    2.510897] hub 5-0:1.0: USB hub found
[    2.514677] hub 5-0:1.0: 1 port detected
[    2.520319] ohci-platform ee080000.usb: Generic Platform OHCI controller
[    2.527054] ohci-platform ee080000.usb: new USB bus registered, assigned bus number 6
[    2.534960] ohci-platform ee080000.usb: irq 165, io mem 0xee080000
[    2.630746] hub 6-0:1.0: USB hub found
[    2.634526] hub 6-0:1.0: 1 port detected
[    2.639936] cpu cpu0: EM: created perf domain
[    2.646412] renesas_sdhi_internal_dmac ee100000.mmc: Got CD GPIO
[    2.652488] renesas_sdhi_internal_dmac ee100000.mmc: Got WP GPIO
[    2.707551] renesas_sdhi_internal_dmac ee100000.mmc: mmc1 base at 0x00000000ee100000, max clock rate 200 MHz
[    2.719957] renesas_sdhi_internal_dmac ee160000.mmc: Got CD GPIO
[    2.726071] renesas_sdhi_internal_dmac ee160000.mmc: Got WP GPIO
[    2.780969] renesas_sdhi_internal_dmac ee160000.mmc: mmc2 base at 0x00000000ee160000, max clock rate 200 MHz
[    2.800817] [drm] Initialized rcar-du 1.0.0 20130110 for feb00000.display on minor 0
[    2.808605] [drm] Device feb00000.display probed
[    2.854833] Console: switching to colour frame buffer device 128x48
[    2.875760] rcar-du feb00000.display: [drm] fb0: rcar-dudrmfb frame buffer device
[    2.885046] input: keys as /devices/platform/keys/input/input0
[    2.960375] Micrel KSZ9031 Gigabit PHY e6800000.ethernet-ffffffff:00: attached PHY driver [Micrel KSZ9031 Gigabit PHY] (mii_bus:phy_addr=e6800000.ethernet-ffffffff:00, irq=172)
[   10.623292] ravb e6800000.ethernet eth0: Link is Up - 1Gbps/Full - flow control off
[   10.652219] IP-Config: Guessing netmask 255.255.255.0
[   10.657341] IP-Config: Complete:
[   10.660624]      device=eth0, hwaddr=2e:09:0a:02:ee:7f, ipaddr=192.168.8.20, mask=255.255.255.0, gw=255.255.255.255
[   10.671165]      host=192.168.8.20, domain=, nis-domain=(none)
[   10.677066]      bootserver=255.255.255.255, rootserver=192.168.8.8, rootpath=
[   10.677258] clk: Disabling unused clocks
[   10.689248] ALSA device list:
[   10.692294]   #0: rcar-sound
[   11.773340] VFS: Mounted root (nfs4 filesystem) on device 0:22.
[   11.782081] devtmpfs: mounted
[   11.789998] Freeing unused kernel memory: 6144K
[   11.800315] Run /sbin/init as init process
[   12.285511] systemd[1]: System time before build time, advancing clock.
[   12.425642] NET: Registered protocol family 10
[   12.433226] Segment Routing with IPv6
[   12.494161] systemd[1]: systemd 255.4^ running in system mode (+PAM -AUDIT -SELINUX -APPARMOR +IMA -SMACK +SECCOMP -GCRYPT -GNUTLS -OPENSSL +ACL +BLKID -CURL -ELFUTILS -FIDO2 -IDN2 -IDN -IPTC +KMOD -LIBCRYPTSETUP +LIBFDISK -PCRE2 -PWQUALITY -P11KIT -QRENCODE -TPM2 -BZIP2 -LZ4 -XZ -ZLIB +ZSTD -BPF_FRAMEWORK -XKBCOMMON +UTMP +SYSVINIT default-hierarchy=unified)
[   12.529430] systemd[1]: Detected architecture arm64.

Welcome to Poky (Yocto Project Reference Distro) 5.0 (scarthgap)!

[   12.583578] systemd[1]: Hostname set to <salvator-x>.
[   12.824416] systemd-sysv-generator[265]: SysV service '/etc/init.d/umountnfs.sh' lacks a native systemd unit file. ~ Automatically generating a unit file for compatibility. Please update package to include a native systemd unit file, in order to make it safe, robust and future-proof. ! This compatibility logic is deprecated, expect removal soon. !
[   12.891051] systemd-sysv-generator[265]: SysV service '/etc/init.d/set_default_governor.sh' lacks a native systemd unit file. ~ Automatically generating a unit file for compatibility. Please update package to include a native systemd unit file, in order to make it safe, robust and future-proof. ! This compatibility logic is deprecated, expect removal soon. !
[   12.951933] systemd-sysv-generator[265]: SysV service '/etc/init.d/umountfs' lacks a native systemd unit file. ~ Automatically generating a unit file for compatibility. Please update package to include a native systemd unit file, in order to make it safe, robust and future-proof. ! This compatibility logic is deprecated, expect removal soon. !
[   13.007296] systemd-sysv-generator[265]: SysV service '/etc/init.d/save-rtc.sh' lacks a native systemd unit file. ~ Automatically generating a unit file for compatibility. Please update package to include a native systemd unit file, in order to make it safe, robust and future-proof. ! This compatibility logic is deprecated, expect removal soon. !
[   13.054688] systemd-sysv-generator[265]: SysV service '/etc/init.d/reboot' lacks a native systemd unit file. ~ Automatically generating a unit file for compatibility. Please update package to include a native systemd unit file, in order to make it safe, robust and future-proof. ! This compatibility logic is deprecated, expect removal soon. !
[   13.093680] systemd-sysv-generator[265]: SysV service '/etc/init.d/halt' lacks a native systemd unit file. ~ Automatically generating a unit file for compatibility. Please update package to include a native systemd unit file, in order to make it safe, robust and future-proof. ! This compatibility logic is deprecated, expect removal soon. !
[   13.131116] systemd-sysv-generator[265]: SysV service '/etc/init.d/sendsigs' lacks a native systemd unit file. ~ Automatically generating a unit file for compatibility. Please update package to include a native systemd unit file, in order to make it safe, robust and future-proof. ! This compatibility logic is deprecated, expect removal soon. !
[   13.173173] systemd-sysv-generator[265]: SysV service '/etc/init.d/single' lacks a native systemd unit file. ~ Automatically generating a unit file for compatibility. Please update package to include a native systemd unit file, in order to make it safe, robust and future-proof. ! This compatibility logic is deprecated, expect removal soon. !
[   13.210617] systemd-sysv-generator[265]: SysV service '/etc/init.d/pvrinit' lacks a native systemd unit file. ~ Automatically generating a unit file for compatibility. Please update package to include a native systemd unit file, in order to make it safe, robust and future-proof. ! This compatibility logic is deprecated, expect removal soon. !
[   13.265004] systemd-sysv-generator[265]: SysV service '/etc/init.d/dropbear' lacks a native systemd unit file. ~ Automatically generating a unit file for compatibility. Please update package to include a native systemd unit file, in order to make it safe, robust and future-proof. ! This compatibility logic is deprecated, expect removal soon. !
[   14.950959] systemd[1]: Queued start job for default target Graphical Interface.
[   15.036918] systemd[1]: Created slice Slice /system/getty.
[  OK  ] Created slice Slice /system/getty.
[   15.066986] systemd[1]: Created slice Slice /system/modprobe.
[  OK  ] Created slice Slice /system/modprobe.
[   15.095289] systemd[1]: Created slice Slice /system/serial-getty.
[  OK  ] Created slice Slice /system/serial-getty.
[   15.122313] systemd[1]: Created slice User and Session Slice.
[  OK  ] Created slice User and Session Slice.
[   15.148908] systemd[1]: Started Dispatch Password Requests to Console Directory Watch.
[  OK  ] Started Dispatch Password Requests to Console Directory Watch.
[   15.176757] systemd[1]: Started Forward Password Requests to Wall Directory Watch.
[  OK  ] Started Forward Password Requests to Wall Directory Watch.
[   15.204663] systemd[1]: Reached target Path Units.
[  OK  ] Reached target Path Units.
[   15.228456] systemd[1]: Reached target Remote File Systems.
[  OK  ] Reached target Remote File Systems.
[   15.252436] systemd[1]: Reached target Slice Units.
[  OK  ] Reached target Slice Units.
[   15.276432] systemd[1]: Reached target Swaps.
[  OK  ] Reached target Swaps.
[   15.304365] systemd[1]: Listening on RPCbind Server Activation Socket.
[  OK  ] Listening on RPCbind Server Activation Socket.
[   15.332519] systemd[1]: Reached target RPC Port Mapper.
[  OK  ] Reached target RPC Port Mapper.
[   15.366718] systemd[1]: Listening on Syslog Socket.
[  OK  ] Listening on Syslog Socket.
[   15.388961] systemd[1]: Listening on initctl Compatibility Named Pipe.
[  OK  ] Listening on initctl Compatibility Named Pipe.
[   15.419595] systemd[1]: Listening on Journal Audit Socket.
[  OK  ] Listening on Journal Audit Socket.
[   15.441351] systemd[1]: Listening on Journal Socket (/dev/log).
[  OK  ] Listening on Journal Socket (/dev/log).
[   15.465398] systemd[1]: Listening on Journal Socket.
[  OK  ] Listening on Journal Socket.
[   15.491956] systemd[1]: Listening on Network Service Netlink Socket.
[  OK  ] Listening on Network Service Netlink Socket.
[   15.526750] systemd[1]: Listening on udev Control Socket.
[  OK  ] Listening on udev Control Socket.
[   15.549282] systemd[1]: Listening on udev Kernel Socket.
[  OK  ] Listening on udev Kernel Socket.
[   15.575840] systemd[1]: Listening on User Database Manager Socket.
[  OK  ] Listening on User Database Manager Socket.
[   15.610623] systemd[1]: Mounting Huge Pages File System...
         Mounting Huge Pages File System...
[   15.636179] systemd[1]: Mounting POSIX Message Queue File System...
         Mounting POSIX Message Queue File System...
[   15.664835] systemd[1]: Mounting Kernel Debug File System...
         Mounting Kernel Debug File System...
[   15.688756] systemd[1]: Kernel Trace File System was skipped because of an unmet condition check (ConditionPathExists=/sys/kernel/tracing).
[   15.715210] systemd[1]: Mounting Temporary Directory /tmp...
         Mounting Temporary Directory /tmp...
[   15.741442] systemd[1]: Create List of Static Device Nodes was skipped because of an unmet condition check (ConditionFileNotEmpty=/lib/modules/5.10.218-yocto-standard/modules.devname).
[   15.765488] systemd[1]: Starting Load Kernel Module configfs...
         Starting Load Kernel Module configfs...
[   15.793692] systemd[1]: Starting Load Kernel Module drm...
         Starting Load Kernel Module drm...
[   15.810961] systemd[1]: Starting Load Kernel Module fuse...
         Starting Load Kernel Module fuse...
[   15.848296] systemd[1]: Starting RPC Bind...
         Starting RPC Bind...
[   15.871201] systemd[1]: File System Check on Root Device was skipped because of an unmet condition check (ConditionPathIsReadWrite=!/).
[   15.886694] systemd[1]: systemd-journald.service: unit configures an IP firewall, but the local system does not support BPF/cgroup firewalling.
[   15.901133] systemd[1]: systemd-journald.service: (This warning is only shown for the first unit using IP firewalling.)
[   15.917478] systemd[1]: Starting Journal Service...
         Starting Journal Service...
[   15.964038] systemd[1]: Starting Load Kernel Modules...
         Starting Load Kernel Modules...
[   15.994122] systemd[1]: Starting Generate network units from Kernel command line...
         Starting Generate network units from Kernel command line...
[   16.033465] systemd[1]: Starting Remount Root and Kernel File Systems...
         Starting Remount Root and Kernel File Systems...
[   16.061602] systemd-journald[276]: Collecting audit messages is enabled.
[   16.061764] systemd[1]: Starting Create Static Device Nodes in /dev gracefully...
         Starting Create Static Device Nodes in /dev gracefully...
[   16.113683] systemd[1]: Starting Coldplug All udev Devices...
[   16.120508] vspm: loading out-of-tree module taints kernel.
         Starting Coldplug All udev Devices...
[   16.148849] systemd[1]: Started RPC Bind.
[  OK  ] Started RPC Bind.
[   16.171750] systemd[1]: Mounted Huge Pages File System.
[  OK  ] Mounted Huge Pages File System.
[   16.220783] systemd[1]: Mounted POSIX Message Queue File System.
[  OK  ] Mounted POSIX Message Queue File System.
[   16.244925] systemd[1]: Started Journal Service.
[  OK  ] Started Journal Service.
[  OK  ] Mounted Kernel Debug File System.
[  OK     16.288349] random: crng init done
0m] Mounted Temporary Directory /tmp.
[  OK  ] Finished Load Kernel Module configfs.
[  OK  ] Finished Load Kernel Module drm.
[  OK  ] Finished Load Kernel Module fuse.
[  OK  ] Finished Load Kernel Modules.
[FAILED] Failed to start Generate network units from Kernel command line.
See 'systemctl status systemd-network-generator.service' for details.
[  OK  ] Finished Remount Root and Kernel File Systems.
[  OK  ] Reached target Preparation for Network.
         Mounting Kernel Configuration File System...
         Starting Flush Journal to Persistent Storage...
         Starting Apply Kernel Variables...
[  OK  ] Finished Create Static Device Nodes in /dev gracefully.
[  OK  ] Mounted Kernel Configuration File System.
[   16.575845] systemd-journald[276]: Received client request to flush runtime journal.
         Starting Create Static Device Nodes in /dev...
[  OK  ] Finished Flush Journal to Persistent Storage.
[  OK  ] Finished Apply Kernel Variables.
[  OK  ] Finished Create Static Device Nodes in /dev.
[  OK  ] Reached target Preparation for Local File Systems.
         Mounting /var/volatile...
         Starting Rule-based Manager for Device Events and Files...
[  OK  ] Mounted /var/volatile.
         Starting Load/Save OS Random Seed...
[  OK  ] Reached target Local File Systems.
         Starting Create Volatile Files and Directories...
[  OK  ] Finished Load/Save OS Random Seed.
[  OK  ] Finished Coldplug All udev Devices.
[  OK  ] Started Rule-based Manager for Device Events and Files.
         Starting Network Configuration...
         Starting User Database Manager...
[   17.539896] ravb_streaming/searching for ravb interface
[  OK  ] Finished Create Volatile Files and Directories.
[   17.656794] ravb_streaming/init: start(eth0)
         Starting Network Name Resolution...
         Starting Network Time Synchronization...
         Starting Record System Boot/Shutdown in UTMP...
[  OK  ] Started User Database Manager.
[   17.873986] ravb_streaming/init: success
[   17.996941] ravb-mch ec5a0100.avb-mch: probe: start
[   18.088559] ravb-mch ec5a0100.avb-mch: probe: success
[  OK  ] Finished Record System Boot/Shutdown in UTMP.
[  OK  ] Started Network Configuration.
[  OK  ] Started Network Name Resolution.
[  OK  ] Reached target Network.
[  OK  ] Reached target Host and Network Name Lookups.
[  OK  ] Started Network Time Synchronization.
[  OK  ] Reached target System Initialization.
[  OK  ] Started Daily Cleanup of Temporary Directories.
[  OK  ] Reached target System Time Set.
[  OK  ] Reached target Timer Units.
[  OK  ] Listening on Avahi mDNS/DNS-SD Stack Activation Socket.
[  OK  ] Listening on D-Bus System Message Bus Socket.
[  OK  ] Listening on dropbear.socket.
[  OK  ] Reached target Socket Units.
[  OK  ] Reached target Basic System.
         Starting Avahi mDNS/DNS-SD Stack...
[  OK  ] Started Kernel Logging Service.
[  OK  ] Started System Logging Service.
         Starting D-Bus System Message Bus...
[  OK  ] Started optee services.
         Starting pvrinit.service...
         Starting PowerVR consumer services...
         Starting User Login Management...
         Starting Permit User Sessions...
[  OK  ] Reached target Hardware activated USB gadget.
[  OK  ] Started D-Bus System Message Bus.
[  OK  ] Started Avahi mDNS/DNS-SD Stack.
[  OK  ] Finished Permit User Sessions.
[  OK  ] Started Getty on tty1.
[   19.366553] PVR_K:  397: Read BVNC 15.5.1.64 from HW device registers
[   19.384813] PVR_K:  397: RGX Device registered with BVNC 15.5.1.64
[   19.394162] pvrsrvkm fd000000.gsx: Found 4 OPP points.
[   19.394173] pvrsrvkm fd000000.gsx: opp[1/4]: (200000000 Hz, 830000 uV)
[   19.394177] pvrsrvkm fd000000.gsx: opp[2/4]: (300000000 Hz, 830000 uV)
[   19.394181] pvrsrvkm fd000000.gsx: opp[3/4]: (400000000 Hz, 830000 uV)
[   19.394184] pvrsrvkm fd000000.gsx: opp[4/4]: (600000000 Hz, 830000 uV)
[   19.394211] DVFS : Changed GPU clock to 600000000 [Hz]
[   19.427976] PVR_K:  397: RGX Firmware image 'rgx.fw.15.5.1.64' loaded
[   19.505613] adsp ec800000.adsp: assigned reserved memory node linux,adsp@57000000
[   19.511845] PVR_K:  397: Shader binary image 'rgx.sh.15.5.1.64' loaded
[   19.512961] adsp ec800000.adsp: virt_addr=0000000023a476ba phy_addr=0x57000000 size=16777216
[   19.513482] XF-IPC: ADSP rate set to 532480000
[   19.514559] [drm] Initialized pvr 1.15.6052913 20170530 for fd000000.gsx on minor 1
[  OK  ] Started Serial Getty on ttySC0.
[   19.589025] XF-FW: received firmware (202922 bytes)
[  OK  ] Reached target Login Prompts.
[   19.662403] XF-IPC: fill firmware area: 57100000[200884]
[   19.670750] XF-IPC: fill firmware area: ece80000[1992]
[   19.678138] XF: proxy-0 debug interface created
[   19.685198] XF-IPC: DSP start-up sequence completed
[  OK  ] Created slice Slice /system/weston.
[   19.698185] XF: Xtensa DSP Proxy driver registered
[   19.704005] XF: client-1 created: 00000000fc942d6d
[   19.711122] ADSP base thread has been started.
[   19.717456] ADSP base was created
[  OK  ] Started User Login Management.
[  OK  ] Started pvrinit.service.
         Starting set_default_governor.service...
[  OK  ] Finished PowerVR consumer services.
[  OK  ] Started set_default_governor.service.
[  OK  ] Reached target Multi-User System.
[  OK  ] Reached target Graphical Interface.
         Starting Record Runlevel Change in UTMP...
[  OK  ] Started Weston Wayland Compositor.
         Starting Virtual Console Setup...
[  OK  ] Finished Record Runlevel Change in UTMP.
[  OK  ] Stopped Virtual Console Setup.
[   20.306937] rcar_sound ec500000.sound: Can't update kctrl when idle
         Starting Virtual Console Setup...
         Starting Save/Restore Sound Card State...
[   20.474326] rcar_sound ec500000.sound: Can't update kctrl when idle
[  OK  ] Finished Save/Restore Sound Card State.
[  OK  ] Created slice User Slice of UID 0.
[  OK  ] Reached target Sound Card.
         Starting User Runtime Directory /run/user/0...
[  OK  ] Finished User Runtime Directory /run/user/0.
         Starting User Manager for UID 0...
[  OK  ] Finished Virtual Console Setup.
[   20.729937] audit: type=1006 audit(1721368336.435:2): pid=481 uid=0 old-auid=4294967295 auid=0 tty=(none) old-ses=4294967295 ses=1 res=1
[  OK  ] Started User Manager for UID 0.
[  OK  ] Started Session c1 of User root.

Poky (Yocto Project Reference Distro) 5.0 salvator-x ttySC0
salvator-x login: root

WARNING: Poky is a reference Yocto Project distribution that should be used for
testing and development purposes only. It is recommended that you create your
own distribution for production use.

root@salvator-x:~# 
root@salvator-x:~# reboot
root@salvator-x:~#          Stopping Session          Stopping Session c2 of User root...
[  OK  ] Removed slice Slice /system/modprobe.
[  OK  ] Stopped target Graphical Interface.
[  OK  ] Stopped target Host and Network Name Lookups.
[  OK  ] Stopped target RPC Port Mapper.
[  OK  ] Stopped target Sound Card.
[  OK  ] Stopped target System Time Set.
[  OK  ] Stopped target Timer Units.
[  OK  ] Stopped Daily Cleanup of Temporary Directories.
[  OK  ] Stopped target Hardware activated USB gadget.
         Stopping Save/Restore Sound Card State...
         Stopping Load/Save OS Random Seed...
         Stopping Weston Wayland Compositor...
[  OK  ] Stopped Serial Getty on ttySC0.
[  OK  ] Stopped Weston Wayland Compositor.
[  OK  ] Stopped Load/Save OS Random Seed.
[  OK  ] Stopped Save/Restore Sound Card State.
[  OK  ] Stopped Session c1 of User root.
[  OK  ] Stopped Session c2 of User root.
[  OK  ] Removed slice Slice /system/serial-getty.
[  OK  ] Removed slice Slice /system/weston.
[  OK  ] Stopped target Multi-User System.
[  OK  ] Stopped target Login Prompts.
         Stopping Avahi mDNS/DNS-SD Stack...
         Stopping Kernel Logging Service...
         Stopping System Logging Service...
         Stopping Getty on tty1...
         Stopping optee services...
         Stopping PowerVR consumer services...
         Stopping set_default_governor.service...
         Stopping User Login Management...
         Stopping User Manager for UID 0...
[  OK  ] Stopped Avahi mDNS/DNS-SD Stack.
[  OK  ] Stopped Kernel Logging Service.
[  OK  ] Stopped System Logging Service.
[  OK  ] Stopped Getty on tty1.
[  OK  ] Stopped User Manager for UID 0.
[  OK  ] Stopped optee services.
[  OK  ] Stopped set_default_governor.service.
[  OK  ] Stopped PowerVR consumer services.
[  OK  ] Removed slice Slice /system/getty.
         Stopping pvrinit.service...
         Stopping Permit User Sessions...
         Stopping User Runtime Directory /run/user/0...
[  OK  ] Stopped User Login Management.
[  OK  ] Stopped pvrinit.service.
[  OK  ] Stopped Permit User Sessions.
[  OK  ] Unmounted /run/user/0.
[  OK  ] Stopped User Runtime Directory /run/user/0.
[  OK  ] Removed slice User Slice of UID 0.
[  OK  ] Stopped target Network.
[  OK  ] Stopped target Remote File Systems.
         Stopping D-Bus System Message Bus...
         Stopping Network Configuration...
[  OK  ] Stopped Network Configuration.
[  OK  ] Stopped D-Bus System Message Bus.
[  OK  ] Stopped target Basic System.
[  OK  ] Stopped target Preparation for Network.
[  OK  ] Stopped target Path Units.
[  OK  ] Stopped Dispatch Password Requests to Console Directory Watch.
[  OK  ] Stopped Forward Password Requests to Wall Directory Watch.
[  OK  ] Stopped target Slice Units.
[  OK  ] Removed slice User and Session Slice.
[  OK  ] Stopped target Socket Units.
[  OK  ] Closed Avahi mDNS/DNS-SD Stack Activation Socket.
[  OK  ] Closed D-Bus System Message Bus Socket.
[  OK  ] Closed dropbear.socket.
[  OK  ] Stopped target System Initialization.
[  OK  ] Closed Syslog Socket.
[  OK  ] Closed Network Service Netlink Socket.
         Stopping Network Name Resolution...
         Stopping Network Time Synchronization...
         Stopping Record System Boot/Shutdown in UTMP...
[  OK  ] Stopped Network Name Resolution.
[  OK  ] Stopped Network Time Synchronization.
[  OK  ] Stopped Apply Kernel Variables.
[  OK  ] Stopped Load Kernel Modules.
[  OK  ] Stopped Record System Boot/Shutdown in UTMP.
[  OK  ] Stopped Create Volatile Files and Directories.
[  OK  ] Stopped target Local File Systems.
         Unmounting Temporary Directory /tmp...
         Unmounting /var/volatile...
[  OK  ] Unmounted Temporary Directory /tmp.
[  OK  ] Unmounted /var/volatile.
[  OK  ] Stopped target Preparation for Local File Systems.
[  OK  ] Stopped target Swaps.
[  OK  ] Reached target Unmount All Filesystems.
[  OK  ] Stopped Remount Root and Kernel File Systems.
[  OK  ] Stopped Create Static Device Nodes in /dev.
[  OK  ] Stopped Create Static Device Nodes in /dev gracefully.
[  OK  ] Reached target System Shutdown.
[  OK  ] Reached target Late Shutdown Services.
[  OK  ] Finished System Reboot.
[  OK  ] Reached target System Reboot.
[  575.577541] watchdog: watchdog0: watchdog did not stop!
[  575.608219] systemd-shutdown[1]: Using hardware watchdog 'Renesas WDT Watchdog', version 0, device /dev/watchdog0
[  575.618748] systemd-shutdown[1]: Watchdog running with a timeout of 1min.
[  575.709282] systemd-shutdown[1]: Syncing filesystems and block devices.
[  575.716888] systemd-shutdown[1]: Sending SIGTERM to remaining processes...
[  575.751803] systemd-journald[286]: Received SIGTERM from PID 1 (systemd-shutdow).
[  575.762764] audit: type=1335 audit(1721361695.406:3): pid=286 uid=0 auid=4294967295 tty=(none) ses=4294967295 comm="systemd-journal" exe="/usr/lib/systemd/systemd-journald" nl-mcgrp=1 op=disconnect res=1
[  575.783807] systemd-shutdown[1]: Sending SIGKILL to remaining processes...
[  575.813597] systemd-shutdown[1]: Unmounting file systems.
[  575.819802] systemd-shutdown[1]: All filesystems unmounted.
[  575.825698] systemd-shutdown[1]: Deactivating swaps.
[  575.831180] systemd-shutdown[1]: All swaps deactivated.
[  575.836459] systemd-shutdown[1]: Detaching loop devices.
[  575.855562] systemd-shutdown[1]: All loop devices detached.
[  575.861380] systemd-shutdown[1]: Stopping MD devices.
[  575.878537] systemd-shutdown[1]: All MD devices stopped.
[  575.883892] systemd-shutdown[1]: Detaching DM devices.
[  575.900836] systemd-shutdown[1]: All DM devices detached.
[  575.906275] systemd-shutdown[1]: All filesystems, swaps, loop devices, MD devices and DM devices detached.
[  575.925086] systemd-shutdown[1]: Syncing filesystems and block devices.
[  575.931904] systemd-shutdown[1]: Rebooting.
[  575.968882] reboot: Restarting system
NOTICE:  BL2: R-Car Gen3 Initial Program Loader(CA57) Rev.4.0.0
NOTICE:  BL2: PRR is R-Car M3N Ver.1.1
NOTICE:  BL2: Board is Salvator-XS Rev.1.0
NOTICE:  BL2: Boot device is HyperFlash(160MHz)
NOTICE:  BL2: LCM state is CM
NOTICE:  AVS setting succeeded. DVFS_SetVID=0x53
NOTICE:  BL2: DDR3200(rev.0.42)
NOTICE:  BL2: [COLD_BOOT]
NOTICE:  BL2: DRAM Split is OFF
NOTICE:  BL2: QoS is default setting(rev.0.09)
NOTICE:  BL2: DRAM refresh interval 1.95 usec
NOTICE:  BL2: Periodic Write DQ Training
NOTICE:  BL2: CH0: 400000000 - 47fffffff, 2 GiB
NOTICE:  BL2: Lossy Decomp areas
NOTICE:       Entry 0: DCMPAREACRAx:0x80000540 DCMPAREACRBx:0x570
NOTICE:       Entry 1: DCMPAREACRAx:0x40000000 DCMPAREACRBx:0x0
NOTICE:       Entry 2: DCMPAREACRAx:0x20000000 DCMPAREACRBx:0x0
NOTICE:  BL2: FDT at 0xe6324d78
NOTICE:  BL2: v2.9(release):9cdb21f75-dirty
NOTICE:  BL2: Built : 20:21:29, Jul 10 2024
NOTICE:  BL2: Normal boot
NOTICE:  BL2: dst=0xe6324600 src=0x8180000 len=512(0x200)
NOTICE:  BL2: dst=0x43f00000 src=0x8180400 len=6144(0x1800)
NOTICE:  rcar_file_len: len: 0x0003e000
NOTICE:  BL2: dst=0x44000000 src=0x81c0000 len=253952(0x3e000)
NOTICE:  rcar_file_len: len: 0x00200000
NOTICE:  BL2: dst=0x44100000 src=0x8200000 len=2097152(0x200000)
NOTICE:  rcar_file_len: len: 0x00100000
NOTICE:  BL2: dst=0x50000000 src=0x8640000 len=1048576(0x100000)
NOTICE:  BL2: Booting BL31


U-Boot 2020.10 (Jul 10 2024 - 20:21:46 +0000)

CPU: Renesas Electronics R8A77965 rev 1.1
Model: Renesas Salvator-X 2nd version board based on r8a77965
DRAM:  1.9 GiB
RAM Configuration:
Bank #0: 0x048000000 - 0x0bfffffff, 1.9 GiB

MMC:   sd@ee100000: 0, sd@ee140000: 1, sd@ee160000: 2
Loading Environment from MMC... OK
In:    serial@e6e88000
Out:   serial@e6e88000
Err:   serial@e6e88000
Net:   eth0: ethernet@e6800000
Hit any key to stop autoboot:  2  1  0 
ethernet@e6800000 Waiting for PHY auto negotiation to complete............... done
Using ethernet@e6800000 device
TFTP from server 192.168.8.8; our IP address is 192.168.8.59
Filename 'long.trinh-tien/M3N_full/Image'.
Load address: 0x48080000
Loading: *#################################################################
	 #################################################################
	 #################################################################
	 #################################################################
	 #################################################################
	 #################################################################
	 #################################################################
	 #################################################################
	 #################################################################
	 #################################################################
	 #################################################################
	 #################################################################
	 #################################################################
	 #################################################################
	 #################################################################
	 #################################################################
	 #################################################################
	 #################################################################
	 #################################################################
	 #################################################################
	 #################################################################
	 #################################################################
	 #################################################################
	 #################################################################
	 #################################################################
	 #################################################################
	 #################################################################
	 #################################################################
	 #################################################################
	 #################################################################
	 #################################################################
	 #################################################################
	 #################################################################
	 #################################################################
	 #################################################################
	 ######################
	 736.3 KiB/s
done
Bytes transferred = 33712640 (2026a00 hex)
Using ethernet@e6800000 device
TFTP from server 192.168.8.8; our IP address is 192.168.8.59
Filename 'long.trinh-tien/M3N_full/r8a77965-salvator-xs.dtb'.
Load address: 0x48000000
Loading: *#####
	 752 KiB/s
done
Bytes transferred = 71628 (117cc hex)
Moving Image from 0x48080000 to 0x48200000, end=4a2b0000
## Flattened Device Tree blob at 48000000
   Booting using the fdt blob at 0x48000000
   Loading Device Tree to 0000000053feb000, end 0000000053fff7cb ... OK

Starting kernel ...

[    0.000000] Booting Linux on physical CPU 0x0000000000 [0x411fd073]
[    0.000000] Linux version 5.10.218-yocto-standard (oe-user@oe-host) (aarch64-poky-linux-gcc (GCC) 13.2.0, GNU ld (GNU Binutils) 2.42.0.20240216) #1 SMP PREEMPT Wed Jul 10 19:28:28 UTC 2024
[    0.000000] Machine model: Renesas Salvator-X 2nd version board based on r8a77965
[    0.000000] efi: UEFI not found.
[    0.000000] Reserved memory: created CMA memory pool at 0x0000000057000000, size 16 MiB
[    0.000000] OF: reserved mem: initialized node linux,adsp@57000000, compatible id shared-dma-pool
[    0.000000] Reserved memory: created CMA memory pool at 0x0000000058000000, size 384 MiB
[    0.000000] OF: reserved mem: initialized node linux,cma@58000000, compatible id shared-dma-pool
[    0.000000] Reserved memory: created CMA memory pool at 0x0000000070000000, size 256 MiB
[    0.000000] OF: reserved mem: initialized node linux,multimedia@70000000, compatible id shared-dma-pool
[    0.000000] NUMA: No NUMA configuration found
[    0.000000] NUMA: Faking a node at [mem 0x0000000048000000-0x00000000bfffffff]
[    0.000000] NUMA: NODE_DATA [mem 0xbfbfcb00-0xbfbfefff]
[    0.000000] Zone ranges:
[    0.000000]   DMA      [mem 0x0000000048000000-0x00000000bfffffff]
[    0.000000]   DMA32    empty
[    0.000000]   Normal   empty
[    0.000000] Movable zone start for each node
[    0.000000] Early memory node ranges
[    0.000000]   node   0: [mem 0x0000000048000000-0x0000000053ffffff]
[    0.000000]   node   0: [mem 0x0000000054000000-0x0000000056ffffff]
[    0.000000]   node   0: [mem 0x0000000057000000-0x00000000bfffffff]
[    0.000000] Initmem setup node 0 [mem 0x0000000048000000-0x00000000bfffffff]
[    0.000000] psci: probing for conduit method from DT.
[    0.000000] psci: PSCIv1.1 detected in firmware.
[    0.000000] psci: Using standard PSCI v0.2 function IDs
[    0.000000] psci: Trusted OS resident on physical CPU 0x0
[    0.000000] psci: SMC Calling Convention v1.2
[    0.000000] percpu: Embedded 23 pages/cpu s56984 r8192 d29032 u94208
[    0.000000] Detected PIPT I-cache on CPU0
[    0.000000] CPU features: detected: EL2 vector hardening
[    0.000000] CPU features: detected: Spectre-v2
[    0.000000] CPU features: detected: ARM errata 1165522, 1319367, or 1530923
[    0.000000] CPU features: detected: Spectre-BHB
[    0.000000] CPU features: detected: ARM erratum 1742098
[    0.000000] Built 1 zonelists, mobility grouping on.  Total pages: 483840
[    0.000000] Policy zone: DMA
[    0.000000] Kernel command line: rw root=/dev/nfs nfsroot=192.168.8.8:/tftpboot/long.trinh-tien/M3N_full/rootfs,nfsvers=4 ip=192.168.8.20 baudrate=115200
[    0.000000] Dentry cache hash table entries: 262144 (order: 9, 2097152 bytes, linear)
[    0.000000] Inode-cache hash table entries: 131072 (order: 8, 1048576 bytes, linear)
[    0.000000] mem auto-init: stack:all(zero), heap alloc:off, heap free:off
[    0.000000] Memory: 1171500K/1966080K available (15552K kernel code, 2842K rwdata, 8248K rodata, 6144K init, 518K bss, 122836K reserved, 671744K cma-reserved)
[    0.000000] SLUB: HWalign=64, Order=0-3, MinObjects=0, CPUs=2, Nodes=1
[    0.000000] rcu: Preemptible hierarchical RCU implementation.
[    0.000000] rcu: 	RCU event tracing is enabled.
[    0.000000] rcu: 	RCU restricting CPUs from NR_CPUS=256 to nr_cpu_ids=2.
[    0.000000] 	Trampoline variant of Tasks RCU enabled.
[    0.000000] rcu: RCU calculated value of scheduler-enlistment delay is 25 jiffies.
[    0.000000] rcu: Adjusting geometry for rcu_fanout_leaf=16, nr_cpu_ids=2
[    0.000000] NR_IRQS: 64, nr_irqs: 64, preallocated irqs: 0
[    0.000000] arch_timer: cp15 timer(s) running at 8.32MHz (virt).
[    0.000000] clocksource: arch_sys_counter: mask: 0xffffffffffffff max_cycles: 0x1eb398c07, max_idle_ns: 440795202503 ns
[    0.000003] sched_clock: 56 bits at 8MHz, resolution 120ns, wraps every 2199023255503ns
[    0.000204] Console: colour dummy device 80x25
[    0.000392] printk: console [tty0] enabled
[    0.000466] Calibrating delay loop (skipped), value calculated using timer frequency.. 16.64 BogoMIPS (lpj=33280)
[    0.000483] pid_max: default: 32768 minimum: 301
[    0.000535] LSM: Security Framework initializing
[    0.000589] Mount-cache hash table entries: 4096 (order: 3, 32768 bytes, linear)
[    0.000609] Mountpoint-cache hash table entries: 4096 (order: 3, 32768 bytes, linear)
[    0.001780] rcu: Hierarchical SRCU implementation.
[    0.003140] Detected Renesas R-Car Gen3 r8a77965 ES1.1
[    0.004689] EFI services will not be available.
[    0.004856] smp: Bringing up secondary CPUs ...
[    0.005340] Detected PIPT I-cache on CPU1
[    0.005392] CPU1: Booted secondary processor 0x0000000001 [0x411fd073]
[    0.005469] smp: Brought up 1 node, 2 CPUs
[    0.005491] SMP: Total of 2 processors activated.
[    0.005499] CPU features: detected: 32-bit EL0 Support
[    0.005506] CPU features: detected: CRC32 instructions
[    0.005513] CPU features: detected: 32-bit EL1 Support
[    0.015155] CPU: All CPU(s) started at EL1
[    0.015216] alternatives: patching kernel code
[    0.016000] devtmpfs: initialized
[    0.021265] KASLR disabled due to lack of seed
[    0.021430] clocksource: jiffies: mask: 0xffffffff max_cycles: 0xffffffff, max_idle_ns: 7645041785100000 ns
[    0.021450] futex hash table entries: 512 (order: 3, 32768 bytes, linear)
[    0.030111] pinctrl core: initialized pinctrl subsystem
[    0.031462] DMI not present or invalid.
[    0.031939] NET: Registered protocol family 16
[    0.032932] DMA: preallocated 256 KiB GFP_KERNEL pool for atomic allocations
[    0.033029] DMA: preallocated 256 KiB GFP_KERNEL|GFP_DMA pool for atomic allocations
[    0.033129] DMA: preallocated 256 KiB GFP_KERNEL|GFP_DMA32 pool for atomic allocations
[    0.033176] audit: initializing netlink subsys (disabled)
[    0.033336] audit: type=2000 audit(0.032:1): state=initialized audit_enabled=0 res=1
[    0.034435] thermal_sys: Registered thermal governor 'power_allocator'
[    0.034855] cpuidle: using governor menu
[    0.034991] hw-breakpoint: found 6 breakpoint and 4 watchpoint registers.
[    0.035042] ASID allocator initialised with 65536 entries
[    0.036256] Serial: AMBA PL011 UART driver
[    0.071475] sh-pfc e6060000.pinctrl: r8a77965_pfc support registered
[    0.083175] HugeTLB registered 1.00 GiB page size, pre-allocated 0 pages
[    0.083196] HugeTLB registered 32.0 MiB page size, pre-allocated 0 pages
[    0.083203] HugeTLB registered 2.00 MiB page size, pre-allocated 0 pages
[    0.083210] HugeTLB registered 64.0 KiB page size, pre-allocated 0 pages
[    0.084123] cryptd: max_cpu_qlen set to 1000
[    0.086108] ACPI: Interpreter disabled.
[    0.089770] rcar_avs_init: cannot find compatible dts node
[    0.091240] iommu: Default domain type: Translated 
[    0.091788] ipmmu-vmsa e67b0000.iommu: IPMMU context 0 is reserved
[    0.092661] vgaarb: loaded
[    0.092873] SCSI subsystem initialized
[    0.093202] usbcore: registered new interface driver usbfs
[    0.093230] usbcore: registered new interface driver hub
[    0.093259] usbcore: registered new device driver usb
[    0.097118] i2c-sh_mobile e60b0000.i2c: I2C adapter 7, bus speed 400000 Hz
[    0.097738] mc: Linux media interface: v0.10
[    0.097766] videodev: Linux video capture interface: v2.00
[    0.097821] pps_core: LinuxPPS API ver. 1 registered
[    0.097829] pps_core: Software ver. 5.3.6 - Copyright 2005-2007 Rodolfo Giometti <giometti@linux.it>
[    0.097842] PTP clock support registered
[    0.098039] EDAC MC: Ver: 3.0.0
[    0.099837] FPGA manager framework
[    0.099907] Advanced Linux Sound Architecture Driver Initialized.
[    0.100616] clocksource: Switched to clocksource arch_sys_counter
[    0.100771] VFS: Disk quotas dquot_6.6.0
[    0.100817] VFS: Dquot-cache hash table entries: 512 (order 0, 4096 bytes)
[    0.100953] pnp: PnP ACPI: disabled
[    0.104264] NET: Registered protocol family 2
[    0.104456] IP idents hash table entries: 32768 (order: 6, 262144 bytes, linear)
[    0.105242] tcp_listen_portaddr_hash hash table entries: 1024 (order: 2, 16384 bytes, linear)
[    0.105312] TCP established hash table entries: 16384 (order: 5, 131072 bytes, linear)
[    0.105392] TCP bind hash table entries: 16384 (order: 6, 262144 bytes, linear)
[    0.105543] TCP: Hash tables configured (established 16384 bind 16384)
[    0.105652] UDP hash table entries: 1024 (order: 3, 32768 bytes, linear)
[    0.105694] UDP-Lite hash table entries: 1024 (order: 3, 32768 bytes, linear)
[    0.105818] NET: Registered protocol family 1
[    0.106207] RPC: Registered named UNIX socket transport module.
[    0.106224] RPC: Registered udp transport module.
[    0.106230] RPC: Registered tcp transport module.
[    0.106236] RPC: Registered tcp NFSv4.1 backchannel transport module.
[    0.106250] PCI: CLS 0 bytes, default 64
[    0.106732] hw perfevents: enabled with armv8_cortex_a57 PMU driver, 7 counters available
[    0.107261] kvm [1]: HYP mode not available
[    0.109690] Initialise system trusted keyrings
[    0.109860] workingset: timestamp_bits=42 max_order=19 bucket_order=0
[    0.112936] squashfs: version 4.0 (2009/01/31) Phillip Lougher
[    0.113438] NFS: Registering the id_resolver key type
[    0.113482] Key type id_resolver registered
[    0.113488] Key type id_legacy registered
[    0.113548] nfs4filelayout_init: NFSv4 File Layout Driver Registering...
[    0.113559] nfs4flexfilelayout_init: NFSv4 Flexfile Layout Driver Registering...
[    0.113689] 9p: Installing v9fs 9p2000 file system support
[    0.139346] Key type asymmetric registered
[    0.139365] Asymmetric key parser 'x509' registered
[    0.139404] Block layer SCSI generic (bsg) driver version 0.4 loaded (major 243)
[    0.139414] io scheduler mq-deadline registered
[    0.139425] io scheduler kyber registered
[    0.151522] gpio_rcar e6050000.gpio: driving 16 GPIOs
[    0.151895] gpio_rcar e6051000.gpio: driving 29 GPIOs
[    0.152195] gpio_rcar e6052000.gpio: driving 15 GPIOs
[    0.152495] gpio_rcar e6053000.gpio: driving 16 GPIOs
[    0.152817] gpio_rcar e6054000.gpio: driving 18 GPIOs
[    0.153096] gpio_rcar e6055000.gpio: driving 26 GPIOs
[    0.153378] gpio_rcar e6055400.gpio: driving 32 GPIOs
[    0.153644] gpio_rcar e6055800.gpio: driving 4 GPIOs
[    0.156358] rcar-pcie fe000000.pcie: host bridge /soc/pcie@fe000000 ranges:
[    0.156392] rcar-pcie fe000000.pcie:       IO 0x00fe100000..0x00fe1fffff -> 0x0000000000
[    0.156415] rcar-pcie fe000000.pcie:      MEM 0x00fe200000..0x00fe3fffff -> 0x00fe200000
[    0.156433] rcar-pcie fe000000.pcie:      MEM 0x0030000000..0x0037ffffff -> 0x0030000000
[    0.156447] rcar-pcie fe000000.pcie:      MEM 0x0038000000..0x003fffffff -> 0x0038000000
[    0.156464] rcar-pcie fe000000.pcie:   IB MEM 0x0040000000..0x00bfffffff -> 0x0040000000
[    0.156513] rcar-pcie fe000000.pcie: no pcie3v3 regulator found
[    0.156523] rcar-pcie fe000000.pcie: no pcie1v8 regulator found
[    0.224274] rcar-pcie fe000000.pcie: PCIe link down
[    0.224466] rcar-pcie ee800000.pcie: host bridge /soc/pcie@ee800000 ranges:
[    0.224489] rcar-pcie ee800000.pcie:       IO 0x00ee900000..0x00ee9fffff -> 0x0000000000
[    0.224509] rcar-pcie ee800000.pcie:      MEM 0x00eea00000..0x00eebfffff -> 0x00eea00000
[    0.224526] rcar-pcie ee800000.pcie:      MEM 0x00c0000000..0x00c7ffffff -> 0x00c0000000
[    0.224539] rcar-pcie ee800000.pcie:      MEM 0x00c8000000..0x00cfffffff -> 0x00c8000000
[    0.224573] rcar-pcie ee800000.pcie:   IB MEM 0x0040000000..0x00bfffffff -> 0x0040000000
[    0.224608] rcar-pcie ee800000.pcie: no pcie3v3 regulator found
[    0.224617] rcar-pcie ee800000.pcie: no pcie1v8 regulator found
[    0.292262] rcar-pcie ee800000.pcie: PCIe link down
[    0.294286] EINJ: ACPI disabled.
[    0.324390] Serial: 8250/16550 driver, 4 ports, IRQ sharing enabled
[    0.326686] SuperH (H)SCI(F) driver initialized
[    0.327129] e6550000.serial: ttySC1 at MMIO 0xe6550000 (irq = 36, base_baud = 0) is a hscif
[    0.327953] e6e88000.serial: ttySC0 at MMIO 0xe6e88000 (irq = 119, base_baud = 0) is a scif
[    1.397151] printk: console [ttySC0] enabled
[    1.402603] msm_serial: driver initialized
[    1.412351] rcar-dw-hdmi fead0000.hdmi: Detected HDMI TX controller v2.01a with HDCP (DWC HDMI 2.0 TX PHY)
[    1.422340] rcar-dw-hdmi fead0000.hdmi: registered DesignWare HDMI I2C bus driver
[    1.436519] loop: module loaded
[    1.441059] megasas: 07.714.04.00-rc1
[    1.446702] scsi host0: sata_rcar
[    1.450205] ata1: SATA max UDMA/133 irq 170
[    1.459088] tun: Universal TUN/TAP device driver, 1.6
[    1.465062] thunder_xcv, ver 1.0
[    1.468313] thunder_bgx, ver 1.0
[    1.471569] nicpf, ver 1.0
[    1.475454] hclge is initializing
[    1.478794] hns3: Hisilicon Ethernet Network Driver for Hip08 Family - version
[    1.486017] hns3: Copyright (c) 2017 Huawei Corporation.
[    1.491358] e1000: Intel(R) PRO/1000 Network Driver
[    1.496238] e1000: Copyright (c) 1999-2006 Intel Corporation.
[    1.502006] e1000e: Intel(R) PRO/1000 Network Driver
[    1.506972] e1000e: Copyright(c) 1999 - 2015 Intel Corporation.
[    1.512923] igb: Intel(R) Gigabit Ethernet Network Driver
[    1.518323] igb: Copyright (c) 2007-2014 Intel Corporation.
[    1.523911] igbvf: Intel(R) Gigabit Virtual Function Network Driver
[    1.530183] igbvf: Copyright (c) 2009 - 2012 Intel Corporation.
[    1.536448] sky2: driver version 1.30
[    1.544199] ravb e6800000.ethernet eth0: Base address at 0xe6800000, 2e:09:0a:02:ee:7f, IRQ 116.
[    1.554443] VFIO - User Level meta-driver version: 0.3
[    1.561535] ehci_hcd: USB 2.0 'Enhanced' Host Controller (EHCI) Driver
[    1.568096] ehci-pci: EHCI PCI platform driver
[    1.572581] ehci-platform: EHCI generic platform driver
[    1.578287] ehci-platform ee0a0100.usb: EHCI Host Controller
[    1.583978] ehci-platform ee0a0100.usb: new USB bus registered, assigned bus number 1
[    1.591891] ehci-platform ee0a0100.usb: irq 166, io mem 0xee0a0100
[    1.612569] ehci-platform ee0a0100.usb: USB 2.0 started, EHCI 1.10
[    1.619154] hub 1-0:1.0: USB hub found
[    1.622934] hub 1-0:1.0: 1 port detected
[    1.627336] ehci-orion: EHCI orion driver
[    1.631616] ehci-exynos: EHCI Exynos driver
[    1.635912] ohci_hcd: USB 1.1 'Open' Host Controller (OHCI) Driver
[    1.642116] ohci-pci: OHCI PCI platform driver
[    1.646612] ohci-platform: OHCI generic platform driver
[    1.652218] ohci-platform ee0a0000.usb: Generic Platform OHCI controller
[    1.658946] ohci-platform ee0a0000.usb: new USB bus registered, assigned bus number 2
[    1.666855] ohci-platform ee0a0000.usb: irq 166, io mem 0xee0a0000
[    1.762938] hub 2-0:1.0: USB hub found
[    1.766718] hub 2-0:1.0: 1 port detected
[    1.771089] ohci-exynos: OHCI Exynos driver
[    1.775972] xhci-hcd ee000000.usb: xHCI Host Controller
[    1.781231] xhci-hcd ee000000.usb: new USB bus registered, assigned bus number 3
[    1.804503] xhci-hcd ee000000.usb: hcc params 0x014051ce hci version 0x100 quirks 0x0000000000830410
[    1.813693] xhci-hcd ee000000.usb: irq 163, io mem 0xee000000
[    1.819563] xhci-hcd ee000000.usb: xHCI Host Controller
[    1.824802] xhci-hcd ee000000.usb: new USB bus registered, assigned bus number 4
[    1.832207] xhci-hcd ee000000.usb: Host supports USB 3.0 SuperSpeed
[    1.838837] hub 3-0:1.0: USB hub found
[    1.842615] hub 3-0:1.0: 1 port detected
[    1.846719] usb usb4: We don't know the algorithms for LPM for this host, disabling LPM.
[    1.855079] hub 4-0:1.0: USB hub found
[    1.858850] hub 4-0:1.0: 1 port detected
[    1.863649] usbcore: registered new interface driver usb-storage
[    1.868575] ata1: link resume succeeded after 1 retries
[    1.871188] renesas_usbhs e6590000.usb: host probed
[    1.879783] renesas_usbhs e6590000.usb: no transceiver found
[    1.885521] renesas_usbhs e6590000.usb: gadget probed
[    1.890756] renesas_usbhs e6590000.usb: probed
[    1.897415] i2c /dev entries driver
[    1.912092] cs2000-cp 2-004f: revision - C1
[    1.916368] i2c-rcar e6510000.i2c: probed
[    1.921317] pca953x 4-0020: supply vcc not found, using dummy regulator
[    1.928050] pca953x 4-0020: using no AI
[    1.932693] gpio-355 (PCIE/SATA switch): hogged as output/low
[    1.944953] i2c-rcar e66d8000.i2c: probed
[    1.950301] adv748x 4-0070: Endpoint /soc/i2c@e66d8000/video-receiver@70/port@7/endpoint on port 7
[    1.959300] adv748x 4-0070: Endpoint /soc/i2c@e66d8000/video-receiver@70/port@8/endpoint on port 8
[    1.968280] adv748x 4-0070: Endpoint /soc/i2c@e66d8000/video-receiver@70/port@a/endpoint on port 10
[    1.977353] adv748x 4-0070: Endpoint /soc/i2c@e66d8000/video-receiver@70/port@b/endpoint on port 11
[    1.981227] ata1: SATA link down (SStatus 0 SControl 300)
[    1.986757] adv748x 4-0070: chip found @ 0xe0 revision 2143
[    2.043824] rcar-csi2 fea80000.csi2: 1 lanes found
[    2.049031] rcar-csi2 feaa0000.csi2: 4 lanes found
[    2.059016] rcar-vin e6ef0000.video: Device registered as video0
[    2.065147] rcar-vin e6ef1000.video: Device registered as video1
[    2.071229] rcar-vin e6ef2000.video: Device registered as video2
[    2.077297] rcar-vin e6ef3000.video: Device registered as video3
[    2.083372] rcar-vin e6ef4000.video: Device registered as video4
[    2.089446] rcar-vin e6ef5000.video: Device registered as video5
[    2.095517] rcar-vin e6ef6000.video: Device registered as video6
[    2.101583] rcar-vin e6ef7000.video: Device registered as video7
[    2.108373] usbcore: registered new interface driver uvcvideo
[    2.114146] USB Video Class driver (1.1.1)
[    2.120317] rcar_gen3_thermal e6198000.thermal: is using pseudo fixed FUSE values
[    2.132477] rcar_gen3_thermal e6198000.thermal: TSC0: Loaded 1 trip points
[    2.143918] rcar_gen3_thermal e6198000.thermal: TSC1: Loaded 1 trip points
[    2.154747] rcar_gen3_thermal e6198000.thermal: TSC2: Loaded 3 trip points
[    2.166362] sdhci: Secure Digital Host Controller Interface driver
[    2.172697] sdhci: Copyright(c) Pierre Ossman
[    2.178006] renesas_sdhi_internal_dmac ee100000.mmc: Got CD GPIO
[    2.184056] renesas_sdhi_internal_dmac ee100000.mmc: Got WP GPIO
[    2.193146] renesas_sdhi_internal_dmac ee140000.mmc: Adding to iommu group 0
[    2.200234] renesas_sdhi_internal_dmac ee140000.mmc: Using IPMMU context 1
[    2.256079] renesas_sdhi_internal_dmac ee140000.mmc: mmc0 base at 0x00000000ee140000, max clock rate 200 MHz
[    2.266702] renesas_sdhi_internal_dmac ee160000.mmc: Got CD GPIO
[    2.272765] renesas_sdhi_internal_dmac ee160000.mmc: Got WP GPIO
[    2.281207] Synopsys Designware Multimedia Card Interface Driver
[    2.288450] sdhci-pltfm: SDHCI platform and OF driver helper
[    2.295849] ledtrig-cpu: registered to indicate activity on CPUs
[    2.302633] SMCCC: SOC_ID: ARCH_SOC_ID not implemented, skipping ....
[    2.309670] usbcore: registered new interface driver usbhid
[    2.315253] usbhid: USB HID core driver
[    2.322343] optee: probing for conduit method.
[    2.326823] optee: revision 3.22 (314ecf9d)
[    2.327185] optee driver R-Car Rev.1.0.11
[    2.335739] optee: dynamic shared memory is enabled
[    2.340980] optee: initialized driver
[    2.351131] mmc0: new HS400 MMC card at address 0001
[    2.356833] mmcblk0: mmc0:0001 BGSD3R 29.1 GiB 
[    2.361740] mmcblk0boot0: mmc0:0001 BGSD3R partition 1 16.0 MiB
[    2.368015] mmcblk0boot1: mmc0:0001 BGSD3R partition 2 16.0 MiB
[    2.374111] mmcblk0rpmb: mmc0:0001 BGSD3R partition 3 4.00 MiB, chardev (509:0)
[    2.382816]  mmcblk0: p1
[    2.387778] rcar_sound ec500000.sound: probed
[    2.392983] rcar_adsp_sound adsp_sound: probed
[    2.397835] NET: Registered protocol family 17
[    2.402414] 9pnet: Installing 9P2000 support
[    2.406749] Key type dns_resolver registered
[    2.411299] registered taskstats version 1
[    2.415428] Loading compiled-in X.509 certificates
[    2.428807] thermal emergency: set temperature to 110 celsius
[    2.434677] thermal emergency: shutdown target cpus 1
[    2.439734] thermal emergency: freq scaled target cpus 0
[    2.445487] renesas_irqc e61c0000.interrupt-controller: driving 6 irqs
[    2.492594] ehci-platform ee080100.usb: EHCI Host Controller
[    2.498300] ehci-platform ee080100.usb: new USB bus registered, assigned bus number 5
[    2.506192] ehci-platform ee080100.usb: irq 165, io mem 0xee080100
[    2.524574] ehci-platform ee080100.usb: USB 2.0 started, EHCI 1.10
[    2.531162] hub 5-0:1.0: USB hub found
[    2.534946] hub 5-0:1.0: 1 port detected
[    2.540376] ohci-platform ee080000.usb: Generic Platform OHCI controller
[    2.547129] ohci-platform ee080000.usb: new USB bus registered, assigned bus number 6
[    2.555033] ohci-platform ee080000.usb: irq 165, io mem 0xee080000
[    2.650967] hub 6-0:1.0: USB hub found
[    2.654758] hub 6-0:1.0: 1 port detected
[    2.660117] cpu cpu0: EM: created perf domain
[    2.666597] renesas_sdhi_internal_dmac ee100000.mmc: Got CD GPIO
[    2.672708] renesas_sdhi_internal_dmac ee100000.mmc: Got WP GPIO
[    2.727668] renesas_sdhi_internal_dmac ee100000.mmc: mmc1 base at 0x00000000ee100000, max clock rate 200 MHz
[    2.740136] renesas_sdhi_internal_dmac ee160000.mmc: Got CD GPIO
[    2.746289] renesas_sdhi_internal_dmac ee160000.mmc: Got WP GPIO
[    2.801251] renesas_sdhi_internal_dmac ee160000.mmc: mmc2 base at 0x00000000ee160000, max clock rate 200 MHz
[    2.821183] [drm] Initialized rcar-du 1.0.0 20130110 for feb00000.display on minor 0
[    2.829044] [drm] Device feb00000.display probed
[    2.873275] Console: switching to colour frame buffer device 128x48
[    2.896255] rcar-du feb00000.display: [drm] fb0: rcar-dudrmfb frame buffer device
[    2.905613] input: keys as /devices/platform/keys/input/input0
[    2.980216] Micrel KSZ9031 Gigabit PHY e6800000.ethernet-ffffffff:00: attached PHY driver [Micrel KSZ9031 Gigabit PHY] (mii_bus:phy_addr=e6800000.ethernet-ffffffff:00, irq=172)
[    9.530551] ravb e6800000.ethernet eth0: Link is Up - 1Gbps/Full - flow control off
[    9.556624] IP-Config: Guessing netmask 255.255.255.0
[    9.561760] IP-Config: Complete:
[    9.565061]      device=eth0, hwaddr=2e:09:0a:02:ee:7f, ipaddr=192.168.8.20, mask=255.255.255.0, gw=255.255.255.255
[    9.575606]      host=192.168.8.20, domain=, nis-domain=(none)
[    9.581509]      bootserver=255.255.255.255, rootserver=192.168.8.8, rootpath=
[    9.581708] clk: Disabling unused clocks
[    9.593684] ALSA device list:
[    9.596753]   #0: rcar-sound
[   10.698769] VFS: Mounted root (nfs4 filesystem) on device 0:22.
[   10.707585] devtmpfs: mounted
[   10.715555] Freeing unused kernel memory: 6144K
[   10.724825] Run /sbin/init as init process
[   11.230800] systemd[1]: System time before build time, advancing clock.
[   11.380467] NET: Registered protocol family 10
[   11.388090] Segment Routing with IPv6
[   11.453603] systemd[1]: systemd 255.4^ running in system mode (+PAM -AUDIT -SELINUX -APPARMOR +IMA -SMACK +SECCOMP -GCRYPT -GNUTLS -OPENSSL +ACL +BLKID -CURL -ELFUTILS -FIDO2 -IDN2 -IDN -IPTC +KMOD -LIBCRYPTSETUP +LIBFDISK -PCRE2 -PWQUALITY -P11KIT -QRENCODE -TPM2 -BZIP2 -LZ4 -XZ -ZLIB +ZSTD -BPF_FRAMEWORK -XKBCOMMON +UTMP +SYSVINIT default-hierarchy=unified)
[   11.489061] systemd[1]: Detected architecture arm64.

Welcome to Poky (Yocto Project Reference Distro) 5.0 (scarthgap)!

[   11.535817] systemd[1]: Hostname set to <salvator-x>.
[   11.785031] systemd-sysv-generator[265]: SysV service '/etc/init.d/umountnfs.sh' lacks a native systemd unit file. ~ Automatically generating a unit file for compatibility. Please update package to include a native systemd unit file, in order to make it safe, robust and future-proof. ! This compatibility logic is deprecated, expect removal soon. !
[   11.854485] systemd-sysv-generator[265]: SysV service '/etc/init.d/set_default_governor.sh' lacks a native systemd unit file. ~ Automatically generating a unit file for compatibility. Please update package to include a native systemd unit file, in order to make it safe, robust and future-proof. ! This compatibility logic is deprecated, expect removal soon. !
[   11.917890] systemd-sysv-generator[265]: SysV service '/etc/init.d/umountfs' lacks a native systemd unit file. ~ Automatically generating a unit file for compatibility. Please update package to include a native systemd unit file, in order to make it safe, robust and future-proof. ! This compatibility logic is deprecated, expect removal soon. !
[   11.978844] systemd-sysv-generator[265]: SysV service '/etc/init.d/save-rtc.sh' lacks a native systemd unit file. ~ Automatically generating a unit file for compatibility. Please update package to include a native systemd unit file, in order to make it safe, robust and future-proof. ! This compatibility logic is deprecated, expect removal soon. !
[   12.030826] systemd-sysv-generator[265]: SysV service '/etc/init.d/reboot' lacks a native systemd unit file. ~ Automatically generating a unit file for compatibility. Please update package to include a native systemd unit file, in order to make it safe, robust and future-proof. ! This compatibility logic is deprecated, expect removal soon. !
[   12.074290] systemd-sysv-generator[265]: SysV service '/etc/init.d/halt' lacks a native systemd unit file. ~ Automatically generating a unit file for compatibility. Please update package to include a native systemd unit file, in order to make it safe, robust and future-proof. ! This compatibility logic is deprecated, expect removal soon. !
[   12.113636] systemd-sysv-generator[265]: SysV service '/etc/init.d/sendsigs' lacks a native systemd unit file. ~ Automatically generating a unit file for compatibility. Please update package to include a native systemd unit file, in order to make it safe, robust and future-proof. ! This compatibility logic is deprecated, expect removal soon. !
[   12.157390] systemd-sysv-generator[265]: SysV service '/etc/init.d/single' lacks a native systemd unit file. ~ Automatically generating a unit file for compatibility. Please update package to include a native systemd unit file, in order to make it safe, robust and future-proof. ! This compatibility logic is deprecated, expect removal soon. !
[   12.195417] systemd-sysv-generator[265]: SysV service '/etc/init.d/pvrinit' lacks a native systemd unit file. ~ Automatically generating a unit file for compatibility. Please update package to include a native systemd unit file, in order to make it safe, robust and future-proof. ! This compatibility logic is deprecated, expect removal soon. !
[   12.249563] systemd-sysv-generator[265]: SysV service '/etc/init.d/dropbear' lacks a native systemd unit file. ~ Automatically generating a unit file for compatibility. Please update package to include a native systemd unit file, in order to make it safe, robust and future-proof. ! This compatibility logic is deprecated, expect removal soon. !
[   14.051876] systemd[1]: Queued start job for default target Graphical Interface.
[   14.140031] systemd[1]: Created slice Slice /system/getty.
[  OK  ] Created slice Slice /system/getty.
[   14.171400] systemd[1]: Created slice Slice /system/modprobe.
[  OK  ] Created slice Slice /system/modprobe.
[   14.199687] systemd[1]: Created slice Slice /system/serial-getty.
[  OK  ] Created slice Slice /system/serial-getty.
[   14.226679] systemd[1]: Created slice User and Session Slice.
[  OK  ] Created slice User and Session Slice.
[   14.253287] systemd[1]: Started Dispatch Password Requests to Console Directory Watch.
[  OK  ] Started Dispatch Password Requests to Console Directory Watch.
[   14.285171] systemd[1]: Started Forward Password Requests to Wall Directory Watch.
[  OK  ] Started Forward Password Requests to Wall Directory Watch.
[   14.312975] systemd[1]: Reached target Path Units.
[  OK  ] Reached target Path Units.
[   14.336799] systemd[1]: Reached target Remote File Systems.
[  OK  ] Reached target Remote File Systems.
[   14.360800] systemd[1]: Reached target Slice Units.
[  OK  ] Reached target Slice Units.
[   14.384804] systemd[1]: Reached target Swaps.
[  OK  ] Reached target Swaps.
[   14.412882] systemd[1]: Listening on RPCbind Server Activation Socket.
[  OK  ] Listening on RPCbind Server Activation Socket.
[   14.440877] systemd[1]: Reached target RPC Port Mapper.
[  OK  ] Reached target RPC Port Mapper.
[   14.474668] systemd[1]: Listening on Syslog Socket.
[  OK  ] Listening on Syslog Socket.
[   14.497303] systemd[1]: Listening on initctl Compatibility Named Pipe.
[  OK  ] Listening on initctl Compatibility Named Pipe.
[   14.528358] systemd[1]: Listening on Journal Audit Socket.
[  OK  ] Listening on Journal Audit Socket.
[   14.549748] systemd[1]: Listening on Journal Socket (/dev/log).
[  OK  ] Listening on Journal Socket (/dev/log).
[   14.573788] systemd[1]: Listening on Journal Socket.
[  OK  ] Listening on Journal Socket.
[   14.600538] systemd[1]: Listening on Network Service Netlink Socket.
[  OK  ] Listening on Network Service Netlink Socket.
[   14.634664] systemd[1]: Listening on udev Control Socket.
[  OK  ] Listening on udev Control Socket.
[   14.657608] systemd[1]: Listening on udev Kernel Socket.
[  OK  ] Listening on udev Kernel Socket.
[   14.684065] systemd[1]: Listening on User Database Manager Socket.
[  OK  ] Listening on User Database Manager Socket.
[   14.719010] systemd[1]: Mounting Huge Pages File System...
         Mounting Huge Pages File System...
[   14.744645] systemd[1]: Mounting POSIX Message Queue File System...
         Mounting POSIX Message Queue File System...
[   14.772687] systemd[1]: Mounting Kernel Debug File System...
         Mounting Kernel Debug File System...
[   14.793259] systemd[1]: Kernel Trace File System was skipped because of an unmet condition check (ConditionPathExists=/sys/kernel/tracing).
[   14.819397] systemd[1]: Mounting Temporary Directory /tmp...
         Mounting Temporary Directory /tmp...
[   14.845767] systemd[1]: Create List of Static Device Nodes was skipped because of an unmet condition check (ConditionFileNotEmpty=/lib/modules/5.10.218-yocto-standard/modules.devname).
[   14.868993] systemd[1]: Starting Load Kernel Module configfs...
         Starting Load Kernel Module configfs...
[   14.892414] systemd[1]: Starting Load Kernel Module drm...
         Starting Load Kernel Module drm...
[   14.909406] systemd[1]: Starting Load Kernel Module fuse...
         Starting Load Kernel Module fuse...
[   14.938378] systemd[1]: Starting RPC Bind...
         Starting RPC Bind...
[   14.959398] systemd[1]: File System Check on Root Device was skipped because of an unmet condition check (ConditionPathIsReadWrite=!/).
[   14.974676] systemd[1]: systemd-journald.service: unit configures an IP firewall, but the local system does not support BPF/cgroup firewalling.
[   14.989250] systemd[1]: systemd-journald.service: (This warning is only shown for the first unit using IP firewalling.)
[   15.004896] systemd[1]: Starting Journal Service...
         Starting Journal Service...
[   15.053271] systemd[1]: Starting Load Kernel Modules...
         Starting Load Kernel Modules...
[   15.094639] systemd[1]: Starting Generate network units from Kernel command line...
         Starting Generate network units from Kernel command line...
[   15.122068] systemd[1]: Starting Remount Root and Kernel File Systems...
         Starting Remount Root and Kernel File Systems...
[   15.145501] systemd-journald[276]: Collecting audit messages is enabled.
[   15.148170] systemd[1]: Starting Create Static Device Nodes in /dev gracefully...
         Starting Create Static Device Nodes in[   15.165946] systemd[1]: Starting Coldplug All udev Devices...
 /dev gracefully...
         Starting Coldplug All udev Devices...
[   15.211803] systemd[1]: Started RPC Bind.
[  OK  ] Started RPC Bind.
[   15.229017] vspm: loading out-of-tree module taints kernel.
[   15.241181] systemd[1]: Mounted Huge Pages File System.
[  OK  ] Mounted Huge Pages File System.
[   15.265998] systemd[1]: Mounted POSIX Message Queue File System.
[  OK  ] Mounted POS[   15.308713] random: crng init done
IX Message Queue File System.
[   15.323265] systemd[1]: Mounted Kernel Debug File System.
[  OK  ] Mounted Kernel Debug File System.
[   15.350084] systemd[1]: Mounted Temporary Directory /tmp.
[  OK  ] Mounted Temporary Directory /tmp.
[   15.365994] systemd[1]: Started Journal Service.
[  OK  ] Started Journal Service.
[  OK  ] Finished Load Kernel Module configfs.
[  OK  ] Finished Load Kernel Module drm.
[  OK  ] Finished Load Kernel Module fuse.
[  OK  ] Finished Load Kernel Modules.
[FAILED] Failed to start Generate network units from Kernel command line.
See 'systemctl status systemd-network-generator.service' for details.
[  OK  ] Finished Remount Root and Kernel File Systems.
[  OK  ] Finished Create Static Device Nodes in /dev gracefully.
[  OK  ] Reached target Preparation for Network.
         Mounting Kernel Configuration File System...
         Starting Flush Journal to Persistent Storage...
         Starting Apply Kernel Variables...
         Starting Create Static Device Nodes in /dev...
[  OK  ] Mounted Kernel Configuration File System   15.735765] systemd-journald[276]: Received client request to flush runtime journal.
m.
[  OK  ] Finished Flush Journal to Persistent Storage.
[  OK  ] Finished Create Static Device Nodes in /dev.
[  OK  ] Reached target Preparation for Local File Systems.
         Mounting /var/volatile...
         Starting Rule-based Manager for Device Events and Files...
[  OK  ] Finished Apply Kernel Variables.
[  OK  ] Mounted /var/volatile.
         Starting Load/Save OS Random Seed...
[  OK  ] Reached target Local File Systems.
         Starting Create Volatile Files and Directories...
[  OK  ] Finished Load/Save OS Random Seed.
[  OK  ] Finished Coldplug All udev Devices.
[  OK  ] Started Rule-based Manager for Device Events and Files.
         Starting Network Configuration...
         Starting User Database Manager...
[   16.595917] ravb_streaming/searching for ravb interface
[   16.641049] ravb_streaming/init: start(eth0)
[   16.663364] ravb_streaming/init: success
[   16.711432] ravb-mch ec5a0100.avb-mch: probe: start
[  OK  ] Started User Database Manager.
[  OK  ] Finished Create Volatile Files and Directories.
[   16.901450] ravb-mch ec5a0100.avb-mch: probe: success
         Starting Network Name Resolution...
         Starting Network Time Synchronization...
         Starting Record System Boot/Shutdown in UTMP...
[  OK  ] Finished Record System Boot/Shutdown in UTMP.
[  OK  ] Started Network Configuration.
[  OK  ] Started Network Name Resolution.
[  OK  ] Started Network Time Synchronization.
[  OK  ] Reached target Network.
[  OK  ] Reached target Host and Network Name Lookups.
[  OK  ] Reached target System Initialization.
[  OK  ] Started Daily Cleanup of Temporary Directories.
[  OK  ] Reached target System Time Set.
[  OK  ] Reached target Timer Units.
[  OK  ] Listening on Avahi mDNS/DNS-SD Stack Activation Socket.
[  OK  ] Listening on D-Bus System Message Bus Socket.
[  OK  ] Listening on dropbear.socket.
[  OK  ] Reached target Socket Units.
[  OK  ] Reached target Basic System.
         Starting Avahi mDNS/DNS-SD Stack...
[  OK  ] Started Kernel Logging Service.
[  OK  ] Started System Logging Service.
         Starting D-Bus System Message Bus...
[  OK  ] Started optee services.
         Starting pvrinit.service...
[   18.144281] adsp ec800000.adsp: assigned reserved memory node linux,adsp@57000000
         Starting PowerVR consumer services...
[   18.208920] adsp ec800000.adsp: virt_addr=00000000b2ff7ee6 phy_addr=0x57000000 size=16777216
         Starting User Login Management...
[   18.278389] XF-IPC: ADSP rate set to 532480000
         Starting Permit User Sessions...
[   18.339120] XF-FW: received firmware (202922 bytes)
[   18.366407] XF-IPC: fill firmware area: 57100000[200884]
[   18.384541] XF-IPC: fill firmware area: ece80000[1992]
[   18.391684] XF: proxy-0 debug interface created
[   18.397948] XF-IPC: DSP start-up sequence completed
[   18.407973] XF: Xtensa DSP Proxy driver registered
[   18.414202] XF: client-1 created: 00000000041c593f
[   18.428824] ADSP base thread has been started.
[   18.436279] ADSP base was created
[  OK  ] Created slice Slice /system/weston.
[  OK  ] Reached target Hardware activated USB gadget.
[   18.717706] PVR_K:  403: Read BVNC 15.5.1.64 from HW device registers
[   18.732750] PVR_K:  403: RGX Device registered with BVNC 15.5.1.64
[   18.761064] pvrsrvkm fd000000.gsx: Found 4 OPP points.
[   18.768724] pvrsrvkm fd000000.gsx: opp[1/4]: (200000000 Hz, 830000 uV)
[  OK  ] Finished Permit Use[   18.792976] pvrsrvkm fd000000.gsx: opp[2/4]: (300000000 Hz, 830000 uV)
r Sessions.
[   18.806420] pvrsrvkm fd000000.gsx: opp[3/4]: (400000000 Hz, 830000 uV)
[   18.814822] pvrsrvkm fd000000.gsx: opp[4/4]: (600000000 Hz, 830000 uV)
[   18.840727] DVFS : Changed GPU clock to 600000000 [Hz]
[  OK  ] Started Getty on tty1.
[   18.878535] PVR_K:  403: RGX Firmware image 'rgx.fw.15.5.1.64' loaded
[  OK  ] Started Serial Getty on ttySC0.
[   18.911782] PVR_K:  403: Shader binary image 'rgx.sh.15.5.1.64' loaded
[   18.922240] [drm] Initialized pvr 1.15.6052913 20170530 for fd000000.gsx on minor 1
[  OK  ] Reached target Login Prompts.
[  OK  ] Started D-Bus System Message Bus.
         Starting Virtual Console Setup...
[  OK  ] Started Avahi mDNS/DNS-SD Stack.
[  OK  ] Stopped Virtual Console Setup.
[   19.122551] rcar_sound ec500000.sound: Can't update kctrl when idle
         Starting Virtual Console Setup...
[  OK  ] Started User Login Management.
[  OK  ] Started pvrinit.service.
         Starting Save/Restore Sound Card State...
         Starting set_default_governor.service...
[  OK  ] Finished PowerVR consumer services.
[   19.343790] rcar_sound ec500000.sound: Can't update kctrl when idle
[  OK  ] Finished Save/Restore Sound Card State.
[  OK  ] Reached target Sound Card.
[  OK  ] Started set_default_governor.service.
[  OK  ] Reached target Multi-User System.
[  OK  ] Reached target Graphical Interface.
         Starting Record Runlevel Change in UTMP...
[  OK  ] Started Weston Wayland Compositor.
[  OK  ] Finished Record Runlevel Change in UTMP.
[  OK  ] Finished Virtual Console Setup.
[   19.933548] audit: type=1006 audit(1721365412.167:2): pid=483 uid=0 old-auid=4294967295 auid=0 tty=(none) old-ses=4294967295 ses=1 res=1

Poky (Yocto Project Reference Distro) 5.0 salvator-x ttySC0

salvator-x login: root

WARNING: Poky is a reference Yocto Project distribution that should be used for
testing and development purposes only. It is recommended that you create your
own distribution for production use.

root@salvator-x:~# reboot
root@salvator-x:~#          Stopping          Stopping Session c2 of User root...
[  OK  ] Removed slice Slice /system/modprobe.
[  OK  ] Stopped target Graphical Interface.
[  OK  ] Stopped target Host and Network Name Lookups.
[  OK  ] Stopped target RPC Port Mapper.
[  OK  ] Stopped target Sound Card.
[  OK  ] Stopped target System Time Set.
[  OK  ] Stopped target Timer Units.
[  OK  ] Stopped Daily Cleanup of Temporary Directories.
[  OK  ] Stopped target Hardware activated USB gadget.
         Stopping Save/Restore Sound Card State...
         Stopping Load/Save OS Random Seed...
         Stopping Weston Wayland Compositor...
[  OK  ] Stopped Serial Getty on ttySC0.
[  OK  ] Stopped Weston Wayland Compositor.
[  OK  ] Stopped Save/Restore Sound Card State.
[  OK  ] Stopped Load/Save OS Random Seed.
[  OK  ] Stopped Session c1 of User root.
[  OK  ] Stopped Session c2 of User root.
[  OK  ] Removed slice Slice /system/serial-getty.
[  OK  ] Removed slice Slice /system/weston.
[  OK  ] Stopped target Multi-User System.
[  OK  ] Stopped target Login Prompts.
         Stopping Avahi mDNS/DNS-SD Stack...
         Stopping Kernel Logging Service...
         Stopping System Logging Service...
         Stopping Getty on tty1...
         Stopping optee services...
         Stopping PowerVR consumer services...
         Stopping set_default_governor.service...
         Stopping User Login Management...
         Stopping User Manager for UID 0...
[  OK  ] Stopped Avahi mDNS/DNS-SD Stack.
[  OK  ] Stopped Kernel Logging Service.
[  OK  ] Stopped System Logging Service.
[  OK  ] Stopped Getty on tty1.
[  OK  ] Stopped User Manager for UID 0.
[  OK  ] Stopped optee services.
[  OK  ] Stopped PowerVR consumer services.
[  OK  ] Stopped set_default_governor.service.
[  OK  ] Stopped User Login Management.
[  OK  ] Removed slice Slice /system/getty.
         Stopping pvrinit.service...
         Stopping Permit User Sessions...
         Stopping User Runtime Directory /run/user/0...
[  OK  ] Stopped pvrinit.service.
[  OK  ] Unmounted /run/user/0.
[  OK  ] Stopped Permit User Sessions.
[  OK  ] Stopped User Runtime Directory /run/user/0.
[  OK  ] Removed slice User Slice of UID 0.
[  OK  ] Stopped target Network.
[  OK  ] Stopped target Remote File Systems.
         Stopping D-Bus System Message Bus...
         Stopping Network Configuration...
[  OK  ] Stopped Network Configuration.
[  OK  ] Stopped D-Bus System Message Bus.
[  OK  ] Stopped target Basic System.
[  OK  ] Stopped target Preparation for Network.
[  OK  ] Stopped target Path Units.
