################################
         #################################################################
         #################################################################
         #################################################################
         #################################################################
         #################################################################
         #################################################################
         #################################################################
         #################################################################
         #################################################################
         #################################################################
         #################################################################
         #################################################################
         #################################################################
         #################################################################
         #################################################################
         #################################################################
         #################################################################
         #################################################################
         #################################################################
         #################################################################
         #################################################################
         #################################################################
         ######################
         863.3 KiB/s
done
Bytes transferred = 33712640 (2026a00 hex)
Using ethernet@e6800000 device
TFTP from server 192.168.8.8; our IP address is 192.168.8.59
Filename 'long.trinh-tien/E3_full/r8a77990-ebisu-4d.dtb'.
Load address: 0x48000000
Loading: ####
         868.2 KiB/s
done
Bytes transferred = 56930 (de62 hex)
Moving Image from 0x48080000 to 0x48200000, end=4a2b0000
## Flattened Device Tree blob at 48000000
   Booting using the fdt blob at 0x48000000
   Loading Device Tree to 0000000053fef000, end 0000000053fffe61 ... OK

Starting kernel ...

[    0.000000] Booting Linux on physical CPU 0x0000000000 [0x410fd034]
[    0.000000] Linux version 5.10.218-yocto-standard (oe-user@oe-host) (aarch64-poky-linux-gcc (GCC) 13.2.0, GNU ld (GNU Binutils) 2.42.0.20240216) #1 SMP PREEMPT Sat Jun 29 06:16:20 UTC 2024
[    0.000000] Machine model: Renesas Ebisu-4D board based on r8a77990
[    0.000000] efi: UEFI not found.
[    0.000000] Reserved memory: created CMA memory pool at 0x0000000057000000, size 16 MiB
[    0.000000] OF: reserved mem: initialized node linux,adsp@57000000, compatible id shared-dma-pool
[    0.000000] Reserved memory: created CMA memory pool at 0x0000000058000000, size 256 MiB
[    0.000000] OF: reserved mem: initialized node linux,cma@58000000, compatible id shared-dma-pool
[    0.000000] Reserved memory: created CMA memory pool at 0x0000000068000000, size 64 MiB
[    0.000000] OF: reserved mem: initialized node linux,multimedia@68000000, compatible id shared-dma-pool
[    0.000000] NUMA: No NUMA configuration found
[    0.000000] NUMA: Faking a node at [mem 0x0000000048000000-0x00000000bfffffff]
[    0.000000] NUMA: NODE_DATA [mem 0xbfc12b00-0xbfc14fff]
[    0.000000] Zone ranges:
[    0.000000]   DMA      [mem 0x0000000048000000-0x00000000bfffffff]
[    0.000000]   DMA32    empty
[    0.000000]   Normal   empty
[    0.000000] Movable zone start for each node
[    0.000000] Early memory node ranges
[    0.000000]   node   0: [mem 0x0000000048000000-0x0000000053ffffff]
[    0.000000]   node   0: [mem 0x0000000054000000-0x0000000056ffffff]
[    0.000000]   node   0: [mem 0x0000000057000000-0x00000000bfffffff]
[    0.000000] Initmem setup node 0 [mem 0x0000000048000000-0x00000000bfffffff]
[    0.000000] psci: probing for conduit method from DT.
[    0.000000] psci: PSCIv1.1 detected in firmware.
[    0.000000] psci: Using standard PSCI v0.2 function IDs
[    0.000000] psci: Trusted OS resident on physical CPU 0x0
[    0.000000] psci: SMC Calling Convention v1.2
[    0.000000] percpu: Embedded 23 pages/cpu s56984 r8192 d29032 u94208
[    0.000000] Detected VIPT I-cache on CPU0
[    0.000000] CPU features: detected: ARM erratum 845719
[    0.000000] Built 1 zonelists, mobility grouping on.  Total pages: 483840
[    0.000000] Policy zone: DMA
[    0.000000] Kernel command line: rw root=/dev/nfs nfsroot=192.168.8.8:/tftpboot/long.trinh-tien/E3_full/rootfs,nfsvers=4 ip=192.168.8.20 baudrate=115200
[    0.000000] Dentry cache hash table entries: 262144 (order: 9, 2097152 bytes, linear)
[    0.000000] Inode-cache hash table entries: 131072 (order: 8, 1048576 bytes, linear)
[    0.000000] mem auto-init: stack:all(zero), heap alloc:off, heap free:off
[    0.000000] Memory: 1499288K/1966080K available (15552K kernel code, 2842K rwdata, 8248K rodata, 6144K init, 518K bss, 122728K reserved, 344064K cma-reserved)
[    0.000000] SLUB: HWalign=64, Order=0-3, MinObjects=0, CPUs=2, Nodes=1
[    0.000000] rcu: Preemptible hierarchical RCU implementation.
[    0.000000] rcu:     RCU event tracing is enabled.
[    0.000000] rcu:     RCU restricting CPUs from NR_CPUS=256 to nr_cpu_ids=2.
[    0.000000]  Trampoline variant of Tasks RCU enabled.
[    0.000000] rcu: RCU calculated value of scheduler-enlistment delay is 25 jiffies.
[    0.000000] rcu: Adjusting geometry for rcu_fanout_leaf=16, nr_cpu_ids=2
[    0.000000] NR_IRQS: 64, nr_irqs: 64, preallocated irqs: 0
[    0.000000] arch_timer: cp15 timer(s) running at 24.00MHz (virt).
[    0.000000] clocksource: arch_sys_counter: mask: 0xffffffffffffff max_cycles: 0x588fe9dc0, max_idle_ns: 440795202592 ns
[    0.000006] sched_clock: 56 bits at 24MHz, resolution 41ns, wraps every 4398046511097ns
[    0.000401] Console: colour dummy device 80x25
[    0.000778] printk: console [tty0] enabled
[    0.000954] Calibrating delay loop (skipped), value calculated using timer frequency.. 48.00 BogoMIPS (lpj=96000)
[    0.000984] pid_max: default: 32768 minimum: 301
[    0.001072] LSM: Security Framework initializing
[    0.001161] Mount-cache hash table entries: 4096 (order: 3, 32768 bytes, linear)
[    0.001184] Mountpoint-cache hash table entries: 4096 (order: 3, 32768 bytes, linear)
[    0.003116] rcu: Hierarchical SRCU implementation.
[    0.005176] Detected Renesas R-Car Gen3 r8a77990 ES1.1
[    0.007082] EFI services will not be available.
[    0.007590] smp: Bringing up secondary CPUs ...
[    0.008403] Detected VIPT I-cache on CPU1
[    0.008516] CPU1: Booted secondary processor 0x0000000001 [0x410fd034]
[    0.008679] smp: Brought up 1 node, 2 CPUs
[    0.008726] SMP: Total of 2 processors activated.
[    0.008741] CPU features: detected: 32-bit EL0 Support
[    0.008754] CPU features: detected: CRC32 instructions
[    0.008767] CPU features: detected: 32-bit EL1 Support
[    0.019823] CPU: All CPU(s) started at EL1
[    0.019906] alternatives: patching kernel code
[    0.021515] devtmpfs: initialized
[    0.030288] KASLR disabled due to lack of seed
[    0.030610] clocksource: jiffies: mask: 0xffffffff max_cycles: 0xffffffff, max_idle_ns: 7645041785100000 ns
[    0.030652] futex hash table entries: 512 (order: 3, 32768 bytes, linear)
[    0.041138] pinctrl core: initialized pinctrl subsystem
[    0.043355] DMI not present or invalid.
[    0.044282] NET: Registered protocol family 16
[    0.046251] DMA: preallocated 256 KiB GFP_KERNEL pool for atomic allocations
[    0.046462] DMA: preallocated 256 KiB GFP_KERNEL|GFP_DMA pool for atomic allocations
[    0.046635] DMA: preallocated 256 KiB GFP_KERNEL|GFP_DMA32 pool for atomic allocations
[    0.046756] audit: initializing netlink subsys (disabled)
[    0.047160] audit: type=2000 audit(0.044:1): state=initialized audit_enabled=0 res=1
[    0.048988] thermal_sys: Registered thermal governor 'power_allocator'
[    0.049576] cpuidle: using governor menu
[    0.049894] hw-breakpoint: found 6 breakpoint and 4 watchpoint registers.
[    0.050015] ASID allocator initialised with 65536 entries
[    0.052129] Serial: AMBA PL011 UART driver
[    0.101798] sh-pfc e6060000.pinctrl: r8a77990_pfc support registered
[    0.120075] HugeTLB registered 1.00 GiB page size, pre-allocated 0 pages
[    0.120126] HugeTLB registered 32.0 MiB page size, pre-allocated 0 pages
[    0.120138] HugeTLB registered 2.00 MiB page size, pre-allocated 0 pages
[    0.120150] HugeTLB registered 64.0 KiB page size, pre-allocated 0 pages
[    0.121576] cryptd: max_cpu_qlen set to 1000
[    0.124910] ACPI: Interpreter disabled.
[    0.130889] rcar_avs_init: cannot find compatible dts node
[    0.133840] iommu: Default domain type: Translated
[    0.135017] ipmmu-vmsa e67b0000.iommu: IPMMU context 0 is reserved
[    0.136883] vgaarb: loaded
[    0.137392] SCSI subsystem initialized
[    0.138038] usbcore: registered new interface driver usbfs
[    0.138102] usbcore: registered new interface driver hub
[    0.138154] usbcore: registered new device driver usb
[    0.141696] i2c-sh_mobile e60b0000.i2c: I2C adapter 7, bus speed 400000 Hz
[    0.142768] mc: Linux media interface: v0.10
[    0.142826] videodev: Linux video capture interface: v2.00
[    0.142981] pps_core: LinuxPPS API ver. 1 registered
[    0.142994] pps_core: Software ver. 5.3.6 - Copyright 2005-2007 Rodolfo Giometti <giometti@linux.it>
[    0.143017] PTP clock support registered
[    0.143466] EDAC MC: Ver: 3.0.0
[    0.147666] FPGA manager framework
[    0.147853] Advanced Linux Sound Architecture Driver Initialized.
[    0.149191] clocksource: Switched to clocksource arch_sys_counter
[    0.149753] VFS: Disk quotas dquot_6.6.0
[    0.149851] VFS: Dquot-cache hash table entries: 512 (order 0, 4096 bytes)
[    0.150163] pnp: PnP ACPI: disabled
[    0.155680] NET: Registered protocol family 2
[    0.155949] IP idents hash table entries: 32768 (order: 6, 262144 bytes, linear)
[    0.157071] tcp_listen_portaddr_hash hash table entries: 1024 (order: 2, 16384 bytes, linear)
[    0.157135] TCP established hash table entries: 16384 (order: 5, 131072 bytes, linear)
[    0.157423] TCP bind hash table entries: 16384 (order: 6, 262144 bytes, linear)
[    0.157750] TCP: Hash tables configured (established 16384 bind 16384)
[    0.157966] UDP hash table entries: 1024 (order: 3, 32768 bytes, linear)
[    0.158026] UDP-Lite hash table entries: 1024 (order: 3, 32768 bytes, linear)
[    0.158322] NET: Registered protocol family 1
[    0.159127] RPC: Registered named UNIX socket transport module.
[    0.159164] RPC: Registered udp transport module.
[    0.159175] RPC: Registered tcp transport module.
[    0.159184] RPC: Registered tcp NFSv4.1 backchannel transport module.
[    0.159213] PCI: CLS 0 bytes, default 64
[    0.160294] hw perfevents: enabled with armv8_cortex_a53 PMU driver, 7 counters available
[    0.161287] kvm [1]: HYP mode not available
[    0.165473] Initialise system trusted keyrings
[    0.165922] workingset: timestamp_bits=42 max_order=19 bucket_order=0
[    0.171824] squashfs: version 4.0 (2009/01/31) Phillip Lougher
[    0.172758] NFS: Registering the id_resolver key type
[    0.172870] Key type id_resolver registered
[    0.172880] Key type id_legacy registered
[    0.172980] nfs4filelayout_init: NFSv4 File Layout Driver Registering...
[    0.172995] nfs4flexfilelayout_init: NFSv4 Flexfile Layout Driver Registering...
[    0.173375] 9p: Installing v9fs 9p2000 file system support
[    0.210482] Key type asymmetric registered
[    0.210531] Asymmetric key parser 'x509' registered
[    0.210632] Block layer SCSI generic (bsg) driver version 0.4 loaded (major 243)
[    0.210652] io scheduler mq-deadline registered
[    0.210668] io scheduler kyber registered
[    0.227757] gpio_rcar e6050000.gpio: driving 18 GPIOs
[    0.228672] gpio_rcar e6051000.gpio: driving 23 GPIOs
[    0.229538] gpio_rcar e6052000.gpio: driving 26 GPIOs
[    0.230341] gpio_rcar e6053000.gpio: driving 16 GPIOs
[    0.231082] gpio_rcar e6054000.gpio: driving 11 GPIOs
[    0.231802] gpio_rcar e6055000.gpio: driving 20 GPIOs
[    0.232510] gpio_rcar e6055400.gpio: driving 18 GPIOs
[    0.238702] rcar-pcie fe000000.pcie: host bridge /soc/pcie@fe000000 ranges:
[    0.238778] rcar-pcie fe000000.pcie:       IO 0x00fe100000..0x00fe1fffff -> 0x0000000000
[    0.238815] rcar-pcie fe000000.pcie:      MEM 0x00fe200000..0x00fe3fffff -> 0x00fe200000
[    0.238843] rcar-pcie fe000000.pcie:      MEM 0x0030000000..0x0037ffffff -> 0x0030000000
[    0.238865] rcar-pcie fe000000.pcie:      MEM 0x0038000000..0x003fffffff -> 0x0038000000
[    0.238891] rcar-pcie fe000000.pcie:   IB MEM 0x0040000000..0x00bfffffff -> 0x0040000000
[    0.238972] rcar-pcie fe000000.pcie: no pcie3v3 regulator found
[    0.238988] rcar-pcie fe000000.pcie: no pcie1v8 regulator found
[    0.291426] rcar-pcie fe000000.pcie: PCIe link down
[    0.295397] EINJ: ACPI disabled.
[    0.345314] Serial: 8250/16550 driver, 4 ports, IRQ sharing enabled
[    0.350225] SuperH (H)SCI(F) driver initialized
[    0.351134] e6e88000.serial: ttySC0 at MMIO 0xe6e88000 (irq = 119, base_baud = 0) is a scif
[    1.323269] printk: console [ttySC0] enabled
[    1.330475] msm_serial: driver initialized
[    1.356975] loop: module loaded
[    1.363174] megasas: 07.714.04.00-rc1
[    1.378744] tun: Universal TUN/TAP device driver, 1.6
[    1.386189] thunder_xcv, ver 1.0
[    1.389556] thunder_bgx, ver 1.0
[    1.392824] nicpf, ver 1.0
[    1.398602] hclge is initializing
[    1.402062] hns3: Hisilicon Ethernet Network Driver for Hip08 Family - version
[    1.409325] hns3: Copyright (c) 2017 Huawei Corporation.
[    1.414814] e1000: Intel(R) PRO/1000 Network Driver
[    1.419716] e1000: Copyright (c) 1999-2006 Intel Corporation.
[    1.425528] e1000e: Intel(R) PRO/1000 Network Driver
[    1.430511] e1000e: Copyright(c) 1999 - 2015 Intel Corporation.
[    1.436505] igb: Intel(R) Gigabit Ethernet Network Driver
[    1.441939] igb: Copyright (c) 2007-2014 Intel Corporation.
[    1.447569] igbvf: Intel(R) Gigabit Virtual Function Network Driver
[    1.453861] igbvf: Copyright (c) 2009 - 2012 Intel Corporation.
[    1.460937] sky2: driver version 1.30
[    1.470540] ravb e6800000.ethernet eth0: Base address at 0xe6800000, 2e:09:0a:03:87:d5, IRQ 114.
[    1.482870] VFIO - User Level meta-driver version: 0.3
[    1.492748] ehci_hcd: USB 2.0 'Enhanced' Host Controller (EHCI) Driver
[    1.499390] ehci-pci: EHCI PCI platform driver
[    1.503933] ehci-platform: EHCI generic platform driver
[    1.510302] ehci-orion: EHCI orion driver
[    1.514960] ehci-exynos: EHCI Exynos driver
[    1.519561] ohci_hcd: USB 1.1 'Open' Host Controller (OHCI) Driver
[    1.525830] ohci-pci: OHCI PCI platform driver
[    1.530395] ohci-platform: OHCI generic platform driver
[    1.536590] ohci-exynos: OHCI Exynos driver
[    1.542588] xhci-hcd ee000000.usb: xHCI Host Controller
[    1.547960] xhci-hcd ee000000.usb: new USB bus registered, assigned bus number 1
[    1.570356] xhci-hcd ee000000.usb: hcc params 0x014051ce hci version 0x100 quirks 0x0000000000830410
[    1.579606] xhci-hcd ee000000.usb: irq 140, io mem 0xee000000
[    1.585616] xhci-hcd ee000000.usb: xHCI Host Controller
[    1.590885] xhci-hcd ee000000.usb: new USB bus registered, assigned bus number 2
[    1.598324] xhci-hcd ee000000.usb: Host supports USB 3.0 SuperSpeed
[    1.605608] hub 1-0:1.0: USB hub found
[    1.609435] hub 1-0:1.0: 1 port detected
[    1.613768] usb usb2: We don't know the algorithms for LPM for this host, disabling LPM.
[    1.622575] hub 2-0:1.0: USB hub found
[    1.626393] hub 2-0:1.0: 1 port detected
[    1.632271] usbcore: registered new interface driver usb-storage
[    1.642233] renesas_usbhs e6590000.usb: host probed
[    1.647242] renesas_usbhs e6590000.usb: no transceiver found
[    1.653101] renesas_usbhs e6590000.usb: gadget probed
[    1.658375] renesas_usbhs e6590000.usb: probed
[    1.668434] i2c /dev entries driver
[    1.678688] pca953x 0-0020: supply vcc not found, using dummy regulator
[    1.685584] pca953x 0-0020: using no AI
[    1.693673] adv7511 0-0039: supply avdd not found, using dummy regulator
[    1.700644] adv7511 0-0039: supply dvdd not found, using dummy regulator
[    1.707658] adv7511 0-0039: supply pvdd not found, using dummy regulator
[    1.714454] adv7511 0-0039: supply bgvdd not found, using dummy regulator
[    1.721379] adv7511 0-0039: supply dvdd-3v not found, using dummy regulator
[    1.739353] i2c-rcar e6500000.i2c: probed
[    1.753937] cs2000-cp 3-004f: revision - C1
[    1.758370] i2c-rcar e66d0000.i2c: probed
[    1.765137] adv748x 0-0070: Endpoint /soc/i2c@e6500000/video-receiver@70/port@7/endpoint on port 7
[    1.774243] adv748x 0-0070: Endpoint /soc/i2c@e6500000/video-receiver@70/port@8/endpoint on port 8
[    1.783398] adv748x 0-0070: Endpoint /soc/i2c@e6500000/video-receiver@70/port@a/endpoint on port 10
[    1.793543] adv748x 0-0070: chip found @ 0xe0 revision 2143
[    1.891056] rcar-csi2 feaa0000.csi2: 2 lanes found
[    1.901740] rcar-vin e6ef4000.video: Device registered as video0
[    1.908015] rcar-vin e6ef5000.video: Device registered as video1
[    1.915639] usbcore: registered new interface driver uvcvideo
[    1.921575] USB Video Class driver (1.1.1)
[    1.932709] rcar_thermal e6190000.thermal: 1 sensor probed
[    1.946556] cpu cpu0: EM: invalid perf. state: -22
[    1.958639] sdhci: Secure Digital Host Controller Interface driver
[    1.964951] sdhci: Copyright(c) Pierre Ossman
[    1.971629] renesas_sdhi_internal_dmac ee100000.mmc: Got CD GPIO
[    1.977882] renesas_sdhi_internal_dmac ee100000.mmc: Got WP GPIO
[    1.987010] renesas_sdhi_internal_dmac ee120000.mmc: Got CD GPIO
[    1.998405] renesas_sdhi_internal_dmac ee160000.mmc: Adding to iommu group 0
[    2.005766] renesas_sdhi_internal_dmac ee160000.mmc: Using IPMMU context 1
[    2.062260] renesas_sdhi_internal_dmac ee160000.mmc: mmc0 base at 0x00000000ee160000, max clock rate 200 MHz
[    2.074180] Synopsys Designware Multimedia Card Interface Driver
[    2.083940] sdhci-pltfm: SDHCI platform and OF driver helper
[    2.095348] ledtrig-cpu: registered to indicate activity on CPUs
[    2.103860] SMCCC: SOC_ID: ARCH_SOC_ID not implemented, skipping ....
[    2.112070] usbcore: registered new interface driver usbhid
[    2.117740] usbhid: USB HID core driver
[    2.130934] optee: probing for conduit method.
[    2.135552] optee: revision 3.22 (314ecf9d)
[    2.136044] optee driver R-Car Rev.1.0.11
[    2.145084] optee: dynamic shared memory is enabled
[    2.150695] optee: initialized driver
[    2.158382] mmc0: new HS400 MMC card at address 0001
[    2.164813] mmcblk0: mmc0:0001 DG4032 29.1 GiB
[    2.170175] mmcblk0boot0: mmc0:0001 DG4032 partition 1 4.00 MiB
[    2.176934] mmcblk0boot1: mmc0:0001 DG4032 partition 2 4.00 MiB
[    2.183363] mmcblk0rpmb: mmc0:0001 DG4032 partition 3 4.00 MiB, chardev (509:0)
[    2.195199] rcar_sound ec500000.sound: probed
[    2.195871]  mmcblk0: p1 p2
[    2.201309] rcar_adsp_sound adsp_sound: probed
[    2.208006] NET: Registered protocol family 17
[    2.212859] 9pnet: Installing 9P2000 support
[    2.217273] Key type dns_resolver registered
[    2.222367] registered taskstats version 1
[    2.226534] Loading compiled-in X.509 certificates
[    2.243992] thermal emergency: set temperature to 110 celsius
[    2.250008] thermal emergency: shutdown target cpus 1
[    2.255102] thermal emergency: freq scaled target cpus 0
[    2.261389] renesas_irqc e61c0000.interrupt-controller: driving 6 irqs
[    2.321267] ehci-platform ee080100.usb: EHCI Host Controller
[    2.327057] ehci-platform ee080100.usb: new USB bus registered, assigned bus number 3
[    2.335130] ehci-platform ee080100.usb: irq 142, io mem 0xee080100
[    2.357231] ehci-platform ee080100.usb: USB 2.0 started, EHCI 1.10
[    2.364474] hub 3-0:1.0: USB hub found
[    2.368327] hub 3-0:1.0: 1 port detected
[    2.376037] ohci-platform ee080000.usb: Generic Platform OHCI controller
[    2.382998] ohci-platform ee080000.usb: new USB bus registered, assigned bus number 4
[    2.391068] ohci-platform ee080000.usb: irq 142, io mem 0xee080000
[    2.488381] hub 4-0:1.0: USB hub found
[    2.492251] hub 4-0:1.0: 1 port detected
[    2.501121] renesas_sdhi_internal_dmac ee100000.mmc: Got CD GPIO
[    2.507504] renesas_sdhi_internal_dmac ee100000.mmc: Got WP GPIO
[    2.563571] renesas_sdhi_internal_dmac ee100000.mmc: mmc1 base at 0x00000000ee100000, max clock rate 200 MHz
[    2.578575] renesas_sdhi_internal_dmac ee120000.mmc: Got CD GPIO
[    2.634581] renesas_sdhi_internal_dmac ee120000.mmc: mmc2 base at 0x00000000ee120000, max clock rate 200 MHz
[    2.670701] [drm] Initialized rcar-du 1.0.0 20130110 for feb00000.display on minor 0
[    2.678614] [drm] Device feb00000.display probed
[    2.730208] Console: switching to colour frame buffer device 128x48
[    2.752626] rcar-du feb00000.display: [drm] fb0: rcar-dudrmfb frame buffer device
[    2.832536] ravb e6800000.ethernet eth0: limited PHY to 100Mbit/s
[    2.838877] Micrel KSZ9031 Gigabit PHY e6800000.ethernet-ffffffff:00: attached PHY driver [Micrel KSZ9031 Gigabit PHY] (mii_bus:phy_addr=e6800000.ethernet-ffffffff:00, irq=147)
[    4.414378] ravb e6800000.ethernet eth0: Link is Up - 100Mbps/Full - flow control off
[    4.441218] IP-Config: Guessing netmask 255.255.255.0
[    4.446411] IP-Config: Complete:
[    4.449736]      device=eth0, hwaddr=2e:09:0a:03:87:d5, ipaddr=192.168.8.20, mask=255.255.255.0, gw=255.255.255.255
[    4.460407]      host=192.168.8.20, domain=, nis-domain=(none)
[    4.466372]      bootserver=255.255.255.255, rootserver=192.168.8.8, rootpath=
[    4.466660] clk: Disabling unused clocks
[    4.478620] ALSA device list:
[    4.481687]   #0: rcar-sound
[    4.539798] VFS: Mounted root (nfs4 filesystem) on device 0:22.
[    4.548829] devtmpfs: mounted
[    4.555645] Freeing unused kernel memory: 6144K
[    4.565435] Run /sbin/init as init process
[    5.683088] systemd[1]: System time before build time, advancing clock.
[    5.895326] NET: Registered protocol family 10
[    5.904358] Segment Routing with IPv6
[    6.014342] systemd[1]: systemd 255.4^ running in system mode (+PAM -AUDIT -SELINUX -APPARMOR +IMA -SMACK +SECCOMP -GCRYPT -GNUTLS -OPENSSL +ACL +BLKID -CURL -ELFUTILS -FIDO2 -IDN2 -IDN -IPTC +KMOD -LIBCRYPTSETUP +LIBFDISK -PCRE2 -PWQUALITY -P11KIT -QRENCODE -TPM2 -BZIP2 -LZ4 -XZ -ZLIB +ZSTD -BPF_FRAMEWORK -XKBCOMMON +UTMP +SYSVINIT default-hierarchy=unified)
[    6.059085] systemd[1]: Detected architecture arm64.

Welcome to Poky (Yocto Project Reference Distro) 5.0 (scarthgap)!

[    6.116021] systemd[1]: Hostname set to <ebisu>.
[    6.309275] random: crng init done
[    6.553945] systemd-sysv-generator[238]: SysV service '/etc/init.d/umountnfs.sh' lacks a native systemd unit file. ~ Automatically generating a unit file for compatibility. Please update package to include a native systemd unit file, in order to make it safe, robust and future-proof. ! This compatibility logic is deprecated, expect removal soon. !
[    6.632683] systemd-sysv-generator[238]: SysV service '/etc/init.d/set_default_governor.sh' lacks a native systemd unit file. ~ Automatically generating a unit file for compatibility. Please update package to include a native systemd unit file, in order to make it safe, robust and future-proof. ! This compatibility logic is deprecated, expect removal soon. !
[    6.705946] systemd-sysv-generator[238]: SysV service '/etc/init.d/umountfs' lacks a native systemd unit file. ~ Automatically generating a unit file for compatibility. Please update package to include a native systemd unit file, in order to make it safe, robust and future-proof. ! This compatibility logic is deprecated, expect removal soon. !
[    6.775173] systemd-sysv-generator[238]: SysV service '/etc/init.d/save-rtc.sh' lacks a native systemd unit file. ~ Automatically generating a unit file for compatibility. Please update package to include a native systemd unit file, in order to make it safe, robust and future-proof. ! This compatibility logic is deprecated, expect removal soon. !
[    6.835669] systemd-sysv-generator[238]: SysV service '/etc/init.d/reboot' lacks a native systemd unit file. ~ Automatically generating a unit file for compatibility. Please update package to include a native systemd unit file, in order to make it safe, robust and future-proof. ! This compatibility logic is deprecated, expect removal soon. !
[    6.887611] systemd-sysv-generator[238]: SysV service '/etc/init.d/halt' lacks a native systemd unit file. ~ Automatically generating a unit file for compatibility. Please update package to include a native systemd unit file, in order to make it safe, robust and future-proof. ! This compatibility logic is deprecated, expect removal soon. !
[    6.936507] systemd-sysv-generator[238]: SysV service '/etc/init.d/sendsigs' lacks a native systemd unit file. ~ Automatically generating a unit file for compatibility. Please update package to include a native systemd unit file, in order to make it safe, robust and future-proof. ! This compatibility logic is deprecated, expect removal soon. !
[    6.988353] systemd-sysv-generator[238]: SysV service '/etc/init.d/single' lacks a native systemd unit file. ~ Automatically generating a unit file for compatibility. Please update package to include a native systemd unit file, in order to make it safe, robust and future-proof. ! This compatibility logic is deprecated, expect removal soon. !
[    7.035907] systemd-sysv-generator[238]: SysV service '/etc/init.d/pvrinit' lacks a native systemd unit file. ~ Automatically generating a unit file for compatibility. Please update package to include a native systemd unit file, in order to make it safe, robust and future-proof. ! This compatibility logic is deprecated, expect removal soon. !
[    7.101068] systemd-sysv-generator[238]: SysV service '/etc/init.d/dropbear' lacks a native systemd unit file. ~ Automatically generating a unit file for compatibility. Please update package to include a native systemd unit file, in order to make it safe, robust and future-proof. ! This compatibility logic is deprecated, expect removal soon. !
[    8.966002] systemd[1]: Queued start job for default target Graphical Interface.
[    9.082762] systemd[1]: Created slice Slice /system/getty.
[  OK  ] Created slice Slice /system/getty.
[    9.116811] systemd[1]: Created slice Slice /system/modprobe.
[  OK  ] Created slice Slice /system/modprobe.
[    9.149537] systemd[1]: Created slice Slice /system/serial-getty.
[  OK  ] Created slice Slice /system/serial-getty.
[    9.179965] systemd[1]: Created slice User and Session Slice.
[  OK  ] Created slice User and Session Slice.
[    9.210485] systemd[1]: Started Dispatch Password Requests to Console Directory Watch.
[  OK  ] Started Dispatch Password Requests to Console Directory Watch.
[    9.246235] systemd[1]: Started Forward Password Requests to Wall Directory Watch.
[  OK  ] Started Forward Password Requests to Wall Directory Watch.
[    9.277999] systemd[1]: Reached target Path Units.
[  OK  ] Reached target Path Units.
[    9.305702] systemd[1]: Reached target Remote File Systems.
[  OK  ] Reached target Remote File Systems.
[    9.333714] systemd[1]: Reached target Slice Units.
[  OK  ] Reached target Slice Units.
[    9.361718] systemd[1]: Reached target Swaps.
[  OK  ] Reached target Swaps.
[    9.389983] systemd[1]: Listening on RPCbind Server Activation Socket.
[  OK  ] Listening on RPCbind Server Activation Socket.
[    9.421712] systemd[1]: Reached target RPC Port Mapper.
[  OK  ] Reached target RPC Port Mapper.
[    9.459305] systemd[1]: Listening on Syslog Socket.
[  OK  ] Listening on Syslog Socket.
[    9.486432] systemd[1]: Listening on initctl Compatibility Named Pipe.
[  OK  ] Listening on initctl Compatibility Named Pipe.
[    9.522210] systemd[1]: Listening on Journal Audit Socket.
[  OK  ] Listening on Journal Audit Socket.
[    9.550900] systemd[1]: Listening on Journal Socket (/dev/log).
[  OK  ] Listening on Journal Socket (/dev/log).
[    9.579194] systemd[1]: Listening on Journal Socket.
[  OK  ] Listening on Journal Socket.
[    9.609792] systemd[1]: Listening on Network Service Netlink Socket.
[  OK  ] Listening on Network Service Netlink Socket.
[    9.647734] systemd[1]: Listening on udev Control Socket.
[  OK  ] Listening on udev Control Socket.
[    9.674883] systemd[1]: Listening on udev Kernel Socket.
[  OK  ] Listening on udev Kernel Socket.
[    9.705160] systemd[1]: Listening on User Database Manager Socket.
[  OK  ] Listening on User Database Manager Socket.
[    9.748696] systemd[1]: Mounting Huge Pages File System...
         Mounting Huge Pages File System...
[    9.781760] systemd[1]: Mounting POSIX Message Queue File System...
         Mounting POSIX Message Queue File System...
[    9.827891] systemd[1]: Mounting Kernel Debug File System...
         Mounting Kernel Debug File System...
[    9.854469] systemd[1]: Kernel Trace File System was skipped because of an unmet condition check (ConditionPathExists=/sys/kernel/tracing).
[    9.906699] systemd[1]: Mounting Temporary Directory /tmp...
         Mounting Temporary Directory /tmp...
[    9.929616] systemd[1]: Create List of Static Device Nodes was skipped because of an unmet condition check (ConditionFileNotEmpty=/lib/modules/5.10.218-yocto-standard/modules.devname).
[    9.968033] systemd[1]: Starting Load Kernel Module configfs...
         Starting Load Kernel Module configfs...
[   10.002457] systemd[1]: Starting Load Kernel Module drm...
         Starting Load Kernel Module drm...
[   10.048214] systemd[1]: Starting Load Kernel Module fuse...
         Starting Load Kernel Module fuse...
[   10.105359] systemd[1]: Starting RPC Bind...
         Starting RPC Bind...
[   10.128366] systemd[1]: File System Check on Root Device was skipped because of an unmet condition check (ConditionPathIsReadWrite=!/).
[   10.150249] systemd[1]: systemd-journald.service: unit configures an IP firewall, but the local system does not support BPF/cgroup firewalling.
[   10.170414] systemd[1]: systemd-journald.service: (This warning is only shown for the first unit using IP firewalling.)
[   10.194005] systemd[1]: Starting Journal Service...
         Starting Journal Service...
[   10.296088] systemd[1]: Starting Load Kernel Modules...
         Starting Load Kernel Modules...
[   10.368609] systemd[1]: Starting Generate network units from Kernel command line...
         Starting Generate network units from Kernel command line...
[   10.447150] systemd[1]: Starting Remount Root and Kernel File Systems...
         Starting Remount Root and Kernel File Systems...
[   10.489283] systemd[1]: Starting Create Static Device Nodes in /dev gracefully...
         Starting    10.501358] systemd-journald[249]: Collecting audit messages is enabled.
39mCreate Static Device Nodes in /dev gracefully...
[   10.523512] systemd[1]: Starting Coldplug All udev Devices...
         Starting Coldplug All udev Devices...
[   10.591656] systemd[1]: Started RPC Bind.
[  OK  ] Started RPC Bind.
[   10.624678] systemd[1]: Mounted Huge Pages File System.
[   10.662149] vspm: loading out-of-tree module taints kernel.
[  OK  ] Mounted Huge Pages File System.
[   10.691885] systemd[1]: Mounted POSIX Message Queue File System.
[  OK  ] Mounted POSIX Message Queue File System.
[   10.751448] systemd[1]: Mounted Kernel Debug File System.
[  OK  ] Mounted Kernel Debug File System.
[   10.816703] systemd[1]: Mounted Temporary Directory /tmp.
[  OK  ] Mounted Temporary Directory /tmp.
[   10.849994] systemd[1]: Started Journal Service.
[  OK  ] Started Journal Service.
[  OK  ] Finished Load Kernel Module configfs.
[  OK  ] Finished Load Kernel Module drm.
[  OK  ] Finished Load Kernel Module fuse.
[  OK  ] Finished Load Kernel Modules.
[FAILED] Failed to start Generate network units from Kernel command line.
See 'systemctl status systemd-network-generator.service' for details.
[  OK  ] Finished Remount Root and Kernel File Systems.
[  OK  ] Reached target Preparation for Network.
         Mounting Kernel Configuration File System...
         Starting Flush Journal to Persistent Storage...
         Starting Apply Kernel Variables...
[  OK  ] Finished Create Static Device Nodes in /dev gracefully.
         Starting Create Static Device Nodes in /dev...
[  OK  ] Mounted Kernel Configuration File System.
[   11.510300] systemd-journald[249]: Received client request to flush runtime journal.
[  OK  ] Finished Flush Journal to Persistent Storage.
[  OK  ] Finished Apply Kernel Variables.
[  OK  ] Finished Create Static Device Nodes in /dev.
[  OK  ] Reached target Preparation for Local File Systems.
         Mounting /var/volatile...
         Starting Rule-based Manager for Device Events and Files...
[  OK  ] Mounted /var/volatile.
         Starting Load/Save OS Random Seed...
[  OK  ] Reached target Local File Systems.
         Starting Create Volatile Files and Directories...
[  OK  ] Finished Load/Save OS Random Seed.
[  OK  ] Started Rule-based Manager for Device Events and Files.
         Starting Network Configuration...
[  OK  ] Finished Coldplug All udev Devices.
         Starting User Database Manager...
[  OK  ] Finished Create Volatile Files and Directories.
         Starting Network Name Resolution...
         Starting Network Time Synchronization...
         Starting Record System Boot/Shutdown in UTMP...
[   13.470165] ravb_streaming/searching for ravb interface
[  OK  ] Started User Database Manager.
[   13.755440] ravb_streaming/init: start(eth0)
[  OK  ] Finished Record System Boot/Shutdown in UTMP.
[   14.233568] ravb_streaming/init: success
[   14.296006] ravb-mch ec5a0100.avb-mch: probe: start
[   14.450885] ravb-mch ec5a0100.avb-mch: probe: success
[  OK  ] Started Network Time Synchronization.
[  OK  ] Reached target System Time Set.
[  OK  ] Started Network Configuration.
[  OK  ] Started Network Name Resolution.
[  OK  ] Reached target Network.
[  OK  ] Reached target Host and Network Name Lookups.
[  OK  ] Reached target System Initialization.
[  OK  ] Started Daily Cleanup of Temporary Directories.
[  OK  ] Reached target Timer Units.
[  OK  ] Listening on Avahi mDNS/DNS-SD Stack Activation Socket.
[  OK  ] Listening on D-Bus System Message Bus Socket.
[  OK  ] Listening on dropbear.socket.
[  OK  ] Reached target Socket Units.
[  OK  ] Reached target Basic System.
         Starting Avahi mDNS/DNS-SD Stack...
[  OK  ] Started Kernel Logging Service.
[  OK  ] Started System Logging Service.
         Starting D-Bus System Message Bus...
[  OK  ] Started optee services.
         Starting pvrinit.service...
         Starting PowerVR consumer services...
         Starting User Login Management...
         Starting Permit User Sessions...
[  OK  ] Started D-Bus System Message Bus.
[  OK  ] Started Avahi mDNS/DNS-SD Stack.
[  OK  ] Finished Permit User Sessions.
[  OK  ] Started Getty on tty1.
[  OK  ] Started Serial Getty on ttySC0.
[  OK  ] Reached target Login Prompts.
[   17.217722] PVR_K:  363: Read BVNC 22.67.54.30 from HW device registers
[   17.237539] PVR_K:  363: RGX Device registered with BVNC 22.67.54.30
[   17.257827] pvrsrvkm fd000000.gsx: Found 2 OPP points.
[   17.281419] pvrsrvkm fd000000.gsx: opp[1/2]: (300000000 Hz, 820000 uV)
[   17.308301] pvrsrvkm fd000000.gsx: opp[2/2]: (600000000 Hz, 820000 uV)
[   17.352371] PVR_K:  363: RGX Firmware image 'rgx.fw.22.67.54.30' loaded
[   17.420015] PVR_K:  363: Shader binary image 'rgx.sh.22.67.54.30' loaded
[   17.451168] [drm] Initialized pvr 1.15.6052913 20170530 for fd000000.gsx on minor 1
[  OK  ] Started User Login Management.
[  OK  ] Finished PowerVR consumer services.
[  OK  ] Started pvrinit.service.
         Starting set_default_governor.service...
[  OK  ] Started set_default_governor.service.
[  OK  ] Reached target Multi-User System.
[  OK  ] Reached target Graphical Interface.
         Starting Record Runlevel Change in UTMP...
[  OK  ] Finished Record Runlevel Change in UTMP.
[   18.576470] adsp ec800000.adsp: assigned reserved memory node linux,adsp@57000000
[   18.642803] adsp ec800000.adsp: virt_addr=00000000cc1bf09a phy_addr=0x57000000 size=16777216
[   18.693581] XF-IPC: failed to get adsp local memory itcm0
[   18.706571] adsp: probe of ec800000.adsp failed with error -2
[   18.715050] XF: IPC layer initialization failed: -19

Poky (Yocto Project Reference Distro) 5.0 ebisu ttySC0

ebisu login: [   19.544976] rcar_sound ec500000.sound: Can't update kctrl when idle
[   20.309079] rcar_sound ec500000.sound: Can't update kctrl when idle
[   20.441730] audit: type=1006 audit(1721291762.499:2): pid=438 uid=0 old-auid=4294967295 auid=0 tty=(none) old-ses=4294967295 ses=1 res=1
[   35.813330] SDHI0 VccQ: disabling
[   35.816689] SDHI1 VccQ: disabling
root

WARNING: Poky is a reference Yocto Project distribution that should be used for
testing and development purposes only. It is recommended that you create your
own distribution for production use.

root@ebisu:~# cd v4l2-TP/Gen3_vsp2_tp
root@ebisu:~/v4l2-TP/Gen3_vsp2_tp# ./vsp2_tp_e32

## ./vsp2_tp_e32 for E3 start ( Build : Jul 18 2024 05:39:43 ) ...


>
run ^H^C
## catch signal( 2 ) -->  end !!


root@ebisu:~/v4l2-TP/Gen3_vsp2_tp# ./vsp2_tp_e32

## ./vsp2_tp_e32 for E3 start ( Build : Jul 18 2024 05:39:43 ) ...


>
mac run testTest_other.mac
## success ##


>
^C
## catch signal( 2 ) -->  end !!


root@ebisu:~/v4l2-TP/Gen3_vsp2_tp# ^C
root@ebisu:~/v4l2-TP/Gen3_vsp2_tp# modprobe -a mmngr mmngrbuf
[  102.983927] rgnmm_drv mmngr: assigned reserved memory node linux,multimedia@68000000
root@ebisu:~/v4l2-TP/Gen3_vsp2_tp# ./vsp2_tp_e32

## ./vsp2_tp_e32 for E3 start ( Build : Jul 18 2024 05:39:43 ) ...


>
mac run test^C
## catch signal( 2 ) -->  end !!


root@ebisu:~/v4l2-TP/Gen3_vsp2_tp# ./vsp2_tp_e32

## ./vsp2_tp_e32 for E3 start ( Build : Jul 18 2024 05:39:43 ) ...


>
mac run totalTest_other.mac
## ===================

##  'totalTest_other.mac' exec !!

## ===================

## success ##


MACRO>

MACRO> tt result count reset

OK    : 0

ERROR : 0

SKIP  : 0

## success ##


MACRO> tt result count start

## test result count start

## success ##


MACRO> sys rm -f ./dstData/*

## success ##


MACRO>

MACRO> tt chkmn all

@@ ----------------------------------------------

@@ Check Media = 0.0.0.1

@@ ----------------------------------------------

media       : /dev/media1

get name    : fe960000.vsp

expect name : fe960000.vsp

[R] 0.0.0.1     [ OK ]

@@ ----------------------------------------------

@@ Check Media = 0.0.0.3

@@ ----------------------------------------------

media       : /dev/media2

get name    : fe9a0000.vsp

expect name : fe9a0000.vsp

[R] 0.0.0.3     [ OK ]

## success ##


MACRO>

MACRO> tt media 1


driver name is [fe960000.vsp]



- dev rpf.0   = /dev/video2

- dev rpf.1   = /dev/video3

- dev rpf.2   = /dev/video4

- dev rpf.3   = /dev/video5

- dev rpf.4   = /dev/video6

- dev wpf.0   = /dev/video7



- bru   = /dev/v4l-subdev4

- lut   = /dev/v4l-subdev5

- clu   = /dev/v4l-subdev6

- hgo   = /dev/v4l-subdev7

- rpf.0 = /dev/v4l-subdev8

- rpf.1 = /dev/v4l-subdev9

- rpf.2 = /dev/v4l-subdev10

- rpf.3 = /dev/v4l-subdev11

- rpf.4 = /dev/v4l-subdev12

- wpf.0 = /dev/v4l-subdev13


## change media ##

  soc:vsp2@vspmvspb0  ->  fe960000.vsp


## success ##


MACRO> tt all

[R] ---------------------------------------------

[R] tt all / start Thu Jul 18 08:37:51 2024

[R] Current Media : [ fe960000.vsp ]

[R] ---------------------------------------------



@@ ----------------------------------------------

@@ test name = rpf

@@ ----------------------------------------------

@@ ----------------------------------------------

@@ RPF = 1.1.1.1

@@ ----------------------------------------------

device open = /dev/video2

device open = /dev/video7

Input  File = 1280_720_420sp.yuv

Output File = nothing


----------------------

TotalTime           =  326.99 ms

   > ProcessingTime =    3.88 ms

     WaitTime       =    3.65 ms

     DevOpenTime    =    1.65 ms

     DevCloseTime   =    0.63 ms

     ReadTime       =  128.73 ms

     WriteTime      =    0.00 ms

     CheckSumTime   =  182.34 ms

     OtherTime      =    9.77 ms

----------------------

[R] 1.1.1.1     [ OK ]

@@ ----------------------------------------------

@@ RPF = 1.1.1.2

@@ ----------------------------------------------

device open = /dev/video2

device open = /dev/video7

Input  File = 1280_720_ARGB32.argb

Output File = nothing


----------------------

TotalTime           =  385.17 ms

   > ProcessingTime =    4.07 ms

     WaitTime       =    3.73 ms

     DevOpenTime    =    1.66 ms

     DevCloseTime   =    0.70 ms

     ReadTime       =  324.90 ms

     WriteTime      =    0.00 ms

     CheckSumTime   =   45.90 ms

     OtherTime      =    7.93 ms

----------------------

[R] 1.1.1.2     [ OK ]

@@ ----------------------------------------------

@@ RPF = 1.1.1.3

@@ ----------------------------------------------

device open = /dev/video2

device open = /dev/video7

Input  File = 1280_720_ARGB32.argb

Output File = nothing


----------------------

TotalTime           =  117.83 ms

   > ProcessingTime =    3.92 ms

     WaitTime       =    3.67 ms

     DevOpenTime    =    1.60 ms

     DevCloseTime   =    0.63 ms

     ReadTime       =   11.23 ms

     WriteTime      =    0.00 ms

     CheckSumTime   =   91.33 ms

     OtherTime      =    9.13 ms

----------------------

[R] 1.1.1.3     [ OK ]

@@ ----------------------------------------------

@@ RPF = 1.1.1.4

@@ ----------------------------------------------

device open = /dev/video2

device open = /dev/video7

Input  File = 1280_720_ARGB32.argb

Output File = nothing


----------------------

TotalTime           =  114.75 ms

   > ProcessingTime =    4.19 ms

     WaitTime       =    3.67 ms

     DevOpenTime    =    1.68 ms

     DevCloseTime   =    0.61 ms

     ReadTime       =    7.94 ms

     WriteTime      =    0.00 ms

     CheckSumTime   =   91.31 ms

     OtherTime      =    9.01 ms

----------------------

[R] 1.1.1.4     [ OK ]

@@ ----------------------------------------------

@@ RPF = 1.1.1.5

@@ ----------------------------------------------

device open = /dev/video2

device open = /dev/video7

Input  File = 1280_720_ARGB32.argb

Output File = nothing


----------------------

TotalTime           =  115.02 ms

   > ProcessingTime =    4.31 ms

     WaitTime       =    4.00 ms

     DevOpenTime    =    1.47 ms

     DevCloseTime   =    0.63 ms

     ReadTime       =    8.00 ms

     WriteTime      =    0.00 ms

     CheckSumTime   =   91.27 ms

     OtherTime      =    9.33 ms

----------------------

[R] 1.1.1.5     [ OK ]

@@ ----------------------------------------------

@@ RPF = 1.1.1.6

@@ ----------------------------------------------

device open = /dev/video2

device open = /dev/video7

Input  File = 1280_720_ARGB32.argb

Output File = nothing


----------------------

TotalTime           =  114.80 ms

   > ProcessingTime =    3.99 ms

     WaitTime       =    3.69 ms

     DevOpenTime    =    1.57 ms

     DevCloseTime   =    0.61 ms

     ReadTime       =    8.03 ms

     WriteTime      =    0.00 ms

     CheckSumTime   =   91.30 ms

     OtherTime      =    9.29 ms

----------------------

[R] 1.1.1.6     [ OK ]

@@ ----------------------------------------------

@@ RPF = 1.1.1.7

@@ ----------------------------------------------

device open = /dev/video2

device open = /dev/video7

Input  File = 1280_720_ARGB32.argb

Output File = nothing


----------------------

TotalTime           =  114.47 ms

   > ProcessingTime =    3.98 ms

     WaitTime       =    3.67 ms

     DevOpenTime    =    1.40 ms

     DevCloseTime   =    0.62 ms

     ReadTime       =    8.02 ms

     WriteTime      =    0.00 ms

     CheckSumTime   =   91.37 ms

     OtherTime      =    9.09 ms

----------------------

[R] 1.1.1.7     [ OK ]

@@ ----------------------------------------------

@@ RPF = 1.1.1.8

@@ ----------------------------------------------

device open = /dev/video2

device open = /dev/video7

Input  File = 1280_720_ARGB32.argb

Output File = nothing


----------------------

TotalTime           =  160.59 ms

   > ProcessingTime =    4.00 ms

     WaitTime       =    3.69 ms

     DevOpenTime    =    1.47 ms

     DevCloseTime   =    0.62 ms

     ReadTime       =    8.11 ms

     WriteTime      =    0.00 ms

     CheckSumTime   =  136.89 ms

     OtherTime      =    9.50 ms

----------------------

[R] 1.1.1.8     [ OK ]

@@ ----------------------------------------------

@@ RPF = 1.1.1.9

@@ ----------------------------------------------

device open = /dev/video2

device open = /dev/video7

Input  File = 1280_720_ARGB32.argb

Output File = nothing


----------------------

TotalTime           =  160.63 ms

   > ProcessingTime =    3.99 ms

     WaitTime       =    3.68 ms

     DevOpenTime    =    1.63 ms

     DevCloseTime   =    0.64 ms

     ReadTime       =    8.07 ms

     WriteTime      =    0.00 ms

     CheckSumTime   =  136.93 ms

     OtherTime      =    9.37 ms

----------------------

[R] 1.1.1.9     [ OK ]

@@ ----------------------------------------------

@@ RPF = 1.1.1.10

@@ ----------------------------------------------

device open = /dev/video2

device open = /dev/video7

Input  File = 1280_720_ARGB32.argb

Output File = nothing


----------------------

TotalTime           =  206.20 ms

   > ProcessingTime =    3.99 ms

     WaitTime       =    3.68 ms

     DevOpenTime    =    1.38 ms

     DevCloseTime   =    0.63 ms

     ReadTime       =    7.90 ms

     WriteTime      =    0.00 ms

     CheckSumTime   =  182.57 ms

     OtherTime      =    9.74 ms

----------------------

[R] 1.1.1.10    [ OK ]

@@ ----------------------------------------------

@@ RPF = 1.1.1.11

@@ ----------------------------------------------

device open = /dev/video2

device open = /dev/video7

Input  File = 1280_720_ARGB32.argb

Output File = nothing


----------------------

TotalTime           =  206.21 ms

   > ProcessingTime =    3.99 ms

     WaitTime       =    3.68 ms

     DevOpenTime    =    1.53 ms

     DevCloseTime   =    0.63 ms

     ReadTime       =    8.01 ms

     WriteTime      =    0.00 ms

     CheckSumTime   =  182.39 ms

     OtherTime      =    9.67 ms

----------------------

[R] 1.1.1.11    [ OK ]

@@ ----------------------------------------------

@@ RPF = 1.1.1.12

@@ ----------------------------------------------

device open = /dev/video2

device open = /dev/video7

Input  File = 1280_720_ARGB32.argb

Output File = nothing


----------------------

TotalTime           =  206.96 ms

   > ProcessingTime =    3.99 ms

     WaitTime       =    3.69 ms

     DevOpenTime    =    1.71 ms

     DevCloseTime   =    0.67 ms

     ReadTime       =    8.10 ms

     WriteTime      =    0.00 ms

     CheckSumTime   =  182.53 ms

     OtherTime      =    9.96 ms

----------------------

[R] 1.1.1.12    [ OK ]

@@ ----------------------------------------------

@@ RPF = 1.1.1.13

@@ ----------------------------------------------

device open = /dev/video2

device open = /dev/video7

Input  File = 1280_720_ARGB32.argb

Output File = nothing


----------------------

TotalTime           =  206.30 ms

   > ProcessingTime =    3.93 ms

     WaitTime       =    3.67 ms

     DevOpenTime    =    1.59 ms

     DevCloseTime   =    0.62 ms

     ReadTime       =    8.04 ms

     WriteTime      =    0.00 ms

     CheckSumTime   =  182.46 ms

     OtherTime      =    9.65 ms

----------------------

[R] 1.1.1.13    [ OK ]

@@ ----------------------------------------------

@@ RPF = 1.1.1.14

@@ ----------------------------------------------

device open = /dev/video2

device open = /dev/video7

Input  File = 1280_720_ARGB32.argb

Output File = nothing


----------------------

TotalTime           =  206.63 ms

   > ProcessingTime =    3.97 ms

     WaitTime       =    3.66 ms

     DevOpenTime    =    1.74 ms

     DevCloseTime   =    0.62 ms

     ReadTime       =    7.93 ms

     WriteTime      =    0.00 ms

     CheckSumTime   =  182.44 ms

     OtherTime      =    9.92 ms

----------------------

[R] 1.1.1.14    [ OK ]

@@ ----------------------------------------------

@@ RPF = 1.1.1.15

@@ ----------------------------------------------

device open = /dev/video2

device open = /dev/video7

Input  File = 1280_720_ARGB32.argb

Output File = nothing


----------------------

TotalTime           =  206.01 ms

   > ProcessingTime =    3.96 ms

     WaitTime       =    3.67 ms

     DevOpenTime    =    1.38 ms

     DevCloseTime   =    0.63 ms

     ReadTime       =    7.97 ms

     WriteTime      =    0.00 ms

     CheckSumTime   =  182.38 ms

     OtherTime      =    9.70 ms

----------------------

[R] 1.1.1.15    [ OK ]

@@ ----------------------------------------------

@@ RPF = 1.1.1.16

@@ ----------------------------------------------

device open = /dev/video2

device open = /dev/video7

Input  File = 1280_720_ARGB32.argb

Output File = nothing


----------------------

TotalTime           =  114.68 ms

   > ProcessingTime =    3.97 ms

     WaitTime       =    3.69 ms

     DevOpenTime    =    1.48 ms

     DevCloseTime   =    0.63 ms

     ReadTime       =    8.14 ms

     WriteTime      =    0.00 ms

     CheckSumTime   =   91.37 ms

     OtherTime      =    9.08 ms

----------------------

[R] 1.1.1.16    [ OK ]

@@ ----------------------------------------------

@@ RPF = 1.1.1.17

@@ ----------------------------------------------

device open = /dev/video2

device open = /dev/video7

Input  File = 1280_720_ARGB32.argb

Output File = nothing


----------------------

TotalTime           =  116.19 ms

   > ProcessingTime =    4.18 ms

     WaitTime       =    3.67 ms

     DevOpenTime    =    1.65 ms

     DevCloseTime   =    0.73 ms

     ReadTime       =    7.95 ms

     WriteTime      =    0.00 ms

     CheckSumTime   =   91.46 ms

     OtherTime      =   10.22 ms

----------------------

[R] 1.1.1.17    [ OK ]

@@ ----------------------------------------------

@@ RPF = 1.1.1.18

@@ ----------------------------------------------

device open = /dev/video2

device open = /dev/video7

Input  File = 1280_720_ARGB32.argb

Output File = nothing


----------------------

TotalTime           =  114.93 ms

   > ProcessingTime =    3.98 ms

     WaitTime       =    3.69 ms

     DevOpenTime    =    1.62 ms

     DevCloseTime   =    0.65 ms

     ReadTime       =    8.17 ms

     WriteTime      =    0.00 ms

     CheckSumTime   =   91.34 ms

     OtherTime      =    9.16 ms

----------------------

[R] 1.1.1.18    [ OK ]

@@ ----------------------------------------------

@@ RPF = 1.1.1.19

@@ ----------------------------------------------

device open = /dev/video2

device open = /dev/video7

Input  File = 1280_720_ARGB32.argb

Output File = nothing


----------------------

TotalTime           =  114.76 ms

   > ProcessingTime =    3.93 ms

     WaitTime       =    3.67 ms

     DevOpenTime    =    1.86 ms

     DevCloseTime   =    0.62 ms

     ReadTime       =    8.09 ms

     WriteTime      =    0.00 ms

     CheckSumTime   =   91.26 ms

     OtherTime      =    9.00 ms

----------------------

[R] 1.1.1.19    [ OK ]

@@ ----------------------------------------------

@@ RPF = 1.1.1.20

@@ ----------------------------------------------

device open = /dev/video2

device open = /dev/video7

Input  File = 1280_720_ARGB32.argb

Output File = nothing


----------------------

TotalTime           =   91.82 ms

   > ProcessingTime =    3.93 ms

     WaitTime       =    3.62 ms

     DevOpenTime    =    1.65 ms

     DevCloseTime   =    0.63 ms

     ReadTime       =    7.95 ms

     WriteTime      =    0.00 ms

     CheckSumTime   =   68.51 ms

     OtherTime      =    9.15 ms

----------------------

[R] 1.1.1.20    [ OK ]

@@ ----------------------------------------------

@@ RPF = 1.1.1.21

@@ ----------------------------------------------

device open = /dev/video2

device open = /dev/video7

Input  File = 1280_720_ARGB32.argb

Output File = nothing


----------------------

TotalTime           =   91.74 ms

   > ProcessingTime =    4.16 ms

     WaitTime       =    3.66 ms

     DevOpenTime    =    1.64 ms

     DevCloseTime   =    0.64 ms

     ReadTime       =    7.93 ms

     WriteTime      =    0.00 ms

     CheckSumTime   =   68.54 ms

     OtherTime      =    8.83 ms

----------------------

[R] 1.1.1.21    [ OK ]

@@ ----------------------------------------------

@@ RPF = 1.1.1.22

@@ ----------------------------------------------

device open = /dev/video2

device open = /dev/video7

Input  File = 1280_720_ARGB32.argb

Output File = nothing


----------------------

TotalTime           =  114.84 ms

   > ProcessingTime =    3.97 ms

     WaitTime       =    3.69 ms

     DevOpenTime    =    1.64 ms

     DevCloseTime   =    0.62 ms

     ReadTime       =    8.10 ms

     WriteTime      =    0.00 ms

     CheckSumTime   =   91.43 ms

     OtherTime      =    9.08 ms

----------------------

[R] 1.1.1.22    [ OK ]

@@ ----------------------------------------------

@@ RPF = 1.1.1.23

@@ ----------------------------------------------

device open = /dev/video2

device open = /dev/video7

Input  File = 1280_720_ARGB32.argb

Output File = nothing


----------------------

TotalTime           =  114.67 ms

   > ProcessingTime =    4.03 ms

     WaitTime       =    3.72 ms

     DevOpenTime    =    1.63 ms

     DevCloseTime   =    0.63 ms

     ReadTime       =    7.91 ms

     WriteTime      =    0.00 ms

     CheckSumTime   =   91.26 ms

     OtherTime      =    9.21 ms

----------------------

[R] 1.1.1.23    [ OK ]

@@ ----------------------------------------------

@@ RPF = 1.1.1.24

@@ ----------------------------------------------

device open = /dev/video2

device open = /dev/video7

Input  File = 1280_720_ARGB32.argb

Output File = nothing


----------------------

TotalTime           =   91.88 ms

   > ProcessingTime =    3.99 ms

     WaitTime       =    3.68 ms

     DevOpenTime    =    1.34 ms

     DevCloseTime   =    0.63 ms

     ReadTime       =    8.01 ms

     WriteTime      =    0.00 ms

     CheckSumTime   =   68.64 ms

     OtherTime      =    9.26 ms

----------------------

[R] 1.1.1.24    [ OK ]

@@ ----------------------------------------------

@@ RPF = 1.1.1.25

@@ ----------------------------------------------

device open = /dev/video2

device open = /dev/video7

Input  File = 1280_720_ARGB32.argb

Output File = nothing


----------------------

TotalTime           =   91.62 ms

   > ProcessingTime =    3.99 ms

     WaitTime       =    3.68 ms

     DevOpenTime    =    1.49 ms

     DevCloseTime   =    0.62 ms

     ReadTime       =    7.94 ms

     WriteTime      =    0.00 ms

     CheckSumTime   =   68.51 ms

     OtherTime      =    9.07 ms

----------------------

[R] 1.1.1.25    [ OK ]

@@ ----------------------------------------------

@@ RPF = 1.1.1.26

@@ ----------------------------------------------

device open = /dev/video2

device open = /dev/video7

Input  File = 1280_720_ARGB32.argb

Output File = nothing


----------------------

TotalTime           =  115.23 ms

   > ProcessingTime =    4.07 ms

     WaitTime       =    3.75 ms

     DevOpenTime    =    1.75 ms

     DevCloseTime   =    0.61 ms

     ReadTime       =    7.96 ms

     WriteTime      =    0.00 ms

     CheckSumTime   =   91.32 ms

     OtherTime      =    9.53 ms

----------------------

[R] 1.1.1.26    [ OK ]

@@ ----------------------------------------------

@@ RPF = 1.1.1.27

@@ ----------------------------------------------

device open = /dev/video2

device open = /dev/video7

Input  File = 1280_720_ARGB32.argb

Output File = nothing


----------------------

TotalTime           =  115.02 ms

   > ProcessingTime =    4.22 ms

     WaitTime       =    3.90 ms

     DevOpenTime    =    1.45 ms

     DevCloseTime   =    0.62 ms

     ReadTime       =    7.94 ms

     WriteTime      =    0.00 ms

     CheckSumTime   =   91.27 ms

     OtherTime      =    9.52 ms

----------------------

[R] 1.1.1.27    [ OK ]

@@ ----------------------------------------------

@@ RPF = 1.1.1.28

@@ ----------------------------------------------

device open = /dev/video2

device open = /dev/video7

Input  File = 1280_720_ARGB32.argb

Output File = nothing


----------------------

TotalTime           =  160.66 ms

   > ProcessingTime =    4.00 ms

     WaitTime       =    3.69 ms

     DevOpenTime    =    1.36 ms

     DevCloseTime   =    0.63 ms

     ReadTime       =    8.03 ms

     WriteTime      =    0.00 ms

     CheckSumTime   =  136.90 ms

     OtherTime      =    9.74 ms

----------------------

[R] 1.1.1.28    [ OK ]

@@ ----------------------------------------------

@@ RPF = 1.1.1.29

@@ ----------------------------------------------

device open = /dev/video2

device open = /dev/video7

Input  File = 1280_720_ARGB32.argb

Output File = nothing


----------------------

TotalTime           =  160.76 ms

   > ProcessingTime =    4.21 ms

     WaitTime       =    3.68 ms

     DevOpenTime    =    1.66 ms

     DevCloseTime   =    0.65 ms

     ReadTime       =    7.85 ms

     WriteTime      =    0.00 ms

     CheckSumTime   =  136.81 ms

     OtherTime      =    9.58 ms

----------------------

[R] 1.1.1.29    [ OK ]

## success ##


@@ SUCCESS !! / test name = rpf



@@ ----------------------------------------------

@@ test name = wpf

@@ ----------------------------------------------

@@ ----------------------------------------------

@@ WPF = 1.1.2.1

@@ ----------------------------------------------

device open = /dev/video2

device open = /dev/video7

Input  File = 1280_720_420sp.yuv

Output File = nothing


----------------------

TotalTime           =  204.00 ms

   > ProcessingTime =    4.02 ms

     WaitTime       =    3.70 ms

     DevOpenTime    =    1.50 ms

     DevCloseTime   =    0.70 ms

     ReadTime       =    5.97 ms

     WriteTime      =    0.00 ms

     CheckSumTime   =  182.37 ms

     OtherTime      =    9.44 ms

----------------------

[R] 1.1.2.1     [ OK ]

@@ ----------------------------------------------

@@ WPF = 1.1.2.2

@@ ----------------------------------------------

device open = /dev/video2

device open = /dev/video7

Input  File = 1280_720_ARGB32.argb

Output File = nothing


----------------------

TotalTime           =   67.63 ms

   > ProcessingTime =    3.92 ms

     WaitTime       =    3.67 ms

     DevOpenTime    =    1.30 ms

     DevCloseTime   =    0.60 ms

     ReadTime       =    8.00 ms

     WriteTime      =    0.00 ms

     CheckSumTime   =   45.80 ms

     OtherTime      =    7.99 ms

----------------------

[R] 1.1.2.2     [ OK ]

@@ ----------------------------------------------

@@ WPF = 1.1.2.3

@@ ----------------------------------------------

device open = /dev/video2

device open = /dev/video7

Input  File = 1280_720_ARGB32.argb

Output File = nothing


----------------------

TotalTime           =  114.42 ms

   > ProcessingTime =    3.97 ms

     WaitTime       =    3.66 ms

     DevOpenTime    =    1.35 ms

     DevCloseTime   =    0.65 ms

     ReadTime       =    7.97 ms

     WriteTime      =    0.00 ms

     CheckSumTime   =   91.27 ms

     OtherTime      =    9.22 ms

----------------------

[R] 1.1.2.3     [ OK ]

@@ ----------------------------------------------

@@ WPF = 1.1.2.4

@@ ----------------------------------------------

device open = /dev/video2

device open = /dev/video7

Input  File = 1280_720_ARGB32.argb

Output File = nothing


----------------------

TotalTime           =  114.81 ms

   > ProcessingTime =    3.99 ms

     WaitTime       =    3.70 ms

     DevOpenTime    =    1.58 ms

     DevCloseTime   =    0.64 ms

     ReadTime       =    8.14 ms

     WriteTime      =    0.00 ms

     CheckSumTime   =   91.33 ms

     OtherTime      =    9.14 ms

----------------------

[R] 1.1.2.4     [ OK ]

@@ ----------------------------------------------

@@ WPF = 1.1.2.5

@@ ----------------------------------------------

device open = /dev/video2

device open = /dev/video7

Input  File = 1280_720_ARGB32.argb

Output File = nothing


----------------------

TotalTime           =  114.45 ms

   > ProcessingTime =    3.92 ms

     WaitTime       =    3.67 ms

     DevOpenTime    =    1.57 ms

     DevCloseTime   =    0.61 ms

     ReadTime       =    8.09 ms

     WriteTime      =    0.00 ms

     CheckSumTime   =   91.26 ms

     OtherTime      =    9.00 ms

----------------------

[R] 1.1.2.5     [ OK ]

@@ ----------------------------------------------

@@ WPF = 1.1.2.6

@@ ----------------------------------------------

device open = /dev/video2

device open = /dev/video7

Input  File = 1280_720_ARGB32.argb

Output File = nothing


----------------------

TotalTime           =  114.68 ms

   > ProcessingTime =    3.98 ms

     WaitTime       =    3.68 ms

     DevOpenTime    =    1.56 ms

     DevCloseTime   =    0.61 ms

     ReadTime       =    7.94 ms

     WriteTime      =    0.00 ms

     CheckSumTime   =   91.36 ms

     OtherTime      =    9.23 ms

----------------------

[R] 1.1.2.6     [ OK ]

@@ ----------------------------------------------

@@ WPF = 1.1.2.7

@@ ----------------------------------------------

device open = /dev/video2

device open = /dev/video7

Input  File = 1280_720_ARGB32.argb

Output File = nothing


----------------------

TotalTime           =  114.53 ms

   > ProcessingTime =    3.98 ms

     WaitTime       =    3.67 ms

     DevOpenTime    =    1.59 ms

     DevCloseTime   =    0.69 ms

     ReadTime       =    7.97 ms

     WriteTime      =    0.00 ms

     CheckSumTime   =   91.26 ms

     OtherTime      =    9.04 ms

----------------------

[R] 1.1.2.7     [ OK ]

@@ ----------------------------------------------

@@ WPF = 1.1.2.8

@@ ----------------------------------------------

device open = /dev/video2

device open = /dev/video7

Input  File = 1280_720_ARGB32.argb

Output File = nothing


----------------------

TotalTime           =  160.82 ms

   > ProcessingTime =    4.00 ms

     WaitTime       =    3.69 ms

     DevOpenTime    =    1.60 ms

     DevCloseTime   =    0.63 ms

     ReadTime       =    8.08 ms

     WriteTime      =    0.00 ms

     CheckSumTime   =  137.00 ms

     OtherTime      =    9.52 ms

----------------------

[R] 1.1.2.8     [ OK ]

@@ ----------------------------------------------

@@ WPF = 1.1.2.9

@@ ----------------------------------------------

device open = /dev/video2

device open = /dev/video7

Input  File = 1280_720_ARGB32.argb

Output File = nothing


----------------------

TotalTime           =  160.56 ms

   > ProcessingTime =    4.11 ms

     WaitTime       =    3.80 ms

     DevOpenTime    =    1.31 ms

     DevCloseTime   =    0.75 ms

     ReadTime       =    7.96 ms

     WriteTime      =    0.00 ms

     CheckSumTime   =  136.85 ms

     OtherTime      =    9.58 ms

----------------------

[R] 1.1.2.9     [ OK ]

@@ ----------------------------------------------

@@ WPF = 1.1.2.10

@@ ----------------------------------------------

device open = /dev/video2

device open = /dev/video7

Input  File = 1280_720_ARGB32.argb

Output File = nothing


----------------------

TotalTime           =  207.87 ms

   > ProcessingTime =    5.29 ms

     WaitTime       =    5.06 ms

     DevOpenTime    =    1.39 ms

     DevCloseTime   =    0.67 ms

     ReadTime       =    8.15 ms

     WriteTime      =    0.00 ms

     CheckSumTime   =  182.60 ms

     OtherTime      =    9.79 ms

----------------------

[R] 1.1.2.10    [ OK ]

@@ ----------------------------------------------

@@ WPF = 1.1.2.11

@@ ----------------------------------------------

device open = /dev/video2

device open = /dev/video7

Input  File = 1280_720_ARGB32.argb

Output File = nothing


----------------------

TotalTime           =  206.57 ms

   > ProcessingTime =    4.14 ms

     WaitTime       =    3.87 ms

     DevOpenTime    =    1.59 ms

     DevCloseTime   =    0.65 ms

     ReadTime       =    8.14 ms

     WriteTime      =    0.00 ms

     CheckSumTime   =  182.42 ms

     OtherTime      =    9.63 ms

----------------------

[R] 1.1.2.11    [ OK ]

@@ ----------------------------------------------

@@ WPF = 1.1.2.12

@@ ----------------------------------------------

device open = /dev/video2

device open = /dev/video7

Input  File = 1280_720_ARGB32.argb

Output File = nothing


----------------------

TotalTime           =  206.78 ms

   > ProcessingTime =    4.21 ms

     WaitTime       =    3.67 ms

     DevOpenTime    =    1.74 ms

     DevCloseTime   =    0.65 ms

     ReadTime       =    7.87 ms

     WriteTime      =    0.00 ms

     CheckSumTime   =  182.50 ms

     OtherTime      =    9.82 ms

----------------------

[R] 1.1.2.12    [ OK ]

@@ ----------------------------------------------

@@ WPF = 1.1.2.13

@@ ----------------------------------------------

device open = /dev/video2

device open = /dev/video7

Input  File = 1280_720_ARGB32.argb

Output File = nothing


----------------------

TotalTime           =  206.27 ms

   > ProcessingTime =    3.98 ms

     WaitTime       =    3.68 ms

     DevOpenTime    =    1.63 ms

     DevCloseTime   =    0.69 ms

     ReadTime       =    7.93 ms

     WriteTime      =    0.00 ms

     CheckSumTime   =  182.44 ms

     OtherTime      =    9.60 ms

----------------------

[R] 1.1.2.13    [ OK ]

@@ ----------------------------------------------

@@ WPF = 1.1.2.14

@@ ----------------------------------------------

device open = /dev/video2

device open = /dev/video7

Input  File = 1280_720_ARGB32.argb

Output File = nothing


----------------------

TotalTime           =  206.77 ms

   > ProcessingTime =    3.99 ms

     WaitTime       =    3.68 ms

     DevOpenTime    =    1.64 ms

     DevCloseTime   =    0.63 ms

     ReadTime       =    8.08 ms

     WriteTime      =    0.00 ms

     CheckSumTime   =  182.66 ms

     OtherTime      =    9.77 ms

----------------------

[R] 1.1.2.14    [ OK ]

@@ ----------------------------------------------

@@ WPF = 1.1.2.15

@@ ----------------------------------------------

device open = /dev/video2

device open = /dev/video7

Input  File = 1280_720_ARGB32.argb

Output File = nothing


----------------------

TotalTime           =  206.23 ms

   > ProcessingTime =    3.97 ms

     WaitTime       =    3.67 ms

     DevOpenTime    =    1.54 ms

     DevCloseTime   =    0.63 ms

     ReadTime       =    8.05 ms

     WriteTime      =    0.00 ms

     CheckSumTime   =  182.38 ms

     OtherTime      =    9.65 ms

----------------------

[R] 1.1.2.15    [ OK ]

@@ ----------------------------------------------

@@ WPF = 1.1.2.16

@@ ----------------------------------------------

device open = /dev/video2

device open = /dev/video7

Input  File = 1280_720_ARGB32.argb

Output File = nothing


----------------------

TotalTime           =  115.02 ms

   > ProcessingTime =    3.98 ms

     WaitTime       =    3.66 ms

     DevOpenTime    =    1.67 ms

     DevCloseTime   =    0.64 ms

     ReadTime       =    8.11 ms

     WriteTime      =    0.00 ms

     CheckSumTime   =   91.45 ms

     OtherTime      =    9.18 ms

----------------------

[R] 1.1.2.16    [ OK ]

@@ ----------------------------------------------

@@ WPF = 1.1.2.17

@@ ----------------------------------------------

device open = /dev/video2

device open = /dev/video7

Input  File = 1280_720_ARGB32.argb

Output File = nothing


----------------------

TotalTime           =  114.53 ms

   > ProcessingTime =    3.99 ms

     WaitTime       =    3.68 ms

     DevOpenTime    =    1.76 ms

     DevCloseTime   =    0.61 ms

     ReadTime       =    7.91 ms

     WriteTime      =    0.00 ms

     CheckSumTime   =   91.25 ms

     OtherTime      =    9.01 ms

----------------------

[R] 1.1.2.17    [ OK ]

@@ ----------------------------------------------

@@ WPF = 1.1.2.18

@@ ----------------------------------------------

device open = /dev/video2

device open = /dev/video7

Input  File = 1280_720_ARGB32.argb

Output File = nothing


----------------------

TotalTime           =  114.71 ms

   > ProcessingTime =    3.98 ms

     WaitTime       =    3.68 ms

     DevOpenTime    =    1.37 ms

     DevCloseTime   =    0.68 ms

     ReadTime       =    8.08 ms

     WriteTime      =    0.00 ms

     CheckSumTime   =   91.46 ms

     OtherTime      =    9.14 ms

----------------------

[R] 1.1.2.18    [ OK ]

@@ ----------------------------------------------

@@ WPF = 1.1.2.19

@@ ----------------------------------------------

device open = /dev/video2

device open = /dev/video7

Input  File = 1280_720_ARGB32.argb

Output File = nothing


----------------------

TotalTime           =  114.63 ms

   > ProcessingTime =    3.97 ms

     WaitTime       =    3.67 ms

     DevOpenTime    =    1.54 ms

     DevCloseTime   =    0.65 ms

     ReadTime       =    8.01 ms

     WriteTime      =    0.00 ms

     CheckSumTime   =   91.40 ms

     OtherTime      =    9.06 ms

----------------------

[R] 1.1.2.19    [ OK ]

@@ ----------------------------------------------

@@ WPF = 1.1.2.20

@@ ----------------------------------------------

device open = /dev/video2

device open = /dev/video7

Input  File = 1280_720_ARGB32.argb

Output File = nothing


----------------------

TotalTime           =   92.07 ms

   > ProcessingTime =    3.97 ms

     WaitTime       =    3.68 ms

     DevOpenTime    =    1.61 ms

     DevCloseTime   =    0.69 ms

     ReadTime       =    8.09 ms

     WriteTime      =    0.00 ms

     CheckSumTime   =   68.56 ms

     OtherTime      =    9.15 ms

----------------------

[R] 1.1.2.20    [ OK ]

@@ ----------------------------------------------

@@ WPF = 1.1.2.21

@@ ----------------------------------------------

device open = /dev/video2

device open = /dev/video7

Input  File = 1280_720_ARGB32.argb

Output File = nothing


----------------------

TotalTime           =   91.74 ms

   > ProcessingTime =    3.97 ms

     WaitTime       =    3.68 ms

     DevOpenTime    =    1.56 ms

     DevCloseTime   =    0.73 ms

     ReadTime       =    8.07 ms

     WriteTime      =    0.00 ms

     CheckSumTime   =   68.52 ms

     OtherTime      =    8.89 ms

----------------------

[R] 1.1.2.21    [ OK ]

@@ ----------------------------------------------

@@ WPF = 1.1.2.22

@@ ----------------------------------------------

device open = /dev/video2

device open = /dev/video7

Input  File = 1280_720_ARGB32.argb

Output File = nothing


----------------------

TotalTime           =  114.84 ms

   > ProcessingTime =    4.00 ms

     WaitTime       =    3.69 ms

     DevOpenTime    =    1.49 ms

     DevCloseTime   =    0.61 ms

     ReadTime       =    8.16 ms

     WriteTime      =    0.00 ms

     CheckSumTime   =   91.40 ms

     OtherTime      =    9.19 ms

----------------------

[R] 1.1.2.22    [ OK ]

@@ ----------------------------------------------

@@ WPF = 1.1.2.23

@@ ----------------------------------------------

device open = /dev/video2

device open = /dev/video7

Input  File = 1280_720_ARGB32.argb

Output File = nothing


----------------------

TotalTime           =  114.22 ms

   > ProcessingTime =    3.92 ms

     WaitTime       =    3.67 ms

     DevOpenTime    =    1.27 ms

     DevCloseTime   =    0.62 ms

     ReadTime       =    8.05 ms

     WriteTime      =    0.00 ms

     CheckSumTime   =   91.28 ms

     OtherTime      =    9.07 ms

----------------------

[R] 1.1.2.23    [ OK ]

@@ ----------------------------------------------

@@ WPF = 1.1.2.24

@@ ----------------------------------------------

device open = /dev/video2

device open = /dev/video7

Input  File = 1280_720_ARGB32.argb

Output File = nothing


----------------------

TotalTime           =   91.99 ms

   > ProcessingTime =    4.15 ms

     WaitTime       =    3.65 ms

     DevOpenTime    =    1.57 ms

     DevCloseTime   =    0.64 ms

     ReadTime       =    7.96 ms

     WriteTime      =    0.00 ms

     CheckSumTime   =   68.56 ms

     OtherTime      =    9.11 ms

----------------------

[R] 1.1.2.24    [ OK ]

@@ ----------------------------------------------

@@ WPF = 1.1.2.25

@@ ----------------------------------------------

device open = /dev/video2

device open = /dev/video7

Input  File = 1280_720_ARGB32.argb

Output File = nothing


----------------------

TotalTime           =   91.66 ms

   > ProcessingTime =    3.92 ms

     WaitTime       =    3.67 ms

     DevOpenTime    =    1.57 ms

     DevCloseTime   =    0.62 ms

     ReadTime       =    8.04 ms

     WriteTime      =    0.00 ms

     CheckSumTime   =   68.49 ms

     OtherTime      =    9.02 ms

----------------------

[R] 1.1.2.25    [ OK ]

@@ ----------------------------------------------

@@ WPF = 1.1.2.26

@@ ----------------------------------------------

device open = /dev/video2

device open = /dev/video7

Input  File = 1280_720_ARGB32.argb

Output File = nothing


----------------------

TotalTime           =  114.66 ms

   > ProcessingTime =    3.93 ms

     WaitTime       =    3.68 ms

     DevOpenTime    =    1.52 ms

     DevCloseTime   =    0.62 ms

     ReadTime       =    8.00 ms

     WriteTime      =    0.00 ms

     CheckSumTime   =   91.33 ms

     OtherTime      =    9.27 ms

----------------------

[R] 1.1.2.26    [ OK ]

@@ ----------------------------------------------

@@ WPF = 1.1.2.27

@@ ----------------------------------------------

device open = /dev/video2

device open = /dev/video7

Input  File = 1280_720_ARGB32.argb

Output File = nothing


----------------------

TotalTime           =  114.71 ms

   > ProcessingTime =    4.18 ms

     WaitTime       =    3.87 ms

     DevOpenTime    =    1.32 ms

     DevCloseTime   =    0.62 ms

     ReadTime       =    7.92 ms

     WriteTime      =    0.00 ms

     CheckSumTime   =   91.24 ms

     OtherTime      =    9.42 ms

----------------------

[R] 1.1.2.27    [ OK ]

@@ ----------------------------------------------

@@ WPF = 1.1.2.28

@@ ----------------------------------------------

device open = /dev/video2

device open = /dev/video7

Input  File = 1280_720_ARGB32.argb

Output File = nothing


----------------------

TotalTime           =  160.91 ms

   > ProcessingTime =    4.00 ms

     WaitTime       =    3.68 ms

     DevOpenTime    =    1.47 ms

     DevCloseTime   =    0.64 ms

     ReadTime       =    7.96 ms

     WriteTime      =    0.00 ms

     CheckSumTime   =  136.92 ms

     OtherTime      =    9.92 ms

----------------------

[R] 1.1.2.28    [ OK ]

@@ ----------------------------------------------

@@ WPF = 1.1.2.29

@@ ----------------------------------------------

device open = /dev/video2

device open = /dev/video7

Input  File = 1280_720_ARGB32.argb

Output File = nothing


----------------------

TotalTime           =  160.78 ms

   > ProcessingTime =    3.92 ms

     WaitTime       =    3.68 ms

     DevOpenTime    =    1.68 ms

     DevCloseTime   =    0.72 ms

     ReadTime       =    8.09 ms

     WriteTime      =    0.00 ms

     CheckSumTime   =  136.87 ms

     OtherTime      =    9.50 ms

----------------------

[R] 1.1.2.29    [ OK ]

## success ##


@@ SUCCESS !! / test name = wpf



@@ ----------------------------------------------

@@ test name = uds

@@ ----------------------------------------------

[R] 1.3.1.1     [ SKIP ]( uds case 1 )( Device name is nothing. )

[R] 1.3.1.2     [ SKIP ]( uds case 2 )( Device name is nothing. )

[R] 1.3.2.1     [ SKIP ]( uds case 3 )( Device name is nothing. )

## success ##


@@ SUCCESS !! / test name = uds



@@ ----------------------------------------------

@@ test name = bru

@@ ----------------------------------------------

@@ ----------------------------------------------

@@ BRU = 1.2.2.1

@@ ----------------------------------------------

device open = /dev/video2

device open = /dev/video3

device open = /dev/video7

Input  File = 1280_720_ARGB32.argb

Input  File = 640_480_ARGB32.argb

Output File = nothing


----------------------

TotalTime           =  323.52 ms

   > ProcessingTime =    4.05 ms

     WaitTime       =    3.73 ms

     DevOpenTime    =    1.45 ms

     DevCloseTime   =    0.83 ms

     ReadTime       =  121.22 ms

     WriteTime      =    0.00 ms

     CheckSumTime   =  182.35 ms

     OtherTime      =   13.62 ms

----------------------

[R] 1.2.2.1     [ OK ]

@@ ----------------------------------------------

@@ BRU = 1.2.2.2

@@ ----------------------------------------------

device open = /dev/video2

device open = /dev/video3

device open = /dev/video7

Input  File = 1280_720_ARGB32.argb

Input  File = 640_480_ARGB32.argb

Output File = nothing


----------------------

TotalTime           =  216.71 ms

   > ProcessingTime =    4.14 ms

     WaitTime       =    3.76 ms

     DevOpenTime    =    1.70 ms

     DevCloseTime   =    0.72 ms

     ReadTime       =   13.73 ms

     WriteTime      =    0.00 ms

     CheckSumTime   =  182.46 ms

     OtherTime      =   13.95 ms

----------------------

[R] 1.2.2.2     [ OK ]

@@ ----------------------------------------------

@@ BRU = 1.2.3.1

@@ ----------------------------------------------

device open = /dev/video2

device open = /dev/video3

device open = /dev/video7

Input  File = 1280_720_ARGB32.argb

Input  File = 640_480_ARGB32.argb

Output File = nothing


----------------------

TotalTime           =  214.22 ms

   > ProcessingTime =    4.15 ms

     WaitTime       =    3.77 ms

     DevOpenTime    =    1.65 ms

     DevCloseTime   =    0.81 ms

     ReadTime       =   11.68 ms

     WriteTime      =    0.00 ms

     CheckSumTime   =  182.38 ms

     OtherTime      =   13.57 ms

----------------------

[R] 1.2.3.1     [ OK ]

@@ ----------------------------------------------

@@ BRU = 1.2.3.2

@@ ----------------------------------------------

device open = /dev/video2

device open = /dev/video3

device open = /dev/video7

Input  File = 1280_720_ARGB32.argb

Input  File = 640_480_ARGB32.argb

Output File = nothing


----------------------

TotalTime           =  214.05 ms

   > ProcessingTime =    4.10 ms

     WaitTime       =    3.75 ms

     DevOpenTime    =    1.71 ms

     DevCloseTime   =    0.74 ms

     ReadTime       =   11.38 ms

     WriteTime      =    0.00 ms

     CheckSumTime   =  182.47 ms

     OtherTime      =   13.66 ms

----------------------

[R] 1.2.3.2     [ OK ]

@@ ----------------------------------------------

@@ BRU = 1.2.4.1

@@ ----------------------------------------------

device open = /dev/video2

device open = /dev/video3

device open = /dev/video7

Input  File = 1280_720_420sp.yuv

Input  File = 640_480_420sp.yuv

Output File = nothing


----------------------

TotalTime           =  138.64 ms

   > ProcessingTime =    4.05 ms

     WaitTime       =    3.73 ms

     DevOpenTime    =    1.67 ms

     DevCloseTime   =    0.71 ms

     ReadTime       =   53.59 ms

     WriteTime      =    0.00 ms

     CheckSumTime   =   68.53 ms

     OtherTime      =   10.08 ms

----------------------

[R] 1.2.4.1     [ OK ]

@@ ----------------------------------------------

@@ BRU = 1.2.4.2

@@ ----------------------------------------------

device open = /dev/video2

device open = /dev/video3

device open = /dev/video7

Input  File = 1280_720_420sp.yuv

Input  File = 640_480_420sp.yuv

Output File = nothing


----------------------

TotalTime           =   92.76 ms

   > ProcessingTime =    4.08 ms

     WaitTime       =    3.76 ms

     DevOpenTime    =    1.78 ms

     DevCloseTime   =    0.71 ms

     ReadTime       =    7.56 ms

     WriteTime      =    0.00 ms

     CheckSumTime   =   68.61 ms

     OtherTime      =   10.03 ms

----------------------

[R] 1.2.4.2     [ OK ]

@@ ----------------------------------------------

@@ BRU = 1.2.4.3

@@ ----------------------------------------------

device open = /dev/video2

device open = /dev/video3

device open = /dev/video7

Input  File = 1280_720_420sp.yuv

Input  File = 640_480_420sp.yuv

Output File = nothing


----------------------

TotalTime           =   90.02 ms

   > ProcessingTime =    4.13 ms

     WaitTime       =    3.76 ms

     DevOpenTime    =    1.66 ms

     DevCloseTime   =    0.70 ms

     ReadTime       =    5.07 ms

     WriteTime      =    0.00 ms

     CheckSumTime   =   68.51 ms

     OtherTime      =    9.95 ms

----------------------

[R] 1.2.4.3     [ OK ]

@@ ----------------------------------------------

@@ BRU = 1.2.5.1

@@ ----------------------------------------------

device open = /dev/video2

device open = /dev/video3

device open = /dev/video7

Input  File = 1280_720_ARGB32.argb

Input  File = alpha_x80#640_480_ARGB32.argb

Output File = nothing


----------------------

TotalTime           =  323.08 ms

   > ProcessingTime =    4.04 ms

     WaitTime       =    3.73 ms

     DevOpenTime    =    1.86 ms

     DevCloseTime   =    0.72 ms

     ReadTime       =  120.35 ms

     WriteTime      =    0.00 ms

     CheckSumTime   =  182.35 ms

     OtherTime      =   13.75 ms

----------------------

[R] 1.2.5.1     [ OK ]

@@ ----------------------------------------------

@@ BRU = 1.2.5.2

@@ ----------------------------------------------

device open = /dev/video2

device open = /dev/video3

device open = /dev/video7

Input  File = 1280_720_ARGB32.argb

Input  File = alpha_xFF#640_480_ARGB32.argb

Output File = nothing


----------------------

TotalTime           =  322.76 ms

   > ProcessingTime =    4.04 ms

     WaitTime       =    3.73 ms

     DevOpenTime    =    1.67 ms

     DevCloseTime   =    0.74 ms

     ReadTime       =  120.01 ms

     WriteTime      =    0.00 ms

     CheckSumTime   =  182.46 ms

     OtherTime      =   13.84 ms

----------------------

[R] 1.2.5.2     [ OK ]

@@ ----------------------------------------------

@@ BRU = 1.2.5.3

@@ ----------------------------------------------

device open = /dev/video2

device open = /dev/video3

device open = /dev/video7

Input  File = 1280_720_ARGB32.argb

Input  File = alpha_x00#640_480_ARGB32.argb

Output File = nothing


----------------------

TotalTime           =  323.20 ms

   > ProcessingTime =    4.04 ms

     WaitTime       =    3.73 ms

     DevOpenTime    =    1.70 ms

     DevCloseTime   =    0.73 ms

     ReadTime       =  120.27 ms

     WriteTime      =    0.00 ms

     CheckSumTime   =  182.54 ms

     OtherTime      =   13.92 ms

----------------------

[R] 1.2.5.3     [ OK ]

@@ ----------------------------------------------

@@ BRU = 1.2.5.4

@@ ----------------------------------------------

device open = /dev/video2

device open = /dev/video3

device open = /dev/video7

Input  File = 1280_720_ARGB32.argb

Input  File = alpha_x80#640_480_ARGB32.argb

Output File = nothing


----------------------

TotalTime           =  285.56 ms

   > ProcessingTime =    4.25 ms

     WaitTime       =    3.94 ms

     DevOpenTime    =    1.65 ms

     DevCloseTime   =    0.76 ms

     ReadTime       =   13.82 ms

     WriteTime      =    0.00 ms

     CheckSumTime   =  182.29 ms

     OtherTime      =   82.78 ms

----------------------

[R] 1.2.5.4     [ OK ]

@@ ----------------------------------------------

@@ BRU = 1.2.5.5

@@ ----------------------------------------------

device open = /dev/video2

device open = /dev/video3

device open = /dev/video7

Input  File = 1280_720_ARGB32.argb

Input  File = alpha_xFF#640_480_ARGB32.argb

Output File = nothing


----------------------

TotalTime           =  285.27 ms

   > ProcessingTime =    4.05 ms

     WaitTime       =    3.74 ms

     DevOpenTime    =    1.61 ms

     DevCloseTime   =    0.73 ms

     ReadTime       =   13.83 ms

     WriteTime      =    0.00 ms

     CheckSumTime   =  182.29 ms

     OtherTime      =   82.76 ms

----------------------

[R] 1.2.5.5     [ OK ]

@@ ----------------------------------------------

@@ BRU = 1.2.5.6

@@ ----------------------------------------------

device open = /dev/video2

device open = /dev/video3

device open = /dev/video7

Input  File = 1280_720_ARGB32.argb

Input  File = alpha_x00#640_480_ARGB32.argb

Output File = nothing


----------------------

TotalTime           =  285.15 ms

   > ProcessingTime =    4.05 ms

     WaitTime       =    3.74 ms

     DevOpenTime    =    1.70 ms

     DevCloseTime   =    0.74 ms

     ReadTime       =   13.64 ms

     WriteTime      =    0.00 ms

     CheckSumTime   =  182.27 ms

     OtherTime      =   82.74 ms

----------------------

[R] 1.2.5.6     [ OK ]

@@ ----------------------------------------------

@@ BRU = 1.2.6.1

@@ ----------------------------------------------

device open = /dev/video2

device open = /dev/video3

device open = /dev/video7

Input  File = 1280_720_ARGB32.argb

Input  File = alpha_x80#640_480_ARGB32.argb

Output File = nothing


----------------------

TotalTime           =  214.26 ms

   > ProcessingTime =    4.15 ms

     WaitTime       =    3.76 ms

     DevOpenTime    =    1.71 ms

     DevCloseTime   =    0.72 ms

     ReadTime       =   11.40 ms

     WriteTime      =    0.00 ms

     CheckSumTime   =  182.54 ms

     OtherTime      =   13.74 ms

----------------------

[R] 1.2.6.1     [ OK ]

@@ ----------------------------------------------

@@ BRU = 1.2.6.2

@@ ----------------------------------------------

device open = /dev/video2

device open = /dev/video3

device open = /dev/video7

Input  File = 1280_720_ARGB32.argb

Input  File = alpha_x80#640_480_ARGB32.argb

Output File = nothing


----------------------

TotalTime           =  213.69 ms

   > ProcessingTime =    4.12 ms

     WaitTime       =    3.75 ms

     DevOpenTime    =    1.63 ms

     DevCloseTime   =    0.75 ms

     ReadTime       =   11.35 ms

     WriteTime      =    0.00 ms

     CheckSumTime   =  182.40 ms

     OtherTime      =   13.43 ms

----------------------

[R] 1.2.6.2     [ OK ]

@@ ----------------------------------------------

@@ BRU = 1.2.6.3

@@ ----------------------------------------------

device open = /dev/video2

device open = /dev/video3

device open = /dev/video7

Input  File = 1280_720_ARGB32.argb

Input  File = alpha_x00#640_480_ARGB32.argb

Output File = nothing


----------------------

TotalTime           =  213.92 ms

   > ProcessingTime =    4.14 ms

     WaitTime       =    3.74 ms

     DevOpenTime    =    1.66 ms

     DevCloseTime   =    0.72 ms

     ReadTime       =   11.09 ms

     WriteTime      =    0.00 ms

     CheckSumTime   =  182.45 ms

     OtherTime      =   13.86 ms

----------------------

[R] 1.2.6.3     [ OK ]

@@ ----------------------------------------------

@@ BRU = 1.2.6.4

@@ ----------------------------------------------

device open = /dev/video2

device open = /dev/video3

device open = /dev/video7

Input  File = 1280_720_ARGB32.argb

Input  File = alpha_x80#640_480_ARGB32.argb

Output File = nothing


----------------------

TotalTime           =  282.24 ms

   > ProcessingTime =    4.04 ms

     WaitTime       =    3.73 ms

     DevOpenTime    =    1.39 ms

     DevCloseTime   =    0.72 ms

     ReadTime       =   11.24 ms

     WriteTime      =    0.00 ms

     CheckSumTime   =  182.26 ms

     OtherTime      =   82.57 ms

----------------------

[R] 1.2.6.4     [ OK ]

@@ ----------------------------------------------

@@ BRU = 1.2.6.5

@@ ----------------------------------------------

device open = /dev/video2

device open = /dev/video3

device open = /dev/video7

Input  File = 1280_720_ARGB32.argb

Input  File = alpha_x80#640_480_ARGB32.argb

Output File = nothing


----------------------

TotalTime           =  283.23 ms

   > ProcessingTime =    4.04 ms

     WaitTime       =    3.74 ms

     DevOpenTime    =    1.69 ms

     DevCloseTime   =    0.70 ms

     ReadTime       =   11.62 ms

     WriteTime      =    0.00 ms

     CheckSumTime   =  182.36 ms

     OtherTime      =   82.81 ms

----------------------

[R] 1.2.6.5     [ OK ]

@@ ----------------------------------------------

@@ BRU = 1.2.6.6

@@ ----------------------------------------------

device open = /dev/video2

device open = /dev/video3

device open = /dev/video7

Input  File = 1280_720_ARGB32.argb

Input  File = alpha_x00#640_480_ARGB32.argb

Output File = nothing


----------------------

TotalTime           =  282.76 ms

   > ProcessingTime =    4.04 ms

     WaitTime       =    3.74 ms

     DevOpenTime    =    1.76 ms

     DevCloseTime   =    0.82 ms

     ReadTime       =   11.34 ms

     WriteTime      =    0.00 ms

     CheckSumTime   =  182.28 ms

     OtherTime      =   82.51 ms

----------------------

[R] 1.2.6.6     [ OK ]

## success ##


@@ SUCCESS !! / test name = bru



@@ ----------------------------------------------

@@ test name = mbru

@@ ----------------------------------------------

@@ ----------------------------------------------

@@ MBRU = 1.2.1.1

@@ ----------------------------------------------

device open = /dev/video2

device open = /dev/video7

Input  File = 1280_720_ARGB32.argb

Output File = nothing


----------------------

TotalTime           =  207.03 ms

   > ProcessingTime =    4.00 ms

     WaitTime       =    3.69 ms

     DevOpenTime    =    1.49 ms

     DevCloseTime   =    0.73 ms

     ReadTime       =    8.03 ms

     WriteTime      =    0.00 ms

     CheckSumTime   =  182.47 ms

     OtherTime      =   10.31 ms

----------------------

[R] 1.2.1.1     [ OK ]

@@ ----------------------------------------------

@@ MBRU = 1.2.1.2

@@ ----------------------------------------------

device open = /dev/video2

device open = /dev/video3

device open = /dev/video7

Input  File = 1280_720_ARGB32.argb

Input  File = 800_600_ARGB32.argb

Output File = nothing


----------------------

TotalTime           =  392.25 ms

   > ProcessingTime =    4.13 ms

     WaitTime       =    3.82 ms

     DevOpenTime    =    1.66 ms

     DevCloseTime   =    0.73 ms

     ReadTime       =  189.28 ms

     WriteTime      =    0.00 ms

     CheckSumTime   =  182.36 ms

     OtherTime      =   14.10 ms

----------------------

[R] 1.2.1.2     [ OK ]

@@ ----------------------------------------------

@@ MBRU = 1.2.1.3

@@ ----------------------------------------------

device open = /dev/video2

device open = /dev/video3

device open = /dev/video4

device open = /dev/video7

Input  File = 1280_720_ARGB32.argb

Input  File = 800_600_ARGB32.argb

Input  File = 640_480_ARGB32.argb

Output File = nothing


----------------------

TotalTime           =  223.95 ms

   > ProcessingTime =    4.28 ms

     WaitTime       =    3.81 ms

     DevOpenTime    =    1.89 ms

     DevCloseTime   =    0.81 ms

     ReadTime       =   18.22 ms

     WriteTime      =    0.00 ms

     CheckSumTime   =  182.46 ms

     OtherTime      =   16.29 ms

----------------------

[R] 1.2.1.3     [ OK ]

@@ ----------------------------------------------

@@ MBRU = 1.2.1.4

@@ ----------------------------------------------

device open = /dev/video2

device open = /dev/video3

device open = /dev/video4

device open = /dev/video5

device open = /dev/video7

Input  File = 1280_720_ARGB32.argb

Input  File = 800_600_ARGB32.argb

Input  File = 640_480_ARGB32.argb

Input  File = 400_200_ARGB32.argb

Output File = nothing


----------------------

TotalTime           =  263.68 ms

   > ProcessingTime =    4.34 ms

     WaitTime       =    3.86 ms

     DevOpenTime    =    1.84 ms

     DevCloseTime   =    0.91 ms

     ReadTime       =   56.42 ms

     WriteTime      =    0.00 ms

     CheckSumTime   =  182.43 ms

     OtherTime      =   17.73 ms

----------------------

[R] 1.2.1.4     [ OK ]

@@ ----------------------------------------------

@@ MBRU = 1.2.1.5

@@ ----------------------------------------------

device open = /dev/video2

device open = /dev/video3

device open = /dev/video4

device open = /dev/video5

device open = /dev/video6

device open = /dev/video7

Input  File = 1280_720_ARGB32.argb

Input  File = 800_600_ARGB32.argb

Input  File = 640_480_ARGB32.argb

Input  File = 400_200_ARGB32.argb

Input  File = 100_50_ARGB32.argb

Output File = nothing


----------------------

TotalTime           =  238.23 ms

   > ProcessingTime =    4.47 ms

     WaitTime       =    3.94 ms

     DevOpenTime    =    2.02 ms

     DevCloseTime   =    1.10 ms

     ReadTime       =   28.41 ms

     WriteTime      =    0.00 ms

     CheckSumTime   =  182.61 ms

     OtherTime      =   19.62 ms

----------------------

[R] 1.2.1.5     [ OK ]

## success ##


@@ SUCCESS !! / test name = mbru



@@ ----------------------------------------------

@@ test name = lut

@@ ----------------------------------------------

@@ ----------------------------------------------

@@ LUT = 1.5.1.1

@@ ----------------------------------------------

device open = /dev/video2

device open = /dev/video7

Input  File = 1280_720_ARGB32.argb

Output File = nothing


----------------------

TotalTime           =  207.53 ms

   > ProcessingTime =    4.16 ms

     WaitTime       =    3.87 ms

     DevOpenTime    =    1.41 ms

     DevCloseTime   =    0.65 ms

     ReadTime       =    8.14 ms

     WriteTime      =    0.00 ms

     CheckSumTime   =  182.47 ms

     OtherTime      =   10.70 ms

----------------------

[R] 1.5.1.1     [ OK ]

## success ##


@@ SUCCESS !! / test name = lut



@@ ----------------------------------------------

@@ test name = hgo

@@ ----------------------------------------------

@@ ----------------------------------------------

@@ HGO = 1.6.1.1

@@ ----------------------------------------------

device open = /dev/video2

device open = /dev/video7

Input  File = 1280_720_ARGB32.argb

Output File = nothing


----------------------

TotalTime           =  207.32 ms

   > ProcessingTime =    4.00 ms

     WaitTime       =    3.71 ms

     DevOpenTime    =    1.54 ms

     DevCloseTime   =    0.62 ms

     ReadTime       =    7.96 ms

     WriteTime      =    0.00 ms

     CheckSumTime   =  182.40 ms

     OtherTime      =   10.79 ms

----------------------

[R] 1.6.1.1     [ OK ]

## success ##


@@ SUCCESS !! / test name = hgo



@@ ----------------------------------------------

@@ test name = clu

@@ ----------------------------------------------

@@ ----------------------------------------------

@@ CLU = 1.5.2.1

@@ ----------------------------------------------

device open = /dev/video2

device open = /dev/video7

Input  File = 1280_720_ARGB32.argb

Output File = nothing


----------------------

TotalTime           =  208.28 ms

   > ProcessingTime =    4.06 ms

     WaitTime       =    3.76 ms

     DevOpenTime    =    1.35 ms

     DevCloseTime   =    0.61 ms

     ReadTime       =    8.09 ms

     WriteTime      =    0.00 ms

     CheckSumTime   =  182.56 ms

     OtherTime      =   11.61 ms

----------------------

[R] 1.5.2.1     [ OK ]

## success ##


@@ SUCCESS !! / test name = clu



@@ ----------------------------------------------

@@ test name = hgt

@@ ----------------------------------------------

[R] 1.6.2.1     [ SKIP ]( hgt case 1 )( Device name is nothing. )

## success ##


@@ SUCCESS !! / test name = hgt



@@ ----------------------------------------------

@@ test name = seq

@@ ----------------------------------------------

