
------------ BOARD -------------


Please press switch to restart board 

[F 00:00:10
[F 00:00:09
[F 00:00:08
[F 00:00:07
NOTICE:  BL2: R-Car Gen3 Initial Program Loader(CA57) Rev.3.0.0
NOTICE:  BL2: PRR is R-Car H3 Ver.3.0
NOTICE:  BL2: Board is Salvator-XS Rev.1.0
NOTICE:  BL2: Boot device is HyperFlash(160MHz)
NOTICE:  BL2: LCM state is CM
NOTICE:  AVS setting succeeded. DVFS_SetVID=0x53
NOTICE:  BL2: DDR3200(rev.0.41)
NOTICE:  BL2: [COLD_BOOT]
NOTICE:  BL2: DRAM Split is 4ch(DDR f)
NOTICE:  BL2: QoS is default setting(rev.0.11)
NOTICE:  BL2: DRAM refresh interval 1.95 usec
NOTICE:  BL2: Periodic Write DQ Training
NOTICE:  BL2: CH0: 400000000 - 47fffffff, 2 GiB
NOTICE:  BL2: CH1: 500000000 - 57fffffff, 2 GiB
NOTICE:  BL2: CH2: 600000000 - 67fffffff, 2 GiB
NOTICE:  BL2: CH3: 700000000 - 77fffffff, 2 GiB
NOTICE:  BL2: FDT at 0xe6325e70
NOTICE:  BL2: v2.6(release):v2.6
NOTICE:  BL2: Built : 09:11:03, May 18 2022
NOTICE:  BL2: Normal boot
NOTICE:  BL2: dst=0xe6325700 src=0x8180000 len=512(0x200)
NOTICE:  BL2: dst=0x43f00000 src=0x8180400 len=6144(0x1800)
NOTICE:  rcar_file_len: len: 0x0003e000
NOTICE:  BL2: dst=0x44000000 src=0x81c0000 len=253952(0x3e000)
NOTICE:  rcar_file_len: len: 0x00200000
NOTICE:  BL2: dst=0x44100000 src=0x8200000 len=2097152(0x200000)
NOTICE:  rcar_file_len: len: 0x00100000
NOTICE:  BL2: dst=0x50000000 src=0x8640000 len=1048576(0x100000)
NOTICE:  BL2: Booting BL31


U-Boot 2021.07 (Jul 17 2021 - 09:21:24 +0700)

CPU: Renesas Electronics R8A7795 rev 3.0
Model: Renesas Salvator-X board based on r8a77950
DRAM:  7.9 GiB
Flash: 0 Bytes
MMC:   sd@ee100000: 0, sd@ee140000: 1, sd@ee160000: 2
Loading Environment from MMC... OK
In:    serial@e6e88000
Out:   serial@e6e88000
Err:   serial@e6e88000
Net:   eth0: ethernet@e6800000
Auto-update from TFTP: failed, env. variable 'updatefile' not found
Hit any key to stop autoboot:  2  1  0 
ethernet@e6800000 Waiting for PHY auto negotiation to complete......... done
Using ethernet@e6800000 device
TFTP from server 192.168.10.98; our IP address is 192.168.10.132
Filename 'thuannguyen/h3/boot/Image'.
Load address: 0x48080000
Loading: *#################################################################
	 #################################################################
	 #################################################################
	 #################################################################
	 #################################################################
	 #################################################################
	 #################################################################
	 #################################################################
	 #################################################################
	 #################################################################
	 #################################################################
	 #################################################################
	 #################################################################
	 #################################################################
	 #################################################################
	 #################################################################
	 #################################################################
	 #################################################################
	 #################################################################
	 #################################################################
	 #################################################################
	 #################################################################
	 #################################################################
	 #################################################################
	 #################################################################
	 #################################################################
	 #################################################################
	 #################################################################
	 #################################################################
	 #################################################################
	 #################################################################
	 #################################################################
	 #################################################################
	 #################################################################
	 #################################################################
	 #################################################################
	 #################################################################
	 #################################################################
	 #################################################################
	 #################################################################
	 #################################################################
	 #################################################################
	 #################################################################
	 #################################################################
	 #################################################################
	 #################################################################
	 #################################################################
	 #################################################################
	 #################################################################
	 #################################################################
	 #################################################################
	 #################################################################
	 #################################
	 5.1 MiB/s
done
Bytes transferred = 50092544 (2fc5a00 hex)
Using ethernet@e6800000 device
TFTP from server 192.168.10.98; our IP address is 192.168.10.132
Filename 'thuannguyen/h3/boot/r8a77951-salvator-xs.dtb'.
Load address: 0x48000000
Loading: *#######
	 5.2 MiB/s
done
Bytes transferred = 98527 (180df hex)
Moving Image from 0x48080000 to 0x48200000, end=4bcf0000
## Flattened Device Tree blob at 48000000
   Booting using the fdt blob at 0x48000000
   Loading Device Tree to 0000000057fe4000, end 0000000057fff0de ... OK
Overlap found: 0x500000000..0x57fffffff / 0x500000000..0x53fffffff
Overlap found: 0x600000000..0x67fffffff / 0x600000000..0x63fffffff
Overlap found: 0x700000000..0x77fffffff / 0x700000000..0x73fffffff

Starting kernel ...

[    0.000000] Booting Linux on physical CPU 0x0000000000 [0x411fd073]
[    0.000000] Linux version 6.7.0-rc2-arm64-renesas (thuan.nguyen-hong@lab-soc.banvien.com.vn) (aarch64-poky-linux-gcc (GCC) 10.3.0, GNU ld (GNU Binutils) 2.36.1.20210703) #1 SMP PREEMPT Mon Nov 20 03:49:57 UTC 2023
[    0.000000] KASLR disabled due to lack of seed
[    0.000000] Machine model: Renesas Salvator-X 2nd version board based on r8a77951
[    0.000000] efi: UEFI not found.
[    0.000000] OF: reserved mem: 0x0000000044100000..0x0000000047dfffff (62464 KiB) nomap non-reusable optee_core@44100000
[    0.000000] OF: reserved mem: 0x0000000047e00000..0x0000000047efffff (1024 KiB) nomap non-reusable optee_shm@47e00000
[    0.000000] NUMA: No NUMA configuration found
[    0.000000] NUMA: Faking a node at [mem 0x0000000048000000-0x000000077fffffff]
[    0.000000] NUMA: NODE_DATA [mem 0x77efa4600-0x77efa6fff]
[    0.000000] Zone ranges:
[    0.000000]   DMA      [mem 0x0000000048000000-0x00000000ffffffff]
[    0.000000]   DMA32    empty
[    0.000000]   Normal   [mem 0x0000000100000000-0x000000077fffffff]
[    0.000000] Movable zone start for each node
[    0.000000] Early memory node ranges
[    0.000000]   node   0: [mem 0x0000000048000000-0x00000000bfffffff]
[    0.000000]   node   0: [mem 0x0000000500000000-0x000000057fffffff]
[    0.000000]   node   0: [mem 0x0000000600000000-0x000000067fffffff]
[    0.000000]   node   0: [mem 0x0000000700000000-0x000000077fffffff]
[    0.000000] Initmem setup node 0 [mem 0x0000000048000000-0x000000077fffffff]
[    0.000000] cma: Reserved 128 MiB at 0x00000000b8000000 on node -1
[    0.000000] psci: probing for conduit method from DT.
[    0.000000] psci: PSCIv1.1 detected in firmware.
[    0.000000] psci: Using standard PSCI v0.2 function IDs
[    0.000000] psci: Trusted OS migration not required
[    0.000000] psci: SMC Calling Convention v1.2
[    0.000000] percpu: Embedded 32 pages/cpu s91872 r8192 d31008 u131072
[    0.000000] Detected PIPT I-cache on CPU0
[    0.000000] CPU features: detected: Spectre-v2
[    0.000000] CPU features: detected: Spectre-v3a
[    0.000000] CPU features: detected: Spectre-BHB
[    0.000000] CPU features: detected: ARM erratum 1742098
[    0.000000] CPU features: detected: ARM errata 1165522, 1319367, or 1530923
[    0.000000] alternatives: applying boot alternatives
[    0.000000] Kernel command line: rw root=/dev/nfs nfsroot=192.168.10.98:/data/tftpboot/thuannguyen/h3/rootfs,nfsvers=4 ip=192.168.10.132
[    0.000000] Dentry cache hash table entries: 1048576 (order: 11, 8388608 bytes, linear)
[    0.000000] Inode-cache hash table entries: 524288 (order: 10, 4194304 bytes, linear)
[    0.000000] Fallback order for Node 0: 0 
[    0.000000] Built 1 zonelists, mobility grouping on.  Total pages: 2032128
[    0.000000] Policy zone: Normal
[    0.000000] mem auto-init: stack:off, heap alloc:off, heap free:off
[    0.000000] software IO TLB: area num 8.
[    0.000000] software IO TLB: mapped [mem 0x00000000b4000000-0x00000000b8000000] (64MB)
[    0.000000] Memory: 7840620K/8257536K available (19392K kernel code, 5846K rwdata, 12652K rodata, 10880K init, 11383K bss, 285844K reserved, 131072K cma-reserved)
[    0.000000] SLUB: HWalign=64, Order=0-3, MinObjects=0, CPUs=8, Nodes=1
[    0.000000] trace event string verifier disabled
[    0.000000] Running RCU self tests
[    0.000000] Running RCU synchronous self tests
[    0.000000] rcu: Preemptible hierarchical RCU implementation.
[    0.000000] rcu: 	RCU event tracing is enabled.
[    0.000000] rcu: 	RCU lockdep checking is enabled.
[    0.000000] 	Trampoline variant of Tasks RCU enabled.
[    0.000000] 	Tracing variant of Tasks RCU enabled.
[    0.000000] rcu: RCU calculated value of scheduler-enlistment delay is 25 jiffies.
[    0.000000] Running RCU synchronous self tests
[    0.000000] NR_IRQS: 64, nr_irqs: 64, preallocated irqs: 0
[    0.000000] GIC: Adjusting CPU interface base to 0x00000000f102f000
[    0.000000] Root IRQ handler: gic_handle_irq
[    0.000000] GIC: Using split EOI/Deactivate mode
[    0.000000] rcu: srcu_init: Setting srcu_struct sizes based on contention.
[    0.000000] arch_timer: cp15 timer(s) running at 8.32MHz (phys).
[    0.000000] clocksource: arch_sys_counter: mask: 0xffffffffffffff max_cycles: 0x1eb398c07, max_idle_ns: 440795202503 ns
[    0.000000] sched_clock: 56 bits at 8MHz, resolution 120ns, wraps every 2199023255503ns
[    0.000596] Console: colour dummy device 80x25
[    0.000631] printk: legacy console [tty0] enabled
[    0.003099] Lock dependency validator: Copyright (c) 2006 Red Hat, Inc., Ingo Molnar
[    0.003158] ... MAX_LOCKDEP_SUBCLASSES:  8
[    0.003191] ... MAX_LOCK_DEPTH:          48
[    0.003224] ... MAX_LOCKDEP_KEYS:        8192
[    0.003257] ... CLASSHASH_SIZE:          4096
[    0.003290] ... MAX_LOCKDEP_ENTRIES:     32768
[    0.003325] ... MAX_LOCKDEP_CHAINS:      65536
[    0.003358] ... CHAINHASH_SIZE:          32768
[    0.003392]  memory used by lock dependency info: 6493 kB
[    0.003431]  memory used for stack traces: 4224 kB
[    0.003466]  per task-struct memory footprint: 1920 bytes
[    0.003641] Calibrating delay loop (skipped), value calculated using timer frequency.. 16.64 BogoMIPS (lpj=33280)
[    0.003724] pid_max: default: 32768 minimum: 301
[    0.003965] LSM: initializing lsm=capability,integrity
[    0.004215] Mount-cache hash table entries: 16384 (order: 5, 131072 bytes, linear)
[    0.004303] Mountpoint-cache hash table entries: 16384 (order: 5, 131072 bytes, linear)
[    0.005832] Running RCU synchronous self tests
[    0.005894] Running RCU synchronous self tests
[    0.012303] RCU Tasks: Setting shift to 3 and lim to 1 rcu_task_cb_adjust=1.
[    0.012528] RCU Tasks Trace: Setting shift to 3 and lim to 1 rcu_task_cb_adjust=1.
[    0.012796] Running RCU Tasks wait API self tests
[    0.116407] Running RCU Tasks Trace wait API self tests
[    0.116923] rcu: Hierarchical SRCU implementation.
[    0.116967] rcu: 	Max phase no-delay instances is 1000.
[    0.119299] Detected Renesas R-Car Gen3 r8a7795 ES3.0
[    0.121613] EFI services will not be available.
[    0.122537] smp: Bringing up secondary CPUs ...
[    0.123967] Detected PIPT I-cache on CPU1
[    0.124090] CPU1: Booted secondary processor 0x0000000001 [0x411fd073]
[    0.125685] Detected PIPT I-cache on CPU2
[    0.125774] CPU2: Booted secondary processor 0x0000000002 [0x411fd073]
[    0.127089] Detected PIPT I-cache on CPU3
[    0.127169] CPU3: Booted secondary processor 0x0000000003 [0x411fd073]
[    0.129145] CPU features: detected: ARM erratum 845719
[    0.129163] Detected VIPT I-cache on CPU4
[    0.129303] CPU4: Booted secondary processor 0x0000000100 [0x410fd034]
[    0.130696] Detected VIPT I-cache on CPU5
[    0.130800] CPU5: Booted secondary processor 0x0000000101 [0x410fd034]
[    0.132147] Detected VIPT I-cache on CPU6
[    0.132254] CPU6: Booted secondary processor 0x0000000102 [0x410fd034]
[    0.133662] Detected VIPT I-cache on CPU7
[    0.133773] CPU7: Booted secondary processor 0x0000000103 [0x410fd034]
[    0.134121] smp: Brought up 1 node, 8 CPUs
[    0.134684] SMP: Total of 8 processors activated.
[    0.134724] CPU features: detected: 32-bit EL0 Support
[    0.134765] CPU features: detected: 32-bit EL1 Support
[    0.134807] CPU features: detected: CRC32 instructions
[    0.147297] CPU: All CPU(s) started at EL2
[    0.147386] alternatives: applying system-wide alternatives
[    0.151521] devtmpfs: initialized
[    0.155345] Callback from call_rcu_tasks_trace() invoked.
[    0.200116] Running RCU synchronous self tests
[    0.200223] Running RCU synchronous self tests
[    0.200463] clocksource: jiffies: mask: 0xffffffff max_cycles: 0xffffffff, max_idle_ns: 7645041785100000 ns
[    0.200559] futex hash table entries: 2048 (order: 6, 262144 bytes, linear)
[    0.203668] pinctrl core: initialized pinctrl subsystem
[    0.208037] DMI not present or invalid.
[    0.209897] NET: Registered PF_NETLINK/PF_ROUTE protocol family
[    0.212187] DMA: preallocated 1024 KiB GFP_KERNEL pool for atomic allocations
[    0.212514] DMA: preallocated 1024 KiB GFP_KERNEL|GFP_DMA pool for atomic allocations
[    0.213209] DMA: preallocated 1024 KiB GFP_KERNEL|GFP_DMA32 pool for atomic allocations
[    0.213381] audit: initializing netlink subsys (disabled)
[    0.213780] audit: type=2000 audit(0.200:1): state=initialized audit_enabled=0 res=1
[    0.216718] thermal_sys: Registered thermal governor 'step_wise'
[    0.216730] thermal_sys: Registered thermal governor 'power_allocator'
[    0.216964] cpuidle: using governor menu
[    0.217408] hw-breakpoint: found 6 breakpoint and 4 watchpoint registers.
[    0.217831] ASID allocator initialised with 65536 entries
[    0.222399] Serial: AMBA PL011 UART driver
[    0.246025] platform soc: Fixed dependency cycle(s) with /soc/interrupt-controller@f1010000
[    0.256236] platform e6060000.pinctrl: Fixed dependency cycle(s) with /soc/pinctrl@e6060000/scif_clk
[    0.257480] sh-pfc e6060000.pinctrl: r8a77951_pfc support registered
[    0.345065] platform fea80000.csi2: Fixed dependency cycle(s) with /soc/video@e6ef7000/ports/port@1/endpoint@0
[    0.345198] platform fea80000.csi2: Fixed dependency cycle(s) with /soc/video@e6ef6000/ports/port@1/endpoint@0
[    0.345317] platform fea80000.csi2: Fixed dependency cycle(s) with /soc/video@e6ef5000/ports/port@1/endpoint@0
[    0.345435] platform fea80000.csi2: Fixed dependency cycle(s) with /soc/video@e6ef4000/ports/port@1/endpoint@0
[    0.345559] platform fea80000.csi2: Fixed dependency cycle(s) with /soc/video@e6ef3000/ports/port@1/endpoint@0
[    0.345680] platform fea80000.csi2: Fixed dependency cycle(s) with /soc/video@e6ef2000/ports/port@1/endpoint@0
[    0.345802] platform fea80000.csi2: Fixed dependency cycle(s) with /soc/video@e6ef1000/ports/port@1/endpoint@0
[    0.345924] platform fea80000.csi2: Fixed dependency cycle(s) with /soc/video@e6ef0000/ports/port@1/endpoint@0
[    0.347065] platform feaa0000.csi2: Fixed dependency cycle(s) with /soc/video@e6ef3000/ports/port@1/endpoint@2
[    0.347269] platform feaa0000.csi2: Fixed dependency cycle(s) with /soc/video@e6ef2000/ports/port@1/endpoint@2
[    0.347469] platform feaa0000.csi2: Fixed dependency cycle(s) with /soc/video@e6ef1000/ports/port@1/endpoint@2
[    0.347670] platform feaa0000.csi2: Fixed dependency cycle(s) with /soc/video@e6ef0000/ports/port@1/endpoint@2
[    0.348745] platform fead0000.hdmi: Fixed dependency cycle(s) with /soc/sound@ec500000/ports/port@1/endpoint
[    0.349824] platform feae0000.hdmi: Fixed dependency cycle(s) with /soc/sound@ec500000/ports/port@2/endpoint
[    0.351047] platform feb00000.display: Fixed dependency cycle(s) with /soc/hdmi@feae0000/ports/port@0/endpoint
[    0.351209] platform feb00000.display: Fixed dependency cycle(s) with /soc/hdmi@fead0000/ports/port@0/endpoint
[    0.356078] platform hdmi0-out: Fixed dependency cycle(s) with /soc/hdmi@fead0000/ports/port@1/endpoint
[    0.356986] platform hdmi1-out: Fixed dependency cycle(s) with /soc/hdmi@feae0000/ports/port@1/endpoint
[    0.366832] platform vga-encoder: Fixed dependency cycle(s) with /vga/port/endpoint
[    0.367042] platform vga-encoder: Fixed dependency cycle(s) with /soc/display@feb00000/ports/port@0/endpoint
[    0.369403] Modules: 17680 pages in range for non-PLT usage
[    0.369413] Modules: 509200 pages in range for PLT usage
[    0.371101] HugeTLB: registered 1.00 GiB page size, pre-allocated 0 pages
[    0.371198] HugeTLB: 0 KiB vmemmap can be freed for a 1.00 GiB page
[    0.371248] HugeTLB: registered 32.0 MiB page size, pre-allocated 0 pages
[    0.371298] HugeTLB: 0 KiB vmemmap can be freed for a 32.0 MiB page
[    0.371347] HugeTLB: registered 2.00 MiB page size, pre-allocated 0 pages
[    0.371397] HugeTLB: 0 KiB vmemmap can be freed for a 2.00 MiB page
[    0.371445] HugeTLB: registered 64.0 KiB page size, pre-allocated 0 pages
[    0.371495] HugeTLB: 0 KiB vmemmap can be freed for a 64.0 KiB page
[    0.377013] ACPI: Interpreter disabled.
[    0.392998] iommu: Default domain type: Translated
[    0.393054] iommu: DMA domain TLB invalidation policy: strict mode
[    0.394047] SCSI subsystem initialized
[    0.394949] usbcore: registered new interface driver usbfs
[    0.395073] usbcore: registered new interface driver hub
[    0.395214] usbcore: registered new device driver usb
[    0.400291] i2c-sh_mobile e60b0000.i2c: I2C adapter 7, bus speed 400000 Hz
[    0.401279] mc: Linux media interface: v0.10
[    0.401431] videodev: Linux video capture interface: v2.00
[    0.401645] pps_core: LinuxPPS API ver. 1 registered
[    0.401688] pps_core: Software ver. 5.3.6 - Copyright 2005-2007 Rodolfo Giometti <giometti@linux.it>
[    0.401774] PTP clock support registered
[    0.402511] EDAC MC: Ver: 3.0.0
[    0.404318] scmi_core: SCMI protocol bus registered
[    0.408211] FPGA manager framework
[    0.408622] Advanced Linux Sound Architecture Driver Initialized.
[    0.411279] vgaarb: loaded
[    0.413236] clocksource: Switched to clocksource arch_sys_counter
[    0.414630] VFS: Disk quotas dquot_6.6.0
[    0.414733] VFS: Dquot-cache hash table entries: 512 (order 0, 4096 bytes)
[    0.415292] pnp: PnP ACPI: disabled
[    0.434773] NET: Registered PF_INET protocol family
[    0.435229] IP idents hash table entries: 131072 (order: 8, 1048576 bytes, linear)
[    0.439368] tcp_listen_portaddr_hash hash table entries: 4096 (order: 6, 294912 bytes, linear)
[    0.440109] Table-perturb hash table entries: 65536 (order: 6, 262144 bytes, linear)
[    0.440201] TCP established hash table entries: 65536 (order: 7, 524288 bytes, linear)
[    0.440650] TCP bind hash table entries: 65536 (order: 11, 9437184 bytes, vmalloc hugepage)
[    0.441405] Callback from call_rcu_tasks() invoked.
[    0.456178] TCP: Hash tables configured (established 65536 bind 65536)
[    0.456705] UDP hash table entries: 4096 (order: 7, 655360 bytes, linear)
[    0.457983] UDP-Lite hash table entries: 4096 (order: 7, 655360 bytes, linear)
[    0.459379] NET: Registered PF_UNIX/PF_LOCAL protocol family
[    0.460743] RPC: Registered named UNIX socket transport module.
[    0.460820] RPC: Registered udp transport module.
[    0.460861] RPC: Registered tcp transport module.
[    0.460901] RPC: Registered tcp-with-tls transport module.
[    0.460944] RPC: Registered tcp NFSv4.1 backchannel transport module.
[    0.461011] PCI: CLS 0 bytes, default 64
[    0.466070] kvm [1]: IPA Size Limit: 40 bits
[    0.471612] kvm [1]: vgic interrupt IRQ9
[    0.471712] kvm [1]: Hyp mode initialized successfully
[    0.475781] Initialise system trusted keyrings
[    0.476291] workingset: timestamp_bits=42 max_order=21 bucket_order=0
[    0.477188] squashfs: version 4.0 (2009/01/31) Phillip Lougher
[    0.477886] NFS: Registering the id_resolver key type
[    0.477995] Key type id_resolver registered
[    0.478048] Key type id_legacy registered
[    0.478122] nfs4filelayout_init: NFSv4 File Layout Driver Registering...
[    0.478196] nfs4flexfilelayout_init: NFSv4 Flexfile Layout Driver Registering...
[    0.478574] 9p: Installing v9fs 9p2000 file system support
[    0.507743] Key type asymmetric registered
[    0.507819] Asymmetric key parser 'x509' registered
[    0.507973] Block layer SCSI generic (bsg) driver version 0.4 loaded (major 242)
[    0.508055] io scheduler mq-deadline registered
[    0.508098] io scheduler kyber registered
[    0.508277] io scheduler bfq registered
[    0.567944] gpio_rcar e6050000.gpio: driving 16 GPIOs
[    0.568843] gpio_rcar e6051000.gpio: driving 29 GPIOs
[    0.569829] gpio_rcar e6052000.gpio: driving 15 GPIOs
[    0.570643] gpio_rcar e6053000.gpio: driving 16 GPIOs
[    0.571434] gpio_rcar e6054000.gpio: driving 18 GPIOs
[    0.572249] gpio_rcar e6055000.gpio: driving 26 GPIOs
[    0.573080] gpio_rcar e6055400.gpio: driving 32 GPIOs
[    0.573991] gpio_rcar e6055800.gpio: driving 4 GPIOs
[    0.584207] rcar-pcie fe000000.pcie: host bridge /soc/pcie@fe000000 ranges:
[    0.584352] rcar-pcie fe000000.pcie:       IO 0x00fe100000..0x00fe1fffff -> 0x0000000000
[    0.584502] rcar-pcie fe000000.pcie:      MEM 0x00fe200000..0x00fe3fffff -> 0x00fe200000
[    0.584621] rcar-pcie fe000000.pcie:      MEM 0x0030000000..0x0037ffffff -> 0x0030000000
[    0.584712] rcar-pcie fe000000.pcie:      MEM 0x0038000000..0x003fffffff -> 0x0038000000
[    0.584815] rcar-pcie fe000000.pcie:   IB MEM 0x0000000000..0x00ffffffff -> 0x0000000000
[    0.637210] rcar-pcie fe000000.pcie: PCIe link down
[    0.637812] rcar-pcie ee800000.pcie: host bridge /soc/pcie@ee800000 ranges:
[    0.637942] rcar-pcie ee800000.pcie:       IO 0x00ee900000..0x00ee9fffff -> 0x0000000000
[    0.638061] rcar-pcie ee800000.pcie:      MEM 0x00eea00000..0x00eebfffff -> 0x00eea00000
[    0.638175] rcar-pcie ee800000.pcie:      MEM 0x00c0000000..0x00c7ffffff -> 0x00c0000000
[    0.638265] rcar-pcie ee800000.pcie:      MEM 0x00c8000000..0x00cfffffff -> 0x00c8000000
[    0.638367] rcar-pcie ee800000.pcie:   IB MEM 0x0000000000..0x00ffffffff -> 0x0000000000
[    0.690703] rcar-pcie ee800000.pcie: PCIe link down
[    0.701548] EINJ: ACPI disabled.
[    0.830235] Serial: 8250/16550 driver, 2 ports, IRQ sharing enabled
[    0.841513] msm_serial: driver initialized
[    0.842959] SuperH (H)SCI(F) driver initialized
[    0.844709] e6550000.serial: ttySC1 at MMIO 0xe6550000 (irq = 28, base_baud = 0) is a hscif
[    0.847187] e6e88000.serial: ttySC0 at MMIO 0xe6e88000 (irq = 29, base_baud = 0) is a scif
[    0.847524] printk: legacy console [ttySC0] enabled
[    2.404890] STM32 USART driver initialized
[    2.446216] loop: module loaded
[    2.449838] at24 7-0050: supply vcc not found, using dummy regulator
[    2.457507] at24 7-0050: 128 byte br24t01 EEPROM, writable, 8 bytes/write
[    2.468772] megasas: 07.727.03.00-rc1
[    2.498462] tun: Universal TUN/TAP device driver, 1.6
[    2.507146] thunder_xcv, ver 1.0
[    2.510493] thunder_bgx, ver 1.0
[    2.513827] nicpf, ver 1.0
[    2.521493] hns3: Hisilicon Ethernet Network Driver for Hip08 Family - version
[    2.528790] hns3: Copyright (c) 2017 Huawei Corporation.
[    2.534290] hclge is initializing
[    2.537740] e1000: Intel(R) PRO/1000 Network Driver
[    2.542675] e1000: Copyright (c) 1999-2006 Intel Corporation.
[    2.548541] e1000e: Intel(R) PRO/1000 Network Driver
[    2.553557] e1000e: Copyright(c) 1999 - 2015 Intel Corporation.
[    2.559589] igb: Intel(R) Gigabit Ethernet Network Driver
[    2.565043] igb: Copyright (c) 2007-2014 Intel Corporation.
[    2.570723] igbvf: Intel(R) Gigabit Virtual Function Network Driver
[    2.577053] igbvf: Copyright (c) 2009 - 2012 Intel Corporation.
[    2.584398] sky2: driver version 1.30
[    2.593742] VFIO - User Level meta-driver version: 0.3
[    2.607620] ehci-platform ee0c0100.usb: EHCI Host Controller
[    2.607620] ehci-platform ee0a0100.usb: EHCI Host Controller
[    2.607870] ehci-platform ee0c0100.usb: new USB bus registered, assigned bus number 1
[    2.609416] ohci-platform ee0c0000.usb: Generic Platform OHCI controller
[    2.609475] ohci-platform ee0c0000.usb: new USB bus registered, assigned bus number 2
[    2.609635] ohci-platform ee0a0000.usb: Generic Platform OHCI controller
[    2.609688] ohci-platform ee0a0000.usb: new USB bus registered, assigned bus number 3
[    2.610197] ohci-platform ee0c0000.usb: irq 31, io mem 0xee0c0000
[    2.610251] ohci-platform ee0a0000.usb: irq 30, io mem 0xee0a0000
[    2.610720] xhci-renesas-hcd ee000000.usb: xHCI Host Controller
[    2.610798] xhci-renesas-hcd ee000000.usb: new USB bus registered, assigned bus number 4
[    2.611131] xhci-renesas-hcd ee000000.usb: Direct firmware load for r8a779x_usb3_v3.dlmem failed with error -2
[    2.611199] xhci-renesas-hcd ee000000.usb: can't setup: -2
[    2.611211] xhci-renesas-hcd ee000000.usb: USB bus 4 deregistered
[    2.611288] xhci-renesas-hcd: probe of ee000000.usb failed with error -2
[    2.612720] usbcore: registered new interface driver usb-storage
[    2.613423] ehci-platform ee0a0100.usb: new USB bus registered, assigned bus number 4
[    2.618746] renesas_usbhs e659c000.usb: host probed
[    2.618791] renesas_usbhs e659c000.usb: no transceiver found
[    2.619278] ehci-platform ee0c0100.usb: irq 31, io mem 0xee0c0100
[    2.619354] renesas_usbhs e659c000.usb: gadget probed
[    2.619624] renesas_usbhs e659c000.usb: probed
[    2.622287] renesas_usb3 ee020000.usb: probed with phy
[    2.627021] ehci-platform ee0a0100.usb: irq 30, io mem 0xee0a0100
[    2.629843] i2c_dev: i2c /dev entries driver
[    2.633424] ehci-platform ee0e0100.usb: EHCI Host Controller
[    2.633480] ehci-platform ee0e0100.usb: new USB bus registered, assigned bus number 5
[    2.633659] ehci-platform ee0e0100.usb: irq 15, io mem 0xee0e0100
[    2.637328] ohci-platform ee0e0000.usb: Generic Platform OHCI controller
[    2.637378] ohci-platform ee0e0000.usb: new USB bus registered, assigned bus number 6
[    2.637702] ohci-platform ee0e0000.usb: irq 15, io mem 0xee0e0000
[    2.639099] i2c 2-0010: Fixed dependency cycle(s) with /soc/sound@ec500000/ports/port@0/endpoint
[    2.639228] i2c 2-0010: Fixed dependency cycle(s) with /soc/sound@ec500000
[    2.640431] cs2000-cp 2-004f: operating in static mode
[    2.649840] cs2000-cp 2-004f: revision - C1
[    2.653306] ehci-platform ee0c0100.usb: USB 2.0 started, EHCI 1.10
[    2.655492] hub 1-0:1.0: USB hub found
[    2.655590] hub 1-0:1.0: 1 port detected
[    2.669277] ehci-platform ee0a0100.usb: USB 2.0 started, EHCI 1.10
[    2.674643] i2c-rcar e6510000.i2c: probed
[    2.684225] hub 4-0:1.0: USB hub found
[    2.685300] ehci-platform ee0e0100.usb: USB 2.0 started, EHCI 1.10
[    2.694552] pca953x 4-0020: supply vcc not found, using dummy regulator
[    2.698198] hub 4-0:1.0: 1 port detected
[    2.704775] pca953x 4-0020: using no AI
[    2.714209] hub 5-0:1.0: USB hub found
[    2.719220] i2c 4-0070: Fixed dependency cycle(s) with /soc/csi2@fea80000/ports/port@0/endpoint
[    2.724975] hub 5-0:1.0: 1 port detected
[    2.730117] i2c 4-0070: Fixed dependency cycle(s) with /soc/csi2@feaa0000/ports/port@0/endpoint
[    2.907314] i2c 4-0070: Fixed dependency cycle(s) with /hdmi-in/port/endpoint
[    2.914573] i2c 4-0070: Fixed dependency cycle(s) with /cvbs-in/port/endpoint
[    2.923594] hub 2-0:1.0: USB hub found
[    2.927485] hub 2-0:1.0: 1 port detected
[    2.932608] i2c-rcar e66d8000.i2c: probed
[    2.934539] hub 3-0:1.0: USB hub found
[    2.939423] adv748x 4-0070: Endpoint /soc/i2c@e66d8000/video-receiver@70/ports/port@7/endpoint on port 7
[    2.940538] hub 3-0:1.0: 1 port detected
[    2.949890] adv748x 4-0070: Endpoint /soc/i2c@e66d8000/video-receiver@70/ports/port@8/endpoint on port 8
[    2.956606] hub 6-0:1.0: USB hub found
[    2.963347] adv748x 4-0070: Endpoint /soc/i2c@e66d8000/video-receiver@70/ports/port@a/endpoint on port 10
[    2.967160] hub 6-0:1.0: 1 port detected
[    2.976741] adv748x 4-0070: Endpoint /soc/i2c@e66d8000/video-receiver@70/ports/port@b/endpoint on port 11
[    2.991298] adv748x 4-0070: chip found @ 0xe0 revision 2143
[    3.045842] rcar-csi2 fea80000.csi2: 1 lanes found
[    3.052732] rcar-csi2 feaa0000.csi2: 4 lanes found
[    3.070603] rcar-vin e6ef0000.video: Device registered as video0
[    3.077022] rcar-vin e6ef1000.video: Device registered as video1
[    3.083399] rcar-vin e6ef2000.video: Device registered as video2
[    3.089800] rcar-vin e6ef3000.video: Device registered as video3
[    3.096212] rcar-vin e6ef4000.video: Device registered as video4
[    3.102579] rcar-vin e6ef5000.video: Device registered as video5
[    3.108936] rcar-vin e6ef6000.video: Device registered as video6
[    3.115302] rcar-vin e6ef7000.video: Device registered as video7
[    3.137390] rcar_gen3_thermal e6198000.thermal: No calibration values fused, fallback to driver values
[    3.151714] rcar_gen3_thermal e6198000.thermal: Sensor 0: Loaded 1 trip points
[    3.163551] rcar_gen3_thermal e6198000.thermal: Sensor 1: Loaded 1 trip points
[    3.175391] rcar_gen3_thermal e6198000.thermal: Sensor 2: Loaded 2 trip points
[    3.203168] sdhci: Secure Digital Host Controller Interface driver
[    3.209434] sdhci: Copyright(c) Pierre Ossman
[    3.216704] Synopsys Designware Multimedia Card Interface Driver
[    3.226759] sdhci-pltfm: SDHCI platform and OF driver helper
[    3.241656] ledtrig-cpu: registered to indicate activity on CPUs
[    3.251241] SMCCC: SOC_ID: ARCH_SOC_ID not implemented, skipping ....
[    3.259218] ccree e6601000.crypto: ARM CryptoCell 630P Driver: HW version 0xAF400001/0xDCC63000, Driver version 5.0
[    3.270511] ccree e6601000.crypto: ARM ccree device initialized
[    3.279795] usbcore: registered new interface driver usbhid
[    3.285450] usbhid: USB HID core driver
[    3.322124] hw perfevents: enabled with armv8_cortex_a53 PMU driver, 7 counters available
[    3.332746] hw perfevents: enabled with armv8_cortex_a57 PMU driver, 7 counters available
[    3.348535] optee: probing for conduit method.
[    3.353059] optee: revision 3.17 (f9e55014)
[    3.353873] optee: dynamic shared memory is enabled
[    3.363673] optee: initialized driver
[    3.403813] NET: Registered PF_PACKET protocol family
[    3.409024] can: controller area network core
[    3.413552] NET: Registered PF_CAN protocol family
[    3.418612] 9pnet: Installing 9P2000 support
[    3.423071] Key type dns_resolver registered
[    3.455256] registered taskstats version 1
[    3.459936] Loading compiled-in X.509 certificates
[    3.550904] renesas_irqc e61c0000.interrupt-controller: driving 6 irqs
[    3.602643] rcar-dw-hdmi fead0000.hdmi: Detected HDMI TX controller v2.01a with HDCP (DWC HDMI 2.0 TX PHY)
[    3.614349] rcar-dw-hdmi fead0000.hdmi: registered DesignWare HDMI I2C bus driver
[    3.632666] rcar-dw-hdmi feae0000.hdmi: Detected HDMI TX controller v2.01a with HDCP (DWC HDMI 2.0 TX PHY)
[    3.644276] rcar-dw-hdmi feae0000.hdmi: registered DesignWare HDMI I2C bus driver
[    3.688673] renesas_usbhs e6590000.usb: host probed
[    3.693660] renesas_usbhs e6590000.usb: no transceiver found
[    3.699816] renesas_usbhs e6590000.usb: gadget probed
[    3.705199] renesas_usbhs e6590000.usb: probed
[    3.709480] ehci-platform ee080100.usb: EHCI Host Controller
[    3.715550] ehci-platform ee080100.usb: new USB bus registered, assigned bus number 7
[    3.717339] ohci-platform ee080000.usb: Generic Platform OHCI controller
[    3.723577] ehci-platform ee080100.usb: irq 94, io mem 0xee080100
[    3.730297] ohci-platform ee080000.usb: new USB bus registered, assigned bus number 8
[    3.744779] ohci-platform ee080000.usb: irq 94, io mem 0xee080000
[    3.749278] ehci-platform ee080100.usb: USB 2.0 started, EHCI 1.10
[    3.758795] hub 7-0:1.0: USB hub found
[    3.762683] hub 7-0:1.0: 1 port detected
[    3.771648] cpufreq: cpufreq_online: CPU0: Running at unlisted initial frequency: 1497600 KHz, changing to: 1500000 KHz
[    3.783511] cpu cpu0: EM: created perf domain
[    3.794099] cpufreq: cpufreq_online: CPU4: Running at unlisted initial frequency: 1198080 KHz, changing to: 1200000 KHz
[    3.805516] cpu cpu4: EM: created perf domain
[    3.841475] hub 8-0:1.0: USB hub found
[    3.845362] hub 8-0:1.0: 1 port detected
[    4.082721] input: keys as /devices/platform/keys/input/input0
[    4.204406] Trying to probe devices needed for running init ...
[   14.316614] rcar-dmac e6700000.dma-controller: deferred probe timeout, ignoring dependency
[   14.338413] rcar-dmac e7300000.dma-controller: deferred probe timeout, ignoring dependency
[   14.359683] rcar-dmac e7310000.dma-controller: deferred probe timeout, ignoring dependency
[   14.381970] rcar-dmac ec700000.dma-controller: deferred probe timeout, ignoring dependency
[   14.403521] rcar-dmac ec720000.dma-controller: deferred probe timeout, ignoring dependency
[   14.433618] sata_rcar ee300000.sata: deferred probe timeout, ignoring dependency
[   14.444249] scsi host0: sata_rcar
[   14.448448] ata1: SATA max UDMA/133 irq 186 lpm-pol 0
[   14.457433] ravb e6800000.ethernet: deferred probe timeout, ignoring dependency
[   14.474204] ravb e6800000.ethernet eth0: Base address at 0xe6800000, 2e:09:0a:03:84:e0, IRQ 187.
[   14.509954] rcar-fcp fe950000.fcp: deferred probe timeout, ignoring dependency
[   14.519905] rcar-fcp fe951000.fcp: deferred probe timeout, ignoring dependency
[   14.529797] rcar-fcp fe96f000.fcp: deferred probe timeout, ignoring dependency
[   14.539693] rcar-fcp fe92f000.fcp: deferred probe timeout, ignoring dependency
[   14.549615] rcar-fcp fe9af000.fcp: deferred probe timeout, ignoring dependency
[   14.559491] rcar-fcp fe9bf000.fcp: deferred probe timeout, ignoring dependency
[   14.569353] rcar-fcp fea27000.fcp: deferred probe timeout, ignoring dependency
[   14.579168] rcar-fcp fea2f000.fcp: deferred probe timeout, ignoring dependency
[   14.589057] rcar-fcp fea37000.fcp: deferred probe timeout, ignoring dependency
[   14.599969] rcar_fdp1 fe940000.fdp1: Device registered as /dev/video8
[   14.610382] rcar_fdp1 fe944000.fdp1: Device registered as /dev/video9
[   14.623850] renesas_sdhi_internal_dmac ee100000.mmc: deferred probe timeout, ignoring dependency
[   14.627007] renesas_sdhi_internal_dmac ee160000.mmc: deferred probe timeout, ignoring dependency
[   14.630140] renesas_sdhi_internal_dmac ee140000.mmc: deferred probe timeout, ignoring dependency
[   14.633181] renesas_sdhi_internal_dmac ee100000.mmc: Got CD GPIO
[   14.646034] renesas_sdhi_internal_dmac ee160000.mmc: Got CD GPIO
[   14.648680] rcar_sound ec500000.sound: probed
[   14.650377] renesas_sdhi_internal_dmac ee100000.mmc: Got WP GPIO
[   14.656428] renesas_sdhi_internal_dmac ee160000.mmc: Got WP GPIO
[   14.677443] renesas_sdhi_internal_dmac ee140000.mmc: mmc0 base at 0x00000000ee140000, max clock rate 200 MHz
[   14.712926] renesas_sdhi_internal_dmac ee100000.mmc: mmc1 base at 0x00000000ee100000, max clock rate 200 MHz
[   14.729252] renesas_sdhi_internal_dmac ee160000.mmc: mmc2 base at 0x00000000ee160000, max clock rate 200 MHz
[   14.754811] mmc0: new HS400 MMC card at address 0001
[   14.762262] mmcblk0: mmc0:0001 BGSD3R 29.1 GiB
[   14.774166]  mmcblk0: p1 p2
[   14.778723] mmcblk0boot0: mmc0:0001 BGSD3R 16.0 MiB
[   14.782582] hdmi-audio-codec hdmi-audio-codec.4.auto: ASoC: sink widget TX overwritten
[   14.786843] mmcblk0boot1: mmc0:0001 BGSD3R 16.0 MiB
[   14.791587] hdmi-audio-codec hdmi-audio-codec.4.auto: ASoC: sink widget Capture overwritten
[   14.799836] mmcblk0rpmb: mmc0:0001 BGSD3R 4.00 MiB, chardev (509:0)
[   14.804842] hdmi-audio-codec hdmi-audio-codec.4.auto: ASoC: source widget RX overwritten
[   14.841150] [drm] Initialized rcar-du 1.0.0 20130110 for feb00000.display on minor 0
[   14.849148] rcar-du feb00000.display: [drm] Device feb00000.display probed
[   14.869323] ata1: link resume succeeded after 1 retries
[   14.900082] Console: switching to colour frame buffer device 128x48
[   14.933832] rcar-du feb00000.display: [drm] fb0: rcar-dudrmfb frame buffer device
[   14.976439] ata1: SATA link down (SStatus 0 SControl 300)
[   15.061917] Micrel KSZ9031 Gigabit PHY e6800000.ethernet-ffffffff:00: attached PHY driver (mii_bus:phy_addr=e6800000.ethernet-ffffffff:00, irq=193)
[   22.012307] ravb e6800000.ethernet eth0: Link is Up - 1Gbps/Full - flow control off
[   22.037275] IP-Config: Guessing netmask 255.255.255.0
[   22.042527] IP-Config: Complete:
[   22.045899]      device=eth0, hwaddr=2e:09:0a:03:84:e0, ipaddr=192.168.10.132, mask=255.255.255.0, gw=255.255.255.255
[   22.056720]      host=192.168.10.132, domain=, nis-domain=(none)
[   22.063036]      bootserver=255.255.255.255, rootserver=192.168.10.98, rootpath=
[   22.063579] clk: Disabling unused clocks
[   22.076011] ALSA device list:
[   22.079125]   #0: rcar-sound
[   23.075427] VFS: Mounted root (nfs4 filesystem) on device 0:24.
[   23.082321] devtmpfs: mounted
[   23.091509] Freeing unused kernel memory: 10880K
[   23.101520] Run /sbin/init as init process
[   23.450718] systemd[1]: System time before build time, advancing clock.
[   23.572409] systemd[1]: systemd 234 running in system mode. (+PAM -AUDIT -SELINUX +IMA -APPARMOR +SMACK +SYSVINIT +UTMP -LIBCRYPTSETUP -GCRYPT -GNUTLS +ACL +XZ -LZ4 -SECCOMP +BLKID -ELFUTILS +KMOD -IDN2 -IDN default-hierarchy=hybrid)
[   23.598586] systemd[1]: Detected architecture arm64.

Welcome to [1mPoky (Yocto Project Reference Distro) 2.4.1 (rocko)[0m!

[   23.627690] systemd[1]: Set hostname to <salvator-x>.
[   27.821971] random: crng init done
[   27.826886] systemd[1]: Reached target Remote File Systems.
[[0;32m  OK  [0m] Reached target Remote File Systems.
[   27.850337] systemd[1]: Started Forward Password Requests to Wall Directory Watch.
[[0;32m  OK  [0m] Started Forward Password Requests to Wall Directory Watch.
[   27.879213] systemd[1]: Listening on Journal Socket (/dev/log).
[[0;32m  OK  [0m] Listening on Journal Socket (/dev/log).
[   27.903905] systemd[1]: Listening on udev Control Socket.
[[0;32m  OK  [0m] Listening on udev Control Socket.
[   27.929502] systemd[1]: Reached target Swap.
[[0;32m  OK  [0m] Reached target Swap.
[   27.955391] systemd[1]: Created slice User and Session Slice.
[[0;32m  OK  [0m] Created slice User and Session Slice.
[   27.977914] systemd[1]: Listening on Network Service Netlink Socket.
[[0;32m  OK  [0m] Listening on Network Service Netlink Socket.
[[0;32m  OK  [0m] Started Dispatch Password Requests to Console Directory Watch.
[[0;32m  OK  [0m] Reached target Paths.
[[0;32m  OK  [0m] Listening on /dev/initctl Compatibility Named Pipe.
[[0;32m  OK  [0m] Listening on Journal Socket.
[[0;32m  OK  [0m] Listening on udev Kernel Socket.
[[0;32m  OK  [0m] Listening on Journal Audit Socket.
[[0;32m  OK  [0m] Created slice System Slice.
[[0;32m  OK  [0m] Created slice system-serial\x2dgetty.slice.
[[0;32m  OK  [0m] Created slice system-getty.slice.
         Mounting Temporary Directory (/tmp)...
         Mounting POSIX Message Queue File System...
         Starting Apply Kernel Variables...
         Mounting Kernel Debug File System...
         Starting Journal Service...
         Starting Remount Root and Kernel File Systems...
[[0;32m  OK  [0m] Reached target Slices.
         Starting Create list of required stâ€¦ce nodes for the current kernel...
         Mounting Kernel Configuration File System...
         Mounting Huge Pages File System...
[[0;32m  OK  [0m] Mounted Kernel Debug File System.
[[0;32m  OK  [0m] Mounted Kernel Configuration File System.
[[0;32m  OK  [0m] Mounted POSIX Message Queue File System.
[[0;32m  OK  [0m] Mounted Huge Pages File System.
[[0;32m  OK  [0m] Mounted Temporary Directory (/tmp).
[[0;32m  OK  [0m] Started Apply Kernel Variables.
[[0;32m  OK  [0m] Started Remount Root and Kernel File Systems.
[[0;32m  OK  [0m] Started Create list of required staâ€¦vice nodes for the current kernel.
[[0;32m  OK  [0m] Started Journal Service.
         Starting Flush Journal to Persistent Storage...
         Starting udev Coldplug all Devices...
         Starting Create Static Device Nodes in /dev...
[   28.698537] systemd-journald[264]: Received request to flush runtime journal from PID 1
[[0;32m  OK  [0m] Started Flush Journal to Persistent Storage.
[[0;32m  OK  [0m] Started Create Static Device Nodes in /dev.
         Starting udev Kernel Device Manager...
[[0;32m  OK  [0m] Reached target Local File Systems (Pre).
         Mounting /var/volatile...
[[0;32m  OK  [0m] Mounted /var/volatile.
         Starting Load/Save Random Seed...
[[0;32m  OK  [0m] Reached target Local File Systems.
         Starting Create Volatile Files and Directories...
[[0;32m  OK  [0m] Started udev Kernel Device Manager.
[[0;32m  OK  [0m] Started Load/Save Random Seed.
[[0;32m  OK  [0m] Started Create Volatile Files and Directories.
         Starting Update UTMP about System Boot/Shutdown...
[[0;32m  OK  [0m] Started Update UTMP about System Boot/Shutdown.
[[0;32m  OK  [0m] Started udev Coldplug all Devices.
[[0;32m  OK  [0m] Found device /dev/ttySC0.
[[0;32m  OK  [0m] Created slice system-systemd\x2dbacklight.slice.
         Starting Load/Save Screen Backlightâ€¦ightness of backlight:backlight...
[[0;32m  OK  [0m] Started Load/Save Screen Backlight Brightness of backlight:backlight.
[[0;32m  OK  [0m] Reached target Sound Card.
[[0;32m  OK  [0m] Reached target System Initialization.
[   31.034227] rcar_sound ec500000.sound: Can't update kctrl when idle
[[0;32m  OK  [0m] Started dnf makecache timer.
[[0;32m  OK  [0m] Listening on D-Bus System Message Bus Socket.
[[0;32m  OK  [0m] Started dnf-automatic-install timer.
         Starting Console System Startup Logging...
[[0;32m  OK  [0m] Started Daily rotation of log files.
[[0;32m  OK  [0m] Listening on Avahi mDNS/DNS-SD Stack Activation Socket.
[[0;32m  OK  [0m] Listening on RPCbind Server Activation Socket.
         Starting Network Service...
[[0;32m  OK  [0m] Started Daily Cleanup of Temporary Directories.
[[0;32m  OK  [0m] Started dnf-automatic-notifyonly timer.
         Starting sshd.socket.
[[0;32m  OK  [0m] Started dnf-automatic-download timer.
[[0;32m  OK  [0m] Reached target Timers.
[[0;32m  OK  [0m] Started Console System Startup Logging.
[[0;32m  OK  [0m] Listening on sshd.socket.
[[0;32m  OK  [0m] Reached target Sockets.
[[0;32m  OK  [0m] Reached target Basic System.
[[0;32m  OK  [0m] Started Job spooling tools.
         Starting Avahi mDNS/DNS-SD Stack...
[[0;32m  OK  [0m] Reached target Containers.
         Starting Telephony service...
[[0;32m  OK  [0m] Started Periodic Command Scheduler.
         Starting bind.service...
[[0;32m  OK  [0m] Started optee services.
[[0;32m  OK  [0m] Started D-Bus System Message Bus.
[[0;32m  OK  [0m] Started Telephony service.
[[0;32m  OK  [0m] Started Avahi mDNS/DNS-SD Stack.
         Starting Login Service...
[[0;32m  OK  [0m] Started Weston Wayland compositor.
         Starting Save/Restore Sound Card State...
[[0;32m  OK  [0m] Started Network Service.
[   32.411787] rcar_sound ec500000.sound: Can't update kctrl when idle
[[0;32m  OK  [0m] Started Save/Restore Sound Card State.
[[0;32m  OK  [0m] Listening on Load/Save RF Ki[   32.609048] Bluetooth: Core ver 2.22
ll Switch Status /dev/rfkill Watch.
[   32.624519] NET: Registered PF_BLUETOOTH protocol family
[   32.624536] Bluetooth: HCI device and connection manager initialized
[   32.624700] Bluetooth: HCI socket layer initialized
[   32.624716] Bluetooth: L2CAP socket layer initialized
[   32.625417] Bluetooth: SCO socket layer initialized
[[0;32m  OK  [0m] Reached target Network.
         Starting Network Name Resolution...
         Starting Xinetd A Powerful Replacement For Inetd...
         Starting Permit User Sessions...
         Starting Berkeley Internet Name Domain (DNS)...
[[0;32m  OK  [0m] Started Network Name Resolution.
[[0;32m  OK  [0m] Started bind.service.
[[0;32m  OK  [0m] Started Xinetd A Powerful Replacement For Inetd.
[[0;32m  OK  [0m] Started Permit User Sessions.
[[0;32m  OK  [0m] Started Login Service.
[[0;32m  OK  [0m] Created slice User Slice of root.
[[0;32m  OK  [0m] Started Serial Getty on ttySC0.
[[0;32m  OK  [0m] Started Getty on tty1.
[[0;32m  OK  [0m] Reached target Login Prompts.
[[0;1;31mFAILED[0m] Failed to start Berkeley Internet Name Domain (DNS).
See 'systemctl status named.service' for details.
         Starting User Manager for UID 0...
[[0;32m  OK  [0m] Reached target Multi-User System.
         Starting Update UTMP about System Runlevel Changes...
[[0;32m  OK  [0m] Reached target Host and Network Name Lookups.
[   33.293299] audit: type=1006 audit(1516156422.836:2): pid=488 uid=0 old-auid=4294967295 auid=0 tty=(none) old-ses=4294967295 ses=1 res=1
[   33.308082] audit: type=1300 audit(1516156422.836:2): arch=c00000b7 syscall=64 success=yes exit=1 a0=8 a1=fffff15093e8 a2=1 a3=0 items=0 ppid=1 pid=488 auid=0 uid=0 gid=0 euid=0 suid=0 fsuid=0 egid=0 sgid=0 fsgid=0 tty=(none) ses=1 comm="(systemd)" exe="/lib/systemd/systemd" key=(null)
[   33.337452] audit: type=1327 audit(1516156422.836:2): proctitle="(systemd)"
[[0;32m  OK  [0m] Started Session c1 of user root.
[[0;32m  OK  [0m] Started Update UTMP about System Runlevel Changes.
[[0;32m  OK  [0m] Started User Manager for UID 0.

Poky (Yocto Project Reference Distro) 2.4.1 salvator-x ttySC0

salvator-x login: 
Poky (Yocto Project Reference Distro) 2.4.1 salvator-x ttySC0

salvator-x login: root
Last login: Wed Jan 17 02:33:42 UTC 2018 on tty2
7[r[999;999H[6n8root@salvator-x:~# 
root@salvator-x:~# 
root@salvator-x:~# 
root@salvator-x:~# 
root@salvator-x:~# 
root@salvator-x:~# 
root@salvator-x:~# 
root@salvator-x:~# 
root@salvator-x:~# 