
------------ BOARD -------------


Please press switch to restart board 

[F 00:00:10
[F 00:00:09
NOTICE:  BL2: R-Car Gen3 Initial Program Loader(CA57) Rev.3.0.0
NOTICE:  BL2: PRR is R-Car H3 Ver.3.0
NOTICE:  BL2: Board is Salvator-XS Rev.1.0
NOTICE:  BL2: Boot device is HyperFlash(160MHz)
NOTICE:  BL2: LCM state is CM
NOTICE:  AVS setting succeeded. DVFS_SetVID=0x53
NOTICE:  BL2: DDR3200(rev.0.41)
NOTICE:  BL2: [COLD_BOOT]
NOTICE:  BL2: DRAM Split is 4ch(DDR f)
NOTICE:  BL2: QoS is default setting(rev.0.11)
NOTICE:  BL2: DRAM refresh interval 1.95 usec
NOTICE:  BL2: Periodic Write DQ Training
NOTICE:  BL2: CH0: 400000000 - 47fffffff, 2 GiB
NOTICE:  BL2: CH1: 500000000 - 57fffffff, 2 GiB
NOTICE:  BL2: CH2: 600000000 - 67fffffff, 2 GiB
NOTICE:  BL2: CH3: 700000000 - 77fffffff, 2 GiB
NOTICE:  BL2: FDT at 0xe6325e70
NOTICE:  BL2: v2.6(release):v2.6
NOTICE:  BL2: Built : 09:11:03, May 18 2022
NOTICE:  BL2: Normal boot
NOTICE:  BL2: dst=0xe6325700 src=0x8180000 len=512(0x200)
NOTICE:  BL2: dst=0x43f00000 src=0x8180400 len=6144(0x1800)
NOTICE:  rcar_file_len: len: 0x0003e000
NOTICE:  BL2: dst=0x44000000 src=0x81c0000 len=253952(0x3e000)
NOTICE:  rcar_file_len: len: 0x00200000
NOTICE:  BL2: dst=0x44100000 src=0x8200000 len=2097152(0x200000)
NOTICE:  rcar_file_len: len: 0x00100000
NOTICE:  BL2: dst=0x50000000 src=0x8640000 len=1048576(0x100000)
NOTICE:  BL2: Booting BL31


U-Boot 2021.07 (Jul 17 2021 - 09:21:24 +0700)

CPU: Renesas Electronics R8A7795 rev 3.0
Model: Renesas Salvator-X board based on r8a77950
DRAM:  7.9 GiB
Flash: 0 Bytes
MMC:   sd@ee100000: 0, sd@ee140000: 1, sd@ee160000: 2
Loading Environment from MMC... OK
In:    serial@e6e88000
Out:   serial@e6e88000
Err:   serial@e6e88000
Net:   eth0: ethernet@e6800000
Auto-update from TFTP: failed, env. variable 'updatefile' not found
Hit any key to stop autoboot:  2  1  0 
ethernet@e6800000 Waiting for PHY auto negotiation to complete.......... done
Using ethernet@e6800000 device
TFTP from server 192.168.10.98; our IP address is 192.168.10.132
Filename 'thuannguyen/h3/boot/Image'.
Load address: 0x48080000
Loading: *#################################################################
	 #################################################################
	 #################################################################
	 #################################################################
	 #################################################################
	 #################################################################
	 #################################################################
	 #################################################################
	 #################################################################
	 #################################################################
	 #################################################################
	 #################################################################
	 #################################################################
	 #################################################################
	 #################################################################
	 #################################################################
	 #################################################################
	 #################################################################
	 #################################################################
	 #################################################################
	 #################################################################
	 #################################################################
	 #################################################################
	 #################################################################
	 #################################################################
	 #################################################################
	 #################################################################
	 #################################################################
	 #################################################################
	 #################################################################
	 #################################################################
	 #################################################################
	 #################################################################
	 #################################################################
	 #################################################################
	 #################################################################
	 #################################################################
	 #################################################################
	 #################################################################
	 #################################################################
	 #################################################################
	 #################################################################
	 #################################################################
	 #################################################################
	 #################################################################
	 #################################################################
	 #################################################################
	 #################################################################
	 #################################################################
	 #################################################################
	 #################################################################
	 #################################################################
	 #################################################################
	 ########################################
	 5.1 MiB/s
done
Bytes transferred = 51159552 (30ca200 hex)
Using ethernet@e6800000 device
TFTP from server 192.168.10.98; our IP address is 192.168.10.132
Filename 'thuannguyen/h3/boot/r8a77951-salvator-xs.dtb'.
Load address: 0x48000000
Loading: *#######
	 4.7 MiB/s
done
Bytes transferred = 98527 (180df hex)
Moving Image from 0x48080000 to 0x48200000, end=4bdf0000
## Flattened Device Tree blob at 48000000
   Booting using the fdt blob at 0x48000000
   Loading Device Tree to 0000000057fe4000, end 0000000057fff0de ... OK
Overlap found: 0x500000000..0x57fffffff / 0x500000000..0x53fffffff
Overlap found: 0x600000000..0x67fffffff / 0x600000000..0x63fffffff
Overlap found: 0x700000000..0x77fffffff / 0x700000000..0x73fffffff

Starting kernel ...

[    0.000000] Booting Linux on physical CPU 0x0000000000 [0x411fd073]
[    0.000000] Linux version 6.7.0-rc2-arm64-renesas (thuan.nguyen-hong@lab-soc.banvien.com.vn) (aarch64-poky-linux-gcc (GCC) 10.3.0, GNU ld (GNU Binutils) 2.36.1.20210703) #1 SMP PREEMPT Mon Nov 20 05:04:31 UTC 2023
[    0.000000] KASLR disabled due to lack of seed
[    0.000000] Machine model: Renesas Salvator-X 2nd version board based on r8a77951
[    0.000000] efi: UEFI not found.
[    0.000000] OF: reserved mem: 0x0000000044100000..0x0000000047dfffff (62464 KiB) nomap non-reusable optee_core@44100000
[    0.000000] OF: reserved mem: 0x0000000047e00000..0x0000000047efffff (1024 KiB) nomap non-reusable optee_shm@47e00000
[    0.000000] NUMA: No NUMA configuration found
[    0.000000] NUMA: Faking a node at [mem 0x0000000048000000-0x000000077fffffff]
[    0.000000] NUMA: NODE_DATA [mem 0x77efa4600-0x77efa6fff]
[    0.000000] Zone ranges:
[    0.000000]   DMA      [mem 0x0000000048000000-0x00000000ffffffff]
[    0.000000]   DMA32    empty
[    0.000000]   Normal   [mem 0x0000000100000000-0x000000077fffffff]
[    0.000000] Movable zone start for each node
[    0.000000] Early memory node ranges
[    0.000000]   node   0: [mem 0x0000000048000000-0x00000000bfffffff]
[    0.000000]   node   0: [mem 0x0000000500000000-0x000000057fffffff]
[    0.000000]   node   0: [mem 0x0000000600000000-0x000000067fffffff]
[    0.000000]   node   0: [mem 0x0000000700000000-0x000000077fffffff]
[    0.000000] Initmem setup node 0 [mem 0x0000000048000000-0x000000077fffffff]
[    0.000000] cma: Reserved 128 MiB at 0x00000000b8000000 on node -1
[    0.000000] psci: probing for conduit method from DT.
[    0.000000] psci: PSCIv1.1 detected in firmware.
[    0.000000] psci: Using standard PSCI v0.2 function IDs
[    0.000000] psci: Trusted OS migration not required
[    0.000000] psci: SMC Calling Convention v1.2
[    0.000000] percpu: Embedded 32 pages/cpu s91872 r8192 d31008 u131072
[    0.000000] Detected PIPT I-cache on CPU0
[    0.000000] CPU features: detected: Spectre-v2
[    0.000000] CPU features: detected: Spectre-v3a
[    0.000000] CPU features: detected: Spectre-BHB
[    0.000000] CPU features: detected: ARM erratum 1742098
[    0.000000] CPU features: detected: ARM errata 1165522, 1319367, or 1530923
[    0.000000] alternatives: applying boot alternatives
[    0.000000] Kernel command line: rw root=/dev/nfs nfsroot=192.168.10.98:/data/tftpboot/thuannguyen/h3/rootfs,nfsvers=4 ip=192.168.10.132
[    0.000000] Dentry cache hash table entries: 1048576 (order: 11, 8388608 bytes, linear)
[    0.000000] Inode-cache hash table entries: 524288 (order: 10, 4194304 bytes, linear)
[    0.000000] Fallback order for Node 0: 0 
[    0.000000] Built 1 zonelists, mobility grouping on.  Total pages: 2032128
[    0.000000] Policy zone: Normal
[    0.000000] mem auto-init: stack:off, heap alloc:off, heap free:off
[    0.000000] software IO TLB: area num 8.
[    0.000000] software IO TLB: mapped [mem 0x00000000b4000000-0x00000000b8000000] (64MB)
[    0.000000] Memory: 7839596K/8257536K available (19456K kernel code, 6120K rwdata, 12820K rodata, 11392K init, 11384K bss, 286868K reserved, 131072K cma-reserved)
[    0.000000] SLUB: HWalign=64, Order=0-3, MinObjects=0, CPUs=8, Nodes=1
[    0.000000] trace event string verifier disabled
[    0.000000] Running RCU self tests
[    0.000000] Running RCU synchronous self tests
[    0.000000] rcu: Preemptible hierarchical RCU implementation.
[    0.000000] rcu: 	RCU event tracing is enabled.
[    0.000000] rcu: 	RCU lockdep checking is enabled.
[    0.000000] 	Trampoline variant of Tasks RCU enabled.
[    0.000000] 	Tracing variant of Tasks RCU enabled.
[    0.000000] rcu: RCU calculated value of scheduler-enlistment delay is 25 jiffies.
[    0.000000] Running RCU synchronous self tests
[    0.000000] NR_IRQS: 64, nr_irqs: 64, preallocated irqs: 0
[    0.000000] GIC: Adjusting CPU interface base to 0x00000000f102f000
[    0.000000] Root IRQ handler: gic_handle_irq
[    0.000000] GIC: Using split EOI/Deactivate mode
[    0.000000] rcu: srcu_init: Setting srcu_struct sizes based on contention.
[    0.000000] arch_timer: cp15 timer(s) running at 8.32MHz (phys).
[    0.000000] clocksource: arch_sys_counter: mask: 0xffffffffffffff max_cycles: 0x1eb398c07, max_idle_ns: 440795202503 ns
[    0.000000] sched_clock: 56 bits at 8MHz, resolution 120ns, wraps every 2199023255503ns
[    0.000607] Console: colour dummy device 80x25
[    0.000644] printk: legacy console [tty0] enabled
[    0.003118] Lock dependency validator: Copyright (c) 2006 Red Hat, Inc., Ingo Molnar
[    0.003176] ... MAX_LOCKDEP_SUBCLASSES:  8
[    0.003209] ... MAX_LOCK_DEPTH:          48
[    0.003242] ... MAX_LOCKDEP_KEYS:        8192
[    0.003275] ... CLASSHASH_SIZE:          4096
[    0.003309] ... MAX_LOCKDEP_ENTRIES:     32768
[    0.003343] ... MAX_LOCKDEP_CHAINS:      65536
[    0.003378] ... CHAINHASH_SIZE:          32768
[    0.003413]  memory used by lock dependency info: 6493 kB
[    0.003453]  memory used for stack traces: 4224 kB
[    0.003490]  per task-struct memory footprint: 1920 bytes
[    0.003666] Calibrating delay loop (skipped), value calculated using timer frequency.. 16.64 BogoMIPS (lpj=33280)
[    0.003749] pid_max: default: 32768 minimum: 301
[    0.003985] LSM: initializing lsm=capability,integrity
[    0.004233] Mount-cache hash table entries: 16384 (order: 5, 131072 bytes, linear)
[    0.004321] Mountpoint-cache hash table entries: 16384 (order: 5, 131072 bytes, linear)
[    0.005858] Running RCU synchronous self tests
[    0.005918] Running RCU synchronous self tests
[    0.012297] RCU Tasks: Setting shift to 3 and lim to 1 rcu_task_cb_adjust=1.
[    0.012520] RCU Tasks Trace: Setting shift to 3 and lim to 1 rcu_task_cb_adjust=1.
[    0.012792] Running RCU Tasks wait API self tests
[    0.116412] Running RCU Tasks Trace wait API self tests
[    0.116946] rcu: Hierarchical SRCU implementation.
[    0.116989] rcu: 	Max phase no-delay instances is 1000.
[    0.119332] Detected Renesas R-Car Gen3 r8a7795 ES3.0
[    0.121603] EFI services will not be available.
[    0.122548] smp: Bringing up secondary CPUs ...
[    0.123999] Detected PIPT I-cache on CPU1
[    0.124129] CPU1: Booted secondary processor 0x0000000001 [0x411fd073]
[    0.129175] Detected PIPT I-cache on CPU2
[    0.129262] CPU2: Booted secondary processor 0x0000000002 [0x411fd073]
[    0.133074] Detected PIPT I-cache on CPU3
[    0.133161] CPU3: Booted secondary processor 0x0000000003 [0x411fd073]
[    0.137241] CPU features: detected: ARM erratum 845719
[    0.137259] Detected VIPT I-cache on CPU4
[    0.137403] CPU4: Booted secondary processor 0x0000000100 [0x410fd034]
[    0.138802] Detected VIPT I-cache on CPU5
[    0.138908] CPU5: Booted secondary processor 0x0000000101 [0x410fd034]
[    0.140301] Detected VIPT I-cache on CPU6
[    0.140408] CPU6: Booted secondary processor 0x0000000102 [0x410fd034]
[    0.141857] Detected VIPT I-cache on CPU7
[    0.141972] CPU7: Booted secondary processor 0x0000000103 [0x410fd034]
[    0.142308] smp: Brought up 1 node, 8 CPUs
[    0.142888] SMP: Total of 8 processors activated.
[    0.142929] CPU features: detected: 32-bit EL0 Support
[    0.142971] CPU features: detected: 32-bit EL1 Support
[    0.143014] CPU features: detected: CRC32 instructions
[    0.155529] CPU: All CPU(s) started at EL2
[    0.155616] alternatives: applying system-wide alternatives
[    0.156307] Callback from call_rcu_tasks_trace() invoked.
[    0.159880] devtmpfs: initialized
[    0.208906] Running RCU synchronous self tests
[    0.209012] Running RCU synchronous self tests
[    0.209248] clocksource: jiffies: mask: 0xffffffff max_cycles: 0xffffffff, max_idle_ns: 7645041785100000 ns
[    0.209344] futex hash table entries: 2048 (order: 6, 262144 bytes, linear)
[    0.212398] pinctrl core: initialized pinctrl subsystem
[    0.216821] DMI not present or invalid.
[    0.218690] NET: Registered PF_NETLINK/PF_ROUTE protocol family
[    0.220928] DMA: preallocated 1024 KiB GFP_KERNEL pool for atomic allocations
[    0.221252] DMA: preallocated 1024 KiB GFP_KERNEL|GFP_DMA pool for atomic allocations
[    0.221940] DMA: preallocated 1024 KiB GFP_KERNEL|GFP_DMA32 pool for atomic allocations
[    0.222119] audit: initializing netlink subsys (disabled)
[    0.222528] audit: type=2000 audit(0.208:1): state=initialized audit_enabled=0 res=1
[    0.225446] thermal_sys: Registered thermal governor 'step_wise'
[    0.225458] thermal_sys: Registered thermal governor 'power_allocator'
[    0.225700] cpuidle: using governor menu
[    0.226143] hw-breakpoint: found 6 breakpoint and 4 watchpoint registers.
[    0.226570] ASID allocator initialised with 65536 entries
[    0.231180] Serial: AMBA PL011 UART driver
[    0.254908] platform soc: Fixed dependency cycle(s) with /soc/interrupt-controller@f1010000
[    0.265124] platform e6060000.pinctrl: Fixed dependency cycle(s) with /soc/pinctrl@e6060000/scif_clk
[    0.266364] sh-pfc e6060000.pinctrl: r8a77951_pfc support registered
[    0.354788] platform fea80000.csi2: Fixed dependency cycle(s) with /soc/video@e6ef7000/ports/port@1/endpoint@0
[    0.354923] platform fea80000.csi2: Fixed dependency cycle(s) with /soc/video@e6ef6000/ports/port@1/endpoint@0
[    0.355044] platform fea80000.csi2: Fixed dependency cycle(s) with /soc/video@e6ef5000/ports/port@1/endpoint@0
[    0.355164] platform fea80000.csi2: Fixed dependency cycle(s) with /soc/video@e6ef4000/ports/port@1/endpoint@0
[    0.355289] platform fea80000.csi2: Fixed dependency cycle(s) with /soc/video@e6ef3000/ports/port@1/endpoint@0
[    0.355413] platform fea80000.csi2: Fixed dependency cycle(s) with /soc/video@e6ef2000/ports/port@1/endpoint@0
[    0.355536] platform fea80000.csi2: Fixed dependency cycle(s) with /soc/video@e6ef1000/ports/port@1/endpoint@0
[    0.355660] platform fea80000.csi2: Fixed dependency cycle(s) with /soc/video@e6ef0000/ports/port@1/endpoint@0
[    0.356845] platform feaa0000.csi2: Fixed dependency cycle(s) with /soc/video@e6ef3000/ports/port@1/endpoint@2
[    0.357050] platform feaa0000.csi2: Fixed dependency cycle(s) with /soc/video@e6ef2000/ports/port@1/endpoint@2
[    0.357250] platform feaa0000.csi2: Fixed dependency cycle(s) with /soc/video@e6ef1000/ports/port@1/endpoint@2
[    0.357451] platform feaa0000.csi2: Fixed dependency cycle(s) with /soc/video@e6ef0000/ports/port@1/endpoint@2
[    0.358529] platform fead0000.hdmi: Fixed dependency cycle(s) with /soc/sound@ec500000/ports/port@1/endpoint
[    0.359616] platform feae0000.hdmi: Fixed dependency cycle(s) with /soc/sound@ec500000/ports/port@2/endpoint
[    0.360868] platform feb00000.display: Fixed dependency cycle(s) with /soc/hdmi@feae0000/ports/port@0/endpoint
[    0.361032] platform feb00000.display: Fixed dependency cycle(s) with /soc/hdmi@fead0000/ports/port@0/endpoint
[    0.365953] platform hdmi0-out: Fixed dependency cycle(s) with /soc/hdmi@fead0000/ports/port@1/endpoint
[    0.366846] platform hdmi1-out: Fixed dependency cycle(s) with /soc/hdmi@feae0000/ports/port@1/endpoint
[    0.376825] platform vga-encoder: Fixed dependency cycle(s) with /vga/port/endpoint
[    0.377039] platform vga-encoder: Fixed dependency cycle(s) with /soc/display@feb00000/ports/port@0/endpoint
[    0.379399] Modules: 17424 pages in range for non-PLT usage
[    0.379409] Modules: 508944 pages in range for PLT usage
[    0.381173] HugeTLB: registered 1.00 GiB page size, pre-allocated 0 pages
[    0.381269] HugeTLB: 0 KiB vmemmap can be freed for a 1.00 GiB page
[    0.381321] HugeTLB: registered 32.0 MiB page size, pre-allocated 0 pages
[    0.381372] HugeTLB: 0 KiB vmemmap can be freed for a 32.0 MiB page
[    0.381421] HugeTLB: registered 2.00 MiB page size, pre-allocated 0 pages
[    0.381472] HugeTLB: 0 KiB vmemmap can be freed for a 2.00 MiB page
[    0.381521] HugeTLB: registered 64.0 KiB page size, pre-allocated 0 pages
[    0.381572] HugeTLB: 0 KiB vmemmap can be freed for a 64.0 KiB page
[    0.386821] ACPI: Interpreter disabled.
[    0.404152] iommu: Default domain type: Translated
[    0.404211] iommu: DMA domain TLB invalidation policy: strict mode
[    0.405304] SCSI subsystem initialized
[    0.406222] usbcore: registered new interface driver usbfs
[    0.406352] usbcore: registered new interface driver hub
[    0.406492] usbcore: registered new device driver usb
[    0.411602] i2c-sh_mobile e60b0000.i2c: I2C adapter 7, bus speed 400000 Hz
[    0.412602] mc: Linux media interface: v0.10
[    0.412759] videodev: Linux video capture interface: v2.00
[    0.412969] pps_core: LinuxPPS API ver. 1 registered
[    0.413013] pps_core: Software ver. 5.3.6 - Copyright 2005-2007 Rodolfo Giometti <giometti@linux.it>
[    0.413103] PTP clock support registered
[    0.413859] EDAC MC: Ver: 3.0.0
[    0.415629] scmi_core: SCMI protocol bus registered
[    0.419593] FPGA manager framework
[    0.419963] Advanced Linux Sound Architecture Driver Initialized.
[    0.422784] vgaarb: loaded
[    0.424774] clocksource: Switched to clocksource arch_sys_counter
[    0.426082] VFS: Disk quotas dquot_6.6.0
[    0.426193] VFS: Dquot-cache hash table entries: 512 (order 0, 4096 bytes)
[    0.426748] pnp: PnP ACPI: disabled
[    0.446656] NET: Registered PF_INET protocol family
[    0.447128] IP idents hash table entries: 131072 (order: 8, 1048576 bytes, linear)
[    0.449517] Callback from call_rcu_tasks() invoked.
[    0.451243] tcp_listen_portaddr_hash hash table entries: 4096 (order: 6, 294912 bytes, linear)
[    0.451812] Table-perturb hash table entries: 65536 (order: 6, 262144 bytes, linear)
[    0.451895] TCP established hash table entries: 65536 (order: 7, 524288 bytes, linear)
[    0.452346] TCP bind hash table entries: 65536 (order: 11, 9437184 bytes, vmalloc hugepage)
[    0.468131] TCP: Hash tables configured (established 65536 bind 65536)
[    0.468629] UDP hash table entries: 4096 (order: 7, 655360 bytes, linear)
[    0.469906] UDP-Lite hash table entries: 4096 (order: 7, 655360 bytes, linear)
[    0.471296] NET: Registered PF_UNIX/PF_LOCAL protocol family
[    0.472650] RPC: Registered named UNIX socket transport module.
[    0.472719] RPC: Registered udp transport module.
[    0.472802] RPC: Registered tcp transport module.
[    0.472844] RPC: Registered tcp-with-tls transport module.
[    0.472888] RPC: Registered tcp NFSv4.1 backchannel transport module.
[    0.472955] PCI: CLS 0 bytes, default 64
[    0.477623] kvm [1]: IPA Size Limit: 40 bits
[    0.483372] kvm [1]: vgic interrupt IRQ9
[    0.483472] kvm [1]: Hyp mode initialized successfully
[    0.487433] Initialise system trusted keyrings
[    0.488021] workingset: timestamp_bits=42 max_order=21 bucket_order=0
[    0.488945] squashfs: version 4.0 (2009/01/31) Phillip Lougher
[    0.489635] NFS: Registering the id_resolver key type
[    0.489726] Key type id_resolver registered
[    0.489779] Key type id_legacy registered
[    0.489853] nfs4filelayout_init: NFSv4 File Layout Driver Registering...
[    0.489926] nfs4flexfilelayout_init: NFSv4 Flexfile Layout Driver Registering...
[    0.490304] 9p: Installing v9fs 9p2000 file system support
[    0.519426] Key type asymmetric registered
[    0.519500] Asymmetric key parser 'x509' registered
[    0.519658] Block layer SCSI generic (bsg) driver version 0.4 loaded (major 242)
[    0.519743] io scheduler mq-deadline registered
[    0.519786] io scheduler kyber registered
[    0.519968] io scheduler bfq registered
[    0.579923] gpio_rcar e6050000.gpio: driving 16 GPIOs
[    0.580955] gpio_rcar e6051000.gpio: driving 29 GPIOs
[    0.581806] gpio_rcar e6052000.gpio: driving 15 GPIOs
[    0.582612] gpio_rcar e6053000.gpio: driving 16 GPIOs
[    0.583395] gpio_rcar e6054000.gpio: driving 18 GPIOs
[    0.584213] gpio_rcar e6055000.gpio: driving 26 GPIOs
[    0.585107] gpio_rcar e6055400.gpio: driving 32 GPIOs
[    0.585955] gpio_rcar e6055800.gpio: driving 4 GPIOs
[    0.596152] rcar-pcie fe000000.pcie: host bridge /soc/pcie@fe000000 ranges:
[    0.596294] rcar-pcie fe000000.pcie:       IO 0x00fe100000..0x00fe1fffff -> 0x0000000000
[    0.596443] rcar-pcie fe000000.pcie:      MEM 0x00fe200000..0x00fe3fffff -> 0x00fe200000
[    0.596561] rcar-pcie fe000000.pcie:      MEM 0x0030000000..0x0037ffffff -> 0x0030000000
[    0.596653] rcar-pcie fe000000.pcie:      MEM 0x0038000000..0x003fffffff -> 0x0038000000
[    0.596786] rcar-pcie fe000000.pcie:   IB MEM 0x0000000000..0x00ffffffff -> 0x0000000000
[    0.649157] rcar-pcie fe000000.pcie: PCIe link down
[    0.649754] rcar-pcie ee800000.pcie: host bridge /soc/pcie@ee800000 ranges:
[    0.649885] rcar-pcie ee800000.pcie:       IO 0x00ee900000..0x00ee9fffff -> 0x0000000000
[    0.650005] rcar-pcie ee800000.pcie:      MEM 0x00eea00000..0x00eebfffff -> 0x00eea00000
[    0.650121] rcar-pcie ee800000.pcie:      MEM 0x00c0000000..0x00c7ffffff -> 0x00c0000000
[    0.650214] rcar-pcie ee800000.pcie:      MEM 0x00c8000000..0x00cfffffff -> 0x00c8000000
[    0.650317] rcar-pcie ee800000.pcie:   IB MEM 0x0000000000..0x00ffffffff -> 0x0000000000
[    0.702634] rcar-pcie ee800000.pcie: PCIe link down
[    0.713526] EINJ: ACPI disabled.
[    0.852241] Serial: 8250/16550 driver, 2 ports, IRQ sharing enabled
[    0.863905] msm_serial: driver initialized
[    0.865410] SuperH (H)SCI(F) driver initialized
[    0.867183] e6550000.serial: ttySC1 at MMIO 0xe6550000 (irq = 28, base_baud = 0) is a hscif
[    0.869355] e6e88000.serial: ttySC0 at MMIO 0xe6e88000 (irq = 29, base_baud = 0) is a scif
[    0.869568] printk: legacy console [ttySC0] enabled
[    2.427393] STM32 USART driver initialized
[    2.468431] loop: module loaded
[    2.472079] at24 7-0050: supply vcc not found, using dummy regulator
[    2.479688] at24 7-0050: 128 byte br24t01 EEPROM, writable, 8 bytes/write
[    2.491037] megasas: 07.727.03.00-rc1
[    2.521818] tun: Universal TUN/TAP device driver, 1.6
[    2.530509] thunder_xcv, ver 1.0
[    2.533858] thunder_bgx, ver 1.0
[    2.537192] nicpf, ver 1.0
[    2.544896] hns3: Hisilicon Ethernet Network Driver for Hip08 Family - version
[    2.552192] hns3: Copyright (c) 2017 Huawei Corporation.
[    2.557726] hclge is initializing
[    2.561171] e1000: Intel(R) PRO/1000 Network Driver
[    2.566106] e1000: Copyright (c) 1999-2006 Intel Corporation.
[    2.571972] e1000e: Intel(R) PRO/1000 Network Driver
[    2.576990] e1000e: Copyright(c) 1999 - 2015 Intel Corporation.
[    2.583023] igb: Intel(R) Gigabit Ethernet Network Driver
[    2.588475] igb: Copyright (c) 2007-2014 Intel Corporation.
[    2.594156] igbvf: Intel(R) Gigabit Virtual Function Network Driver
[    2.600487] igbvf: Copyright (c) 2009 - 2012 Intel Corporation.
[    2.607880] sky2: driver version 1.30
[    2.617372] VFIO - User Level meta-driver version: 0.3
[    2.632702] ehci-platform ee0a0100.usb: EHCI Host Controller
[    2.632817] ehci-platform ee0c0100.usb: EHCI Host Controller
[    2.634774] ohci-platform ee0c0000.usb: Generic Platform OHCI controller
[    2.634973] ohci-platform ee0a0000.usb: Generic Platform OHCI controller
[    2.635160] ohci-platform ee0a0000.usb: new USB bus registered, assigned bus number 2
[    2.635161] ohci-platform ee0c0000.usb: new USB bus registered, assigned bus number 1
[    2.635707] ohci-platform ee0c0000.usb: irq 30, io mem 0xee0c0000
[    2.635763] ohci-platform ee0a0000.usb: irq 31, io mem 0xee0a0000
[    2.636101] xhci-renesas-hcd ee000000.usb: xHCI Host Controller
[    2.636183] xhci-renesas-hcd ee000000.usb: new USB bus registered, assigned bus number 3
[    2.636480] xhci-renesas-hcd ee000000.usb: Direct firmware load for r8a779x_usb3_v3.dlmem failed with error -2
[    2.636550] xhci-renesas-hcd ee000000.usb: can't setup: -2
[    2.636561] xhci-renesas-hcd ee000000.usb: USB bus 3 deregistered
[    2.636704] xhci-renesas-hcd: probe of ee000000.usb failed with error -2
[    2.638178] usbcore: registered new interface driver usb-storage
[    2.638508] ehci-platform ee0a0100.usb: new USB bus registered, assigned bus number 3
[    2.644122] ehci-platform ee0c0100.usb: new USB bus registered, assigned bus number 4
[    2.644220] renesas_usbhs e659c000.usb: host probed
[    2.644259] renesas_usbhs e659c000.usb: no transceiver found
[    2.644820] renesas_usbhs e659c000.usb: gadget probed
[    2.645073] renesas_usbhs e659c000.usb: probed
[    2.647656] renesas_usb3 ee020000.usb: probed with phy
[    2.651023] ehci-platform ee0a0100.usb: irq 31, io mem 0xee0a0100
[    2.655685] i2c_dev: i2c /dev entries driver
[    2.657660] ehci-platform ee0c0100.usb: irq 30, io mem 0xee0c0100
[    2.660876] ohci-platform ee0e0000.usb: Generic Platform OHCI controller
[    2.660932] ohci-platform ee0e0000.usb: new USB bus registered, assigned bus number 5
[    2.660958] ehci-platform ee0e0100.usb: EHCI Host Controller
[    2.661006] ehci-platform ee0e0100.usb: new USB bus registered, assigned bus number 6
[    2.661184] ehci-platform ee0e0100.usb: irq 15, io mem 0xee0e0100
[    2.661258] ohci-platform ee0e0000.usb: irq 15, io mem 0xee0e0000
[    2.665056] i2c 2-0010: Fixed dependency cycle(s) with /soc/sound@ec500000/ports/port@0/endpoint
[    2.665184] i2c 2-0010: Fixed dependency cycle(s) with /soc/sound@ec500000
[    2.666354] cs2000-cp 2-004f: operating in static mode
[    2.676848] ehci-platform ee0e0100.usb: USB 2.0 started, EHCI 1.10
[    2.689099] cs2000-cp 2-004f: revision - C1
[    2.693893] hub 6-0:1.0: USB hub found
[    2.699603] ehci-platform ee0a0100.usb: USB 2.0 started, EHCI 1.10
[    2.699809] i2c-rcar e6510000.i2c: probed
[    2.701883] pca953x 4-0020: supply vcc not found, using dummy regulator
[    2.702425] pca953x 4-0020: using no AI
[    2.704560] i2c 4-0070: Fixed dependency cycle(s) with /soc/csi2@fea80000/ports/port@0/endpoint
[    2.705004] i2c 4-0070: Fixed dependency cycle(s) with /soc/csi2@feaa0000/ports/port@0/endpoint
[    2.705058] i2c 4-0070: Fixed dependency cycle(s) with /hdmi-in/port/endpoint
[    2.705093] i2c 4-0070: Fixed dependency cycle(s) with /cvbs-in/port/endpoint
[    2.709726] hub 6-0:1.0: 1 port detected
[    2.715153] ehci-platform ee0c0100.usb: USB 2.0 started, EHCI 1.10
[    2.724288] hub 3-0:1.0: USB hub found
[    2.727007] i2c-rcar e66d8000.i2c: probed
[    2.729713] adv748x 4-0070: Endpoint /soc/i2c@e66d8000/video-receiver@70/ports/port@7/endpoint on port 7
[    2.734081] hub 3-0:1.0: 1 port detected
[    2.741871] adv748x 4-0070: Endpoint /soc/i2c@e66d8000/video-receiver@70/ports/port@8/endpoint on port 8
[    2.751964] hub 1-0:1.0: USB hub found
[    2.754624] adv748x 4-0070: Endpoint /soc/i2c@e66d8000/video-receiver@70/ports/port@a/endpoint on port 10
[    2.760348] hub 1-0:1.0: 1 port detected
[    2.765388] adv748x 4-0070: Endpoint /soc/i2c@e66d8000/video-receiver@70/ports/port@b/endpoint on port 11
[    2.771786] hub 2-0:1.0: USB hub found
[    2.775634] adv748x 4-0070: chip found @ 0xe0 revision 2143
[    2.781153] hub 2-0:1.0: 1 port detected
[    2.833796] rcar-csi2 fea80000.csi2: 1 lanes found
[    2.842995] hub 4-0:1.0: USB hub found
[    2.849911] rcar-csi2 feaa0000.csi2: 4 lanes found
[    2.853058] hub 4-0:1.0: 1 port detected
[    2.871961] rcar-vin e6ef0000.video: Device registered as video0
[    2.875620] hub 5-0:1.0: USB hub found
[    2.877855] rcar-vin e6ef1000.video: Device registered as video1
[    2.884230] hub 5-0:1.0: 1 port detected
[    2.888347] rcar-vin e6ef2000.video: Device registered as video2
[    3.046325] rcar-vin e6ef3000.video: Device registered as video3
[    3.052696] rcar-vin e6ef4000.video: Device registered as video4
[    3.059059] rcar-vin e6ef5000.video: Device registered as video5
[    3.065441] rcar-vin e6ef6000.video: Device registered as video6
[    3.071810] rcar-vin e6ef7000.video: Device registered as video7
[    3.094208] rcar_gen3_thermal e6198000.thermal: No calibration values fused, fallback to driver values
[    3.107675] rcar_gen3_thermal e6198000.thermal: Sensor 0: Loaded 1 trip points
[    3.119306] rcar_gen3_thermal e6198000.thermal: Sensor 1: Loaded 1 trip points
[    3.131157] rcar_gen3_thermal e6198000.thermal: Sensor 2: Loaded 2 trip points
[    3.159533] sdhci: Secure Digital Host Controller Interface driver
[    3.165800] sdhci: Copyright(c) Pierre Ossman
[    3.173147] Synopsys Designware Multimedia Card Interface Driver
[    3.183314] sdhci-pltfm: SDHCI platform and OF driver helper
[    3.199162] ledtrig-cpu: registered to indicate activity on CPUs
[    3.208712] SMCCC: SOC_ID: ARCH_SOC_ID not implemented, skipping ....
[    3.216659] ccree e6601000.crypto: ARM CryptoCell 630P Driver: HW version 0xAF400001/0xDCC63000, Driver version 5.0
[    3.227918] ccree e6601000.crypto: ARM ccree device initialized
[    3.237339] usbcore: registered new interface driver usbhid
[    3.242995] usbhid: USB HID core driver
[    3.281196] hw perfevents: enabled with armv8_cortex_a53 PMU driver, 7 counters available
[    3.291713] hw perfevents: enabled with armv8_cortex_a57 PMU driver, 7 counters available
[    3.307597] optee: probing for conduit method.
[    3.312121] optee: revision 3.17 (f9e55014)
[    3.313102] optee: dynamic shared memory is enabled
[    3.322889] optee: initialized driver
[    3.366482] NET: Registered PF_PACKET protocol family
[    3.371624] can: controller area network core
[    3.376144] NET: Registered PF_CAN protocol family
[    3.381203] 9pnet: Installing 9P2000 support
[    3.385672] Key type dns_resolver registered
[    3.417589] registered taskstats version 1
[    3.422255] Loading compiled-in X.509 certificates
[    3.512978] renesas_irqc e61c0000.interrupt-controller: driving 6 irqs
[    3.567041] rcar-dw-hdmi fead0000.hdmi: Detected HDMI TX controller v2.01a with HDCP (DWC HDMI 2.0 TX PHY)
[    3.578892] rcar-dw-hdmi fead0000.hdmi: registered DesignWare HDMI I2C bus driver
[    3.597797] rcar-dw-hdmi feae0000.hdmi: Detected HDMI TX controller v2.01a with HDCP (DWC HDMI 2.0 TX PHY)
[    3.609548] rcar-dw-hdmi feae0000.hdmi: registered DesignWare HDMI I2C bus driver
[    3.653558] renesas_usbhs e6590000.usb: host probed
[    3.658553] renesas_usbhs e6590000.usb: no transceiver found
[    3.664729] renesas_usbhs e6590000.usb: gadget probed
[    3.670112] renesas_usbhs e6590000.usb: probed
[    3.676971] ehci-platform ee080100.usb: EHCI Host Controller
[    3.682784] ehci-platform ee080100.usb: new USB bus registered, assigned bus number 7
[    3.684918] ohci-platform ee080000.usb: Generic Platform OHCI controller
[    3.690784] ehci-platform ee080100.usb: irq 94, io mem 0xee080100
[    3.697416] ohci-platform ee080000.usb: new USB bus registered, assigned bus number 8
[    3.711756] ohci-platform ee080000.usb: irq 94, io mem 0xee080000
[    3.716819] ehci-platform ee080100.usb: USB 2.0 started, EHCI 1.10
[    3.725773] hub 7-0:1.0: USB hub found
[    3.729810] hub 7-0:1.0: 1 port detected
[    3.742846] cpufreq: cpufreq_online: CPU0: Running at unlisted initial frequency: 1497600 KHz, changing to: 1500000 KHz
[    3.754701] cpu cpu0: EM: created perf domain
[    3.763901] cpufreq: cpufreq_online: CPU4: Running at unlisted initial frequency: 1198080 KHz, changing to: 1200000 KHz
[    3.775296] cpu cpu4: EM: created perf domain
[    3.809908] hub 8-0:1.0: USB hub found
[    3.813853] hub 8-0:1.0: 1 port detected
[    4.065765] input: keys as /devices/platform/keys/input/input0
[    4.189425] Trying to probe devices needed for running init ...
[   14.324143] rcar-dmac e6700000.dma-controller: deferred probe timeout, ignoring dependency
[   14.347320] rcar-dmac e7300000.dma-controller: deferred probe timeout, ignoring dependency
[   14.369253] rcar-dmac e7310000.dma-controller: deferred probe timeout, ignoring dependency
[   14.391539] rcar-dmac ec700000.dma-controller: deferred probe timeout, ignoring dependency
[   14.415403] rcar-dmac ec720000.dma-controller: deferred probe timeout, ignoring dependency
[   14.448464] sata_rcar ee300000.sata: deferred probe timeout, ignoring dependency
[   14.459192] scsi host0: sata_rcar
[   14.463369] ata1: SATA max UDMA/133 irq 186 lpm-pol 0
[   14.472892] ravb e6800000.ethernet: deferred probe timeout, ignoring dependency
[   14.489988] ravb e6800000.ethernet eth0: Base address at 0xe6800000, 2e:09:0a:03:84:e0, IRQ 187.
[   14.527210] rcar-fcp fe950000.fcp: deferred probe timeout, ignoring dependency
[   14.537352] rcar-fcp fe951000.fcp: deferred probe timeout, ignoring dependency
[   14.547868] rcar-fcp fe96f000.fcp: deferred probe timeout, ignoring dependency
[   14.558025] rcar-fcp fe92f000.fcp: deferred probe timeout, ignoring dependency
[   14.568003] rcar-fcp fe9af000.fcp: deferred probe timeout, ignoring dependency
[   14.577987] rcar-fcp fe9bf000.fcp: deferred probe timeout, ignoring dependency
[   14.587899] rcar-fcp fea27000.fcp: deferred probe timeout, ignoring dependency
[   14.597800] rcar-fcp fea2f000.fcp: deferred probe timeout, ignoring dependency
[   14.607637] rcar-fcp fea37000.fcp: deferred probe timeout, ignoring dependency
[   14.618519] rcar_fdp1 fe940000.fdp1: Device registered as /dev/video8
[   14.629032] rcar_fdp1 fe944000.fdp1: Device registered as /dev/video9
[   14.642685] renesas_sdhi_internal_dmac ee100000.mmc: deferred probe timeout, ignoring dependency
[   14.646199] renesas_sdhi_internal_dmac ee160000.mmc: deferred probe timeout, ignoring dependency
[   14.649651] renesas_sdhi_internal_dmac ee140000.mmc: deferred probe timeout, ignoring dependency
[   14.651997] renesas_sdhi_internal_dmac ee100000.mmc: Got CD GPIO
[   14.675501] renesas_sdhi_internal_dmac ee100000.mmc: Got WP GPIO
[   14.687594] renesas_sdhi_internal_dmac ee160000.mmc: Got CD GPIO
[   14.690358] rcar_sound ec500000.sound: probed
[   14.693740] renesas_sdhi_internal_dmac ee160000.mmc: Got WP GPIO
[   14.701012] renesas_sdhi_internal_dmac ee140000.mmc: mmc0 base at 0x00000000ee140000, max clock rate 200 MHz
[   14.739177] renesas_sdhi_internal_dmac ee100000.mmc: mmc1 base at 0x00000000ee100000, max clock rate 200 MHz
[   14.754808] renesas_sdhi_internal_dmac ee160000.mmc: mmc2 base at 0x00000000ee160000, max clock rate 200 MHz
[   14.790337] mmc0: new HS400 MMC card at address 0001
[   14.797766] mmcblk0: mmc0:0001 BGSD3R 29.1 GiB
[   14.808506]  mmcblk0: p1 p2
[   14.812843] mmcblk0boot0: mmc0:0001 BGSD3R 16.0 MiB
[   14.817418] hdmi-audio-codec hdmi-audio-codec.4.auto: ASoC: sink widget TX overwritten
[   14.821062] mmcblk0boot1: mmc0:0001 BGSD3R 16.0 MiB
[   14.825714] hdmi-audio-codec hdmi-audio-codec.4.auto: ASoC: sink widget Capture overwritten
[   14.834017] mmcblk0rpmb: mmc0:0001 BGSD3R 4.00 MiB, chardev (509:0)
[   14.838961] hdmi-audio-codec hdmi-audio-codec.4.auto: ASoC: source widget RX overwritten
[   14.875058] [drm] Initialized rcar-du 1.0.0 20130110 for feb00000.display on minor 0
[   14.882917] rcar-du feb00000.display: [drm] Device feb00000.display probed
[   14.888820] ata1: link resume succeeded after 1 retries
[   14.941721] Console: switching to colour frame buffer device 128x48
[   14.966890] rcar-du feb00000.display: [drm] fb0: rcar-dudrmfb frame buffer device
[   15.000024] ata1: SATA link down (SStatus 0 SControl 300)
[   15.084271] Micrel KSZ9031 Gigabit PHY e6800000.ethernet-ffffffff:00: attached PHY driver (mii_bus:phy_addr=e6800000.ethernet-ffffffff:00, irq=193)
[   21.906204] ravb e6800000.ethernet eth0: Link is Up - 1Gbps/Full - flow control off
[   21.936807] IP-Config: Guessing netmask 255.255.255.0
[   21.942056] IP-Config: Complete:
[   21.945426]      device=eth0, hwaddr=2e:09:0a:03:84:e0, ipaddr=192.168.10.132, mask=255.255.255.0, gw=255.255.255.255
[   21.956249]      host=192.168.10.132, domain=, nis-domain=(none)
[   21.962571]      bootserver=255.255.255.255, rootserver=192.168.10.98, rootpath=
[   21.963147] clk: Disabling unused clocks
[   21.975611] ALSA device list:
[   21.978730]   #0: rcar-sound
[   23.042726] VFS: Mounted root (nfs4 filesystem) on device 0:24.
[   23.049628] devtmpfs: mounted
[   23.059408] Freeing unused kernel memory: 11392K
[   23.069049] Run /sbin/init as init process
[   23.416177] systemd[1]: System time before build time, advancing clock.
[   23.527685] systemd[1]: systemd 234 running in system mode. (+PAM -AUDIT -SELINUX +IMA -APPARMOR +SMACK +SYSVINIT +UTMP -LIBCRYPTSETUP -GCRYPT -GNUTLS +ACL +XZ -LZ4 -SECCOMP +BLKID -ELFUTILS +KMOD -IDN2 -IDN default-hierarchy=hybrid)
[   23.553955] systemd[1]: Detected architecture arm64.

Welcome to [1mPoky (Yocto Project Reference Distro) 2.4.1 (rocko)[0m!

[   23.593002] systemd[1]: Set hostname to <salvator-x>.
[   27.745652] random: crng init done
[   27.751863] systemd[1]: Started Forward Password Requests to Wall Directory Watch.
[[0;32m  OK  [0m] Started Forward Password Requests to Wall Directory Watch.
[   27.777696] systemd[1]: Listening on Journal Audit Socket.
[[0;32m  OK  [0m] Listening on Journal Audit Socket.
[   27.807116] systemd[1]: Created slice User and Session Slice.
[[0;32m  OK  [0m] Created slice User and Session Slice.
[   27.829218] systemd[1]: Listening on udev Kernel Socket.
[[0;32m  OK  [0m] Listening on udev Kernel Socket.
[   27.853631] systemd[1]: Started Dispatch Password Requests to Console Directory Watch.
[[0;32m  OK  [0m] Started Dispatch Password Requests to Console Directory Watch.
[   27.881347] systemd[1]: Listening on Network Service Netlink Socket.
[[0;32m  OK  [0m] Listening on Network Service Netlink Socket.
[   27.906801] systemd[1]: Listening on Journal Socket (/dev/log).
[[0;32m  OK  [0m] Listening on Journal Socket (/dev/log).
[[0;32m  OK  [0m] Reached target Swap.
[[0;32m  OK  [0m] Created slice System Slice.
         Mounting Temporary Directory (/tmp)...
         Mounting POSIX Message Queue File System...
         Mounting Kernel Debug File System...
[[0;32m  OK  [0m] Created slice system-getty.slice.
         Mounting Huge Pages File System...
[[0;32m  OK  [0m] Created slice system-serial\x2dgetty.slice.
[[0;32m  OK  [0m] Listening on Journal Socket.
         Starting Create list of required stâ€¦ce nodes for the current kernel...
         Starting Apply Kernel Variables...
         Starting Journal Service...
[[0;32m  OK  [0m] Reached target Paths.
         Mounting Kernel Configuration File System...
         Starting Remount Root and Kernel File Systems...
[[0;32m  OK  [0m] Reached target Remote File Systems.
[[0;32m  OK  [0m] Reached target Slices.
[[0;32m  OK  [0m] Listening on udev Control Socket.
[[0;32m  OK  [0m] Listening on /dev/initctl Compatibility Named Pipe.
[[0;32m  OK  [0m] Mounted Kernel Debug File System.
[[0;32m  OK  [0m] Mounted Kernel Configuration File System.
[[0;32m  OK  [0m] Mounted POSIX Message Queue File System.
[[0;32m  OK  [0m] Mounted Huge Pages File System.
[[0;32m  OK  [0m] Mounted Temporary Directory (/tmp).
[[0;32m  OK  [0m] Started Journal Service.
[[0;32m  OK  [0m] Started Create list of required staâ€¦vice nodes for the current kernel.
[[0;32m  OK  [0m] Started Apply Kernel Variables.
[[0;32m  OK  [0m] Started Remount Root and Kernel File Systems.
         Starting udev Coldplug all Devices...
         Starting Create Static Device Nodes in /dev...
         Starting Flush Journal to Persistent Storage...
[   28.756468] systemd-journald[265]: Received request to flush runtime journal from PID 1
[[0;32m  OK  [0m] Started Flush Journal to Persistent Storage.
[[0;32m  OK  [0m] Started Create Static Device Nodes in /dev.
[[0;32m  OK  [0m] Reached target Local File Systems (Pre).
         Mounting /var/volatile...
         Starting udev Kernel Device Manager...
[[0;32m  OK  [0m] Mounted /var/volatile.
         Starting Load/Save Random Seed...
[[0;32m  OK  [0m] Reached target Local File Systems.
         Starting Create Volatile Files and Directories...
[[0;32m  OK  [0m] Started Load/Save Random Seed.
[[0;32m  OK  [0m] Started udev Kernel Device Manager.
[[0;32m  OK  [0m] Started Create Volatile Files and Directories.
         Starting Update UTMP about System Boot/Shutdown...
[[0;32m  OK  [0m] Started Update UTMP about System Boot/Shutdown.
[[0;32m  OK  [0m] Started udev Coldplug all Devices.
[[0;32m  OK  [0m] Found device /dev/ttySC0.
[[0;32m  OK  [0m] Created slice system-systemd\x2dbacklight.slice.
         Starting Load/Save Screen Backlightâ€¦ightness of backlight:backlight...
[[0;32m  OK  [0m] Started Load/Save Screen Backlight Brightness of backlight:backlight.
[   31.081801] rcar_sound ec500000.sound: Can't update kctrl when idle
[[0;32m  OK  [0m] Reached target Sound Card.
[[0;32m  OK  [0m] Reached target System Initialization.
[[0;32m  OK  [0m] Started dnf-automatic-install timer.
         Starting sshd.socket.
[[0;32m  OK  [0m] Started Daily Cleanup of Temporary Directories.
[[0;32m  OK  [0m] Listening on Avahi mDNS/DNS-SD Stack Activation Socket.
[[0;32m  OK  [0m] Started dnf-automatic-notifyonly timer.
         Starting Console System Startup Logging...
[[0;32m  OK  [0m] Started dnf-automatic-download timer.
         Starting Network Service...
[[0;32m  OK  [0m] Listening on RPCbind Server Activation Socket.
[[0;32m  OK  [0m] Started dnf makecache timer.
[[0;32m  OK  [0m] Listening on D-Bus System Message Bus Socket.
[[0;32m  OK  [0m] Started Daily rotation of log files.
[[0;32m  OK  [0m] Reached target Timers.
[[0;32m  OK  [0m] Listening on sshd.socket.
[[0;32m  OK  [0m] Started Console System Startup Logging.
[[0;32m  OK  [0m] Reached target Sockets.
[[0;32m  OK  [0m] Reached target Basic System.
         Starting Save/Restore Sound Card State...
[   32.116672] rcar_sound ec500000.sound: Can't update kctrl when idle
[[0;32m  OK  [0m] Started D-Bus System Message Bus.
[[0;32m  OK  [0m] Started optee services.
         Starting Telephony service...
         Starting Avahi mDNS/DNS-SD Stack...
[[0;32m  OK  [0m] Started Periodic Command Scheduler.
         Starting Login Service...
[[0;32m  OK  [0m] Started Weston Wayland compositor.
[[0;32m  OK  [0m] Started Job spooling tools.
[[0;32m  OK  [0m] Reached target Containers.
         Starting bind.service...
[[0;32m  OK  [0m] Started Network Service.
[[0;32m  OK  [0m] Started Save/Restore Sound Card State.
[   32.805933] Bluetooth: Core ver 2.22
[   32.811025] NET: Registered PF_BLUETOOTH protocol family
[   32.821156] Bluetooth: HCI device and connection manager initialized
[[0;32m  OK  [0m] Started Telephony se[   32.831831] Bluetooth: HCI socket layer initialized
rvice.
[[0;32m  OK  [0m] Star[   32.841651] Bluetooth: L2CAP socket layer initialized
ted Avahi mDNS/DNS-SD Stack.
[   32.849869] Bluetooth: SCO socket layer initialized
[[0;32m  OK  [0m] Listening on Load/Save RF Kill Switch Status /dev/rfkill Watch.
[[0;32m  OK  [0m] Reached target Network.
         Starting Permit User Sessions...
         Starting Xinetd A Powerful Replacement For Inetd...
         Starting Berkeley Internet Name Domain (DNS)...
         Starting Network Name Resolution...
[[0;32m  OK  [0m] Started Permit User Sessions.
[[0;32m  OK  [0m] Started Xinetd A Powerful Replacement For Inetd.
[[0;32m  OK  [0m] Started Network Name Resolution.
[[0;32m  OK  [0m] Started Login Service.
[[0;32m  OK  [0m] Created slice User Slice of root.
[[0;32m  OK  [0m] Started Serial Getty on ttySC0.
[[0;32m  OK  [0m] Started Getty on tty1.
[[0;32m  OK  [0m] Reached target Login Prompts.
[[0;32m  OK  [0m] Started bind.service.
[[0;1;31mFAILED[0m] Failed to start Berkeley Internet Name Domain (DNS).
See 'systemctl status named.service' for details.
         Starting User Manager for UID 0...
[[0;32m  OK  [0m] Reached target Host and Network Name Lookups.
[[0;32m  OK  [0m] Reached target Multi-User System.
[   33.547793] audit: type=1006 audit(1516156423.128:2): pid=491 uid=0 old-auid=4294967295 auid=0 tty=(none) old-ses=4294967295 ses=1 res=1
[   33.569091] audit: type=1300 audit(1516156423.128:2): arch=c00000b7 syscall=64 success=yes exit=1 a0=8 a1=ffffe762ade8 a2=1 a3=0 items=0 ppid=1 pid=491 auid=0 uid=0 gid=0 euid=0 suid=0 fsuid=0 egid=0 sgid=0 fsgid=0 tty=(none) ses=1 comm="(systemd)" exe="/lib/systemd/systemd" key=(null)
         Starting Update UTMP about Syst[   33.608551] audit: type=1327 audit(1516156423.128:2): proctitle="(systemd)"
em Runlevel Changes...
[[0;32m  OK  [0m] Started Session c1 of user root.
[[0;32m  OK  [0m] Started Update UTMP about System Runlevel Changes.
[[0;32m  OK  [0m] Started User Manager for UID 0.

Poky (Yocto Project Reference Distro) 2.4.1 salvator-x ttySC0

salvator-x login: 
Poky (Yocto Project Reference Distro) 2.4.1 salvator-x ttySC0

salvator-x login: root
Last login: Wed Jan 17 02:33:42 UTC 2018 on tty2
7[r[999;999H[6n8root@salvator-x:~# 
root@salvator-x:~# 
root@salvator-x:~# 
root@salvator-x:~# 
root@salvator-x:~# 
root@salvator-x:~# 
root@salvator-x:~# 
root@salvator-x:~# 
root@salvator-x:~# 