

----------Item 7----------


Please press switch to restart board 

[F 00:00:120
[F 00:00:119
[F 00:00:118
NOTICE:  BL2: R-Car Gen3 Initial Program Loader(CA57) Rev.4.0.0
NOTICE:  BL2: PRR is R-Car H3 Ver.3.0
NOTICE:  BL2: Board is Salvator-XS Rev.1.0
NOTICE:  BL2: Boot device is HyperFlash(160MHz)
NOTICE:  BL2: LCM state is CM
NOTICE:  AVS setting succeeded. DVFS_SetVID=0x53
NOTICE:  BL2: DDR3200(rev.0.42)
NOTICE:  BL2: [COLD_BOOT]
NOTICE:  BL2: DRAM Split is 4ch(DDR f)
NOTICE:  BL2: QoS is default setting(rev.0.11)
NOTICE:  BL2: DRAM refresh interval 1.95 usec
NOTICE:  BL2: Periodic Write DQ Training
NOTICE:  BL2: CH0: 400000000 - 47fffffff, 2 GiB
NOTICE:  BL2: CH1: 500000000 - 57fffffff, 2 GiB
NOTICE:  BL2: CH2: 600000000 - 67fffffff, 2 GiB
NOTICE:  BL2: CH3: 700000000 - 77fffffff, 2 GiB
NOTICE:  BL2: Lossy Decomp areas
NOTICE:       Entry 0: DCMPAREACRAx:0x80000540 DCMPAREACRBx:0x570
NOTICE:       Entry 1: DCMPAREACRAx:0x40000000 DCMPAREACRBx:0x0
NOTICE:       Entry 2: DCMPAREACRAx:0x20000000 DCMPAREACRBx:0x0
NOTICE:  BL2: FDT at 0xe6327f70
NOTICE:  BL2: v2.9(release):9cdb21f75
NOTICE:  BL2: Built : 05:25:39, Dec 19 2023
NOTICE:  BL2: Normal boot
NOTICE:  BL2: dst=0xe6327800 src=0x8180000 len=512(0x200)
NOTICE:  BL2: dst=0x43f00000 src=0x8180400 len=6144(0x1800)
NOTICE:  rcar_file_len: len: 0x0003e000
NOTICE:  BL2: dst=0x44000000 src=0x81c0000 len=253952(0x3e000)
NOTICE:  rcar_file_len: len: 0x00200000
NOTICE:  BL2: dst=0x44100000 src=0x8200000 len=2097152(0x200000)
NOTICE:  rcar_file_len: len: 0x00100000
NOTICE:  BL2: dst=0x50000000 src=0x8640000 len=1048576(0x100000)
NOTICE:  BL2: Booting BL31


U-Boot 2020.10 (Dec 19 2023 - 14:30:40 +0000)

CPU: Renesas Electronics R8A7795 rev 3.0
Model: Renesas Salvator-X 2nd version board based on r8a77951
DRAM:  7.9 GiB
RAM Configuration:
Bank #0: 0x048000000 - 0x0bfffffff, 1.9 GiB
Bank #1: 0x500000000 - 0x57fffffff, 2 GiB
Bank #2: 0x600000000 - 0x67fffffff, 2 GiB
Bank #3: 0x700000000 - 0x77fffffff, 2 GiB

MMC:   sd@ee100000: 0, sd@ee140000: 1, sd@ee160000: 2
Loading Environment from MMC... OK
In:    serial@e6e88000
Out:   serial@e6e88000
Err:   serial@e6e88000
Net:   eth0: ethernet@e6800000
Hit any key to stop autoboot:  2  1  0 
ethernet@e6800000 Waiting for PHY auto negotiation to complete......... done
Using ethernet@e6800000 device
TFTP from server 192.168.10.99; our IP address is 192.168.10.167
Filename 'traivo/H3/rootfs/boot_USB2H/Image'.
Load address: 0x48080000
Loading: *#################################################################
	 #################################################################
	 #################################################################
	 #################################################################
	 #################################################################
	 #################################################################
	 #################################################################
	 #################################################################
	 #################################################################
	 #################################################################
	 #################################################################
	 #################################################################
	 #################################################################
	 #################################################################
	 #################################################################
	 #################################################################
	 #################################################################
	 #################################################################
	 #################################################################
	 #################################################################
	 #################################################################
	 #################################################################
	 #################################################################
	 #################################################################
	 #################################################################
	 #################################################################
	 #################################################################
	 #################################################################
	 #################################################################
	 #################################################################
	 #################################################################
	 #################################################################
	 #################################################################
	 #################################################################
	 ################################################################
	 4.8 MiB/s
done
Bytes transferred = 33376768 (1fd4a00 hex)
Using ethernet@e6800000 device
TFTP from server 192.168.10.99; our IP address is 192.168.10.167
Filename 'traivo/H3/rootfs/boot_USB2H/r8a77951-salvator-xs.dtb'.
Load address: 0x48000000
Loading: *#######
	 12.4 MiB/s
done
Bytes transferred = 90876 (162fc hex)
Moving Image from 0x48080000 to 0x48200000, end=4a260000
## Flattened Device Tree blob at 48000000
   Booting using the fdt blob at 0x48000000
   Loading Device Tree to 0000000053fe6000, end 0000000053fff2fb ... OK

Starting kernel ...

[    0.000000] Booting Linux on physical CPU 0x0000000000 [0x411fd073]
[    0.000000] Linux version 5.10.194-yocto-standard (thuan.nguyen-hong@banvien) (aarch64-poky-linux-gcc (GCC) 9.3.0, GNU ld (GNU Binutils) 2.34.0.20200220) #10 SMP PREEMPT Mon Feb 19 03:51:05 UTC 2024
[    0.000000] Machine model: Renesas Salvator-X 2nd version board based on r8a77951
[    0.000000] efi: UEFI not found.
[    0.000000] Reserved memory: created CMA memory pool at 0x0000000057000000, size 16 MiB
[    0.000000] OF: reserved mem: initialized node linux,adsp@57000000, compatible id shared-dma-pool
[    0.000000] Reserved memory: created CMA memory pool at 0x0000000058000000, size 384 MiB
[    0.000000] OF: reserved mem: initialized node linux,cma@58000000, compatible id shared-dma-pool
[    0.000000] Reserved memory: created CMA memory pool at 0x0000000070000000, size 256 MiB
[    0.000000] OF: reserved mem: initialized node linux,multimedia@70000000, compatible id shared-dma-pool
[    0.000000] NUMA: No NUMA configuration found
[    0.000000] NUMA: Faking a node at [mem 0x0000000048000000-0x000000077fffffff]
[    0.000000] NUMA: NODE_DATA [mem 0x77efdab00-0x77efdcfff]
[    0.000000] Zone ranges:
[    0.000000]   DMA      [mem 0x0000000048000000-0x000000007fffffff]
[    0.000000]   DMA32    [mem 0x0000000080000000-0x00000000ffffffff]
[    0.000000]   Normal   [mem 0x0000000100000000-0x000000077fffffff]
[    0.000000] Movable zone start for each node
[    0.000000] Early memory node ranges
[    0.000000]   node   0: [mem 0x0000000048000000-0x0000000053ffffff]
[    0.000000]   node   0: [mem 0x0000000054000000-0x0000000056ffffff]
[    0.000000]   node   0: [mem 0x0000000057000000-0x00000000bfffffff]
[    0.000000]   node   0: [mem 0x0000000500000000-0x000000057fffffff]
[    0.000000]   node   0: [mem 0x0000000600000000-0x000000067fffffff]
[    0.000000]   node   0: [mem 0x0000000700000000-0x000000077fffffff]
[    0.000000] Initmem setup node 0 [mem 0x0000000048000000-0x000000077fffffff]
[    0.000000] psci: probing for conduit method from DT.
[    0.000000] psci: PSCIv1.1 detected in firmware.
[    0.000000] psci: Using standard PSCI v0.2 function IDs
[    0.000000] psci: Trusted OS resident on physical CPU 0x0
[    0.000000] psci: SMC Calling Convention v1.2
[    0.000000] percpu: Embedded 23 pages/cpu s56984 r8192 d29032 u94208
[    0.000000] Detected PIPT I-cache on CPU0
[    0.000000] CPU features: detected: EL2 vector hardening
[    0.000000] CPU features: detected: Spectre-v2
[    0.000000] CPU features: detected: ARM errata 1165522, 1319367, or 1530923
[    0.000000] CPU features: detected: Spectre-BHB
[    0.000000] CPU features: detected: ARM erratum 1742098
[    0.000000] Built 1 zonelists, mobility grouping on.  Total pages: 2032128
[    0.000000] Policy zone: Normal
[    0.000000] Kernel command line: rw root=/dev/nfs nfsroot=192.168.10.99:/data/tftpboot/traivo/H3/rootfs,nfsvers=4, ip=192.168.10.167
[    0.000000] Dentry cache hash table entries: 1048576 (order: 11, 8388608 bytes, linear)
[    0.000000] Inode-cache hash table entries: 524288 (order: 10, 4194304 bytes, linear)
[    0.000000] mem auto-init: stack:off, heap alloc:off, heap free:off
[    0.000000] software IO TLB: mapped [mem 0x000000004ffe6000-0x0000000053fe6000] (64MB)
[    0.000000] Memory: 7276840K/8257536K available (15232K kernel code, 2834K rwdata, 8240K rodata, 6144K init, 517K bss, 308952K reserved, 671744K cma-reserved)
[    0.000000] SLUB: HWalign=64, Order=0-3, MinObjects=0, CPUs=8, Nodes=1
[    0.000000] rcu: Preemptible hierarchical RCU implementation.
[    0.000000] rcu: 	RCU event tracing is enabled.
[    0.000000] rcu: 	RCU restricting CPUs from NR_CPUS=256 to nr_cpu_ids=8.
[    0.000000] 	Trampoline variant of Tasks RCU enabled.
[    0.000000] rcu: RCU calculated value of scheduler-enlistment delay is 25 jiffies.
[    0.000000] rcu: Adjusting geometry for rcu_fanout_leaf=16, nr_cpu_ids=8
[    0.000000] NR_IRQS: 64, nr_irqs: 64, preallocated irqs: 0
[    0.000000] arch_timer: cp15 timer(s) running at 8.32MHz (virt).
[    0.000000] clocksource: arch_sys_counter: mask: 0xffffffffffffff max_cycles: 0x1eb398c07, max_idle_ns: 440795202503 ns
[    0.000003] sched_clock: 56 bits at 8MHz, resolution 120ns, wraps every 2199023255503ns
[    0.000209] Console: colour dummy device 80x25
[    0.000417] printk: console [tty0] enabled
[    0.000491] Calibrating delay loop (skipped), value calculated using timer frequency.. 16.64 BogoMIPS (lpj=33280)
[    0.000507] pid_max: default: 32768 minimum: 301
[    0.000566] LSM: Security Framework initializing
[    0.000652] Mount-cache hash table entries: 16384 (order: 5, 131072 bytes, linear)
[    0.000703] Mountpoint-cache hash table entries: 16384 (order: 5, 131072 bytes, linear)
[    0.002157] rcu: Hierarchical SRCU implementation.
[    0.003741] Detected Renesas R-Car Gen3 r8a7795 ES3.0
[    0.005890] EFI services will not be available.
[    0.006229] smp: Bringing up secondary CPUs ...
[    0.006679] Detected PIPT I-cache on CPU1
[    0.006728] CPU1: Booted secondary processor 0x0000000001 [0x411fd073]
[    0.007213] Detected PIPT I-cache on CPU2
[    0.007236] CPU2: Booted secondary processor 0x0000000002 [0x411fd073]
[    0.007659] Detected PIPT I-cache on CPU3
[    0.007682] CPU3: Booted secondary processor 0x0000000003 [0x411fd073]
[    0.008153] CPU features: detected: ARM erratum 845719
[    0.008165] Detected VIPT I-cache on CPU4
[    0.008212] CPU4: Booted secondary processor 0x0000000100 [0x410fd034]
[    0.008693] Detected VIPT I-cache on CPU5
[    0.008719] CPU5: Booted secondary processor 0x0000000101 [0x410fd034]
[    0.009156] Detected VIPT I-cache on CPU6
[    0.009183] CPU6: Booted secondary processor 0x0000000102 [0x410fd034]
[    0.009621] Detected VIPT I-cache on CPU7
[    0.009649] CPU7: Booted secondary processor 0x0000000103 [0x410fd034]
[    0.009728] smp: Brought up 1 node, 8 CPUs
[    0.009792] SMP: Total of 8 processors activated.
[    0.009799] CPU features: detected: 32-bit EL0 Support
[    0.009806] CPU features: detected: CRC32 instructions
[    0.009814] CPU features: detected: 32-bit EL1 Support
[    0.023018] CPU: All CPU(s) started at EL1
[    0.023071] alternatives: patching kernel code
[    0.024220] devtmpfs: initialized
[    0.031030] KASLR disabled due to lack of seed
[    0.031180] clocksource: jiffies: mask: 0xffffffff max_cycles: 0xffffffff, max_idle_ns: 7645041785100000 ns
[    0.031200] futex hash table entries: 2048 (order: 5, 131072 bytes, linear)
[    0.039841] pinctrl core: initialized pinctrl subsystem
[    0.041352] DMI not present or invalid.
[    0.041854] NET: Registered protocol family 16
[    0.042810] DMA: preallocated 1024 KiB GFP_KERNEL pool for atomic allocations
[    0.043008] DMA: preallocated 1024 KiB GFP_KERNEL|GFP_DMA pool for atomic allocations
[    0.043296] DMA: preallocated 1024 KiB GFP_KERNEL|GFP_DMA32 pool for atomic allocations
[    0.043335] audit: initializing netlink subsys (disabled)
[    0.043510] audit: type=2000 audit(0.040:1): state=initialized audit_enabled=0 res=1
[    0.044684] thermal_sys: Registered thermal governor 'power_allocator'
[    0.045206] cpuidle: using governor menu
[    0.045377] hw-breakpoint: found 6 breakpoint and 4 watchpoint registers.
[    0.045501] ASID allocator initialised with 65536 entries
[    0.046805] Serial: AMBA PL011 UART driver
[    0.089619] sh-pfc e6060000.pinctrl: r8a77951_pfc support registered
[    0.104367] HugeTLB registered 1.00 GiB page size, pre-allocated 0 pages
[    0.104380] HugeTLB registered 32.0 MiB page size, pre-allocated 0 pages
[    0.104387] HugeTLB registered 2.00 MiB page size, pre-allocated 0 pages
[    0.104395] HugeTLB registered 64.0 KiB page size, pre-allocated 0 pages
[    0.105356] cryptd: max_cpu_qlen set to 1000
[    0.107615] ACPI: Interpreter disabled.
[    0.111419] rcar-avs: use avs value: 0
[    0.111438] rcar-avs: cpu@0 is running with: opp_table0
[    0.111449] rcar-avs: cpu@1 is running with: opp_table0
[    0.111459] rcar-avs: cpu@2 is running with: opp_table0
[    0.111468] rcar-avs: cpu@3 is running with: opp_table0
[    0.111554] rcar-avs: gsx@fd000000 is running with: gsx_opp_table0
[    0.112964] iommu: Default domain type: Translated 
[    0.113537] ipmmu-vmsa e67b0000.iommu: IPMMU context 0 is reserved
[    0.114532] vgaarb: loaded
[    0.114734] SCSI subsystem initialized
[    0.114984] usbcore: registered new interface driver usbfs
[    0.115016] usbcore: registered new interface driver hub
[    0.115042] usbcore: registered new device driver usb
[    0.118591] i2c-sh_mobile e60b0000.i2c: I2C adapter 7, bus speed 400000 Hz
[    0.119122] mc: Linux media interface: v0.10
[    0.119144] videodev: Linux video capture interface: v2.00
[    0.119190] pps_core: LinuxPPS API ver. 1 registered
[    0.119198] pps_core: Software ver. 5.3.6 - Copyright 2005-2007 Rodolfo Giometti <giometti@linux.it>
[    0.119211] PTP clock support registered
[    0.119380] EDAC MC: Ver: 3.0.0
[    0.121403] FPGA manager framework
[    0.121462] Advanced Linux Sound Architecture Driver Initialized.
[    0.122011] clocksource: Switched to clocksource arch_sys_counter
[    0.122155] VFS: Disk quotas dquot_6.6.0
[    0.122199] VFS: Dquot-cache hash table entries: 512 (order 0, 4096 bytes)
[    0.122320] pnp: PnP ACPI: disabled
[    0.125792] NET: Registered protocol family 2
[    0.126214] IP idents hash table entries: 131072 (order: 8, 1048576 bytes, linear)
[    0.128471] tcp_listen_portaddr_hash hash table entries: 4096 (order: 4, 65536 bytes, linear)
[    0.128549] TCP established hash table entries: 65536 (order: 7, 524288 bytes, linear)
[    0.128837] TCP bind hash table entries: 65536 (order: 8, 1048576 bytes, linear)
[    0.129419] TCP: Hash tables configured (established 65536 bind 65536)
[    0.129539] UDP hash table entries: 4096 (order: 5, 131072 bytes, linear)
[    0.129654] UDP-Lite hash table entries: 4096 (order: 5, 131072 bytes, linear)
[    0.129873] NET: Registered protocol family 1
[    0.130233] RPC: Registered named UNIX socket transport module.
[    0.130243] RPC: Registered udp transport module.
[    0.130249] RPC: Registered tcp transport module.
[    0.130255] RPC: Registered tcp NFSv4.1 backchannel transport module.
[    0.130268] PCI: CLS 0 bytes, default 64
[    0.131231] hw perfevents: enabled with armv8_cortex_a53 PMU driver, 7 counters available
[    0.131510] hw perfevents: enabled with armv8_cortex_a57 PMU driver, 7 counters available
[    0.132136] kvm [1]: HYP mode not available
[    0.135067] Initialise system trusted keyrings
[    0.135195] workingset: timestamp_bits=42 max_order=21 bucket_order=0
[    0.138303] squashfs: version 4.0 (2009/01/31) Phillip Lougher
[    0.138697] NFS: Registering the id_resolver key type
[    0.138721] Key type id_resolver registered
[    0.138728] Key type id_legacy registered
[    0.138782] nfs4filelayout_init: NFSv4 File Layout Driver Registering...
[    0.138792] nfs4flexfilelayout_init: NFSv4 Flexfile Layout Driver Registering...
[    0.138892] 9p: Installing v9fs 9p2000 file system support
[    0.164637] Key type asymmetric registered
[    0.164649] Asymmetric key parser 'x509' registered
[    0.164680] Block layer SCSI generic (bsg) driver version 0.4 loaded (major 243)
[    0.164691] io scheduler mq-deadline registered
[    0.164701] io scheduler kyber registered
[    0.180730] gpio_rcar e6050000.gpio: driving 16 GPIOs
[    0.181022] gpio_rcar e6051000.gpio: driving 29 GPIOs
[    0.181280] gpio_rcar e6052000.gpio: driving 15 GPIOs
[    0.181553] gpio_rcar e6053000.gpio: driving 16 GPIOs
[    0.181793] gpio_rcar e6054000.gpio: driving 18 GPIOs
[    0.182064] gpio_rcar e6055000.gpio: driving 26 GPIOs
[    0.182332] gpio_rcar e6055400.gpio: driving 32 GPIOs
[    0.182582] gpio_rcar e6055800.gpio: driving 4 GPIOs
[    0.185504] rcar-pcie fe000000.pcie: host bridge /soc/pcie@fe000000 ranges:
[    0.185535] rcar-pcie fe000000.pcie:       IO 0x00fe100000..0x00fe1fffff -> 0x0000000000
[    0.185557] rcar-pcie fe000000.pcie:      MEM 0x00fe200000..0x00fe3fffff -> 0x00fe200000
[    0.185574] rcar-pcie fe000000.pcie:      MEM 0x0030000000..0x0037ffffff -> 0x0030000000
[    0.185588] rcar-pcie fe000000.pcie:      MEM 0x0038000000..0x003fffffff -> 0x0038000000
[    0.185605] rcar-pcie fe000000.pcie:   IB MEM 0x0040000000..0x007fffffff -> 0x0040000000
[    0.185650] rcar-pcie fe000000.pcie: no pcie3v3 regulator found
[    0.185661] rcar-pcie fe000000.pcie: no pcie1v8 regulator found
[    0.249731] rcar-pcie fe000000.pcie: PCIe link down
[    0.249927] rcar-pcie ee800000.pcie: host bridge /soc/pcie@ee800000 ranges:
[    0.249952] rcar-pcie ee800000.pcie:       IO 0x00ee900000..0x00ee9fffff -> 0x0000000000
[    0.249973] rcar-pcie ee800000.pcie:      MEM 0x00eea00000..0x00eebfffff -> 0x00eea00000
[    0.249991] rcar-pcie ee800000.pcie:      MEM 0x00c0000000..0x00c7ffffff -> 0x00c0000000
[    0.250019] rcar-pcie ee800000.pcie:      MEM 0x00c8000000..0x00cfffffff -> 0x00c8000000
[    0.250038] rcar-pcie ee800000.pcie:   IB MEM 0x0040000000..0x007fffffff -> 0x0040000000
[    0.250070] rcar-pcie ee800000.pcie: no pcie3v3 regulator found
[    0.250080] rcar-pcie ee800000.pcie: no pcie1v8 regulator found
[    0.410010] rcar-pcie ee800000.pcie: PCIe link down
[    0.412512] EINJ: ACPI disabled.
[    0.449687] Serial: 8250/16550 driver, 4 ports, IRQ sharing enabled
[    0.452057] SuperH (H)SCI(F) driver initialized
[    0.452483] e6550000.serial: ttySC1 at MMIO 0xe6550000 (irq = 42, base_baud = 0) is a hscif
[    0.453207] e6e88000.serial: ttySC0 at MMIO 0xe6e88000 (irq = 128, base_baud = 0) is a scif
[    1.657941] printk: console [ttySC0] enabled
[    1.663285] msm_serial: driver initialized
[    1.673567] rcar-dw-hdmi fead0000.hdmi: Detected HDMI TX controller v2.01a with HDCP (DWC HDMI 2.0 TX PHY)
[    1.683481] rcar-dw-hdmi fead0000.hdmi: registered DesignWare HDMI I2C bus driver
[    1.691727] rcar-dw-hdmi feae0000.hdmi: Detected HDMI TX controller v2.01a with HDCP (DWC HDMI 2.0 TX PHY)
[    1.701587] rcar-dw-hdmi feae0000.hdmi: registered DesignWare HDMI I2C bus driver
[    1.717032] loop: module loaded
[    1.721519] megasas: 07.714.04.00-rc1
[    1.727268] scsi host0: sata_rcar
[    1.730744] ata1: SATA max UDMA/133 irq 181
[    1.740094] tun: Universal TUN/TAP device driver, 1.6
[    1.746060] thunder_xcv, ver 1.0
[    1.749306] thunder_bgx, ver 1.0
[    1.752556] nicpf, ver 1.0
[    1.756687] hclge is initializing
[    1.760023] hns3: Hisilicon Ethernet Network Driver for Hip08 Family - version
[    1.767247] hns3: Copyright (c) 2017 Huawei Corporation.
[    1.772581] e1000: Intel(R) PRO/1000 Network Driver
[    1.777460] e1000: Copyright (c) 1999-2006 Intel Corporation.
[    1.783231] e1000e: Intel(R) PRO/1000 Network Driver
[    1.788198] e1000e: Copyright(c) 1999 - 2015 Intel Corporation.
[    1.794138] igb: Intel(R) Gigabit Ethernet Network Driver
[    1.799538] igb: Copyright (c) 2007-2014 Intel Corporation.
[    1.805129] igbvf: Intel(R) Gigabit Virtual Function Network Driver
[    1.811398] igbvf: Copyright (c) 2009 - 2012 Intel Corporation.
[    1.817733] sky2: driver version 1.30
[    1.825321] ravb e6800000.ethernet eth0: Base address at 0xe6800000, 2e:09:0a:02:ec:37, IRQ 125.
[    1.835582] VFIO - User Level meta-driver version: 0.3
[    1.842752] ehci_hcd: USB 2.0 'Enhanced' Host Controller (EHCI) Driver
[    1.849298] ehci-pci: EHCI PCI platform driver
[    1.853763] ehci-platform: EHCI generic platform driver
[    1.859378] ehci-platform ee0a0100.usb: EHCI Host Controller
[    1.865062] ehci-platform ee0a0100.usb: new USB bus registered, assigned bus number 1
[    1.872982] ehci-platform ee0a0100.usb: irq 175, io mem 0xee0a0100
[    1.894020] ehci-platform ee0a0100.usb: USB 2.0 started, EHCI 1.10
[    1.900541] hub 1-0:1.0: USB hub found
[    1.904312] hub 1-0:1.0: 1 port detected
[    1.908712] ehci-platform ee0c0100.usb: EHCI Host Controller
[    1.914384] ehci-platform ee0c0100.usb: new USB bus registered, assigned bus number 2
[    1.922273] ehci-platform ee0c0100.usb: irq 176, io mem 0xee0c0100
[    1.942016] ehci-platform ee0c0100.usb: USB 2.0 started, EHCI 1.10
[    1.948488] hub 2-0:1.0: USB hub found
[    1.952255] hub 2-0:1.0: 1 port detected
[    1.982055] ehci-platform ee0e0100.usb: EHCI Host Controller
[    1.987733] ehci-platform ee0e0100.usb: new USB bus registered, assigned bus number 3
[    1.995602] ehci-platform ee0e0100.usb: irq 177, io mem 0xee0e0100
[    2.014017] ehci-platform ee0e0100.usb: USB 2.0 started, EHCI 1.10
[    2.020453] hub 3-0:1.0: USB hub found
[    2.024221] hub 3-0:1.0: 1 port detected
[    2.028584] ehci-orion: EHCI orion driver
[    2.032834] ehci-exynos: EHCI Exynos driver
[    2.037136] ohci_hcd: USB 1.1 'Open' Host Controller (OHCI) Driver
[    2.043333] ohci-pci: OHCI PCI platform driver
[    2.047814] ohci-platform: OHCI generic platform driver
[    2.053344] ohci-platform ee0a0000.usb: Generic Platform OHCI controller
[    2.060065] ohci-platform ee0a0000.usb: new USB bus registered, assigned bus number 4
[    2.067940] ohci-platform ee0a0000.usb: irq 175, io mem 0xee0a0000
[    2.150024] ata1: link resume succeeded after 1 retries
[    2.164292] hub 4-0:1.0: USB hub found
[    2.168062] hub 4-0:1.0: 1 port detected
[    2.172396] ohci-platform ee0c0000.usb: Generic Platform OHCI controller
[    2.179111] ohci-platform ee0c0000.usb: new USB bus registered, assigned bus number 5
[    2.186987] ohci-platform ee0c0000.usb: irq 176, io mem 0xee0c0000
[    2.261541] ata1: SATA link down (SStatus 0 SControl 300)
[    2.280269] hub 5-0:1.0: USB hub found
[    2.282019] usb 3-1: new high-speed USB device number 2 using ehci-platform
[    2.284040] hub 5-0:1.0: 1 port detected
[    2.295300] ohci-platform ee0e0000.usb: Generic Platform OHCI controller
[    2.302018] ohci-platform ee0e0000.usb: new USB bus registered, assigned bus number 6
[    2.309890] ohci-platform ee0e0000.usb: irq 177, io mem 0xee0e0000
[    2.404282] hub 6-0:1.0: USB hub found
[    2.408051] hub 6-0:1.0: 1 port detected
[    2.412412] ohci-exynos: OHCI Exynos driver
[    2.417282] xhci-hcd ee000000.usb: xHCI Host Controller
[    2.422523] xhci-hcd ee000000.usb: new USB bus registered, assigned bus number 7
[    2.445782] xhci-hcd ee000000.usb: hcc params 0x014051ce hci version 0x100 quirks 0x0000000000830410
[    2.454955] xhci-hcd ee000000.usb: irq 172, io mem 0xee000000
[    2.460819] xhci-hcd ee000000.usb: xHCI Host Controller
[    2.466056] xhci-hcd ee000000.usb: new USB bus registered, assigned bus number 8
[    2.473459] xhci-hcd ee000000.usb: Host supports USB 3.0 SuperSpeed
[    2.480009] hub 7-0:1.0: USB hub found
[    2.483780] hub 7-0:1.0: 1 port detected
[    2.487871] usb usb8: We don't know the algorithms for LPM for this host, disabling LPM.
[    2.496229] hub 8-0:1.0: USB hub found
[    2.500005] hub 8-0:1.0: 1 port detected
[    2.504808] usb-storage 3-1:1.0: USB Mass Storage device detected
[    2.511235] scsi host1: usb-storage 3-1:1.0
[    2.515587] usbcore: registered new interface driver usb-storage
[    2.523379] renesas_usbhs e6590000.usb: host probed
[    2.528269] renesas_usbhs e6590000.usb: no transceiver found
[    2.533994] renesas_usbhs e6590000.usb: gadget probed
[    2.539211] renesas_usbhs e6590000.usb: probed
[    2.544113] renesas_usbhs e659c000.usb: host probed
[    2.549004] renesas_usbhs e659c000.usb: no transceiver found
[    2.554716] renesas_usbhs e659c000.usb: gadget probed
[    2.559918] renesas_usbhs e659c000.usb: probed
[    2.566851] i2c /dev entries driver
[    2.581411] cs2000-cp 2-004f: revision - C1
[    2.585662] i2c-rcar e6510000.i2c: probed
[    2.590572] pca953x 4-0020: supply vcc not found, using dummy regulator
[    2.597279] pca953x 4-0020: using no AI
[    2.601936] gpio-355 (PCIE/SATA switch): hogged as output/low
[    2.614197] i2c-rcar e66d8000.i2c: probed
[    2.619453] adv748x 4-0070: Endpoint /soc/i2c@e66d8000/video-receiver@70/port@7/endpoint on port 7
[    2.628452] adv748x 4-0070: Endpoint /soc/i2c@e66d8000/video-receiver@70/port@8/endpoint on port 8
[    2.637426] adv748x 4-0070: Endpoint /soc/i2c@e66d8000/video-receiver@70/port@a/endpoint on port 10
[    2.646489] adv748x 4-0070: Endpoint /soc/i2c@e66d8000/video-receiver@70/port@b/endpoint on port 11
[    2.655885] adv748x 4-0070: chip found @ 0xe0 revision 2143
[    2.709459] rcar-csi2 fea80000.csi2: 1 lanes found
[    2.714596] rcar-csi2 feaa0000.csi2: 4 lanes found
[    2.724123] rcar-vin e6ef0000.video: Device registered as video0
[    2.730213] rcar-vin e6ef1000.video: Device registered as video1
[    2.736279] rcar-vin e6ef2000.video: Device registered as video2
[    2.742353] rcar-vin e6ef3000.video: Device registered as video3
[    2.748416] rcar-vin e6ef4000.video: Device registered as video4
[    2.754497] rcar-vin e6ef5000.video: Device registered as video5
[    2.760577] rcar-vin e6ef6000.video: Device registered as video6
[    2.766654] rcar-vin e6ef7000.video: Device registered as video7
[    2.775398] rcar_gen3_thermal e6198000.thermal: is using pseudo fixed FUSE values
[    2.787593] rcar_gen3_thermal e6198000.thermal: TSC0: Loaded 1 trip points
[    2.798850] rcar_gen3_thermal e6198000.thermal: TSC1: Loaded 1 trip points
[    2.809994] rcar_gen3_thermal e6198000.thermal: TSC2: Loaded 3 trip points
[    2.822045] sdhci: Secure Digital Host Controller Interface driver
[    2.828236] sdhci: Copyright(c) Pierre Ossman
[    2.833475] Synopsys Designware Multimedia Card Interface Driver
[    2.833814] renesas_sdhi_internal_dmac ee100000.mmc: Got CD GPIO
[    2.833822] renesas_sdhi_internal_dmac ee140000.mmc: Adding to iommu group 0
[    2.833848] renesas_sdhi_internal_dmac ee140000.mmc: Using IPMMU context 1
[    2.834094] renesas_sdhi_internal_dmac ee160000.mmc: Got CD GPIO
[    2.834123] renesas_sdhi_internal_dmac ee160000.mmc: Got WP GPIO
[    2.840884] sdhci-pltfm: SDHCI platform and OF driver helper
[    2.845545] renesas_sdhi_internal_dmac ee100000.mmc: Got WP GPIO
[    2.882093] renesas_sdhi_internal_dmac ee140000.mmc: mmc0 base at 0x00000000ee140000, max clock rate 200 MHz
[    2.893299] ledtrig-cpu: registered to indicate activity on CPUs
[    2.900325] SMCCC: SOC_ID: ARCH_SOC_ID not implemented, skipping ....
[    2.907355] usbcore: registered new interface driver usbhid
[    2.912934] usbhid: USB HID core driver
[    2.920538] optee: probing for conduit method.
[    2.925007] optee: revision 3.22 (314ecf9d)
[    2.925418] optee driver R-Car Rev.1.0.11
[    2.933956] optee: dynamic shared memory is enabled
[    2.939099] optee: initialized driver
[    2.956112] rcar_sound ec500000.sound: probed
[    2.961169] NET: Registered protocol family 17
[    2.965729] 9pnet: Installing 9P2000 support
[    2.970053] Key type dns_resolver registered
[    2.974586] registered taskstats version 1
[    2.974852] mmc0: new HS400 MMC card at address 0001
[    2.978698] Loading compiled-in X.509 certificates
[    2.984510] mmcblk0: mmc0:0001 BGSD3R 29.1 GiB 
[    2.993437] mmcblk0boot0: mmc0:0001 BGSD3R partition 1 16.0 MiB
[    2.998397] thermal emergency: set temperature to 110 celsius
[    2.999789] mmcblk0boot1: mmc0:0001 BGSD3R partition 2 16.0 MiB
[    3.005331] thermal emergency: shutdown target cpus 1-7
[    3.011156] mmcblk0rpmb: mmc0:0001 BGSD3R partition 3 4.00 MiB, chardev (509:0)
[    3.016261] thermal emergency: freq scaled target cpus 0
[    3.016587] renesas_irqc e61c0000.interrupt-controller: driving 6 irqs
[    3.025539]  mmcblk0: p1
[    3.078039] ehci-platform ee080100.usb: EHCI Host Controller
[    3.083729] ehci-platform ee080100.usb: new USB bus registered, assigned bus number 9
[    3.091615] ehci-platform ee080100.usb: irq 174, io mem 0xee080100
[    3.110018] ehci-platform ee080100.usb: USB 2.0 started, EHCI 1.10
[    3.116670] hub 9-0:1.0: USB hub found
[    3.120443] hub 9-0:1.0: 1 port detected
[    3.125485] ohci-platform ee080000.usb: Generic Platform OHCI controller
[    3.132208] ohci-platform ee080000.usb: new USB bus registered, assigned bus number 10
[    3.140180] ohci-platform ee080000.usb: irq 174, io mem 0xee080000
[    3.236397] hub 10-0:1.0: USB hub found
[    3.240255] hub 10-0:1.0: 1 port detected
[    3.245494] cpu cpu0: EM: created perf domain
[    3.250379] cpu cpu4: EM: created perf domain
[    3.260240] renesas_sdhi_internal_dmac ee100000.mmc: Got CD GPIO
[    3.260537] renesas_sdhi_internal_dmac ee160000.mmc: Got CD GPIO
[    3.262481] [drm] Initialized rcar-du 1.0.0 20130110 for feb00000.display on minor 0
[    3.262485] [drm] Device feb00000.display probed
[    3.266293] renesas_sdhi_internal_dmac ee100000.mmc: Got WP GPIO
[    3.272350] renesas_sdhi_internal_dmac ee160000.mmc: Got WP GPIO
[    3.329174] renesas_sdhi_internal_dmac ee100000.mmc: mmc1 base at 0x00000000ee100000, max clock rate 200 MHz
[    3.333675] Console: switching to colour frame buffer device 128x48
[    3.344086] renesas_sdhi_internal_dmac ee160000.mmc: mmc2 base at 0x00000000ee160000, max clock rate 200 MHz
[    3.379537] rcar-du feb00000.display: [drm] fb0: rcar-dudrmfb frame buffer device
[    3.391879] input: keys as /devices/platform/keys/input/input0
[    3.473603] Micrel KSZ9031 Gigabit PHY e6800000.ethernet-ffffffff:00: attached PHY driver [Micrel KSZ9031 Gigabit PHY] (mii_bus:phy_addr=e6800000.ethernet-ffffffff:00, irq=183)
[    3.520430] scsi 1:0:0:0: Direct-Access     Lexar    JD Secure II +   1100 PQ: 0 ANSI: 0 CCS
[    3.644244] sd 1:0:0:0: [sda] 1966080 512-byte logical blocks: (1.01 GB/960 MiB)
[    3.653080] sd 1:0:0:0: [sda] Write Protect is off
[    3.659416] sd 1:0:0:0: [sda] No Caching mode page found
[    3.664855] sd 1:0:0:0: [sda] Assuming drive cache: write through
[    3.680933]  sda: sda1
[    3.689086] sd 1:0:0:0: [sda] Attached SCSI removable disk
[   10.078475] ravb e6800000.ethernet eth0: Link is Up - 1Gbps/Full - flow control off
[   10.106053] IP-Config: Guessing netmask 255.255.255.0
[   10.111213] IP-Config: Complete:
[   10.114525]      device=eth0, hwaddr=2e:09:0a:02:ec:37, ipaddr=192.168.10.167, mask=255.255.255.0, gw=255.255.255.255
[   10.125335]      host=192.168.10.167, domain=, nis-domain=(none)
[   10.135313]      bootserver=255.255.255.255, rootserver=192.168.10.99, rootpath=
[   10.135958] ALSA device list:
[   10.153374]   No soundcards found.
[   11.191239] VFS: Mounted root (nfs4 filesystem) on device 0:22.
[   11.202400] devtmpfs: mounted
[   11.212850] Freeing unused kernel memory: 6144K
[   11.242167] Run /sbin/init as init process
[   11.458657] systemd[1]: System time before build time, advancing clock.
[   11.886691] NET: Registered protocol family 10
[   11.896569] Segment Routing with IPv6
[   11.928576] systemd[1]: systemd 244 running in system mode. (+PAM -AUDIT -SELINUX +IMA -APPARMOR -SMACK +SYSVINIT +UTMP -LIBCRYPTSETUP -GCRYPT -GNUTLS +ACL +XZ -LZ4 -SECCOMP +BLKID -ELFUTILS +KMOD -IDN2 -IDN -PCRE2 default-hierarchy=hybrid)
[   11.959019] systemd[1]: Detected architecture arm64.

Welcome to [1mPoky (Yocto Project Reference Distro) 3.1.11 (dunfell)[0m!

[   11.996153] systemd[1]: Set hostname to <salvator-x>.
[   12.262066] random: crng init done
[   12.777199] systemd[1]: system-getty.slice: unit configures an IP firewall, but the local system does not support BPF/cgroup firewalling.
[   12.798537] systemd[1]: (This warning is only shown for the first unit using IP firewalling.)
[   12.813652] systemd[1]: Created slice system-getty.slice.
[[0;32m  OK  [0m] Created slice [0;1;39msystem-getty.slice[0m.
[   12.839165] systemd[1]: Created slice system-serial\x2dgetty.slice.
[[0;32m  OK  [0m] Created slice [0;1;39msystem-serial\x2dgetty.slice[0m.
[   12.863293] systemd[1]: Created slice User and Session Slice.
[[0;32m  OK  [0m] Created slice [0;1;39mUser and Session Slice[0m.
[   12.886503] systemd[1]: Started Dispatch Password Requests to Console Directory Watch.
[[0;32m  OK  [0m] Started [0;1;39mDispatch Password â€¦ts to Console Directory Watch[0m.
[   12.914439] systemd[1]: Started Forward Password Requests to Wall Directory Watch.
[[0;32m  OK  [0m] Started [0;1;39mForward Password Râ€¦uests to Wall Directory Watch[0m.
[   12.942340] systemd[1]: Reached target Paths.
[[0;32m  OK  [0m] Reached target [0;1;39mPaths[0m.
[   12.966189] systemd[1]: Reached target Remote File Systems.
[[0;32m  OK  [0m] Reached target [0;1;39mRemote File Systems[0m.
[   12.990155] systemd[1]: Reached target Slices.
[[0;32m  OK  [0m] Reached target [0;1;39mSlices[0m.
[   13.014182] systemd[1]: Reached target Swap.
[[0;32m  OK  [0m] Reached target [0;1;39mSwap[0m.
[   13.041430] systemd[1]: Listening on RPCbind Server Activation Socket.
[[0;32m  OK  [0m] Listening on [0;1;39mRPCbind Server Activation Socket[0m.
[   13.070275] systemd[1]: Reached target RPC Port Mapper.
[[0;32m  OK  [0m] Reached target [0;1;39mRPC Port Mapper[0m.
[   13.094591] systemd[1]: Listening on initctl Compatibility Named Pipe.
[[0;32m  OK  [0m] Listening on [0;1;39minitctl Compatibility Named Pipe[0m.
[   13.124398] systemd[1]: Listening on Journal Audit Socket.
[[0;32m  OK  [0m] Listening on [0;1;39mJournal Audit Socket[0m.
[   13.152006] systemd[1]: Listening on Journal Socket (/dev/log).
[[0;32m  OK  [0m] Listening on [0;1;39mJournal Socket (/dev/log)[0m.
[   13.178866] systemd[1]: Listening on Journal Socket.
[[0;32m  OK  [0m] Listening on [0;1;39mJournal Socket[0m.
[   13.204097] systemd[1]: Listening on Network Service Netlink Socket.
[[0;32m  OK  [0m] Listening on [0;1;39mNetwork Service Netlink Socket[0m.
[   13.232454] systemd[1]: Listening on udev Control Socket.
[[0;32m  OK  [0m] Listening on [0;1;39mudev Control Socket[0m.
[   13.258704] systemd[1]: Listening on udev Kernel Socket.
[[0;32m  OK  [0m] Listening on [0;1;39mudev Kernel Socket[0m.
[   13.287459] systemd[1]: Mounting Huge Pages File System...
         Mounting [0;1;39mHuge Pages File System[0m...
[   13.315369] systemd[1]: Mounting POSIX Message Queue File System...
         Mounting [0;1;39mPOSIX Message Queue File System[0m...
[   13.347258] systemd[1]: Mounting Kernel Debug File System...
         Mounting [0;1;39mKernel Debug File System[0m...
[   13.378755] systemd[1]: Mounting Temporary Directory (/tmp)...
         Mounting [0;1;39mTemporary Directory (/tmp)[0m...
[   13.408229] systemd[1]: Starting Create list of static device nodes for the current kernel...
         Starting [0;1;39mCreate list of stâ€¦odes for the current kernel[0m...
[   13.443119] systemd[1]: Starting Start psplash boot splash screen...
         Starting [0;1;39mStart psplash boot splash screen[0m...
[   13.476910] systemd[1]: Starting RPC Bind...
         Starting [0;1;39mRPC Bind[0m...
[   13.502763] systemd[1]: Condition check resulted in File System Check on Root Device being skipped.
[   13.518538] systemd[1]: Starting Journal Service...
         Starting [0;1;39mJournal Service[0m...
[   13.546258] systemd[1]: Starting Load Kernel Modules...
         Starting [0;1;39mLoad Kernel Modules[0m...
[   13.570679] systemd[1]: Starting Remount Root and Kernel File Systems...
         Starting [0;1;39mRemount Root and Kernel File Systems[0m...
[   13.597343] systemd[1]: Starting udev Coldplug all Devices...
         Starting [0;1;39mudev Coldplug all Devices[0m...
[   13.625189] systemd[1]: Started Start psplash boot splash screen.
[[0;32m  OK  [0m] Started [0;1;39mStart psplash boot splash screen[0m.
[   13.646673] systemd[1]: Started RPC Bind.
[[0;32m  OK  [0m] Started [0;1;39mRPC Bind[0m.
[   13.670723] systemd[1]: Started Journal Service.
[[0;32m  OK  [0m] Started [0;1;39mJournal Service[0m.
[[0;32m  OK  [0m] Mounted [0;1;39mHuge Pages File System[0m.
[[0;32m  OK  [0m] Mounted [0;1;39mPOSIX Message Queue File System[0m.
[[0;32m  OK  [0m] Mounted [0;1;39mKernel Debug File System[0m.
[[0;32m  OK  [0m] Mounted [0;1;39mTemporary Directory (/tmp)[0m.
[[0;32m  OK  [0m] Started [0;1;39mCreate list of staâ€¦ nodes for the current kernel[0m.
[[0;32m  OK  [0m] Started [0;1;39mLoad Kernel Modules[0m.
[[0;32m  OK  [0m] Started [0;1;39mRemount Root and Kernel File Systems[0m.
         Mounting [0;1;39mKernel Configuration File System[0m...
[[0;32m  OK  [0m] Started [0;1;39mStart psplash-systâ€¦progress communication helper[0m.
         Starting [0;1;39mFlush Journal to Persistent Storage[0m...
         Starting [0;1;39mApply Kernel Variables[0m...
[   13.909869] systemd-journald[361]: Received client request to flush runtime journal.
         Starting [0;1;39mCreate Static Device Nodes in /dev[0m...
[[0;32m  OK  [0m] Mounted [0;1;39mKernel Configuration File System[0m.
[[0;32m  OK  [0m] Started [0;1;39mFlush Journal to Persistent Storage[0m.
[[0;32m  OK  [0m] Started [0;1;39mApply Kernel Variables[0m.
[[0;32m  OK  [0m] Started [0;1;39mCreate Static Device Nodes in /dev[0m.
[[0;32m  OK  [0m] Reached target [0;1;39mLocal File Systems (Pre)[0m.
         Mounting [0;1;39m/var/volatile[0m...
         Starting [0;1;39mudev Kernel Device Manager[0m...
[[0;32m  OK  [0m] Started [0;1;39mudev Coldplug all Devices[0m.
[[0;32m  OK  [0m] Mounted [0;1;39m/var/volatile[0m.
         Starting [0;1;39mLoad/Save Random Seed[0m...
[[0;32m  OK  [0m] Reached target [0;1;39mLocal File Systems[0m.
         Starting [0;1;39mCreate Volatile Files and Directories[0m...
[[0;32m  OK  [0m] Started [0;1;39mLoad/Save Random Seed[0m.
[[0;32m  OK  [0m] Started [0;1;39mudev Kernel Device Manager[0m.
         Starting [0;1;39mNetwork Service[0m...
[[0;32m  OK  [0m] Started [0;1;39mCreate Volatile Files and Directories[0m.
         Starting [0;1;39mNetwork Time Synchronization[0m...
         Starting [0;1;39mUpdate UTMP about System Boot/Shutdown[0m...
[[0;32m  OK  [0m] Started [0;1;39mNetwork Service[0m.
         Starting [0;1;39mNetwork Name Resolution[0m...
[[0;32m  OK  [0m] Started [0;1;39mUpdate UTMP about System Boot/Shutdown[0m.
[[0;32m  OK  [0m] Started [0;1;39mNetwork Time Synchronization[0m.
[[0;32m  OK  [0m] Reached target [0;1;39mSystem Initialization[0m.
[[0;32m  OK  [0m] Started [0;1;39mDaily Cleanup of Temporary Directories[0m.
[[0;32m  OK  [0m] Reached target [0;1;39mSystem Time Set[0m.
[[0;32m  OK  [0m] Reached target [0;1;39mSystem Time Synchronized[0m.
[[0;32m  OK  [0m] Reached target [0;1;39mTimers[0m.
[   14.482422] pwm-backlight: probe of backlight failed with error -16
[[0;32m  OK  [0m] Listening on [0;1;39mAvahi mDNS/DNS-SD Stack Activation Socket[0m.
[[0;32m  OK  [0m] Listening on [0;1;39mD-Bus System Message Bus Socket[0m.
[[0;32m  OK  [0m] Listening on [0;1;39mdropbear.socke[   14.552912] at24 7-0050: supply vcc not found, using dummy regulator
t[0m.
[   14.570494] at24 7-0050: 128 byte br24t01 EEPROM, writable, 8 bytes/write
[[0;32m  OK  [0m] Reached target [0;1;39mSockets[0m.
[[0;32m  OK  [0m] Reached target [0;1;39mBasic System[0m.
[[0;32m  OK  [0m] Started [0;1;39mD-Bus System Message Bus[0m.
[[0;32m  OK  [0m] Started [0;1;39moptee services[0m.
         Starting [0;1;39mpvrinit.service[0m...
[   14.667242] ccree e6601000.crypto: ARM CryptoCell 630P Driver: HW version 0xAF400001/0xDCC63000, Driver version 5.0
         Starting [0;1;39mPowerVR consumer services[0m...
         Starting [0;1;39mLogin Service[0m...
[[0;32m  OK  [0m] Started [0;1;39mNetwork Name Resolu[   14.726752] renesas_usb3 ee020000.usb: probed with phy
tion[0m.
[   14.799717] ccree e6601000.crypto: ARM ccree device initialized
[[0;1;31mFAILED[0m] Failed to start [0;1;39mpvrinit.service[0m.
See 'systemctl status pvrinit.service' for details.
[[0;1;31mFAILED[0m] Failed to start [0;1;39mPowerVR consumer services[0m.
See 'systemctl status rc.pvr.service' for details.
[[0;1;38;5;185mDEPEND[0m] Dependency failed for [0;1;39mWeston Wayland Compositor[0m.
[[0;32m  OK  [0m] Started [0;1;39mLogin Service[0m.
[[0;32m  OK  [0m] Created slice [0;1;39msystem-weston.slice[0m.
[[0;32m  OK  [0m] Reached target [0;1;39mNetwork[0m.
[[0;32m  OK  [0m] Reached target [0;1;39mHost and Network Name Lookups[0m.
[[0;32m  OK  [0m] Reached target [0;1;39mHardware activated USB gadget[0m.
         Starting [0;1;39mAvahi mDNS/DNS-SD Stack[0m...
         Starting [0;1;39mset_default_governor.service[0m...
         Starting [0;1;39mPermit User Sessions[0m...
[[0;32m  OK  [0m] Started [0;1;39mXinetd A Po[   15.198306] rd 0-7: Disabling EAS, schedutil is mandatory
werful Replacement For Inetd[0m.
[[0;32m  OK  [0m] Started [0;1;39mPermit User Sessions[0m.
[[0;32m  OK  [0m] Started [0;1;39mset_default_governor.service[0m.
[[0;32m  OK  [0m] Started [0;1;39mAvahi mDNS/DNS-SD Stack[0m.
[[0;32m  OK  [0m] Started [0;1;39mGetty on tty1[0m.
[[0;32m  OK  [0m] Started [0;1;39mSerial Getty on ttySC0[0m.
[[0;32m  OK  [0m] Reached target [0;1;39mLogin Prompts[0m.
[[0;32m  OK  [0m] Reached target [0;1;39mMulti-User System[0m.
         Starting [0;1;39mUpdate UTMP about System Runlevel Changes[0m...
[[0;32m  OK  [0m] Started [0;1;39mUpdate UTMP about System Runlevel Changes[0m.

Poky (Yocto Project Reference Distro) 3.1.11 salvator-x ttySC0

salvator-x login: 
salvator-x login: root
[   16.977580] audit: type=1006 audit(1703064537.512:2): pid=537 uid=0 old-auid=4294967295 auid=0 tty=(none) old-ses=4294967295 ses=1 res=1
7[r[999;999H[6n8root@salvator-x:~# 
root@salvator-x:~# 
root@salvator-x:~# 
root@salvator-x:~# 
root@salvator-x:~# 
root@salvator-x:~# 
root@salvator-x:~# 
root@salvator-x:~# 
root@salvator-x:~# 
----------Prepare----------


root@salvator-x:~# find /sys/devices/platform/soc/ee0e0100.usb/ -name 'sd*'
/sys/devices/platform/soc/ee0e0100.usb/usb3/3-1/3-1:1.0/host1/target1:0:0/1:0:0:0/block/sda
/sys/devices/platform/soc/ee0e0100.usb/usb3/3-1/3-1:1.0/host1/target1:0:0/1:0:0:0/block/sda/sda1
root@salvator-x:~# 
root@salvator-x:~# dd if=/dev/urandom of=testdata bs=10M count=1
1+0 records in
1+0 records out
10485760 bytes (10 MB, 10 MiB) copied, 0.310799 s, 33.7 MB/s
root@salvator-x:~# 
root@salvator-x:~# mkdir -p /mnt/usb
root@salvator-x:~# 
root@salvator-x:~# mount /dev/sda1 /mnt/usb
[   28.148378] EXT4-fs (sda1): mounted filesystem with ordered data mode. Opts: (null)
root@salvator-x:~# 
root@salvator-x:~# cp testdata /mnt/usb/
root@salvator-x:~# 
root@salvator-x:~# umount /mnt/usb
root@salvator-x:~# 
root@salvator-x:~# find /sys/devices/platform/soc/ee0e0100.usb/ -name 'sd*'
/sys/devices/platform/soc/ee0e0100.usb/usb3/3-1/3-1:1.0/host1/target1:0:0/1:0:0:0/block/sda
/sys/devices/platform/soc/ee0e0100.usb/usb3/3-1/3-1:1.0/host1/target1:0:0/1:0:0:0/block/sda/sda1
root@salvator-x:~# 
root@salvator-x:~# i2cset -f -y 7 0x30 0x20 0x0f
root@salvator-x:~# 

Switch SW23 off and input 'yes' to continue:
Input 'yes' to continue: 

root@salvator-x:~# echo N > /sys/module/printk/parameters/console_suspend
root@salvator-x:~# 
root@salvator-x:~# mount /dev/sda1 /mnt/usb
[   41.262218] EXT4-fs (sda1): mounted filesystem with ordered data mode. Opts: (null)
root@salvator-x:~# 
root@salvator-x:~# cp /mnt/usb/testdata testdata_from_usb &[   41.950180] SDHI0 VccQ: disabling
[   41.953564] SDHI3 VccQ: disabling

[1] 560
root@salvator-x:~# 
root@salvator-x:~# echo mem > /sys/power/state
[   42.649893] PM: suspend entry (deep)
[   42.843021] Filesystems sync: 0.189 seconds
[   42.848658] Freezing user space processes ... (elapsed 0.021 seconds) done.
[   42.877165] OOM killer disabled.
[   42.880405] Freezing remaining freezable tasks ... (elapsed 0.001 seconds) done.
[   43.314265] ravb e6800000.ethernet eth0: Link is Down
[   43.329289] Disabling non-boot CPUs ...
[   43.333727] CPU1: shutdown
[   43.336455] psci: CPU1 killed (polled 0 ms)
[   43.342378] CPU2: shutdown
[   43.345091] psci: CPU2 killed (polled 0 ms)
[   43.350871] CPU3: shutdown
[   43.353582] psci: CPU3 killed (polled 0 ms)
[   43.359306] CPU4: shutdown
[   43.362029] psci: CPU4 killed (polled 0 ms)
[   43.367602] CPU5: shutdown
[   43.370342] psci: CPU5 killed (polled 0 ms)
[   43.375922] CPU6: shutdown
[   43.378650] psci: CPU6 killed (polled 0 ms)
[   43.384393] CPU7: shutdown
[   43.387197] psci: CPU7 killed (polled 0 ms)
 
Pull out USB device at CN37


Press any button to continue


 Switch power switch: 

NOTICE:  BL2: R-Car Gen3 Initial Program Loader(CA57) Rev.4.0.0
NOTICE:  BL2: PRR is R-Car H3 Ver.3.0
NOTICE:  BL2: Board is Salvator-XS Rev.1.0
NOTICE:  BL2: Boot device is HyperFlash(160MHz)
NOTICE:  BL2: LCM state is CM
NOTICE:  AVS setting succeeded. DVFS_SetVID=0x53
NOTICE:  BL2: DDR3200(rev.0.42)
NOTICE:  BL2: [WARM_BOOT]
NOTICE:  BL2: DRAM Split is 4ch(DDR f)
NOTICE:  BL2: QoS is default setting(rev.0.11)
NOTICE:  BL2: DRAM refresh interval 1.95 usec
NOTICE:  BL2: Periodic Write DQ Training
NOTICE:  BL2: CH0: 400000000 - 47fffffff, 2 GiB
NOTICE:  BL2: CH1: 500000000 - 57fffffff, 2 GiB
NOTICE:  BL2: CH2: 600000000 - 67fffffff, 2 GiB
NOTICE:  BL2: CH3: 700000000 - 77fffffff, 2 GiB
NOTICE:  BL2: Lossy Decomp areas
NOTICE:       Entry 0: DCMPAREACRAx:0x80000540 DCMPAREACRBx:0x570
NOTICE:       Entry 1: DCMPAREACRAx:0x40000000 DCMPAREACRBx:0x0
NOTICE:       Entry 2: DCMPAREACRAx:0x20000000 DCMPAREACRBx:0x0
NOTICE:  BL2: FDT at 0xe6327f70
NOTICE:  BL2: v2.9(release):9cdb21f75
NOTICE:  BL2: Built : 05:25:39, Dec 19 2023
NOTICE:  BL2: Normal boot
[   43.392318] Enabling non-boot CPUs ...
[   43.396356] Detected PIPT I-cache on CPU1
[   43.396410] CPU1: Booted secondary processor 0x0000000001 [0x411fd073]
[   43.396874] CPU1 is up
[   43.409922] Detected PIPT I-cache on CPU2
[   43.409945] CPU2: Booted secondary processor 0x0000000002 [0x411fd073]
[   43.410218] CPU2 is up
[   43.423231] Detected PIPT I-cache on CPU3
[   43.423253] CPU3: Booted secondary processor 0x0000000003 [0x411fd073]
[   43.423527] CPU3 is up
[   43.436582] Detected VIPT I-cache on CPU4
[   43.436634] CPU4: Booted secondary processor 0x0000000100 [0x410fd034]
[   43.437546] CPU4 is up
[   43.450561] Detected VIPT I-cache on CPU5
[   43.450594] CPU5: Booted secondary processor 0x0000000101 [0x410fd034]
[   43.451143] CPU5 is up
[   43.464152] Detected VIPT I-cache on CPU6
[   43.464185] CPU6: Booted secondary processor 0x0000000102 [0x410fd034]
[   43.464830] CPU6 is up
[   43.477842] Detected VIPT I-cache on CPU7
[   43.477875] CPU7: Booted secondary processor 0x0000000103 [0x410fd034]
[   43.478532] CPU7 is up
[   43.551094] xhci-hcd ee000000.usb: xHC error in resume, USBSTS 0x401, Reinit
[   43.558152] usb usb7: root hub lost power or was reset
[   43.563278] usb usb8: root hub lost power or was reset
[   43.620920] Micrel KSZ9031 Gigabit PHY e6800000.ethernet-ffffffff:00: attached PHY driver [Micrel KSZ9031 Gigabit PHY] (mii_bus:phy_addr=e6800000.ethernet-ffffffff:00, irq=183)
[   43.735999] usb usb4: root hub lost power or was reset
[   43.741280] usb usb1: root hub lost power or was reset
[   43.827997] usb usb5: root hub lost power or was reset
[   43.833280] usb usb2: root hub lost power or was reset
[   43.920103] usb usb6: root hub lost power or was reset
[   43.925370] usb usb3: root hub lost power or was reset
[   44.044106] usb usb10: root hub lost power or was reset
[   44.049477] usb usb9: root hub lost power or was reset
[   44.062076] ata1: link resume succeeded after 1 retries
[   44.173529] ata1: SATA link down (SStatus 0 SControl 300)
[   46.816046] OOM killer enabled.
[   46.819908] Restarting tasks ... 
[   46.820106] usb 3-1: USB disconnect, device number 2
[   46.821334] done.
root@salvator-x:~# [   46.834425] PM: suspend exit
[   50.352409] ravb e6800000.ethernet eth0: Link is Up - 1Gbps/Full - flow control off

[1]+  Done                    cp /mnt/usb/testdata testdata_from_usb
root@salvator-x:~# echo "Wake up sucessfully"
Wake up sucessfully
root@salvator-x:~# 
root@salvator-x:~# wait
root@salvator-x:~# 
root@salvator-x:~# sync
root@salvator-x:~# 
root@salvator-x:~# cmp testdata testdata_from_usb
root@salvator-x:~# 
root@salvator-x:~# umount /mnt/usb
[   58.826303] Buffer I/O error on dev sda1, logical block 65536, lost sync page write
[   58.834043] JBD2: Error -5 detected when updating journal superblock for sda1-8.
[   58.841476] Aborting journal on device sda1-8.
[   58.845950] Buffer I/O error on dev sda1, logical block 65536, lost sync page write
[   58.853714] JBD2: Error -5 detected when updating journal superblock for sda1-8.
root@salvator-x:~# 
 
#### Result: OK ####
