

----------Item 6----------


Pull out USB device at CN9


Press any button to continue

[  103.749138] usb 9-1: USB disconnect, device number 2

Please press switch to restart board 

[F 00:00:120
[F 00:00:119
[F 00:00:118
[F 00:00:117
[F 00:00:116
[F 00:00:115
[F 00:00:114
[F 00:00:113
[F 00:00:112
[F 00:00:111
[F 00:00:110
[F 00:00:109
[F 00:00:108
[F 00:00:107
[F 00:00:106
[F 00:00:105
[F 00:00:104
[F 00:00:103
[F 00:00:102
NOTICE:  BL2: R-Car Gen3 Initial Program Loader(CA57) Rev.4.0.0
NOTICE:  BL2: PRR is R-Car H3 Ver.3.0
NOTICE:  BL2: Board is Salvator-XS Rev.1.0
NOTICE:  BL2: Boot device is HyperFlash(160MHz)
NOTICE:  BL2: LCM state is CM
NOTICE:  AVS setting succeeded. DVFS_SetVID=0x53
NOTICE:  BL2: DDR3200(rev.0.42)
NOTICE:  BL2: [COLD_BOOT]
NOTICE:  BL2: DRAM Split is 4ch(DDR f)
NOTICE:  BL2: QoS is default setting(rev.0.11)
NOTICE:  BL2: DRAM refresh interval 1.95 usec
NOTICE:  BL2: Periodic Write DQ Training
NOTICE:  BL2: CH0: 400000000 - 47fffffff, 2 GiB
NOTICE:  BL2: CH1: 500000000 - 57fffffff, 2 GiB
NOTICE:  BL2: CH2: 600000000 - 67fffffff, 2 GiB
NOTICE:  BL2: CH3: 700000000 - 77fffffff, 2 GiB
NOTICE:  BL2: Lossy Decomp areas
NOTICE:       Entry 0: DCMPAREACRAx:0x80000540 DCMPAREACRBx:0x570
NOTICE:       Entry 1: DCMPAREACRAx:0x40000000 DCMPAREACRBx:0x0
NOTICE:       Entry 2: DCMPAREACRAx:0x20000000 DCMPAREACRBx:0x0
NOTICE:  BL2: FDT at 0xe6327f70
NOTICE:  BL2: v2.9(release):9cdb21f75
NOTICE:  BL2: Built : 05:25:39, Dec 19 2023
NOTICE:  BL2: Normal boot
NOTICE:  BL2: dst=0xe6327800 src=0x8180000 len=512(0x200)
NOTICE:  BL2: dst=0x43f00000 src=0x8180400 len=6144(0x1800)
NOTICE:  rcar_file_len: len: 0x0003e000
NOTICE:  BL2: dst=0x44000000 src=0x81c0000 len=253952(0x3e000)
NOTICE:  rcar_file_len: len: 0x00200000
NOTICE:  BL2: dst=0x44100000 src=0x8200000 len=2097152(0x200000)
NOTICE:  rcar_file_len: len: 0x00100000
NOTICE:  BL2: dst=0x50000000 src=0x8640000 len=1048576(0x100000)
NOTICE:  BL2: Booting BL31


U-Boot 2020.10 (Dec 19 2023 - 14:30:40 +0000)

CPU: Renesas Electronics R8A7795 rev 3.0
Model: Renesas Salvator-X 2nd version board based on r8a77951
DRAM:  7.9 GiB
RAM Configuration:
Bank #0: 0x048000000 - 0x0bfffffff, 1.9 GiB
Bank #1: 0x500000000 - 0x57fffffff, 2 GiB
Bank #2: 0x600000000 - 0x67fffffff, 2 GiB
Bank #3: 0x700000000 - 0x77fffffff, 2 GiB

MMC:   sd@ee100000: 0, sd@ee140000: 1, sd@ee160000: 2
Loading Environment from MMC... OK
In:    serial@e6e88000
Out:   serial@e6e88000
Err:   serial@e6e88000
Net:   eth0: ethernet@e6800000
Hit any key to stop autoboot:  2  1  0 
ethernet@e6800000 Waiting for PHY auto negotiation to complete......... done
Using ethernet@e6800000 device
TFTP from server 192.168.10.99; our IP address is 192.168.10.167
Filename 'traivo/H3/rootfs/boot_USB2H/Image'.
Load address: 0x48080000
Loading: *#################################################################
	 #################################################################
	 #################################################################
	 #################################################################
	 #################################################################
	 #################################################################
	 #################################################################
	 #################################################################
	 #################################################################
	 #################################################################
	 #################################################################
	 #################################################################
	 #################################################################
	 #################################################################
	 #################################################################
	 #################################################################
	 #################################################################
	 #################################################################
	 #################################################################
	 #################################################################
	 #################################################################
	 #################################################################
	 #################################################################
	 #################################################################
	 #################################################################
	 #################################################################
	 #################################################################
	 #################################################################
	 #################################################################
	 #################################################################
	 #################################################################
	 #################################################################
	 #################################################################
	 #################################################################
	 ################################################################
	 4.5 MiB/s
done
Bytes transferred = 33376768 (1fd4a00 hex)
Using ethernet@e6800000 device
TFTP from server 192.168.10.99; our IP address is 192.168.10.167
Filename 'traivo/H3/rootfs/boot_USB2H/r8a77951-salvator-xs.dtb'.
Load address: 0x48000000
Loading: *#######
	 7.2 MiB/s
done
Bytes transferred = 90876 (162fc hex)
Moving Image from 0x48080000 to 0x48200000, end=4a260000
## Flattened Device Tree blob at 48000000
   Booting using the fdt blob at 0x48000000
   Loading Device Tree to 0000000053fe6000, end 0000000053fff2fb ... OK

Starting kernel ...

[    0.000000] Booting Linux on physical CPU 0x0000000000 [0x411fd073]
[    0.000000] Linux version 5.10.194-yocto-standard (thuan.nguyen-hong@banvien) (aarch64-poky-linux-gcc (GCC) 9.3.0, GNU ld (GNU Binutils) 2.34.0.20200220) #10 SMP PREEMPT Mon Feb 19 03:51:05 UTC 2024
[    0.000000] Machine model: Renesas Salvator-X 2nd version board based on r8a77951
[    0.000000] efi: UEFI not found.
[    0.000000] Reserved memory: created CMA memory pool at 0x0000000057000000, size 16 MiB
[    0.000000] OF: reserved mem: initialized node linux,adsp@57000000, compatible id shared-dma-pool
[    0.000000] Reserved memory: created CMA memory pool at 0x0000000058000000, size 384 MiB
[    0.000000] OF: reserved mem: initialized node linux,cma@58000000, compatible id shared-dma-pool
[    0.000000] Reserved memory: created CMA memory pool at 0x0000000070000000, size 256 MiB
[    0.000000] OF: reserved mem: initialized node linux,multimedia@70000000, compatible id shared-dma-pool
[    0.000000] NUMA: No NUMA configuration found
[    0.000000] NUMA: Faking a node at [mem 0x0000000048000000-0x000000077fffffff]
[    0.000000] NUMA: NODE_DATA [mem 0x77efdab00-0x77efdcfff]
[    0.000000] Zone ranges:
[    0.000000]   DMA      [mem 0x0000000048000000-0x000000007fffffff]
[    0.000000]   DMA32    [mem 0x0000000080000000-0x00000000ffffffff]
[    0.000000]   Normal   [mem 0x0000000100000000-0x000000077fffffff]
[    0.000000] Movable zone start for each node
[    0.000000] Early memory node ranges
[    0.000000]   node   0: [mem 0x0000000048000000-0x0000000053ffffff]
[    0.000000]   node   0: [mem 0x0000000054000000-0x0000000056ffffff]
[    0.000000]   node   0: [mem 0x0000000057000000-0x00000000bfffffff]
[    0.000000]   node   0: [mem 0x0000000500000000-0x000000057fffffff]
[    0.000000]   node   0: [mem 0x0000000600000000-0x000000067fffffff]
[    0.000000]   node   0: [mem 0x0000000700000000-0x000000077fffffff]
[    0.000000] Initmem setup node 0 [mem 0x0000000048000000-0x000000077fffffff]
[    0.000000] psci: probing for conduit method from DT.
[    0.000000] psci: PSCIv1.1 detected in firmware.
[    0.000000] psci: Using standard PSCI v0.2 function IDs
[    0.000000] psci: Trusted OS resident on physical CPU 0x0
[    0.000000] psci: SMC Calling Convention v1.2
[    0.000000] percpu: Embedded 23 pages/cpu s56984 r8192 d29032 u94208
[    0.000000] Detected PIPT I-cache on CPU0
[    0.000000] CPU features: detected: EL2 vector hardening
[    0.000000] CPU features: detected: Spectre-v2
[    0.000000] CPU features: detected: ARM errata 1165522, 1319367, or 1530923
[    0.000000] CPU features: detected: Spectre-BHB
[    0.000000] CPU features: detected: ARM erratum 1742098
[    0.000000] Built 1 zonelists, mobility grouping on.  Total pages: 2032128
[    0.000000] Policy zone: Normal
[    0.000000] Kernel command line: rw root=/dev/nfs nfsroot=192.168.10.99:/data/tftpboot/traivo/H3/rootfs,nfsvers=4, ip=192.168.10.167
[    0.000000] Dentry cache hash table entries: 1048576 (order: 11, 8388608 bytes, linear)
[    0.000000] Inode-cache hash table entries: 524288 (order: 10, 4194304 bytes, linear)
[    0.000000] mem auto-init: stack:off, heap alloc:off, heap free:off
[    0.000000] software IO TLB: mapped [mem 0x000000004ffe6000-0x0000000053fe6000] (64MB)
[    0.000000] Memory: 7276840K/8257536K available (15232K kernel code, 2834K rwdata, 8240K rodata, 6144K init, 517K bss, 308952K reserved, 671744K cma-reserved)
[    0.000000] SLUB: HWalign=64, Order=0-3, MinObjects=0, CPUs=8, Nodes=1
[    0.000000] rcu: Preemptible hierarchical RCU implementation.
[    0.000000] rcu: 	RCU event tracing is enabled.
[    0.000000] rcu: 	RCU restricting CPUs from NR_CPUS=256 to nr_cpu_ids=8.
[    0.000000] 	Trampoline variant of Tasks RCU enabled.
[    0.000000] rcu: RCU calculated value of scheduler-enlistment delay is 25 jiffies.
[    0.000000] rcu: Adjusting geometry for rcu_fanout_leaf=16, nr_cpu_ids=8
[    0.000000] NR_IRQS: 64, nr_irqs: 64, preallocated irqs: 0
[    0.000000] arch_timer: cp15 timer(s) running at 8.32MHz (virt).
[    0.000000] clocksource: arch_sys_counter: mask: 0xffffffffffffff max_cycles: 0x1eb398c07, max_idle_ns: 440795202503 ns
[    0.000003] sched_clock: 56 bits at 8MHz, resolution 120ns, wraps every 2199023255503ns
[    0.000209] Console: colour dummy device 80x25
[    0.000417] printk: console [tty0] enabled
[    0.000492] Calibrating delay loop (skipped), value calculated using timer frequency.. 16.64 BogoMIPS (lpj=33280)
[    0.000508] pid_max: default: 32768 minimum: 301
[    0.000566] LSM: Security Framework initializing
[    0.000653] Mount-cache hash table entries: 16384 (order: 5, 131072 bytes, linear)
[    0.000704] Mountpoint-cache hash table entries: 16384 (order: 5, 131072 bytes, linear)
[    0.002151] rcu: Hierarchical SRCU implementation.
[    0.003736] Detected Renesas R-Car Gen3 r8a7795 ES3.0
[    0.005877] EFI services will not be available.
[    0.006212] smp: Bringing up secondary CPUs ...
[    0.006670] Detected PIPT I-cache on CPU1
[    0.006716] CPU1: Booted secondary processor 0x0000000001 [0x411fd073]
[    0.007205] Detected PIPT I-cache on CPU2
[    0.007229] CPU2: Booted secondary processor 0x0000000002 [0x411fd073]
[    0.007652] Detected PIPT I-cache on CPU3
[    0.007676] CPU3: Booted secondary processor 0x0000000003 [0x411fd073]
[    0.008148] CPU features: detected: ARM erratum 845719
[    0.008161] Detected VIPT I-cache on CPU4
[    0.008206] CPU4: Booted secondary processor 0x0000000100 [0x410fd034]
[    0.008683] Detected VIPT I-cache on CPU5
[    0.008711] CPU5: Booted secondary processor 0x0000000101 [0x410fd034]
[    0.009146] Detected VIPT I-cache on CPU6
[    0.009173] CPU6: Booted secondary processor 0x0000000102 [0x410fd034]
[    0.009608] Detected VIPT I-cache on CPU7
[    0.009636] CPU7: Booted secondary processor 0x0000000103 [0x410fd034]
[    0.009713] smp: Brought up 1 node, 8 CPUs
[    0.009775] SMP: Total of 8 processors activated.
[    0.009783] CPU features: detected: 32-bit EL0 Support
[    0.009790] CPU features: detected: CRC32 instructions
[    0.009798] CPU features: detected: 32-bit EL1 Support
[    0.023002] CPU: All CPU(s) started at EL1
[    0.023055] alternatives: patching kernel code
[    0.024214] devtmpfs: initialized
[    0.031009] KASLR disabled due to lack of seed
[    0.031157] clocksource: jiffies: mask: 0xffffffff max_cycles: 0xffffffff, max_idle_ns: 7645041785100000 ns
[    0.031178] futex hash table entries: 2048 (order: 5, 131072 bytes, linear)
[    0.039812] pinctrl core: initialized pinctrl subsystem
[    0.041309] DMI not present or invalid.
[    0.041810] NET: Registered protocol family 16
[    0.042747] DMA: preallocated 1024 KiB GFP_KERNEL pool for atomic allocations
[    0.042942] DMA: preallocated 1024 KiB GFP_KERNEL|GFP_DMA pool for atomic allocations
[    0.043231] DMA: preallocated 1024 KiB GFP_KERNEL|GFP_DMA32 pool for atomic allocations
[    0.043271] audit: initializing netlink subsys (disabled)
[    0.043458] audit: type=2000 audit(0.040:1): state=initialized audit_enabled=0 res=1
[    0.044618] thermal_sys: Registered thermal governor 'power_allocator'
[    0.045134] cpuidle: using governor menu
[    0.045301] hw-breakpoint: found 6 breakpoint and 4 watchpoint registers.
[    0.045424] ASID allocator initialised with 65536 entries
[    0.046717] Serial: AMBA PL011 UART driver
[    0.089561] sh-pfc e6060000.pinctrl: r8a77951_pfc support registered
[    0.104297] HugeTLB registered 1.00 GiB page size, pre-allocated 0 pages
[    0.104310] HugeTLB registered 32.0 MiB page size, pre-allocated 0 pages
[    0.104318] HugeTLB registered 2.00 MiB page size, pre-allocated 0 pages
[    0.104325] HugeTLB registered 64.0 KiB page size, pre-allocated 0 pages
[    0.105288] cryptd: max_cpu_qlen set to 1000
[    0.107541] ACPI: Interpreter disabled.
[    0.111356] rcar-avs: use avs value: 0
[    0.111381] rcar-avs: cpu@0 is running with: opp_table0
[    0.111390] rcar-avs: cpu@1 is running with: opp_table0
[    0.111400] rcar-avs: cpu@2 is running with: opp_table0
[    0.111409] rcar-avs: cpu@3 is running with: opp_table0
[    0.111494] rcar-avs: gsx@fd000000 is running with: gsx_opp_table0
[    0.112906] iommu: Default domain type: Translated 
[    0.113469] ipmmu-vmsa e67b0000.iommu: IPMMU context 0 is reserved
[    0.114453] vgaarb: loaded
[    0.114647] SCSI subsystem initialized
[    0.114903] usbcore: registered new interface driver usbfs
[    0.114933] usbcore: registered new interface driver hub
[    0.114960] usbcore: registered new device driver usb
[    0.118505] i2c-sh_mobile e60b0000.i2c: I2C adapter 7, bus speed 400000 Hz
[    0.119043] mc: Linux media interface: v0.10
[    0.119065] videodev: Linux video capture interface: v2.00
[    0.119111] pps_core: LinuxPPS API ver. 1 registered
[    0.119119] pps_core: Software ver. 5.3.6 - Copyright 2005-2007 Rodolfo Giometti <giometti@linux.it>
[    0.119133] PTP clock support registered
[    0.119305] EDAC MC: Ver: 3.0.0
[    0.121458] FPGA manager framework
[    0.121516] Advanced Linux Sound Architecture Driver Initialized.
[    0.122085] clocksource: Switched to clocksource arch_sys_counter
[    0.122214] VFS: Disk quotas dquot_6.6.0
[    0.122254] VFS: Dquot-cache hash table entries: 512 (order 0, 4096 bytes)
[    0.122382] pnp: PnP ACPI: disabled
[    0.125847] NET: Registered protocol family 2
[    0.126274] IP idents hash table entries: 131072 (order: 8, 1048576 bytes, linear)
[    0.128530] tcp_listen_portaddr_hash hash table entries: 4096 (order: 4, 65536 bytes, linear)
[    0.128607] TCP established hash table entries: 65536 (order: 7, 524288 bytes, linear)
[    0.128893] TCP bind hash table entries: 65536 (order: 8, 1048576 bytes, linear)
[    0.129478] TCP: Hash tables configured (established 65536 bind 65536)
[    0.129602] UDP hash table entries: 4096 (order: 5, 131072 bytes, linear)
[    0.129716] UDP-Lite hash table entries: 4096 (order: 5, 131072 bytes, linear)
[    0.129935] NET: Registered protocol family 1
[    0.130306] RPC: Registered named UNIX socket transport module.
[    0.130316] RPC: Registered udp transport module.
[    0.130322] RPC: Registered tcp transport module.
[    0.130328] RPC: Registered tcp NFSv4.1 backchannel transport module.
[    0.130341] PCI: CLS 0 bytes, default 64
[    0.131265] hw perfevents: enabled with armv8_cortex_a53 PMU driver, 7 counters available
[    0.131532] hw perfevents: enabled with armv8_cortex_a57 PMU driver, 7 counters available
[    0.132093] kvm [1]: HYP mode not available
[    0.134880] Initialise system trusted keyrings
[    0.135016] workingset: timestamp_bits=42 max_order=21 bucket_order=0
[    0.138098] squashfs: version 4.0 (2009/01/31) Phillip Lougher
[    0.138495] NFS: Registering the id_resolver key type
[    0.138527] Key type id_resolver registered
[    0.138534] Key type id_legacy registered
[    0.138592] nfs4filelayout_init: NFSv4 File Layout Driver Registering...
[    0.138602] nfs4flexfilelayout_init: NFSv4 Flexfile Layout Driver Registering...
[    0.138719] 9p: Installing v9fs 9p2000 file system support
[    0.164447] Key type asymmetric registered
[    0.164458] Asymmetric key parser 'x509' registered
[    0.164490] Block layer SCSI generic (bsg) driver version 0.4 loaded (major 243)
[    0.164501] io scheduler mq-deadline registered
[    0.164510] io scheduler kyber registered
[    0.180604] gpio_rcar e6050000.gpio: driving 16 GPIOs
[    0.180943] gpio_rcar e6051000.gpio: driving 29 GPIOs
[    0.181221] gpio_rcar e6052000.gpio: driving 15 GPIOs
[    0.181492] gpio_rcar e6053000.gpio: driving 16 GPIOs
[    0.181760] gpio_rcar e6054000.gpio: driving 18 GPIOs
[    0.182029] gpio_rcar e6055000.gpio: driving 26 GPIOs
[    0.182333] gpio_rcar e6055400.gpio: driving 32 GPIOs
[    0.182593] gpio_rcar e6055800.gpio: driving 4 GPIOs
[    0.185492] rcar-pcie fe000000.pcie: host bridge /soc/pcie@fe000000 ranges:
[    0.185526] rcar-pcie fe000000.pcie:       IO 0x00fe100000..0x00fe1fffff -> 0x0000000000
[    0.185548] rcar-pcie fe000000.pcie:      MEM 0x00fe200000..0x00fe3fffff -> 0x00fe200000
[    0.185566] rcar-pcie fe000000.pcie:      MEM 0x0030000000..0x0037ffffff -> 0x0030000000
[    0.185580] rcar-pcie fe000000.pcie:      MEM 0x0038000000..0x003fffffff -> 0x0038000000
[    0.185597] rcar-pcie fe000000.pcie:   IB MEM 0x0040000000..0x007fffffff -> 0x0040000000
[    0.185644] rcar-pcie fe000000.pcie: no pcie3v3 regulator found
[    0.185655] rcar-pcie fe000000.pcie: no pcie1v8 regulator found
[    0.249797] rcar-pcie fe000000.pcie: PCIe link down
[    0.249977] rcar-pcie ee800000.pcie: host bridge /soc/pcie@ee800000 ranges:
[    0.250001] rcar-pcie ee800000.pcie:       IO 0x00ee900000..0x00ee9fffff -> 0x0000000000
[    0.250022] rcar-pcie ee800000.pcie:      MEM 0x00eea00000..0x00eebfffff -> 0x00eea00000
[    0.250040] rcar-pcie ee800000.pcie:      MEM 0x00c0000000..0x00c7ffffff -> 0x00c0000000
[    0.250054] rcar-pcie ee800000.pcie:      MEM 0x00c8000000..0x00cfffffff -> 0x00c8000000
[    0.250070] rcar-pcie ee800000.pcie:   IB MEM 0x0040000000..0x007fffffff -> 0x0040000000
[    0.250117] rcar-pcie ee800000.pcie: no pcie3v3 regulator found
[    0.250128] rcar-pcie ee800000.pcie: no pcie1v8 regulator found
[    0.410086] rcar-pcie ee800000.pcie: PCIe link down
[    0.412568] EINJ: ACPI disabled.
[    0.446570] Serial: 8250/16550 driver, 4 ports, IRQ sharing enabled
[    0.448982] SuperH (H)SCI(F) driver initialized
[    0.449416] e6550000.serial: ttySC1 at MMIO 0xe6550000 (irq = 42, base_baud = 0) is a hscif
[    0.450176] e6e88000.serial: ttySC0 at MMIO 0xe6e88000 (irq = 128, base_baud = 0) is a scif
[    1.654900] printk: console [ttySC0] enabled
[    1.660327] msm_serial: driver initialized
[    1.670657] rcar-dw-hdmi fead0000.hdmi: Detected HDMI TX controller v2.01a with HDCP (DWC HDMI 2.0 TX PHY)
[    1.680563] rcar-dw-hdmi fead0000.hdmi: registered DesignWare HDMI I2C bus driver
[    1.688801] rcar-dw-hdmi feae0000.hdmi: Detected HDMI TX controller v2.01a with HDCP (DWC HDMI 2.0 TX PHY)
[    1.698651] rcar-dw-hdmi feae0000.hdmi: registered DesignWare HDMI I2C bus driver
[    1.714112] loop: module loaded
[    1.718691] megasas: 07.714.04.00-rc1
[    1.724411] scsi host0: sata_rcar
[    1.727890] ata1: SATA max UDMA/133 irq 181
[    1.737228] tun: Universal TUN/TAP device driver, 1.6
[    1.743176] thunder_xcv, ver 1.0
[    1.746430] thunder_bgx, ver 1.0
[    1.749674] nicpf, ver 1.0
[    1.753796] hclge is initializing
[    1.757130] hns3: Hisilicon Ethernet Network Driver for Hip08 Family - version
[    1.764352] hns3: Copyright (c) 2017 Huawei Corporation.
[    1.769687] e1000: Intel(R) PRO/1000 Network Driver
[    1.774565] e1000: Copyright (c) 1999-2006 Intel Corporation.
[    1.780335] e1000e: Intel(R) PRO/1000 Network Driver
[    1.785299] e1000e: Copyright(c) 1999 - 2015 Intel Corporation.
[    1.791240] igb: Intel(R) Gigabit Ethernet Network Driver
[    1.796644] igb: Copyright (c) 2007-2014 Intel Corporation.
[    1.802231] igbvf: Intel(R) Gigabit Virtual Function Network Driver
[    1.808498] igbvf: Copyright (c) 2009 - 2012 Intel Corporation.
[    1.814835] sky2: driver version 1.30
[    1.822414] ravb e6800000.ethernet eth0: Base address at 0xe6800000, 2e:09:0a:02:ec:37, IRQ 125.
[    1.832594] VFIO - User Level meta-driver version: 0.3
[    1.839770] ehci_hcd: USB 2.0 'Enhanced' Host Controller (EHCI) Driver
[    1.846307] ehci-pci: EHCI PCI platform driver
[    1.850767] ehci-platform: EHCI generic platform driver
[    1.856381] ehci-platform ee0a0100.usb: EHCI Host Controller
[    1.862062] ehci-platform ee0a0100.usb: new USB bus registered, assigned bus number 1
[    1.869967] ehci-platform ee0a0100.usb: irq 175, io mem 0xee0a0100
[    1.890095] ehci-platform ee0a0100.usb: USB 2.0 started, EHCI 1.10
[    1.896630] hub 1-0:1.0: USB hub found
[    1.900402] hub 1-0:1.0: 1 port detected
[    1.904812] ehci-platform ee0c0100.usb: EHCI Host Controller
[    1.910504] ehci-platform ee0c0100.usb: new USB bus registered, assigned bus number 2
[    1.918410] ehci-platform ee0c0100.usb: irq 176, io mem 0xee0c0100
[    1.938091] ehci-platform ee0c0100.usb: USB 2.0 started, EHCI 1.10
[    1.944543] hub 2-0:1.0: USB hub found
[    1.948313] hub 2-0:1.0: 1 port detected
[    1.978129] ehci-platform ee0e0100.usb: EHCI Host Controller
[    1.983804] ehci-platform ee0e0100.usb: new USB bus registered, assigned bus number 3
[    1.991672] ehci-platform ee0e0100.usb: irq 177, io mem 0xee0e0100
[    2.010092] ehci-platform ee0e0100.usb: USB 2.0 started, EHCI 1.10
[    2.016537] hub 3-0:1.0: USB hub found
[    2.020305] hub 3-0:1.0: 1 port detected
[    2.024670] ehci-orion: EHCI orion driver
[    2.028930] ehci-exynos: EHCI Exynos driver
[    2.033233] ohci_hcd: USB 1.1 'Open' Host Controller (OHCI) Driver
[    2.039431] ohci-pci: OHCI PCI platform driver
[    2.043915] ohci-platform: OHCI generic platform driver
[    2.049446] ohci-platform ee0a0000.usb: Generic Platform OHCI controller
[    2.056165] ohci-platform ee0a0000.usb: new USB bus registered, assigned bus number 4
[    2.064042] ohci-platform ee0a0000.usb: irq 175, io mem 0xee0a0000
[    2.146100] ata1: link resume succeeded after 1 retries
[    2.160357] hub 4-0:1.0: USB hub found
[    2.164127] hub 4-0:1.0: 1 port detected
[    2.168455] ohci-platform ee0c0000.usb: Generic Platform OHCI controller
[    2.175172] ohci-platform ee0c0000.usb: new USB bus registered, assigned bus number 5
[    2.183058] ohci-platform ee0c0000.usb: irq 176, io mem 0xee0c0000
[    2.257614] ata1: SATA link down (SStatus 0 SControl 300)
[    2.276347] hub 5-0:1.0: USB hub found
[    2.280116] hub 5-0:1.0: 1 port detected
[    2.284433] ohci-platform ee0e0000.usb: Generic Platform OHCI controller
[    2.291145] ohci-platform ee0e0000.usb: new USB bus registered, assigned bus number 6
[    2.299016] ohci-platform ee0e0000.usb: irq 177, io mem 0xee0e0000
[    2.392374] hub 6-0:1.0: USB hub found
[    2.396140] hub 6-0:1.0: 1 port detected
[    2.400481] ohci-exynos: OHCI Exynos driver
[    2.405335] xhci-hcd ee000000.usb: xHCI Host Controller
[    2.410574] xhci-hcd ee000000.usb: new USB bus registered, assigned bus number 7
[    2.433833] xhci-hcd ee000000.usb: hcc params 0x014051ce hci version 0x100 quirks 0x0000000000830410
[    2.443001] xhci-hcd ee000000.usb: irq 172, io mem 0xee000000
[    2.448862] xhci-hcd ee000000.usb: xHCI Host Controller
[    2.454094] xhci-hcd ee000000.usb: new USB bus registered, assigned bus number 8
[    2.461497] xhci-hcd ee000000.usb: Host supports USB 3.0 SuperSpeed
[    2.468057] hub 7-0:1.0: USB hub found
[    2.471826] hub 7-0:1.0: 1 port detected
[    2.475917] usb usb8: We don't know the algorithms for LPM for this host, disabling LPM.
[    2.484284] hub 8-0:1.0: USB hub found
[    2.488055] hub 8-0:1.0: 1 port detected
[    2.492846] usbcore: registered new interface driver usb-storage
[    2.500528] renesas_usbhs e6590000.usb: host probed
[    2.505418] renesas_usbhs e6590000.usb: no transceiver found
[    2.511144] renesas_usbhs e6590000.usb: gadget probed
[    2.516361] renesas_usbhs e6590000.usb: probed
[    2.521246] renesas_usbhs e659c000.usb: host probed
[    2.526139] renesas_usbhs e659c000.usb: no transceiver found
[    2.531852] renesas_usbhs e659c000.usb: gadget probed
[    2.537042] renesas_usbhs e659c000.usb: probed
[    2.543951] i2c /dev entries driver
[    2.558478] cs2000-cp 2-004f: revision - C1
[    2.562720] i2c-rcar e6510000.i2c: probed
[    2.567559] pca953x 4-0020: supply vcc not found, using dummy regulator
[    2.574257] pca953x 4-0020: using no AI
[    2.578900] gpio-355 (PCIE/SATA switch): hogged as output/low
[    2.591170] i2c-rcar e66d8000.i2c: probed
[    2.596463] adv748x 4-0070: Endpoint /soc/i2c@e66d8000/video-receiver@70/port@7/endpoint on port 7
[    2.605445] adv748x 4-0070: Endpoint /soc/i2c@e66d8000/video-receiver@70/port@8/endpoint on port 8
[    2.614416] adv748x 4-0070: Endpoint /soc/i2c@e66d8000/video-receiver@70/port@a/endpoint on port 10
[    2.623479] adv748x 4-0070: Endpoint /soc/i2c@e66d8000/video-receiver@70/port@b/endpoint on port 11
[    2.632883] adv748x 4-0070: chip found @ 0xe0 revision 2143
[    2.686458] rcar-csi2 fea80000.csi2: 1 lanes found
[    2.691595] rcar-csi2 feaa0000.csi2: 4 lanes found
[    2.701192] rcar-vin e6ef0000.video: Device registered as video0
[    2.707272] rcar-vin e6ef1000.video: Device registered as video1
[    2.713339] rcar-vin e6ef2000.video: Device registered as video2
[    2.719413] rcar-vin e6ef3000.video: Device registered as video3
[    2.725479] rcar-vin e6ef4000.video: Device registered as video4
[    2.731552] rcar-vin e6ef5000.video: Device registered as video5
[    2.737629] rcar-vin e6ef6000.video: Device registered as video6
[    2.743757] rcar-vin e6ef7000.video: Device registered as video7
[    2.752501] rcar_gen3_thermal e6198000.thermal: is using pseudo fixed FUSE values
[    2.764740] rcar_gen3_thermal e6198000.thermal: TSC0: Loaded 1 trip points
[    2.776006] rcar_gen3_thermal e6198000.thermal: TSC1: Loaded 1 trip points
[    2.787332] rcar_gen3_thermal e6198000.thermal: TSC2: Loaded 3 trip points
[    2.799390] sdhci: Secure Digital Host Controller Interface driver
[    2.805584] sdhci: Copyright(c) Pierre Ossman
[    2.810797] Synopsys Designware Multimedia Card Interface Driver
[    2.811080] renesas_sdhi_internal_dmac ee100000.mmc: Got CD GPIO
[    2.811409] renesas_sdhi_internal_dmac ee140000.mmc: Adding to iommu group 0
[    2.811450] renesas_sdhi_internal_dmac ee140000.mmc: Using IPMMU context 1
[    2.811491] renesas_sdhi_internal_dmac ee160000.mmc: Got CD GPIO
[    2.811518] renesas_sdhi_internal_dmac ee160000.mmc: Got WP GPIO
[    2.818155] sdhci-pltfm: SDHCI platform and OF driver helper
[    2.822843] renesas_sdhi_internal_dmac ee100000.mmc: Got WP GPIO
[    2.860783] renesas_sdhi_internal_dmac ee140000.mmc: mmc0 base at 0x00000000ee140000, max clock rate 200 MHz
[    2.860812] ledtrig-cpu: registered to indicate activity on CPUs
[    2.877599] SMCCC: SOC_ID: ARCH_SOC_ID not implemented, skipping ....
[    2.884632] usbcore: registered new interface driver usbhid
[    2.890213] usbhid: USB HID core driver
[    2.897819] optee: probing for conduit method.
[    2.902360] optee: revision 3.22 (314ecf9d)
[    2.902703] optee driver R-Car Rev.1.0.11
[    2.911313] optee: dynamic shared memory is enabled
[    2.916461] optee: initialized driver
[    2.933718] rcar_sound ec500000.sound: probed
[    2.938783] NET: Registered protocol family 17
[    2.943418] 9pnet: Installing 9P2000 support
[    2.946382] mmc0: new HS400 MMC card at address 0001
[    2.947750] Key type dns_resolver registered
[    2.953537] mmcblk0: mmc0:0001 BGSD3R 29.1 GiB 
[    2.957285] registered taskstats version 1
[    2.961827] mmcblk0boot0: mmc0:0001 BGSD3R partition 1 16.0 MiB
[    2.965655] Loading compiled-in X.509 certificates
[    2.971852] mmcblk0boot1: mmc0:0001 BGSD3R partition 2 16.0 MiB
[    2.982405] mmcblk0rpmb: mmc0:0001 BGSD3R partition 3 4.00 MiB, chardev (509:0)
[    2.986331] thermal emergency: set temperature to 110 celsius
[    2.991958]  mmcblk0: p1
[    2.995724] thermal emergency: shutdown target cpus 1-7
[    3.003243] thermal emergency: freq scaled target cpus 0
[    3.008877] renesas_irqc e61c0000.interrupt-controller: driving 6 irqs
[    3.062105] ehci-platform ee080100.usb: EHCI Host Controller
[    3.067798] ehci-platform ee080100.usb: new USB bus registered, assigned bus number 9
[    3.075682] ehci-platform ee080100.usb: irq 174, io mem 0xee080100
[    3.094097] ehci-platform ee080100.usb: USB 2.0 started, EHCI 1.10
[    3.100731] hub 9-0:1.0: USB hub found
[    3.104502] hub 9-0:1.0: 1 port detected
[    3.109488] ohci-platform ee080000.usb: Generic Platform OHCI controller
[    3.116214] ohci-platform ee080000.usb: new USB bus registered, assigned bus number 10
[    3.124187] ohci-platform ee080000.usb: irq 174, io mem 0xee080000
[    3.220627] hub 10-0:1.0: USB hub found
[    3.224486] hub 10-0:1.0: 1 port detected
[    3.229706] cpu cpu0: EM: created perf domain
[    3.234710] cpu cpu4: EM: created perf domain
[    3.244783] renesas_sdhi_internal_dmac ee100000.mmc: Got CD GPIO
[    3.244810] renesas_sdhi_internal_dmac ee160000.mmc: Got CD GPIO
[    3.247260] [drm] Initialized rcar-du 1.0.0 20130110 for feb00000.display on minor 0
[    3.247264] [drm] Device feb00000.display probed
[    3.250855] renesas_sdhi_internal_dmac ee100000.mmc: Got WP GPIO
[    3.256917] renesas_sdhi_internal_dmac ee160000.mmc: Got WP GPIO
[    3.312851] renesas_sdhi_internal_dmac ee100000.mmc: mmc1 base at 0x00000000ee100000, max clock rate 200 MHz
[    3.319042] Console: switching to colour frame buffer device 128x48
[    3.326640] renesas_sdhi_internal_dmac ee160000.mmc: mmc2 base at 0x00000000ee160000, max clock rate 200 MHz
[    3.363981] rcar-du feb00000.display: [drm] fb0: rcar-dudrmfb frame buffer device
[    3.376283] input: keys as /devices/platform/keys/input/input0
[    3.457706] Micrel KSZ9031 Gigabit PHY e6800000.ethernet-ffffffff:00: attached PHY driver [Micrel KSZ9031 Gigabit PHY] (mii_bus:phy_addr=e6800000.ethernet-ffffffff:00, irq=183)
[   10.007499] ravb e6800000.ethernet eth0: Link is Up - 1Gbps/Full - flow control off
[   10.034146] IP-Config: Guessing netmask 255.255.255.0
[   10.039306] IP-Config: Complete:
[   10.042617]      device=eth0, hwaddr=2e:09:0a:02:ec:37, ipaddr=192.168.10.167, mask=255.255.255.0, gw=255.255.255.255
[   10.053431]      host=192.168.10.167, domain=, nis-domain=(none)
[   10.059560]      bootserver=255.255.255.255, rootserver=192.168.10.99, rootpath=
[   10.060181] ALSA device list:
[   10.070823]   No soundcards found.
[   11.130064] VFS: Mounted root (nfs4 filesystem) on device 0:22.
[   11.137202] devtmpfs: mounted
[   11.144009] Freeing unused kernel memory: 6144K
[   11.162242] Run /sbin/init as init process
[   11.323311] systemd[1]: System time before build time, advancing clock.
[   11.667121] NET: Registered protocol family 10
[   11.675407] Segment Routing with IPv6
[   11.700054] systemd[1]: systemd 244 running in system mode. (+PAM -AUDIT -SELINUX +IMA -APPARMOR -SMACK +SYSVINIT +UTMP -LIBCRYPTSETUP -GCRYPT -GNUTLS +ACL +XZ -LZ4 -SECCOMP +BLKID -ELFUTILS +KMOD -IDN2 -IDN -PCRE2 default-hierarchy=hybrid)
[   11.727620] systemd[1]: Detected architecture arm64.

Welcome to [1mPoky (Yocto Project Reference Distro) 3.1.11 (dunfell)[0m!

[   11.760110] systemd[1]: Set hostname to <salvator-x>.
[   12.524840] random: systemd: uninitialized urandom read (16 bytes read)
[   12.536173] systemd[1]: system-getty.slice: unit configures an IP firewall, but the local system does not support BPF/cgroup firewalling.
[   12.557196] systemd[1]: (This warning is only shown for the first unit using IP firewalling.)
[   12.571741] systemd[1]: Created slice system-getty.slice.
[[0;32m  OK  [0m] Created slice [0;1;39msystem-getty.slice[0m.
[   12.598263] random: systemd: uninitialized urandom read (16 bytes read)
[   12.607189] systemd[1]: Created slice system-serial\x2dgetty.slice.
[[0;32m  OK  [0m] Created slice [0;1;39msystem-serial\x2dgetty.slice[0m.
[   12.630215] random: systemd: uninitialized urandom read (16 bytes read)
[   12.638901] systemd[1]: Created slice User and Session Slice.
[[0;32m  OK  [0m] Created slice [0;1;39mUser and Session Slice[0m.
[   12.662415] systemd[1]: Started Dispatch Password Requests to Console Directory Watch.
[[0;32m  OK  [0m] Started [0;1;39mDispatch Password â€¦ts to Console Directory Watch[0m.
[   12.690527] systemd[1]: Started Forward Password Requests to Wall Directory Watch.
[[0;32m  OK  [0m] Started [0;1;39mForward Password Râ€¦uests to Wall Directory Watch[0m.
[   12.718379] systemd[1]: Reached target Paths.
[[0;32m  OK  [0m] Reached target [0;1;39mPaths[0m.
[   12.742304] systemd[1]: Reached target Remote File Systems.
[[0;32m  OK  [0m] Reached target [0;1;39mRemote File Systems[0m.
[   12.766273] systemd[1]: Reached target Slices.
[[0;32m  OK  [0m] Reached target [0;1;39mSlices[0m.
[   12.790286] systemd[1]: Reached target Swap.
[[0;32m  OK  [0m] Reached target [0;1;39mSwap[0m.
[   12.817208] systemd[1]: Listening on RPCbind Server Activation Socket.
[[0;32m  OK  [0m] Listening on [0;1;39mRPCbind Server Activation Socket[0m.
[   12.846378] systemd[1]: Reached target RPC Port Mapper.
[[0;32m  OK  [0m] Reached target [0;1;39mRPC Port Mapper[0m.
[   12.870677] systemd[1]: Listening on initctl Compatibility Named Pipe.
[[0;32m  OK  [0m] Listening on [0;1;39minitctl Compatibility Named Pipe[0m.
[   12.900194] systemd[1]: Listening on Journal Audit Socket.
[[0;32m  OK  [0m] Listening on [0;1;39mJournal Audit Socket[0m.
[   12.928110] systemd[1]: Listening on Journal Socket (/dev/log).
[[0;32m  OK  [0m] Listening on [0;1;39mJournal Socket (/dev/log)[0m.
[   12.954942] systemd[1]: Listening on Journal Socket.
[[0;32m  OK  [0m] Listening on [0;1;39mJournal Socket[0m.
[   12.980366] systemd[1]: Listening on Network Service Netlink Socket.
[[0;32m  OK  [0m] Listening on [0;1;39mNetwork Service Netlink Socket[0m.
[   13.008956] systemd[1]: Listening on udev Control Socket.
[[0;32m  OK  [0m] Listening on [0;1;39mudev Control Socket[0m.
[   13.034763] systemd[1]: Listening on udev Kernel Socket.
[[0;32m  OK  [0m] Listening on [0;1;39mudev Kernel Socket[0m.
[   13.063740] systemd[1]: Mounting Huge Pages File System...
         Mounting [0;1;39mHuge Pages File System[0m...
[   13.091543] systemd[1]: Mounting POSIX Message Queue File System...
         Mounting [0;1;39mPOSIX Message Queue File System[0m...
[   13.123453] systemd[1]: Mounting Kernel Debug File System...
         Mounting [0;1;39mKernel Debug File System[0m...
[   13.154410] systemd[1]: Mounting Temporary Directory (/tmp)...
         Mounting [0;1;39mTemporary Directory (/tmp)[0m...
[   13.184506] systemd[1]: Starting Create list of static device nodes for the current kernel...
         Starting [0;1;39mCreate list of stâ€¦odes for the current kernel[0m...
[   13.219358] systemd[1]: Starting Start psplash boot splash screen...
         Starting [0;1;39mStart psplash boot splash screen[0m...
[   13.252921] systemd[1]: Starting RPC Bind...
         Starting [0;1;39mRPC Bind[0m...
[   13.275662] systemd[1]: Condition check resulted in File System Check on Root Device being skipped.
[   13.290994] systemd[1]: Starting Journal Service...
         Starting [0;1;39mJournal Service[0m...
[   13.317610] systemd[1]: Starting Load Kernel Modules...
         Starting [0;1;39mLoad Kernel Modules[0m...
[   13.343687] systemd[1]: Starting Remount Root and Kernel File Systems...
         Starting [0;1;39mRemount Root and Kernel File Systems[0m...
[   13.358122] random: crng init done
[   13.361538] random: 26 urandom warning(s) missed due to ratelimiting
[   13.382398] systemd[1]: Starting udev Coldplug all Devices...
         Starting [0;1;39mudev Coldplug all Devices[0m...
[   13.407264] systemd[1]: Started Start psplash boot splash screen.
[[0;32m  OK  [0m] Started [0;1;39mStart psplash boot splash screen[0m.
[   13.430821] systemd[1]: Started RPC Bind.
[[0;32m  OK  [0m] Started [0;1;39mRPC Bind[0m.
[   13.450838] systemd[1]: Started Journal Service.
[[0;32m  OK  [0m] Started [0;1;39mJournal Service[0m.
[[0;32m  OK  [0m] Mounted [0;1;39mHuge Pages File System[0m.
[[0;32m  OK  [0m] Mounted [0;1;39mPOSIX Message Queue File System[0m.
[[0;32m  OK  [0m] Mounted [0;1;39mKernel Debug File System[0m.
[[0;32m  OK  [0m] Mounted [0;1;39mTemporary Directory (/tmp)[0m.
[[0;32m  OK  [0m] Started [0;1;39mCreate list of staâ€¦ nodes for the current kernel[0m.
[[0;32m  OK  [0m] Started [0;1;39mLoad Kernel Modules[0m.
[[0;32m  OK  [0m] Started [0;1;39mRemount Root and Kernel File Systems[0m.
         Mounting [0;1;39mKernel Configuration File System[0m...
[[0;32m  OK  [0m] Started [0;1;39mStart psplash-systâ€¦progress communication helper[0m.
         Starting [0;1;39mFlush Journal to Persistent Storage[0m...
         Starting [0;1;39mApply Kernel Variables[0m...
[   13.689772] systemd-journald[334]: Received client request to flush runtime journal.
         Starting [0;1;39mCreate Static Device Nodes in /dev[0m...
[[0;32m  OK  [0m] Mounted [0;1;39mKernel Configuration File System[0m.
[[0;32m  OK  [0m] Started [0;1;39mFlush Journal to Persistent Storage[0m.
[[0;32m  OK  [0m] Started [0;1;39mApply Kernel Variables[0m.
[[0;32m  OK  [0m] Started [0;1;39mCreate Static Device Nodes in /dev[0m.
[[0;32m  OK  [0m] Reached target [0;1;39mLocal File Systems (Pre)[0m.
         Mounting [0;1;39m/var/volatile[0m...
         Starting [0;1;39mudev Kernel Device Manager[0m...
[[0;32m  OK  [0m] Started [0;1;39mudev Coldplug all Devices[0m.
[[0;32m  OK  [0m] Mounted [0;1;39m/var/volatile[0m.
         Starting [0;1;39mLoad/Save Random Seed[0m...
[[0;32m  OK  [0m] Reached target [0;1;39mLocal File Systems[0m.
         Starting [0;1;39mCreate Volatile Files and Directories[0m...
[[0;32m  OK  [0m] Started [0;1;39mLoad/Save Random Seed[0m.
[[0;32m  OK  [0m] Started [0;1;39mudev Kernel Device Manager[0m.
         Starting [0;1;39mNetwork Service[0m...
[[0;32m  OK  [0m] Started [0;1;39mCreate Volatile Files and Directories[0m.
[[0;32m  OK  [0m] Started [0;1;39mNetwork Service[0m.
         Starting [0;1;39mNetwork Name Resolution[0m...
         Starting [0;1;39mNetwork Time Synchronization[0m...
         Starting [0;1;39mUpdate UTMP about System Boot/Shutdown[0m...
[[0;32m  OK  [0m] Started [0;1;39mUpdate UTMP about System Boot/Shutdown[0m.
[   14.239274] pwm-backlight: probe of backlight failed with error -16
[[0;32m  OK  [0m] Started [0;1;39mNetwork Time Synchronization[0m.
[[0;32m  OK  [0m] Started [0;1;39mNetwork Name Resolution[0m.
[[0;32m  OK  [0m] Reached target [0;1[   14.335286] at24 7-0050: supply vcc not found, using dummy regulator
;39mNetwork[0m.
[   14.344078] at24 7-0050: 128 byte br24t01 EEPROM, writable, 8 bytes/write
[[0;32m  OK  [0m] Reached target [0;1;39mHost and Network Name Lookups[0m.
[[0;32m  OK  [0m] Reached target [0;1;39mSystem Initialization[0m.
[[0;32m  OK  [0m] Started [0;1;39mDaily Cleanup of Temporary Directories[0m.
[[0;32m  OK  [0m] Reached target [0;1;39mSystem Time Set[0m.
[[0;32m  OK  [0m] Reached target [0;1;39mSystem Time Synchronized[0m.
[[0;32m  OK  [0m] Reached target [0;1;39mTimers[0m.
[[0;32m  OK  [0m] Reached target [0;1;39mHardware activated USB gadget[0m.
[   14.454039] renesas_usb3 ee020000.usb: probed with phy
[   14.461740] ccree e6601000.crypto: ARM CryptoCell 630P Driver: HW version 0xAF400001/0xDCC63000, Driver version 5.0
[[0;32m  OK  [0m] Listening on [0;1;39mAvahi mDNS/DNS-SD Stack Activation Socket[0m.
[[0;32m  OK  [0m] Listening on [0;1;39mD-Bus System Message Bus Socket[0m.
[[0;32m  OK  [0m] Listening on [0;1;39mdropbear.socket[0m.
[   14.531345] ccree e6601000.crypto: ARM ccree device initialized
[[0;32m  OK  [0m] Reached target [0;1;39mSockets[0m.
[[0;32m  OK  [0m] Reached target [0;1;39mBasic System[0m.
         Starting [0;1;39mAvahi mDNS/DNS-SD Stack[0m...
[[0;32m  OK  [0m] Started [0;1;39mD-Bus System Message Bus[0m.
[[0;32m  OK  [0m] Started [0;1;39moptee services[0m.
         Starting [0;1;39mpvrinit.service[0m...
         Starting [0;1;39mPowerVR consumer services[0m...
         Starting [0;1;39mLogin Service[0m...
         Starting [0;1;39mPermit User Sessions[0m...
[[0;32m  OK  [0m] Started [0;1;39mXinetd A Powerful Replacement For Inetd[0m.
[[0;1;31mFAILED[0m] Failed to start [0;1;39mpvrinit.service[0m.
See 'systemctl status pvrinit.service' for details.
[[0;1;31mFAILED[0m] Failed to start [0;1;39mPowerVR consumer services[0m.
See 'systemctl status rc.pvr.service' for details.
[[0;32m  OK  [0m] Started [0;1;39mPermit User Sessions[0m.
[[0;32m  OK  [0m] Started [0;1;39mAvahi mDNS/DNS-SD Stack[0m.
[[0;32m  OK  [0m] Started [0;1;39mLogin Service[0m.
[[0;32m  OK  [0m] Created slice [0;1;39msystem-weston.slice[0m.
[[0;32m  OK  [0m] Started [0;1;39mGetty on tty1[0m.
         Starting [0;1;39mPowerVR consumer services[0m...
[[0;32m  OK  [0m] Started [0;1;39mSerial Getty on ttySC0[0m.
[[0;32m  OK  [0m] Reached target [0;1;39mLogin Prompts[0m.
         Starting [0;1;39mset_default_governor.service[0m...
[[0;1;31mFAILED[0m] Failed to start [0;1;39mPowerVR consumer services[0m.
See 'systemctl status rc.pvr.service' for details.
[   15.122314] rd 0-7: Disabling EAS, schedutil is mandatory
[[0;1;38;5;185mDEPEND[0m] Dependency failed for [0;1;39mWeston Wayland Compositor[0m.
[[0;32m  OK  [0m] Started [0;1;39mset_default_governor.service[0m.
[[0;32m  OK  [0m] Reached target [0;1;39mMulti-User System[0m.
         Starting [0;1;39mUpdate UTMP about System Runlevel Changes[0m...
[[0;32m  OK  [0m] Started [0;1;39mUpdate UTMP about System Runlevel Changes[0m.

Poky (Yocto Project Reference Distro) 3.1.11 salvator-x ttySC0

salvator-x login: 
salvator-x login: root
[   17.021279] audit: type=1006 audit(1703064537.692:2): pid=518 uid=0 old-auid=4294967295 auid=0 tty=(none) old-ses=4294967295 ses=1 res=1
7[r[999;999H[6n8root@salvator-x:~# 
root@salvator-x:~# 
root@salvator-x:~# 
root@salvator-x:~# 
root@salvator-x:~# 
root@salvator-x:~# 
root@salvator-x:~# 
root@salvator-x:~# 
root@salvator-x:~# 
Plug in USB device at CN9


Press any button to continue

[   41.950226] SDHI0 VccQ: disabling
[   41.953618] SDHI3 VccQ: disabling
[   76.998096] usb 9-1: new high-speed USB device number 2 using ehci-platform
[   77.167999] usb-storage 9-1:1.0: USB Mass Storage device detected
[   77.174705] scsi host1: usb-storage 9-1:1.0
[   78.208171] scsi 1:0:0:0: Direct-Access     Lexar    JD Secure II +   1100 PQ: 0 ANSI: 0 CCS
[   78.330183] sd 1:0:0:0: [sda] 1966080 512-byte logical blocks: (1.01 GB/960 MiB)
[   78.338829] sd 1:0:0:0: [sda] Write Protect is off
[   78.344713] sd 1:0:0:0: [sda] No Caching mode page found
[   78.350146] sd 1:0:0:0: [sda] Assuming drive cache: write through
[   78.383679]  sda: sda1
[   78.391103] sd 1:0:0:0: [sda] Attached SCSI removable disk

----------Prepare----------


root@salvator-x:~# find /sys/devices/platform/soc/ee080100.usb/ -name 'sd*'
/sys/devices/platform/soc/ee080100.usb/usb9/9-1/9-1:1.0/host1/target1:0:0/1:0:0:0/block/sda
/sys/devices/platform/soc/ee080100.usb/usb9/9-1/9-1:1.0/host1/target1:0:0/1:0:0:0/block/sda/sda1
root@salvator-x:~# 
root@salvator-x:~# dd if=/dev/urandom of=testdata bs=10M count=1
1+0 records in
1+0 records out
10485760 bytes (10 MB, 10 MiB) copied, 0.351194 s, 29.9 MB/s
root@salvator-x:~# 
root@salvator-x:~# mkdir -p /mnt/usb
root@salvator-x:~# 
root@salvator-x:~# mount /dev/sda1 /mnt/usb
[   83.858179] EXT4-fs (sda1): mounted filesystem with ordered data mode. Opts: (null)
root@salvator-x:~# 
root@salvator-x:~# cp testdata /mnt/usb/
root@salvator-x:~# 
root@salvator-x:~# umount /mnt/usb
root@salvator-x:~# 
Pull out USB device at CN9


Press any button to continue

[   91.756010] usb 9-1: USB disconnect, device number 2

root@salvator-x:~# i2cset -f -y 7 0x30 0x20 0x0f
root@salvator-x:~# 

Switch SW23 off and input 'yes' to continue:
Input 'yes' to continue: 

root@salvator-x:~# echo N > /sys/module/printk/parameters/console_suspend
root@salvator-x:~# 
root@salvator-x:~# echo mem > /sys/power/state
[  104.746376] PM: suspend entry (deep)
[  104.750255] Filesystems sync: 0.000 seconds
[  104.756522] Freezing user space processes ... (elapsed 0.002 seconds) done.
[  104.758575] OOM killer disabled.
[  104.758578] Freezing remaining freezable tasks ... (elapsed 0.001 seconds) done.
[  105.188000] ravb e6800000.ethernet eth0: Link is Down
[  105.202599] Disabling non-boot CPUs ...
[  105.207023] CPU1: shutdown
[  105.209735] psci: CPU1 killed (polled 0 ms)
[  105.215715] CPU2: shutdown
[  105.218443] psci: CPU2 killed (polled 0 ms)
[  105.224079] CPU3: shutdown
[  105.226811] psci: CPU3 killed (polled 0 ms)
[  105.232686] CPU4: shutdown
[  105.235446] psci: CPU4 killed (polled 0 ms)
[  105.241043] CPU5: shutdown
[  105.243768] psci: CPU5 killed (polled 0 ms)
[  105.249198] CPU6: shutdown
[  105.251923] psci: CPU6 killed (polled 0 ms)
[  105.257543] CPU7: shutdown
[  105.260291] psci: CPU7 killed (polled 0 ms)
 
Plug in USB device at CN9


Press any button to continue


 Switch power switch: 

NOTICE:  BL2: R-Car Gen3 Initial Program Loader(CA57) Rev.4.0.0
NOTICE:  BL2: PRR is R-Car H3 Ver.3.0
NOTICE:  BL2: Board is Salvator-XS Rev.1.0
NOTICE:  BL2: Boot device is HyperFlash(160MHz)
NOTICE:  BL2: LCM state is CM
NOTICE:  AVS setting succeeded. DVFS_SetVID=0x53
NOTICE:  BL2: DDR3200(rev.0.42)
NOTICE:  BL2: [WARM_BOOT]
NOTICE:  BL2: DRAM Split is 4ch(DDR f)
NOTICE:  BL2: QoS is default setting(rev.0.11)
NOTICE:  BL2: DRAM refresh interval 1.95 usec
NOTICE:  BL2: Periodic Write DQ Training
NOTICE:  BL2: CH0: 400000000 - 47fffffff, 2 GiB
NOTICE:  BL2: CH1: 500000000 - 57fffffff, 2 GiB
NOTICE:  BL2: CH2: 600000000 - 67fffffff, 2 GiB
NOTICE:  BL2: CH3: 700000000 - 77fffffff, 2 GiB
NOTICE:  BL2: Lossy Decomp areas
NOTICE:       Entry 0: DCMPAREACRAx:0x80000540 DCMPAREACRBx:0x570
NOTICE:       Entry 1: DCMPAREACRAx:0x40000000 DCMPAREACRBx:0x0
NOTICE:       Entry 2: DCMPAREACRAx:0x20000000 DCMPAREACRBx:0x0
NOTICE:  BL2: FDT at 0xe6327f70
NOTICE:  BL2: v2.9(release):9cdb21f75
NOTICE:  BL2: Built : 05:25:39, Dec 19 2023
NOTICE:  BL2: Normal boot
[  105.265523] Enabling non-boot CPUs ...
[  105.269610] Detected PIPT I-cache on CPU1
[  105.269664] CPU1: Booted secondary processor 0x0000000001 [0x411fd073]
[  105.270122] CPU1 is up
[  105.283148] Detected PIPT I-cache on CPU2
[  105.283170] CPU2: Booted secondary processor 0x0000000002 [0x411fd073]
[  105.283438] CPU2 is up
[  105.296454] Detected PIPT I-cache on CPU3
[  105.296477] CPU3: Booted secondary processor 0x0000000003 [0x411fd073]
[  105.296755] CPU3 is up
[  105.309826] Detected VIPT I-cache on CPU4
[  105.309878] CPU4: Booted secondary processor 0x0000000100 [0x410fd034]
[  105.310788] CPU4 is up
[  105.323802] Detected VIPT I-cache on CPU5
[  105.323836] CPU5: Booted secondary processor 0x0000000101 [0x410fd034]
[  105.324401] CPU5 is up
[  105.337399] Detected VIPT I-cache on CPU6
[  105.337431] CPU6: Booted secondary processor 0x0000000102 [0x410fd034]
[  105.338060] CPU6 is up
[  105.351070] Detected VIPT I-cache on CPU7
[  105.351103] CPU7: Booted secondary processor 0x0000000103 [0x410fd034]
[  105.351753] CPU7 is up
[  105.423053] xhci-hcd ee000000.usb: xHC error in resume, USBSTS 0x401, Reinit
[  105.430117] usb usb7: root hub lost power or was reset
[  105.435241] usb usb8: root hub lost power or was reset
[  105.456916] Micrel KSZ9031 Gigabit PHY e6800000.ethernet-ffffffff:00: attached PHY driver [Micrel KSZ9031 Gigabit PHY] (mii_bus:phy_addr=e6800000.ethernet-ffffffff:00, irq=183)
[  105.568072] usb usb4: root hub lost power or was reset
[  105.573350] usb usb1: root hub lost power or was reset
[  105.660181] usb usb5: root hub lost power or was reset
[  105.665352] usb usb2: root hub lost power or was reset
[  105.752182] usb usb6: root hub lost power or was reset
[  105.757349] usb usb3: root hub lost power or was reset
[  105.872198] usb usb10: root hub lost power or was reset
[  105.877550] usb usb9: root hub lost power or was reset
[  105.894157] ata1: link resume succeeded after 1 retries
[  106.005701] ata1: SATA link down (SStatus 0 SControl 300)
[  106.021018] OOM killer enabled.
[  106.024887] Restarting tasks ... done.
root@salvator-x:~# [  106.031132] PM: suspend exit
[  106.294071] usb 9-1: new high-speed USB device number 3 using ehci-platform
[  106.464807] usb-storage 9-1:1.0: USB Mass Storage device detected
[  106.471518] scsi host1: usb-storage 9-1:1.0
[  107.488566] scsi 1:0:0:0: Direct-Access     Lexar    JD Secure II +   1100 PQ: 0 ANSI: 0 CCS
[  107.612516] sd 1:0:0:0: [sda] 1966080 512-byte logical blocks: (1.01 GB/960 MiB)
[  107.621065] sd 1:0:0:0: [sda] Write Protect is off
[  107.627016] sd 1:0:0:0: [sda] No Caching mode page found
[  107.632406] sd 1:0:0:0: [sda] Assuming drive cache: write through
[  107.672211]  sda: sda1
[  107.679798] sd 1:0:0:0: [sda] Attached SCSI removable disk
[  112.207059] ravb e6800000.ethernet eth0: Link is Up - 1Gbps/Full - flow control off

root@salvator-x:~# echo "Wake up sucessfully"
Wake up sucessfully
root@salvator-x:~# 
root@salvator-x:~# find /sys/devices/platform/soc/ee080100.usb/ -name 'sd*'
/sys/devices/platform/soc/ee080100.usb/usb9/9-1/9-1:1.0/host1/target1:0:0/1:0:0:0/block/sda
/sys/devices/platform/soc/ee080100.usb/usb9/9-1/9-1:1.0/host1/target1:0:0/1:0:0:0/block/sda/sda1
root@salvator-x:~# 
root@salvator-x:~# mount /dev/sda1 /mnt/usb
[  120.474274] EXT4-fs (sda1): mounted filesystem with ordered data mode. Opts: (null)
root@salvator-x:~# 
root@salvator-x:~# cp testdata /mnt/usb/testdata_from_nfs
root@salvator-x:~# 
root@salvator-x:~# cp /mnt/usb/testdata_from_nfs testdata_from_usb
root@salvator-x:~# 
root@salvator-x:~# sync
root@salvator-x:~# 
root@salvator-x:~# cmp testdata testdata_from_usb
root@salvator-x:~# 
root@salvator-x:~# umount /mnt/usb
root@salvator-x:~# 
 
#### Result: OK ####
