

----------Item 6----------


Pull out USB device at CN9


Press any button to continue

[   78.561217] usb 9-1: USB disconnect, device number 2

Please press switch to restart board 

[F 00:00:120
[F 00:00:119
NOTICE:  BL2: R-Car Gen3 Initial Program Loader(CA57) Rev.4.0.0
NOTICE:  BL2: PRR is R-Car H3 Ver.3.0
NOTICE:  BL2: Board is Salvator-XS Rev.1.0
NOTICE:  BL2: Boot device is HyperFlash(160MHz)
NOTICE:  BL2: LCM state is CM
NOTICE:  AVS setting succeeded. DVFS_SetVID=0x53
NOTICE:  BL2: DDR3200(rev.0.42)
NOTICE:  BL2: [COLD_BOOT]
NOTICE:  BL2: DRAM Split is 4ch(DDR f)
NOTICE:  BL2: QoS is default setting(rev.0.11)
NOTICE:  BL2: DRAM refresh interval 1.95 usec
NOTICE:  BL2: Periodic Write DQ Training
NOTICE:  BL2: CH0: 400000000 - 47fffffff, 2 GiB
NOTICE:  BL2: CH1: 500000000 - 57fffffff, 2 GiB
NOTICE:  BL2: CH2: 600000000 - 67fffffff, 2 GiB
NOTICE:  BL2: CH3: 700000000 - 77fffffff, 2 GiB
NOTICE:  BL2: Lossy Decomp areas
NOTICE:       Entry 0: DCMPAREACRAx:0x80000540 DCMPAREACRBx:0x570
NOTICE:       Entry 1: DCMPAREACRAx:0x40000000 DCMPAREACRBx:0x0
NOTICE:       Entry 2: DCMPAREACRAx:0x20000000 DCMPAREACRBx:0x0
NOTICE:  BL2: FDT at 0xe6327f70
NOTICE:  BL2: v2.9(release):9cdb21f75
NOTICE:  BL2: Built : 05:25:39, Dec 19 2023
NOTICE:  BL2: Normal boot
NOTICE:  BL2: dst=0xe6327800 src=0x8180000 len=512(0x200)
NOTICE:  BL2: dst=0x43f00000 src=0x8180400 len=6144(0x1800)
NOTICE:  rcar_file_len: len: 0x0003e000
NOTICE:  BL2: dst=0x44000000 src=0x81c0000 len=253952(0x3e000)
NOTICE:  rcar_file_len: len: 0x00200000
NOTICE:  BL2: dst=0x44100000 src=0x8200000 len=2097152(0x200000)
NOTICE:  rcar_file_len: len: 0x00100000
NOTICE:  BL2: dst=0x50000000 src=0x8640000 len=1048576(0x100000)
NOTICE:  BL2: Booting BL31


U-Boot 2020.10 (Dec 19 2023 - 14:30:40 +0000)

CPU: Renesas Electronics R8A7795 rev 3.0
Model: Renesas Salvator-X 2nd version board based on r8a77951
DRAM:  7.9 GiB
RAM Configuration:
Bank #0: 0x048000000 - 0x0bfffffff, 1.9 GiB
Bank #1: 0x500000000 - 0x57fffffff, 2 GiB
Bank #2: 0x600000000 - 0x67fffffff, 2 GiB
Bank #3: 0x700000000 - 0x77fffffff, 2 GiB

MMC:   sd@ee100000: 0, sd@ee140000: 1, sd@ee160000: 2
Loading Environment from MMC... OK
In:    serial@e6e88000
Out:   serial@e6e88000
Err:   serial@e6e88000
Net:   eth0: ethernet@e6800000
Hit any key to stop autoboot:  2  1  0 
ethernet@e6800000 Waiting for PHY auto negotiation to complete............ done
Using ethernet@e6800000 device
TFTP from server 192.168.10.99; our IP address is 192.168.10.167
Filename 'traivo/H3/rootfs/boot_USB2H/Image'.
Load address: 0x48080000
Loading: *#################################################################
	 #################################################################
	 #################################################################
	 #################################################################
	 #################################################################
	 #################################################################
	 #################################################################
	 #################################################################
	 #################################################################
	 #################################################################
	 #################################################################
	 #################################################################
	 #################################################################
	 #################################################################
	 #################################################################
	 #################################################################
	 #################################################################
	 #################################################################
	 #################################################################
	 #################################################################
	 #################################################################
	 #################################################################
	 #################################################################
	 #################################################################
	 #################################################################
	 #################################################################
	 #################################################################
	 #################################################################
	 #################################################################
	 #################################################################
	 #################################################################
	 #################################################################
	 #################################################################
	 #################################################################
	 ################################################################
	 4.8 MiB/s
done
Bytes transferred = 33376768 (1fd4a00 hex)
Using ethernet@e6800000 device
TFTP from server 192.168.10.99; our IP address is 192.168.10.167
Filename 'traivo/H3/rootfs/boot_USB2H/r8a77951-salvator-xs.dtb'.
Load address: 0x48000000
Loading: *#######
	 10.8 MiB/s
done
Bytes transferred = 90876 (162fc hex)
Moving Image from 0x48080000 to 0x48200000, end=4a260000
## Flattened Device Tree blob at 48000000
   Booting using the fdt blob at 0x48000000
   Loading Device Tree to 0000000053fe6000, end 0000000053fff2fb ... OK

Starting kernel ...

[    0.000000] Booting Linux on physical CPU 0x0000000000 [0x411fd073]
[    0.000000] Linux version 5.10.194-yocto-standard (thuan.nguyen-hong@banvien) (aarch64-poky-linux-gcc (GCC) 9.3.0, GNU ld (GNU Binutils) 2.34.0.20200220) #10 SMP PREEMPT Mon Feb 19 03:51:05 UTC 2024
[    0.000000] Machine model: Renesas Salvator-X 2nd version board based on r8a77951
[    0.000000] efi: UEFI not found.
[    0.000000] Reserved memory: created CMA memory pool at 0x0000000057000000, size 16 MiB
[    0.000000] OF: reserved mem: initialized node linux,adsp@57000000, compatible id shared-dma-pool
[    0.000000] Reserved memory: created CMA memory pool at 0x0000000058000000, size 384 MiB
[    0.000000] OF: reserved mem: initialized node linux,cma@58000000, compatible id shared-dma-pool
[    0.000000] Reserved memory: created CMA memory pool at 0x0000000070000000, size 256 MiB
[    0.000000] OF: reserved mem: initialized node linux,multimedia@70000000, compatible id shared-dma-pool
[    0.000000] NUMA: No NUMA configuration found
[    0.000000] NUMA: Faking a node at [mem 0x0000000048000000-0x000000077fffffff]
[    0.000000] NUMA: NODE_DATA [mem 0x77efdab00-0x77efdcfff]
[    0.000000] Zone ranges:
[    0.000000]   DMA      [mem 0x0000000048000000-0x000000007fffffff]
[    0.000000]   DMA32    [mem 0x0000000080000000-0x00000000ffffffff]
[    0.000000]   Normal   [mem 0x0000000100000000-0x000000077fffffff]
[    0.000000] Movable zone start for each node
[    0.000000] Early memory node ranges
[    0.000000]   node   0: [mem 0x0000000048000000-0x0000000053ffffff]
[    0.000000]   node   0: [mem 0x0000000054000000-0x0000000056ffffff]
[    0.000000]   node   0: [mem 0x0000000057000000-0x00000000bfffffff]
[    0.000000]   node   0: [mem 0x0000000500000000-0x000000057fffffff]
[    0.000000]   node   0: [mem 0x0000000600000000-0x000000067fffffff]
[    0.000000]   node   0: [mem 0x0000000700000000-0x000000077fffffff]
[    0.000000] Initmem setup node 0 [mem 0x0000000048000000-0x000000077fffffff]
[    0.000000] psci: probing for conduit method from DT.
[    0.000000] psci: PSCIv1.1 detected in firmware.
[    0.000000] psci: Using standard PSCI v0.2 function IDs
[    0.000000] psci: Trusted OS resident on physical CPU 0x0
[    0.000000] psci: SMC Calling Convention v1.2
[    0.000000] percpu: Embedded 23 pages/cpu s56984 r8192 d29032 u94208
[    0.000000] Detected PIPT I-cache on CPU0
[    0.000000] CPU features: detected: EL2 vector hardening
[    0.000000] CPU features: detected: Spectre-v2
[    0.000000] CPU features: detected: ARM errata 1165522, 1319367, or 1530923
[    0.000000] CPU features: detected: Spectre-BHB
[    0.000000] CPU features: detected: ARM erratum 1742098
[    0.000000] Built 1 zonelists, mobility grouping on.  Total pages: 2032128
[    0.000000] Policy zone: Normal
[    0.000000] Kernel command line: rw root=/dev/nfs nfsroot=192.168.10.99:/data/tftpboot/traivo/H3/rootfs,nfsvers=4, ip=192.168.10.167
[    0.000000] Dentry cache hash table entries: 1048576 (order: 11, 8388608 bytes, linear)
[    0.000000] Inode-cache hash table entries: 524288 (order: 10, 4194304 bytes, linear)
[    0.000000] mem auto-init: stack:off, heap alloc:off, heap free:off
[    0.000000] software IO TLB: mapped [mem 0x000000004ffe6000-0x0000000053fe6000] (64MB)
[    0.000000] Memory: 7276840K/8257536K available (15232K kernel code, 2834K rwdata, 8240K rodata, 6144K init, 517K bss, 308952K reserved, 671744K cma-reserved)
[    0.000000] SLUB: HWalign=64, Order=0-3, MinObjects=0, CPUs=8, Nodes=1
[    0.000000] rcu: Preemptible hierarchical RCU implementation.
[    0.000000] rcu: 	RCU event tracing is enabled.
[    0.000000] rcu: 	RCU restricting CPUs from NR_CPUS=256 to nr_cpu_ids=8.
[    0.000000] 	Trampoline variant of Tasks RCU enabled.
[    0.000000] rcu: RCU calculated value of scheduler-enlistment delay is 25 jiffies.
[    0.000000] rcu: Adjusting geometry for rcu_fanout_leaf=16, nr_cpu_ids=8
[    0.000000] NR_IRQS: 64, nr_irqs: 64, preallocated irqs: 0
[    0.000000] arch_timer: cp15 timer(s) running at 8.32MHz (virt).
[    0.000000] clocksource: arch_sys_counter: mask: 0xffffffffffffff max_cycles: 0x1eb398c07, max_idle_ns: 440795202503 ns
[    0.000003] sched_clock: 56 bits at 8MHz, resolution 120ns, wraps every 2199023255503ns
[    0.000207] Console: colour dummy device 80x25
[    0.000414] printk: console [tty0] enabled
[    0.000490] Calibrating delay loop (skipped), value calculated using timer frequency.. 16.64 BogoMIPS (lpj=33280)
[    0.000506] pid_max: default: 32768 minimum: 301
[    0.000564] LSM: Security Framework initializing
[    0.000650] Mount-cache hash table entries: 16384 (order: 5, 131072 bytes, linear)
[    0.000701] Mountpoint-cache hash table entries: 16384 (order: 5, 131072 bytes, linear)
[    0.002155] rcu: Hierarchical SRCU implementation.
[    0.003760] Detected Renesas R-Car Gen3 r8a7795 ES3.0
[    0.005884] EFI services will not be available.
[    0.006218] smp: Bringing up secondary CPUs ...
[    0.006683] Detected PIPT I-cache on CPU1
[    0.006729] CPU1: Booted secondary processor 0x0000000001 [0x411fd073]
[    0.007224] Detected PIPT I-cache on CPU2
[    0.007247] CPU2: Booted secondary processor 0x0000000002 [0x411fd073]
[    0.007670] Detected PIPT I-cache on CPU3
[    0.007692] CPU3: Booted secondary processor 0x0000000003 [0x411fd073]
[    0.008158] CPU features: detected: ARM erratum 845719
[    0.008170] Detected VIPT I-cache on CPU4
[    0.008218] CPU4: Booted secondary processor 0x0000000100 [0x410fd034]
[    0.008695] Detected VIPT I-cache on CPU5
[    0.008723] CPU5: Booted secondary processor 0x0000000101 [0x410fd034]
[    0.009156] Detected VIPT I-cache on CPU6
[    0.009182] CPU6: Booted secondary processor 0x0000000102 [0x410fd034]
[    0.009621] Detected VIPT I-cache on CPU7
[    0.009649] CPU7: Booted secondary processor 0x0000000103 [0x410fd034]
[    0.009727] smp: Brought up 1 node, 8 CPUs
[    0.009789] SMP: Total of 8 processors activated.
[    0.009797] CPU features: detected: 32-bit EL0 Support
[    0.009804] CPU features: detected: CRC32 instructions
[    0.009812] CPU features: detected: 32-bit EL1 Support
[    0.023009] CPU: All CPU(s) started at EL1
[    0.023062] alternatives: patching kernel code
[    0.024206] devtmpfs: initialized
[    0.030997] KASLR disabled due to lack of seed
[    0.031145] clocksource: jiffies: mask: 0xffffffff max_cycles: 0xffffffff, max_idle_ns: 7645041785100000 ns
[    0.031165] futex hash table entries: 2048 (order: 5, 131072 bytes, linear)
[    0.039803] pinctrl core: initialized pinctrl subsystem
[    0.041290] DMI not present or invalid.
[    0.041788] NET: Registered protocol family 16
[    0.042722] DMA: preallocated 1024 KiB GFP_KERNEL pool for atomic allocations
[    0.042915] DMA: preallocated 1024 KiB GFP_KERNEL|GFP_DMA pool for atomic allocations
[    0.043203] DMA: preallocated 1024 KiB GFP_KERNEL|GFP_DMA32 pool for atomic allocations
[    0.043241] audit: initializing netlink subsys (disabled)
[    0.043421] audit: type=2000 audit(0.040:1): state=initialized audit_enabled=0 res=1
[    0.044588] thermal_sys: Registered thermal governor 'power_allocator'
[    0.045106] cpuidle: using governor menu
[    0.045274] hw-breakpoint: found 6 breakpoint and 4 watchpoint registers.
[    0.045399] ASID allocator initialised with 65536 entries
[    0.046700] Serial: AMBA PL011 UART driver
[    0.089536] sh-pfc e6060000.pinctrl: r8a77951_pfc support registered
[    0.104275] HugeTLB registered 1.00 GiB page size, pre-allocated 0 pages
[    0.104290] HugeTLB registered 32.0 MiB page size, pre-allocated 0 pages
[    0.104298] HugeTLB registered 2.00 MiB page size, pre-allocated 0 pages
[    0.104305] HugeTLB registered 64.0 KiB page size, pre-allocated 0 pages
[    0.105267] cryptd: max_cpu_qlen set to 1000
[    0.107531] ACPI: Interpreter disabled.
[    0.111341] rcar-avs: use avs value: 0
[    0.111358] rcar-avs: cpu@0 is running with: opp_table0
[    0.111368] rcar-avs: cpu@1 is running with: opp_table0
[    0.111388] rcar-avs: cpu@2 is running with: opp_table0
[    0.111399] rcar-avs: cpu@3 is running with: opp_table0
[    0.111486] rcar-avs: gsx@fd000000 is running with: gsx_opp_table0
[    0.112908] iommu: Default domain type: Translated 
[    0.113479] ipmmu-vmsa e67b0000.iommu: IPMMU context 0 is reserved
[    0.114434] vgaarb: loaded
[    0.114639] SCSI subsystem initialized
[    0.114892] usbcore: registered new interface driver usbfs
[    0.114918] usbcore: registered new interface driver hub
[    0.114944] usbcore: registered new device driver usb
[    0.118488] i2c-sh_mobile e60b0000.i2c: I2C adapter 7, bus speed 400000 Hz
[    0.119021] mc: Linux media interface: v0.10
[    0.119042] videodev: Linux video capture interface: v2.00
[    0.119089] pps_core: LinuxPPS API ver. 1 registered
[    0.119097] pps_core: Software ver. 5.3.6 - Copyright 2005-2007 Rodolfo Giometti <giometti@linux.it>
[    0.119111] PTP clock support registered
[    0.119281] EDAC MC: Ver: 3.0.0
[    0.121276] FPGA manager framework
[    0.121338] Advanced Linux Sound Architecture Driver Initialized.
[    0.121884] clocksource: Switched to clocksource arch_sys_counter
[    0.122029] VFS: Disk quotas dquot_6.6.0
[    0.122069] VFS: Dquot-cache hash table entries: 512 (order 0, 4096 bytes)
[    0.122191] pnp: PnP ACPI: disabled
[    0.125673] NET: Registered protocol family 2
[    0.126088] IP idents hash table entries: 131072 (order: 8, 1048576 bytes, linear)
[    0.128348] tcp_listen_portaddr_hash hash table entries: 4096 (order: 4, 65536 bytes, linear)
[    0.128452] TCP established hash table entries: 65536 (order: 7, 524288 bytes, linear)
[    0.128736] TCP bind hash table entries: 65536 (order: 8, 1048576 bytes, linear)
[    0.129318] TCP: Hash tables configured (established 65536 bind 65536)
[    0.129437] UDP hash table entries: 4096 (order: 5, 131072 bytes, linear)
[    0.129550] UDP-Lite hash table entries: 4096 (order: 5, 131072 bytes, linear)
[    0.129761] NET: Registered protocol family 1
[    0.130121] RPC: Registered named UNIX socket transport module.
[    0.130131] RPC: Registered udp transport module.
[    0.130137] RPC: Registered tcp transport module.
[    0.130143] RPC: Registered tcp NFSv4.1 backchannel transport module.
[    0.130156] PCI: CLS 0 bytes, default 64
[    0.131067] hw perfevents: enabled with armv8_cortex_a53 PMU driver, 7 counters available
[    0.131333] hw perfevents: enabled with armv8_cortex_a57 PMU driver, 7 counters available
[    0.131890] kvm [1]: HYP mode not available
[    0.134807] Initialise system trusted keyrings
[    0.134932] workingset: timestamp_bits=42 max_order=21 bucket_order=0
[    0.138035] squashfs: version 4.0 (2009/01/31) Phillip Lougher
[    0.138435] NFS: Registering the id_resolver key type
[    0.138462] Key type id_resolver registered
[    0.138468] Key type id_legacy registered
[    0.138521] nfs4filelayout_init: NFSv4 File Layout Driver Registering...
[    0.138531] nfs4flexfilelayout_init: NFSv4 Flexfile Layout Driver Registering...
[    0.138629] 9p: Installing v9fs 9p2000 file system support
[    0.164041] Key type asymmetric registered
[    0.164051] Asymmetric key parser 'x509' registered
[    0.164084] Block layer SCSI generic (bsg) driver version 0.4 loaded (major 243)
[    0.164095] io scheduler mq-deadline registered
[    0.164105] io scheduler kyber registered
[    0.180176] gpio_rcar e6050000.gpio: driving 16 GPIOs
[    0.180469] gpio_rcar e6051000.gpio: driving 29 GPIOs
[    0.180715] gpio_rcar e6052000.gpio: driving 15 GPIOs
[    0.181000] gpio_rcar e6053000.gpio: driving 16 GPIOs
[    0.181252] gpio_rcar e6054000.gpio: driving 18 GPIOs
[    0.181506] gpio_rcar e6055000.gpio: driving 26 GPIOs
[    0.181789] gpio_rcar e6055400.gpio: driving 32 GPIOs
[    0.182108] gpio_rcar e6055800.gpio: driving 4 GPIOs
[    0.185009] rcar-pcie fe000000.pcie: host bridge /soc/pcie@fe000000 ranges:
[    0.185040] rcar-pcie fe000000.pcie:       IO 0x00fe100000..0x00fe1fffff -> 0x0000000000
[    0.185063] rcar-pcie fe000000.pcie:      MEM 0x00fe200000..0x00fe3fffff -> 0x00fe200000
[    0.185081] rcar-pcie fe000000.pcie:      MEM 0x0030000000..0x0037ffffff -> 0x0030000000
[    0.185095] rcar-pcie fe000000.pcie:      MEM 0x0038000000..0x003fffffff -> 0x0038000000
[    0.185113] rcar-pcie fe000000.pcie:   IB MEM 0x0040000000..0x007fffffff -> 0x0040000000
[    0.185162] rcar-pcie fe000000.pcie: no pcie3v3 regulator found
[    0.185173] rcar-pcie fe000000.pcie: no pcie1v8 regulator found
[    0.249597] rcar-pcie fe000000.pcie: PCIe link down
[    0.249792] rcar-pcie ee800000.pcie: host bridge /soc/pcie@ee800000 ranges:
[    0.249817] rcar-pcie ee800000.pcie:       IO 0x00ee900000..0x00ee9fffff -> 0x0000000000
[    0.249837] rcar-pcie ee800000.pcie:      MEM 0x00eea00000..0x00eebfffff -> 0x00eea00000
[    0.249855] rcar-pcie ee800000.pcie:      MEM 0x00c0000000..0x00c7ffffff -> 0x00c0000000
[    0.249869] rcar-pcie ee800000.pcie:      MEM 0x00c8000000..0x00cfffffff -> 0x00c8000000
[    0.249901] rcar-pcie ee800000.pcie:   IB MEM 0x0040000000..0x007fffffff -> 0x0040000000
[    0.249935] rcar-pcie ee800000.pcie: no pcie3v3 regulator found
[    0.249945] rcar-pcie ee800000.pcie: no pcie1v8 regulator found
[    0.409884] rcar-pcie ee800000.pcie: PCIe link down
[    0.412355] EINJ: ACPI disabled.
[    0.446193] Serial: 8250/16550 driver, 4 ports, IRQ sharing enabled
[    0.448630] SuperH (H)SCI(F) driver initialized
[    0.449052] e6550000.serial: ttySC1 at MMIO 0xe6550000 (irq = 42, base_baud = 0) is a hscif
[    0.449808] e6e88000.serial: ttySC0 at MMIO 0xe6e88000 (irq = 128, base_baud = 0) is a scif
[    1.654545] printk: console [ttySC0] enabled
[    1.659975] msm_serial: driver initialized
[    1.670337] rcar-dw-hdmi fead0000.hdmi: Detected HDMI TX controller v2.01a with HDCP (DWC HDMI 2.0 TX PHY)
[    1.680241] rcar-dw-hdmi fead0000.hdmi: registered DesignWare HDMI I2C bus driver
[    1.688516] rcar-dw-hdmi feae0000.hdmi: Detected HDMI TX controller v2.01a with HDCP (DWC HDMI 2.0 TX PHY)
[    1.698369] rcar-dw-hdmi feae0000.hdmi: registered DesignWare HDMI I2C bus driver
[    1.713837] loop: module loaded
[    1.718436] megasas: 07.714.04.00-rc1
[    1.724164] scsi host0: sata_rcar
[    1.727630] ata1: SATA max UDMA/133 irq 181
[    1.737029] tun: Universal TUN/TAP device driver, 1.6
[    1.742986] thunder_xcv, ver 1.0
[    1.746249] thunder_bgx, ver 1.0
[    1.749490] nicpf, ver 1.0
[    1.753620] hclge is initializing
[    1.756955] hns3: Hisilicon Ethernet Network Driver for Hip08 Family - version
[    1.764177] hns3: Copyright (c) 2017 Huawei Corporation.
[    1.769510] e1000: Intel(R) PRO/1000 Network Driver
[    1.774389] e1000: Copyright (c) 1999-2006 Intel Corporation.
[    1.780159] e1000e: Intel(R) PRO/1000 Network Driver
[    1.785124] e1000e: Copyright(c) 1999 - 2015 Intel Corporation.
[    1.791063] igb: Intel(R) Gigabit Ethernet Network Driver
[    1.796462] igb: Copyright (c) 2007-2014 Intel Corporation.
[    1.802053] igbvf: Intel(R) Gigabit Virtual Function Network Driver
[    1.808321] igbvf: Copyright (c) 2009 - 2012 Intel Corporation.
[    1.814653] sky2: driver version 1.30
[    1.822272] ravb e6800000.ethernet eth0: Base address at 0xe6800000, 2e:09:0a:02:ec:37, IRQ 125.
[    1.832518] VFIO - User Level meta-driver version: 0.3
[    1.839680] ehci_hcd: USB 2.0 'Enhanced' Host Controller (EHCI) Driver
[    1.846216] ehci-pci: EHCI PCI platform driver
[    1.850677] ehci-platform: EHCI generic platform driver
[    1.856272] ehci-platform ee0a0100.usb: EHCI Host Controller
[    1.861955] ehci-platform ee0a0100.usb: new USB bus registered, assigned bus number 1
[    1.869864] ehci-platform ee0a0100.usb: irq 175, io mem 0xee0a0100
[    1.889894] ehci-platform ee0a0100.usb: USB 2.0 started, EHCI 1.10
[    1.896437] hub 1-0:1.0: USB hub found
[    1.900209] hub 1-0:1.0: 1 port detected
[    1.904619] ehci-platform ee0c0100.usb: EHCI Host Controller
[    1.910297] ehci-platform ee0c0100.usb: new USB bus registered, assigned bus number 2
[    1.918208] ehci-platform ee0c0100.usb: irq 176, io mem 0xee0c0100
[    1.937890] ehci-platform ee0c0100.usb: USB 2.0 started, EHCI 1.10
[    1.944445] hub 2-0:1.0: USB hub found
[    1.948215] hub 2-0:1.0: 1 port detected
[    1.977896] ehci-platform ee0e0100.usb: EHCI Host Controller
[    1.983578] ehci-platform ee0e0100.usb: new USB bus registered, assigned bus number 3
[    1.991491] ehci-platform ee0e0100.usb: irq 177, io mem 0xee0e0100
[    2.009890] ehci-platform ee0e0100.usb: USB 2.0 started, EHCI 1.10
[    2.016362] hub 3-0:1.0: USB hub found
[    2.020131] hub 3-0:1.0: 1 port detected
[    2.024532] ehci-orion: EHCI orion driver
[    2.028800] ehci-exynos: EHCI Exynos driver
[    2.033107] ohci_hcd: USB 1.1 'Open' Host Controller (OHCI) Driver
[    2.039306] ohci-pci: OHCI PCI platform driver
[    2.043791] ohci-platform: OHCI generic platform driver
[    2.049338] ohci-platform ee0a0000.usb: Generic Platform OHCI controller
[    2.056060] ohci-platform ee0a0000.usb: new USB bus registered, assigned bus number 4
[    2.063949] ohci-platform ee0a0000.usb: irq 175, io mem 0xee0a0000
[    2.145898] ata1: link resume succeeded after 1 retries
[    2.160178] hub 4-0:1.0: USB hub found
[    2.163948] hub 4-0:1.0: 1 port detected
[    2.168284] ohci-platform ee0c0000.usb: Generic Platform OHCI controller
[    2.174999] ohci-platform ee0c0000.usb: new USB bus registered, assigned bus number 5
[    2.182869] ohci-platform ee0c0000.usb: irq 176, io mem 0xee0c0000
[    2.257408] ata1: SATA link down (SStatus 0 SControl 300)
[    2.276163] hub 5-0:1.0: USB hub found
[    2.279933] hub 5-0:1.0: 1 port detected
[    2.284257] ohci-platform ee0e0000.usb: Generic Platform OHCI controller
[    2.290971] ohci-platform ee0e0000.usb: new USB bus registered, assigned bus number 6
[    2.298838] ohci-platform ee0e0000.usb: irq 177, io mem 0xee0e0000
[    2.392167] hub 6-0:1.0: USB hub found
[    2.395934] hub 6-0:1.0: 1 port detected
[    2.400272] ohci-exynos: OHCI Exynos driver
[    2.405115] xhci-hcd ee000000.usb: xHCI Host Controller
[    2.410355] xhci-hcd ee000000.usb: new USB bus registered, assigned bus number 7
[    2.433607] xhci-hcd ee000000.usb: hcc params 0x014051ce hci version 0x100 quirks 0x0000000000830410
[    2.442777] xhci-hcd ee000000.usb: irq 172, io mem 0xee000000
[    2.448646] xhci-hcd ee000000.usb: xHCI Host Controller
[    2.453881] xhci-hcd ee000000.usb: new USB bus registered, assigned bus number 8
[    2.461284] xhci-hcd ee000000.usb: Host supports USB 3.0 SuperSpeed
[    2.467849] hub 7-0:1.0: USB hub found
[    2.471619] hub 7-0:1.0: 1 port detected
[    2.475710] usb usb8: We don't know the algorithms for LPM for this host, disabling LPM.
[    2.484062] hub 8-0:1.0: USB hub found
[    2.487837] hub 8-0:1.0: 1 port detected
[    2.492621] usbcore: registered new interface driver usb-storage
[    2.500307] renesas_usbhs e6590000.usb: host probed
[    2.505197] renesas_usbhs e6590000.usb: no transceiver found
[    2.510925] renesas_usbhs e6590000.usb: gadget probed
[    2.516141] renesas_usbhs e6590000.usb: probed
[    2.521040] renesas_usbhs e659c000.usb: host probed
[    2.525932] renesas_usbhs e659c000.usb: no transceiver found
[    2.531642] renesas_usbhs e659c000.usb: gadget probed
[    2.536841] renesas_usbhs e659c000.usb: probed
[    2.543785] i2c /dev entries driver
[    2.558363] cs2000-cp 2-004f: revision - C1
[    2.562610] i2c-rcar e6510000.i2c: probed
[    2.567439] pca953x 4-0020: supply vcc not found, using dummy regulator
[    2.574147] pca953x 4-0020: using no AI
[    2.578793] gpio-355 (PCIE/SATA switch): hogged as output/low
[    2.591058] i2c-rcar e66d8000.i2c: probed
[    2.596384] adv748x 4-0070: Endpoint /soc/i2c@e66d8000/video-receiver@70/port@7/endpoint on port 7
[    2.605364] adv748x 4-0070: Endpoint /soc/i2c@e66d8000/video-receiver@70/port@8/endpoint on port 8
[    2.614337] adv748x 4-0070: Endpoint /soc/i2c@e66d8000/video-receiver@70/port@a/endpoint on port 10
[    2.623403] adv748x 4-0070: Endpoint /soc/i2c@e66d8000/video-receiver@70/port@b/endpoint on port 11
[    2.632787] adv748x 4-0070: chip found @ 0xe0 revision 2143
[    2.686303] rcar-csi2 fea80000.csi2: 1 lanes found
[    2.691434] rcar-csi2 feaa0000.csi2: 4 lanes found
[    2.701044] rcar-vin e6ef0000.video: Device registered as video0
[    2.707127] rcar-vin e6ef1000.video: Device registered as video1
[    2.713206] rcar-vin e6ef2000.video: Device registered as video2
[    2.719283] rcar-vin e6ef3000.video: Device registered as video3
[    2.725355] rcar-vin e6ef4000.video: Device registered as video4
[    2.731438] rcar-vin e6ef5000.video: Device registered as video5
[    2.737534] rcar-vin e6ef6000.video: Device registered as video6
[    2.743613] rcar-vin e6ef7000.video: Device registered as video7
[    2.752338] rcar_gen3_thermal e6198000.thermal: is using pseudo fixed FUSE values
[    2.764528] rcar_gen3_thermal e6198000.thermal: TSC0: Loaded 1 trip points
[    2.775776] rcar_gen3_thermal e6198000.thermal: TSC1: Loaded 1 trip points
[    2.786919] rcar_gen3_thermal e6198000.thermal: TSC2: Loaded 3 trip points
[    2.798945] sdhci: Secure Digital Host Controller Interface driver
[    2.805138] sdhci: Copyright(c) Pierre Ossman
[    2.810322] Synopsys Designware Multimedia Card Interface Driver
[    2.810598] renesas_sdhi_internal_dmac ee140000.mmc: Adding to iommu group 0
[    2.810688] renesas_sdhi_internal_dmac ee100000.mmc: Got CD GPIO
[    2.810691] renesas_sdhi_internal_dmac ee160000.mmc: Got CD GPIO
[    2.810707] renesas_sdhi_internal_dmac ee100000.mmc: Got WP GPIO
[    2.810712] renesas_sdhi_internal_dmac ee160000.mmc: Got WP GPIO
[    2.817712] sdhci-pltfm: SDHCI platform and OF driver helper
[    2.823412] renesas_sdhi_internal_dmac ee140000.mmc: Using IPMMU context 1
[    2.861272] ledtrig-cpu: registered to indicate activity on CPUs
[    2.868311] SMCCC: SOC_ID: ARCH_SOC_ID not implemented, skipping ....
[    2.875366] usbcore: registered new interface driver usbhid
[    2.880942] usbhid: USB HID core driver
[    2.888564] optee: probing for conduit method.
[    2.893032] optee: revision 3.22 (314ecf9d)
[    2.893458] optee driver R-Car Rev.1.0.11
[    2.901861] optee: dynamic shared memory is enabled
[    2.907001] optee: initialized driver
[    2.910893] renesas_sdhi_internal_dmac ee140000.mmc: mmc0 base at 0x00000000ee140000, max clock rate 200 MHz
[    2.922019] rcar_sound ec500000.sound: probed
[    2.927065] NET: Registered protocol family 17
[    2.931625] 9pnet: Installing 9P2000 support
[    2.935943] Key type dns_resolver registered
[    2.940564] registered taskstats version 1
[    2.944675] Loading compiled-in X.509 certificates
[    2.959442] thermal emergency: set temperature to 110 celsius
[    2.965386] thermal emergency: shutdown target cpus 1-7
[    2.970614] thermal emergency: freq scaled target cpus 0
[    2.976282] renesas_irqc e61c0000.interrupt-controller: driving 6 irqs
[    2.992209] mmc0: new HS400 MMC card at address 0001
[    2.997810] mmcblk0: mmc0:0001 BGSD3R 29.1 GiB 
[    3.002723] mmcblk0boot0: mmc0:0001 BGSD3R partition 1 16.0 MiB
[    3.009027] mmcblk0boot1: mmc0:0001 BGSD3R partition 2 16.0 MiB
[    3.015157] mmcblk0rpmb: mmc0:0001 BGSD3R partition 3 4.00 MiB, chardev (509:0)
[    3.021926] ehci-platform ee080100.usb: EHCI Host Controller
[    3.024072]  mmcblk0: p1
[    3.028147] ehci-platform ee080100.usb: new USB bus registered, assigned bus number 9
[    3.038574] ehci-platform ee080100.usb: irq 174, io mem 0xee080100
[    3.057895] ehci-platform ee080100.usb: USB 2.0 started, EHCI 1.10
[    3.064607] hub 9-0:1.0: USB hub found
[    3.068379] hub 9-0:1.0: 1 port detected
[    3.073921] ohci-platform ee080000.usb: Generic Platform OHCI controller
[    3.080640] ohci-platform ee080000.usb: new USB bus registered, assigned bus number 10
[    3.088615] ohci-platform ee080000.usb: irq 174, io mem 0xee080000
[    3.184531] hub 10-0:1.0: USB hub found
[    3.188390] hub 10-0:1.0: 1 port detected
[    3.193759] cpu cpu0: EM: created perf domain
[    3.198702] cpu cpu4: EM: created perf domain
[    3.207923] renesas_sdhi_internal_dmac ee100000.mmc: Got CD GPIO
[    3.208984] renesas_sdhi_internal_dmac ee160000.mmc: Got CD GPIO
[    3.214000] renesas_sdhi_internal_dmac ee100000.mmc: Got WP GPIO
[    3.226544] renesas_sdhi_internal_dmac ee160000.mmc: Got WP GPIO
[    3.228270] [drm] Initialized rcar-du 1.0.0 20130110 for feb00000.display on minor 0
[    3.240335] [drm] Device feb00000.display probed
[    3.263539] renesas_sdhi_internal_dmac ee100000.mmc: mmc1 base at 0x00000000ee100000, max clock rate 200 MHz
[    3.281971] renesas_sdhi_internal_dmac ee160000.mmc: mmc2 base at 0x00000000ee160000, max clock rate 200 MHz
[    3.283169] Console: switching to colour frame buffer device 128x48
[    3.326882] rcar-du feb00000.display: [drm] fb0: rcar-dudrmfb frame buffer device
[    3.339260] input: keys as /devices/platform/keys/input/input0
[    3.421354] Micrel KSZ9031 Gigabit PHY e6800000.ethernet-ffffffff:00: attached PHY driver [Micrel KSZ9031 Gigabit PHY] (mii_bus:phy_addr=e6800000.ethernet-ffffffff:00, irq=183)
[   18.935729] ravb e6800000.ethernet eth0: Link is Up - 1Gbps/Full - flow control off
[   18.961930] IP-Config: Guessing netmask 255.255.255.0
[   18.967091] IP-Config: Complete:
[   18.970404]      device=eth0, hwaddr=2e:09:0a:02:ec:37, ipaddr=192.168.10.167, mask=255.255.255.0, gw=255.255.255.255
[   18.981214]      host=192.168.10.167, domain=, nis-domain=(none)
[   18.987347]      bootserver=255.255.255.255, rootserver=192.168.10.99, rootpath=
[   18.987972] ALSA device list:
[   18.998579]   No soundcards found.
[   20.058433] VFS: Mounted root (nfs4 filesystem) on device 0:22.
[   20.065174] devtmpfs: mounted
[   20.071423] Freeing unused kernel memory: 6144K
[   20.106030] Run /sbin/init as init process
[   20.282410] systemd[1]: System time before build time, advancing clock.
[   20.697635] NET: Registered protocol family 10
[   20.706192] Segment Routing with IPv6
[   20.740411] systemd[1]: systemd 244 running in system mode. (+PAM -AUDIT -SELINUX +IMA -APPARMOR -SMACK +SYSVINIT +UTMP -LIBCRYPTSETUP -GCRYPT -GNUTLS +ACL +XZ -LZ4 -SECCOMP +BLKID -ELFUTILS +KMOD -IDN2 -IDN -PCRE2 default-hierarchy=hybrid)
[   20.768756] systemd[1]: Detected architecture arm64.

Welcome to [1mPoky (Yocto Project Reference Distro) 3.1.11 (dunfell)[0m!

[   20.803980] systemd[1]: Set hostname to <salvator-x>.
[   21.177948] random: crng init done
[   21.531435] systemd[1]: system-getty.slice: unit configures an IP firewall, but the local system does not support BPF/cgroup firewalling.
[   21.552182] systemd[1]: (This warning is only shown for the first unit using IP firewalling.)
[   21.567203] systemd[1]: Created slice system-getty.slice.
[[0;32m  OK  [0m] Created slice [0;1;39msystem-getty.slice[0m.
[   21.591138] systemd[1]: Created slice system-serial\x2dgetty.slice.
[[0;32m  OK  [0m] Created slice [0;1;39msystem-serial\x2dgetty.slice[0m.
[   21.615081] systemd[1]: Created slice User and Session Slice.
[[0;32m  OK  [0m] Created slice [0;1;39mUser and Session Slice[0m.
[   21.638389] systemd[1]: Started Dispatch Password Requests to Console Directory Watch.
[[0;32m  OK  [0m] Started [0;1;39mDispatch Password â€¦ts to Console Directory Watch[0m.
[   21.666316] systemd[1]: Started Forward Password Requests to Wall Directory Watch.
[[0;32m  OK  [0m] Started [0;1;39mForward Password Râ€¦uests to Wall Directory Watch[0m.
[   21.694208] systemd[1]: Reached target Paths.
[[0;32m  OK  [0m] Reached target [0;1;39mPaths[0m.
[   21.718070] systemd[1]: Reached target Remote File Systems.
[[0;32m  OK  [0m] Reached target [0;1;39mRemote File Systems[0m.
[   21.742031] systemd[1]: Reached target Slices.
[[0;32m  OK  [0m] Reached target [0;1;39mSlices[0m.
[   21.766055] systemd[1]: Reached target Swap.
[[0;32m  OK  [0m] Reached target [0;1;39mSwap[0m.
[   21.793308] systemd[1]: Listening on RPCbind Server Activation Socket.
[[0;32m  OK  [0m] Listening on [0;1;39mRPCbind Server Activation Socket[0m.
[   21.822133] systemd[1]: Reached target RPC Port Mapper.
[[0;32m  OK  [0m] Reached target [0;1;39mRPC Port Mapper[0m.
[   21.846482] systemd[1]: Listening on initctl Compatibility Named Pipe.
[[0;32m  OK  [0m] Listening on [0;1;39minitctl Compatibility Named Pipe[0m.
[   21.876246] systemd[1]: Listening on Journal Audit Socket.
[[0;32m  OK  [0m] Listening on [0;1;39mJournal Audit Socket[0m.
[   21.903948] systemd[1]: Listening on Journal Socket (/dev/log).
[[0;32m  OK  [0m] Listening on [0;1;39mJournal Socket (/dev/log)[0m.
[   21.930747] systemd[1]: Listening on Journal Socket.
[[0;32m  OK  [0m] Listening on [0;1;39mJournal Socket[0m.
[   21.956230] systemd[1]: Listening on Network Service Netlink Socket.
[[0;32m  OK  [0m] Listening on [0;1;39mNetwork Service Netlink Socket[0m.
[   21.984725] systemd[1]: Listening on udev Control Socket.
[[0;32m  OK  [0m] Listening on [0;1;39mudev Control Socket[0m.
[   22.010559] systemd[1]: Listening on udev Kernel Socket.
[[0;32m  OK  [0m] Listening on [0;1;39mudev Kernel Socket[0m.
[   22.039596] systemd[1]: Mounting Huge Pages File System...
         Mounting [0;1;39mHuge Pages File System[0m...
[   22.067323] systemd[1]: Mounting POSIX Message Queue File System...
         Mounting [0;1;39mPOSIX Message Queue File System[0m...
[   22.099204] systemd[1]: Mounting Kernel Debug File System...
         Mounting [0;1;39mKernel Debug File System[0m...
[   22.130563] systemd[1]: Mounting Temporary Directory (/tmp)...
         Mounting [0;1;39mTemporary Directory (/tmp)[0m...
[   22.160277] systemd[1]: Starting Create list of static device nodes for the current kernel...
         Starting [0;1;39mCreate list of stâ€¦odes for the current kernel[0m...
[   22.195049] systemd[1]: Starting Start psplash boot splash screen...
         Starting [0;1;39mStart psplash boot splash screen[0m...
[   22.228797] systemd[1]: Starting RPC Bind...
         Starting [0;1;39mRPC Bind[0m...
[   22.250570] systemd[1]: Condition check resulted in File System Check on Root Device being skipped.
[   22.266192] systemd[1]: Starting Journal Service...
         Starting [0;1;39mJournal Service[0m...
[   22.293837] systemd[1]: Starting Load Kernel Modules...
         Starting [0;1;39mLoad Kernel Modules[0m...
[   22.319365] systemd[1]: Starting Remount Root and Kernel File Systems...
         Starting [0;1;39mRemount Root and Kernel File Systems[0m...
[   22.348772] systemd[1]: Starting udev Coldplug all Devices...
         Starting [0;1;39mudev Coldplug all Devices[0m...
[   22.377425] systemd[1]: Started Start psplash boot splash screen.
[[0;32m  OK  [0m] Started [0;1;39mStart psplash boot splash screen[0m.
[   22.402319] systemd[1]: Started RPC Bind.
[[0;32m  OK  [0m] Started [0;1;39mRPC Bind[0m.
[   22.426707] systemd[1]: Started Journal Service.
[[0;32m  OK  [0m] Started [0;1;39mJournal Service[0m.
[[0;32m  OK  [0m] Mounted [0;1;39mHuge Pages File System[0m.
[[0;32m  OK  [0m] Mounted [0;1;39mPOSIX Message Queue File System[0m.
[[0;32m  OK  [0m] Mounted [0;1;39mKernel Debug File System[0m.
[[0;32m  OK  [0m] Mounted [0;1;39mTemporary Directory (/tmp)[0m.
[[0;32m  OK  [0m] Started [0;1;39mCreate list of staâ€¦ nodes for the current kernel[0m.
[[0;32m  OK  [0m] Started [0;1;39mLoad Kernel Modules[0m.
[[0;32m  OK  [0m] Started [0;1;39mRemount Root and Kernel File Systems[0m.
         Mounting [0;1;39mKernel Configuration File System[0m...
[[0;32m  OK  [0m] Started [0;1;39mStart psplash-systâ€¦progress communication helper[0m.
         Starting [0;1;39mFlush Journal to Persistent Storage[0m...
[   22.647768] systemd-journald[359]: Received client request to flush runtime journal.
         Starting [0;1;39mApply Kernel Variables[0m...
         Starting [0;1;39mCreate Static Device Nodes in /dev[0m...
[[0;32m  OK  [0m] Mounted [0;1;39mKernel Configuration File System[0m.
[[0;32m  OK  [0m] Started [0;1;39mFlush Journal to Persistent Storage[0m.
[[0;32m  OK  [0m] Started [0;1;39mApply Kernel Variables[0m.
[[0;32m  OK  [0m] Started [0;1;39mCreate Static Device Nodes in /dev[0m.
[[0;32m  OK  [0m] Reached target [0;1;39mLocal File Systems (Pre)[0m.
         Mounting [0;1;39m/var/volatile[0m...
         Starting [0;1;39mudev Kernel Device Manager[0m...
[[0;32m  OK  [0m] Started [0;1;39mudev Coldplug all Devices[0m.
[[0;32m  OK  [0m] Mounted [0;1;39m/var/volatile[0m.
         Starting [0;1;39mLoad/Save Random Seed[0m...
[[0;32m  OK  [0m] Reached target [0;1;39mLocal File Systems[0m.
         Starting [0;1;39mCreate Volatile Files and Directories[0m...
[[0;32m  OK  [0m] Started [0;1;39mudev Kernel Device Manager[0m.
[[0;32m  OK  [0m] Started [0;1;39mLoad/Save Random Seed[0m.
         Starting [0;1;39mNetwork Service[0m...
[[0;32m  OK  [0m] Started [0;1;39mCreate Volatile Files and Directories[0m.
         Starting [0;1;39mNetwork Time Synchronization[0m...
         Starting [0;1;39mUpdate UTMP about System Boot/Shutdown[0m...
[[0;32m  OK  [0m] Started [0;1;39mNetwork Service[0m.
         Starting [0;1;39mNetwork Name Resolution[0m...
[[0;32m  OK  [0m] Started [0;1;39mUpdate UTMP about System Boot/Shutdown[0m.
[[0;32m  OK  [0m] Started [0;1;39mNetwork Time Synchronization[0m.
[[0;32m  OK  [0m] Reached target [0;1;39mSystem Initialization[0m.
[[0;32m  OK  [0m] Started [0;1;39mDaily Cleanup of Temporary Directories[0m.
[   23.227343] pwm-backlight: probe of backlight failed with error -16
[[0;32m  OK  [0m] Reached target [0;1;39mSystem Time Set[0m.
[[0;32m  OK  [0m] Reached target [0;1;39mSystem Time Synchronized[0m.
[[0;32m  OK  [0m] Reached target [0;1;39mTimers[0m.
[[0;32m  OK  [0m] Listening on [0;1;39mAvahi mDNS/DNS-SD Stack Activation Socket[0m.
[   23.290015] at24 7-0050: supply vcc not found, using dummy regulator
[[0;32m  OK  [0m] Listening on [0;1;3[   23.299350] at24 7-0050: 128 byte br24t01 EEPROM, writable, 8 bytes/write
9mD-Bus System Message Bus Socket[0m.
[[0;32m  OK  [0m] Listening on [0;1;39mdropbear.socket[0m.
[[0;32m  OK  [0m] Reached target [0;1;39mSockets[0m.
[[0;32m  OK  [0m] Reached target [0;1;39mBasic System[0m.
[[0;32m  OK  [0m] Started [0;1;39mD-Bus System Message Bus[0m.
[[0;32m  OK  [0m] Started [0;1;39moptee services[0m.
         Starting [0;1;39mpvrinit.service[0m...
[   23.431744] renesas_usb3 ee020000.usb: probed with phy
         Starting [0;1;39mPowerVR consumer services[0m...
         Starting [0;1;39mLogin Service[0m...
[[0;32m  OK  [0m] Started [0;1;39mNetwork Name Resolution[0m.
[   23.500035] ccree e6601000.crypto: ARM CryptoCell 630P Driver: HW version 0xAF400001/0xDCC63000, Driver version 5.0
[   23.569791] ccree e6601000.crypto: ARM ccree device initialized
[[0;1;31mFAILED[0m] Failed to start [0;1;39mpvrinit.service[0m.
See 'systemctl status pvrinit.service' for details.
[[0;1;31mFAILED[0m] Failed to start [0;1;39mPowerVR consumer services[0m.
See 'systemctl status rc.pvr.service' for details.
[[0;1;38;5;185mDEPEND[0m] Dependency failed for [0;1;39mWeston Wayland Compositor[0m.
[[0;32m  OK  [0m] Started [0;1;39mLogin Service[0m.
[[0;32m  OK  [0m] Created slice [0;1;39msystem-weston.slice[0m.
[[0;32m  OK  [0m] Reached target [0;1;39mNetwork[0m.
[[0;32m  OK  [0m] Reached target [0;1;39mHost and Network Name Lookups[0m.
[[0;32m  OK  [0m] Reached target [0;1;39mHardware activated USB gadget[0m.
         Starting [0;1;39mAvahi mDNS/DNS-SD Stack[0m...
         Starting [0;1;39mset_default_governor.service[0m...
         Starting [0;1;39mPermit User Sessions[0m...
[[0;32m  OK  [0m] Started [0;1;39mXinetd A Powerful Replacement For Inetd[0m.
[   23.922224] rd 0-7: Disabling EAS, schedutil is mandatory
[[0;32m  OK  [0m] Started [0;1;39mPermit User Sessions[0m.
[[0;32m  OK  [0m] Started [0;1;39mAvahi mDNS/DNS-SD Stack[0m.
[[0;32m  OK  [0m] Started [0;1;39mset_default_governor.service[0m.
[[0;32m  OK  [0m] Started [0;1;39mGetty on tty1[0m.
[[0;32m  OK  [0m] Started [0;1;39mSerial Getty on ttySC0[0m.
[[0;32m  OK  [0m] Reached target [0;1;39mLogin Prompts[0m.
[[0;32m  OK  [0m] Reached target [0;1;39mMulti-User System[0m.
         Starting [0;1;39mUpdate UTMP about System Runlevel Changes[0m...
[[0;32m  OK  [0m] Started [0;1;39mUpdate UTMP about System Runlevel Changes[0m.

Poky (Yocto Project Reference Distro) 3.1.11 salvator-x ttySC0

salvator-x login: 
salvator-x login: root
[   25.651010] audit: type=1006 audit(1703064537.364:2): pid=531 uid=0 old-auid=4294967295 auid=0 tty=(none) old-ses=4294967295 ses=1 res=1
7[r[999;999H[6n8root@salvator-x:~# 
root@salvator-x:~# 
root@salvator-x:~# 
root@salvator-x:~# 
root@salvator-x:~# 
root@salvator-x:~# 
root@salvator-x:~# 
root@salvator-x:~# 
root@salvator-x:~# 
Plug in USB device at CN9


Press any button to continue

[   40.677896] usb 9-1: new high-speed USB device number 2 using ehci-platform
[   40.840092] usb-storage 9-1:1.0: USB Mass Storage device detected
[   40.846687] scsi host1: usb-storage 9-1:1.0
[   41.855151] scsi 1:0:0:0: Direct-Access     SanDisk  Ultra            1.00 PQ: 0 ANSI: 6
[   41.865012] sd 1:0:0:0: [sda] 121307136 512-byte logical blocks: (62.1 GB/57.8 GiB)
[   41.874181] sd 1:0:0:0: [sda] Write Protect is off
[   41.880133] sd 1:0:0:0: [sda] Write cache: disabled, read cache: enabled, doesn't support DPO or FUA
[   41.912929]  sda: sda1
[   41.919537] sd 1:0:0:0: [sda] Attached SCSI removable disk

----------Prepare----------


root@salvator-x:~# find /sys/devices/platform/soc/ee080100.usb/ -name 'sd*'
/sys/devices/platform/soc/ee080100.usb/usb9/9-1/9-1:1.0/host1/target1:0:0/1:0:0:0/block/sda
/sys/devices/platform/soc/ee080100.usb/usb9/9-1/9-1:1.0/host1/target1:0:0/1:0:0:0/block/sda/sda1
root@salvator-x:~# 
root@salvator-x:~# dd if=/dev/urandom of=testdata bs=10M count=5
5+0 records in
5+0 records out
52428800 bytes (52 MB, 50 MiB) copied, 1.47517 s, 35.5 MB/s
root@salvator-x:~# 
root@salvator-x:~# mkdir -p /mnt/usb
root@salvator-x:~# 
root@salvator-x:~# mount /dev/sda1 /mnt/usb
[   48.364383] EXT4-fs (sda1): mounted filesystem with ordered data mode. Opts: (null)
root@salvator-x:~# 
root@salvator-x:~# cp testdata /mnt/usb/
[   50.142075] SDHI0 VccQ: disabling
[   50.145475] SDHI3 VccQ: disabling
root@salvator-x:~# 
root@salvator-x:~# umount /mnt/usb
root@salvator-x:~# 
Pull out USB device at CN9


Press any button to continue

[   56.863590] usb 9-1: USB disconnect, device number 2

root@salvator-x:~# i2cset -f -y 7 0x30 0x20 0x0f
root@salvator-x:~# 

Switch SW23 off and input 'yes' to continue:
Input 'yes' to continue: 

root@salvator-x:~# echo N > /sys/module/printk/parameters/console_suspend
root@salvator-x:~# 
root@salvator-x:~# echo mem > /sys/power/state
[   68.046025] PM: suspend entry (deep)
[   68.049812] Filesystems sync: 0.000 seconds
[   68.055556] Freezing user space processes ... (elapsed 0.001 seconds) done.
[   68.057208] OOM killer disabled.
[   68.057211] Freezing remaining freezable tasks ... (elapsed 0.001 seconds) done.
[   68.498234] ravb e6800000.ethernet eth0: Link is Down
[   68.518679] Disabling non-boot CPUs ...
[   68.523157] CPU1: shutdown
[   68.525868] psci: CPU1 killed (polled 0 ms)
[   68.532447] CPU2: shutdown
[   68.535181] psci: CPU2 killed (polled 0 ms)
[   68.541252] CPU3: shutdown
[   68.543998] psci: CPU3 killed (polled 0 ms)
[   68.550218] CPU4: shutdown
[   68.552937] psci: CPU4 killed (polled 0 ms)
[   68.559077] CPU5: shutdown
[   68.561790] psci: CPU5 killed (polled 0 ms)
[   68.567653] CPU6: shutdown
[   68.570411] psci: CPU6 killed (polled 0 ms)
[   68.576230] CPU7: shutdown
[   68.579065] psci: CPU7 killed (polled 0 ms)
 
Plug in USB device at CN9


Press any button to continue


 Switch power switch: 

NOTICE:  BL2: R-Car Gen3 Initial Program Loader(CA57) Rev.4.0.0
NOTICE:  BL2: PRR is R-Car H3 Ver.3.0
NOTICE:  BL2: Board is Salvator-XS Rev.1.0
NOTICE:  BL2: Boot device is HyperFlash(160MHz)
NOTICE:  BL2: LCM state is CM
NOTICE:  AVS setting succeeded. DVFS_SetVID=0x53
NOTICE:  BL2: DDR3200(rev.0.42)
NOTICE:  BL2: [WARM_BOOT]
NOTICE:  BL2: DRAM Split is 4ch(DDR f)
NOTICE:  BL2: QoS is default setting(rev.0.11)
NOTICE:  BL2: DRAM refresh interval 1.95 usec
NOTICE:  BL2: Periodic Write DQ Training
NOTICE:  BL2: CH0: 400000000 - 47fffffff, 2 GiB
NOTICE:  BL2: CH1: 500000000 - 57fffffff, 2 GiB
NOTICE:  BL2: CH2: 600000000 - 67fffffff, 2 GiB
NOTICE:  BL2: CH3: 700000000 - 77fffffff, 2 GiB
NOTICE:  BL2: Lossy Decomp areas
NOTICE:       Entry 0: DCMPAREACRAx:0x80000540 DCMPAREACRBx:0x570
NOTICE:       Entry 1: DCMPAREACRAx:0x40000000 DCMPAREACRBx:0x0
NOTICE:       Entry 2: DCMPAREACRAx:0x20000000 DCMPAREACRBx:0x0
NOTICE:  BL2: FDT at 0xe6327f70
NOTICE:  BL2: v2.9(release):9cdb21f75
NOTICE:  BL2: Built : 05:25:39, Dec 19 2023
NOTICE:  BL2: Normal boot
[   68.584212] Enabling non-boot CPUs ...
[   68.588249] Detected PIPT I-cache on CPU1
[   68.588305] CPU1: Booted secondary processor 0x0000000001 [0x411fd073]
[   68.588769] CPU1 is up
[   68.601810] Detected PIPT I-cache on CPU2
[   68.601832] CPU2: Booted secondary processor 0x0000000002 [0x411fd073]
[   68.602110] CPU2 is up
[   68.615122] Detected PIPT I-cache on CPU3
[   68.615145] CPU3: Booted secondary processor 0x0000000003 [0x411fd073]
[   68.615428] CPU3 is up
[   68.628484] Detected VIPT I-cache on CPU4
[   68.628536] CPU4: Booted secondary processor 0x0000000100 [0x410fd034]
[   68.629414] CPU4 is up
[   68.642427] Detected VIPT I-cache on CPU5
[   68.642460] CPU5: Booted secondary processor 0x0000000101 [0x410fd034]
[   68.643044] CPU5 is up
[   68.656051] Detected VIPT I-cache on CPU6
[   68.656084] CPU6: Booted secondary processor 0x0000000102 [0x410fd034]
[   68.656674] CPU6 is up
[   68.669681] Detected VIPT I-cache on CPU7
[   68.669714] CPU7: Booted secondary processor 0x0000000103 [0x410fd034]
[   68.670359] CPU7 is up
[   68.742766] xhci-hcd ee000000.usb: xHC error in resume, USBSTS 0x401, Reinit
[   68.749829] usb usb7: root hub lost power or was reset
[   68.754953] usb usb8: root hub lost power or was reset
[   68.860956] Micrel KSZ9031 Gigabit PHY e6800000.ethernet-ffffffff:00: attached PHY driver [Micrel KSZ9031 Gigabit PHY] (mii_bus:phy_addr=e6800000.ethernet-ffffffff:00, irq=183)
[   68.971875] usb usb4: root hub lost power or was reset
[   68.977164] usb usb1: root hub lost power or was reset
[   69.063874] usb usb5: root hub lost power or was reset
[   69.069142] usb usb2: root hub lost power or was reset
[   69.155957] usb usb6: root hub lost power or was reset
[   69.161223] usb usb3: root hub lost power or was reset
[   69.275962] usb usb10: root hub lost power or was reset
[   69.281216] usb usb9: root hub lost power or was reset
[   69.297942] ata1: link resume succeeded after 1 retries
[   69.409455] ata1: SATA link down (SStatus 0 SControl 300)
[   69.424686] OOM killer enabled.
[   69.428534] Restarting tasks ... done.
root@salvator-x:~# [   69.434922] PM: suspend exit
[   70.009861] usb 9-1: new high-speed USB device number 3 using ehci-platform
[   70.171507] usb-storage 9-1:1.0: USB Mass Storage device detected
[   70.178275] scsi host1: usb-storage 9-1:1.0
[   71.198946] scsi 1:0:0:0: Direct-Access     SanDisk  Ultra            1.00 PQ: 0 ANSI: 6
[   71.208298] sd 1:0:0:0: [sda] 121307136 512-byte logical blocks: (62.1 GB/57.8 GiB)
[   71.217225] sd 1:0:0:0: [sda] Write Protect is off
[   71.222970] sd 1:0:0:0: [sda] Write cache: disabled, read cache: enabled, doesn't support DPO or FUA
[   71.268710]  sda: sda1
[   71.280987] sd 1:0:0:0: [sda] Attached SCSI removable disk
[   75.737973] ravb e6800000.ethernet eth0: Link is Up - 1Gbps/Full - flow control off

root@salvator-x:~# echo "Wake up sucessfully"
Wake up sucessfully
root@salvator-x:~# 
root@salvator-x:~# find /sys/devices/platform/soc/ee080100.usb/ -name 'sd*'
/sys/devices/platform/soc/ee080100.usb/usb9/9-1/9-1:1.0/host1/target1:0:0/1:0:0:0/block/sda
/sys/devices/platform/soc/ee080100.usb/usb9/9-1/9-1:1.0/host1/target1:0:0/1:0:0:0/block/sda/sda1
root@salvator-x:~# 
root@salvator-x:~# mount /dev/sda1 /mnt/usb
[   83.972847] EXT4-fs (sda1): mounted filesystem with ordered data mode. Opts: (null)
root@salvator-x:~# 
root@salvator-x:~# cp testdata /mnt/usb/testdata_from_nfs
root@salvator-x:~# 
root@salvator-x:~# cp /mnt/usb/testdata_from_nfs testdata_from_usb
root@salvator-x:~# 
root@salvator-x:~# sync
root@salvator-x:~# 
root@salvator-x:~# cmp testdata testdata_from_usb
root@salvator-x:~# 
root@salvator-x:~# umount /mnt/usb
root@salvator-x:~# 
 
#### Result: OK ####
