

----------Item 5----------


Please press switch to restart board 

[F 00:00:120
[F 00:00:119
[F 00:00:118
[F 00:00:117
NOTICE:  BL2: R-Car Gen3 Initial Program Loader(CA57) Rev.4.0.0
NOTICE:  BL2: PRR is R-Car H3 Ver.3.0
NOTICE:  BL2: Board is Salvator-XS Rev.1.0
NOTICE:  BL2: Boot device is HyperFlash(160MHz)
NOTICE:  BL2: LCM state is CM
NOTICE:  AVS setting succeeded. DVFS_SetVID=0x53
NOTICE:  BL2: DDR3200(rev.0.42)
NOTICE:  BL2: [COLD_BOOT]
NOTICE:  BL2: DRAM Split is 4ch(DDR f)
NOTICE:  BL2: QoS is default setting(rev.0.11)
NOTICE:  BL2: DRAM refresh interval 1.95 usec
NOTICE:  BL2: Periodic Write DQ Training
NOTICE:  BL2: CH0: 400000000 - 47fffffff, 2 GiB
NOTICE:  BL2: CH1: 500000000 - 57fffffff, 2 GiB
NOTICE:  BL2: CH2: 600000000 - 67fffffff, 2 GiB
NOTICE:  BL2: CH3: 700000000 - 77fffffff, 2 GiB
NOTICE:  BL2: Lossy Decomp areas
NOTICE:       Entry 0: DCMPAREACRAx:0x80000540 DCMPAREACRBx:0x570
NOTICE:       Entry 1: DCMPAREACRAx:0x40000000 DCMPAREACRBx:0x0
NOTICE:       Entry 2: DCMPAREACRAx:0x20000000 DCMPAREACRBx:0x0
NOTICE:  BL2: FDT at 0xe6327f70
NOTICE:  BL2: v2.9(release):9cdb21f75
NOTICE:  BL2: Built : 05:25:39, Dec 19 2023
NOTICE:  BL2: Normal boot
NOTICE:  BL2: dst=0xe6327800 src=0x8180000 len=512(0x200)
NOTICE:  BL2: dst=0x43f00000 src=0x8180400 len=6144(0x1800)
NOTICE:  rcar_file_len: len: 0x0003e000
NOTICE:  BL2: dst=0x44000000 src=0x81c0000 len=253952(0x3e000)
NOTICE:  rcar_file_len: len: 0x00200000
NOTICE:  BL2: dst=0x44100000 src=0x8200000 len=2097152(0x200000)
NOTICE:  rcar_file_len: len: 0x00100000
NOTICE:  BL2: dst=0x50000000 src=0x8640000 len=1048576(0x100000)
NOTICE:  BL2: Booting BL31


U-Boot 2020.10 (Dec 19 2023 - 14:30:40 +0000)

CPU: Renesas Electronics R8A7795 rev 3.0
Model: Renesas Salvator-X 2nd version board based on r8a77951
DRAM:  7.9 GiB
RAM Configuration:
Bank #0: 0x048000000 - 0x0bfffffff, 1.9 GiB
Bank #1: 0x500000000 - 0x57fffffff, 2 GiB
Bank #2: 0x600000000 - 0x67fffffff, 2 GiB
Bank #3: 0x700000000 - 0x77fffffff, 2 GiB

MMC:   sd@ee100000: 0, sd@ee140000: 1, sd@ee160000: 2
Loading Environment from MMC... OK
In:    serial@e6e88000
Out:   serial@e6e88000
Err:   serial@e6e88000
Net:   eth0: ethernet@e6800000
Hit any key to stop autoboot:  2  1  0 
ethernet@e6800000 Waiting for PHY auto negotiation to complete......... done
Using ethernet@e6800000 device
TFTP from server 192.168.10.99; our IP address is 192.168.10.167
Filename 'traivo/H3/rootfs/boot_USB2H/Image'.
Load address: 0x48080000
Loading: *#################################################################
	 #################################################################
	 #################################################################
	 #################################################################
	 #################################################################
	 #################################################################
	 #################################################################
	 #################################################################
	 #################################################################
	 #################################################################
	 #################################################################
	 #################################################################
	 #################################################################
	 #################################################################
	 #################################################################
	 #################################################################
	 #################################################################
	 #################################################################
	 #################################################################
	 #################################################################
	 #################################################################
	 #################################################################
	 #################################################################
	 #################################################################
	 #################################################################
	 #################################################################
	 #################################################################
	 #################################################################
	 #################################################################
	 #################################################################
	 #################################################################
	 #################################################################
	 #################################################################
	 #################################################################
	 ################################################################
	 4.5 MiB/s
done
Bytes transferred = 33376768 (1fd4a00 hex)
Using ethernet@e6800000 device
TFTP from server 192.168.10.99; our IP address is 192.168.10.167
Filename 'traivo/H3/rootfs/boot_USB2H/r8a77951-salvator-xs.dtb'.
Load address: 0x48000000
Loading: *#######
	 7.9 MiB/s
done
Bytes transferred = 90876 (162fc hex)
Moving Image from 0x48080000 to 0x48200000, end=4a260000
## Flattened Device Tree blob at 48000000
   Booting using the fdt blob at 0x48000000
   Loading Device Tree to 0000000053fe6000, end 0000000053fff2fb ... OK

Starting kernel ...

[    0.000000] Booting Linux on physical CPU 0x0000000000 [0x411fd073]
[    0.000000] Linux version 5.10.194-yocto-standard (thuan.nguyen-hong@banvien) (aarch64-poky-linux-gcc (GCC) 9.3.0, GNU ld (GNU Binutils) 2.34.0.20200220) #10 SMP PREEMPT Mon Feb 19 03:51:05 UTC 2024
[    0.000000] Machine model: Renesas Salvator-X 2nd version board based on r8a77951
[    0.000000] efi: UEFI not found.
[    0.000000] Reserved memory: created CMA memory pool at 0x0000000057000000, size 16 MiB
[    0.000000] OF: reserved mem: initialized node linux,adsp@57000000, compatible id shared-dma-pool
[    0.000000] Reserved memory: created CMA memory pool at 0x0000000058000000, size 384 MiB
[    0.000000] OF: reserved mem: initialized node linux,cma@58000000, compatible id shared-dma-pool
[    0.000000] Reserved memory: created CMA memory pool at 0x0000000070000000, size 256 MiB
[    0.000000] OF: reserved mem: initialized node linux,multimedia@70000000, compatible id shared-dma-pool
[    0.000000] NUMA: No NUMA configuration found
[    0.000000] NUMA: Faking a node at [mem 0x0000000048000000-0x000000077fffffff]
[    0.000000] NUMA: NODE_DATA [mem 0x77efdab00-0x77efdcfff]
[    0.000000] Zone ranges:
[    0.000000]   DMA      [mem 0x0000000048000000-0x000000007fffffff]
[    0.000000]   DMA32    [mem 0x0000000080000000-0x00000000ffffffff]
[    0.000000]   Normal   [mem 0x0000000100000000-0x000000077fffffff]
[    0.000000] Movable zone start for each node
[    0.000000] Early memory node ranges
[    0.000000]   node   0: [mem 0x0000000048000000-0x0000000053ffffff]
[    0.000000]   node   0: [mem 0x0000000054000000-0x0000000056ffffff]
[    0.000000]   node   0: [mem 0x0000000057000000-0x00000000bfffffff]
[    0.000000]   node   0: [mem 0x0000000500000000-0x000000057fffffff]
[    0.000000]   node   0: [mem 0x0000000600000000-0x000000067fffffff]
[    0.000000]   node   0: [mem 0x0000000700000000-0x000000077fffffff]
[    0.000000] Initmem setup node 0 [mem 0x0000000048000000-0x000000077fffffff]
[    0.000000] psci: probing for conduit method from DT.
[    0.000000] psci: PSCIv1.1 detected in firmware.
[    0.000000] psci: Using standard PSCI v0.2 function IDs
[    0.000000] psci: Trusted OS resident on physical CPU 0x0
[    0.000000] psci: SMC Calling Convention v1.2
[    0.000000] percpu: Embedded 23 pages/cpu s56984 r8192 d29032 u94208
[    0.000000] Detected PIPT I-cache on CPU0
[    0.000000] CPU features: detected: EL2 vector hardening
[    0.000000] CPU features: detected: Spectre-v2
[    0.000000] CPU features: detected: ARM errata 1165522, 1319367, or 1530923
[    0.000000] CPU features: detected: Spectre-BHB
[    0.000000] CPU features: detected: ARM erratum 1742098
[    0.000000] Built 1 zonelists, mobility grouping on.  Total pages: 2032128
[    0.000000] Policy zone: Normal
[    0.000000] Kernel command line: rw root=/dev/nfs nfsroot=192.168.10.99:/data/tftpboot/traivo/H3/rootfs,nfsvers=4, ip=192.168.10.167
[    0.000000] Dentry cache hash table entries: 1048576 (order: 11, 8388608 bytes, linear)
[    0.000000] Inode-cache hash table entries: 524288 (order: 10, 4194304 bytes, linear)
[    0.000000] mem auto-init: stack:off, heap alloc:off, heap free:off
[    0.000000] software IO TLB: mapped [mem 0x000000004ffe6000-0x0000000053fe6000] (64MB)
[    0.000000] Memory: 7276840K/8257536K available (15232K kernel code, 2834K rwdata, 8240K rodata, 6144K init, 517K bss, 308952K reserved, 671744K cma-reserved)
[    0.000000] SLUB: HWalign=64, Order=0-3, MinObjects=0, CPUs=8, Nodes=1
[    0.000000] rcu: Preemptible hierarchical RCU implementation.
[    0.000000] rcu: 	RCU event tracing is enabled.
[    0.000000] rcu: 	RCU restricting CPUs from NR_CPUS=256 to nr_cpu_ids=8.
[    0.000000] 	Trampoline variant of Tasks RCU enabled.
[    0.000000] rcu: RCU calculated value of scheduler-enlistment delay is 25 jiffies.
[    0.000000] rcu: Adjusting geometry for rcu_fanout_leaf=16, nr_cpu_ids=8
[    0.000000] NR_IRQS: 64, nr_irqs: 64, preallocated irqs: 0
[    0.000000] arch_timer: cp15 timer(s) running at 8.32MHz (virt).
[    0.000000] clocksource: arch_sys_counter: mask: 0xffffffffffffff max_cycles: 0x1eb398c07, max_idle_ns: 440795202503 ns
[    0.000003] sched_clock: 56 bits at 8MHz, resolution 120ns, wraps every 2199023255503ns
[    0.000207] Console: colour dummy device 80x25
[    0.000414] printk: console [tty0] enabled
[    0.000489] Calibrating delay loop (skipped), value calculated using timer frequency.. 16.64 BogoMIPS (lpj=33280)
[    0.000504] pid_max: default: 32768 minimum: 301
[    0.000562] LSM: Security Framework initializing
[    0.000648] Mount-cache hash table entries: 16384 (order: 5, 131072 bytes, linear)
[    0.000698] Mountpoint-cache hash table entries: 16384 (order: 5, 131072 bytes, linear)
[    0.002150] rcu: Hierarchical SRCU implementation.
[    0.003748] Detected Renesas R-Car Gen3 r8a7795 ES3.0
[    0.005878] EFI services will not be available.
[    0.006217] smp: Bringing up secondary CPUs ...
[    0.006674] Detected PIPT I-cache on CPU1
[    0.006725] CPU1: Booted secondary processor 0x0000000001 [0x411fd073]
[    0.007213] Detected PIPT I-cache on CPU2
[    0.007237] CPU2: Booted secondary processor 0x0000000002 [0x411fd073]
[    0.007658] Detected PIPT I-cache on CPU3
[    0.007680] CPU3: Booted secondary processor 0x0000000003 [0x411fd073]
[    0.008142] CPU features: detected: ARM erratum 845719
[    0.008155] Detected VIPT I-cache on CPU4
[    0.008204] CPU4: Booted secondary processor 0x0000000100 [0x410fd034]
[    0.008677] Detected VIPT I-cache on CPU5
[    0.008704] CPU5: Booted secondary processor 0x0000000101 [0x410fd034]
[    0.009131] Detected VIPT I-cache on CPU6
[    0.009159] CPU6: Booted secondary processor 0x0000000102 [0x410fd034]
[    0.009597] Detected VIPT I-cache on CPU7
[    0.009624] CPU7: Booted secondary processor 0x0000000103 [0x410fd034]
[    0.009703] smp: Brought up 1 node, 8 CPUs
[    0.009763] SMP: Total of 8 processors activated.
[    0.009771] CPU features: detected: 32-bit EL0 Support
[    0.009778] CPU features: detected: CRC32 instructions
[    0.009785] CPU features: detected: 32-bit EL1 Support
[    0.022991] CPU: All CPU(s) started at EL1
[    0.023043] alternatives: patching kernel code
[    0.024188] devtmpfs: initialized
[    0.030993] KASLR disabled due to lack of seed
[    0.031141] clocksource: jiffies: mask: 0xffffffff max_cycles: 0xffffffff, max_idle_ns: 7645041785100000 ns
[    0.031161] futex hash table entries: 2048 (order: 5, 131072 bytes, linear)
[    0.039810] pinctrl core: initialized pinctrl subsystem
[    0.041267] DMI not present or invalid.
[    0.041767] NET: Registered protocol family 16
[    0.042692] DMA: preallocated 1024 KiB GFP_KERNEL pool for atomic allocations
[    0.042886] DMA: preallocated 1024 KiB GFP_KERNEL|GFP_DMA pool for atomic allocations
[    0.043176] DMA: preallocated 1024 KiB GFP_KERNEL|GFP_DMA32 pool for atomic allocations
[    0.043215] audit: initializing netlink subsys (disabled)
[    0.043395] audit: type=2000 audit(0.040:1): state=initialized audit_enabled=0 res=1
[    0.044544] thermal_sys: Registered thermal governor 'power_allocator'
[    0.045059] cpuidle: using governor menu
[    0.045230] hw-breakpoint: found 6 breakpoint and 4 watchpoint registers.
[    0.045356] ASID allocator initialised with 65536 entries
[    0.046641] Serial: AMBA PL011 UART driver
[    0.089496] sh-pfc e6060000.pinctrl: r8a77951_pfc support registered
[    0.104264] HugeTLB registered 1.00 GiB page size, pre-allocated 0 pages
[    0.104278] HugeTLB registered 32.0 MiB page size, pre-allocated 0 pages
[    0.104286] HugeTLB registered 2.00 MiB page size, pre-allocated 0 pages
[    0.104293] HugeTLB registered 64.0 KiB page size, pre-allocated 0 pages
[    0.105258] cryptd: max_cpu_qlen set to 1000
[    0.107521] ACPI: Interpreter disabled.
[    0.111371] rcar-avs: use avs value: 0
[    0.111387] rcar-avs: cpu@0 is running with: opp_table0
[    0.111399] rcar-avs: cpu@1 is running with: opp_table0
[    0.111409] rcar-avs: cpu@2 is running with: opp_table0
[    0.111418] rcar-avs: cpu@3 is running with: opp_table0
[    0.111504] rcar-avs: gsx@fd000000 is running with: gsx_opp_table0
[    0.112916] iommu: Default domain type: Translated 
[    0.113488] ipmmu-vmsa e67b0000.iommu: IPMMU context 0 is reserved
[    0.114445] vgaarb: loaded
[    0.114652] SCSI subsystem initialized
[    0.114900] usbcore: registered new interface driver usbfs
[    0.114926] usbcore: registered new interface driver hub
[    0.114951] usbcore: registered new device driver usb
[    0.118514] i2c-sh_mobile e60b0000.i2c: I2C adapter 7, bus speed 400000 Hz
[    0.119048] mc: Linux media interface: v0.10
[    0.119070] videodev: Linux video capture interface: v2.00
[    0.119117] pps_core: LinuxPPS API ver. 1 registered
[    0.119124] pps_core: Software ver. 5.3.6 - Copyright 2005-2007 Rodolfo Giometti <giometti@linux.it>
[    0.119138] PTP clock support registered
[    0.119308] EDAC MC: Ver: 3.0.0
[    0.121280] FPGA manager framework
[    0.121342] Advanced Linux Sound Architecture Driver Initialized.
[    0.121894] clocksource: Switched to clocksource arch_sys_counter
[    0.122042] VFS: Disk quotas dquot_6.6.0
[    0.122084] VFS: Dquot-cache hash table entries: 512 (order 0, 4096 bytes)
[    0.122206] pnp: PnP ACPI: disabled
[    0.125693] NET: Registered protocol family 2
[    0.126105] IP idents hash table entries: 131072 (order: 8, 1048576 bytes, linear)
[    0.128340] tcp_listen_portaddr_hash hash table entries: 4096 (order: 4, 65536 bytes, linear)
[    0.128446] TCP established hash table entries: 65536 (order: 7, 524288 bytes, linear)
[    0.128729] TCP bind hash table entries: 65536 (order: 8, 1048576 bytes, linear)
[    0.129310] TCP: Hash tables configured (established 65536 bind 65536)
[    0.129432] UDP hash table entries: 4096 (order: 5, 131072 bytes, linear)
[    0.129546] UDP-Lite hash table entries: 4096 (order: 5, 131072 bytes, linear)
[    0.129762] NET: Registered protocol family 1
[    0.130161] RPC: Registered named UNIX socket transport module.
[    0.130171] RPC: Registered udp transport module.
[    0.130177] RPC: Registered tcp transport module.
[    0.130183] RPC: Registered tcp NFSv4.1 backchannel transport module.
[    0.130195] PCI: CLS 0 bytes, default 64
[    0.131095] hw perfevents: enabled with armv8_cortex_a53 PMU driver, 7 counters available
[    0.131364] hw perfevents: enabled with armv8_cortex_a57 PMU driver, 7 counters available
[    0.131986] kvm [1]: HYP mode not available
[    0.134906] Initialise system trusted keyrings
[    0.135034] workingset: timestamp_bits=42 max_order=21 bucket_order=0
[    0.138121] squashfs: version 4.0 (2009/01/31) Phillip Lougher
[    0.138522] NFS: Registering the id_resolver key type
[    0.138549] Key type id_resolver registered
[    0.138556] Key type id_legacy registered
[    0.138609] nfs4filelayout_init: NFSv4 File Layout Driver Registering...
[    0.138619] nfs4flexfilelayout_init: NFSv4 Flexfile Layout Driver Registering...
[    0.138720] 9p: Installing v9fs 9p2000 file system support
[    0.164853] Key type asymmetric registered
[    0.164865] Asymmetric key parser 'x509' registered
[    0.164895] Block layer SCSI generic (bsg) driver version 0.4 loaded (major 243)
[    0.164906] io scheduler mq-deadline registered
[    0.164916] io scheduler kyber registered
[    0.181217] gpio_rcar e6050000.gpio: driving 16 GPIOs
[    0.181535] gpio_rcar e6051000.gpio: driving 29 GPIOs
[    0.181809] gpio_rcar e6052000.gpio: driving 15 GPIOs
[    0.182099] gpio_rcar e6053000.gpio: driving 16 GPIOs
[    0.182366] gpio_rcar e6054000.gpio: driving 18 GPIOs
[    0.182634] gpio_rcar e6055000.gpio: driving 26 GPIOs
[    0.182905] gpio_rcar e6055400.gpio: driving 32 GPIOs
[    0.183174] gpio_rcar e6055800.gpio: driving 4 GPIOs
[    0.186053] rcar-pcie fe000000.pcie: host bridge /soc/pcie@fe000000 ranges:
[    0.186083] rcar-pcie fe000000.pcie:       IO 0x00fe100000..0x00fe1fffff -> 0x0000000000
[    0.186105] rcar-pcie fe000000.pcie:      MEM 0x00fe200000..0x00fe3fffff -> 0x00fe200000
[    0.186123] rcar-pcie fe000000.pcie:      MEM 0x0030000000..0x0037ffffff -> 0x0030000000
[    0.186137] rcar-pcie fe000000.pcie:      MEM 0x0038000000..0x003fffffff -> 0x0038000000
[    0.186154] rcar-pcie fe000000.pcie:   IB MEM 0x0040000000..0x007fffffff -> 0x0040000000
[    0.186197] rcar-pcie fe000000.pcie: no pcie3v3 regulator found
[    0.186208] rcar-pcie fe000000.pcie: no pcie1v8 regulator found
[    0.253600] rcar-pcie fe000000.pcie: PCIe link down
[    0.253774] rcar-pcie ee800000.pcie: host bridge /soc/pcie@ee800000 ranges:
[    0.253798] rcar-pcie ee800000.pcie:       IO 0x00ee900000..0x00ee9fffff -> 0x0000000000
[    0.253818] rcar-pcie ee800000.pcie:      MEM 0x00eea00000..0x00eebfffff -> 0x00eea00000
[    0.253837] rcar-pcie ee800000.pcie:      MEM 0x00c0000000..0x00c7ffffff -> 0x00c0000000
[    0.253851] rcar-pcie ee800000.pcie:      MEM 0x00c8000000..0x00cfffffff -> 0x00c8000000
[    0.253868] rcar-pcie ee800000.pcie:   IB MEM 0x0040000000..0x007fffffff -> 0x0040000000
[    0.253916] rcar-pcie ee800000.pcie: no pcie3v3 regulator found
[    0.253927] rcar-pcie ee800000.pcie: no pcie1v8 regulator found
[    0.413894] rcar-pcie ee800000.pcie: PCIe link down
[    0.416384] EINJ: ACPI disabled.
[    0.450203] Serial: 8250/16550 driver, 4 ports, IRQ sharing enabled
[    0.452605] SuperH (H)SCI(F) driver initialized
[    0.453040] e6550000.serial: ttySC1 at MMIO 0xe6550000 (irq = 42, base_baud = 0) is a hscif
[    0.453779] e6e88000.serial: ttySC0 at MMIO 0xe6e88000 (irq = 128, base_baud = 0) is a scif
[    1.658513] printk: console [ttySC0] enabled
[    1.663915] msm_serial: driver initialized
[    1.674220] rcar-dw-hdmi fead0000.hdmi: Detected HDMI TX controller v2.01a with HDCP (DWC HDMI 2.0 TX PHY)
[    1.684122] rcar-dw-hdmi fead0000.hdmi: registered DesignWare HDMI I2C bus driver
[    1.692375] rcar-dw-hdmi feae0000.hdmi: Detected HDMI TX controller v2.01a with HDCP (DWC HDMI 2.0 TX PHY)
[    1.702230] rcar-dw-hdmi feae0000.hdmi: registered DesignWare HDMI I2C bus driver
[    1.717671] loop: module loaded
[    1.722252] megasas: 07.714.04.00-rc1
[    1.727983] scsi host0: sata_rcar
[    1.731460] ata1: SATA max UDMA/133 irq 181
[    1.740819] tun: Universal TUN/TAP device driver, 1.6
[    1.746795] thunder_xcv, ver 1.0
[    1.750058] thunder_bgx, ver 1.0
[    1.753301] nicpf, ver 1.0
[    1.757438] hclge is initializing
[    1.760774] hns3: Hisilicon Ethernet Network Driver for Hip08 Family - version
[    1.767997] hns3: Copyright (c) 2017 Huawei Corporation.
[    1.773333] e1000: Intel(R) PRO/1000 Network Driver
[    1.778212] e1000: Copyright (c) 1999-2006 Intel Corporation.
[    1.783983] e1000e: Intel(R) PRO/1000 Network Driver
[    1.788948] e1000e: Copyright(c) 1999 - 2015 Intel Corporation.
[    1.794890] igb: Intel(R) Gigabit Ethernet Network Driver
[    1.800288] igb: Copyright (c) 2007-2014 Intel Corporation.
[    1.805875] igbvf: Intel(R) Gigabit Virtual Function Network Driver
[    1.812142] igbvf: Copyright (c) 2009 - 2012 Intel Corporation.
[    1.818478] sky2: driver version 1.30
[    1.826138] ravb e6800000.ethernet eth0: Base address at 0xe6800000, 2e:09:0a:00:c3:9a, IRQ 125.
[    1.836386] VFIO - User Level meta-driver version: 0.3
[    1.843535] ehci_hcd: USB 2.0 'Enhanced' Host Controller (EHCI) Driver
[    1.850074] ehci-pci: EHCI PCI platform driver
[    1.854538] ehci-platform: EHCI generic platform driver
[    1.860148] ehci-platform ee0a0100.usb: EHCI Host Controller
[    1.865833] ehci-platform ee0a0100.usb: new USB bus registered, assigned bus number 1
[    1.873762] ehci-platform ee0a0100.usb: irq 175, io mem 0xee0a0100
[    1.893898] ehci-platform ee0a0100.usb: USB 2.0 started, EHCI 1.10
[    1.900426] hub 1-0:1.0: USB hub found
[    1.904198] hub 1-0:1.0: 1 port detected
[    1.908605] ehci-platform ee0c0100.usb: EHCI Host Controller
[    1.914278] ehci-platform ee0c0100.usb: new USB bus registered, assigned bus number 2
[    1.922182] ehci-platform ee0c0100.usb: irq 176, io mem 0xee0c0100
[    1.941899] ehci-platform ee0c0100.usb: USB 2.0 started, EHCI 1.10
[    1.948443] hub 2-0:1.0: USB hub found
[    1.952212] hub 2-0:1.0: 1 port detected
[    1.981906] ehci-platform ee0e0100.usb: EHCI Host Controller
[    1.987586] ehci-platform ee0e0100.usb: new USB bus registered, assigned bus number 3
[    1.995502] ehci-platform ee0e0100.usb: irq 177, io mem 0xee0e0100
[    2.013899] ehci-platform ee0e0100.usb: USB 2.0 started, EHCI 1.10
[    2.020362] hub 3-0:1.0: USB hub found
[    2.024131] hub 3-0:1.0: 1 port detected
[    2.028530] ehci-orion: EHCI orion driver
[    2.032808] ehci-exynos: EHCI Exynos driver
[    2.037119] ohci_hcd: USB 1.1 'Open' Host Controller (OHCI) Driver
[    2.043320] ohci-pci: OHCI PCI platform driver
[    2.047807] ohci-platform: OHCI generic platform driver
[    2.053353] ohci-platform ee0a0000.usb: Generic Platform OHCI controller
[    2.060078] ohci-platform ee0a0000.usb: new USB bus registered, assigned bus number 4
[    2.067954] ohci-platform ee0a0000.usb: irq 175, io mem 0xee0a0000
[    2.149907] ata1: link resume succeeded after 1 retries
[    2.164188] hub 4-0:1.0: USB hub found
[    2.167963] hub 4-0:1.0: 1 port detected
[    2.172303] ohci-platform ee0c0000.usb: Generic Platform OHCI controller
[    2.179019] ohci-platform ee0c0000.usb: new USB bus registered, assigned bus number 5
[    2.186891] ohci-platform ee0c0000.usb: irq 176, io mem 0xee0c0000
[    2.261420] ata1: SATA link down (SStatus 0 SControl 300)
[    2.280170] hub 5-0:1.0: USB hub found
[    2.283941] hub 5-0:1.0: 1 port detected
[    2.288263] ohci-platform ee0e0000.usb: Generic Platform OHCI controller
[    2.294977] ohci-platform ee0e0000.usb: new USB bus registered, assigned bus number 6
[    2.302855] ohci-platform ee0e0000.usb: irq 177, io mem 0xee0e0000
[    2.396211] hub 6-0:1.0: USB hub found
[    2.399978] hub 6-0:1.0: 1 port detected
[    2.404324] ohci-exynos: OHCI Exynos driver
[    2.409170] xhci-hcd ee000000.usb: xHCI Host Controller
[    2.414410] xhci-hcd ee000000.usb: new USB bus registered, assigned bus number 7
[    2.437666] xhci-hcd ee000000.usb: hcc params 0x014051ce hci version 0x100 quirks 0x0000000000830410
[    2.446837] xhci-hcd ee000000.usb: irq 172, io mem 0xee000000
[    2.452699] xhci-hcd ee000000.usb: xHCI Host Controller
[    2.457935] xhci-hcd ee000000.usb: new USB bus registered, assigned bus number 8
[    2.465338] xhci-hcd ee000000.usb: Host supports USB 3.0 SuperSpeed
[    2.471905] hub 7-0:1.0: USB hub found
[    2.475675] hub 7-0:1.0: 1 port detected
[    2.479767] usb usb8: We don't know the algorithms for LPM for this host, disabling LPM.
[    2.488117] hub 8-0:1.0: USB hub found
[    2.491891] hub 8-0:1.0: 1 port detected
[    2.496685] usbcore: registered new interface driver usb-storage
[    2.504364] renesas_usbhs e6590000.usb: host probed
[    2.509255] renesas_usbhs e6590000.usb: no transceiver found
[    2.514980] renesas_usbhs e6590000.usb: gadget probed
[    2.520196] renesas_usbhs e6590000.usb: probed
[    2.525091] renesas_usbhs e659c000.usb: host probed
[    2.529984] renesas_usbhs e659c000.usb: no transceiver found
[    2.535698] renesas_usbhs e659c000.usb: gadget probed
[    2.540896] renesas_usbhs e659c000.usb: probed
[    2.547825] i2c /dev entries driver
[    2.562508] cs2000-cp 2-004f: revision - C1
[    2.566752] i2c-rcar e6510000.i2c: probed
[    2.571565] pca953x 4-0020: supply vcc not found, using dummy regulator
[    2.578263] pca953x 4-0020: using no AI
[    2.582907] gpio-355 (PCIE/SATA switch): hogged as output/low
[    2.595212] i2c-rcar e66d8000.i2c: probed
[    2.600513] adv748x 4-0070: Endpoint /soc/i2c@e66d8000/video-receiver@70/port@7/endpoint on port 7
[    2.609496] adv748x 4-0070: Endpoint /soc/i2c@e66d8000/video-receiver@70/port@8/endpoint on port 8
[    2.618468] adv748x 4-0070: Endpoint /soc/i2c@e66d8000/video-receiver@70/port@a/endpoint on port 10
[    2.621906] usb 1-1: new high-speed USB device number 2 using ehci-platform
[    2.627532] adv748x 4-0070: Endpoint /soc/i2c@e66d8000/video-receiver@70/port@b/endpoint on port 11
[    2.643868] adv748x 4-0070: chip found @ 0xe0 revision 2143
[    2.697468] rcar-csi2 fea80000.csi2: 1 lanes found
[    2.702660] rcar-csi2 feaa0000.csi2: 4 lanes found
[    2.712370] rcar-vin e6ef0000.video: Device registered as video0
[    2.718456] rcar-vin e6ef1000.video: Device registered as video1
[    2.724536] rcar-vin e6ef2000.video: Device registered as video2
[    2.730617] rcar-vin e6ef3000.video: Device registered as video3
[    2.736695] rcar-vin e6ef4000.video: Device registered as video4
[    2.742777] rcar-vin e6ef5000.video: Device registered as video5
[    2.748860] rcar-vin e6ef6000.video: Device registered as video6
[    2.754939] rcar-vin e6ef7000.video: Device registered as video7
[    2.763593] rcar_gen3_thermal e6198000.thermal: is using pseudo fixed FUSE values
[    2.775727] rcar_gen3_thermal e6198000.thermal: TSC0: Loaded 1 trip points
[    2.787001] rcar_gen3_thermal e6198000.thermal: TSC1: Loaded 1 trip points
[    2.791676] usb-storage 1-1:1.0: USB Mass Storage device detected
[    2.798270] rcar_gen3_thermal e6198000.thermal: TSC2: Loaded 3 trip points
[    2.800268] scsi host1: usb-storage 1-1:1.0
[    2.812081] sdhci: Secure Digital Host Controller Interface driver
[    2.818304] sdhci: Copyright(c) Pierre Ossman
[    2.823523] Synopsys Designware Multimedia Card Interface Driver
[    2.823816] renesas_sdhi_internal_dmac ee140000.mmc: Adding to iommu group 0
[    2.823824] renesas_sdhi_internal_dmac ee100000.mmc: Got CD GPIO
[    2.823842] renesas_sdhi_internal_dmac ee100000.mmc: Got WP GPIO
[    2.824068] renesas_sdhi_internal_dmac ee160000.mmc: Got CD GPIO
[    2.824098] renesas_sdhi_internal_dmac ee160000.mmc: Got WP GPIO
[    2.830891] sdhci-pltfm: SDHCI platform and OF driver helper
[    2.836621] renesas_sdhi_internal_dmac ee140000.mmc: Using IPMMU context 1
[    2.873725] ledtrig-cpu: registered to indicate activity on CPUs
[    2.880759] SMCCC: SOC_ID: ARCH_SOC_ID not implemented, skipping ....
[    2.887797] usbcore: registered new interface driver usbhid
[    2.893376] usbhid: USB HID core driver
[    2.901003] optee: probing for conduit method.
[    2.905473] optee: revision 3.22 (314ecf9d)
[    2.905649] optee driver R-Car Rev.1.0.11
[    2.914281] optee: dynamic shared memory is enabled
[    2.919425] optee: initialized driver
[    2.922193] renesas_sdhi_internal_dmac ee140000.mmc: mmc0 base at 0x00000000ee140000, max clock rate 200 MHz
[    2.936321] rcar_sound ec500000.sound: probed
[    2.941281] NET: Registered protocol family 17
[    2.945860] 9pnet: Installing 9P2000 support
[    2.950287] Key type dns_resolver registered
[    2.954866] registered taskstats version 1
[    2.958976] Loading compiled-in X.509 certificates
[    2.973876] thermal emergency: set temperature to 110 celsius
[    2.979839] thermal emergency: shutdown target cpus 1-7
[    2.985087] thermal emergency: freq scaled target cpus 0
[    2.990771] renesas_irqc e61c0000.interrupt-controller: driving 6 irqs
[    3.024499] mmc0: new HS400 MMC card at address 0001
[    3.030231] mmcblk0: mmc0:0001 BGSD3R 29.1 GiB 
[    3.035149] mmcblk0boot0: mmc0:0001 BGSD3R partition 1 16.0 MiB
[    3.041444] mmcblk0boot1: mmc0:0001 BGSD3R partition 2 16.0 MiB
[    3.047401] ehci-platform ee080100.usb: EHCI Host Controller
[    3.053087] ehci-platform ee080100.usb: new USB bus registered, assigned bus number 9
[    3.061032] ehci-platform ee080100.usb: irq 174, io mem 0xee080100
[    3.067301] mmcblk0rpmb: mmc0:0001 BGSD3R partition 3 4.00 MiB, chardev (509:0)
[    3.076237]  mmcblk0: p1
[    3.081918] ehci-platform ee080100.usb: USB 2.0 started, EHCI 1.10
[    3.088557] hub 9-0:1.0: USB hub found
[    3.092332] hub 9-0:1.0: 1 port detected
[    3.097860] ohci-platform ee080000.usb: Generic Platform OHCI controller
[    3.104592] ohci-platform ee080000.usb: new USB bus registered, assigned bus number 10
[    3.112573] ohci-platform ee080000.usb: irq 174, io mem 0xee080000
[    3.208534] hub 10-0:1.0: USB hub found
[    3.212395] hub 10-0:1.0: 1 port detected
[    3.217761] cpu cpu0: EM: created perf domain
[    3.222695] cpu cpu4: EM: created perf domain
[    3.230503] renesas_sdhi_internal_dmac ee100000.mmc: Got CD GPIO
[    3.233470] renesas_sdhi_internal_dmac ee160000.mmc: Got CD GPIO
[    3.235486] [drm] Initialized rcar-du 1.0.0 20130110 for feb00000.display on minor 0
[    3.235489] [drm] Device feb00000.display probed
[    3.236552] renesas_sdhi_internal_dmac ee100000.mmc: Got WP GPIO
[    3.261024] renesas_sdhi_internal_dmac ee160000.mmc: Got WP GPIO
[    3.284242] renesas_sdhi_internal_dmac ee100000.mmc: mmc1 base at 0x00000000ee100000, max clock rate 200 MHz
[    3.298814] Console: switching to colour frame buffer device 128x48
[    3.310358] renesas_sdhi_internal_dmac ee160000.mmc: mmc2 base at 0x00000000ee160000, max clock rate 200 MHz
[    3.349998] rcar-du feb00000.display: [drm] fb0: rcar-dudrmfb frame buffer device
[    3.362316] input: keys as /devices/platform/keys/input/input0
[    3.441195] Micrel KSZ9031 Gigabit PHY e6800000.ethernet-ffffffff:00: attached PHY driver [Micrel KSZ9031 Gigabit PHY] (mii_bus:phy_addr=e6800000.ethernet-ffffffff:00, irq=183)
[    3.839689] scsi 1:0:0:0: Direct-Access     SanDisk  Ultra            1.00 PQ: 0 ANSI: 6
[    3.850114] sd 1:0:0:0: [sda] 121307136 512-byte logical blocks: (62.1 GB/57.8 GiB)
[    3.859483] sd 1:0:0:0: [sda] Write Protect is off
[    3.865737] sd 1:0:0:0: [sda] Write cache: disabled, read cache: enabled, doesn't support DPO or FUA
[    3.888953]  sda: sda1
[    3.900773] sd 1:0:0:0: [sda] Attached SCSI removable disk
[   10.173764] ravb e6800000.ethernet eth0: Link is Up - 1Gbps/Full - flow control off
[   10.202030] IP-Config: Guessing netmask 255.255.255.0
[   10.207194] IP-Config: Complete:
[   10.210511]      device=eth0, hwaddr=2e:09:0a:00:c3:9a, ipaddr=192.168.10.167, mask=255.255.255.0, gw=255.255.255.255
[   10.221320]      host=192.168.10.167, domain=, nis-domain=(none)
[   10.231438]      bootserver=255.255.255.255, rootserver=192.168.10.99, rootpath=
[   10.232078] ALSA device list:
[   10.250710]   No soundcards found.
[   11.286291] VFS: Mounted root (nfs4 filesystem) on device 0:22.
[   11.297271] devtmpfs: mounted
[   11.307905] Freeing unused kernel memory: 6144K
[   11.338040] Run /sbin/init as init process
[   11.507605] systemd[1]: System time before build time, advancing clock.
[   11.935572] NET: Registered protocol family 10
[   11.944462] Segment Routing with IPv6
[   11.967147] systemd[1]: Configuration file /etc/systemd/system.conf is marked executable. Please remove executable permission bits. Proceeding anyway.
[   11.991856] systemd[1]: Configuration file /lib/systemd/system.conf.d/00-systemd-conf.conf is marked executable. Please remove executable permission bits. Proceeding anyway.
[   12.018129] systemd[1]: systemd 244 running in system mode. (+PAM -AUDIT -SELINUX +IMA -APPARMOR -SMACK +SYSVINIT +UTMP -LIBCRYPTSETUP -GCRYPT -GNUTLS +ACL +XZ -LZ4 -SECCOMP +BLKID -ELFUTILS +KMOD -IDN2 -IDN -PCRE2 default-hierarchy=hybrid)
[   12.042552] systemd[1]: Detected architecture arm64.

Welcome to [1mPoky (Yocto Project Reference Distro) 3.1.11 (dunfell)[0m!

[   12.075908] systemd[1]: Set hostname to <salvator-x>.
[   12.346004] random: crng init done
[   12.377849] systemd[1]: Configuration file /lib/systemd/system/local-fs.target is marked executable. Please remove executable permission bits. Proceeding anyway.
[   12.419637] systemd[1]: Configuration file /lib/systemd/system/swap.target is marked executable. Please remove executable permission bits. Proceeding anyway.
[   12.447946] systemd[1]: Configuration file /lib/systemd/system/umount.target is marked executable. Please remove executable permission bits. Proceeding anyway.
[   12.476789] systemd[1]: Configuration file /lib/systemd/system/systemd-journald.socket is marked executable. Please remove executable permission bits. Proceeding anyway.
[   12.506920] systemd[1]: Configuration file /lib/systemd/system/systemd-journald.service is marked executable. Please remove executable permission bits. Proceeding anyway.
[   12.537406] systemd[1]: Configuration file /lib/systemd/system/sysinit.target is marked executable. Please remove executable permission bits. Proceeding anyway.
[   12.574777] systemd[1]: Configuration file /lib/systemd/system/systemd-update-utmp.service is marked executable. Please remove executable permission bits. Proceeding anyway.
[   12.596886] systemd[1]: Configuration file /lib/systemd/system/systemd-update-done.service is marked executable. Please remove executable permission bits. Proceeding anyway.
[   12.618546] systemd[1]: Configuration file /lib/systemd/system/systemd-udevd.service is marked executable. Please remove executable permission bits. Proceeding anyway.
[   12.638696] systemd[1]: Configuration file /lib/systemd/system/systemd-udevd-kernel.socket is marked executable. Please remove executable permission bits. Proceeding anyway.
[   12.659314] systemd[1]: Configuration file /lib/systemd/system/systemd-udevd-control.socket is marked executable. Please remove executable permission bits. Proceeding anyway.
[   12.680390] systemd[1]: Configuration file /lib/systemd/system/systemd-udev-trigger.service is marked executable. Please remove executable permission bits. Proceeding anyway.
[   12.701048] systemd[1]: Configuration file /lib/systemd/system/systemd-tmpfiles-setup.service is marked executable. Please remove executable permission bits. Proceeding anyway.
[   12.722092] systemd[1]: Configuration file /lib/systemd/system/systemd-tmpfiles-setup-dev.service is marked executable. Please remove executable permission bits. Proceeding anyway.
[   12.743979] systemd[1]: Configuration file /lib/systemd/system/systemd-timesyncd.service is marked executable. Please remove executable permission bits. Proceeding anyway.
[   12.765764] systemd[1]: Configuration file /lib/systemd/system/time-sync.target is marked executable. Please remove executable permission bits. Proceeding anyway.
[   12.785042] systemd[1]: Configuration file /lib/systemd/system/time-set.target is marked executable. Please remove executable permission bits. Proceeding anyway.
[   12.804444] systemd[1]: Configuration file /lib/systemd/system/systemd-sysusers.service is marked executable. Please remove executable permission bits. Proceeding anyway.
[   12.825408] systemd[1]: Configuration file /lib/systemd/system/systemd-sysctl.service is marked executable. Please remove executable permission bits. Proceeding anyway.
[   12.845803] systemd[1]: Configuration file /lib/systemd/system/systemd-random-seed.service is marked executable. Please remove executable permission bits. Proceeding anyway.
[   12.869578] systemd[1]: Configuration file /lib/systemd/system/systemd-modules-load.service is marked executable. Please remove executable permission bits. Proceeding anyway.
[   12.891000] systemd[1]: Configuration file /lib/systemd/system/systemd-machine-id-commit.service is marked executable. Please remove executable permission bits. Proceeding anyway.
[   12.913117] systemd[1]: Configuration file /lib/systemd/system/systemd-journal-flush.service is marked executable. Please remove executable permission bits. Proceeding anyway.
[   12.934473] systemd[1]: Configuration file /lib/systemd/system/systemd-journal-catalog-update.service is marked executable. Please remove executable permission bits. Proceeding anyway.
[   12.956909] systemd[1]: Configuration file /lib/systemd/system/systemd-hwdb-update.service is marked executable. Please remove executable permission bits. Proceeding anyway.
[   12.978203] systemd[1]: Configuration file /lib/systemd/system/systemd-ask-password-console.path is marked executable. Please remove executable permission bits. Proceeding anyway.
[   13.000547] systemd[1]: Configuration file /lib/systemd/system/systemd-ask-password-console.service is marked executable. Please remove executable permission bits. Proceeding anyway.
[   13.023079] systemd[1]: Configuration file /lib/systemd/system/systemd-vconsole-setup.service is marked executable. Please remove executable permission bits. Proceeding anyway.
[   13.044703] systemd[1]: Configuration file /lib/systemd/system/initrd-switch-root.target is marked executable. Please remove executable permission bits. Proceeding anyway.
[   13.066096] systemd[1]: Configuration file /lib/systemd/system/initrd-cleanup.service is marked executable. Please remove executable permission bits. Proceeding anyway.
[   13.086925] systemd[1]: Configuration file /lib/systemd/system/initrd.target is marked executable. Please remove executable permission bits. Proceeding anyway.
[   13.106704] systemd[1]: Configuration file /lib/systemd/system/rescue.target is marked executable. Please remove executable permission bits. Proceeding anyway.
[   13.135315] systemd[1]: Configuration file /lib/systemd/system/remote-fs.target is marked executable. Please remove executable permission bits. Proceeding anyway.
[   13.154921] systemd[1]: Configuration file /lib/systemd/system/remote-fs-pre.target is marked executable. Please remove executable permission bits. Proceeding anyway.
[   13.174927] systemd[1]: Configuration file /lib/systemd/system/graphical.target is marked executable. Please remove executable permission bits. Proceeding anyway.
[   13.199372] systemd[1]: Configuration file /lib/systemd/system/multi-user.target is marked executable. Please remove executable permission bits. Proceeding anyway.
[   13.236253] systemd[1]: Configuration file /lib/systemd/system/xinetd.service is marked executable. Please remove executable permission bits. Proceeding anyway.
[   13.256033] systemd[1]: Configuration file /lib/systemd/system/network.target is marked executable. Please remove executable permission bits. Proceeding anyway.
[   13.275736] systemd[1]: Configuration file /lib/systemd/system/network-pre.target is marked executable. Please remove executable permission bits. Proceeding anyway.
[   13.295894] systemd[1]: Configuration file /lib/systemd/system/systemd-user-sessions.service is marked executable. Please remove executable permission bits. Proceeding anyway.
[   13.317404] systemd[1]: Configuration file /lib/systemd/system/nss-user-lookup.target is marked executable. Please remove executable permission bits. Proceeding anyway.
[   13.338019] systemd[1]: Configuration file /lib/systemd/system/systemd-resolved.service is marked executable. Please remove executable permission bits. Proceeding anyway.
[   13.359600] systemd[1]: Configuration file /lib/systemd/system/nss-lookup.target is marked executable. Please remove executable permission bits. Proceeding anyway.
[   13.379744] systemd[1]: Configuration file /lib/systemd/system/systemd-networkd.service is marked executable. Please remove executable permission bits. Proceeding anyway.
[   13.401084] systemd[1]: Configuration file /lib/systemd/system/systemd-logind.service is marked executable. Please remove executable permission bits. Proceeding anyway.
[   13.422841] systemd[1]: Configuration file /lib/systemd/system/dbus.socket is marked executable. Please remove executable permission bits. Proceeding anyway.
[   13.442813] systemd[1]: Configuration file /lib/systemd/system/user.slice is marked executable. Please remove executable permission bits. Proceeding anyway.
[   13.462159] systemd[1]: Configuration file /lib/systemd/system/slices.target is marked executable. Please remove executable permission bits. Proceeding anyway.
[   13.481805] systemd[1]: Configuration file /lib/systemd/system/systemd-ask-password-wall.path is marked executable. Please remove executable permission bits. Proceeding anyway.
[   13.503715] systemd[1]: Configuration file /lib/systemd/system/systemd-ask-password-wall.service is marked executable. Please remove executable permission bits. Proceeding anyway.
[   13.526100] systemd[1]: Configuration file /lib/systemd/system/rpcbind.service is marked executable. Please remove executable permission bits. Proceeding anyway.
[   13.545995] systemd[1]: Configuration file /lib/systemd/system/rpcbind.target is marked executable. Please remove executable permission bits. Proceeding anyway.
[   13.565551] systemd[1]: Configuration file /lib/systemd/system/rpcbind.socket is marked executable. Please remove executable permission bits. Proceeding anyway.
[   13.585573] systemd[1]: Configuration file /lib/systemd/system/rc.pvr.service is marked executable. Please remove executable permission bits. Proceeding anyway.
[   13.605611] systemd[1]: Configuration file /lib/systemd/system/optee.service is marked executable. Please remove executable permission bits. Proceeding anyway.
[   13.625128] systemd[1]: Configuration file /lib/systemd/system/getty.target is marked executable. Please remove executable permission bits. Proceeding anyway.
[   13.647760] systemd[1]: Configuration file /lib/systemd/system/serial-getty@.service is marked executable. Please remove executable permission bits. Proceeding anyway.
[   13.669783] systemd[1]: Configuration file /lib/systemd/system/rc-local.service is marked executable. Please remove executable permission bits. Proceeding anyway.
[   13.690064] systemd[1]: Configuration file /lib/systemd/system/getty-pre.target is marked executable. Please remove executable permission bits. Proceeding anyway.
[   13.710407] systemd[1]: Configuration file /lib/systemd/system/getty@.service is marked executable. Please remove executable permission bits. Proceeding anyway.
[   13.731281] systemd[1]: Configuration file /lib/systemd/system/dbus.service is marked executable. Please remove executable permission bits. Proceeding anyway.
[   13.751218] systemd[1]: Configuration file /lib/systemd/system/avahi-daemon.service is marked executable. Please remove executable permission bits. Proceeding anyway.
[   13.772304] systemd[1]: Configuration file /lib/systemd/system/avahi-daemon.socket is marked executable. Please remove executable permission bits. Proceeding anyway.
[   13.794053] systemd[1]: Configuration file /lib/systemd/system/systemd-update-utmp-runlevel.service is marked executable. Please remove executable permission bits. Proceeding anyway.
[   13.816672] systemd[1]: Configuration file /lib/systemd/system/rescue.service is marked executable. Please remove executable permission bits. Proceeding anyway.
[   13.836404] systemd[1]: Configuration file /lib/systemd/system/initrd-parse-etc.service is marked executable. Please remove executable permission bits. Proceeding anyway.
[   13.857489] systemd[1]: Configuration file /lib/systemd/system/initrd-root-device.target is marked executable. Please remove executable permission bits. Proceeding anyway.
[   13.878929] systemd[1]: Configuration file /lib/systemd/system/basic.target is marked executable. Please remove executable permission bits. Proceeding anyway.
[   13.898539] systemd[1]: Configuration file /lib/systemd/system/timers.target is marked executable. Please remove executable permission bits. Proceeding anyway.
[   13.920473] systemd[1]: Configuration file /lib/systemd/system/systemd-tmpfiles-clean.timer is marked executable. Please remove executable permission bits. Proceeding anyway.
[   13.942013] systemd[1]: Configuration file /lib/systemd/system/systemd-tmpfiles-clean.service is marked executable. Please remove executable permission bits. Proceeding anyway.
[   13.963575] systemd[1]: Configuration file /lib/systemd/system/initrd-fs.target is marked executable. Please remove executable permission bits. Proceeding anyway.
[   13.983783] systemd[1]: Configuration file /lib/systemd/system/initrd-root-fs.target is marked executable. Please remove executable permission bits. Proceeding anyway.
[   14.004783] systemd[1]: Configuration file /lib/systemd/system/initrd-udevadm-cleanup-db.service is marked executable. Please remove executable permission bits. Proceeding anyway.
[   14.027147] systemd[1]: Configuration file /lib/systemd/system/systemd-udev-settle.service is marked executable. Please remove executable permission bits. Proceeding anyway.
[   14.048458] systemd[1]: Configuration file /lib/systemd/system/initrd-switch-root.service is marked executable. Please remove executable permission bits. Proceeding anyway.
[   14.069795] systemd[1]: Configuration file /lib/systemd/system/paths.target is marked executable. Please remove executable permission bits. Proceeding anyway.
[   14.089296] systemd[1]: Configuration file /lib/systemd/system/sys-kernel-debug.mount is marked executable. Please remove executable permission bits. Proceeding anyway.
[   14.110368] systemd[1]: Configuration file /lib/systemd/system/sys-kernel-config.mount is marked executable. Please remove executable permission bits. Proceeding anyway.
[   14.131455] systemd[1]: Configuration file /lib/systemd/system/sys-fs-fuse-connections.mount is marked executable. Please remove executable permission bits. Proceeding anyway.
[   14.153445] systemd[1]: Configuration file /lib/systemd/system/psplash-systemd.service is marked executable. Please remove executable permission bits. Proceeding anyway.
[   14.173532] systemd[1]: Configuration file /lib/systemd/system/psplash-start.service is marked executable. Please remove executable permission bits. Proceeding anyway.
[   14.193665] systemd[1]: Configuration file /lib/systemd/system/ldconfig.service is marked executable. Please remove executable permission bits. Proceeding anyway.
[   14.213536] systemd[1]: Configuration file /lib/systemd/system/kmod-static-nodes.service is marked executable. Please remove executable permission bits. Proceeding anyway.
[   14.234933] systemd[1]: Configuration file /lib/systemd/system/dev-mqueue.mount is marked executable. Please remove executable permission bits. Proceeding anyway.
[   14.255442] systemd[1]: Configuration file /lib/systemd/system/dev-hugepages.mount is marked executable. Please remove executable permission bits. Proceeding anyway.
[   14.275859] systemd[1]: Configuration file /lib/systemd/system/emergency.service is marked executable. Please remove executable permission bits. Proceeding anyway.
[   14.296181] systemd[1]: Configuration file /lib/systemd/system/syslog.socket is marked executable. Please remove executable permission bits. Proceeding anyway.
[   14.316524] systemd[1]: Configuration file /lib/systemd/system/systemd-journald-audit.socket is marked executable. Please remove executable permission bits. Proceeding anyway.
[   14.338012] systemd[1]: Configuration file /lib/systemd/system/systemd-journald-dev-log.socket is marked executable. Please remove executable permission bits. Proceeding anyway.
[   14.359997] systemd[1]: Configuration file /lib/systemd/system/sockets.target is marked executable. Please remove executable permission bits. Proceeding anyway.
[   14.393608] systemd[1]: Configuration file /lib/systemd/system/systemd-networkd.socket is marked executable. Please remove executable permission bits. Proceeding anyway.
[   14.414256] systemd[1]: Configuration file /lib/systemd/system/systemd-initctl.socket is marked executable. Please remove executable permission bits. Proceeding anyway.
[   14.435130] systemd[1]: Configuration file /lib/systemd/system/systemd-initctl.service is marked executable. Please remove executable permission bits. Proceeding anyway.
[   14.456307] systemd[1]: Configuration file /lib/systemd/system/dropbear.socket is marked executable. Please remove executable permission bits. Proceeding anyway.
[   14.476428] systemd[1]: Configuration file /lib/systemd/system/var-volatile-srv.service is marked executable. Please remove executable permission bits. Proceeding anyway.
[   14.497854] systemd[1]: Configuration file /lib/systemd/system/var-volatile-spool.service is marked executable. Please remove executable permission bits. Proceeding anyway.
[   14.519314] systemd[1]: Configuration file /lib/systemd/system/var-volatile-lib.service is marked executable. Please remove executable permission bits. Proceeding anyway.
[   14.540649] systemd[1]: Configuration file /lib/systemd/system/var-volatile-cache.service is marked executable. Please remove executable permission bits. Proceeding anyway.
[   14.561793] systemd[1]: Configuration file /lib/systemd/system/tmp.mount is marked executable. Please remove executable permission bits. Proceeding anyway.
[   14.581169] systemd[1]: Configuration file /lib/systemd/system/systemd-remount-fs.service is marked executable. Please remove executable permission bits. Proceeding anyway.
[   14.602279] systemd[1]: Configuration file /lib/systemd/system/systemd-fsck-root.service is marked executable. Please remove executable permission bits. Proceeding anyway.
[   14.623589] systemd[1]: Configuration file /lib/systemd/system/emergency.target is marked executable. Please remove executable permission bits. Proceeding anyway.
[   14.643752] systemd[1]: Configuration file /lib/systemd/system/local-fs-pre.target is marked executable. Please remove executable permission bits. Proceeding anyway.
[   14.664346] systemd[1]: Configuration file /lib/systemd/system/shutdown.target is marked executable. Please remove executable permission bits. Proceeding anyway.
[   14.686098] systemd[1]: system-getty.slice: unit configures an IP firewall, but the local system does not support BPF/cgroup firewalling.
[   14.701281] systemd[1]: (This warning is only shown for the first unit using IP firewalling.)
[   14.713100] systemd[1]: Created slice system-getty.slice.
[[0;32m  OK  [0m] Created slice [0;1;39msystem-getty.slice[0m.
[   14.734772] systemd[1]: Created slice system-serial\x2dgetty.slice.
[[0;32m  OK  [0m] Created slice [0;1;39msystem-serial\x2dgetty.slice[0m.
[   14.762576] systemd[1]: Created slice User and Session Slice.
[[0;32m  OK  [0m] Created slice [0;1;39mUser and Session Slice[0m.
[   14.786214] systemd[1]: Started Dispatch Password Requests to Console Directory Watch.
[[0;32m  OK  [0m] Started [0;1;39mDispatch Password …ts to Console Directory Watch[0m.
[   14.814113] systemd[1]: Started Forward Password Requests to Wall Directory Watch.
[[0;32m  OK  [0m] Started [0;1;39mForward Password R…uests to Wall Directory Watch[0m.
[   14.842049] systemd[1]: Reached target Paths.
[[0;32m  OK  [0m] Reached target [0;1;39mPaths[0m.
[   14.862156] systemd[1]: Reached target Remote File Systems.
[[0;32m  OK  [0m] Reached target [0;1;39mRemote File Systems[0m.
[   14.886041] systemd[1]: Reached target Slices.
[[0;32m  OK  [0m] Reached target [0;1;39mSlices[0m.
[   14.910087] systemd[1]: Reached target Swap.
[[0;32m  OK  [0m] Reached target [0;1;39mSwap[0m.
[   14.936834] systemd[1]: Listening on RPCbind Server Activation Socket.
[[0;32m  OK  [0m] Listening on [0;1;39mRPCbind Server Activation Socket[0m.
[   14.966085] systemd[1]: Reached target RPC Port Mapper.
[[0;32m  OK  [0m] Reached target [0;1;39mRPC Port Mapper[0m.
[   14.994374] systemd[1]: Listening on initctl Compatibility Named Pipe.
[[0;32m  OK  [0m] Listening on [0;1;39minitctl Compatibility Named Pipe[0m.
[   15.024070] systemd[1]: Listening on Journal Audit Socket.
[[0;32m  OK  [0m] Listening on [0;1;39mJournal Audit Socket[0m.
[   15.051705] systemd[1]: Listening on Journal Socket (/dev/log).
[[0;32m  OK  [0m] Listening on [0;1;39mJournal Socket (/dev/log)[0m.
[   15.078664] systemd[1]: Listening on Journal Socket.
[[0;32m  OK  [0m] Listening on [0;1;39mJournal Socket[0m.
[   15.107895] systemd[1]: Listening on Network Service Netlink Socket.
[[0;32m  OK  [0m] Listening on [0;1;39mNetwork Service Netlink Socket[0m.
[   15.136087] systemd[1]: Listening on udev Control Socket.
[[0;32m  OK  [0m] Listening on [0;1;39mudev Control Socket[0m.
[   15.162511] systemd[1]: Listening on udev Kernel Socket.
[[0;32m  OK  [0m] Listening on [0;1;39mudev Kernel Socket[0m.
[   15.195395] systemd[1]: Mounting Huge Pages File System...
         Mounting [0;1;39mHuge Pages File System[0m...
[   15.227330] systemd[1]: Mounting POSIX Message Queue File System...
         Mounting [0;1;39mPOSIX Message Queue File System[0m...
[   15.259197] systemd[1]: Mounting Kernel Debug File System...
         Mounting [0;1;39mKernel Debug File System[0m...
[   15.294351] systemd[1]: Mounting Temporary Directory (/tmp)...
         Mounting [0;1;39mTemporary Directory (/tmp)[0m...
[   15.328096] systemd[1]: Starting Create list of static device nodes for the current kernel...
         Starting [0;1;39mCreate list of st…odes for the current kernel[0m...
[   15.363187] systemd[1]: Starting Start psplash boot splash screen...
         Starting [0;1;39mStart psplash boot splash screen[0m...
[   15.397470] systemd[1]: Starting RPC Bind...
         Starting [0;1;39mRPC Bind[0m...
[   15.418214] systemd[1]: Condition check resulted in File System Check on Root Device being skipped.
[   15.435461] systemd[1]: Starting Journal Service...
         Starting [0;1;39mJournal Service[0m...
[   15.455429] systemd-journald[347]: Configuration file /etc/systemd/journald.conf is marked executable. Please remove executable permission bits. Proceeding anyway.
[   15.460622] systemd[1]: Starting Load Kernel Modules...
[   15.471643] systemd-journald[347]: Configuration file /lib/systemd/journald.conf.d/00-systemd-conf.conf is marked executable. Please remove executable permission bits. Proceeding anyway.
         Starting [0;1;39mLoad Kernel Modules[0m...
[   15.510971] systemd[1]: Starting Remount Root and Kernel File Systems...
         Starting [0;1;39mRemount Root and Kernel File Systems[0m...
[   15.540854] systemd[1]: Starting udev Coldplug all Devices...
         Starting [0;1;39mudev Coldplug all Devices[0m...
[   15.565274] systemd[1]: Started Start psplash boot splash screen.
[[0;32m  OK  [0m] Started [0;1;39mStart psplash boot splash screen[0m.
[   15.590446] systemd[1]: Started RPC Bind.
[[0;32m  OK  [0m] Started [0;1;39mRPC Bind[0m.
[   15.614422] systemd[1]: Started Journal Service.
[[0;32m  OK  [0m] Started [0;1;39mJournal Service[0m.
[[0;32m  OK  [0m] Mounted [0;1;39mHuge Pages File System[0m.
[[0;32m  OK  [0m] Mounted [0;1;39mPOSIX Message Queue File System[0m.
[[0;32m  OK  [0m] Mounted [0;1;39mKernel Debug File System[0m.
[[0;32m  OK  [0m] Mounted [0;1;39mTemporary Directory (/tmp)[0m.
[[0;32m  OK  [0m] Started [0;1;39mCreate list of sta… nodes for the current kernel[0m.
[[0;32m  OK  [0m] Started [0;1;39mLoad Kernel Modules[0m.
[[0;32m  OK  [0m] Started [0;1;39mRemount Root and Kernel File Systems[0m.
         Mounting [0;1;39mKernel Configuration File System[0m...
[[0;32m  OK  [0m] Started [0;1;39mStart psplash-syst…progress communication helper[0m.
         Starting [0;1;39mFlush Journal to Persistent Storage[0m...
         Startin[   15.829420] systemd-journald[347]: Received client request to flush runtime journal.
g [0;1;39mApply Kernel Variables[0m...
         Starting [0;1;39mCreate Static Device Nodes in /dev[0m...
[[0;32m  OK  [0m] Mounted [0;1;39mKernel Configuration File System[0m.
[[0;32m  OK  [0m] Started [0;1;39mFlush Journal to Persistent Storage[0m.
[[0;32m  OK  [0m] Started [0;1;39mApply Kernel Variables[0m.
[[0;32m  OK  [0m] Started [0;1;39mCreate Static Device Nodes in /dev[0m.
[[0;32m  OK  [0m] Reached target [0;1;39mLocal File Systems (Pre)[0m.
         Mounting [0;1;39m/var/volatile[0m...
         Starting [0;1;39mudev Kernel Device Manager[0m...
[[0;32m  OK  [0m] Mounted [0;1;39m/var/volatile[0m.
         Starting [0;1;39mLoad/Save Random Seed[0m...
[[0;32m  OK  [0m] Reached target [0;1;39mLocal File Systems[0m.
         Starting [0;1;39mCreate Volatile Files and Directories[0m...
[[0;32m  OK  [0m] Started [0;1;39mLoad/Save Random Seed[0m.
[[0;32m  OK  [0m] Started [0;1;39mudev Kernel Device Manager[0m.
[[0;32m  OK  [0m] Started [0;1;39mudev Coldplug all Devices[0m.
         Starting [0;1;39mNetwork Service[0m...
[[0;32m  OK  [0m] Started [0;1;39mCreate Volatile Files and Directories[0m.
         Starting [0;1;39mNetwork Time Synchronization[0m...
         Starting [0;1;39mUpdate UTMP about System Boot/Shutdown[0m...
[[0;32m  OK  [0m] Started [0;1;39mNetwork Service[0m.
         Starting [0;1;39mNetwork Name Resolution[0m...
[[0;32m  OK  [0m] Started [0;1;39mUpdate UTMP about System Boot/Shutdown[0m.
[[0;32m  OK  [0m] Started [0;1;39mNetwork Time Synchronization[0m.
[   16.383025] pwm-backlight: probe of backlight failed with error -16
[[0;32m  OK  [0m] Reached target [0;1;39mSystem Initialization[0m.
[[0;32m  OK  [0m] Started [0;1;39mDaily Cleanup of Temporary Directories[0m.
[[0;32m  OK  [0m] Reached target [0;1;39mSystem Time Set[0m.
[[0;32m  OK  [0m] Reached target [0;1;39mSystem Time [   16.442558] at24 7-0050: supply vcc not found, using dummy regulator
Synchronized[0m.
[   16.451474] at24 7-0050: 128 byte br24t01 EEPROM, writable, 8 bytes/write
[[0;32m  OK  [0m] Reached target [0;1;39mTimers[0m.
[[0;32m  OK  [0m] Listening on [0;1;39mAvahi mDNS/DNS-SD Stack Activation Socket[0m.
[[0;32m  OK  [0m] Listening on [0;1;39mD-Bus System Message Bus Socket[0m.
[[0;32m  OK  [0m] Listening on [0;1;39mdropbear.socket[0m.
[[0;32m  OK  [0m] Reached target [0;1;39mSockets[0m.
[[0;32m  OK  [0m] Reached target [0;1;39mBasic System[0m.
[   16.570359] renesas_usb3 ee020000.usb: probed with phy
[[0;32m  OK  [0m] Started [0;1;39mD-Bus System Message Bus[0m.
[   16.599991] ccree e6601000.crypto: ARM CryptoCell 630P Driver: HW version 0xAF400001/0xDCC63000, Driver version 5.0
[[0;32m  OK  [0m] Started [0;1;39moptee services[0m.
[   16.635713] ccree e6601000.crypto: ARM ccree device initialized
         Starting [0;1;39mpvrinit.service[0m...
         Starting [0;1;39mPowerVR consumer services[0m...
         Starting [0;1;39mLogin Service[0m...
[[0;32m  OK  [0m] Started [0;1;39mNetwork Name Resolution[0m.
[[0;1;31mFAILED[0m] Failed to start [0;1;39mPowerVR consumer services[0m.
See 'systemctl status rc.pvr.service' for details.
[[0;1;38;5;185mDEPEND[0m] Dependency failed for [0;1;39mWeston Wayland Compositor[0m.
[[0;1;31mFAILED[0m] Failed to start [0;1;39mpvrinit.service[0m.
See 'systemctl status pvrinit.service' for details.
[[0;32m  OK  [0m] Created slice [0;1;39msystem-weston.slice[0m.
[[0;32m  OK  [0m] Reached target [0;1;39mNetwork[0m.
[[0;32m  OK  [0m] Reached target [0;1;39mHost and Network Name Lookups[0m.
[[0;32m  OK  [0m] Reached target [0;1;39mHardware activated USB gadget[0m.
         Starting [0;1;39mAvahi mDNS/DNS-SD Stack[0m...
         Starting [0;1;39mset_default_governor.service[0m...
         Starting [0;1;39mPermit User Sessions[0m...
[[0;32m  OK  [0m] Started [0;1;39mXinetd A Powerful Replacement For Inetd[0m.
[   17.082454] rd 0-7: Disabling EAS, schedutil is mandatory
[[0;32m  OK  [0m] Started [0;1;39mPermit User Sessions[0m.
[[0;32m  OK  [0m] Started [0;1;39mLogin Service[0m.
[[0;32m  OK  [0m] Started [0;1;39mAvahi mDNS/DNS-SD Stack[0m.
[[0;32m  OK  [0m] Started [0;1;39mset_default_governor.service[0m.
[[0;32m  OK  [0m] Started [0;1;39mGetty on tty1[0m.
[[0;32m  OK  [0m] Started [0;1;39mSerial Getty on ttySC0[0m.
[[0;32m  OK  [0m] Reached target [0;1;39mLogin Prompts[0m.
[[0;32m  OK  [0m] Reached target [0;1;39mMulti-User System[0m.
         Starting [0;1;39mUpdate UTMP about System Runlevel Changes[0m...
[[0;32m  OK  [0m] Started [0;1;39mUpdate UTMP about System Runlevel Changes[0m.

Poky (Yocto Project Reference Distro) 3.1.11 salvator-x ttySC0

salvator-x login: 
salvator-x login: root
[   19.153325] audit: type=1006 audit(1708653591.135:2): pid=535 uid=0 old-auid=4294967295 auid=0 tty=(none) old-ses=4294967295 ses=1 res=1
7[r[999;999H[6n8root@salvator-x:~# 
root@salvator-x:~# 
root@salvator-x:~# 
root@salvator-x:~# 
root@salvator-x:~# 
root@salvator-x:~# 
root@salvator-x:~# 
root@salvator-x:~# 
root@salvator-x:~# 
----------Prepare----------


root@salvator-x:~# find /sys/devices/platform/soc/ee0a0100.usb/ -name 'sd*'
/sys/devices/platform/soc/ee0a0100.usb/usb1/1-1/1-1:1.0/host1/target1:0:0/1:0:0:0/block/sda
/sys/devices/platform/soc/ee0a0100.usb/usb1/1-1/1-1:1.0/host1/target1:0:0/1:0:0:0/block/sda/sda1
root@salvator-x:~# 
root@salvator-x:~# dd if=/dev/urandom of=testdata bs=10M count=5
5+0 records in
5+0 records out
52428800 bytes (52 MB, 50 MiB) copied, 1.44588 s, 36.3 MB/s
root@salvator-x:~# 
root@salvator-x:~# mkdir -p /mnt/usb
root@salvator-x:~# 
root@salvator-x:~# mount /dev/sda1 /mnt/usb
[   31.522718] EXT4-fs (sda1): mounted filesystem with ordered data mode. Opts: (null)
root@salvator-x:~# 
root@salvator-x:~# cp testdata /mnt/usb/
root@salvator-x:~# 
root@salvator-x:~# umount /mnt/usb
root@salvator-x:~# 
root@salvator-x:~# i2cset -f -y 7 0x30 0x20 0x0f
root@salvator-x:~# 

Switch SW23 off and input 'yes' to continue:
Input 'yes' to continue: 
[   41.950031] SDHI0 VccQ: disabling
[   41.953423] SDHI3 VccQ: disabling

root@salvator-x:~# echo N > /sys/module/printk/parameters/console_suspend
root@salvator-x:~# 
root@salvator-x:~# echo mem > /sys/power/state
[   44.338092] PM: suspend entry (deep)
[   44.341792] Filesystems sync: 0.000 seconds
[   44.347585] Freezing user space processes ... (elapsed 0.001 seconds) done.
[   44.349227] OOM killer disabled.
[   44.349229] Freezing remaining freezable tasks ... (elapsed 0.001 seconds) done.
[   44.776565] ravb e6800000.ethernet eth0: Link is Down
[   44.792451] Disabling non-boot CPUs ...
[   44.796903] CPU1: shutdown
[   44.799627] psci: CPU1 killed (polled 0 ms)
[   44.805445] CPU2: shutdown
[   44.808195] psci: CPU2 killed (polled 0 ms)
[   44.813900] CPU3: shutdown
[   44.816614] psci: CPU3 killed (polled 0 ms)
[   44.822750] CPU4: shutdown
[   44.825462] psci: CPU4 killed (polled 0 ms)
[   44.831217] CPU5: shutdown
[   44.834023] psci: CPU5 killed (polled 0 ms)
[   44.839566] CPU6: shutdown
[   44.842328] psci: CPU6 killed (polled 0 ms)
[   44.848116] CPU7: shutdown
[   44.850898] psci: CPU7 killed (polled 0 ms)
 
 Switch power switch: 

NOTICE:  BL2: R-Car Gen3 Initial Program Loader(CA57) Rev.4.0.0
NOTICE:  BL2: PRR is R-Car H3 Ver.3.0
NOTICE:  BL2: Board is Salvator-XS Rev.1.0
NOTICE:  BL2: Boot device is HyperFlash(160MHz)
NOTICE:  BL2: LCM state is CM
NOTICE:  AVS setting succeeded. DVFS_SetVID=0x53
NOTICE:  BL2: DDR3200(rev.0.42)
NOTICE:  BL2: [WARM_BOOT]
NOTICE:  BL2: DRAM Split is 4ch(DDR f)
NOTICE:  BL2: QoS is default setting(rev.0.11)
NOTICE:  BL2: DRAM refresh interval 1.95 usec
NOTICE:  BL2: Periodic Write DQ Training
NOTICE:  BL2: CH0: 400000000 - 47fffffff, 2 GiB
NOTICE:  BL2: CH1: 500000000 - 57fffffff, 2 GiB
NOTICE:  BL2: CH2: 600000000 - 67fffffff, 2 GiB
NOTICE:  BL2: CH3: 700000000 - 77fffffff, 2 GiB
NOTICE:  BL2: Lossy Decomp areas
NOTICE:       Entry 0: DCMPAREACRAx:0x80000540 DCMPAREACRBx:0x570
NOTICE:       Entry 1: DCMPAREACRAx:0x40000000 DCMPAREACRBx:0x0
NOTICE:       Entry 2: DCMPAREACRAx:0x20000000 DCMPAREACRBx:0x0
NOTICE:  BL2: FDT at 0xe6327f70
NOTICE:  BL2: v2.9(release):9cdb21f75
NOTICE:  BL2: Built : 05:25:39, Dec 19 2023
NOTICE:  BL2: Normal boot
[   44.856177] Enabling non-boot CPUs ...
[   44.860216] Detected PIPT I-cache on CPU1
[   44.860270] CPU1: Booted secondary processor 0x0000000001 [0x411fd073]
[   44.860739] CPU1 is up
[   44.873803] Detected PIPT I-cache on CPU2
[   44.873826] CPU2: Booted secondary processor 0x0000000002 [0x411fd073]
[   44.874102] CPU2 is up
[   44.887115] Detected PIPT I-cache on CPU3
[   44.887138] CPU3: Booted secondary processor 0x0000000003 [0x411fd073]
[   44.887415] CPU3 is up
[   44.900473] Detected VIPT I-cache on CPU4
[   44.900526] CPU4: Booted secondary processor 0x0000000100 [0x410fd034]
[   44.901416] CPU4 is up
[   44.914429] Detected VIPT I-cache on CPU5
[   44.914462] CPU5: Booted secondary processor 0x0000000101 [0x410fd034]
[   44.915024] CPU5 is up
[   44.928030] Detected VIPT I-cache on CPU6
[   44.928063] CPU6: Booted secondary processor 0x0000000102 [0x410fd034]
[   44.928738] CPU6 is up
[   44.941744] Detected VIPT I-cache on CPU7
[   44.941777] CPU7: Booted secondary processor 0x0000000103 [0x410fd034]
[   44.942439] CPU7 is up
[   45.014665] xhci-hcd ee000000.usb: xHC error in resume, USBSTS 0x401, Reinit
[   45.021708] usb usb7: root hub lost power or was reset
[   45.026828] usb usb8: root hub lost power or was reset
[   45.084681] Micrel KSZ9031 Gigabit PHY e6800000.ethernet-ffffffff:00: attached PHY driver [Micrel KSZ9031 Gigabit PHY] (mii_bus:phy_addr=e6800000.ethernet-ffffffff:00, irq=183)
[   45.199974] usb usb4: root hub lost power or was reset
[   45.205259] usb usb1: root hub lost power or was reset
[   45.291968] usb usb5: root hub lost power or was reset
[   45.297239] usb usb2: root hub lost power or was reset
[   45.383975] usb usb6: root hub lost power or was reset
[   45.389153] usb usb3: root hub lost power or was reset
[   45.507964] usb usb10: root hub lost power or was reset
[   45.513312] usb usb9: root hub lost power or was reset
[   45.521956] ata1: link resume succeeded after 1 retries
[   45.633551] ata1: SATA link down (SStatus 0 SControl 300)
[   45.837964] usb 1-1: reset high-speed USB device number 2 using ehci-platform
[   46.005889] OOM killer enabled.
[   46.009735] Restarting tasks ... done.
root@salvator-x:~# [   46.015584] PM: suspend exit
[   52.746530] ravb e6800000.ethernet eth0: Link is Up - 1Gbps/Full - flow control off

root@salvator-x:~# echo "Wake up sucessfully"
Wake up sucessfully
root@salvator-x:~# 
root@salvator-x:~# find /sys/devices/platform/soc/ee0a0100.usb/ -name 'sd*'
/sys/devices/platform/soc/ee0a0100.usb/usb1/1-1/1-1:1.0/host1/target1:0:0/1:0:0:0/block/sda
/sys/devices/platform/soc/ee0a0100.usb/usb1/1-1/1-1:1.0/host1/target1:0:0/1:0:0:0/block/sda/sda1
root@salvator-x:~# 
root@salvator-x:~# mount /dev/sda1 /mnt/usb
[   63.338012] EXT4-fs (sda1): mounted filesystem with ordered data mode. Opts: (null)
root@salvator-x:~# 
root@salvator-x:~# cp testdata /mnt/usb/testdata_from_nfs
root@salvator-x:~# 
root@salvator-x:~# cp /mnt/usb/testdata_from_nfs testdata_from_usb
root@salvator-x:~# 
root@salvator-x:~# sync
root@salvator-x:~# 
root@salvator-x:~# cmp testdata testdata_from_usb
root@salvator-x:~# 
root@salvator-x:~# umount /mnt/usb
root@salvator-x:~# 
 
#### Result: OK ####
