

----------Item 9----------


Please press switch to restart board 

[F 00:00:120
[F 00:00:119
[F 00:00:118
[F 00:00:117
NOTICE:  BL2: R-Car Gen3 Initial Program Loader(CA57) Rev.4.0.0
NOTICE:  BL2: PRR is R-Car H3 Ver.3.0
NOTICE:  BL2: Board is Salvator-XS Rev.1.0
NOTICE:  BL2: Boot device is HyperFlash(160MHz)
NOTICE:  BL2: LCM state is CM
NOTICE:  AVS setting succeeded. DVFS_SetVID=0x53
NOTICE:  BL2: DDR3200(rev.0.42)
NOTICE:  BL2: [COLD_BOOT]
NOTICE:  BL2: DRAM Split is 4ch(DDR f)
NOTICE:  BL2: QoS is default setting(rev.0.11)
NOTICE:  BL2: DRAM refresh interval 1.95 usec
NOTICE:  BL2: Periodic Write DQ Training
NOTICE:  BL2: CH0: 400000000 - 47fffffff, 2 GiB
NOTICE:  BL2: CH1: 500000000 - 57fffffff, 2 GiB
NOTICE:  BL2: CH2: 600000000 - 67fffffff, 2 GiB
NOTICE:  BL2: CH3: 700000000 - 77fffffff, 2 GiB
NOTICE:  BL2: Lossy Decomp areas
NOTICE:       Entry 0: DCMPAREACRAx:0x80000540 DCMPAREACRBx:0x570
NOTICE:       Entry 1: DCMPAREACRAx:0x40000000 DCMPAREACRBx:0x0
NOTICE:       Entry 2: DCMPAREACRAx:0x20000000 DCMPAREACRBx:0x0
NOTICE:  BL2: FDT at 0xe6327f70
NOTICE:  BL2: v2.9(release):9cdb21f75
NOTICE:  BL2: Built : 05:25:39, Dec 19 2023
NOTICE:  BL2: Normal boot
NOTICE:  BL2: dst=0xe6327800 src=0x8180000 len=512(0x200)
NOTICE:  BL2: dst=0x43f00000 src=0x8180400 len=6144(0x1800)
NOTICE:  rcar_file_len: len: 0x0003e000
NOTICE:  BL2: dst=0x44000000 src=0x81c0000 len=253952(0x3e000)
NOTICE:  rcar_file_len: len: 0x00200000
NOTICE:  BL2: dst=0x44100000 src=0x8200000 len=2097152(0x200000)
NOTICE:  rcar_file_len: len: 0x00100000
NOTICE:  BL2: dst=0x50000000 src=0x8640000 len=1048576(0x100000)
NOTICE:  BL2: Booting BL31


U-Boot 2020.10 (Dec 19 2023 - 14:30:40 +0000)

CPU: Renesas Electronics R8A7795 rev 3.0
Model: Renesas Salvator-X 2nd version board based on r8a77951
DRAM:  7.9 GiB
RAM Configuration:
Bank #0: 0x048000000 - 0x0bfffffff, 1.9 GiB
Bank #1: 0x500000000 - 0x57fffffff, 2 GiB
Bank #2: 0x600000000 - 0x67fffffff, 2 GiB
Bank #3: 0x700000000 - 0x77fffffff, 2 GiB

MMC:   sd@ee100000: 0, sd@ee140000: 1, sd@ee160000: 2
Loading Environment from MMC... OK
In:    serial@e6e88000
Out:   serial@e6e88000
Err:   serial@e6e88000
Net:   eth0: ethernet@e6800000
Hit any key to stop autoboot:  2  1  0 
ethernet@e6800000 Waiting for PHY auto negotiation to complete.......... done
Using ethernet@e6800000 device
TFTP from server 192.168.10.99; our IP address is 192.168.10.167
Filename 'traivo/H3/rootfs/boot_USB2H/Image'.
Load address: 0x48080000
Loading: *#################################################################
	 #################################################################
	 #################################################################
	 #################################################################
	 #################################################################
	 #################################################################
	 #################################################################
	 #################################################################
	 #################################################################
	 #################################################################
	 #################################################################
	 #################################################################
	 #################################################################
	 #################################################################
	 #################################################################
	 #################################################################
	 #################################################################
	 #################################################################
	 #################################################################
	 #################################################################
	 #################################################################
	 #################################################################
	 #################################################################
	 #################################################################
	 #################################################################
	 #################################################################
	 #################################################################
	 #################################################################
	 #################################################################
	 #################################################################
	 #################################################################
	 #################################################################
	 #################################################################
	 #################################################################
	 ################################################################
	 15.6 MiB/s
done
Bytes transferred = 33376768 (1fd4a00 hex)
Using ethernet@e6800000 device
TFTP from server 192.168.10.99; our IP address is 192.168.10.167
Filename 'traivo/H3/rootfs/boot_USB2H/r8a77951-salvator-xs.dtb'.
Load address: 0x48000000
Loading: *#######
	 7.9 MiB/s
done
Bytes transferred = 90876 (162fc hex)
Moving Image from 0x48080000 to 0x48200000, end=4a260000
## Flattened Device Tree blob at 48000000
   Booting using the fdt blob at 0x48000000
   Loading Device Tree to 0000000053fe6000, end 0000000053fff2fb ... OK

Starting kernel ...

[    0.000000] Booting Linux on physical CPU 0x0000000000 [0x411fd073]
[    0.000000] Linux version 5.10.194-yocto-standard (thuan.nguyen-hong@banvien) (aarch64-poky-linux-gcc (GCC) 9.3.0, GNU ld (GNU Binutils) 2.34.0.20200220) #10 SMP PREEMPT Mon Feb 19 03:51:05 UTC 2024
[    0.000000] Machine model: Renesas Salvator-X 2nd version board based on r8a77951
[    0.000000] efi: UEFI not found.
[    0.000000] Reserved memory: created CMA memory pool at 0x0000000057000000, size 16 MiB
[    0.000000] OF: reserved mem: initialized node linux,adsp@57000000, compatible id shared-dma-pool
[    0.000000] Reserved memory: created CMA memory pool at 0x0000000058000000, size 384 MiB
[    0.000000] OF: reserved mem: initialized node linux,cma@58000000, compatible id shared-dma-pool
[    0.000000] Reserved memory: created CMA memory pool at 0x0000000070000000, size 256 MiB
[    0.000000] OF: reserved mem: initialized node linux,multimedia@70000000, compatible id shared-dma-pool
[    0.000000] NUMA: No NUMA configuration found
[    0.000000] NUMA: Faking a node at [mem 0x0000000048000000-0x000000077fffffff]
[    0.000000] NUMA: NODE_DATA [mem 0x77efdab00-0x77efdcfff]
[    0.000000] Zone ranges:
[    0.000000]   DMA      [mem 0x0000000048000000-0x000000007fffffff]
[    0.000000]   DMA32    [mem 0x0000000080000000-0x00000000ffffffff]
[    0.000000]   Normal   [mem 0x0000000100000000-0x000000077fffffff]
[    0.000000] Movable zone start for each node
[    0.000000] Early memory node ranges
[    0.000000]   node   0: [mem 0x0000000048000000-0x0000000053ffffff]
[    0.000000]   node   0: [mem 0x0000000054000000-0x0000000056ffffff]
[    0.000000]   node   0: [mem 0x0000000057000000-0x00000000bfffffff]
[    0.000000]   node   0: [mem 0x0000000500000000-0x000000057fffffff]
[    0.000000]   node   0: [mem 0x0000000600000000-0x000000067fffffff]
[    0.000000]   node   0: [mem 0x0000000700000000-0x000000077fffffff]
[    0.000000] Initmem setup node 0 [mem 0x0000000048000000-0x000000077fffffff]
[    0.000000] psci: probing for conduit method from DT.
[    0.000000] psci: PSCIv1.1 detected in firmware.
[    0.000000] psci: Using standard PSCI v0.2 function IDs
[    0.000000] psci: Trusted OS resident on physical CPU 0x0
[    0.000000] psci: SMC Calling Convention v1.2
[    0.000000] percpu: Embedded 23 pages/cpu s56984 r8192 d29032 u94208
[    0.000000] Detected PIPT I-cache on CPU0
[    0.000000] CPU features: detected: EL2 vector hardening
[    0.000000] CPU features: detected: Spectre-v2
[    0.000000] CPU features: detected: ARM errata 1165522, 1319367, or 1530923
[    0.000000] CPU features: detected: Spectre-BHB
[    0.000000] CPU features: detected: ARM erratum 1742098
[    0.000000] Built 1 zonelists, mobility grouping on.  Total pages: 2032128
[    0.000000] Policy zone: Normal
[    0.000000] Kernel command line: rw root=/dev/nfs nfsroot=192.168.10.99:/data/tftpboot/traivo/H3/rootfs,nfsvers=4, ip=192.168.10.167
[    0.000000] Dentry cache hash table entries: 1048576 (order: 11, 8388608 bytes, linear)
[    0.000000] Inode-cache hash table entries: 524288 (order: 10, 4194304 bytes, linear)
[    0.000000] mem auto-init: stack:off, heap alloc:off, heap free:off
[    0.000000] software IO TLB: mapped [mem 0x000000004ffe6000-0x0000000053fe6000] (64MB)
[    0.000000] Memory: 7276840K/8257536K available (15232K kernel code, 2834K rwdata, 8240K rodata, 6144K init, 517K bss, 308952K reserved, 671744K cma-reserved)
[    0.000000] SLUB: HWalign=64, Order=0-3, MinObjects=0, CPUs=8, Nodes=1
[    0.000000] rcu: Preemptible hierarchical RCU implementation.
[    0.000000] rcu: 	RCU event tracing is enabled.
[    0.000000] rcu: 	RCU restricting CPUs from NR_CPUS=256 to nr_cpu_ids=8.
[    0.000000] 	Trampoline variant of Tasks RCU enabled.
[    0.000000] rcu: RCU calculated value of scheduler-enlistment delay is 25 jiffies.
[    0.000000] rcu: Adjusting geometry for rcu_fanout_leaf=16, nr_cpu_ids=8
[    0.000000] NR_IRQS: 64, nr_irqs: 64, preallocated irqs: 0
[    0.000000] arch_timer: cp15 timer(s) running at 8.32MHz (virt).
[    0.000000] clocksource: arch_sys_counter: mask: 0xffffffffffffff max_cycles: 0x1eb398c07, max_idle_ns: 440795202503 ns
[    0.000003] sched_clock: 56 bits at 8MHz, resolution 120ns, wraps every 2199023255503ns
[    0.000207] Console: colour dummy device 80x25
[    0.000414] printk: console [tty0] enabled
[    0.000491] Calibrating delay loop (skipped), value calculated using timer frequency.. 16.64 BogoMIPS (lpj=33280)
[    0.000508] pid_max: default: 32768 minimum: 301
[    0.000566] LSM: Security Framework initializing
[    0.000655] Mount-cache hash table entries: 16384 (order: 5, 131072 bytes, linear)
[    0.000707] Mountpoint-cache hash table entries: 16384 (order: 5, 131072 bytes, linear)
[    0.002145] rcu: Hierarchical SRCU implementation.
[    0.003737] Detected Renesas R-Car Gen3 r8a7795 ES3.0
[    0.005865] EFI services will not be available.
[    0.006203] smp: Bringing up secondary CPUs ...
[    0.006661] Detected PIPT I-cache on CPU1
[    0.006709] CPU1: Booted secondary processor 0x0000000001 [0x411fd073]
[    0.007201] Detected PIPT I-cache on CPU2
[    0.007227] CPU2: Booted secondary processor 0x0000000002 [0x411fd073]
[    0.007651] Detected PIPT I-cache on CPU3
[    0.007673] CPU3: Booted secondary processor 0x0000000003 [0x411fd073]
[    0.008145] CPU features: detected: ARM erratum 845719
[    0.008158] Detected VIPT I-cache on CPU4
[    0.008204] CPU4: Booted secondary processor 0x0000000100 [0x410fd034]
[    0.008679] Detected VIPT I-cache on CPU5
[    0.008706] CPU5: Booted secondary processor 0x0000000101 [0x410fd034]
[    0.009146] Detected VIPT I-cache on CPU6
[    0.009172] CPU6: Booted secondary processor 0x0000000102 [0x410fd034]
[    0.009603] Detected VIPT I-cache on CPU7
[    0.009631] CPU7: Booted secondary processor 0x0000000103 [0x410fd034]
[    0.009708] smp: Brought up 1 node, 8 CPUs
[    0.009770] SMP: Total of 8 processors activated.
[    0.009778] CPU features: detected: 32-bit EL0 Support
[    0.009786] CPU features: detected: CRC32 instructions
[    0.009793] CPU features: detected: 32-bit EL1 Support
[    0.022987] CPU: All CPU(s) started at EL1
[    0.023039] alternatives: patching kernel code
[    0.024201] devtmpfs: initialized
[    0.031001] KASLR disabled due to lack of seed
[    0.031153] clocksource: jiffies: mask: 0xffffffff max_cycles: 0xffffffff, max_idle_ns: 7645041785100000 ns
[    0.031173] futex hash table entries: 2048 (order: 5, 131072 bytes, linear)
[    0.039815] pinctrl core: initialized pinctrl subsystem
[    0.041282] DMI not present or invalid.
[    0.041784] NET: Registered protocol family 16
[    0.042733] DMA: preallocated 1024 KiB GFP_KERNEL pool for atomic allocations
[    0.042930] DMA: preallocated 1024 KiB GFP_KERNEL|GFP_DMA pool for atomic allocations
[    0.043220] DMA: preallocated 1024 KiB GFP_KERNEL|GFP_DMA32 pool for atomic allocations
[    0.043261] audit: initializing netlink subsys (disabled)
[    0.043445] audit: type=2000 audit(0.040:1): state=initialized audit_enabled=0 res=1
[    0.044610] thermal_sys: Registered thermal governor 'power_allocator'
[    0.045134] cpuidle: using governor menu
[    0.045299] hw-breakpoint: found 6 breakpoint and 4 watchpoint registers.
[    0.045422] ASID allocator initialised with 65536 entries
[    0.046714] Serial: AMBA PL011 UART driver
[    0.089530] sh-pfc e6060000.pinctrl: r8a77951_pfc support registered
[    0.104290] HugeTLB registered 1.00 GiB page size, pre-allocated 0 pages
[    0.104303] HugeTLB registered 32.0 MiB page size, pre-allocated 0 pages
[    0.104311] HugeTLB registered 2.00 MiB page size, pre-allocated 0 pages
[    0.104318] HugeTLB registered 64.0 KiB page size, pre-allocated 0 pages
[    0.105278] cryptd: max_cpu_qlen set to 1000
[    0.107519] ACPI: Interpreter disabled.
[    0.111335] rcar-avs: use avs value: 0
[    0.111360] rcar-avs: cpu@0 is running with: opp_table0
[    0.111372] rcar-avs: cpu@1 is running with: opp_table0
[    0.111383] rcar-avs: cpu@2 is running with: opp_table0
[    0.111392] rcar-avs: cpu@3 is running with: opp_table0
[    0.111477] rcar-avs: gsx@fd000000 is running with: gsx_opp_table0
[    0.112893] iommu: Default domain type: Translated 
[    0.113461] ipmmu-vmsa e67b0000.iommu: IPMMU context 0 is reserved
[    0.114444] vgaarb: loaded
[    0.114633] SCSI subsystem initialized
[    0.114891] usbcore: registered new interface driver usbfs
[    0.114922] usbcore: registered new interface driver hub
[    0.114948] usbcore: registered new device driver usb
[    0.118482] i2c-sh_mobile e60b0000.i2c: I2C adapter 7, bus speed 400000 Hz
[    0.119015] mc: Linux media interface: v0.10
[    0.119037] videodev: Linux video capture interface: v2.00
[    0.119084] pps_core: LinuxPPS API ver. 1 registered
[    0.119091] pps_core: Software ver. 5.3.6 - Copyright 2005-2007 Rodolfo Giometti <giometti@linux.it>
[    0.119105] PTP clock support registered
[    0.119275] EDAC MC: Ver: 3.0.0
[    0.121273] FPGA manager framework
[    0.121332] Advanced Linux Sound Architecture Driver Initialized.
[    0.121938] clocksource: Switched to clocksource arch_sys_counter
[    0.122076] VFS: Disk quotas dquot_6.6.0
[    0.122118] VFS: Dquot-cache hash table entries: 512 (order 0, 4096 bytes)
[    0.122264] pnp: PnP ACPI: disabled
[    0.125758] NET: Registered protocol family 2
[    0.126177] IP idents hash table entries: 131072 (order: 8, 1048576 bytes, linear)
[    0.128429] tcp_listen_portaddr_hash hash table entries: 4096 (order: 4, 65536 bytes, linear)
[    0.128509] TCP established hash table entries: 65536 (order: 7, 524288 bytes, linear)
[    0.128792] TCP bind hash table entries: 65536 (order: 8, 1048576 bytes, linear)
[    0.129378] TCP: Hash tables configured (established 65536 bind 65536)
[    0.129499] UDP hash table entries: 4096 (order: 5, 131072 bytes, linear)
[    0.129613] UDP-Lite hash table entries: 4096 (order: 5, 131072 bytes, linear)
[    0.129829] NET: Registered protocol family 1
[    0.130236] RPC: Registered named UNIX socket transport module.
[    0.130248] RPC: Registered udp transport module.
[    0.130255] RPC: Registered tcp transport module.
[    0.130261] RPC: Registered tcp NFSv4.1 backchannel transport module.
[    0.130273] PCI: CLS 0 bytes, default 64
[    0.131210] hw perfevents: enabled with armv8_cortex_a53 PMU driver, 7 counters available
[    0.131480] hw perfevents: enabled with armv8_cortex_a57 PMU driver, 7 counters available
[    0.132080] kvm [1]: HYP mode not available
[    0.134987] Initialise system trusted keyrings
[    0.135115] workingset: timestamp_bits=42 max_order=21 bucket_order=0
[    0.138215] squashfs: version 4.0 (2009/01/31) Phillip Lougher
[    0.138616] NFS: Registering the id_resolver key type
[    0.138642] Key type id_resolver registered
[    0.138648] Key type id_legacy registered
[    0.138701] nfs4filelayout_init: NFSv4 File Layout Driver Registering...
[    0.138711] nfs4flexfilelayout_init: NFSv4 Flexfile Layout Driver Registering...
[    0.138813] 9p: Installing v9fs 9p2000 file system support
[    0.164830] Key type asymmetric registered
[    0.164842] Asymmetric key parser 'x509' registered
[    0.164873] Block layer SCSI generic (bsg) driver version 0.4 loaded (major 243)
[    0.164884] io scheduler mq-deadline registered
[    0.164893] io scheduler kyber registered
[    0.180992] gpio_rcar e6050000.gpio: driving 16 GPIOs
[    0.181283] gpio_rcar e6051000.gpio: driving 29 GPIOs
[    0.181546] gpio_rcar e6052000.gpio: driving 15 GPIOs
[    0.181879] gpio_rcar e6053000.gpio: driving 16 GPIOs
[    0.182173] gpio_rcar e6054000.gpio: driving 18 GPIOs
[    0.182444] gpio_rcar e6055000.gpio: driving 26 GPIOs
[    0.182778] gpio_rcar e6055400.gpio: driving 32 GPIOs
[    0.183029] gpio_rcar e6055800.gpio: driving 4 GPIOs
[    0.186115] rcar-pcie fe000000.pcie: host bridge /soc/pcie@fe000000 ranges:
[    0.186144] rcar-pcie fe000000.pcie:       IO 0x00fe100000..0x00fe1fffff -> 0x0000000000
[    0.186166] rcar-pcie fe000000.pcie:      MEM 0x00fe200000..0x00fe3fffff -> 0x00fe200000
[    0.186185] rcar-pcie fe000000.pcie:      MEM 0x0030000000..0x0037ffffff -> 0x0030000000
[    0.186199] rcar-pcie fe000000.pcie:      MEM 0x0038000000..0x003fffffff -> 0x0038000000
[    0.186217] rcar-pcie fe000000.pcie:   IB MEM 0x0040000000..0x007fffffff -> 0x0040000000
[    0.186262] rcar-pcie fe000000.pcie: no pcie3v3 regulator found
[    0.186273] rcar-pcie fe000000.pcie: no pcie1v8 regulator found
[    0.253618] rcar-pcie fe000000.pcie: PCIe link down
[    0.253802] rcar-pcie ee800000.pcie: host bridge /soc/pcie@ee800000 ranges:
[    0.253827] rcar-pcie ee800000.pcie:       IO 0x00ee900000..0x00ee9fffff -> 0x0000000000
[    0.253848] rcar-pcie ee800000.pcie:      MEM 0x00eea00000..0x00eebfffff -> 0x00eea00000
[    0.253866] rcar-pcie ee800000.pcie:      MEM 0x00c0000000..0x00c7ffffff -> 0x00c0000000
[    0.253881] rcar-pcie ee800000.pcie:      MEM 0x00c8000000..0x00cfffffff -> 0x00c8000000
[    0.253898] rcar-pcie ee800000.pcie:   IB MEM 0x0040000000..0x007fffffff -> 0x0040000000
[    0.253944] rcar-pcie ee800000.pcie: no pcie3v3 regulator found
[    0.253954] rcar-pcie ee800000.pcie: no pcie1v8 regulator found
[    0.413913] rcar-pcie ee800000.pcie: PCIe link down
[    0.416348] EINJ: ACPI disabled.
[    0.450314] Serial: 8250/16550 driver, 4 ports, IRQ sharing enabled
[    0.452772] SuperH (H)SCI(F) driver initialized
[    0.453201] e6550000.serial: ttySC1 at MMIO 0xe6550000 (irq = 42, base_baud = 0) is a hscif
[    0.453955] e6e88000.serial: ttySC0 at MMIO 0xe6e88000 (irq = 128, base_baud = 0) is a scif
[    1.658676] printk: console [ttySC0] enabled
[    1.664075] msm_serial: driver initialized
[    1.674393] rcar-dw-hdmi fead0000.hdmi: Detected HDMI TX controller v2.01a with HDCP (DWC HDMI 2.0 TX PHY)
[    1.684311] rcar-dw-hdmi fead0000.hdmi: registered DesignWare HDMI I2C bus driver
[    1.692549] rcar-dw-hdmi feae0000.hdmi: Detected HDMI TX controller v2.01a with HDCP (DWC HDMI 2.0 TX PHY)
[    1.702402] rcar-dw-hdmi feae0000.hdmi: registered DesignWare HDMI I2C bus driver
[    1.717851] loop: module loaded
[    1.722453] megasas: 07.714.04.00-rc1
[    1.728179] scsi host0: sata_rcar
[    1.731658] ata1: SATA max UDMA/133 irq 181
[    1.741031] tun: Universal TUN/TAP device driver, 1.6
[    1.746998] thunder_xcv, ver 1.0
[    1.750253] thunder_bgx, ver 1.0
[    1.753495] nicpf, ver 1.0
[    1.757630] hclge is initializing
[    1.760964] hns3: Hisilicon Ethernet Network Driver for Hip08 Family - version
[    1.768187] hns3: Copyright (c) 2017 Huawei Corporation.
[    1.773520] e1000: Intel(R) PRO/1000 Network Driver
[    1.778399] e1000: Copyright (c) 1999-2006 Intel Corporation.
[    1.784164] e1000e: Intel(R) PRO/1000 Network Driver
[    1.789129] e1000e: Copyright(c) 1999 - 2015 Intel Corporation.
[    1.795073] igb: Intel(R) Gigabit Ethernet Network Driver
[    1.800478] igb: Copyright (c) 2007-2014 Intel Corporation.
[    1.806065] igbvf: Intel(R) Gigabit Virtual Function Network Driver
[    1.812332] igbvf: Copyright (c) 2009 - 2012 Intel Corporation.
[    1.818665] sky2: driver version 1.30
[    1.826289] ravb e6800000.ethernet eth0: Base address at 0xe6800000, 2e:09:0a:02:ec:37, IRQ 125.
[    1.836467] VFIO - User Level meta-driver version: 0.3
[    1.843677] ehci_hcd: USB 2.0 'Enhanced' Host Controller (EHCI) Driver
[    1.850216] ehci-pci: EHCI PCI platform driver
[    1.854678] ehci-platform: EHCI generic platform driver
[    1.860288] ehci-platform ee0a0100.usb: EHCI Host Controller
[    1.865969] ehci-platform ee0a0100.usb: new USB bus registered, assigned bus number 1
[    1.873888] ehci-platform ee0a0100.usb: irq 175, io mem 0xee0a0100
[    1.893922] ehci-platform ee0a0100.usb: USB 2.0 started, EHCI 1.10
[    1.900457] hub 1-0:1.0: USB hub found
[    1.904229] hub 1-0:1.0: 1 port detected
[    1.908625] ehci-platform ee0c0100.usb: EHCI Host Controller
[    1.914298] ehci-platform ee0c0100.usb: new USB bus registered, assigned bus number 2
[    1.922188] ehci-platform ee0c0100.usb: irq 176, io mem 0xee0c0100
[    1.941918] ehci-platform ee0c0100.usb: USB 2.0 started, EHCI 1.10
[    1.948450] hub 2-0:1.0: USB hub found
[    1.952218] hub 2-0:1.0: 1 port detected
[    1.981924] ehci-platform ee0e0100.usb: EHCI Host Controller
[    1.987603] ehci-platform ee0e0100.usb: new USB bus registered, assigned bus number 3
[    1.995504] ehci-platform ee0e0100.usb: irq 177, io mem 0xee0e0100
[    2.013921] ehci-platform ee0e0100.usb: USB 2.0 started, EHCI 1.10
[    2.020391] hub 3-0:1.0: USB hub found
[    2.024159] hub 3-0:1.0: 1 port detected
[    2.028551] ehci-orion: EHCI orion driver
[    2.032812] ehci-exynos: EHCI Exynos driver
[    2.037111] ohci_hcd: USB 1.1 'Open' Host Controller (OHCI) Driver
[    2.043311] ohci-pci: OHCI PCI platform driver
[    2.047792] ohci-platform: OHCI generic platform driver
[    2.053322] ohci-platform ee0a0000.usb: Generic Platform OHCI controller
[    2.060042] ohci-platform ee0a0000.usb: new USB bus registered, assigned bus number 4
[    2.067925] ohci-platform ee0a0000.usb: irq 175, io mem 0xee0a0000
[    2.149929] ata1: link resume succeeded after 1 retries
[    2.164200] hub 4-0:1.0: USB hub found
[    2.167970] hub 4-0:1.0: 1 port detected
[    2.172300] ohci-platform ee0c0000.usb: Generic Platform OHCI controller
[    2.179018] ohci-platform ee0c0000.usb: new USB bus registered, assigned bus number 5
[    2.186900] ohci-platform ee0c0000.usb: irq 176, io mem 0xee0c0000
[    2.261443] ata1: SATA link down (SStatus 0 SControl 300)
[    2.280176] hub 5-0:1.0: USB hub found
[    2.283945] hub 5-0:1.0: 1 port detected
[    2.288264] ohci-platform ee0e0000.usb: Generic Platform OHCI controller
[    2.294978] ohci-platform ee0e0000.usb: new USB bus registered, assigned bus number 6
[    2.302846] ohci-platform ee0e0000.usb: irq 177, io mem 0xee0e0000
[    2.396172] hub 6-0:1.0: USB hub found
[    2.399939] hub 6-0:1.0: 1 port detected
[    2.404274] ohci-exynos: OHCI Exynos driver
[    2.409128] xhci-hcd ee000000.usb: xHCI Host Controller
[    2.414367] xhci-hcd ee000000.usb: new USB bus registered, assigned bus number 7
[    2.437629] xhci-hcd ee000000.usb: hcc params 0x014051ce hci version 0x100 quirks 0x0000000000830410
[    2.446795] xhci-hcd ee000000.usb: irq 172, io mem 0xee000000
[    2.452661] xhci-hcd ee000000.usb: xHCI Host Controller
[    2.457894] xhci-hcd ee000000.usb: new USB bus registered, assigned bus number 8
[    2.465296] xhci-hcd ee000000.usb: Host supports USB 3.0 SuperSpeed
[    2.471868] hub 7-0:1.0: USB hub found
[    2.475638] hub 7-0:1.0: 1 port detected
[    2.479731] usb usb8: We don't know the algorithms for LPM for this host, disabling LPM.
[    2.488084] hub 8-0:1.0: USB hub found
[    2.491857] hub 8-0:1.0: 1 port detected
[    2.496649] usbcore: registered new interface driver usb-storage
[    2.504350] renesas_usbhs e6590000.usb: host probed
[    2.509240] renesas_usbhs e6590000.usb: no transceiver found
[    2.514973] renesas_usbhs e6590000.usb: gadget probed
[    2.520193] renesas_usbhs e6590000.usb: probed
[    2.525087] renesas_usbhs e659c000.usb: host probed
[    2.529978] renesas_usbhs e659c000.usb: no transceiver found
[    2.535693] renesas_usbhs e659c000.usb: gadget probed
[    2.540887] renesas_usbhs e659c000.usb: probed
[    2.547793] i2c /dev entries driver
[    2.562378] cs2000-cp 2-004f: revision - C1
[    2.566668] i2c-rcar e6510000.i2c: probed
[    2.571506] pca953x 4-0020: supply vcc not found, using dummy regulator
[    2.578209] pca953x 4-0020: using no AI
[    2.582905] gpio-355 (PCIE/SATA switch): hogged as output/low
[    2.595151] i2c-rcar e66d8000.i2c: probed
[    2.600495] adv748x 4-0070: Endpoint /soc/i2c@e66d8000/video-receiver@70/port@7/endpoint on port 7
[    2.609477] adv748x 4-0070: Endpoint /soc/i2c@e66d8000/video-receiver@70/port@8/endpoint on port 8
[    2.618491] adv748x 4-0070: Endpoint /soc/i2c@e66d8000/video-receiver@70/port@a/endpoint on port 10
[    2.627565] adv748x 4-0070: Endpoint /soc/i2c@e66d8000/video-receiver@70/port@b/endpoint on port 11
[    2.637018] adv748x 4-0070: chip found @ 0xe0 revision 2143
[    2.689778] rcar-csi2 fea80000.csi2: 1 lanes found
[    2.694917] rcar-csi2 feaa0000.csi2: 4 lanes found
[    2.704532] rcar-vin e6ef0000.video: Device registered as video0
[    2.710616] rcar-vin e6ef1000.video: Device registered as video1
[    2.716700] rcar-vin e6ef2000.video: Device registered as video2
[    2.722774] rcar-vin e6ef3000.video: Device registered as video3
[    2.728849] rcar-vin e6ef4000.video: Device registered as video4
[    2.734927] rcar-vin e6ef5000.video: Device registered as video5
[    2.741005] rcar-vin e6ef6000.video: Device registered as video6
[    2.747080] rcar-vin e6ef7000.video: Device registered as video7
[    2.755772] rcar_gen3_thermal e6198000.thermal: is using pseudo fixed FUSE values
[    2.767958] rcar_gen3_thermal e6198000.thermal: TSC0: Loaded 1 trip points
[    2.779202] rcar_gen3_thermal e6198000.thermal: TSC1: Loaded 1 trip points
[    2.790383] rcar_gen3_thermal e6198000.thermal: TSC2: Loaded 3 trip points
[    2.802533] sdhci: Secure Digital Host Controller Interface driver
[    2.808725] sdhci: Copyright(c) Pierre Ossman
[    2.813955] Synopsys Designware Multimedia Card Interface Driver
[    2.814255] renesas_sdhi_internal_dmac ee100000.mmc: Got CD GPIO
[    2.814431] renesas_sdhi_internal_dmac ee160000.mmc: Got CD GPIO
[    2.814450] renesas_sdhi_internal_dmac ee160000.mmc: Got WP GPIO
[    2.814464] renesas_sdhi_internal_dmac ee140000.mmc: Adding to iommu group 0
[    2.814507] renesas_sdhi_internal_dmac ee140000.mmc: Using IPMMU context 1
[    2.821331] sdhci-pltfm: SDHCI platform and OF driver helper
[    2.826073] renesas_sdhi_internal_dmac ee100000.mmc: Got WP GPIO
[    2.863773] renesas_sdhi_internal_dmac ee140000.mmc: mmc0 base at 0x00000000ee140000, max clock rate 200 MHz
[    2.873754] ledtrig-cpu: registered to indicate activity on CPUs
[    2.880756] SMCCC: SOC_ID: ARCH_SOC_ID not implemented, skipping ....
[    2.887799] usbcore: registered new interface driver usbhid
[    2.893376] usbhid: USB HID core driver
[    2.900998] optee: probing for conduit method.
[    2.905465] optee: revision 3.22 (314ecf9d)
[    2.905951] optee driver R-Car Rev.1.0.11
[    2.914361] optee: dynamic shared memory is enabled
[    2.919517] optee: initialized driver
[    2.934294] rcar_sound ec500000.sound: probed
[    2.939356] NET: Registered protocol family 17
[    2.943927] 9pnet: Installing 9P2000 support
[    2.944421] mmc0: new HS400 MMC card at address 0001
[    2.948253] Key type dns_resolver registered
[    2.954002] mmcblk0: mmc0:0001 BGSD3R 29.1 GiB 
[    2.957815] registered taskstats version 1
[    2.962325] mmcblk0boot0: mmc0:0001 BGSD3R partition 1 16.0 MiB
[    2.966101] Loading compiled-in X.509 certificates
[    2.972358] mmcblk0boot1: mmc0:0001 BGSD3R partition 2 16.0 MiB
[    2.982918] mmcblk0rpmb: mmc0:0001 BGSD3R partition 3 4.00 MiB, chardev (509:0)
[    2.986721] thermal emergency: set temperature to 110 celsius
[    2.992257]  mmcblk0: p1
[    2.996226] thermal emergency: shutdown target cpus 1-7
[    3.003766] thermal emergency: freq scaled target cpus 0
[    3.009421] renesas_irqc e61c0000.interrupt-controller: driving 6 irqs
[    3.053937] ehci-platform ee080100.usb: EHCI Host Controller
[    3.059628] ehci-platform ee080100.usb: new USB bus registered, assigned bus number 9
[    3.067540] ehci-platform ee080100.usb: irq 174, io mem 0xee080100
[    3.085919] ehci-platform ee080100.usb: USB 2.0 started, EHCI 1.10
[    3.092566] hub 9-0:1.0: USB hub found
[    3.096338] hub 9-0:1.0: 1 port detected
[    3.101355] ohci-platform ee080000.usb: Generic Platform OHCI controller
[    3.108079] ohci-platform ee080000.usb: new USB bus registered, assigned bus number 10
[    3.116050] ohci-platform ee080000.usb: irq 174, io mem 0xee080000
[    3.212467] hub 10-0:1.0: USB hub found
[    3.216327] hub 10-0:1.0: 1 port detected
[    3.221539] cpu cpu0: EM: created perf domain
[    3.226509] cpu cpu4: EM: created perf domain
[    3.236327] renesas_sdhi_internal_dmac ee100000.mmc: Got CD GPIO
[    3.236591] renesas_sdhi_internal_dmac ee160000.mmc: Got CD GPIO
[    3.238855] [drm] Initialized rcar-du 1.0.0 20130110 for feb00000.display on minor 0
[    3.238858] [drm] Device feb00000.display probed
[    3.242387] renesas_sdhi_internal_dmac ee100000.mmc: Got WP GPIO
[    3.248466] renesas_sdhi_internal_dmac ee160000.mmc: Got WP GPIO
[    3.305259] renesas_sdhi_internal_dmac ee100000.mmc: mmc1 base at 0x00000000ee100000, max clock rate 200 MHz
[    3.311262] Console: switching to colour frame buffer device 128x48
[    3.321146] renesas_sdhi_internal_dmac ee160000.mmc: mmc2 base at 0x00000000ee160000, max clock rate 200 MHz
[    3.352143] rcar-du feb00000.display: [drm] fb0: rcar-dudrmfb frame buffer device
[    3.354071] usb 9-1: new high-speed USB device number 2 using ehci-platform
[    3.371706] input: keys as /devices/platform/keys/input/input0
[    3.453648] Micrel KSZ9031 Gigabit PHY e6800000.ethernet-ffffffff:00: attached PHY driver [Micrel KSZ9031 Gigabit PHY] (mii_bus:phy_addr=e6800000.ethernet-ffffffff:00, irq=183)
[    3.523958] hub 9-1:1.0: USB hub found
[    3.527901] hub 9-1:1.0: 4 ports detected
[    3.917946] usb 9-1.4: new high-speed USB device number 3 using ehci-platform
[    4.133406] usb-storage 9-1.4:1.0: USB Mass Storage device detected
[    4.140866] scsi host1: usb-storage 9-1.4:1.0
[    5.152295] scsi 1:0:0:0: Direct-Access     SanDisk  Ultra            1.00 PQ: 0 ANSI: 6
[    5.162024] sd 1:0:0:0: [sda] 121307136 512-byte logical blocks: (62.1 GB/57.8 GiB)
[    5.171185] sd 1:0:0:0: [sda] Write Protect is off
[    5.177182] sd 1:0:0:0: [sda] Write cache: disabled, read cache: enabled, doesn't support DPO or FUA
[    5.199305]  sda: sda1
[    5.206899] sd 1:0:0:0: [sda] Attached SCSI removable disk
[   11.590925] ravb e6800000.ethernet eth0: Link is Up - 1Gbps/Full - flow control off
[   11.617951] IP-Config: Guessing netmask 255.255.255.0
[   11.626885] IP-Config: Complete:
[   11.633956]      device=eth0, hwaddr=2e:09:0a:02:ec:37, ipaddr=192.168.10.167, mask=255.255.255.0, gw=255.255.255.255
[   11.648561]      host=192.168.10.167, domain=, nis-domain=(none)
[   11.658546]      bootserver=255.255.255.255, rootserver=192.168.10.99, rootpath=
[   11.659171] ALSA device list:
[   11.676724]   No soundcards found.
[   12.724917] VFS: Mounted root (nfs4 filesystem) on device 0:22.
[   12.735932] devtmpfs: mounted
[   12.744258] Freeing unused kernel memory: 6144K
[   12.778129] Run /sbin/init as init process
[   12.950916] systemd[1]: System time before build time, advancing clock.
[   13.329790] NET: Registered protocol family 10
[   13.338660] Segment Routing with IPv6
[   13.367953] systemd[1]: systemd 244 running in system mode. (+PAM -AUDIT -SELINUX +IMA -APPARMOR -SMACK +SYSVINIT +UTMP -LIBCRYPTSETUP -GCRYPT -GNUTLS +ACL +XZ -LZ4 -SECCOMP +BLKID -ELFUTILS +KMOD -IDN2 -IDN -PCRE2 default-hierarchy=hybrid)
[   13.392211] systemd[1]: Detected architecture arm64.

Welcome to [1mPoky (Yocto Project Reference Distro) 3.1.11 (dunfell)[0m!

[   13.428573] systemd[1]: Set hostname to <salvator-x>.
[   14.231088] random: systemd: uninitialized urandom read (16 bytes read)
[   14.242595] systemd[1]: system-getty.slice: unit configures an IP firewall, but the local system does not support BPF/cgroup firewalling.
[   14.264080] systemd[1]: (This warning is only shown for the first unit using IP firewalling.)
[   14.278808] systemd[1]: Created slice system-getty.slice.
[[0;32m  OK  [0m] Created slice [0;1;39msystem-getty.slice[0m.
[   14.306083] random: systemd: uninitialized urandom read (16 bytes read)
[   14.315079] systemd[1]: Created slice system-serial\x2dgetty.slice.
[[0;32m  OK  [0m] Created slice [0;1;39msystem-serial\x2dgetty.slice[0m.
[   14.338043] random: systemd: uninitialized urandom read (16 bytes read)
[   14.346772] systemd[1]: Created slice User and Session Slice.
[[0;32m  OK  [0m] Created slice [0;1;39mUser and Session Slice[0m.
[   14.370244] systemd[1]: Started Dispatch Password Requests to Console Directory Watch.
[[0;32m  OK  [0m] Started [0;1;39mDispatch Password â€¦ts to Console Directory Watch[0m.
[   14.398347] systemd[1]: Started Forward Password Requests to Wall Directory Watch.
[[0;32m  OK  [0m] Started [0;1;39mForward Password Râ€¦uests to Wall Directory Watch[0m.
[   14.426219] systemd[1]: Reached target Paths.
[[0;32m  OK  [0m] Reached target [0;1;39mPaths[0m.
[   14.450140] systemd[1]: Reached target Remote File Systems.
[[0;32m  OK  [0m] Reached target [0;1;39mRemote File Systems[0m.
[   14.474102] systemd[1]: Reached target Slices.
[[0;32m  OK  [0m] Reached target [0;1;39mSlices[0m.
[   14.498121] systemd[1]: Reached target Swap.
[[0;32m  OK  [0m] Reached target [0;1;39mSwap[0m.
[   14.525337] systemd[1]: Listening on RPCbind Server Activation Socket.
[[0;32m  OK  [0m] Listening on [0;1;39mRPCbind Server Activation Socket[0m.
[   14.554166] systemd[1]: Reached target RPC Port Mapper.
[[0;32m  OK  [0m] Reached target [0;1;39mRPC Port Mapper[0m.
[   14.578446] systemd[1]: Listening on initctl Compatibility Named Pipe.
[[0;32m  OK  [0m] Listening on [0;1;39minitctl Compatibility Named Pipe[0m.
[   14.608269] systemd[1]: Listening on Journal Audit Socket.
[[0;32m  OK  [0m] Listening on [0;1;39mJournal Audit Socket[0m.
[   14.636016] systemd[1]: Listening on Journal Socket (/dev/log).
[[0;32m  OK  [0m] Listening on [0;1;39mJournal Socket (/dev/log)[0m.
[   14.662785] systemd[1]: Listening on Journal Socket.
[[0;32m  OK  [0m] Listening on [0;1;39mJournal Socket[0m.
[   14.688264] systemd[1]: Listening on Network Service Netlink Socket.
[[0;32m  OK  [0m] Listening on [0;1;39mNetwork Service Netlink Socket[0m.
[   14.716899] systemd[1]: Listening on udev Control Socket.
[[0;32m  OK  [0m] Listening on [0;1;39mudev Control Socket[0m.
[   14.742589] systemd[1]: Listening on udev Kernel Socket.
[[0;32m  OK  [0m] Listening on [0;1;39mudev Kernel Socket[0m.
[   14.771478] systemd[1]: Mounting Huge Pages File System...
         Mounting [0;1;39mHuge Pages File System[0m...
[   14.799195] systemd[1]: Mounting POSIX Message Queue File System...
         Mounting [0;1;39mPOSIX Message Queue File System[0m...
[   14.831216] systemd[1]: Mounting Kernel Debug File System...
         Mounting [0;1;39mKernel Debug File System[0m...
[   14.862385] systemd[1]: Mounting Temporary Directory (/tmp)...
         Mounting [0;1;39mTemporary Directory (/tmp)[0m...
[   14.892180] systemd[1]: Starting Create list of static device nodes for the current kernel...
         Starting [0;1;39mCreate list of stâ€¦odes for the current kernel[0m...
[   14.927010] systemd[1]: Starting Start psplash boot splash screen...
         Starting [0;1;39mStart psplash boot splash screen[0m...
[   14.960912] systemd[1]: Starting RPC Bind...
         Starting [0;1;39mRPC Bind[0m...
[   14.990748] systemd[1]: Condition check resulted in File System Check on Root Device being skipped.
[   15.006628] systemd[1]: Starting Journal Service...
         Starting [0;1;39mJournal Service[0m...
[   15.017946] random: crng init done
[   15.021370] random: 23 urandom warning(s) missed due to ratelimiting
[   15.046427] systemd[1]: Starting Load Kernel Modules...
         Starting [0;1;39mLoad Kernel Modules[0m...
[   15.070622] systemd[1]: Starting Remount Root and Kernel File Systems...
         Starting [0;1;39mRemount Root and Kernel File Systems[0m...
[   15.099040] systemd[1]: Starting udev Coldplug all Devices...
         Starting [0;1;39mudev Coldplug all Devices[0m...
[   15.124297] systemd[1]: Started Start psplash boot splash screen.
[[0;32m  OK  [0m] Started [0;1;39mStart psplash boot splash screen[0m.
[   15.146756] systemd[1]: Started RPC Bind.
[[0;32m  OK  [0m] Started [0;1;39mRPC Bind[0m.
[   15.166671] systemd[1]: Started Journal Service.
[[0;32m  OK  [0m] Started [0;1;39mJournal Service[0m.
[[0;32m  OK  [0m] Mounted [0;1;39mHuge Pages File System[0m.
[[0;32m  OK  [0m] Mounted [0;1;39mPOSIX Message Queue File System[0m.
[[0;32m  OK  [0m] Mounted [0;1;39mKernel Debug File System[0m.
[[0;32m  OK  [0m] Mounted [0;1;39mTemporary Directory (/tmp)[0m.
[[0;32m  OK  [0m] Started [0;1;39mCreate list of staâ€¦ nodes for the current kernel[0m.
[[0;32m  OK  [0m] Started [0;1;39mLoad Kernel Modules[0m.
[[0;32m  OK  [0m] Started [0;1;39mRemount Root and Kernel File Systems[0m.
         Mounting [0;1;39mKernel Configuration File System[0m...
[[0;32m  OK  [0m] Started [0;1;39mStart psplash-systâ€¦progress communication helper[0m.
         Starting [0;1;39mFlush Journal to Persistent Storage[0m...
[   15.404376] systemd-journald[360]: Received client request to flush runtime journal.
         Starting [0;1;39mApply Kernel Variables[0m...
         Starting [0;1;39mCreate Static Device Nodes in /dev[0m...
[[0;32m  OK  [0m] Mounted [0;1;39mKernel Configuration File System[0m.
[[0;32m  OK  [0m] Started [0;1;39mFlush Journal to Persistent Storage[0m.
[[0;32m  OK  [0m] Started [0;1;39mApply Kernel Variables[0m.
[[0;32m  OK  [0m] Started [0;1;39mCreate Static Device Nodes in /dev[0m.
[[0;32m  OK  [0m] Reached target [0;1;39mLocal File Systems (Pre)[0m.
         Mounting [0;1;39m/var/volatile[0m...
         Starting [0;1;39mudev Kernel Device Manager[0m...
[[0;32m  OK  [0m] Started [0;1;39mudev Coldplug all Devices[0m.
[[0;32m  OK  [0m] Mounted [0;1;39m/var/volatile[0m.
         Starting [0;1;39mLoad/Save Random Seed[0m...
[[0;32m  OK  [0m] Reached target [0;1;39mLocal File Systems[0m.
         Starting [0;1;39mCreate Volatile Files and Directories[0m...
[[0;32m  OK  [0m] Started [0;1;39mLoad/Save Random Seed[0m.
[[0;32m  OK  [0m] Started [0;1;39mudev Kernel Device Manager[0m.
         Starting [0;1;39mNetwork Service[0m...
[[0;32m  OK  [0m] Started [0;1;39mCreate Volatile Files and Directories[0m.
         Starting [0;1;39mNetwork Time Synchronization[0m...
         Starting [0;1;39mUpdate UTMP about System Boot/Shutdown[0m...
[[0;32m  OK  [0m] Started [0;1;39mNetwork Service[0m.
         Starting [0;1;39mNetwork Name Resolution[0m...
[[0;32m  OK  [0m] Started [0;1;39mUpdate UTMP about System Boot/Shutdown[0m.
[   15.970626] pwm-backlight: probe of backlight failed with error -16
[[0;32m  OK  [0m] Started [0;1;39mNetwork Time Synchronization[0m.
[[0;32m  OK  [0m] Reached target [0;1;39mSystem Initialization[0m.
[   16.003403] at24 7-0050: supply vcc not found, using dummy regulator
[[0;32m  OK  [0m] Star[   16.011536] at24 7-0050: 128 byte br24t01 EEPROM, writable, 8 bytes/write
ted [0;1;39mDaily Cleanup of Temporary Directories[0m.
[[0;32m  OK  [0m] Reached target [0;1;39mSystem Time Set[0m.
[[0;32m  OK  [0m] Reached target [0;1;39mSystem Time Synchronized[0m.
[[0;32m  OK  [0m] Reached target [0;1;39mTimers[0m.
[[0;32m  OK  [0m] Listening on [0;1;39mAvahi mDNS/DNS-SD Stack Activation Socket[0m.
[[0;32m  OK  [0m] Listening on [0;1;39mD-Bus System Message Bus Socket[0m.
[[0;32m  OK  [0m] Listening on [0;1;39mdropbear.socket[0m.
[[0;32m  OK  [0m] Reached target [0;1;39mSockets[0m.
[   16.169251] ccree e6601000.crypto: ARM CryptoCell 630P Driver: HW version 0xAF400001/0xDCC63000, Driver version 5.0
[   16.170394] renesas_usb3 ee020000.usb: probed with phy
[[0;32m  OK  [0m] Reached target [0;1;39mBasic System[0m.
[   16.212634] ccree e6601000.crypto: ARM ccree device initialized
[[0;32m  OK  [0m] Started [0;1;39mD-Bus System Message Bus[0m.
[[0;32m  OK  [0m] Started [0;1;39moptee services[0m.
         Starting [0;1;39mpvrinit.service[0m...
         Starting [0;1;39mPowerVR consumer services[0m...
         Starting [0;1;39mLogin Service[0m...
[[0;32m  OK  [0m] Started [0;1;39mNetwork Name Resolution[0m.
[[0;1;31mFAILED[0m] Failed to start [0;1;39mpvrinit.service[0m.
See 'systemctl status pvrinit.service' for details.
[[0;1;31mFAILED[0m] Failed to start [0;1;39mPowerVR consumer services[0m.
See 'systemctl status rc.pvr.service' for details.
[[0;1;38;5;185mDEPEND[0m] Dependency failed for [0;1;39mWeston Wayland Compositor[0m.
[[0;32m  OK  [0m] Started [0;1;39mLogin Service[0m.
[[0;32m  OK  [0m] Created slice [0;1;39msystem-weston.slice[0m.
[[0;32m  OK  [0m] Reached target [0;1;39mNetwork[0m.
[[0;32m  OK  [0m] Reached target [0;1;39mHost and Network Name Lookups[0m.
[[0;32m  OK  [0m] Reached target [0;1;39mHardware activated USB gadget[0m.
         Starting [0;1;39mAvahi mDNS/DNS-SD Stack[0m...
         Starting [0;1;39mset_default_governor.service[0m...
         Starting [0;1;39mPermit User Sessions[0m...
[[0;32m  OK  [0m] Started [0;1;39mXinetd A Powerful Replacement For Inetd[0m.
[   16.714152] rd 0-7: Disabling EAS, schedutil is mandatory
[[0;32m  OK  [0m] Started [0;1;39mPermit User Sessions[0m.
[[0;32m  OK  [0m] Started [0;1;39mAvahi mDNS/DNS-SD Stack[0m.
[[0;32m  OK  [0m] Started [0;1;39mset_default_governor.service[0m.
[[0;32m  OK  [0m] Started [0;1;39mGetty on tty1[0m.
[[0;32m  OK  [0m] Started [0;1;39mSerial Getty on ttySC0[0m.
[[0;32m  OK  [0m] Reached target [0;1;39mLogin Prompts[0m.
[[0;32m  OK  [0m] Reached target [0;1;39mMulti-User System[0m.
         Starting [0;1;39mUpdate UTMP about System Runlevel Changes[0m...
[[0;32m  OK  [0m] Started [0;1;39mUpdate UTMP about System Runlevel Changes[0m.

Poky (Yocto Project Reference Distro) 3.1.11 salvator-x ttySC0

salvator-x login: 
salvator-x login: root
[   18.560264] audit: type=1006 audit(1703064537.604:2): pid=532 uid=0 old-auid=4294967295 auid=0 tty=(none) old-ses=4294967295 ses=1 res=1
7[r[999;999H[6n8root@salvator-x:~# 
root@salvator-x:~# 
root@salvator-x:~# 
root@salvator-x:~# 
root@salvator-x:~# 
root@salvator-x:~# 
root@salvator-x:~# 
root@salvator-x:~# 
root@salvator-x:~# 
----------Prepare----------


root@salvator-x:~# find /sys/devices/platform/soc/ee080100.usb/ -name 'sd*'
/sys/devices/platform/soc/ee080100.usb/usb9/9-1/9-1.4/9-1.4:1.0/host1/target1:0:0/1:0:0:0/block/sda
/sys/devices/platform/soc/ee080100.usb/usb9/9-1/9-1.4/9-1.4:1.0/host1/target1:0:0/1:0:0:0/block/sda/sda1
root@salvator-x:~# 
root@salvator-x:~# dd if=/dev/urandom of=testdata bs=10M count=5
5+0 records in
5+0 records out
52428800 bytes (52 MB, 50 MiB) copied, 1.44993 s, 36.2 MB/s
root@salvator-x:~# 
root@salvator-x:~# mkdir -p /mnt/usb
root@salvator-x:~# 
root@salvator-x:~# mount /dev/sda1 /mnt/usb
[   30.906728] EXT4-fs (sda1): mounted filesystem with ordered data mode. Opts: (null)
root@salvator-x:~# 
root@salvator-x:~# cp testdata /mnt/usb/
root@salvator-x:~# 
root@salvator-x:~# umount /mnt/usb
root@salvator-x:~# 
root@salvator-x:~# find /sys/devices/platform/soc/ee080100.usb/ -name 'sd*'
/sys/devices/platform/soc/ee080100.usb/usb9/9-1/9-1.4/9-1.4:1.0/host1/target1:0:0/1:0:0:0/block/sda
/sys/devices/platform/soc/ee080100.usb/usb9/9-1/9-1.4/9-1.4:1.0/host1/target1:0:0/1:0:0:0/block/sda/sda1
root@salvator-x:~# 
root@salvator-x:~# i2cset -f -y 7 0x30 0x20 0x0f
root@salvator-x:~# 

Switch SW23 off and input 'yes' to continue:
Input 'yes' to continue: 
[   41.950065] SDHI0 VccQ: disabling
[   41.953456] SDHI3 VccQ: disabling

root@salvator-x:~# echo N > /sys/module/printk/parameters/console_suspend
root@salvator-x:~# 
root@salvator-x:~# mount /dev/sda1 /mnt/usb
[   48.399272] EXT4-fs (sda1): mounted filesystem with ordered data mode. Opts: (null)
root@salvator-x:~# 
root@salvator-x:~# cp /mnt/usb/testdata testdata_from_usb &
[1] 557
root@salvator-x:~# 
root@salvator-x:~# echo mem > /sys/power/state
[   49.818234] PM: suspend entry (deep)
[   50.147126] Filesystems sync: 0.325 seconds
[   50.152798] Freezing user space processes ... (elapsed 0.007 seconds) done.
[   50.160430] OOM killer disabled.
[   50.160433] Freezing remaining freezable tasks ... (elapsed 0.001 seconds) done.
[   50.590557] ravb e6800000.ethernet eth0: Link is Down
[   50.605843] Disabling non-boot CPUs ...
[   50.610324] CPU1: shutdown
[   50.613037] psci: CPU1 killed (polled 0 ms)
[   50.618894] CPU2: shutdown
[   50.621607] psci: CPU2 killed (polled 0 ms)
[   50.627243] CPU3: shutdown
[   50.629967] psci: CPU3 killed (polled 0 ms)
[   50.635696] CPU4: shutdown
[   50.638421] psci: CPU4 killed (polled 0 ms)
[   50.643920] CPU5: shutdown
[   50.646658] psci: CPU5 killed (polled 0 ms)
[   50.652164] CPU6: shutdown
[   50.654893] psci: CPU6 killed (polled 0 ms)
[   50.660509] CPU7: shutdown
[   50.663336] psci: CPU7 killed (polled 0 ms)
 
Pull out USB device at CN9


Press any button to continue


Plug in USB device at CN9


Press any button to continue


 Switch power switch: 

NOTICE:  BL2: R-Car Gen3 Initial Program Loader(CA57) Rev.4.0.0
NOTICE:  BL2: PRR is R-Car H3 Ver.3.0
NOTICE:  BL2: Board is Salvator-XS Rev.1.0
NOTICE:  BL2: Boot device is HyperFlash(160MHz)
NOTICE:  BL2: LCM state is CM
NOTICE:  AVS setting succeeded. DVFS_SetVID=0x53
NOTICE:  BL2: DDR3200(rev.0.42)
NOTICE:  BL2: [WARM_BOOT]
NOTICE:  BL2: DRAM Split is 4ch(DDR f)
NOTICE:  BL2: QoS is default setting(rev.0.11)
NOTICE:  BL2: DRAM refresh interval 1.95 usec
NOTICE:  BL2: Periodic Write DQ Training
NOTICE:  BL2: CH0: 400000000 - 47fffffff, 2 GiB
NOTICE:  BL2: CH1: 500000000 - 57fffffff, 2 GiB
NOTICE:  BL2: CH2: 600000000 - 67fffffff, 2 GiB
NOTICE:  BL2: CH3: 700000000 - 77fffffff, 2 GiB
NOTICE:  BL2: Lossy Decomp areas
NOTICE:       Entry 0: DCMPAREACRAx:0x80000540 DCMPAREACRBx:0x570
NOTICE:       Entry 1: DCMPAREACRAx:0x40000000 DCMPAREACRBx:0x0
NOTICE:       Entry 2: DCMPAREACRAx:0x20000000 DCMPAREACRBx:0x0
NOTICE:  BL2: FDT at 0xe6327f70
NOTICE:  BL2: v2.9(release):9cdb21f75
NOTICE:  BL2: Built : 05:25:39, Dec 19 2023
NOTICE:  BL2: Normal boot
[   50.668481] Enabling non-boot CPUs ...
[   50.672520] Detected PIPT I-cache on CPU1
[   50.672575] CPU1: Booted secondary processor 0x0000000001 [0x411fd073]
[   50.673027] CPU1 is up
[   50.686090] Detected PIPT I-cache on CPU2
[   50.686113] CPU2: Booted secondary processor 0x0000000002 [0x411fd073]
[   50.686384] CPU2 is up
[   50.699402] Detected PIPT I-cache on CPU3
[   50.699425] CPU3: Booted secondary processor 0x0000000003 [0x411fd073]
[   50.699694] CPU3 is up
[   50.712756] Detected VIPT I-cache on CPU4
[   50.712809] CPU4: Booted secondary processor 0x0000000100 [0x410fd034]
[   50.713722] CPU4 is up
[   50.726735] Detected VIPT I-cache on CPU5
[   50.726768] CPU5: Booted secondary processor 0x0000000101 [0x410fd034]
[   50.727336] CPU5 is up
[   50.740341] Detected VIPT I-cache on CPU6
[   50.740373] CPU6: Booted secondary processor 0x0000000102 [0x410fd034]
[   50.740969] CPU6 is up
[   50.753973] Detected VIPT I-cache on CPU7
[   50.754005] CPU7: Booted secondary processor 0x0000000103 [0x410fd034]
[   50.754741] CPU7 is up
[   50.827932] xhci-hcd ee000000.usb: xHC error in resume, USBSTS 0x401, Reinit
[   50.835000] usb usb7: root hub lost power or was reset
[   50.840124] usb usb8: root hub lost power or was reset
[   50.896842] Micrel KSZ9031 Gigabit PHY e6800000.ethernet-ffffffff:00: attached PHY driver [Micrel KSZ9031 Gigabit PHY] (mii_bus:phy_addr=e6800000.ethernet-ffffffff:00, irq=183)
[   51.007902] usb usb4: root hub lost power or was reset
[   51.013176] usb usb1: root hub lost power or was reset
[   51.099987] usb usb5: root hub lost power or was reset
[   51.105175] usb usb2: root hub lost power or was reset
[   51.191987] usb usb6: root hub lost power or was reset
[   51.197157] usb usb3: root hub lost power or was reset
[   51.311984] usb usb10: root hub lost power or was reset
[   51.317327] usb usb9: root hub lost power or was reset
[   51.333976] ata1: link resume succeeded after 1 retries
[   51.445506] ata1: SATA link down (SStatus 0 SControl 300)
[   51.641975] usb 9-1: reset high-speed USB device number 2 using ehci-platform
[   52.221979] usb 9-1.4: reset high-speed USB device number 3 using ehci-platform
[   52.440959] OOM killer enabled.
[   52.444811] Restarting tasks ... done.
root@salvator-x:~# [   52.450728] PM: suspend exit
[   59.663871] ravb e6800000.ethernet eth0: Link is Up - 1Gbps/Full - flow control off

[1]+  Done                    cp /mnt/usb/testdata testdata_from_usb
root@salvator-x:~# echo "Wake up sucessfully"
Wake up sucessfully
root@salvator-x:~# 
root@salvator-x:~# wait
root@salvator-x:~# 
root@salvator-x:~# sync
root@salvator-x:~# 
root@salvator-x:~# cmp testdata testdata_from_usb
root@salvator-x:~# 
root@salvator-x:~# umount /mnt/usb
root@salvator-x:~# 
 
#### Result: OK ####
