

----------Item 2----------


Please press switch to restart board 

[F 00:00:120
[F 00:00:119
[F 00:00:118
[F 00:00:117
NOTICE:  BL2: R-Car Gen3 Initial Program Loader(CA57) Rev.4.0.0
NOTICE:  BL2: PRR is R-Car H3 Ver.3.0
NOTICE:  BL2: Board is Salvator-XS Rev.1.0
NOTICE:  BL2: Boot device is HyperFlash(160MHz)
NOTICE:  BL2: LCM state is CM
NOTICE:  AVS setting succeeded. DVFS_SetVID=0x53
NOTICE:  BL2: DDR3200(rev.0.42)
NOTICE:  BL2: [COLD_BOOT]
NOTICE:  BL2: DRAM Split is 4ch(DDR f)
NOTICE:  BL2: QoS is default setting(rev.0.11)
NOTICE:  BL2: DRAM refresh interval 1.95 usec
NOTICE:  BL2: Periodic Write DQ Training
NOTICE:  BL2: CH0: 400000000 - 47fffffff, 2 GiB
NOTICE:  BL2: CH1: 500000000 - 57fffffff, 2 GiB
NOTICE:  BL2: CH2: 600000000 - 67fffffff, 2 GiB
NOTICE:  BL2: CH3: 700000000 - 77fffffff, 2 GiB
NOTICE:  BL2: Lossy Decomp areas
NOTICE:       Entry 0: DCMPAREACRAx:0x80000540 DCMPAREACRBx:0x570
NOTICE:       Entry 1: DCMPAREACRAx:0x40000000 DCMPAREACRBx:0x0
NOTICE:       Entry 2: DCMPAREACRAx:0x20000000 DCMPAREACRBx:0x0
NOTICE:  BL2: FDT at 0xe6327f70
NOTICE:  BL2: v2.9(release):9cdb21f75
NOTICE:  BL2: Built : 05:25:39, Dec 19 2023
NOTICE:  BL2: Normal boot
NOTICE:  BL2: dst=0xe6327800 src=0x8180000 len=512(0x200)
NOTICE:  BL2: dst=0x43f00000 src=0x8180400 len=6144(0x1800)
NOTICE:  rcar_file_len: len: 0x0003e000
NOTICE:  BL2: dst=0x44000000 src=0x81c0000 len=253952(0x3e000)
NOTICE:  rcar_file_len: len: 0x00200000
NOTICE:  BL2: dst=0x44100000 src=0x8200000 len=2097152(0x200000)
NOTICE:  rcar_file_len: len: 0x00100000
NOTICE:  BL2: dst=0x50000000 src=0x8640000 len=1048576(0x100000)
NOTICE:  BL2: Booting BL31


U-Boot 2020.10 (Dec 19 2023 - 14:30:40 +0000)

CPU: Renesas Electronics R8A7795 rev 3.0
Model: Renesas Salvator-X 2nd version board based on r8a77951
DRAM:  7.9 GiB
RAM Configuration:
Bank #0: 0x048000000 - 0x0bfffffff, 1.9 GiB
Bank #1: 0x500000000 - 0x57fffffff, 2 GiB
Bank #2: 0x600000000 - 0x67fffffff, 2 GiB
Bank #3: 0x700000000 - 0x77fffffff, 2 GiB

MMC:   sd@ee100000: 0, sd@ee140000: 1, sd@ee160000: 2
Loading Environment from MMC... OK
In:    serial@e6e88000
Out:   serial@e6e88000
Err:   serial@e6e88000
Net:   eth0: ethernet@e6800000
Hit any key to stop autoboot:  2  1  0 
ethernet@e6800000 Waiting for PHY auto negotiation to complete.......... done
Using ethernet@e6800000 device
TFTP from server 192.168.10.99; our IP address is 192.168.10.167
Filename 'traivo/H3/rootfs/boot_USB2H/Image'.
Load address: 0x48080000
Loading: *#################################################################
	 #################################################################
	 #################################################################
	 #################################################################
	 #################################################################
	 #################################################################
	 #################################################################
	 #################################################################
	 #################################################################
	 #################################################################
	 #################################################################
	 #################################################################
	 #################################################################
	 #################################################################
	 #################################################################
	 #################################################################
	 #################################################################
	 #################################################################
	 #################################################################
	 #################################################################
	 #################################################################
	 #################################################################
	 #################################################################
	 #################################################################
	 #################################################################
	 #################################################################
	 #################################################################
	 #################################################################
	 #################################################################
	 #################################################################
	 #################################################################
	 #################################################################
	 #################################################################
	 #################################################################
	 ################################################################
	 4.8 MiB/s
done
Bytes transferred = 33376768 (1fd4a00 hex)
Using ethernet@e6800000 device
TFTP from server 192.168.10.99; our IP address is 192.168.10.167
Filename 'traivo/H3/rootfs/boot_USB2H/r8a77951-salvator-xs.dtb'.
Load address: 0x48000000
Loading: *#######
	 10.8 MiB/s
done
Bytes transferred = 90876 (162fc hex)
Moving Image from 0x48080000 to 0x48200000, end=4a260000
## Flattened Device Tree blob at 48000000
   Booting using the fdt blob at 0x48000000
   Loading Device Tree to 0000000053fe6000, end 0000000053fff2fb ... OK

Starting kernel ...

[    0.000000] Booting Linux on physical CPU 0x0000000000 [0x411fd073]
[    0.000000] Linux version 5.10.194-yocto-standard (thuan.nguyen-hong@banvien) (aarch64-poky-linux-gcc (GCC) 9.3.0, GNU ld (GNU Binutils) 2.34.0.20200220) #10 SMP PREEMPT Mon Feb 19 03:51:05 UTC 2024
[    0.000000] Machine model: Renesas Salvator-X 2nd version board based on r8a77951
[    0.000000] efi: UEFI not found.
[    0.000000] Reserved memory: created CMA memory pool at 0x0000000057000000, size 16 MiB
[    0.000000] OF: reserved mem: initialized node linux,adsp@57000000, compatible id shared-dma-pool
[    0.000000] Reserved memory: created CMA memory pool at 0x0000000058000000, size 384 MiB
[    0.000000] OF: reserved mem: initialized node linux,cma@58000000, compatible id shared-dma-pool
[    0.000000] Reserved memory: created CMA memory pool at 0x0000000070000000, size 256 MiB
[    0.000000] OF: reserved mem: initialized node linux,multimedia@70000000, compatible id shared-dma-pool
[    0.000000] NUMA: No NUMA configuration found
[    0.000000] NUMA: Faking a node at [mem 0x0000000048000000-0x000000077fffffff]
[    0.000000] NUMA: NODE_DATA [mem 0x77efdab00-0x77efdcfff]
[    0.000000] Zone ranges:
[    0.000000]   DMA      [mem 0x0000000048000000-0x000000007fffffff]
[    0.000000]   DMA32    [mem 0x0000000080000000-0x00000000ffffffff]
[    0.000000]   Normal   [mem 0x0000000100000000-0x000000077fffffff]
[    0.000000] Movable zone start for each node
[    0.000000] Early memory node ranges
[    0.000000]   node   0: [mem 0x0000000048000000-0x0000000053ffffff]
[    0.000000]   node   0: [mem 0x0000000054000000-0x0000000056ffffff]
[    0.000000]   node   0: [mem 0x0000000057000000-0x00000000bfffffff]
[    0.000000]   node   0: [mem 0x0000000500000000-0x000000057fffffff]
[    0.000000]   node   0: [mem 0x0000000600000000-0x000000067fffffff]
[    0.000000]   node   0: [mem 0x0000000700000000-0x000000077fffffff]
[    0.000000] Initmem setup node 0 [mem 0x0000000048000000-0x000000077fffffff]
[    0.000000] psci: probing for conduit method from DT.
[    0.000000] psci: PSCIv1.1 detected in firmware.
[    0.000000] psci: Using standard PSCI v0.2 function IDs
[    0.000000] psci: Trusted OS resident on physical CPU 0x0
[    0.000000] psci: SMC Calling Convention v1.2
[    0.000000] percpu: Embedded 23 pages/cpu s56984 r8192 d29032 u94208
[    0.000000] Detected PIPT I-cache on CPU0
[    0.000000] CPU features: detected: EL2 vector hardening
[    0.000000] CPU features: detected: Spectre-v2
[    0.000000] CPU features: detected: ARM errata 1165522, 1319367, or 1530923
[    0.000000] CPU features: detected: Spectre-BHB
[    0.000000] CPU features: detected: ARM erratum 1742098
[    0.000000] Built 1 zonelists, mobility grouping on.  Total pages: 2032128
[    0.000000] Policy zone: Normal
[    0.000000] Kernel command line: rw root=/dev/nfs nfsroot=192.168.10.99:/data/tftpboot/traivo/H3/rootfs,nfsvers=4, ip=192.168.10.167
[    0.000000] Dentry cache hash table entries: 1048576 (order: 11, 8388608 bytes, linear)
[    0.000000] Inode-cache hash table entries: 524288 (order: 10, 4194304 bytes, linear)
[    0.000000] mem auto-init: stack:off, heap alloc:off, heap free:off
[    0.000000] software IO TLB: mapped [mem 0x000000004ffe6000-0x0000000053fe6000] (64MB)
[    0.000000] Memory: 7276840K/8257536K available (15232K kernel code, 2834K rwdata, 8240K rodata, 6144K init, 517K bss, 308952K reserved, 671744K cma-reserved)
[    0.000000] SLUB: HWalign=64, Order=0-3, MinObjects=0, CPUs=8, Nodes=1
[    0.000000] rcu: Preemptible hierarchical RCU implementation.
[    0.000000] rcu: 	RCU event tracing is enabled.
[    0.000000] rcu: 	RCU restricting CPUs from NR_CPUS=256 to nr_cpu_ids=8.
[    0.000000] 	Trampoline variant of Tasks RCU enabled.
[    0.000000] rcu: RCU calculated value of scheduler-enlistment delay is 25 jiffies.
[    0.000000] rcu: Adjusting geometry for rcu_fanout_leaf=16, nr_cpu_ids=8
[    0.000000] NR_IRQS: 64, nr_irqs: 64, preallocated irqs: 0
[    0.000000] arch_timer: cp15 timer(s) running at 8.32MHz (virt).
[    0.000000] clocksource: arch_sys_counter: mask: 0xffffffffffffff max_cycles: 0x1eb398c07, max_idle_ns: 440795202503 ns
[    0.000003] sched_clock: 56 bits at 8MHz, resolution 120ns, wraps every 2199023255503ns
[    0.000206] Console: colour dummy device 80x25
[    0.000415] printk: console [tty0] enabled
[    0.000489] Calibrating delay loop (skipped), value calculated using timer frequency.. 16.64 BogoMIPS (lpj=33280)
[    0.000506] pid_max: default: 32768 minimum: 301
[    0.000564] LSM: Security Framework initializing
[    0.000653] Mount-cache hash table entries: 16384 (order: 5, 131072 bytes, linear)
[    0.000705] Mountpoint-cache hash table entries: 16384 (order: 5, 131072 bytes, linear)
[    0.002147] rcu: Hierarchical SRCU implementation.
[    0.003723] Detected Renesas R-Car Gen3 r8a7795 ES3.0
[    0.005866] EFI services will not be available.
[    0.006201] smp: Bringing up secondary CPUs ...
[    0.006656] Detected PIPT I-cache on CPU1
[    0.006701] CPU1: Booted secondary processor 0x0000000001 [0x411fd073]
[    0.007182] Detected PIPT I-cache on CPU2
[    0.007206] CPU2: Booted secondary processor 0x0000000002 [0x411fd073]
[    0.007632] Detected PIPT I-cache on CPU3
[    0.007654] CPU3: Booted secondary processor 0x0000000003 [0x411fd073]
[    0.008083] CPU features: detected: ARM erratum 845719
[    0.008095] Detected VIPT I-cache on CPU4
[    0.008144] CPU4: Booted secondary processor 0x0000000100 [0x410fd034]
[    0.008624] Detected VIPT I-cache on CPU5
[    0.008650] CPU5: Booted secondary processor 0x0000000101 [0x410fd034]
[    0.009086] Detected VIPT I-cache on CPU6
[    0.009112] CPU6: Booted secondary processor 0x0000000102 [0x410fd034]
[    0.009551] Detected VIPT I-cache on CPU7
[    0.009579] CPU7: Booted secondary processor 0x0000000103 [0x410fd034]
[    0.009659] smp: Brought up 1 node, 8 CPUs
[    0.009722] SMP: Total of 8 processors activated.
[    0.009730] CPU features: detected: 32-bit EL0 Support
[    0.009737] CPU features: detected: CRC32 instructions
[    0.009745] CPU features: detected: 32-bit EL1 Support
[    0.022950] CPU: All CPU(s) started at EL1
[    0.023003] alternatives: patching kernel code
[    0.024174] devtmpfs: initialized
[    0.030975] KASLR disabled due to lack of seed
[    0.031128] clocksource: jiffies: mask: 0xffffffff max_cycles: 0xffffffff, max_idle_ns: 7645041785100000 ns
[    0.031149] futex hash table entries: 2048 (order: 5, 131072 bytes, linear)
[    0.039780] pinctrl core: initialized pinctrl subsystem
[    0.041273] DMI not present or invalid.
[    0.041776] NET: Registered protocol family 16
[    0.042710] DMA: preallocated 1024 KiB GFP_KERNEL pool for atomic allocations
[    0.042906] DMA: preallocated 1024 KiB GFP_KERNEL|GFP_DMA pool for atomic allocations
[    0.043205] DMA: preallocated 1024 KiB GFP_KERNEL|GFP_DMA32 pool for atomic allocations
[    0.043244] audit: initializing netlink subsys (disabled)
[    0.043422] audit: type=2000 audit(0.040:1): state=initialized audit_enabled=0 res=1
[    0.044557] thermal_sys: Registered thermal governor 'power_allocator'
[    0.045086] cpuidle: using governor menu
[    0.045256] hw-breakpoint: found 6 breakpoint and 4 watchpoint registers.
[    0.045380] ASID allocator initialised with 65536 entries
[    0.046669] Serial: AMBA PL011 UART driver
[    0.089502] sh-pfc e6060000.pinctrl: r8a77951_pfc support registered
[    0.104188] HugeTLB registered 1.00 GiB page size, pre-allocated 0 pages
[    0.104203] HugeTLB registered 32.0 MiB page size, pre-allocated 0 pages
[    0.104210] HugeTLB registered 2.00 MiB page size, pre-allocated 0 pages
[    0.104218] HugeTLB registered 64.0 KiB page size, pre-allocated 0 pages
[    0.105190] cryptd: max_cpu_qlen set to 1000
[    0.107444] ACPI: Interpreter disabled.
[    0.111283] rcar-avs: use avs value: 0
[    0.111299] rcar-avs: cpu@0 is running with: opp_table0
[    0.111309] rcar-avs: cpu@1 is running with: opp_table0
[    0.111328] rcar-avs: cpu@2 is running with: opp_table0
[    0.111337] rcar-avs: cpu@3 is running with: opp_table0
[    0.111421] rcar-avs: gsx@fd000000 is running with: gsx_opp_table0
[    0.112846] iommu: Default domain type: Translated 
[    0.113416] ipmmu-vmsa e67b0000.iommu: IPMMU context 0 is reserved
[    0.114379] vgaarb: loaded
[    0.114582] SCSI subsystem initialized
[    0.114836] usbcore: registered new interface driver usbfs
[    0.114862] usbcore: registered new interface driver hub
[    0.114887] usbcore: registered new device driver usb
[    0.118427] i2c-sh_mobile e60b0000.i2c: I2C adapter 7, bus speed 400000 Hz
[    0.118968] mc: Linux media interface: v0.10
[    0.118990] videodev: Linux video capture interface: v2.00
[    0.119035] pps_core: LinuxPPS API ver. 1 registered
[    0.119042] pps_core: Software ver. 5.3.6 - Copyright 2005-2007 Rodolfo Giometti <giometti@linux.it>
[    0.119056] PTP clock support registered
[    0.119229] EDAC MC: Ver: 3.0.0
[    0.121208] FPGA manager framework
[    0.121270] Advanced Linux Sound Architecture Driver Initialized.
[    0.121820] clocksource: Switched to clocksource arch_sys_counter
[    0.121963] VFS: Disk quotas dquot_6.6.0
[    0.122006] VFS: Dquot-cache hash table entries: 512 (order 0, 4096 bytes)
[    0.122128] pnp: PnP ACPI: disabled
[    0.125602] NET: Registered protocol family 2
[    0.126012] IP idents hash table entries: 131072 (order: 8, 1048576 bytes, linear)
[    0.128275] tcp_listen_portaddr_hash hash table entries: 4096 (order: 4, 65536 bytes, linear)
[    0.128351] TCP established hash table entries: 65536 (order: 7, 524288 bytes, linear)
[    0.128638] TCP bind hash table entries: 65536 (order: 8, 1048576 bytes, linear)
[    0.129226] TCP: Hash tables configured (established 65536 bind 65536)
[    0.129343] UDP hash table entries: 4096 (order: 5, 131072 bytes, linear)
[    0.129459] UDP-Lite hash table entries: 4096 (order: 5, 131072 bytes, linear)
[    0.129671] NET: Registered protocol family 1
[    0.130047] RPC: Registered named UNIX socket transport module.
[    0.130057] RPC: Registered udp transport module.
[    0.130063] RPC: Registered tcp transport module.
[    0.130069] RPC: Registered tcp NFSv4.1 backchannel transport module.
[    0.130082] PCI: CLS 0 bytes, default 64
[    0.131027] hw perfevents: enabled with armv8_cortex_a53 PMU driver, 7 counters available
[    0.131299] hw perfevents: enabled with armv8_cortex_a57 PMU driver, 7 counters available
[    0.131922] kvm [1]: HYP mode not available
[    0.134851] Initialise system trusted keyrings
[    0.134986] workingset: timestamp_bits=42 max_order=21 bucket_order=0
[    0.138086] squashfs: version 4.0 (2009/01/31) Phillip Lougher
[    0.138490] NFS: Registering the id_resolver key type
[    0.138513] Key type id_resolver registered
[    0.138520] Key type id_legacy registered
[    0.138573] nfs4filelayout_init: NFSv4 File Layout Driver Registering...
[    0.138582] nfs4flexfilelayout_init: NFSv4 Flexfile Layout Driver Registering...
[    0.138683] 9p: Installing v9fs 9p2000 file system support
[    0.164788] Key type asymmetric registered
[    0.164799] Asymmetric key parser 'x509' registered
[    0.164831] Block layer SCSI generic (bsg) driver version 0.4 loaded (major 243)
[    0.164841] io scheduler mq-deadline registered
[    0.164850] io scheduler kyber registered
[    0.180962] gpio_rcar e6050000.gpio: driving 16 GPIOs
[    0.181260] gpio_rcar e6051000.gpio: driving 29 GPIOs
[    0.181524] gpio_rcar e6052000.gpio: driving 15 GPIOs
[    0.181870] gpio_rcar e6053000.gpio: driving 16 GPIOs
[    0.182144] gpio_rcar e6054000.gpio: driving 18 GPIOs
[    0.182420] gpio_rcar e6055000.gpio: driving 26 GPIOs
[    0.182719] gpio_rcar e6055400.gpio: driving 32 GPIOs
[    0.182959] gpio_rcar e6055800.gpio: driving 4 GPIOs
[    0.185864] rcar-pcie fe000000.pcie: host bridge /soc/pcie@fe000000 ranges:
[    0.185895] rcar-pcie fe000000.pcie:       IO 0x00fe100000..0x00fe1fffff -> 0x0000000000
[    0.185917] rcar-pcie fe000000.pcie:      MEM 0x00fe200000..0x00fe3fffff -> 0x00fe200000
[    0.185936] rcar-pcie fe000000.pcie:      MEM 0x0030000000..0x0037ffffff -> 0x0030000000
[    0.185950] rcar-pcie fe000000.pcie:      MEM 0x0038000000..0x003fffffff -> 0x0038000000
[    0.185967] rcar-pcie fe000000.pcie:   IB MEM 0x0040000000..0x007fffffff -> 0x0040000000
[    0.186018] rcar-pcie fe000000.pcie: no pcie3v3 regulator found
[    0.186030] rcar-pcie fe000000.pcie: no pcie1v8 regulator found
[    0.253536] rcar-pcie fe000000.pcie: PCIe link down
[    0.253725] rcar-pcie ee800000.pcie: host bridge /soc/pcie@ee800000 ranges:
[    0.253752] rcar-pcie ee800000.pcie:       IO 0x00ee900000..0x00ee9fffff -> 0x0000000000
[    0.253772] rcar-pcie ee800000.pcie:      MEM 0x00eea00000..0x00eebfffff -> 0x00eea00000
[    0.253790] rcar-pcie ee800000.pcie:      MEM 0x00c0000000..0x00c7ffffff -> 0x00c0000000
[    0.253804] rcar-pcie ee800000.pcie:      MEM 0x00c8000000..0x00cfffffff -> 0x00c8000000
[    0.253835] rcar-pcie ee800000.pcie:   IB MEM 0x0040000000..0x007fffffff -> 0x0040000000
[    0.253869] rcar-pcie ee800000.pcie: no pcie3v3 regulator found
[    0.253879] rcar-pcie ee800000.pcie: no pcie1v8 regulator found
[    0.413820] rcar-pcie ee800000.pcie: PCIe link down
[    0.416295] EINJ: ACPI disabled.
[    0.455412] Serial: 8250/16550 driver, 4 ports, IRQ sharing enabled
[    0.459331] SuperH (H)SCI(F) driver initialized
[    0.460090] e6550000.serial: ttySC1 at MMIO 0xe6550000 (irq = 42, base_baud = 0) is a hscif
[    0.461160] e6e88000.serial: ttySC0 at MMIO 0xe6e88000 (irq = 128, base_baud = 0) is a scif
[    1.665975] printk: console [ttySC0] enabled
[    1.671493] msm_serial: driver initialized
[    1.681848] rcar-dw-hdmi fead0000.hdmi: Detected HDMI TX controller v2.01a with HDCP (DWC HDMI 2.0 TX PHY)
[    1.691737] rcar-dw-hdmi fead0000.hdmi: registered DesignWare HDMI I2C bus driver
[    1.699988] rcar-dw-hdmi feae0000.hdmi: Detected HDMI TX controller v2.01a with HDCP (DWC HDMI 2.0 TX PHY)
[    1.709887] rcar-dw-hdmi feae0000.hdmi: registered DesignWare HDMI I2C bus driver
[    1.725388] loop: module loaded
[    1.729934] megasas: 07.714.04.00-rc1
[    1.735652] scsi host0: sata_rcar
[    1.739127] ata1: SATA max UDMA/133 irq 181
[    1.748435] tun: Universal TUN/TAP device driver, 1.6
[    1.754398] thunder_xcv, ver 1.0
[    1.757644] thunder_bgx, ver 1.0
[    1.760893] nicpf, ver 1.0
[    1.765019] hclge is initializing
[    1.768355] hns3: Hisilicon Ethernet Network Driver for Hip08 Family - version
[    1.775578] hns3: Copyright (c) 2017 Huawei Corporation.
[    1.780912] e1000: Intel(R) PRO/1000 Network Driver
[    1.785791] e1000: Copyright (c) 1999-2006 Intel Corporation.
[    1.791558] e1000e: Intel(R) PRO/1000 Network Driver
[    1.796522] e1000e: Copyright(c) 1999 - 2015 Intel Corporation.
[    1.802462] igb: Intel(R) Gigabit Ethernet Network Driver
[    1.807865] igb: Copyright (c) 2007-2014 Intel Corporation.
[    1.813458] igbvf: Intel(R) Gigabit Virtual Function Network Driver
[    1.819725] igbvf: Copyright (c) 2009 - 2012 Intel Corporation.
[    1.826090] sky2: driver version 1.30
[    1.833631] ravb e6800000.ethernet eth0: Base address at 0xe6800000, 2e:09:0a:02:ec:37, IRQ 125.
[    1.843885] VFIO - User Level meta-driver version: 0.3
[    1.851014] ehci_hcd: USB 2.0 'Enhanced' Host Controller (EHCI) Driver
[    1.857553] ehci-pci: EHCI PCI platform driver
[    1.862017] ehci-platform: EHCI generic platform driver
[    1.867620] ehci-platform ee0a0100.usb: EHCI Host Controller
[    1.873312] ehci-platform ee0a0100.usb: new USB bus registered, assigned bus number 1
[    1.881240] ehci-platform ee0a0100.usb: irq 175, io mem 0xee0a0100
[    1.901830] ehci-platform ee0a0100.usb: USB 2.0 started, EHCI 1.10
[    1.908368] hub 1-0:1.0: USB hub found
[    1.912142] hub 1-0:1.0: 1 port detected
[    1.916551] ehci-platform ee0c0100.usb: EHCI Host Controller
[    1.922230] ehci-platform ee0c0100.usb: new USB bus registered, assigned bus number 2
[    1.930122] ehci-platform ee0c0100.usb: irq 176, io mem 0xee0c0100
[    1.949826] ehci-platform ee0c0100.usb: USB 2.0 started, EHCI 1.10
[    1.956326] hub 2-0:1.0: USB hub found
[    1.960097] hub 2-0:1.0: 1 port detected
[    1.989865] ehci-platform ee0e0100.usb: EHCI Host Controller
[    1.995540] ehci-platform ee0e0100.usb: new USB bus registered, assigned bus number 3
[    2.003413] ehci-platform ee0e0100.usb: irq 177, io mem 0xee0e0100
[    2.021827] ehci-platform ee0e0100.usb: USB 2.0 started, EHCI 1.10
[    2.028263] hub 3-0:1.0: USB hub found
[    2.032032] hub 3-0:1.0: 1 port detected
[    2.036397] ehci-orion: EHCI orion driver
[    2.040675] ehci-exynos: EHCI Exynos driver
[    2.044979] ohci_hcd: USB 1.1 'Open' Host Controller (OHCI) Driver
[    2.051175] ohci-pci: OHCI PCI platform driver
[    2.055658] ohci-platform: OHCI generic platform driver
[    2.061199] ohci-platform ee0a0000.usb: Generic Platform OHCI controller
[    2.067923] ohci-platform ee0a0000.usb: new USB bus registered, assigned bus number 4
[    2.075800] ohci-platform ee0a0000.usb: irq 175, io mem 0xee0a0000
[    2.157835] ata1: link resume succeeded after 1 retries
[    2.172090] hub 4-0:1.0: USB hub found
[    2.175859] hub 4-0:1.0: 1 port detected
[    2.180189] ohci-platform ee0c0000.usb: Generic Platform OHCI controller
[    2.186903] ohci-platform ee0c0000.usb: new USB bus registered, assigned bus number 5
[    2.194776] ohci-platform ee0c0000.usb: irq 176, io mem 0xee0c0000
[    2.269347] ata1: SATA link down (SStatus 0 SControl 300)
[    2.288078] hub 5-0:1.0: USB hub found
[    2.291847] hub 5-0:1.0: 1 port detected
[    2.296176] ohci-platform ee0e0000.usb: Generic Platform OHCI controller
[    2.302890] ohci-platform ee0e0000.usb: new USB bus registered, assigned bus number 6
[    2.310758] ohci-platform ee0e0000.usb: irq 177, io mem 0xee0e0000
[    2.404088] hub 6-0:1.0: USB hub found
[    2.407859] hub 6-0:1.0: 1 port detected
[    2.412201] ohci-exynos: OHCI Exynos driver
[    2.417053] xhci-hcd ee000000.usb: xHCI Host Controller
[    2.422293] xhci-hcd ee000000.usb: new USB bus registered, assigned bus number 7
[    2.445555] xhci-hcd ee000000.usb: hcc params 0x014051ce hci version 0x100 quirks 0x0000000000830410
[    2.454726] xhci-hcd ee000000.usb: irq 172, io mem 0xee000000
[    2.460576] xhci-hcd ee000000.usb: xHCI Host Controller
[    2.465813] xhci-hcd ee000000.usb: new USB bus registered, assigned bus number 8
[    2.473215] xhci-hcd ee000000.usb: Host supports USB 3.0 SuperSpeed
[    2.479762] hub 7-0:1.0: USB hub found
[    2.483531] hub 7-0:1.0: 1 port detected
[    2.487619] usb usb8: We don't know the algorithms for LPM for this host, disabling LPM.
[    2.495970] hub 8-0:1.0: USB hub found
[    2.499742] hub 8-0:1.0: 1 port detected
[    2.504548] usbcore: registered new interface driver usb-storage
[    2.512232] renesas_usbhs e6590000.usb: host probed
[    2.517140] renesas_usbhs e6590000.usb: no transceiver found
[    2.522887] renesas_usbhs e6590000.usb: gadget probed
[    2.528109] renesas_usbhs e6590000.usb: probed
[    2.533017] renesas_usbhs e659c000.usb: host probed
[    2.537909] renesas_usbhs e659c000.usb: no transceiver found
[    2.543624] renesas_usbhs e659c000.usb: gadget probed
[    2.548826] renesas_usbhs e659c000.usb: probed
[    2.555778] i2c /dev entries driver
[    2.570377] cs2000-cp 2-004f: revision - C1
[    2.574622] i2c-rcar e6510000.i2c: probed
[    2.579493] pca953x 4-0020: supply vcc not found, using dummy regulator
[    2.586207] pca953x 4-0020: using no AI
[    2.590859] gpio-355 (PCIE/SATA switch): hogged as output/low
[    2.603112] i2c-rcar e66d8000.i2c: probed
[    2.608430] adv748x 4-0070: Endpoint /soc/i2c@e66d8000/video-receiver@70/port@7/endpoint on port 7
[    2.617414] adv748x 4-0070: Endpoint /soc/i2c@e66d8000/video-receiver@70/port@8/endpoint on port 8
[    2.626386] adv748x 4-0070: Endpoint /soc/i2c@e66d8000/video-receiver@70/port@a/endpoint on port 10
[    2.635451] adv748x 4-0070: Endpoint /soc/i2c@e66d8000/video-receiver@70/port@b/endpoint on port 11
[    2.644840] adv748x 4-0070: chip found @ 0xe0 revision 2143
[    2.698404] rcar-csi2 fea80000.csi2: 1 lanes found
[    2.703528] rcar-csi2 feaa0000.csi2: 4 lanes found
[    2.713109] rcar-vin e6ef0000.video: Device registered as video0
[    2.719196] rcar-vin e6ef1000.video: Device registered as video1
[    2.725271] rcar-vin e6ef2000.video: Device registered as video2
[    2.731346] rcar-vin e6ef3000.video: Device registered as video3
[    2.737422] rcar-vin e6ef4000.video: Device registered as video4
[    2.743502] rcar-vin e6ef5000.video: Device registered as video5
[    2.749577] rcar-vin e6ef6000.video: Device registered as video6
[    2.755659] rcar-vin e6ef7000.video: Device registered as video7
[    2.764341] rcar_gen3_thermal e6198000.thermal: is using pseudo fixed FUSE values
[    2.776521] rcar_gen3_thermal e6198000.thermal: TSC0: Loaded 1 trip points
[    2.787802] rcar_gen3_thermal e6198000.thermal: TSC1: Loaded 1 trip points
[    2.798949] rcar_gen3_thermal e6198000.thermal: TSC2: Loaded 3 trip points
[    2.810928] sdhci: Secure Digital Host Controller Interface driver
[    2.817120] sdhci: Copyright(c) Pierre Ossman
[    2.822311] Synopsys Designware Multimedia Card Interface Driver
[    2.822501] renesas_sdhi_internal_dmac ee100000.mmc: Got CD GPIO
[    2.822558] renesas_sdhi_internal_dmac ee140000.mmc: Adding to iommu group 0
[    2.822581] renesas_sdhi_internal_dmac ee140000.mmc: Using IPMMU context 1
[    2.822590] renesas_sdhi_internal_dmac ee160000.mmc: Got CD GPIO
[    2.822610] renesas_sdhi_internal_dmac ee160000.mmc: Got WP GPIO
[    2.829750] sdhci-pltfm: SDHCI platform and OF driver helper
[    2.834441] renesas_sdhi_internal_dmac ee100000.mmc: Got WP GPIO
[    2.871331] renesas_sdhi_internal_dmac ee140000.mmc: mmc0 base at 0x00000000ee140000, max clock rate 200 MHz
[    2.882570] ledtrig-cpu: registered to indicate activity on CPUs
[    2.889563] SMCCC: SOC_ID: ARCH_SOC_ID not implemented, skipping ....
[    2.896576] usbcore: registered new interface driver usbhid
[    2.902152] usbhid: USB HID core driver
[    2.909744] optee: probing for conduit method.
[    2.914210] optee: revision 3.22 (314ecf9d)
[    2.914727] optee driver R-Car Rev.1.0.11
[    2.923137] optee: dynamic shared memory is enabled
[    2.928288] optee: initialized driver
[    2.942565] rcar_sound ec500000.sound: probed
[    2.947546] NET: Registered protocol family 17
[    2.951482] mmc0: new HS400 MMC card at address 0001
[    2.952232] 9pnet: Installing 9P2000 support
[    2.957683] mmcblk0: mmc0:0001 BGSD3R 29.1 GiB 
[    2.961317] Key type dns_resolver registered
[    2.966181] mmcblk0boot0: mmc0:0001 BGSD3R partition 1 16.0 MiB
[    2.970515] registered taskstats version 1
[    2.976373] mmcblk0boot1: mmc0:0001 BGSD3R partition 2 16.0 MiB
[    2.980095] Loading compiled-in X.509 certificates
[    2.986107] mmcblk0rpmb: mmc0:0001 BGSD3R partition 3 4.00 MiB, chardev (509:0)
[    3.000051]  mmcblk0: p1
[    3.000858] thermal emergency: set temperature to 110 celsius
[    3.008703] thermal emergency: shutdown target cpus 1-7
[    3.013934] thermal emergency: freq scaled target cpus 0
[    3.019584] renesas_irqc e61c0000.interrupt-controller: driving 6 irqs
[    3.073840] ehci-platform ee080100.usb: EHCI Host Controller
[    3.079533] ehci-platform ee080100.usb: new USB bus registered, assigned bus number 9
[    3.087430] ehci-platform ee080100.usb: irq 174, io mem 0xee080100
[    3.105828] ehci-platform ee080100.usb: USB 2.0 started, EHCI 1.10
[    3.112346] hub 9-0:1.0: USB hub found
[    3.116119] hub 9-0:1.0: 1 port detected
[    3.121097] ohci-platform ee080000.usb: Generic Platform OHCI controller
[    3.127824] ohci-platform ee080000.usb: new USB bus registered, assigned bus number 10
[    3.135791] ohci-platform ee080000.usb: irq 174, io mem 0xee080000
[    3.232116] hub 10-0:1.0: USB hub found
[    3.235975] hub 10-0:1.0: 1 port detected
[    3.241190] cpu cpu0: EM: created perf domain
[    3.246147] cpu cpu4: EM: created perf domain
[    3.253891] renesas_sdhi_internal_dmac ee160000.mmc: Got CD GPIO
[    3.256758] renesas_sdhi_internal_dmac ee100000.mmc: Got CD GPIO
[    3.258726] [drm] Initialized rcar-du 1.0.0 20130110 for feb00000.display on minor 0
[    3.258728] [drm] Device feb00000.display probed
[    3.259946] renesas_sdhi_internal_dmac ee160000.mmc: Got WP GPIO
[    3.266010] renesas_sdhi_internal_dmac ee100000.mmc: Got WP GPIO
[    3.323315] renesas_sdhi_internal_dmac ee160000.mmc: mmc2 base at 0x00000000ee160000, max clock rate 200 MHz
[    3.328690] Console: switching to colour frame buffer device 128x48
[    3.338666] renesas_sdhi_internal_dmac ee100000.mmc: mmc1 base at 0x00000000ee100000, max clock rate 200 MHz
[    3.369741] rcar-du feb00000.display: [drm] fb0: rcar-dudrmfb frame buffer device
[    3.382264] input: keys as /devices/platform/keys/input/input0
[    3.462476] Micrel KSZ9031 Gigabit PHY e6800000.ethernet-ffffffff:00: attached PHY driver [Micrel KSZ9031 Gigabit PHY] (mii_bus:phy_addr=e6800000.ethernet-ffffffff:00, irq=183)
[   12.480206] ravb e6800000.ethernet eth0: Link is Up - 1Gbps/Full - flow control off
[   12.509858] IP-Config: Guessing netmask 255.255.255.0
[   12.515021] IP-Config: Complete:
[   12.518334]      device=eth0, hwaddr=2e:09:0a:02:ec:37, ipaddr=192.168.10.167, mask=255.255.255.0, gw=255.255.255.255
[   12.529148]      host=192.168.10.167, domain=, nis-domain=(none)
[   12.535282]      bootserver=255.255.255.255, rootserver=192.168.10.99, rootpath=
[   12.535890] ALSA device list:
[   12.546498]   No soundcards found.
[   13.590439] VFS: Mounted root (nfs4 filesystem) on device 0:22.
[   13.596999] devtmpfs: mounted
[   13.604046] Freeing unused kernel memory: 6144K
[   13.626016] Run /sbin/init as init process
[   13.787534] systemd[1]: System time before build time, advancing clock.
[   14.127396] NET: Registered protocol family 10
[   14.133519] Segment Routing with IPv6
[   14.156271] systemd[1]: systemd 244 running in system mode. (+PAM -AUDIT -SELINUX +IMA -APPARMOR -SMACK +SYSVINIT +UTMP -LIBCRYPTSETUP -GCRYPT -GNUTLS +ACL +XZ -LZ4 -SECCOMP +BLKID -ELFUTILS +KMOD -IDN2 -IDN -PCRE2 default-hierarchy=hybrid)
[   14.180425] systemd[1]: Detected architecture arm64.

Welcome to [1mPoky (Yocto Project Reference Distro) 3.1.11 (dunfell)[0m!

[   14.211665] systemd[1]: Set hostname to <salvator-x>.
[   15.039511] random: systemd: uninitialized urandom read (16 bytes read)
[   15.050805] systemd[1]: system-getty.slice: unit configures an IP firewall, but the local system does not support BPF/cgroup firewalling.
[   15.071840] systemd[1]: (This warning is only shown for the first unit using IP firewalling.)
[   15.086323] systemd[1]: Created slice system-getty.slice.
[[0;32m  OK  [0m] Created slice [0;1;39msystem-getty.slice[0m.
[   15.113984] random: systemd: uninitialized urandom read (16 bytes read)
[   15.122909] systemd[1]: Created slice system-serial\x2dgetty.slice.
[[0;32m  OK  [0m] Created slice [0;1;39msystem-serial\x2dgetty.slice[0m.
[   15.145949] random: systemd: uninitialized urandom read (16 bytes read)
[   15.154616] systemd[1]: Created slice User and Session Slice.
[[0;32m  OK  [0m] Created slice [0;1;39mUser and Session Slice[0m.
[   15.178164] systemd[1]: Started Dispatch Password Requests to Console Directory Watch.
[[0;32m  OK  [0m] Started [0;1;39mDispatch Password â€¦ts to Console Directory Watch[0m.
[   15.206244] systemd[1]: Started Forward Password Requests to Wall Directory Watch.
[[0;32m  OK  [0m] Started [0;1;39mForward Password Râ€¦uests to Wall Directory Watch[0m.
[   15.234119] systemd[1]: Reached target Paths.
[[0;32m  OK  [0m] Reached target [0;1;39mPaths[0m.
[   15.258044] systemd[1]: Reached target Remote File Systems.
[[0;32m  OK  [0m] Reached target [0;1;39mRemote File Systems[0m.
[   15.281985] systemd[1]: Reached target Slices.
[[0;32m  OK  [0m] Reached target [0;1;39mSlices[0m.
[   15.306006] systemd[1]: Reached target Swap.
[[0;32m  OK  [0m] Reached target [0;1;39mSwap[0m.
[   15.332717] systemd[1]: Listening on RPCbind Server Activation Socket.
[[0;32m  OK  [0m] Listening on [0;1;39mRPCbind Server Activation Socket[0m.
[   15.362056] systemd[1]: Reached target RPC Port Mapper.
[[0;32m  OK  [0m] Reached target [0;1;39mRPC Port Mapper[0m.
[   15.386327] systemd[1]: Listening on initctl Compatibility Named Pipe.
[[0;32m  OK  [0m] Listening on [0;1;39minitctl Compatibility Named Pipe[0m.
[   15.416024] systemd[1]: Listening on Journal Audit Socket.
[[0;32m  OK  [0m] Listening on [0;1;39mJournal Audit Socket[0m.
[   15.443775] systemd[1]: Listening on Journal Socket (/dev/log).
[[0;32m  OK  [0m] Listening on [0;1;39mJournal Socket (/dev/log)[0m.
[   15.470681] systemd[1]: Listening on Journal Socket.
[[0;32m  OK  [0m] Listening on [0;1;39mJournal Socket[0m.
[   15.495979] systemd[1]: Listening on Network Service Netlink Socket.
[[0;32m  OK  [0m] Listening on [0;1;39mNetwork Service Netlink Socket[0m.
[   15.524434] systemd[1]: Listening on udev Control Socket.
[[0;32m  OK  [0m] Listening on [0;1;39mudev Control Socket[0m.
[   15.550485] systemd[1]: Listening on udev Kernel Socket.
[[0;32m  OK  [0m] Listening on [0;1;39mudev Kernel Socket[0m.
[   15.579384] systemd[1]: Mounting Huge Pages File System...
         Mounting [0;1;39mHuge Pages File System[0m...
[   15.607087] systemd[1]: Mounting POSIX Message Queue File System...
         Mounting [0;1;39mPOSIX Message Queue File System[0m...
[   15.639124] systemd[1]: Mounting Kernel Debug File System...
         Mounting [0;1;39mKernel Debug File System[0m...
[   15.670162] systemd[1]: Mounting Temporary Directory (/tmp)...
         Mounting [0;1;39mTemporary Directory (/tmp)[0m...
[   15.700108] systemd[1]: Starting Create list of static device nodes for the current kernel...
         Starting [0;1;39mCreate list of stâ€¦odes for the current kernel[0m...
[   15.735195] systemd[1]: Starting Start psplash boot splash screen...
         Starting [0;1;39mStart psplash boot splash screen[0m...
[   15.761861] random: crng init done
[   15.761867] random: 21 urandom warning(s) missed due to ratelimiting
[   15.768414] systemd[1]: Starting RPC Bind...
         Starting [0;1;39mRPC Bind[0m...
[   15.802673] systemd[1]: Condition check resulted in File System Check on Root Device being skipped.
[   15.809242] systemd[1]: Starting Journal Service...
         Starting [0;1;39mJournal Service[0m...
[   15.839366] systemd[1]: Starting Load Kernel Modules...
         Starting [0;1;39mLoad Kernel Modules[0m...
[   15.863065] systemd[1]: Starting Remount Root and Kernel File Systems...
         Starting [0;1;39mRemount Root and Kernel File Systems[0m...
[   15.889053] systemd[1]: Starting udev Coldplug all Devices...
         Starting [0;1;39mudev Coldplug all Devices[0m...
[   15.913323] systemd[1]: Started RPC Bind.
[[0;32m  OK  [0m] Started [0;1;39mRPC Bind[0m.
[   15.934279] systemd[1]: Started Start psplash boot splash screen.
[[0;32m  OK  [0m] Started [0;1;39mStart psplash boot splash screen[0m.
[   15.958672] systemd[1]: Started Journal Service.
[[0;32m  OK  [0m] Started [0;1;39mJournal Service[0m.
[[0;32m  OK  [0m] Mounted [0;1;39mHuge Pages File System[0m.
[[0;32m  OK  [0m] Mounted [0;1;39mPOSIX Message Queue File System[0m.
[[0;32m  OK  [0m] Mounted [0;1;39mKernel Debug File System[0m.
[[0;32m  OK  [0m] Mounted [0;1;39mTemporary Directory (/tmp)[0m.
[[0;32m  OK  [0m] Started [0;1;39mCreate list of staâ€¦ nodes for the current kernel[0m.
[[0;32m  OK  [0m] Started [0;1;39mLoad Kernel Modules[0m.
[[0;32m  OK  [0m] Started [0;1;39mRemount Root and Kernel File Systems[0m.
         Mounting [0;1;39mKernel Configuration File System[0m...
[[0;32m  OK  [0m] Started [0;1;39mStart psplash-systâ€¦progress communication helper[0m.
         Starting [0;1;39mFlush Journal to Persistent Storage[0m...
         Starting [0;1;39mApply Kernel Variables[0m...
[   16.195030] systemd-journald[356]: Received client request to flush runtime journal.
         Starting [0;1;39mCreate Static Device Nodes in /dev[0m...
[[0;32m  OK  [0m] Mounted [0;1;39mKernel Configuration File System[0m.
[[0;32m  OK  [0m] Started [0;1;39mFlush Journal to Persistent Storage[0m.
[[0;32m  OK  [0m] Started [0;1;39mApply Kernel Variables[0m.
[[0;32m  OK  [0m] Started [0;1;39mCreate Static Device Nodes in /dev[0m.
[[0;32m  OK  [0m] Reached target [0;1;39mLocal File Systems (Pre)[0m.
         Mounting [0;1;39m/var/volatile[0m...
         Starting [0;1;39mudev Kernel Device Manager[0m...
[[0;32m  OK  [0m] Started [0;1;39mudev Coldplug all Devices[0m.
[[0;32m  OK  [0m] Mounted [0;1;39m/var/volatile[0m.
         Starting [0;1;39mLoad/Save Random Seed[0m...
[[0;32m  OK  [0m] Reached target [0;1;39mLocal File Systems[0m.
         Starting [0;1;39mCreate Volatile Files and Directories[0m...
[[0;32m  OK  [0m] Started [0;1;39mLoad/Save Random Seed[0m.
[[0;32m  OK  [0m] Started [0;1;39mudev Kernel Device Manager[0m.
         Starting [0;1;39mNetwork Service[0m...
[[0;32m  OK  [0m] Started [0;1;39mCreate Volatile Files and Directories[0m.
         Starting [0;1;39mNetwork Time Synchronization[0m...
         Starting [0;1;39mUpdate UTMP about System Boot/Shutdown[0m...
[[0;32m  OK  [0m] Started [0;1;39mNetwork Service[0m.
         Starting [0;1;39mNetwork Name Resolution[0m...
[[0;32m  OK  [0m] Started [0;1;39mUpdate UTMP about System Boot/Shutdown[0m.
[[0;32m  OK  [0m] Started [0;1;39mNetwork Time Synchronization[0m.
[[0;32m  OK  [0m] Reached target [0;1;39mSystem Initialization[0m.
[[0;32m  OK  [0m] Started [0;[   16.775920] pwm-backlight: probe of backlight failed with error -16
1;39mDaily Cleanup of Temporary Directories[0m.
[[0;32m  OK  [0m] Reached target [0;1;39mSystem Time Set[0m.
[[0;32m  OK  [0m] Reached target [0;1;39mSystem Time Synchronized[0m.
[   16.828955] at24 7-0050: supply vcc not found, using dummy regulator
[[0;32m  OK  [0m] Reac[   16.836797] at24 7-0050: 128 byte br24t01 EEPROM, writable, 8 bytes/write
hed target [0;1;39mTimers[0m.
[[0;32m  OK  [0m] Listening on [0;1;39mAvahi mDNS/DNS-SD Stack Activation Socket[0m.
[[0;32m  OK  [0m] Listening on [0;1;39mD-Bus System Message Bus Socket[0m.
[[0;32m  OK  [0m] Listening on [0;1;39mdropbear.socket[0m.
[[0;32m  OK  [0m] Reached target [0;1;39mSockets[0m.
[[0;32m  OK  [0m] Reached target [0;1;39mBasic System[0m.
[[0;32m  OK  [0m] Started [0;1;39mD-Bus System Message Bus[0m.
[   16.978682] renesas_usb3 ee020000.usb: probed with phy
[[0;32m  OK  [0m] Started [0;1;39moptee services[0m.[   16.987609] ccree e6601000.crypto: ARM CryptoCell 630P Driver: HW version 0xAF400001/0xDCC63000, Driver version 5.0

         Starting [0;1;39mpvrinit.service[0m...
         Starting [0;1;39mPowerVR consumer services[0m...
         Starting [0;1;39mLogin Service[0m...
[   17.067937] ccree e6601000.crypto: ARM ccree device initialized
[[0;32m  OK  [0m] Started [0;1;39mNetwork Name Resolution[0m.
[[0;1;31mFAILED[0m] Failed to start [0;1;39mPowerVR consumer services[0m.
See 'systemctl status rc.pvr.service' for details.
[[0;1;38;5;185mDEPEND[0m] Dependency failed for [0;1;39mWeston Wayland Compositor[0m.
[[0;1;31mFAILED[0m] Failed to start [0;1;39mpvrinit.service[0m.
See 'systemctl status pvrinit.service' for details.
[[0;32m  OK  [0m] Started [0;1;39mLogin Service[0m.
[[0;32m  OK  [0m] Created slice [0;1;39msystem-weston.slice[0m.
[[0;32m  OK  [0m] Reached target [0;1;39mNetwork[0m.
[[0;32m  OK  [0m] Reached target [0;1;39mHost and Network Name Lookups[0m.
[[0;32m  OK  [0m] Reached target [0;1;39mHardware activated USB gadget[0m.
         Starting [0;1;39mAvahi mDNS/DNS-SD Stack[0m...
         Starting [0;1;39mset_default_governor.service[0m...
         Starting [0;1;39mPermit User Sessions[0m...
[[0;32m  OK  [0m] Started [0;1;39mXinetd A Powerful Replacement For Inetd[0m.
[   17.514094] rd 0-7: Disabling EAS, schedutil is mandatory
[[0;32m  OK  [0m] Started [0;1;39mPermit User Sessions[0m.
[[0;32m  OK  [0m] Started [0;1;39mset_default_governor.service[0m.
[[0;32m  OK  [0m] Started [0;1;39mAvahi mDNS/DNS-SD Stack[0m.
[[0;32m  OK  [0m] Started [0;1;39mGetty on tty1[0m.
[[0;32m  OK  [0m] Started [0;1;39mSerial Getty on ttySC0[0m.
[[0;32m  OK  [0m] Reached target [0;1;39mLogin Prompts[0m.
[[0;32m  OK  [0m] Reached target [0;1;39mMulti-User System[0m.
         Starting [0;1;39mUpdate UTMP about System Runlevel Changes[0m...
[[0;32m  OK  [0m] Started [0;1;39mUpdate UTMP about System Runlevel Changes[0m.

Poky (Yocto Project Reference Distro) 3.1.11 salvator-x ttySC0

salvator-x login: 
salvator-x login: root
[   19.604058] audit: type=1006 audit(1703064537.812:2): pid=527 uid=0 old-auid=4294967295 auid=0 tty=(none) old-ses=4294967295 ses=1 res=1
7[r[999;999H[6n8root@salvator-x:~# 
root@salvator-x:~# 
root@salvator-x:~# 
root@salvator-x:~# 
root@salvator-x:~# 
root@salvator-x:~# 
root@salvator-x:~# 
root@salvator-x:~# 
root@salvator-x:~# 
Plug in USB device at CN10H


Press any button to continue

[   37.653833] usb 2-1: new high-speed USB device number 2 using ehci-platform
[   37.825106] usb-storage 2-1:1.0: USB Mass Storage device detected
[   37.831816] scsi host1: usb-storage 2-1:1.0
[   38.847956] scsi 1:0:0:0: Direct-Access     Lexar    JD Secure II +   1100 PQ: 0 ANSI: 0 CCS
[   38.970143] sd 1:0:0:0: [sda] 1966080 512-byte logical blocks: (1.01 GB/960 MiB)
[   38.978710] sd 1:0:0:0: [sda] Write Protect is off
[   38.984657] sd 1:0:0:0: [sda] No Caching mode page found
[   38.990003] sd 1:0:0:0: [sda] Assuming drive cache: write through
[   39.019684]  sda: sda1
[   39.027792] sd 1:0:0:0: [sda] Attached SCSI removable disk

----------Prepare----------


root@salvator-x:~# find /sys/devices/platform/soc/ee0c0100.usb/ -name 'sd*'
/sys/devices/platform/soc/ee0c0100.usb/usb2/2-1/2-1:1.0/host1/target1:0:0/1:0:0:0/block/sda
/sys/devices/platform/soc/ee0c0100.usb/usb2/2-1/2-1:1.0/host1/target1:0:0/1:0:0:0/block/sda/sda1
root@salvator-x:~# 
root@salvator-x:~# dd if=/dev/urandom of=testdata bs=10M count=1
1+0 records in
1+0 records out
10485760 bytes (10 MB, 10 MiB) copied, 0.364459 s, 28.8 MB/s
root@salvator-x:~# 
root@salvator-x:~# mkdir -p /mnt/usb
root@salvator-x:~# 
root@salvator-x:~# mount /dev/sda1 /mnt/usb
[   43.731576] EXT4-fs (sda1): mounted filesystem with ordered data mode. Opts: (null)
root@salvator-x:~# [   43.997980] SDHI0 VccQ: disabling
[   44.001366] SDHI3 VccQ: disabling

root@salvator-x:~# cp testdata /mnt/usb/
root@salvator-x:~# 
root@salvator-x:~# umount /mnt/usb
root@salvator-x:~# 
Pull out USB device at CN10H


Press any button to continue

[   56.216451] usb 2-1: USB disconnect, device number 2

root@salvator-x:~# i2cset -f -y 7 0x30 0x20 0x0f
root@salvator-x:~# 

Switch SW23 off and input 'yes' to continue:
Input 'yes' to continue: 

root@salvator-x:~# echo N > /sys/module/printk/parameters/console_suspend
root@salvator-x:~# 
root@salvator-x:~# echo mem > /sys/power/state
[   67.145950] PM: suspend entry (deep)
[   67.149745] Filesystems sync: 0.000 seconds
[   67.155532] Freezing user space processes ... (elapsed 0.001 seconds) done.
[   67.157170] OOM killer disabled.
[   67.157173] Freezing remaining freezable tasks ... (elapsed 0.001 seconds) done.
[   67.608379] ravb e6800000.ethernet eth0: Link is Down
[   67.622841] Disabling non-boot CPUs ...
[   67.627268] CPU1: shutdown
[   67.630007] psci: CPU1 killed (polled 0 ms)
[   67.635937] CPU2: shutdown
[   67.638670] psci: CPU2 killed (polled 0 ms)
[   67.644296] CPU3: shutdown
[   67.647026] psci: CPU3 killed (polled 0 ms)
[   67.652801] CPU4: shutdown
[   67.655540] psci: CPU4 killed (polled 0 ms)
[   67.661057] CPU5: shutdown
[   67.663803] psci: CPU5 killed (polled 0 ms)
[   67.669336] CPU6: shutdown
[   67.672082] psci: CPU6 killed (polled 0 ms)
[   67.677745] CPU7: shutdown
[   67.680501] psci: CPU7 killed (polled 0 ms)
 
 Switch power switch: 

NOTICE:  BL2: R-Car Gen3 Initial Program Loader(CA57) Rev.4.0.0
NOTICE:  BL2: PRR is R-Car H3 Ver.3.0
NOTICE:  BL2: Board is Salvator-XS Rev.1.0
NOTICE:  BL2: Boot device is HyperFlash(160MHz)
NOTICE:  BL2: LCM state is CM
NOTICE:  AVS setting succeeded. DVFS_SetVID=0x53
NOTICE:  BL2: DDR3200(rev.0.42)
NOTICE:  BL2: [WARM_BOOT]
NOTICE:  BL2: DRAM Split is 4ch(DDR f)
NOTICE:  BL2: QoS is default setting(rev.0.11)
NOTICE:  BL2: DRAM refresh interval 1.95 usec
NOTICE:  BL2: Periodic Write DQ Training
NOTICE:  BL2: CH0: 400000000 - 47fffffff, 2 GiB
NOTICE:  BL2: CH1: 500000000 - 57fffffff, 2 GiB
NOTICE:  BL2: CH2: 600000000 - 67fffffff, 2 GiB
NOTICE:  BL2: CH3: 700000000 - 77fffffff, 2 GiB
NOTICE:  BL2: Lossy Decomp areas
NOTICE:       Entry 0: DCMPAREACRAx:0x80000540 DCMPAREACRBx:0x570
NOTICE:       Entry 1: DCMPAREACRAx:0x40000000 DCMPAREACRBx:0x0
NOTICE:       Entry 2: DCMPAREACRAx:0x20000000 DCMPAREACRBx:0x0
NOTICE:  BL2: FDT at 0xe6327f70
NOTICE:  BL2: v2.9(release):9cdb21f75
NOTICE:  BL2: Built : 05:25:39, Dec 19 2023
NOTICE:  BL2: Normal boot
[   67.685637] Enabling non-boot CPUs ...
[   67.689676] Detected PIPT I-cache on CPU1
[   67.689728] CPU1: Booted secondary processor 0x0000000001 [0x411fd073]
[   67.690208] CPU1 is up
[   67.703252] Detected PIPT I-cache on CPU2
[   67.703275] CPU2: Booted secondary processor 0x0000000002 [0x411fd073]
[   67.703537] CPU2 is up
[   67.716556] Detected PIPT I-cache on CPU3
[   67.716580] CPU3: Booted secondary processor 0x0000000003 [0x411fd073]
[   67.716849] CPU3 is up
[   67.729909] Detected VIPT I-cache on CPU4
[   67.729962] CPU4: Booted secondary processor 0x0000000100 [0x410fd034]
[   67.730860] CPU4 is up
[   67.743873] Detected VIPT I-cache on CPU5
[   67.743905] CPU5: Booted secondary processor 0x0000000101 [0x410fd034]
[   67.744452] CPU5 is up
[   67.757452] Detected VIPT I-cache on CPU6
[   67.757484] CPU6: Booted secondary processor 0x0000000102 [0x410fd034]
[   67.758082] CPU6 is up
[   67.771090] Detected VIPT I-cache on CPU7
[   67.771122] CPU7: Booted secondary processor 0x0000000103 [0x410fd034]
[   67.771756] CPU7 is up
[   67.844705] xhci-hcd ee000000.usb: xHC error in resume, USBSTS 0x401, Reinit
[   67.851744] usb usb7: root hub lost power or was reset
[   67.856864] usb usb8: root hub lost power or was reset
[   67.912693] Micrel KSZ9031 Gigabit PHY e6800000.ethernet-ffffffff:00: attached PHY driver [Micrel KSZ9031 Gigabit PHY] (mii_bus:phy_addr=e6800000.ethernet-ffffffff:00, irq=183)
[   68.027810] usb usb4: root hub lost power or was reset
[   68.033081] usb usb1: root hub lost power or was reset
[   68.119806] usb usb5: root hub lost power or was reset
[   68.125086] usb usb2: root hub lost power or was reset
[   68.211891] usb usb6: root hub lost power or was reset
[   68.217167] usb usb3: root hub lost power or was reset
[   68.331893] usb usb10: root hub lost power or was reset
[   68.337239] usb usb9: root hub lost power or was reset
[   68.353888] ata1: link resume succeeded after 1 retries
[   68.465493] ata1: SATA link down (SStatus 0 SControl 300)
[   68.484688] OOM killer enabled.
[   68.488546] Restarting tasks ... done.
root@salvator-x:~# [   68.494250] PM: suspend exit
[   76.583388] ravb e6800000.ethernet eth0: Link is Up - 1Gbps/Full - flow control off

root@salvator-x:~# echo "Wake up sucessfully"
Wake up sucessfully
root@salvator-x:~# 
Plug in USB device at CN10H


Press any button to continue

[   89.585803] usb 2-1: new high-speed USB device number 3 using ehci-platform
[   89.751453] usb-storage 2-1:1.0: USB Mass Storage device detected
[   89.758061] scsi host1: usb-storage 2-1:1.0
[   90.783732] scsi 1:0:0:0: Direct-Access     Lexar    JD Secure II +   1100 PQ: 0 ANSI: 0 CCS
[   90.907300] sd 1:0:0:0: [sda] 1966080 512-byte logical blocks: (1.01 GB/960 MiB)
[   90.915776] sd 1:0:0:0: [sda] Write Protect is off
[   90.921789] sd 1:0:0:0: [sda] No Caching mode page found
[   90.927131] sd 1:0:0:0: [sda] Assuming drive cache: write through
[   90.954601]  sda: sda1
[   90.962680] sd 1:0:0:0: [sda] Attached SCSI removable disk

root@salvator-x:~# find /sys/devices/platform/soc/ee0c0100.usb/ -name 'sd*'
/sys/devices/platform/soc/ee0c0100.usb/usb2/2-1/2-1:1.0/host1/target1:0:0/1:0:0:0/block/sda
/sys/devices/platform/soc/ee0c0100.usb/usb2/2-1/2-1:1.0/host1/target1:0:0/1:0:0:0/block/sda/sda1
root@salvator-x:~# 
root@salvator-x:~# mount /dev/sda1 /mnt/usb
[   96.132463] EXT4-fs (sda1): mounted filesystem with ordered data mode. Opts: (null)
root@salvator-x:~# 
root@salvator-x:~# cp testdata /mnt/usb/testdata_from_nfs
root@salvator-x:~# 
root@salvator-x:~# cp /mnt/usb/testdata_from_nfs testdata_from_usb
root@salvator-x:~# 
root@salvator-x:~# sync
root@salvator-x:~# 
root@salvator-x:~# cmp testdata testdata_from_usb
root@salvator-x:~# 
root@salvator-x:~# umount /mnt/usb
root@salvator-x:~# 
 
#### Result: OK ####
