

----------Item 8----------


Plug in USB device at CN37


Press any button to continue

[  157.677915] usb 3-1: new high-speed USB device number 3 using ehci-platform
[  157.839679] usb-storage 3-1:1.0: USB Mass Storage device detected
[  157.847034] scsi host2: usb-storage 3-1:1.0
[  158.879112] scsi 2:0:0:0: Direct-Access     SanDisk  Ultra            1.00 PQ: 0 ANSI: 6
[  158.888284] sd 2:0:0:0: [sdb] 121307136 512-byte logical blocks: (62.1 GB/57.8 GiB)
[  158.897157] sd 2:0:0:0: [sdb] Write Protect is off
[  158.902894] sd 2:0:0:0: [sdb] Write cache: disabled, read cache: enabled, doesn't support DPO or FUA
[  158.944325]  sdb: sdb1
[  158.956282] sd 2:0:0:0: [sdb] Attached SCSI removable disk

Please press switch to restart board 

[F 00:00:120
[F 00:00:119
[F 00:00:118
[F 00:00:117
[F 00:00:116
NOTICE:  BL2: R-Car Gen3 Initial Program Loader(CA57) Rev.4.0.0
NOTICE:  BL2: PRR is R-Car H3 Ver.3.0
NOTICE:  BL2: Board is Salvator-XS Rev.1.0
NOTICE:  BL2: Boot device is HyperFlash(160MHz)
NOTICE:  BL2: LCM state is CM
NOTICE:  AVS setting succeeded. DVFS_SetVID=0x53
NOTICE:  BL2: DDR3200(rev.0.42)
NOTICE:  BL2: [COLD_BOOT]
NOTICE:  BL2: DRAM Split is 4ch(DDR f)
NOTICE:  BL2: QoS is default setting(rev.0.11)
NOTICE:  BL2: DRAM refresh interval 1.95 usec
NOTICE:  BL2: Periodic Write DQ Training
NOTICE:  BL2: CH0: 400000000 - 47fffffff, 2 GiB
NOTICE:  BL2: CH1: 500000000 - 57fffffff, 2 GiB
NOTICE:  BL2: CH2: 600000000 - 67fffffff, 2 GiB
NOTICE:  BL2: CH3: 700000000 - 77fffffff, 2 GiB
NOTICE:  BL2: Lossy Decomp areas
NOTICE:       Entry 0: DCMPAREACRAx:0x80000540 DCMPAREACRBx:0x570
NOTICE:       Entry 1: DCMPAREACRAx:0x40000000 DCMPAREACRBx:0x0
NOTICE:       Entry 2: DCMPAREACRAx:0x20000000 DCMPAREACRBx:0x0
NOTICE:  BL2: FDT at 0xe6327f70
NOTICE:  BL2: v2.9(release):9cdb21f75
NOTICE:  BL2: Built : 05:25:39, Dec 19 2023
NOTICE:  BL2: Normal boot
NOTICE:  BL2: dst=0xe6327800 src=0x8180000 len=512(0x200)
NOTICE:  BL2: dst=0x43f00000 src=0x8180400 len=6144(0x1800)
NOTICE:  rcar_file_len: len: 0x0003e000
NOTICE:  BL2: dst=0x44000000 src=0x81c0000 len=253952(0x3e000)
NOTICE:  rcar_file_len: len: 0x00200000
NOTICE:  BL2: dst=0x44100000 src=0x8200000 len=2097152(0x200000)
NOTICE:  rcar_file_len: len: 0x00100000
NOTICE:  BL2: dst=0x50000000 src=0x8640000 len=1048576(0x100000)
NOTICE:  BL2: Booting BL31


U-Boot 2020.10 (Dec 19 2023 - 14:30:40 +0000)

CPU: Renesas Electronics R8A7795 rev 3.0
Model: Renesas Salvator-X 2nd version board based on r8a77951
DRAM:  7.9 GiB
RAM Configuration:
Bank #0: 0x048000000 - 0x0bfffffff, 1.9 GiB
Bank #1: 0x500000000 - 0x57fffffff, 2 GiB
Bank #2: 0x600000000 - 0x67fffffff, 2 GiB
Bank #3: 0x700000000 - 0x77fffffff, 2 GiB

MMC:   sd@ee100000: 0, sd@ee140000: 1, sd@ee160000: 2
Loading Environment from MMC... OK
In:    serial@e6e88000
Out:   serial@e6e88000
Err:   serial@e6e88000
Net:   eth0: ethernet@e6800000
Hit any key to stop autoboot:  2  1  0 
ethernet@e6800000 Waiting for PHY auto negotiation to complete................ done
Using ethernet@e6800000 device
TFTP from server 192.168.10.99; our IP address is 192.168.10.167
Filename 'traivo/H3/rootfs/boot_USB2H/Image'.
Load address: 0x48080000
Loading: *#################################################################
	 #################################################################
	 #################################################################
	 #################################################################
	 #################################################################
	 #################################################################
	 #################################################################
	 #################################################################
	 #################################################################
	 #################################################################
	 #################################################################
	 #################################################################
	 #################################################################
	 #################################################################
	 #################################################################
	 #################################################################
	 #################################################################
	 #################################################################
	 #################################################################
	 #################################################################
	 #################################################################
	 #################################################################
	 #################################################################
	 #################################################################
	 #################################################################
	 #################################################################
	 #################################################################
	 #################################################################
	 #################################################################
	 #################################################################
	 #################################################################
	 #################################################################
	 #################################################################
	 #################################################################
	 ################################################################
	 4.8 MiB/s
done
Bytes transferred = 33376768 (1fd4a00 hex)
Using ethernet@e6800000 device
TFTP from server 192.168.10.99; our IP address is 192.168.10.167
Filename 'traivo/H3/rootfs/boot_USB2H/r8a77951-salvator-xs.dtb'.
Load address: 0x48000000
Loading: *#######
	 12.4 MiB/s
done
Bytes transferred = 90876 (162fc hex)
Moving Image from 0x48080000 to 0x48200000, end=4a260000
## Flattened Device Tree blob at 48000000
   Booting using the fdt blob at 0x48000000
   Loading Device Tree to 0000000053fe6000, end 0000000053fff2fb ... OK

Starting kernel ...

[    0.000000] Booting Linux on physical CPU 0x0000000000 [0x411fd073]
[    0.000000] Linux version 5.10.194-yocto-standard (thuan.nguyen-hong@banvien) (aarch64-poky-linux-gcc (GCC) 9.3.0, GNU ld (GNU Binutils) 2.34.0.20200220) #10 SMP PREEMPT Mon Feb 19 03:51:05 UTC 2024
[    0.000000] Machine model: Renesas Salvator-X 2nd version board based on r8a77951
[    0.000000] efi: UEFI not found.
[    0.000000] Reserved memory: created CMA memory pool at 0x0000000057000000, size 16 MiB
[    0.000000] OF: reserved mem: initialized node linux,adsp@57000000, compatible id shared-dma-pool
[    0.000000] Reserved memory: created CMA memory pool at 0x0000000058000000, size 384 MiB
[    0.000000] OF: reserved mem: initialized node linux,cma@58000000, compatible id shared-dma-pool
[    0.000000] Reserved memory: created CMA memory pool at 0x0000000070000000, size 256 MiB
[    0.000000] OF: reserved mem: initialized node linux,multimedia@70000000, compatible id shared-dma-pool
[    0.000000] NUMA: No NUMA configuration found
[    0.000000] NUMA: Faking a node at [mem 0x0000000048000000-0x000000077fffffff]
[    0.000000] NUMA: NODE_DATA [mem 0x77efdab00-0x77efdcfff]
[    0.000000] Zone ranges:
[    0.000000]   DMA      [mem 0x0000000048000000-0x000000007fffffff]
[    0.000000]   DMA32    [mem 0x0000000080000000-0x00000000ffffffff]
[    0.000000]   Normal   [mem 0x0000000100000000-0x000000077fffffff]
[    0.000000] Movable zone start for each node
[    0.000000] Early memory node ranges
[    0.000000]   node   0: [mem 0x0000000048000000-0x0000000053ffffff]
[    0.000000]   node   0: [mem 0x0000000054000000-0x0000000056ffffff]
[    0.000000]   node   0: [mem 0x0000000057000000-0x00000000bfffffff]
[    0.000000]   node   0: [mem 0x0000000500000000-0x000000057fffffff]
[    0.000000]   node   0: [mem 0x0000000600000000-0x000000067fffffff]
[    0.000000]   node   0: [mem 0x0000000700000000-0x000000077fffffff]
[    0.000000] Initmem setup node 0 [mem 0x0000000048000000-0x000000077fffffff]
[    0.000000] psci: probing for conduit method from DT.
[    0.000000] psci: PSCIv1.1 detected in firmware.
[    0.000000] psci: Using standard PSCI v0.2 function IDs
[    0.000000] psci: Trusted OS resident on physical CPU 0x0
[    0.000000] psci: SMC Calling Convention v1.2
[    0.000000] percpu: Embedded 23 pages/cpu s56984 r8192 d29032 u94208
[    0.000000] Detected PIPT I-cache on CPU0
[    0.000000] CPU features: detected: EL2 vector hardening
[    0.000000] CPU features: detected: Spectre-v2
[    0.000000] CPU features: detected: ARM errata 1165522, 1319367, or 1530923
[    0.000000] CPU features: detected: Spectre-BHB
[    0.000000] CPU features: detected: ARM erratum 1742098
[    0.000000] Built 1 zonelists, mobility grouping on.  Total pages: 2032128
[    0.000000] Policy zone: Normal
[    0.000000] Kernel command line: rw root=/dev/nfs nfsroot=192.168.10.99:/data/tftpboot/traivo/H3/rootfs,nfsvers=4, ip=192.168.10.167
[    0.000000] Dentry cache hash table entries: 1048576 (order: 11, 8388608 bytes, linear)
[    0.000000] Inode-cache hash table entries: 524288 (order: 10, 4194304 bytes, linear)
[    0.000000] mem auto-init: stack:off, heap alloc:off, heap free:off
[    0.000000] software IO TLB: mapped [mem 0x000000004ffe6000-0x0000000053fe6000] (64MB)
[    0.000000] Memory: 7276840K/8257536K available (15232K kernel code, 2834K rwdata, 8240K rodata, 6144K init, 517K bss, 308952K reserved, 671744K cma-reserved)
[    0.000000] SLUB: HWalign=64, Order=0-3, MinObjects=0, CPUs=8, Nodes=1
[    0.000000] rcu: Preemptible hierarchical RCU implementation.
[    0.000000] rcu: 	RCU event tracing is enabled.
[    0.000000] rcu: 	RCU restricting CPUs from NR_CPUS=256 to nr_cpu_ids=8.
[    0.000000] 	Trampoline variant of Tasks RCU enabled.
[    0.000000] rcu: RCU calculated value of scheduler-enlistment delay is 25 jiffies.
[    0.000000] rcu: Adjusting geometry for rcu_fanout_leaf=16, nr_cpu_ids=8
[    0.000000] NR_IRQS: 64, nr_irqs: 64, preallocated irqs: 0
[    0.000000] arch_timer: cp15 timer(s) running at 8.32MHz (virt).
[    0.000000] clocksource: arch_sys_counter: mask: 0xffffffffffffff max_cycles: 0x1eb398c07, max_idle_ns: 440795202503 ns
[    0.000003] sched_clock: 56 bits at 8MHz, resolution 120ns, wraps every 2199023255503ns
[    0.000206] Console: colour dummy device 80x25
[    0.000413] printk: console [tty0] enabled
[    0.000489] Calibrating delay loop (skipped), value calculated using timer frequency.. 16.64 BogoMIPS (lpj=33280)
[    0.000505] pid_max: default: 32768 minimum: 301
[    0.000562] LSM: Security Framework initializing
[    0.000651] Mount-cache hash table entries: 16384 (order: 5, 131072 bytes, linear)
[    0.000703] Mountpoint-cache hash table entries: 16384 (order: 5, 131072 bytes, linear)
[    0.002159] rcu: Hierarchical SRCU implementation.
[    0.003745] Detected Renesas R-Car Gen3 r8a7795 ES3.0
[    0.005871] EFI services will not be available.
[    0.006205] smp: Bringing up secondary CPUs ...
[    0.006660] Detected PIPT I-cache on CPU1
[    0.006707] CPU1: Booted secondary processor 0x0000000001 [0x411fd073]
[    0.007195] Detected PIPT I-cache on CPU2
[    0.007218] CPU2: Booted secondary processor 0x0000000002 [0x411fd073]
[    0.007643] Detected PIPT I-cache on CPU3
[    0.007665] CPU3: Booted secondary processor 0x0000000003 [0x411fd073]
[    0.008126] CPU features: detected: ARM erratum 845719
[    0.008138] Detected VIPT I-cache on CPU4
[    0.008186] CPU4: Booted secondary processor 0x0000000100 [0x410fd034]
[    0.008665] Detected VIPT I-cache on CPU5
[    0.008692] CPU5: Booted secondary processor 0x0000000101 [0x410fd034]
[    0.009122] Detected VIPT I-cache on CPU6
[    0.009149] CPU6: Booted secondary processor 0x0000000102 [0x410fd034]
[    0.009583] Detected VIPT I-cache on CPU7
[    0.009611] CPU7: Booted secondary processor 0x0000000103 [0x410fd034]
[    0.009689] smp: Brought up 1 node, 8 CPUs
[    0.009750] SMP: Total of 8 processors activated.
[    0.009758] CPU features: detected: 32-bit EL0 Support
[    0.009765] CPU features: detected: CRC32 instructions
[    0.009772] CPU features: detected: 32-bit EL1 Support
[    0.022978] CPU: All CPU(s) started at EL1
[    0.023030] alternatives: patching kernel code
[    0.024184] devtmpfs: initialized
[    0.030991] KASLR disabled due to lack of seed
[    0.031143] clocksource: jiffies: mask: 0xffffffff max_cycles: 0xffffffff, max_idle_ns: 7645041785100000 ns
[    0.031165] futex hash table entries: 2048 (order: 5, 131072 bytes, linear)
[    0.039805] pinctrl core: initialized pinctrl subsystem
[    0.041276] DMI not present or invalid.
[    0.041774] NET: Registered protocol family 16
[    0.042717] DMA: preallocated 1024 KiB GFP_KERNEL pool for atomic allocations
[    0.042913] DMA: preallocated 1024 KiB GFP_KERNEL|GFP_DMA pool for atomic allocations
[    0.043201] DMA: preallocated 1024 KiB GFP_KERNEL|GFP_DMA32 pool for atomic allocations
[    0.043239] audit: initializing netlink subsys (disabled)
[    0.043424] audit: type=2000 audit(0.040:1): state=initialized audit_enabled=0 res=1
[    0.044584] thermal_sys: Registered thermal governor 'power_allocator'
[    0.045102] cpuidle: using governor menu
[    0.045274] hw-breakpoint: found 6 breakpoint and 4 watchpoint registers.
[    0.045399] ASID allocator initialised with 65536 entries
[    0.046678] Serial: AMBA PL011 UART driver
[    0.089530] sh-pfc e6060000.pinctrl: r8a77951_pfc support registered
[    0.104265] HugeTLB registered 1.00 GiB page size, pre-allocated 0 pages
[    0.104279] HugeTLB registered 32.0 MiB page size, pre-allocated 0 pages
[    0.104287] HugeTLB registered 2.00 MiB page size, pre-allocated 0 pages
[    0.104294] HugeTLB registered 64.0 KiB page size, pre-allocated 0 pages
[    0.105254] cryptd: max_cpu_qlen set to 1000
[    0.107500] ACPI: Interpreter disabled.
[    0.111335] rcar-avs: use avs value: 0
[    0.111362] rcar-avs: cpu@0 is running with: opp_table0
[    0.111372] rcar-avs: cpu@1 is running with: opp_table0
[    0.111383] rcar-avs: cpu@2 is running with: opp_table0
[    0.111394] rcar-avs: cpu@3 is running with: opp_table0
[    0.111481] rcar-avs: gsx@fd000000 is running with: gsx_opp_table0
[    0.112901] iommu: Default domain type: Translated 
[    0.113463] ipmmu-vmsa e67b0000.iommu: IPMMU context 0 is reserved
[    0.114462] vgaarb: loaded
[    0.114664] SCSI subsystem initialized
[    0.114910] usbcore: registered new interface driver usbfs
[    0.114941] usbcore: registered new interface driver hub
[    0.114968] usbcore: registered new device driver usb
[    0.118497] i2c-sh_mobile e60b0000.i2c: I2C adapter 7, bus speed 400000 Hz
[    0.119031] mc: Linux media interface: v0.10
[    0.119053] videodev: Linux video capture interface: v2.00
[    0.119100] pps_core: LinuxPPS API ver. 1 registered
[    0.119108] pps_core: Software ver. 5.3.6 - Copyright 2005-2007 Rodolfo Giometti <giometti@linux.it>
[    0.119121] PTP clock support registered
[    0.119297] EDAC MC: Ver: 3.0.0
[    0.121315] FPGA manager framework
[    0.121372] Advanced Linux Sound Architecture Driver Initialized.
[    0.121930] clocksource: Switched to clocksource arch_sys_counter
[    0.122079] VFS: Disk quotas dquot_6.6.0
[    0.122123] VFS: Dquot-cache hash table entries: 512 (order 0, 4096 bytes)
[    0.122246] pnp: PnP ACPI: disabled
[    0.125727] NET: Registered protocol family 2
[    0.126147] IP idents hash table entries: 131072 (order: 8, 1048576 bytes, linear)
[    0.128400] tcp_listen_portaddr_hash hash table entries: 4096 (order: 4, 65536 bytes, linear)
[    0.128478] TCP established hash table entries: 65536 (order: 7, 524288 bytes, linear)
[    0.128764] TCP bind hash table entries: 65536 (order: 8, 1048576 bytes, linear)
[    0.129345] TCP: Hash tables configured (established 65536 bind 65536)
[    0.129468] UDP hash table entries: 4096 (order: 5, 131072 bytes, linear)
[    0.129580] UDP-Lite hash table entries: 4096 (order: 5, 131072 bytes, linear)
[    0.129802] NET: Registered protocol family 1
[    0.130164] RPC: Registered named UNIX socket transport module.
[    0.130174] RPC: Registered udp transport module.
[    0.130180] RPC: Registered tcp transport module.
[    0.130186] RPC: Registered tcp NFSv4.1 backchannel transport module.
[    0.130197] PCI: CLS 0 bytes, default 64
[    0.131147] hw perfevents: enabled with armv8_cortex_a53 PMU driver, 7 counters available
[    0.131418] hw perfevents: enabled with armv8_cortex_a57 PMU driver, 7 counters available
[    0.132043] kvm [1]: HYP mode not available
[    0.134970] Initialise system trusted keyrings
[    0.135095] workingset: timestamp_bits=42 max_order=21 bucket_order=0
[    0.138210] squashfs: version 4.0 (2009/01/31) Phillip Lougher
[    0.138605] NFS: Registering the id_resolver key type
[    0.138634] Key type id_resolver registered
[    0.138641] Key type id_legacy registered
[    0.138694] nfs4filelayout_init: NFSv4 File Layout Driver Registering...
[    0.138704] nfs4flexfilelayout_init: NFSv4 Flexfile Layout Driver Registering...
[    0.138798] 9p: Installing v9fs 9p2000 file system support
[    0.164673] Key type asymmetric registered
[    0.164684] Asymmetric key parser 'x509' registered
[    0.164715] Block layer SCSI generic (bsg) driver version 0.4 loaded (major 243)
[    0.164726] io scheduler mq-deadline registered
[    0.164734] io scheduler kyber registered
[    0.180777] gpio_rcar e6050000.gpio: driving 16 GPIOs
[    0.181068] gpio_rcar e6051000.gpio: driving 29 GPIOs
[    0.181318] gpio_rcar e6052000.gpio: driving 15 GPIOs
[    0.181608] gpio_rcar e6053000.gpio: driving 16 GPIOs
[    0.181931] gpio_rcar e6054000.gpio: driving 18 GPIOs
[    0.182258] gpio_rcar e6055000.gpio: driving 26 GPIOs
[    0.182567] gpio_rcar e6055400.gpio: driving 32 GPIOs
[    0.182841] gpio_rcar e6055800.gpio: driving 4 GPIOs
[    0.185882] rcar-pcie fe000000.pcie: host bridge /soc/pcie@fe000000 ranges:
[    0.185913] rcar-pcie fe000000.pcie:       IO 0x00fe100000..0x00fe1fffff -> 0x0000000000
[    0.185951] rcar-pcie fe000000.pcie:      MEM 0x00fe200000..0x00fe3fffff -> 0x00fe200000
[    0.185971] rcar-pcie fe000000.pcie:      MEM 0x0030000000..0x0037ffffff -> 0x0030000000
[    0.185985] rcar-pcie fe000000.pcie:      MEM 0x0038000000..0x003fffffff -> 0x0038000000
[    0.186002] rcar-pcie fe000000.pcie:   IB MEM 0x0040000000..0x007fffffff -> 0x0040000000
[    0.186047] rcar-pcie fe000000.pcie: no pcie3v3 regulator found
[    0.186057] rcar-pcie fe000000.pcie: no pcie1v8 regulator found
[    0.253641] rcar-pcie fe000000.pcie: PCIe link down
[    0.253834] rcar-pcie ee800000.pcie: host bridge /soc/pcie@ee800000 ranges:
[    0.253859] rcar-pcie ee800000.pcie:       IO 0x00ee900000..0x00ee9fffff -> 0x0000000000
[    0.253879] rcar-pcie ee800000.pcie:      MEM 0x00eea00000..0x00eebfffff -> 0x00eea00000
[    0.253898] rcar-pcie ee800000.pcie:      MEM 0x00c0000000..0x00c7ffffff -> 0x00c0000000
[    0.253912] rcar-pcie ee800000.pcie:      MEM 0x00c8000000..0x00cfffffff -> 0x00c8000000
[    0.253945] rcar-pcie ee800000.pcie:   IB MEM 0x0040000000..0x007fffffff -> 0x0040000000
[    0.253978] rcar-pcie ee800000.pcie: no pcie3v3 regulator found
[    0.253988] rcar-pcie ee800000.pcie: no pcie1v8 regulator found
[    0.413931] rcar-pcie ee800000.pcie: PCIe link down
[    0.416373] EINJ: ACPI disabled.
[    0.449374] Serial: 8250/16550 driver, 4 ports, IRQ sharing enabled
[    0.451829] SuperH (H)SCI(F) driver initialized
[    0.452263] e6550000.serial: ttySC1 at MMIO 0xe6550000 (irq = 42, base_baud = 0) is a hscif
[    0.453010] e6e88000.serial: ttySC0 at MMIO 0xe6e88000 (irq = 128, base_baud = 0) is a scif
[    1.657684] printk: console [ttySC0] enabled
[    1.663056] msm_serial: driver initialized
[    1.673386] rcar-dw-hdmi fead0000.hdmi: Detected HDMI TX controller v2.01a with HDCP (DWC HDMI 2.0 TX PHY)
[    1.683300] rcar-dw-hdmi fead0000.hdmi: registered DesignWare HDMI I2C bus driver
[    1.691563] rcar-dw-hdmi feae0000.hdmi: Detected HDMI TX controller v2.01a with HDCP (DWC HDMI 2.0 TX PHY)
[    1.701425] rcar-dw-hdmi feae0000.hdmi: registered DesignWare HDMI I2C bus driver
[    1.716906] loop: module loaded
[    1.721455] megasas: 07.714.04.00-rc1
[    1.727171] scsi host0: sata_rcar
[    1.730648] ata1: SATA max UDMA/133 irq 181
[    1.740053] tun: Universal TUN/TAP device driver, 1.6
[    1.746030] thunder_xcv, ver 1.0
[    1.749275] thunder_bgx, ver 1.0
[    1.752523] nicpf, ver 1.0
[    1.756648] hclge is initializing
[    1.759988] hns3: Hisilicon Ethernet Network Driver for Hip08 Family - version
[    1.767214] hns3: Copyright (c) 2017 Huawei Corporation.
[    1.772549] e1000: Intel(R) PRO/1000 Network Driver
[    1.777430] e1000: Copyright (c) 1999-2006 Intel Corporation.
[    1.783205] e1000e: Intel(R) PRO/1000 Network Driver
[    1.788170] e1000e: Copyright(c) 1999 - 2015 Intel Corporation.
[    1.794111] igb: Intel(R) Gigabit Ethernet Network Driver
[    1.799511] igb: Copyright (c) 2007-2014 Intel Corporation.
[    1.805098] igbvf: Intel(R) Gigabit Virtual Function Network Driver
[    1.811370] igbvf: Copyright (c) 2009 - 2012 Intel Corporation.
[    1.817701] sky2: driver version 1.30
[    1.825276] ravb e6800000.ethernet eth0: Base address at 0xe6800000, 2e:09:0a:00:c3:9a, IRQ 125.
[    1.835518] VFIO - User Level meta-driver version: 0.3
[    1.842746] ehci_hcd: USB 2.0 'Enhanced' Host Controller (EHCI) Driver
[    1.849285] ehci-pci: EHCI PCI platform driver
[    1.853746] ehci-platform: EHCI generic platform driver
[    1.859350] ehci-platform ee0a0100.usb: EHCI Host Controller
[    1.865033] ehci-platform ee0a0100.usb: new USB bus registered, assigned bus number 1
[    1.872953] ehci-platform ee0a0100.usb: irq 175, io mem 0xee0a0100
[    1.893940] ehci-platform ee0a0100.usb: USB 2.0 started, EHCI 1.10
[    1.900458] hub 1-0:1.0: USB hub found
[    1.904232] hub 1-0:1.0: 1 port detected
[    1.908627] ehci-platform ee0c0100.usb: EHCI Host Controller
[    1.914301] ehci-platform ee0c0100.usb: new USB bus registered, assigned bus number 2
[    1.922187] ehci-platform ee0c0100.usb: irq 176, io mem 0xee0c0100
[    1.941936] ehci-platform ee0c0100.usb: USB 2.0 started, EHCI 1.10
[    1.948395] hub 2-0:1.0: USB hub found
[    1.952165] hub 2-0:1.0: 1 port detected
[    1.981972] ehci-platform ee0e0100.usb: EHCI Host Controller
[    1.987650] ehci-platform ee0e0100.usb: new USB bus registered, assigned bus number 3
[    1.995535] ehci-platform ee0e0100.usb: irq 177, io mem 0xee0e0100
[    2.013937] ehci-platform ee0e0100.usb: USB 2.0 started, EHCI 1.10
[    2.020378] hub 3-0:1.0: USB hub found
[    2.024147] hub 3-0:1.0: 1 port detected
[    2.028513] ehci-orion: EHCI orion driver
[    2.032766] ehci-exynos: EHCI Exynos driver
[    2.037067] ohci_hcd: USB 1.1 'Open' Host Controller (OHCI) Driver
[    2.043264] ohci-pci: OHCI PCI platform driver
[    2.047747] ohci-platform: OHCI generic platform driver
[    2.053282] ohci-platform ee0a0000.usb: Generic Platform OHCI controller
[    2.060002] ohci-platform ee0a0000.usb: new USB bus registered, assigned bus number 4
[    2.067878] ohci-platform ee0a0000.usb: irq 175, io mem 0xee0a0000
[    2.149941] ata1: link resume succeeded after 1 retries
[    2.164247] hub 4-0:1.0: USB hub found
[    2.168019] hub 4-0:1.0: 1 port detected
[    2.172346] ohci-platform ee0c0000.usb: Generic Platform OHCI controller
[    2.179060] ohci-platform ee0c0000.usb: new USB bus registered, assigned bus number 5
[    2.186934] ohci-platform ee0c0000.usb: irq 176, io mem 0xee0c0000
[    2.261457] ata1: SATA link down (SStatus 0 SControl 300)
[    2.280189] hub 5-0:1.0: USB hub found
[    2.283957] hub 5-0:1.0: 1 port detected
[    2.288270] ohci-platform ee0e0000.usb: Generic Platform OHCI controller
[    2.294983] ohci-platform ee0e0000.usb: new USB bus registered, assigned bus number 6
[    2.302849] ohci-platform ee0e0000.usb: irq 177, io mem 0xee0e0000
[    2.396224] hub 6-0:1.0: USB hub found
[    2.399991] hub 6-0:1.0: 1 port detected
[    2.404335] ohci-exynos: OHCI Exynos driver
[    2.409163] xhci-hcd ee000000.usb: xHCI Host Controller
[    2.414401] xhci-hcd ee000000.usb: new USB bus registered, assigned bus number 7
[    2.437653] xhci-hcd ee000000.usb: hcc params 0x014051ce hci version 0x100 quirks 0x0000000000830410
[    2.446826] xhci-hcd ee000000.usb: irq 172, io mem 0xee000000
[    2.452691] xhci-hcd ee000000.usb: xHCI Host Controller
[    2.457928] xhci-hcd ee000000.usb: new USB bus registered, assigned bus number 8
[    2.465330] xhci-hcd ee000000.usb: Host supports USB 3.0 SuperSpeed
[    2.471885] hub 7-0:1.0: USB hub found
[    2.475657] hub 7-0:1.0: 1 port detected
[    2.479747] usb usb8: We don't know the algorithms for LPM for this host, disabling LPM.
[    2.488105] hub 8-0:1.0: USB hub found
[    2.491883] hub 8-0:1.0: 1 port detected
[    2.496706] usbcore: registered new interface driver usb-storage
[    2.504380] renesas_usbhs e6590000.usb: host probed
[    2.509270] renesas_usbhs e6590000.usb: no transceiver found
[    2.514996] renesas_usbhs e6590000.usb: gadget probed
[    2.520211] renesas_usbhs e6590000.usb: probed
[    2.525108] renesas_usbhs e659c000.usb: host probed
[    2.530000] renesas_usbhs e659c000.usb: no transceiver found
[    2.535714] renesas_usbhs e659c000.usb: gadget probed
[    2.540913] renesas_usbhs e659c000.usb: probed
[    2.547839] i2c /dev entries driver
[    2.562356] cs2000-cp 2-004f: revision - C1
[    2.566608] i2c-rcar e6510000.i2c: probed
[    2.571461] pca953x 4-0020: supply vcc not found, using dummy regulator
[    2.578185] pca953x 4-0020: using no AI
[    2.582925] gpio-355 (PCIE/SATA switch): hogged as output/low
[    2.595257] i2c-rcar e66d8000.i2c: probed
[    2.600584] adv748x 4-0070: Endpoint /soc/i2c@e66d8000/video-receiver@70/port@7/endpoint on port 7
[    2.609568] adv748x 4-0070: Endpoint /soc/i2c@e66d8000/video-receiver@70/port@8/endpoint on port 8
[    2.618540] adv748x 4-0070: Endpoint /soc/i2c@e66d8000/video-receiver@70/port@a/endpoint on port 10
[    2.627603] adv748x 4-0070: Endpoint /soc/i2c@e66d8000/video-receiver@70/port@b/endpoint on port 11
[    2.636989] adv748x 4-0070: chip found @ 0xe0 revision 2143
[    2.690592] rcar-csi2 fea80000.csi2: 1 lanes found
[    2.695739] rcar-csi2 feaa0000.csi2: 4 lanes found
[    2.697938] usb 3-1: new high-speed USB device number 2 using ehci-platform
[    2.705270] rcar-vin e6ef0000.video: Device registered as video0
[    2.713569] rcar-vin e6ef1000.video: Device registered as video1
[    2.719649] rcar-vin e6ef2000.video: Device registered as video2
[    2.725725] rcar-vin e6ef3000.video: Device registered as video3
[    2.731800] rcar-vin e6ef4000.video: Device registered as video4
[    2.737885] rcar-vin e6ef5000.video: Device registered as video5
[    2.743972] rcar-vin e6ef6000.video: Device registered as video6
[    2.750060] rcar-vin e6ef7000.video: Device registered as video7
[    2.758778] rcar_gen3_thermal e6198000.thermal: is using pseudo fixed FUSE values
[    2.770975] rcar_gen3_thermal e6198000.thermal: TSC0: Loaded 1 trip points
[    2.782232] rcar_gen3_thermal e6198000.thermal: TSC1: Loaded 1 trip points
[    2.793386] rcar_gen3_thermal e6198000.thermal: TSC2: Loaded 3 trip points
[    2.805468] sdhci: Secure Digital Host Controller Interface driver
[    2.811690] sdhci: Copyright(c) Pierre Ossman
[    2.816882] Synopsys Designware Multimedia Card Interface Driver
[    2.817298] renesas_sdhi_internal_dmac ee140000.mmc: Adding to iommu group 0
[    2.817424] renesas_sdhi_internal_dmac ee160000.mmc: Got CD GPIO
[    2.817444] renesas_sdhi_internal_dmac ee160000.mmc: Got WP GPIO
[    2.817468] renesas_sdhi_internal_dmac ee100000.mmc: Got CD GPIO
[    2.817495] renesas_sdhi_internal_dmac ee100000.mmc: Got WP GPIO
[    2.824242] sdhci-pltfm: SDHCI platform and OF driver helper
[    2.829992] renesas_sdhi_internal_dmac ee140000.mmc: Using IPMMU context 1
[    2.864734] usb-storage 3-1:1.0: USB Mass Storage device detected
[    2.867123] ledtrig-cpu: registered to indicate activity on CPUs
[    2.873382] scsi host1: usb-storage 3-1:1.0
[    2.879716] SMCCC: SOC_ID: ARCH_SOC_ID not implemented, skipping ....
[    2.889912] usbcore: registered new interface driver usbhid
[    2.895496] usbhid: USB HID core driver
[    2.903168] optee: probing for conduit method.
[    2.907635] optee: revision 3.22 (314ecf9d)
[    2.908098] optee driver R-Car Rev.1.0.11
[    2.915628] renesas_sdhi_internal_dmac ee140000.mmc: mmc0 base at 0x00000000ee140000, max clock rate 200 MHz
[    2.916672] optee: dynamic shared memory is enabled
[    2.931275] optee: initialized driver
[    2.948295] rcar_sound ec500000.sound: probed
[    2.953368] NET: Registered protocol family 17
[    2.957941] 9pnet: Installing 9P2000 support
[    2.962269] Key type dns_resolver registered
[    2.966907] registered taskstats version 1
[    2.971018] Loading compiled-in X.509 certificates
[    2.985713] thermal emergency: set temperature to 110 celsius
[    2.991668] thermal emergency: shutdown target cpus 1-7
[    2.994948] mmc0: new HS400 MMC card at address 0001
[    2.996896] thermal emergency: freq scaled target cpus 0
[    3.002773] mmcblk0: mmc0:0001 BGSD3R 29.1 GiB 
[    3.007503] renesas_irqc e61c0000.interrupt-controller: driving 6 irqs
[    3.012120] mmcblk0boot0: mmc0:0001 BGSD3R partition 1 16.0 MiB
[    3.024624] mmcblk0boot1: mmc0:0001 BGSD3R partition 2 16.0 MiB
[    3.030679] mmcblk0rpmb: mmc0:0001 BGSD3R partition 3 4.00 MiB, chardev (509:0)
[    3.039492]  mmcblk0: p1
[    3.065961] ehci-platform ee080100.usb: EHCI Host Controller
[    3.071651] ehci-platform ee080100.usb: new USB bus registered, assigned bus number 9
[    3.079563] ehci-platform ee080100.usb: irq 174, io mem 0xee080100
[    3.097940] ehci-platform ee080100.usb: USB 2.0 started, EHCI 1.10
[    3.104473] hub 9-0:1.0: USB hub found
[    3.108245] hub 9-0:1.0: 1 port detected
[    3.113620] ohci-platform ee080000.usb: Generic Platform OHCI controller
[    3.120349] ohci-platform ee080000.usb: new USB bus registered, assigned bus number 10
[    3.128330] ohci-platform ee080000.usb: irq 174, io mem 0xee080000
[    3.224238] hub 10-0:1.0: USB hub found
[    3.228097] hub 10-0:1.0: 1 port detected
[    3.233438] cpu cpu0: EM: created perf domain
[    3.238471] cpu cpu4: EM: created perf domain
[    3.246371] renesas_sdhi_internal_dmac ee160000.mmc: Got CD GPIO
[    3.249215] renesas_sdhi_internal_dmac ee100000.mmc: Got CD GPIO
[    3.252423] renesas_sdhi_internal_dmac ee160000.mmc: Got WP GPIO
[    3.258486] renesas_sdhi_internal_dmac ee100000.mmc: Got WP GPIO
[    3.266323] [drm] Initialized rcar-du 1.0.0 20130110 for feb00000.display on minor 0
[    3.278263] [drm] Device feb00000.display probed
[    3.313839] renesas_sdhi_internal_dmac ee160000.mmc: mmc2 base at 0x00000000ee160000, max clock rate 200 MHz
[    3.319871] renesas_sdhi_internal_dmac ee100000.mmc: mmc1 base at 0x00000000ee100000, max clock rate 200 MHz
[    3.321149] Console: switching to colour frame buffer device 128x48
[    3.364867] rcar-du feb00000.display: [drm] fb0: rcar-dudrmfb frame buffer device
[    3.376965] input: keys as /devices/platform/keys/input/input0
[    3.457386] Micrel KSZ9031 Gigabit PHY e6800000.ethernet-ffffffff:00: attached PHY driver [Micrel KSZ9031 Gigabit PHY] (mii_bus:phy_addr=e6800000.ethernet-ffffffff:00, irq=183)
[    3.903765] scsi 1:0:0:0: Direct-Access     SanDisk  Ultra            1.00 PQ: 0 ANSI: 6
[    3.914146] sd 1:0:0:0: [sda] 121307136 512-byte logical blocks: (62.1 GB/57.8 GiB)
[    3.923201] sd 1:0:0:0: [sda] Write Protect is off
[    3.929084] sd 1:0:0:0: [sda] Write cache: disabled, read cache: enabled, doesn't support DPO or FUA
[    3.949892]  sda: sda1
[    3.961352] sd 1:0:0:0: [sda] Attached SCSI removable disk
[   10.007436] ravb e6800000.ethernet eth0: Link is Up - 1Gbps/Full - flow control off
[   10.033987] IP-Config: Guessing netmask 255.255.255.0
[   10.039145] IP-Config: Complete:
[   10.042455]      device=eth0, hwaddr=2e:09:0a:00:c3:9a, ipaddr=192.168.10.167, mask=255.255.255.0, gw=255.255.255.255
[   10.053265]      host=192.168.10.167, domain=, nis-domain=(none)
[   10.059397]      bootserver=255.255.255.255, rootserver=192.168.10.99, rootpath=
[   10.060037] ALSA device list:
[   10.078165]   No soundcards found.
[   11.037120] VFS: Mounted root (nfs4 filesystem) on device 0:22.
[   11.048158] devtmpfs: mounted
[   11.058643] Freeing unused kernel memory: 6144K
[   11.086076] Run /sbin/init as init process
[   11.296672] systemd[1]: System time before build time, advancing clock.
[   11.666878] NET: Registered protocol family 10
[   11.672924] Segment Routing with IPv6
[   11.688812] systemd[1]: Configuration file /etc/systemd/system.conf is marked executable. Please remove executable permission bits. Proceeding anyway.
[   11.707880] systemd[1]: Configuration file /lib/systemd/system.conf.d/00-systemd-conf.conf is marked executable. Please remove executable permission bits. Proceeding anyway.
[   11.728261] systemd[1]: systemd 244 running in system mode. (+PAM -AUDIT -SELINUX +IMA -APPARMOR -SMACK +SYSVINIT +UTMP -LIBCRYPTSETUP -GCRYPT -GNUTLS +ACL +XZ -LZ4 -SECCOMP +BLKID -ELFUTILS +KMOD -IDN2 -IDN -PCRE2 default-hierarchy=hybrid)
[   11.751771] systemd[1]: Detected architecture arm64.

Welcome to [1mPoky (Yocto Project Reference Distro) 3.1.11 (dunfell)[0m!

[   11.784292] systemd[1]: Set hostname to <salvator-x>.
[   11.994160] systemd[1]: Configuration file /lib/systemd/system/local-fs.target is marked executable. Please remove executable permission bits. Proceeding anyway.
[   12.030591] systemd[1]: Configuration file /lib/systemd/system/swap.target is marked executable. Please remove executable permission bits. Proceeding anyway.
[   12.058280] systemd[1]: Configuration file /lib/systemd/system/umount.target is marked executable. Please remove executable permission bits. Proceeding anyway.
[   12.083310] systemd[1]: Configuration file /lib/systemd/system/systemd-journald.socket is marked executable. Please remove executable permission bits. Proceeding anyway.
[   12.110271] systemd[1]: Configuration file /lib/systemd/system/systemd-journald.service is marked executable. Please remove executable permission bits. Proceeding anyway.
[   12.133311] systemd[1]: Configuration file /lib/systemd/system/sysinit.target is marked executable. Please remove executable permission bits. Proceeding anyway.
[   12.165086] systemd[1]: Configuration file /lib/systemd/system/systemd-update-utmp.service is marked executable. Please remove executable permission bits. Proceeding anyway.
[   12.186701] systemd[1]: Configuration file /lib/systemd/system/systemd-update-done.service is marked executable. Please remove executable permission bits. Proceeding anyway.
[   12.207249] systemd[1]: Configuration file /lib/systemd/system/systemd-udevd.service is marked executable. Please remove executable permission bits. Proceeding anyway.
[   12.227208] systemd[1]: Configuration file /lib/systemd/system/systemd-udevd-kernel.socket is marked executable. Please remove executable permission bits. Proceeding anyway.
[   12.247997] systemd[1]: Configuration file /lib/systemd/system/systemd-udevd-control.socket is marked executable. Please remove executable permission bits. Proceeding anyway.
[   12.269053] systemd[1]: Configuration file /lib/systemd/system/systemd-udev-trigger.service is marked executable. Please remove executable permission bits. Proceeding anyway.
[   12.289672] systemd[1]: Configuration file /lib/systemd/system/systemd-tmpfiles-setup.service is marked executable. Please remove executable permission bits. Proceeding anyway.
[   12.311003] systemd[1]: Configuration file /lib/systemd/system/systemd-tmpfiles-setup-dev.service is marked executable. Please remove executable permission bits. Proceeding anyway.
[   12.332871] systemd[1]: Configuration file /lib/systemd/system/systemd-timesyncd.service is marked executable. Please remove executable permission bits. Proceeding anyway.
[   12.354320] systemd[1]: Configuration file /lib/systemd/system/time-sync.target is marked executable. Please remove executable permission bits. Proceeding anyway.
[   12.374116] systemd[1]: Configuration file /lib/systemd/system/time-set.target is marked executable. Please remove executable permission bits. Proceeding anyway.
[   12.393759] systemd[1]: Configuration file /lib/systemd/system/systemd-sysusers.service is marked executable. Please remove executable permission bits. Proceeding anyway.
[   12.414849] systemd[1]: Configuration file /lib/systemd/system/systemd-sysctl.service is marked executable. Please remove executable permission bits. Proceeding anyway.
[   12.435454] systemd[1]: Configuration file /lib/systemd/system/systemd-random-seed.service is marked executable. Please remove executable permission bits. Proceeding anyway.
[   12.459336] systemd[1]: Configuration file /lib/systemd/system/systemd-modules-load.service is marked executable. Please remove executable permission bits. Proceeding anyway.
[   12.481009] systemd[1]: Configuration file /lib/systemd/system/systemd-machine-id-commit.service is marked executable. Please remove executable permission bits. Proceeding anyway.
[   12.503271] systemd[1]: Configuration file /lib/systemd/system/systemd-journal-flush.service is marked executable. Please remove executable permission bits. Proceeding anyway.
[   12.524721] systemd[1]: Configuration file /lib/systemd/system/systemd-journal-catalog-update.service is marked executable. Please remove executable permission bits. Proceeding anyway.
[   12.547378] systemd[1]: Configuration file /lib/systemd/system/systemd-hwdb-update.service is marked executable. Please remove executable permission bits. Proceeding anyway.
[   12.569069] systemd[1]: Configuration file /lib/systemd/system/systemd-ask-password-console.path is marked executable. Please remove executable permission bits. Proceeding anyway.
[   12.591537] systemd[1]: Configuration file /lib/systemd/system/systemd-ask-password-console.service is marked executable. Please remove executable permission bits. Proceeding anyway.
[   12.614003] systemd[1]: Configuration file /lib/systemd/system/systemd-vconsole-setup.service is marked executable. Please remove executable permission bits. Proceeding anyway.
[   12.635361] systemd[1]: Configuration file /lib/systemd/system/initrd-switch-root.target is marked executable. Please remove executable permission bits. Proceeding anyway.
[   12.656486] systemd[1]: Configuration file /lib/systemd/system/initrd-cleanup.service is marked executable. Please remove executable permission bits. Proceeding anyway.
[   12.676959] systemd[1]: Configuration file /lib/systemd/system/initrd.target is marked executable. Please remove executable permission bits. Proceeding anyway.
[   12.696856] systemd[1]: Configuration file /lib/systemd/system/rescue.target is marked executable. Please remove executable permission bits. Proceeding anyway.
[   12.724602] systemd[1]: Configuration file /lib/systemd/system/remote-fs.target is marked executable. Please remove executable permission bits. Proceeding anyway.
[   12.744830] systemd[1]: Configuration file /lib/systemd/system/remote-fs-pre.target is marked executable. Please remove executable permission bits. Proceeding anyway.
[   12.765550] systemd[1]: Configuration file /lib/systemd/system/graphical.target is marked executable. Please remove executable permission bits. Proceeding anyway.
[   12.790255] systemd[1]: Configuration file /lib/systemd/system/multi-user.target is marked executable. Please remove executable permission bits. Proceeding anyway.
[   12.827944] systemd[1]: Configuration file /lib/systemd/system/xinetd.service is marked executable. Please remove executable permission bits. Proceeding anyway.
[   12.847799] systemd[1]: Configuration file /lib/systemd/system/network.target is marked executable. Please remove executable permission bits. Proceeding anyway.
[   12.867364] systemd[1]: Configuration file /lib/systemd/system/network-pre.target is marked executable. Please remove executable permission bits. Proceeding anyway.
[   12.887480] systemd[1]: Configuration file /lib/systemd/system/systemd-user-sessions.service is marked executable. Please remove executable permission bits. Proceeding anyway.
[   12.909125] systemd[1]: Configuration file /lib/systemd/system/nss-user-lookup.target is marked executable. Please remove executable permission bits. Proceeding anyway.
[   12.930004] systemd[1]: Configuration file /lib/systemd/system/systemd-resolved.service is marked executable. Please remove executable permission bits. Proceeding anyway.
[   12.951805] systemd[1]: Configuration file /lib/systemd/system/nss-lookup.target is marked executable. Please remove executable permission bits. Proceeding anyway.
[   12.972136] systemd[1]: Configuration file /lib/systemd/system/systemd-networkd.service is marked executable. Please remove executable permission bits. Proceeding anyway.
[   12.993792] systemd[1]: Configuration file /lib/systemd/system/systemd-logind.service is marked executable. Please remove executable permission bits. Proceeding anyway.
[   13.015670] systemd[1]: Configuration file /lib/systemd/system/dbus.socket is marked executable. Please remove executable permission bits. Proceeding anyway.
[   13.034811] systemd[1]: Configuration file /lib/systemd/system/user.slice is marked executable. Please remove executable permission bits. Proceeding anyway.
[   13.037945] random: crng init done
[   13.058381] systemd[1]: Configuration file /lib/systemd/system/slices.target is marked executable. Please remove executable permission bits. Proceeding anyway.
[   13.077766] systemd[1]: Configuration file /lib/systemd/system/systemd-ask-password-wall.path is marked executable. Please remove executable permission bits. Proceeding anyway.
[   13.099361] systemd[1]: Configuration file /lib/systemd/system/systemd-ask-password-wall.service is marked executable. Please remove executable permission bits. Proceeding anyway.
[   13.121434] systemd[1]: Configuration file /lib/systemd/system/rpcbind.service is marked executable. Please remove executable permission bits. Proceeding anyway.
[   13.141717] systemd[1]: Configuration file /lib/systemd/system/rpcbind.target is marked executable. Please remove executable permission bits. Proceeding anyway.
[   13.161349] systemd[1]: Configuration file /lib/systemd/system/rpcbind.socket is marked executable. Please remove executable permission bits. Proceeding anyway.
[   13.181446] systemd[1]: Configuration file /lib/systemd/system/rc.pvr.service is marked executable. Please remove executable permission bits. Proceeding anyway.
[   13.201645] systemd[1]: Configuration file /lib/systemd/system/optee.service is marked executable. Please remove executable permission bits. Proceeding anyway.
[   13.221661] systemd[1]: Configuration file /lib/systemd/system/getty.target is marked executable. Please remove executable permission bits. Proceeding anyway.
[   13.244883] systemd[1]: Configuration file /lib/systemd/system/serial-getty@.service is marked executable. Please remove executable permission bits. Proceeding anyway.
[   13.266865] systemd[1]: Configuration file /lib/systemd/system/rc-local.service is marked executable. Please remove executable permission bits. Proceeding anyway.
[   13.287211] systemd[1]: Configuration file /lib/systemd/system/getty-pre.target is marked executable. Please remove executable permission bits. Proceeding anyway.
[   13.307803] systemd[1]: Configuration file /lib/systemd/system/getty@.service is marked executable. Please remove executable permission bits. Proceeding anyway.
[   13.328536] systemd[1]: Configuration file /lib/systemd/system/dbus.service is marked executable. Please remove executable permission bits. Proceeding anyway.
[   13.348189] systemd[1]: Configuration file /lib/systemd/system/avahi-daemon.service is marked executable. Please remove executable permission bits. Proceeding anyway.
[   13.369342] systemd[1]: Configuration file /lib/systemd/system/avahi-daemon.socket is marked executable. Please remove executable permission bits. Proceeding anyway.
[   13.390825] systemd[1]: Configuration file /lib/systemd/system/systemd-update-utmp-runlevel.service is marked executable. Please remove executable permission bits. Proceeding anyway.
[   13.413162] systemd[1]: Configuration file /lib/systemd/system/rescue.service is marked executable. Please remove executable permission bits. Proceeding anyway.
[   13.433130] systemd[1]: Configuration file /lib/systemd/system/initrd-parse-etc.service is marked executable. Please remove executable permission bits. Proceeding anyway.
[   13.454247] systemd[1]: Configuration file /lib/systemd/system/initrd-root-device.target is marked executable. Please remove executable permission bits. Proceeding anyway.
[   13.475379] systemd[1]: Configuration file /lib/systemd/system/basic.target is marked executable. Please remove executable permission bits. Proceeding anyway.
[   13.494983] systemd[1]: Configuration file /lib/systemd/system/timers.target is marked executable. Please remove executable permission bits. Proceeding anyway.
[   13.517516] systemd[1]: Configuration file /lib/systemd/system/systemd-tmpfiles-clean.timer is marked executable. Please remove executable permission bits. Proceeding anyway.
[   13.538921] systemd[1]: Configuration file /lib/systemd/system/systemd-tmpfiles-clean.service is marked executable. Please remove executable permission bits. Proceeding anyway.
[   13.560469] systemd[1]: Configuration file /lib/systemd/system/initrd-fs.target is marked executable. Please remove executable permission bits. Proceeding anyway.
[   13.580441] systemd[1]: Configuration file /lib/systemd/system/initrd-root-fs.target is marked executable. Please remove executable permission bits. Proceeding anyway.
[   13.601251] systemd[1]: Configuration file /lib/systemd/system/initrd-udevadm-cleanup-db.service is marked executable. Please remove executable permission bits. Proceeding anyway.
[   13.623509] systemd[1]: Configuration file /lib/systemd/system/systemd-udev-settle.service is marked executable. Please remove executable permission bits. Proceeding anyway.
[   13.644653] systemd[1]: Configuration file /lib/systemd/system/initrd-switch-root.service is marked executable. Please remove executable permission bits. Proceeding anyway.
[   13.665770] systemd[1]: Configuration file /lib/systemd/system/paths.target is marked executable. Please remove executable permission bits. Proceeding anyway.
[   13.685371] systemd[1]: Configuration file /lib/systemd/system/sys-kernel-debug.mount is marked executable. Please remove executable permission bits. Proceeding anyway.
[   13.706417] systemd[1]: Configuration file /lib/systemd/system/sys-kernel-config.mount is marked executable. Please remove executable permission bits. Proceeding anyway.
[   13.727389] systemd[1]: Configuration file /lib/systemd/system/sys-fs-fuse-connections.mount is marked executable. Please remove executable permission bits. Proceeding anyway.
[   13.749067] systemd[1]: Configuration file /lib/systemd/system/psplash-systemd.service is marked executable. Please remove executable permission bits. Proceeding anyway.
[   13.769745] systemd[1]: Configuration file /lib/systemd/system/psplash-start.service is marked executable. Please remove executable permission bits. Proceeding anyway.
[   13.790469] systemd[1]: Configuration file /lib/systemd/system/ldconfig.service is marked executable. Please remove executable permission bits. Proceeding anyway.
[   13.810661] systemd[1]: Configuration file /lib/systemd/system/kmod-static-nodes.service is marked executable. Please remove executable permission bits. Proceeding anyway.
[   13.831967] systemd[1]: Configuration file /lib/systemd/system/dev-mqueue.mount is marked executable. Please remove executable permission bits. Proceeding anyway.
[   13.852226] systemd[1]: Configuration file /lib/systemd/system/dev-hugepages.mount is marked executable. Please remove executable permission bits. Proceeding anyway.
[   13.872499] systemd[1]: Configuration file /lib/systemd/system/emergency.service is marked executable. Please remove executable permission bits. Proceeding anyway.
[   13.892643] systemd[1]: Configuration file /lib/systemd/system/syslog.socket is marked executable. Please remove executable permission bits. Proceeding anyway.
[   13.912811] systemd[1]: Configuration file /lib/systemd/system/systemd-journald-audit.socket is marked executable. Please remove executable permission bits. Proceeding anyway.
[   13.934361] systemd[1]: Configuration file /lib/systemd/system/systemd-journald-dev-log.socket is marked executable. Please remove executable permission bits. Proceeding anyway.
[   13.956321] systemd[1]: Configuration file /lib/systemd/system/sockets.target is marked executable. Please remove executable permission bits. Proceeding anyway.
[   13.987360] systemd[1]: Configuration file /lib/systemd/system/systemd-networkd.socket is marked executable. Please remove executable permission bits. Proceeding anyway.
[   14.008067] systemd[1]: Configuration file /lib/systemd/system/systemd-initctl.socket is marked executable. Please remove executable permission bits. Proceeding anyway.
[   14.028684] systemd[1]: Configuration file /lib/systemd/system/systemd-initctl.service is marked executable. Please remove executable permission bits. Proceeding anyway.
[   14.048708] systemd[1]: Configuration file /lib/systemd/system/dropbear.socket is marked executable. Please remove executable permission bits. Proceeding anyway.
[   14.068398] systemd[1]: Configuration file /lib/systemd/system/var-volatile-srv.service is marked executable. Please remove executable permission bits. Proceeding anyway.
[   14.089611] systemd[1]: Configuration file /lib/systemd/system/var-volatile-spool.service is marked executable. Please remove executable permission bits. Proceeding anyway.
[   14.111115] systemd[1]: Configuration file /lib/systemd/system/var-volatile-lib.service is marked executable. Please remove executable permission bits. Proceeding anyway.
[   14.132216] systemd[1]: Configuration file /lib/systemd/system/var-volatile-cache.service is marked executable. Please remove executable permission bits. Proceeding anyway.
[   14.153788] systemd[1]: Configuration file /lib/systemd/system/tmp.mount is marked executable. Please remove executable permission bits. Proceeding anyway.
[   14.173179] systemd[1]: Configuration file /lib/systemd/system/systemd-remount-fs.service is marked executable. Please remove executable permission bits. Proceeding anyway.
[   14.194642] systemd[1]: Configuration file /lib/systemd/system/systemd-fsck-root.service is marked executable. Please remove executable permission bits. Proceeding anyway.
[   14.215901] systemd[1]: Configuration file /lib/systemd/system/emergency.target is marked executable. Please remove executable permission bits. Proceeding anyway.
[   14.235523] systemd[1]: Configuration file /lib/systemd/system/local-fs-pre.target is marked executable. Please remove executable permission bits. Proceeding anyway.
[   14.256289] systemd[1]: Configuration file /lib/systemd/system/shutdown.target is marked executable. Please remove executable permission bits. Proceeding anyway.
[   14.277748] systemd[1]: system-getty.slice: unit configures an IP firewall, but the local system does not support BPF/cgroup firewalling.
[   14.292942] systemd[1]: (This warning is only shown for the first unit using IP firewalling.)
[   14.304710] systemd[1]: Created slice system-getty.slice.
[[0;32m  OK  [0m] Created slice [0;1;39msystem-getty.slice[0m.
[   14.330684] systemd[1]: Created slice system-serial\x2dgetty.slice.
[[0;32m  OK  [0m] Created slice [0;1;39msystem-serial\x2dgetty.slice[0m.
[   14.358621] systemd[1]: Created slice User and Session Slice.
[[0;32m  OK  [0m] Created slice [0;1;39mUser and Session Slice[0m.
[   14.382265] systemd[1]: Started Dispatch Password Requests to Console Directory Watch.
[[0;32m  OK  [0m] Started [0;1;39mDispatch Password …ts to Console Directory Watch[0m.
[   14.410164] systemd[1]: Started Forward Password Requests to Wall Directory Watch.
[[0;32m  OK  [0m] Started [0;1;39mForward Password R…uests to Wall Directory Watch[0m.
[   14.438086] systemd[1]: Reached target Paths.
[[0;32m  OK  [0m] Reached target [0;1;39mPaths[0m.
[   14.462175] systemd[1]: Reached target Remote File Systems.
[[0;32m  OK  [0m] Reached target [0;1;39mRemote File Systems[0m.
[   14.486079] systemd[1]: Reached target Slices.
[[0;32m  OK  [0m] Reached target [0;1;39mSlices[0m.
[   14.510094] systemd[1]: Reached target Swap.
[[0;32m  OK  [0m] Reached target [0;1;39mSwap[0m.
[   14.537097] systemd[1]: Listening on RPCbind Server Activation Socket.
[[0;32m  OK  [0m] Listening on [0;1;39mRPCbind Server Activation Socket[0m.
[   14.566120] systemd[1]: Reached target RPC Port Mapper.
[[0;32m  OK  [0m] Reached target [0;1;39mRPC Port Mapper[0m.
[   14.594437] systemd[1]: Listening on initctl Compatibility Named Pipe.
[[0;32m  OK  [0m] Listening on [0;1;39minitctl Compatibility Named Pipe[0m.
[   14.624190] systemd[1]: Listening on Journal Audit Socket.
[[0;32m  OK  [0m] Listening on [0;1;39mJournal Audit Socket[0m.
[   14.651960] systemd[1]: Listening on Journal Socket (/dev/log).
[[0;32m  OK  [0m] Listening on [0;1;39mJournal Socket (/dev/log)[0m.
[   14.678727] systemd[1]: Listening on Journal Socket.
[[0;32m  OK  [0m] Listening on [0;1;39mJournal Socket[0m.
[   14.707835] systemd[1]: Listening on Network Service Netlink Socket.
[[0;32m  OK  [0m] Listening on [0;1;39mNetwork Service Netlink Socket[0m.
[   14.736232] systemd[1]: Listening on udev Control Socket.
[[0;32m  OK  [0m] Listening on [0;1;39mudev Control Socket[0m.
[   14.762571] systemd[1]: Listening on udev Kernel Socket.
[[0;32m  OK  [0m] Listening on [0;1;39mudev Kernel Socket[0m.
[   14.795346] systemd[1]: Mounting Huge Pages File System...
         Mounting [0;1;39mHuge Pages File System[0m...
[   14.827224] systemd[1]: Mounting POSIX Message Queue File System...
         Mounting [0;1;39mPOSIX Message Queue File System[0m...
[   14.859283] systemd[1]: Mounting Kernel Debug File System...
         Mounting [0;1;39mKernel Debug File System[0m...
[   14.894437] systemd[1]: Mounting Temporary Directory (/tmp)...
         Mounting [0;1;39mTemporary Directory (/tmp)[0m...
[   14.924278] systemd[1]: Starting Create list of static device nodes for the current kernel...
         Starting [0;1;39mCreate list of st…odes for the current kernel[0m...
[   14.958971] systemd[1]: Starting Start psplash boot splash screen...
         Starting [0;1;39mStart psplash boot splash screen[0m...
[   14.992430] systemd[1]: Starting RPC Bind...
         Starting [0;1;39mRPC Bind[0m...
[   15.018875] systemd[1]: Condition check resulted in File System Check on Root Device being skipped.
[   15.034604] systemd[1]: Starting Journal Service...
         Starting [0;1;39mJournal Service[0m...
[   15.053616] systemd-journald[352]: Configuration file /etc/systemd/journald.conf is marked executable. Please remove executable permission bits. Proceeding anyway.
[   15.070164] systemd-journald[352]: Configuration file /lib/systemd/journald.conf.d/00-systemd-conf.conf is marked executable. Please remove executable permission bits. Proceeding anyway.
[   15.095701] systemd[1]: Starting Load Kernel Modules...
         Starting [0;1;39mLoad Kernel Modules[0m...
[   15.119087] systemd[1]: Starting Remount Root and Kernel File Systems...
         Starting [0;1;39mRemount Root and Kernel File Systems[0m...
[   15.145199] systemd[1]: Starting udev Coldplug all Devices...
         Starting [0;1;39mudev Coldplug all Devices[0m...
[   15.169096] systemd[1]: Started Start psplash boot splash screen.
[[0;32m  OK  [0m] Started [0;1;39mStart psplash boot splash screen[0m.
[   15.190897] systemd[1]: Started RPC Bind.
[[0;32m  OK  [0m] Started [0;1;39mRPC Bind[0m.
[   15.210522] systemd[1]: Started Journal Service.
[[0;32m  OK  [0m] Started [0;1;39mJournal Service[0m.
[[0;32m  OK  [0m] Mounted [0;1;39mHuge Pages File System[0m.
[[0;32m  OK  [0m] Mounted [0;1;39mPOSIX Message Queue File System[0m.
[[0;32m  OK  [0m] Mounted [0;1;39mKernel Debug File System[0m.
[[0;32m  OK  [0m] Mounted [0;1;39mTemporary Directory (/tmp)[0m.
[[0;32m  OK  [0m] Started [0;1;39mCreate list of sta… nodes for the current kernel[0m.
[[0;32m  OK  [0m] Started [0;1;39mLoad Kernel Modules[0m.
[[0;32m  OK  [0m] Started [0;1;39mRemount Root and Kernel File Systems[0m.
         Mounting [0;1;39mKernel Configuration File System[0m...
[[0;32m  OK  [0m] Started [0;1;39mStart psplash-syst…progress communication helper[0m.
         Starting [0;1;39mFlush Journal to Persistent Storage[0m...
[   15.418993] systemd-journald[352]: Received client request to flush runtime journal.
         Starting [0;1;39mApply Kernel Variables[0m...
         Starting [0;1;39mCreate Static Device Nodes in /dev[0m...
[[0;32m  OK  [0m] Mounted [0;1;39mKernel Configuration File System[0m.
[[0;32m  OK  [0m] Started [0;1;39mFlush Journal to Persistent Storage[0m.
[[0;32m  OK  [0m] Started [0;1;39mApply Kernel Variables[0m.
[[0;32m  OK  [0m] Started [0;1;39mCreate Static Device Nodes in /dev[0m.
[[0;32m  OK  [0m] Reached target [0;1;39mLocal File Systems (Pre)[0m.
         Mounting [0;1;39m/var/volatile[0m...
         Starting [0;1;39mudev Kernel Device Manager[0m...
[[0;32m  OK  [0m] Mounted [0;1;39m/var/volatile[0m.
         Starting [0;1;39mLoad/Save Random Seed[0m...
[[0;32m  OK  [0m] Reached target [0;1;39mLocal File Systems[0m.
         Starting [0;1;39mCreate Volatile Files and Directories[0m...
[[0;32m  OK  [0m] Started [0;1;39mLoad/Save Random Seed[0m.
[[0;32m  OK  [0m] Started [0;1;39mudev Kernel Device Manager[0m.
[[0;32m  OK  [0m] Started [0;1;39mudev Coldplug all Devices[0m.
         Starting [0;1;39mNetwork Service[0m...
[[0;32m  OK  [0m] Started [0;1;39mCreate Volatile Files and Directories[0m.
         Starting [0;1;39mNetwork Time Synchronization[0m...
         Starting [0;1;39mUpdate UTMP about System Boot/Shutdown[0m...
[[0;32m  OK  [0m] Started [0;1;39mUpdate UTMP about System Boot/Shutdown[0m.
[[0;32m  OK  [0m] Started [0;1;39mNetwork Service[0m.
         Starting [0;1;39mNetwork Name Resolution[0m...
[[0;32m  OK  [0m] Started [0;1;39mNetwork Time Synchronization[0m.
[[0;32m  OK  [0m] Reached target [0;1[   15.954271] pwm-backlight: probe of backlight failed with error -16
;39mSystem Initialization[0m.
[[0;32m  OK  [0m] Started [0;1;39mDaily Cleanup of Temporary Directories[0m.
[[0;32m  OK  [0m] Reached target [0;1;39mSystem Time Set[0m.
[[0;32m  OK  [0m] Reached target [0;1;39mSystem Time Synchronized[0m.
[[0;32m  OK  [0m] Reached target [0;1;39mTimers[0m.
[[0;32m  OK  [0m] Listening on [0;1;39mAvahi mDNS/DNS-SD Stack Activation Socket[0m.
[   16.048659] at24 7-0050: supply vcc not found, using dummy regulator
[   16.058338] at24 7-0050: 128 byte br24t01 EEPROM, writable, 8 bytes/write
[[0;32m  OK  [0m] Listening on [0;1;39mD-Bus System Message Bus Socket[0m.
[[0;32m  OK  [0m] Listening on [0;1;39mdropbear.socket[0m.
[[0;32m  OK  [0m] Reached target [0;1;39mSockets[0m.
[[0;32m  OK  [0m] Reached target [0;1;39mBasic System[0m.
[[0;32m  OK  [0m] Started [0;1;39mD-Bus System Message Bus[0m.
[   16.180841] ccree e6601000.crypto: ARM CryptoCell 630P Driver: HW version 0xAF400001/0xDCC63000, Driver version 5.0
[   16.186524] renesas_usb3 ee020000.usb: probed with phy
[[0;32m  OK  [0m] Started [0;1;39moptee services[0m.
         Starting [0;1;39mpvrinit.service[0m...
         Starting [0;1;39mPowerVR consumer services[0m...
[   16.273567] ccree e6601000.crypto: ARM ccree device initialized
         Starting [0;1;39mLogin Service[0m...
[[0;32m  OK  [0m] Started [0;1;39mNetwork Name Resolution[0m.
[[0;1;31mFAILED[0m] Failed to start [0;1;39mpvrinit.service[0m.
See 'systemctl status pvrinit.service' for details.
[[0;1;31mFAILED[0m] Failed to start [0;1;39mPowerVR consumer services[0m.
See 'systemctl status rc.pvr.service' for details.
[[0;1;38;5;185mDEPEND[0m] Dependency failed for [0;1;39mWeston Wayland Compositor[0m.
[[0;32m  OK  [0m] Started [0;1;39mLogin Service[0m.
[[0;32m  OK  [0m] Created slice [0;1;39msystem-weston.slice[0m.
[[0;32m  OK  [0m] Reached target [0;1;39mNetwork[0m.
[[0;32m  OK  [0m] Reached target [0;1;39mHost and Network Name Lookups[0m.
[[0;32m  OK  [0m] Reached target [0;1;39mHardware activated USB gadget[0m.
         Starting [0;1;39mAvahi mDNS/DNS-SD Stack[0m...
         Starting [0;1;39mset_default_governor.service[0m...
         Starting [0;1;39mPermit User Sessions[0m...
[[0;32m  OK  [0m] Started [0;1;39mXinetd A Powerful Replacement For Inetd[0m.
[   16.726299] rd 0-7: Disabling EAS, schedutil is mandatory
[[0;32m  OK  [0m] Started [0;1;39mPermit User Sessions[0m.
[[0;32m  OK  [0m] Started [0;1;39mAvahi mDNS/DNS-SD Stack[0m.
[[0;32m  OK  [0m] Started [0;1;39mGetty on tty1[0m.
[[0;32m  OK  [0m] Started [0;1;39mSerial Getty on ttySC0[0m.
[[0;32m  OK  [0m] Reached target [0;1;39mLogin Prompts[0m.
[[0;32m  OK  [0m] Started [0;1;39mset_default_governor.service[0m.
[[0;32m  OK  [0m] Reached target [0;1;39mMulti-User System[0m.
         Starting [0;1;39mUpdate UTMP about System Runlevel Changes[0m...
[[0;32m  OK  [0m] Started [0;1;39mUpdate UTMP about System Runlevel Changes[0m.

Poky (Yocto Project Reference Distro) 3.1.11 salvator-x ttySC0

salvator-x login: 
salvator-x login: root
[   18.705794] audit: type=1006 audit(1708653591.107:2): pid=533 uid=0 old-auid=4294967295 auid=0 tty=(none) old-ses=4294967295 ses=1 res=1
7[r[999;999H[6n8root@salvator-x:~# 
root@salvator-x:~# 
root@salvator-x:~# 
root@salvator-x:~# 
root@salvator-x:~# 
root@salvator-x:~# 
root@salvator-x:~# 
root@salvator-x:~# 
root@salvator-x:~# 
----------Prepare----------


root@salvator-x:~# find /sys/devices/platform/soc/ee0e0100.usb/ -name 'sd*'
/sys/devices/platform/soc/ee0e0100.usb/usb3/3-1/3-1:1.0/host1/target1:0:0/1:0:0:0/block/sda
/sys/devices/platform/soc/ee0e0100.usb/usb3/3-1/3-1:1.0/host1/target1:0:0/1:0:0:0/block/sda/sda1
root@salvator-x:~# 
root@salvator-x:~# dd if=/dev/urandom of=testdata bs=10M count=5
5+0 records in
5+0 records out
52428800 bytes (52 MB, 50 MiB) copied, 1.53297 s, 34.2 MB/s
root@salvator-x:~# 
root@salvator-x:~# mkdir -p /mnt/usb
root@salvator-x:~# 
root@salvator-x:~# mount /dev/sda1 /mnt/usb
[   31.068327] EXT4-fs (sda1): recovery complete
[   31.073868] EXT4-fs (sda1): mounted filesystem with ordered data mode. Opts: (null)
root@salvator-x:~# 
root@salvator-x:~# cp testdata /mnt/usb/
root@salvator-x:~# 
root@salvator-x:~# umount /mnt/usb
root@salvator-x:~# 
root@salvator-x:~# find /sys/devices/platform/soc/ee0e0100.usb/ -name 'sd*'
/sys/devices/platform/soc/ee0e0100.usb/usb3/3-1/3-1:1.0/host1/target1:0:0/1:0:0:0/block/sda
/sys/devices/platform/soc/ee0e0100.usb/usb3/3-1/3-1:1.0/host1/target1:0:0/1:0:0:0/block/sda/sda1
root@salvator-x:~# 
root@salvator-x:~# i2cset -f -y 7 0x30 0x20 0x0f
root@salvator-x:~# 

Switch SW23 off and input 'yes' to continue:
Input 'yes' to continue: 
[   41.950068] SDHI0 VccQ: disabling
[   41.953458] SDHI3 VccQ: disabling

root@salvator-x:~# echo N > /sys/module/printk/parameters/console_suspend
root@salvator-x:~# 
root@salvator-x:~# mount /dev/sda1 /mnt/usb
[   45.344868] EXT4-fs (sda1): mounted filesystem with ordered data mode. Opts: (null)
root@salvator-x:~# 
root@salvator-x:~# cp testdata /mnt/usb/testdata_from_nfs &
[1] 559
root@salvator-x:~# 
root@salvator-x:~# echo mem > /sys/power/state
[   46.742222] PM: suspend entry (deep)
[   49.390350] Filesystems sync: 2.644 seconds
[   49.396243] Freezing user space processes ... (elapsed 0.001 seconds) done.
[   49.397899] OOM killer disabled.
[   49.397902] Freezing remaining freezable tasks ... (elapsed 0.001 seconds) done.
[   49.821624] ravb e6800000.ethernet eth0: Link is Down
[   49.836461] Disabling non-boot CPUs ...
[   49.840923] CPU1: shutdown
[   49.843646] psci: CPU1 killed (polled 0 ms)
[   49.849570] CPU2: shutdown
[   49.852300] psci: CPU2 killed (polled 0 ms)
[   49.858000] CPU3: shutdown
[   49.860712] psci: CPU3 killed (polled 0 ms)
[   49.866542] CPU4: shutdown
[   49.869265] psci: CPU4 killed (polled 0 ms)
[   49.875155] CPU5: shutdown
[   49.877864] psci: CPU5 killed (polled 0 ms)
[   49.883418] CPU6: shutdown
[   49.886166] psci: CPU6 killed (polled 0 ms)
[   49.891839] CPU7: shutdown
[   49.894590] psci: CPU7 killed (polled 0 ms)
 
Pull out USB device at CN37


Press any button to continue


 Switch power switch: 

NOTICE:  BL2: R-Car Gen3 Initial Program Loader(CA57) Rev.4.0.0
NOTICE:  BL2: PRR is R-Car H3 Ver.3.0
NOTICE:  BL2: Board is Salvator-XS Rev.1.0
NOTICE:  BL2: Boot device is HyperFlash(160MHz)
NOTICE:  BL2: LCM state is CM
NOTICE:  AVS setting succeeded. DVFS_SetVID=0x53
NOTICE:  BL2: DDR3200(rev.0.42)
NOTICE:  BL2: [WARM_BOOT]
NOTICE:  BL2: DRAM Split is 4ch(DDR f)
NOTICE:  BL2: QoS is default setting(rev.0.11)
NOTICE:  BL2: DRAM refresh interval 1.95 usec
NOTICE:  BL2: Periodic Write DQ Training
NOTICE:  BL2: CH0: 400000000 - 47fffffff, 2 GiB
NOTICE:  BL2: CH1: 500000000 - 57fffffff, 2 GiB
NOTICE:  BL2: CH2: 600000000 - 67fffffff, 2 GiB
NOTICE:  BL2: CH3: 700000000 - 77fffffff, 2 GiB
NOTICE:  BL2: Lossy Decomp areas
NOTICE:       Entry 0: DCMPAREACRAx:0x80000540 DCMPAREACRBx:0x570
NOTICE:       Entry 1: DCMPAREACRAx:0x40000000 DCMPAREACRBx:0x0
NOTICE:       Entry 2: DCMPAREACRAx:0x20000000 DCMPAREACRBx:0x0
NOTICE:  BL2: FDT at 0xe6327f70
NOTICE:  BL2: v2.9(release):9cdb21f75
NOTICE:  BL2: Built : 05:25:39, Dec 19 2023
NOTICE:  BL2: Normal boot
[   49.900073] Enabling non-boot CPUs ...
[   49.904131] Detected PIPT I-cache on CPU1
[   49.904186] CPU1: Booted secondary processor 0x0000000001 [0x411fd073]
[   49.904668] CPU1 is up
[   49.917718] Detected PIPT I-cache on CPU2
[   49.917740] CPU2: Booted secondary processor 0x0000000002 [0x411fd073]
[   49.918018] CPU2 is up
[   49.931030] Detected PIPT I-cache on CPU3
[   49.931053] CPU3: Booted secondary processor 0x0000000003 [0x411fd073]
[   49.931326] CPU3 is up
[   49.944388] Detected VIPT I-cache on CPU4
[   49.944441] CPU4: Booted secondary processor 0x0000000100 [0x410fd034]
[   49.945333] CPU4 is up
[   49.958342] Detected VIPT I-cache on CPU5
[   49.958376] CPU5: Booted secondary processor 0x0000000101 [0x410fd034]
[   49.958962] CPU5 is up
[   49.971968] Detected VIPT I-cache on CPU6
[   49.972000] CPU6: Booted secondary processor 0x0000000102 [0x410fd034]
[   49.972609] CPU6 is up
[   49.985613] Detected VIPT I-cache on CPU7
[   49.985647] CPU7: Booted secondary processor 0x0000000103 [0x410fd034]
[   49.986332] CPU7 is up
[   50.059116] xhci-hcd ee000000.usb: xHC error in resume, USBSTS 0x401, Reinit
[   50.066157] usb usb7: root hub lost power or was reset
[   50.071276] usb usb8: root hub lost power or was reset
[   50.152890] Micrel KSZ9031 Gigabit PHY e6800000.ethernet-ffffffff:00: attached PHY driver [Micrel KSZ9031 Gigabit PHY] (mii_bus:phy_addr=e6800000.ethernet-ffffffff:00, irq=183)
[   50.271917] usb usb4: root hub lost power or was reset
[   50.277196] usb usb1: root hub lost power or was reset
[   50.363916] usb usb5: root hub lost power or was reset
[   50.369165] usb usb2: root hub lost power or was reset
[   50.455999] usb usb6: root hub lost power or was reset
[   50.461262] usb usb3: root hub lost power or was reset
[   50.580032] usb usb10: root hub lost power or was reset
[   50.585377] usb usb9: root hub lost power or was reset
[   50.593991] ata1: link resume succeeded after 1 retries
[   50.705513] ata1: SATA link down (SStatus 0 SControl 300)
[   53.353927] OOM killer enabled.
[   53.357764] Restarting tasks ... 
[   53.358262] usb 3-1: USB disconnect, device number 2
[   53.359338] done.
[   53.365925] blk_update_request: I/O error, dev sda, sector 29362432 op 0x1:(WRITE) flags 0x4000 phys_seg 30 prio class 0
[   53.385435] PM: suspend exit
[   53.385441] blk_update_request: I/O error, dev sda, sector 29362672 op 0x1:(WRITE) flags 0x4000 phys_seg 30 prio class 0
[1]+  Done              [   53.385485] blk_update_request: I/O error, dev sda, sector 29362912 op 0x1:(WRITE) flags 0x4000 phys_seg 30 prio class 0
      cp testdata /mnt/usb/testdata_from_nfs
root@salvator-x:~# [   53.415339] blk_update_request: I/O error, dev sda, sector 29363152 op 0x1:(WRITE) flags 0x4000 phys_seg 30 prio class 0
[   53.415369] blk_update_request: I/O error, dev sda, sector 29363392 op 0x1:(WRITE) flags 0x4000 phys_seg 30 prio class 0
[   53.415378] blk_update_request: I/O error, dev sda, sector 29363632 op 0x1:(WRITE) flags 0x4000 phys_seg 30 prio class 0
[   53.415401] blk_update_request: I/O error, dev sda, sector 29363872 op 0x1:(WRITE) flags 0x4000 phys_seg 30 prio class 0
[   53.415410] blk_update_request: I/O error, dev sda, sector 29364112 op 0x1:(WRITE) flags 0x4000 phys_seg 30 prio class 0
[   53.415447] blk_update_request: I/O error, dev sda, sector 29364352 op 0x1:(WRITE) flags 0x0 phys_seg 16 prio class 0
[   53.415457] blk_update_request: I/O error, dev sda, sector 29364480 op 0x1:(WRITE) flags 0x4800 phys_seg 30 prio class 0
[   53.415663] Aborting journal on device sda1-8.
[   53.415685] Buffer I/O error on dev sda1, logical block 7372800, lost sync page write
[   53.415695] JBD2: Error -5 detected when updating journal superblock for sda1-8.
[   57.066645] ravb e6800000.ethernet eth0: Link is Up - 1Gbps/Full - flow control off

root@salvator-x:~# echo "Wake up sucessfully"
Wake up sucessfully
root@salvator-x:~# 
Plug in USB device at CN37


Press any button to continue

[   70.945912] usb 3-1: new high-speed USB device number 3 using ehci-platform
[   71.111507] usb-storage 3-1:1.0: USB Mass Storage device detected
[   71.117952] scsi host2: usb-storage 3-1:1.0
[   72.126943] scsi 2:0:0:0: Direct-Access     SanDisk  Ultra            1.00 PQ: 0 ANSI: 6
[   72.136355] sd 2:0:0:0: [sdb] 121307136 512-byte logical blocks: (62.1 GB/57.8 GiB)
[   72.145234] sd 2:0:0:0: [sdb] Write Protect is off
[   72.150962] sd 2:0:0:0: [sdb] Write cache: disabled, read cache: enabled, doesn't support DPO or FUA
[   72.194937]  sdb: sdb1
[   72.201240] sd 2:0:0:0: [sdb] Attached SCSI removable disk

root@salvator-x:~# find /sys/devices/platform/soc/ee0e0100.usb/ -name 'sd*'
/sys/devices/platform/soc/ee0e0100.usb/usb3/3-1/3-1:1.0/host2/target2:0:0/2:0:0:0/block/sdb
/sys/devices/platform/soc/ee0e0100.usb/usb3/3-1/3-1:1.0/host2/target2:0:0/2:0:0:0/block/sdb/sdb1
root@salvator-x:~# 
root@salvator-x:~# wait
root@salvator-x:~# 
root@salvator-x:~# mount /dev/sdb1 /mnt/usb
[   82.248923] EXT4-fs (sdb1): recovery complete
[   82.268814] EXT4-fs (sdb1): mounted filesystem with ordered data mode. Opts: (null)
root@salvator-x:~# 
root@salvator-x:~# sync
root@salvator-x:~# 
root@salvator-x:~# cmp testdata /mnt/usb/testdata_from_nfs
root@salvator-x:~# 
root@salvator-x:~# umount /mnt/usb
root@salvator-x:~# 
 
#### Result: OK ####
