

----------Item 3----------


Please press switch to restart board 

[F 00:00:120
[F 00:00:119
[F 00:00:118
NOTICE:  BL2: R-Car Gen3 Initial Program Loader(CA57) Rev.4.0.0
NOTICE:  BL2: PRR is R-Car H3 Ver.3.0
NOTICE:  BL2: Board is Salvator-XS Rev.1.0
NOTICE:  BL2: Boot device is HyperFlash(160MHz)
NOTICE:  BL2: LCM state is CM
NOTICE:  AVS setting succeeded. DVFS_SetVID=0x53
NOTICE:  BL2: DDR3200(rev.0.42)
NOTICE:  BL2: [COLD_BOOT]
NOTICE:  BL2: DRAM Split is 4ch(DDR f)
NOTICE:  BL2: QoS is default setting(rev.0.11)
NOTICE:  BL2: DRAM refresh interval 1.95 usec
NOTICE:  BL2: Periodic Write DQ Training
NOTICE:  BL2: CH0: 400000000 - 47fffffff, 2 GiB
NOTICE:  BL2: CH1: 500000000 - 57fffffff, 2 GiB
NOTICE:  BL2: CH2: 600000000 - 67fffffff, 2 GiB
NOTICE:  BL2: CH3: 700000000 - 77fffffff, 2 GiB
NOTICE:  BL2: Lossy Decomp areas
NOTICE:       Entry 0: DCMPAREACRAx:0x80000540 DCMPAREACRBx:0x570
NOTICE:       Entry 1: DCMPAREACRAx:0x40000000 DCMPAREACRBx:0x0
NOTICE:       Entry 2: DCMPAREACRAx:0x20000000 DCMPAREACRBx:0x0
NOTICE:  BL2: FDT at 0xe6327f70
NOTICE:  BL2: v2.9(release):9cdb21f75
NOTICE:  BL2: Built : 05:25:39, Dec 19 2023
NOTICE:  BL2: Normal boot
NOTICE:  BL2: dst=0xe6327800 src=0x8180000 len=512(0x200)
NOTICE:  BL2: dst=0x43f00000 src=0x8180400 len=6144(0x1800)
NOTICE:  rcar_file_len: len: 0x0003e000
NOTICE:  BL2: dst=0x44000000 src=0x81c0000 len=253952(0x3e000)
NOTICE:  rcar_file_len: len: 0x00200000
NOTICE:  BL2: dst=0x44100000 src=0x8200000 len=2097152(0x200000)
NOTICE:  rcar_file_len: len: 0x00100000
NOTICE:  BL2: dst=0x50000000 src=0x8640000 len=1048576(0x100000)
NOTICE:  BL2: Booting BL31


U-Boot 2020.10 (Dec 19 2023 - 14:30:40 +0000)

CPU: Renesas Electronics R8A7795 rev 3.0
Model: Renesas Salvator-X 2nd version board based on r8a77951
DRAM:  7.9 GiB
RAM Configuration:
Bank #0: 0x048000000 - 0x0bfffffff, 1.9 GiB
Bank #1: 0x500000000 - 0x57fffffff, 2 GiB
Bank #2: 0x600000000 - 0x67fffffff, 2 GiB
Bank #3: 0x700000000 - 0x77fffffff, 2 GiB

MMC:   sd@ee100000: 0, sd@ee140000: 1, sd@ee160000: 2
Loading Environment from MMC... OK
In:    serial@e6e88000
Out:   serial@e6e88000
Err:   serial@e6e88000
Net:   eth0: ethernet@e6800000
Hit any key to stop autoboot:  2  1  0 
ethernet@e6800000 Waiting for PHY auto negotiation to complete.......... done
Using ethernet@e6800000 device
TFTP from server 192.168.10.99; our IP address is 192.168.10.167
Filename 'traivo/H3/rootfs/boot_USB2H/Image'.
Load address: 0x48080000
Loading: *#################################################################
	 #################################################################
	 #################################################################
	 #################################################################
	 #################################################################
	 #################################################################
	 #################################################################
	 #################################################################
	 #################################################################
	 #################################################################
	 #################################################################
	 #################################################################
	 #################################################################
	 #################################################################
	 #################################################################
	 #################################################################
	 #################################################################
	 #################################################################
	 #################################################################
	 #################################################################
	 #################################################################
	 #################################################################
	 #################################################################
	 #################################################################
	 #################################################################
	 #################################################################
	 #################################################################
	 #################################################################
	 #################################################################
	 #################################################################
	 #################################################################
	 #################################################################
	 #################################################################
	 #################################################################
	 ################################################################
	 4.8 MiB/s
done
Bytes transferred = 33376768 (1fd4a00 hex)
Using ethernet@e6800000 device
TFTP from server 192.168.10.99; our IP address is 192.168.10.167
Filename 'traivo/H3/rootfs/boot_USB2H/r8a77951-salvator-xs.dtb'.
Load address: 0x48000000
Loading: *#######
	 7.9 MiB/s
done
Bytes transferred = 90876 (162fc hex)
Moving Image from 0x48080000 to 0x48200000, end=4a260000
## Flattened Device Tree blob at 48000000
   Booting using the fdt blob at 0x48000000
   Loading Device Tree to 0000000053fe6000, end 0000000053fff2fb ... OK

Starting kernel ...

[    0.000000] Booting Linux on physical CPU 0x0000000000 [0x411fd073]
[    0.000000] Linux version 5.10.194-yocto-standard (thuan.nguyen-hong@banvien) (aarch64-poky-linux-gcc (GCC) 9.3.0, GNU ld (GNU Binutils) 2.34.0.20200220) #10 SMP PREEMPT Mon Feb 19 03:51:05 UTC 2024
[    0.000000] Machine model: Renesas Salvator-X 2nd version board based on r8a77951
[    0.000000] efi: UEFI not found.
[    0.000000] Reserved memory: created CMA memory pool at 0x0000000057000000, size 16 MiB
[    0.000000] OF: reserved mem: initialized node linux,adsp@57000000, compatible id shared-dma-pool
[    0.000000] Reserved memory: created CMA memory pool at 0x0000000058000000, size 384 MiB
[    0.000000] OF: reserved mem: initialized node linux,cma@58000000, compatible id shared-dma-pool
[    0.000000] Reserved memory: created CMA memory pool at 0x0000000070000000, size 256 MiB
[    0.000000] OF: reserved mem: initialized node linux,multimedia@70000000, compatible id shared-dma-pool
[    0.000000] NUMA: No NUMA configuration found
[    0.000000] NUMA: Faking a node at [mem 0x0000000048000000-0x000000077fffffff]
[    0.000000] NUMA: NODE_DATA [mem 0x77efdab00-0x77efdcfff]
[    0.000000] Zone ranges:
[    0.000000]   DMA      [mem 0x0000000048000000-0x000000007fffffff]
[    0.000000]   DMA32    [mem 0x0000000080000000-0x00000000ffffffff]
[    0.000000]   Normal   [mem 0x0000000100000000-0x000000077fffffff]
[    0.000000] Movable zone start for each node
[    0.000000] Early memory node ranges
[    0.000000]   node   0: [mem 0x0000000048000000-0x0000000053ffffff]
[    0.000000]   node   0: [mem 0x0000000054000000-0x0000000056ffffff]
[    0.000000]   node   0: [mem 0x0000000057000000-0x00000000bfffffff]
[    0.000000]   node   0: [mem 0x0000000500000000-0x000000057fffffff]
[    0.000000]   node   0: [mem 0x0000000600000000-0x000000067fffffff]
[    0.000000]   node   0: [mem 0x0000000700000000-0x000000077fffffff]
[    0.000000] Initmem setup node 0 [mem 0x0000000048000000-0x000000077fffffff]
[    0.000000] psci: probing for conduit method from DT.
[    0.000000] psci: PSCIv1.1 detected in firmware.
[    0.000000] psci: Using standard PSCI v0.2 function IDs
[    0.000000] psci: Trusted OS resident on physical CPU 0x0
[    0.000000] psci: SMC Calling Convention v1.2
[    0.000000] percpu: Embedded 23 pages/cpu s56984 r8192 d29032 u94208
[    0.000000] Detected PIPT I-cache on CPU0
[    0.000000] CPU features: detected: EL2 vector hardening
[    0.000000] CPU features: detected: Spectre-v2
[    0.000000] CPU features: detected: ARM errata 1165522, 1319367, or 1530923
[    0.000000] CPU features: detected: Spectre-BHB
[    0.000000] CPU features: detected: ARM erratum 1742098
[    0.000000] Built 1 zonelists, mobility grouping on.  Total pages: 2032128
[    0.000000] Policy zone: Normal
[    0.000000] Kernel command line: rw root=/dev/nfs nfsroot=192.168.10.99:/data/tftpboot/traivo/H3/rootfs,nfsvers=4, ip=192.168.10.167
[    0.000000] Dentry cache hash table entries: 1048576 (order: 11, 8388608 bytes, linear)
[    0.000000] Inode-cache hash table entries: 524288 (order: 10, 4194304 bytes, linear)
[    0.000000] mem auto-init: stack:off, heap alloc:off, heap free:off
[    0.000000] software IO TLB: mapped [mem 0x000000004ffe6000-0x0000000053fe6000] (64MB)
[    0.000000] Memory: 7276840K/8257536K available (15232K kernel code, 2834K rwdata, 8240K rodata, 6144K init, 517K bss, 308952K reserved, 671744K cma-reserved)
[    0.000000] SLUB: HWalign=64, Order=0-3, MinObjects=0, CPUs=8, Nodes=1
[    0.000000] rcu: Preemptible hierarchical RCU implementation.
[    0.000000] rcu: 	RCU event tracing is enabled.
[    0.000000] rcu: 	RCU restricting CPUs from NR_CPUS=256 to nr_cpu_ids=8.
[    0.000000] 	Trampoline variant of Tasks RCU enabled.
[    0.000000] rcu: RCU calculated value of scheduler-enlistment delay is 25 jiffies.
[    0.000000] rcu: Adjusting geometry for rcu_fanout_leaf=16, nr_cpu_ids=8
[    0.000000] NR_IRQS: 64, nr_irqs: 64, preallocated irqs: 0
[    0.000000] arch_timer: cp15 timer(s) running at 8.32MHz (virt).
[    0.000000] clocksource: arch_sys_counter: mask: 0xffffffffffffff max_cycles: 0x1eb398c07, max_idle_ns: 440795202503 ns
[    0.000003] sched_clock: 56 bits at 8MHz, resolution 120ns, wraps every 2199023255503ns
[    0.000206] Console: colour dummy device 80x25
[    0.000414] printk: console [tty0] enabled
[    0.000481] Calibrating delay loop (skipped), value calculated using timer frequency.. 16.64 BogoMIPS (lpj=33280)
[    0.000497] pid_max: default: 32768 minimum: 301
[    0.000556] LSM: Security Framework initializing
[    0.000644] Mount-cache hash table entries: 16384 (order: 5, 131072 bytes, linear)
[    0.000694] Mountpoint-cache hash table entries: 16384 (order: 5, 131072 bytes, linear)
[    0.002145] rcu: Hierarchical SRCU implementation.
[    0.003733] Detected Renesas R-Car Gen3 r8a7795 ES3.0
[    0.005883] EFI services will not be available.
[    0.006224] smp: Bringing up secondary CPUs ...
[    0.006682] Detected PIPT I-cache on CPU1
[    0.006731] CPU1: Booted secondary processor 0x0000000001 [0x411fd073]
[    0.007219] Detected PIPT I-cache on CPU2
[    0.007245] CPU2: Booted secondary processor 0x0000000002 [0x411fd073]
[    0.007671] Detected PIPT I-cache on CPU3
[    0.007694] CPU3: Booted secondary processor 0x0000000003 [0x411fd073]
[    0.008155] CPU features: detected: ARM erratum 845719
[    0.008167] Detected VIPT I-cache on CPU4
[    0.008214] CPU4: Booted secondary processor 0x0000000100 [0x410fd034]
[    0.008692] Detected VIPT I-cache on CPU5
[    0.008719] CPU5: Booted secondary processor 0x0000000101 [0x410fd034]
[    0.009154] Detected VIPT I-cache on CPU6
[    0.009181] CPU6: Booted secondary processor 0x0000000102 [0x410fd034]
[    0.009620] Detected VIPT I-cache on CPU7
[    0.009648] CPU7: Booted secondary processor 0x0000000103 [0x410fd034]
[    0.009725] smp: Brought up 1 node, 8 CPUs
[    0.009787] SMP: Total of 8 processors activated.
[    0.009795] CPU features: detected: 32-bit EL0 Support
[    0.009803] CPU features: detected: CRC32 instructions
[    0.009810] CPU features: detected: 32-bit EL1 Support
[    0.023010] CPU: All CPU(s) started at EL1
[    0.023064] alternatives: patching kernel code
[    0.024212] devtmpfs: initialized
[    0.031002] KASLR disabled due to lack of seed
[    0.031150] clocksource: jiffies: mask: 0xffffffff max_cycles: 0xffffffff, max_idle_ns: 7645041785100000 ns
[    0.031171] futex hash table entries: 2048 (order: 5, 131072 bytes, linear)
[    0.039809] pinctrl core: initialized pinctrl subsystem
[    0.041286] DMI not present or invalid.
[    0.041789] NET: Registered protocol family 16
[    0.042720] DMA: preallocated 1024 KiB GFP_KERNEL pool for atomic allocations
[    0.042914] DMA: preallocated 1024 KiB GFP_KERNEL|GFP_DMA pool for atomic allocations
[    0.043205] DMA: preallocated 1024 KiB GFP_KERNEL|GFP_DMA32 pool for atomic allocations
[    0.043244] audit: initializing netlink subsys (disabled)
[    0.043426] audit: type=2000 audit(0.040:1): state=initialized audit_enabled=0 res=1
[    0.044597] thermal_sys: Registered thermal governor 'power_allocator'
[    0.045112] cpuidle: using governor menu
[    0.045287] hw-breakpoint: found 6 breakpoint and 4 watchpoint registers.
[    0.045410] ASID allocator initialised with 65536 entries
[    0.046707] Serial: AMBA PL011 UART driver
[    0.089506] sh-pfc e6060000.pinctrl: r8a77951_pfc support registered
[    0.104253] HugeTLB registered 1.00 GiB page size, pre-allocated 0 pages
[    0.104266] HugeTLB registered 32.0 MiB page size, pre-allocated 0 pages
[    0.104274] HugeTLB registered 2.00 MiB page size, pre-allocated 0 pages
[    0.104282] HugeTLB registered 64.0 KiB page size, pre-allocated 0 pages
[    0.105254] cryptd: max_cpu_qlen set to 1000
[    0.107505] ACPI: Interpreter disabled.
[    0.111300] rcar-avs: use avs value: 0
[    0.111315] rcar-avs: cpu@0 is running with: opp_table0
[    0.111326] rcar-avs: cpu@1 is running with: opp_table0
[    0.111335] rcar-avs: cpu@2 is running with: opp_table0
[    0.111345] rcar-avs: cpu@3 is running with: opp_table0
[    0.111440] rcar-avs: gsx@fd000000 is running with: gsx_opp_table0
[    0.112863] iommu: Default domain type: Translated 
[    0.113431] ipmmu-vmsa e67b0000.iommu: IPMMU context 0 is reserved
[    0.114418] vgaarb: loaded
[    0.114610] SCSI subsystem initialized
[    0.114864] usbcore: registered new interface driver usbfs
[    0.114896] usbcore: registered new interface driver hub
[    0.114921] usbcore: registered new device driver usb
[    0.118452] i2c-sh_mobile e60b0000.i2c: I2C adapter 7, bus speed 400000 Hz
[    0.118984] mc: Linux media interface: v0.10
[    0.119005] videodev: Linux video capture interface: v2.00
[    0.119052] pps_core: LinuxPPS API ver. 1 registered
[    0.119059] pps_core: Software ver. 5.3.6 - Copyright 2005-2007 Rodolfo Giometti <giometti@linux.it>
[    0.119073] PTP clock support registered
[    0.119243] EDAC MC: Ver: 3.0.0
[    0.121248] FPGA manager framework
[    0.121305] Advanced Linux Sound Architecture Driver Initialized.
[    0.121886] clocksource: Switched to clocksource arch_sys_counter
[    0.122026] VFS: Disk quotas dquot_6.6.0
[    0.122070] VFS: Dquot-cache hash table entries: 512 (order 0, 4096 bytes)
[    0.122194] pnp: PnP ACPI: disabled
[    0.125641] NET: Registered protocol family 2
[    0.126057] IP idents hash table entries: 131072 (order: 8, 1048576 bytes, linear)
[    0.128326] tcp_listen_portaddr_hash hash table entries: 4096 (order: 4, 65536 bytes, linear)
[    0.128404] TCP established hash table entries: 65536 (order: 7, 524288 bytes, linear)
[    0.128687] TCP bind hash table entries: 65536 (order: 8, 1048576 bytes, linear)
[    0.129271] TCP: Hash tables configured (established 65536 bind 65536)
[    0.129390] UDP hash table entries: 4096 (order: 5, 131072 bytes, linear)
[    0.129505] UDP-Lite hash table entries: 4096 (order: 5, 131072 bytes, linear)
[    0.129724] NET: Registered protocol family 1
[    0.130115] RPC: Registered named UNIX socket transport module.
[    0.130124] RPC: Registered udp transport module.
[    0.130130] RPC: Registered tcp transport module.
[    0.130135] RPC: Registered tcp NFSv4.1 backchannel transport module.
[    0.130149] PCI: CLS 0 bytes, default 64
[    0.131054] hw perfevents: enabled with armv8_cortex_a53 PMU driver, 7 counters available
[    0.131332] hw perfevents: enabled with armv8_cortex_a57 PMU driver, 7 counters available
[    0.131957] kvm [1]: HYP mode not available
[    0.134877] Initialise system trusted keyrings
[    0.135013] workingset: timestamp_bits=42 max_order=21 bucket_order=0
[    0.138111] squashfs: version 4.0 (2009/01/31) Phillip Lougher
[    0.138506] NFS: Registering the id_resolver key type
[    0.138530] Key type id_resolver registered
[    0.138537] Key type id_legacy registered
[    0.138590] nfs4filelayout_init: NFSv4 File Layout Driver Registering...
[    0.138599] nfs4flexfilelayout_init: NFSv4 Flexfile Layout Driver Registering...
[    0.138704] 9p: Installing v9fs 9p2000 file system support
[    0.164882] Key type asymmetric registered
[    0.164893] Asymmetric key parser 'x509' registered
[    0.164925] Block layer SCSI generic (bsg) driver version 0.4 loaded (major 243)
[    0.164935] io scheduler mq-deadline registered
[    0.164945] io scheduler kyber registered
[    0.181032] gpio_rcar e6050000.gpio: driving 16 GPIOs
[    0.181306] gpio_rcar e6051000.gpio: driving 29 GPIOs
[    0.181575] gpio_rcar e6052000.gpio: driving 15 GPIOs
[    0.181910] gpio_rcar e6053000.gpio: driving 16 GPIOs
[    0.182154] gpio_rcar e6054000.gpio: driving 18 GPIOs
[    0.182407] gpio_rcar e6055000.gpio: driving 26 GPIOs
[    0.182675] gpio_rcar e6055400.gpio: driving 32 GPIOs
[    0.183058] gpio_rcar e6055800.gpio: driving 4 GPIOs
[    0.186033] rcar-pcie fe000000.pcie: host bridge /soc/pcie@fe000000 ranges:
[    0.186062] rcar-pcie fe000000.pcie:       IO 0x00fe100000..0x00fe1fffff -> 0x0000000000
[    0.186090] rcar-pcie fe000000.pcie:      MEM 0x00fe200000..0x00fe3fffff -> 0x00fe200000
[    0.186108] rcar-pcie fe000000.pcie:      MEM 0x0030000000..0x0037ffffff -> 0x0030000000
[    0.186121] rcar-pcie fe000000.pcie:      MEM 0x0038000000..0x003fffffff -> 0x0038000000
[    0.186138] rcar-pcie fe000000.pcie:   IB MEM 0x0040000000..0x007fffffff -> 0x0040000000
[    0.186183] rcar-pcie fe000000.pcie: no pcie3v3 regulator found
[    0.186194] rcar-pcie fe000000.pcie: no pcie1v8 regulator found
[    0.253587] rcar-pcie fe000000.pcie: PCIe link down
[    0.253760] rcar-pcie ee800000.pcie: host bridge /soc/pcie@ee800000 ranges:
[    0.253783] rcar-pcie ee800000.pcie:       IO 0x00ee900000..0x00ee9fffff -> 0x0000000000
[    0.253802] rcar-pcie ee800000.pcie:      MEM 0x00eea00000..0x00eebfffff -> 0x00eea00000
[    0.253819] rcar-pcie ee800000.pcie:      MEM 0x00c0000000..0x00c7ffffff -> 0x00c0000000
[    0.253832] rcar-pcie ee800000.pcie:      MEM 0x00c8000000..0x00cfffffff -> 0x00c8000000
[    0.253849] rcar-pcie ee800000.pcie:   IB MEM 0x0040000000..0x007fffffff -> 0x0040000000
[    0.253894] rcar-pcie ee800000.pcie: no pcie3v3 regulator found
[    0.253904] rcar-pcie ee800000.pcie: no pcie1v8 regulator found
[    0.413877] rcar-pcie ee800000.pcie: PCIe link down
[    0.416349] EINJ: ACPI disabled.
[    0.461946] Serial: 8250/16550 driver, 4 ports, IRQ sharing enabled
[    0.465782] SuperH (H)SCI(F) driver initialized
[    0.466527] e6550000.serial: ttySC1 at MMIO 0xe6550000 (irq = 42, base_baud = 0) is a hscif
[    0.467708] e6e88000.serial: ttySC0 at MMIO 0xe6e88000 (irq = 128, base_baud = 0) is a scif
[    1.672542] printk: console [ttySC0] enabled
[    1.678143] msm_serial: driver initialized
[    1.688393] rcar-dw-hdmi fead0000.hdmi: Detected HDMI TX controller v2.01a with HDCP (DWC HDMI 2.0 TX PHY)
[    1.698280] rcar-dw-hdmi fead0000.hdmi: registered DesignWare HDMI I2C bus driver
[    1.706584] rcar-dw-hdmi feae0000.hdmi: Detected HDMI TX controller v2.01a with HDCP (DWC HDMI 2.0 TX PHY)
[    1.716444] rcar-dw-hdmi feae0000.hdmi: registered DesignWare HDMI I2C bus driver
[    1.731989] loop: module loaded
[    1.736508] megasas: 07.714.04.00-rc1
[    1.742236] scsi host0: sata_rcar
[    1.745689] ata1: SATA max UDMA/133 irq 181
[    1.755040] tun: Universal TUN/TAP device driver, 1.6
[    1.760976] thunder_xcv, ver 1.0
[    1.764231] thunder_bgx, ver 1.0
[    1.767478] nicpf, ver 1.0
[    1.771615] hclge is initializing
[    1.774949] hns3: Hisilicon Ethernet Network Driver for Hip08 Family - version
[    1.782171] hns3: Copyright (c) 2017 Huawei Corporation.
[    1.787508] e1000: Intel(R) PRO/1000 Network Driver
[    1.792391] e1000: Copyright (c) 1999-2006 Intel Corporation.
[    1.798159] e1000e: Intel(R) PRO/1000 Network Driver
[    1.803124] e1000e: Copyright(c) 1999 - 2015 Intel Corporation.
[    1.809063] igb: Intel(R) Gigabit Ethernet Network Driver
[    1.814462] igb: Copyright (c) 2007-2014 Intel Corporation.
[    1.820051] igbvf: Intel(R) Gigabit Virtual Function Network Driver
[    1.826336] igbvf: Copyright (c) 2009 - 2012 Intel Corporation.
[    1.832683] sky2: driver version 1.30
[    1.840186] ravb e6800000.ethernet eth0: Base address at 0xe6800000, 2e:09:0a:02:ec:37, IRQ 125.
[    1.850381] VFIO - User Level meta-driver version: 0.3
[    1.857550] ehci_hcd: USB 2.0 'Enhanced' Host Controller (EHCI) Driver
[    1.864094] ehci-pci: EHCI PCI platform driver
[    1.868559] ehci-platform: EHCI generic platform driver
[    1.874176] ehci-platform ee0a0100.usb: EHCI Host Controller
[    1.879855] ehci-platform ee0a0100.usb: new USB bus registered, assigned bus number 1
[    1.887776] ehci-platform ee0a0100.usb: irq 175, io mem 0xee0a0100
[    1.909887] ehci-platform ee0a0100.usb: USB 2.0 started, EHCI 1.10
[    1.916419] hub 1-0:1.0: USB hub found
[    1.920190] hub 1-0:1.0: 1 port detected
[    1.924603] ehci-platform ee0c0100.usb: EHCI Host Controller
[    1.930277] ehci-platform ee0c0100.usb: new USB bus registered, assigned bus number 2
[    1.938162] ehci-platform ee0c0100.usb: irq 176, io mem 0xee0c0100
[    1.957883] ehci-platform ee0c0100.usb: USB 2.0 started, EHCI 1.10
[    1.964356] hub 2-0:1.0: USB hub found
[    1.968127] hub 2-0:1.0: 1 port detected
[    1.997922] ehci-platform ee0e0100.usb: EHCI Host Controller
[    2.003597] ehci-platform ee0e0100.usb: new USB bus registered, assigned bus number 3
[    2.011465] ehci-platform ee0e0100.usb: irq 177, io mem 0xee0e0100
[    2.029885] ehci-platform ee0e0100.usb: USB 2.0 started, EHCI 1.10
[    2.036337] hub 3-0:1.0: USB hub found
[    2.040104] hub 3-0:1.0: 1 port detected
[    2.044474] ehci-orion: EHCI orion driver
[    2.048742] ehci-exynos: EHCI Exynos driver
[    2.053044] ohci_hcd: USB 1.1 'Open' Host Controller (OHCI) Driver
[    2.059241] ohci-pci: OHCI PCI platform driver
[    2.063723] ohci-platform: OHCI generic platform driver
[    2.069254] ohci-platform ee0a0000.usb: Generic Platform OHCI controller
[    2.075974] ohci-platform ee0a0000.usb: new USB bus registered, assigned bus number 4
[    2.083855] ohci-platform ee0a0000.usb: irq 175, io mem 0xee0a0000
[    2.165891] ata1: link resume succeeded after 1 retries
[    2.180148] hub 4-0:1.0: USB hub found
[    2.183917] hub 4-0:1.0: 1 port detected
[    2.188238] ohci-platform ee0c0000.usb: Generic Platform OHCI controller
[    2.194955] ohci-platform ee0c0000.usb: new USB bus registered, assigned bus number 5
[    2.202838] ohci-platform ee0c0000.usb: irq 176, io mem 0xee0c0000
[    2.277403] ata1: SATA link down (SStatus 0 SControl 300)
[    2.296135] hub 5-0:1.0: USB hub found
[    2.299903] hub 5-0:1.0: 1 port detected
[    2.304231] ohci-platform ee0e0000.usb: Generic Platform OHCI controller
[    2.310945] ohci-platform ee0e0000.usb: new USB bus registered, assigned bus number 6
[    2.318811] ohci-platform ee0e0000.usb: irq 177, io mem 0xee0e0000
[    2.412122] hub 6-0:1.0: USB hub found
[    2.415889] hub 6-0:1.0: 1 port detected
[    2.420235] ohci-exynos: OHCI Exynos driver
[    2.425071] xhci-hcd ee000000.usb: xHCI Host Controller
[    2.430311] xhci-hcd ee000000.usb: new USB bus registered, assigned bus number 7
[    2.453566] xhci-hcd ee000000.usb: hcc params 0x014051ce hci version 0x100 quirks 0x0000000000830410
[    2.462732] xhci-hcd ee000000.usb: irq 172, io mem 0xee000000
[    2.468593] xhci-hcd ee000000.usb: xHCI Host Controller
[    2.473827] xhci-hcd ee000000.usb: new USB bus registered, assigned bus number 8
[    2.481234] xhci-hcd ee000000.usb: Host supports USB 3.0 SuperSpeed
[    2.487785] hub 7-0:1.0: USB hub found
[    2.491555] hub 7-0:1.0: 1 port detected
[    2.495639] usb usb8: We don't know the algorithms for LPM for this host, disabling LPM.
[    2.503990] hub 8-0:1.0: USB hub found
[    2.507760] hub 8-0:1.0: 1 port detected
[    2.512569] usbcore: registered new interface driver usb-storage
[    2.520259] renesas_usbhs e6590000.usb: host probed
[    2.525151] renesas_usbhs e6590000.usb: no transceiver found
[    2.530881] renesas_usbhs e6590000.usb: gadget probed
[    2.536101] renesas_usbhs e6590000.usb: probed
[    2.540998] renesas_usbhs e659c000.usb: host probed
[    2.545890] renesas_usbhs e659c000.usb: no transceiver found
[    2.551608] renesas_usbhs e659c000.usb: gadget probed
[    2.556812] renesas_usbhs e659c000.usb: probed
[    2.563754] i2c /dev entries driver
[    2.578318] cs2000-cp 2-004f: revision - C1
[    2.582570] i2c-rcar e6510000.i2c: probed
[    2.587423] pca953x 4-0020: supply vcc not found, using dummy regulator
[    2.594121] pca953x 4-0020: using no AI
[    2.598768] gpio-355 (PCIE/SATA switch): hogged as output/low
[    2.611037] i2c-rcar e66d8000.i2c: probed
[    2.616345] adv748x 4-0070: Endpoint /soc/i2c@e66d8000/video-receiver@70/port@7/endpoint on port 7
[    2.625325] adv748x 4-0070: Endpoint /soc/i2c@e66d8000/video-receiver@70/port@8/endpoint on port 8
[    2.634296] adv748x 4-0070: Endpoint /soc/i2c@e66d8000/video-receiver@70/port@a/endpoint on port 10
[    2.643360] adv748x 4-0070: Endpoint /soc/i2c@e66d8000/video-receiver@70/port@b/endpoint on port 11
[    2.652752] adv748x 4-0070: chip found @ 0xe0 revision 2143
[    2.706302] rcar-csi2 fea80000.csi2: 1 lanes found
[    2.711434] rcar-csi2 feaa0000.csi2: 4 lanes found
[    2.721024] rcar-vin e6ef0000.video: Device registered as video0
[    2.727107] rcar-vin e6ef1000.video: Device registered as video1
[    2.733182] rcar-vin e6ef2000.video: Device registered as video2
[    2.739260] rcar-vin e6ef3000.video: Device registered as video3
[    2.745332] rcar-vin e6ef4000.video: Device registered as video4
[    2.751416] rcar-vin e6ef5000.video: Device registered as video5
[    2.757505] rcar-vin e6ef6000.video: Device registered as video6
[    2.763645] rcar-vin e6ef7000.video: Device registered as video7
[    2.772364] rcar_gen3_thermal e6198000.thermal: is using pseudo fixed FUSE values
[    2.784565] rcar_gen3_thermal e6198000.thermal: TSC0: Loaded 1 trip points
[    2.795808] rcar_gen3_thermal e6198000.thermal: TSC1: Loaded 1 trip points
[    2.806951] rcar_gen3_thermal e6198000.thermal: TSC2: Loaded 3 trip points
[    2.819010] sdhci: Secure Digital Host Controller Interface driver
[    2.825226] sdhci: Copyright(c) Pierre Ossman
[    2.830458] Synopsys Designware Multimedia Card Interface Driver
[    2.830808] renesas_sdhi_internal_dmac ee100000.mmc: Got CD GPIO
[    2.831027] renesas_sdhi_internal_dmac ee140000.mmc: Adding to iommu group 0
[    2.831071] renesas_sdhi_internal_dmac ee140000.mmc: Using IPMMU context 1
[    2.831107] renesas_sdhi_internal_dmac ee160000.mmc: Got CD GPIO
[    2.831134] renesas_sdhi_internal_dmac ee160000.mmc: Got WP GPIO
[    2.837787] sdhci-pltfm: SDHCI platform and OF driver helper
[    2.842533] renesas_sdhi_internal_dmac ee100000.mmc: Got WP GPIO
[    2.880432] renesas_sdhi_internal_dmac ee140000.mmc: mmc0 base at 0x00000000ee140000, max clock rate 200 MHz
[    2.880447] ledtrig-cpu: registered to indicate activity on CPUs
[    2.897227] SMCCC: SOC_ID: ARCH_SOC_ID not implemented, skipping ....
[    2.904262] usbcore: registered new interface driver usbhid
[    2.909837] usbhid: USB HID core driver
[    2.917435] optee: probing for conduit method.
[    2.921905] optee: revision 3.22 (314ecf9d)
[    2.922455] optee driver R-Car Rev.1.0.11
[    2.930930] optee: dynamic shared memory is enabled
[    2.936082] optee: initialized driver
[    2.953588] rcar_sound ec500000.sound: probed
[    2.958693] NET: Registered protocol family 17
[    2.963260] 9pnet: Installing 9P2000 support
[    2.964770] mmc0: new HS400 MMC card at address 0001
[    2.967578] Key type dns_resolver registered
[    2.973245] mmcblk0: mmc0:0001 BGSD3R 29.1 GiB 
[    2.977049] registered taskstats version 1
[    2.981673] mmcblk0boot0: mmc0:0001 BGSD3R partition 1 16.0 MiB
[    2.985458] Loading compiled-in X.509 certificates
[    2.991718] mmcblk0boot1: mmc0:0001 BGSD3R partition 2 16.0 MiB
[    3.002265] mmcblk0rpmb: mmc0:0001 BGSD3R partition 3 4.00 MiB, chardev (509:0)
[    3.006241] thermal emergency: set temperature to 110 celsius
[    3.011393]  mmcblk0: p1
[    3.015578] thermal emergency: shutdown target cpus 1-7
[    3.023108] thermal emergency: freq scaled target cpus 0
[    3.028765] renesas_irqc e61c0000.interrupt-controller: driving 6 irqs
[    3.081896] ehci-platform ee080100.usb: EHCI Host Controller
[    3.087590] ehci-platform ee080100.usb: new USB bus registered, assigned bus number 9
[    3.095478] ehci-platform ee080100.usb: irq 174, io mem 0xee080100
[    3.113887] ehci-platform ee080100.usb: USB 2.0 started, EHCI 1.10
[    3.120421] hub 9-0:1.0: USB hub found
[    3.124191] hub 9-0:1.0: 1 port detected
[    3.129199] ohci-platform ee080000.usb: Generic Platform OHCI controller
[    3.135919] ohci-platform ee080000.usb: new USB bus registered, assigned bus number 10
[    3.143886] ohci-platform ee080000.usb: irq 174, io mem 0xee080000
[    3.240429] hub 10-0:1.0: USB hub found
[    3.244289] hub 10-0:1.0: 1 port detected
[    3.249503] cpu cpu0: EM: created perf domain
[    3.254413] cpu cpu4: EM: created perf domain
[    3.264224] renesas_sdhi_internal_dmac ee100000.mmc: Got CD GPIO
[    3.264332] renesas_sdhi_internal_dmac ee160000.mmc: Got CD GPIO
[    3.267029] [drm] Initialized rcar-du 1.0.0 20130110 for feb00000.display on minor 0
[    3.267032] [drm] Device feb00000.display probed
[    3.270280] renesas_sdhi_internal_dmac ee100000.mmc: Got WP GPIO
[    3.276356] renesas_sdhi_internal_dmac ee160000.mmc: Got WP GPIO
[    3.332833] renesas_sdhi_internal_dmac ee100000.mmc: mmc1 base at 0x00000000ee100000, max clock rate 200 MHz
[    3.339133] Console: switching to colour frame buffer device 128x48
[    3.349928] renesas_sdhi_internal_dmac ee160000.mmc: mmc2 base at 0x00000000ee160000, max clock rate 200 MHz
[    3.380090] rcar-du feb00000.display: [drm] fb0: rcar-dudrmfb frame buffer device
[    3.381911] usb 9-1: new high-speed USB device number 2 using ehci-platform
[    3.399612] input: keys as /devices/platform/keys/input/input0
[    3.481743] Micrel KSZ9031 Gigabit PHY e6800000.ethernet-ffffffff:00: attached PHY driver [Micrel KSZ9031 Gigabit PHY] (mii_bus:phy_addr=e6800000.ethernet-ffffffff:00, irq=183)
[    3.552441] hub 9-1:1.0: USB hub found
[    3.556366] hub 9-1:1.0: 4 ports detected
[    3.945911] usb 9-1.4: new high-speed USB device number 3 using ehci-platform
[    4.161267] usb-storage 9-1.4:1.0: USB Mass Storage device detected
[    4.168657] scsi host1: usb-storage 9-1.4:1.0
[    5.184349] scsi 1:0:0:0: Direct-Access     SanDisk  Ultra            1.00 PQ: 0 ANSI: 6
[    5.194413] sd 1:0:0:0: [sda] 121307136 512-byte logical blocks: (62.1 GB/57.8 GiB)
[    5.203716] sd 1:0:0:0: [sda] Write Protect is off
[    5.209966] sd 1:0:0:0: [sda] Write cache: disabled, read cache: enabled, doesn't support DPO or FUA
[    5.233916]  sda: sda1
[    5.242204] sd 1:0:0:0: [sda] Attached SCSI removable disk
[   10.214238] ravb e6800000.ethernet eth0: Link is Up - 1Gbps/Full - flow control off
[   10.237920] IP-Config: Guessing netmask 255.255.255.0
[   10.246844] IP-Config: Complete:
[   10.253899]      device=eth0, hwaddr=2e:09:0a:02:ec:37, ipaddr=192.168.10.167, mask=255.255.255.0, gw=255.255.255.255
[   10.268492]      host=192.168.10.167, domain=, nis-domain=(none)
[   10.278462]      bootserver=255.255.255.255, rootserver=192.168.10.99, rootpath=
[   10.279083] ALSA device list:
[   10.296606]   No soundcards found.
[   11.354579] VFS: Mounted root (nfs4 filesystem) on device 0:22.
[   11.365832] devtmpfs: mounted
[   11.376461] Freeing unused kernel memory: 6144K
[   11.402137] Run /sbin/init as init process
[   11.557952] systemd[1]: System time before build time, advancing clock.
[   11.941726] NET: Registered protocol family 10
[   11.950631] Segment Routing with IPv6
[   11.977827] systemd[1]: systemd 244 running in system mode. (+PAM -AUDIT -SELINUX +IMA -APPARMOR -SMACK +SYSVINIT +UTMP -LIBCRYPTSETUP -GCRYPT -GNUTLS +ACL +XZ -LZ4 -SECCOMP +BLKID -ELFUTILS +KMOD -IDN2 -IDN -PCRE2 default-hierarchy=hybrid)
[   12.007352] systemd[1]: Detected architecture arm64.

Welcome to [1mPoky (Yocto Project Reference Distro) 3.1.11 (dunfell)[0m!

[   12.039807] systemd[1]: Set hostname to <salvator-x>.
[   12.789716] random: systemd: uninitialized urandom read (16 bytes read)
[   12.801324] systemd[1]: system-getty.slice: unit configures an IP firewall, but the local system does not support BPF/cgroup firewalling.
[   12.820841] systemd[1]: (This warning is only shown for the first unit using IP firewalling.)
[   12.835612] systemd[1]: Created slice system-getty.slice.
[[0;32m  OK  [0m] Created slice [0;1;39msystem-getty.slice[0m.
[   12.853907] random: crng init done
[   12.859771] systemd[1]: Created slice system-serial\x2dgetty.slice.
[[0;32m  OK  [0m] Created slice [0;1;39msystem-serial\x2dgetty.slice[0m.
[   12.882781] systemd[1]: Created slice User and Session Slice.
[[0;32m  OK  [0m] Created slice [0;1;39mUser and Session Slice[0m.
[   12.906178] systemd[1]: Started Dispatch Password Requests to Console Directory Watch.
[[0;32m  OK  [0m] Started [0;1;39mDispatch Password â€¦ts to Console Directory Watch[0m.
[   12.934287] systemd[1]: Started Forward Password Requests to Wall Directory Watch.
[[0;32m  OK  [0m] Started [0;1;39mForward Password Râ€¦uests to Wall Directory Watch[0m.
[   12.962141] systemd[1]: Reached target Paths.
[[0;32m  OK  [0m] Reached target [0;1;39mPaths[0m.
[   12.982067] systemd[1]: Reached target Remote File Systems.
[[0;32m  OK  [0m] Reached target [0;1;39mRemote File Systems[0m.
[   13.006035] systemd[1]: Reached target Slices.
[[0;32m  OK  [0m] Reached target [0;1;39mSlices[0m.
[   13.030048] systemd[1]: Reached target Swap.
[[0;32m  OK  [0m] Reached target [0;1;39mSwap[0m.
[   13.056493] systemd[1]: Listening on RPCbind Server Activation Socket.
[[0;32m  OK  [0m] Listening on [0;1;39mRPCbind Server Activation Socket[0m.
[   13.082086] systemd[1]: Reached target RPC Port Mapper.
[[0;32m  OK  [0m] Reached target [0;1;39mRPC Port Mapper[0m.
[   13.106406] systemd[1]: Listening on initctl Compatibility Named Pipe.
[[0;32m  OK  [0m] Listening on [0;1;39minitctl Compatibility Named Pipe[0m.
[   13.135946] systemd[1]: Listening on Journal Audit Socket.
[[0;32m  OK  [0m] Listening on [0;1;39mJournal Audit Socket[0m.
[   13.163620] systemd[1]: Listening on Journal Socket (/dev/log).
[[0;32m  OK  [0m] Listening on [0;1;39mJournal Socket (/dev/log)[0m.
[   13.190706] systemd[1]: Listening on Journal Socket.
[[0;32m  OK  [0m] Listening on [0;1;39mJournal Socket[0m.
[   13.215872] systemd[1]: Listening on Network Service Netlink Socket.
[[0;32m  OK  [0m] Listening on [0;1;39mNetwork Service Netlink Socket[0m.
[   13.244173] systemd[1]: Listening on udev Control Socket.
[[0;32m  OK  [0m] Listening on [0;1;39mudev Control Socket[0m.
[   13.270527] systemd[1]: Listening on udev Kernel Socket.
[[0;32m  OK  [0m] Listening on [0;1;39mudev Kernel Socket[0m.
[   13.299415] systemd[1]: Mounting Huge Pages File System...
         Mounting [0;1;39mHuge Pages File System[0m...
[   13.327289] systemd[1]: Mounting POSIX Message Queue File System...
         Mounting [0;1;39mPOSIX Message Queue File System[0m...
[   13.359257] systemd[1]: Mounting Kernel Debug File System...
         Mounting [0;1;39mKernel Debug File System[0m...
[   13.389517] systemd[1]: Mounting Temporary Directory (/tmp)...
         Mounting [0;1;39mTemporary Directory (/tmp)[0m...
[   13.420081] systemd[1]: Starting Create list of static device nodes for the current kernel...
         Starting [0;1;39mCreate list of stâ€¦odes for the current kernel[0m...
[   13.455045] systemd[1]: Starting Start psplash boot splash screen...
         Starting [0;1;39mStart psplash boot splash screen[0m...
[   13.488753] systemd[1]: Starting RPC Bind...
         Starting [0;1;39mRPC Bind[0m...
[   13.509641] systemd[1]: Condition check resulted in File System Check on Root Device being skipped.
[   13.528105] systemd[1]: Starting Journal Service...
         Starting [0;1;39mJournal Service[0m...
[   13.555800] systemd[1]: Starting Load Kernel Modules...
         Starting [0;1;39mLoad Kernel Modules[0m...
[   13.579492] systemd[1]: Starting Remount Root and Kernel File Systems...
         Starting [0;1;39mRemount Root and Kernel File Systems[0m...
[   13.606324] systemd[1]: Starting udev Coldplug all Devices...
         Starting [0;1;39mudev Coldplug all Devices[0m...
[   13.637336] systemd[1]: Started Start psplash boot splash screen.
[[0;32m  OK  [0m] Started [0;1;39mStart psplash boot splash screen[0m.
[   13.658786] systemd[1]: Started RPC Bind.
[[0;32m  OK  [0m] Started [0;1;39mRPC Bind[0m.
[   13.678822] systemd[1]: Started Journal Service.
[[0;32m  OK  [0m] Started [0;1;39mJournal Service[0m.
[[0;32m  OK  [0m] Mounted [0;1;39mHuge Pages File System[0m.
[[0;32m  OK  [0m] Mounted [0;1;39mPOSIX Message Queue File System[0m.
[[0;32m  OK  [0m] Mounted [0;1;39mKernel Debug File System[0m.
[[0;32m  OK  [0m] Mounted [0;1;39mTemporary Directory (/tmp)[0m.
[[0;32m  OK  [0m] Started [0;1;39mCreate list of staâ€¦ nodes for the current kernel[0m.
[[0;32m  OK  [0m] Started [0;1;39mLoad Kernel Modules[0m.
[[0;32m  OK  [0m] Started [0;1;39mRemount Root and Kernel File Systems[0m.
         Mounting [0;1;39mKernel Configuration File System[0m...
[[0;32m  OK  [0m] Started [0;1;39mStart psplash-systâ€¦progress communication helper[0m.
         Starting [0;1;39mFlush Journal to Persistent Storage[0m...
         Starting [0;1;39mApply[   13.906654] systemd-journald[367]: Received client request to flush runtime journal.
 Kernel Variables[0m...
         Starting [0;1;39mCreate Static Device Nodes in /dev[0m...
[[0;32m  OK  [0m] Mounted [0;1;39mKernel Configuration File System[0m.
[[0;32m  OK  [0m] Started [0;1;39mFlush Journal to Persistent Storage[0m.
[[0;32m  OK  [0m] Started [0;1;39mApply Kernel Variables[0m.
[[0;32m  OK  [0m] Started [0;1;39mCreate Static Device Nodes in /dev[0m.
[[0;32m  OK  [0m] Reached target [0;1;39mLocal File Systems (Pre)[0m.
         Mounting [0;1;39m/var/volatile[0m...
         Starting [0;1;39mudev Kernel Device Manager[0m...
[[0;32m  OK  [0m] Started [0;1;39mudev Coldplug all Devices[0m.
[[0;32m  OK  [0m] Mounted [0;1;39m/var/volatile[0m.
         Starting [0;1;39mLoad/Save Random Seed[0m...
[[0;32m  OK  [0m] Reached target [0;1;39mLocal File Systems[0m.
         Starting [0;1;39mCreate Volatile Files and Directories[0m...
[[0;32m  OK  [0m] Started [0;1;39mLoad/Save Random Seed[0m.
[[0;32m  OK  [0m] Started [0;1;39mudev Kernel Device Manager[0m.
         Starting [0;1;39mNetwork Service[0m...
[[0;32m  OK  [0m] Started [0;1;39mCreate Volatile Files and Directories[0m.
         Starting [0;1;39mNetwork Time Synchronization[0m...
         Starting [0;1;39mUpdate UTMP about System Boot/Shutdown[0m...
[[0;32m  OK  [0m] Started [0;1;39mNetwork Service[0m.
         Starting [0;1;39mNetwork Name Resolution[0m...
[[0;32m  OK  [0m] Started [0;1;39mUpdate UTMP about System Boot/Shutdown[0m.
[[0;32m  OK  [0m] Started [0;1;39mNetwork Time Synchronization[0m.
[[0;32m  OK  [0m] Reached target [0;1;39mSystem Initialization[0m.
[[0;32m  OK  [[   14.498753] pwm-backlight: probe of backlight failed with error -16
0m] Started [0;1;39mDaily Cleanup of Temporary Directories[0m.
[[0;32m  OK  [0m] Reached target [0;1;39mSystem Time Set[0m.
[[0;32m  OK  [0m] Reached target [0;1;39mSystem Time Synchronized[0m.
[   14.548593] at24 7-0050: supply vcc not found, using dummy regulator
[   14.557574] at24 7-0050: 128 byte br24t01 EEPROM, writable, 8 bytes/write
[[0;32m  OK  [0m] Reached target [0;1;39mTimers[0m.
[[0;32m  OK  [0m] Listening on [0;1;39mAvahi mDNS/DNS-SD Stack Activation Socket[0m.
[[0;32m  OK  [0m] Listening on [0;1;39mD-Bus System Message Bus Socket[0m.
[[0;32m  OK  [0m] Listening on [0;1;39mdropbear.socket[0m.
[[0;32m  OK  [0m] Reached target [0;1;39mSockets[0m.
[[0;32m  OK  [0m] Reached target [0;1;39mBasic System[0m.
[   14.681324] renesas_usb3 ee020000.usb: probed with phy
[   14.681431] ccree e6601000.crypto: ARM CryptoCell 630P Driver: HW version 0xAF400001/0xDCC63000, Driver version 5.0
[   14.704367] ccree e6601000.crypto: ARM ccree device initialized
[[0;32m  OK  [0m] Started [0;1;39mD-Bus System Message Bus[0m.
[[0;32m  OK  [0m] Started [0;1;39moptee services[0m.
         Starting [0;1;39mpvrinit.service[0m...
         Starting [0;1;39mPowerVR consumer services[0m...
         Starting [0;1;39mLogin Service[0m...
[[0;32m  OK  [0m] Started [0;1;39mNetwork Name Resolution[0m.
[[0;1;31mFAILED[0m] Failed to start [0;1;39mpvrinit.service[0m.
See 'systemctl status pvrinit.service' for details.
[[0;1;31mFAILED[0m] Failed to start [0;1;39mPowerVR consumer services[0m.
See 'systemctl status rc.pvr.service' for details.
[[0;1;38;5;185mDEPEND[0m] Dependency failed for [0;1;39mWeston Wayland Compositor[0m.
[[0;32m  OK  [0m] Started [0;1;39mLogin Service[0m.
[[0;32m  OK  [0m] Created slice [0;1;39msystem-weston.slice[0m.
[[0;32m  OK  [0m] Reached target [0;1;39mNetwork[0m.
[[0;32m  OK  [0m] Reached target [0;1;39mHost and Network Name Lookups[0m.
[[0;32m  OK  [0m] Reached target [0;1;39mHardware activated USB gadget[0m.
         Starting [0;1;39mAvahi mDNS/DNS-SD Stack[0m...
         Starting [0;1;39mset_default_governor.service[0m...
         Starting [0;1;39mPermit User Sessions[0m...
[[0;32m  OK  [0m] Started [0;1;39mXinetd A Powerful Replacement For Inetd[0m.
[   15.254263] rd 0-7: Disabling EAS, schedutil is mandatory
[[0;32m  OK  [0m] Started [0;1;39mPermit User Sessions[0m.
[[0;32m  OK  [0m] Started [0;1;39mset_default_governor.service[0m.
[[0;32m  OK  [0m] Started [0;1;39mAvahi mDNS/DNS-SD Stack[0m.
[[0;32m  OK  [0m] Started [0;1;39mGetty on tty1[0m.
[[0;32m  OK  [0m] Started [0;1;39mSerial Getty on ttySC0[0m.
[[0;32m  OK  [0m] Reached target [0;1;39mLogin Prompts[0m.
[[0;32m  OK  [0m] Reached target [0;1;39mMulti-User System[0m.
         Starting [0;1;39mUpdate UTMP about System Runlevel Changes[0m...
[[0;32m  OK  [0m] Started [0;1;39mUpdate UTMP about System Runlevel Changes[0m.

Poky (Yocto Project Reference Distro) 3.1.11 salvator-x ttySC0

salvator-x login: 
salvator-x login: root
[   17.431810] audit: type=1006 audit(1703064537.872:2): pid=542 uid=0 old-auid=4294967295 auid=0 tty=(none) old-ses=4294967295 ses=1 res=1
7[r[999;999H[6n8root@salvator-x:~# 
root@salvator-x:~# 
root@salvator-x:~# 
root@salvator-x:~# 
root@salvator-x:~# 
root@salvator-x:~# 
root@salvator-x:~# 
root@salvator-x:~# 
root@salvator-x:~# 
----------Prepare----------


root@salvator-x:~# find /sys/devices/platform/soc/ee080100.usb/ -name 'sd*'
/sys/devices/platform/soc/ee080100.usb/usb9/9-1/9-1.4/9-1.4:1.0/host1/target1:0:0/1:0:0:0/block/sda
/sys/devices/platform/soc/ee080100.usb/usb9/9-1/9-1.4/9-1.4:1.0/host1/target1:0:0/1:0:0:0/block/sda/sda1
root@salvator-x:~# 
root@salvator-x:~# dd if=/dev/urandom of=testdata bs=10M count=5
5+0 records in
5+0 records out
52428800 bytes (52 MB, 50 MiB) copied, 1.43002 s, 36.7 MB/s
root@salvator-x:~# 
root@salvator-x:~# mkdir -p /mnt/usb
root@salvator-x:~# 
root@salvator-x:~# mount /dev/sda1 /mnt/usb
[   29.546860] EXT4-fs (sda1): mounted filesystem with ordered data mode. Opts: (null)
root@salvator-x:~# 
root@salvator-x:~# cp testdata /mnt/usb/
root@salvator-x:~# 
root@salvator-x:~# umount /mnt/usb
root@salvator-x:~# 
root@salvator-x:~# find /sys/devices/platform/soc/ee080100.usb/ -name 'sd*'
/sys/devices/platform/soc/ee080100.usb/usb9/9-1/9-1.4/9-1.4:1.0/host1/target1:0:0/1:0:0:0/block/sda
/sys/devices/platform/soc/ee080100.usb/usb9/9-1/9-1.4/9-1.4:1.0/host1/target1:0:0/1:0:0:0/block/sda/sda1
root@salvator-x:~# 
root@salvator-x:~# i2cset -f -y 7 0x30 0x20 0x0f
root@salvator-x:~# 

Switch SW23 off and input 'yes' to continue:
Input 'yes' to continue: 

root@salvator-x:~# echo N > /sys/module/printk/parameters/console_suspend
root@salvator-x:~# 
root@salvator-x:~# [   41.950032] SDHI0 VccQ: disabling
[   41.953427] SDHI3 VccQ: disabling

root@salvator-x:~# mount /dev/sda1 /mnt/usb
[   52.608538] EXT4-fs (sda1): mounted filesystem with ordered data mode. Opts: (null)
root@salvator-x:~# 
root@salvator-x:~# cp /mnt/usb/testdata testdata_from_usb &
[1] 567
root@salvator-x:~# 
root@salvator-x:~# echo mem > /sys/power/state
[   53.914352] PM: suspend entry (deep)
[   54.742125] Filesystems sync: 0.824 seconds
[   54.748140] Freezing user space processes ... (elapsed 0.001 seconds) done.
[   54.749850] OOM killer disabled.
[   54.749853] Freezing remaining freezable tasks ... (elapsed 0.001 seconds) done.
[   55.170223] ravb e6800000.ethernet eth0: Link is Down
[   55.190221] Disabling non-boot CPUs ...
[   55.194692] CPU1: shutdown
[   55.197404] psci: CPU1 killed (polled 0 ms)
[   55.203816] CPU2: shutdown
[   55.206548] psci: CPU2 killed (polled 0 ms)
[   55.212417] CPU3: shutdown
[   55.215147] psci: CPU3 killed (polled 0 ms)
[   55.221135] CPU4: shutdown
[   55.223868] psci: CPU4 killed (polled 0 ms)
[   55.229947] CPU5: shutdown
[   55.232658] psci: CPU5 killed (polled 0 ms)
[   55.238517] CPU6: shutdown
[   55.241228] psci: CPU6 killed (polled 0 ms)
[   55.247012] CPU7: shutdown
[   55.249722] psci: CPU7 killed (polled 0 ms)
 
 Switch power switch: 

NOTICE:  BL2: R-Car Gen3 Initial Program Loader(CA57) Rev.4.0.0
NOTICE:  BL2: PRR is R-Car H3 Ver.3.0
NOTICE:  BL2: Board is Salvator-XS Rev.1.0
NOTICE:  BL2: Boot device is HyperFlash(160MHz)
NOTICE:  BL2: LCM state is CM
NOTICE:  AVS setting succeeded. DVFS_SetVID=0x53
NOTICE:  BL2: DDR3200(rev.0.42)
NOTICE:  BL2: [WARM_BOOT]
NOTICE:  BL2: DRAM Split is 4ch(DDR f)
NOTICE:  BL2: QoS is default setting(rev.0.11)
NOTICE:  BL2: DRAM refresh interval 1.95 usec
NOTICE:  BL2: Periodic Write DQ Training
NOTICE:  BL2: CH0: 400000000 - 47fffffff, 2 GiB
NOTICE:  BL2: CH1: 500000000 - 57fffffff, 2 GiB
NOTICE:  BL2: CH2: 600000000 - 67fffffff, 2 GiB
NOTICE:  BL2: CH3: 700000000 - 77fffffff, 2 GiB
NOTICE:  BL2: Lossy Decomp areas
NOTICE:       Entry 0: DCMPAREACRAx:0x80000540 DCMPAREACRBx:0x570
NOTICE:       Entry 1: DCMPAREACRAx:0x40000000 DCMPAREACRBx:0x0
NOTICE:       Entry 2: DCMPAREACRAx:0x20000000 DCMPAREACRBx:0x0
NOTICE:  BL2: FDT at 0xe6327f70
NOTICE:  BL2: v2.9(release):9cdb21f75
NOTICE:  BL2: Built : 05:25:39, Dec 19 2023
NOTICE:  BL2: Normal boot
[   55.255040] Enabling non-boot CPUs ...
[   55.259082] Detected PIPT I-cache on CPU1
[   55.259137] CPU1: Booted secondary processor 0x0000000001 [0x411fd073]
[   55.259640] CPU1 is up
[   55.272713] Detected PIPT I-cache on CPU2
[   55.272735] CPU2: Booted secondary processor 0x0000000002 [0x411fd073]
[   55.273003] CPU2 is up
[   55.286020] Detected PIPT I-cache on CPU3
[   55.286042] CPU3: Booted secondary processor 0x0000000003 [0x411fd073]
[   55.286322] CPU3 is up
[   55.299383] Detected VIPT I-cache on CPU4
[   55.299435] CPU4: Booted secondary processor 0x0000000100 [0x410fd034]
[   55.300324] CPU4 is up
[   55.313332] Detected VIPT I-cache on CPU5
[   55.313366] CPU5: Booted secondary processor 0x0000000101 [0x410fd034]
[   55.313969] CPU5 is up
[   55.326973] Detected VIPT I-cache on CPU6
[   55.327007] CPU6: Booted secondary processor 0x0000000102 [0x410fd034]
[   55.327619] CPU6 is up
[   55.340622] Detected VIPT I-cache on CPU7
[   55.340655] CPU7: Booted secondary processor 0x0000000103 [0x410fd034]
[   55.341315] CPU7 is up
[   55.412865] xhci-hcd ee000000.usb: xHC error in resume, USBSTS 0x401, Reinit
[   55.419930] usb usb7: root hub lost power or was reset
[   55.425056] usb usb8: root hub lost power or was reset
[   55.532791] Micrel KSZ9031 Gigabit PHY e6800000.ethernet-ffffffff:00: attached PHY driver [Micrel KSZ9031 Gigabit PHY] (mii_bus:phy_addr=e6800000.ethernet-ffffffff:00, irq=183)
[   55.648016] usb usb4: root hub lost power or was reset
[   55.653318] usb usb1: root hub lost power or was reset
[   55.739864] usb usb5: root hub lost power or was reset
[   55.745133] usb usb2: root hub lost power or was reset
[   55.831945] usb usb6: root hub lost power or was reset
[   55.837127] usb usb3: root hub lost power or was reset
[   55.951943] usb usb10: root hub lost power or was reset
[   55.957309] usb usb9: root hub lost power or was reset
[   55.973939] ata1: link resume succeeded after 1 retries
[   56.085455] ata1: SATA link down (SStatus 0 SControl 300)
[   56.282000] usb 9-1: reset high-speed USB device number 2 using ehci-platform
[   56.861956] usb 9-1.4: reset high-speed USB device number 3 using ehci-platform
[   57.081690] OOM killer enabled.
[   57.087241] Restarting tasks ... done.
root@salvator-x:~# [   57.095404] PM: suspend exit
[   63.596072] ravb e6800000.ethernet eth0: Link is Up - 1Gbps/Full - flow control off

[1]+  Done                    cp /mnt/usb/testdata testdata_from_usb
root@salvator-x:~# echo "Wake up sucessfully"
Wake up sucessfully
root@salvator-x:~# 
root@salvator-x:~# wait
root@salvator-x:~# 
root@salvator-x:~# sync
root@salvator-x:~# 
root@salvator-x:~# cmp testdata testdata_from_usb
root@salvator-x:~# 
root@salvator-x:~# umount /mnt/usb
root@salvator-x:~# 
 
#### Result: OK ####
