

----------Item 2----------


Please press switch to restart board 

[F 00:00:120
[F 00:00:119
[F 00:00:118
[F 00:00:117
[F 00:00:116
NOTICE:  BL2: R-Car Gen3 Initial Program Loader(CA57) Rev.4.0.0
NOTICE:  BL2: PRR is R-Car H3 Ver.3.0
NOTICE:  BL2: Board is Salvator-XS Rev.1.0
NOTICE:  BL2: Boot device is HyperFlash(160MHz)
NOTICE:  BL2: LCM state is CM
NOTICE:  AVS setting succeeded. DVFS_SetVID=0x53
NOTICE:  BL2: DDR3200(rev.0.42)
NOTICE:  BL2: [COLD_BOOT]
NOTICE:  BL2: DRAM Split is 4ch(DDR f)
NOTICE:  BL2: QoS is default setting(rev.0.11)
NOTICE:  BL2: DRAM refresh interval 1.95 usec
NOTICE:  BL2: Periodic Write DQ Training
NOTICE:  BL2: CH0: 400000000 - 47fffffff, 2 GiB
NOTICE:  BL2: CH1: 500000000 - 57fffffff, 2 GiB
NOTICE:  BL2: CH2: 600000000 - 67fffffff, 2 GiB
NOTICE:  BL2: CH3: 700000000 - 77fffffff, 2 GiB
NOTICE:  BL2: Lossy Decomp areas
NOTICE:       Entry 0: DCMPAREACRAx:0x80000540 DCMPAREACRBx:0x570
NOTICE:       Entry 1: DCMPAREACRAx:0x40000000 DCMPAREACRBx:0x0
NOTICE:       Entry 2: DCMPAREACRAx:0x20000000 DCMPAREACRBx:0x0
NOTICE:  BL2: FDT at 0xe6327f70
NOTICE:  BL2: v2.9(release):9cdb21f75
NOTICE:  BL2: Built : 05:25:39, Dec 19 2023
NOTICE:  BL2: Normal boot
NOTICE:  BL2: dst=0xe6327800 src=0x8180000 len=512(0x200)
NOTICE:  BL2: dst=0x43f00000 src=0x8180400 len=6144(0x1800)
NOTICE:  rcar_file_len: len: 0x0003e000
NOTICE:  BL2: dst=0x44000000 src=0x81c0000 len=253952(0x3e000)
NOTICE:  rcar_file_len: len: 0x00200000
NOTICE:  BL2: dst=0x44100000 src=0x8200000 len=2097152(0x200000)
NOTICE:  rcar_file_len: len: 0x00100000
NOTICE:  BL2: dst=0x50000000 src=0x8640000 len=1048576(0x100000)
NOTICE:  BL2: Booting BL31


U-Boot 2020.10 (Dec 19 2023 - 14:30:40 +0000)

CPU: Renesas Electronics R8A7795 rev 3.0
Model: Renesas Salvator-X 2nd version board based on r8a77951
DRAM:  7.9 GiB
RAM Configuration:
Bank #0: 0x048000000 - 0x0bfffffff, 1.9 GiB
Bank #1: 0x500000000 - 0x57fffffff, 2 GiB
Bank #2: 0x600000000 - 0x67fffffff, 2 GiB
Bank #3: 0x700000000 - 0x77fffffff, 2 GiB

MMC:   sd@ee100000: 0, sd@ee140000: 1, sd@ee160000: 2
Loading Environment from MMC... OK
In:    serial@e6e88000
Out:   serial@e6e88000
Err:   serial@e6e88000
Net:   eth0: ethernet@e6800000
Hit any key to stop autoboot:  2  1  0 
ethernet@e6800000 Waiting for PHY auto negotiation to complete............... done
Using ethernet@e6800000 device
TFTP from server 192.168.10.99; our IP address is 192.168.10.167
Filename 'traivo/H3/rootfs/boot_USB2H/Image'.
Load address: 0x48080000
Loading: *#################################################################
	 #################################################################
	 #################################################################
	 #################################################################
	 #################################################################
	 #################################################################
	 #################################################################
	 #################################################################
	 #################################################################
	 #################################################################
	 #################################################################
	 #################################################################
	 #################################################################
	 #################################################################
	 #################################################################
	 #################################################################
	 #################################################################
	 #################################################################
	 #################################################################
	 #################################################################
	 #################################################################
	 #################################################################
	 #################################################################
	 #################################################################
	 #################################################################
	 #################################################################
	 #################################################################
	 #################################################################
	 #################################################################
	 #################################################################
	 #################################################################
	 #################################################################
	 #################################################################
	 #################################################################
	 ################################################################
	 4.5 MiB/s
done
Bytes transferred = 33376768 (1fd4a00 hex)
Using ethernet@e6800000 device
TFTP from server 192.168.10.99; our IP address is 192.168.10.167
Filename 'traivo/H3/rootfs/boot_USB2H/r8a77951-salvator-xs.dtb'.
Load address: 0x48000000
Loading: *#######
	 7.9 MiB/s
done
Bytes transferred = 90876 (162fc hex)
Moving Image from 0x48080000 to 0x48200000, end=4a260000
## Flattened Device Tree blob at 48000000
   Booting using the fdt blob at 0x48000000
   Loading Device Tree to 0000000053fe6000, end 0000000053fff2fb ... OK

Starting kernel ...

[    0.000000] Booting Linux on physical CPU 0x0000000000 [0x411fd073]
[    0.000000] Linux version 5.10.194-yocto-standard (thuan.nguyen-hong@banvien) (aarch64-poky-linux-gcc (GCC) 9.3.0, GNU ld (GNU Binutils) 2.34.0.20200220) #10 SMP PREEMPT Mon Feb 19 03:51:05 UTC 2024
[    0.000000] Machine model: Renesas Salvator-X 2nd version board based on r8a77951
[    0.000000] efi: UEFI not found.
[    0.000000] Reserved memory: created CMA memory pool at 0x0000000057000000, size 16 MiB
[    0.000000] OF: reserved mem: initialized node linux,adsp@57000000, compatible id shared-dma-pool
[    0.000000] Reserved memory: created CMA memory pool at 0x0000000058000000, size 384 MiB
[    0.000000] OF: reserved mem: initialized node linux,cma@58000000, compatible id shared-dma-pool
[    0.000000] Reserved memory: created CMA memory pool at 0x0000000070000000, size 256 MiB
[    0.000000] OF: reserved mem: initialized node linux,multimedia@70000000, compatible id shared-dma-pool
[    0.000000] NUMA: No NUMA configuration found
[    0.000000] NUMA: Faking a node at [mem 0x0000000048000000-0x000000077fffffff]
[    0.000000] NUMA: NODE_DATA [mem 0x77efdab00-0x77efdcfff]
[    0.000000] Zone ranges:
[    0.000000]   DMA      [mem 0x0000000048000000-0x000000007fffffff]
[    0.000000]   DMA32    [mem 0x0000000080000000-0x00000000ffffffff]
[    0.000000]   Normal   [mem 0x0000000100000000-0x000000077fffffff]
[    0.000000] Movable zone start for each node
[    0.000000] Early memory node ranges
[    0.000000]   node   0: [mem 0x0000000048000000-0x0000000053ffffff]
[    0.000000]   node   0: [mem 0x0000000054000000-0x0000000056ffffff]
[    0.000000]   node   0: [mem 0x0000000057000000-0x00000000bfffffff]
[    0.000000]   node   0: [mem 0x0000000500000000-0x000000057fffffff]
[    0.000000]   node   0: [mem 0x0000000600000000-0x000000067fffffff]
[    0.000000]   node   0: [mem 0x0000000700000000-0x000000077fffffff]
[    0.000000] Initmem setup node 0 [mem 0x0000000048000000-0x000000077fffffff]
[    0.000000] psci: probing for conduit method from DT.
[    0.000000] psci: PSCIv1.1 detected in firmware.
[    0.000000] psci: Using standard PSCI v0.2 function IDs
[    0.000000] psci: Trusted OS resident on physical CPU 0x0
[    0.000000] psci: SMC Calling Convention v1.2
[    0.000000] percpu: Embedded 23 pages/cpu s56984 r8192 d29032 u94208
[    0.000000] Detected PIPT I-cache on CPU0
[    0.000000] CPU features: detected: EL2 vector hardening
[    0.000000] CPU features: detected: Spectre-v2
[    0.000000] CPU features: detected: ARM errata 1165522, 1319367, or 1530923
[    0.000000] CPU features: detected: Spectre-BHB
[    0.000000] CPU features: detected: ARM erratum 1742098
[    0.000000] Built 1 zonelists, mobility grouping on.  Total pages: 2032128
[    0.000000] Policy zone: Normal
[    0.000000] Kernel command line: rw root=/dev/nfs nfsroot=192.168.10.99:/data/tftpboot/traivo/H3/rootfs,nfsvers=4, ip=192.168.10.167
[    0.000000] Dentry cache hash table entries: 1048576 (order: 11, 8388608 bytes, linear)
[    0.000000] Inode-cache hash table entries: 524288 (order: 10, 4194304 bytes, linear)
[    0.000000] mem auto-init: stack:off, heap alloc:off, heap free:off
[    0.000000] software IO TLB: mapped [mem 0x000000004ffe6000-0x0000000053fe6000] (64MB)
[    0.000000] Memory: 7276840K/8257536K available (15232K kernel code, 2834K rwdata, 8240K rodata, 6144K init, 517K bss, 308952K reserved, 671744K cma-reserved)
[    0.000000] SLUB: HWalign=64, Order=0-3, MinObjects=0, CPUs=8, Nodes=1
[    0.000000] rcu: Preemptible hierarchical RCU implementation.
[    0.000000] rcu: 	RCU event tracing is enabled.
[    0.000000] rcu: 	RCU restricting CPUs from NR_CPUS=256 to nr_cpu_ids=8.
[    0.000000] 	Trampoline variant of Tasks RCU enabled.
[    0.000000] rcu: RCU calculated value of scheduler-enlistment delay is 25 jiffies.
[    0.000000] rcu: Adjusting geometry for rcu_fanout_leaf=16, nr_cpu_ids=8
[    0.000000] NR_IRQS: 64, nr_irqs: 64, preallocated irqs: 0
[    0.000000] arch_timer: cp15 timer(s) running at 8.32MHz (virt).
[    0.000000] clocksource: arch_sys_counter: mask: 0xffffffffffffff max_cycles: 0x1eb398c07, max_idle_ns: 440795202503 ns
[    0.000003] sched_clock: 56 bits at 8MHz, resolution 120ns, wraps every 2199023255503ns
[    0.000207] Console: colour dummy device 80x25
[    0.000415] printk: console [tty0] enabled
[    0.000491] Calibrating delay loop (skipped), value calculated using timer frequency.. 16.64 BogoMIPS (lpj=33280)
[    0.000507] pid_max: default: 32768 minimum: 301
[    0.000564] LSM: Security Framework initializing
[    0.000649] Mount-cache hash table entries: 16384 (order: 5, 131072 bytes, linear)
[    0.000699] Mountpoint-cache hash table entries: 16384 (order: 5, 131072 bytes, linear)
[    0.002140] rcu: Hierarchical SRCU implementation.
[    0.003721] Detected Renesas R-Car Gen3 r8a7795 ES3.0
[    0.005858] EFI services will not be available.
[    0.006192] smp: Bringing up secondary CPUs ...
[    0.006649] Detected PIPT I-cache on CPU1
[    0.006698] CPU1: Booted secondary processor 0x0000000001 [0x411fd073]
[    0.007182] Detected PIPT I-cache on CPU2
[    0.007210] CPU2: Booted secondary processor 0x0000000002 [0x411fd073]
[    0.007631] Detected PIPT I-cache on CPU3
[    0.007652] CPU3: Booted secondary processor 0x0000000003 [0x411fd073]
[    0.008088] CPU features: detected: ARM erratum 845719
[    0.008101] Detected VIPT I-cache on CPU4
[    0.008147] CPU4: Booted secondary processor 0x0000000100 [0x410fd034]
[    0.008627] Detected VIPT I-cache on CPU5
[    0.008654] CPU5: Booted secondary processor 0x0000000101 [0x410fd034]
[    0.009090] Detected VIPT I-cache on CPU6
[    0.009116] CPU6: Booted secondary processor 0x0000000102 [0x410fd034]
[    0.009557] Detected VIPT I-cache on CPU7
[    0.009584] CPU7: Booted secondary processor 0x0000000103 [0x410fd034]
[    0.009667] smp: Brought up 1 node, 8 CPUs
[    0.009730] SMP: Total of 8 processors activated.
[    0.009738] CPU features: detected: 32-bit EL0 Support
[    0.009745] CPU features: detected: CRC32 instructions
[    0.009752] CPU features: detected: 32-bit EL1 Support
[    0.022942] CPU: All CPU(s) started at EL1
[    0.022997] alternatives: patching kernel code
[    0.024164] devtmpfs: initialized
[    0.030947] KASLR disabled due to lack of seed
[    0.031098] clocksource: jiffies: mask: 0xffffffff max_cycles: 0xffffffff, max_idle_ns: 7645041785100000 ns
[    0.031118] futex hash table entries: 2048 (order: 5, 131072 bytes, linear)
[    0.039754] pinctrl core: initialized pinctrl subsystem
[    0.041255] DMI not present or invalid.
[    0.041757] NET: Registered protocol family 16
[    0.042707] DMA: preallocated 1024 KiB GFP_KERNEL pool for atomic allocations
[    0.042904] DMA: preallocated 1024 KiB GFP_KERNEL|GFP_DMA pool for atomic allocations
[    0.043193] DMA: preallocated 1024 KiB GFP_KERNEL|GFP_DMA32 pool for atomic allocations
[    0.043233] audit: initializing netlink subsys (disabled)
[    0.043418] audit: type=2000 audit(0.040:1): state=initialized audit_enabled=0 res=1
[    0.044555] thermal_sys: Registered thermal governor 'power_allocator'
[    0.045081] cpuidle: using governor menu
[    0.045252] hw-breakpoint: found 6 breakpoint and 4 watchpoint registers.
[    0.045376] ASID allocator initialised with 65536 entries
[    0.046661] Serial: AMBA PL011 UART driver
[    0.089512] sh-pfc e6060000.pinctrl: r8a77951_pfc support registered
[    0.104233] HugeTLB registered 1.00 GiB page size, pre-allocated 0 pages
[    0.104246] HugeTLB registered 32.0 MiB page size, pre-allocated 0 pages
[    0.104254] HugeTLB registered 2.00 MiB page size, pre-allocated 0 pages
[    0.104262] HugeTLB registered 64.0 KiB page size, pre-allocated 0 pages
[    0.105231] cryptd: max_cpu_qlen set to 1000
[    0.107477] ACPI: Interpreter disabled.
[    0.111291] rcar-avs: use avs value: 0
[    0.111317] rcar-avs: cpu@0 is running with: opp_table0
[    0.111328] rcar-avs: cpu@1 is running with: opp_table0
[    0.111338] rcar-avs: cpu@2 is running with: opp_table0
[    0.111346] rcar-avs: cpu@3 is running with: opp_table0
[    0.111432] rcar-avs: gsx@fd000000 is running with: gsx_opp_table0
[    0.112846] iommu: Default domain type: Translated 
[    0.113414] ipmmu-vmsa e67b0000.iommu: IPMMU context 0 is reserved
[    0.114424] vgaarb: loaded
[    0.114619] SCSI subsystem initialized
[    0.114872] usbcore: registered new interface driver usbfs
[    0.114902] usbcore: registered new interface driver hub
[    0.114928] usbcore: registered new device driver usb
[    0.118456] i2c-sh_mobile e60b0000.i2c: I2C adapter 7, bus speed 400000 Hz
[    0.118990] mc: Linux media interface: v0.10
[    0.119012] videodev: Linux video capture interface: v2.00
[    0.119058] pps_core: LinuxPPS API ver. 1 registered
[    0.119065] pps_core: Software ver. 5.3.6 - Copyright 2005-2007 Rodolfo Giometti <giometti@linux.it>
[    0.119079] PTP clock support registered
[    0.119245] EDAC MC: Ver: 3.0.0
[    0.121241] FPGA manager framework
[    0.121299] Advanced Linux Sound Architecture Driver Initialized.
[    0.121859] clocksource: Switched to clocksource arch_sys_counter
[    0.122007] VFS: Disk quotas dquot_6.6.0
[    0.122050] VFS: Dquot-cache hash table entries: 512 (order 0, 4096 bytes)
[    0.122173] pnp: PnP ACPI: disabled
[    0.125647] NET: Registered protocol family 2
[    0.126060] IP idents hash table entries: 131072 (order: 8, 1048576 bytes, linear)
[    0.128323] tcp_listen_portaddr_hash hash table entries: 4096 (order: 4, 65536 bytes, linear)
[    0.128397] TCP established hash table entries: 65536 (order: 7, 524288 bytes, linear)
[    0.128684] TCP bind hash table entries: 65536 (order: 8, 1048576 bytes, linear)
[    0.129265] TCP: Hash tables configured (established 65536 bind 65536)
[    0.129382] UDP hash table entries: 4096 (order: 5, 131072 bytes, linear)
[    0.129496] UDP-Lite hash table entries: 4096 (order: 5, 131072 bytes, linear)
[    0.129713] NET: Registered protocol family 1
[    0.130095] RPC: Registered named UNIX socket transport module.
[    0.130106] RPC: Registered udp transport module.
[    0.130112] RPC: Registered tcp transport module.
[    0.130118] RPC: Registered tcp NFSv4.1 backchannel transport module.
[    0.130131] PCI: CLS 0 bytes, default 64
[    0.131087] hw perfevents: enabled with armv8_cortex_a53 PMU driver, 7 counters available
[    0.131363] hw perfevents: enabled with armv8_cortex_a57 PMU driver, 7 counters available
[    0.131923] kvm [1]: HYP mode not available
[    0.134837] Initialise system trusted keyrings
[    0.134959] workingset: timestamp_bits=42 max_order=21 bucket_order=0
[    0.138059] squashfs: version 4.0 (2009/01/31) Phillip Lougher
[    0.138455] NFS: Registering the id_resolver key type
[    0.138481] Key type id_resolver registered
[    0.138488] Key type id_legacy registered
[    0.138542] nfs4filelayout_init: NFSv4 File Layout Driver Registering...
[    0.138552] nfs4flexfilelayout_init: NFSv4 Flexfile Layout Driver Registering...
[    0.138649] 9p: Installing v9fs 9p2000 file system support
[    0.164778] Key type asymmetric registered
[    0.164789] Asymmetric key parser 'x509' registered
[    0.164820] Block layer SCSI generic (bsg) driver version 0.4 loaded (major 243)
[    0.164831] io scheduler mq-deadline registered
[    0.164840] io scheduler kyber registered
[    0.180950] gpio_rcar e6050000.gpio: driving 16 GPIOs
[    0.181227] gpio_rcar e6051000.gpio: driving 29 GPIOs
[    0.181495] gpio_rcar e6052000.gpio: driving 15 GPIOs
[    0.181834] gpio_rcar e6053000.gpio: driving 16 GPIOs
[    0.182104] gpio_rcar e6054000.gpio: driving 18 GPIOs
[    0.182379] gpio_rcar e6055000.gpio: driving 26 GPIOs
[    0.182633] gpio_rcar e6055400.gpio: driving 32 GPIOs
[    0.182876] gpio_rcar e6055800.gpio: driving 4 GPIOs
[    0.185779] rcar-pcie fe000000.pcie: host bridge /soc/pcie@fe000000 ranges:
[    0.185809] rcar-pcie fe000000.pcie:       IO 0x00fe100000..0x00fe1fffff -> 0x0000000000
[    0.185837] rcar-pcie fe000000.pcie:      MEM 0x00fe200000..0x00fe3fffff -> 0x00fe200000
[    0.185876] rcar-pcie fe000000.pcie:      MEM 0x0030000000..0x0037ffffff -> 0x0030000000
[    0.185892] rcar-pcie fe000000.pcie:      MEM 0x0038000000..0x003fffffff -> 0x0038000000
[    0.185909] rcar-pcie fe000000.pcie:   IB MEM 0x0040000000..0x007fffffff -> 0x0040000000
[    0.185955] rcar-pcie fe000000.pcie: no pcie3v3 regulator found
[    0.185965] rcar-pcie fe000000.pcie: no pcie1v8 regulator found
[    0.253581] rcar-pcie fe000000.pcie: PCIe link down
[    0.253783] rcar-pcie ee800000.pcie: host bridge /soc/pcie@ee800000 ranges:
[    0.253808] rcar-pcie ee800000.pcie:       IO 0x00ee900000..0x00ee9fffff -> 0x0000000000
[    0.253828] rcar-pcie ee800000.pcie:      MEM 0x00eea00000..0x00eebfffff -> 0x00eea00000
[    0.253847] rcar-pcie ee800000.pcie:      MEM 0x00c0000000..0x00c7ffffff -> 0x00c0000000
[    0.253877] rcar-pcie ee800000.pcie:      MEM 0x00c8000000..0x00cfffffff -> 0x00c8000000
[    0.253894] rcar-pcie ee800000.pcie:   IB MEM 0x0040000000..0x007fffffff -> 0x0040000000
[    0.253929] rcar-pcie ee800000.pcie: no pcie3v3 regulator found
[    0.253939] rcar-pcie ee800000.pcie: no pcie1v8 regulator found
[    0.413861] rcar-pcie ee800000.pcie: PCIe link down
[    0.416386] EINJ: ACPI disabled.
[    0.455466] Serial: 8250/16550 driver, 4 ports, IRQ sharing enabled
[    0.459382] SuperH (H)SCI(F) driver initialized
[    0.460151] e6550000.serial: ttySC1 at MMIO 0xe6550000 (irq = 42, base_baud = 0) is a hscif
[    0.461223] e6e88000.serial: ttySC0 at MMIO 0xe6e88000 (irq = 128, base_baud = 0) is a scif
[    1.666063] printk: console [ttySC0] enabled
[    1.671600] msm_serial: driver initialized
[    1.682000] rcar-dw-hdmi fead0000.hdmi: Detected HDMI TX controller v2.01a with HDCP (DWC HDMI 2.0 TX PHY)
[    1.691892] rcar-dw-hdmi fead0000.hdmi: registered DesignWare HDMI I2C bus driver
[    1.700185] rcar-dw-hdmi feae0000.hdmi: Detected HDMI TX controller v2.01a with HDCP (DWC HDMI 2.0 TX PHY)
[    1.710043] rcar-dw-hdmi feae0000.hdmi: registered DesignWare HDMI I2C bus driver
[    1.725571] loop: module loaded
[    1.730111] megasas: 07.714.04.00-rc1
[    1.735846] scsi host0: sata_rcar
[    1.739315] ata1: SATA max UDMA/133 irq 181
[    1.748725] tun: Universal TUN/TAP device driver, 1.6
[    1.754697] thunder_xcv, ver 1.0
[    1.757953] thunder_bgx, ver 1.0
[    1.761192] nicpf, ver 1.0
[    1.765321] hclge is initializing
[    1.768657] hns3: Hisilicon Ethernet Network Driver for Hip08 Family - version
[    1.775880] hns3: Copyright (c) 2017 Huawei Corporation.
[    1.781213] e1000: Intel(R) PRO/1000 Network Driver
[    1.786092] e1000: Copyright (c) 1999-2006 Intel Corporation.
[    1.791857] e1000e: Intel(R) PRO/1000 Network Driver
[    1.796822] e1000e: Copyright(c) 1999 - 2015 Intel Corporation.
[    1.802770] igb: Intel(R) Gigabit Ethernet Network Driver
[    1.808169] igb: Copyright (c) 2007-2014 Intel Corporation.
[    1.813756] igbvf: Intel(R) Gigabit Virtual Function Network Driver
[    1.820024] igbvf: Copyright (c) 2009 - 2012 Intel Corporation.
[    1.826372] sky2: driver version 1.30
[    1.833980] ravb e6800000.ethernet eth0: Base address at 0xe6800000, 2e:09:0a:02:ec:37, IRQ 125.
[    1.844224] VFIO - User Level meta-driver version: 0.3
[    1.851385] ehci_hcd: USB 2.0 'Enhanced' Host Controller (EHCI) Driver
[    1.857923] ehci-pci: EHCI PCI platform driver
[    1.862389] ehci-platform: EHCI generic platform driver
[    1.867990] ehci-platform ee0a0100.usb: EHCI Host Controller
[    1.873671] ehci-platform ee0a0100.usb: new USB bus registered, assigned bus number 1
[    1.881590] ehci-platform ee0a0100.usb: irq 175, io mem 0xee0a0100
[    1.901870] ehci-platform ee0a0100.usb: USB 2.0 started, EHCI 1.10
[    1.908391] hub 1-0:1.0: USB hub found
[    1.912163] hub 1-0:1.0: 1 port detected
[    1.916554] ehci-platform ee0c0100.usb: EHCI Host Controller
[    1.922225] ehci-platform ee0c0100.usb: new USB bus registered, assigned bus number 2
[    1.930115] ehci-platform ee0c0100.usb: irq 176, io mem 0xee0c0100
[    1.949884] ehci-platform ee0c0100.usb: USB 2.0 started, EHCI 1.10
[    1.956358] hub 2-0:1.0: USB hub found
[    1.960128] hub 2-0:1.0: 1 port detected
[    1.989871] ehci-platform ee0e0100.usb: EHCI Host Controller
[    1.995549] ehci-platform ee0e0100.usb: new USB bus registered, assigned bus number 3
[    2.003463] ehci-platform ee0e0100.usb: irq 177, io mem 0xee0e0100
[    2.021865] ehci-platform ee0e0100.usb: USB 2.0 started, EHCI 1.10
[    2.028316] hub 3-0:1.0: USB hub found
[    2.032085] hub 3-0:1.0: 1 port detected
[    2.036457] ehci-orion: EHCI orion driver
[    2.040723] ehci-exynos: EHCI Exynos driver
[    2.045025] ohci_hcd: USB 1.1 'Open' Host Controller (OHCI) Driver
[    2.051242] ohci-pci: OHCI PCI platform driver
[    2.055726] ohci-platform: OHCI generic platform driver
[    2.061264] ohci-platform ee0a0000.usb: Generic Platform OHCI controller
[    2.067984] ohci-platform ee0a0000.usb: new USB bus registered, assigned bus number 4
[    2.075862] ohci-platform ee0a0000.usb: irq 175, io mem 0xee0a0000
[    2.157864] ata1: link resume succeeded after 1 retries
[    2.172163] hub 4-0:1.0: USB hub found
[    2.175932] hub 4-0:1.0: 1 port detected
[    2.180292] ohci-platform ee0c0000.usb: Generic Platform OHCI controller
[    2.187008] ohci-platform ee0c0000.usb: new USB bus registered, assigned bus number 5
[    2.194879] ohci-platform ee0c0000.usb: irq 176, io mem 0xee0c0000
[    2.269298] ata1: SATA link down (SStatus 0 SControl 300)
[    2.288145] hub 5-0:1.0: USB hub found
[    2.291917] hub 5-0:1.0: 1 port detected
[    2.296240] ohci-platform ee0e0000.usb: Generic Platform OHCI controller
[    2.302955] ohci-platform ee0e0000.usb: new USB bus registered, assigned bus number 6
[    2.310825] ohci-platform ee0e0000.usb: irq 177, io mem 0xee0e0000
[    2.404135] hub 6-0:1.0: USB hub found
[    2.407902] hub 6-0:1.0: 1 port detected
[    2.412247] ohci-exynos: OHCI Exynos driver
[    2.417091] xhci-hcd ee000000.usb: xHCI Host Controller
[    2.422332] xhci-hcd ee000000.usb: new USB bus registered, assigned bus number 7
[    2.445585] xhci-hcd ee000000.usb: hcc params 0x014051ce hci version 0x100 quirks 0x0000000000830410
[    2.454753] xhci-hcd ee000000.usb: irq 172, io mem 0xee000000
[    2.460614] xhci-hcd ee000000.usb: xHCI Host Controller
[    2.465852] xhci-hcd ee000000.usb: new USB bus registered, assigned bus number 8
[    2.473255] xhci-hcd ee000000.usb: Host supports USB 3.0 SuperSpeed
[    2.479818] hub 7-0:1.0: USB hub found
[    2.483589] hub 7-0:1.0: 1 port detected
[    2.487683] usb usb8: We don't know the algorithms for LPM for this host, disabling LPM.
[    2.496045] hub 8-0:1.0: USB hub found
[    2.499818] hub 8-0:1.0: 1 port detected
[    2.504624] usbcore: registered new interface driver usb-storage
[    2.512307] renesas_usbhs e6590000.usb: host probed
[    2.517200] renesas_usbhs e6590000.usb: no transceiver found
[    2.522926] renesas_usbhs e6590000.usb: gadget probed
[    2.528156] renesas_usbhs e6590000.usb: probed
[    2.533082] renesas_usbhs e659c000.usb: host probed
[    2.537975] renesas_usbhs e659c000.usb: no transceiver found
[    2.543688] renesas_usbhs e659c000.usb: gadget probed
[    2.548881] renesas_usbhs e659c000.usb: probed
[    2.555791] i2c /dev entries driver
[    2.570417] cs2000-cp 2-004f: revision - C1
[    2.574662] i2c-rcar e6510000.i2c: probed
[    2.579476] pca953x 4-0020: supply vcc not found, using dummy regulator
[    2.586178] pca953x 4-0020: using no AI
[    2.590824] gpio-355 (PCIE/SATA switch): hogged as output/low
[    2.603074] i2c-rcar e66d8000.i2c: probed
[    2.608383] adv748x 4-0070: Endpoint /soc/i2c@e66d8000/video-receiver@70/port@7/endpoint on port 7
[    2.617371] adv748x 4-0070: Endpoint /soc/i2c@e66d8000/video-receiver@70/port@8/endpoint on port 8
[    2.626342] adv748x 4-0070: Endpoint /soc/i2c@e66d8000/video-receiver@70/port@a/endpoint on port 10
[    2.635405] adv748x 4-0070: Endpoint /soc/i2c@e66d8000/video-receiver@70/port@b/endpoint on port 11
[    2.644799] adv748x 4-0070: chip found @ 0xe0 revision 2143
[    2.698435] rcar-csi2 fea80000.csi2: 1 lanes found
[    2.703574] rcar-csi2 feaa0000.csi2: 4 lanes found
[    2.713175] rcar-vin e6ef0000.video: Device registered as video0
[    2.719260] rcar-vin e6ef1000.video: Device registered as video1
[    2.725341] rcar-vin e6ef2000.video: Device registered as video2
[    2.731418] rcar-vin e6ef3000.video: Device registered as video3
[    2.737489] rcar-vin e6ef4000.video: Device registered as video4
[    2.743573] rcar-vin e6ef5000.video: Device registered as video5
[    2.749679] rcar-vin e6ef6000.video: Device registered as video6
[    2.755763] rcar-vin e6ef7000.video: Device registered as video7
[    2.764469] rcar_gen3_thermal e6198000.thermal: is using pseudo fixed FUSE values
[    2.776649] rcar_gen3_thermal e6198000.thermal: TSC0: Loaded 1 trip points
[    2.787886] rcar_gen3_thermal e6198000.thermal: TSC1: Loaded 1 trip points
[    2.799057] rcar_gen3_thermal e6198000.thermal: TSC2: Loaded 3 trip points
[    2.811081] sdhci: Secure Digital Host Controller Interface driver
[    2.817298] sdhci: Copyright(c) Pierre Ossman
[    2.822543] Synopsys Designware Multimedia Card Interface Driver
[    2.822686] renesas_sdhi_internal_dmac ee140000.mmc: Adding to iommu group 0
[    2.822766] renesas_sdhi_internal_dmac ee100000.mmc: Got CD GPIO
[    2.822822] renesas_sdhi_internal_dmac ee100000.mmc: Got WP GPIO
[    2.823137] renesas_sdhi_internal_dmac ee160000.mmc: Got CD GPIO
[    2.823164] renesas_sdhi_internal_dmac ee160000.mmc: Got WP GPIO
[    2.829916] sdhci-pltfm: SDHCI platform and OF driver helper
[    2.835659] renesas_sdhi_internal_dmac ee140000.mmc: Using IPMMU context 1
[    2.873011] ledtrig-cpu: registered to indicate activity on CPUs
[    2.880025] SMCCC: SOC_ID: ARCH_SOC_ID not implemented, skipping ....
[    2.887134] usbcore: registered new interface driver usbhid
[    2.892712] usbhid: USB HID core driver
[    2.900332] optee: probing for conduit method.
[    2.904821] optee: revision 3.22 (314ecf9d)
[    2.905390] optee driver R-Car Rev.1.0.11
[    2.913990] optee: dynamic shared memory is enabled
[    2.919134] optee: initialized driver
[    2.921296] renesas_sdhi_internal_dmac ee140000.mmc: mmc0 base at 0x00000000ee140000, max clock rate 200 MHz
[    2.934104] rcar_sound ec500000.sound: probed
[    2.939170] NET: Registered protocol family 17
[    2.943740] 9pnet: Installing 9P2000 support
[    2.948069] Key type dns_resolver registered
[    2.952592] registered taskstats version 1
[    2.956705] Loading compiled-in X.509 certificates
[    2.971396] thermal emergency: set temperature to 110 celsius
[    2.977362] thermal emergency: shutdown target cpus 1-7
[    2.982589] thermal emergency: freq scaled target cpus 0
[    2.988250] renesas_irqc e61c0000.interrupt-controller: driving 6 irqs
[    3.002576] mmc0: new HS400 MMC card at address 0001
[    3.008213] mmcblk0: mmc0:0001 BGSD3R 29.1 GiB 
[    3.013143] mmcblk0boot0: mmc0:0001 BGSD3R partition 1 16.0 MiB
[    3.019445] mmcblk0boot1: mmc0:0001 BGSD3R partition 2 16.0 MiB
[    3.025468] mmcblk0rpmb: mmc0:0001 BGSD3R partition 3 4.00 MiB, chardev (509:0)
[    3.033928] ehci-platform ee080100.usb: EHCI Host Controller
[    3.034153]  mmcblk0: p1
[    3.039618] ehci-platform ee080100.usb: new USB bus registered, assigned bus number 9
[    3.050042] ehci-platform ee080100.usb: irq 174, io mem 0xee080100
[    3.069867] ehci-platform ee080100.usb: USB 2.0 started, EHCI 1.10
[    3.076490] hub 9-0:1.0: USB hub found
[    3.080268] hub 9-0:1.0: 1 port detected
[    3.085781] ohci-platform ee080000.usb: Generic Platform OHCI controller
[    3.092505] ohci-platform ee080000.usb: new USB bus registered, assigned bus number 10
[    3.100478] ohci-platform ee080000.usb: irq 174, io mem 0xee080000
[    3.196181] hub 10-0:1.0: USB hub found
[    3.200041] hub 10-0:1.0: 1 port detected
[    3.205384] cpu cpu0: EM: created perf domain
[    3.210356] cpu cpu4: EM: created perf domain
[    3.218226] renesas_sdhi_internal_dmac ee100000.mmc: Got CD GPIO
[    3.221166] renesas_sdhi_internal_dmac ee160000.mmc: Got CD GPIO
[    3.224278] renesas_sdhi_internal_dmac ee100000.mmc: Got WP GPIO
[    3.226309] [drm] Initialized rcar-du 1.0.0 20130110 for feb00000.display on minor 0
[    3.230380] renesas_sdhi_internal_dmac ee160000.mmc: Got WP GPIO
[    3.236347] [drm] Device feb00000.display probed
[    3.273744] renesas_sdhi_internal_dmac ee100000.mmc: mmc1 base at 0x00000000ee100000, max clock rate 200 MHz
[    3.292130] Console: switching to colour frame buffer device 128x48
[    3.303920] renesas_sdhi_internal_dmac ee160000.mmc: mmc2 base at 0x00000000ee160000, max clock rate 200 MHz
[    3.337153] rcar-du feb00000.display: [drm] fb0: rcar-dudrmfb frame buffer device
[    3.349685] input: keys as /devices/platform/keys/input/input0
[    3.428998] Micrel KSZ9031 Gigabit PHY e6800000.ethernet-ffffffff:00: attached PHY driver [Micrel KSZ9031 Gigabit PHY] (mii_bus:phy_addr=e6800000.ethernet-ffffffff:00, irq=183)
[    9.997175] ravb e6800000.ethernet eth0: Link is Up - 1Gbps/Full - flow control off
[   10.021916] IP-Config: Guessing netmask 255.255.255.0
[   10.027074] IP-Config: Complete:
[   10.030386]      device=eth0, hwaddr=2e:09:0a:02:ec:37, ipaddr=192.168.10.167, mask=255.255.255.0, gw=255.255.255.255
[   10.041194]      host=192.168.10.167, domain=, nis-domain=(none)
[   10.047327]      bootserver=255.255.255.255, rootserver=192.168.10.99, rootpath=
[   10.047940] ALSA device list:
[   10.058590]   No soundcards found.
[   11.095551] VFS: Mounted root (nfs4 filesystem) on device 0:22.
[   11.102487] devtmpfs: mounted
[   11.109224] Freeing unused kernel memory: 6144K
[   11.126167] Run /sbin/init as init process
[   11.297150] systemd[1]: System time before build time, advancing clock.
[   11.678867] NET: Registered protocol family 10
[   11.687800] Segment Routing with IPv6
[   11.717781] systemd[1]: systemd 244 running in system mode. (+PAM -AUDIT -SELINUX +IMA -APPARMOR -SMACK +SYSVINIT +UTMP -LIBCRYPTSETUP -GCRYPT -GNUTLS +ACL +XZ -LZ4 -SECCOMP +BLKID -ELFUTILS +KMOD -IDN2 -IDN -PCRE2 default-hierarchy=hybrid)
[   11.746599] systemd[1]: Detected architecture arm64.

Welcome to [1mPoky (Yocto Project Reference Distro) 3.1.11 (dunfell)[0m!

[   11.784058] systemd[1]: Set hostname to <salvator-x>.
[   12.579281] random: systemd: uninitialized urandom read (16 bytes read)
[   12.590644] systemd[1]: system-getty.slice: unit configures an IP firewall, but the local system does not support BPF/cgroup firewalling.
[   12.611829] systemd[1]: (This warning is only shown for the first unit using IP firewalling.)
[   12.626572] systemd[1]: Created slice system-getty.slice.
[[0;32m  OK  [0m] Created slice [0;1;39msystem-getty.slice[0m.
[   12.650020] random: systemd: uninitialized urandom read (16 bytes read)
[   12.658842] systemd[1]: Created slice system-serial\x2dgetty.slice.
[[0;32m  OK  [0m] Created slice [0;1;39msystem-serial\x2dgetty.slice[0m.
[   12.681970] random: systemd: uninitialized urandom read (16 bytes read)
[   12.690651] systemd[1]: Created slice User and Session Slice.
[[0;32m  OK  [0m] Created slice [0;1;39mUser and Session Slice[0m.
[   12.714184] systemd[1]: Started Dispatch Password Requests to Console Directory Watch.
[[0;32m  OK  [0m] Started [0;1;39mDispatch Password â€¦ts to Console Directory Watch[0m.
[   12.746299] systemd[1]: Started Forward Password Requests to Wall Directory Watch.
[[0;32m  OK  [0m] Started [0;1;39mForward Password Râ€¦uests to Wall Directory Watch[0m.
[   12.774151] systemd[1]: Reached target Paths.
[[0;32m  OK  [0m] Reached target [0;1;39mPaths[0m.
[   12.798069] systemd[1]: Reached target Remote File Systems.
[[0;32m  OK  [0m] Reached target [0;1;39mRemote File Systems[0m.
[   12.822035] systemd[1]: Reached target Slices.
[[0;32m  OK  [0m] Reached target [0;1;39mSlices[0m.
[   12.846050] systemd[1]: Reached target Swap.
[[0;32m  OK  [0m] Reached target [0;1;39mSwap[0m.
[   12.872965] systemd[1]: Listening on RPCbind Server Activation Socket.
[[0;32m  OK  [0m] Listening on [0;1;39mRPCbind Server Activation Socket[0m.
[   12.902109] systemd[1]: Reached target RPC Port Mapper.
[[0;32m  OK  [0m] Reached target [0;1;39mRPC Port Mapper[0m.
[   12.926375] systemd[1]: Listening on initctl Compatibility Named Pipe.
[[0;32m  OK  [0m] Listening on [0;1;39minitctl Compatibility Named Pipe[0m.
[   12.956122] systemd[1]: Listening on Journal Audit Socket.
[[0;32m  OK  [0m] Listening on [0;1;39mJournal Audit Socket[0m.
[   12.983722] systemd[1]: Listening on Journal Socket (/dev/log).
[[0;32m  OK  [0m] Listening on [0;1;39mJournal Socket (/dev/log)[0m.
[   13.010739] systemd[1]: Listening on Journal Socket.
[[0;32m  OK  [0m] Listening on [0;1;39mJournal Socket[0m.
[   13.035867] systemd[1]: Listening on Network Service Netlink Socket.
[[0;32m  OK  [0m] Listening on [0;1;39mNetwork Service Netlink Socket[0m.
[   13.064756] systemd[1]: Listening on udev Control Socket.
[[0;32m  OK  [0m] Listening on [0;1;39mudev Control Socket[0m.
[   13.090521] systemd[1]: Listening on udev Kernel Socket.
[[0;32m  OK  [0m] Listening on [0;1;39mudev Kernel Socket[0m.
[   13.119469] systemd[1]: Mounting Huge Pages File System...
         Mounting [0;1;39mHuge Pages File System[0m...
[   13.147309] systemd[1]: Mounting POSIX Message Queue File System...
         Mounting [0;1;39mPOSIX Message Queue File System[0m...
[   13.179142] systemd[1]: Mounting Kernel Debug File System...
         Mounting [0;1;39mKernel Debug File System[0m...
[   13.209531] systemd[1]: Mounting Temporary Directory (/tmp)...
         Mounting [0;1;39mTemporary Directory (/tmp)[0m...
[   13.239993] systemd[1]: Starting Create list of static device nodes for the current kernel...
         Starting [0;1;39mCreate list of stâ€¦odes for the current kernel[0m...
[   13.275162] systemd[1]: Starting Start psplash boot splash screen...
         Starting [0;1;39mStart psplash boot splash screen[0m...
[   13.308827] systemd[1]: Starting RPC Bind...
         Starting [0;1;39mRPC Bind[0m...
[   13.331158] systemd[1]: Condition check resulted in File System Check on Root Device being skipped.
[   13.346012] systemd[1]: Starting Journal Service...
         Starting [0;1;39mJournal Service[0m...
[   13.374306] systemd[1]: Starting Load Kernel Modules...
         Starting [0;1;39mLoad Kernel Modules[0m...
[   13.398981] systemd[1]: Starting Remount Root and Kernel File Systems...
         Starting [0;1;39mRemount Root and Kernel File Systems[0m...
[   13.425082] systemd[1]: Starting udev Coldplug all Devices...
         Starting [0;1;39mudev Coldplug all Devices[0m...
[   13.450922] systemd[1]: Started Start psplash boot splash screen.
[[0;32m  OK  [0m] Started [0;1;39mStart psplash boot splash screen[0m.
[   13.474647] systemd[1]: Started RPC Bind.
[[0;32m  OK  [0m] Started [0;1;39mRPC Bind[0m.
[   13.494719] systemd[1]: Started Journal Service.
[[0;32m  OK  [0m] Started [0;1;39mJournal Service[0m.
[[0;32m  OK  [0m] Mounted [0;1;39mHuge Pages File System[0m.
[[0;32m  OK  [0m] Mounted [0;1;39mPOSIX Message Queue File System[0m.
[[0;32m  OK  [0m] Mounted [0;1;39mKernel Debug File System[0m.
[[0;32m  OK  [0m] Mounted [0;1;39mTemporary Directory (/tmp)[0m.
[[0;32m  OK  [0m] Started [0;1;39mCreate list of staâ€¦ nodes for the current kernel[0m.
[[0;32m  OK  [0m] Started [0;1;39mLoad Kernel Modules[0m.
[[0;32m  OK  [0m] Started [0;1;39mRemount Root and Kernel File Systems[0m.
[   13.646406] random: systemd-journal: uninitialized urandom read (16 bytes read)
[   13.647645] random: systemd: uninitialized urandom read (16 bytes read)
         Mounting [0;1;39mKerne[   13.668342] random: systemd-journal: uninitialized urandom read (16 bytes read)
l Configuration File Sys[   13.677896] random: crng init done
tem[0m...
[   13.682103] random: 37 urandom warning(s) missed due to ratelimiting
[[0;32m  OK  [0m] Started [0;1;39mStart psplash-systâ€¦progress communication helper[0m.
         Starting [0;1;39mFlush Journal to Persistent Storage[0m...
         Starting [0;1;39mApply Kernel Variables[0m...
[   13.754160] systemd-journald[367]: Received client request to flush runtime journal.
         Starting [0;1;39mCreate Static Device Nodes in /dev[0m...
[[0;32m  OK  [0m] Mounted [0;1;39mKernel Configuration File System[0m.
[[0;32m  OK  [0m] Started [0;1;39mFlush Journal to Persistent Storage[0m.
[[0;32m  OK  [0m] Started [0;1;39mApply Kernel Variables[0m.
[[0;32m  OK  [0m] Started [0;1;39mCreate Static Device Nodes in /dev[0m.
[[0;32m  OK  [0m] Reached target [0;1;39mLocal File Systems (Pre)[0m.
         Mounting [0;1;39m/var/volatile[0m...
         Starting [0;1;39mudev Kernel Device Manager[0m...
[[0;32m  OK  [0m] Started [0;1;39mudev Coldplug all Devices[0m.
[[0;32m  OK  [0m] Mounted [0;1;39m/var/volatile[0m.
         Starting [0;1;39mLoad/Save Random Seed[0m...
[[0;32m  OK  [0m] Reached target [0;1;39mLocal File Systems[0m.
         Starting [0;1;39mCreate Volatile Files and Directories[0m...
[[0;32m  OK  [0m] Started [0;1;39mudev Kernel Device Manager[0m.
[[0;32m  OK  [0m] Started [0;1;39mLoad/Save Random Seed[0m.
         Starting [0;1;39mNetwork Service[0m...
[[0;32m  OK  [0m] Started [0;1;39mCreate Volatile Files and Directories[0m.
         Starting [0;1;39mNetwork Time Synchronization[0m...
         Starting [0;1;39mUpdate UTMP about System Boot/Shutdown[0m...
[[0;32m  OK  [0m] Started [0;1;39mNetwork Service[0m.
         Starting [0;1;39mNetwork Name Resolution[0m...
[[0;32m  OK  [0m] Started [0;1;39mUpdate UTMP about System Boot/Shutdown[0m.
[[0;32m  OK  [0m] Started [0;1;39mNetwork Time Synchronization[0m.
[   14.302906] pwm-backlight: probe of backlight failed with error -16
[[0;32m  OK  [0m] Reached target [0;1;39mSystem Initialization[0m.
[[0;32m  OK  [0m] Started [0;1;39mDaily Cleanup of Temporary Directories[0m.
[[0;32m  OK  [0m] Reached target [0;1;39mSystem Time Set[0m.
[   14.357136] at24 7-0050: supply vcc not found, using dummy regulator
[   14.366914] at24 7-0050: 128 byte br24t01 EEPROM, writable, 8 bytes/write
[[0;32m  OK  [0m] Reached target [0;1;39mSystem Time Synchronized[0m.
[[0;32m  OK  [0m] Reached target [0;1;39mTimers[0m.
[[0;32m  OK  [0m] Listening on [0;1;39mAvahi mDNS/DNS-SD Stack Activation Socket[0m.
[[0;32m  OK  [0m] Listening on [0;1;39mD-Bus System Message Bus Socket[0m.
[[0;32m  OK  [0m] Listening on [0;1;39mdropbear.socket[0m.
[   14.484792] ccree e6601000.crypto: ARM CryptoCell 630P Driver: HW version 0xAF400001/0xDCC63000, Driver version 5.0
[   14.496881] renesas_usb3 ee020000.usb: probed with phy
[[0;32m  OK  [0m] Reached target [0;1;39mSockets[0m.
[   14.520780] ccree e6601000.crypto: ARM ccree device initialized
[[0;32m  OK  [0m] Reached target [0;1;39mBasic System[0m.
[[0;32m  OK  [0m] Started [0;1;39mD-Bus System Message Bus[0m.
[[0;32m  OK  [0m] Started [0;1;39moptee services[0m.
         Starting [0;1;39mpvrinit.service[0m...
         Starting [0;1;39mPowerVR consumer services[0m...
         Starting [0;1;39mLogin Service[0m...
[[0;32m  OK  [0m] Started [0;1;39mNetwork Name Resolution[0m.
[[0;1;31mFAILED[0m] Failed to start [0;1;39mpvrinit.service[0m.
See 'systemctl status pvrinit.service' for details.
[[0;1;31mFAILED[0m] Failed to start [0;1;39mPowerVR consumer services[0m.
See 'systemctl status rc.pvr.service' for details.
[[0;1;38;5;185mDEPEND[0m] Dependency failed for [0;1;39mWeston Wayland Compositor[0m.
[[0;32m  OK  [0m] Started [0;1;39mLogin Service[0m.
[[0;32m  OK  [0m] Created slice [0;1;39msystem-weston.slice[0m.
[[0;32m  OK  [0m] Reached target [0;1;39mNetwork[0m.
[[0;32m  OK  [0m] Reached target [0;1;39mHost and Network Name Lookups[0m.
[[0;32m  OK  [0m] Reached target [0;1;39mHardware activated USB gadget[0m.
         Starting [0;1;39mAvahi mDNS/DNS-SD Stack[0m...
         Starting [0;1;39mPowerVR consumer services[0m...
         Starting [0;1;39mset_default_governor.service[0m...
         Starting [0;1;39mPermit User Sessions[0m...
[[0;32m  OK  [0m] Started [0;1;39mXinetd A Powerful R[   15.042531] rd 0-7: Disabling EAS, schedutil is mandatory
eplacement For Inetd[0m.
[[0;1;31mFAILED[0m] Failed to start [0;1;39mPowerVR consumer services[0m.
See 'systemctl status rc.pvr.service' for details.
[[0;1;38;5;185mDEPEND[0m] Dependency failed for [0;1;39mWeston Wayland Compositor[0m.
[[0;32m  OK  [0m] Started [0;1;39mset_default_governor.service[0m.
[[0;32m  OK  [0m] Started [0;1;39mPermit User Sessions[0m.
[[0;32m  OK  [0m] Started [0;1;39mAvahi mDNS/DNS-SD Stack[0m.
[[0;32m  OK  [0m] Started [0;1;39mGetty on tty1[0m.
[[0;32m  OK  [0m] Started [0;1;39mSerial Getty on ttySC0[0m.
[[0;32m  OK  [0m] Reached target [0;1;39mLogin Prompts[0m.
[[0;32m  OK  [0m] Reached target [0;1;39mMulti-User System[0m.
         Starting [0;1;39mUpdate UTMP about System Runlevel Changes[0m...
[[0;32m  OK  [0m] Started [0;1;39mUpdate UTMP about System Runlevel Changes[0m.

Poky (Yocto Project Reference Distro) 3.1.11 salvator-x ttySC0

salvator-x login: 
salvator-x login: root
[   16.910579] audit: type=1006 audit(1703064537.612:2): pid=547 uid=0 old-auid=4294967295 auid=0 tty=(none) old-ses=4294967295 ses=1 res=1
7[r[999;999H[6n8root@salvator-x:~# 
root@salvator-x:~# 
root@salvator-x:~# 
root@salvator-x:~# 
root@salvator-x:~# 
root@salvator-x:~# 
root@salvator-x:~# 
root@salvator-x:~# 
root@salvator-x:~# 
Plug in USB device at CN9


Press any button to continue

[   41.950001] SDHI0 VccQ: disabling
[   41.953398] SDHI3 VccQ: disabling
[   49.573873] usb 9-1: new high-speed USB device number 2 using ehci-platform
[   49.736192] usb-storage 9-1:1.0: USB Mass Storage device detected
[   49.742848] scsi host1: usb-storage 9-1:1.0
[   50.751653] scsi 1:0:0:0: Direct-Access     SanDisk  Ultra            1.00 PQ: 0 ANSI: 6
[   50.760768] sd 1:0:0:0: [sda] 121307136 512-byte logical blocks: (62.1 GB/57.8 GiB)
[   50.769645] sd 1:0:0:0: [sda] Write Protect is off
[   50.775383] sd 1:0:0:0: [sda] Write cache: disabled, read cache: enabled, doesn't support DPO or FUA
[   50.839950]  sda: sda1
[   50.847101] sd 1:0:0:0: [sda] Attached SCSI removable disk

----------Prepare----------


root@salvator-x:~# find /sys/devices/platform/soc/ee080100.usb/ -name 'sd*'
/sys/devices/platform/soc/ee080100.usb/usb9/9-1/9-1:1.0/host1/target1:0:0/1:0:0:0/block/sda
/sys/devices/platform/soc/ee080100.usb/usb9/9-1/9-1:1.0/host1/target1:0:0/1:0:0:0/block/sda/sda1
root@salvator-x:~# 
root@salvator-x:~# dd if=/dev/urandom of=testdata bs=10M count=5
5+0 records in
5+0 records out
52428800 bytes (52 MB, 50 MiB) copied, 1.42905 s, 36.7 MB/s
root@salvator-x:~# 
root@salvator-x:~# mkdir -p /mnt/usb
root@salvator-x:~# 
root@salvator-x:~# mount /dev/sda1 /mnt/usb
[   57.473665] EXT4-fs (sda1): mounted filesystem with ordered data mode. Opts: (null)
root@salvator-x:~# 
root@salvator-x:~# cp testdata /mnt/usb/
root@salvator-x:~# 
root@salvator-x:~# umount /mnt/usb
root@salvator-x:~# 
Pull out USB device at CN9


Press any button to continue

[   66.954707] usb 9-1: USB disconnect, device number 2

root@salvator-x:~# i2cset -f -y 7 0x30 0x20 0x0f
root@salvator-x:~# 

Switch SW23 off and input 'yes' to continue:
Input 'yes' to continue: 

root@salvator-x:~# echo N > /sys/module/printk/parameters/console_suspend
root@salvator-x:~# 
root@salvator-x:~# echo mem > /sys/power/state
[   79.122104] PM: suspend entry (deep)
[   79.125983] Filesystems sync: 0.000 seconds
[   79.132219] Freezing user space processes ... (elapsed 0.002 seconds) done.
[   79.134369] OOM killer disabled.
[   79.134372] Freezing remaining freezable tasks ... (elapsed 0.002 seconds) done.
[   79.567807] ravb e6800000.ethernet eth0: Link is Down
[   79.583739] Disabling non-boot CPUs ...
[   79.588176] CPU1: shutdown
[   79.590899] psci: CPU1 killed (polled 0 ms)
[   79.596791] CPU2: shutdown
[   79.599521] psci: CPU2 killed (polled 0 ms)
[   79.605232] CPU3: shutdown
[   79.607962] psci: CPU3 killed (polled 0 ms)
[   79.613797] CPU4: shutdown
[   79.616524] psci: CPU4 killed (polled 0 ms)
[   79.622280] CPU5: shutdown
[   79.625001] psci: CPU5 killed (polled 0 ms)
[   79.630706] CPU6: shutdown
[   79.633416] psci: CPU6 killed (polled 0 ms)
[   79.639207] CPU7: shutdown
[   79.641965] psci: CPU7 killed (polled 0 ms)
 
 Switch power switch: 

NOTICE:  BL2: R-Car Gen3 Initial Program Loader(CA57) Rev.4.0.0
NOTICE:  BL2: PRR is R-Car H3 Ver.3.0
NOTICE:  BL2: Board is Salvator-XS Rev.1.0
NOTICE:  BL2: Boot device is HyperFlash(160MHz)
NOTICE:  BL2: LCM state is CM
NOTICE:  AVS setting succeeded. DVFS_SetVID=0x53
NOTICE:  BL2: DDR3200(rev.0.42)
NOTICE:  BL2: [WARM_BOOT]
NOTICE:  BL2: DRAM Split is 4ch(DDR f)
NOTICE:  BL2: QoS is default setting(rev.0.11)
NOTICE:  BL2: DRAM refresh interval 1.95 usec
NOTICE:  BL2: Periodic Write DQ Training
NOTICE:  BL2: CH0: 400000000 - 47fffffff, 2 GiB
NOTICE:  BL2: CH1: 500000000 - 57fffffff, 2 GiB
NOTICE:  BL2: CH2: 600000000 - 67fffffff, 2 GiB
NOTICE:  BL2: CH3: 700000000 - 77fffffff, 2 GiB
NOTICE:  BL2: Lossy Decomp areas
NOTICE:       Entry 0: DCMPAREACRAx:0x80000540 DCMPAREACRBx:0x570
NOTICE:       Entry 1: DCMPAREACRAx:0x40000000 DCMPAREACRBx:0x0
NOTICE:       Entry 2: DCMPAREACRAx:0x20000000 DCMPAREACRBx:0x0
NOTICE:  BL2: FDT at 0xe6327f70
NOTICE:  BL2: v2.9(release):9cdb21f75
NOTICE:  BL2: Built : 05:25:39, Dec 19 2023
NOTICE:  BL2: Normal boot
[   79.647001] Enabling non-boot CPUs ...
[   79.651038] Detected PIPT I-cache on CPU1
[   79.651092] CPU1: Booted secondary processor 0x0000000001 [0x411fd073]
[   79.651604] CPU1 is up
[   79.664645] Detected PIPT I-cache on CPU2
[   79.664667] CPU2: Booted secondary processor 0x0000000002 [0x411fd073]
[   79.664934] CPU2 is up
[   79.677970] Detected PIPT I-cache on CPU3
[   79.677993] CPU3: Booted secondary processor 0x0000000003 [0x411fd073]
[   79.678266] CPU3 is up
[   79.691328] Detected VIPT I-cache on CPU4
[   79.691381] CPU4: Booted secondary processor 0x0000000100 [0x410fd034]
[   79.692271] CPU4 is up
[   79.705273] Detected VIPT I-cache on CPU5
[   79.705306] CPU5: Booted secondary processor 0x0000000101 [0x410fd034]
[   79.705894] CPU5 is up
[   79.718903] Detected VIPT I-cache on CPU6
[   79.718935] CPU6: Booted secondary processor 0x0000000102 [0x410fd034]
[   79.719569] CPU6 is up
[   79.732571] Detected VIPT I-cache on CPU7
[   79.732604] CPU7: Booted secondary processor 0x0000000103 [0x410fd034]
[   79.733266] CPU7 is up
[   79.826633] xhci-hcd ee000000.usb: xHC error in resume, USBSTS 0x401, Reinit
[   79.833676] usb usb7: root hub lost power or was reset
[   79.838795] usb usb8: root hub lost power or was reset
[   79.896647] Micrel KSZ9031 Gigabit PHY e6800000.ethernet-ffffffff:00: attached PHY driver [Micrel KSZ9031 Gigabit PHY] (mii_bus:phy_addr=e6800000.ethernet-ffffffff:00, irq=183)
[   80.011881] usb usb4: root hub lost power or was reset
[   80.017162] usb usb1: root hub lost power or was reset
[   80.103987] usb usb5: root hub lost power or was reset
[   80.109163] usb usb2: root hub lost power or was reset
[   80.195957] usb usb6: root hub lost power or was reset
[   80.201132] usb usb3: root hub lost power or was reset
[   80.319932] usb usb10: root hub lost power or was reset
[   80.325280] usb usb9: root hub lost power or was reset
[   80.337925] ata1: link resume succeeded after 1 retries
[   80.449449] ata1: SATA link down (SStatus 0 SControl 300)
[   80.468738] OOM killer enabled.
[   80.472592] Restarting tasks ... done.
[   80.478281] PM: suspend exit
[   88.854351] ravb e6800000.ethernet eth0: Link is Up - 1Gbps/Full - flow control off
root@salvator-x:~# 
root@salvator-x:~# echo "Wake up sucessfully"
Wake up sucessfully
root@salvator-x:~# 
Plug in USB device at CN9


Press any button to continue

[  102.705844] usb 9-1: new high-speed USB device number 3 using ehci-platform
[  102.868094] usb-storage 9-1:1.0: USB Mass Storage device detected
[  102.874857] scsi host1: usb-storage 9-1:1.0
[  103.903540] scsi 1:0:0:0: Direct-Access     SanDisk  Ultra            1.00 PQ: 0 ANSI: 6
[  103.913142] sd 1:0:0:0: [sda] 121307136 512-byte logical blocks: (62.1 GB/57.8 GiB)
[  103.922171] sd 1:0:0:0: [sda] Write Protect is off
[  103.927931] sd 1:0:0:0: [sda] Write cache: disabled, read cache: enabled, doesn't support DPO or FUA
[  103.977176]  sda: sda1
[  103.983558] sd 1:0:0:0: [sda] Attached SCSI removable disk

root@salvator-x:~# find /sys/devices/platform/soc/ee080100.usb/ -name 'sd*'
/sys/devices/platform/soc/ee080100.usb/usb9/9-1/9-1:1.0/host1/target1:0:0/1:0:0:0/block/sda
/sys/devices/platform/soc/ee080100.usb/usb9/9-1/9-1:1.0/host1/target1:0:0/1:0:0:0/block/sda/sda1
root@salvator-x:~# 
root@salvator-x:~# mount /dev/sda1 /mnt/usb
[  108.679673] EXT4-fs (sda1): mounted filesystem with ordered data mode. Opts: (null)
root@salvator-x:~# 
root@salvator-x:~# cp testdata /mnt/usb/testdata_from_nfs
root@salvator-x:~# 
root@salvator-x:~# cp /mnt/usb/testdata_from_nfs testdata_from_usb
root@salvator-x:~# 
root@salvator-x:~# sync
root@salvator-x:~# 
root@salvator-x:~# cmp testdata testdata_from_usb
root@salvator-x:~# 
root@salvator-x:~# umount /mnt/usb
root@salvator-x:~# 
 
#### Result: OK ####
