

----------Item 5----------


Please press switch to restart board 

[F 00:00:120
[F 00:00:119
[F 00:00:118
NOTICE:  BL2: R-Car Gen3 Initial Program Loader(CA57) Rev.4.0.0
NOTICE:  BL2: PRR is R-Car H3 Ver.3.0
NOTICE:  BL2: Board is Salvator-XS Rev.1.0
NOTICE:  BL2: Boot device is HyperFlash(160MHz)
NOTICE:  BL2: LCM state is CM
NOTICE:  AVS setting succeeded. DVFS_SetVID=0x53
NOTICE:  BL2: DDR3200(rev.0.42)
NOTICE:  BL2: [COLD_BOOT]
NOTICE:  BL2: DRAM Split is 4ch(DDR f)
NOTICE:  BL2: QoS is default setting(rev.0.11)
NOTICE:  BL2: DRAM refresh interval 1.95 usec
NOTICE:  BL2: Periodic Write DQ Training
NOTICE:  BL2: CH0: 400000000 - 47fffffff, 2 GiB
NOTICE:  BL2: CH1: 500000000 - 57fffffff, 2 GiB
NOTICE:  BL2: CH2: 600000000 - 67fffffff, 2 GiB
NOTICE:  BL2: CH3: 700000000 - 77fffffff, 2 GiB
NOTICE:  BL2: Lossy Decomp areas
NOTICE:       Entry 0: DCMPAREACRAx:0x80000540 DCMPAREACRBx:0x570
NOTICE:       Entry 1: DCMPAREACRAx:0x40000000 DCMPAREACRBx:0x0
NOTICE:       Entry 2: DCMPAREACRAx:0x20000000 DCMPAREACRBx:0x0
NOTICE:  BL2: FDT at 0xe6327f70
NOTICE:  BL2: v2.9(release):9cdb21f75
NOTICE:  BL2: Built : 05:25:39, Dec 19 2023
NOTICE:  BL2: Normal boot
NOTICE:  BL2: dst=0xe6327800 src=0x8180000 len=512(0x200)
NOTICE:  BL2: dst=0x43f00000 src=0x8180400 len=6144(0x1800)
NOTICE:  rcar_file_len: len: 0x0003e000
NOTICE:  BL2: dst=0x44000000 src=0x81c0000 len=253952(0x3e000)
NOTICE:  rcar_file_len: len: 0x00200000
NOTICE:  BL2: dst=0x44100000 src=0x8200000 len=2097152(0x200000)
NOTICE:  rcar_file_len: len: 0x00100000
NOTICE:  BL2: dst=0x50000000 src=0x8640000 len=1048576(0x100000)
NOTICE:  BL2: Booting BL31


U-Boot 2020.10 (Dec 19 2023 - 14:30:40 +0000)

CPU: Renesas Electronics R8A7795 rev 3.0
Model: Renesas Salvator-X 2nd version board based on r8a77951
DRAM:  7.9 GiB
RAM Configuration:
Bank #0: 0x048000000 - 0x0bfffffff, 1.9 GiB
Bank #1: 0x500000000 - 0x57fffffff, 2 GiB
Bank #2: 0x600000000 - 0x67fffffff, 2 GiB
Bank #3: 0x700000000 - 0x77fffffff, 2 GiB

MMC:   sd@ee100000: 0, sd@ee140000: 1, sd@ee160000: 2
Loading Environment from MMC... OK
In:    serial@e6e88000
Out:   serial@e6e88000
Err:   serial@e6e88000
Net:   eth0: ethernet@e6800000
Hit any key to stop autoboot:  2  1  0 
ethernet@e6800000 Waiting for PHY auto negotiation to complete.......... done
Using ethernet@e6800000 device
TFTP from server 192.168.10.99; our IP address is 192.168.10.167
Filename 'traivo/H3/rootfs/boot_USB2H/Image'.
Load address: 0x48080000
Loading: *#################################################################
	 #################################################################
	 #################################################################
	 #################################################################
	 #################################################################
	 #################################################################
	 #################################################################
	 #################################################################
	 #################################################################
	 #################################################################
	 #################################################################
	 #################################################################
	 #################################################################
	 #################################################################
	 #################################################################
	 #################################################################
	 #################################################################
	 #################################################################
	 #################################################################
	 #################################################################
	 #################################################################
	 #################################################################
	 #################################################################
	 #################################################################
	 #################################################################
	 #################################################################
	 #################################################################
	 #################################################################
	 #################################################################
	 #################################################################
	 #################################################################
	 #################################################################
	 #################################################################
	 #################################################################
	 ################################################################
	 4.7 MiB/s
done
Bytes transferred = 33376768 (1fd4a00 hex)
Using ethernet@e6800000 device
TFTP from server 192.168.10.99; our IP address is 192.168.10.167
Filename 'traivo/H3/rootfs/boot_USB2H/r8a77951-salvator-xs.dtb'.
Load address: 0x48000000
Loading: *#######
	 12.4 MiB/s
done
Bytes transferred = 90876 (162fc hex)
Moving Image from 0x48080000 to 0x48200000, end=4a260000
## Flattened Device Tree blob at 48000000
   Booting using the fdt blob at 0x48000000
   Loading Device Tree to 0000000053fe6000, end 0000000053fff2fb ... OK

Starting kernel ...

[    0.000000] Booting Linux on physical CPU 0x0000000000 [0x411fd073]
[    0.000000] Linux version 5.10.194-yocto-standard (thuan.nguyen-hong@banvien) (aarch64-poky-linux-gcc (GCC) 9.3.0, GNU ld (GNU Binutils) 2.34.0.20200220) #10 SMP PREEMPT Mon Feb 19 03:51:05 UTC 2024
[    0.000000] Machine model: Renesas Salvator-X 2nd version board based on r8a77951
[    0.000000] efi: UEFI not found.
[    0.000000] Reserved memory: created CMA memory pool at 0x0000000057000000, size 16 MiB
[    0.000000] OF: reserved mem: initialized node linux,adsp@57000000, compatible id shared-dma-pool
[    0.000000] Reserved memory: created CMA memory pool at 0x0000000058000000, size 384 MiB
[    0.000000] OF: reserved mem: initialized node linux,cma@58000000, compatible id shared-dma-pool
[    0.000000] Reserved memory: created CMA memory pool at 0x0000000070000000, size 256 MiB
[    0.000000] OF: reserved mem: initialized node linux,multimedia@70000000, compatible id shared-dma-pool
[    0.000000] NUMA: No NUMA configuration found
[    0.000000] NUMA: Faking a node at [mem 0x0000000048000000-0x000000077fffffff]
[    0.000000] NUMA: NODE_DATA [mem 0x77efdab00-0x77efdcfff]
[    0.000000] Zone ranges:
[    0.000000]   DMA      [mem 0x0000000048000000-0x000000007fffffff]
[    0.000000]   DMA32    [mem 0x0000000080000000-0x00000000ffffffff]
[    0.000000]   Normal   [mem 0x0000000100000000-0x000000077fffffff]
[    0.000000] Movable zone start for each node
[    0.000000] Early memory node ranges
[    0.000000]   node   0: [mem 0x0000000048000000-0x0000000053ffffff]
[    0.000000]   node   0: [mem 0x0000000054000000-0x0000000056ffffff]
[    0.000000]   node   0: [mem 0x0000000057000000-0x00000000bfffffff]
[    0.000000]   node   0: [mem 0x0000000500000000-0x000000057fffffff]
[    0.000000]   node   0: [mem 0x0000000600000000-0x000000067fffffff]
[    0.000000]   node   0: [mem 0x0000000700000000-0x000000077fffffff]
[    0.000000] Initmem setup node 0 [mem 0x0000000048000000-0x000000077fffffff]
[    0.000000] psci: probing for conduit method from DT.
[    0.000000] psci: PSCIv1.1 detected in firmware.
[    0.000000] psci: Using standard PSCI v0.2 function IDs
[    0.000000] psci: Trusted OS resident on physical CPU 0x0
[    0.000000] psci: SMC Calling Convention v1.2
[    0.000000] percpu: Embedded 23 pages/cpu s56984 r8192 d29032 u94208
[    0.000000] Detected PIPT I-cache on CPU0
[    0.000000] CPU features: detected: EL2 vector hardening
[    0.000000] CPU features: detected: Spectre-v2
[    0.000000] CPU features: detected: ARM errata 1165522, 1319367, or 1530923
[    0.000000] CPU features: detected: Spectre-BHB
[    0.000000] CPU features: detected: ARM erratum 1742098
[    0.000000] Built 1 zonelists, mobility grouping on.  Total pages: 2032128
[    0.000000] Policy zone: Normal
[    0.000000] Kernel command line: rw root=/dev/nfs nfsroot=192.168.10.99:/data/tftpboot/traivo/H3/rootfs,nfsvers=4, ip=192.168.10.167
[    0.000000] Dentry cache hash table entries: 1048576 (order: 11, 8388608 bytes, linear)
[    0.000000] Inode-cache hash table entries: 524288 (order: 10, 4194304 bytes, linear)
[    0.000000] mem auto-init: stack:off, heap alloc:off, heap free:off
[    0.000000] software IO TLB: mapped [mem 0x000000004ffe6000-0x0000000053fe6000] (64MB)
[    0.000000] Memory: 7276840K/8257536K available (15232K kernel code, 2834K rwdata, 8240K rodata, 6144K init, 517K bss, 308952K reserved, 671744K cma-reserved)
[    0.000000] SLUB: HWalign=64, Order=0-3, MinObjects=0, CPUs=8, Nodes=1
[    0.000000] rcu: Preemptible hierarchical RCU implementation.
[    0.000000] rcu: 	RCU event tracing is enabled.
[    0.000000] rcu: 	RCU restricting CPUs from NR_CPUS=256 to nr_cpu_ids=8.
[    0.000000] 	Trampoline variant of Tasks RCU enabled.
[    0.000000] rcu: RCU calculated value of scheduler-enlistment delay is 25 jiffies.
[    0.000000] rcu: Adjusting geometry for rcu_fanout_leaf=16, nr_cpu_ids=8
[    0.000000] NR_IRQS: 64, nr_irqs: 64, preallocated irqs: 0
[    0.000000] arch_timer: cp15 timer(s) running at 8.32MHz (virt).
[    0.000000] clocksource: arch_sys_counter: mask: 0xffffffffffffff max_cycles: 0x1eb398c07, max_idle_ns: 440795202503 ns
[    0.000003] sched_clock: 56 bits at 8MHz, resolution 120ns, wraps every 2199023255503ns
[    0.000207] Console: colour dummy device 80x25
[    0.000415] printk: console [tty0] enabled
[    0.000490] Calibrating delay loop (skipped), value calculated using timer frequency.. 16.64 BogoMIPS (lpj=33280)
[    0.000506] pid_max: default: 32768 minimum: 301
[    0.000564] LSM: Security Framework initializing
[    0.000649] Mount-cache hash table entries: 16384 (order: 5, 131072 bytes, linear)
[    0.000698] Mountpoint-cache hash table entries: 16384 (order: 5, 131072 bytes, linear)
[    0.002147] rcu: Hierarchical SRCU implementation.
[    0.003731] Detected Renesas R-Car Gen3 r8a7795 ES3.0
[    0.005880] EFI services will not be available.
[    0.006218] smp: Bringing up secondary CPUs ...
[    0.006677] Detected PIPT I-cache on CPU1
[    0.006726] CPU1: Booted secondary processor 0x0000000001 [0x411fd073]
[    0.007204] Detected PIPT I-cache on CPU2
[    0.007228] CPU2: Booted secondary processor 0x0000000002 [0x411fd073]
[    0.007647] Detected PIPT I-cache on CPU3
[    0.007669] CPU3: Booted secondary processor 0x0000000003 [0x411fd073]
[    0.008137] CPU features: detected: ARM erratum 845719
[    0.008150] Detected VIPT I-cache on CPU4
[    0.008198] CPU4: Booted secondary processor 0x0000000100 [0x410fd034]
[    0.008678] Detected VIPT I-cache on CPU5
[    0.008705] CPU5: Booted secondary processor 0x0000000101 [0x410fd034]
[    0.009144] Detected VIPT I-cache on CPU6
[    0.009170] CPU6: Booted secondary processor 0x0000000102 [0x410fd034]
[    0.009606] Detected VIPT I-cache on CPU7
[    0.009634] CPU7: Booted secondary processor 0x0000000103 [0x410fd034]
[    0.009713] smp: Brought up 1 node, 8 CPUs
[    0.009774] SMP: Total of 8 processors activated.
[    0.009781] CPU features: detected: 32-bit EL0 Support
[    0.009788] CPU features: detected: CRC32 instructions
[    0.009796] CPU features: detected: 32-bit EL1 Support
[    0.022991] CPU: All CPU(s) started at EL1
[    0.023047] alternatives: patching kernel code
[    0.024195] devtmpfs: initialized
[    0.030967] KASLR disabled due to lack of seed
[    0.031118] clocksource: jiffies: mask: 0xffffffff max_cycles: 0xffffffff, max_idle_ns: 7645041785100000 ns
[    0.031139] futex hash table entries: 2048 (order: 5, 131072 bytes, linear)
[    0.039771] pinctrl core: initialized pinctrl subsystem
[    0.041257] DMI not present or invalid.
[    0.041758] NET: Registered protocol family 16
[    0.042697] DMA: preallocated 1024 KiB GFP_KERNEL pool for atomic allocations
[    0.042895] DMA: preallocated 1024 KiB GFP_KERNEL|GFP_DMA pool for atomic allocations
[    0.043185] DMA: preallocated 1024 KiB GFP_KERNEL|GFP_DMA32 pool for atomic allocations
[    0.043223] audit: initializing netlink subsys (disabled)
[    0.043407] audit: type=2000 audit(0.040:1): state=initialized audit_enabled=0 res=1
[    0.044569] thermal_sys: Registered thermal governor 'power_allocator'
[    0.045092] cpuidle: using governor menu
[    0.045264] hw-breakpoint: found 6 breakpoint and 4 watchpoint registers.
[    0.045388] ASID allocator initialised with 65536 entries
[    0.046674] Serial: AMBA PL011 UART driver
[    0.089490] sh-pfc e6060000.pinctrl: r8a77951_pfc support registered
[    0.104233] HugeTLB registered 1.00 GiB page size, pre-allocated 0 pages
[    0.104247] HugeTLB registered 32.0 MiB page size, pre-allocated 0 pages
[    0.104255] HugeTLB registered 2.00 MiB page size, pre-allocated 0 pages
[    0.104262] HugeTLB registered 64.0 KiB page size, pre-allocated 0 pages
[    0.105226] cryptd: max_cpu_qlen set to 1000
[    0.107472] ACPI: Interpreter disabled.
[    0.111287] rcar-avs: use avs value: 0
[    0.111303] rcar-avs: cpu@0 is running with: opp_table0
[    0.111313] rcar-avs: cpu@1 is running with: opp_table0
[    0.111324] rcar-avs: cpu@2 is running with: opp_table0
[    0.111333] rcar-avs: cpu@3 is running with: opp_table0
[    0.111426] rcar-avs: gsx@fd000000 is running with: gsx_opp_table0
[    0.112841] iommu: Default domain type: Translated 
[    0.113421] ipmmu-vmsa e67b0000.iommu: IPMMU context 0 is reserved
[    0.114432] vgaarb: loaded
[    0.114626] SCSI subsystem initialized
[    0.114878] usbcore: registered new interface driver usbfs
[    0.114909] usbcore: registered new interface driver hub
[    0.114935] usbcore: registered new device driver usb
[    0.118478] i2c-sh_mobile e60b0000.i2c: I2C adapter 7, bus speed 400000 Hz
[    0.119011] mc: Linux media interface: v0.10
[    0.119031] videodev: Linux video capture interface: v2.00
[    0.119076] pps_core: LinuxPPS API ver. 1 registered
[    0.119083] pps_core: Software ver. 5.3.6 - Copyright 2005-2007 Rodolfo Giometti <giometti@linux.it>
[    0.119096] PTP clock support registered
[    0.119267] EDAC MC: Ver: 3.0.0
[    0.121293] FPGA manager framework
[    0.121354] Advanced Linux Sound Architecture Driver Initialized.
[    0.121907] clocksource: Switched to clocksource arch_sys_counter
[    0.122051] VFS: Disk quotas dquot_6.6.0
[    0.122093] VFS: Dquot-cache hash table entries: 512 (order 0, 4096 bytes)
[    0.122217] pnp: PnP ACPI: disabled
[    0.125696] NET: Registered protocol family 2
[    0.126109] IP idents hash table entries: 131072 (order: 8, 1048576 bytes, linear)
[    0.128347] tcp_listen_portaddr_hash hash table entries: 4096 (order: 4, 65536 bytes, linear)
[    0.128453] TCP established hash table entries: 65536 (order: 7, 524288 bytes, linear)
[    0.128737] TCP bind hash table entries: 65536 (order: 8, 1048576 bytes, linear)
[    0.129322] TCP: Hash tables configured (established 65536 bind 65536)
[    0.129436] UDP hash table entries: 4096 (order: 5, 131072 bytes, linear)
[    0.129550] UDP-Lite hash table entries: 4096 (order: 5, 131072 bytes, linear)
[    0.129767] NET: Registered protocol family 1
[    0.130139] RPC: Registered named UNIX socket transport module.
[    0.130149] RPC: Registered udp transport module.
[    0.130155] RPC: Registered tcp transport module.
[    0.130161] RPC: Registered tcp NFSv4.1 backchannel transport module.
[    0.130175] PCI: CLS 0 bytes, default 64
[    0.131110] hw perfevents: enabled with armv8_cortex_a53 PMU driver, 7 counters available
[    0.131383] hw perfevents: enabled with armv8_cortex_a57 PMU driver, 7 counters available
[    0.132007] kvm [1]: HYP mode not available
[    0.134780] Initialise system trusted keyrings
[    0.134904] workingset: timestamp_bits=42 max_order=21 bucket_order=0
[    0.137985] squashfs: version 4.0 (2009/01/31) Phillip Lougher
[    0.138387] NFS: Registering the id_resolver key type
[    0.138417] Key type id_resolver registered
[    0.138423] Key type id_legacy registered
[    0.138477] nfs4filelayout_init: NFSv4 File Layout Driver Registering...
[    0.138487] nfs4flexfilelayout_init: NFSv4 Flexfile Layout Driver Registering...
[    0.138592] 9p: Installing v9fs 9p2000 file system support
[    0.164835] Key type asymmetric registered
[    0.164846] Asymmetric key parser 'x509' registered
[    0.164879] Block layer SCSI generic (bsg) driver version 0.4 loaded (major 243)
[    0.164890] io scheduler mq-deadline registered
[    0.164900] io scheduler kyber registered
[    0.181052] gpio_rcar e6050000.gpio: driving 16 GPIOs
[    0.181367] gpio_rcar e6051000.gpio: driving 29 GPIOs
[    0.181647] gpio_rcar e6052000.gpio: driving 15 GPIOs
[    0.181928] gpio_rcar e6053000.gpio: driving 16 GPIOs
[    0.182209] gpio_rcar e6054000.gpio: driving 18 GPIOs
[    0.182476] gpio_rcar e6055000.gpio: driving 26 GPIOs
[    0.182752] gpio_rcar e6055400.gpio: driving 32 GPIOs
[    0.183015] gpio_rcar e6055800.gpio: driving 4 GPIOs
[    0.185923] rcar-pcie fe000000.pcie: host bridge /soc/pcie@fe000000 ranges:
[    0.185952] rcar-pcie fe000000.pcie:       IO 0x00fe100000..0x00fe1fffff -> 0x0000000000
[    0.185975] rcar-pcie fe000000.pcie:      MEM 0x00fe200000..0x00fe3fffff -> 0x00fe200000
[    0.185994] rcar-pcie fe000000.pcie:      MEM 0x0030000000..0x0037ffffff -> 0x0030000000
[    0.186009] rcar-pcie fe000000.pcie:      MEM 0x0038000000..0x003fffffff -> 0x0038000000
[    0.186026] rcar-pcie fe000000.pcie:   IB MEM 0x0040000000..0x007fffffff -> 0x0040000000
[    0.186074] rcar-pcie fe000000.pcie: no pcie3v3 regulator found
[    0.186085] rcar-pcie fe000000.pcie: no pcie1v8 regulator found
[    0.253617] rcar-pcie fe000000.pcie: PCIe link down
[    0.253797] rcar-pcie ee800000.pcie: host bridge /soc/pcie@ee800000 ranges:
[    0.253821] rcar-pcie ee800000.pcie:       IO 0x00ee900000..0x00ee9fffff -> 0x0000000000
[    0.253842] rcar-pcie ee800000.pcie:      MEM 0x00eea00000..0x00eebfffff -> 0x00eea00000
[    0.253860] rcar-pcie ee800000.pcie:      MEM 0x00c0000000..0x00c7ffffff -> 0x00c0000000
[    0.253875] rcar-pcie ee800000.pcie:      MEM 0x00c8000000..0x00cfffffff -> 0x00c8000000
[    0.253892] rcar-pcie ee800000.pcie:   IB MEM 0x0040000000..0x007fffffff -> 0x0040000000
[    0.253938] rcar-pcie ee800000.pcie: no pcie3v3 regulator found
[    0.253948] rcar-pcie ee800000.pcie: no pcie1v8 regulator found
[    0.413907] rcar-pcie ee800000.pcie: PCIe link down
[    0.416380] EINJ: ACPI disabled.
[    0.450159] Serial: 8250/16550 driver, 4 ports, IRQ sharing enabled
[    0.452571] SuperH (H)SCI(F) driver initialized
[    0.452990] e6550000.serial: ttySC1 at MMIO 0xe6550000 (irq = 42, base_baud = 0) is a hscif
[    0.453718] e6e88000.serial: ttySC0 at MMIO 0xe6e88000 (irq = 128, base_baud = 0) is a scif
[    1.658451] printk: console [ttySC0] enabled
[    1.663868] msm_serial: driver initialized
[    1.674192] rcar-dw-hdmi fead0000.hdmi: Detected HDMI TX controller v2.01a with HDCP (DWC HDMI 2.0 TX PHY)
[    1.684087] rcar-dw-hdmi fead0000.hdmi: registered DesignWare HDMI I2C bus driver
[    1.692328] rcar-dw-hdmi feae0000.hdmi: Detected HDMI TX controller v2.01a with HDCP (DWC HDMI 2.0 TX PHY)
[    1.702190] rcar-dw-hdmi feae0000.hdmi: registered DesignWare HDMI I2C bus driver
[    1.717678] loop: module loaded
[    1.722266] megasas: 07.714.04.00-rc1
[    1.727996] scsi host0: sata_rcar
[    1.731470] ata1: SATA max UDMA/133 irq 181
[    1.740857] tun: Universal TUN/TAP device driver, 1.6
[    1.746813] thunder_xcv, ver 1.0
[    1.750068] thunder_bgx, ver 1.0
[    1.753311] nicpf, ver 1.0
[    1.757435] hclge is initializing
[    1.760770] hns3: Hisilicon Ethernet Network Driver for Hip08 Family - version
[    1.767993] hns3: Copyright (c) 2017 Huawei Corporation.
[    1.773331] e1000: Intel(R) PRO/1000 Network Driver
[    1.778210] e1000: Copyright (c) 1999-2006 Intel Corporation.
[    1.783976] e1000e: Intel(R) PRO/1000 Network Driver
[    1.788940] e1000e: Copyright(c) 1999 - 2015 Intel Corporation.
[    1.794882] igb: Intel(R) Gigabit Ethernet Network Driver
[    1.800281] igb: Copyright (c) 2007-2014 Intel Corporation.
[    1.805868] igbvf: Intel(R) Gigabit Virtual Function Network Driver
[    1.812135] igbvf: Copyright (c) 2009 - 2012 Intel Corporation.
[    1.818466] sky2: driver version 1.30
[    1.826058] ravb e6800000.ethernet eth0: Base address at 0xe6800000, 2e:09:0a:00:c3:9a, IRQ 125.
[    1.836327] VFIO - User Level meta-driver version: 0.3
[    1.843490] ehci_hcd: USB 2.0 'Enhanced' Host Controller (EHCI) Driver
[    1.850036] ehci-pci: EHCI PCI platform driver
[    1.854501] ehci-platform: EHCI generic platform driver
[    1.860126] ehci-platform ee0a0100.usb: EHCI Host Controller
[    1.865809] ehci-platform ee0a0100.usb: new USB bus registered, assigned bus number 1
[    1.873730] ehci-platform ee0a0100.usb: irq 175, io mem 0xee0a0100
[    1.893910] ehci-platform ee0a0100.usb: USB 2.0 started, EHCI 1.10
[    1.900438] hub 1-0:1.0: USB hub found
[    1.904208] hub 1-0:1.0: 1 port detected
[    1.908621] ehci-platform ee0c0100.usb: EHCI Host Controller
[    1.914295] ehci-platform ee0c0100.usb: new USB bus registered, assigned bus number 2
[    1.922194] ehci-platform ee0c0100.usb: irq 176, io mem 0xee0c0100
[    1.941913] ehci-platform ee0c0100.usb: USB 2.0 started, EHCI 1.10
[    1.948468] hub 2-0:1.0: USB hub found
[    1.952238] hub 2-0:1.0: 1 port detected
[    1.981918] ehci-platform ee0e0100.usb: EHCI Host Controller
[    1.987594] ehci-platform ee0e0100.usb: new USB bus registered, assigned bus number 3
[    1.995509] ehci-platform ee0e0100.usb: irq 177, io mem 0xee0e0100
[    2.013911] ehci-platform ee0e0100.usb: USB 2.0 started, EHCI 1.10
[    2.020379] hub 3-0:1.0: USB hub found
[    2.024148] hub 3-0:1.0: 1 port detected
[    2.028538] ehci-orion: EHCI orion driver
[    2.032814] ehci-exynos: EHCI Exynos driver
[    2.037115] ohci_hcd: USB 1.1 'Open' Host Controller (OHCI) Driver
[    2.043328] ohci-pci: OHCI PCI platform driver
[    2.047812] ohci-platform: OHCI generic platform driver
[    2.053348] ohci-platform ee0a0000.usb: Generic Platform OHCI controller
[    2.060072] ohci-platform ee0a0000.usb: new USB bus registered, assigned bus number 4
[    2.067952] ohci-platform ee0a0000.usb: irq 175, io mem 0xee0a0000
[    2.149922] ata1: link resume succeeded after 1 retries
[    2.164218] hub 4-0:1.0: USB hub found
[    2.167992] hub 4-0:1.0: 1 port detected
[    2.172342] ohci-platform ee0c0000.usb: Generic Platform OHCI controller
[    2.179057] ohci-platform ee0c0000.usb: new USB bus registered, assigned bus number 5
[    2.186944] ohci-platform ee0c0000.usb: irq 176, io mem 0xee0c0000
[    2.261435] ata1: SATA link down (SStatus 0 SControl 300)
[    2.280184] hub 5-0:1.0: USB hub found
[    2.283955] hub 5-0:1.0: 1 port detected
[    2.288275] ohci-platform ee0e0000.usb: Generic Platform OHCI controller
[    2.294988] ohci-platform ee0e0000.usb: new USB bus registered, assigned bus number 6
[    2.302856] ohci-platform ee0e0000.usb: irq 177, io mem 0xee0e0000
[    2.396185] hub 6-0:1.0: USB hub found
[    2.399952] hub 6-0:1.0: 1 port detected
[    2.404289] ohci-exynos: OHCI Exynos driver
[    2.409146] xhci-hcd ee000000.usb: xHCI Host Controller
[    2.414387] xhci-hcd ee000000.usb: new USB bus registered, assigned bus number 7
[    2.437644] xhci-hcd ee000000.usb: hcc params 0x014051ce hci version 0x100 quirks 0x0000000000830410
[    2.446811] xhci-hcd ee000000.usb: irq 172, io mem 0xee000000
[    2.452673] xhci-hcd ee000000.usb: xHCI Host Controller
[    2.457909] xhci-hcd ee000000.usb: new USB bus registered, assigned bus number 8
[    2.465312] xhci-hcd ee000000.usb: Host supports USB 3.0 SuperSpeed
[    2.471871] hub 7-0:1.0: USB hub found
[    2.475641] hub 7-0:1.0: 1 port detected
[    2.479731] usb usb8: We don't know the algorithms for LPM for this host, disabling LPM.
[    2.488083] hub 8-0:1.0: USB hub found
[    2.491857] hub 8-0:1.0: 1 port detected
[    2.496659] usbcore: registered new interface driver usb-storage
[    2.504329] renesas_usbhs e6590000.usb: host probed
[    2.509221] renesas_usbhs e6590000.usb: no transceiver found
[    2.514946] renesas_usbhs e6590000.usb: gadget probed
[    2.520164] renesas_usbhs e6590000.usb: probed
[    2.525060] renesas_usbhs e659c000.usb: host probed
[    2.529951] renesas_usbhs e659c000.usb: no transceiver found
[    2.535665] renesas_usbhs e659c000.usb: gadget probed
[    2.540872] renesas_usbhs e659c000.usb: probed
[    2.547800] i2c /dev entries driver
[    2.562353] cs2000-cp 2-004f: revision - C1
[    2.566597] i2c-rcar e6510000.i2c: probed
[    2.571418] pca953x 4-0020: supply vcc not found, using dummy regulator
[    2.578113] pca953x 4-0020: using no AI
[    2.582752] gpio-355 (PCIE/SATA switch): hogged as output/low
[    2.595016] i2c-rcar e66d8000.i2c: probed
[    2.600330] adv748x 4-0070: Endpoint /soc/i2c@e66d8000/video-receiver@70/port@7/endpoint on port 7
[    2.609311] adv748x 4-0070: Endpoint /soc/i2c@e66d8000/video-receiver@70/port@8/endpoint on port 8
[    2.618282] adv748x 4-0070: Endpoint /soc/i2c@e66d8000/video-receiver@70/port@a/endpoint on port 10
[    2.627346] adv748x 4-0070: Endpoint /soc/i2c@e66d8000/video-receiver@70/port@b/endpoint on port 11
[    2.636738] adv748x 4-0070: chip found @ 0xe0 revision 2143
[    2.681922] usb 3-1: new high-speed USB device number 2 using ehci-platform
[    2.697278] rcar-csi2 fea80000.csi2: 1 lanes found
[    2.702413] rcar-csi2 feaa0000.csi2: 4 lanes found
[    2.712043] rcar-vin e6ef0000.video: Device registered as video0
[    2.718127] rcar-vin e6ef1000.video: Device registered as video1
[    2.724206] rcar-vin e6ef2000.video: Device registered as video2
[    2.730284] rcar-vin e6ef3000.video: Device registered as video3
[    2.736366] rcar-vin e6ef4000.video: Device registered as video4
[    2.742441] rcar-vin e6ef5000.video: Device registered as video5
[    2.748523] rcar-vin e6ef6000.video: Device registered as video6
[    2.754610] rcar-vin e6ef7000.video: Device registered as video7
[    2.763356] rcar_gen3_thermal e6198000.thermal: is using pseudo fixed FUSE values
[    2.775538] rcar_gen3_thermal e6198000.thermal: TSC0: Loaded 1 trip points
[    2.786819] rcar_gen3_thermal e6198000.thermal: TSC1: Loaded 1 trip points
[    2.798001] rcar_gen3_thermal e6198000.thermal: TSC2: Loaded 3 trip points
[    2.810039] sdhci: Secure Digital Host Controller Interface driver
[    2.816247] sdhci: Copyright(c) Pierre Ossman
[    2.821485] Synopsys Designware Multimedia Card Interface Driver
[    2.821850] renesas_sdhi_internal_dmac ee100000.mmc: Got CD GPIO
[    2.822085] renesas_sdhi_internal_dmac ee140000.mmc: Adding to iommu group 0
[    2.822127] renesas_sdhi_internal_dmac ee140000.mmc: Using IPMMU context 1
[    2.822217] renesas_sdhi_internal_dmac ee160000.mmc: Got CD GPIO
[    2.822245] renesas_sdhi_internal_dmac ee160000.mmc: Got WP GPIO
[    2.828820] sdhci-pltfm: SDHCI platform and OF driver helper
[    2.833528] renesas_sdhi_internal_dmac ee100000.mmc: Got WP GPIO
[    2.847958] usb-storage 3-1:1.0: USB Mass Storage device detected
[    2.854243] ledtrig-cpu: registered to indicate activity on CPUs
[    2.859782] scsi host1: usb-storage 3-1:1.0
[    2.866153] SMCCC: SOC_ID: ARCH_SOC_ID not implemented, skipping ....
[    2.870792] renesas_sdhi_internal_dmac ee140000.mmc: mmc0 base at 0x00000000ee140000, max clock rate 200 MHz
[    2.904307] usbcore: registered new interface driver usbhid
[    2.909887] usbhid: USB HID core driver
[    2.917511] optee: probing for conduit method.
[    2.921979] optee: revision 3.22 (314ecf9d)
[    2.922507] optee driver R-Car Rev.1.0.11
[    2.931053] optee: dynamic shared memory is enabled
[    2.936203] optee: initialized driver
[    2.941923] mmc0: new HS400 MMC card at address 0001
[    2.947821] mmcblk0: mmc0:0001 BGSD3R 29.1 GiB 
[    2.952722] mmcblk0boot0: mmc0:0001 BGSD3R partition 1 16.0 MiB
[    2.953406] rcar_sound ec500000.sound: probed
[    2.958985] mmcblk0boot1: mmc0:0001 BGSD3R partition 2 16.0 MiB
[    2.963610] NET: Registered protocol family 17
[    2.969080] mmcblk0rpmb: mmc0:0001 BGSD3R partition 3 4.00 MiB, chardev (509:0)
[    2.973531] 9pnet: Installing 9P2000 support
[    2.982604]  mmcblk0: p1
[    2.985063] Key type dns_resolver registered
[    2.992217] registered taskstats version 1
[    2.996331] Loading compiled-in X.509 certificates
[    3.011028] thermal emergency: set temperature to 110 celsius
[    3.016970] thermal emergency: shutdown target cpus 1-7
[    3.022196] thermal emergency: freq scaled target cpus 0
[    3.027846] renesas_irqc e61c0000.interrupt-controller: driving 6 irqs
[    3.081930] ehci-platform ee080100.usb: EHCI Host Controller
[    3.087625] ehci-platform ee080100.usb: new USB bus registered, assigned bus number 9
[    3.095514] ehci-platform ee080100.usb: irq 174, io mem 0xee080100
[    3.113916] ehci-platform ee080100.usb: USB 2.0 started, EHCI 1.10
[    3.120447] hub 9-0:1.0: USB hub found
[    3.124218] hub 9-0:1.0: 1 port detected
[    3.129203] ohci-platform ee080000.usb: Generic Platform OHCI controller
[    3.135925] ohci-platform ee080000.usb: new USB bus registered, assigned bus number 10
[    3.143899] ohci-platform ee080000.usb: irq 174, io mem 0xee080000
[    3.240408] hub 10-0:1.0: USB hub found
[    3.244266] hub 10-0:1.0: 1 port detected
[    3.249475] cpu cpu0: EM: created perf domain
[    3.254382] cpu cpu4: EM: created perf domain
[    3.264403] renesas_sdhi_internal_dmac ee100000.mmc: Got CD GPIO
[    3.264430] renesas_sdhi_internal_dmac ee160000.mmc: Got CD GPIO
[    3.266910] [drm] Initialized rcar-du 1.0.0 20130110 for feb00000.display on minor 0
[    3.266913] [drm] Device feb00000.display probed
[    3.270479] renesas_sdhi_internal_dmac ee100000.mmc: Got WP GPIO
[    3.276540] renesas_sdhi_internal_dmac ee160000.mmc: Got WP GPIO
[    3.332808] renesas_sdhi_internal_dmac ee100000.mmc: mmc1 base at 0x00000000ee100000, max clock rate 200 MHz
[    3.340602] Console: switching to colour frame buffer device 128x48
[    3.346552] renesas_sdhi_internal_dmac ee160000.mmc: mmc2 base at 0x00000000ee160000, max clock rate 200 MHz
[    3.381510] rcar-du feb00000.display: [drm] fb0: rcar-dudrmfb frame buffer device
[    3.393863] input: keys as /devices/platform/keys/input/input0
[    3.474680] Micrel KSZ9031 Gigabit PHY e6800000.ethernet-ffffffff:00: attached PHY driver [Micrel KSZ9031 Gigabit PHY] (mii_bus:phy_addr=e6800000.ethernet-ffffffff:00, irq=183)
[    3.903197] scsi 1:0:0:0: Direct-Access     SanDisk  Ultra            1.00 PQ: 0 ANSI: 6
[    3.913220] sd 1:0:0:0: [sda] 121307136 512-byte logical blocks: (62.1 GB/57.8 GiB)
[    3.922346] sd 1:0:0:0: [sda] Write Protect is off
[    3.928473] sd 1:0:0:0: [sda] Write cache: disabled, read cache: enabled, doesn't support DPO or FUA
[    3.950387]  sda: sda1
[    3.957542] sd 1:0:0:0: [sda] Attached SCSI removable disk
[   10.024668] ravb e6800000.ethernet eth0: Link is Up - 1Gbps/Full - flow control off
[   10.049940] IP-Config: Guessing netmask 255.255.255.0
[   10.055096] IP-Config: Complete:
[   10.058405]      device=eth0, hwaddr=2e:09:0a:00:c3:9a, ipaddr=192.168.10.167, mask=255.255.255.0, gw=255.255.255.255
[   10.069214]      host=192.168.10.167, domain=, nis-domain=(none)
[   10.075347]      bootserver=255.255.255.255, rootserver=192.168.10.99, rootpath=
[   10.076001] ALSA device list:
[   10.093625]   No soundcards found.
[   11.157678] VFS: Mounted root (nfs4 filesystem) on device 0:22.
[   11.168674] devtmpfs: mounted
[   11.177681] Freeing unused kernel memory: 6144K
[   11.206047] Run /sbin/init as init process
[   11.388971] systemd[1]: System time before build time, advancing clock.
[   11.812552] NET: Registered protocol family 10
[   11.821758] Segment Routing with IPv6
[   11.849010] systemd[1]: Configuration file /etc/systemd/system.conf is marked executable. Please remove executable permission bits. Proceeding anyway.
[   11.876024] systemd[1]: Configuration file /lib/systemd/system.conf.d/00-systemd-conf.conf is marked executable. Please remove executable permission bits. Proceeding anyway.
[   11.903449] systemd[1]: systemd 244 running in system mode. (+PAM -AUDIT -SELINUX +IMA -APPARMOR -SMACK +SYSVINIT +UTMP -LIBCRYPTSETUP -GCRYPT -GNUTLS +ACL +XZ -LZ4 -SECCOMP +BLKID -ELFUTILS +KMOD -IDN2 -IDN -PCRE2 default-hierarchy=hybrid)
[   11.932002] systemd[1]: Detected architecture arm64.

Welcome to [1mPoky (Yocto Project Reference Distro) 3.1.11 (dunfell)[0m!

[   11.968031] systemd[1]: Set hostname to <salvator-x>.
[   12.137965] random: crng init done
[   12.187472] systemd[1]: Configuration file /lib/systemd/system/local-fs.target is marked executable. Please remove executable permission bits. Proceeding anyway.
[   12.228593] systemd[1]: Configuration file /lib/systemd/system/swap.target is marked executable. Please remove executable permission bits. Proceeding anyway.
[   12.256888] systemd[1]: Configuration file /lib/systemd/system/umount.target is marked executable. Please remove executable permission bits. Proceeding anyway.
[   12.283428] systemd[1]: Configuration file /lib/systemd/system/systemd-journald.socket is marked executable. Please remove executable permission bits. Proceeding anyway.
[   12.312762] systemd[1]: Configuration file /lib/systemd/system/systemd-journald.service is marked executable. Please remove executable permission bits. Proceeding anyway.
[   12.337224] systemd[1]: Configuration file /lib/systemd/system/sysinit.target is marked executable. Please remove executable permission bits. Proceeding anyway.
[   12.380324] systemd[1]: Configuration file /lib/systemd/system/systemd-update-utmp.service is marked executable. Please remove executable permission bits. Proceeding anyway.
[   12.402924] systemd[1]: Configuration file /lib/systemd/system/systemd-update-done.service is marked executable. Please remove executable permission bits. Proceeding anyway.
[   12.424777] systemd[1]: Configuration file /lib/systemd/system/systemd-udevd.service is marked executable. Please remove executable permission bits. Proceeding anyway.
[   12.446239] systemd[1]: Configuration file /lib/systemd/system/systemd-udevd-kernel.socket is marked executable. Please remove executable permission bits. Proceeding anyway.
[   12.467084] systemd[1]: Configuration file /lib/systemd/system/systemd-udevd-control.socket is marked executable. Please remove executable permission bits. Proceeding anyway.
[   12.488311] systemd[1]: Configuration file /lib/systemd/system/systemd-udev-trigger.service is marked executable. Please remove executable permission bits. Proceeding anyway.
[   12.509578] systemd[1]: Configuration file /lib/systemd/system/systemd-tmpfiles-setup.service is marked executable. Please remove executable permission bits. Proceeding anyway.
[   12.531053] systemd[1]: Configuration file /lib/systemd/system/systemd-tmpfiles-setup-dev.service is marked executable. Please remove executable permission bits. Proceeding anyway.
[   12.553092] systemd[1]: Configuration file /lib/systemd/system/systemd-timesyncd.service is marked executable. Please remove executable permission bits. Proceeding anyway.
[   12.574697] systemd[1]: Configuration file /lib/systemd/system/time-sync.target is marked executable. Please remove executable permission bits. Proceeding anyway.
[   12.594914] systemd[1]: Configuration file /lib/systemd/system/time-set.target is marked executable. Please remove executable permission bits. Proceeding anyway.
[   12.615010] systemd[1]: Configuration file /lib/systemd/system/systemd-sysusers.service is marked executable. Please remove executable permission bits. Proceeding anyway.
[   12.636180] systemd[1]: Configuration file /lib/systemd/system/systemd-sysctl.service is marked executable. Please remove executable permission bits. Proceeding anyway.
[   12.656867] systemd[1]: Configuration file /lib/systemd/system/systemd-random-seed.service is marked executable. Please remove executable permission bits. Proceeding anyway.
[   12.680880] systemd[1]: Configuration file /lib/systemd/system/systemd-modules-load.service is marked executable. Please remove executable permission bits. Proceeding anyway.
[   12.702339] systemd[1]: Configuration file /lib/systemd/system/systemd-machine-id-commit.service is marked executable. Please remove executable permission bits. Proceeding anyway.
[   12.724507] systemd[1]: Configuration file /lib/systemd/system/systemd-journal-flush.service is marked executable. Please remove executable permission bits. Proceeding anyway.
[   12.746174] systemd[1]: Configuration file /lib/systemd/system/systemd-journal-catalog-update.service is marked executable. Please remove executable permission bits. Proceeding anyway.
[   12.768910] systemd[1]: Configuration file /lib/systemd/system/systemd-hwdb-update.service is marked executable. Please remove executable permission bits. Proceeding anyway.
[   12.790177] systemd[1]: Configuration file /lib/systemd/system/systemd-ask-password-console.path is marked executable. Please remove executable permission bits. Proceeding anyway.
[   12.812619] systemd[1]: Configuration file /lib/systemd/system/systemd-ask-password-console.service is marked executable. Please remove executable permission bits. Proceeding anyway.
[   12.835185] systemd[1]: Configuration file /lib/systemd/system/systemd-vconsole-setup.service is marked executable. Please remove executable permission bits. Proceeding anyway.
[   12.856892] systemd[1]: Configuration file /lib/systemd/system/initrd-switch-root.target is marked executable. Please remove executable permission bits. Proceeding anyway.
[   12.878135] systemd[1]: Configuration file /lib/systemd/system/initrd-cleanup.service is marked executable. Please remove executable permission bits. Proceeding anyway.
[   12.899104] systemd[1]: Configuration file /lib/systemd/system/initrd.target is marked executable. Please remove executable permission bits. Proceeding anyway.
[   12.919114] systemd[1]: Configuration file /lib/systemd/system/rescue.target is marked executable. Please remove executable permission bits. Proceeding anyway.
[   12.947472] systemd[1]: Configuration file /lib/systemd/system/remote-fs.target is marked executable. Please remove executable permission bits. Proceeding anyway.
[   12.967676] systemd[1]: Configuration file /lib/systemd/system/remote-fs-pre.target is marked executable. Please remove executable permission bits. Proceeding anyway.
[   12.988343] systemd[1]: Configuration file /lib/systemd/system/graphical.target is marked executable. Please remove executable permission bits. Proceeding anyway.
[   13.013415] systemd[1]: Configuration file /lib/systemd/system/multi-user.target is marked executable. Please remove executable permission bits. Proceeding anyway.
[   13.048963] systemd[1]: Configuration file /lib/systemd/system/xinetd.service is marked executable. Please remove executable permission bits. Proceeding anyway.
[   13.068785] systemd[1]: Configuration file /lib/systemd/system/network.target is marked executable. Please remove executable permission bits. Proceeding anyway.
[   13.088641] systemd[1]: Configuration file /lib/systemd/system/network-pre.target is marked executable. Please remove executable permission bits. Proceeding anyway.
[   13.108827] systemd[1]: Configuration file /lib/systemd/system/systemd-user-sessions.service is marked executable. Please remove executable permission bits. Proceeding anyway.
[   13.130352] systemd[1]: Configuration file /lib/systemd/system/nss-user-lookup.target is marked executable. Please remove executable permission bits. Proceeding anyway.
[   13.151045] systemd[1]: Configuration file /lib/systemd/system/systemd-resolved.service is marked executable. Please remove executable permission bits. Proceeding anyway.
[   13.172646] systemd[1]: Configuration file /lib/systemd/system/nss-lookup.target is marked executable. Please remove executable permission bits. Proceeding anyway.
[   13.192454] systemd[1]: Configuration file /lib/systemd/system/systemd-networkd.service is marked executable. Please remove executable permission bits. Proceeding anyway.
[   13.213895] systemd[1]: Configuration file /lib/systemd/system/systemd-logind.service is marked executable. Please remove executable permission bits. Proceeding anyway.
[   13.235858] systemd[1]: Configuration file /lib/systemd/system/dbus.socket is marked executable. Please remove executable permission bits. Proceeding anyway.
[   13.255614] systemd[1]: Configuration file /lib/systemd/system/user.slice is marked executable. Please remove executable permission bits. Proceeding anyway.
[   13.275041] systemd[1]: Configuration file /lib/systemd/system/slices.target is marked executable. Please remove executable permission bits. Proceeding anyway.
[   13.294978] systemd[1]: Configuration file /lib/systemd/system/systemd-ask-password-wall.path is marked executable. Please remove executable permission bits. Proceeding anyway.
[   13.316834] systemd[1]: Configuration file /lib/systemd/system/systemd-ask-password-wall.service is marked executable. Please remove executable permission bits. Proceeding anyway.
[   13.338766] systemd[1]: Configuration file /lib/systemd/system/rpcbind.service is marked executable. Please remove executable permission bits. Proceeding anyway.
[   13.358736] systemd[1]: Configuration file /lib/systemd/system/rpcbind.target is marked executable. Please remove executable permission bits. Proceeding anyway.
[   13.378715] systemd[1]: Configuration file /lib/systemd/system/rpcbind.socket is marked executable. Please remove executable permission bits. Proceeding anyway.
[   13.398719] systemd[1]: Configuration file /lib/systemd/system/rc.pvr.service is marked executable. Please remove executable permission bits. Proceeding anyway.
[   13.418505] systemd[1]: Configuration file /lib/systemd/system/optee.service is marked executable. Please remove executable permission bits. Proceeding anyway.
[   13.438035] systemd[1]: Configuration file /lib/systemd/system/getty.target is marked executable. Please remove executable permission bits. Proceeding anyway.
[   13.460577] systemd[1]: Configuration file /lib/systemd/system/serial-getty@.service is marked executable. Please remove executable permission bits. Proceeding anyway.
[   13.482466] systemd[1]: Configuration file /lib/systemd/system/rc-local.service is marked executable. Please remove executable permission bits. Proceeding anyway.
[   13.502842] systemd[1]: Configuration file /lib/systemd/system/getty-pre.target is marked executable. Please remove executable permission bits. Proceeding anyway.
[   13.523376] systemd[1]: Configuration file /lib/systemd/system/getty@.service is marked executable. Please remove executable permission bits. Proceeding anyway.
[   13.544174] systemd[1]: Configuration file /lib/systemd/system/dbus.service is marked executable. Please remove executable permission bits. Proceeding anyway.
[   13.563938] systemd[1]: Configuration file /lib/systemd/system/avahi-daemon.service is marked executable. Please remove executable permission bits. Proceeding anyway.
[   13.584771] systemd[1]: Configuration file /lib/systemd/system/avahi-daemon.socket is marked executable. Please remove executable permission bits. Proceeding anyway.
[   13.606388] systemd[1]: Configuration file /lib/systemd/system/systemd-update-utmp-runlevel.service is marked executable. Please remove executable permission bits. Proceeding anyway.
[   13.628829] systemd[1]: Configuration file /lib/systemd/system/rescue.service is marked executable. Please remove executable permission bits. Proceeding anyway.
[   13.648399] systemd[1]: Configuration file /lib/systemd/system/initrd-parse-etc.service is marked executable. Please remove executable permission bits. Proceeding anyway.
[   13.669509] systemd[1]: Configuration file /lib/systemd/system/initrd-root-device.target is marked executable. Please remove executable permission bits. Proceeding anyway.
[   13.690785] systemd[1]: Configuration file /lib/systemd/system/basic.target is marked executable. Please remove executable permission bits. Proceeding anyway.
[   13.710452] systemd[1]: Configuration file /lib/systemd/system/timers.target is marked executable. Please remove executable permission bits. Proceeding anyway.
[   13.732413] systemd[1]: Configuration file /lib/systemd/system/systemd-tmpfiles-clean.timer is marked executable. Please remove executable permission bits. Proceeding anyway.
[   13.753751] systemd[1]: Configuration file /lib/systemd/system/systemd-tmpfiles-clean.service is marked executable. Please remove executable permission bits. Proceeding anyway.
[   13.775257] systemd[1]: Configuration file /lib/systemd/system/initrd-fs.target is marked executable. Please remove executable permission bits. Proceeding anyway.
[   13.795393] systemd[1]: Configuration file /lib/systemd/system/initrd-root-fs.target is marked executable. Please remove executable permission bits. Proceeding anyway.
[   13.816119] systemd[1]: Configuration file /lib/systemd/system/initrd-udevadm-cleanup-db.service is marked executable. Please remove executable permission bits. Proceeding anyway.
[   13.838357] systemd[1]: Configuration file /lib/systemd/system/systemd-udev-settle.service is marked executable. Please remove executable permission bits. Proceeding anyway.
[   13.859763] systemd[1]: Configuration file /lib/systemd/system/initrd-switch-root.service is marked executable. Please remove executable permission bits. Proceeding anyway.
[   13.880642] systemd[1]: Configuration file /lib/systemd/system/paths.target is marked executable. Please remove executable permission bits. Proceeding anyway.
[   13.900071] systemd[1]: Configuration file /lib/systemd/system/sys-kernel-debug.mount is marked executable. Please remove executable permission bits. Proceeding anyway.
[   13.920884] systemd[1]: Configuration file /lib/systemd/system/sys-kernel-config.mount is marked executable. Please remove executable permission bits. Proceeding anyway.
[   13.942002] systemd[1]: Configuration file /lib/systemd/system/sys-fs-fuse-connections.mount is marked executable. Please remove executable permission bits. Proceeding anyway.
[   13.963573] systemd[1]: Configuration file /lib/systemd/system/psplash-systemd.service is marked executable. Please remove executable permission bits. Proceeding anyway.
[   13.984300] systemd[1]: Configuration file /lib/systemd/system/psplash-start.service is marked executable. Please remove executable permission bits. Proceeding anyway.
[   14.004738] systemd[1]: Configuration file /lib/systemd/system/ldconfig.service is marked executable. Please remove executable permission bits. Proceeding anyway.
[   14.024711] systemd[1]: Configuration file /lib/systemd/system/kmod-static-nodes.service is marked executable. Please remove executable permission bits. Proceeding anyway.
[   14.045123] systemd[1]: Configuration file /lib/systemd/system/dev-mqueue.mount is marked executable. Please remove executable permission bits. Proceeding anyway.
[   14.064988] systemd[1]: Configuration file /lib/systemd/system/dev-hugepages.mount is marked executable. Please remove executable permission bits. Proceeding anyway.
[   14.085301] systemd[1]: Configuration file /lib/systemd/system/emergency.service is marked executable. Please remove executable permission bits. Proceeding anyway.
[   14.105526] systemd[1]: Configuration file /lib/systemd/system/syslog.socket is marked executable. Please remove executable permission bits. Proceeding anyway.
[   14.125489] systemd[1]: Configuration file /lib/systemd/system/systemd-journald-audit.socket is marked executable. Please remove executable permission bits. Proceeding anyway.
[   14.147160] systemd[1]: Configuration file /lib/systemd/system/systemd-journald-dev-log.socket is marked executable. Please remove executable permission bits. Proceeding anyway.
[   14.169359] systemd[1]: Configuration file /lib/systemd/system/sockets.target is marked executable. Please remove executable permission bits. Proceeding anyway.
[   14.200211] systemd[1]: Configuration file /lib/systemd/system/systemd-networkd.socket is marked executable. Please remove executable permission bits. Proceeding anyway.
[   14.220516] systemd[1]: Configuration file /lib/systemd/system/systemd-initctl.socket is marked executable. Please remove executable permission bits. Proceeding anyway.
[   14.241155] systemd[1]: Configuration file /lib/systemd/system/systemd-initctl.service is marked executable. Please remove executable permission bits. Proceeding anyway.
[   14.261156] systemd[1]: Configuration file /lib/systemd/system/dropbear.socket is marked executable. Please remove executable permission bits. Proceeding anyway.
[   14.280712] systemd[1]: Configuration file /lib/systemd/system/var-volatile-srv.service is marked executable. Please remove executable permission bits. Proceeding anyway.
[   14.301733] systemd[1]: Configuration file /lib/systemd/system/var-volatile-spool.service is marked executable. Please remove executable permission bits. Proceeding anyway.
[   14.322863] systemd[1]: Configuration file /lib/systemd/system/var-volatile-lib.service is marked executable. Please remove executable permission bits. Proceeding anyway.
[   14.343818] systemd[1]: Configuration file /lib/systemd/system/var-volatile-cache.service is marked executable. Please remove executable permission bits. Proceeding anyway.
[   14.364807] systemd[1]: Configuration file /lib/systemd/system/tmp.mount is marked executable. Please remove executable permission bits. Proceeding anyway.
[   14.384179] systemd[1]: Configuration file /lib/systemd/system/systemd-remount-fs.service is marked executable. Please remove executable permission bits. Proceeding anyway.
[   14.405497] systemd[1]: Configuration file /lib/systemd/system/systemd-fsck-root.service is marked executable. Please remove executable permission bits. Proceeding anyway.
[   14.426511] systemd[1]: Configuration file /lib/systemd/system/emergency.target is marked executable. Please remove executable permission bits. Proceeding anyway.
[   14.446439] systemd[1]: Configuration file /lib/systemd/system/local-fs-pre.target is marked executable. Please remove executable permission bits. Proceeding anyway.
[   14.466949] systemd[1]: Configuration file /lib/systemd/system/shutdown.target is marked executable. Please remove executable permission bits. Proceeding anyway.
[   14.488494] systemd[1]: system-getty.slice: unit configures an IP firewall, but the local system does not support BPF/cgroup firewalling.
[   14.503675] systemd[1]: (This warning is only shown for the first unit using IP firewalling.)
[   14.515479] systemd[1]: Created slice system-getty.slice.
[[0;32m  OK  [0m] Created slice [0;1;39msystem-getty.slice[0m.
[   14.538686] systemd[1]: Created slice system-serial\x2dgetty.slice.
[[0;32m  OK  [0m] Created slice [0;1;39msystem-serial\x2dgetty.slice[0m.
[   14.566587] systemd[1]: Created slice User and Session Slice.
[[0;32m  OK  [0m] Created slice [0;1;39mUser and Session Slice[0m.
[   14.590213] systemd[1]: Started Dispatch Password Requests to Console Directory Watch.
[[0;32m  OK  [0m] Started [0;1;39mDispatch Password …ts to Console Directory Watch[0m.
[   14.618150] systemd[1]: Started Forward Password Requests to Wall Directory Watch.
[[0;32m  OK  [0m] Started [0;1;39mForward Password R…uests to Wall Directory Watch[0m.
[   14.646058] systemd[1]: Reached target Paths.
[[0;32m  OK  [0m] Reached target [0;1;39mPaths[0m.
[   14.666008] systemd[1]: Reached target Remote File Systems.
[[0;32m  OK  [0m] Reached target [0;1;39mRemote File Systems[0m.
[   14.690177] systemd[1]: Reached target Slices.
[[0;32m  OK  [0m] Reached target [0;1;39mSlices[0m.
[   14.714089] systemd[1]: Reached target Swap.
[[0;32m  OK  [0m] Reached target [0;1;39mSwap[0m.
[   14.740748] systemd[1]: Listening on RPCbind Server Activation Socket.
[[0;32m  OK  [0m] Listening on [0;1;39mRPCbind Server Activation Socket[0m.
[   14.770100] systemd[1]: Reached target RPC Port Mapper.
[[0;32m  OK  [0m] Reached target [0;1;39mRPC Port Mapper[0m.
[   14.798376] systemd[1]: Listening on initctl Compatibility Named Pipe.
[[0;32m  OK  [0m] Listening on [0;1;39minitctl Compatibility Named Pipe[0m.
[   14.827961] systemd[1]: Listening on Journal Audit Socket.
[[0;32m  OK  [0m] Listening on [0;1;39mJournal Audit Socket[0m.
[   14.855686] systemd[1]: Listening on Journal Socket (/dev/log).
[[0;32m  OK  [0m] Listening on [0;1;39mJournal Socket (/dev/log)[0m.
[   14.882683] systemd[1]: Listening on Journal Socket.
[[0;32m  OK  [0m] Listening on [0;1;39mJournal Socket[0m.
[   14.907891] systemd[1]: Listening on Network Service Netlink Socket.
[[0;32m  OK  [0m] Listening on [0;1;39mNetwork Service Netlink Socket[0m.
[   14.936176] systemd[1]: Listening on udev Control Socket.
[[0;32m  OK  [0m] Listening on [0;1;39mudev Control Socket[0m.
[   14.962534] systemd[1]: Listening on udev Kernel Socket.
[[0;32m  OK  [0m] Listening on [0;1;39mudev Kernel Socket[0m.
[   14.995287] systemd[1]: Mounting Huge Pages File System...
         Mounting [0;1;39mHuge Pages File System[0m...
[   15.027356] systemd[1]: Mounting POSIX Message Queue File System...
         Mounting [0;1;39mPOSIX Message Queue File System[0m...
[   15.059165] systemd[1]: Mounting Kernel Debug File System...
         Mounting [0;1;39mKernel Debug File System[0m...
[   15.093756] systemd[1]: Mounting Temporary Directory (/tmp)...
         Mounting [0;1;39mTemporary Directory (/tmp)[0m...
[   15.124101] systemd[1]: Starting Create list of static device nodes for the current kernel...
         Starting [0;1;39mCreate list of st…odes for the current kernel[0m...
[   15.159135] systemd[1]: Starting Start psplash boot splash screen...
         Starting [0;1;39mStart psplash boot splash screen[0m...
[   15.194479] systemd[1]: Starting RPC Bind...
         Starting [0;1;39mRPC Bind[0m...
[   15.226542] systemd[1]: Condition check resulted in File System Check on Root Device being skipped.
[   15.239175] systemd[1]: Starting Journal Service...
         Starting [0;1;39mJournal Service[0m...
[   15.265537] systemd-journald[341]: Configuration file /etc/systemd/journald.conf is marked executable. Please remove executable permission bits. Proceeding anyway.
[   15.269721] systemd[1]: Starting Load Kernel Modules...
[   15.282331] systemd-journald[341]: Configuration file /lib/systemd/journald.conf.d/00-systemd-conf.conf is marked executable. Please remove executable permission bits. Proceeding anyway.
         Starting [0;1;39mLoad Kernel Modules[0m...
[   15.324743] systemd[1]: Starting Remount Root and Kernel File Systems...
         Starting [0;1;39mRemount Root and Kernel File Systems[0m...
[   15.350541] systemd[1]: Starting udev Coldplug all Devices...
         Starting [0;1;39mudev Coldplug all Devices[0m...
[   15.375498] systemd[1]: Started Start psplash boot splash screen.
[[0;32m  OK  [0m] Started [0;1;39mStart psplash boot splash screen[0m.
[   15.398734] systemd[1]: Started RPC Bind.
[[0;32m  OK  [0m] Started [0;1;39mRPC Bind[0m.
[   15.418604] systemd[1]: Started Journal Service.
[[0;32m  OK  [0m] Started [0;1;39mJournal Service[0m.
[[0;32m  OK  [0m] Mounted [0;1;39mHuge Pages File System[0m.
[[0;32m  OK  [0m] Mounted [0;1;39mPOSIX Message Queue File System[0m.
[[0;32m  OK  [0m] Mounted [0;1;39mKernel Debug File System[0m.
[[0;32m  OK  [0m] Mounted [0;1;39mTemporary Directory (/tmp)[0m.
[[0;32m  OK  [0m] Started [0;1;39mCreate list of sta… nodes for the current kernel[0m.
[[0;32m  OK  [0m] Started [0;1;39mLoad Kernel Modules[0m.
[[0;32m  OK  [0m] Started [0;1;39mRemount Root and Kernel File Systems[0m.
         Mounting [0;1;39mKernel Configuration File System[0m...
[[0;32m  OK  [0m] Started [0;1;39mStart psplash-syst…progress communication helper[0m.
         Starting [0;1;39mFlush Journal to Persistent Storage[0m...
         Starting [0;1;39mApply Kernel Variables[0m...
[   15.662671] systemd-journald[341]: Received client request to flush runtime journal.
         Starting [0;1;39mCreate Static Device Nodes in /dev[0m...
[[0;32m  OK  [0m] Mounted [0;1;39mKernel Configuration File System[0m.
[[0;32m  OK  [0m] Started [0;1;39mFlush Journal to Persistent Storage[0m.
[[0;32m  OK  [0m] Started [0;1;39mApply Kernel Variables[0m.
[[0;32m  OK  [0m] Started [0;1;39mCreate Static Device Nodes in /dev[0m.
[[0;32m  OK  [0m] Reached target [0;1;39mLocal File Systems (Pre)[0m.
         Mounting [0;1;39m/var/volatile[0m...
         Starting [0;1;39mudev Kernel Device Manager[0m...
[[0;32m  OK  [0m] Started [0;1;39mudev Coldplug all Devices[0m.
[[0;32m  OK  [0m] Mounted [0;1;39m/var/volatile[0m.
         Starting [0;1;39mLoad/Save Random Seed[0m...
[[0;32m  OK  [0m] Reached target [0;1;39mLocal File Systems[0m.
         Starting [0;1;39mCreate Volatile Files and Directories[0m...
[[0;32m  OK  [0m] Started [0;1;39mLoad/Save Random Seed[0m.
[[0;32m  OK  [0m] Started [0;1;39mudev Kernel Device Manager[0m.
         Starting [0;1;39mNetwork Service[0m...
[[0;32m  OK  [0m] Started [0;1;39mCreate Volatile Files and Directories[0m.
         Starting [0;1;39mNetwork Time Synchronization[0m...
         Starting [0;1;39mUpdate UTMP about System Boot/Shutdown[0m...
[[0;32m  OK  [0m] Started [0;1;39mNetwork Service[0m.
         Starting [0;1;39mNetwork Name Resolution[0m...
[[0;32m  OK  [0m] Started [0;1;39mUpdate UTMP about System Boot/Shutdown[0m.
[[0;32m  OK  [0m] Started [0;1;39mNetwork Time Synchronization[0m.
[[0;32m  OK  [0m] Reached target [0;1;39mSystem Initialization[0m.
[[0;32m  OK  [0m] Started [0;1;39mDaily Cleanup of Temporary Directories[0m.
[[0;32m  OK  [0m] Reached target [0;1;39mSystem Time Set[0m.
[   16.238243] pwm-backlight: probe of backlight failed with error -16
[[0;32m  OK  [0m] Reached target [0;1;39mSystem Time Synchronized[0m.
[[0;32m  OK  [0m] Reached target [0;1;39mTimers[0m.
[[0;32m  OK  [0m] Listening on [0;1;39mAvahi mDNS/DNS-SD Stack Activation Socket[0m.
[   16.303989] at24 7-0050: supply vcc not found, using dummy regulator
[[0;32m  OK  [0m] Listening on [0;1;39mD-Bus System Message Bus Socket[0m.
[   16.316354] at24 7-0050: 128 byte br24t01 EEPROM, writable, 8 bytes/write
[[0;32m  OK  [0m] Listening on [0;1;39mdropbear.socket[0m.
[[0;32m  OK  [0m] Reached target [0;1;39mSockets[0m.
[[0;32m  OK  [0m] Reached target [0;1;39mBasic System[0m.
[[0;32m  OK  [0m] Started [0;1;39mD-Bus System Message Bus[0m.
[   16.404522] ccree e6601000.crypto: ARM CryptoCell 630P Driver: HW version 0xAF400001/0xDCC63000, Driver version 5.0
[[0;32m  OK  [0m] Started [0;1;39moptee services[0m.
[   16.434228] renesas_usb3 ee020000.usb: probed with phy
[   16.438314] ccree e6601000.crypto: ARM ccree device initialized
         Starting [0;1;39mpvrinit.service[0m...
         Starting [0;1;39mPowerVR consumer services[0m...
         Starting [0;1;39mLogin Service[0m...
[[0;32m  OK  [0m] Started [0;1;39mNetwork Name Resolution[0m.
[[0;1;31mFAILED[0m] Failed to start [0;1;39mpvrinit.service[0m.
See 'systemctl status pvrinit.service' for details.
[[0;1;31mFAILED[0m] Failed to start [0;1;39mPowerVR consumer services[0m.
See 'systemctl status rc.pvr.service' for details.
[[0;1;38;5;185mDEPEND[0m] Dependency failed for [0;1;39mWeston Wayland Compositor[0m.
[[0;32m  OK  [0m] Started [0;1;39mLogin Service[0m.
[[0;32m  OK  [0m] Created slice [0;1;39msystem-weston.slice[0m.
[[0;32m  OK  [0m] Reached target [0;1;39mNetwork[0m.
[[0;32m  OK  [0m] Reached target [0;1;39mHost and Network Name Lookups[0m.
[[0;32m  OK  [0m] Reached target [0;1;39mHardware activated USB gadget[0m.
         Starting [0;1;39mAvahi mDNS/DNS-SD Stack[0m...
         Starting [0;1;39mset_default_governor.service[0m...
         Starting [0;1;39mPermit User Sessions[0m...
[[0;32m  OK  [0m] Started [0;1;39mXinetd A Powerful Replacement For Inetd[0m.
[   16.958424] rd 0-7: Disabling EAS, schedutil is mandatory
[[0;32m  OK  [0m] Started [0;1;39mPermit User Sessions[0m.
[[0;32m  OK  [0m] Started [0;1;39mAvahi mDNS/DNS-SD Stack[0m.
[[0;32m  OK  [0m] Started [0;1;39mGetty on tty1[0m.
[[0;32m  OK  [0m] Started [0;1;39mSerial Getty on ttySC0[0m.
[[0;32m  OK  [0m] Reached target [0;1;39mLogin Prompts[0m.
[[0;32m  OK  [0m] Started [0;1;39mset_default_governor.service[0m.
[[0;32m  OK  [0m] Reached target [0;1;39mMulti-User System[0m.
         Starting [0;1;39mUpdate UTMP about System Runlevel Changes[0m...
[[0;32m  OK  [0m] Started [0;1;39mUpdate UTMP about System Runlevel Changes[0m.

Poky (Yocto Project Reference Distro) 3.1.11 salvator-x ttySC0

salvator-x login: 
salvator-x login: root
[   19.027004] audit: type=1006 audit(1708653591.187:2): pid=524 uid=0 old-auid=4294967295 auid=0 tty=(none) old-ses=4294967295 ses=1 res=1
7[r[999;999H[6n8root@salvator-x:~# 
root@salvator-x:~# 
root@salvator-x:~# 
root@salvator-x:~# 
root@salvator-x:~# 
root@salvator-x:~# 
root@salvator-x:~# 
root@salvator-x:~# 
root@salvator-x:~# 
----------Prepare----------


root@salvator-x:~# find /sys/devices/platform/soc/ee0e0100.usb/ -name 'sd*'
/sys/devices/platform/soc/ee0e0100.usb/usb3/3-1/3-1:1.0/host1/target1:0:0/1:0:0:0/block/sda
/sys/devices/platform/soc/ee0e0100.usb/usb3/3-1/3-1:1.0/host1/target1:0:0/1:0:0:0/block/sda/sda1
root@salvator-x:~# 
root@salvator-x:~# dd if=/dev/urandom of=testdata bs=10M count=5
5+0 records in
5+0 records out
52428800 bytes (52 MB, 50 MiB) copied, 1.39868 s, 37.5 MB/s
root@salvator-x:~# 
root@salvator-x:~# mkdir -p /mnt/usb
root@salvator-x:~# 
root@salvator-x:~# mount /dev/sda1 /mnt/usb
[   31.383137] EXT4-fs (sda1): mounted filesystem with ordered data mode. Opts: (null)
root@salvator-x:~# 
root@salvator-x:~# cp testdata /mnt/usb/
root@salvator-x:~# 
root@salvator-x:~# umount /mnt/usb
root@salvator-x:~# 
root@salvator-x:~# i2cset -f -y 7 0x30 0x20 0x0f
root@salvator-x:~# 

Switch SW23 off and input 'yes' to continue:
[   41.950069] SDHI0 VccQ: disabling
[   41.953459] SDHI3 VccQ: disabling
Input 'yes' to continue: 

root@salvator-x:~# echo N > /sys/module/printk/parameters/console_suspend
root@salvator-x:~# 
root@salvator-x:~# echo mem > /sys/power/state
[   46.330040] PM: suspend entry (deep)
[   46.333824] Filesystems sync: 0.000 seconds
[   46.339807] Freezing user space processes ... (elapsed 0.001 seconds) done.
[   46.341378] OOM killer disabled.
[   46.341381] Freezing remaining freezable tasks ... (elapsed 0.001 seconds) done.
[   46.774170] ravb e6800000.ethernet eth0: Link is Down
[   46.793722] Disabling non-boot CPUs ...
[   46.798198] CPU1: shutdown
[   46.800918] psci: CPU1 killed (polled 0 ms)
[   46.807400] CPU2: shutdown
[   46.810127] psci: CPU2 killed (polled 0 ms)
[   46.816327] CPU3: shutdown
[   46.819064] psci: CPU3 killed (polled 0 ms)
[   46.825184] CPU4: shutdown
[   46.827922] psci: CPU4 killed (polled 0 ms)
[   46.834227] CPU5: shutdown
[   46.836943] psci: CPU5 killed (polled 0 ms)
[   46.843350] CPU6: shutdown
[   46.846078] psci: CPU6 killed (polled 0 ms)
[   46.852182] CPU7: shutdown
[   46.855095] psci: CPU7 killed (polled 0 ms)
 
 Switch power switch: 

NOTICE:  BL2: R-Car Gen3 Initial Program Loader(CA57) Rev.4.0.0
NOTICE:  BL2: PRR is R-Car H3 Ver.3.0
NOTICE:  BL2: Board is Salvator-XS Rev.1.0
NOTICE:  BL2: Boot device is HyperFlash(160MHz)
NOTICE:  BL2: LCM state is CM
NOTICE:  AVS setting succeeded. DVFS_SetVID=0x53
NOTICE:  BL2: DDR3200(rev.0.42)
NOTICE:  BL2: [WARM_BOOT]
NOTICE:  BL2: DRAM Split is 4ch(DDR f)
NOTICE:  BL2: QoS is default setting(rev.0.11)
NOTICE:  BL2: DRAM refresh interval 1.95 usec
NOTICE:  BL2: Periodic Write DQ Training
NOTICE:  BL2: CH0: 400000000 - 47fffffff, 2 GiB
NOTICE:  BL2: CH1: 500000000 - 57fffffff, 2 GiB
NOTICE:  BL2: CH2: 600000000 - 67fffffff, 2 GiB
NOTICE:  BL2: CH3: 700000000 - 77fffffff, 2 GiB
NOTICE:  BL2: Lossy Decomp areas
NOTICE:       Entry 0: DCMPAREACRAx:0x80000540 DCMPAREACRBx:0x570
NOTICE:       Entry 1: DCMPAREACRAx:0x40000000 DCMPAREACRBx:0x0
NOTICE:       Entry 2: DCMPAREACRAx:0x20000000 DCMPAREACRBx:0x0
NOTICE:  BL2: FDT at 0xe6327f70
NOTICE:  BL2: v2.9(release):9cdb21f75
NOTICE:  BL2: Built : 05:25:39, Dec 19 2023
NOTICE:  BL2: Normal boot
[   46.860287] Enabling non-boot CPUs ...
[   46.864330] Detected PIPT I-cache on CPU1
[   46.864384] CPU1: Booted secondary processor 0x0000000001 [0x411fd073]
[   46.864851] CPU1 is up
[   46.877896] Detected PIPT I-cache on CPU2
[   46.877918] CPU2: Booted secondary processor 0x0000000002 [0x411fd073]
[   46.878182] CPU2 is up
[   46.891195] Detected PIPT I-cache on CPU3
[   46.891218] CPU3: Booted secondary processor 0x0000000003 [0x411fd073]
[   46.891485] CPU3 is up
[   46.904544] Detected VIPT I-cache on CPU4
[   46.904596] CPU4: Booted secondary processor 0x0000000100 [0x410fd034]
[   46.905483] CPU4 is up
[   46.918494] Detected VIPT I-cache on CPU5
[   46.918528] CPU5: Booted secondary processor 0x0000000101 [0x410fd034]
[   46.919090] CPU5 is up
[   46.932096] Detected VIPT I-cache on CPU6
[   46.932128] CPU6: Booted secondary processor 0x0000000102 [0x410fd034]
[   46.932725] CPU6 is up
[   46.945730] Detected VIPT I-cache on CPU7
[   46.945763] CPU7: Booted secondary processor 0x0000000103 [0x410fd034]
[   46.946430] CPU7 is up
[   47.019053] xhci-hcd ee000000.usb: xHC error in resume, USBSTS 0x401, Reinit
[   47.026120] usb usb7: root hub lost power or was reset
[   47.031245] usb usb8: root hub lost power or was reset
[   47.088984] Micrel KSZ9031 Gigabit PHY e6800000.ethernet-ffffffff:00: attached PHY driver [Micrel KSZ9031 Gigabit PHY] (mii_bus:phy_addr=e6800000.ethernet-ffffffff:00, irq=183)
[   47.203907] usb usb4: root hub lost power or was reset
[   47.209196] usb usb1: root hub lost power or was reset
[   47.295971] usb usb5: root hub lost power or was reset
[   47.301150] usb usb2: root hub lost power or was reset
[   47.387973] usb usb6: root hub lost power or was reset
[   47.393153] usb usb3: root hub lost power or was reset
[   47.511993] usb usb10: root hub lost power or was reset
[   47.517348] usb usb9: root hub lost power or was reset
[   47.529900] ata1: link resume succeeded after 1 retries
[   47.641510] ata1: SATA link down (SStatus 0 SControl 300)
[   48.033882] usb 3-1: reset high-speed USB device number 2 using ehci-platform
[   48.204913] OOM killer enabled.
[   48.210444] Restarting tasks ... done.
root@salvator-x:~# [   48.218218] PM: suspend exit
[   53.911420] ravb e6800000.ethernet eth0: Link is Up - 1Gbps/Full - flow control off

root@salvator-x:~# echo "Wake up sucessfully"
Wake up sucessfully
root@salvator-x:~# 
root@salvator-x:~# find /sys/devices/platform/soc/ee0e0100.usb/ -name 'sd*'
/sys/devices/platform/soc/ee0e0100.usb/usb3/3-1/3-1:1.0/host1/target1:0:0/1:0:0:0/block/sda
/sys/devices/platform/soc/ee0e0100.usb/usb3/3-1/3-1:1.0/host1/target1:0:0/1:0:0:0/block/sda/sda1
root@salvator-x:~# 
root@salvator-x:~# mount /dev/sda1 /mnt/usb
[   62.171819] EXT4-fs (sda1): mounted filesystem with ordered data mode. Opts: (null)
root@salvator-x:~# 
root@salvator-x:~# cp testdata /mnt/usb/testdata_from_nfs
root@salvator-x:~# 
root@salvator-x:~# cp /mnt/usb/testdata_from_nfs testdata_from_usb
root@salvator-x:~# 
root@salvator-x:~# sync
root@salvator-x:~# 
root@salvator-x:~# cmp testdata testdata_from_usb
root@salvator-x:~# 
root@salvator-x:~# umount /mnt/usb
root@salvator-x:~# 
 
#### Result: OK ####
