

----------Item 7----------


Please press switch to restart board 

[F 00:00:120
[F 00:00:119
[F 00:00:118
[F 00:00:117
[F 00:00:116
[F 00:00:115
[F 00:00:114
[F 00:00:113
[F 00:00:112
[F 00:00:111
NOTICE:  BL2: R-Car Gen3 Initial Program Loader(CA57) Rev.4.0.0
NOTICE:  BL2: PRR is R-Car H3 Ver.3.0
NOTICE:  BL2: Board is Salvator-XS Rev.1.0
NOTICE:  BL2: Boot device is HyperFlash(160MHz)
NOTICE:  BL2: LCM state is CM
NOTICE:  AVS setting succeeded. DVFS_SetVID=0x53
NOTICE:  BL2: DDR3200(rev.0.42)
NOTICE:  BL2: [COLD_BOOT]
NOTICE:  BL2: DRAM Split is 4ch(DDR f)
NOTICE:  BL2: QoS is default setting(rev.0.11)
NOTICE:  BL2: DRAM refresh interval 1.95 usec
NOTICE:  BL2: Periodic Write DQ Training
NOTICE:  BL2: CH0: 400000000 - 47fffffff, 2 GiB
NOTICE:  BL2: CH1: 500000000 - 57fffffff, 2 GiB
NOTICE:  BL2: CH2: 600000000 - 67fffffff, 2 GiB
NOTICE:  BL2: CH3: 700000000 - 77fffffff, 2 GiB
NOTICE:  BL2: Lossy Decomp areas
NOTICE:       Entry 0: DCMPAREACRAx:0x80000540 DCMPAREACRBx:0x570
NOTICE:       Entry 1: DCMPAREACRAx:0x40000000 DCMPAREACRBx:0x0
NOTICE:       Entry 2: DCMPAREACRAx:0x20000000 DCMPAREACRBx:0x0
NOTICE:  BL2: FDT at 0xe6327f70
NOTICE:  BL2: v2.9(release):9cdb21f75
NOTICE:  BL2: Built : 05:25:39, Dec 19 2023
NOTICE:  BL2: Normal boot
NOTICE:  BL2: dst=0xe6327800 src=0x8180000 len=512(0x200)
NOTICE:  BL2: dst=0x43f00000 src=0x8180400 len=6144(0x1800)
NOTICE:  rcar_file_len: len: 0x0003e000
NOTICE:  BL2: dst=0x44000000 src=0x81c0000 len=253952(0x3e000)
NOTICE:  rcar_file_len: len: 0x00200000
NOTICE:  BL2: dst=0x44100000 src=0x8200000 len=2097152(0x200000)
NOTICE:  rcar_file_len: len: 0x00100000
NOTICE:  BL2: dst=0x50000000 src=0x8640000 len=1048576(0x100000)
NOTICE:  BL2: Booting BL31


U-Boot 2020.10 (Dec 19 2023 - 14:30:40 +0000)

CPU: Renesas Electronics R8A7795 rev 3.0
Model: Renesas Salvator-X 2nd version board based on r8a77951
DRAM:  7.9 GiB
RAM Configuration:
Bank #0: 0x048000000 - 0x0bfffffff, 1.9 GiB
Bank #1: 0x500000000 - 0x57fffffff, 2 GiB
Bank #2: 0x600000000 - 0x67fffffff, 2 GiB
Bank #3: 0x700000000 - 0x77fffffff, 2 GiB

MMC:   sd@ee100000: 0, sd@ee140000: 1, sd@ee160000: 2
Loading Environment from MMC... OK
In:    serial@e6e88000
Out:   serial@e6e88000
Err:   serial@e6e88000
Net:   eth0: ethernet@e6800000
Hit any key to stop autoboot:  2  1  0 
ethernet@e6800000 Waiting for PHY auto negotiation to complete................ done
Using ethernet@e6800000 device
TFTP from server 192.168.10.99; our IP address is 192.168.10.167
Filename 'traivo/H3/rootfs/boot_USB2H/Image'.
Load address: 0x48080000
Loading: *#################################################################
	 #################################################################
	 #################################################################
	 #################################################################
	 #################################################################
	 #################################################################
	 #################################################################
	 #################################################################
	 #################################################################
	 #################################################################
	 #################################################################
	 #################################################################
	 #################################################################
	 #################################################################
	 #################################################################
	 #################################################################
	 #################################################################
	 #################################################################
	 #################################################################
	 #################################################################
	 #################################################################
	 #################################################################
	 #################################################################
	 #################################################################
	 #################################################################
	 #################################################################
	 #################################################################
	 #################################################################
	 #################################################################
	 #################################################################
	 #################################################################
	 #################################################################
	 #################################################################
	 #################################################################
	 ################################################################
	 4.5 MiB/s
done
Bytes transferred = 33376768 (1fd4a00 hex)
Using ethernet@e6800000 device
TFTP from server 192.168.10.99; our IP address is 192.168.10.167
Filename 'traivo/H3/rootfs/boot_USB2H/r8a77951-salvator-xs.dtb'.
Load address: 0x48000000
Loading: *#######
	 7.9 MiB/s
done
Bytes transferred = 90876 (162fc hex)
Moving Image from 0x48080000 to 0x48200000, end=4a260000
## Flattened Device Tree blob at 48000000
   Booting using the fdt blob at 0x48000000
   Loading Device Tree to 0000000053fe6000, end 0000000053fff2fb ... OK

Starting kernel ...

[    0.000000] Booting Linux on physical CPU 0x0000000000 [0x411fd073]
[    0.000000] Linux version 5.10.194-yocto-standard (thuan.nguyen-hong@banvien) (aarch64-poky-linux-gcc (GCC) 9.3.0, GNU ld (GNU Binutils) 2.34.0.20200220) #10 SMP PREEMPT Mon Feb 19 03:51:05 UTC 2024
[    0.000000] Machine model: Renesas Salvator-X 2nd version board based on r8a77951
[    0.000000] efi: UEFI not found.
[    0.000000] Reserved memory: created CMA memory pool at 0x0000000057000000, size 16 MiB
[    0.000000] OF: reserved mem: initialized node linux,adsp@57000000, compatible id shared-dma-pool
[    0.000000] Reserved memory: created CMA memory pool at 0x0000000058000000, size 384 MiB
[    0.000000] OF: reserved mem: initialized node linux,cma@58000000, compatible id shared-dma-pool
[    0.000000] Reserved memory: created CMA memory pool at 0x0000000070000000, size 256 MiB
[    0.000000] OF: reserved mem: initialized node linux,multimedia@70000000, compatible id shared-dma-pool
[    0.000000] NUMA: No NUMA configuration found
[    0.000000] NUMA: Faking a node at [mem 0x0000000048000000-0x000000077fffffff]
[    0.000000] NUMA: NODE_DATA [mem 0x77efdab00-0x77efdcfff]
[    0.000000] Zone ranges:
[    0.000000]   DMA      [mem 0x0000000048000000-0x000000007fffffff]
[    0.000000]   DMA32    [mem 0x0000000080000000-0x00000000ffffffff]
[    0.000000]   Normal   [mem 0x0000000100000000-0x000000077fffffff]
[    0.000000] Movable zone start for each node
[    0.000000] Early memory node ranges
[    0.000000]   node   0: [mem 0x0000000048000000-0x0000000053ffffff]
[    0.000000]   node   0: [mem 0x0000000054000000-0x0000000056ffffff]
[    0.000000]   node   0: [mem 0x0000000057000000-0x00000000bfffffff]
[    0.000000]   node   0: [mem 0x0000000500000000-0x000000057fffffff]
[    0.000000]   node   0: [mem 0x0000000600000000-0x000000067fffffff]
[    0.000000]   node   0: [mem 0x0000000700000000-0x000000077fffffff]
[    0.000000] Initmem setup node 0 [mem 0x0000000048000000-0x000000077fffffff]
[    0.000000] psci: probing for conduit method from DT.
[    0.000000] psci: PSCIv1.1 detected in firmware.
[    0.000000] psci: Using standard PSCI v0.2 function IDs
[    0.000000] psci: Trusted OS resident on physical CPU 0x0
[    0.000000] psci: SMC Calling Convention v1.2
[    0.000000] percpu: Embedded 23 pages/cpu s56984 r8192 d29032 u94208
[    0.000000] Detected PIPT I-cache on CPU0
[    0.000000] CPU features: detected: EL2 vector hardening
[    0.000000] CPU features: detected: Spectre-v2
[    0.000000] CPU features: detected: ARM errata 1165522, 1319367, or 1530923
[    0.000000] CPU features: detected: Spectre-BHB
[    0.000000] CPU features: detected: ARM erratum 1742098
[    0.000000] Built 1 zonelists, mobility grouping on.  Total pages: 2032128
[    0.000000] Policy zone: Normal
[    0.000000] Kernel command line: rw root=/dev/nfs nfsroot=192.168.10.99:/data/tftpboot/traivo/H3/rootfs,nfsvers=4, ip=192.168.10.167
[    0.000000] Dentry cache hash table entries: 1048576 (order: 11, 8388608 bytes, linear)
[    0.000000] Inode-cache hash table entries: 524288 (order: 10, 4194304 bytes, linear)
[    0.000000] mem auto-init: stack:off, heap alloc:off, heap free:off
[    0.000000] software IO TLB: mapped [mem 0x000000004ffe6000-0x0000000053fe6000] (64MB)
[    0.000000] Memory: 7276840K/8257536K available (15232K kernel code, 2834K rwdata, 8240K rodata, 6144K init, 517K bss, 308952K reserved, 671744K cma-reserved)
[    0.000000] SLUB: HWalign=64, Order=0-3, MinObjects=0, CPUs=8, Nodes=1
[    0.000000] rcu: Preemptible hierarchical RCU implementation.
[    0.000000] rcu: 	RCU event tracing is enabled.
[    0.000000] rcu: 	RCU restricting CPUs from NR_CPUS=256 to nr_cpu_ids=8.
[    0.000000] 	Trampoline variant of Tasks RCU enabled.
[    0.000000] rcu: RCU calculated value of scheduler-enlistment delay is 25 jiffies.
[    0.000000] rcu: Adjusting geometry for rcu_fanout_leaf=16, nr_cpu_ids=8
[    0.000000] NR_IRQS: 64, nr_irqs: 64, preallocated irqs: 0
[    0.000000] arch_timer: cp15 timer(s) running at 8.32MHz (virt).
[    0.000000] clocksource: arch_sys_counter: mask: 0xffffffffffffff max_cycles: 0x1eb398c07, max_idle_ns: 440795202503 ns
[    0.000003] sched_clock: 56 bits at 8MHz, resolution 120ns, wraps every 2199023255503ns
[    0.000207] Console: colour dummy device 80x25
[    0.000415] printk: console [tty0] enabled
[    0.000489] Calibrating delay loop (skipped), value calculated using timer frequency.. 16.64 BogoMIPS (lpj=33280)
[    0.000505] pid_max: default: 32768 minimum: 301
[    0.000564] LSM: Security Framework initializing
[    0.000650] Mount-cache hash table entries: 16384 (order: 5, 131072 bytes, linear)
[    0.000700] Mountpoint-cache hash table entries: 16384 (order: 5, 131072 bytes, linear)
[    0.002137] rcu: Hierarchical SRCU implementation.
[    0.003719] Detected Renesas R-Car Gen3 r8a7795 ES3.0
[    0.005864] EFI services will not be available.
[    0.006202] smp: Bringing up secondary CPUs ...
[    0.006660] Detected PIPT I-cache on CPU1
[    0.006711] CPU1: Booted secondary processor 0x0000000001 [0x411fd073]
[    0.007195] Detected PIPT I-cache on CPU2
[    0.007220] CPU2: Booted secondary processor 0x0000000002 [0x411fd073]
[    0.007645] Detected PIPT I-cache on CPU3
[    0.007668] CPU3: Booted secondary processor 0x0000000003 [0x411fd073]
[    0.008098] CPU features: detected: ARM erratum 845719
[    0.008109] Detected VIPT I-cache on CPU4
[    0.008157] CPU4: Booted secondary processor 0x0000000100 [0x410fd034]
[    0.008643] Detected VIPT I-cache on CPU5
[    0.008669] CPU5: Booted secondary processor 0x0000000101 [0x410fd034]
[    0.009112] Detected VIPT I-cache on CPU6
[    0.009139] CPU6: Booted secondary processor 0x0000000102 [0x410fd034]
[    0.009577] Detected VIPT I-cache on CPU7
[    0.009605] CPU7: Booted secondary processor 0x0000000103 [0x410fd034]
[    0.009684] smp: Brought up 1 node, 8 CPUs
[    0.009746] SMP: Total of 8 processors activated.
[    0.009754] CPU features: detected: 32-bit EL0 Support
[    0.009761] CPU features: detected: CRC32 instructions
[    0.009768] CPU features: detected: 32-bit EL1 Support
[    0.022974] CPU: All CPU(s) started at EL1
[    0.023027] alternatives: patching kernel code
[    0.024198] devtmpfs: initialized
[    0.030975] KASLR disabled due to lack of seed
[    0.031125] clocksource: jiffies: mask: 0xffffffff max_cycles: 0xffffffff, max_idle_ns: 7645041785100000 ns
[    0.031144] futex hash table entries: 2048 (order: 5, 131072 bytes, linear)
[    0.039773] pinctrl core: initialized pinctrl subsystem
[    0.041269] DMI not present or invalid.
[    0.041763] NET: Registered protocol family 16
[    0.042718] DMA: preallocated 1024 KiB GFP_KERNEL pool for atomic allocations
[    0.042914] DMA: preallocated 1024 KiB GFP_KERNEL|GFP_DMA pool for atomic allocations
[    0.043202] DMA: preallocated 1024 KiB GFP_KERNEL|GFP_DMA32 pool for atomic allocations
[    0.043244] audit: initializing netlink subsys (disabled)
[    0.043423] audit: type=2000 audit(0.040:1): state=initialized audit_enabled=0 res=1
[    0.044563] thermal_sys: Registered thermal governor 'power_allocator'
[    0.045100] cpuidle: using governor menu
[    0.045270] hw-breakpoint: found 6 breakpoint and 4 watchpoint registers.
[    0.045394] ASID allocator initialised with 65536 entries
[    0.046684] Serial: AMBA PL011 UART driver
[    0.089531] sh-pfc e6060000.pinctrl: r8a77951_pfc support registered
[    0.104268] HugeTLB registered 1.00 GiB page size, pre-allocated 0 pages
[    0.104281] HugeTLB registered 32.0 MiB page size, pre-allocated 0 pages
[    0.104289] HugeTLB registered 2.00 MiB page size, pre-allocated 0 pages
[    0.104297] HugeTLB registered 64.0 KiB page size, pre-allocated 0 pages
[    0.105263] cryptd: max_cpu_qlen set to 1000
[    0.107531] ACPI: Interpreter disabled.
[    0.111355] rcar-avs: use avs value: 0
[    0.111371] rcar-avs: cpu@0 is running with: opp_table0
[    0.111382] rcar-avs: cpu@1 is running with: opp_table0
[    0.111392] rcar-avs: cpu@2 is running with: opp_table0
[    0.111400] rcar-avs: cpu@3 is running with: opp_table0
[    0.111488] rcar-avs: gsx@fd000000 is running with: gsx_opp_table0
[    0.112910] iommu: Default domain type: Translated 
[    0.113484] ipmmu-vmsa e67b0000.iommu: IPMMU context 0 is reserved
[    0.114461] vgaarb: loaded
[    0.114653] SCSI subsystem initialized
[    0.114908] usbcore: registered new interface driver usbfs
[    0.114938] usbcore: registered new interface driver hub
[    0.114964] usbcore: registered new device driver usb
[    0.118499] i2c-sh_mobile e60b0000.i2c: I2C adapter 7, bus speed 400000 Hz
[    0.119038] mc: Linux media interface: v0.10
[    0.119059] videodev: Linux video capture interface: v2.00
[    0.119105] pps_core: LinuxPPS API ver. 1 registered
[    0.119113] pps_core: Software ver. 5.3.6 - Copyright 2005-2007 Rodolfo Giometti <giometti@linux.it>
[    0.119126] PTP clock support registered
[    0.119297] EDAC MC: Ver: 3.0.0
[    0.121329] FPGA manager framework
[    0.121387] Advanced Linux Sound Architecture Driver Initialized.
[    0.121973] clocksource: Switched to clocksource arch_sys_counter
[    0.122110] VFS: Disk quotas dquot_6.6.0
[    0.122153] VFS: Dquot-cache hash table entries: 512 (order 0, 4096 bytes)
[    0.122281] pnp: PnP ACPI: disabled
[    0.125711] NET: Registered protocol family 2
[    0.126138] IP idents hash table entries: 131072 (order: 8, 1048576 bytes, linear)
[    0.128401] tcp_listen_portaddr_hash hash table entries: 4096 (order: 4, 65536 bytes, linear)
[    0.128475] TCP established hash table entries: 65536 (order: 7, 524288 bytes, linear)
[    0.128761] TCP bind hash table entries: 65536 (order: 8, 1048576 bytes, linear)
[    0.129347] TCP: Hash tables configured (established 65536 bind 65536)
[    0.129472] UDP hash table entries: 4096 (order: 5, 131072 bytes, linear)
[    0.129587] UDP-Lite hash table entries: 4096 (order: 5, 131072 bytes, linear)
[    0.129806] NET: Registered protocol family 1
[    0.130178] RPC: Registered named UNIX socket transport module.
[    0.130188] RPC: Registered udp transport module.
[    0.130194] RPC: Registered tcp transport module.
[    0.130199] RPC: Registered tcp NFSv4.1 backchannel transport module.
[    0.130212] PCI: CLS 0 bytes, default 64
[    0.131155] hw perfevents: enabled with armv8_cortex_a53 PMU driver, 7 counters available
[    0.131429] hw perfevents: enabled with armv8_cortex_a57 PMU driver, 7 counters available
[    0.132043] kvm [1]: HYP mode not available
[    0.134967] Initialise system trusted keyrings
[    0.135103] workingset: timestamp_bits=42 max_order=21 bucket_order=0
[    0.138201] squashfs: version 4.0 (2009/01/31) Phillip Lougher
[    0.138598] NFS: Registering the id_resolver key type
[    0.138623] Key type id_resolver registered
[    0.138629] Key type id_legacy registered
[    0.138683] nfs4filelayout_init: NFSv4 File Layout Driver Registering...
[    0.138693] nfs4flexfilelayout_init: NFSv4 Flexfile Layout Driver Registering...
[    0.138794] 9p: Installing v9fs 9p2000 file system support
[    0.164817] Key type asymmetric registered
[    0.164828] Asymmetric key parser 'x509' registered
[    0.164858] Block layer SCSI generic (bsg) driver version 0.4 loaded (major 243)
[    0.164868] io scheduler mq-deadline registered
[    0.164877] io scheduler kyber registered
[    0.180965] gpio_rcar e6050000.gpio: driving 16 GPIOs
[    0.181252] gpio_rcar e6051000.gpio: driving 29 GPIOs
[    0.181507] gpio_rcar e6052000.gpio: driving 15 GPIOs
[    0.181787] gpio_rcar e6053000.gpio: driving 16 GPIOs
[    0.182059] gpio_rcar e6054000.gpio: driving 18 GPIOs
[    0.182329] gpio_rcar e6055000.gpio: driving 26 GPIOs
[    0.182582] gpio_rcar e6055400.gpio: driving 32 GPIOs
[    0.182818] gpio_rcar e6055800.gpio: driving 4 GPIOs
[    0.185738] rcar-pcie fe000000.pcie: host bridge /soc/pcie@fe000000 ranges:
[    0.185769] rcar-pcie fe000000.pcie:       IO 0x00fe100000..0x00fe1fffff -> 0x0000000000
[    0.185796] rcar-pcie fe000000.pcie:      MEM 0x00fe200000..0x00fe3fffff -> 0x00fe200000
[    0.185814] rcar-pcie fe000000.pcie:      MEM 0x0030000000..0x0037ffffff -> 0x0030000000
[    0.185828] rcar-pcie fe000000.pcie:      MEM 0x0038000000..0x003fffffff -> 0x0038000000
[    0.185845] rcar-pcie fe000000.pcie:   IB MEM 0x0040000000..0x007fffffff -> 0x0040000000
[    0.185891] rcar-pcie fe000000.pcie: no pcie3v3 regulator found
[    0.185902] rcar-pcie fe000000.pcie: no pcie1v8 regulator found
[    0.253676] rcar-pcie fe000000.pcie: PCIe link down
[    0.253882] rcar-pcie ee800000.pcie: host bridge /soc/pcie@ee800000 ranges:
[    0.253906] rcar-pcie ee800000.pcie:       IO 0x00ee900000..0x00ee9fffff -> 0x0000000000
[    0.253927] rcar-pcie ee800000.pcie:      MEM 0x00eea00000..0x00eebfffff -> 0x00eea00000
[    0.253945] rcar-pcie ee800000.pcie:      MEM 0x00c0000000..0x00c7ffffff -> 0x00c0000000
[    0.253974] rcar-pcie ee800000.pcie:      MEM 0x00c8000000..0x00cfffffff -> 0x00c8000000
[    0.253993] rcar-pcie ee800000.pcie:   IB MEM 0x0040000000..0x007fffffff -> 0x0040000000
[    0.254027] rcar-pcie ee800000.pcie: no pcie3v3 regulator found
[    0.254037] rcar-pcie ee800000.pcie: no pcie1v8 regulator found
[    0.413964] rcar-pcie ee800000.pcie: PCIe link down
[    0.416462] EINJ: ACPI disabled.
[    0.449820] Serial: 8250/16550 driver, 4 ports, IRQ sharing enabled
[    0.452258] SuperH (H)SCI(F) driver initialized
[    0.452693] e6550000.serial: ttySC1 at MMIO 0xe6550000 (irq = 42, base_baud = 0) is a hscif
[    0.453436] e6e88000.serial: ttySC0 at MMIO 0xe6e88000 (irq = 128, base_baud = 0) is a scif
[    1.658109] printk: console [ttySC0] enabled
[    1.663466] msm_serial: driver initialized
[    1.673787] rcar-dw-hdmi fead0000.hdmi: Detected HDMI TX controller v2.01a with HDCP (DWC HDMI 2.0 TX PHY)
[    1.683693] rcar-dw-hdmi fead0000.hdmi: registered DesignWare HDMI I2C bus driver
[    1.691937] rcar-dw-hdmi feae0000.hdmi: Detected HDMI TX controller v2.01a with HDCP (DWC HDMI 2.0 TX PHY)
[    1.701792] rcar-dw-hdmi feae0000.hdmi: registered DesignWare HDMI I2C bus driver
[    1.717314] loop: module loaded
[    1.721875] megasas: 07.714.04.00-rc1
[    1.727625] scsi host0: sata_rcar
[    1.731100] ata1: SATA max UDMA/133 irq 181
[    1.740486] tun: Universal TUN/TAP device driver, 1.6
[    1.746448] thunder_xcv, ver 1.0
[    1.749694] thunder_bgx, ver 1.0
[    1.752944] nicpf, ver 1.0
[    1.757060] hclge is initializing
[    1.760397] hns3: Hisilicon Ethernet Network Driver for Hip08 Family - version
[    1.767622] hns3: Copyright (c) 2017 Huawei Corporation.
[    1.772961] e1000: Intel(R) PRO/1000 Network Driver
[    1.777842] e1000: Copyright (c) 1999-2006 Intel Corporation.
[    1.783609] e1000e: Intel(R) PRO/1000 Network Driver
[    1.788574] e1000e: Copyright(c) 1999 - 2015 Intel Corporation.
[    1.794512] igb: Intel(R) Gigabit Ethernet Network Driver
[    1.799912] igb: Copyright (c) 2007-2014 Intel Corporation.
[    1.805500] igbvf: Intel(R) Gigabit Virtual Function Network Driver
[    1.811771] igbvf: Copyright (c) 2009 - 2012 Intel Corporation.
[    1.818119] sky2: driver version 1.30
[    1.825671] ravb e6800000.ethernet eth0: Base address at 0xe6800000, 2e:09:0a:00:c3:9a, IRQ 125.
[    1.835914] VFIO - User Level meta-driver version: 0.3
[    1.843132] ehci_hcd: USB 2.0 'Enhanced' Host Controller (EHCI) Driver
[    1.849670] ehci-pci: EHCI PCI platform driver
[    1.854130] ehci-platform: EHCI generic platform driver
[    1.859750] ehci-platform ee0a0100.usb: EHCI Host Controller
[    1.865431] ehci-platform ee0a0100.usb: new USB bus registered, assigned bus number 1
[    1.873371] ehci-platform ee0a0100.usb: irq 175, io mem 0xee0a0100
[    1.893975] ehci-platform ee0a0100.usb: USB 2.0 started, EHCI 1.10
[    1.900492] hub 1-0:1.0: USB hub found
[    1.904265] hub 1-0:1.0: 1 port detected
[    1.908667] ehci-platform ee0c0100.usb: EHCI Host Controller
[    1.914345] ehci-platform ee0c0100.usb: new USB bus registered, assigned bus number 2
[    1.922233] ehci-platform ee0c0100.usb: irq 176, io mem 0xee0c0100
[    1.941969] ehci-platform ee0c0100.usb: USB 2.0 started, EHCI 1.10
[    1.948432] hub 2-0:1.0: USB hub found
[    1.952202] hub 2-0:1.0: 1 port detected
[    1.982008] ehci-platform ee0e0100.usb: EHCI Host Controller
[    1.987684] ehci-platform ee0e0100.usb: new USB bus registered, assigned bus number 3
[    1.995573] ehci-platform ee0e0100.usb: irq 177, io mem 0xee0e0100
[    2.013971] ehci-platform ee0e0100.usb: USB 2.0 started, EHCI 1.10
[    2.020405] hub 3-0:1.0: USB hub found
[    2.024174] hub 3-0:1.0: 1 port detected
[    2.028552] ehci-orion: EHCI orion driver
[    2.032814] ehci-exynos: EHCI Exynos driver
[    2.037116] ohci_hcd: USB 1.1 'Open' Host Controller (OHCI) Driver
[    2.043317] ohci-pci: OHCI PCI platform driver
[    2.047799] ohci-platform: OHCI generic platform driver
[    2.053336] ohci-platform ee0a0000.usb: Generic Platform OHCI controller
[    2.060056] ohci-platform ee0a0000.usb: new USB bus registered, assigned bus number 4
[    2.067931] ohci-platform ee0a0000.usb: irq 175, io mem 0xee0a0000
[    2.149977] ata1: link resume succeeded after 1 retries
[    2.164254] hub 4-0:1.0: USB hub found
[    2.168028] hub 4-0:1.0: 1 port detected
[    2.172361] ohci-platform ee0c0000.usb: Generic Platform OHCI controller
[    2.179076] ohci-platform ee0c0000.usb: new USB bus registered, assigned bus number 5
[    2.186960] ohci-platform ee0c0000.usb: irq 176, io mem 0xee0c0000
[    2.261491] ata1: SATA link down (SStatus 0 SControl 300)
[    2.280235] hub 5-0:1.0: USB hub found
[    2.284007] hub 5-0:1.0: 1 port detected
[    2.288326] ohci-platform ee0e0000.usb: Generic Platform OHCI controller
[    2.295040] ohci-platform ee0e0000.usb: new USB bus registered, assigned bus number 6
[    2.302908] ohci-platform ee0e0000.usb: irq 177, io mem 0xee0e0000
[    2.396230] hub 6-0:1.0: USB hub found
[    2.399997] hub 6-0:1.0: 1 port detected
[    2.404342] ohci-exynos: OHCI Exynos driver
[    2.409197] xhci-hcd ee000000.usb: xHCI Host Controller
[    2.414438] xhci-hcd ee000000.usb: new USB bus registered, assigned bus number 7
[    2.437696] xhci-hcd ee000000.usb: hcc params 0x014051ce hci version 0x100 quirks 0x0000000000830410
[    2.446864] xhci-hcd ee000000.usb: irq 172, io mem 0xee000000
[    2.452725] xhci-hcd ee000000.usb: xHCI Host Controller
[    2.457964] xhci-hcd ee000000.usb: new USB bus registered, assigned bus number 8
[    2.465368] xhci-hcd ee000000.usb: Host supports USB 3.0 SuperSpeed
[    2.471920] hub 7-0:1.0: USB hub found
[    2.475696] hub 7-0:1.0: 1 port detected
[    2.479783] usb usb8: We don't know the algorithms for LPM for this host, disabling LPM.
[    2.488164] hub 8-0:1.0: USB hub found
[    2.491939] hub 8-0:1.0: 1 port detected
[    2.496743] usbcore: registered new interface driver usb-storage
[    2.504424] renesas_usbhs e6590000.usb: host probed
[    2.509313] renesas_usbhs e6590000.usb: no transceiver found
[    2.515037] renesas_usbhs e6590000.usb: gadget probed
[    2.520259] renesas_usbhs e6590000.usb: probed
[    2.525153] renesas_usbhs e659c000.usb: host probed
[    2.530044] renesas_usbhs e659c000.usb: no transceiver found
[    2.535758] renesas_usbhs e659c000.usb: gadget probed
[    2.540957] renesas_usbhs e659c000.usb: probed
[    2.547887] i2c /dev entries driver
[    2.562428] cs2000-cp 2-004f: revision - C1
[    2.566679] i2c-rcar e6510000.i2c: probed
[    2.571549] pca953x 4-0020: supply vcc not found, using dummy regulator
[    2.578270] pca953x 4-0020: using no AI
[    2.583017] gpio-355 (PCIE/SATA switch): hogged as output/low
[    2.595353] i2c-rcar e66d8000.i2c: probed
[    2.600709] adv748x 4-0070: Endpoint /soc/i2c@e66d8000/video-receiver@70/port@7/endpoint on port 7
[    2.609691] adv748x 4-0070: Endpoint /soc/i2c@e66d8000/video-receiver@70/port@8/endpoint on port 8
[    2.618663] adv748x 4-0070: Endpoint /soc/i2c@e66d8000/video-receiver@70/port@a/endpoint on port 10
[    2.627727] adv748x 4-0070: Endpoint /soc/i2c@e66d8000/video-receiver@70/port@b/endpoint on port 11
[    2.637115] adv748x 4-0070: chip found @ 0xe0 revision 2143
[    2.665977] usb 2-1: new high-speed USB device number 2 using ehci-platform
[    2.697620] rcar-csi2 fea80000.csi2: 1 lanes found
[    2.702762] rcar-csi2 feaa0000.csi2: 4 lanes found
[    2.712311] rcar-vin e6ef0000.video: Device registered as video0
[    2.718385] rcar-vin e6ef1000.video: Device registered as video1
[    2.724459] rcar-vin e6ef2000.video: Device registered as video2
[    2.730529] rcar-vin e6ef3000.video: Device registered as video3
[    2.736594] rcar-vin e6ef4000.video: Device registered as video4
[    2.742667] rcar-vin e6ef5000.video: Device registered as video5
[    2.748733] rcar-vin e6ef6000.video: Device registered as video6
[    2.754803] rcar-vin e6ef7000.video: Device registered as video7
[    2.763521] rcar_gen3_thermal e6198000.thermal: is using pseudo fixed FUSE values
[    2.775719] rcar_gen3_thermal e6198000.thermal: TSC0: Loaded 1 trip points
[    2.786974] rcar_gen3_thermal e6198000.thermal: TSC1: Loaded 1 trip points
[    2.798139] rcar_gen3_thermal e6198000.thermal: TSC2: Loaded 3 trip points
[    2.810232] sdhci: Secure Digital Host Controller Interface driver
[    2.816440] sdhci: Copyright(c) Pierre Ossman
[    2.821635] Synopsys Designware Multimedia Card Interface Driver
[    2.821819] renesas_sdhi_internal_dmac ee100000.mmc: Got CD GPIO
[    2.821882] renesas_sdhi_internal_dmac ee140000.mmc: Adding to iommu group 0
[    2.821907] renesas_sdhi_internal_dmac ee140000.mmc: Using IPMMU context 1
[    2.821919] renesas_sdhi_internal_dmac ee160000.mmc: Got CD GPIO
[    2.821938] renesas_sdhi_internal_dmac ee160000.mmc: Got WP GPIO
[    2.829073] sdhci-pltfm: SDHCI platform and OF driver helper
[    2.833726] renesas_sdhi_internal_dmac ee100000.mmc: Got WP GPIO
[    2.870861] renesas_sdhi_internal_dmac ee140000.mmc: mmc0 base at 0x00000000ee140000, max clock rate 200 MHz
[    2.874700] usb-storage 2-1:1.0: USB Mass Storage device detected
[    2.881880] ledtrig-cpu: registered to indicate activity on CPUs
[    2.887667] scsi host1: usb-storage 2-1:1.0
[    2.894339] SMCCC: SOC_ID: ARCH_SOC_ID not implemented, skipping ....
[    2.904500] usbcore: registered new interface driver usbhid
[    2.910076] usbhid: USB HID core driver
[    2.917710] optee: probing for conduit method.
[    2.922180] optee: revision 3.22 (314ecf9d)
[    2.922541] optee driver R-Car Rev.1.0.11
[    2.931068] optee: dynamic shared memory is enabled
[    2.936232] optee: initialized driver
[    2.950237] rcar_sound ec500000.sound: probed
[    2.955219] NET: Registered protocol family 17
[    2.959778] 9pnet: Installing 9P2000 support
[    2.964289] Key type dns_resolver registered
[    2.968948] registered taskstats version 1
[    2.972995] mmc0: new HS400 MMC card at address 0001
[    2.973058] Loading compiled-in X.509 certificates
[    2.978842] mmcblk0: mmc0:0001 BGSD3R 29.1 GiB 
[    2.987800] mmcblk0boot0: mmc0:0001 BGSD3R partition 1 16.0 MiB
[    2.992763] thermal emergency: set temperature to 110 celsius
[    2.994171] mmcblk0boot1: mmc0:0001 BGSD3R partition 2 16.0 MiB
[    2.999703] thermal emergency: shutdown target cpus 1-7
[    3.005525] mmcblk0rpmb: mmc0:0001 BGSD3R partition 3 4.00 MiB, chardev (509:0)
[    3.010621] thermal emergency: freq scaled target cpus 0
[    3.010975] renesas_irqc e61c0000.interrupt-controller: driving 6 irqs
[    3.019827]  mmcblk0: p1
[    3.069996] ehci-platform ee080100.usb: EHCI Host Controller
[    3.075685] ehci-platform ee080100.usb: new USB bus registered, assigned bus number 9
[    3.083568] ehci-platform ee080100.usb: irq 174, io mem 0xee080100
[    3.101976] ehci-platform ee080100.usb: USB 2.0 started, EHCI 1.10
[    3.108591] hub 9-0:1.0: USB hub found
[    3.112364] hub 9-0:1.0: 1 port detected
[    3.117407] ohci-platform ee080000.usb: Generic Platform OHCI controller
[    3.124130] ohci-platform ee080000.usb: new USB bus registered, assigned bus number 10
[    3.132100] ohci-platform ee080000.usb: irq 174, io mem 0xee080000
[    3.228580] hub 10-0:1.0: USB hub found
[    3.232438] hub 10-0:1.0: 1 port detected
[    3.237694] cpu cpu0: EM: created perf domain
[    3.242602] cpu cpu4: EM: created perf domain
[    3.250403] renesas_sdhi_internal_dmac ee160000.mmc: Got CD GPIO
[    3.253222] renesas_sdhi_internal_dmac ee100000.mmc: Got CD GPIO
[    3.256445] renesas_sdhi_internal_dmac ee160000.mmc: Got WP GPIO
[    3.268729] renesas_sdhi_internal_dmac ee100000.mmc: Got WP GPIO
[    3.276643] [drm] Initialized rcar-du 1.0.0 20130110 for feb00000.display on minor 0
[    3.284434] [drm] Device feb00000.display probed
[    3.303514] renesas_sdhi_internal_dmac ee160000.mmc: mmc2 base at 0x00000000ee160000, max clock rate 200 MHz
[    3.323439] renesas_sdhi_internal_dmac ee100000.mmc: mmc1 base at 0x00000000ee100000, max clock rate 200 MHz
[    3.327314] Console: switching to colour frame buffer device 128x48
[    3.370168] rcar-du feb00000.display: [drm] fb0: rcar-dudrmfb frame buffer device
[    3.382245] input: keys as /devices/platform/keys/input/input0
[    3.465671] Micrel KSZ9031 Gigabit PHY e6800000.ethernet-ffffffff:00: attached PHY driver [Micrel KSZ9031 Gigabit PHY] (mii_bus:phy_addr=e6800000.ethernet-ffffffff:00, irq=183)
[    3.903538] scsi 1:0:0:0: Direct-Access     SanDisk  Ultra            1.00 PQ: 0 ANSI: 6
[    3.913000] sd 1:0:0:0: [sda] 121307136 512-byte logical blocks: (62.1 GB/57.8 GiB)
[    3.922121] sd 1:0:0:0: [sda] Write Protect is off
[    3.928105] sd 1:0:0:0: [sda] Write cache: disabled, read cache: enabled, doesn't support DPO or FUA
[    3.948220]  sda: sda1
[    3.954647] sd 1:0:0:0: [sda] Attached SCSI removable disk
[   10.052205] ravb e6800000.ethernet eth0: Link is Up - 1Gbps/Full - flow control off
[   10.078005] IP-Config: Guessing netmask 255.255.255.0
[   10.083169] IP-Config: Complete:
[   10.086481]      device=eth0, hwaddr=2e:09:0a:00:c3:9a, ipaddr=192.168.10.167, mask=255.255.255.0, gw=255.255.255.255
[   10.097301]      host=192.168.10.167, domain=, nis-domain=(none)
[   10.103430]      bootserver=255.255.255.255, rootserver=192.168.10.99, rootpath=
[   10.104057] ALSA device list:
[   10.122234]   No soundcards found.
[   11.162381] VFS: Mounted root (nfs4 filesystem) on device 0:22.
[   11.173196] devtmpfs: mounted
[   11.181338] Freeing unused kernel memory: 6144K
[   11.222184] Run /sbin/init as init process
[   11.643516] systemd[1]: System time before build time, advancing clock.
[   12.082052] random: crng init done
[   12.117552] NET: Registered protocol family 10
[   12.125929] Segment Routing with IPv6
[   12.142260] systemd[1]: Configuration file /etc/systemd/system.conf is marked executable. Please remove executable permission bits. Proceeding anyway.
[   12.161009] systemd[1]: Configuration file /lib/systemd/system.conf.d/00-systemd-conf.conf is marked executable. Please remove executable permission bits. Proceeding anyway.
[   12.182048] systemd[1]: systemd 244 running in system mode. (+PAM -AUDIT -SELINUX +IMA -APPARMOR -SMACK +SYSVINIT +UTMP -LIBCRYPTSETUP -GCRYPT -GNUTLS +ACL +XZ -LZ4 -SECCOMP +BLKID -ELFUTILS +KMOD -IDN2 -IDN -PCRE2 default-hierarchy=hybrid)
[   12.205545] systemd[1]: Detected architecture arm64.

Welcome to [1mPoky (Yocto Project Reference Distro) 3.1.11 (dunfell)[0m!

[   12.240077] systemd[1]: Set hostname to <salvator-x>.
[   12.428506] systemd[1]: Configuration file /lib/systemd/system/local-fs.target is marked executable. Please remove executable permission bits. Proceeding anyway.
[   12.466193] systemd[1]: Configuration file /lib/systemd/system/swap.target is marked executable. Please remove executable permission bits. Proceeding anyway.
[   12.493712] systemd[1]: Configuration file /lib/systemd/system/umount.target is marked executable. Please remove executable permission bits. Proceeding anyway.
[   12.519502] systemd[1]: Configuration file /lib/systemd/system/systemd-journald.socket is marked executable. Please remove executable permission bits. Proceeding anyway.
[   12.547006] systemd[1]: Configuration file /lib/systemd/system/systemd-journald.service is marked executable. Please remove executable permission bits. Proceeding anyway.
[   12.570993] systemd[1]: Configuration file /lib/systemd/system/sysinit.target is marked executable. Please remove executable permission bits. Proceeding anyway.
[   12.605241] systemd[1]: Configuration file /lib/systemd/system/systemd-update-utmp.service is marked executable. Please remove executable permission bits. Proceeding anyway.
[   12.626820] systemd[1]: Configuration file /lib/systemd/system/systemd-update-done.service is marked executable. Please remove executable permission bits. Proceeding anyway.
[   12.647413] systemd[1]: Configuration file /lib/systemd/system/systemd-udevd.service is marked executable. Please remove executable permission bits. Proceeding anyway.
[   12.667737] systemd[1]: Configuration file /lib/systemd/system/systemd-udevd-kernel.socket is marked executable. Please remove executable permission bits. Proceeding anyway.
[   12.688524] systemd[1]: Configuration file /lib/systemd/system/systemd-udevd-control.socket is marked executable. Please remove executable permission bits. Proceeding anyway.
[   12.709519] systemd[1]: Configuration file /lib/systemd/system/systemd-udev-trigger.service is marked executable. Please remove executable permission bits. Proceeding anyway.
[   12.730769] systemd[1]: Configuration file /lib/systemd/system/systemd-tmpfiles-setup.service is marked executable. Please remove executable permission bits. Proceeding anyway.
[   12.752462] systemd[1]: Configuration file /lib/systemd/system/systemd-tmpfiles-setup-dev.service is marked executable. Please remove executable permission bits. Proceeding anyway.
[   12.774594] systemd[1]: Configuration file /lib/systemd/system/systemd-timesyncd.service is marked executable. Please remove executable permission bits. Proceeding anyway.
[   12.796410] systemd[1]: Configuration file /lib/systemd/system/time-sync.target is marked executable. Please remove executable permission bits. Proceeding anyway.
[   12.816589] systemd[1]: Configuration file /lib/systemd/system/time-set.target is marked executable. Please remove executable permission bits. Proceeding anyway.
[   12.836694] systemd[1]: Configuration file /lib/systemd/system/systemd-sysusers.service is marked executable. Please remove executable permission bits. Proceeding anyway.
[   12.857764] systemd[1]: Configuration file /lib/systemd/system/systemd-sysctl.service is marked executable. Please remove executable permission bits. Proceeding anyway.
[   12.878683] systemd[1]: Configuration file /lib/systemd/system/systemd-random-seed.service is marked executable. Please remove executable permission bits. Proceeding anyway.
[   12.902576] systemd[1]: Configuration file /lib/systemd/system/systemd-modules-load.service is marked executable. Please remove executable permission bits. Proceeding anyway.
[   12.924528] systemd[1]: Configuration file /lib/systemd/system/systemd-machine-id-commit.service is marked executable. Please remove executable permission bits. Proceeding anyway.
[   12.946780] systemd[1]: Configuration file /lib/systemd/system/systemd-journal-flush.service is marked executable. Please remove executable permission bits. Proceeding anyway.
[   12.968230] systemd[1]: Configuration file /lib/systemd/system/systemd-journal-catalog-update.service is marked executable. Please remove executable permission bits. Proceeding anyway.
[   12.990761] systemd[1]: Configuration file /lib/systemd/system/systemd-hwdb-update.service is marked executable. Please remove executable permission bits. Proceeding anyway.
[   13.012031] systemd[1]: Configuration file /lib/systemd/system/systemd-ask-password-console.path is marked executable. Please remove executable permission bits. Proceeding anyway.
[   13.034601] systemd[1]: Configuration file /lib/systemd/system/systemd-ask-password-console.service is marked executable. Please remove executable permission bits. Proceeding anyway.
[   13.056853] systemd[1]: Configuration file /lib/systemd/system/systemd-vconsole-setup.service is marked executable. Please remove executable permission bits. Proceeding anyway.
[   13.078782] systemd[1]: Configuration file /lib/systemd/system/initrd-switch-root.target is marked executable. Please remove executable permission bits. Proceeding anyway.
[   13.100344] systemd[1]: Configuration file /lib/systemd/system/initrd-cleanup.service is marked executable. Please remove executable permission bits. Proceeding anyway.
[   13.121242] systemd[1]: Configuration file /lib/systemd/system/initrd.target is marked executable. Please remove executable permission bits. Proceeding anyway.
[   13.141409] systemd[1]: Configuration file /lib/systemd/system/rescue.target is marked executable. Please remove executable permission bits. Proceeding anyway.
[   13.168674] systemd[1]: Configuration file /lib/systemd/system/remote-fs.target is marked executable. Please remove executable permission bits. Proceeding anyway.
[   13.189025] systemd[1]: Configuration file /lib/systemd/system/remote-fs-pre.target is marked executable. Please remove executable permission bits. Proceeding anyway.
[   13.209731] systemd[1]: Configuration file /lib/systemd/system/graphical.target is marked executable. Please remove executable permission bits. Proceeding anyway.
[   13.234425] systemd[1]: Configuration file /lib/systemd/system/multi-user.target is marked executable. Please remove executable permission bits. Proceeding anyway.
[   13.272023] systemd[1]: Configuration file /lib/systemd/system/xinetd.service is marked executable. Please remove executable permission bits. Proceeding anyway.
[   13.292207] systemd[1]: Configuration file /lib/systemd/system/network.target is marked executable. Please remove executable permission bits. Proceeding anyway.
[   13.312207] systemd[1]: Configuration file /lib/systemd/system/network-pre.target is marked executable. Please remove executable permission bits. Proceeding anyway.
[   13.333018] systemd[1]: Configuration file /lib/systemd/system/systemd-user-sessions.service is marked executable. Please remove executable permission bits. Proceeding anyway.
[   13.354744] systemd[1]: Configuration file /lib/systemd/system/nss-user-lookup.target is marked executable. Please remove executable permission bits. Proceeding anyway.
[   13.375539] systemd[1]: Configuration file /lib/systemd/system/systemd-resolved.service is marked executable. Please remove executable permission bits. Proceeding anyway.
[   13.397119] systemd[1]: Configuration file /lib/systemd/system/nss-lookup.target is marked executable. Please remove executable permission bits. Proceeding anyway.
[   13.417311] systemd[1]: Configuration file /lib/systemd/system/systemd-networkd.service is marked executable. Please remove executable permission bits. Proceeding anyway.
[   13.438765] systemd[1]: Configuration file /lib/systemd/system/systemd-logind.service is marked executable. Please remove executable permission bits. Proceeding anyway.
[   13.460388] systemd[1]: Configuration file /lib/systemd/system/dbus.socket is marked executable. Please remove executable permission bits. Proceeding anyway.
[   13.479897] systemd[1]: Configuration file /lib/systemd/system/user.slice is marked executable. Please remove executable permission bits. Proceeding anyway.
[   13.499686] systemd[1]: Configuration file /lib/systemd/system/slices.target is marked executable. Please remove executable permission bits. Proceeding anyway.
[   13.519027] systemd[1]: Configuration file /lib/systemd/system/systemd-ask-password-wall.path is marked executable. Please remove executable permission bits. Proceeding anyway.
[   13.540607] systemd[1]: Configuration file /lib/systemd/system/systemd-ask-password-wall.service is marked executable. Please remove executable permission bits. Proceeding anyway.
[   13.562992] systemd[1]: Configuration file /lib/systemd/system/rpcbind.service is marked executable. Please remove executable permission bits. Proceeding anyway.
[   13.582688] systemd[1]: Configuration file /lib/systemd/system/rpcbind.target is marked executable. Please remove executable permission bits. Proceeding anyway.
[   13.602033] systemd[1]: Configuration file /lib/systemd/system/rpcbind.socket is marked executable. Please remove executable permission bits. Proceeding anyway.
[   13.621615] systemd[1]: Configuration file /lib/systemd/system/rc.pvr.service is marked executable. Please remove executable permission bits. Proceeding anyway.
[   13.641180] systemd[1]: Configuration file /lib/systemd/system/optee.service is marked executable. Please remove executable permission bits. Proceeding anyway.
[   13.660706] systemd[1]: Configuration file /lib/systemd/system/getty.target is marked executable. Please remove executable permission bits. Proceeding anyway.
[   13.683542] systemd[1]: Configuration file /lib/systemd/system/serial-getty@.service is marked executable. Please remove executable permission bits. Proceeding anyway.
[   13.705189] systemd[1]: Configuration file /lib/systemd/system/rc-local.service is marked executable. Please remove executable permission bits. Proceeding anyway.
[   13.725138] systemd[1]: Configuration file /lib/systemd/system/getty-pre.target is marked executable. Please remove executable permission bits. Proceeding anyway.
[   13.745512] systemd[1]: Configuration file /lib/systemd/system/getty@.service is marked executable. Please remove executable permission bits. Proceeding anyway.
[   13.766068] systemd[1]: Configuration file /lib/systemd/system/dbus.service is marked executable. Please remove executable permission bits. Proceeding anyway.
[   13.785491] systemd[1]: Configuration file /lib/systemd/system/avahi-daemon.service is marked executable. Please remove executable permission bits. Proceeding anyway.
[   13.806117] systemd[1]: Configuration file /lib/systemd/system/avahi-daemon.socket is marked executable. Please remove executable permission bits. Proceeding anyway.
[   13.827756] systemd[1]: Configuration file /lib/systemd/system/systemd-update-utmp-runlevel.service is marked executable. Please remove executable permission bits. Proceeding anyway.
[   13.850053] systemd[1]: Configuration file /lib/systemd/system/rescue.service is marked executable. Please remove executable permission bits. Proceeding anyway.
[   13.869526] systemd[1]: Configuration file /lib/systemd/system/initrd-parse-etc.service is marked executable. Please remove executable permission bits. Proceeding anyway.
[   13.890187] systemd[1]: Configuration file /lib/systemd/system/initrd-root-device.target is marked executable. Please remove executable permission bits. Proceeding anyway.
[   13.910841] systemd[1]: Configuration file /lib/systemd/system/basic.target is marked executable. Please remove executable permission bits. Proceeding anyway.
[   13.930270] systemd[1]: Configuration file /lib/systemd/system/timers.target is marked executable. Please remove executable permission bits. Proceeding anyway.
[   13.952172] systemd[1]: Configuration file /lib/systemd/system/systemd-tmpfiles-clean.timer is marked executable. Please remove executable permission bits. Proceeding anyway.
[   13.973410] systemd[1]: Configuration file /lib/systemd/system/systemd-tmpfiles-clean.service is marked executable. Please remove executable permission bits. Proceeding anyway.
[   13.994779] systemd[1]: Configuration file /lib/systemd/system/initrd-fs.target is marked executable. Please remove executable permission bits. Proceeding anyway.
[   14.014459] systemd[1]: Configuration file /lib/systemd/system/initrd-root-fs.target is marked executable. Please remove executable permission bits. Proceeding anyway.
[   14.034827] systemd[1]: Configuration file /lib/systemd/system/initrd-udevadm-cleanup-db.service is marked executable. Please remove executable permission bits. Proceeding anyway.
[   14.056645] systemd[1]: Configuration file /lib/systemd/system/systemd-udev-settle.service is marked executable. Please remove executable permission bits. Proceeding anyway.
[   14.077854] systemd[1]: Configuration file /lib/systemd/system/initrd-switch-root.service is marked executable. Please remove executable permission bits. Proceeding anyway.
[   14.098681] systemd[1]: Configuration file /lib/systemd/system/paths.target is marked executable. Please remove executable permission bits. Proceeding anyway.
[   14.117917] systemd[1]: Configuration file /lib/systemd/system/sys-kernel-debug.mount is marked executable. Please remove executable permission bits. Proceeding anyway.
[   14.138787] systemd[1]: Configuration file /lib/systemd/system/sys-kernel-config.mount is marked executable. Please remove executable permission bits. Proceeding anyway.
[   14.159384] systemd[1]: Configuration file /lib/systemd/system/sys-fs-fuse-connections.mount is marked executable. Please remove executable permission bits. Proceeding anyway.
[   14.180810] systemd[1]: Configuration file /lib/systemd/system/psplash-systemd.service is marked executable. Please remove executable permission bits. Proceeding anyway.
[   14.201496] systemd[1]: Configuration file /lib/systemd/system/psplash-start.service is marked executable. Please remove executable permission bits. Proceeding anyway.
[   14.221836] systemd[1]: Configuration file /lib/systemd/system/ldconfig.service is marked executable. Please remove executable permission bits. Proceeding anyway.
[   14.241500] systemd[1]: Configuration file /lib/systemd/system/kmod-static-nodes.service is marked executable. Please remove executable permission bits. Proceeding anyway.
[   14.261833] systemd[1]: Configuration file /lib/systemd/system/dev-mqueue.mount is marked executable. Please remove executable permission bits. Proceeding anyway.
[   14.281664] systemd[1]: Configuration file /lib/systemd/system/dev-hugepages.mount is marked executable. Please remove executable permission bits. Proceeding anyway.
[   14.301878] systemd[1]: Configuration file /lib/systemd/system/emergency.service is marked executable. Please remove executable permission bits. Proceeding anyway.
[   14.321425] systemd[1]: Configuration file /lib/systemd/system/syslog.socket is marked executable. Please remove executable permission bits. Proceeding anyway.
[   14.341427] systemd[1]: Configuration file /lib/systemd/system/systemd-journald-audit.socket is marked executable. Please remove executable permission bits. Proceeding anyway.
[   14.362777] systemd[1]: Configuration file /lib/systemd/system/systemd-journald-dev-log.socket is marked executable. Please remove executable permission bits. Proceeding anyway.
[   14.384628] systemd[1]: Configuration file /lib/systemd/system/sockets.target is marked executable. Please remove executable permission bits. Proceeding anyway.
[   14.415961] systemd[1]: Configuration file /lib/systemd/system/systemd-networkd.socket is marked executable. Please remove executable permission bits. Proceeding anyway.
[   14.436565] systemd[1]: Configuration file /lib/systemd/system/systemd-initctl.socket is marked executable. Please remove executable permission bits. Proceeding anyway.
[   14.457461] systemd[1]: Configuration file /lib/systemd/system/systemd-initctl.service is marked executable. Please remove executable permission bits. Proceeding anyway.
[   14.477995] systemd[1]: Configuration file /lib/systemd/system/dropbear.socket is marked executable. Please remove executable permission bits. Proceeding anyway.
[   14.497520] systemd[1]: Configuration file /lib/systemd/system/var-volatile-srv.service is marked executable. Please remove executable permission bits. Proceeding anyway.
[   14.518876] systemd[1]: Configuration file /lib/systemd/system/var-volatile-spool.service is marked executable. Please remove executable permission bits. Proceeding anyway.
[   14.540097] systemd[1]: Configuration file /lib/systemd/system/var-volatile-lib.service is marked executable. Please remove executable permission bits. Proceeding anyway.
[   14.561059] systemd[1]: Configuration file /lib/systemd/system/var-volatile-cache.service is marked executable. Please remove executable permission bits. Proceeding anyway.
[   14.582004] systemd[1]: Configuration file /lib/systemd/system/tmp.mount is marked executable. Please remove executable permission bits. Proceeding anyway.
[   14.601271] systemd[1]: Configuration file /lib/systemd/system/systemd-remount-fs.service is marked executable. Please remove executable permission bits. Proceeding anyway.
[   14.622167] systemd[1]: Configuration file /lib/systemd/system/systemd-fsck-root.service is marked executable. Please remove executable permission bits. Proceeding anyway.
[   14.642910] systemd[1]: Configuration file /lib/systemd/system/emergency.target is marked executable. Please remove executable permission bits. Proceeding anyway.
[   14.662490] systemd[1]: Configuration file /lib/systemd/system/local-fs-pre.target is marked executable. Please remove executable permission bits. Proceeding anyway.
[   14.682577] systemd[1]: Configuration file /lib/systemd/system/shutdown.target is marked executable. Please remove executable permission bits. Proceeding anyway.
[   14.704075] systemd[1]: system-getty.slice: unit configures an IP firewall, but the local system does not support BPF/cgroup firewalling.
[   14.719235] systemd[1]: (This warning is only shown for the first unit using IP firewalling.)
[   14.730991] systemd[1]: Created slice system-getty.slice.
[[0;32m  OK  [0m] Created slice [0;1;39msystem-getty.slice[0m.
[   14.754775] systemd[1]: Created slice system-serial\x2dgetty.slice.
[[0;32m  OK  [0m] Created slice [0;1;39msystem-serial\x2dgetty.slice[0m.
[   14.778635] systemd[1]: Created slice User and Session Slice.
[[0;32m  OK  [0m] Created slice [0;1;39mUser and Session Slice[0m.
[   14.802287] systemd[1]: Started Dispatch Password Requests to Console Directory Watch.
[[0;32m  OK  [0m] Started [0;1;39mDispatch Password …ts to Console Directory Watch[0m.
[   14.830157] systemd[1]: Started Forward Password Requests to Wall Directory Watch.
[[0;32m  OK  [0m] Started [0;1;39mForward Password R…uests to Wall Directory Watch[0m.
[   14.858118] systemd[1]: Reached target Paths.
[[0;32m  OK  [0m] Reached target [0;1;39mPaths[0m.
[   14.878227] systemd[1]: Reached target Remote File Systems.
[[0;32m  OK  [0m] Reached target [0;1;39mRemote File Systems[0m.
[   14.902115] systemd[1]: Reached target Slices.
[[0;32m  OK  [0m] Reached target [0;1;39mSlices[0m.
[   14.926142] systemd[1]: Reached target Swap.
[[0;32m  OK  [0m] Reached target [0;1;39mSwap[0m.
[   14.952937] systemd[1]: Listening on RPCbind Server Activation Socket.
[[0;32m  OK  [0m] Listening on [0;1;39mRPCbind Server Activation Socket[0m.
[   14.982163] systemd[1]: Reached target RPC Port Mapper.
[[0;32m  OK  [0m] Reached target [0;1;39mRPC Port Mapper[0m.
[   15.010487] systemd[1]: Listening on initctl Compatibility Named Pipe.
[[0;32m  OK  [0m] Listening on [0;1;39minitctl Compatibility Named Pipe[0m.
[   15.040309] systemd[1]: Listening on Journal Audit Socket.
[[0;32m  OK  [0m] Listening on [0;1;39mJournal Audit Socket[0m.
[   15.068003] systemd[1]: Listening on Journal Socket (/dev/log).
[[0;32m  OK  [0m] Listening on [0;1;39mJournal Socket (/dev/log)[0m.
[   15.094763] systemd[1]: Listening on Journal Socket.
[[0;32m  OK  [0m] Listening on [0;1;39mJournal Socket[0m.
[   15.124299] systemd[1]: Listening on Network Service Netlink Socket.
[[0;32m  OK  [0m] Listening on [0;1;39mNetwork Service Netlink Socket[0m.
[   15.157009] systemd[1]: Listening on udev Control Socket.
[[0;32m  OK  [0m] Listening on [0;1;39mudev Control Socket[0m.
[   15.182600] systemd[1]: Listening on udev Kernel Socket.
[[0;32m  OK  [0m] Listening on [0;1;39mudev Kernel Socket[0m.
[   15.215393] systemd[1]: Mounting Huge Pages File System...
         Mounting [0;1;39mHuge Pages File System[0m...
[   15.247207] systemd[1]: Mounting POSIX Message Queue File System...
         Mounting [0;1;39mPOSIX Message Queue File System[0m...
[   15.279251] systemd[1]: Mounting Kernel Debug File System...
         Mounting [0;1;39mKernel Debug File System[0m...
[   15.314542] systemd[1]: Mounting Temporary Directory (/tmp)...
         Mounting [0;1;39mTemporary Directory (/tmp)[0m...
[   15.344287] systemd[1]: Starting Create list of static device nodes for the current kernel...
         Starting [0;1;39mCreate list of st…odes for the current kernel[0m...
[   15.379100] systemd[1]: Starting Start psplash boot splash screen...
         Starting [0;1;39mStart psplash boot splash screen[0m...
[   15.412819] systemd[1]: Starting RPC Bind...
         Starting [0;1;39mRPC Bind[0m...
[   15.442810] systemd[1]: Condition check resulted in File System Check on Root Device being skipped.
[   15.458651] systemd[1]: Starting Journal Service...
         Starting [0;1;39mJournal Service[0m...
[   15.476832] systemd-journald[362]: Configuration file /etc/systemd/journald.conf is marked executable. Please remove executable permission bits. Proceeding anyway.
[   15.493208] systemd-journald[362]: Configuration file /lib/systemd/journald.conf.d/00-systemd-conf.conf is marked executable. Please remove executable permission bits. Proceeding anyway.
[   15.523337] systemd[1]: Starting Load Kernel Modules...
         Starting [0;1;39mLoad Kernel Modules[0m...
[   15.546578] systemd[1]: Starting Remount Root and Kernel File Systems...
         Starting [0;1;39mRemount Root and Kernel File Systems[0m...
[   15.573717] systemd[1]: Starting udev Coldplug all Devices...
         Starting [0;1;39mudev Coldplug all Devices[0m...
[   15.597557] systemd[1]: Started Start psplash boot splash screen.
[[0;32m  OK  [0m] Started [0;1;39mStart psplash boot splash screen[0m.
[   15.618477] systemd[1]: Started RPC Bind.
[[0;32m  OK  [0m] Started [0;1;39mRPC Bind[0m.
[   15.642474] systemd[1]: Started Journal Service.
[[0;32m  OK  [0m] Started [0;1;39mJournal Service[0m.
[[0;32m  OK  [0m] Mounted [0;1;39mHuge Pages File System[0m.
[[0;32m  OK  [0m] Mounted [0;1;39mPOSIX Message Queue File System[0m.
[[0;32m  OK  [0m] Mounted [0;1;39mKernel Debug File System[0m.
[[0;32m  OK  [0m] Mounted [0;1;39mTemporary Directory (/tmp)[0m.
[[0;32m  OK  [0m] Started [0;1;39mCreate list of sta… nodes for the current kernel[0m.
[[0;32m  OK  [0m] Started [0;1;39mLoad Kernel Modules[0m.
[[0;32m  OK  [0m] Started [0;1;39mRemount Root and Kernel File Systems[0m.
         Mounting [0;1;39mKernel Configuration File System[0m...
[[0;32m  OK  [0m] Started [0;1;39mStart psplash-syst…progress communication helper[0m.
         Starting [0;1;39mFlush Journal to Persistent Storage[0m...
         Starting [0;1;39mApply Kernel [   15.879504] systemd-journald[362]: Received client request to flush runtime journal.
Variables[0m...
         Starting [0;1;39mCreate Static Device Nodes in /dev[0m...
[[0;32m  OK  [0m] Mounted [0;1;39mKernel Configuration File System[0m.
[[0;32m  OK  [0m] Started [0;1;39mFlush Journal to Persistent Storage[0m.
[[0;32m  OK  [0m] Started [0;1;39mApply Kernel Variables[0m.
[[0;32m  OK  [0m] Started [0;1;39mCreate Static Device Nodes in /dev[0m.
[[0;32m  OK  [0m] Reached target [0;1;39mLocal File Systems (Pre)[0m.
         Mounting [0;1;39m/var/volatile[0m...
         Starting [0;1;39mudev Kernel Device Manager[0m...
[[0;32m  OK  [0m] Started [0;1;39mudev Coldplug all Devices[0m.
[[0;32m  OK  [0m] Mounted [0;1;39m/var/volatile[0m.
         Starting [0;1;39mLoad/Save Random Seed[0m...
[[0;32m  OK  [0m] Reached target [0;1;39mLocal File Systems[0m.
         Starting [0;1;39mCreate Volatile Files and Directories[0m...
[[0;32m  OK  [0m] Started [0;1;39mudev Kernel Device Manager[0m.
[[0;32m  OK  [0m] Started [0;1;39mLoad/Save Random Seed[0m.
         Starting [0;1;39mNetwork Service[0m...
[[0;32m  OK  [0m] Started [0;1;39mCreate Volatile Files and Directories[0m.
         Starting [0;1;39mNetwork Time Synchronization[0m...
         Starting [0;1;39mUpdate UTMP about System Boot/Shutdown[0m...
[[0;32m  OK  [0m] Started [0;1;39mNetwork Service[0m.
         Starting [0;1;39mNetwork Name Resolution[0m...
[[0;32m  OK  [0m] Started [0;1;39mUpdate UTMP about System Bo[   16.421899] pwm-backlight: probe of backlight failed with error -16
ot/Shutdown[0m.
[[0;32m  OK  [0m] Started [0;1;39mNetwork Time Synchronization[0m.
[   16.474119] at24 7-0050: supply vcc not found, using dummy regulator
[   16.481617] at24 7-0050: 128 byte br24t01 EEPROM, writable, 8 bytes/write
[[0;32m  OK  [0m] Reached target [0;1;39mSystem Initialization[0m.
[[0;32m  OK  [0m] Started [0;1;39mDaily Cleanup of Temporary Directories[0m.
[[0;32m  OK  [0m] Reached target [0;1;39mSystem Time Set[0m.
[[0;32m  OK  [0m] Reached target [0;1;39mSystem Time Synchronized[0m.
[[0;32m  OK  [0m] Reached target [0;1;39mTimers[0m.
[[0;32m  OK  [0m] Reached target [0;1;39mHardware activated USB gadget[0m.
[   16.607611] ccree e6601000.crypto: ARM CryptoCell 630P Driver: HW version 0xAF400001/0xDCC63000, Driver version 5.0
[[0;32m  OK  [0m] Listening on [0;1;39mAvahi mDNS/DNS-SD Stack Activation Socket[0m.
[[0;32m  OK  [0m] Listening on [0;1;3[   16.639108] renesas_usb3 ee020000.usb: probed with phy
9mD-Bus System Message Bus Socket[0m.
[   16.649711] ccree e6601000.crypto: ARM ccree device initialized
[[0;32m  OK  [0m] Listening on [0;1;39mdropbear.socket[0m.
[[0;32m  OK  [0m] Reached target [0;1;39mSockets[0m.
[[0;32m  OK  [0m] Reached target [0;1;39mBasic System[0m.
[[0;32m  OK  [0m] Started [0;1;39mD-Bus System Message Bus[0m.
[[0;32m  OK  [0m] Started [0;1;39moptee services[0m.
         Starting [0;1;39mpvrinit.service[0m...
         Starting [0;1;39mPowerVR consumer services[0m...
         Starting [0;1;39mLogin Service[0m...
[[0;32m  OK  [0m] Started [0;1;39mNetwork Name Resolution[0m.
[[0;1;31mFAILED[0m] Failed to start [0;1;39mpvrinit.service[0m.
See 'systemctl status pvrinit.service' for details.
[[0;1;31mFAILED[0m] Failed to start [0;1;39mPowerVR consumer services[0m.
See 'systemctl status rc.pvr.service' for details.
[[0;1;38;5;185mDEPEND[0m] Dependency failed for [0;1;39mWeston Wayland Compositor[0m.
[[0;32m  OK  [0m] Started [0;1;39mLogin Service[0m.
[[0;32m  OK  [0m] Created slice [0;1;39msystem-weston.slice[0m.
[[0;32m  OK  [0m] Reached target [0;1;39mNetwork[0m.
[[0;32m  OK  [0m] Reached target [0;1;39mHost and Network Name Lookups[0m.
         Starting [0;1;39mAvahi mDNS/DNS-SD Stack[0m...
         Starting [0;1;39mPowerVR consumer services[0m...
         Starting [0;1;39mset_default_governor.service[0m...
         Starting [0;1;39mPermit User Sessions[0m...
[[0;32m  OK  [0m] Started [0;1;39mXinetd A Powerful Replacement For Inetd[0m.
[   17.242243] rd 0-7: Disabling EAS, schedutil is mandatory
[[0;1;31mFAILED[0m] Failed to start [0;1;39mPowerVR consumer services[0m.
See 'systemctl status rc.pvr.service' for details.
[[0;1;38;5;185mDEPEND[0m] Dependency failed for [0;1;39mWeston Wayland Compositor[0m.
[[0;32m  OK  [0m] Started [0;1;39mset_default_governor.service[0m.
[[0;32m  OK  [0m] Started [0;1;39mPermit User Sessions[0m.
[[0;32m  OK  [0m] Started [0;1;39mAvahi mDNS/DNS-SD Stack[0m.
[[0;32m  OK  [0m] Started [0;1;39mGetty on tty1[0m.
[[0;32m  OK  [0m] Started [0;1;39mSerial Getty on ttySC0[0m.
[[0;32m  OK  [0m] Reached target [0;1;39mLogin Prompts[0m.
[[0;32m  OK  [0m] Reached target [0;1;39mMulti-User System[0m.
         Starting [0;1;39mUpdate UTMP about System Runlevel Changes[0m...
[[0;32m  OK  [0m] Started [0;1;39mUpdate UTMP about System Runlevel Changes[0m.

Poky (Yocto Project Reference Distro) 3.1.11 salvator-x ttySC0

salvator-x login: 
salvator-x login: root
[   19.252652] audit: type=1006 audit(1708653591.151:2): pid=546 uid=0 old-auid=4294967295 auid=0 tty=(none) old-ses=4294967295 ses=1 res=1
7[r[999;999H[6n8root@salvator-x:~# 
root@salvator-x:~# 
root@salvator-x:~# 
root@salvator-x:~# 
root@salvator-x:~# 
root@salvator-x:~# 
root@salvator-x:~# 
root@salvator-x:~# 
root@salvator-x:~# 
----------Prepare----------


root@salvator-x:~# find /sys/devices/platform/soc/ee0c0100.usb/ -name 'sd*'
/sys/devices/platform/soc/ee0c0100.usb/usb2/2-1/2-1:1.0/host1/target1:0:0/1:0:0:0/block/sda
/sys/devices/platform/soc/ee0c0100.usb/usb2/2-1/2-1:1.0/host1/target1:0:0/1:0:0:0/block/sda/sda1
root@salvator-x:~# 
root@salvator-x:~# dd if=/dev/urandom of=testdata bs=10M count=5
5+0 records in
5+0 records out
52428800 bytes (52 MB, 50 MiB) copied, 1.45433 s, 36.1 MB/s
root@salvator-x:~# 
root@salvator-x:~# mkdir -p /mnt/usb
root@salvator-x:~# 
root@salvator-x:~# mount /dev/sda1 /mnt/usb
[   31.603008] EXT4-fs (sda1): mounted filesystem with ordered data mode. Opts: (null)
root@salvator-x:~# 
root@salvator-x:~# cp testdata /mnt/usb/
root@salvator-x:~# 
root@salvator-x:~# umount /mnt/usb
root@salvator-x:~# 
root@salvator-x:~# find /sys/devices/platform/soc/ee0c0100.usb/ -name 'sd*'
/sys/devices/platform/soc/ee0c0100.usb/usb2/2-1/2-1:1.0/host1/target1:0:0/1:0:0:0/block/sda
/sys/devices/platform/soc/ee0c0100.usb/usb2/2-1/2-1:1.0/host1/target1:0:0/1:0:0:0/block/sda/sda1
root@salvator-x:~# 
root@salvator-x:~# i2cset -f -y 7 0x30 0x20 0x0f
root@salvator-x:~# 

Switch SW23 off and input 'yes' to continue:
[   41.950093] SDHI0 VccQ: disabling
[   41.953483] SDHI3 VccQ: disabling
Input 'yes' to continue: 

root@salvator-x:~# echo N > /sys/module/printk/parameters/console_suspend
root@salvator-x:~# 
root@salvator-x:~# mount /dev/sda1 /mnt/usb
[   49.393995] EXT4-fs (sda1): mounted filesystem with ordered data mode. Opts: (null)
root@salvator-x:~# 
root@salvator-x:~# cp /mnt/usb/testdata testdata_from_usb &
[1] 571
root@salvator-x:~# 
root@salvator-x:~# echo mem > /sys/power/state
[   50.758299] PM: suspend entry (deep)
[   51.234241] Filesystems sync: 0.472 seconds
[   51.249340] Freezing user space processes ... (elapsed 0.002 seconds) done.
[   51.258882] OOM killer disabled.
[   51.262233] Freezing remaining freezable tasks ... (elapsed 0.002 seconds) done.
[   51.693623] ravb e6800000.ethernet eth0: Link is Down
[   51.710453] Disabling non-boot CPUs ...
[   51.714879] CPU1: shutdown
[   51.717591] psci: CPU1 killed (polled 0 ms)
[   51.723649] CPU2: shutdown
[   51.726375] psci: CPU2 killed (polled 0 ms)
[   51.731927] CPU3: shutdown
[   51.734660] psci: CPU3 killed (polled 0 ms)
[   51.740476] CPU4: shutdown
[   51.743218] psci: CPU4 killed (polled 0 ms)
[   51.748710] CPU5: shutdown
[   51.751440] psci: CPU5 killed (polled 0 ms)
[   51.756909] CPU6: shutdown
[   51.759683] psci: CPU6 killed (polled 0 ms)
[   51.765358] CPU7: shutdown
[   51.768173] psci: CPU7 killed (polled 0 ms)
 
Pull out USB device at CN10H


Press any button to continue


 Switch power switch: 

NOTICE:  BL2: R-Car Gen3 Initial Program Loader(CA57) Rev.4.0.0
NOTICE:  BL2: PRR is R-Car H3 Ver.3.0
NOTICE:  BL2: Board is Salvator-XS Rev.1.0
NOTICE:  BL2: Boot device is HyperFlash(160MHz)
NOTICE:  BL2: LCM state is CM
NOTICE:  AVS setting succeeded. DVFS_SetVID=0x53
NOTICE:  BL2: DDR3200(rev.0.42)
NOTICE:  BL2: [WARM_BOOT]
NOTICE:  BL2: DRAM Split is 4ch(DDR f)
NOTICE:  BL2: QoS is default setting(rev.0.11)
NOTICE:  BL2: DRAM refresh interval 1.95 usec
NOTICE:  BL2: Periodic Write DQ Training
NOTICE:  BL2: CH0: 400000000 - 47fffffff, 2 GiB
NOTICE:  BL2: CH1: 500000000 - 57fffffff, 2 GiB
NOTICE:  BL2: CH2: 600000000 - 67fffffff, 2 GiB
NOTICE:  BL2: CH3: 700000000 - 77fffffff, 2 GiB
NOTICE:  BL2: Lossy Decomp areas
NOTICE:       Entry 0: DCMPAREACRAx:0x80000540 DCMPAREACRBx:0x570
NOTICE:       Entry 1: DCMPAREACRAx:0x40000000 DCMPAREACRBx:0x0
NOTICE:       Entry 2: DCMPAREACRAx:0x20000000 DCMPAREACRBx:0x0
NOTICE:  BL2: FDT at 0xe6327f70
NOTICE:  BL2: v2.9(release):9cdb21f75
NOTICE:  BL2: Built : 05:25:39, Dec 19 2023
NOTICE:  BL2: Normal boot
[   51.773240] Enabling non-boot CPUs ...
[   51.777283] Detected PIPT I-cache on CPU1
[   51.777335] CPU1: Booted secondary processor 0x0000000001 [0x411fd073]
[   51.777798] CPU1 is up
[   51.790850] Detected PIPT I-cache on CPU2
[   51.790872] CPU2: Booted secondary processor 0x0000000002 [0x411fd073]
[   51.791139] CPU2 is up
[   51.804157] Detected PIPT I-cache on CPU3
[   51.804180] CPU3: Booted secondary processor 0x0000000003 [0x411fd073]
[   51.804474] CPU3 is up
[   51.817533] Detected VIPT I-cache on CPU4
[   51.817586] CPU4: Booted secondary processor 0x0000000100 [0x410fd034]
[   51.818489] CPU4 is up
[   51.831499] Detected VIPT I-cache on CPU5
[   51.831534] CPU5: Booted secondary processor 0x0000000101 [0x410fd034]
[   51.832069] CPU5 is up
[   51.845071] Detected VIPT I-cache on CPU6
[   51.845103] CPU6: Booted secondary processor 0x0000000102 [0x410fd034]
[   51.845747] CPU6 is up
[   51.858758] Detected VIPT I-cache on CPU7
[   51.858791] CPU7: Booted secondary processor 0x0000000103 [0x410fd034]
[   51.859419] CPU7 is up
[   51.931362] xhci-hcd ee000000.usb: xHC error in resume, USBSTS 0x401, Reinit
[   51.938408] usb usb7: root hub lost power or was reset
[   51.943527] usb usb8: root hub lost power or was reset
[   51.992890] Micrel KSZ9031 Gigabit PHY e6800000.ethernet-ffffffff:00: attached PHY driver [Micrel KSZ9031 Gigabit PHY] (mii_bus:phy_addr=e6800000.ethernet-ffffffff:00, irq=183)
[   52.108047] usb usb4: root hub lost power or was reset
[   52.113321] usb usb1: root hub lost power or was reset
[   52.200039] usb usb5: root hub lost power or was reset
[   52.205309] usb usb2: root hub lost power or was reset
[   52.292040] usb usb6: root hub lost power or was reset
[   52.297210] usb usb3: root hub lost power or was reset
[   52.412043] usb usb10: root hub lost power or was reset
[   52.417305] usb usb9: root hub lost power or was reset
[   52.430039] ata1: link resume succeeded after 1 retries
[   52.541673] ata1: SATA link down (SStatus 0 SControl 300)
[   55.068258] OOM killer enabled.
[   55.072121] Restarting tasks ... 
[   55.072318] usb 2-1: USB disconnect, device number 2
[   55.073330] done.
root@salvator-x:~# cp: error reading '/mnt/usb/testdata': Input/output error
[   55.086550] PM: suspend exit
[   55.093973] blk_update_request: I/O error, dev sda, sector 16783616 op 0x1:(WRITE) flags 0x4000 phys_seg 30 prio class 0
[   55.094026] blk_update_request: I/O error, dev sda, sector 16783856 op 0x1:(WRITE) flags 0x4000 phys_seg 30 prio class 0
[   55.094049] blk_update_request: I/O error, dev sda, sector 16784096 op 0x1:(WRITE) flags 0x4000 phys_seg 30 prio class 0
[   55.094062] blk_update_request: I/O error, dev sda, sector 16784336 op 0x1:(WRITE) flags 0x4000 phys_seg 30 prio class 0
[   55.094082] blk_update_request: I/O error, dev sda, sector 16784576 op 0x1:(WRITE) flags 0x4000 phys_seg 30 prio class 0
[   55.094097] blk_update_request: I/O error, dev sda, sector 16784816 op 0x1:(WRITE) flags 0x4000 phys_seg 30 prio class 0
[   55.094112] blk_update_request: I/O error, dev sda, sector 16785056 op 0x1:(WRITE) flags 0x4000 phys_seg 30 prio class 0
[   55.094161] blk_update_request: I/O error, dev sda, sector 702464 op 0x0:(READ) flags 0x84700 phys_seg 4 prio class 0
[   55.094176] blk_update_request: I/O error, dev sda, sector 702704 op 0x0:(READ) flags 0x84700 phys_seg 3 prio class 0
[   55.094213] blk_update_request: I/O error, dev sda, sector 16785296 op 0x1:(WRITE) flags 0x4000 phys_seg 30 prio class 0
[   55.094535] Aborting journal on device sda1-8.
[   55.094564] Buffer I/O error on dev sda1, logical block 7372800, lost sync page write
[   55.094579] JBD2: Error -5 detected when updating journal superblock for sda1-8.
[   61.987076] ravb e6800000.ethernet eth0: Link is Up - 1Gbps/Full - flow control off

[1]+  Done(1)                 cp /mnt/usb/testdata testdata_from_usb
root@salvator-x:~# echo "Wake up sucessfully"
Wake up sucessfully
root@salvator-x:~# 
root@salvator-x:~# wait
root@salvator-x:~# 
root@salvator-x:~# sync
root@salvator-x:~# 
root@salvator-x:~# cmp testdata testdata_from_usb
cmp: EOF on testdata_from_usb
root@salvator-x:~# 
root@salvator-x:~# umount /mnt/usb
root@salvator-x:~# 
 
#### Result: OK ####
