
------------ BOARD -------------


Please press switch to restart board 

[F 00:00:10
[F 00:00:09
NOTICE:  BL2: R-Car Gen3 Initial Program Loader(CA57) Rev.3.0.0
NOTICE:  BL2: PRR is R-Car H3 Ver.3.0
NOTICE:  BL2: Board is Salvator-XS Rev.1.0
NOTICE:  BL2: Boot device is HyperFlash(160MHz)
NOTICE:  BL2: LCM state is CM
NOTICE:  AVS setting succeeded. DVFS_SetVID=0x53
NOTICE:  BL2: DDR3200(rev.0.41)
NOTICE:  BL2: [COLD_BOOT]
NOTICE:  BL2: DRAM Split is 4ch(DDR f)
NOTICE:  BL2: QoS is default setting(rev.0.11)
NOTICE:  BL2: DRAM refresh interval 1.95 usec
NOTICE:  BL2: Periodic Write DQ Training
NOTICE:  BL2: CH0: 400000000 - 47fffffff, 2 GiB
NOTICE:  BL2: CH1: 500000000 - 57fffffff, 2 GiB
NOTICE:  BL2: CH2: 600000000 - 67fffffff, 2 GiB
NOTICE:  BL2: CH3: 700000000 - 77fffffff, 2 GiB
NOTICE:  BL2: FDT at 0xe6325e70
NOTICE:  BL2: v2.6(release):v2.6
NOTICE:  BL2: Built : 09:11:03, May 18 2022
NOTICE:  BL2: Normal boot
NOTICE:  BL2: dst=0xe6325700 src=0x8180000 len=512(0x200)
NOTICE:  BL2: dst=0x43f00000 src=0x8180400 len=6144(0x1800)
NOTICE:  rcar_file_len: len: 0x0003e000
NOTICE:  BL2: dst=0x44000000 src=0x81c0000 len=253952(0x3e000)
NOTICE:  rcar_file_len: len: 0x00200000
NOTICE:  BL2: dst=0x44100000 src=0x8200000 len=2097152(0x200000)
NOTICE:  rcar_file_len: len: 0x00100000
NOTICE:  BL2: dst=0x50000000 src=0x8640000 len=1048576(0x100000)
NOTICE:  BL2: Booting BL31


U-Boot 2021.07 (Jul 17 2021 - 09:21:24 +0700)

CPU: Renesas Electronics R8A7795 rev 3.0
Model: Renesas Salvator-X board based on r8a77950
DRAM:  7.9 GiB
Flash: 0 Bytes
MMC:   sd@ee100000: 0, sd@ee140000: 1, sd@ee160000: 2
Loading Environment from MMC... OK
In:    serial@e6e88000
Out:   serial@e6e88000
Err:   serial@e6e88000
Net:   eth0: ethernet@e6800000
Auto-update from TFTP: failed, env. variable 'updatefile' not found
Hit any key to stop autoboot:  2  1  0 
ethernet@e6800000 Waiting for PHY auto negotiation to complete.......... done
Using ethernet@e6800000 device
TFTP from server 192.168.10.98; our IP address is 192.168.10.132
Filename 'thuannguyen/h3/boot/Image'.
Load address: 0x48080000
Loading: *#################################################################
	 #################################################################
	 #################################################################
	 #################################################################
	 #################################################################
	 #################################################################
	 #################################################################
	 #################################################################
	 #################################################################
	 #################################################################
	 #################################################################
	 #################################################################
	 #################################################################
	 #################################################################
	 #################################################################
	 #################################################################
	 #################################################################
	 #################################################################
	 #################################################################
	 #################################################################
	 #################################################################
	 #################################################################
	 #################################################################
	 #################################################################
	 #################################################################
	 #################################################################
	 #################################################################
	 #################################################################
	 #################################################################
	 #################################################################
	 #################################################################
	 #################################################################
	 #################################################################
	 #################################################################
	 #################################################################
	 #################################################################
	 #################################################################
	 #################################################################
	 #################################################################
	 #################################################################
	 #################################################################
	 #################################################################
	 #################################################################
	 #################################################################
	 #################################################################
	 ################################################################
	 4.7 MiB/s
done
Bytes transferred = 43868672 (29d6200 hex)
Using ethernet@e6800000 device
TFTP from server 192.168.10.98; our IP address is 192.168.10.132
Filename 'thuannguyen/h3/boot/r8a77951-salvator-xs.dtb'.
Load address: 0x48000000
Loading: *#######
	 5.2 MiB/s
done
Bytes transferred = 98527 (180df hex)
Moving Image from 0x48080000 to 0x48200000, end=4ac70000
## Flattened Device Tree blob at 48000000
   Booting using the fdt blob at 0x48000000
   Loading Device Tree to 0000000057fe4000, end 0000000057fff0de ... OK
Overlap found: 0x500000000..0x57fffffff / 0x500000000..0x53fffffff
Overlap found: 0x600000000..0x67fffffff / 0x600000000..0x63fffffff
Overlap found: 0x700000000..0x77fffffff / 0x700000000..0x73fffffff

Starting kernel ...

[    0.000000] Booting Linux on physical CPU 0x0000000000 [0x411fd073]
[    0.000000] Linux version 6.7.0-rc2-arm64-renesas (thuan.nguyen-hong@lab-soc.banvien.com.vn) (aarch64-poky-linux-gcc (GCC) 10.3.0, GNU ld (GNU Binutils) 2.36.1.20210703) #1 SMP PREEMPT Mon Nov 20 03:10:40 UTC 2023
[    0.000000] KASLR disabled due to lack of seed
[    0.000000] Machine model: Renesas Salvator-X 2nd version board based on r8a77951
[    0.000000] efi: UEFI not found.
[    0.000000] OF: reserved mem: 0x0000000044100000..0x0000000047dfffff (62464 KiB) nomap non-reusable optee_core@44100000
[    0.000000] OF: reserved mem: 0x0000000047e00000..0x0000000047efffff (1024 KiB) nomap non-reusable optee_shm@47e00000
[    0.000000] NUMA: No NUMA configuration found
[    0.000000] NUMA: Faking a node at [mem 0x0000000048000000-0x000000077fffffff]
[    0.000000] NUMA: NODE_DATA [mem 0x77efba9c0-0x77efbcfff]
[    0.000000] Zone ranges:
[    0.000000]   DMA      [mem 0x0000000048000000-0x00000000ffffffff]
[    0.000000]   DMA32    empty
[    0.000000]   Normal   [mem 0x0000000100000000-0x000000077fffffff]
[    0.000000] Movable zone start for each node
[    0.000000] Early memory node ranges
[    0.000000]   node   0: [mem 0x0000000048000000-0x00000000bfffffff]
[    0.000000]   node   0: [mem 0x0000000500000000-0x000000057fffffff]
[    0.000000]   node   0: [mem 0x0000000600000000-0x000000067fffffff]
[    0.000000]   node   0: [mem 0x0000000700000000-0x000000077fffffff]
[    0.000000] Initmem setup node 0 [mem 0x0000000048000000-0x000000077fffffff]
[    0.000000] cma: Reserved 128 MiB at 0x00000000b8000000 on node -1
[    0.000000] psci: probing for conduit method from DT.
[    0.000000] psci: PSCIv1.1 detected in firmware.
[    0.000000] psci: Using standard PSCI v0.2 function IDs
[    0.000000] psci: Trusted OS migration not required
[    0.000000] psci: SMC Calling Convention v1.2
[    0.000000] percpu: Embedded 22 pages/cpu s50856 r8192 d31064 u90112
[    0.000000] Detected PIPT I-cache on CPU0
[    0.000000] CPU features: detected: Spectre-v2
[    0.000000] CPU features: detected: Spectre-v3a
[    0.000000] CPU features: detected: Spectre-BHB
[    0.000000] CPU features: detected: ARM erratum 1742098
[    0.000000] CPU features: detected: ARM errata 1165522, 1319367, or 1530923
[    0.000000] alternatives: applying boot alternatives
[    0.000000] Kernel command line: rw root=/dev/nfs nfsroot=192.168.10.98:/data/tftpboot/thuannguyen/h3/rootfs,nfsvers=4 ip=192.168.10.132
[    0.000000] Dentry cache hash table entries: 1048576 (order: 11, 8388608 bytes, linear)
[    0.000000] Inode-cache hash table entries: 524288 (order: 10, 4194304 bytes, linear)
[    0.000000] Fallback order for Node 0: 0 
[    0.000000] Built 1 zonelists, mobility grouping on.  Total pages: 2032128
[    0.000000] Policy zone: Normal
[    0.000000] mem auto-init: stack:off, heap alloc:off, heap free:off
[    0.000000] software IO TLB: area num 8.
[    0.000000] software IO TLB: mapped [mem 0x00000000b4000000-0x00000000b8000000] (64MB)
[    0.000000] Memory: 7857928K/8257536K available (17216K kernel code, 4376K rwdata, 11516K rodata, 9600K init, 533K bss, 268536K reserved, 131072K cma-reserved)
[    0.000000] SLUB: HWalign=64, Order=0-3, MinObjects=0, CPUs=8, Nodes=1
[    0.000000] rcu: Preemptible hierarchical RCU implementation.
[    0.000000] rcu: 	RCU event tracing is enabled.
[    0.000000] 	Trampoline variant of Tasks RCU enabled.
[    0.000000] 	Tracing variant of Tasks RCU enabled.
[    0.000000] rcu: RCU calculated value of scheduler-enlistment delay is 25 jiffies.
[    0.000000] NR_IRQS: 64, nr_irqs: 64, preallocated irqs: 0
[    0.000000] GIC: Adjusting CPU interface base to 0x00000000f102f000
[    0.000000] Root IRQ handler: gic_handle_irq
[    0.000000] GIC: Using split EOI/Deactivate mode
[    0.000000] rcu: srcu_init: Setting srcu_struct sizes based on contention.
[    0.000000] arch_timer: cp15 timer(s) running at 8.32MHz (phys).
[    0.000000] clocksource: arch_sys_counter: mask: 0xffffffffffffff max_cycles: 0x1eb398c07, max_idle_ns: 440795202503 ns
[    0.000000] sched_clock: 56 bits at 8MHz, resolution 120ns, wraps every 2199023255503ns
[    0.000406] Console: colour dummy device 80x25
[    0.000415] printk: legacy console [tty0] enabled
[    0.000678] Calibrating delay loop (skipped), value calculated using timer frequency.. 16.64 BogoMIPS (lpj=33280)
[    0.000695] pid_max: default: 32768 minimum: 301
[    0.000760] LSM: initializing lsm=capability,integrity
[    0.000857] Mount-cache hash table entries: 16384 (order: 5, 131072 bytes, linear)
[    0.000896] Mountpoint-cache hash table entries: 16384 (order: 5, 131072 bytes, linear)
[    0.002334] RCU Tasks: Setting shift to 3 and lim to 1 rcu_task_cb_adjust=1.
[    0.002412] RCU Tasks Trace: Setting shift to 3 and lim to 1 rcu_task_cb_adjust=1.
[    0.002606] rcu: Hierarchical SRCU implementation.
[    0.002616] rcu: 	Max phase no-delay instances is 1000.
[    0.004434] Detected Renesas R-Car Gen3 r8a7795 ES3.0
[    0.006197] EFI services will not be available.
[    0.006506] smp: Bringing up secondary CPUs ...
[    0.006940] Detected PIPT I-cache on CPU1
[    0.007020] CPU1: Booted secondary processor 0x0000000001 [0x411fd073]
[    0.007489] Detected PIPT I-cache on CPU2
[    0.007537] CPU2: Booted secondary processor 0x0000000002 [0x411fd073]
[    0.007962] Detected PIPT I-cache on CPU3
[    0.008007] CPU3: Booted secondary processor 0x0000000003 [0x411fd073]
[    0.008441] CPU features: detected: ARM erratum 845719
[    0.008453] Detected VIPT I-cache on CPU4
[    0.008537] CPU4: Booted secondary processor 0x0000000100 [0x410fd034]
[    0.008990] Detected VIPT I-cache on CPU5
[    0.009040] CPU5: Booted secondary processor 0x0000000101 [0x410fd034]
[    0.009446] Detected VIPT I-cache on CPU6
[    0.009497] CPU6: Booted secondary processor 0x0000000102 [0x410fd034]
[    0.009915] Detected VIPT I-cache on CPU7
[    0.009968] CPU7: Booted secondary processor 0x0000000103 [0x410fd034]
[    0.010042] smp: Brought up 1 node, 8 CPUs
[    0.010106] SMP: Total of 8 processors activated.
[    0.010114] CPU features: detected: 32-bit EL0 Support
[    0.010120] CPU features: detected: 32-bit EL1 Support
[    0.010127] CPU features: detected: CRC32 instructions
[    0.022386] CPU: All CPU(s) started at EL2
[    0.022434] alternatives: applying system-wide alternatives
[    0.024427] devtmpfs: initialized
[    0.032782] clocksource: jiffies: mask: 0xffffffff max_cycles: 0xffffffff, max_idle_ns: 7645041785100000 ns
[    0.032813] futex hash table entries: 2048 (order: 5, 131072 bytes, linear)
[    0.035138] pinctrl core: initialized pinctrl subsystem
[    0.037296] DMI not present or invalid.
[    0.037997] NET: Registered PF_NETLINK/PF_ROUTE protocol family
[    0.038632] DMA: preallocated 1024 KiB GFP_KERNEL pool for atomic allocations
[    0.038816] DMA: preallocated 1024 KiB GFP_KERNEL|GFP_DMA pool for atomic allocations
[    0.039075] DMA: preallocated 1024 KiB GFP_KERNEL|GFP_DMA32 pool for atomic allocations
[    0.039131] audit: initializing netlink subsys (disabled)
[    0.039262] audit: type=2000 audit(0.028:1): state=initialized audit_enabled=0 res=1
[    0.040599] thermal_sys: Registered thermal governor 'step_wise'
[    0.040604] thermal_sys: Registered thermal governor 'power_allocator'
[    0.040656] cpuidle: using governor menu
[    0.040791] hw-breakpoint: found 6 breakpoint and 4 watchpoint registers.
[    0.040917] ASID allocator initialised with 65536 entries
[    0.042554] Serial: AMBA PL011 UART driver
[    0.049672] platform soc: Fixed dependency cycle(s) with /soc/interrupt-controller@f1010000
[    0.051846] platform e6060000.pinctrl: Fixed dependency cycle(s) with /soc/pinctrl@e6060000/scif_clk
[    0.052184] sh-pfc e6060000.pinctrl: r8a77951_pfc support registered
[    0.071036] platform fea80000.csi2: Fixed dependency cycle(s) with /soc/video@e6ef7000/ports/port@1/endpoint@0
[    0.071068] platform fea80000.csi2: Fixed dependency cycle(s) with /soc/video@e6ef6000/ports/port@1/endpoint@0
[    0.071089] platform fea80000.csi2: Fixed dependency cycle(s) with /soc/video@e6ef5000/ports/port@1/endpoint@0
[    0.071110] platform fea80000.csi2: Fixed dependency cycle(s) with /soc/video@e6ef4000/ports/port@1/endpoint@0
[    0.071131] platform fea80000.csi2: Fixed dependency cycle(s) with /soc/video@e6ef3000/ports/port@1/endpoint@0
[    0.071152] platform fea80000.csi2: Fixed dependency cycle(s) with /soc/video@e6ef2000/ports/port@1/endpoint@0
[    0.071173] platform fea80000.csi2: Fixed dependency cycle(s) with /soc/video@e6ef1000/ports/port@1/endpoint@0
[    0.071196] platform fea80000.csi2: Fixed dependency cycle(s) with /soc/video@e6ef0000/ports/port@1/endpoint@0
[    0.071443] platform feaa0000.csi2: Fixed dependency cycle(s) with /soc/video@e6ef3000/ports/port@1/endpoint@2
[    0.071479] platform feaa0000.csi2: Fixed dependency cycle(s) with /soc/video@e6ef2000/ports/port@1/endpoint@2
[    0.071513] platform feaa0000.csi2: Fixed dependency cycle(s) with /soc/video@e6ef1000/ports/port@1/endpoint@2
[    0.071546] platform feaa0000.csi2: Fixed dependency cycle(s) with /soc/video@e6ef0000/ports/port@1/endpoint@2
[    0.071772] platform fead0000.hdmi: Fixed dependency cycle(s) with /soc/sound@ec500000/ports/port@1/endpoint
[    0.072016] platform feae0000.hdmi: Fixed dependency cycle(s) with /soc/sound@ec500000/ports/port@2/endpoint
[    0.072293] platform feb00000.display: Fixed dependency cycle(s) with /soc/hdmi@feae0000/ports/port@0/endpoint
[    0.072322] platform feb00000.display: Fixed dependency cycle(s) with /soc/hdmi@fead0000/ports/port@0/endpoint
[    0.073469] platform hdmi0-out: Fixed dependency cycle(s) with /soc/hdmi@fead0000/ports/port@1/endpoint
[    0.073666] platform hdmi1-out: Fixed dependency cycle(s) with /soc/hdmi@feae0000/ports/port@1/endpoint
[    0.075923] platform vga-encoder: Fixed dependency cycle(s) with /vga/port/endpoint
[    0.075965] platform vga-encoder: Fixed dependency cycle(s) with /soc/display@feb00000/ports/port@0/endpoint
[    0.076549] Modules: 21904 pages in range for non-PLT usage
[    0.076553] Modules: 513424 pages in range for PLT usage
[    0.077098] HugeTLB: registered 1.00 GiB page size, pre-allocated 0 pages
[    0.077113] HugeTLB: 0 KiB vmemmap can be freed for a 1.00 GiB page
[    0.077121] HugeTLB: registered 32.0 MiB page size, pre-allocated 0 pages
[    0.077128] HugeTLB: 0 KiB vmemmap can be freed for a 32.0 MiB page
[    0.077135] HugeTLB: registered 2.00 MiB page size, pre-allocated 0 pages
[    0.077141] HugeTLB: 0 KiB vmemmap can be freed for a 2.00 MiB page
[    0.077148] HugeTLB: registered 64.0 KiB page size, pre-allocated 0 pages
[    0.077154] HugeTLB: 0 KiB vmemmap can be freed for a 64.0 KiB page
[    0.078564] ACPI: Interpreter disabled.
[    0.083771] iommu: Default domain type: Translated
[    0.083786] iommu: DMA domain TLB invalidation policy: strict mode
[    0.084048] SCSI subsystem initialized
[    0.084289] usbcore: registered new interface driver usbfs
[    0.084316] usbcore: registered new interface driver hub
[    0.084345] usbcore: registered new device driver usb
[    0.085763] i2c-sh_mobile e60b0000.i2c: I2C adapter 7, bus speed 400000 Hz
[    0.086127] mc: Linux media interface: v0.10
[    0.086163] videodev: Linux video capture interface: v2.00
[    0.086206] pps_core: LinuxPPS API ver. 1 registered
[    0.086213] pps_core: Software ver. 5.3.6 - Copyright 2005-2007 Rodolfo Giometti <giometti@linux.it>
[    0.086226] PTP clock support registered
[    0.086421] EDAC MC: Ver: 3.0.0
[    0.087329] scmi_core: SCMI protocol bus registered
[    0.088414] FPGA manager framework
[    0.088499] Advanced Linux Sound Architecture Driver Initialized.
[    0.089281] vgaarb: loaded
[    0.089836] clocksource: Switched to clocksource arch_sys_counter
[    0.090012] VFS: Disk quotas dquot_6.6.0
[    0.090042] VFS: Dquot-cache hash table entries: 512 (order 0, 4096 bytes)
[    0.090163] pnp: PnP ACPI: disabled
[    0.095032] NET: Registered PF_INET protocol family
[    0.095327] IP idents hash table entries: 131072 (order: 8, 1048576 bytes, linear)
[    0.098872] tcp_listen_portaddr_hash hash table entries: 4096 (order: 4, 65536 bytes, linear)
[    0.099018] Table-perturb hash table entries: 65536 (order: 6, 262144 bytes, linear)
[    0.099037] TCP established hash table entries: 65536 (order: 7, 524288 bytes, linear)
[    0.099329] TCP bind hash table entries: 65536 (order: 9, 2097152 bytes, linear)
[    0.100429] TCP: Hash tables configured (established 65536 bind 65536)
[    0.100542] UDP hash table entries: 4096 (order: 5, 131072 bytes, linear)
[    0.100665] UDP-Lite hash table entries: 4096 (order: 5, 131072 bytes, linear)
[    0.100877] NET: Registered PF_UNIX/PF_LOCAL protocol family
[    0.101218] RPC: Registered named UNIX socket transport module.
[    0.101233] RPC: Registered udp transport module.
[    0.101240] RPC: Registered tcp transport module.
[    0.101245] RPC: Registered tcp-with-tls transport module.
[    0.101251] RPC: Registered tcp NFSv4.1 backchannel transport module.
[    0.101268] PCI: CLS 0 bytes, default 64
[    0.101719] kvm [1]: IPA Size Limit: 40 bits
[    0.102935] kvm [1]: vgic interrupt IRQ9
[    0.102974] kvm [1]: Hyp mode initialized successfully
[    0.104146] Initialise system trusted keyrings
[    0.104291] workingset: timestamp_bits=42 max_order=21 bucket_order=0
[    0.104525] squashfs: version 4.0 (2009/01/31) Phillip Lougher
[    0.104744] NFS: Registering the id_resolver key type
[    0.104768] Key type id_resolver registered
[    0.104775] Key type id_legacy registered
[    0.104793] nfs4filelayout_init: NFSv4 File Layout Driver Registering...
[    0.104802] nfs4flexfilelayout_init: NFSv4 Flexfile Layout Driver Registering...
[    0.104902] 9p: Installing v9fs 9p2000 file system support
[    0.133740] Key type asymmetric registered
[    0.133753] Asymmetric key parser 'x509' registered
[    0.133797] Block layer SCSI generic (bsg) driver version 0.4 loaded (major 242)
[    0.133809] io scheduler mq-deadline registered
[    0.133816] io scheduler kyber registered
[    0.133856] io scheduler bfq registered
[    0.150017] gpio_rcar e6050000.gpio: driving 16 GPIOs
[    0.150274] gpio_rcar e6051000.gpio: driving 29 GPIOs
[    0.150474] gpio_rcar e6052000.gpio: driving 15 GPIOs
[    0.150686] gpio_rcar e6053000.gpio: driving 16 GPIOs
[    0.150892] gpio_rcar e6054000.gpio: driving 18 GPIOs
[    0.151106] gpio_rcar e6055000.gpio: driving 26 GPIOs
[    0.151316] gpio_rcar e6055400.gpio: driving 32 GPIOs
[    0.151514] gpio_rcar e6055800.gpio: driving 4 GPIOs
[    0.154177] rcar-pcie fe000000.pcie: host bridge /soc/pcie@fe000000 ranges:
[    0.154217] rcar-pcie fe000000.pcie:       IO 0x00fe100000..0x00fe1fffff -> 0x0000000000
[    0.154242] rcar-pcie fe000000.pcie:      MEM 0x00fe200000..0x00fe3fffff -> 0x00fe200000
[    0.154261] rcar-pcie fe000000.pcie:      MEM 0x0030000000..0x0037ffffff -> 0x0030000000
[    0.154280] rcar-pcie fe000000.pcie:      MEM 0x0038000000..0x003fffffff -> 0x0038000000
[    0.154298] rcar-pcie fe000000.pcie:   IB MEM 0x0000000000..0x00ffffffff -> 0x0000000000
[    0.221204] rcar-pcie fe000000.pcie: PCIe link down
[    0.221373] rcar-pcie ee800000.pcie: host bridge /soc/pcie@ee800000 ranges:
[    0.221401] rcar-pcie ee800000.pcie:       IO 0x00ee900000..0x00ee9fffff -> 0x0000000000
[    0.221422] rcar-pcie ee800000.pcie:      MEM 0x00eea00000..0x00eebfffff -> 0x00eea00000
[    0.221442] rcar-pcie ee800000.pcie:      MEM 0x00c0000000..0x00c7ffffff -> 0x00c0000000
[    0.221456] rcar-pcie ee800000.pcie:      MEM 0x00c8000000..0x00cfffffff -> 0x00c8000000
[    0.221473] rcar-pcie ee800000.pcie:   IB MEM 0x0000000000..0x00ffffffff -> 0x0000000000
[    0.377839] rcar-pcie ee800000.pcie: PCIe link down
[    0.380557] EINJ: ACPI disabled.
[    0.428619] Serial: 8250/16550 driver, 2 ports, IRQ sharing enabled
[    0.431550] msm_serial: driver initialized
[    0.431939] SuperH (H)SCI(F) driver initialized
[    0.432472] e6550000.serial: ttySC1 at MMIO 0xe6550000 (irq = 28, base_baud = 0) is a hscif
[    0.433044] e6e88000.serial: ttySC0 at MMIO 0xe6e88000 (irq = 29, base_baud = 0) is a scif
[    0.433087] printk: legacy console [ttySC0] enabled
[    1.871070] STM32 USART driver initialized
[    1.884641] loop: module loaded
[    1.887963] at24 7-0050: supply vcc not found, using dummy regulator
[    1.894682] at24 7-0050: 128 byte br24t01 EEPROM, writable, 8 bytes/write
[    1.902761] megasas: 07.727.03.00-rc1
[    1.913685] tun: Universal TUN/TAP device driver, 1.6
[    1.919754] thunder_xcv, ver 1.0
[    1.923014] thunder_bgx, ver 1.0
[    1.926257] nicpf, ver 1.0
[    1.930253] hns3: Hisilicon Ethernet Network Driver for Hip08 Family - version
[    1.937482] hns3: Copyright (c) 2017 Huawei Corporation.
[    1.942813] hclge is initializing
[    1.946165] e1000: Intel(R) PRO/1000 Network Driver
[    1.951044] e1000: Copyright (c) 1999-2006 Intel Corporation.
[    1.956806] e1000e: Intel(R) PRO/1000 Network Driver
[    1.961772] e1000e: Copyright(c) 1999 - 2015 Intel Corporation.
[    1.967704] igb: Intel(R) Gigabit Ethernet Network Driver
[    1.973104] igb: Copyright (c) 2007-2014 Intel Corporation.
[    1.978690] igbvf: Intel(R) Gigabit Virtual Function Network Driver
[    1.984958] igbvf: Copyright (c) 2009 - 2012 Intel Corporation.
[    1.991229] sky2: driver version 1.30
[    1.996734] VFIO - User Level meta-driver version: 0.3
[    2.004313] ehci-platform ee0a0100.usb: EHCI Host Controller
[    2.004361] ehci-platform ee0c0100.usb: EHCI Host Controller
[    2.004803] ohci-platform ee0a0000.usb: Generic Platform OHCI controller
[    2.004828] ohci-platform ee0a0000.usb: new USB bus registered, assigned bus number 1
[    2.004950] ohci-platform ee0a0000.usb: irq 30, io mem 0xee0a0000
[    2.005029] ohci-platform ee0c0000.usb: Generic Platform OHCI controller
[    2.005045] ohci-platform ee0c0000.usb: new USB bus registered, assigned bus number 2
[    2.005147] ohci-platform ee0c0000.usb: irq 31, io mem 0xee0c0000
[    2.005346] xhci-renesas-hcd ee000000.usb: xHCI Host Controller
[    2.005357] xhci-renesas-hcd ee000000.usb: new USB bus registered, assigned bus number 3
[    2.005600] xhci-renesas-hcd ee000000.usb: Direct firmware load for r8a779x_usb3_v3.dlmem failed with error -2
[    2.005609] xhci-renesas-hcd ee000000.usb: can't setup: -2
[    2.005616] xhci-renesas-hcd ee000000.usb: USB bus 3 deregistered
[    2.005640] xhci-renesas-hcd: probe of ee000000.usb failed with error -2
[    2.006103] usbcore: registered new interface driver usb-storage
[    2.007790] renesas_usbhs e659c000.usb: host probed
[    2.007797] renesas_usbhs e659c000.usb: no transceiver found
[    2.007885] renesas_usbhs e659c000.usb: gadget probed
[    2.008024] renesas_usbhs e659c000.usb: probed
[    2.008840] renesas_usb3 ee020000.usb: probed with phy
[    2.010013] ehci-platform ee0a0100.usb: new USB bus registered, assigned bus number 3
[    2.010828] i2c_dev: i2c /dev entries driver
[    2.013369] i2c 2-0010: Fixed dependency cycle(s) with /soc/sound@ec500000/ports/port@0/endpoint
[    2.013399] i2c 2-0010: Fixed dependency cycle(s) with /soc/sound@ec500000
[    2.013750] cs2000-cp 2-004f: operating in static mode
[    2.015648] ehci-platform ee0c0100.usb: new USB bus registered, assigned bus number 4
[    2.022002] cs2000-cp 2-004f: revision - C1
[    2.022052] i2c-rcar e6510000.i2c: probed
[    2.022397] ehci-platform ee0a0100.usb: irq 30, io mem 0xee0a0100
[    2.022521] pca953x 4-0020: supply vcc not found, using dummy regulator
[    2.022590] pca953x 4-0020: using no AI
[    2.023530] i2c 4-0070: Fixed dependency cycle(s) with /soc/csi2@fea80000/ports/port@0/endpoint
[    2.023601] i2c 4-0070: Fixed dependency cycle(s) with /soc/csi2@feaa0000/ports/port@0/endpoint
[    2.023616] i2c 4-0070: Fixed dependency cycle(s) with /hdmi-in/port/endpoint
[    2.023627] i2c 4-0070: Fixed dependency cycle(s) with /cvbs-in/port/endpoint
[    2.029614] i2c-rcar e66d8000.i2c: probed
[    2.029878] ohci-platform ee0e0000.usb: Generic Platform OHCI controller
[    2.029878] ehci-platform ee0e0100.usb: EHCI Host Controller
[    2.029903] ohci-platform ee0e0000.usb: new USB bus registered, assigned bus number 5
[    2.029904] ehci-platform ee0e0100.usb: new USB bus registered, assigned bus number 6
[    2.029964] ehci-platform ee0e0100.usb: irq 15, io mem 0xee0e0100
[    2.030036] ohci-platform ee0e0000.usb: irq 15, io mem 0xee0e0000
[    2.030225] ehci-platform ee0c0100.usb: irq 31, io mem 0xee0c0100
[    2.030504] adv748x 4-0070: Endpoint /soc/i2c@e66d8000/video-receiver@70/ports/port@7/endpoint on port 7
[    2.030523] adv748x 4-0070: Endpoint /soc/i2c@e66d8000/video-receiver@70/ports/port@8/endpoint on port 8
[    2.030539] adv748x 4-0070: Endpoint /soc/i2c@e66d8000/video-receiver@70/ports/port@a/endpoint on port 10
[    2.030562] adv748x 4-0070: Endpoint /soc/i2c@e66d8000/video-receiver@70/ports/port@b/endpoint on port 11
[    2.030933] adv748x 4-0070: chip found @ 0xe0 revision 2143
[    2.045851] ehci-platform ee0e0100.usb: USB 2.0 started, EHCI 1.10
[    2.061844] ehci-platform ee0a0100.usb: USB 2.0 started, EHCI 1.10
[    2.063227] hub 6-0:1.0: USB hub found
[    2.068025] rcar-csi2 fea80000.csi2: 1 lanes found
[    2.068527] rcar-csi2 feaa0000.csi2: 4 lanes found
[    2.072301] rcar-vin e6ef0000.video: Device registered as video0
[    2.080913] hub 6-0:1.0: 1 port detected
[    2.081846] ehci-platform ee0c0100.usb: USB 2.0 started, EHCI 1.10
[    2.086523] rcar-vin e6ef1000.video: Device registered as video1
[    2.093074] hub 3-0:1.0: USB hub found
[    2.099257] rcar-vin e6ef2000.video: Device registered as video2
[    2.105197] hub 3-0:1.0: 1 port detected
[    2.110130] rcar-vin e6ef3000.video: Device registered as video3
[    2.116189] hub 4-0:1.0: USB hub found
[    2.120850] rcar-vin e6ef4000.video: Device registered as video4
[    2.125221] hub 4-0:1.0: 1 port detected
[    2.130423] rcar-vin e6ef5000.video: Device registered as video5
[    2.138867] hub 1-0:1.0: USB hub found
[    2.142526] rcar-vin e6ef6000.video: Device registered as video6
[    2.151278] hub 1-0:1.0: 1 port detected
[    2.158189] rcar-vin e6ef7000.video: Device registered as video7
[    2.164017] hub 2-0:1.0: USB hub found
[    2.175905] rcar_gen3_thermal e6198000.thermal: No calibration values fused, fallback to driver values
[    2.179334] hub 2-0:1.0: 1 port detected
[    2.189702] rcar_gen3_thermal e6198000.thermal: Sensor 0: Loaded 1 trip points
[    2.192682] hub 5-0:1.0: USB hub found
[    2.200051] rcar_gen3_thermal e6198000.thermal: Sensor 1: Loaded 1 trip points
[    2.204580] hub 5-0:1.0: 1 port detected
[    2.217438] rcar_gen3_thermal e6198000.thermal: Sensor 2: Loaded 2 trip points
[    2.480519] sdhci: Secure Digital Host Controller Interface driver
[    2.486732] sdhci: Copyright(c) Pierre Ossman
[    2.492090] Synopsys Designware Multimedia Card Interface Driver
[    2.499218] sdhci-pltfm: SDHCI platform and OF driver helper
[    2.508101] ledtrig-cpu: registered to indicate activity on CPUs
[    2.514999] SMCCC: SOC_ID: ARCH_SOC_ID not implemented, skipping ....
[    2.521867] ccree e6601000.crypto: ARM CryptoCell 630P Driver: HW version 0xAF400001/0xDCC63000, Driver version 5.0
[    2.532685] ccree e6601000.crypto: ARM ccree device initialized
[    2.539558] usbcore: registered new interface driver usbhid
[    2.545143] usbhid: USB HID core driver
[    2.568689] hw perfevents: enabled with armv8_cortex_a53 PMU driver, 7 counters available
[    2.577783] hw perfevents: enabled with armv8_cortex_a57 PMU driver, 7 counters available
[    2.588312] optee: probing for conduit method.
[    2.592781] optee: revision 3.17 (f9e55014)
[    2.593150] optee: dynamic shared memory is enabled
[    2.602539] optee: initialized driver
[    2.620850] NET: Registered PF_PACKET protocol family
[    2.625931] can: controller area network core
[    2.630329] NET: Registered PF_CAN protocol family
[    2.635181] 9pnet: Installing 9P2000 support
[    2.639512] Key type dns_resolver registered
[    2.649588] registered taskstats version 1
[    2.653891] Loading compiled-in X.509 certificates
[    2.672883] renesas_irqc e61c0000.interrupt-controller: driving 6 irqs
[    2.695251] rcar-dw-hdmi fead0000.hdmi: Detected HDMI TX controller v2.01a with HDCP (DWC HDMI 2.0 TX PHY)
[    2.705489] rcar-dw-hdmi fead0000.hdmi: registered DesignWare HDMI I2C bus driver
[    2.715981] rcar-dw-hdmi feae0000.hdmi: Detected HDMI TX controller v2.01a with HDCP (DWC HDMI 2.0 TX PHY)
[    2.726145] rcar-dw-hdmi feae0000.hdmi: registered DesignWare HDMI I2C bus driver
[    2.746118] renesas_usbhs e6590000.usb: host probed
[    2.751023] renesas_usbhs e6590000.usb: no transceiver found
[    2.756799] renesas_usbhs e6590000.usb: gadget probed
[    2.761989] renesas_usbhs e6590000.usb: probed
[    2.770019] ehci-platform ee080100.usb: EHCI Host Controller
[    2.773891] ohci-platform ee080000.usb: Generic Platform OHCI controller
[    2.775702] ehci-platform ee080100.usb: new USB bus registered, assigned bus number 7
[    2.781588] cpufreq: cpufreq_online: CPU0: Running at unlisted initial frequency: 1497600 KHz, changing to: 1500000 KHz
[    2.781717] cpu cpu0: EM: created perf domain
[    2.782392] ohci-platform ee080000.usb: new USB bus registered, assigned bus number 8
[    2.782849] cpufreq: cpufreq_online: CPU4: Running at unlisted initial frequency: 1198080 KHz, changing to: 1200000 KHz
[    2.783051] cpu cpu4: EM: created perf domain
[    2.790300] ehci-platform ee080100.usb: irq 94, io mem 0xee080100
[    2.801043] ohci-platform ee080000.usb: irq 94, io mem 0xee080000
[    2.817854] ehci-platform ee080100.usb: USB 2.0 started, EHCI 1.10
[    2.847880] hub 7-0:1.0: USB hub found
[    2.851782] hub 7-0:1.0: 1 port detected
[    2.858669] input: keys as /devices/platform/keys/input/input0
[    2.912381] hub 8-0:1.0: USB hub found
[    2.916181] hub 8-0:1.0: 1 port detected
[    2.956451] Trying to probe devices needed for running init ...
[   13.035127] rcar-dmac e6700000.dma-controller: deferred probe timeout, ignoring dependency
[   13.047911] rcar-dmac e7300000.dma-controller: deferred probe timeout, ignoring dependency
[   13.060241] rcar-dmac e7310000.dma-controller: deferred probe timeout, ignoring dependency
[   13.072340] rcar-dmac ec700000.dma-controller: deferred probe timeout, ignoring dependency
[   13.084750] rcar-dmac ec720000.dma-controller: deferred probe timeout, ignoring dependency
[   13.100003] sata_rcar ee300000.sata: deferred probe timeout, ignoring dependency
[   13.108372] scsi host0: sata_rcar
[   13.111835] ata1: SATA max UDMA/133 irq 186 lpm-pol 0
[   13.118468] ravb e6800000.ethernet: deferred probe timeout, ignoring dependency
[   13.129030] ravb e6800000.ethernet eth0: Base address at 0xe6800000, 2e:09:0a:00:c3:9a, IRQ 187.
[   13.145512] rcar-fcp fe950000.fcp: deferred probe timeout, ignoring dependency
[   13.153427] rcar-fcp fe951000.fcp: deferred probe timeout, ignoring dependency
[   13.161291] rcar-fcp fe96f000.fcp: deferred probe timeout, ignoring dependency
[   13.169117] rcar-fcp fe92f000.fcp: deferred probe timeout, ignoring dependency
[   13.176939] rcar-fcp fe9af000.fcp: deferred probe timeout, ignoring dependency
[   13.184737] rcar-fcp fe9bf000.fcp: deferred probe timeout, ignoring dependency
[   13.192537] rcar-fcp fea27000.fcp: deferred probe timeout, ignoring dependency
[   13.200342] rcar-fcp fea2f000.fcp: deferred probe timeout, ignoring dependency
[   13.208161] rcar-fcp fea37000.fcp: deferred probe timeout, ignoring dependency
[   13.216394] rcar_fdp1 fe940000.fdp1: Device registered as /dev/video8
[   13.224122] rcar_fdp1 fe944000.fdp1: Device registered as /dev/video9
[   13.233040] renesas_sdhi_internal_dmac ee100000.mmc: deferred probe timeout, ignoring dependency
[   13.234058] renesas_sdhi_internal_dmac ee160000.mmc: deferred probe timeout, ignoring dependency
[   13.238256] renesas_sdhi_internal_dmac ee140000.mmc: deferred probe timeout, ignoring dependency
[   13.248262] renesas_sdhi_internal_dmac ee100000.mmc: Got CD GPIO
[   13.248619] rcar_sound ec500000.sound: probed
[   13.250781] renesas_sdhi_internal_dmac ee160000.mmc: Got CD GPIO
[   13.259462] renesas_sdhi_internal_dmac ee100000.mmc: Got WP GPIO
[   13.265450] renesas_sdhi_internal_dmac ee160000.mmc: Got WP GPIO
[   13.293897] renesas_sdhi_internal_dmac ee140000.mmc: mmc0 base at 0x00000000ee140000, max clock rate 200 MHz
[   13.316050] hdmi-audio-codec hdmi-audio-codec.4.auto: ASoC: sink widget TX overwritten
[   13.318277] renesas_sdhi_internal_dmac ee100000.mmc: mmc1 base at 0x00000000ee100000, max clock rate 200 MHz
[   13.323982] hdmi-audio-codec hdmi-audio-codec.4.auto: ASoC: sink widget Capture overwritten
[   13.323987] hdmi-audio-codec hdmi-audio-codec.4.auto: ASoC: source widget RX overwritten
[   13.337139] renesas_sdhi_internal_dmac ee160000.mmc: mmc2 base at 0x00000000ee160000, max clock rate 200 MHz
[   13.368179] [drm] Initialized rcar-du 1.0.0 20130110 for feb00000.display on minor 0
[   13.375953] rcar-du feb00000.display: [drm] Device feb00000.display probed
[   13.378810] mmc0: new HS400 MMC card at address 0001
[   13.388737] mmcblk0: mmc0:0001 BGSD3R 29.1 GiB
[   13.395321]  mmcblk0: p1 p2 p3
[   13.396484] mmcblk0boot0: mmc0:0001 BGSD3R 16.0 MiB
[   13.397625] mmcblk0boot1: mmc0:0001 BGSD3R 16.0 MiB
[   13.398859] mmcblk0rpmb: mmc0:0001 BGSD3R 4.00 MiB, chardev (509:0)
[   13.429822] Console: switching to colour frame buffer device 128x48
[   13.472329] rcar-du feb00000.display: [drm] fb0: rcar-dudrmfb frame buffer device
[   13.533851] ata1: link resume succeeded after 1 retries
[   13.612149] mmc2: new ultra high speed SDR104 SDHC card at address aaaa
[   13.617409] mmc1: new ultra high speed SDR104 SDHC card at address aaaa
[   13.619376] mmcblk2: mmc2:aaaa AGGCD 29.7 GiB
[   13.625874] mmcblk1: mmc1:aaaa AGGCD 29.7 GiB
[   13.636696]  mmcblk2: p1 p2
[   13.637316]  mmcblk1: p1 p2
[   13.644226] ata1: SATA link down (SStatus 0 SControl 300)
[   13.721466] Micrel KSZ9031 Gigabit PHY e6800000.ethernet-ffffffff:00: attached PHY driver (mii_bus:phy_addr=e6800000.ethernet-ffffffff:00, irq=193)
[   20.561409] ravb e6800000.ethernet eth0: Link is Up - 1Gbps/Full - flow control off
[   20.581849] IP-Config: Guessing netmask 255.255.255.0
[   20.586932] IP-Config: Complete:
[   20.592641]      device=eth0, hwaddr=2e:09:0a:00:c3:9a, ipaddr=192.168.10.132, mask=255.255.255.0, gw=255.255.255.255
[   20.605900]      host=192.168.10.132, domain=, nis-domain=(none)
[   20.613985]      bootserver=255.255.255.255, rootserver=192.168.10.98, rootpath=
[   20.614193] clk: Disabling unused clocks
[   20.629453] ALSA device list:
[   20.634062]   #0: rcar-sound
[   21.137778] VFS: Mounted root (nfs4 filesystem) on device 0:23.
[   21.146500] devtmpfs: mounted
[   21.156250] Freeing unused kernel memory: 9600K
[   21.173903] Run /sbin/init as init process
[   21.349092] systemd[1]: System time before build time, advancing clock.
[   21.446791] systemd[1]: systemd 234 running in system mode. (+PAM -AUDIT -SELINUX +IMA -APPARMOR +SMACK +SYSVINIT +UTMP -LIBCRYPTSETUP -GCRYPT -GNUTLS +ACL +XZ -LZ4 -SECCOMP +BLKID -ELFUTILS +KMOD -IDN2 -IDN default-hierarchy=hybrid)
[   21.478131] systemd[1]: Detected architecture arm64.

Welcome to [1mPoky (Yocto Project Reference Distro) 2.4.1 (rocko)[0m!

[   21.516892] systemd[1]: Set hostname to <salvator-x>.
[   24.569870] random: crng init done
[   24.577245] systemd[1]: Started Dispatch Password Requests to Console Directory Watch.
[[0;32m  OK  [0m] Started Dispatch Password Requests to Console Directory Watch.
[   24.602412] systemd[1]: Listening on Network Service Netlink Socket.
[[0;32m  OK  [0m] Listening on Network Service Netlink Socket.
[   24.627192] systemd[1]: Created slice System Slice.
[[0;32m  OK  [0m] Created slice System Slice.
[   24.650321] systemd[1]: Listening on udev Kernel Socket.
[[0;32m  OK  [0m] Listening on udev Kernel Socket.
[   24.686129] systemd[1]: Mounting POSIX Message Queue File System...
         Mounting POSIX Message Queue File System...
[   24.710693] systemd[1]: Created slice system-getty.slice.
[[0;32m  OK  [0m] Created slice system-getty.slice.
[   24.730210] systemd[1]: Started Forward Password Requests to Wall Directory Watch.
[[0;32m  OK  [0m] Started Forward Password Requests to Wall Directory Watch.
[[0;32m  OK  [0m] Reached target Paths.
[[0;32m  OK  [0m] Listening on udev Control Socket.
[[0;32m  OK  [0m] Reached target Swap.
[[0;32m  OK  [0m] Listening on /dev/initctl Compatibility Named Pipe.
         Mounting Kernel Debug File System...
[[0;32m  OK  [0m] Created slice User and Session Slice.
[[0;32m  OK  [0m] Reached target Slices.
         Mounting Huge Pages File System...
[[0;32m  OK  [0m] Listening on Journal Audit Socket.
[[0;32m  OK  [0m] Listening on Journal Socket (/dev/log).
[[0;32m  OK  [0m] Reached target Remote File Systems.
[[0;32m  OK  [0m] Created slice system-serial\x2dgetty.slice.
[[0;32m  OK  [0m] Listening on Journal Socket.
         Starting Create list of required stâ€¦ce nodes for the current kernel...
         Starting Remount Root and Kernel File Systems...
         Starting Journal Service...
         Mounting Kernel Configuration File System...
         Starting Apply Kernel Variables...
         Mounting Temporary Directory (/tmp)...
[[0;32m  OK  [0m] Mounted Kernel Debug File System.
[[0;32m  OK  [0m] Mounted Kernel Configuration File System.
[[0;32m  OK  [0m] Mounted POSIX Message Queue File System.
[[0;32m  OK  [0m] Mounted Huge Pages File System.
[[0;32m  OK  [0m] Mounted Temporary Directory (/tmp).
[[0;32m  OK  [0m] Started Journal Service.
[[0;32m  OK  [0m] Started Create list of required staâ€¦vice nodes for the current kernel.
[[0;32m  OK  [0m] Started Remount Root and Kernel File Systems.
[[0;32m  OK  [0m] Started Apply Kernel Variables.
         Starting udev Coldplug all Devices...
         Starting Create Static Device Nodes in /dev...
         Starting Flush Journal to Persistent Storage...
[   25.343775] systemd-journald[284]: Received request to flush runtime journal from PID 1
[[0;32m  OK  [0m] Started Flush Journal to Persistent Storage.
[[0;32m  OK  [0m] Started Create Static Device Nodes in /dev.
         Starting udev Kernel Device Manager...
[[0;32m  OK  [0m] Reached target Local File Systems (Pre).
         Mounting /var/volatile...
[[0;32m  OK  [0m] Mounted /var/volatile.
         Starting Load/Save Random Seed...
[[0;32m  OK  [0m] Reached target Local File Systems.
         Starting Create Volatile Files and Directories...
[[0;32m  OK  [0m] Started udev Kernel Device Manager.
[[0;32m  OK  [0m] Started Load/Save Random Seed.
[[0;32m  OK  [0m] Started Create Volatile Files and Directories.
         Starting Update UTMP about System Boot/Shutdown...
[[0;32m  OK  [0m] Started Update UTMP about System Boot/Shutdown.
[[0;32m  OK  [0m] Started udev Coldplug all Devices.
[[0;32m  OK  [0m] Found device /dev/ttySC0.
[   26.163993] rcar_sound ec500000.sound: Can't update kctrl when idle
[[0;32m  OK  [0m] Reached target Sound Card.
[[0;32m  OK  [0m] Created slice system-systemd\x2dbacklight.slice.
         Starting Load/Save Screen Backlightâ€¦ightness of backlight:backlight...
[[0;32m  OK  [0m] Started Load/Save Screen Backlight Brightness of backlight:backlight.
[[0;32m  OK  [0m] Reached target System Initialization.
[[0;32m  OK  [0m] Listening on D-Bus System Message Bus Socket.
[[0;32m  OK  [0m] Started dnf makecache timer.
[[0;32m  OK  [0m] Started Daily rotation of log files.
[[0;32m  OK  [0m] Listening on RPCbind Server Activation Socket.
[[0;32m  OK  [0m] Listening on Avahi mDNS/DNS-SD Stack Activation Socket.
         Starting Console System Startup Logging...
         Starting Network Service...
[[0;32m  OK  [0m] Started dnf-automatic-install timer.
         Starting sshd.socket.
[[0;32m  OK  [0m] Started dnf-automatic-download timer.
[[0;32m  OK  [0m] Started dnf-automatic-notifyonly timer.
[[0;32m  OK  [0m] Started Daily Cleanup of Temporary Directories.
[[0;32m  OK  [0m] Reached target Timers.
[[0;32m  OK  [0m] Started Console System Startup Logging.
[[0;32m  OK  [0m] Listening on sshd.socket.
[[0;32m  OK  [0m] Reached target Sockets.
[[0;32m  OK  [0m] Reached target Basic System.
[[0;32m  OK  [0m] Started optee services.
[[0;32m  OK  [0m] Started D-Bus System Message Bus.
[[0;32m  OK  [0m] Started Job spooling tools.
[[0;32m  OK  [0m] Started Weston Wayland compositor.
         Starting Avahi mDNS/DNS-SD Stack...
         Starting Login Service...
[[0;32m  OK  [0m] Reached target Containers.
[[0;32m  OK  [0m] Started Periodic Command Scheduler.
         Starting Save/Restore Sound Card State...
[   27.090286] rcar_sound ec500000.sound: Can't update kctrl when idle
         Starting Telephony service...
         Starting bind.service...
[[0;32m  OK  [0m] Started Network Service.
[[0;32m  OK  [0m] Started Save/Restore Sound Card State.
[[0;32m  OK  [0m] Started Avahi mDNS/DNS-SD Stack.
[   27.255330] Bluetooth: Core ver 2.22
[   27.262218] NET: Registered PF_BLUETOOTH protocol family
[[0;32m  OK  [0m] Started Telephony service.
[   27.271746] Bluetooth: HCI device and connection manager initialized
[   27.281318] Bluetooth: HCI socket layer initialized
[   27.289190] Bluetooth: L2CAP socket layer initialized
[   27.295438] Bluetooth: SCO socket layer initialized
[[0;32m  OK  [0m] Started Login Service.
[[0;32m  OK  [0m] Listening on Load/Save RF Kill Switch Status /dev/rfkill Watch.
[[0;32m  OK  [0m] Reached target Network.
         Starting Permit User Sessions...
         Starting Xinetd A Powerful Replacement For Inetd...
         Starting Network Name Resolution...
         Starting Berkeley Internet Name Domain (DNS)...
[[0;32m  OK  [0m] Started bind.service.
[[0;32m  OK  [0m] Started Permit User Sessions.
[[0;32m  OK  [0m] Started Xinetd A Powerful Replacement For Inetd.
[[0;32m  OK  [0m] Started Network Name Resolution.
[[0;32m  OK  [0m] Created slice User Slice of root.
         Starting User Manager for UID 0...
[[0;32m  OK  [0m] Started Getty on tty1.
[   27.658628] audit: type=1006 audit(1516156419.308:2): pid=504 uid=0 old-auid=4294967295 auid=0 tty=(none) old-ses=4294967295 ses=1 res=1
[   27.677981] audit: type=1300 audit(1516156419.308:2): arch=c00000b7 syscall=64 success=yes exit=1 a0=8 a1=ffffe2ae33e8 a2=1 a3=ffffb9349000 items=0 ppid=1 pid=504 auid=0 uid=0 gid=0 euid=0 suid=0 fsuid=0 egid=0 sgid=0 fsgid=0 tty=(none) ses=1 comm="(systemd)" exe="/lib/systemd/systemd" key=(null)
[[0;32m  OK  [0m] Star[   27.715025] audit: type=1327 audit(1516156419.308:2): proctitle="(systemd)"
ted Serial Getty on ttySC0.
[[0;32m  OK  [0m] Reached target Login Prompts.
[[0;32m  OK  [0m] Started User Manager for UID 0.
[[0;1;31mFAILED[0m] Failed to start Berkeley Internet Name Domain (DNS).
See 'systemctl status named.service' for details.
[[0;32m  OK  [0m] Started Session c1 of user root.
[[0;32m  OK  [0m] Reached target Host and Network Name Lookups.
[[0;32m  OK  [0m] Reached target Multi-User System.
         Starting Update UTMP about System Runlevel Changes...
[[0;32m  OK  [0m] Started Update UTMP about System Runlevel Changes.

Poky (Yocto Project Reference Distro) 2.4.1 salvator-x ttySC0

salvator-x login: 
Poky (Yocto Project Reference Distro) 2.4.1 salvator-x ttySC0

salvator-x login: root
Last login: Wed Jan 17 02:33:38 UTC 2018 on tty2
7[r[999;999H[6n8root@salvator-x:~# 
root@salvator-x:~# 
root@salvator-x:~# 
root@salvator-x:~# 
root@salvator-x:~# 
root@salvator-x:~# 
root@salvator-x:~# 
root@salvator-x:~# 
root@salvator-x:~# 