NOTICE:  BL2: R-Car Gen3 Initial Program Loader(CA53) Rev.4.0.0
NOTICE:  BL2: PRR is R-Car E3 Ver.1.1
NOTICE:  BL2: PLL1 nonSSCG Clock select
NOTICE:  BL2: Board is Ebisu-4D Rev.1.0
NOTICE:  BL2: Boot device is HyperFlash(150MHz)
NOTICE:  BL2: LCM state is CM
NOTICE:  BL2: DDR1856(rev.0.12)
NOTICE:  BL2: [COLD_BOOT]
NOTICE:  BL2: DRAM Split is OFF
NOTICE:  BL2: QoS is default setting(rev.0.05)
NOTICE:  BL2: DRAM refresh interval 3.9 usec
NOTICE:  BL2: CH0: 400000000 - 47fffffff, 2 GiB
NOTICE:  BL2: Lossy Decomp areas
NOTICE:       Entry 0: DCMPAREACRAx:0x80000540 DCMPAREACRBx:0x570
NOTICE:       Entry 1: DCMPAREACRAx:0x40000000 DCMPAREACRBx:0x0
NOTICE:       Entry 2: DCMPAREACRAx:0x20000000 DCMPAREACRBx:0x0
NOTICE:  BL2: FDT at 0xe6316d28
NOTICE:  BL2: v2.9(release):9cdb21f75-dirty
NOTICE:  BL2: Built : 03:15:36, Jul 23 2024
NOTICE:  BL2: Normal boot
NOTICE:  BL2: dst=0xe6316600 src=0x8180000 len=512(0x200)
NOTICE:  BL2: dst=0x43f00000 src=0x8180400 len=6144(0x1800)
NOTICE:  rcar_file_len: len: 0x0003e000
NOTICE:  BL2: dst=0x44000000 src=0x81c0000 len=253952(0x3e000)
NOTICE:  rcar_file_len: len: 0x00200000
NOTICE:  BL2: dst=0x44100000 src=0x8200000 len=2097152(0x200000)
NOTICE:  rcar_file_len: len: 0x00100000
NOTICE:  BL2: dst=0x50000000 src=0x8640000 len=1048576(0x100000)
NOTICE:  BL2: Booting BL31


U-Boot 2020.10 (Jul 23 2024 - 03:16:10 +0000)

CPU: Renesas Electronics R8A77990 rev 1.1
Model: Renesas Ebisu board based on r8a77990
DRAM:  1.9 GiB
RAM Configuration:
Bank #0: 0x048000000 - 0x0bfffffff, 1.9 GiB

MMC:   sd@ee100000: 0, sd@ee120000: 1, sd@ee160000: 2
Loading Environment from MMC... OK
In:    serial@e6e88000
Out:   serial@e6e88000
Err:   serial@e6e88000
Net:   eth0: ethernet@e6800000
Hit any key to stop autoboot:  0
=> pr
LONG_bootargs=rw root=/dev/nfs nfsroot=192.168.8.8:/tftpboot/long.trinh-tien/E3_full/rootfs,nfsvers=4 ip=192.168.8.30 baudrate=115200
baudrate=115200
bootargs=root=/dev/nfs nfsroot=192.168.8.8:/tftpboot/HVN/QuocHB/E3/rootfs,nfsvers=4 ip=192.168.8.31
bootcmd=run bootcmd_LONG_tftp
bootcmd_LONG_tftp=setenv bootargs ${LONG_bootargs} ; tftp 0x48080000 long.trinh-tien/E3_full/Image ; tftp 0x48000000 long.trinh-tien/E3_full/${dtb};booti 0x48080000 - 0x48000000
bootcmd_tftp=tftp 0x48080000 HVN/QuocHB/E3/rootfs/boot/Image;tftp 0x48000000 HVN/QuocHB/E3/rootfs/boot/${dtb};booti 0x48080000 - 0x48000000
bootdelay=2
bootm_size=0x10000000
dtb=r8a77990-ebisu-4d.dtb
ethact=ethernet@e6800000
ethaddr=2E:09:0A:03:87:D5
fdtcontroladdr=bbf26f80
fileaddr=48080000
filesize=2005200
ip_dyn=no
ipaddr=192.168.8.31
loadaddr=0x58000000
netboot=tftp 0x48080000 ${tftp_path}/Image; tftp 0x48000000 ${tftp_path}/r8a77990-ebisu-4d.dtb; booti 0x48080000 - 0x48000000
platform=r8a77990
serverip=192.168.8.8
stderr=serial@e6e88000
stdin=serial@e6e88000
stdout=serial@e6e88000
tftp_path=nguyentran/e3
usb_boot=usb start;load usb 0:1 0x48080000 /boot/Image; load usb 0:1 0x48000000 /boot/r8a77990-ebisu-4d.dtb; booti 0x48080000 - 0x48000000
usb_pgood_delay=2000
usbboot=fatload usb 0:1 0x48080000 Image; fatload usb 0:1 0x48000000 r8a77990-ebisu-4d.dtb; booti 0x48080000 - 0x48000000
ver=U-Boot 2020.10 (Jul 23 2024 - 03:16:10 +0000)

Environment size: 1408/131068 bytes
=> boot
ethernet@e6800000 Waiting for PHY auto negotiation to complete.......... done
Using ethernet@e6800000 device
TFTP from server 192.168.8.8; our IP address is 192.168.8.31
Filename 'long.trinh-tien/E3_full/Image'.
Load address: 0x48080000
Loading: #################################################################
         #################################################################
         #################################################################
         #################################################################
         #################################################################
         #################################################################
         #################################################################
         #################################################################
         #################################################################
         #################################################################
         #################################################################
         #################################################################
         #################################################################
         #################################################################
         #################################################################
         #################################################################
         #################################################################
         #################################################################
         #################################################################
         #################################################################
         #################################################################
         #################################################################
         #################################################################
         #################################################################
         #################################################################
         #################################################################
         #################################################################
         #################################################################
         #################################################################
         #################################################################
         #################################################################
         #################################################################
         #################################################################
         #################################################################
         #################################################################
         ######################
         2.7 MiB/s
done
Bytes transferred = 33712640 (2026a00 hex)
Using ethernet@e6800000 device
TFTP from server 192.168.8.8; our IP address is 192.168.8.31
Filename 'long.trinh-tien/E3_full/r8a77990-ebisu-4d.dtb'.
Load address: 0x48000000
Loading: ####
         3.9 MiB/s
done
Bytes transferred = 56930 (de62 hex)
Moving Image from 0x48080000 to 0x48200000, end=4a2b0000
## Flattened Device Tree blob at 48000000
   Booting using the fdt blob at 0x48000000
   Loading Device Tree to 0000000053fef000, end 0000000053fffe61 ... OK

Starting kernel ...

[    0.000000] Booting Linux on physical CPU 0x0000000000 [0x410fd034]
[    0.000000] Linux version 5.10.218-yocto-standard (oe-user@oe-host) (aarch64-poky-linux-gcc (GCC) 13.2.0, GNU ld (GNU Binutils) 2.42.0.20240216) #1 SMP PREEMPT Tue Jul 23 02:15:48 UTC 2024
[    0.000000] Machine model: Renesas Ebisu-4D board based on r8a77990
[    0.000000] efi: UEFI not found.
[    0.000000] Reserved memory: created CMA memory pool at 0x0000000057000000, size 16 MiB
[    0.000000] OF: reserved mem: initialized node linux,adsp@57000000, compatible id shared-dma-pool
[    0.000000] Reserved memory: created CMA memory pool at 0x0000000058000000, size 256 MiB
[    0.000000] OF: reserved mem: initialized node linux,cma@58000000, compatible id shared-dma-pool
[    0.000000] Reserved memory: created CMA memory pool at 0x0000000068000000, size 64 MiB
[    0.000000] OF: reserved mem: initialized node linux,multimedia@68000000, compatible id shared-dma-pool
[    0.000000] NUMA: No NUMA configuration found
[    0.000000] NUMA: Faking a node at [mem 0x0000000048000000-0x00000000bfffffff]
[    0.000000] NUMA: NODE_DATA [mem 0xbfc12b00-0xbfc14fff]
[    0.000000] Zone ranges:
[    0.000000]   DMA      [mem 0x0000000048000000-0x00000000bfffffff]
[    0.000000]   DMA32    empty
[    0.000000]   Normal   empty
[    0.000000] Movable zone start for each node
[    0.000000] Early memory node ranges
[    0.000000]   node   0: [mem 0x0000000048000000-0x0000000053ffffff]
[    0.000000]   node   0: [mem 0x0000000054000000-0x0000000056ffffff]
[    0.000000]   node   0: [mem 0x0000000057000000-0x00000000bfffffff]
[    0.000000] Initmem setup node 0 [mem 0x0000000048000000-0x00000000bfffffff]
[    0.000000] psci: probing for conduit method from DT.
[    0.000000] psci: PSCIv1.1 detected in firmware.
[    0.000000] psci: Using standard PSCI v0.2 function IDs
[    0.000000] psci: Trusted OS resident on physical CPU 0x0
[    0.000000] psci: SMC Calling Convention v1.2
[    0.000000] percpu: Embedded 23 pages/cpu s56984 r8192 d29032 u94208
[    0.000000] Detected VIPT I-cache on CPU0
[    0.000000] CPU features: detected: ARM erratum 845719
[    0.000000] Built 1 zonelists, mobility grouping on.  Total pages: 483840
[    0.000000] Policy zone: DMA
[    0.000000] Kernel command line: rw root=/dev/nfs nfsroot=192.168.8.8:/tftpboot/long.trinh-tien/E3_full/rootfs,nfsvers=4 ip=192.168.8.30 baudrate=115200
[    0.000000] Dentry cache hash table entries: 262144 (order: 9, 2097152 bytes, linear)
[    0.000000] Inode-cache hash table entries: 131072 (order: 8, 1048576 bytes, linear)
[    0.000000] mem auto-init: stack:all(zero), heap alloc:off, heap free:off
[    0.000000] Memory: 1499288K/1966080K available (15552K kernel code, 2842K rwdata, 8248K rodata, 6144K init, 518K bss, 122728K reserved, 344064K cma-reserved)
[    0.000000] SLUB: HWalign=64, Order=0-3, MinObjects=0, CPUs=2, Nodes=1
[    0.000000] rcu: Preemptible hierarchical RCU implementation.
[    0.000000] rcu:     RCU event tracing is enabled.
[    0.000000] rcu:     RCU restricting CPUs from NR_CPUS=256 to nr_cpu_ids=2.
[    0.000000]  Trampoline variant of Tasks RCU enabled.
[    0.000000] rcu: RCU calculated value of scheduler-enlistment delay is 25 jiffies.
[    0.000000] rcu: Adjusting geometry for rcu_fanout_leaf=16, nr_cpu_ids=2
[    0.000000] NR_IRQS: 64, nr_irqs: 64, preallocated irqs: 0
[    0.000000] arch_timer: cp15 timer(s) running at 24.00MHz (virt).
[    0.000000] clocksource: arch_sys_counter: mask: 0xffffffffffffff max_cycles: 0x588fe9dc0, max_idle_ns: 440795202592 ns
[    0.000006] sched_clock: 56 bits at 24MHz, resolution 41ns, wraps every 4398046511097ns
[    0.000399] Console: colour dummy device 80x25
[    0.000777] printk: console [tty0] enabled
[    0.000952] Calibrating delay loop (skipped), value calculated using timer frequency.. 48.00 BogoMIPS (lpj=96000)
[    0.000982] pid_max: default: 32768 minimum: 301
[    0.001072] LSM: Security Framework initializing
[    0.001157] Mount-cache hash table entries: 4096 (order: 3, 32768 bytes, linear)
[    0.001179] Mountpoint-cache hash table entries: 4096 (order: 3, 32768 bytes, linear)
[    0.003107] rcu: Hierarchical SRCU implementation.
[    0.005133] Detected Renesas R-Car Gen3 r8a77990 ES1.1
[    0.007047] EFI services will not be available.
[    0.007549] smp: Bringing up secondary CPUs ...
[    0.008293] Detected VIPT I-cache on CPU1
[    0.008410] CPU1: Booted secondary processor 0x0000000001 [0x410fd034]
[    0.008567] smp: Brought up 1 node, 2 CPUs
[    0.008613] SMP: Total of 2 processors activated.
[    0.008628] CPU features: detected: 32-bit EL0 Support
[    0.008641] CPU features: detected: CRC32 instructions
[    0.008654] CPU features: detected: 32-bit EL1 Support
[    0.019711] CPU: All CPU(s) started at EL1
[    0.019794] alternatives: patching kernel code
[    0.021399] devtmpfs: initialized
[    0.030165] KASLR disabled due to lack of seed
[    0.030478] clocksource: jiffies: mask: 0xffffffff max_cycles: 0xffffffff, max_idle_ns: 7645041785100000 ns
[    0.030519] futex hash table entries: 512 (order: 3, 32768 bytes, linear)
[    0.041125] pinctrl core: initialized pinctrl subsystem
[    0.043348] DMI not present or invalid.
[    0.044282] NET: Registered protocol family 16
[    0.046306] DMA: preallocated 256 KiB GFP_KERNEL pool for atomic allocations
[    0.046513] DMA: preallocated 256 KiB GFP_KERNEL|GFP_DMA pool for atomic allocations
[    0.046684] DMA: preallocated 256 KiB GFP_KERNEL|GFP_DMA32 pool for atomic allocations
[    0.046804] audit: initializing netlink subsys (disabled)
[    0.047206] audit: type=2000 audit(0.044:1): state=initialized audit_enabled=0 res=1
[    0.049026] thermal_sys: Registered thermal governor 'power_allocator'
[    0.049608] cpuidle: using governor menu
[    0.049929] hw-breakpoint: found 6 breakpoint and 4 watchpoint registers.
[    0.050046] ASID allocator initialised with 65536 entries
[    0.052121] Serial: AMBA PL011 UART driver
[    0.101713] sh-pfc e6060000.pinctrl: r8a77990_pfc support registered
[    0.120014] HugeTLB registered 1.00 GiB page size, pre-allocated 0 pages
[    0.120063] HugeTLB registered 32.0 MiB page size, pre-allocated 0 pages
[    0.120075] HugeTLB registered 2.00 MiB page size, pre-allocated 0 pages
[    0.120087] HugeTLB registered 64.0 KiB page size, pre-allocated 0 pages
[    0.121484] cryptd: max_cpu_qlen set to 1000
[    0.124869] ACPI: Interpreter disabled.
[    0.130879] rcar_avs_init: cannot find compatible dts node
[    0.133932] iommu: Default domain type: Translated
[    0.135105] ipmmu-vmsa e67b0000.iommu: IPMMU context 0 is reserved
[    0.137614] vgaarb: loaded
[    0.138228] SCSI subsystem initialized
[    0.138876] usbcore: registered new interface driver usbfs
[    0.138929] usbcore: registered new interface driver hub
[    0.138979] usbcore: registered new device driver usb
[    0.142446] i2c-sh_mobile e60b0000.i2c: I2C adapter 7, bus speed 400000 Hz
[    0.143658] mc: Linux media interface: v0.10
[    0.143721] videodev: Linux video capture interface: v2.00
[    0.143851] pps_core: LinuxPPS API ver. 1 registered
[    0.143862] pps_core: Software ver. 5.3.6 - Copyright 2005-2007 Rodolfo Giometti <giometti@linux.it>
[    0.143885] PTP clock support registered
[    0.144349] EDAC MC: Ver: 3.0.0
[    0.148281] FPGA manager framework
[    0.148468] Advanced Linux Sound Architecture Driver Initialized.
[    0.149916] clocksource: Switched to clocksource arch_sys_counter
[    0.150333] VFS: Disk quotas dquot_6.6.0
[    0.150413] VFS: Dquot-cache hash table entries: 512 (order 0, 4096 bytes)
[    0.150672] pnp: PnP ACPI: disabled
[    0.156376] NET: Registered protocol family 2
[    0.156641] IP idents hash table entries: 32768 (order: 6, 262144 bytes, linear)
[    0.157766] tcp_listen_portaddr_hash hash table entries: 1024 (order: 2, 16384 bytes, linear)
[    0.157833] TCP established hash table entries: 16384 (order: 5, 131072 bytes, linear)
[    0.158085] TCP bind hash table entries: 16384 (order: 6, 262144 bytes, linear)
[    0.158412] TCP: Hash tables configured (established 16384 bind 16384)
[    0.158631] UDP hash table entries: 1024 (order: 3, 32768 bytes, linear)
[    0.158695] UDP-Lite hash table entries: 1024 (order: 3, 32768 bytes, linear)
[    0.158995] NET: Registered protocol family 1
[    0.159825] RPC: Registered named UNIX socket transport module.
[    0.159863] RPC: Registered udp transport module.
[    0.159874] RPC: Registered tcp transport module.
[    0.159884] RPC: Registered tcp NFSv4.1 backchannel transport module.
[    0.159911] PCI: CLS 0 bytes, default 64
[    0.161012] hw perfevents: enabled with armv8_cortex_a53 PMU driver, 7 counters available
[    0.162021] kvm [1]: HYP mode not available
[    0.166141] Initialise system trusted keyrings
[    0.166544] workingset: timestamp_bits=42 max_order=19 bucket_order=0
[    0.172410] squashfs: version 4.0 (2009/01/31) Phillip Lougher
[    0.173368] NFS: Registering the id_resolver key type
[    0.173454] Key type id_resolver registered
[    0.173464] Key type id_legacy registered
[    0.173569] nfs4filelayout_init: NFSv4 File Layout Driver Registering...
[    0.173586] nfs4flexfilelayout_init: NFSv4 Flexfile Layout Driver Registering...
[    0.173953] 9p: Installing v9fs 9p2000 file system support
[    0.210737] Key type asymmetric registered
[    0.210787] Asymmetric key parser 'x509' registered
[    0.210891] Block layer SCSI generic (bsg) driver version 0.4 loaded (major 243)
[    0.210910] io scheduler mq-deadline registered
[    0.210927] io scheduler kyber registered
[    0.227891] gpio_rcar e6050000.gpio: driving 18 GPIOs
[    0.228779] gpio_rcar e6051000.gpio: driving 23 GPIOs
[    0.229548] gpio_rcar e6052000.gpio: driving 26 GPIOs
[    0.230431] gpio_rcar e6053000.gpio: driving 16 GPIOs
[    0.231196] gpio_rcar e6054000.gpio: driving 11 GPIOs
[    0.231912] gpio_rcar e6055000.gpio: driving 20 GPIOs
[    0.232633] gpio_rcar e6055400.gpio: driving 18 GPIOs
[    0.238876] rcar-pcie fe000000.pcie: host bridge /soc/pcie@fe000000 ranges:
[    0.238951] rcar-pcie fe000000.pcie:       IO 0x00fe100000..0x00fe1fffff -> 0x0000000000
[    0.238987] rcar-pcie fe000000.pcie:      MEM 0x00fe200000..0x00fe3fffff -> 0x00fe200000
[    0.239014] rcar-pcie fe000000.pcie:      MEM 0x0030000000..0x0037ffffff -> 0x0030000000
[    0.239036] rcar-pcie fe000000.pcie:      MEM 0x0038000000..0x003fffffff -> 0x0038000000
[    0.239062] rcar-pcie fe000000.pcie:   IB MEM 0x0040000000..0x00bfffffff -> 0x0040000000
[    0.239148] rcar-pcie fe000000.pcie: no pcie3v3 regulator found
[    0.239164] rcar-pcie fe000000.pcie: no pcie1v8 regulator found
[    0.291585] rcar-pcie fe000000.pcie: PCIe link down
[    0.295571] EINJ: ACPI disabled.
[    0.345297] Serial: 8250/16550 driver, 4 ports, IRQ sharing enabled
[    0.350358] SuperH (H)SCI(F) driver initialized
[    0.351275] e6e88000.serial: ttySC0 at MMIO 0xe6e88000 (irq = 119, base_baud = 0) is a scif
[    1.323428] printk: console [ttySC0] enabled
[    1.330790] msm_serial: driver initialized
[    1.357090] loop: module loaded
[    1.363398] megasas: 07.714.04.00-rc1
[    1.378994] tun: Universal TUN/TAP device driver, 1.6
[    1.386379] thunder_xcv, ver 1.0
[    1.389734] thunder_bgx, ver 1.0
[    1.393039] nicpf, ver 1.0
[    1.398732] hclge is initializing
[    1.402201] hns3: Hisilicon Ethernet Network Driver for Hip08 Family - version
[    1.409460] hns3: Copyright (c) 2017 Huawei Corporation.
[    1.414963] e1000: Intel(R) PRO/1000 Network Driver
[    1.419865] e1000: Copyright (c) 1999-2006 Intel Corporation.
[    1.425692] e1000e: Intel(R) PRO/1000 Network Driver
[    1.430673] e1000e: Copyright(c) 1999 - 2015 Intel Corporation.
[    1.436646] igb: Intel(R) Gigabit Ethernet Network Driver
[    1.442072] igb: Copyright (c) 2007-2014 Intel Corporation.
[    1.447693] igbvf: Intel(R) Gigabit Virtual Function Network Driver
[    1.453980] igbvf: Copyright (c) 2009 - 2012 Intel Corporation.
[    1.461172] sky2: driver version 1.30
[    1.470760] ravb e6800000.ethernet eth0: Base address at 0xe6800000, 2e:09:0a:03:87:d5, IRQ 114.
[    1.482941] VFIO - User Level meta-driver version: 0.3
[    1.492752] ehci_hcd: USB 2.0 'Enhanced' Host Controller (EHCI) Driver
[    1.499420] ehci-pci: EHCI PCI platform driver
[    1.503972] ehci-platform: EHCI generic platform driver
[    1.510310] ehci-orion: EHCI orion driver
[    1.514907] ehci-exynos: EHCI Exynos driver
[    1.519484] ohci_hcd: USB 1.1 'Open' Host Controller (OHCI) Driver
[    1.525756] ohci-pci: OHCI PCI platform driver
[    1.530323] ohci-platform: OHCI generic platform driver
[    1.536540] ohci-exynos: OHCI Exynos driver
[    1.542600] xhci-hcd ee000000.usb: xHCI Host Controller
[    1.547966] xhci-hcd ee000000.usb: new USB bus registered, assigned bus number 1
[    1.570360] xhci-hcd ee000000.usb: hcc params 0x014051ce hci version 0x100 quirks 0x0000000000830410
[    1.579607] xhci-hcd ee000000.usb: irq 140, io mem 0xee000000
[    1.585611] xhci-hcd ee000000.usb: xHCI Host Controller
[    1.590874] xhci-hcd ee000000.usb: new USB bus registered, assigned bus number 2
[    1.598312] xhci-hcd ee000000.usb: Host supports USB 3.0 SuperSpeed
[    1.605510] hub 1-0:1.0: USB hub found
[    1.609338] hub 1-0:1.0: 1 port detected
[    1.613666] usb usb2: We don't know the algorithms for LPM for this host, disabling LPM.
[    1.622477] hub 2-0:1.0: USB hub found
[    1.626295] hub 2-0:1.0: 1 port detected
[    1.632187] usbcore: registered new interface driver usb-storage
[    1.642155] renesas_usbhs e6590000.usb: host probed
[    1.647109] renesas_usbhs e6590000.usb: no transceiver found
[    1.652968] renesas_usbhs e6590000.usb: gadget probed
[    1.658237] renesas_usbhs e6590000.usb: probed
[    1.668344] i2c /dev entries driver
[    1.678582] pca953x 0-0020: supply vcc not found, using dummy regulator
[    1.685488] pca953x 0-0020: using no AI
[    1.693534] adv7511 0-0039: supply avdd not found, using dummy regulator
[    1.700560] adv7511 0-0039: supply dvdd not found, using dummy regulator
[    1.707606] adv7511 0-0039: supply pvdd not found, using dummy regulator
[    1.714389] adv7511 0-0039: supply bgvdd not found, using dummy regulator
[    1.721250] adv7511 0-0039: supply dvdd-3v not found, using dummy regulator
[    1.739286] i2c-rcar e6500000.i2c: probed
[    1.754051] cs2000-cp 3-004f: revision - C1
[    1.758664] i2c-rcar e66d0000.i2c: probed
[    1.765434] adv748x 0-0070: Endpoint /soc/i2c@e6500000/video-receiver@70/port@7/endpoint on port 7
[    1.774831] adv748x 0-0070: Endpoint /soc/i2c@e6500000/video-receiver@70/port@8/endpoint on port 8
[    1.783848] adv748x 0-0070: Endpoint /soc/i2c@e6500000/video-receiver@70/port@a/endpoint on port 10
[    1.794078] adv748x 0-0070: chip found @ 0xe0 revision 2143
[    1.891486] rcar-csi2 feaa0000.csi2: 2 lanes found
[    1.902371] rcar-vin e6ef4000.video: Device registered as video0
[    1.908590] rcar-vin e6ef5000.video: Device registered as video1
[    1.916033] usbcore: registered new interface driver uvcvideo
[    1.922103] USB Video Class driver (1.1.1)
[    1.933032] rcar_thermal e6190000.thermal: 1 sensor probed
[    1.947023] cpu cpu0: EM: invalid perf. state: -22
[    1.958684] sdhci: Secure Digital Host Controller Interface driver
[    1.964971] sdhci: Copyright(c) Pierre Ossman
[    1.972037] renesas_sdhi_internal_dmac ee100000.mmc: Got CD GPIO
[    1.978195] renesas_sdhi_internal_dmac ee100000.mmc: Got WP GPIO
[    1.987574] renesas_sdhi_internal_dmac ee120000.mmc: Got CD GPIO
[    1.999291] renesas_sdhi_internal_dmac ee160000.mmc: Adding to iommu group 0
[    2.006562] renesas_sdhi_internal_dmac ee160000.mmc: Using IPMMU context 1
[    2.062204] renesas_sdhi_internal_dmac ee160000.mmc: mmc0 base at 0x00000000ee160000, max clock rate 200 MHz
[    2.074213] Synopsys Designware Multimedia Card Interface Driver
[    2.084594] sdhci-pltfm: SDHCI platform and OF driver helper
[    2.095170] ledtrig-cpu: registered to indicate activity on CPUs
[    2.104225] SMCCC: SOC_ID: ARCH_SOC_ID not implemented, skipping ....
[    2.112691] usbcore: registered new interface driver usbhid
[    2.118429] usbhid: USB HID core driver
[    2.132020] optee: probing for conduit method.
[    2.136640] optee: revision 3.22 (314ecf9d)
[    2.137150] optee driver R-Car Rev.1.0.11
[    2.146092] optee: dynamic shared memory is enabled
[    2.151785] optee: initialized driver
[    2.172137] rcar_sound ec500000.sound: probed
[    2.178294] rcar_adsp_sound adsp_sound: probed
[    2.184083] NET: Registered protocol family 17
[    2.188907] 9pnet: Installing 9P2000 support
[    2.193431] Key type dns_resolver registered
[    2.198592] mmc0: new HS400 MMC card at address 0001
[    2.198676] registered taskstats version 1
[    2.204795] mmcblk0: mmc0:0001 DG4032 29.1 GiB
[    2.207808] Loading compiled-in X.509 certificates
[    2.212792] mmcblk0boot0: mmc0:0001 DG4032 partition 1 4.00 MiB
[    2.223818] mmcblk0boot1: mmc0:0001 DG4032 partition 2 4.00 MiB
[    2.230319] thermal emergency: set temperature to 110 celsius
[    2.230325] mmcblk0rpmb: mmc0:0001 DG4032 partition 3 4.00 MiB, chardev (509:0)
[    2.243933] thermal emergency: shutdown target cpus 1
[    2.249172] thermal emergency: freq scaled target cpus 0
[    2.255358] renesas_irqc e61c0000.interrupt-controller: driving 6 irqs
[    2.291961]  mmcblk0: p1 p2
[    2.318014] ehci-platform ee080100.usb: EHCI Host Controller
[    2.323789] ehci-platform ee080100.usb: new USB bus registered, assigned bus number 3
[    2.331823] ehci-platform ee080100.usb: irq 142, io mem 0xee080100
[    2.353929] ehci-platform ee080100.usb: USB 2.0 started, EHCI 1.10
[    2.361359] hub 3-0:1.0: USB hub found
[    2.365247] hub 3-0:1.0: 1 port detected
[    2.372712] ohci-platform ee080000.usb: Generic Platform OHCI controller
[    2.379545] ohci-platform ee080000.usb: new USB bus registered, assigned bus number 4
[    2.387632] ohci-platform ee080000.usb: irq 142, io mem 0xee080000
[    2.481135] hub 4-0:1.0: USB hub found
[    2.485009] hub 4-0:1.0: 1 port detected
[    2.494054] renesas_sdhi_internal_dmac ee100000.mmc: Got CD GPIO
[    2.500170] renesas_sdhi_internal_dmac ee100000.mmc: Got WP GPIO
[    2.556077] renesas_sdhi_internal_dmac ee100000.mmc: mmc1 base at 0x00000000ee100000, max clock rate 200 MHz
[    2.571064] renesas_sdhi_internal_dmac ee120000.mmc: Got CD GPIO
[    2.626926] renesas_sdhi_internal_dmac ee120000.mmc: mmc2 base at 0x00000000ee120000, max clock rate 200 MHz
[    2.663054] [drm] Initialized rcar-du 1.0.0 20130110 for feb00000.display on minor 0
[    2.671010] [drm] Device feb00000.display probed
[    2.722457] Console: switching to colour frame buffer device 128x48
[    2.744893] rcar-du feb00000.display: [drm] fb0: rcar-dudrmfb frame buffer device
[    2.825340] ravb e6800000.ethernet eth0: limited PHY to 100Mbit/s
[    2.831699] Micrel KSZ9031 Gigabit PHY e6800000.ethernet-ffffffff:00: attached PHY driver [Micrel KSZ9031 Gigabit PHY] (mii_bus:phy_addr=e6800000.ethernet-ffffffff:00, irq=147)
[    4.462064] ravb e6800000.ethernet eth0: Link is Up - 100Mbps/Full - flow control off
[    4.489933] IP-Config: Guessing netmask 255.255.255.0
[    4.495137] IP-Config: Complete:
[    4.498463]      device=eth0, hwaddr=2e:09:0a:03:87:d5, ipaddr=192.168.8.30, mask=255.255.255.0, gw=255.255.255.255
[    4.509124]      host=192.168.8.30, domain=, nis-domain=(none)
[    4.515109]      bootserver=255.255.255.255, rootserver=192.168.8.8, rootpath=
[    4.515396] clk: Disabling unused clocks
[    4.527349] ALSA device list:
[    4.530443]   #0: rcar-sound
[    4.565860] VFS: Mounted root (nfs4 filesystem) on device 0:22.
[    4.573520] devtmpfs: mounted
[    4.579875] Freeing unused kernel memory: 6144K
[    4.590016] Run /sbin/init as init process
[    5.599614] systemd[1]: System time before build time, advancing clock.
[    5.751395] NET: Registered protocol family 10
[    5.761589] Segment Routing with IPv6
[    5.848583] systemd[1]: systemd 255.4^ running in system mode (+PAM -AUDIT -SELINUX -APPARMOR +IMA -SMACK +SECCOMP -GCRYPT -GNUTLS -OPENSSL +ACL +BLKID -CURL -ELFUTILS -FIDO2 -IDN2 -IDN -IPTC +KMOD -LIBCRYPTSETUP +LIBFDISK -PCRE2 -PWQUALITY -P11KIT -QRENCODE -TPM2 -BZIP2 -LZ4 -XZ -ZLIB +ZSTD -BPF_FRAMEWORK -XKBCOMMON +UTMP +SYSVINIT default-hierarchy=unified)
[    5.893293] systemd[1]: Detected architecture arm64.

Welcome to Poky (Yocto Project Reference Distro) 5.0 (scarthgap)!

[    5.929367] systemd[1]: Hostname set to <ebisu>.
[    6.086003] random: crng init done
[    6.295056] systemd-sysv-generator[237]: SysV service '/etc/init.d/umountnfs.sh' lacks a native systemd unit file. ~ Automatically generating a unit file for compatibility. Please update package to include a native systemd unit file, in order to make it safe, robust and future-proof. ! This compatibility logic is deprecated, expect removal soon. !
[    6.356964] systemd-sysv-generator[237]: SysV service '/etc/init.d/set_default_governor.sh' lacks a native systemd unit file. ~ Automatically generating a unit file for compatibility. Please update package to include a native systemd unit file, in order to make it safe, robust and future-proof. ! This compatibility logic is deprecated, expect removal soon. !
[    6.414084] systemd-sysv-generator[237]: SysV service '/etc/init.d/umountfs' lacks a native systemd unit file. ~ Automatically generating a unit file for compatibility. Please update package to include a native systemd unit file, in order to make it safe, robust and future-proof. ! This compatibility logic is deprecated, expect removal soon. !
[    6.466308] systemd-sysv-generator[237]: SysV service '/etc/init.d/save-rtc.sh' lacks a native systemd unit file. ~ Automatically generating a unit file for compatibility. Please update package to include a native systemd unit file, in order to make it safe, robust and future-proof. ! This compatibility logic is deprecated, expect removal soon. !
[    6.513617] systemd-sysv-generator[237]: SysV service '/etc/init.d/reboot' lacks a native systemd unit file. ~ Automatically generating a unit file for compatibility. Please update package to include a native systemd unit file, in order to make it safe, robust and future-proof. ! This compatibility logic is deprecated, expect removal soon. !
[    6.557667] systemd-sysv-generator[237]: SysV service '/etc/init.d/halt' lacks a native systemd unit file. ~ Automatically generating a unit file for compatibility. Please update package to include a native systemd unit file, in order to make it safe, robust and future-proof. ! This compatibility logic is deprecated, expect removal soon. !
[    6.601997] systemd-sysv-generator[237]: SysV service '/etc/init.d/sendsigs' lacks a native systemd unit file. ~ Automatically generating a unit file for compatibility. Please update package to include a native systemd unit file, in order to make it safe, robust and future-proof. ! This compatibility logic is deprecated, expect removal soon. !
[    6.648767] systemd-sysv-generator[237]: SysV service '/etc/init.d/single' lacks a native systemd unit file. ~ Automatically generating a unit file for compatibility. Please update package to include a native systemd unit file, in order to make it safe, robust and future-proof. ! This compatibility logic is deprecated, expect removal soon. !
[    6.694137] systemd-sysv-generator[237]: SysV service '/etc/init.d/pvrinit' lacks a native systemd unit file. ~ Automatically generating a unit file for compatibility. Please update package to include a native systemd unit file, in order to make it safe, robust and future-proof. ! This compatibility logic is deprecated, expect removal soon. !
[    6.747182] systemd-sysv-generator[237]: SysV service '/etc/init.d/dropbear' lacks a native systemd unit file. ~ Automatically generating a unit file for compatibility. Please update package to include a native systemd unit file, in order to make it safe, robust and future-proof. ! This compatibility logic is deprecated, expect removal soon. !
[    7.804473] systemd[1]: Queued start job for default target Graphical Interface.
[    7.869730] systemd[1]: Created slice Slice /system/getty.
[  OK  ] Created slice Slice /system/getty.
[    7.901519] systemd[1]: Created slice Slice /system/modprobe.
[  OK  ] Created slice Slice /system/modprobe.
[    7.934234] systemd[1]: Created slice Slice /system/serial-getty.
[  OK  ] Created slice Slice /system/serial-getty.
[    7.964726] systemd[1]: Created slice User and Session Slice.
[  OK  ] Created slice User and Session Slice.
[    7.995134] systemd[1]: Started Dispatch Password Requests to Console Directory Watch.
[  OK  ] Started Dispatch Password Requests to Console Directory Watch.
[    8.030963] systemd[1]: Started Forward Password Requests to Wall Directory Watch.
[  OK  ] Started Forward Password Requests to Wall Directory Watch.
[    8.062703] systemd[1]: Reached target Path Units.
[  OK  ] Reached target Path Units.
[    8.090448] systemd[1]: Reached target Remote File Systems.
[  OK  ] Reached target Remote File Systems.
[    8.118438] systemd[1]: Reached target Slice Units.
[  OK  ] Reached target Slice Units.
[    8.146491] systemd[1]: Reached target Swaps.
[  OK  ] Reached target Swaps.
[    8.177357] systemd[1]: Listening on RPCbind Server Activation Socket.
[  OK  ] Listening on RPCbind Server Activation Socket.
[    8.210443] systemd[1]: Reached target RPC Port Mapper.
[  OK  ] Reached target RPC Port Mapper.
[    8.243316] systemd[1]: Listening on Syslog Socket.
[  OK  ] Listening on Syslog Socket.
[    8.271150] systemd[1]: Listening on initctl Compatibility Named Pipe.
[  OK  ] Listening on initctl Compatibility Named Pipe.
[    8.305736] systemd[1]: Listening on Journal Audit Socket.
[  OK  ] Listening on Journal Audit Socket.
[    8.331782] systemd[1]: Listening on Journal Socket (/dev/log).
[  OK  ] Listening on Journal Socket (/dev/log).
[    8.359863] systemd[1]: Listening on Journal Socket.
[  OK  ] Listening on Journal Socket.
[    8.389140] systemd[1]: Listening on Network Service Netlink Socket.
[  OK  ] Listening on Network Service Netlink Socket.
[    8.423492] systemd[1]: Listening on udev Control Socket.
[  OK  ] Listening on udev Control Socket.
[    8.451629] systemd[1]: Listening on udev Kernel Socket.
[  OK  ] Listening on udev Kernel Socket.
[    8.480858] systemd[1]: Listening on User Database Manager Socket.
[  OK  ] Listening on User Database Manager Socket.
[    8.523466] systemd[1]: Mounting Huge Pages File System...
         Mounting Huge Pages File System...
[    8.557433] systemd[1]: Mounting POSIX Message Queue File System...
         Mounting POSIX Message Queue File System...
[    8.601319] systemd[1]: Mounting Kernel Debug File System...
         Mounting Kernel Debug File System...
[    8.635753] systemd[1]: Kernel Trace File System was skipped because of an unmet condition check (ConditionPathExists=/sys/kernel/tracing).
[    8.668151] systemd[1]: Mounting Temporary Directory /tmp...
         Mounting Temporary Directory /tmp...
[    8.696757] systemd[1]: Create List of Static Device Nodes was skipped because of an unmet condition check (ConditionFileNotEmpty=/lib/modules/5.10.218-yocto-standard/modules.devname).
[    8.729266] systemd[1]: Starting Load Kernel Module configfs...
         Starting Load Kernel Module configfs...
[    8.762363] systemd[1]: Starting Load Kernel Module drm...
         Starting Load Kernel Module drm...
[    8.820741] systemd[1]: Starting Load Kernel Module fuse...
         Starting Load Kernel Module fuse...
[    8.859838] systemd[1]: Starting RPC Bind...
         Starting RPC B[    8.869494] systemd[1]: File System Check on Root Device was skipped because of an unmet condition check (ConditionPathIsReadWrite=!/).
ind...
[    8.890837] systemd[1]: systemd-journald.service: unit configures an IP firewall, but the local system does not support BPF/cgroup firewalling.
[    8.909737] systemd[1]: systemd-journald.service: (This warning is only shown for the first unit using IP firewalling.)
[    8.946706] systemd[1]: Starting Journal Service...
         Starting Journal Service...
[    9.041790] systemd[1]: Starting Load Kernel Modules...
         Starting Load Kernel Modules...
[    9.144472] systemd[1]: Starting Generate network units from Kernel command line...
         Starting Generate network units from Kernel command line...
[    9.195295] systemd-journald[248]: Collecting audit messages is enabled.
[    9.238236] systemd[1]: Starting Remount Root and Kernel File Systems...
         Starting Remount Root and Kernel File Systems...
[    9.287734] systemd[1]: Starting Create Static Device Nodes in /dev gracefully...
[    9.358225] vspm: loading out-of-tree module taints kernel.
         Starting Create Static Device Nodes in /dev gracefully...
[    9.435943] systemd[1]: Starting Coldplug All udev Devices...
         Starting Coldplug All udev Devices...
[    9.496546] systemd[1]: Started RPC Bind.
[  OK  ] Started RPC Bind.
[    9.527708] systemd[1]: Started Journal Service.
[  OK  ] Started Journal Service.
[  OK  ] Mounted Huge Pages File System.
[  OK  ] Mounted POSIX Message Queue File System.
[  OK  ] Mounted Kernel Debug File System.
[  OK  ] Mounted Temporary Directory /tmp.
[  OK  ] Finished Load Kernel Module configfs.
[  OK  ] Finished Load Kernel Module drm.
[  OK  ] Finished Load Kernel Module fuse.
[  OK  ] Finished Load Kernel Modules.
[FAILED] Failed to start Generate network units from Kernel command line.
See 'systemctl status systemd-network-generator.service' for details.
[  OK  ] Finished Remount Root and Kernel File Systems.
[  OK  ] Reached target Preparation for Network.
         Mounting Kernel Configuration File System...
         Starting Flush Journal to Persistent Storage...
         Starting Apply Kernel Variables...
[  OK  ] Finished Create Static Device Nodes in /dev gracefully.
         Starting Create Static Device Nodes in /dev...
[  OK  ] Mounted Kernel Configuration File System.
[   10.166303] systemd-journald[248]: Received client request to flush runtime journal.
[  OK  ] Finished Flush Journal to Persistent Storage.
[  OK  ] Finished Create Static Device Nodes in /dev.
[  OK  ] Finished Apply Kernel Variables.
[  OK  ] Reached target Preparation for Local File Systems.
         Mounting /var/volatile...
         Starting Rule-based Manager for Device Events and Files...
[  OK  ] Mounted /var/volatile.
         Starting Load/Save OS Random Seed...
[  OK  ] Reached target Local File Systems.
         Starting Create Volatile Files and Directories...
[  OK  ] Finished Load/Save OS Random Seed.
[  OK  ] Started Rule-based Manager for Device Events and Files.
         Starting Network Configuration...
         Starting User Database Manager...
[  OK  ] Finished Create Volatile Files and Directories.
         Starting Network Name Resolution...
         Starting Network Time Synchronization...
         Starting Record System Boot/Shutdown in UTMP...
[  OK  ] Finished Coldplug All udev Devices.
[  OK  ] Started User Database Manager.
[  OK  ] Finished Record System Boot/Shutdown in UTMP.
[   12.637149] ravb_streaming/searching for ravb interface
[   12.762057] ravb_streaming/init: start(eth0)
[   13.358415] ravb_streaming/init: success
[  OK  ] Started Network Configuration.
[  OK  ] Started Network Name Resolution.
[   13.556546] ravb-mch ec5a0100.avb-mch: probe: start
[  OK  ] Started Network Time Synchronization.
[   13.795388] ravb-mch ec5a0100.avb-mch: probe: success
[  OK  ] Reached target Network.
[  OK  ] Reached target Host and Network Name Lookups.
[  OK  ] Reached target System Initialization.
[  OK  ] Started Daily Cleanup of Temporary Directories.
[  OK  ] Reached target System Time Set.
[  OK  ] Reached target Timer Units.
[  OK  ] Listening on Avahi mDNS/DNS-SD Stack Activation Socket.
[  OK  ] Listening on D-Bus System Message Bus Socket.
[  OK  ] Listening on dropbear.socket.
[  OK  ] Reached target Socket Units.
[  OK  ] Reached target Basic System.
         Starting Avahi mDNS/DNS-SD Stack...
[  OK  ] Started Kernel Logging Service.
[  OK  ] Started System Logging Service.
         Starting D-Bus System Message Bus...
[  OK  ] Started optee services.
         Starting pvrinit.service...
         Starting PowerVR consumer services...
         Starting User Login Management...
         Starting Permit User Sessions...
[  OK  ] Finished Permit User Sessions.
[  OK  ] Started D-Bus System Message Bus.
[  OK  ] Started Getty on tty1.
[  OK  ] Started Serial Getty on ttySC0.
[  OK  ] Reached target Login Prompts.
[  OK  ] Started Avahi mDNS/DNS-SD Stack.
[   15.644643] PVR_K:  365: Read BVNC 22.67.54.30 from HW device registers
[   15.662330] PVR_K:  365: RGX Device registered with BVNC 22.67.54.30
[   15.684034] pvrsrvkm fd000000.gsx: Found 2 OPP points.
[   15.695270] pvrsrvkm fd000000.gsx: opp[1/2]: (300000000 Hz, 820000 uV)
[   15.713864] pvrsrvkm fd000000.gsx: opp[2/2]: (600000000 Hz, 820000 uV)
[   15.782324] PVR_K:  365: RGX Firmware image 'rgx.fw.22.67.54.30' loaded
[  OK  ] Started User Login Management.
[   15.861245] PVR_K:  365: Shader binary image 'rgx.sh.22.67.54.30' loaded
[   15.876544] [drm] Initialized pvr 1.15.6052913 20170530 for fd000000.gsx on minor 1
[  OK  ] Started pvrinit.service.
         Starting set_default_governor.service...
[  OK  ] Finished PowerVR consumer services.
[  OK  ] Started set_default_governor.service.
[  OK  ] Reached target Multi-User System.
[  OK  ] Reached target Graphical Interface.
         Starting Record Runlevel Change in UTMP...
[  OK  ] Finished Record Runlevel Change in UTMP.
[   17.025834] adsp ec800000.adsp: assigned reserved memory node linux,adsp@57000000
[   17.108021] adsp ec800000.adsp: virt_addr=0000000028ef79bc phy_addr=0x57000000 size=16777216
[   17.223394] XF-IPC: ADSP rate set to 533333333
[   17.280464] XF-FW: received firmware (202922 bytes)
[   17.293287] XF-IPC: fill firmware area: 57100000[200884]
[   17.319569] XF-IPC: fill firmware area: ece80000[1992]
[   17.326383] XF: proxy-0 debug interface created
[   17.335524] XF-IPC: DSP start-up sequence completed
[   17.379276] XF: Xtensa DSP Proxy driver registered
[   17.389022] XF: client-1 created: 00000000c8b0f3d2
[   17.407727] ADSP base thread has been started.
[   17.429576] ADSP base was created

Poky (Yocto Project Reference Distro) 5.0 ebisu ttySC0

ebisu login: [   18.510461] rcar_sound ec500000.sound: Can't update kctrl when idle
[   18.899248] rcar_sound ec500000.sound: Can't update kctrl when idle
[   18.961082] audit: type=1006 audit(1721791893.003:2): pid=437 uid=0 old-auid=4294967295 auid=0 tty=(none) old-ses=4294967295 ses=1 res=1
root

WARNING: Poky is a reference Yocto Project distribution that should be used for
testing and development purposes only. It is recommended that you create your
own distribution for production use.

root@ebisu:~# modprobe -a mmngr mmngrbuf
[   27.718172] rgnmm_drv mmngr: assigned reserved memory node linux,multimedia@68000000
root@ebisu:~# [   35.809979] SDHI0 VccQ: disabling
[   35.813343] SDHI1 VccQ: disabling

root@ebisu:~/v4l2-TP/Gen3_vsp2_tp# ./vsp2_tp

## ./vsp2_tp for E3 start ( Build : Jul 23 2024 09:58:16 ) ...


>
mac run test7111_stress.mac
## ===================

##  'test7111_stress.mac' exec !!

## ===================

## success ##


MACRO>

MACRO> sys ./stress --cpu 4 --timeout 120 &

## success ##


MACRO> sys top -n1

stress: info: [472] dispatching hogs: 4 cpu, 0 io, 0 vm, 0 hdd
Mem: 246636K used, 1602860K free, 9840K shrd, 0K buff, 64120K cached
CPU:  92% usr   7% sys   0% nic   0% idle   0% io   0% irq   0% sirq
Load average: 0.17 0.19 0.08 5/226 477
  PID  PPID USER     STAT   VSZ %VSZ %CPU COMMAND
  474   472 root     R     2860   0%  30% ./stress --cpu 4 --timeout 120
  473   472 root     R     2860   0%  22% ./stress --cpu 4 --timeout 120
  476   472 root     R     2860   0%  22% ./stress --cpu 4 --timeout 120
  475   472 root     R     2860   0%  19% ./stress --cpu 4 --timeout 120
  477   469 root     R     3488   0%   4% top -n1
  307     1 systemd- S    89188   5%   0% /usr/lib/systemd/systemd-timesyncd
  454   397 root     S    44580   2%   0% /usr/bin/weston --idle-time=0 --log=/var/log/weston.log
  282     1 root     S    23524   1%   0% /usr/lib/systemd/systemd-udevd
  248     1 root     S    23424   1%   0% /usr/lib/systemd/systemd-journald
  453   397 root     S    19796   1%   0% (sd-pam)
  448   445 root     S    19268   1%   0% (sd-pam)
    1     0 root     S    18608   1%   0% {systemd} /sbin/init
  455   454 root     S    18408   1%   0% /usr/libexec/weston-keyboard
  445     1 root     S    17452   1%   0% /usr/lib/systemd/systemd --user
  456   454 root     S    16752   1%   0% /usr/libexec/weston-desktop-shell
  298     1 systemd- S    16724   1%   0% /usr/lib/systemd/systemd-networkd
  321   304 root     S    15868   1%   0% systemd-userwork: waiting...
  323   304 root     S    15864   1%   0% systemd-userwork: waiting...
  331   304 root     S    15864   1%   0% systemd-userwork: waiting...
  324   304 root     S    15864   1%   0% systemd-userwork: waiting...
  348     1 root     S    15432   1%   0% /usr/lib/systemd/systemd-logind
  306     1 systemd- S    15380   1%   0% /usr/lib/systemd/systemd-resolved
  304     1 root     S    14908   1%   0% /usr/lib/systemd/systemd-userdbd
  340     1 avahi    S     7416   0%   0% avahi-daemon: running [ebisu-2.local]
  350   340 avahi    S     7416   0%   0% avahi-daemon: chroot helper
  343     1 messageb S     6984   0%   0% /usr/bin/dbus-daemon --system --address=systemd: --nofork --nopidfile --systemd-ac
  365     1 root     S     6624   0%   0% /bin/login --
  363     1 root     S     5260   0%   0% /sbin/agetty -o -p -- \u --noclear - linux
  397     1 root     S     4676   0%   0% weston-launch -- --idle-time=0 --log=/var/log/weston.log
## success ##


MACRO>

MACRO> tt media 1


driver name is [fe960000.vsp]



- dev rpf.0   = /dev/video2

- dev rpf.1   = /dev/video3

- dev rpf.2   = /dev/video4

- dev rpf.3   = /dev/video5

- dev rpf.4   = /dev/video6

- dev wpf.0   = /dev/video7



- bru   = /dev/v4l-subdev4

- lut   = /dev/v4l-subdev5

- clu   = /dev/v4l-subdev6

- hgo   = /dev/v4l-subdev7

- rpf.0 = /dev/v4l-subdev8

- rpf.1 = /dev/v4l-subdev9

- rpf.2 = /dev/v4l-subdev10

- rpf.3 = /dev/v4l-subdev11

- rpf.4 = /dev/v4l-subdev12

- wpf.0 = /dev/v4l-subdev13


## change media ##

  soc:vsp2@vspmvspb0  ->  fe960000.vsp


## success ##


MACRO> tt rpf all

@@ ----------------------------------------------

@@ RPF = 1.1.1.1

@@ ----------------------------------------------

device open = /dev/video2

device open = /dev/video7

Input  File = 1280_720_420sp.yuv

Output File = nothing


----------------------

TotalTime           =  697.94 ms

   > ProcessingTime =    3.86 ms

     WaitTime       =    3.62 ms

     DevOpenTime    =    7.63 ms

     DevCloseTime   =    0.74 ms

     ReadTime       =  133.69 ms

     WriteTime      =    0.00 ms

     CheckSumTime   =  538.46 ms

     OtherTime      =   13.56 ms

----------------------

[R] 1.1.1.1     [ OK ]

@@ ----------------------------------------------

@@ RPF = 1.1.1.2

@@ ----------------------------------------------

device open = /dev/video2

device open = /dev/video7

Input  File = 1280_720_ARGB32.argb

Output File = nothing


----------------------

TotalTime           =  517.52 ms

   > ProcessingTime =    3.87 ms

     WaitTime       =    3.62 ms

     DevOpenTime    =    5.20 ms

     DevCloseTime   =    0.78 ms

     ReadTime       =  326.44 ms

     WriteTime      =    0.00 ms

     CheckSumTime   =  153.80 ms

     OtherTime      =   27.44 ms

----------------------

[R] 1.1.1.2     [ OK ]

@@ ----------------------------------------------

@@ RPF = 1.1.1.3

@@ ----------------------------------------------

device open = /dev/video2

device open = /dev/video7

Input  File = 1280_720_ARGB32.argb

Output File = nothing


----------------------

TotalTime           =  303.62 ms

   > ProcessingTime =   13.21 ms

     WaitTime       =    3.68 ms

     DevOpenTime    =    7.17 ms

     DevCloseTime   =    0.74 ms

     ReadTime       =   18.47 ms

     WriteTime      =    0.00 ms

     CheckSumTime   =  235.27 ms

     OtherTime      =   28.76 ms

----------------------

[R] 1.1.1.3     [ OK ]

@@ ----------------------------------------------

@@ RPF = 1.1.1.4

@@ ----------------------------------------------

device open = /dev/video2

device open = /dev/video7

Input  File = 1280_720_ARGB32.argb

Output File = nothing


----------------------

TotalTime           =  275.05 ms

   > ProcessingTime =    3.83 ms

     WaitTime       =    3.59 ms

     DevOpenTime    =    7.00 ms

     DevCloseTime   =    3.22 ms

     ReadTime       =   24.13 ms

     WriteTime      =    0.00 ms

     CheckSumTime   =  215.30 ms

     OtherTime      =   21.57 ms

----------------------

[R] 1.1.1.4     [ OK ]

@@ ----------------------------------------------

@@ RPF = 1.1.1.5

@@ ----------------------------------------------

device open = /dev/video2

device open = /dev/video7

Input  File = 1280_720_ARGB32.argb

Output File = nothing


----------------------

TotalTime           =  296.94 ms

   > ProcessingTime =    3.91 ms

     WaitTime       =    3.66 ms

     DevOpenTime    =    7.49 ms

     DevCloseTime   =    0.74 ms

     ReadTime       =   23.86 ms

     WriteTime      =    0.00 ms

     CheckSumTime   =  239.29 ms

     OtherTime      =   21.66 ms

----------------------

[R] 1.1.1.5     [ OK ]

@@ ----------------------------------------------

@@ RPF = 1.1.1.6

@@ ----------------------------------------------

device open = /dev/video2

device open = /dev/video7

Input  File = 1280_720_ARGB32.argb

Output File = nothing


----------------------

TotalTime           =  251.97 ms

   > ProcessingTime =    3.84 ms

     WaitTime       =    3.59 ms

     DevOpenTime    =    6.03 ms

     DevCloseTime   =    0.76 ms

     ReadTime       =   16.36 ms

     WriteTime      =    0.00 ms

     CheckSumTime   =  211.34 ms

     OtherTime      =   13.63 ms

----------------------

[R] 1.1.1.6     [ OK ]

@@ ----------------------------------------------

@@ RPF = 1.1.1.7

@@ ----------------------------------------------

device open = /dev/video2

device open = /dev/video7

Input  File = 1280_720_ARGB32.argb

Output File = nothing


----------------------

TotalTime           =  323.06 ms

   > ProcessingTime =    7.67 ms

     WaitTime       =    3.68 ms

     DevOpenTime    =    5.57 ms

     DevCloseTime   =    0.78 ms

     ReadTime       =   27.97 ms

     WriteTime      =    0.00 ms

     CheckSumTime   =  263.19 ms

     OtherTime      =   17.88 ms

----------------------

[R] 1.1.1.7     [ OK ]

@@ ----------------------------------------------

@@ RPF = 1.1.1.8

@@ ----------------------------------------------

device open = /dev/video2

device open = /dev/video7

Input  File = 1280_720_ARGB32.argb

Output File = nothing


----------------------

TotalTime           =  359.63 ms

   > ProcessingTime =    3.84 ms

     WaitTime       =    3.59 ms

     DevOpenTime    =    6.03 ms

     DevCloseTime   =    0.77 ms

     ReadTime       =   16.21 ms

     WriteTime      =    0.00 ms

     CheckSumTime   =  308.92 ms

     OtherTime      =   23.86 ms

----------------------

[R] 1.1.1.8     [ OK ]

@@ ----------------------------------------------

@@ RPF = 1.1.1.9

@@ ----------------------------------------------

device open = /dev/video2

device open = /dev/video7

Input  File = 1280_720_ARGB32.argb

Output File = nothing


----------------------

TotalTime           =  421.74 ms

   > ProcessingTime =    3.91 ms

     WaitTime       =    3.66 ms

     DevOpenTime    =    5.87 ms

     DevCloseTime   =    0.90 ms

     ReadTime       =   24.37 ms

     WriteTime      =    0.00 ms

     CheckSumTime   =  372.93 ms

     OtherTime      =   13.76 ms

----------------------

[R] 1.1.1.9     [ OK ]

@@ ----------------------------------------------

@@ RPF = 1.1.1.10

@@ ----------------------------------------------

device open = /dev/video2

device open = /dev/video7

Input  File = 1280_720_ARGB32.argb

Output File = nothing


----------------------

TotalTime           =  493.23 ms

   > ProcessingTime =    3.91 ms

     WaitTime       =    3.66 ms

     DevOpenTime    =    7.60 ms

     DevCloseTime   =    0.78 ms

     ReadTime       =   24.17 ms

     WriteTime      =    0.00 ms

     CheckSumTime   =  426.33 ms

     OtherTime      =   30.44 ms

----------------------

[R] 1.1.1.10    [ OK ]

@@ ----------------------------------------------

@@ RPF = 1.1.1.11

@@ ----------------------------------------------

device open = /dev/video2

device open = /dev/video7

Input  File = 1280_720_ARGB32.argb

Output File = nothing


----------------------

TotalTime           =  491.76 ms

   > ProcessingTime =   11.55 ms

     WaitTime       =    3.67 ms

     DevOpenTime    =    5.86 ms

     DevCloseTime   =    0.81 ms

     ReadTime       =   23.90 ms

     WriteTime      =    0.00 ms

     CheckSumTime   =  426.47 ms

     OtherTime      =   23.18 ms

----------------------

[R] 1.1.1.11    [ OK ]

@@ ----------------------------------------------

@@ RPF = 1.1.1.12

@@ ----------------------------------------------

device open = /dev/video2

device open = /dev/video7

Input  File = 1280_720_ARGB32.argb

Output File = nothing


----------------------

TotalTime           =  531.29 ms

   > ProcessingTime =    3.91 ms

     WaitTime       =    3.66 ms

     DevOpenTime    =    5.67 ms

     DevCloseTime   =    0.79 ms

     ReadTime       =   24.04 ms

     WriteTime      =    0.00 ms

     CheckSumTime   =  466.35 ms

     OtherTime      =   30.53 ms

----------------------

[R] 1.1.1.12    [ OK ]

@@ ----------------------------------------------

@@ RPF = 1.1.1.13

@@ ----------------------------------------------

device open = /dev/video2

device open = /dev/video7

Input  File = 1280_720_ARGB32.argb

Output File = nothing


----------------------

TotalTime           =  527.47 ms

   > ProcessingTime =    7.59 ms

     WaitTime       =    3.67 ms

     DevOpenTime    =    5.78 ms

     DevCloseTime   =    0.80 ms

     ReadTime       =   15.97 ms

     WriteTime      =    0.00 ms

     CheckSumTime   =  474.38 ms

     OtherTime      =   22.96 ms

----------------------

[R] 1.1.1.13    [ OK ]

@@ ----------------------------------------------

@@ RPF = 1.1.1.14

@@ ----------------------------------------------

device open = /dev/video2

device open = /dev/video7

Input  File = 1280_720_ARGB32.argb

Output File = nothing


----------------------

TotalTime           =  529.83 ms

   > ProcessingTime =    3.91 ms

     WaitTime       =    3.66 ms

     DevOpenTime    =    5.80 ms

     DevCloseTime   =    7.15 ms

     ReadTime       =   24.00 ms

     WriteTime      =    0.00 ms

     CheckSumTime   =  462.33 ms

     OtherTime      =   26.63 ms

----------------------

[R] 1.1.1.14    [ OK ]

@@ ----------------------------------------------

@@ RPF = 1.1.1.15

@@ ----------------------------------------------

device open = /dev/video2

device open = /dev/video7

Input  File = 1280_720_ARGB32.argb

Output File = nothing


----------------------

TotalTime           =  460.33 ms

   > ProcessingTime =    3.84 ms

     WaitTime       =    3.59 ms

     DevOpenTime    =    7.45 ms

     DevCloseTime   =    0.84 ms

     ReadTime       =   16.13 ms

     WriteTime      =    0.00 ms

     CheckSumTime   =  402.51 ms

     OtherTime      =   29.55 ms

----------------------

[R] 1.1.1.15    [ OK ]

@@ ----------------------------------------------

@@ RPF = 1.1.1.16

@@ ----------------------------------------------

device open = /dev/video2

device open = /dev/video7

Input  File = 1280_720_ARGB32.argb

Output File = nothing


----------------------

TotalTime           =  312.15 ms

   > ProcessingTime =    3.91 ms

     WaitTime       =    3.66 ms

     DevOpenTime    =    6.65 ms

     DevCloseTime   =    0.80 ms

     ReadTime       =   24.09 ms

     WriteTime      =    0.00 ms

     CheckSumTime   =  258.84 ms

     OtherTime      =   17.86 ms

----------------------

[R] 1.1.1.16    [ OK ]

@@ ----------------------------------------------

@@ RPF = 1.1.1.17

@@ ----------------------------------------------

device open = /dev/video2

device open = /dev/video7

Input  File = 1280_720_ARGB32.argb

Output File = nothing


----------------------

TotalTime           =  290.08 ms

   > ProcessingTime =    3.91 ms

     WaitTime       =    3.66 ms

     DevOpenTime    =    5.99 ms

     DevCloseTime   =    7.36 ms

     ReadTime       =   24.11 ms

     WriteTime      =    0.00 ms

     CheckSumTime   =  235.21 ms

     OtherTime      =   13.50 ms

----------------------

[R] 1.1.1.17    [ OK ]

@@ ----------------------------------------------

@@ RPF = 1.1.1.18

@@ ----------------------------------------------

device open = /dev/video2

device open = /dev/video7

Input  File = 1280_720_ARGB32.argb

Output File = nothing


----------------------

TotalTime           =  291.46 ms

   > ProcessingTime =    3.90 ms

     WaitTime       =    3.65 ms

     DevOpenTime    =    7.44 ms

     DevCloseTime   =    4.29 ms

     ReadTime       =   24.07 ms

     WriteTime      =    0.00 ms

     CheckSumTime   =  227.27 ms

     OtherTime      =   24.50 ms

----------------------

[R] 1.1.1.18    [ OK ]

@@ ----------------------------------------------

@@ RPF = 1.1.1.19

@@ ----------------------------------------------

device open = /dev/video2

device open = /dev/video7

Input  File = 1280_720_ARGB32.argb

Output File = nothing


----------------------

TotalTime           =  260.62 ms

   > ProcessingTime =   14.08 ms

     WaitTime       =    3.60 ms

     DevOpenTime    =    7.49 ms

     DevCloseTime   =    0.63 ms

     ReadTime       =    9.48 ms

     WriteTime      =    0.00 ms

     CheckSumTime   =  195.23 ms

     OtherTime      =   33.70 ms

----------------------

[R] 1.1.1.19    [ OK ]

@@ ----------------------------------------------

@@ RPF = 1.1.1.20

@@ ----------------------------------------------

device open = /dev/video2

device open = /dev/video7

Input  File = 1280_720_ARGB32.argb

Output File = nothing


----------------------

TotalTime           =  239.81 ms

   > ProcessingTime =    3.90 ms

     WaitTime       =    3.66 ms

     DevOpenTime    =    6.38 ms

     DevCloseTime   =    0.80 ms

     ReadTime       =   24.02 ms

     WriteTime      =    0.00 ms

     CheckSumTime   =  184.42 ms

     OtherTime      =   20.29 ms

----------------------

[R] 1.1.1.20    [ OK ]

@@ ----------------------------------------------

@@ RPF = 1.1.1.21

@@ ----------------------------------------------

device open = /dev/video2

device open = /dev/video7

Input  File = 1280_720_ARGB32.argb

Output File = nothing


----------------------

TotalTime           =  195.48 ms

   > ProcessingTime =    3.92 ms

     WaitTime       =    3.67 ms

     DevOpenTime    =    6.09 ms

     DevCloseTime   =    0.75 ms

     ReadTime       =   24.09 ms

     WriteTime      =    0.00 ms

     CheckSumTime   =  140.49 ms

     OtherTime      =   20.15 ms

----------------------

[R] 1.1.1.21    [ OK ]

@@ ----------------------------------------------

@@ RPF = 1.1.1.22

@@ ----------------------------------------------

device open = /dev/video2

device open = /dev/video7

Input  File = 1280_720_ARGB32.argb

Output File = nothing


----------------------

TotalTime           =  335.37 ms

   > ProcessingTime =    7.76 ms

     WaitTime       =    3.67 ms

     DevOpenTime    =    6.11 ms

     DevCloseTime   =    0.73 ms

     ReadTime       =   23.94 ms

     WriteTime      =    0.00 ms

     CheckSumTime   =  271.21 ms

     OtherTime      =   25.62 ms

----------------------

[R] 1.1.1.22    [ OK ]

@@ ----------------------------------------------

@@ RPF = 1.1.1.23

@@ ----------------------------------------------

device open = /dev/video2

device open = /dev/video7

Input  File = 1280_720_ARGB32.argb

Output File = nothing


----------------------

TotalTime           =  270.27 ms

   > ProcessingTime =   11.46 ms

     WaitTime       =    3.67 ms

     DevOpenTime    =    6.24 ms

     DevCloseTime   =    7.67 ms

     ReadTime       =   19.98 ms

     WriteTime      =    0.00 ms

     CheckSumTime   =  203.21 ms

     OtherTime      =   21.71 ms

----------------------

[R] 1.1.1.23    [ OK ]

@@ ----------------------------------------------

@@ RPF = 1.1.1.24

@@ ----------------------------------------------

device open = /dev/video2

device open = /dev/video7

Input  File = 1280_720_ARGB32.argb

Output File = nothing


----------------------

TotalTime           =  220.85 ms

   > ProcessingTime =    7.56 ms

     WaitTime       =    3.67 ms

     DevOpenTime    =    7.47 ms

     DevCloseTime   =    0.73 ms

     ReadTime       =   20.07 ms

     WriteTime      =    0.00 ms

     CheckSumTime   =  164.48 ms

     OtherTime      =   20.53 ms

----------------------

[R] 1.1.1.24    [ OK ]

@@ ----------------------------------------------

@@ RPF = 1.1.1.25

@@ ----------------------------------------------

device open = /dev/video2

device open = /dev/video7

Input  File = 1280_720_ARGB32.argb

Output File = nothing


----------------------

TotalTime           =  223.39 ms

   > ProcessingTime =    3.83 ms

     WaitTime       =    3.59 ms

     DevOpenTime    =    6.13 ms

     DevCloseTime   =    0.63 ms

     ReadTime       =   24.19 ms

     WriteTime      =    0.00 ms

     CheckSumTime   =  172.49 ms

     OtherTime      =   16.12 ms

----------------------

[R] 1.1.1.25    [ OK ]

@@ ----------------------------------------------

@@ RPF = 1.1.1.26

@@ ----------------------------------------------

device open = /dev/video2

device open = /dev/video7

Input  File = 1280_720_ARGB32.argb

Output File = nothing


----------------------

TotalTime           =  299.53 ms

   > ProcessingTime =   19.88 ms

     WaitTime       =    3.65 ms

     DevOpenTime    =    6.23 ms

     DevCloseTime   =    0.74 ms

     ReadTime       =   11.81 ms

     WriteTime      =    0.00 ms

     CheckSumTime   =  231.26 ms

     OtherTime      =   29.61 ms

----------------------

[R] 1.1.1.26    [ OK ]

@@ ----------------------------------------------

@@ RPF = 1.1.1.27

@@ ----------------------------------------------

device open = /dev/video2

device open = /dev/video7

Input  File = 1280_720_ARGB32.argb

Output File = nothing


----------------------

TotalTime           =  295.78 ms

   > ProcessingTime =    3.91 ms

     WaitTime       =    3.66 ms

     DevOpenTime    =    6.22 ms

     DevCloseTime   =    0.82 ms

     ReadTime       =   24.11 ms

     WriteTime      =    0.00 ms

     CheckSumTime   =  243.22 ms

     OtherTime      =   17.50 ms

----------------------

[R] 1.1.1.27    [ OK ]

@@ ----------------------------------------------

@@ RPF = 1.1.1.28

@@ ----------------------------------------------

device open = /dev/video2

device open = /dev/video7

Input  File = 1280_720_ARGB32.argb

Output File = nothing


----------------------

TotalTime           =  399.41 ms

   > ProcessingTime =    3.90 ms

     WaitTime       =    3.66 ms

     DevOpenTime    =    5.98 ms

     DevCloseTime   =    0.74 ms

     ReadTime       =   24.05 ms

     WriteTime      =    0.00 ms

     CheckSumTime   =  340.80 ms

     OtherTime      =   23.95 ms

----------------------

[R] 1.1.1.28    [ OK ]

@@ ----------------------------------------------

@@ RPF = 1.1.1.29

@@ ----------------------------------------------

device open = /dev/video2

device open = /dev/video7

Input  File = 1280_720_ARGB32.argb

Output File = nothing


----------------------

TotalTime           =  379.82 ms

   > ProcessingTime =    3.84 ms

     WaitTime       =    3.59 ms

     DevOpenTime    =    6.03 ms

     DevCloseTime   =    0.88 ms

     ReadTime       =   24.14 ms

     WriteTime      =    0.00 ms

     CheckSumTime   =  324.90 ms

     OtherTime      =   20.03 ms

----------------------

[R] 1.1.1.29    [ OK ]

## success ##


MACRO> tt wpf all

@@ ----------------------------------------------

@@ WPF = 1.1.2.1

@@ ----------------------------------------------

device open = /dev/video2

device open = /dev/video7

Input  File = 1280_720_420sp.yuv

Output File = nothing


----------------------

TotalTime           =  454.99 ms

   > ProcessingTime =    3.92 ms

     WaitTime       =    3.60 ms

     DevOpenTime    =    5.58 ms

     DevCloseTime   =    0.76 ms

     ReadTime       =    5.38 ms

     WriteTime      =    0.00 ms

     CheckSumTime   =  417.48 ms

     OtherTime      =   21.89 ms

----------------------

[R] 1.1.2.1     [ OK ]

@@ ----------------------------------------------

@@ WPF = 1.1.2.2

@@ ----------------------------------------------

device open = /dev/video2

device open = /dev/video7

Input  File = 1280_720_ARGB32.argb

Output File = nothing


----------------------

TotalTime           =  183.17 ms

   > ProcessingTime =    3.97 ms

     WaitTime       =    3.66 ms

     DevOpenTime    =    6.10 ms

     DevCloseTime   =    0.60 ms

     ReadTime       =   24.02 ms

     WriteTime      =    0.00 ms

     CheckSumTime   =  125.67 ms

     OtherTime      =   22.81 ms

----------------------

[R] 1.1.2.2     [ OK ]

@@ ----------------------------------------------

@@ WPF = 1.1.2.3

@@ ----------------------------------------------

device open = /dev/video2

device open = /dev/video7

Input  File = 1280_720_ARGB32.argb

Output File = nothing


----------------------

TotalTime           =  291.87 ms

   > ProcessingTime =   23.31 ms

     WaitTime       =    3.67 ms

     DevOpenTime    =    6.37 ms

     DevCloseTime   =    0.75 ms

     ReadTime       =    8.29 ms

     WriteTime      =    0.00 ms

     CheckSumTime   =  231.26 ms

     OtherTime      =   21.89 ms

----------------------

[R] 1.1.2.3     [ OK ]

@@ ----------------------------------------------

@@ WPF = 1.1.2.4

@@ ----------------------------------------------

device open = /dev/video2

device open = /dev/video7

Input  File = 1280_720_ARGB32.argb

Output File = nothing


----------------------

TotalTime           =  287.74 ms

   > ProcessingTime =    3.90 ms

     WaitTime       =    3.66 ms

     DevOpenTime    =    5.99 ms

     DevCloseTime   =    0.81 ms

     ReadTime       =   24.21 ms

     WriteTime      =    0.00 ms

     CheckSumTime   =  239.26 ms

     OtherTime      =   13.57 ms

----------------------

[R] 1.1.2.4     [ OK ]

@@ ----------------------------------------------

@@ WPF = 1.1.2.5

@@ ----------------------------------------------

device open = /dev/video2

device open = /dev/video7

Input  File = 1280_720_ARGB32.argb

Output File = nothing


----------------------

TotalTime           =  253.83 ms

   > ProcessingTime =    3.82 ms

     WaitTime       =    3.60 ms

     DevOpenTime    =    5.77 ms

     DevCloseTime   =    3.23 ms

     ReadTime       =   24.17 ms

     WriteTime      =    0.00 ms

     CheckSumTime   =  187.24 ms

     OtherTime      =   29.60 ms

----------------------

[R] 1.1.2.5     [ OK ]

@@ ----------------------------------------------

@@ WPF = 1.1.2.6

@@ ----------------------------------------------

device open = /dev/video2

device open = /dev/video7

Input  File = 1280_720_ARGB32.argb

Output File = nothing


----------------------

TotalTime           =  286.57 ms

   > ProcessingTime =   15.40 ms

     WaitTime       =    3.65 ms

     DevOpenTime    =    4.98 ms

     DevCloseTime   =    0.76 ms

     ReadTime       =   12.05 ms

     WriteTime      =    0.00 ms

     CheckSumTime   =  227.21 ms

     OtherTime      =   26.17 ms

----------------------

[R] 1.1.2.6     [ OK ]

@@ ----------------------------------------------

@@ WPF = 1.1.2.7

@@ ----------------------------------------------

device open = /dev/video2

device open = /dev/video7

Input  File = 1280_720_ARGB32.argb

Output File = nothing


----------------------

TotalTime           =  291.30 ms

   > ProcessingTime =    3.84 ms

     WaitTime       =    3.59 ms

     DevOpenTime    =    5.92 ms

     DevCloseTime   =    0.64 ms

     ReadTime       =   24.28 ms

     WriteTime      =    0.00 ms

     CheckSumTime   =  227.33 ms

     OtherTime      =   29.30 ms

----------------------

[R] 1.1.2.7     [ OK ]

@@ ----------------------------------------------

@@ WPF = 1.1.2.8

@@ ----------------------------------------------

device open = /dev/video2

device open = /dev/video7

Input  File = 1280_720_ARGB32.argb

Output File = nothing


----------------------

TotalTime           =  387.83 ms

   > ProcessingTime =    3.90 ms

     WaitTime       =    3.66 ms

     DevOpenTime    =    6.10 ms

     DevCloseTime   =    0.84 ms

     ReadTime       =   24.49 ms

     WriteTime      =    0.00 ms

     CheckSumTime   =  328.89 ms

     OtherTime      =   23.61 ms

----------------------

[R] 1.1.2.8     [ OK ]

@@ ----------------------------------------------

@@ WPF = 1.1.2.9

@@ ----------------------------------------------

device open = /dev/video2

device open = /dev/video7

Input  File = 1280_720_ARGB32.argb

Output File = nothing


----------------------

TotalTime           =  407.04 ms

   > ProcessingTime =    3.89 ms

     WaitTime       =    3.59 ms

     DevOpenTime    =    5.89 ms

     DevCloseTime   =    0.65 ms

     ReadTime       =   24.35 ms

     WriteTime      =    0.00 ms

     CheckSumTime   =  340.82 ms

     OtherTime      =   31.44 ms

----------------------

[R] 1.1.2.9     [ OK ]

@@ ----------------------------------------------

@@ WPF = 1.1.2.10

@@ ----------------------------------------------

device open = /dev/video2

device open = /dev/video7

Input  File = 1280_720_ARGB32.argb

Output File = nothing


----------------------

TotalTime           =  520.03 ms

   > ProcessingTime =    7.79 ms

     WaitTime       =    3.67 ms

     DevOpenTime    =    6.20 ms

     DevCloseTime   =    0.78 ms

     ReadTime       =   27.91 ms

     WriteTime      =    0.00 ms

     CheckSumTime   =  450.34 ms

     OtherTime      =   27.02 ms

----------------------

[R] 1.1.2.10    [ OK ]

@@ ----------------------------------------------

@@ WPF = 1.1.2.11

@@ ----------------------------------------------

device open = /dev/video2

device open = /dev/video7

Input  File = 1280_720_ARGB32.argb

Output File = nothing


----------------------

TotalTime           =  527.55 ms

   > ProcessingTime =    3.90 ms

     WaitTime       =    3.66 ms

     DevOpenTime    =    5.65 ms

     DevCloseTime   =    0.77 ms

     ReadTime       =   24.05 ms

     WriteTime      =    0.00 ms

     CheckSumTime   =  470.49 ms

     OtherTime      =   22.69 ms

----------------------

[R] 1.1.2.11    [ OK ]

@@ ----------------------------------------------

@@ WPF = 1.1.2.12

@@ ----------------------------------------------

device open = /dev/video2

device open = /dev/video7

Input  File = 1280_720_ARGB32.argb

Output File = nothing


----------------------

TotalTime           =  539.27 ms

   > ProcessingTime =    3.91 ms

     WaitTime       =    3.66 ms

     DevOpenTime    =    5.62 ms

     DevCloseTime   =    0.77 ms

     ReadTime       =   23.96 ms

     WriteTime      =    0.00 ms

     CheckSumTime   =  474.40 ms

     OtherTime      =   30.60 ms

----------------------

[R] 1.1.2.12    [ OK ]

@@ ----------------------------------------------

@@ WPF = 1.1.2.13

@@ ----------------------------------------------

device open = /dev/video2

device open = /dev/video7

Input  File = 1280_720_ARGB32.argb

Output File = nothing


----------------------

TotalTime           =  510.93 ms

   > ProcessingTime =    3.90 ms

     WaitTime       =    3.66 ms

     DevOpenTime    =    5.83 ms

     DevCloseTime   =    0.80 ms

     ReadTime       =   23.99 ms

     WriteTime      =    0.00 ms

     CheckSumTime   =  458.38 ms

     OtherTime      =   18.02 ms

----------------------

[R] 1.1.2.13    [ OK ]

@@ ----------------------------------------------

@@ WPF = 1.1.2.14

@@ ----------------------------------------------

device open = /dev/video2

device open = /dev/video7

Input  File = 1280_720_ARGB32.argb

Output File = nothing


----------------------

TotalTime           =  508.27 ms

   > ProcessingTime =    7.38 ms

     WaitTime       =    3.67 ms

     DevOpenTime    =    6.42 ms

     DevCloseTime   =    0.76 ms

     ReadTime       =   24.32 ms

     WriteTime      =    0.00 ms

     CheckSumTime   =  446.46 ms

     OtherTime      =   22.93 ms

----------------------

[R] 1.1.2.14    [ OK ]

@@ ----------------------------------------------

@@ WPF = 1.1.2.15

@@ ----------------------------------------------

device open = /dev/video2

device open = /dev/video7

Input  File = 1280_720_ARGB32.argb

Output File = nothing


----------------------

TotalTime           =  543.15 ms

   > ProcessingTime =    7.67 ms

     WaitTime       =    3.66 ms

     DevOpenTime    =    5.71 ms

     DevCloseTime   =    0.76 ms

     ReadTime       =   15.96 ms

     WriteTime      =    0.00 ms

     CheckSumTime   =  482.41 ms

     OtherTime      =   30.64 ms

----------------------

[R] 1.1.2.15    [ OK ]

@@ ----------------------------------------------

@@ WPF = 1.1.2.16

@@ ----------------------------------------------

device open = /dev/video2

device open = /dev/video7

Input  File = 1280_720_ARGB32.argb

Output File = nothing


----------------------

TotalTime           =  279.58 ms

   > ProcessingTime =    3.91 ms

     WaitTime       =    3.66 ms

     DevOpenTime    =    6.00 ms

     DevCloseTime   =    0.76 ms

     ReadTime       =   24.12 ms

     WriteTime      =    0.00 ms

     CheckSumTime   =  223.29 ms

     OtherTime      =   21.51 ms

----------------------

[R] 1.1.2.16    [ OK ]

@@ ----------------------------------------------

@@ WPF = 1.1.2.17

@@ ----------------------------------------------

device open = /dev/video2

device open = /dev/video7

Input  File = 1280_720_ARGB32.argb

Output File = nothing


----------------------

TotalTime           =  307.35 ms

   > ProcessingTime =    3.88 ms

     WaitTime       =    3.66 ms

     DevOpenTime    =    5.88 ms

     DevCloseTime   =    0.74 ms

     ReadTime       =   32.09 ms

     WriteTime      =    0.00 ms

     CheckSumTime   =  251.22 ms

     OtherTime      =   13.53 ms

----------------------

[R] 1.1.2.17    [ OK ]

@@ ----------------------------------------------

@@ WPF = 1.1.2.18

@@ ----------------------------------------------

device open = /dev/video2

device open = /dev/video7

Input  File = 1280_720_ARGB32.argb

Output File = nothing


----------------------

TotalTime           =  306.48 ms

   > ProcessingTime =    3.90 ms

     WaitTime       =    3.66 ms

     DevOpenTime    =    6.06 ms

     DevCloseTime   =    0.74 ms

     ReadTime       =   32.07 ms

     WriteTime      =    0.00 ms

     CheckSumTime   =  243.25 ms

     OtherTime      =   20.45 ms

----------------------

[R] 1.1.2.18    [ OK ]

@@ ----------------------------------------------

@@ WPF = 1.1.2.19

@@ ----------------------------------------------

device open = /dev/video2

device open = /dev/video7

Input  File = 1280_720_ARGB32.argb

Output File = nothing


----------------------

TotalTime           =  264.61 ms

   > ProcessingTime =    3.84 ms

     WaitTime       =    3.59 ms

     DevOpenTime    =    7.06 ms

     DevCloseTime   =    0.81 ms

     ReadTime       =   16.13 ms

     WriteTime      =    0.00 ms

     CheckSumTime   =  215.37 ms

     OtherTime      =   21.41 ms

----------------------

[R] 1.1.2.19    [ OK ]

@@ ----------------------------------------------

@@ WPF = 1.1.2.20

@@ ----------------------------------------------

device open = /dev/video2

device open = /dev/video7

Input  File = 1280_720_ARGB32.argb

Output File = nothing


----------------------

TotalTime           =  251.34 ms

   > ProcessingTime =    3.91 ms

     WaitTime       =    3.66 ms

     DevOpenTime    =    5.98 ms

     DevCloseTime   =    0.73 ms

     ReadTime       =   24.11 ms

     WriteTime      =    0.00 ms

     CheckSumTime   =  196.45 ms

     OtherTime      =   20.15 ms

----------------------

[R] 1.1.2.20    [ OK ]

@@ ----------------------------------------------

@@ WPF = 1.1.2.21

@@ ----------------------------------------------

device open = /dev/video2

device open = /dev/video7

Input  File = 1280_720_ARGB32.argb

Output File = nothing


----------------------

TotalTime           =  226.16 ms

   > ProcessingTime =    3.84 ms

     WaitTime       =    3.59 ms

     DevOpenTime    =    6.12 ms

     DevCloseTime   =    3.39 ms

     ReadTime       =   16.12 ms

     WriteTime      =    0.00 ms

     CheckSumTime   =  168.54 ms

     OtherTime      =   28.15 ms

----------------------

[R] 1.1.2.21    [ OK ]

@@ ----------------------------------------------

@@ WPF = 1.1.2.22

@@ ----------------------------------------------

device open = /dev/video2

device open = /dev/video7

Input  File = 1280_720_ARGB32.argb

Output File = nothing


----------------------

TotalTime           =  295.48 ms

   > ProcessingTime =    3.90 ms

     WaitTime       =    3.66 ms

     DevOpenTime    =    7.48 ms

     DevCloseTime   =    7.19 ms

     ReadTime       =   24.11 ms

     WriteTime      =    0.00 ms

     CheckSumTime   =  231.24 ms

     OtherTime      =   21.57 ms

----------------------

[R] 1.1.2.22    [ OK ]

@@ ----------------------------------------------

@@ WPF = 1.1.2.23

@@ ----------------------------------------------

device open = /dev/video2

device open = /dev/video7

Input  File = 1280_720_ARGB32.argb

Output File = nothing


----------------------

TotalTime           =  259.92 ms

   > ProcessingTime =    3.83 ms

     WaitTime       =    3.59 ms

     DevOpenTime    =    7.46 ms

     DevCloseTime   =    0.74 ms

     ReadTime       =   23.88 ms

     WriteTime      =    0.00 ms

     CheckSumTime   =  191.40 ms

     OtherTime      =   32.61 ms

----------------------

[R] 1.1.2.23    [ OK ]

@@ ----------------------------------------------

@@ WPF = 1.1.2.24

@@ ----------------------------------------------

device open = /dev/video2

device open = /dev/video7

Input  File = 1280_720_ARGB32.argb

Output File = nothing


----------------------

TotalTime           =  196.40 ms

   > ProcessingTime =    3.84 ms

     WaitTime       =    3.59 ms

     DevOpenTime    =    7.04 ms

     DevCloseTime   =    0.73 ms

     ReadTime       =   16.11 ms

     WriteTime      =    0.00 ms

     CheckSumTime   =  148.59 ms

     OtherTime      =   20.09 ms

----------------------

[R] 1.1.2.24    [ OK ]

@@ ----------------------------------------------

@@ WPF = 1.1.2.25

@@ ----------------------------------------------

device open = /dev/video2

device open = /dev/video7

Input  File = 1280_720_ARGB32.argb

Output File = nothing


----------------------

TotalTime           =  200.88 ms

   > ProcessingTime =    3.84 ms

     WaitTime       =    3.58 ms

     DevOpenTime    =    6.13 ms

     DevCloseTime   =    0.75 ms

     ReadTime       =   16.14 ms

     WriteTime      =    0.00 ms

     CheckSumTime   =  160.53 ms

     OtherTime      =   13.49 ms

----------------------

[R] 1.1.2.25    [ OK ]

@@ ----------------------------------------------

@@ WPF = 1.1.2.26

@@ ----------------------------------------------

device open = /dev/video2

device open = /dev/video7

Input  File = 1280_720_ARGB32.argb

Output File = nothing


----------------------

TotalTime           =  269.22 ms

   > ProcessingTime =    3.84 ms

     WaitTime       =    3.59 ms

     DevOpenTime    =    8.22 ms

     DevCloseTime   =    0.74 ms

     ReadTime       =   24.12 ms

     WriteTime      =    0.00 ms

     CheckSumTime   =  203.27 ms

     OtherTime      =   29.03 ms

----------------------

[R] 1.1.2.26    [ OK ]

@@ ----------------------------------------------

@@ WPF = 1.1.2.27

@@ ----------------------------------------------

device open = /dev/video2

device open = /dev/video7

Input  File = 1280_720_ARGB32.argb

Output File = nothing


----------------------

TotalTime           =  252.57 ms

   > ProcessingTime =    3.84 ms

     WaitTime       =    3.59 ms

     DevOpenTime    =    7.02 ms

     DevCloseTime   =    0.82 ms

     ReadTime       =   23.98 ms

     WriteTime      =    0.00 ms

     CheckSumTime   =  191.28 ms

     OtherTime      =   25.63 ms

----------------------

[R] 1.1.2.27    [ OK ]

@@ ----------------------------------------------

@@ WPF = 1.1.2.28

@@ ----------------------------------------------

device open = /dev/video2

device open = /dev/video7

Input  File = 1280_720_ARGB32.argb

Output File = nothing


----------------------

TotalTime           =  451.51 ms

   > ProcessingTime =   23.37 ms

     WaitTime       =    3.66 ms

     DevOpenTime    =    5.95 ms

     DevCloseTime   =    0.65 ms

     ReadTime       =    8.20 ms

     WriteTime      =    0.00 ms

     CheckSumTime   =  388.88 ms

     OtherTime      =   24.47 ms

----------------------

[R] 1.1.2.28    [ OK ]

@@ ----------------------------------------------

@@ WPF = 1.1.2.29

@@ ----------------------------------------------

device open = /dev/video2

device open = /dev/video7

Input  File = 1280_720_ARGB32.argb

Output File = nothing


----------------------

TotalTime           =  442.15 ms

   > ProcessingTime =   11.42 ms

     WaitTime       =    3.65 ms

     DevOpenTime    =    5.93 ms

     DevCloseTime   =    2.05 ms

     ReadTime       =   16.02 ms

     WriteTime      =    0.00 ms

     CheckSumTime   =  392.93 ms

     OtherTime      =   13.81 ms

----------------------

[R] 1.1.2.29    [ OK ]

## success ##


MACRO> tt mbru all

@@ ----------------------------------------------

@@ MBRU = 1.2.1.1

@@ ----------------------------------------------

device open = /dev/video2

device open = /dev/video7

Input  File = 1280_720_ARGB32.argb

Output File = nothing


----------------------

TotalTime           =  484.54 ms

   > ProcessingTime =   11.41 ms

     WaitTime       =    3.61 ms

     DevOpenTime    =    6.62 ms

     DevCloseTime   =    0.80 ms

     ReadTime       =   16.05 ms

     WriteTime      =    0.00 ms

     CheckSumTime   =  422.54 ms

     OtherTime      =   27.12 ms

----------------------

[R] 1.2.1.1     [ OK ]

@@ ----------------------------------------------

@@ MBRU = 1.2.1.2

@@ ----------------------------------------------

device open = /dev/video2

device open = /dev/video3

device open = /dev/video7

Input  File = 1280_720_ARGB32.argb

Input  File = 800_600_ARGB32.argb

Output File = nothing


----------------------

TotalTime           =  671.43 ms

   > ProcessingTime =    4.09 ms

     WaitTime       =    3.77 ms

     DevOpenTime    =    4.96 ms

     DevCloseTime   =    0.74 ms

     ReadTime       =  200.88 ms

     WriteTime      =    0.00 ms

     CheckSumTime   =  434.37 ms

     OtherTime      =   26.38 ms

----------------------

[R] 1.2.1.2     [ OK ]

@@ ----------------------------------------------

@@ MBRU = 1.2.1.3

@@ ----------------------------------------------

device open = /dev/video2

device open = /dev/video3

device open = /dev/video4

device open = /dev/video7

Input  File = 1280_720_ARGB32.argb

Input  File = 800_600_ARGB32.argb

Input  File = 640_480_ARGB32.argb

Output File = nothing


----------------------

TotalTime           =  739.64 ms

   > ProcessingTime =    4.23 ms

     WaitTime       =    3.84 ms

     DevOpenTime    =    8.41 ms

     DevCloseTime   =    0.94 ms

     ReadTime       =  155.34 ms

     WriteTime      =    0.00 ms

     CheckSumTime   =  534.47 ms

     OtherTime      =   36.24 ms

----------------------

[R] 1.2.1.3     [ OK ]

@@ ----------------------------------------------

@@ MBRU = 1.2.1.4

@@ ----------------------------------------------

device open = /dev/video2

device open = /dev/video3

device open = /dev/video4

device open = /dev/video5

device open = /dev/video7

Input  File = 1280_720_ARGB32.argb

Input  File = 800_600_ARGB32.argb

Input  File = 640_480_ARGB32.argb

Input  File = 400_200_ARGB32.argb

Output File = nothing


----------------------

TotalTime           =  607.33 ms

   > ProcessingTime =    4.29 ms

     WaitTime       =    3.79 ms

     DevOpenTime    =    7.69 ms

     DevCloseTime   =    1.25 ms

     ReadTime       =   84.70 ms

     WriteTime      =    0.00 ms

     CheckSumTime   =  466.54 ms

     OtherTime      =   42.86 ms

----------------------

[R] 1.2.1.4     [ OK ]

@@ ----------------------------------------------

@@ MBRU = 1.2.1.5

@@ ----------------------------------------------

device open = /dev/video2

device open = /dev/video3

device open = /dev/video4

device open = /dev/video5

device open = /dev/video6

device open = /dev/video7

Input  File = 1280_720_ARGB32.argb

Input  File = 800_600_ARGB32.argb

Input  File = 640_480_ARGB32.argb

Input  File = 400_200_ARGB32.argb

Input  File = 100_50_ARGB32.argb

Output File = nothing


----------------------

TotalTime           =  586.96 ms

   > ProcessingTime =    4.49 ms

     WaitTime       =    3.95 ms

     DevOpenTime    =    7.33 ms

     DevCloseTime   =    1.29 ms

     ReadTime       =   62.24 ms

     WriteTime      =    0.00 ms

     CheckSumTime   =  470.56 ms

     OtherTime      =   41.06 ms

----------------------

[R] 1.2.1.5     [ OK ]

## success ##


MACRO> tt bru all

@@ ----------------------------------------------

@@ BRU = 1.2.2.1

@@ ----------------------------------------------

device open = /dev/video2

device open = /dev/video3

device open = /dev/video7

Input  File = 1280_720_ARGB32.argb

Input  File = 640_480_ARGB32.argb

Output File = nothing


----------------------

TotalTime           =  515.75 ms

   > ProcessingTime =    4.15 ms

     WaitTime       =    3.75 ms

     DevOpenTime    =    7.75 ms

     DevCloseTime   =    8.46 ms

     ReadTime       =   30.30 ms

     WriteTime      =    0.00 ms

     CheckSumTime   =  450.37 ms

     OtherTime      =   14.71 ms

----------------------

[R] 1.2.2.1     [ OK ]

@@ ----------------------------------------------

@@ BRU = 1.2.2.2

@@ ----------------------------------------------

device open = /dev/video2

device open = /dev/video3

device open = /dev/video7

Input  File = 1280_720_ARGB32.argb

Input  File = 640_480_ARGB32.argb

Output File = nothing


----------------------

TotalTime           =  547.26 ms

   > ProcessingTime =    9.08 ms

     WaitTime       =    3.73 ms

     DevOpenTime    =    7.42 ms

     DevCloseTime   =    6.92 ms

     ReadTime       =   30.79 ms

     WriteTime      =    0.00 ms

     CheckSumTime   =  470.36 ms

     OtherTime      =   22.70 ms

----------------------

[R] 1.2.2.2     [ OK ]

@@ ----------------------------------------------

@@ BRU = 1.2.3.1

@@ ----------------------------------------------

device open = /dev/video2

device open = /dev/video3

device open = /dev/video7

Input  File = 1280_720_ARGB32.argb

Input  File = 640_480_ARGB32.argb

Output File = nothing


----------------------

TotalTime           =  561.94 ms

   > ProcessingTime =    9.13 ms

     WaitTime       =    3.74 ms

     DevOpenTime    =    7.64 ms

     DevCloseTime   =    0.85 ms

     ReadTime       =   34.56 ms

     WriteTime      =    0.00 ms

     CheckSumTime   =  478.51 ms

     OtherTime      =   31.23 ms

----------------------

[R] 1.2.3.1     [ OK ]

@@ ----------------------------------------------

@@ BRU = 1.2.3.2

@@ ----------------------------------------------

device open = /dev/video2

device open = /dev/video3

device open = /dev/video7

Input  File = 1280_720_ARGB32.argb

Input  File = 640_480_ARGB32.argb

Output File = nothing


----------------------

TotalTime           =  535.65 ms

   > ProcessingTime =   14.20 ms

     WaitTime       =    3.70 ms

     DevOpenTime    =    5.23 ms

     DevCloseTime   =    0.87 ms

     ReadTime       =   19.26 ms

     WriteTime      =    0.00 ms

     CheckSumTime   =  466.47 ms

     OtherTime      =   29.62 ms

----------------------

[R] 1.2.3.2     [ OK ]

@@ ----------------------------------------------

@@ BRU = 1.2.4.1

@@ ----------------------------------------------

device open = /dev/video2

device open = /dev/video3

device open = /dev/video7

Input  File = 1280_720_420sp.yuv

Input  File = 640_480_420sp.yuv

Output File = nothing


----------------------

TotalTime           =  265.33 ms

   > ProcessingTime =    3.96 ms

     WaitTime       =    3.65 ms

     DevOpenTime    =    5.07 ms

     DevCloseTime   =    0.72 ms

     ReadTime       =   59.89 ms

     WriteTime      =    0.00 ms

     CheckSumTime   =  172.65 ms

     OtherTime      =   23.02 ms

----------------------

[R] 1.2.4.1     [ OK ]

@@ ----------------------------------------------

@@ BRU = 1.2.4.2

@@ ----------------------------------------------

device open = /dev/video2

device open = /dev/video3

device open = /dev/video7

Input  File = 1280_720_420sp.yuv

Input  File = 640_480_420sp.yuv

Output File = nothing


----------------------

TotalTime           =  196.55 ms

   > ProcessingTime =    9.21 ms

     WaitTime       =    3.67 ms

     DevOpenTime    =    7.26 ms

     DevCloseTime   =    0.88 ms

     ReadTime       =    9.85 ms

     WriteTime      =    0.00 ms

     CheckSumTime   =  144.52 ms

     OtherTime      =   24.82 ms

----------------------

[R] 1.2.4.2     [ OK ]

@@ ----------------------------------------------

@@ BRU = 1.2.4.3

@@ ----------------------------------------------

device open = /dev/video2

device open = /dev/video3

device open = /dev/video7

Input  File = 1280_720_420sp.yuv

Input  File = 640_480_420sp.yuv

Output File = nothing


----------------------

TotalTime           =  219.59 ms

   > ProcessingTime =    4.12 ms

     WaitTime       =    3.73 ms

     DevOpenTime    =    6.18 ms

     DevCloseTime   =    0.90 ms

     ReadTime       =   20.49 ms

     WriteTime      =    0.00 ms

     CheckSumTime   =  172.49 ms

     OtherTime      =   15.41 ms

----------------------

[R] 1.2.4.3     [ OK ]

@@ ----------------------------------------------

@@ BRU = 1.2.5.1

@@ ----------------------------------------------

device open = /dev/video2

device open = /dev/video3

device open = /dev/video7

Input  File = 1280_720_ARGB32.argb

Input  File = alpha_x80#640_480_ARGB32.argb

Output File = nothing


----------------------

TotalTime           =  708.66 ms

   > ProcessingTime =    4.00 ms

     WaitTime       =    3.68 ms

     DevOpenTime    =    6.10 ms

     DevCloseTime   =    0.93 ms

     ReadTime       =  146.87 ms

     WriteTime      =    0.00 ms

     CheckSumTime   =  526.66 ms

     OtherTime      =   24.11 ms

----------------------

[R] 1.2.5.1     [ OK ]

@@ ----------------------------------------------

@@ BRU = 1.2.5.2

@@ ----------------------------------------------

device open = /dev/video2

device open = /dev/video3

device open = /dev/video7

Input  File = 1280_720_ARGB32.argb

Input  File = alpha_xFF#640_480_ARGB32.argb

Output File = nothing


----------------------

TotalTime           =  707.28 ms

   > ProcessingTime =    4.14 ms

     WaitTime       =    3.83 ms

     DevOpenTime    =    8.90 ms

     DevCloseTime   =    0.86 ms

     ReadTime       =  137.35 ms

     WriteTime      =    0.00 ms

     CheckSumTime   =  526.57 ms

     OtherTime      =   29.46 ms

----------------------

[R] 1.2.5.2     [ OK ]

@@ ----------------------------------------------

@@ BRU = 1.2.5.3

@@ ----------------------------------------------

device open = /dev/video2

device open = /dev/video3

device open = /dev/video7

Input  File = 1280_720_ARGB32.argb

Input  File = alpha_x00#640_480_ARGB32.argb

Output File = nothing


----------------------

TotalTime           =  727.67 ms

   > ProcessingTime =    4.14 ms

     WaitTime       =    3.82 ms

     DevOpenTime    =    5.17 ms

     DevCloseTime   =    0.93 ms

     ReadTime       =  154.96 ms

     WriteTime      =    0.00 ms

     CheckSumTime   =  538.40 ms

     OtherTime      =   24.08 ms

----------------------

[R] 1.2.5.3     [ OK ]

@@ ----------------------------------------------

@@ BRU = 1.2.5.4

@@ ----------------------------------------------

device open = /dev/video2

device open = /dev/video3

device open = /dev/video7

Input  File = 1280_720_ARGB32.argb

Input  File = alpha_x80#640_480_ARGB32.argb

Output File = nothing


----------------------

TotalTime           =  739.34 ms

   > ProcessingTime =   17.68 ms

     WaitTime       =    3.73 ms

     DevOpenTime    =    5.03 ms

     DevCloseTime   =    0.74 ms

     ReadTime       =   29.23 ms

     WriteTime      =    0.00 ms

     CheckSumTime   =  458.83 ms

     OtherTime      =  227.83 ms

----------------------

[R] 1.2.5.4     [ OK ]

@@ ----------------------------------------------

@@ BRU = 1.2.5.5

@@ ----------------------------------------------

device open = /dev/video2

device open = /dev/video3

device open = /dev/video7

Input  File = 1280_720_ARGB32.argb

Input  File = alpha_xFF#640_480_ARGB32.argb

Output File = nothing


----------------------

TotalTime           =  727.18 ms

   > ProcessingTime =   13.85 ms

     WaitTime       =    3.75 ms

     DevOpenTime    =    5.16 ms

     DevCloseTime   =    0.75 ms

     ReadTime       =   32.95 ms

     WriteTime      =    0.00 ms

     CheckSumTime   =  462.42 ms

     OtherTime      =  212.06 ms

----------------------

[R] 1.2.5.5     [ OK ]

@@ ----------------------------------------------

@@ BRU = 1.2.5.6

@@ ----------------------------------------------

device open = /dev/video2

device open = /dev/video3

device open = /dev/video7

Input  File = 1280_720_ARGB32.argb

Input  File = alpha_x00#640_480_ARGB32.argb

Output File = nothing


----------------------

TotalTime           =  671.88 ms

   > ProcessingTime =   10.41 ms

     WaitTime       =    3.65 ms

     DevOpenTime    =    5.47 ms

     DevCloseTime   =    0.84 ms

     ReadTime       =   28.14 ms

     WriteTime      =    0.00 ms

     CheckSumTime   =  450.39 ms

     OtherTime      =  176.63 ms

----------------------

[R] 1.2.5.6     [ OK ]

@@ ----------------------------------------------

@@ BRU = 1.2.6.1

@@ ----------------------------------------------

device open = /dev/video2

device open = /dev/video3

device open = /dev/video7

Input  File = 1280_720_ARGB32.argb

Input  File = alpha_x80#640_480_ARGB32.argb

Output File = nothing


----------------------

TotalTime           =  547.15 ms

   > ProcessingTime =    4.05 ms

     WaitTime       =    3.66 ms

     DevOpenTime    =    5.06 ms

     DevCloseTime   =    0.85 ms

     ReadTime       =   18.98 ms

     WriteTime      =    0.00 ms

     CheckSumTime   =  482.40 ms

     OtherTime      =   35.81 ms

----------------------

[R] 1.2.6.1     [ OK ]

@@ ----------------------------------------------

@@ BRU = 1.2.6.2

@@ ----------------------------------------------

device open = /dev/video2

device open = /dev/video3

device open = /dev/video7

Input  File = 1280_720_ARGB32.argb

Input  File = alpha_x80#640_480_ARGB32.argb

Output File = nothing


----------------------

TotalTime           =  559.46 ms

   > ProcessingTime =   14.23 ms

     WaitTime       =    3.73 ms

     DevOpenTime    =    5.39 ms

     DevCloseTime   =    0.73 ms

     ReadTime       =   27.27 ms

     WriteTime      =    0.00 ms

     CheckSumTime   =  474.39 ms

     OtherTime      =   37.45 ms

----------------------

[R] 1.2.6.2     [ OK ]

@@ ----------------------------------------------

@@ BRU = 1.2.6.3

@@ ----------------------------------------------

device open = /dev/video2

device open = /dev/video3

device open = /dev/video7

Input  File = 1280_720_ARGB32.argb

Input  File = alpha_x00#640_480_ARGB32.argb

Output File = nothing


----------------------

TotalTime           =  498.19 ms

   > ProcessingTime =   10.29 ms

     WaitTime       =    3.65 ms

     DevOpenTime    =    5.33 ms

     DevCloseTime   =    0.87 ms

     ReadTime       =   27.26 ms

     WriteTime      =    0.00 ms

     CheckSumTime   =  414.43 ms

     OtherTime      =   40.02 ms

----------------------

[R] 1.2.6.3     [ OK ]

@@ ----------------------------------------------

@@ BRU = 1.2.6.4

@@ ----------------------------------------------

device open = /dev/video2

device open = /dev/video3

device open = /dev/video7

Input  File = 1280_720_ARGB32.argb

Input  File = alpha_x80#640_480_ARGB32.argb

Output File = nothing


----------------------

TotalTime           =  799.78 ms

   > ProcessingTime =    3.96 ms

     WaitTime       =    3.65 ms

     DevOpenTime    =    6.61 ms

     DevCloseTime   =    0.84 ms

