root@salvator-x:~# reboot
root@salvator-x:~#          Stopping Session c2 of User root...
[  OK  ] Removed slice Slice /system/modprobe.
[  OK  ] Removed slice Slice /system/weston.
[  OK  ] Stopped target Graphical Interface.
[  OK  ] Stopped target Multi-User System.
[  OK  ] Stopped target Login Prompts.
[  OK  ] Stopped target Host and Network Name Lookups.
[  OK  ] Stopped target RPC Port Mapper.
[  OK  ] Stopped target Sound Card.
[  OK  ] Stopped target System Time Set.
[  OK  ] Stopped target Timer Units.
[  OK  ] Stopped Daily Cleanup of Temporary Directories.
[  OK  ] Stopped target Hardware activated USB gadget.
         Stopping Save/Restore Sound Card State...
         Stopping Avahi mDNS/DNS-SD Stack...
         Stopping Getty on tty1...
         Stopping optee services...
         Stopping Serial Getty on ttySC0...
         Stopping set_default_governor.service...
         Stopping Load/Save OS Random Seed...
         Stopping Xinetd A Powerful Replacement For Inetd...
[  OK  ] Stopped Avahi mDNS/DNS-SD Stack.
[  OK  ] Stopped Getty on tty1.
[  OK  ] Stopped Xinetd A Powerful Replacement For Inetd.
[  OK  ] Stopped Serial Getty on ttySC0.
[  OK  ] Stopped Session c2 of User root.
[  OK  ] Stopped optee services.
[  OK  ] Removed slice Slice /system/getty.
[  OK  ] Removed slice Slice /system/serial-getty.
         Stopping User Login Management...
         Stopping Permit User Sessions...
         Stopping User Manager for UID 0...
[  OK  ] Stopped Save/Restore Sound Card State.
[  OK  ] Stopped Load/Save OS Random Seed.
[  OK  ] Stopped User Login Management.
[  OK  ] Stopped set_default_governor.service.
[  OK  ] Stopped User Manager for UID 0.
[  OK  ] Stopped Permit User Sessions.
[  OK  ] Stopped target Network.
[  OK  ] Stopped target Remote File Systems.
         Stopping Network Configuration...
         Stopping User Runtime Directory /run/user/0...
[  OK  ] Stopped Network Configuration.
[  OK  ] Stopped target Preparation for Network.
[  OK  ] Unmounted /run/user/0.
[  OK  ] Stopped User Runtime Directory /run/user/0.
[  OK  ] Removed slice User Slice of UID 0.
         Stopping D-Bus System Message Bus...
[  OK  ] Stopped D-Bus System Message Bus.
[  OK  ] Stopped target Basic System.
[  OK  ] Stopped target Path Units.
[  OK  ] Stopped Dispatch Password Requests to Console Directory Watch.
[  OK  ] Stopped Forward Password Requests to Wall Directory Watch.
[  OK  ] Stopped target Slice Units.
[  OK  ] Removed slice User and Session Slice.
[  OK  ] Stopped target Socket Units.
[  OK  ] Closed Avahi mDNS/DNS-SD Stack Activation Socket.
[  OK  ] Closed D-Bus System Message Bus Socket.
[  OK  ] Closed dropbear.socket.
[  OK  ] Stopped target System Initialization.
[  OK  ] Closed Network Service Netlink Socket.
         Stopping Network Name Resolution...
         Stopping Network Time Synchronization...
         Stopping Record System Boot/Shutdown in UTMP...
[  OK  ] Stopped Network Name Resolution.
[  OK  ] Stopped Network Time Synchronization.
[  OK  ] Stopped Apply Kernel Variables.
[  OK  ] Stopped Load Kernel Modules.
[  OK  ] Stopped Record System Boot/Shutdown in UTMP.
[  OK  ] Stopped Create Volatile Files and Directories.
[  OK  ] Stopped target Local File Systems.
         Unmounting Temporary Directory /tmp...
         Unmounting /var/volatile...
[FAILED] Failed unmounting Temporary Directory /tmp.
[  OK  ] Unmounted /var/volatile.
[  OK  ] Stopped target Preparation for Local File Systems.
[  OK  ] Stopped target Swaps.
[  OK  ] Reached target Unmount All Filesystems.
[  OK  ] Stopped Remount Root and Kernel File Systems.
[  OK  ] Stopped Create Static Device Nodes in /dev.
[  OK  ] Stopped Create Static Device Nodes in /dev gracefully.
[  OK  ] Reached target System Shutdown.
[  OK  ] Reached target Late Shutdown Services.
[  OK  ] Finished System Reboot.
[  OK  ] Reached target System Reboot.
[  467.938220] watchdog: watchdog0: watchdog did not stop!
[  468.015644] systemd-shutdown[1]: Using hardware watchdog 'Renesas WDT Watchdog', version 0, device /dev/watchdog0
[  468.026306] systemd-shutdown[1]: Watchdog running with a timeout of 1min.
[  468.544741] systemd-shutdown[1]: Syncing filesystems and block devices.
[  468.552189] systemd-shutdown[1]: Sending SIGTERM to remaining processes...
[  468.598209] systemd-journald[246]: Received SIGTERM from PID 1 (systemd-shutdow).
[  468.609101] audit: type=1335 audit(1720418259.950:3): pid=246 uid=0 auid=4294967295 tty=(none) ses=4294967295 comm="systemd-journal" exe="/usr/lib/systemd/systemd-journald" nl-mcgrp=1 op=disconnect res=1
[  468.643053] systemd-shutdown[1]: Sending SIGKILL to remaining processes...
[  468.684755] systemd-shutdown[1]: Unmounting file systems.
[  468.693593] (sd-umount)[493]: Unmounting '/tmp'.
[  468.702215] (sd-umount)[494]: Unmounting '/tmp'.
[  468.713170] systemd-shutdown[1]: All filesystems unmounted.
[  468.722108] systemd-shutdown[1]: Deactivating swaps.
[  468.730437] systemd-shutdown[1]: All swaps deactivated.
[  468.738637] systemd-shutdown[1]: Detaching loop devices.
[  468.766984] systemd-shutdown[1]: All loop devices detached.
[  468.775662] systemd-shutdown[1]: Stopping MD devices.
[  468.828392] systemd-shutdown[1]: All MD devices stopped.
[  468.836841] systemd-shutdown[1]: Detaching DM devices.
[  468.883943] systemd-shutdown[1]: All DM devices detached.
[  468.892377] systemd-shutdown[1]: All filesystems, swaps, loop devices, MD devices and DM devices detached.
[  468.928377] systemd-shutdown[1]: Syncing filesystems and block devices.
[  468.938509] systemd-shutdown[1]: Rebooting.
[  468.964993] reboot: Restarting system
NOTICE:  BL2: R-Car Gen3 Initial Program Loader(CA53) Rev.4.0.0
NOTICE:  BL2: PRR is R-Car E3 Ver.1.1
NOTICE:  BL2: PLL1 nonSSCG Clock select
NOTICE:  BL2: Board is Ebisu-4D Rev.1.0
NOTICE:  BL2: Boot device is HyperFlash(150MHz)
NOTICE:  BL2: LCM state is CM
NOTICE:  BL2: DDR1856(rev.0.12)
NOTICE:  BL2: [COLD_BOOT]
NOTICE:  BL2: DRAM Split is OFF
NOTICE:  BL2: QoS is default setting(rev.0.05)
NOTICE:  BL2: DRAM refresh interval 3.9 usec
NOTICE:  BL2: CH0: 400000000 - 47fffffff, 2 GiB
NOTICE:  BL2: FDT at 0xe6316d28
NOTICE:  BL2: v2.9(release):9cdb21f75-dirty
NOTICE:  BL2: Built : 11:42:42, Jun 29 2024
NOTICE:  BL2: Normal boot
NOTICE:  BL2: dst=0xe6316600 src=0x8180000 len=512(0x200)
NOTICE:  BL2: dst=0x43f00000 src=0x8180400 len=6144(0x1800)
NOTICE:  rcar_file_len: len: 0x0003e000
NOTICE:  BL2: dst=0x44000000 src=0x81c0000 len=253952(0x3e000)
NOTICE:  rcar_file_len: len: 0x00200000
NOTICE:  BL2: dst=0x44100000 src=0x8200000 len=2097152(0x200000)
NOTICE:  rcar_file_len: len: 0x00100000
NOTICE:  BL2: dst=0x50000000 src=0x8640000 len=1048576(0x100000)
NOTICE:  BL2: Booting BL31


U-Boot 2020.10 (Jun 29 2024 - 08:50:53 +0000)

CPU: Renesas Electronics R8A77990 rev 1.1
Model: Renesas Ebisu board based on r8a77990
DRAM:  1.9 GiB
RAM Configuration:
Bank #0: 0x048000000 - 0x0bfffffff, 1.9 GiB

MMC:   sd@ee100000: 0, sd@ee120000: 1, sd@ee160000: 2
Loading Environment from MMC... OK
In:    serial@e6e88000
Out:   serial@e6e88000
Err:   serial@e6e88000
Net:   eth0: ethernet@e6800000
Hit any key to stop autoboot:  0
=> pr
DA_bootargs=rw root=/dev/nfs nfsroot=192.168.8.8:/tftpboot/da.trinh-xuan/e34d/rootfs,nfsvers=4 ip=192.168.8.20
LONG_bootargs=rw root=/dev/nfs nfsroot=192.168.8.8:/tftpboot/long.trinh-tien/E3/rootfs,nfsvers=4 ip=192.168.8.20
baudrate=115200
bootargs=rw root=/dev/nfs nfsroot=192.168.8.8:/tftpboot/long.trinh-tien/E3/rootfs_original,nfsvers=4 ip=192.168.8.20
bootargs_sd0=rw root=/dev/mmcblk1p1 rootwait
bootargs_usb=rw root=/dev/sda1 rootwait
bootcmd=run bootcmd_tftp
bootcmd_sd=ext4load mmc 1:1 0x48080000 /boot_2h/Image;ext4load mmc 1:1 0x48000000 /boot_2h/r8a77990-ebisu-4d.dtb;booti 0x48080000 - 0x48000000
bootcmd_sd0=setenv bootargs ${bootargs_sd0};ext2load mmc 0:1 0x48080000 /boot/Image;ext2load mmc 0:1 0x48000000 /boot/${dtb};run booti_cmd
bootcmd_sd_ttl=setenv bootargs ${bootargs_sd0};ext2load mmc 0:1 0x48080000 /boot/Image;ext2load mmc 0:1 0x48000000 /boot/${dtb};run booti_cmd
bootcmd_tftp=setenv bootargs ${LONG_bootargs};tftp 0x48080000 long.trinh-tien/E3/Image_412;tftp 0x48000000 long.trinh-tien/E3/${dtb};booti 0x48080000 - 0x48000000
bootcmd_usb=usb start;setenv bootargs ${bootargs_usb};ext2load usb 0:1 0x48080000 /boot/Image;ext2load usb 0:1 0x48000000 /boot/${dtb};run booti_cmd
bootdelay=2
booti_cmd=booti 0x48080000 - 0x48000000
bootm_size=0x10000000
dtb=r8a77990-ebisu-4d.dtb
ethact=ethernet@e6800000
ethaddr=2E:09:0A:03:87:D4
ethaddr_BK=2E:09:0A:03:83:F6
fdtcontroladdr=bbf26f80
fileaddr=48000000
filesize=d975
ipaddr=192.168.8.200
loadaddr=0x58000000
netboot=tftp 0x48080000 ${tftp_path}/Image; tftp 0x48000000 ${tftp_path}/r8a779m6-ebisu.dtb; booti 0x48080000 - 0x48000000
platform=r8a77990
serverip=192.168.8.8
stderr=serial@e6e88000
stdin=serial@e6e88000
stdout=serial@e6e88000
tftp_path=nguyen.tran-van/gen3/e3v11
usb_pgood_delay=2000
ver=U-Boot 2020.10 (Jun 29 2024 - 08:50:53 +0000)

Environment size: 1819/131068 bytes
=> editenv LONG_bootargs
edit: rw root=/dev/nfs nfsroot=192.168.8.8:/tftpboot/long.trinh-tien/E3/rootfs2,nfsvers=4 ip=192.168.8.20
=> boot
ethernet@e6800000 Waiting for PHY auto negotiation to complete...... done
Using ethernet@e6800000 device
TFTP from server 192.168.8.8; our IP address is 192.168.8.200
Filename 'long.trinh-tien/E3/Image_412'.
Load address: 0x48080000
Loading: #################################################################
         #################################################################
         #################################################################
         #################################################################
         #################################################################
         #################################################################
         #################################################################
         #################################################################
         #################################################################
         #################################################################
         #################################################################
         #################################################################
         #################################################################
         #################################################################
         #################################################################
         #################################################################
         #################################################################
         #################################################################
         #################################################################
         #################################################################
         #################################################################
         #################################################################
         #################################################################
         #################################################################
         #################################################################
         #################################################################
         #################################################################
         #################################################################
         #################################################################
         #################################################################
         #################################################################
         #################################################################
         #################################################################
         #################################################################
         #################################################################
         #########
         448.2 KiB/s
done
Bytes transferred = 33516032 (1ff6a00 hex)
Using ethernet@e6800000 device
TFTP from server 192.168.8.8; our IP address is 192.168.8.200
Filename 'long.trinh-tien/E3/r8a77990-ebisu-4d.dtb'.
Load address: 0x48000000
Loading: ####
         445.3 KiB/s
done
Bytes transferred = 55669 (d975 hex)
Moving Image from 0x48080000 to 0x48200000, end=4a280000
## Flattened Device Tree blob at 48000000
   Booting using the fdt blob at 0x48000000
   Loading Device Tree to 0000000053fef000, end 0000000053fff974 ... OK

Starting kernel ...

[    0.000000] Booting Linux on physical CPU 0x0000000000 [0x410fd034]
[    0.000000] Linux version 5.10.218-yocto-standard-00832-ga6b0abad730d-dirty (rvc@L410730-CL011) (aarch64-poky-linux-gcc (GCC) 13.2.0, GNU ld (GNU Binutils) 2.42.0.20240216) #11 SMP PREEMPT Fri Jul 5 17:44:55 +07 2024
[    0.000000] Machine model: Renesas Ebisu-4D board based on r8a77990
[    0.000000] efi: UEFI not found.
[    0.000000] Reserved memory: created CMA memory pool at 0x0000000057000000, size 16 MiB
[    0.000000] OF: reserved mem: initialized node linux,adsp@57000000, compatible id shared-dma-pool
[    0.000000] Reserved memory: created CMA memory pool at 0x0000000058000000, size 256 MiB
[    0.000000] OF: reserved mem: initialized node linux,cma@58000000, compatible id shared-dma-pool
[    0.000000] Reserved memory: created CMA memory pool at 0x0000000068000000, size 64 MiB
[    0.000000] OF: reserved mem: initialized node linux,multimedia@68000000, compatible id shared-dma-pool
[    0.000000] NUMA: No NUMA configuration found
[    0.000000] NUMA: Faking a node at [mem 0x0000000048000000-0x00000000bfffffff]
[    0.000000] NUMA: NODE_DATA [mem 0xbfc15b00-0xbfc17fff]
[    0.000000] Zone ranges:
[    0.000000]   DMA      [mem 0x0000000048000000-0x00000000bfffffff]
[    0.000000]   DMA32    empty
[    0.000000]   Normal   empty
[    0.000000] Movable zone start for each node
[    0.000000] Early memory node ranges
[    0.000000]   node   0: [mem 0x0000000048000000-0x0000000053ffffff]
[    0.000000]   node   0: [mem 0x0000000054000000-0x0000000056ffffff]
[    0.000000]   node   0: [mem 0x0000000057000000-0x00000000bfffffff]
[    0.000000] Initmem setup node 0 [mem 0x0000000048000000-0x00000000bfffffff]
[    0.000000] psci: probing for conduit method from DT.
[    0.000000] psci: PSCIv1.1 detected in firmware.
[    0.000000] psci: Using standard PSCI v0.2 function IDs
[    0.000000] psci: Trusted OS resident on physical CPU 0x0
[    0.000000] psci: SMC Calling Convention v1.2
[    0.000000] percpu: Embedded 23 pages/cpu s56984 r8192 d29032 u94208
[    0.000000] Detected VIPT I-cache on CPU0
[    0.000000] CPU features: detected: ARM erratum 845719
[    0.000000] Built 1 zonelists, mobility grouping on.  Total pages: 483840
[    0.000000] Policy zone: DMA
[    0.000000] Kernel command line: rw root=/dev/nfs nfsroot=192.168.8.8:/tftpboot/long.trinh-tien/E3/rootfs2,nfsvers=4 ip=192.168.8.20
[    0.000000] Dentry cache hash table entries: 262144 (order: 9, 2097152 bytes, linear)
[    0.000000] Inode-cache hash table entries: 131072 (order: 8, 1048576 bytes, linear)
[    0.000000] mem auto-init: stack:all(zero), heap alloc:off, heap free:off
[    0.000000] Memory: 1499492K/1966080K available (15424K kernel code, 2842K rwdata, 8180K rodata, 6144K init, 518K bss, 122524K reserved, 344064K cma-reserved)
[    0.000000] SLUB: HWalign=64, Order=0-3, MinObjects=0, CPUs=2, Nodes=1
[    0.000000] rcu: Preemptible hierarchical RCU implementation.
[    0.000000] rcu:     RCU event tracing is enabled.
[    0.000000] rcu:     RCU restricting CPUs from NR_CPUS=256 to nr_cpu_ids=2.
[    0.000000]  Trampoline variant of Tasks RCU enabled.
[    0.000000] rcu: RCU calculated value of scheduler-enlistment delay is 25 jiffies.
[    0.000000] rcu: Adjusting geometry for rcu_fanout_leaf=16, nr_cpu_ids=2
[    0.000000] NR_IRQS: 64, nr_irqs: 64, preallocated irqs: 0
[    0.000000] arch_timer: cp15 timer(s) running at 24.00MHz (virt).
[    0.000000] clocksource: arch_sys_counter: mask: 0xffffffffffffff max_cycles: 0x588fe9dc0, max_idle_ns: 440795202592 ns
[    0.000006] sched_clock: 56 bits at 24MHz, resolution 41ns, wraps every 4398046511097ns
[    0.000409] Console: colour dummy device 80x25
[    0.000790] printk: console [tty0] enabled
[    0.000962] Calibrating delay loop (skipped), value calculated using timer frequency.. 48.00 BogoMIPS (lpj=96000)
[    0.000991] pid_max: default: 32768 minimum: 301
[    0.001080] LSM: Security Framework initializing
[    0.001169] Mount-cache hash table entries: 4096 (order: 3, 32768 bytes, linear)
[    0.001190] Mountpoint-cache hash table entries: 4096 (order: 3, 32768 bytes, linear)
[    0.003098] rcu: Hierarchical SRCU implementation.
[    0.005102] Detected Renesas R-Car Gen3 r8a77990 ES1.1
[    0.006939] EFI services will not be available.
[    0.007431] smp: Bringing up secondary CPUs ...
[    0.008171] Detected VIPT I-cache on CPU1
[    0.008286] CPU1: Booted secondary processor 0x0000000001 [0x410fd034]
[    0.008438] smp: Brought up 1 node, 2 CPUs
[    0.008483] SMP: Total of 2 processors activated.
[    0.008497] CPU features: detected: 32-bit EL0 Support
[    0.008509] CPU features: detected: CRC32 instructions
[    0.008521] CPU features: detected: 32-bit EL1 Support
[    0.019524] CPU: All CPU(s) started at EL1
[    0.019606] alternatives: patching kernel code
[    0.021201] devtmpfs: initialized
[    0.029592] KASLR disabled due to lack of seed
[    0.029906] clocksource: jiffies: mask: 0xffffffff max_cycles: 0xffffffff, max_idle_ns: 7645041785100000 ns
[    0.029946] futex hash table entries: 512 (order: 3, 32768 bytes, linear)
[    0.040251] pinctrl core: initialized pinctrl subsystem
[    0.042517] DMI not present or invalid.
[    0.043439] NET: Registered protocol family 16
[    0.045477] DMA: preallocated 256 KiB GFP_KERNEL pool for atomic allocations
[    0.045690] DMA: preallocated 256 KiB GFP_KERNEL|GFP_DMA pool for atomic allocations
[    0.045882] DMA: preallocated 256 KiB GFP_KERNEL|GFP_DMA32 pool for atomic allocations
[    0.046001] audit: initializing netlink subsys (disabled)
[    0.046376] audit: type=2000 audit(0.044:1): state=initialized audit_enabled=0 res=1
[    0.048190] thermal_sys: Registered thermal governor 'power_allocator'
[    0.048839] cpuidle: using governor menu
[    0.049159] hw-breakpoint: found 6 breakpoint and 4 watchpoint registers.
[    0.049263] ASID allocator initialised with 65536 entries
[    0.051311] Serial: AMBA PL011 UART driver
[    0.099538] sh-pfc e6060000.pinctrl: r8a77990_pfc support registered
[    0.117708] HugeTLB registered 1.00 GiB page size, pre-allocated 0 pages
[    0.117759] HugeTLB registered 32.0 MiB page size, pre-allocated 0 pages
[    0.117771] HugeTLB registered 2.00 MiB page size, pre-allocated 0 pages
[    0.117783] HugeTLB registered 64.0 KiB page size, pre-allocated 0 pages
[    0.119167] cryptd: max_cpu_qlen set to 1000
[    0.122677] ACPI: Interpreter disabled.
[    0.128393] rcar_avs_init: cannot find compatible dts node
[    0.131428] iommu: Default domain type: Translated
[    0.132500] ipmmu-vmsa e67b0000.iommu: IPMMU context 0 is reserved
[    0.135139] vgaarb: loaded
[    0.135646] SCSI subsystem initialized
[    0.136278] usbcore: registered new interface driver usbfs
[    0.136339] usbcore: registered new interface driver hub
[    0.136382] usbcore: registered new device driver usb
[    0.139943] i2c-sh_mobile e60b0000.i2c: I2C adapter 7, bus speed 400000 Hz
[    0.141233] mc: Linux media interface: v0.10
[    0.141299] videodev: Linux video capture interface: v2.00
[    0.141455] pps_core: LinuxPPS API ver. 1 registered
[    0.141467] pps_core: Software ver. 5.3.6 - Copyright 2005-2007 Rodolfo Giometti <giometti@linux.it>
[    0.141491] PTP clock support registered
[    0.141987] EDAC MC: Ver: 3.0.0
[    0.145819] FPGA manager framework
[    0.145976] Advanced Linux Sound Architecture Driver Initialized.
[    0.147380] clocksource: Switched to clocksource arch_sys_counter
[    0.147757] VFS: Disk quotas dquot_6.6.0
[    0.147836] VFS: Dquot-cache hash table entries: 512 (order 0, 4096 bytes)
[    0.148094] pnp: PnP ACPI: disabled
[    0.153933] NET: Registered protocol family 2
[    0.154198] IP idents hash table entries: 32768 (order: 6, 262144 bytes, linear)
[    0.155309] tcp_listen_portaddr_hash hash table entries: 1024 (order: 2, 16384 bytes, linear)
[    0.155454] TCP established hash table entries: 16384 (order: 5, 131072 bytes, linear)
[    0.155659] TCP bind hash table entries: 16384 (order: 6, 262144 bytes, linear)
[    0.155985] TCP: Hash tables configured (established 16384 bind 16384)
[    0.156200] UDP hash table entries: 1024 (order: 3, 32768 bytes, linear)
[    0.156266] UDP-Lite hash table entries: 1024 (order: 3, 32768 bytes, linear)
[    0.156560] NET: Registered protocol family 1
[    0.157392] RPC: Registered named UNIX socket transport module.
[    0.157427] RPC: Registered udp transport module.
[    0.157438] RPC: Registered tcp transport module.
[    0.157447] RPC: Registered tcp NFSv4.1 backchannel transport module.
[    0.157477] PCI: CLS 0 bytes, default 64
[    0.158583] hw perfevents: enabled with armv8_cortex_a53 PMU driver, 7 counters available
[    0.159583] kvm [1]: HYP mode not available
[    0.163863] Initialise system trusted keyrings
[    0.164295] workingset: timestamp_bits=42 max_order=19 bucket_order=0
[    0.170194] squashfs: version 4.0 (2009/01/31) Phillip Lougher
[    0.171149] NFS: Registering the id_resolver key type
[    0.171251] Key type id_resolver registered
[    0.171262] Key type id_legacy registered
[    0.171440] nfs4filelayout_init: NFSv4 File Layout Driver Registering...
[    0.171458] nfs4flexfilelayout_init: NFSv4 Flexfile Layout Driver Registering...
[    0.171774] 9p: Installing v9fs 9p2000 file system support
[    0.208582] Key type asymmetric registered
[    0.208632] Asymmetric key parser 'x509' registered
[    0.208733] Block layer SCSI generic (bsg) driver version 0.4 loaded (major 243)
[    0.208752] io scheduler mq-deadline registered
[    0.208770] io scheduler kyber registered
[    0.225355] gpio_rcar e6050000.gpio: driving 18 GPIOs
[    0.226431] gpio_rcar e6051000.gpio: driving 23 GPIOs
[    0.227585] gpio_rcar e6052000.gpio: driving 26 GPIOs
[    0.228599] gpio_rcar e6053000.gpio: driving 16 GPIOs
[    0.229416] gpio_rcar e6054000.gpio: driving 11 GPIOs
[    0.230133] gpio_rcar e6055000.gpio: driving 20 GPIOs
[    0.230829] gpio_rcar e6055400.gpio: driving 18 GPIOs
[    0.236937] rcar-pcie fe000000.pcie: host bridge /soc/pcie@fe000000 ranges:
[    0.237022] rcar-pcie fe000000.pcie:       IO 0x00fe100000..0x00fe1fffff -> 0x0000000000
[    0.237059] rcar-pcie fe000000.pcie:      MEM 0x00fe200000..0x00fe3fffff -> 0x00fe200000
[    0.237086] rcar-pcie fe000000.pcie:      MEM 0x0030000000..0x0037ffffff -> 0x0030000000
[    0.237107] rcar-pcie fe000000.pcie:      MEM 0x0038000000..0x003fffffff -> 0x0038000000
[    0.237134] rcar-pcie fe000000.pcie:   IB MEM 0x0040000000..0x00bfffffff -> 0x0040000000
[    0.237214] rcar-pcie fe000000.pcie: no pcie3v3 regulator found
[    0.237229] rcar-pcie fe000000.pcie: no pcie1v8 regulator found
[    0.289706] rcar-pcie fe000000.pcie: PCIe link down
[    0.293693] EINJ: ACPI disabled.
[    0.342345] Serial: 8250/16550 driver, 4 ports, IRQ sharing enabled
[    0.347189] SuperH (H)SCI(F) driver initialized
[    0.348222] e6e88000.serial: ttySC0 at MMIO 0xe6e88000 (irq = 119, base_baud = 0) is a scif
[    1.321081] printk: console [ttySC0] enabled
[    1.328400] msm_serial: driver initialized
[    1.354656] loop: module loaded
[    1.360921] megasas: 07.714.04.00-rc1
[    1.376408] tun: Universal TUN/TAP device driver, 1.6
[    1.383721] thunder_xcv, ver 1.0
[    1.387129] thunder_bgx, ver 1.0
[    1.390433] nicpf, ver 1.0
[    1.396196] hclge is initializing
[    1.399641] hns3: Hisilicon Ethernet Network Driver for Hip08 Family - version
[    1.406894] hns3: Copyright (c) 2017 Huawei Corporation.
[    1.412383] e1000: Intel(R) PRO/1000 Network Driver
[    1.417283] e1000: Copyright (c) 1999-2006 Intel Corporation.
[    1.423114] e1000e: Intel(R) PRO/1000 Network Driver
[    1.428095] e1000e: Copyright(c) 1999 - 2015 Intel Corporation.
[    1.434068] igb: Intel(R) Gigabit Ethernet Network Driver
[    1.439496] igb: Copyright (c) 2007-2014 Intel Corporation.
[    1.445115] igbvf: Intel(R) Gigabit Virtual Function Network Driver
[    1.451403] igbvf: Copyright (c) 2009 - 2012 Intel Corporation.
[    1.458496] sky2: driver version 1.30
[    1.467981] ravb e6800000.ethernet eth0: Base address at 0xe6800000, 2e:09:0a:03:87:d4, IRQ 114.
[    1.480120] VFIO - User Level meta-driver version: 0.3
[    1.489985] usbcore: registered new interface driver usb-storage
[    1.499936] renesas_usb3 ee020000.usb: probed
[    1.509372] i2c /dev entries driver
[    1.519258] pca953x 0-0020: supply vcc not found, using dummy regulator
[    1.526189] pca953x 0-0020: using no AI
[    1.534108] adv7511 0-0039: supply avdd not found, using dummy regulator
[    1.541148] adv7511 0-0039: supply dvdd not found, using dummy regulator
[    1.547942] adv7511 0-0039: supply pvdd not found, using dummy regulator
[    1.554720] adv7511 0-0039: supply bgvdd not found, using dummy regulator
[    1.561580] adv7511 0-0039: supply dvdd-3v not found, using dummy regulator
[    1.579793] i2c-rcar e6500000.i2c: probed
[    1.594147] cs2000-cp 3-004f: revision - C1
[    1.598578] i2c-rcar e66d0000.i2c: probed
[    1.605368] adv748x 0-0070: Endpoint /soc/i2c@e6500000/video-receiver@70/port@7/endpoint on port 7
[    1.614440] adv748x 0-0070: Endpoint /soc/i2c@e6500000/video-receiver@70/port@8/endpoint on port 8
[    1.623446] adv748x 0-0070: Endpoint /soc/i2c@e6500000/video-receiver@70/port@a/endpoint on port 10
[    1.633617] adv748x 0-0070: chip found @ 0xe0 revision 2143
[    1.730794] rcar-csi2 feaa0000.csi2: 2 lanes found
[    1.741303] rcar-vin e6ef4000.video: Device registered as video0
[    1.747551] rcar-vin e6ef5000.video: Device registered as video1
[    1.761712] rcar_thermal e6190000.thermal: 1 sensor probed
[    1.775597] cpu cpu0: EM: invalid perf. state: -22
[    1.787295] sdhci: Secure Digital Host Controller Interface driver
[    1.793590] sdhci: Copyright(c) Pierre Ossman
[    1.800181] renesas_sdhi_internal_dmac ee100000.mmc: Got CD GPIO
[    1.806309] renesas_sdhi_internal_dmac ee100000.mmc: Got WP GPIO
[    1.816945] renesas_sdhi_internal_dmac ee120000.mmc: Got CD GPIO
[    1.828632] renesas_sdhi_internal_dmac ee160000.mmc: Adding to iommu group 0
[    1.835836] renesas_sdhi_internal_dmac ee160000.mmc: Using IPMMU context 1
[    1.892620] renesas_sdhi_internal_dmac ee160000.mmc: mmc0 base at 0x00000000ee160000, max clock rate 200 MHz
[    1.904464] Synopsys Designware Multimedia Card Interface Driver
[    1.914450] sdhci-pltfm: SDHCI platform and OF driver helper
[    1.925015] ledtrig-cpu: registered to indicate activity on CPUs
[    1.933588] SMCCC: SOC_ID: ARCH_SOC_ID not implemented, skipping ....
[    1.941892] usbcore: registered new interface driver usbhid
[    1.947658] usbhid: USB HID core driver
[    1.961165] optee: probing for conduit method.
[    1.965778] optee: revision 3.22 (314ecf9d)
[    1.966313] optee driver R-Car Rev.1.0.11
[    1.975043] optee: dynamic shared memory is enabled
[    1.980579] optee: initialized driver
[    2.000645] rcar_sound ec500000.sound: probed
[    2.006506] NET: Registered protocol family 17
[    2.011384] 9pnet: Installing 9P2000 support
[    2.015834] Key type dns_resolver registered
[    2.020860] registered taskstats version 1
[    2.025118] Loading compiled-in X.509 certificates
[    2.033046] mmc0: new HS400 MMC card at address 0001
[    2.039655] mmcblk0: mmc0:0001 DG4032 29.1 GiB
[    2.044096] thermal emergency: set temperature to 110 celsius
[    2.044852] mmcblk0boot0: mmc0:0001 DG4032 partition 1 4.00 MiB
[    2.050278] thermal emergency: shutdown target cpus 1
[    2.056470] mmcblk0boot1: mmc0:0001 DG4032 partition 2 4.00 MiB
[    2.061082] thermal emergency: freq scaled target cpus 0
[    2.067357] mmcblk0rpmb: mmc0:0001 DG4032 partition 3 4.00 MiB, chardev (508:0)
[    2.073064] renesas_irqc e61c0000.interrupt-controller: driving 6 irqs
[    2.103808]  mmcblk0: p1
[    2.115763] renesas_sdhi_internal_dmac ee100000.mmc: Got CD GPIO
[    2.121910] renesas_sdhi_internal_dmac ee100000.mmc: Got WP GPIO
[    2.177500] renesas_sdhi_internal_dmac ee100000.mmc: mmc1 base at 0x00000000ee100000, max clock rate 200 MHz
[    2.192379] renesas_sdhi_internal_dmac ee120000.mmc: Got CD GPIO
[    2.248396] renesas_sdhi_internal_dmac ee120000.mmc: mmc2 base at 0x00000000ee120000, max clock rate 200 MHz
[    2.281671] [drm] Initialized rcar-du 1.0.0 20130110 for feb00000.display on minor 0
[    2.289550] [drm] Device feb00000.display probed
[    2.341009] Console: switching to colour frame buffer device 128x48
[    2.363474] rcar-du feb00000.display: [drm] fb0: rcar-dudrmfb frame buffer device
[    2.442875] ravb e6800000.ethernet eth0: limited PHY to 100Mbit/s
[    2.449195] Micrel KSZ9031 Gigabit PHY e6800000.ethernet-ffffffff:00: attached PHY driver [Micrel KSZ9031 Gigabit PHY] (mii_bus:phy_addr=e6800000.ethernet-ffffffff:00, irq=147)
[    4.170653] ravb e6800000.ethernet eth0: Link is Up - 100Mbps/Full - flow control off
[    4.191409] IP-Config: Guessing netmask 255.255.255.0
[    4.196609] IP-Config: Complete:
[    4.199926]      device=eth0, hwaddr=2e:09:0a:03:87:d4, ipaddr=192.168.8.20, mask=255.255.255.0, gw=255.255.255.255
[    4.210586]      host=192.168.8.20, domain=, nis-domain=(none)
[    4.216549]      bootserver=255.255.255.255, rootserver=192.168.8.8, rootpath=
[    4.216886] clk: Disabling unused clocks
[    4.228894] ALSA device list:
[    4.231970]   #0: rsnd-ak4613
[    4.362509] VFS: Mounted root (nfs4 filesystem) on device 0:22.
[    4.379241] devtmpfs: mounted
[    4.385937] Freeing unused kernel memory: 6144K
[    4.403527] Run /sbin/init as init process
[    6.395500] systemd[1]: System time before build time, advancing clock.
[    6.715240] systemd[1]: systemd 255.4^ running in system mode (+PAM -AUDIT -SELINUX -APPARMOR +IMA -SMACK +SECCOMP -GCRYPT -GNUTLS -OPENSSL +ACL +BLKID -CURL -ELFUTILS -FIDO2 -IDN2 -IDN -IPTC +KMOD -LIBCRYPTSETUP +LIBFDISK -PCRE2 -PWQUALITY -P11KIT -QRENCODE -TPM2 -BZIP2 -LZ4 -XZ -ZLIB +ZSTD -BPF_FRAMEWORK -XKBCOMMON +UTMP +SYSVINIT default-hierarchy=unified)
[    6.760345] systemd[1]: Detected architecture arm64.

Welcome to Poky (Yocto Project Reference Distro) 5.0 (scarthgap)!

[    6.940702] systemd[1]: Hostname set to <salvator-x>.
[    7.867461] random: crng init done
[    8.124584] systemd-sysv-generator[235]: SysV service '/etc/init.d/umountnfs.sh' lacks a native systemd unit file. ~ Automatically generating a unit file for compatibility. Please update package to include a native systemd unit file, in order to make it safe, robust and future-proof. ! This compatibility logic is deprecated, expect removal soon. !
[    8.280340] systemd-sysv-generator[235]: SysV service '/etc/init.d/set_default_governor.sh' lacks a native systemd unit file. ~ Automatically generating a unit file for compatibility. Please update package to include a native systemd unit file, in order to make it safe, robust and future-proof. ! This compatibility logic is deprecated, expect removal soon. !
[    8.459199] systemd-sysv-generator[235]: SysV service '/etc/init.d/umountfs' lacks a native systemd unit file. ~ Automatically generating a unit file for compatibility. Please update package to include a native systemd unit file, in order to make it safe, robust and future-proof. ! This compatibility logic is deprecated, expect removal soon. !
[    8.613678] systemd-sysv-generator[235]: SysV service '/etc/init.d/save-rtc.sh' lacks a native systemd unit file. ~ Automatically generating a unit file for compatibility. Please update package to include a native systemd unit file, in order to make it safe, robust and future-proof. ! This compatibility logic is deprecated, expect removal soon. !
[    8.726117] systemd-sysv-generator[235]: SysV service '/etc/init.d/reboot' lacks a native systemd unit file. ~ Automatically generating a unit file for compatibility. Please update package to include a native systemd unit file, in order to make it safe, robust and future-proof. ! This compatibility logic is deprecated, expect removal soon. !
[    8.796546] systemd-sysv-generator[235]: SysV service '/etc/init.d/halt' lacks a native systemd unit file. ~ Automatically generating a unit file for compatibility. Please update package to include a native systemd unit file, in order to make it safe, robust and future-proof. ! This compatibility logic is deprecated, expect removal soon. !
[    8.866921] systemd-sysv-generator[235]: SysV service '/etc/init.d/sendsigs' lacks a native systemd unit file. ~ Automatically generating a unit file for compatibility. Please update package to include a native systemd unit file, in order to make it safe, robust and future-proof. ! This compatibility logic is deprecated, expect removal soon. !
[    8.956410] systemd-sysv-generator[235]: SysV service '/etc/init.d/single' lacks a native systemd unit file. ~ Automatically generating a unit file for compatibility. Please update package to include a native systemd unit file, in order to make it safe, robust and future-proof. ! This compatibility logic is deprecated, expect removal soon. !
[    9.024020] systemd-sysv-generator[235]: SysV service '/etc/init.d/pvrinit' lacks a native systemd unit file. ~ Automatically generating a unit file for compatibility. Please update package to include a native systemd unit file, in order to make it safe, robust and future-proof. ! This compatibility logic is deprecated, expect removal soon. !
[    9.225901] systemd-sysv-generator[235]: SysV service '/etc/init.d/dropbear' lacks a native systemd unit file. ~ Automatically generating a unit file for compatibility. Please update package to include a native systemd unit file, in order to make it safe, robust and future-proof. ! This compatibility logic is deprecated, expect removal soon. !
[   13.446587] systemd[1]: Binding to IPv6 address not available since kernel does not support IPv6.
[   13.462707] systemd[1]: Binding to IPv6 address not available since kernel does not support IPv6.
[   16.623298] systemd[1]: Queued start job for default target Graphical Interface.
[   16.983469] systemd[1]: Created slice Slice /system/getty.
[  OK  ] Created slice Slice /system/getty.
[   17.018972] systemd[1]: Created slice Slice /system/modprobe.
[  OK  ] Created slice Slice /system/modprobe.
[   17.051601] systemd[1]: Created slice Slice /system/serial-getty.
[  OK  ] Created slice Slice /system/serial-getty.
[   17.082170] systemd[1]: Created slice User and Session Slice.
[  OK  ] Created slice User and Session Slice.
[   17.112585] systemd[1]: Started Dispatch Password Requests to Console Directory Watch.
[  OK  ] Started Dispatch Password Requests to Console Directory Watch.
[   17.148441] systemd[1]: Started Forward Password Requests to Wall Directory Watch.
[  OK  ] Started Forward Password Requests to Wall Directory Watch.
[   17.180197] systemd[1]: Reached target Path Units.
[  OK  ] Reached target Path Units.
[   17.207918] systemd[1]: Reached target Remote File Systems.
[  OK  ] Reached target Remote File Systems.
[   17.235894] systemd[1]: Reached target Slice Units.
[  OK  ] Reached target Slice Units.
[   17.263937] systemd[1]: Reached target Swaps.
[  OK  ] Reached target Swaps.
[   17.300695] systemd[1]: Listening on RPCbind Server Activation Socket.
[  OK  ] Listening on RPCbind Server Activation Socket.
[   17.331919] systemd[1]: Reached target RPC Port Mapper.
[  OK  ] Reached target RPC Port Mapper.
[   17.360595] systemd[1]: Listening on initctl Compatibility Named Pipe.
[  OK  ] Listening on initctl Compatibility Named Pipe.
[   17.405877] systemd[1]: Listening on Journal Audit Socket.
[  OK  ] Listening on Journal Audit Socket.
[   17.443959] systemd[1]: Listening on Journal Socket (/dev/log).
[  OK  ] Listening on Journal Socket (/dev/log).
[   17.473279] systemd[1]: Listening on Journal Socket.
[  OK  ] Listening on Journal Socket.
[   17.512729] systemd[1]: Listening on Network Service Netlink Socket.
[  OK  ] Listening on Network Service Netlink Socket.
[   17.584719] systemd[1]: Listening on udev Control Socket.
[  OK  ] Listening on udev Control Socket.
[   17.613071] systemd[1]: Listening on udev Kernel Socket.
[  OK  ] Listening on udev Kernel Socket.
[   17.652574] systemd[1]: Listening on User Database Manager Socket.
[  OK  ] Listening on User Database Manager Socket.
[   17.710507] systemd[1]: Mounting Huge Pages File System...
         Mounting Huge Pages File System...
[   17.745308] systemd[1]: Mounting POSIX Message Queue File System...
         Mounting POSIX Message Queue File System...
[   17.778399] systemd[1]: Mounting Kernel Debug File System...
         Mounting Kernel Debug File System...
[   17.804608] systemd[1]: Kernel Trace File System was skipped because of an unmet condition check (ConditionPathExists=/sys/kernel/tracing).
[   17.878536] systemd[1]: Mounting Temporary Directory /tmp...
         Mounting Temporary Directory /tmp...
[   17.904247] systemd[1]: Create List of Static Device Nodes was skipped because of an unmet condition check (ConditionFileNotEmpty=/lib/modules/5.10.218-yocto-standard-00832-ga6b0abad730d-dirty/modules.devname).
[   17.945113] systemd[1]: Starting Load Kernel Module configfs...
         Starting Load Kernel Module configfs...
[   18.009730] systemd[1]: Starting Load Kernel Module drm...
         Starting Load Kernel Module drm...
[   18.060780] systemd[1]: Starting Load Kernel Module fuse...
         Starting Load Kernel Module fuse...
[   18.169955] systemd[1]: Starting RPC Bind...
         Starting RPC Bind...
[   18.195096] systemd[1]: File System Check on Root Device was skipped because of an unmet condition check (ConditionPathIsReadWrite=!/).
[   18.216942] systemd[1]: systemd-journald.service: unit configures an IP firewall, but the local system does not support BPF/cgroup firewalling.
[   18.236681] systemd[1]: systemd-journald.service: (This warning is only shown for the first unit using IP firewalling.)
[   18.279695] systemd[1]: Starting Journal Service...
         Starting Journal Service...
[   18.383808] systemd[1]: Starting Load Kernel Modules...
         Starting Load Kernel Modules...
[   18.458416] systemd[1]: Starting Generate network units from Kernel command line...
         Starting Generate network units from Kernel command line...
[   18.509151] systemd[1]: Starting Remount Root and Kernel File Systems...
         Starting Remount Root and Kernel File Systems...
[   18.555535] systemd[1]: Starting Create Static Device Nodes in /dev gracefully...
         Starting Create Static Device Nodes in /dev gracefully...
[   18.610857] systemd[1]: Starting Coldplug All udev Devices...
         Starting Coldplug All udev Devices...
[   18.653530] systemd[1]: Mounted Huge Pages File System.
[  OK  ] Mounted Huge Pages File System.
[   18.677141] systemd[1]: Mounted POSIX Message Queue File System.
[  OK  ] Mounted POSIX Message Queue File System.
[   18.705407] systemd[1]: Mounted Kernel Debug File System.
[  OK  ] Mounted Kernel Debug File System.
[   18.733290] systemd[1]: Mounted Temporary Directory /tmp.
[  OK  ] Mounted Temporary Directory /tmp.
[   18.761899] systemd[1]: modprobe@configfs.service: Deactivated successfully.
[   18.774373] systemd[1]: Finished Load Kernel Module configfs.
[  OK  ] Finished Load Kernel Module configfs.
[   18.802621] systemd[1]: modprobe@drm.service: Deactivated successfully.
[   18.815656] systemd[1]: Finished Load Kernel Module drm.
[  OK  ] Finished Load Kernel Module drm.
[   18.841896] systemd[1]: modprobe@fuse.service: Deactivated successfully.
[   18.857400] systemd[1]: Finished Load Kernel Module fuse.
[  OK  ] Finished Load Kernel Module fuse.
[   18.883073] systemd[1]: FUSE Control File System was skipped because of an unmet condition check (ConditionPathExists=/sys/fs/fuse/connections).
[   18.895192] systemd-journald[246]: Collecting audit messages is enabled.
[   18.928455] systemd[1]: Mounting Kernel Configuration File System...
         Mounting Kernel Configuration File System...
[   19.160475] systemd[1]: systemd-network-generator.service: Main process exited, code=exited, status=1/FAILURE
[   19.192916] systemd[1]: systemd-network-generator.service: Failed with result 'exit-code'.
[   19.211730] systemd[1]: Failed to start Generate network units from Kernel command line.
[FAILED] Failed to start Generate network units from Kernel command line.
See 'systemctl status systemd-network-generator.service' for details.
[   19.263131] systemd[1]: Started Journal Service.
[  OK  ] Started Journal Service.
[  OK  ] Reached target Preparation for Network.
[  OK  ] Finished Remount Root and Kernel File Systems.
         Starting Flush Journal to Persistent Storage...
[  OK  ] Finished Load Kernel Modules.
[  OK  ] Mounted Kernel Configuration File System.
         Starting Apply Kernel Variables...
[  OK  ] Started RPC Bind.
[   20.272300] systemd-journald[246]: Received client request to flush runtime journal.
[  OK  ] Finished Flush Journal to Persistent Storage.
[  OK  ] Finished Apply Kernel Variables.
[  OK  ] Finished Create Static Device Nodes in /dev gracefully.
         Starting Create Static Device Nodes in /dev...
[  OK  ] Finished Coldplug All udev Devices.
[  OK  ] Finished Create Static Device Nodes in /dev.
[  OK  ] Reached target Preparation for Local File Systems.
         Mounting /var/volatile...
         Starting Rule-based Manager for Device Events and Files...
[  OK  ] Mounted /var/volatile.
         Starting Load/Save OS Random Seed...
[  OK  ] Reached target Local File Systems.
         Starting Create Volatile Files and Directories...
[  OK  ] Finished Load/Save OS Random Seed.
[  OK  ] Started Rule-based Manager for Device Events and Files.
         Starting Network Configuration...
         Starting User Database Manager...
[  OK  ] Started User Database Manager.
[  OK  ] Finished Create Volatile Files and Directories.
         Starting Network Name Resolution...
         Starting Network Time Synchronization...
         Starting Record System Boot/Shutdown in UTMP...
[  OK  ] Started Network Configuration.
[  OK  ] Finished Record System Boot/Shutdown in UTMP.
[  OK  ] Started Network Name Resolution.
[  OK  ] Reached target Network.
[  OK  ] Reached target Host and Network Name Lookups.
[  OK  ] Started Network Time Synchronization.
[  OK  ] Reached target System Initialization.
[  OK  ] Started Daily Cleanup of Temporary Directories.
[  OK  ] Reached target System Time Set.
[  OK  ] Reached target Timer Units.
[  OK  ] Listening on Avahi mDNS/DNS-SD Stack Activation Socket.
[  OK  ] Listening on D-Bus System Message Bus Socket.
[  OK  ] Listening on dropbear.socket.
[  OK  ] Reached target Socket Units.
[  OK  ] Reached target Basic System.
         Starting Avahi mDNS/DNS-SD Stack...
         Starting D-Bus System Message Bus...
[  OK  ] Started optee services.
         Starting pvrinit.service...
         Starting PowerVR consumer services...
         Starting User Login Management...
         Starting Permit User Sessions...
[  OK  ] Started Xinetd A Powerful Replacement For Inetd.
[  OK  ] Started D-Bus System Message Bus.
[  OK  ] Started Avahi mDNS/DNS-SD Stack.
[  OK  ] Finished Permit User Sessions.
[  OK  ] Started Getty on tty1.
[  OK  ] Started Serial Getty on ttySC0.
[  OK  ] Reached target Login Prompts.
[FAILED] Failed to start pvrinit.service.
See 'systemctl status pvrinit.service' for details.
[  OK  ] Created slice Slice /system/weston.
[  OK  ] Reached target Hardware activated USB gadget.
         Starting set_default_governor.service...
[FAILED] Failed to start PowerVR consumer services.
See 'systemctl status rc.pvr.service' for details.
[  OK  ] Started User Login Management.
[  OK  ] Started set_default_governor.service.
[  OK  ] Reached target Multi-User System.
[  OK  ] Reached target Graphical Interface.
         Starting Record Runlevel Change in UTMP...
[  OK  ] Started Weston Wayland Compositor.
[  OK  ] Finished Record Runlevel Change in UTMP.
[   29.884640] rcar_sound ec500000.sound: Can't update kctrl when idle
         Starting Save/Restore Sound Card State...
         Starting Virtual Console Setup...
[   30.240080] rcar_sound ec500000.sound: Can't update kctrl when idle
[  OK  ] Finished Save/Restore Sound Card State.
[  OK  ] Reached target Sound Card.
[  OK  ] Created slice User Slice of UID 0.
         Starting User Runtime Directory /run/user/0...
[  OK  ] Finished User Runtime Directory /run/user/0.
         Starting User Manager for UID 0...
[  OK  ] Finished Virtual Console Setup.
[   30.947107] audit: type=1006 audit(1720418362.019:2): pid=377 uid=0 old-auid=4294967295 auid=0 tty=(none) old-ses=4294967295 ses=1 res=1
[  OK  ] Started User Manager for UID 0.
[  OK  ] Started Session c1 of User root.

Poky (Yocto Project Reference Distro) 5.0 salvator-x ttySC0

salvator-x login: [   35.811551] SDHI0 VccQ: disabling
[   35.814967] SDHI1 VccQ: disabling
root

WARNING: Poky is a reference Yocto Project distribution that should be used for
testing and development purposes only. It is recommended that you create your
own distribution for production use.

[   77.348414] audit: type=1006 audit(1720418408.423:3): pid=395 uid=0 old-auid=4294967295 auid=0 tty=(none) old-ses=4294967295 ses=2 res=1
root@salvator-x:~# insmod g_printer.ko
[   90.184546] printer gadget: printer ready
root@salvator-x:~# mount -t tmpfs -o size=1011M tmpfs /tmp
root@salvator-x:~# dd if=/dev/zero of=/tmp/tmp.img bs=1M count=1000
1000+0 records in
1000+0 records out
1048576000 bytes (1.0 GB, 1000 MiB) copied, 2.98129 s, 352 MB/s
root@salvator-x:~# mkfs.ext3 -L storage /tmp/tmp.img
mke2fs 1.47.0 (5-Feb-2023)
Discarding device blocks: done
Creating filesystem with 256000 4k blocks and 64000 inodes
Filesystem UUID: 33d20a03-aeec-44a9-850c-85ffd7c8797e
Superblock backups stored on blocks:
        32768, 98304, 163840, 229376

Allocating group tables: done
Writing inode tables: done
Creating journal (4096 blocks): done
Writing superblocks and filesystem accounting information: done

root@salvator-x:~# insmod g_mass_storage.ko file=/tmp/tmp.img
[  110.720666] Mass Storage Function, version: 2009/09/11
[  110.726026] LUN: removable file: (no medium)
[  110.730657] LUN: file: /tmp/tmp.img
[  110.734356] Number of LUNs=1
[  110.738168] g_mass_storage gadget: Mass Storage Gadget, version: 2009/09/11
[  110.745491] g_mass_storage gadget: userspace failed to provide iSerialNumber
[  110.752689] g_mass_storage gadget: g_mass_storage ready
root@salvator-x:~# i2cset -f -y 7 0x30 0x20 0x0f
root@salvator-x:~# echo mem > /sys/power/state
[  142.145884] PM: suspend entry (deep)
[  142.149808] Filesystems sync: 0.000 seconds
[  142.154942] Freezing user space processes ... (elapsed 0.002 seconds) done.
[  142.164259] OOM killer disabled.
[  142.167559] Freezing remaining freezable tasks ... (elapsed 0.001 seconds) done.
[  142.176762] printk: Suspending console(s) (use no_console_suspend to debug)
NOTICE:  BL2: R-Car Gen3 Initial Program Loader(CA53) Rev.4.0.0
NOTICE:  BL2: PRR is R-Car E3 Ver.1.1
NOTICE:  BL2: PLL1 nonSSCG Clock select
NOTICE:  BL2: Board is Ebisu-4D Rev.1.0
NOTICE:  BL2: Boot device is HyperFlash(150MHz)
NOTICE:  BL2: LCM state is CM
NOTICE:  BL2: DDR1856(rev.0.12)
NOTICE:  BL2: [WARM_BOOT]
NOTICE:  BL2: DRAM Split is OFF
NOTICE:  BL2: QoS is default setting(rev.0.05)
NOTICE:  BL2: DRAM refresh interval 3.9 usec
NOTICE:  BL2: CH0: 400000000 - 47fffffff, 2 GiB
NOTICE:  BL2: FDT at 0xe6316d28
NOTICE:  BL2: v2.9(release):9cdb21f75-dirty
NOTICE:  BL2: Built : 11:42:42, Jun 29 2024
NOTICE:  BL2: Normal boot
[  142.205665] ravb e6800000.ethernet eth0: Link is Down
[  142.215505] Disabling non-boot CPUs ...
[  142.216542] CPU1: shutdown
[  142.217577] psci: CPU1 killed (polled 0 ms)
[  142.220465] Enabling non-boot CPUs ...
[  142.220840] Detected VIPT I-cache on CPU1
[  142.220949] CPU1: Booted secondary processor 0x0000000001 [0x410fd034]
[  142.221879] CPU1 is up
[  142.378383] ravb e6800000.ethernet eth0: limited PHY to 100Mbit/s
[  142.378409] Micrel KSZ9031 Gigabit PHY e6800000.ethernet-ffffffff:00: attached PHY driver [Micrel KSZ9031 Gigabit PHY] (mii_bus:phy_addr=e6800000.ethernet-ffffffff:00, irq=147)
[  142.531724] OOM killer enabled.
[  142.531732] Restarting tasks ... done.
[  142.538929] PM: suspend exit
[  143.937656] ravb e6800000.ethernet eth0: Link is Up - 100Mbps/Full - flow control off
root@salvator-x:~# echo 1 > /sys/kernel/debug/usb/ee020000.usb/b_device
root@salvator-x:~# echo 2 > /sys/kernel/debug/usb/ee020000.usb/b_device
root@salvator-x:~# cat /sys/devices/platform/soc/ee020000.usb/udc/ee020000.usb/state
configured
root@salvator-x:~#



---------- HOST-PC -----------

rvc@L410730-CL011:~/Downloads$ df -h
Filesystem      Size  Used Avail Use% Mounted on
udev            3,8G     0  3,8G   0% /dev
tmpfs           784M  2,2M  782M   1% /run
/dev/nvme0n1p4  458G  246G  189G  57% /
tmpfs           3,9G     0  3,9G   0% /dev/shm
tmpfs           5,0M  4,0K  5,0M   1% /run/lock
tmpfs           3,9G     0  3,9G   0% /sys/fs/cgroup
/dev/loop0      128K  128K     0 100% /snap/bare/5
/dev/loop4      350M  350M     0 100% /snap/gnome-3-38-2004/143
/dev/loop1       64M   64M     0 100% /snap/core20/2182
/dev/loop2      347M  347M     0 100% /snap/gnome-3-38-2004/119
/dev/loop3      497M  497M     0 100% /snap/gnome-42-2204/141
/dev/loop9       92M   92M     0 100% /snap/gtk-common-themes/1535
/dev/loop8      506M  506M     0 100% /snap/gnome-42-2204/176
/dev/loop6       64M   64M     0 100% /snap/core20/2318
/dev/loop5       75M   75M     0 100% /snap/core22/1380
/dev/loop7       74M   74M     0 100% /snap/core22/864
/dev/loop10     9,8M  9,8M     0 100% /snap/htop/4407
/dev/loop13      13M   13M     0 100% /snap/snap-store/1113
/dev/loop14      41M   41M     0 100% /snap/snapd/20290
/dev/loop11      13M   13M     0 100% /snap/snap-store/959
/dev/loop12      39M   39M     0 100% /snap/snapd/21759
/dev/nvme0n1p1  3,7G  199M  3,3G   6% /boot
/dev/nvme0n1p2  3,9G  6,1M  3,9G   1% /boot/efi
tmpfs           784M   36K  784M   1% /run/user/1000
/dev/sdc        968M   44K  918M   1% /media/rvc/storage
rvc@L410730-CL011:~/Downloads$ mkdir /mnt/usb
mkdir: cannot create directory /mnt/usb: File exists
rvc@L410730-CL011:~/Downloads$ sudo mount /dev/sdc /mnt/usb
[sudo] password for rvc:
rvc@L410730-CL011:~/Downloads$ sudo cp file-100m /mnt/usb/file-100m_from_host
rvc@L410730-CL011:~/Downloads$ sudo cp /mnt/usb/file-100m_from_host ./file-100m_from_board
rvc@L410730-CL011:~/Downloads$ md5sum file-100m file-100m
file-100m             file-100m_from_board
rvc@L410730-CL011:~/Downloads$ md5sum file-100m file-100m_from_board
a297e2e34a725c64d414b6856730ac6b  file-100m
a297e2e34a725c64d414b6856730ac6b  file-100m_from_board
rvc@L410730-CL011:~/Downloads$ sudo umount /mnt/usb
rvc@L410730-CL011:~/Downloads$
