----------- BOARD ------------

root@salvator-x:~# mount -t tmpfs -o size=400M tmpfs /tmp
root@salvator-x:~# 
root@salvator-x:~# dd if=/dev/zero of=/tmp/tmp.img bs=1M count=350
350+0 records in
350+0 records out
367001600 bytes (367 MB, 350 MiB) copied, 1.63683 s, 224 MB/s
root@salvator-x:~# 
root@salvator-x:~# mkfs.ext3 -L storage /tmp/tmp.img
mke2fs 1.46.1 (9-Feb-2021)
Discarding device blocks:   1024/358400             done                            
Creating filesystem with 358400 1k blocks and 89760 inodes
Filesystem UUID: 27e304e7-0656-425a-a174-38995f28dd27
Superblock backups stored on blocks: 
	8193, 24577, 40961, 57345, 73729, 204801, 221185

Allocating group tables:  0/44     done                            
Writing inode tables:  0/44     done                            
Creating journal (8192 blocks): done
Writing superblocks and filesystem accounting information:  0/44     done

root@salvator-x:~# 
root@salvator-x:~# modprobe g_mass_storage file=/tmp/tmp.img
root@salvator-x:~# 
root@salvator-x:~# rmmod g_mass_storage
root@salvator-x:~# 
root@salvator-x:~# modprobe g_mass_storage file=/tmp/tmp.img
[  116.997394] UDC core: g_mass_storage: couldn't find an available UDC
root@salvator-x:~# 
 
#### Result: NG ####
