

----------Item 2----------


Please press switch to restart board 

[F 00:00:120
[F 00:00:119
[F 00:00:118
[F 00:00:117
[F 00:00:116
[F 00:00:115
NOTICE:  BL2: R-Car Gen3 Initial Program Loader(CA57) Rev.4.0.0
NOTICE:  BL2: PRR is R-Car H3 Ver.3.0
NOTICE:  BL2: Board is Salvator-XS Rev.1.0
NOTICE:  BL2: Boot device is HyperFlash(160MHz)
NOTICE:  BL2: LCM state is CM
NOTICE:  AVS setting succeeded. DVFS_SetVID=0x53
NOTICE:  BL2: DDR3200(rev.0.42)
NOTICE:  BL2: [COLD_BOOT]
NOTICE:  BL2: DRAM Split is 4ch(DDR f)
NOTICE:  BL2: QoS is default setting(rev.0.11)
NOTICE:  BL2: DRAM refresh interval 1.95 usec
NOTICE:  BL2: Periodic Write DQ Training
NOTICE:  BL2: CH0: 400000000 - 47fffffff, 2 GiB
NOTICE:  BL2: CH1: 500000000 - 57fffffff, 2 GiB
NOTICE:  BL2: CH2: 600000000 - 67fffffff, 2 GiB
NOTICE:  BL2: CH3: 700000000 - 77fffffff, 2 GiB
NOTICE:  BL2: Lossy Decomp areas
NOTICE:       Entry 0: DCMPAREACRAx:0x80000540 DCMPAREACRBx:0x570
NOTICE:       Entry 1: DCMPAREACRAx:0x40000000 DCMPAREACRBx:0x0
NOTICE:       Entry 2: DCMPAREACRAx:0x20000000 DCMPAREACRBx:0x0
NOTICE:  BL2: FDT at 0xe6327f70
NOTICE:  BL2: v2.9(release):9cdb21f75
NOTICE:  BL2: Built : 05:25:39, Dec 19 2023
NOTICE:  BL2: Normal boot
NOTICE:  BL2: dst=0xe6327800 src=0x8180000 len=512(0x200)
NOTICE:  BL2: dst=0x43f00000 src=0x8180400 len=6144(0x1800)
NOTICE:  rcar_file_len: len: 0x0003e000
NOTICE:  BL2: dst=0x44000000 src=0x81c0000 len=253952(0x3e000)
NOTICE:  rcar_file_len: len: 0x00200000
NOTICE:  BL2: dst=0x44100000 src=0x8200000 len=2097152(0x200000)
NOTICE:  rcar_file_len: len: 0x00100000
NOTICE:  BL2: dst=0x50000000 src=0x8640000 len=1048576(0x100000)
NOTICE:  BL2: Booting BL31


U-Boot 2020.10 (Dec 19 2023 - 14:30:40 +0000)

CPU: Renesas Electronics R8A7795 rev 3.0
Model: Renesas Salvator-X 2nd version board based on r8a77951
DRAM:  7.9 GiB
RAM Configuration:
Bank #0: 0x048000000 - 0x0bfffffff, 1.9 GiB
Bank #1: 0x500000000 - 0x57fffffff, 2 GiB
Bank #2: 0x600000000 - 0x67fffffff, 2 GiB
Bank #3: 0x700000000 - 0x77fffffff, 2 GiB

MMC:   sd@ee100000: 0, sd@ee140000: 1, sd@ee160000: 2
Loading Environment from MMC... OK
In:    serial@e6e88000
Out:   serial@e6e88000
Err:   serial@e6e88000
Net:   eth0: ethernet@e6800000
Hit any key to stop autoboot:  2  1  0 
ethernet@e6800000 Waiting for PHY auto negotiation to complete............. done
Using ethernet@e6800000 device
TFTP from server 192.168.10.98; our IP address is 192.168.10.167
Filename 'vht/rootfs_H3/boot_USB2H/Image'.
Load address: 0x48080000
Loading: *#################################################################
	 #################################################################
	 #################################################################
	 #################################################################
	 #################################################################
	 #################################################################
	 #################################################################
	 #################################################################
	 #################################################################
	 #################################################################
	 #################################################################
	 #################################################################
	 #################################################################
	 #################################################################
	 #################################################################
	 #################################################################
	 #################################################################
	 #################################################################
	 #################################################################
	 #################################################################
	 #################################################################
	 #################################################################
	 #################################################################
	 #################################################################
	 #################################################################
	 #################################################################
	 #################################################################
	 #################################################################
	 #################################################################
	 #################################################################
	 #################################################################
	 #################################################################
	 #################################################################
	 #################################################################
	 ################################################################
	 3.6 MiB/s
done
Bytes transferred = 33376768 (1fd4a00 hex)
Using ethernet@e6800000 device
TFTP from server 192.168.10.98; our IP address is 192.168.10.167
Filename 'vht/rootfs_H3/boot_USB2H/r8a77951-salvator-xs.dtb'.
Load address: 0x48000000
Loading: *#######
	 4.3 MiB/s
done
Bytes transferred = 90876 (162fc hex)
Moving Image from 0x48080000 to 0x48200000, end=4a260000
## Flattened Device Tree blob at 48000000
   Booting using the fdt blob at 0x48000000
   Loading Device Tree to 0000000053fe6000, end 0000000053fff2fb ... OK

Starting kernel ...

[    0.000000] Booting Linux on physical CPU 0x0000000000 [0x411fd073]
[    0.000000] Linux version 5.10.194-yocto-standard (thuan.nguyen-hong@banvien) (aarch64-poky-linux-gcc (GCC) 9.3.0, GNU ld (GNU Binutils) 2.34.0.20200220) #10 SMP PREEMPT Mon Feb 19 03:51:05 UTC 2024
[    0.000000] Machine model: Renesas Salvator-X 2nd version board based on r8a77951
[    0.000000] efi: UEFI not found.
[    0.000000] Reserved memory: created CMA memory pool at 0x0000000057000000, size 16 MiB
[    0.000000] OF: reserved mem: initialized node linux,adsp@57000000, compatible id shared-dma-pool
[    0.000000] Reserved memory: created CMA memory pool at 0x0000000058000000, size 384 MiB
[    0.000000] OF: reserved mem: initialized node linux,cma@58000000, compatible id shared-dma-pool
[    0.000000] Reserved memory: created CMA memory pool at 0x0000000070000000, size 256 MiB
[    0.000000] OF: reserved mem: initialized node linux,multimedia@70000000, compatible id shared-dma-pool
[    0.000000] NUMA: No NUMA configuration found
[    0.000000] NUMA: Faking a node at [mem 0x0000000048000000-0x000000077fffffff]
[    0.000000] NUMA: NODE_DATA [mem 0x77efdab00-0x77efdcfff]
[    0.000000] Zone ranges:
[    0.000000]   DMA      [mem 0x0000000048000000-0x000000007fffffff]
[    0.000000]   DMA32    [mem 0x0000000080000000-0x00000000ffffffff]
[    0.000000]   Normal   [mem 0x0000000100000000-0x000000077fffffff]
[    0.000000] Movable zone start for each node
[    0.000000] Early memory node ranges
[    0.000000]   node   0: [mem 0x0000000048000000-0x0000000053ffffff]
[    0.000000]   node   0: [mem 0x0000000054000000-0x0000000056ffffff]
[    0.000000]   node   0: [mem 0x0000000057000000-0x00000000bfffffff]
[    0.000000]   node   0: [mem 0x0000000500000000-0x000000057fffffff]
[    0.000000]   node   0: [mem 0x0000000600000000-0x000000067fffffff]
[    0.000000]   node   0: [mem 0x0000000700000000-0x000000077fffffff]
[    0.000000] Initmem setup node 0 [mem 0x0000000048000000-0x000000077fffffff]
[    0.000000] psci: probing for conduit method from DT.
[    0.000000] psci: PSCIv1.1 detected in firmware.
[    0.000000] psci: Using standard PSCI v0.2 function IDs
[    0.000000] psci: Trusted OS resident on physical CPU 0x0
[    0.000000] psci: SMC Calling Convention v1.2
[    0.000000] percpu: Embedded 23 pages/cpu s56984 r8192 d29032 u94208
[    0.000000] Detected PIPT I-cache on CPU0
[    0.000000] CPU features: detected: EL2 vector hardening
[    0.000000] CPU features: detected: Spectre-v2
[    0.000000] CPU features: detected: ARM errata 1165522, 1319367, or 1530923
[    0.000000] CPU features: detected: Spectre-BHB
[    0.000000] CPU features: detected: ARM erratum 1742098
[    0.000000] Built 1 zonelists, mobility grouping on.  Total pages: 2032128
[    0.000000] Policy zone: Normal
[    0.000000] Kernel command line: rw root=/dev/nfs nfsroot=192.168.10.98:/data/tftpboot/vht/rootfs_H3,nfsvers=4, ip=192.168.10.167
[    0.000000] Dentry cache hash table entries: 1048576 (order: 11, 8388608 bytes, linear)
[    0.000000] Inode-cache hash table entries: 524288 (order: 10, 4194304 bytes, linear)
[    0.000000] mem auto-init: stack:off, heap alloc:off, heap free:off
[    0.000000] software IO TLB: mapped [mem 0x000000004ffe6000-0x0000000053fe6000] (64MB)
[    0.000000] Memory: 7276840K/8257536K available (15232K kernel code, 2834K rwdata, 8240K rodata, 6144K init, 517K bss, 308952K reserved, 671744K cma-reserved)
[    0.000000] SLUB: HWalign=64, Order=0-3, MinObjects=0, CPUs=8, Nodes=1
[    0.000000] rcu: Preemptible hierarchical RCU implementation.
[    0.000000] rcu: 	RCU event tracing is enabled.
[    0.000000] rcu: 	RCU restricting CPUs from NR_CPUS=256 to nr_cpu_ids=8.
[    0.000000] 	Trampoline variant of Tasks RCU enabled.
[    0.000000] rcu: RCU calculated value of scheduler-enlistment delay is 25 jiffies.
[    0.000000] rcu: Adjusting geometry for rcu_fanout_leaf=16, nr_cpu_ids=8
[    0.000000] NR_IRQS: 64, nr_irqs: 64, preallocated irqs: 0
[    0.000000] arch_timer: cp15 timer(s) running at 8.32MHz (virt).
[    0.000000] clocksource: arch_sys_counter: mask: 0xffffffffffffff max_cycles: 0x1eb398c07, max_idle_ns: 440795202503 ns
[    0.000003] sched_clock: 56 bits at 8MHz, resolution 120ns, wraps every 2199023255503ns
[    0.000208] Console: colour dummy device 80x25
[    0.000418] printk: console [tty0] enabled
[    0.000492] Calibrating delay loop (skipped), value calculated using timer frequency.. 16.64 BogoMIPS (lpj=33280)
[    0.000508] pid_max: default: 32768 minimum: 301
[    0.000565] LSM: Security Framework initializing
[    0.000652] Mount-cache hash table entries: 16384 (order: 5, 131072 bytes, linear)
[    0.000705] Mountpoint-cache hash table entries: 16384 (order: 5, 131072 bytes, linear)
[    0.002140] rcu: Hierarchical SRCU implementation.
[    0.003745] Detected Renesas R-Car Gen3 r8a7795 ES3.0
[    0.005888] EFI services will not be available.
[    0.006230] smp: Bringing up secondary CPUs ...
[    0.006688] Detected PIPT I-cache on CPU1
[    0.006734] CPU1: Booted secondary processor 0x0000000001 [0x411fd073]
[    0.007222] Detected PIPT I-cache on CPU2
[    0.007247] CPU2: Booted secondary processor 0x0000000002 [0x411fd073]
[    0.007675] Detected PIPT I-cache on CPU3
[    0.007697] CPU3: Booted secondary processor 0x0000000003 [0x411fd073]
[    0.008164] CPU features: detected: ARM erratum 845719
[    0.008177] Detected VIPT I-cache on CPU4
[    0.008223] CPU4: Booted secondary processor 0x0000000100 [0x410fd034]
[    0.008699] Detected VIPT I-cache on CPU5
[    0.008726] CPU5: Booted secondary processor 0x0000000101 [0x410fd034]
[    0.009161] Detected VIPT I-cache on CPU6
[    0.009188] CPU6: Booted secondary processor 0x0000000102 [0x410fd034]
[    0.009628] Detected VIPT I-cache on CPU7
[    0.009656] CPU7: Booted secondary processor 0x0000000103 [0x410fd034]
[    0.009735] smp: Brought up 1 node, 8 CPUs
[    0.009799] SMP: Total of 8 processors activated.
[    0.009807] CPU features: detected: 32-bit EL0 Support
[    0.009815] CPU features: detected: CRC32 instructions
[    0.009822] CPU features: detected: 32-bit EL1 Support
[    0.023024] CPU: All CPU(s) started at EL1
[    0.023075] alternatives: patching kernel code
[    0.024240] devtmpfs: initialized
[    0.031056] KASLR disabled due to lack of seed
[    0.031208] clocksource: jiffies: mask: 0xffffffff max_cycles: 0xffffffff, max_idle_ns: 7645041785100000 ns
[    0.031228] futex hash table entries: 2048 (order: 5, 131072 bytes, linear)
[    0.039881] pinctrl core: initialized pinctrl subsystem
[    0.041366] DMI not present or invalid.
[    0.041864] NET: Registered protocol family 16
[    0.042802] DMA: preallocated 1024 KiB GFP_KERNEL pool for atomic allocations
[    0.042995] DMA: preallocated 1024 KiB GFP_KERNEL|GFP_DMA pool for atomic allocations
[    0.043284] DMA: preallocated 1024 KiB GFP_KERNEL|GFP_DMA32 pool for atomic allocations
[    0.043326] audit: initializing netlink subsys (disabled)
[    0.043508] audit: type=2000 audit(0.040:1): state=initialized audit_enabled=0 res=1
[    0.044669] thermal_sys: Registered thermal governor 'power_allocator'
[    0.045187] cpuidle: using governor menu
[    0.045354] hw-breakpoint: found 6 breakpoint and 4 watchpoint registers.
[    0.045477] ASID allocator initialised with 65536 entries
[    0.046791] Serial: AMBA PL011 UART driver
[    0.089622] sh-pfc e6060000.pinctrl: r8a77951_pfc support registered
[    0.104368] HugeTLB registered 1.00 GiB page size, pre-allocated 0 pages
[    0.104382] HugeTLB registered 32.0 MiB page size, pre-allocated 0 pages
[    0.104390] HugeTLB registered 2.00 MiB page size, pre-allocated 0 pages
[    0.104397] HugeTLB registered 64.0 KiB page size, pre-allocated 0 pages
[    0.105362] cryptd: max_cpu_qlen set to 1000
[    0.107627] ACPI: Interpreter disabled.
[    0.111413] rcar-avs: use avs value: 0
[    0.111431] rcar-avs: cpu@0 is running with: opp_table0
[    0.111442] rcar-avs: cpu@1 is running with: opp_table0
[    0.111452] rcar-avs: cpu@2 is running with: opp_table0
[    0.111461] rcar-avs: cpu@3 is running with: opp_table0
[    0.111547] rcar-avs: gsx@fd000000 is running with: gsx_opp_table0
[    0.112972] iommu: Default domain type: Translated 
[    0.113533] ipmmu-vmsa e67b0000.iommu: IPMMU context 0 is reserved
[    0.114527] vgaarb: loaded
[    0.114726] SCSI subsystem initialized
[    0.114976] usbcore: registered new interface driver usbfs
[    0.115006] usbcore: registered new interface driver hub
[    0.115031] usbcore: registered new device driver usb
[    0.118565] i2c-sh_mobile e60b0000.i2c: I2C adapter 7, bus speed 400000 Hz
[    0.119102] mc: Linux media interface: v0.10
[    0.119124] videodev: Linux video capture interface: v2.00
[    0.119170] pps_core: LinuxPPS API ver. 1 registered
[    0.119178] pps_core: Software ver. 5.3.6 - Copyright 2005-2007 Rodolfo Giometti <giometti@linux.it>
[    0.119192] PTP clock support registered
[    0.119362] EDAC MC: Ver: 3.0.0
[    0.121347] FPGA manager framework
[    0.121408] Advanced Linux Sound Architecture Driver Initialized.
[    0.121992] clocksource: Switched to clocksource arch_sys_counter
[    0.122130] VFS: Disk quotas dquot_6.6.0
[    0.122171] VFS: Dquot-cache hash table entries: 512 (order 0, 4096 bytes)
[    0.122295] pnp: PnP ACPI: disabled
[    0.125834] NET: Registered protocol family 2
[    0.126254] IP idents hash table entries: 131072 (order: 8, 1048576 bytes, linear)
[    0.128513] tcp_listen_portaddr_hash hash table entries: 4096 (order: 4, 65536 bytes, linear)
[    0.128594] TCP established hash table entries: 65536 (order: 7, 524288 bytes, linear)
[    0.128877] TCP bind hash table entries: 65536 (order: 8, 1048576 bytes, linear)
[    0.129464] TCP: Hash tables configured (established 65536 bind 65536)
[    0.129581] UDP hash table entries: 4096 (order: 5, 131072 bytes, linear)
[    0.129695] UDP-Lite hash table entries: 4096 (order: 5, 131072 bytes, linear)
[    0.129914] NET: Registered protocol family 1
[    0.130284] RPC: Registered named UNIX socket transport module.
[    0.130295] RPC: Registered udp transport module.
[    0.130300] RPC: Registered tcp transport module.
[    0.130306] RPC: Registered tcp NFSv4.1 backchannel transport module.
[    0.130318] PCI: CLS 0 bytes, default 64
[    0.131248] hw perfevents: enabled with armv8_cortex_a53 PMU driver, 7 counters available
[    0.131524] hw perfevents: enabled with armv8_cortex_a57 PMU driver, 7 counters available
[    0.132145] kvm [1]: HYP mode not available
[    0.135065] Initialise system trusted keyrings
[    0.135205] workingset: timestamp_bits=42 max_order=21 bucket_order=0
[    0.138317] squashfs: version 4.0 (2009/01/31) Phillip Lougher
[    0.138722] NFS: Registering the id_resolver key type
[    0.138752] Key type id_resolver registered
[    0.138759] Key type id_legacy registered
[    0.138814] nfs4filelayout_init: NFSv4 File Layout Driver Registering...
[    0.138823] nfs4flexfilelayout_init: NFSv4 Flexfile Layout Driver Registering...
[    0.138921] 9p: Installing v9fs 9p2000 file system support
[    0.164714] Key type asymmetric registered
[    0.164727] Asymmetric key parser 'x509' registered
[    0.164760] Block layer SCSI generic (bsg) driver version 0.4 loaded (major 243)
[    0.164771] io scheduler mq-deadline registered
[    0.164781] io scheduler kyber registered
[    0.180878] gpio_rcar e6050000.gpio: driving 16 GPIOs
[    0.181149] gpio_rcar e6051000.gpio: driving 29 GPIOs
[    0.181399] gpio_rcar e6052000.gpio: driving 15 GPIOs
[    0.181683] gpio_rcar e6053000.gpio: driving 16 GPIOs
[    0.181995] gpio_rcar e6054000.gpio: driving 18 GPIOs
[    0.182316] gpio_rcar e6055000.gpio: driving 26 GPIOs
[    0.182618] gpio_rcar e6055400.gpio: driving 32 GPIOs
[    0.182892] gpio_rcar e6055800.gpio: driving 4 GPIOs
[    0.185905] rcar-pcie fe000000.pcie: host bridge /soc/pcie@fe000000 ranges:
[    0.185936] rcar-pcie fe000000.pcie:       IO 0x00fe100000..0x00fe1fffff -> 0x0000000000
[    0.185959] rcar-pcie fe000000.pcie:      MEM 0x00fe200000..0x00fe3fffff -> 0x00fe200000
[    0.185977] rcar-pcie fe000000.pcie:      MEM 0x0030000000..0x0037ffffff -> 0x0030000000
[    0.186004] rcar-pcie fe000000.pcie:      MEM 0x0038000000..0x003fffffff -> 0x0038000000
[    0.186021] rcar-pcie fe000000.pcie:   IB MEM 0x0040000000..0x007fffffff -> 0x0040000000
[    0.186067] rcar-pcie fe000000.pcie: no pcie3v3 regulator found
[    0.186078] rcar-pcie fe000000.pcie: no pcie1v8 regulator found
[    0.253702] rcar-pcie fe000000.pcie: PCIe link down
[    0.253883] rcar-pcie ee800000.pcie: host bridge /soc/pcie@ee800000 ranges:
[    0.253907] rcar-pcie ee800000.pcie:       IO 0x00ee900000..0x00ee9fffff -> 0x0000000000
[    0.253928] rcar-pcie ee800000.pcie:      MEM 0x00eea00000..0x00eebfffff -> 0x00eea00000
[    0.253946] rcar-pcie ee800000.pcie:      MEM 0x00c0000000..0x00c7ffffff -> 0x00c0000000
[    0.253960] rcar-pcie ee800000.pcie:      MEM 0x00c8000000..0x00cfffffff -> 0x00c8000000
[    0.253977] rcar-pcie ee800000.pcie:   IB MEM 0x0040000000..0x007fffffff -> 0x0040000000
[    0.254024] rcar-pcie ee800000.pcie: no pcie3v3 regulator found
[    0.254034] rcar-pcie ee800000.pcie: no pcie1v8 regulator found
[    0.413993] rcar-pcie ee800000.pcie: PCIe link down
[    0.416414] EINJ: ACPI disabled.
[    0.450173] Serial: 8250/16550 driver, 4 ports, IRQ sharing enabled
[    0.452620] SuperH (H)SCI(F) driver initialized
[    0.453050] e6550000.serial: ttySC1 at MMIO 0xe6550000 (irq = 42, base_baud = 0) is a hscif
[    0.453788] e6e88000.serial: ttySC0 at MMIO 0xe6e88000 (irq = 128, base_baud = 0) is a scif
[    1.658258] printk: console [ttySC0] enabled
[    1.663658] msm_serial: driver initialized
[    1.674011] rcar-dw-hdmi fead0000.hdmi: Detected HDMI TX controller v2.01a with HDCP (DWC HDMI 2.0 TX PHY)
[    1.683909] rcar-dw-hdmi fead0000.hdmi: registered DesignWare HDMI I2C bus driver
[    1.692187] rcar-dw-hdmi feae0000.hdmi: Detected HDMI TX controller v2.01a with HDCP (DWC HDMI 2.0 TX PHY)
[    1.702064] rcar-dw-hdmi feae0000.hdmi: registered DesignWare HDMI I2C bus driver
[    1.717547] loop: module loaded
[    1.722144] megasas: 07.714.04.00-rc1
[    1.727867] scsi host0: sata_rcar
[    1.731344] ata1: SATA max UDMA/133 irq 181
[    1.740711] tun: Universal TUN/TAP device driver, 1.6
[    1.746690] thunder_xcv, ver 1.0
[    1.749952] thunder_bgx, ver 1.0
[    1.753202] nicpf, ver 1.0
[    1.757314] hclge is initializing
[    1.760651] hns3: Hisilicon Ethernet Network Driver for Hip08 Family - version
[    1.767880] hns3: Copyright (c) 2017 Huawei Corporation.
[    1.773219] e1000: Intel(R) PRO/1000 Network Driver
[    1.778099] e1000: Copyright (c) 1999-2006 Intel Corporation.
[    1.783869] e1000e: Intel(R) PRO/1000 Network Driver
[    1.788834] e1000e: Copyright(c) 1999 - 2015 Intel Corporation.
[    1.794772] igb: Intel(R) Gigabit Ethernet Network Driver
[    1.800172] igb: Copyright (c) 2007-2014 Intel Corporation.
[    1.805765] igbvf: Intel(R) Gigabit Virtual Function Network Driver
[    1.812032] igbvf: Copyright (c) 2009 - 2012 Intel Corporation.
[    1.818381] sky2: driver version 1.30
[    1.825953] ravb e6800000.ethernet eth0: Base address at 0xe6800000, 2e:09:0a:02:ec:37, IRQ 125.
[    1.836132] VFIO - User Level meta-driver version: 0.3
[    1.843309] ehci_hcd: USB 2.0 'Enhanced' Host Controller (EHCI) Driver
[    1.849849] ehci-pci: EHCI PCI platform driver
[    1.854311] ehci-platform: EHCI generic platform driver
[    1.859918] ehci-platform ee0a0100.usb: EHCI Host Controller
[    1.865604] ehci-platform ee0a0100.usb: new USB bus registered, assigned bus number 1
[    1.873536] ehci-platform ee0a0100.usb: irq 175, io mem 0xee0a0100
[    1.893997] ehci-platform ee0a0100.usb: USB 2.0 started, EHCI 1.10
[    1.900512] hub 1-0:1.0: USB hub found
[    1.904284] hub 1-0:1.0: 1 port detected
[    1.908693] ehci-platform ee0c0100.usb: EHCI Host Controller
[    1.914366] ehci-platform ee0c0100.usb: new USB bus registered, assigned bus number 2
[    1.922271] ehci-platform ee0c0100.usb: irq 176, io mem 0xee0c0100
[    1.942000] ehci-platform ee0c0100.usb: USB 2.0 started, EHCI 1.10
[    1.948453] hub 2-0:1.0: USB hub found
[    1.952221] hub 2-0:1.0: 1 port detected
[    1.982035] ehci-platform ee0e0100.usb: EHCI Host Controller
[    1.987711] ehci-platform ee0e0100.usb: new USB bus registered, assigned bus number 3
[    1.995582] ehci-platform ee0e0100.usb: irq 177, io mem 0xee0e0100
[    2.013999] ehci-platform ee0e0100.usb: USB 2.0 started, EHCI 1.10
[    2.020429] hub 3-0:1.0: USB hub found
[    2.024197] hub 3-0:1.0: 1 port detected
[    2.028561] ehci-orion: EHCI orion driver
[    2.032823] ehci-exynos: EHCI Exynos driver
[    2.037128] ohci_hcd: USB 1.1 'Open' Host Controller (OHCI) Driver
[    2.043324] ohci-pci: OHCI PCI platform driver
[    2.047809] ohci-platform: OHCI generic platform driver
[    2.053338] ohci-platform ee0a0000.usb: Generic Platform OHCI controller
[    2.060062] ohci-platform ee0a0000.usb: new USB bus registered, assigned bus number 4
[    2.067941] ohci-platform ee0a0000.usb: irq 175, io mem 0xee0a0000
[    2.150006] ata1: link resume succeeded after 1 retries
[    2.164269] hub 4-0:1.0: USB hub found
[    2.168038] hub 4-0:1.0: 1 port detected
[    2.172366] ohci-platform ee0c0000.usb: Generic Platform OHCI controller
[    2.179081] ohci-platform ee0c0000.usb: new USB bus registered, assigned bus number 5
[    2.186950] ohci-platform ee0c0000.usb: irq 176, io mem 0xee0c0000
[    2.261519] ata1: SATA link down (SStatus 0 SControl 300)
[    2.280250] hub 5-0:1.0: USB hub found
[    2.284019] hub 5-0:1.0: 1 port detected
[    2.288350] ohci-platform ee0e0000.usb: Generic Platform OHCI controller
[    2.295063] ohci-platform ee0e0000.usb: new USB bus registered, assigned bus number 6
[    2.302935] ohci-platform ee0e0000.usb: irq 177, io mem 0xee0e0000
[    2.396267] hub 6-0:1.0: USB hub found
[    2.400038] hub 6-0:1.0: 1 port detected
[    2.404377] ohci-exynos: OHCI Exynos driver
[    2.409219] xhci-hcd ee000000.usb: xHCI Host Controller
[    2.414458] xhci-hcd ee000000.usb: new USB bus registered, assigned bus number 7
[    2.437711] xhci-hcd ee000000.usb: hcc params 0x014051ce hci version 0x100 quirks 0x0000000000830410
[    2.446882] xhci-hcd ee000000.usb: irq 172, io mem 0xee000000
[    2.452749] xhci-hcd ee000000.usb: xHCI Host Controller
[    2.457986] xhci-hcd ee000000.usb: new USB bus registered, assigned bus number 8
[    2.465389] xhci-hcd ee000000.usb: Host supports USB 3.0 SuperSpeed
[    2.471946] hub 7-0:1.0: USB hub found
[    2.475715] hub 7-0:1.0: 1 port detected
[    2.479802] usb usb8: We don't know the algorithms for LPM for this host, disabling LPM.
[    2.488144] hub 8-0:1.0: USB hub found
[    2.491916] hub 8-0:1.0: 1 port detected
[    2.496715] usbcore: registered new interface driver usb-storage
[    2.504413] renesas_usbhs e6590000.usb: host probed
[    2.509309] renesas_usbhs e6590000.usb: no transceiver found
[    2.515037] renesas_usbhs e6590000.usb: gadget probed
[    2.520270] renesas_usbhs e6590000.usb: probed
[    2.525164] renesas_usbhs e659c000.usb: host probed
[    2.530055] renesas_usbhs e659c000.usb: no transceiver found
[    2.535769] renesas_usbhs e659c000.usb: gadget probed
[    2.540974] renesas_usbhs e659c000.usb: probed
[    2.547903] i2c /dev entries driver
[    2.562476] cs2000-cp 2-004f: revision - C1
[    2.566723] i2c-rcar e6510000.i2c: probed
[    2.571557] pca953x 4-0020: supply vcc not found, using dummy regulator
[    2.578260] pca953x 4-0020: using no AI
[    2.582900] gpio-355 (PCIE/SATA switch): hogged as output/low
[    2.595171] i2c-rcar e66d8000.i2c: probed
[    2.600501] adv748x 4-0070: Endpoint /soc/i2c@e66d8000/video-receiver@70/port@7/endpoint on port 7
[    2.609483] adv748x 4-0070: Endpoint /soc/i2c@e66d8000/video-receiver@70/port@8/endpoint on port 8
[    2.618456] adv748x 4-0070: Endpoint /soc/i2c@e66d8000/video-receiver@70/port@a/endpoint on port 10
[    2.627521] adv748x 4-0070: Endpoint /soc/i2c@e66d8000/video-receiver@70/port@b/endpoint on port 11
[    2.636909] adv748x 4-0070: chip found @ 0xe0 revision 2143
[    2.690424] rcar-csi2 fea80000.csi2: 1 lanes found
[    2.695568] rcar-csi2 feaa0000.csi2: 4 lanes found
[    2.705263] rcar-vin e6ef0000.video: Device registered as video0
[    2.711345] rcar-vin e6ef1000.video: Device registered as video1
[    2.717424] rcar-vin e6ef2000.video: Device registered as video2
[    2.723510] rcar-vin e6ef3000.video: Device registered as video3
[    2.729585] rcar-vin e6ef4000.video: Device registered as video4
[    2.735665] rcar-vin e6ef5000.video: Device registered as video5
[    2.741756] rcar-vin e6ef6000.video: Device registered as video6
[    2.747839] rcar-vin e6ef7000.video: Device registered as video7
[    2.756483] rcar_gen3_thermal e6198000.thermal: is using pseudo fixed FUSE values
[    2.768681] rcar_gen3_thermal e6198000.thermal: TSC0: Loaded 1 trip points
[    2.779924] rcar_gen3_thermal e6198000.thermal: TSC1: Loaded 1 trip points
[    2.791087] rcar_gen3_thermal e6198000.thermal: TSC2: Loaded 3 trip points
[    2.803060] sdhci: Secure Digital Host Controller Interface driver
[    2.809253] sdhci: Copyright(c) Pierre Ossman
[    2.814483] Synopsys Designware Multimedia Card Interface Driver
[    2.814617] renesas_sdhi_internal_dmac ee100000.mmc: Got CD GPIO
[    2.814708] renesas_sdhi_internal_dmac ee140000.mmc: Adding to iommu group 0
[    2.814732] renesas_sdhi_internal_dmac ee140000.mmc: Using IPMMU context 1
[    2.814739] renesas_sdhi_internal_dmac ee160000.mmc: Got CD GPIO
[    2.814758] renesas_sdhi_internal_dmac ee160000.mmc: Got WP GPIO
[    2.821932] sdhci-pltfm: SDHCI platform and OF driver helper
[    2.826538] renesas_sdhi_internal_dmac ee100000.mmc: Got WP GPIO
[    2.863412] renesas_sdhi_internal_dmac ee140000.mmc: mmc0 base at 0x00000000ee140000, max clock rate 200 MHz
[    2.864940] ledtrig-cpu: registered to indicate activity on CPUs
[    2.880943] SMCCC: SOC_ID: ARCH_SOC_ID not implemented, skipping ....
[    2.887957] usbcore: registered new interface driver usbhid
[    2.893534] usbhid: USB HID core driver
[    2.901166] optee: probing for conduit method.
[    2.905634] optee: revision 3.22 (314ecf9d)
[    2.906140] optee driver R-Car Rev.1.0.11
[    2.914609] optee: dynamic shared memory is enabled
[    2.919749] optee: initialized driver
[    2.936663] rcar_sound ec500000.sound: probed
[    2.941743] NET: Registered protocol family 17
[    2.942128] mmc0: new HS400 MMC card at address 0001
[    2.946308] 9pnet: Installing 9P2000 support
[    2.951934] mmcblk0: mmc0:0001 BGSD3R 29.1 GiB 
[    2.955583] Key type dns_resolver registered
[    2.960372] mmcblk0boot0: mmc0:0001 BGSD3R partition 1 16.0 MiB
[    2.964631] registered taskstats version 1
[    2.970558] mmcblk0boot1: mmc0:0001 BGSD3R partition 2 16.0 MiB
[    2.974289] Loading compiled-in X.509 certificates
[    2.984237] thermal emergency: set temperature to 110 celsius
[    2.985270] mmcblk0rpmb: mmc0:0001 BGSD3R partition 3 4.00 MiB, chardev (509:0)
[    2.991000] thermal emergency: shutdown target cpus 1-7
[    2.999605]  mmcblk0: p1
[    3.003310] thermal emergency: freq scaled target cpus 0
[    3.003656] renesas_irqc e61c0000.interrupt-controller: driving 6 irqs
[    3.058016] ehci-platform ee080100.usb: EHCI Host Controller
[    3.063708] ehci-platform ee080100.usb: new USB bus registered, assigned bus number 9
[    3.071594] ehci-platform ee080100.usb: irq 174, io mem 0xee080100
[    3.090001] ehci-platform ee080100.usb: USB 2.0 started, EHCI 1.10
[    3.096640] hub 9-0:1.0: USB hub found
[    3.100414] hub 9-0:1.0: 1 port detected
[    3.105431] ohci-platform ee080000.usb: Generic Platform OHCI controller
[    3.112156] ohci-platform ee080000.usb: new USB bus registered, assigned bus number 10
[    3.120130] ohci-platform ee080000.usb: irq 174, io mem 0xee080000
[    3.216281] hub 10-0:1.0: USB hub found
[    3.220140] hub 10-0:1.0: 1 port detected
[    3.225358] cpu cpu0: EM: created perf domain
[    3.230311] cpu cpu4: EM: created perf domain
[    3.240111] renesas_sdhi_internal_dmac ee100000.mmc: Got CD GPIO
[    3.240358] renesas_sdhi_internal_dmac ee160000.mmc: Got CD GPIO
[    3.242697] [drm] Initialized rcar-du 1.0.0 20130110 for feb00000.display on minor 0
[    3.242700] [drm] Device feb00000.display probed
[    3.246159] renesas_sdhi_internal_dmac ee100000.mmc: Got WP GPIO
[    3.252226] renesas_sdhi_internal_dmac ee160000.mmc: Got WP GPIO
[    3.309070] renesas_sdhi_internal_dmac ee100000.mmc: mmc1 base at 0x00000000ee100000, max clock rate 200 MHz
[    3.316326] Console: switching to colour frame buffer device 128x48
[    3.322856] renesas_sdhi_internal_dmac ee160000.mmc: mmc2 base at 0x00000000ee160000, max clock rate 200 MHz
[    3.357342] rcar-du feb00000.display: [drm] fb0: rcar-dudrmfb frame buffer device
[    3.369678] input: keys as /devices/platform/keys/input/input0
[    3.450840] Micrel KSZ9031 Gigabit PHY e6800000.ethernet-ffffffff:00: attached PHY driver [Micrel KSZ9031 Gigabit PHY] (mii_bus:phy_addr=e6800000.ethernet-ffffffff:00, irq=183)
[   10.146766] ravb e6800000.ethernet eth0: Link is Up - 1Gbps/Full - flow control off
[   10.170036] IP-Config: Guessing netmask 255.255.255.0
[   10.175196] IP-Config: Complete:
[   10.178512]      device=eth0, hwaddr=2e:09:0a:02:ec:37, ipaddr=192.168.10.167, mask=255.255.255.0, gw=255.255.255.255
[   10.189321]      host=192.168.10.167, domain=, nis-domain=(none)
[   10.195451]      bootserver=255.255.255.255, rootserver=192.168.10.98, rootpath=
[   10.196044] ALSA device list:
[   10.206659]   No soundcards found.
[   11.036500] VFS: Mounted root (nfs4 filesystem) on device 0:22.
[   11.043347] devtmpfs: mounted
[   11.050048] Freeing unused kernel memory: 6144K
[   11.082105] Run /sbin/init as init process
[   11.268363] systemd[1]: System time before build time, advancing clock.
[   11.315968] NET: Registered protocol family 10
[   11.324822] Segment Routing with IPv6
[   11.355943] systemd[1]: systemd 244 running in system mode. (+PAM -AUDIT -SELINUX +IMA -APPARMOR -SMACK +SYSVINIT +UTMP -LIBCRYPTSETUP -GCRYPT -GNUTLS +ACL +XZ -LZ4 -SECCOMP +BLKID -ELFUTILS +KMOD -IDN2 -IDN -PCRE2 default-hierarchy=hybrid)
[   11.383638] systemd[1]: Detected architecture arm64.

Welcome to [1mPoky (Yocto Project Reference Distro) 3.1.11 (dunfell)[0m!

[   11.420001] systemd[1]: Set hostname to <salvator-x>.
[   12.240089] random: systemd: uninitialized urandom read (16 bytes read)
[   12.251400] systemd[1]: system-getty.slice: unit configures an IP firewall, but the local system does not support BPF/cgroup firewalling.
[   12.272436] systemd[1]: (This warning is only shown for the first unit using IP firewalling.)
[   12.287022] systemd[1]: Created slice system-getty.slice.
[[0;32m  OK  [0m] Created slice [0;1;39msystem-getty.slice[0m.
[   12.314180] random: systemd: uninitialized urandom read (16 bytes read)
[   12.323124] systemd[1]: Created slice system-serial\x2dgetty.slice.
[[0;32m  OK  [0m] Created slice [0;1;39msystem-serial\x2dgetty.slice[0m.
[   12.346119] random: systemd: uninitialized urandom read (16 bytes read)
[   12.354834] systemd[1]: Created slice User and Session Slice.
[[0;32m  OK  [0m] Created slice [0;1;39mUser and Session Slice[0m.
[   12.378325] systemd[1]: Started Dispatch Password Requests to Console Directory Watch.
[[0;32m  OK  [0m] Started [0;1;39mDispatch Password â€¦ts to Console Directory Watch[0m.
[   12.410456] systemd[1]: Started Forward Password Requests to Wall Directory Watch.
[[0;32m  OK  [0m] Started [0;1;39mForward Password Râ€¦uests to Wall Directory Watch[0m.
[   12.438305] systemd[1]: Reached target Paths.
[[0;32m  OK  [0m] Reached target [0;1;39mPaths[0m.
[   12.462222] systemd[1]: Reached target Remote File Systems.
[[0;32m  OK  [0m] Reached target [0;1;39mRemote File Systems[0m.
[   12.486189] systemd[1]: Reached target Slices.
[[0;32m  OK  [0m] Reached target [0;1;39mSlices[0m.
[   12.510189] systemd[1]: Reached target Swap.
[[0;32m  OK  [0m] Reached target [0;1;39mSwap[0m.
[   12.537090] systemd[1]: Listening on RPCbind Server Activation Socket.
[[0;32m  OK  [0m] Listening on [0;1;39mRPCbind Server Activation Socket[0m.
[   12.566253] systemd[1]: Reached target RPC Port Mapper.
[[0;32m  OK  [0m] Reached target [0;1;39mRPC Port Mapper[0m.
[   12.590529] systemd[1]: Listening on initctl Compatibility Named Pipe.
[[0;32m  OK  [0m] Listening on [0;1;39minitctl Compatibility Named Pipe[0m.
[   12.620254] systemd[1]: Listening on Journal Audit Socket.
[[0;32m  OK  [0m] Listening on [0;1;39mJournal Audit Socket[0m.
[   12.647907] systemd[1]: Listening on Journal Socket (/dev/log).
[[0;32m  OK  [0m] Listening on [0;1;39mJournal Socket (/dev/log)[0m.
[   12.674850] systemd[1]: Listening on Journal Socket.
[[0;32m  OK  [0m] Listening on [0;1;39mJournal Socket[0m.
[   12.699814] systemd[1]: Listening on Network Service Netlink Socket.
[[0;32m  OK  [0m] Listening on [0;1;39mNetwork Service Netlink Socket[0m.
[   12.728018] systemd[1]: Listening on udev Control Socket.
[[0;32m  OK  [0m] Listening on [0;1;39mudev Control Socket[0m.
[   12.754682] systemd[1]: Listening on udev Kernel Socket.
[[0;32m  OK  [0m] Listening on [0;1;39mudev Kernel Socket[0m.
[   12.783588] systemd[1]: Mounting Huge Pages File System...
         Mounting [0;1;39mHuge Pages File System[0m...
[   12.811327] systemd[1]: Mounting POSIX Message Queue File System...
         Mounting [0;1;39mPOSIX Message Queue File System[0m...
[   12.843387] systemd[1]: Mounting Kernel Debug File System...
         Mounting [0;1;39mKernel Debug File System[0m...
[   12.873179] systemd[1]: Mounting Temporary Directory (/tmp)...
         Mounting [0;1;39mTemporary Directory (/tmp)[0m...
[   12.899043] systemd[1]: Condition check resulted in Create list of static device nodes for the current kernel being skipped.
[   12.919103] systemd[1]: Starting Start psplash boot splash screen...
         Starting [0;1;39mStart psplash boot splash screen[0m...
[   12.952500] systemd[1]: Starting RPC Bind...
         Starting [0;1;39mRPC Bind[0m...
[   12.982825] systemd[1]: Condition check resulted in File System Check on Root Device being skipped.
[   12.998614] systemd[1]: Starting Journal Service...
         Starting [0;1;39mJournal Service[0m...
[   13.027550] systemd[1]: Starting Load Kernel Modules...
         Starting [0;1;39mLoad Kernel Modules[0m...
[   13.050579] systemd[1]: Starting Remount Root and Kernel File Systems...
         Starting [0;1;39mRemount Root and Kernel File Systems[0m...
[   13.074837] vspm: loading out-of-tree module taints kernel.
[   13.078960] systemd[1]: Starting udev Coldplug all Devices...
         Starting [0;1;39mudev Coldplug all Devices[0m...
[   13.108085] systemd[1]: Started Start psplash boot splash screen.
[[0;32m  OK  [0m] Started [0;1;39mStart psplash boot splash screen[0m.
[   13.135081] systemd[1]: Started RPC Bind.
[[0;32m  OK  [0m] Started [0;1;39mRPC Bind[0m.
[   13.158857] systemd[1]: Started Journal Service.
[[0;32m  OK  [0m] Started [0;1;39mJournal Service[0m.
[[0;32m  OK  [0m] Mounted [0;1;39mHuge Pages File System[0m.
[[0;32m  OK  [0m] Mounted [0;1;39mPOSIX Message Queue File System[0m.
[[0;32m  OK  [0m] Mounted [0;1;39mKernel Debug File System[0m.
[[0;32m  OK  [0m] Mounted [0;1;39mTemporary Directory (/tmp)[0m.
[[0;32m  OK  [0m] Started [0;1;39mLoad Kernel Modules[0m.
[[0;32m  OK  [0m] Started [0;1;39mRemount Root and Kernel File Systems[0m.
[   13.288364] random: systemd: uninitialized urandom read (16 bytes read)
         Mounting [0;1;39mKerne[   13.302920] random: systemd-journal: uninitialized urandom read (16 bytes read)
l Configuration File System[0m...
[   13.326328] random: systemd: uninitialized urandom read (16 bytes read)
[[0;32m  OK  [0m] Started [0;1;39mStart psplash-systâ€¦progress communication helper[0m.
         Starting [0;1;39mFlush Journal to Persistent Storage[0m...
         Starting [0;1;39mApply[   13.382882] systemd-journald[342]: Received client request to flush runtime journal.
 Kernel Variables[0m...
         Starting [0;1;39mCreate Static Device Nodes in /dev[0m...
[[0;32m  OK  [0m] Mounted [0;1;39mKernel Configuration File System[0m.
[[0;32m  OK  [0m] Started [0;1;39mFlush Journal to Persistent Storage[0m.
[[0;32m  OK  [0m] Started [0;1;39mApply Kernel Variables[0m.
[[0;32m  OK  [0m] Started [0;1;39mCreate Static Device Nodes in /dev[0m.
[[0;32m  OK  [0m] Reached target [0;1;39mLocal File Systems (Pre)[0m.
         Mounting [0;1;39m/var/volatile[0m...
         Starting [0;1;39mudev Kernel Device Manager[0m...
[[0;32m  OK  [0m] Mounted [0;1;39m/var/volatile[0m.
         Starting [0;1;39mLoad/Save Random Seed[0m...
[[0;32m  OK  [0m] Reached target [0;1;39mLocal File Systems[0m.
         Starting [0;1;39mCreate Volatile Files and Directories[0m...
[[0;32m  OK  [0m] Started [0;1;39mudev Kernel Device Manager[0m.
[[0;32m  OK  [0m] Started [0;1;39mudev Coldplug all Devices[0m.
         Starting [0;1;39mNetwork Service[0m...
[[0;32m  OK  [0m] Started [0;1;39mCreate Volatile Files and Directories[0m.
         Starting [0;1;39mNetwork Time Synchronization[0m...
         Starting [0;1;39mUpdate UTMP about System Boot/Shutdown[0m...
[[0;32m  OK  [0m] Started [0;1;39mNetwork Service[0m.
         Starting [0;1;39mNetwork Name Resolution[0m...
[[0;32m  OK  [0m] Started [0;1;39mUpdate UTMP about System Boot/Shutdown[0m.
[[0;32m  OK  [0m] Started [0;1;39mNetwork Time Synchronization[0m.
[[0;32m  OK  [0m] Reached target [0;1[   14.018021] random: crng init done
;39mSystem Initi[   14.022518] random: 64 urandom warning(s) missed due to ratelimiting
alization[0m.
[[0;32m  OK  [0m] Started [0;1;39mDaily Cleanup of Temporary Directories[0m.
[[0;32m  OK  [0m] Reached target [0;1;39mSystem Time Set[0m.
[[0;32m  OK  [0m] Reached target [0;1;39mSystem Time Synchronized[0m.
[[0;32m  OK  [0m] Reached target [0;1;39mTimers[0m.
[[0;32m  OK  [0m] Listening on [0;1;39mAvahi mDNS/DNS-SD Stack Activation Socket[0m.
[[0;32m  OK  [0m] Listening on [0;1;39mD-Bus System M[   14.132631] ravb-mch ec5a0100.avb-mch: probe: start
essage Bus Socket[0m.
[   14.163300] ravb_streaming/searching for ravb interface
[   14.164142] ravb-mch ec5a0100.avb-mch: probe: success
[   14.168668] ravb_streaming/init: start(eth0)
[   14.196951] xtensa_hifi: Unknown symbol xf_adsp_base_destroy (err -2)
[   14.198396] ravb_streaming/init: success
[   14.203833] xtensa_hifi: Unknown symbol xf_adsp_base_create (err -2)
[[0;32m  OK  [0m] Listening on [0;1;39mdropbear.socket[0m.
[[0;32m  OK  [0m] Reached target [0;1;39mSockets[0m.
[[0;32m  OK  [0m] Reached target [0;1;39mBasic System[0m.
[   14.255028] xtensa_hifi: Unknown symbol xf_adsp_base_destroy (err -2)
[   14.261691] xtensa_hifi: Unknown symbol xf_adsp_base_create (err -2)
[[0;32m  OK  [0m] Started [0;1;39mD-Bus System Message Bus[0m.
[[0;32m  OK  [0m] Started [0;1;39moptee services[0m.
         Starting [0;1;39mpvrinit.service[0m...
         Starting [0;1;39mPowerVR consumer services[0m...
         Starting [0;1;39mLogin Service[0m...
[[0;32m  OK  [0m] Started [0;1;39mNetwork Name Resolution[0m.
[[0;32m  OK  [0m] Started [0;1;39mLoad/Save Random Seed[0m.
[   14.527092] PVR_K:  570: Read BVNC 4.46.6.62 from HW device registers
[   14.533826] PVR_K:  570: RGX Device registered with BVNC 4.46.6.62
[   14.540376] pvrsrvkm fd000000.gsx: Found 4 OPP points.
[   14.545744] pvrsrvkm fd000000.gsx: opp[1/4]: (200000000 Hz, 830000 uV)
[   14.552285] pvrsrvkm fd000000.gsx: opp[2/4]: (300000000 Hz, 830000 uV)
[   14.558849] pvrsrvkm fd000000.gsx: opp[3/4]: (400000000 Hz, 830000 uV)
[   14.565387] pvrsrvkm fd000000.gsx: opp[4/4]: (600000000 Hz, 830000 uV)
[[0;32m  OK  [[   14.571935] DVFS : Changed GPU clock to 600000000 [Hz]
0m] Created slice [0;1;39msystem-weston.slice[0m.
[   14.582234] PVR_K:  570: RGX Firmware image 'rgx.fw.4.46.6.62' loaded
[[0;32m  OK  [0m] Reached target [0;1;39mNetwork[0m.
[   14.600221] PVR_K:  570: Shader binary image 'rgx.sh.4.46.6.62' loaded
[   14.608517] [drm] Initialized pvr 1.15.6052913 20170530 for fd000000.gsx on minor 1
[[0;32m  OK  [0m] Reached target [0;1;39mHost and Network Name Lookups[0m.
[[0;32m  OK  [0m] Reached target [0;1;39mHardware activated USB gadget[0m.
         Starting [0;1;39mAvahi mDNS/DNS-SD Stack[0m...
         Starting [0;1;39mPermit User Sessions[0m...
[[0;32m  OK  [0m] Started [0;1;39mXinetd A Powerful Replacement For Inetd[0m.
[[0;32m  OK  [0m] Started [0;1;39mpvrinit.service[0m.
[[0;32m  OK  [0m] Started [0;1;39mPowerVR consumer services[0m.
[[0;32m  OK  [0m] Started [0;1;39mPermit User Sessions[0m.
[[0;32m  OK  [0m] Started [0;1;39mLogin Service[0m.
[[0;32m  OK  [0m] Started [0;1;39mAvahi mDNS/DNS-SD Stack[0m.
[[0;32m  OK  [0m] Started [0;1;39mGetty on tty1[0m.
[[0;32m  OK  [0m] Started [0;1;39mSerial Getty on ttySC0[0m.
[[0;32m  OK  [0m] Reached target [0;1;39mLogin Prompts[0m.
         Starting [0;1;39mset_default_governor.service[0m...
[   14.946345] rd 0-7: Disabling EAS, schedutil is mandatory
[[0;32m  OK  [0m] Started [0;1;39mset_default_governor.service[0m.
[[0;32m  OK  [0m] Reached target [0;1;39mMulti-User System[0m.
         Starting [0;1;39mUpdate UTMP about System Runlevel Changes[0m...
[[0;32m  OK  [0m] Started [0;1;39mWeston Wayland Compositor[0m.
[[0;32m  OK  [0m] Started [0;1;39mUpdate UTMP about System Runlevel Changes[0m.
[   15.163816] audit: type=1006 audit(1703064535.892:2): pid=598 uid=0 old-auid=4294967295 auid=0 tty=(none) old-ses=4294967295 ses=1 res=1

Poky (Yocto Project Reference Distro) 3.1.11 salvator-x ttySC0

salvator-x login: 
salvator-x login: root
Last login: Wed Dec 20 09:28:55 UTC 2023
7[r[999;999H[6n8root@salvator-x:~# 
root@salvator-x:~# 
root@salvator-x:~# 
root@salvator-x:~# 
root@salvator-x:~# 
root@salvator-x:~# 
root@salvator-x:~# 
root@salvator-x:~# 
root@salvator-x:~# 
Plug in USB device at CN10L


Press any button to continue

[   34.734006] usb 1-1: new high-speed USB device number 2 using ehci-platform
[   34.896209] usb-storage 1-1:1.0: USB Mass Storage device detected
[   34.903121] scsi host1: usb-storage 1-1:1.0
[   35.934962] scsi 1:0:0:0: Direct-Access     SanDisk  Extreme Pro      0    PQ: 0 ANSI: 6
[   35.945528] sd 1:0:0:0: [sda] 250085376 512-byte logical blocks: (128 GB/119 GiB)
[   35.954057] sd 1:0:0:0: [sda] Write Protect is off
[   35.959749] sd 1:0:0:0: [sda] Write cache: enabled, read cache: enabled, doesn't support DPO or FUA
[   35.986648]  sda: sda1
[   35.993398] sd 1:0:0:0: [sda] Attached SCSI removable disk

----------Prepare----------


root@salvator-x:~# find /sys/devices/platform/soc/ee0a0100.usb/ -name 'sd*'
/sys/devices/platform/soc/ee0a0100.usb/usb1/1-1/1-1:1.0/host1/target1:0:0/1:0:0:0/block/sda
/sys/devices/platform/soc/ee0a0100.usb/usb1/1-1/1-1:1.0/host1/target1:0:0/1:0:0:0/block/sda/sda1
root@salvator-x:~# 
root@salvator-x:~# dd if=/dev/urandom of=testdata bs=10M count=5
5+0 records in
5+0 records out
52428800 bytes (52 MB, 50 MiB) copied, 1.26215 s, 41.5 MB/s
root@salvator-x:~# 
root@salvator-x:~# mkdir -p /mnt/usb
root@salvator-x:~# 
root@salvator-x:~# mount /dev/sda1 /mnt/usb
[   41.589636] EXT4-fs (sda1): recovery complete
[   41.595233] EXT4-fs (sda1): mounted filesystem with ordered data mode. Opts: (null)
root@salvator-x:~# [   41.950159] SDHI0 VccQ: disabling
[   41.953493] SDHI3 VccQ: disabling

root@salvator-x:~# cp testdata /mnt/usb/
root@salvator-x:~# 
root@salvator-x:~# umount /mnt/usb
root@salvator-x:~# 
Pull out USB device at CN10L


Press any button to continue

[   55.858038] usb 1-1: USB disconnect, device number 2
[   55.864248] sd 1:0:0:0: [sda] Synchronizing SCSI cache
[   55.869543] sd 1:0:0:0: [sda] Synchronize Cache(10) failed: Result: hostbyte=0x01 driverbyte=0x00

root@salvator-x:~# i2cset -f -y 7 0x30 0x20 0x0f
root@salvator-x:~# 

Switch SW23 off and input 'yes' to continue:
Input 'yes' to continue: 

root@salvator-x:~# echo N > /sys/module/printk/parameters/console_suspend
root@salvator-x:~# 
root@salvator-x:~# echo mem > /sys/power/state
[   68.018129] PM: suspend entry (deep)
[   68.021900] Filesystems sync: 0.000 seconds
[   68.096033] Freezing user space processes ... (elapsed 0.001 seconds) done.
[   68.104753] OOM killer disabled.
[   68.107994] Freezing remaining freezable tasks ... (elapsed 0.001 seconds) done.
[   68.540968] ravb e6800000.ethernet eth0: Link is Down
[   68.556450] Disabling non-boot CPUs ...
[   68.560903] CPU1: shutdown
[   68.563628] psci: CPU1 killed (polled 0 ms)
[   68.569459] CPU2: shutdown
[   68.572191] psci: CPU2 killed (polled 0 ms)
[   68.577927] CPU3: shutdown
[   68.580654] psci: CPU3 killed (polled 0 ms)
[   68.586606] CPU4: shutdown
[   68.589330] psci: CPU4 killed (polled 0 ms)
[   68.595266] CPU5: shutdown
[   68.597975] psci: CPU5 killed (polled 0 ms)
[   68.603614] CPU6: shutdown
[   68.606366] psci: CPU6 killed (polled 0 ms)
[   68.611986] CPU7: shutdown
[   68.614778] psci: CPU7 killed (polled 0 ms)
 
 Switch power switch: 

NOTICE:  BL2: R-Car Gen3 Initial Program Loader(CA57) Rev.4.0.0
NOTICE:  BL2: PRR is R-Car H3 Ver.3.0
NOTICE:  BL2: Board is Salvator-XS Rev.1.0
NOTICE:  BL2: Boot device is HyperFlash(160MHz)
NOTICE:  BL2: LCM state is CM
NOTICE:  AVS setting succeeded. DVFS_SetVID=0x53
NOTICE:  BL2: DDR3200(rev.0.42)
NOTICE:  BL2: [WARM_BOOT]
NOTICE:  BL2: DRAM Split is 4ch(DDR f)
NOTICE:  BL2: QoS is default setting(rev.0.11)
NOTICE:  BL2: DRAM refresh interval 1.95 usec
NOTICE:  BL2: Periodic Write DQ Training
NOTICE:  BL2: CH0: 400000000 - 47fffffff, 2 GiB
NOTICE:  BL2: CH1: 500000000 - 57fffffff, 2 GiB
NOTICE:  BL2: CH2: 600000000 - 67fffffff, 2 GiB
NOTICE:  BL2: CH3: 700000000 - 77fffffff, 2 GiB
NOTICE:  BL2: Lossy Decomp areas
NOTICE:       Entry 0: DCMPAREACRAx:0x80000540 DCMPAREACRBx:0x570
NOTICE:       Entry 1: DCMPAREACRAx:0x40000000 DCMPAREACRBx:0x0
NOTICE:       Entry 2: DCMPAREACRAx:0x20000000 DCMPAREACRBx:0x0
NOTICE:  BL2: FDT at 0xe6327f70
NOTICE:  BL2: v2.9(release):9cdb21f75
NOTICE:  BL2: Built : 05:25:39, Dec 19 2023
NOTICE:  BL2: Normal boot
[   68.619910] Enabling non-boot CPUs ...
[   68.623949] Detected PIPT I-cache on CPU1
[   68.624004] CPU1: Booted secondary processor 0x0000000001 [0x411fd073]
[   68.624465] CPU1 is up
[   68.637516] Detected PIPT I-cache on CPU2
[   68.637538] CPU2: Booted secondary processor 0x0000000002 [0x411fd073]
[   68.637805] CPU2 is up
[   68.650822] Detected PIPT I-cache on CPU3
[   68.650846] CPU3: Booted secondary processor 0x0000000003 [0x411fd073]
[   68.651119] CPU3 is up
[   68.664181] Detected VIPT I-cache on CPU4
[   68.664235] CPU4: Booted secondary processor 0x0000000100 [0x410fd034]
[   68.665112] CPU4 is up
[   68.678125] Detected VIPT I-cache on CPU5
[   68.678159] CPU5: Booted secondary processor 0x0000000101 [0x410fd034]
[   68.678719] CPU5 is up
[   68.691727] Detected VIPT I-cache on CPU6
[   68.691759] CPU6: Booted secondary processor 0x0000000102 [0x410fd034]
[   68.692354] CPU6 is up
[   68.705359] Detected VIPT I-cache on CPU7
[   68.705392] CPU7: Booted secondary processor 0x0000000103 [0x410fd034]
[   68.706033] CPU7 is up
[   68.795313] xhci-hcd ee000000.usb: xHC error in resume, USBSTS 0x401, Reinit
[   68.802380] usb usb7: root hub lost power or was reset
[   68.807505] usb usb8: root hub lost power or was reset
[   68.900981] Micrel KSZ9031 Gigabit PHY e6800000.ethernet-ffffffff:00: attached PHY driver [Micrel KSZ9031 Gigabit PHY] (mii_bus:phy_addr=e6800000.ethernet-ffffffff:00, irq=183)
[   69.015981] usb usb4: root hub lost power or was reset
[   69.021274] usb usb1: root hub lost power or was reset
[   69.108062] usb usb5: root hub lost power or was reset
[   69.113309] usb usb2: root hub lost power or was reset
[   69.200060] usb usb6: root hub lost power or was reset
[   69.205309] usb usb3: root hub lost power or was reset
[   69.323977] usb usb10: root hub lost power or was reset
[   69.329334] usb usb9: root hub lost power or was reset
[   69.341971] ata1: link resume succeeded after 1 retries
[   69.453422] ata1: SATA link down (SStatus 0 SControl 300)
[   69.473041] OOM killer enabled.
[   69.476905] Restarting tasks ... done.
[   69.482469] PM: suspend exit
root@salvator-x:~# [   75.705538] ravb e6800000.ethernet eth0: Link is Up - 1Gbps/Full - flow control off

root@salvator-x:~# echo "Wake up sucessfully"
Wake up sucessfully
root@salvator-x:~# 
Plug in USB device at CN10L


Press any button to continue

[   89.009973] usb 1-1: new high-speed USB device number 3 using ehci-platform
[   89.172947] usb-storage 1-1:1.0: USB Mass Storage device detected
[   89.179595] scsi host1: usb-storage 1-1:1.0
[   90.207571] scsi 1:0:0:0: Direct-Access     SanDisk  Extreme Pro      0    PQ: 0 ANSI: 6
[   90.218238] sd 1:0:0:0: [sda] 250085376 512-byte logical blocks: (128 GB/119 GiB)
[   90.226738] sd 1:0:0:0: [sda] Write Protect is off
[   90.232500] sd 1:0:0:0: [sda] Write cache: enabled, read cache: enabled, doesn't support DPO or FUA
[   90.262231]  sda: sda1
[   90.268606] sd 1:0:0:0: [sda] Attached SCSI removable disk

root@salvator-x:~# find /sys/devices/platform/soc/ee0a0100.usb/ -name 'sd*'
/sys/devices/platform/soc/ee0a0100.usb/usb1/1-1/1-1:1.0/host1/target1:0:0/1:0:0:0/block/sda
/sys/devices/platform/soc/ee0a0100.usb/usb1/1-1/1-1:1.0/host1/target1:0:0/1:0:0:0/block/sda/sda1
root@salvator-x:~# 
root@salvator-x:~# mount /dev/sda1 /mnt/usb
[   94.341354] EXT4-fs (sda1): mounted filesystem with ordered data mode. Opts: (null)
root@salvator-x:~# 
root@salvator-x:~# cp testdata /mnt/usb/testdata_from_nfs
root@salvator-x:~# 
root@salvator-x:~# cp /mnt/usb/testdata_from_nfs testdata_from_usb
root@salvator-x:~# 
root@salvator-x:~# sync
root@salvator-x:~# 
root@salvator-x:~# cmp testdata testdata_from_usb
root@salvator-x:~# 
root@salvator-x:~# umount /mnt/usb
root@salvator-x:~# 
 
#### Result: OK ####
