

----------Item 7----------


Please press switch to restart board 

[F 00:00:120
[F 00:00:119
[F 00:00:118
 BL2: dst=0x44000000 src=0x81c0000 len=253952(0x3e000)
NOTICE:  rcar_file_len: len: 0x00200000
NOTICE:  BL2: dst=0x44100000 src... done
Using ethernet@e6800000 device
TFTP from server 192.168.10.99; our IP address is 192.168.10.167
Filename 'traivo/H3/rootfs/boot_USB2H/Image'.
Load address: 0x48080000
Loading: *#################################################################
	 #################################################################
	 #################################################################
	 #################################################################
	 #################################################################
	 #################################################################
	 #################################################################
	 #################################################################
	 #################################################################
	 #################################################################
	 #################################################################
	 #################################################################
	 #################################################################
	 #################################################################
	 #################################################################
	 #################################################################
	 #################################################################
	 #################################################################
	 #################################################################
	 #################################################################
	 #################################################################
	 #################################################################
	 #################################################################
	 #################################################################
	 #################################################################
	 #################################################################
	 #################################################################
	 #################################################################
	 #################################################################
	 #################################################################
	 #################################################################
	 #################################################################
	 #################################################################
	 #################################################################
	 ################################################################
	 4.5 MiB/s
done
Bytes transferred = 33376768 (1fd4a00 hex)
Using ethernet@e6800000 device
TFTP from server 192.168.10.99; our IP address is 192.168.10.167
Filename 'traivo/H3/rootfs/boot_USB2H/r8a77951-salvator-xs.dtb'.
Load address: 0x48000000
Loading: *#######
	 8.7 MiB/s
done
Bytes transferred = 90876 (162fc hex)
Moving Image from 0x48080000 to 0x48200000, end=4a260000
## Flattened Device Tree blob at 48000000
   Booting using the fdt blob at 0x48000000
   Loading Device Tree to 0000000053fe6000, end 0000000053fff2fb ... OK

Starting kernel ...

[    0.000000] Booting Linux on physical CPU 0x0000000000 [0x411fd073]
[    0.000000] Linux version 5.10.194-yocto-standard (thuan.nguyen-hong@banvien) (aarch64-poky-linux-gcc (GCC) 9.3.0, GNU ld (GNU Binutils) 2.34.0.20200220) #10 SMP PREEMPT Mon Feb 19 03:51:05 UTC 2024
[    0.000000] Machine model: Renesas Salvator-X 2nd version board based on r8a77951
[    0.000000] efi: UEFI not found.
[    0.000000] Reserved memory: created CMA memory pool at 0x0000000057000000, size 16 MiB
[    0.000000] OF: reserved mem: initialized node linux,adsp@57000000, compatible id shared-dma-pool
[    0.000000] Reserved memory: created CMA memory pool at 0x0000000058000000, size 384 MiB
[    0.000000] OF: reserved mem: initialized node linux,cma@58000000, compatible id shared-dma-pool
[    0.000000] Reserved memory: created CMA memory pool at 0x0000000070000000, size 256 MiB
[    0.000000] OF: reserved mem: initialized node linux,multimedia@70000000, compatible id shared-dma-pool
[    0.000000] NUMA: No NUMA configuration found
[    0.000000] NUMA: Faking a node at [mem 0x0000000048000000-0x000000077fffffff]
[    0.000000] NUMA: NODE_DATA [mem 0x77efdab00-0x77efdcfff]
[    0.000000] Zone ranges:
[    0.000000]   DMA      [mem 0x0000000048000000-0x000000007fffffff]
[    0.000000]   DMA32    [mem 0x0000000080000000-0x00000000ffffffff]
[    0.000000]   Normal   [mem 0x0000000100000000-0x000000077fffffff]
[    0.000000] Movable zone start for each node
[    0.000000] Early memory node ranges
[    0.000000]   node   0: [mem 0x0000000048000000-0x0000000053ffffff]
[    0.000000]   node   0: [mem 0x0000000054000000-0x0000000056ffffff]
[    0.000000]   node   0: [mem 0x0000000057000000-0x00000000bfffffff]
[    0.000000]   node   0: [mem 0x0000000500000000-0x000000057fffffff]
[    0.000000]   node   0: [mem 0x0000000600000000-0x000000067fffffff]
[    0.000000]   node   0: [mem 0x0000000700000000-0x000000077fffffff]
[    0.000000] Initmem setup node 0 [mem 0x0000000048000000-0x000000077fffffff]
[    0.000000] psci: probing for conduit method from DT.
[    0.000000] psci: PSCIv1.1 detected in firmware.
[    0.000000] psci: Using standard PSCI v0.2 function IDs
[    0.000000] psci: Trusted OS resident on physical CPU 0x0
[    0.000000] psci: SMC Calling Convention v1.2
[    0.000000] percpu: Embedded 23 pages/cpu s56984 r8192 d29032 u94208
[    0.000000] Detected PIPT I-cache on CPU0
[    0.000000] CPU features: detected: EL2 vector hardening
[    0.000000] CPU features: detected: Spectre-v2
[    0.000000] CPU features: detected: ARM errata 1165522, 1319367, or 1530923
[    0.000000] CPU features: detected: Spectre-BHB
[    0.000000] CPU features: detected: ARM erratum 1742098
[    0.000000] Built 1 zonelists, mobility grouping on.  Total pages: 2032128
[    0.000000] Policy zone: Normal
[    0.000000] Kernel command line: rw root=/dev/nfs nfsroot=192.168.10.99:/data/tftpboot/traivo/H3/rootfs,nfsvers=4, ip=192.168.10.167
[    0.000000] Dentry cache hash table entries: 1048576 (order: 11, 8388608 bytes, linear)
[    0.000000] Inode-cache hash table entries: 524288 (order: 10, 4194304 bytes, linear)
[    0.000000] mem auto-init: stack:off, heap alloc:off, heap free:off
[    0.000000] software IO TLB: mapped [mem 0x000000004ffe6000-0x0000000053fe6000] (64MB)
[    0.000000] Memory: 7276840K/8257536K available (15232K kernel code, 2834K rwdata, 8240K rodata, 6144K init, 517K bss, 308952K reserved, 671744K cma-reserved)
[    0.000000] SLUB: HWalign=64, Order=0-3, MinObjects=0, CPUs=8, Nodes=1
[    0.000000] rcu: Preemptible hierarchical RCU implementation.
[    0.000000] rcu: 	RCU event tracing is enabled.
[    0.000000] rcu: 	RCU restricting CPUs from NR_CPUS=256 to nr_cpu_ids=8.
[    0.000000] 	Trampoline variant of Tasks RCU enabled.
[    0.000000] rcu: RCU calculated value of scheduler-enlistment delay is 25 jiffies.
[    0.000000] rcu: Adjusting geometry for rcu_fanout_leaf=16, nr_cpu_ids=8
[    0.000000] NR_IRQS: 64, nr_irqs: 64, preallocated irqs: 0
[    0.000000] arch_timer: cp15 timer(s) running at 8.32MHz (virt).
[    0.000000] clocksource: arch_sys_counter: mask: 0xffffffffffffff max_cycles: 0x1eb398c07, max_idle_ns: 440795202503 ns
[    0.000003] sched_clock: 56 bits at 8MHz, resolution 120ns, wraps every 2199023255503ns
[    0.000208] Console: colour dummy device 80x25
[    0.000416] printk: console [tty0] enabled
[    0.000493] Calibrating delay loop (skipped), value calculated using timer frequency.. 16.64 BogoMIPS (lpj=33280)
[    0.000508] pid_max: default: 32768 minimum: 301
[    0.000566] LSM: Security Framework initializing
[    0.000652] Mount-cache hash table entries: 16384 (order: 5, 131072 bytes, linear)
[    0.000703] Mountpoint-cache hash table entries: 16384 (order: 5, 131072 bytes, linear)
[    0.002158] rcu: Hierarchical SRCU implementation.
[    0.003757] Detected Renesas R-Car Gen3 r8a7795 ES3.0
[    0.005887] EFI services will not be available.
[    0.006224] smp: Bringing up secondary CPUs ...
[    0.006685] Detected PIPT I-cache on CPU1
[    0.006733] CPU1: Booted secondary processor 0x0000000001 [0x411fd073]
[    0.007216] Detected PIPT I-cache on CPU2
[    0.007241] CPU2: Booted secondary processor 0x0000000002 [0x411fd073]
[    0.007665] Detected PIPT I-cache on CPU3
[    0.007686] CPU3: Booted secondary processor 0x0000000003 [0x411fd073]
[    0.008153] CPU features: detected: ARM erratum 845719
[    0.008165] Detected VIPT I-cache on CPU4
[    0.008212] CPU4: Booted secondary processor 0x0000000100 [0x410fd034]
[    0.008686] Detected VIPT I-cache on CPU5
[    0.008713] CPU5: Booted secondary processor 0x0000000101 [0x410fd034]
[    0.009148] Detected VIPT I-cache on CPU6
[    0.009175] CPU6: Booted secondary processor 0x0000000102 [0x410fd034]
[    0.009614] Detected VIPT I-cache on CPU7
[    0.009642] CPU7: Booted secondary processor 0x0000000103 [0x410fd034]
[    0.009720] smp: Brought up 1 node, 8 CPUs
[    0.009782] SMP: Total of 8 processors activated.
[    0.009789] CPU features: detected: 32-bit EL0 Support
[    0.009797] CPU features: detected: CRC32 instructions
[    0.009804] CPU features: detected: 32-bit EL1 Support
[    0.023012] CPU: All CPU(s) started at EL1
[    0.023067] alternatives: patching kernel code
[    0.024242] devtmpfs: initialized
[    0.031022] KASLR disabled due to lack of seed
[    0.031168] clocksource: jiffies: mask: 0xffffffff max_cycles: 0xffffffff, max_idle_ns: 7645041785100000 ns
[    0.031188] futex hash table entries: 2048 (order: 5, 131072 bytes, linear)
[    0.039839] pinctrl core: initialized pinctrl subsystem
[    0.041326] DMI not present or invalid.
[    0.041826] NET: Registered protocol family 16
[    0.042771] DMA: preallocated 1024 KiB GFP_KERNEL pool for atomic allocations
[    0.042966] DMA: preallocated 1024 KiB GFP_KERNEL|GFP_DMA pool for atomic allocations
[    0.043255] DMA: preallocated 1024 KiB GFP_KERNEL|GFP_DMA32 pool for atomic allocations
[    0.043295] audit: initializing netlink subsys (disabled)
[    0.043481] audit: type=2000 audit(0.040:1): state=initialized audit_enabled=0 res=1
[    0.044640] thermal_sys: Registered thermal governor 'power_allocator'
[    0.045162] cpuidle: using governor menu
[    0.045333] hw-breakpoint: found 6 breakpoint and 4 watchpoint registers.
[    0.045457] ASID allocator initialised with 65536 entries
[    0.046746] Serial: AMBA PL011 UART driver
[    0.089637] sh-pfc e6060000.pinctrl: r8a77951_pfc support registered
[    0.104352] HugeTLB registered 1.00 GiB page size, pre-allocated 0 pages
[    0.104365] HugeTLB registered 32.0 MiB page size, pre-allocated 0 pages
[    0.104374] HugeTLB registered 2.00 MiB page size, pre-allocated 0 pages
[    0.104381] HugeTLB registered 64.0 KiB page size, pre-allocated 0 pages
[    0.105344] cryptd: max_cpu_qlen set to 1000
[    0.107603] ACPI: Interpreter disabled.
[    0.111421] rcar-avs: use avs value: 0
[    0.111438] rcar-avs: cpu@0 is running with: opp_table0
[    0.111447] rcar-avs: cpu@1 is running with: opp_table0
[    0.111458] rcar-avs: cpu@2 is running with: opp_table0
[    0.111467] rcar-avs: cpu@3 is running with: opp_table0
[    0.111553] rcar-avs: gsx@fd000000 is running with: gsx_opp_table0
[    0.112961] iommu: Default domain type: Translated 
[    0.113529] ipmmu-vmsa e67b0000.iommu: IPMMU context 0 is reserved
[    0.114485] vgaarb: loaded
[    0.114692] SCSI subsystem initialized
[    0.114942] usbcore: registered new interface driver usbfs
[    0.114967] usbcore: registered new interface driver hub
[    0.114993] usbcore: registered new device driver usb
[    0.118546] i2c-sh_mobile e60b0000.i2c: I2C adapter 7, bus speed 400000 Hz
[    0.119080] mc: Linux media interface: v0.10
[    0.119102] videodev: Linux video capture interface: v2.00
[    0.119147] pps_core: LinuxPPS API ver. 1 registered
[    0.119155] pps_core: Software ver. 5.3.6 - Copyright 2005-2007 Rodolfo Giometti <giometti@linux.it>
[    0.119169] PTP clock support registered
[    0.119342] EDAC MC: Ver: 3.0.0
[    0.121351] FPGA manager framework
[    0.121415] Advanced Linux Sound Architecture Driver Initialized.
[    0.121964] clocksource: Switched to clocksource arch_sys_counter
[    0.122111] VFS: Disk quotas dquot_6.6.0
[    0.122154] VFS: Dquot-cache hash table entries: 512 (order 0, 4096 bytes)
[    0.122278] pnp: PnP ACPI: disabled
[    0.125764] NET: Registered protocol family 2
[    0.126192] IP idents hash table entries: 131072 (order: 8, 1048576 bytes, linear)
[    0.128446] tcp_listen_portaddr_hash hash table entries: 4096 (order: 4, 65536 bytes, linear)
[    0.128550] TCP established hash table entries: 65536 (order: 7, 524288 bytes, linear)
[    0.128834] TCP bind hash table entries: 65536 (order: 8, 1048576 bytes, linear)
[    0.129421] TCP: Hash tables configured (established 65536 bind 65536)
[    0.129536] UDP hash table entries: 4096 (order: 5, 131072 bytes, linear)
[    0.129649] UDP-Lite hash table entries: 4096 (order: 5, 131072 bytes, linear)
[    0.129867] NET: Registered protocol family 1
[    0.130235] RPC: Registered named UNIX socket transport module.
[    0.130246] RPC: Registered udp transport module.
[    0.130252] RPC: Registered tcp transport module.
[    0.130257] RPC: Registered tcp NFSv4.1 backchannel transport module.
[    0.130270] PCI: CLS 0 bytes, default 64
[    0.131188] hw perfevents: enabled with armv8_cortex_a53 PMU driver, 7 counters available
[    0.131459] hw perfevents: enabled with armv8_cortex_a57 PMU driver, 7 counters available
[    0.132074] kvm [1]: HYP mode not available
[    0.135030] Initialise system trusted keyrings
[    0.135169] workingset: timestamp_bits=42 max_order=21 bucket_order=0
[    0.138254] squashfs: version 4.0 (2009/01/31) Phillip Lougher
[    0.138656] NFS: Registering the id_resolver key type
[    0.138686] Key type id_resolver registered
[    0.138693] Key type id_legacy registered
[    0.138747] nfs4filelayout_init: NFSv4 File Layout Driver Registering...
[    0.138756] nfs4flexfilelayout_init: NFSv4 Flexfile Layout Driver Registering...
[    0.138862] 9p: Installing v9fs 9p2000 file system support
[    0.164557] Key type asymmetric registered
[    0.164569] Asymmetric key parser 'x509' registered
[    0.164598] Block layer SCSI generic (bsg) driver version 0.4 loaded (major 243)
[    0.164608] io scheduler mq-deadline registered
[    0.164618] io scheduler kyber registered
[    0.180798] gpio_rcar e6050000.gpio: driving 16 GPIOs
[    0.181117] gpio_rcar e6051000.gpio: driving 29 GPIOs
[    0.181389] gpio_rcar e6052000.gpio: driving 15 GPIOs
[    0.181661] gpio_rcar e6053000.gpio: driving 16 GPIOs
[    0.181924] gpio_rcar e6054000.gpio: driving 18 GPIOs
[    0.182208] gpio_rcar e6055000.gpio: driving 26 GPIOs
[    0.182477] gpio_rcar e6055400.gpio: driving 32 GPIOs
[    0.182742] gpio_rcar e6055800.gpio: driving 4 GPIOs
[    0.185636] rcar-pcie fe000000.pcie: host bridge /soc/pcie@fe000000 ranges:
[    0.185665] rcar-pcie fe000000.pcie:       IO 0x00fe100000..0x00fe1fffff -> 0x0000000000
[    0.185687] rcar-pcie fe000000.pcie:      MEM 0x00fe200000..0x00fe3fffff -> 0x00fe200000
[    0.185705] rcar-pcie fe000000.pcie:      MEM 0x0030000000..0x0037ffffff -> 0x0030000000
[    0.185718] rcar-pcie fe000000.pcie:      MEM 0x0038000000..0x003fffffff -> 0x0038000000
[    0.185735] rcar-pcie fe000000.pcie:   IB MEM 0x0040000000..0x007fffffff -> 0x0040000000
[    0.185779] rcar-pcie fe000000.pcie: no pcie3v3 regulator found
[    0.185790] rcar-pcie fe000000.pcie: no pcie1v8 regulator found
[    0.249678] rcar-pcie fe000000.pcie: PCIe link down
[    0.249840] rcar-pcie ee800000.pcie: host bridge /soc/pcie@ee800000 ranges:
[    0.249862] rcar-pcie ee800000.pcie:       IO 0x00ee900000..0x00ee9fffff -> 0x0000000000
[    0.249881] rcar-pcie ee800000.pcie:      MEM 0x00eea00000..0x00eebfffff -> 0x00eea00000
[    0.249898] rcar-pcie ee800000.pcie:      MEM 0x00c0000000..0x00c7ffffff -> 0x00c0000000
[    0.249912] rcar-pcie ee800000.pcie:      MEM 0x00c8000000..0x00cfffffff -> 0x00c8000000
[    0.249928] rcar-pcie ee800000.pcie:   IB MEM 0x0040000000..0x007fffffff -> 0x0040000000
[    0.249973] rcar-pcie ee800000.pcie: no pcie3v3 regulator found
[    0.249984] rcar-pcie ee800000.pcie: no pcie1v8 regulator found
[    0.409964] rcar-pcie ee800000.pcie: PCIe link down
[    0.412426] EINJ: ACPI disabled.
[    0.446417] Serial: 8250/16550 driver, 4 ports, IRQ sharing enabled
[    0.448839] SuperH (H)SCI(F) driver initialized
[    0.449272] e6550000.serial: ttySC1 at MMIO 0xe6550000 (irq = 42, base_baud = 0) is a hscif
[    0.450031] e6e88000.serial: ttySC0 at MMIO 0xe6e88000 (irq = 128, base_baud = 0) is a scif
[    1.654759] printk: console [ttySC0] enabled
[    1.660178] msm_serial: driver initialized
[    1.670510] rcar-dw-hdmi fead0000.hdmi: Detected HDMI TX controller v2.01a with HDCP (DWC HDMI 2.0 TX PHY)
[    1.680415] rcar-dw-hdmi fead0000.hdmi: registered DesignWare HDMI I2C bus driver
[    1.688679] rcar-dw-hdmi feae0000.hdmi: Detected HDMI TX controller v2.01a with HDCP (DWC HDMI 2.0 TX PHY)
[    1.698540] rcar-dw-hdmi feae0000.hdmi: registered DesignWare HDMI I2C bus driver
[    1.714026] loop: module loaded
[    1.718579] megasas: 07.714.04.00-rc1
[    1.724303] scsi host0: sata_rcar
[    1.727782] ata1: SATA max UDMA/133 irq 181
[    1.737155] tun: Universal TUN/TAP device driver, 1.6
[    1.743123] thunder_xcv, ver 1.0
[    1.746383] thunder_bgx, ver 1.0
[    1.749627] nicpf, ver 1.0
[    1.753765] hclge is initializing
[    1.757101] hns3: Hisilicon Ethernet Network Driver for Hip08 Family - version
[    1.764323] hns3: Copyright (c) 2017 Huawei Corporation.
[    1.769659] e1000: Intel(R) PRO/1000 Network Driver
[    1.774542] e1000: Copyright (c) 1999-2006 Intel Corporation.
[    1.780311] e1000e: Intel(R) PRO/1000 Network Driver
[    1.785275] e1000e: Copyright(c) 1999 - 2015 Intel Corporation.
[    1.791219] igb: Intel(R) Gigabit Ethernet Network Driver
[    1.796617] igb: Copyright (c) 2007-2014 Intel Corporation.
[    1.802203] igbvf: Intel(R) Gigabit Virtual Function Network Driver
[    1.808470] igbvf: Copyright (c) 2009 - 2012 Intel Corporation.
[    1.814803] sky2: driver version 1.30
[    1.822439] ravb e6800000.ethernet eth0: Base address at 0xe6800000, 2e:09:0a:02:ec:37, IRQ 125.
[    1.832668] VFIO - User Level meta-driver version: 0.3
[    1.839815] ehci_hcd: USB 2.0 'Enhanced' Host Controller (EHCI) Driver
[    1.846358] ehci-pci: EHCI PCI platform driver
[    1.850823] ehci-platform: EHCI generic platform driver
[    1.856437] ehci-platform ee0a0100.usb: EHCI Host Controller
[    1.862120] ehci-platform ee0a0100.usb: new USB bus registered, assigned bus number 1
[    1.870027] ehci-platform ee0a0100.usb: irq 175, io mem 0xee0a0100
[    1.889972] ehci-platform ee0a0100.usb: USB 2.0 started, EHCI 1.10
[    1.896508] hub 1-0:1.0: USB hub found
[    1.900281] hub 1-0:1.0: 1 port detected
[    1.904699] ehci-platform ee0c0100.usb: EHCI Host Controller
[    1.910373] ehci-platform ee0c0100.usb: new USB bus registered, assigned bus number 2
[    1.918275] ehci-platform ee0c0100.usb: irq 176, io mem 0xee0c0100
[    1.937969] ehci-platform ee0c0100.usb: USB 2.0 started, EHCI 1.10
[    1.944512] hub 2-0:1.0: USB hub found
[    1.948281] hub 2-0:1.0: 1 port detected
[    1.977975] ehci-platform ee0e0100.usb: EHCI Host Controller
[    1.983655] ehci-platform ee0e0100.usb: new USB bus registered, assigned bus number 3
[    1.991563] ehci-platform ee0e0100.usb: irq 177, io mem 0xee0e0100
[    2.009969] ehci-platform ee0e0100.usb: USB 2.0 started, EHCI 1.10
[    2.016428] hub 3-0:1.0: USB hub found
[    2.020198] hub 3-0:1.0: 1 port detected
[    2.024598] ehci-orion: EHCI orion driver
[    2.028877] ehci-exynos: EHCI Exynos driver
[    2.033188] ohci_hcd: USB 1.1 'Open' Host Controller (OHCI) Driver
[    2.039390] ohci-pci: OHCI PCI platform driver
[    2.043877] ohci-platform: OHCI generic platform driver
[    2.049408] ohci-platform ee0a0000.usb: Generic Platform OHCI controller
[    2.056131] ohci-platform ee0a0000.usb: new USB bus registered, assigned bus number 4
[    2.064008] ohci-platform ee0a0000.usb: irq 175, io mem 0xee0a0000
[    2.145978] ata1: link resume succeeded after 1 retries
[    2.160255] hub 4-0:1.0: USB hub found
[    2.164027] hub 4-0:1.0: 1 port detected
[    2.168366] ohci-platform ee0c0000.usb: Generic Platform OHCI controller
[    2.175080] ohci-platform ee0c0000.usb: new USB bus registered, assigned bus number 5
[    2.182954] ohci-platform ee0c0000.usb: irq 176, io mem 0xee0c0000
[    2.257491] ata1: SATA link down (SStatus 0 SControl 300)
[    2.276245] hub 5-0:1.0: USB hub found
[    2.280015] hub 5-0:1.0: 1 port detected
[    2.284332] ohci-platform ee0e0000.usb: Generic Platform OHCI controller
[    2.291046] ohci-platform ee0e0000.usb: new USB bus registered, assigned bus number 6
[    2.298922] ohci-platform ee0e0000.usb: irq 177, io mem 0xee0e0000
[    2.392265] hub 6-0:1.0: USB hub found
[    2.396032] hub 6-0:1.0: 1 port detected
[    2.400374] ohci-exynos: OHCI Exynos driver
[    2.405217] xhci-hcd ee000000.usb: xHCI Host Controller
[    2.410458] xhci-hcd ee000000.usb: new USB bus registered, assigned bus number 7
[    2.433708] xhci-hcd ee000000.usb: hcc params 0x014051ce hci version 0x100 quirks 0x0000000000830410
[    2.442878] xhci-hcd ee000000.usb: irq 172, io mem 0xee000000
[    2.448741] xhci-hcd ee000000.usb: xHCI Host Controller
[    2.453974] xhci-hcd ee000000.usb: new USB bus registered, assigned bus number 8
[    2.461377] xhci-hcd ee000000.usb: Host supports USB 3.0 SuperSpeed
[    2.467948] hub 7-0:1.0: USB hub found
[    2.471718] hub 7-0:1.0: 1 port detected
[    2.475811] usb usb8: We don't know the algorithms for LPM for this host, disabling LPM.
[    2.484162] hub 8-0:1.0: USB hub found
[    2.487937] hub 8-0:1.0: 1 port detected
[    2.492725] usbcore: registered new interface driver usb-storage
[    2.500423] renesas_usbhs e6590000.usb: host probed
[    2.505315] renesas_usbhs e6590000.usb: no transceiver found
[    2.511039] renesas_usbhs e6590000.usb: gadget probed
[    2.516261] renesas_usbhs e6590000.usb: probed
[    2.521158] renesas_usbhs e659c000.usb: host probed
[    2.526049] renesas_usbhs e659c000.usb: no transceiver found
[    2.531763] renesas_usbhs e659c000.usb: gadget probed
[    2.536970] renesas_usbhs e659c000.usb: probed
[    2.543881] i2c /dev entries driver
[    2.558491] cs2000-cp 2-004f: revision - C1
[    2.562790] i2c-rcar e6510000.i2c: probed
[    2.567615] pca953x 4-0020: supply vcc not found, using dummy regulator
[    2.574325] pca953x 4-0020: using no AI
[    2.579024] gpio-355 (PCIE/SATA switch): hogged as output/low
[    2.591371] i2c-rcar e66d8000.i2c: probed
[    2.596729] adv748x 4-0070: Endpoint /soc/i2c@e66d8000/video-receiver@70/port@7/endpoint on port 7
[    2.605710] adv748x 4-0070: Endpoint /soc/i2c@e66d8000/video-receiver@70/port@8/endpoint on port 8
[    2.614731] adv748x 4-0070: Endpoint /soc/i2c@e66d8000/video-receiver@70/port@a/endpoint on port 10
[    2.623802] adv748x 4-0070: Endpoint /soc/i2c@e66d8000/video-receiver@70/port@b/endpoint on port 11
[    2.633239] adv748x 4-0070: chip found @ 0xe0 revision 2143
[    2.649974] usb 1-1: new high-speed USB device number 2 using ehci-platform
[    2.693790] rcar-csi2 fea80000.csi2: 1 lanes found
[    2.698962] rcar-csi2 feaa0000.csi2: 4 lanes found
[    2.708564] rcar-vin e6ef0000.video: Device registered as video0
[    2.714643] rcar-vin e6ef1000.video: Device registered as video1
[    2.720718] rcar-vin e6ef2000.video: Device registered as video2
[    2.726863] rcar-vin e6ef3000.video: Device registered as video3
[    2.732932] rcar-vin e6ef4000.video: Device registered as video4
[    2.738993] rcar-vin e6ef5000.video: Device registered as video5
[    2.745082] rcar-vin e6ef6000.video: Device registered as video6
[    2.751165] rcar-vin e6ef7000.video: Device registered as video7
[    2.759986] rcar_gen3_thermal e6198000.thermal: is using pseudo fixed FUSE values
[    2.772150] rcar_gen3_thermal e6198000.thermal: TSC0: Loaded 1 trip points
[    2.783404] rcar_gen3_thermal e6198000.thermal: TSC1: Loaded 1 trip points
[    2.794581] rcar_gen3_thermal e6198000.thermal: TSC2: Loaded 3 trip points
[    2.806635] sdhci: Secure Digital Host Controller Interface driver
[    2.812825] sdhci: Copyright(c) Pierre Ossman
[    2.816393] usb-storage 1-1:1.0: USB Mass Storage device detected
[    2.818161] Synopsys Designware Multimedia Card Interface Driver
[    2.818376] renesas_sdhi_internal_dmac ee140000.mmc: Adding to iommu group 0
[    2.818402] renesas_sdhi_internal_dmac ee140000.mmc: Using IPMMU context 1
[    2.818501] renesas_sdhi_internal_dmac ee100000.mmc: Got CD GPIO
[    2.818522] renesas_sdhi_internal_dmac ee100000.mmc: Got WP GPIO
[    2.819129] renesas_sdhi_internal_dmac ee160000.mmc: Got CD GPIO
[    2.819147] renesas_sdhi_internal_dmac ee160000.mmc: Got WP GPIO
[    2.823981] scsi host1: usb-storage 1-1:1.0
[    2.830777] sdhci-pltfm: SDHCI platform and OF driver helper
[    2.866836] renesas_sdhi_internal_dmac ee140000.mmc: mmc0 base at 0x00000000ee140000, max clock rate 200 MHz
[    2.887653] ledtrig-cpu: registered to indicate activity on CPUs
[    2.894600] SMCCC: SOC_ID: ARCH_SOC_ID not implemented, skipping ....
[    2.901614] usbcore: registered new interface driver usbhid
[    2.907192] usbhid: USB HID core driver
[    2.914806] optee: probing for conduit method.
[    2.919275] optee: revision 3.22 (314ecf9d)
[    2.919457] optee driver R-Car Rev.1.0.11
[    2.927948] optee: dynamic shared memory is enabled
[    2.933114] optee: initialized driver
[    2.950228] rcar_sound ec500000.sound: probed
[    2.955396] NET: Registered protocol family 17
[    2.956799] mmc0: new HS400 MMC card at address 0001
[    2.959962] 9pnet: Installing 9P2000 support
[    2.965588] mmcblk0: mmc0:0001 BGSD3R 29.1 GiB 
[    2.969134] Key type dns_resolver registered
[    2.974078] mmcblk0boot0: mmc0:0001 BGSD3R partition 1 16.0 MiB
[    2.978312] registered taskstats version 1
[    2.984202] mmcblk0boot1: mmc0:0001 BGSD3R partition 2 16.0 MiB
[    2.987926] Loading compiled-in X.509 certificates
[    2.994013] mmcblk0rpmb: mmc0:0001 BGSD3R partition 3 4.00 MiB, chardev (509:0)
[    3.008150]  mmcblk0: p1
[    3.008839] thermal emergency: set temperature to 110 celsius
[    3.016812] thermal emergency: shutdown target cpus 1-7
[    3.022041] thermal emergency: freq scaled target cpus 0
[    3.027693] renesas_irqc e61c0000.interrupt-controller: driving 6 irqs
[    3.081995] ehci-platform ee080100.usb: EHCI Host Controller
[    3.087687] ehci-platform ee080100.usb: new USB bus registered, assigned bus number 9
[    3.095575] ehci-platform ee080100.usb: irq 174, io mem 0xee080100
[    3.113970] ehci-platform ee080100.usb: USB 2.0 started, EHCI 1.10
[    3.120494] hub 9-0:1.0: USB hub found
[    3.124267] hub 9-0:1.0: 1 port detected
[    3.129272] ohci-platform ee080000.usb: Generic Platform OHCI controller
[    3.135996] ohci-platform ee080000.usb: new USB bus registered, assigned bus number 10
[    3.143965] ohci-platform ee080000.usb: irq 174, io mem 0xee080000
[    3.240521] hub 10-0:1.0: USB hub found
[    3.244380] hub 10-0:1.0: 1 port detected
[    3.249606] cpu cpu0: EM: created perf domain
[    3.254526] cpu cpu4: EM: created perf domain
[    3.262250] renesas_sdhi_internal_dmac ee100000.mmc: Got CD GPIO
[    3.262987] renesas_sdhi_internal_dmac ee160000.mmc: Got CD GPIO
[    3.268294] renesas_sdhi_internal_dmac ee100000.mmc: Got WP GPIO
[    3.274361] renesas_sdhi_internal_dmac ee160000.mmc: Got WP GPIO
[    3.274772] [drm] Initialized rcar-du 1.0.0 20130110 for feb00000.display on minor 0
[    3.274775] [drm] Device feb00000.display probed
[    3.329744] renesas_sdhi_internal_dmac ee100000.mmc: mmc1 base at 0x00000000ee100000, max clock rate 200 MHz
[    3.338684] Console: switching to colour frame buffer device 128x48
[    3.346517] renesas_sdhi_internal_dmac ee160000.mmc: mmc2 base at 0x00000000ee160000, max clock rate 200 MHz
[    3.379717] rcar-du feb00000.display: [drm] fb0: rcar-dudrmfb frame buffer device
[    3.391708] input: keys as /devices/platform/keys/input/input0
[    3.472923] Micrel KSZ9031 Gigabit PHY e6800000.ethernet-ffffffff:00: attached PHY driver [Micrel KSZ9031 Gigabit PHY] (mii_bus:phy_addr=e6800000.ethernet-ffffffff:00, irq=183)
[    3.840299] scsi 1:0:0:0: Direct-Access     SanDisk  Ultra            1.00 PQ: 0 ANSI: 6
[    3.850174] sd 1:0:0:0: [sda] 121307136 512-byte logical blocks: (62.1 GB/57.8 GiB)
[    3.859392] sd 1:0:0:0: [sda] Write Protect is off
[    3.865387] sd 1:0:0:0: [sda] Write cache: disabled, read cache: enabled, doesn't support DPO or FUA
[    3.887108]  sda: sda1
[    3.894649] sd 1:0:0:0: [sda] Attached SCSI removable disk
[   10.260121] ravb e6800000.ethernet eth0: Link is Up - 1Gbps/Full - flow control off
[   10.290008] IP-Config: Guessing netmask 255.255.255.0
[   10.295171] IP-Config: Complete:
[   10.298484]      device=eth0, hwaddr=2e:09:0a:02:ec:37, ipaddr=192.168.10.167, mask=255.255.255.0, gw=255.255.255.255
[   10.309298]      host=192.168.10.167, domain=, nis-domain=(none)
[   10.315430]      bootserver=255.255.255.255, rootserver=192.168.10.99, rootpath=
[   10.316058] ALSA device list:
[   10.334585]   No soundcards found.
[   11.380764] VFS: Mounted root (nfs4 filesystem) on device 0:22.
[   11.391739] devtmpfs: mounted
[   11.400775] Freeing unused kernel memory: 6144K
[   11.430078] Run /sbin/init as init process
[   11.618115] systemd[1]: System time before build time, advancing clock.
[   12.018804] NET: Registered protocol family 10
[   12.027764] Segment Routing with IPv6
[   12.063301] systemd[1]: systemd 244 running in system mode. (+PAM -AUDIT -SELINUX +IMA -APPARMOR -SMACK +SYSVINIT +UTMP -LIBCRYPTSETUP -GCRYPT -GNUTLS +ACL +XZ -LZ4 -SECCOMP +BLKID -ELFUTILS +KMOD -IDN2 -IDN -PCRE2 default-hierarchy=hybrid)
[   12.094103] systemd[1]: Detected architecture arm64.

Welcome to [1mPoky (Yocto Project Reference Distro) 3.1.11 (dunfell)[0m!

[   12.127923] systemd[1]: Set hostname to <salvator-x>.
[   12.698023] random: crng init done
[   12.885202] systemd[1]: system-getty.slice: unit configures an IP firewall, but the local system does not support BPF/cgroup firewalling.
[   12.906611] systemd[1]: (This warning is only shown for the first unit using IP firewalling.)
[   12.921796] systemd[1]: Created slice system-getty.slice.
[[0;32m  OK  [0m] Created slice [0;1;39msystem-getty.slice[0m.
[   12.947283] systemd[1]: Created slice system-serial\x2dgetty.slice.
[[0;32m  OK  [0m] Created slice [0;1;39msystem-serial\x2dgetty.slice[0m.
[   12.971175] systemd[1]: Created slice User and Session Slice.
[[0;32m  OK  [0m] Created slice [0;1;39mUser and Session Slice[0m.
[   12.994496] systemd[1]: Started Dispatch Password Requests to Console Directory Watch.
[[0;32m  OK  [0m] Started [0;1;39mDispatch Password â€¦ts to Console Directory Watch[0m.
[   13.022407] systemd[1]: Started Forward Password Requests to Wall Directory Watch.
[[0;32m  OK  [0m] Started [0;1;39mForward Password Râ€¦uests to Wall Directory Watch[0m.
[   13.054300] systemd[1]: Reached target Paths.
[[0;32m  OK  [0m] Reached target [0;1;39mPaths[0m.
[   13.078166] systemd[1]: Reached target Remote File Systems.
[[0;32m  OK  [0m] Reached target [0;1;39mRemote File Systems[0m.
[   13.102143] systemd[1]: Reached target Slices.
[[0;32m  OK  [0m] Reached target [0;1;39mSlices[0m.
[   13.126146] systemd[1]: Reached target Swap.
[[0;32m  OK  [0m] Reached target [0;1;39mSwap[0m.
[   13.153105] systemd[1]: Listening on RPCbind Server Activation Socket.
[[0;32m  OK  [0m] Listening on [0;1;39mRPCbind Server Activation Socket[0m.
[   13.182200] systemd[1]: Reached target RPC Port Mapper.
[[0;32m  OK  [0m] Reached target [0;1;39mRPC Port Mapper[0m.
[   13.206497] systemd[1]: Listening on initctl Compatibility Named Pipe.
[[0;32m  OK  [0m] Listening on [0;1;39minitctl Compatibility Named Pipe[0m.
[   13.236230] systemd[1]: Listening on Journal Audit Socket.
[[0;32m  OK  [0m] Listening on [0;1;39mJournal Audit Socket[0m.
[   13.264037] systemd[1]: Listening on Journal Socket (/dev/log).
[[0;32m  OK  [0m] Listening on [0;1;39mJournal Socket (/dev/log)[0m.
[   13.290847] systemd[1]: Listening on Journal Socket.
[[0;32m  OK  [0m] Listening on [0;1;39mJournal Socket[0m.
[   13.316132] systemd[1]: Listening on Network Service Netlink Socket.
[[0;32m  OK  [0m] Listening on [0;1;39mNetwork Service Netlink Socket[0m.
[   13.344729] systemd[1]: Listening on udev Control Socket.
[[0;32m  OK  [0m] Listening on [0;1;39mudev Control Socket[0m.
[   13.370663] systemd[1]: Listening on udev Kernel Socket.
[[0;32m  OK  [0m] Listening on [0;1;39mudev Kernel Socket[0m.
[   13.399509] systemd[1]: Mounting Huge Pages File System...
         Mounting [0;1;39mHuge Pages File System[0m...
[   13.427256] systemd[1]: Mounting POSIX Message Queue File System...
         Mounting [0;1;39mPOSIX Message Queue File System[0m...
[   13.459240] systemd[1]: Mounting Kernel Debug File System...
         Mounting [0;1;39mKernel Debug File System[0m...
[   13.490828] systemd[1]: Mounting Temporary Directory (/tmp)...
         Mounting [0;1;39mTemporary Directory (/tmp)[0m...
[   13.520340] systemd[1]: Starting Create list of static device nodes for the current kernel...
         Starting [0;1;39mCreate list of stâ€¦odes for the current kernel[0m...
[   13.555088] systemd[1]: Starting Start psplash boot splash screen...
         Starting [0;1;39mStart psplash boot splash screen[0m...
[   13.588727] systemd[1]: Starting RPC Bind...
         Starting [0;1;39mRPC Bind[0m...
[   13.607359] systemd[1]: Condition check resulted in File System Check on Root Device being skipped.
[   13.622891] systemd[1]: Starting Journal Service...
         Starting [0;1;39mJournal Service[0m...
[   13.651199] systemd[1]: Starting Load Kernel Modules...
         Starting [0;1;39mLoad Kernel Modules[0m...
[   13.674641] systemd[1]: Starting Remount Root and Kernel File Systems...
         Starting [0;1;39mRemount Root and Kernel File Systems[0m...
[   13.702406] systemd[1]: Starting udev Coldplug all Devices...
         Starting [0;1;39mudev Coldplug all Devices[0m...
[   13.725570] systemd[1]: Started Start psplash boot splash screen.
[[0;32m  OK  [0m] Started [0;1;39mStart psplash boot splash screen[0m.
[   13.750933] systemd[1]: Started RPC Bind.
[[0;32m  OK  [0m] Started [0;1;39mRPC Bind[0m.
[   13.770645] systemd[1]: Started Journal Service.
[[0;32m  OK  [0m] Started [0;1;39mJournal Service[0m.
[[0;32m  OK  [0m] Mounted [0;1;39mHuge Pages File System[0m.
[[0;32m  OK  [0m] Mounted [0;1;39mPOSIX Message Queue File System[0m.
[[0;32m  OK  [0m] Mounted [0;1;39mKernel Debug File System[0m.
[[0;32m  OK  [0m] Mounted [0;1;39mTemporary Directory (/tmp)[0m.
[[0;32m  OK  [0m] Started [0;1;39mCreate list of staâ€¦ nodes for the current kernel[0m.
[[0;32m  OK  [0m] Started [0;1;39mLoad Kernel Modules[0m.
[[0;32m  OK  [0m] Started [0;1;39mRemount Root and Kernel File Systems[0m.
         Mounting [0;1;39mKernel Configuration File System[0m...
[[0;32m  OK  [0m] Started [0;1;39mStart psplash-systâ€¦progress communication helper[0m.
         Starting [0;1;39mFlush Journal to Persistent Storage[0m...
         Starting [0;1;39mApply Kernel Variables[0m...
[   14.001199] systemd-journald[341]: Received client request to flush runtime journal.
         Starting [0;1;39mCreate Static Device Nodes in /dev[0m...
[[0;32m  OK  [0m] Mounted [0;1;39mKernel Configuration File System[0m.
[[0;32m  OK  [0m] Started [0;1;39mFlush Journal to Persistent Storage[0m.
[[0;32m  OK  [0m] Started [0;1;39mApply Kernel Variables[0m.
[[0;32m  OK  [0m] Started [0;1;39mCreate Static Device Nodes in /dev[0m.
[[0;32m  OK  [0m] Reached target [0;1;39mLocal File Systems (Pre)[0m.
         Mounting [0;1;39m/var/volatile[0m...
         Starting [0;1;39mudev Kernel Device Manager[0m...
[[0;32m  OK  [0m] Started [0;1;39mudev Coldplug all Devices[0m.
[[0;32m  OK  [0m] Mounted [0;1;39m/var/volatile[0m.
         Starting [0;1;39mLoad/Save Random Seed[0m...
[[0;32m  OK  [0m] Reached target [0;1;39mLocal File Systems[0m.
         Starting [0;1;39mCreate Volatile Files and Directories[0m...
[[0;32m  OK  [0m] Started [0;1;39mLoad/Save Random Seed[0m.
[[0;32m  OK  [0m] Started [0;1;39mudev Kernel Device Manager[0m.
         Starting [0;1;39mNetwork Service[0m...
[[0;32m  OK  [0m] Started [0;1;39mCreate Volatile Files and Directories[0m.
         Starting [0;1;39mNetwork Time Synchronization[0m...
         Starting [0;1;39mUpdate UTMP about System Boot/Shutdown[0m...
[[0;32m  OK  [0m] Started [0;1;39mNetwork Service[0m.
         Starting [0;1;39mNetwork Name Resolution[0m...
[[0;32m  OK  [0m] Started [0;1;39mUpdate UTMP about System Boot/Shutdown[0m.
[[0;32m  OK  [0m] Started [0;1;39mNetwork Time Synchronization[0m.
[[0;32m  OK  [0m] Reached target [0;1;39mSystem Initialization[0m.
[[0;32m  OK  [0m] Started [0;1;39mDaily Cleanup of Temporary Directories[0m.
[[0;32m  OK  [0m] Reached target [0;1;39mSystem Time Set[0m.
[[0;32m  OK  [0m] Reached target [0;1;39mSystem Time [   14.583743] pwm-backlight: probe of backlight failed with error -16
Synchronized[0m.
[[0;32m  OK  [0m] Reached target [0;1;39mTimers[0m.
[[0;32m  OK  [0m] Listening on [0;1;39mAvahi mDNS/DNS-SD Stack Activation Socket[0m.[   14.629593] at24 7-0050: supply vcc not found, using dummy regulator

[   14.639316] at24 7-0050: 128 byte br24t01 EEPROM, writable, 8 bytes/write
[[0;32m  OK  [0m] Listening on [0;1;39mD-Bus System Message Bus Socket[0m.
[[0;32m  OK  [0m] Listening on [0;1;39mdropbear.socket[0m.
[[0;32m  OK  [0m] Reached target [0;1;39mSockets[0m.
[[0;32m  OK  [0m] Reached target [0;1;39mBasic System[0m.
[[0;32m  OK  [0m] Started [0;1;39mD-Bus System Message Bus[0m.
[   14.761624] ccree e6601000.crypto: ARM CryptoCell 630P Driver: HW version 0xAF400001/0xDCC63000, Driver version 5.0
[[0;32m  OK  [0m] Started [0;1;39moptee services[0m.
[   14.787250] renesas_usb3 ee020000.usb: probed with phy
         Starting [0;1;39mpvrinit.service[0m...
         Starting [0;1;39mPowerVR consumer services[0m...
[   14.825501] ccree e6601000.crypto: ARM ccree device initialized
         Starting [0;1;39mLogin Service[0m...
[[0;32m  OK  [0m] Started [0;1;39mNetwork Name Resolution[0m.
[[0;32m  OK  [0m] Created slice [0;1;39msystem-weston.slice[0m.
[[0;32m  OK  [0m] Reached target [0;1;39mNetwork[0m.
[[0;32m  OK  [0m] Reached target [0;1;39mHost and Network Name Lookups[0m.
[[0;32m  OK  [0m] Reached target [0;1;39mHardware activated USB gadget[0m.
         Starting [0;1;39mAvahi mDNS/DNS-SD Stack[0m...
         Starting [0;1;39mPermit User Sessions[0m...
[[0;32m  OK  [0m] Started [0;1;39mXinetd A Powerful Replacement For Inetd[0m.
[[0;1;31mFAILED[0m] Failed to start [0;1;39mpvrinit.service[0m.
See 'systemctl status pvrinit.service' for details.
[[0;1;31mFAILED[0m] Failed to start [0;1;39mPowerVR consumer services[0m.
See 'systemctl status rc.pvr.service' for details.
[[0;1;38;5;185mDEPEND[0m] Dependency failed for [0;1;39mWeston Wayland Compositor[0m.
[[0;32m  OK  [0m] Started [0;1;39mPermit User Sessions[0m.
[[0;32m  OK  [0m] Started [0;1;39mAvahi mDNS/DNS-SD Stack[0m.
[[0;32m  OK  [0m] Started [0;1;39mLogin Service[0m.
[[0;32m  OK  [0m] Started [0;1;39mGetty on tty1[0m.
[[0;32m  OK  [0m] Started [0;1;39mSerial Getty on ttySC0[0m.
[[0;32m  OK  [0m] Reached target [0;1;39mLogin Prompts[0m.
         Starting [0;1;39mset_default_governor.service[0m...
[   15.454194] rd 0-7: Disabling EAS, schedutil is mandatory
[[0;32m  OK  [0m] Started [0;1;39mset_default_governor.service[0m.
[[0;32m  OK  [0m] Reached target [0;1;39mMulti-User System[0m.
         Starting [0;1;39mUpdate UTMP about System Runlevel Changes[0m...
[[0;32m  OK  [0m] Started [0;1;39mUpdate UTMP about System Runlevel Changes[0m.

Poky (Yocto Project Reference Distro) 3.1.11 salvator-x ttySC0

salvator-x login: 
salvator-x login: root
[   17.093805] audit: type=1006 audit(1703064537.468:2): pid=517 uid=0 old-auid=4294967295 auid=0 tty=(none) old-ses=4294967295 ses=1 res=1
7[r[999;999H[6n8root@salvator-x:~# 
root@salvator-x:~# 
root@salvator-x:~# 
root@salvator-x:~# 
root@salvator-x:~# 
root@salvator-x:~# 
root@salvator-x:~# 
root@salvator-x:~# 
root@salvator-x:~# 
root@salvator-x:~# rm -f testdata*
root@salvator-x:~# 
----------Prepare----------


root@salvator-x:~# find /sys/devices/platform/soc/ee0a0100.usb/ -name 'sd*'
/sys/devices/platform/soc/ee0a0100.usb/usb1/1-1/1-1:1.0/host1/target1:0:0/1:0:0:0/block/sda
/sys/devices/platform/soc/ee0a0100.usb/usb1/1-1/1-1:1.0/host1/target1:0:0/1:0:0:0/block/sda/sda1
root@salvator-x:~# 
root@salvator-x:~# dd if=/dev/urandom of=testdata bs=10M count=5
5+0 records in
5+0 records out
52428800 bytes (52 MB, 50 MiB) copied, 1.39132 s, 37.7 MB/s
root@salvator-x:~# 
root@salvator-x:~# mkdir -p /mnt/usb
root@salvator-x:~# 
root@salvator-x:~# mount /dev/sda1 /mnt/usb
[   29.742316] EXT4-fs (sda1): recovery complete
[   29.747906] EXT4-fs (sda1): mounted filesystem with ordered data mode. Opts: (null)
root@salvator-x:~# 
root@salvator-x:~# cp -r testdata /mnt/usb/
root@salvator-x:~# 
root@salvator-x:~# umount /mnt/usb
root@salvator-x:~# 
root@salvator-x:~# find /sys/devices/platform/soc/ee0a0100.usb/ -name 'sd*'
/sys/devices/platform/soc/ee0a0100.usb/usb1/1-1/1-1:1.0/host1/target1:0:0/1:0:0:0/block/sda
/sys/devices/platform/soc/ee0a0100.usb/usb1/1-1/1-1:1.0/host1/target1:0:0/1:0:0:0/block/sda/sda1
root@salvator-x:~# 
root@salvator-x:~# i2cset -f -y 7 0x30 0x20 0x0f
root@salvator-x:~# 

Switch SW23 off and input 'yes' to continue:
Input 'yes' to continue: 

root@salvator-x:~# echo N > /sys/module/printk/parame[   41.950112] SDHI0 VccQ: disabling
[   41.953504] SDHI3 VccQ: disabling
ters/console_suspend
root@salvator-x:~# 
root@salvator-x:~# mount /dev/sda1 /mnt/usb
[   43.584355] EXT4-fs (sda1): mounted filesystem with ordered data mode. Opts: (null)
root@salvator-x:~# 
root@salvator-x:~# cp -r /mnt/usb/testdata testdata_from_usb &
[1] 541
root@salvator-x:~# 
root@salvator-x:~# echo mem > /sys/power/state
[   44.914336] PM: suspend entry (deep)
[   45.845554] Filesystems sync: 0.927 seconds
[   45.852414] Freezing user space processes ... (elapsed 0.008 seconds) done.
[   45.861291] OOM killer disabled.
[   45.861294] Freezing remaining freezable tasks ... (elapsed 0.001 seconds) done.
[   46.303930] ravb e6800000.ethernet eth0: Link is Down
[   46.319053] Disabling non-boot CPUs ...
[   46.323470] CPU1: shutdown
[   46.326194] psci: CPU1 killed (polled 0 ms)
[   46.331983] CPU2: shutdown
[   46.334726] psci: CPU2 killed (polled 0 ms)
[   46.340247] CPU3: shutdown
[   46.342988] psci: CPU3 killed (polled 0 ms)
[   46.348677] CPU4: shutdown
[   46.351408] psci: CPU4 killed (polled 0 ms)
[   46.357011] CPU5: shutdown
[   46.359779] psci: CPU5 killed (polled 0 ms)
[   46.365386] CPU6: shutdown
[   46.368134] psci: CPU6 killed (polled 0 ms)
[   46.373860] CPU7: shutdown
[   46.376612] psci: CPU7 killed (polled 0 ms)
 
Pull out USB device at CN10L


Press any button to continue


 Switch power switch: 

NOTICE:  BL2: R-Car Gen3 Initial Program Loader(CA57) Rev.4.0.0
NOTICE:  BL2: PRR is R-Car H3 Ver.3.0
NOTICE:  BL2: Board is Salvator-XS Rev.1.0
NOTICE:  BL2: Boot device is HyperFlash(160MHz)
NOTICE:  BL2: LCM state is CM
NOTICE:  AVS setting succeeded. DVFS_SetVID=0x53
NOTICE:  BL2: DDR3200(rev.0.42)
NOTICE:  BL2: [WARM_BOOT]
NOTICE:  BL2: DRAM Split is 4ch(DDR f)
NOTICE:  BL2: QoS is default setting(rev.0.11)
NOTICE:  BL2: DRAM refresh interval 1.95 usec
NOTICE:  BL2: Periodic Write DQ Training
NOTICE:  BL2: CH0: 400000000 - 47fffffff, 2 GiB
NOTICE:  BL2: CH1: 500000000 - 57fffffff, 2 GiB
NOTICE:  BL2: CH2: 600000000 - 67fffffff, 2 GiB
NOTICE:  BL2: CH3: 700000000 - 77fffffff, 2 GiB
NOTICE:  BL2: Lossy Decomp areas
NOTICE:       Entry 0: DCMPAREACRAx:0x80000540 DCMPAREACRBx:0x570
NOTICE:       Entry 1: DCMPAREACRAx:0x40000000 DCMPAREACRBx:0x0
NOTICE:       Entry 2: DCMPAREACRAx:0x20000000 DCMPAREACRBx:0x0
NOTICE:  BL2: FDT at 0xe6327f70
NOTICE:  BL2: v2.9(release):9cdb21f75
NOTICE:  BL2: Built : 05:25:39, Dec 19 2023
NOTICE:  BL2: Normal boot
[   46.381791] Enabling non-boot CPUs ...
[   46.385831] Detected PIPT I-cache on CPU1
[   46.385886] CPU1: Booted secondary processor 0x0000000001 [0x411fd073]
[   46.386358] CPU1 is up
[   46.399394] Detected PIPT I-cache on CPU2
[   46.399415] CPU2: Booted secondary processor 0x0000000002 [0x411fd073]
[   46.399693] CPU2 is up
[   46.412706] Detected PIPT I-cache on CPU3
[   46.412728] CPU3: Booted secondary processor 0x0000000003 [0x411fd073]
[   46.412996] CPU3 is up
[   46.426061] Detected VIPT I-cache on CPU4
[   46.426113] CPU4: Booted secondary processor 0x0000000100 [0x410fd034]
[   46.427010] CPU4 is up
[   46.440023] Detected VIPT I-cache on CPU5
[   46.440057] CPU5: Booted secondary processor 0x0000000101 [0x410fd034]
[   46.440649] CPU5 is up
[   46.453652] Detected VIPT I-cache on CPU6
[   46.453684] CPU6: Booted secondary processor 0x0000000102 [0x410fd034]
[   46.454270] CPU6 is up
[   46.467277] Detected VIPT I-cache on CPU7
[   46.467310] CPU7: Booted secondary processor 0x0000000103 [0x410fd034]
[   46.467944] CPU7 is up
[   46.539483] xhci-hcd ee000000.usb: xHC error in resume, USBSTS 0x401, Reinit
[   46.546525] usb usb7: root hub lost power or was reset
[   46.551645] usb usb8: root hub lost power or was reset
[   46.608725] Micrel KSZ9031 Gigabit PHY e6800000.ethernet-ffffffff:00: attached PHY driver [Micrel KSZ9031 Gigabit PHY] (mii_bus:phy_addr=e6800000.ethernet-ffffffff:00, irq=183)
[   46.724041] usb usb4: root hub lost power or was reset
[   46.729312] usb usb1: root hub lost power or was reset
[   46.816039] usb usb5: root hub lost power or was reset
[   46.821311] usb usb2: root hub lost power or was reset
[   46.908037] usb usb6: root hub lost power or was reset
[   46.913295] usb usb3: root hub lost power or was reset
[   47.032037] usb usb10: root hub lost power or was reset
[   47.037385] usb usb9: root hub lost power or was reset
[   47.046035] ata1: link resume succeeded after 1 retries
[   47.157476] ata1: SATA link down (SStatus 0 SControl 300)
[   49.594152] OOM killer enabled.
[   49.598005] Restarting tasks ... 
[   49.598178] usb 1-1: USB disconnect, device number 2
[   49.598696] done.
[   49.605542] sd 1:0:0:0: [sda] tag#0 UNKNOWN(0x2003) Result: hostbyte=0x07 driverbyte=0x00 cmd_age=0s
[   49.625196] sd 1:0:0:0: [sda] tag#0 CDB: opcode=0x28 28 00 00 0b b2 00 00 00 f0 00
[   49.625207] blk_update_request: I/O error, dev sda, sector 766464 op 0x0:(READ) flags 0x84700 phys_seg 3 prio class 0
[   49.625331] sd 1:0:0:0: [sda] tag#0 UNKNOWN(0x2003) Result: hostbyte=0x01 driverbyte=0x00 cmd_age=0s
cp: error reading '/mnt/usb/testdata': Input/output error
[   49.654779] sd 1:0:0:0: [sda] tag#0 CDB: opcode=0x28 28 00 00 0b b2 f0 00 00 f0 00
[   49.654787] blk_update_request: I/O error, dev sda, sector 766704 op 0x0:(READ) flags 0x84700 phys_seg 2 prio class 0
[   49.654824] blk_update_request: I/O error, dev sda, sector 766944 op 0x0:(READ) flags 0x80700 phys_seg 1 prio class 0
[   49.669676] PM: suspend exit
root@salvator-x:~# [   53.321827] ravb e6800000.ethernet eth0: Link is Up - 1Gbps/Full - flow control off

[1]+  Done(1)                 cp -r /mnt/usb/testdata testdata_from_usb
root@salvator-x:~# echo "Wake up sucessfully"
Wake up sucessfully
root@salvator-x:~# 
root@salvator-x:~# wait
root@salvator-x:~# 
root@salvator-x:~# sync
root@salvator-x:~# 
root@salvator-x:~# cmp testdata testdata_from_usb
cmp: EOF on testdata_from_usb
root@salvator-x:~# 
root@salvator-x:~# umount /mnt/usb
[   62.001965] Buffer I/O error on dev sda1, logical block 7372800, lost sync page write
[   62.009952] JBD2: Error -5 detected when updating journal superblock for sda1-8.
[   62.017455] Aborting journal on device sda1-8.
[   62.022072] Buffer I/O error on dev sda1, logical block 7372800, lost sync page write
[   62.029951] JBD2: Error -5 detected when updating journal superblock for sda1-8.
root@salvator-x:~# 
 
#### Result: OK ####
