

----------Item 8----------


Plug in USB device at CN10L


Press any button to continue

[  111.761973] usb 1-1: new high-speed USB device number 3 using ehci-platform
[  111.923634] usb-storage 1-1:1.0: USB Mass Storage device detected
[  111.930893] scsi host1: usb-storage 1-1:1.0
[  112.959047] scsi 1:0:0:0: Direct-Access     SanDisk  Ultra            1.00 PQ: 0 ANSI: 6
[  112.968332] sd 1:0:0:0: [sda] 121307136 512-byte logical blocks: (62.1 GB/57.8 GiB)
[  112.977207] sd 1:0:0:0: [sda] Write Protect is off
[  112.982936] sd 1:0:0:0: [sda] Write cache: disabled, read cache: enabled, doesn't support DPO or FUA
[  113.037260]  sda: sda1
[  113.049440] sd 1:0:0:0: [sda] Attached SCSI removable disk

Please press switch to restart board 

[F 00:00:120
[F 00:00:119
[F 00:00:118
[F 00:00:117
NOTICE:  BL2: R-Car Gen3 Initial Program Loader(CA57) Rev.4.0.0
NOTICE:  BL2: PRR is R-Car H3 Ver.3.0
NOTICE:  BL2: Board is Salvator-XS Rev.1.0
NOTICE:  BL2: Boot device is HyperFlash(160MHz)
NOTICE:  BL2: LCM state is CM
NOTICE:  AVS setting succeeded. DVFS_SetVID=0x53
NOTICE:  BL2: DDR3200(rev.0.42)
NOTICE:  BL2: [COLD_BOOT]
NOTICE:  BL2: DRAM Split is 4ch(DDR f)
NOTICE:  BL2: QoS is default setting(rev.0.11)
NOTICE:  BL2: DRAM refresh interval 1.95 usec
NOTICE:  BL2: Periodic Write DQ Training
NOTICE:  BL2: CH0: 400000000 - 47fffffff, 2 GiB
NOTICE:  BL2: CH1: 500000000 - 57fffffff, 2 GiB
NOTICE:  BL2: CH2: 600000000 - 67fffffff, 2 GiB
NOTICE:  BL2: CH3: 700000000 - 77fffffff, 2 GiB
NOTICE:  BL2: Lossy Decomp areas
NOTICE:       Entry 0: DCMPAREACRAx:0x80000540 DCMPAREACRBx:0x570
NOTICE:       Entry 1: DCMPAREACRAx:0x40000000 DCMPAREACRBx:0x0
NOTICE:       Entry 2: DCMPAREACRAx:0x20000000 DCMPAREACRBx:0x0
NOTICE:  BL2: FDT at 0xe6327f70
NOTICE:  BL2: v2.9(release):9cdb21f75
NOTICE:  BL2: Built : 05:25:39, Dec 19 2023
NOTICE:  BL2: Normal boot
NOTICE:  BL2: dst=0xe6327800 src=0x8180000 len=512(0x200)
NOTICE:  BL2: dst=0x43f00000 src=0x8180400 len=6144(0x1800)
NOTICE:  rcar_file_len: len: 0x0003e000
NOTICE:  BL2: dst=0x44000000 src=0x81c0000 len=253952(0x3e000)
NOTICE:  rcar_file_len: len: 0x00200000
NOTICE:  BL2: dst=0x44100000 src=0x8200000 len=2097152(0x200000)
NOTICE:  rcar_file_len: len: 0x00100000
NOTICE:  BL2: dst=0x50000000 src=0x8640000 len=1048576(0x100000)
NOTICE:  BL2: Booting BL31


U-Boot 2020.10 (Dec 19 2023 - 14:30:40 +0000)

CPU: Renesas Electronics R8A7795 rev 3.0
Model: Renesas Salvator-X 2nd version board based on r8a77951
DRAM:  7.9 GiB
RAM Configuration:
Bank #0: 0x048000000 - 0x0bfffffff, 1.9 GiB
Bank #1: 0x500000000 - 0x57fffffff, 2 GiB
Bank #2: 0x600000000 - 0x67fffffff, 2 GiB
Bank #3: 0x700000000 - 0x77fffffff, 2 GiB

MMC:   sd@ee100000: 0, sd@ee140000: 1, sd@ee160000: 2
Loading Environment from MMC... OK
In:    serial@e6e88000
Out:   serial@e6e88000
Err:   serial@e6e88000
Net:   eth0: ethernet@e6800000
Hit any key to stop autoboot:  2  1  0 
ethernet@e6800000 Waiting for PHY auto negotiation to complete............ done
Using ethernet@e6800000 device
TFTP from server 192.168.10.99; our IP address is 192.168.10.167
Filename 'traivo/H3/rootfs/boot_USB2H/Image'.
Load address: 0x48080000
Loading: *#################################################################
	 #################################################################
	 #################################################################
	 #################################################################
	 #################################################################
	 #################################################################
	 #################################################################
	 #################################################################
	 #################################################################
	 #################################################################
	 #################################################################
	 #################################################################
	 #################################################################
	 #################################################################
	 #################################################################
	 #################################################################
	 #################################################################
	 #################################################################
	 #################################################################
	 #################################################################
	 #################################################################
	 #################################################################
	 #################################################################
	 #################################################################
	 #################################################################
	 #################################################################
	 #################################################################
	 #################################################################
	 #################################################################
	 #################################################################
	 #################################################################
	 #################################################################
	 #################################################################
	 #################################################################
	 ################################################################
	 4.5 MiB/s
done
Bytes transferred = 33376768 (1fd4a00 hex)
Using ethernet@e6800000 device
TFTP from server 192.168.10.99; our IP address is 192.168.10.167
Filename 'traivo/H3/rootfs/boot_USB2H/r8a77951-salvator-xs.dtb'.
Load address: 0x48000000
Loading: *#######
	 7.9 MiB/s
done
Bytes transferred = 90876 (162fc hex)
Moving Image from 0x48080000 to 0x48200000, end=4a260000
## Flattened Device Tree blob at 48000000
   Booting using the fdt blob at 0x48000000
   Loading Device Tree to 0000000053fe6000, end 0000000053fff2fb ... OK

Starting kernel ...

[    0.000000] Booting Linux on physical CPU 0x0000000000 [0x411fd073]
[    0.000000] Linux version 5.10.194-yocto-standard (thuan.nguyen-hong@banvien) (aarch64-poky-linux-gcc (GCC) 9.3.0, GNU ld (GNU Binutils) 2.34.0.20200220) #10 SMP PREEMPT Mon Feb 19 03:51:05 UTC 2024
[    0.000000] Machine model: Renesas Salvator-X 2nd version board based on r8a77951
[    0.000000] efi: UEFI not found.
[    0.000000] Reserved memory: created CMA memory pool at 0x0000000057000000, size 16 MiB
[    0.000000] OF: reserved mem: initialized node linux,adsp@57000000, compatible id shared-dma-pool
[    0.000000] Reserved memory: created CMA memory pool at 0x0000000058000000, size 384 MiB
[    0.000000] OF: reserved mem: initialized node linux,cma@58000000, compatible id shared-dma-pool
[    0.000000] Reserved memory: created CMA memory pool at 0x0000000070000000, size 256 MiB
[    0.000000] OF: reserved mem: initialized node linux,multimedia@70000000, compatible id shared-dma-pool
[    0.000000] NUMA: No NUMA configuration found
[    0.000000] NUMA: Faking a node at [mem 0x0000000048000000-0x000000077fffffff]
[    0.000000] NUMA: NODE_DATA [mem 0x77efdab00-0x77efdcfff]
[    0.000000] Zone ranges:
[    0.000000]   DMA      [mem 0x0000000048000000-0x000000007fffffff]
[    0.000000]   DMA32    [mem 0x0000000080000000-0x00000000ffffffff]
[    0.000000]   Normal   [mem 0x0000000100000000-0x000000077fffffff]
[    0.000000] Movable zone start for each node
[    0.000000] Early memory node ranges
[    0.000000]   node   0: [mem 0x0000000048000000-0x0000000053ffffff]
[    0.000000]   node   0: [mem 0x0000000054000000-0x0000000056ffffff]
[    0.000000]   node   0: [mem 0x0000000057000000-0x00000000bfffffff]
[    0.000000]   node   0: [mem 0x0000000500000000-0x000000057fffffff]
[    0.000000]   node   0: [mem 0x0000000600000000-0x000000067fffffff]
[    0.000000]   node   0: [mem 0x0000000700000000-0x000000077fffffff]
[    0.000000] Initmem setup node 0 [mem 0x0000000048000000-0x000000077fffffff]
[    0.000000] psci: probing for conduit method from DT.
[    0.000000] psci: PSCIv1.1 detected in firmware.
[    0.000000] psci: Using standard PSCI v0.2 function IDs
[    0.000000] psci: Trusted OS resident on physical CPU 0x0
[    0.000000] psci: SMC Calling Convention v1.2
[    0.000000] percpu: Embedded 23 pages/cpu s56984 r8192 d29032 u94208
[    0.000000] Detected PIPT I-cache on CPU0
[    0.000000] CPU features: detected: EL2 vector hardening
[    0.000000] CPU features: detected: Spectre-v2
[    0.000000] CPU features: detected: ARM errata 1165522, 1319367, or 1530923
[    0.000000] CPU features: detected: Spectre-BHB
[    0.000000] CPU features: detected: ARM erratum 1742098
[    0.000000] Built 1 zonelists, mobility grouping on.  Total pages: 2032128
[    0.000000] Policy zone: Normal
[    0.000000] Kernel command line: rw root=/dev/nfs nfsroot=192.168.10.99:/data/tftpboot/traivo/H3/rootfs,nfsvers=4, ip=192.168.10.167
[    0.000000] Dentry cache hash table entries: 1048576 (order: 11, 8388608 bytes, linear)
[    0.000000] Inode-cache hash table entries: 524288 (order: 10, 4194304 bytes, linear)
[    0.000000] mem auto-init: stack:off, heap alloc:off, heap free:off
[    0.000000] software IO TLB: mapped [mem 0x000000004ffe6000-0x0000000053fe6000] (64MB)
[    0.000000] Memory: 7276840K/8257536K available (15232K kernel code, 2834K rwdata, 8240K rodata, 6144K init, 517K bss, 308952K reserved, 671744K cma-reserved)
[    0.000000] SLUB: HWalign=64, Order=0-3, MinObjects=0, CPUs=8, Nodes=1
[    0.000000] rcu: Preemptible hierarchical RCU implementation.
[    0.000000] rcu: 	RCU event tracing is enabled.
[    0.000000] rcu: 	RCU restricting CPUs from NR_CPUS=256 to nr_cpu_ids=8.
[    0.000000] 	Trampoline variant of Tasks RCU enabled.
[    0.000000] rcu: RCU calculated value of scheduler-enlistment delay is 25 jiffies.
[    0.000000] rcu: Adjusting geometry for rcu_fanout_leaf=16, nr_cpu_ids=8
[    0.000000] NR_IRQS: 64, nr_irqs: 64, preallocated irqs: 0
[    0.000000] arch_timer: cp15 timer(s) running at 8.32MHz (virt).
[    0.000000] clocksource: arch_sys_counter: mask: 0xffffffffffffff max_cycles: 0x1eb398c07, max_idle_ns: 440795202503 ns
[    0.000003] sched_clock: 56 bits at 8MHz, resolution 120ns, wraps every 2199023255503ns
[    0.000205] Console: colour dummy device 80x25
[    0.000413] printk: console [tty0] enabled
[    0.000489] Calibrating delay loop (skipped), value calculated using timer frequency.. 16.64 BogoMIPS (lpj=33280)
[    0.000505] pid_max: default: 32768 minimum: 301
[    0.000562] LSM: Security Framework initializing
[    0.000646] Mount-cache hash table entries: 16384 (order: 5, 131072 bytes, linear)
[    0.000699] Mountpoint-cache hash table entries: 16384 (order: 5, 131072 bytes, linear)
[    0.002137] rcu: Hierarchical SRCU implementation.
[    0.003730] Detected Renesas R-Car Gen3 r8a7795 ES3.0
[    0.005860] EFI services will not be available.
[    0.006200] smp: Bringing up secondary CPUs ...
[    0.006657] Detected PIPT I-cache on CPU1
[    0.006707] CPU1: Booted secondary processor 0x0000000001 [0x411fd073]
[    0.007191] Detected PIPT I-cache on CPU2
[    0.007215] CPU2: Booted secondary processor 0x0000000002 [0x411fd073]
[    0.007640] Detected PIPT I-cache on CPU3
[    0.007663] CPU3: Booted secondary processor 0x0000000003 [0x411fd073]
[    0.008128] CPU features: detected: ARM erratum 845719
[    0.008141] Detected VIPT I-cache on CPU4
[    0.008187] CPU4: Booted secondary processor 0x0000000100 [0x410fd034]
[    0.008667] Detected VIPT I-cache on CPU5
[    0.008694] CPU5: Booted secondary processor 0x0000000101 [0x410fd034]
[    0.009128] Detected VIPT I-cache on CPU6
[    0.009155] CPU6: Booted secondary processor 0x0000000102 [0x410fd034]
[    0.009593] Detected VIPT I-cache on CPU7
[    0.009620] CPU7: Booted secondary processor 0x0000000103 [0x410fd034]
[    0.009704] smp: Brought up 1 node, 8 CPUs
[    0.009766] SMP: Total of 8 processors activated.
[    0.009774] CPU features: detected: 32-bit EL0 Support
[    0.009781] CPU features: detected: CRC32 instructions
[    0.009787] CPU features: detected: 32-bit EL1 Support
[    0.022991] CPU: All CPU(s) started at EL1
[    0.023045] alternatives: patching kernel code
[    0.024188] devtmpfs: initialized
[    0.030972] KASLR disabled due to lack of seed
[    0.031121] clocksource: jiffies: mask: 0xffffffff max_cycles: 0xffffffff, max_idle_ns: 7645041785100000 ns
[    0.031140] futex hash table entries: 2048 (order: 5, 131072 bytes, linear)
[    0.039775] pinctrl core: initialized pinctrl subsystem
[    0.041238] DMI not present or invalid.
[    0.041739] NET: Registered protocol family 16
[    0.042676] DMA: preallocated 1024 KiB GFP_KERNEL pool for atomic allocations
[    0.042868] DMA: preallocated 1024 KiB GFP_KERNEL|GFP_DMA pool for atomic allocations
[    0.043158] DMA: preallocated 1024 KiB GFP_KERNEL|GFP_DMA32 pool for atomic allocations
[    0.043199] audit: initializing netlink subsys (disabled)
[    0.043379] audit: type=2000 audit(0.040:1): state=initialized audit_enabled=0 res=1
[    0.044535] thermal_sys: Registered thermal governor 'power_allocator'
[    0.045049] cpuidle: using governor menu
[    0.045215] hw-breakpoint: found 6 breakpoint and 4 watchpoint registers.
[    0.045338] ASID allocator initialised with 65536 entries
[    0.046632] Serial: AMBA PL011 UART driver
[    0.089478] sh-pfc e6060000.pinctrl: r8a77951_pfc support registered
[    0.104199] HugeTLB registered 1.00 GiB page size, pre-allocated 0 pages
[    0.104213] HugeTLB registered 32.0 MiB page size, pre-allocated 0 pages
[    0.104221] HugeTLB registered 2.00 MiB page size, pre-allocated 0 pages
[    0.104228] HugeTLB registered 64.0 KiB page size, pre-allocated 0 pages
[    0.105188] cryptd: max_cpu_qlen set to 1000
[    0.107432] ACPI: Interpreter disabled.
[    0.111276] rcar-avs: use avs value: 0
[    0.111291] rcar-avs: cpu@0 is running with: opp_table0
[    0.111302] rcar-avs: cpu@1 is running with: opp_table0
[    0.111311] rcar-avs: cpu@2 is running with: opp_table0
[    0.111320] rcar-avs: cpu@3 is running with: opp_table0
[    0.111415] rcar-avs: gsx@fd000000 is running with: gsx_opp_table0
[    0.112836] iommu: Default domain type: Translated 
[    0.113392] ipmmu-vmsa e67b0000.iommu: IPMMU context 0 is reserved
[    0.114347] vgaarb: loaded
[    0.114556] SCSI subsystem initialized
[    0.114806] usbcore: registered new interface driver usbfs
[    0.114833] usbcore: registered new interface driver hub
[    0.114860] usbcore: registered new device driver usb
[    0.118407] i2c-sh_mobile e60b0000.i2c: I2C adapter 7, bus speed 400000 Hz
[    0.118945] mc: Linux media interface: v0.10
[    0.118967] videodev: Linux video capture interface: v2.00
[    0.119014] pps_core: LinuxPPS API ver. 1 registered
[    0.119021] pps_core: Software ver. 5.3.6 - Copyright 2005-2007 Rodolfo Giometti <giometti@linux.it>
[    0.119036] PTP clock support registered
[    0.119206] EDAC MC: Ver: 3.0.0
[    0.121193] FPGA manager framework
[    0.121258] Advanced Linux Sound Architecture Driver Initialized.
[    0.121816] clocksource: Switched to clocksource arch_sys_counter
[    0.121962] VFS: Disk quotas dquot_6.6.0
[    0.122004] VFS: Dquot-cache hash table entries: 512 (order 0, 4096 bytes)
[    0.122125] pnp: PnP ACPI: disabled
[    0.125610] NET: Registered protocol family 2
[    0.126031] IP idents hash table entries: 131072 (order: 8, 1048576 bytes, linear)
[    0.128296] tcp_listen_portaddr_hash hash table entries: 4096 (order: 4, 65536 bytes, linear)
[    0.128371] TCP established hash table entries: 65536 (order: 7, 524288 bytes, linear)
[    0.128658] TCP bind hash table entries: 65536 (order: 8, 1048576 bytes, linear)
[    0.129244] TCP: Hash tables configured (established 65536 bind 65536)
[    0.129370] UDP hash table entries: 4096 (order: 5, 131072 bytes, linear)
[    0.129484] UDP-Lite hash table entries: 4096 (order: 5, 131072 bytes, linear)
[    0.129702] NET: Registered protocol family 1
[    0.130073] RPC: Registered named UNIX socket transport module.
[    0.130083] RPC: Registered udp transport module.
[    0.130089] RPC: Registered tcp transport module.
[    0.130095] RPC: Registered tcp NFSv4.1 backchannel transport module.
[    0.130107] PCI: CLS 0 bytes, default 64
[    0.131051] hw perfevents: enabled with armv8_cortex_a53 PMU driver, 7 counters available
[    0.131328] hw perfevents: enabled with armv8_cortex_a57 PMU driver, 7 counters available
[    0.131949] kvm [1]: HYP mode not available
[    0.134883] Initialise system trusted keyrings
[    0.135015] workingset: timestamp_bits=42 max_order=21 bucket_order=0
[    0.138119] squashfs: version 4.0 (2009/01/31) Phillip Lougher
[    0.138523] NFS: Registering the id_resolver key type
[    0.138549] Key type id_resolver registered
[    0.138556] Key type id_legacy registered
[    0.138610] nfs4filelayout_init: NFSv4 File Layout Driver Registering...
[    0.138619] nfs4flexfilelayout_init: NFSv4 Flexfile Layout Driver Registering...
[    0.138720] 9p: Installing v9fs 9p2000 file system support
[    0.165046] Key type asymmetric registered
[    0.165058] Asymmetric key parser 'x509' registered
[    0.165092] Block layer SCSI generic (bsg) driver version 0.4 loaded (major 243)
[    0.165103] io scheduler mq-deadline registered
[    0.165111] io scheduler kyber registered
[    0.181252] gpio_rcar e6050000.gpio: driving 16 GPIOs
[    0.181526] gpio_rcar e6051000.gpio: driving 29 GPIOs
[    0.181791] gpio_rcar e6052000.gpio: driving 15 GPIOs
[    0.182124] gpio_rcar e6053000.gpio: driving 16 GPIOs
[    0.182412] gpio_rcar e6054000.gpio: driving 18 GPIOs
[    0.182734] gpio_rcar e6055000.gpio: driving 26 GPIOs
[    0.183016] gpio_rcar e6055400.gpio: driving 32 GPIOs
[    0.183285] gpio_rcar e6055800.gpio: driving 4 GPIOs
[    0.186312] rcar-pcie fe000000.pcie: host bridge /soc/pcie@fe000000 ranges:
[    0.186342] rcar-pcie fe000000.pcie:       IO 0x00fe100000..0x00fe1fffff -> 0x0000000000
[    0.186363] rcar-pcie fe000000.pcie:      MEM 0x00fe200000..0x00fe3fffff -> 0x00fe200000
[    0.186381] rcar-pcie fe000000.pcie:      MEM 0x0030000000..0x0037ffffff -> 0x0030000000
[    0.186395] rcar-pcie fe000000.pcie:      MEM 0x0038000000..0x003fffffff -> 0x0038000000
[    0.186413] rcar-pcie fe000000.pcie:   IB MEM 0x0040000000..0x007fffffff -> 0x0040000000
[    0.186458] rcar-pcie fe000000.pcie: no pcie3v3 regulator found
[    0.186470] rcar-pcie fe000000.pcie: no pcie1v8 regulator found
[    0.253531] rcar-pcie fe000000.pcie: PCIe link down
[    0.253720] rcar-pcie ee800000.pcie: host bridge /soc/pcie@ee800000 ranges:
[    0.253745] rcar-pcie ee800000.pcie:       IO 0x00ee900000..0x00ee9fffff -> 0x0000000000
[    0.253766] rcar-pcie ee800000.pcie:      MEM 0x00eea00000..0x00eebfffff -> 0x00eea00000
[    0.253784] rcar-pcie ee800000.pcie:      MEM 0x00c0000000..0x00c7ffffff -> 0x00c0000000
[    0.253798] rcar-pcie ee800000.pcie:      MEM 0x00c8000000..0x00cfffffff -> 0x00c8000000
[    0.253829] rcar-pcie ee800000.pcie:   IB MEM 0x0040000000..0x007fffffff -> 0x0040000000
[    0.253862] rcar-pcie ee800000.pcie: no pcie3v3 regulator found
[    0.253873] rcar-pcie ee800000.pcie: no pcie1v8 regulator found
[    0.413813] rcar-pcie ee800000.pcie: PCIe link down
[    0.416256] EINJ: ACPI disabled.
[    0.450550] Serial: 8250/16550 driver, 4 ports, IRQ sharing enabled
[    0.452972] SuperH (H)SCI(F) driver initialized
[    0.453406] e6550000.serial: ttySC1 at MMIO 0xe6550000 (irq = 42, base_baud = 0) is a hscif
[    0.454144] e6e88000.serial: ttySC0 at MMIO 0xe6e88000 (irq = 128, base_baud = 0) is a scif
[    1.658878] printk: console [ttySC0] enabled
[    1.664296] msm_serial: driver initialized
[    1.674642] rcar-dw-hdmi fead0000.hdmi: Detected HDMI TX controller v2.01a with HDCP (DWC HDMI 2.0 TX PHY)
[    1.684532] rcar-dw-hdmi fead0000.hdmi: registered DesignWare HDMI I2C bus driver
[    1.692764] rcar-dw-hdmi feae0000.hdmi: Detected HDMI TX controller v2.01a with HDCP (DWC HDMI 2.0 TX PHY)
[    1.702630] rcar-dw-hdmi feae0000.hdmi: registered DesignWare HDMI I2C bus driver
[    1.718076] loop: module loaded
[    1.722603] megasas: 07.714.04.00-rc1
[    1.728315] scsi host0: sata_rcar
[    1.731783] ata1: SATA max UDMA/133 irq 181
[    1.741133] tun: Universal TUN/TAP device driver, 1.6
[    1.747083] thunder_xcv, ver 1.0
[    1.750341] thunder_bgx, ver 1.0
[    1.753586] nicpf, ver 1.0
[    1.757717] hclge is initializing
[    1.761054] hns3: Hisilicon Ethernet Network Driver for Hip08 Family - version
[    1.768276] hns3: Copyright (c) 2017 Huawei Corporation.
[    1.773612] e1000: Intel(R) PRO/1000 Network Driver
[    1.778491] e1000: Copyright (c) 1999-2006 Intel Corporation.
[    1.784256] e1000e: Intel(R) PRO/1000 Network Driver
[    1.789221] e1000e: Copyright(c) 1999 - 2015 Intel Corporation.
[    1.795169] igb: Intel(R) Gigabit Ethernet Network Driver
[    1.800568] igb: Copyright (c) 2007-2014 Intel Corporation.
[    1.806155] igbvf: Intel(R) Gigabit Virtual Function Network Driver
[    1.812421] igbvf: Copyright (c) 2009 - 2012 Intel Corporation.
[    1.818758] sky2: driver version 1.30
[    1.826360] ravb e6800000.ethernet eth0: Base address at 0xe6800000, 2e:09:0a:00:c3:9a, IRQ 125.
[    1.836528] VFIO - User Level meta-driver version: 0.3
[    1.843698] ehci_hcd: USB 2.0 'Enhanced' Host Controller (EHCI) Driver
[    1.850238] ehci-pci: EHCI PCI platform driver
[    1.854705] ehci-platform: EHCI generic platform driver
[    1.860307] ehci-platform ee0a0100.usb: EHCI Host Controller
[    1.865985] ehci-platform ee0a0100.usb: new USB bus registered, assigned bus number 1
[    1.873910] ehci-platform ee0a0100.usb: irq 175, io mem 0xee0a0100
[    1.893823] ehci-platform ee0a0100.usb: USB 2.0 started, EHCI 1.10
[    1.900359] hub 1-0:1.0: USB hub found
[    1.904129] hub 1-0:1.0: 1 port detected
[    1.908535] ehci-platform ee0c0100.usb: EHCI Host Controller
[    1.914207] ehci-platform ee0c0100.usb: new USB bus registered, assigned bus number 2
[    1.922086] ehci-platform ee0c0100.usb: irq 176, io mem 0xee0c0100
[    1.941822] ehci-platform ee0c0100.usb: USB 2.0 started, EHCI 1.10
[    1.948269] hub 2-0:1.0: USB hub found
[    1.952037] hub 2-0:1.0: 1 port detected
[    1.981857] ehci-platform ee0e0100.usb: EHCI Host Controller
[    1.987531] ehci-platform ee0e0100.usb: new USB bus registered, assigned bus number 3
[    1.995405] ehci-platform ee0e0100.usb: irq 177, io mem 0xee0e0100
[    2.013820] ehci-platform ee0e0100.usb: USB 2.0 started, EHCI 1.10
[    2.020248] hub 3-0:1.0: USB hub found
[    2.024016] hub 3-0:1.0: 1 port detected
[    2.028393] ehci-orion: EHCI orion driver
[    2.032664] ehci-exynos: EHCI Exynos driver
[    2.036969] ohci_hcd: USB 1.1 'Open' Host Controller (OHCI) Driver
[    2.043167] ohci-pci: OHCI PCI platform driver
[    2.047652] ohci-platform: OHCI generic platform driver
[    2.053187] ohci-platform ee0a0000.usb: Generic Platform OHCI controller
[    2.059912] ohci-platform ee0a0000.usb: new USB bus registered, assigned bus number 4
[    2.067790] ohci-platform ee0a0000.usb: irq 175, io mem 0xee0a0000
[    2.149828] ata1: link resume succeeded after 1 retries
[    2.164089] hub 4-0:1.0: USB hub found
[    2.167857] hub 4-0:1.0: 1 port detected
[    2.172184] ohci-platform ee0c0000.usb: Generic Platform OHCI controller
[    2.178898] ohci-platform ee0c0000.usb: new USB bus registered, assigned bus number 5
[    2.186767] ohci-platform ee0c0000.usb: irq 176, io mem 0xee0c0000
[    2.261344] ata1: SATA link down (SStatus 0 SControl 300)
[    2.280076] hub 5-0:1.0: USB hub found
[    2.283846] hub 5-0:1.0: 1 port detected
[    2.288180] ohci-platform ee0e0000.usb: Generic Platform OHCI controller
[    2.294894] ohci-platform ee0e0000.usb: new USB bus registered, assigned bus number 6
[    2.302767] ohci-platform ee0e0000.usb: irq 177, io mem 0xee0e0000
[    2.396096] hub 6-0:1.0: USB hub found
[    2.399867] hub 6-0:1.0: 1 port detected
[    2.404220] ohci-exynos: OHCI Exynos driver
[    2.409066] xhci-hcd ee000000.usb: xHCI Host Controller
[    2.414307] xhci-hcd ee000000.usb: new USB bus registered, assigned bus number 7
[    2.437561] xhci-hcd ee000000.usb: hcc params 0x014051ce hci version 0x100 quirks 0x0000000000830410
[    2.446728] xhci-hcd ee000000.usb: irq 172, io mem 0xee000000
[    2.452595] xhci-hcd ee000000.usb: xHCI Host Controller
[    2.457829] xhci-hcd ee000000.usb: new USB bus registered, assigned bus number 8
[    2.465234] xhci-hcd ee000000.usb: Host supports USB 3.0 SuperSpeed
[    2.471796] hub 7-0:1.0: USB hub found
[    2.475565] hub 7-0:1.0: 1 port detected
[    2.479656] usb usb8: We don't know the algorithms for LPM for this host, disabling LPM.
[    2.488019] hub 8-0:1.0: USB hub found
[    2.491835] hub 8-0:1.0: 1 port detected
[    2.496653] usbcore: registered new interface driver usb-storage
[    2.504350] renesas_usbhs e6590000.usb: host probed
[    2.509240] renesas_usbhs e6590000.usb: no transceiver found
[    2.514966] renesas_usbhs e6590000.usb: gadget probed
[    2.520183] renesas_usbhs e6590000.usb: probed
[    2.525080] renesas_usbhs e659c000.usb: host probed
[    2.529974] renesas_usbhs e659c000.usb: no transceiver found
[    2.535686] renesas_usbhs e659c000.usb: gadget probed
[    2.540875] renesas_usbhs e659c000.usb: probed
[    2.547798] i2c /dev entries driver
[    2.562342] cs2000-cp 2-004f: revision - C1
[    2.566586] i2c-rcar e6510000.i2c: probed
[    2.571415] pca953x 4-0020: supply vcc not found, using dummy regulator
[    2.578114] pca953x 4-0020: using no AI
[    2.582768] gpio-355 (PCIE/SATA switch): hogged as output/low
[    2.595026] i2c-rcar e66d8000.i2c: probed
[    2.600326] adv748x 4-0070: Endpoint /soc/i2c@e66d8000/video-receiver@70/port@7/endpoint on port 7
[    2.609309] adv748x 4-0070: Endpoint /soc/i2c@e66d8000/video-receiver@70/port@8/endpoint on port 8
[    2.617824] usb 1-1: new high-speed USB device number 2 using ehci-platform
[    2.618280] adv748x 4-0070: Endpoint /soc/i2c@e66d8000/video-receiver@70/port@a/endpoint on port 10
[    2.634286] adv748x 4-0070: Endpoint /soc/i2c@e66d8000/video-receiver@70/port@b/endpoint on port 11
[    2.643689] adv748x 4-0070: chip found @ 0xe0 revision 2143
[    2.697394] rcar-csi2 fea80000.csi2: 1 lanes found
[    2.702531] rcar-csi2 feaa0000.csi2: 4 lanes found
[    2.712135] rcar-vin e6ef0000.video: Device registered as video0
[    2.718211] rcar-vin e6ef1000.video: Device registered as video1
[    2.724281] rcar-vin e6ef2000.video: Device registered as video2
[    2.730355] rcar-vin e6ef3000.video: Device registered as video3
[    2.736421] rcar-vin e6ef4000.video: Device registered as video4
[    2.742497] rcar-vin e6ef5000.video: Device registered as video5
[    2.748623] rcar-vin e6ef6000.video: Device registered as video6
[    2.754698] rcar-vin e6ef7000.video: Device registered as video7
[    2.763514] rcar_gen3_thermal e6198000.thermal: is using pseudo fixed FUSE values
[    2.775733] rcar_gen3_thermal e6198000.thermal: TSC0: Loaded 1 trip points
[    2.779961] usb-storage 1-1:1.0: USB Mass Storage device detected
[    2.787245] rcar_gen3_thermal e6198000.thermal: TSC1: Loaded 1 trip points
[    2.789008] scsi host1: usb-storage 1-1:1.0
[    2.799988] rcar_gen3_thermal e6198000.thermal: TSC2: Loaded 3 trip points
[    2.812156] sdhci: Secure Digital Host Controller Interface driver
[    2.818368] sdhci: Copyright(c) Pierre Ossman
[    2.823570] Synopsys Designware Multimedia Card Interface Driver
[    2.823744] renesas_sdhi_internal_dmac ee140000.mmc: Adding to iommu group 0
[    2.823878] renesas_sdhi_internal_dmac ee100000.mmc: Got CD GPIO
[    2.823897] renesas_sdhi_internal_dmac ee100000.mmc: Got WP GPIO
[    2.824117] renesas_sdhi_internal_dmac ee160000.mmc: Got CD GPIO
[    2.824146] renesas_sdhi_internal_dmac ee160000.mmc: Got WP GPIO
[    2.830957] sdhci-pltfm: SDHCI platform and OF driver helper
[    2.836659] renesas_sdhi_internal_dmac ee140000.mmc: Using IPMMU context 1
[    2.873700] ledtrig-cpu: registered to indicate activity on CPUs
[    2.880793] SMCCC: SOC_ID: ARCH_SOC_ID not implemented, skipping ....
[    2.887832] usbcore: registered new interface driver usbhid
[    2.893409] usbhid: USB HID core driver
[    2.901076] optee: probing for conduit method.
[    2.905544] optee: revision 3.22 (314ecf9d)
[    2.906060] optee driver R-Car Rev.1.0.11
[    2.914490] optee: dynamic shared memory is enabled
[    2.919638] optee: initialized driver
[    2.924959] renesas_sdhi_internal_dmac ee140000.mmc: mmc0 base at 0x00000000ee140000, max clock rate 200 MHz
[    2.943568] rcar_sound ec500000.sound: probed
[    2.948656] NET: Registered protocol family 17
[    2.953219] 9pnet: Installing 9P2000 support
[    2.957544] Key type dns_resolver registered
[    2.962098] registered taskstats version 1
[    2.966211] Loading compiled-in X.509 certificates
[    2.980929] thermal emergency: set temperature to 110 celsius
[    2.986900] thermal emergency: shutdown target cpus 1-7
[    2.992127] thermal emergency: freq scaled target cpus 0
[    2.997802] renesas_irqc e61c0000.interrupt-controller: driving 6 irqs
[    3.011482] mmc0: new HS400 MMC card at address 0001
[    3.017368] mmcblk0: mmc0:0001 BGSD3R 29.1 GiB 
[    3.022399] mmcblk0boot0: mmc0:0001 BGSD3R partition 1 16.0 MiB
[    3.028825] mmcblk0boot1: mmc0:0001 BGSD3R partition 2 16.0 MiB
[    3.034851] mmcblk0rpmb: mmc0:0001 BGSD3R partition 3 4.00 MiB, chardev (509:0)
[    3.043673]  mmcblk0: p1
[    3.069848] ehci-platform ee080100.usb: EHCI Host Controller
[    3.075537] ehci-platform ee080100.usb: new USB bus registered, assigned bus number 9
[    3.083454] ehci-platform ee080100.usb: irq 174, io mem 0xee080100
[    3.101821] ehci-platform ee080100.usb: USB 2.0 started, EHCI 1.10
[    3.108451] hub 9-0:1.0: USB hub found
[    3.112223] hub 9-0:1.0: 1 port detected
[    3.117613] ohci-platform ee080000.usb: Generic Platform OHCI controller
[    3.124343] ohci-platform ee080000.usb: new USB bus registered, assigned bus number 10
[    3.132321] ohci-platform ee080000.usb: irq 174, io mem 0xee080000
[    3.228215] hub 10-0:1.0: USB hub found
[    3.232074] hub 10-0:1.0: 1 port detected
[    3.237377] cpu cpu0: EM: created perf domain
[    3.242354] cpu cpu4: EM: created perf domain
[    3.251601] renesas_sdhi_internal_dmac ee100000.mmc: Got CD GPIO
[    3.252627] renesas_sdhi_internal_dmac ee160000.mmc: Got CD GPIO
[    3.254887] [drm] Initialized rcar-du 1.0.0 20130110 for feb00000.display on minor 0
[    3.254890] [drm] Device feb00000.display probed
[    3.257728] renesas_sdhi_internal_dmac ee100000.mmc: Got WP GPIO
[    3.263730] renesas_sdhi_internal_dmac ee160000.mmc: Got WP GPIO
[    3.320720] renesas_sdhi_internal_dmac ee100000.mmc: mmc1 base at 0x00000000ee100000, max clock rate 200 MHz
[    3.327837] Console: switching to colour frame buffer device 128x48
[    3.336407] renesas_sdhi_internal_dmac ee160000.mmc: mmc2 base at 0x00000000ee160000, max clock rate 200 MHz
[    3.368733] rcar-du feb00000.display: [drm] fb0: rcar-dudrmfb frame buffer device
[    3.381226] input: keys as /devices/platform/keys/input/input0
[    3.460801] Micrel KSZ9031 Gigabit PHY e6800000.ethernet-ffffffff:00: attached PHY driver [Micrel KSZ9031 Gigabit PHY] (mii_bus:phy_addr=e6800000.ethernet-ffffffff:00, irq=183)
[    3.807775] scsi 1:0:0:0: Direct-Access     SanDisk  Ultra            1.00 PQ: 0 ANSI: 6
[    3.818334] sd 1:0:0:0: [sda] 121307136 512-byte logical blocks: (62.1 GB/57.8 GiB)
[    3.827749] sd 1:0:0:0: [sda] Write Protect is off
[    3.834005] sd 1:0:0:0: [sda] Write cache: disabled, read cache: enabled, doesn't support DPO or FUA
[    3.861063]  sda: sda1
[    3.868308] sd 1:0:0:0: [sda] Attached SCSI removable disk
[   10.211497] ravb e6800000.ethernet eth0: Link is Up - 1Gbps/Full - flow control off
[   10.241855] IP-Config: Guessing netmask 255.255.255.0
[   10.247018] IP-Config: Complete:
[   10.250331]      device=eth0, hwaddr=2e:09:0a:00:c3:9a, ipaddr=192.168.10.167, mask=255.255.255.0, gw=255.255.255.255
[   10.261146]      host=192.168.10.167, domain=, nis-domain=(none)
[   10.267276]      bootserver=255.255.255.255, rootserver=192.168.10.99, rootpath=
[   10.267891] ALSA device list:
[   10.286340]   No soundcards found.
[   11.353759] VFS: Mounted root (nfs4 filesystem) on device 0:22.
[   11.364908] devtmpfs: mounted
[   11.375517] Freeing unused kernel memory: 6144K
[   11.413961] Run /sbin/init as init process
[   11.590121] systemd[1]: System time before build time, advancing clock.
[   11.998338] NET: Registered protocol family 10
[   12.004540] Segment Routing with IPv6
[   12.024425] systemd[1]: Configuration file /etc/systemd/system.conf is marked executable. Please remove executable permission bits. Proceeding anyway.
[   12.044696] systemd[1]: Configuration file /lib/systemd/system.conf.d/00-systemd-conf.conf is marked executable. Please remove executable permission bits. Proceeding anyway.
[   12.066396] systemd[1]: systemd 244 running in system mode. (+PAM -AUDIT -SELINUX +IMA -APPARMOR -SMACK +SYSVINIT +UTMP -LIBCRYPTSETUP -GCRYPT -GNUTLS +ACL +XZ -LZ4 -SECCOMP +BLKID -ELFUTILS +KMOD -IDN2 -IDN -PCRE2 default-hierarchy=hybrid)
[   12.090954] systemd[1]: Detected architecture arm64.

Welcome to [1mPoky (Yocto Project Reference Distro) 3.1.11 (dunfell)[0m!

[   12.119961] systemd[1]: Set hostname to <salvator-x>.
[   12.319900] systemd[1]: Configuration file /lib/systemd/system/local-fs.target is marked executable. Please remove executable permission bits. Proceeding anyway.
[   12.360576] systemd[1]: Configuration file /lib/systemd/system/swap.target is marked executable. Please remove executable permission bits. Proceeding anyway.
[   12.388727] systemd[1]: Configuration file /lib/systemd/system/umount.target is marked executable. Please remove executable permission bits. Proceeding anyway.
[   12.415003] systemd[1]: Configuration file /lib/systemd/system/systemd-journald.socket is marked executable. Please remove executable permission bits. Proceeding anyway.
[   12.444150] systemd[1]: Configuration file /lib/systemd/system/systemd-journald.service is marked executable. Please remove executable permission bits. Proceeding anyway.
[   12.473230] systemd[1]: Configuration file /lib/systemd/system/sysinit.target is marked executable. Please remove executable permission bits. Proceeding anyway.
[   12.511265] systemd[1]: Configuration file /lib/systemd/system/systemd-update-utmp.service is marked executable. Please remove executable permission bits. Proceeding anyway.
[   12.533102] systemd[1]: Configuration file /lib/systemd/system/systemd-update-done.service is marked executable. Please remove executable permission bits. Proceeding anyway.
[   12.554317] systemd[1]: Configuration file /lib/systemd/system/systemd-udevd.service is marked executable. Please remove executable permission bits. Proceeding anyway.
[   12.575831] systemd[1]: Configuration file /lib/systemd/system/systemd-udevd-kernel.socket is marked executable. Please remove executable permission bits. Proceeding anyway.
[   12.596775] systemd[1]: Configuration file /lib/systemd/system/systemd-udevd-control.socket is marked executable. Please remove executable permission bits. Proceeding anyway.
[   12.618053] systemd[1]: Configuration file /lib/systemd/system/systemd-udev-trigger.service is marked executable. Please remove executable permission bits. Proceeding anyway.
[   12.639182] systemd[1]: Configuration file /lib/systemd/system/systemd-tmpfiles-setup.service is marked executable. Please remove executable permission bits. Proceeding anyway.
[   12.660567] systemd[1]: Configuration file /lib/systemd/system/systemd-tmpfiles-setup-dev.service is marked executable. Please remove executable permission bits. Proceeding anyway.
[   12.682435] systemd[1]: Configuration file /lib/systemd/system/systemd-timesyncd.service is marked executable. Please remove executable permission bits. Proceeding anyway.
[   12.704411] systemd[1]: Configuration file /lib/systemd/system/time-sync.target is marked executable. Please remove executable permission bits. Proceeding anyway.
[   12.724441] systemd[1]: Configuration file /lib/systemd/system/time-set.target is marked executable. Please remove executable permission bits. Proceeding anyway.
[   12.744557] systemd[1]: Configuration file /lib/systemd/system/systemd-sysusers.service is marked executable. Please remove executable permission bits. Proceeding anyway.
[   12.765659] systemd[1]: Configuration file /lib/systemd/system/systemd-sysctl.service is marked executable. Please remove executable permission bits. Proceeding anyway.
[   12.786240] systemd[1]: Configuration file /lib/systemd/system/systemd-random-seed.service is marked executable. Please remove executable permission bits. Proceeding anyway.
[   12.810734] systemd[1]: Configuration file /lib/systemd/system/systemd-modules-load.service is marked executable. Please remove executable permission bits. Proceeding anyway.
[   12.832243] systemd[1]: Configuration file /lib/systemd/system/systemd-machine-id-commit.service is marked executable. Please remove executable permission bits. Proceeding anyway.
[   12.854798] systemd[1]: Configuration file /lib/systemd/system/systemd-journal-flush.service is marked executable. Please remove executable permission bits. Proceeding anyway.
[   12.876610] systemd[1]: Configuration file /lib/systemd/system/systemd-journal-catalog-update.service is marked executable. Please remove executable permission bits. Proceeding anyway.
[   12.899302] systemd[1]: Configuration file /lib/systemd/system/systemd-hwdb-update.service is marked executable. Please remove executable permission bits. Proceeding anyway.
[   12.920775] systemd[1]: Configuration file /lib/systemd/system/systemd-ask-password-console.path is marked executable. Please remove executable permission bits. Proceeding anyway.
[   12.943236] systemd[1]: Configuration file /lib/systemd/system/systemd-ask-password-console.service is marked executable. Please remove executable permission bits. Proceeding anyway.
[   12.965664] systemd[1]: Configuration file /lib/systemd/system/systemd-vconsole-setup.service is marked executable. Please remove executable permission bits. Proceeding anyway.
[   12.987324] systemd[1]: Configuration file /lib/systemd/system/initrd-switch-root.target is marked executable. Please remove executable permission bits. Proceeding anyway.
[   13.008935] systemd[1]: Configuration file /lib/systemd/system/initrd-cleanup.service is marked executable. Please remove executable permission bits. Proceeding anyway.
[   13.029587] systemd[1]: Configuration file /lib/systemd/system/initrd.target is marked executable. Please remove executable permission bits. Proceeding anyway.
[   13.049384] systemd[1]: Configuration file /lib/systemd/system/rescue.target is marked executable. Please remove executable permission bits. Proceeding anyway.
[   13.077510] systemd[1]: Configuration file /lib/systemd/system/remote-fs.target is marked executable. Please remove executable permission bits. Proceeding anyway.
[   13.097958] systemd[1]: Configuration file /lib/systemd/system/remote-fs-pre.target is marked executable. Please remove executable permission bits. Proceeding anyway.
[   13.118521] systemd[1]: Configuration file /lib/systemd/system/graphical.target is marked executable. Please remove executable permission bits. Proceeding anyway.
[   13.143275] systemd[1]: Configuration file /lib/systemd/system/multi-user.target is marked executable. Please remove executable permission bits. Proceeding anyway.
[   13.181585] systemd[1]: Configuration file /lib/systemd/system/xinetd.service is marked executable. Please remove executable permission bits. Proceeding anyway.
[   13.201350] systemd[1]: Configuration file /lib/systemd/system/network.target is marked executable. Please remove executable permission bits. Proceeding anyway.
[   13.221255] systemd[1]: Configuration file /lib/systemd/system/network-pre.target is marked executable. Please remove executable permission bits. Proceeding anyway.
[   13.241717] systemd[1]: Configuration file /lib/systemd/system/systemd-user-sessions.service is marked executable. Please remove executable permission bits. Proceeding anyway.
[   13.263382] systemd[1]: Configuration file /lib/systemd/system/nss-user-lookup.target is marked executable. Please remove executable permission bits. Proceeding anyway.
[   13.284423] systemd[1]: Configuration file /lib/systemd/system/systemd-resolved.service is marked executable. Please remove executable permission bits. Proceeding anyway.
[   13.306173] systemd[1]: Configuration file /lib/systemd/system/nss-lookup.target is marked executable. Please remove executable permission bits. Proceeding anyway.
[   13.326438] systemd[1]: Configuration file /lib/systemd/system/systemd-networkd.service is marked executable. Please remove executable permission bits. Proceeding anyway.
[   13.348230] systemd[1]: Configuration file /lib/systemd/system/systemd-logind.service is marked executable. Please remove executable permission bits. Proceeding anyway.
[   13.370167] systemd[1]: Configuration file /lib/systemd/system/dbus.socket is marked executable. Please remove executable permission bits. Proceeding anyway.
[   13.390050] systemd[1]: Configuration file /lib/systemd/system/user.slice is marked executable. Please remove executable permission bits. Proceeding anyway.
[   13.409738] systemd[1]: Configuration file /lib/systemd/system/slices.target is marked executable. Please remove executable permission bits. Proceeding anyway.
[   13.429410] systemd[1]: Configuration file /lib/systemd/system/systemd-ask-password-wall.path is marked executable. Please remove executable permission bits. Proceeding anyway.
[   13.451290] systemd[1]: Configuration file /lib/systemd/system/systemd-ask-password-wall.service is marked executable. Please remove executable permission bits. Proceeding anyway.
[   13.473382] systemd[1]: Configuration file /lib/systemd/system/rpcbind.service is marked executable. Please remove executable permission bits. Proceeding anyway.
[   13.493573] systemd[1]: Configuration file /lib/systemd/system/rpcbind.target is marked executable. Please remove executable permission bits. Proceeding anyway.
[   13.513521] systemd[1]: Configuration file /lib/systemd/system/rpcbind.socket is marked executable. Please remove executable permission bits. Proceeding anyway.
[   13.533530] systemd[1]: Configuration file /lib/systemd/system/rc.pvr.service is marked executable. Please remove executable permission bits. Proceeding anyway.
[   13.553560] systemd[1]: Configuration file /lib/systemd/system/optee.service is marked executable. Please remove executable permission bits. Proceeding anyway.
[   13.573343] systemd[1]: Configuration file /lib/systemd/system/getty.target is marked executable. Please remove executable permission bits. Proceeding anyway.
[   13.596663] systemd[1]: Configuration file /lib/systemd/system/serial-getty@.service is marked executable. Please remove executable permission bits. Proceeding anyway.
[   13.618693] systemd[1]: Configuration file /lib/systemd/system/rc-local.service is marked executable. Please remove executable permission bits. Proceeding anyway.
[   13.639225] systemd[1]: Configuration file /lib/systemd/system/getty-pre.target is marked executable. Please remove executable permission bits. Proceeding anyway.
[   13.659906] systemd[1]: Configuration file /lib/systemd/system/getty@.service is marked executable. Please remove executable permission bits. Proceeding anyway.
[   13.680675] systemd[1]: Configuration file /lib/systemd/system/dbus.service is marked executable. Please remove executable permission bits. Proceeding anyway.
[   13.700403] systemd[1]: Configuration file /lib/systemd/system/avahi-daemon.service is marked executable. Please remove executable permission bits. Proceeding anyway.
[   13.721300] systemd[1]: Configuration file /lib/systemd/system/avahi-daemon.socket is marked executable. Please remove executable permission bits. Proceeding anyway.
[   13.743229] systemd[1]: Configuration file /lib/systemd/system/systemd-update-utmp-runlevel.service is marked executable. Please remove executable permission bits. Proceeding anyway.
[   13.765919] systemd[1]: Configuration file /lib/systemd/system/rescue.service is marked executable. Please remove executable permission bits. Proceeding anyway.
[   13.785938] systemd[1]: Configuration file /lib/systemd/system/initrd-parse-etc.service is marked executable. Please remove executable permission bits. Proceeding anyway.
[   13.807123] systemd[1]: Configuration file /lib/systemd/system/initrd-root-device.target is marked executable. Please remove executable permission bits. Proceeding anyway.
[   13.828465] systemd[1]: Configuration file /lib/systemd/system/basic.target is marked executable. Please remove executable permission bits. Proceeding anyway.
[   13.848468] systemd[1]: Configuration file /lib/systemd/system/timers.target is marked executable. Please remove executable permission bits. Proceeding anyway.
[   13.871265] systemd[1]: Configuration file /lib/systemd/system/systemd-tmpfiles-clean.timer is marked executable. Please remove executable permission bits. Proceeding anyway.
[   13.892839] systemd[1]: Configuration file /lib/systemd/system/systemd-tmpfiles-clean.service is marked executable. Please remove executable permission bits. Proceeding anyway.
[   13.914539] systemd[1]: Configuration file /lib/systemd/system/initrd-fs.target is marked executable. Please remove executable permission bits. Proceeding anyway.
[   13.934787] systemd[1]: Configuration file /lib/systemd/system/initrd-root-fs.target is marked executable. Please remove executable permission bits. Proceeding anyway.
[   13.955906] systemd[1]: Configuration file /lib/systemd/system/initrd-udevadm-cleanup-db.service is marked executable. Please remove executable permission bits. Proceeding anyway.
[   13.978339] systemd[1]: Configuration file /lib/systemd/system/systemd-udev-settle.service is marked executable. Please remove executable permission bits. Proceeding anyway.
[   13.999840] systemd[1]: Configuration file /lib/systemd/system/initrd-switch-root.service is marked executable. Please remove executable permission bits. Proceeding anyway.
[   14.021514] systemd[1]: Configuration file /lib/systemd/system/paths.target is marked executable. Please remove executable permission bits. Proceeding anyway.
[   14.041063] systemd[1]: Configuration file /lib/systemd/system/sys-kernel-debug.mount is marked executable. Please remove executable permission bits. Proceeding anyway.
[   14.062366] systemd[1]: Configuration file /lib/systemd/system/sys-kernel-config.mount is marked executable. Please remove executable permission bits. Proceeding anyway.
[   14.083610] systemd[1]: Configuration file /lib/systemd/system/sys-fs-fuse-connections.mount is marked executable. Please remove executable permission bits. Proceeding anyway.
[   14.105670] systemd[1]: Configuration file /lib/systemd/system/psplash-systemd.service is marked executable. Please remove executable permission bits. Proceeding anyway.
[   14.126460] systemd[1]: Configuration file /lib/systemd/system/psplash-start.service is marked executable. Please remove executable permission bits. Proceeding anyway.
[   14.147203] systemd[1]: Configuration file /lib/systemd/system/ldconfig.service is marked executable. Please remove executable permission bits. Proceeding anyway.
[   14.167437] systemd[1]: Configuration file /lib/systemd/system/kmod-static-nodes.service is marked executable. Please remove executable permission bits. Proceeding anyway.
[   14.189095] systemd[1]: Configuration file /lib/systemd/system/dev-mqueue.mount is marked executable. Please remove executable permission bits. Proceeding anyway.
[   14.209407] systemd[1]: Configuration file /lib/systemd/system/dev-hugepages.mount is marked executable. Please remove executable permission bits. Proceeding anyway.
[   14.229954] systemd[1]: Configuration file /lib/systemd/system/emergency.service is marked executable. Please remove executable permission bits. Proceeding anyway.
[   14.250055] systemd[1]: Configuration file /lib/systemd/system/syslog.socket is marked executable. Please remove executable permission bits. Proceeding anyway.
[   14.270515] systemd[1]: Configuration file /lib/systemd/system/systemd-journald-audit.socket is marked executable. Please remove executable permission bits. Proceeding anyway.
[   14.292108] systemd[1]: Configuration file /lib/systemd/system/systemd-journald-dev-log.socket is marked executable. Please remove executable permission bits. Proceeding anyway.
[   14.314200] systemd[1]: Configuration file /lib/systemd/system/sockets.target is marked executable. Please remove executable permission bits. Proceeding anyway.
[   14.349185] systemd[1]: Configuration file /lib/systemd/system/systemd-networkd.socket is marked executable. Please remove executable permission bits. Proceeding anyway.
[   14.370086] systemd[1]: Configuration file /lib/systemd/system/systemd-initctl.socket is marked executable. Please remove executable permission bits. Proceeding anyway.
[   14.390882] systemd[1]: Configuration file /lib/systemd/system/systemd-initctl.service is marked executable. Please remove executable permission bits. Proceeding anyway.
[   14.411923] systemd[1]: Configuration file /lib/systemd/system/dropbear.socket is marked executable. Please remove executable permission bits. Proceeding anyway.
[   14.432086] systemd[1]: Configuration file /lib/systemd/system/var-volatile-srv.service is marked executable. Please remove executable permission bits. Proceeding anyway.
[   14.452621] systemd[1]: Configuration file /lib/systemd/system/var-volatile-spool.service is marked executable. Please remove executable permission bits. Proceeding anyway.
[   14.473592] systemd[1]: Configuration file /lib/systemd/system/var-volatile-lib.service is marked executable. Please remove executable permission bits. Proceeding anyway.
[   14.494893] systemd[1]: Configuration file /lib/systemd/system/var-volatile-cache.service is marked executable. Please remove executable permission bits. Proceeding anyway.
[   14.516210] systemd[1]: Configuration file /lib/systemd/system/tmp.mount is marked executable. Please remove executable permission bits. Proceeding anyway.
[   14.535889] systemd[1]: Configuration file /lib/systemd/system/systemd-remount-fs.service is marked executable. Please remove executable permission bits. Proceeding anyway.
[   14.557417] systemd[1]: Configuration file /lib/systemd/system/systemd-fsck-root.service is marked executable. Please remove executable permission bits. Proceeding anyway.
[   14.578542] systemd[1]: Configuration file /lib/systemd/system/emergency.target is marked executable. Please remove executable permission bits. Proceeding anyway.
[   14.598501] systemd[1]: Configuration file /lib/systemd/system/local-fs-pre.target is marked executable. Please remove executable permission bits. Proceeding anyway.
[   14.619081] systemd[1]: Configuration file /lib/systemd/system/shutdown.target is marked executable. Please remove executable permission bits. Proceeding anyway.
[   14.640858] random: systemd: uninitialized urandom read (16 bytes read)
[   14.649036] systemd[1]: system-getty.slice: unit configures an IP firewall, but the local system does not support BPF/cgroup firewalling.
[   14.664156] systemd[1]: (This warning is only shown for the first unit using IP firewalling.)
[   14.675951] systemd[1]: Created slice system-getty.slice.
[[0;32m  OK  [0m] Created slice [0;1;39msystem-getty.slice[0m.
[   14.701916] random: systemd: uninitialized urandom read (16 bytes read)
[   14.710556] systemd[1]: Created slice system-serial\x2dgetty.slice.
[[0;32m  OK  [0m] Created slice [0;1;39msystem-serial\x2dgetty.slice[0m.
[   14.733895] random: systemd: uninitialized urandom read (16 bytes read)
[   14.742399] systemd[1]: Created slice User and Session Slice.
[[0;32m  OK  [0m] Created slice [0;1;39mUser and Session Slice[0m.
[   14.766044] systemd[1]: Started Dispatch Password Requests to Console Directory Watch.
[[0;32m  OK  [0m] Started [0;1;39mDispatch Password …ts to Console Directory Watch[0m.
[   14.794044] systemd[1]: Started Forward Password Requests to Wall Directory Watch.
[[0;32m  OK  [0m] Started [0;1;39mForward Password R…uests to Wall Directory Watch[0m.
[   14.821990] systemd[1]: Reached target Paths.
[[0;32m  OK  [0m] Reached target [0;1;39mPaths[0m.
[   14.841935] systemd[1]: Reached target Remote File Systems.
[[0;32m  OK  [0m] Reached target [0;1;39mRemote File Systems[0m.
[   14.866082] systemd[1]: Reached target Slices.
[[0;32m  OK  [0m] Reached target [0;1;39mSlices[0m.
[   14.890000] systemd[1]: Reached target Swap.
[[0;32m  OK  [0m] Reached target [0;1;39mSwap[0m.
[   14.916956] systemd[1]: Listening on RPCbind Server Activation Socket.
[[0;32m  OK  [0m] Listening on [0;1;39mRPCbind Server Activation Socket[0m.
[   14.946057] systemd[1]: Reached target RPC Port Mapper.
[[0;32m  OK  [0m] Reached target [0;1;39mRPC Port Mapper[0m.
[   14.974356] systemd[1]: Listening on initctl Compatibility Named Pipe.
[[0;32m  OK  [0m] Listening on [0;1;39minitctl Compatibility Named Pipe[0m.
[   15.004098] systemd[1]: Listening on Journal Audit Socket.
[[0;32m  OK  [0m] Listening on [0;1;39mJournal Audit Socket[0m.
[   15.031876] systemd[1]: Listening on Journal Socket (/dev/log).
[[0;32m  OK  [0m] Listening on [0;1;39mJournal Socket (/dev/log)[0m.
[   15.058636] systemd[1]: Listening on Journal Socket.
[[0;32m  OK  [0m] Listening on [0;1;39mJournal Socket[0m.
[   15.088180] systemd[1]: Listening on Network Service Netlink Socket.
[[0;32m  OK  [0m] Listening on [0;1;39mNetwork Service Netlink Socket[0m.
[   15.120753] systemd[1]: Listening on udev Control Socket.
[[0;32m  OK  [0m] Listening on [0;1;39mudev Control Socket[0m.
[   15.146478] systemd[1]: Listening on udev Kernel Socket.
[[0;32m  OK  [0m] Listening on [0;1;39mudev Kernel Socket[0m.
[   15.179211] systemd[1]: Mounting Huge Pages File System...
         Mounting [0;1;39mHuge Pages File System[0m...
[   15.211221] systemd[1]: Mounting POSIX Message Queue File System...
         Mounting [0;1;39mPOSIX Message Queue File System[0m...
[   15.243144] systemd[1]: Mounting Kernel Debug File System...
         Mounting [0;1;39mKernel Debug File System[0m...
[   15.278639] systemd[1]: Mounting Temporary Directory (/tmp)...
         Mounting [0;1;39mTemporary Directory (/tmp)[0m...
[   15.312156] systemd[1]: Starting Create list of static device nodes for the current kernel...
[   15.321853] random: crng init done
[   15.330259] random: 20 urandom warning(s) missed due to ratelimiting
         Starting [0;1;39mCreate list of st…odes for the current kernel[0m...
[   15.363043] systemd[1]: Starting Start psplash boot splash screen...
         Starting [0;1;39mStart psplash boot splash screen[0m...
[   15.398300] systemd[1]: Starting RPC Bind...
         Starting [0;1;39mRPC Bind[0m...
[   15.426648] systemd[1]: Condition check resulted in File System Check on Root Device being skipped.
[   15.442574] systemd[1]: Starting Journal Service...
         Starting [0;1;39mJournal Service[0m...
[   15.459178] systemd-journald[355]: Configuration file /etc/systemd/journald.conf is marked executable. Please remove executable permission bits. Proceeding anyway.
[   15.475650] systemd-journald[355]: Configuration file /lib/systemd/journald.conf.d/00-systemd-conf.conf is marked executable. Please remove executable permission bits. Proceeding anyway.
[   15.482316] systemd[1]: Starting Load Kernel Modules...
         Starting [0;1;39mLoad Kernel Modules[0m...
[   15.515553] systemd[1]: Starting Remount Root and Kernel File Systems...
         Starting [0;1;39mRemount Root and Kernel File Systems[0m...
[   15.542180] systemd[1]: Starting udev Coldplug all Devices...
         Starting [0;1;39mudev Coldplug all Devices[0m...
[   15.565229] systemd[1]: Started Start psplash boot splash screen.
[[0;32m  OK  [0m] Started [0;1;39mStart psplash boot splash screen[0m.
[   15.590283] systemd[1]: Started RPC Bind.
[[0;32m  OK  [0m] Started [0;1;39mRPC Bind[0m.
[   15.614316] systemd[1]: Started Journal Service.
[[0;32m  OK  [0m] Started [0;1;39mJournal Service[0m.
[[0;32m  OK  [0m] Mounted [0;1;39mHuge Pages File System[0m.
[[0;32m  OK  [0m] Mounted [0;1;39mPOSIX Message Queue File System[0m.
[[0;32m  OK  [0m] Mounted [0;1;39mKernel Debug File System[0m.
[[0;32m  OK  [0m] Mounted [0;1;39mTemporary Directory (/tmp)[0m.
[[0;32m  OK  [0m] Started [0;1;39mCreate list of sta… nodes for the current kernel[0m.
[[0;32m  OK  [0m] Started [0;1;39mLoad Kernel Modules[0m.
[[0;32m  OK  [0m] Started [0;1;39mRemount Root and Kernel File Systems[0m.
         Mounting [0;1;39mKernel Configuration File System[0m...
[[0;32m  OK  [0m] Started [0;1;39mStart psplash-syst…progress communication helper[0m.
         Starting [0;1;39mFlush Journal to Persistent Storage[0m...
         Starting [0;1;39mApply[   15.845960] systemd-journald[355]: Received client request to flush runtime journal.
 Kernel Variables[0m...
         Starting [0;1;39mCreate Static Device Nodes in /dev[0m...
[[0;32m  OK  [0m] Mounted [0;1;39mKernel Configuration File System[0m.
[[0;32m  OK  [0m] Started [0;1;39mFlush Journal to Persistent Storage[0m.
[[0;32m  OK  [0m] Started [0;1;39mApply Kernel Variables[0m.
[[0;32m  OK  [0m] Started [0;1;39mCreate Static Device Nodes in /dev[0m.
[[0;32m  OK  [0m] Reached target [0;1;39mLocal File Systems (Pre)[0m.
         Mounting [0;1;39m/var/volatile[0m...
         Starting [0;1;39mudev Kernel Device Manager[0m...
[[0;32m  OK  [0m] Started [0;1;39mudev Coldplug all Devices[0m.
[[0;32m  OK  [0m] Mounted [0;1;39m/var/volatile[0m.
         Starting [0;1;39mLoad/Save Random Seed[0m...
[[0;32m  OK  [0m] Reached target [0;1;39mLocal File Systems[0m.
         Starting [0;1;39mCreate Volatile Files and Directories[0m...
[[0;32m  OK  [0m] Started [0;1;39mudev Kernel Device Manager[0m.
[[0;32m  OK  [0m] Started [0;1;39mLoad/Save Random Seed[0m.
         Starting [0;1;39mNetwork Service[0m...
[[0;32m  OK  [0m] Started [0;1;39mCreate Volatile Files and Directories[0m.
         Starting [0;1;39mNetwork Time Synchronization[0m...
         Starting [0;1;39mUpdate UTMP about System Boot/Shutdown[0m...
[[0;32m  OK  [0m] Started [0;1;39mNetwork Service[0m.
         Starting [0;1;39mNetwork Name Resolution[0m...
[[0;32m  OK  [0m] Started [0;1;39mUpdate UTMP about System Boot/Shutdown[0m.
[[0;32m  OK  [0m] Started [0;1;39mNetwork Time Synchronization[0m.
[[0;32m  OK  [0m] Reac[   16.419639] pwm-backlight: probe of backlight failed with error -16
hed target [0;1;39mSystem Initialization[0m.
[   16.436127] at24 7-0050: supply vcc not found, using dummy regulator
[   16.443050] at24 7-0050: 128 byte br24t01 EEPROM, writable, 8 bytes/write
[[0;32m  OK  [0m] Started [0;1;39mDaily Cleanup of Temporary Directories[0m.
[[0;32m  OK  [0m] Reached target [0;1;39mSystem Time Set[0m.
[[0;32m  OK  [0m] Reached target [0;1;39mSystem Time Synchronized[0m.
[[0;32m  OK  [0m] Reached target [0;1;39mTimers[0m.
[[0;32m  OK  [0m] Listening on [0;1;39mAvahi mDNS/DNS-SD Stack Activation Socket[0m.
[[0;32m  OK  [0m] Listening on [0;1;39mD-Bus System Message Bus Socket[0m.
[[0;32m  OK  [0m] Listening on [0;1;39mdropbear.socket[0m.
[[0;32m  OK  [0m] Reached target [0;1;39mSockets[0m.
[[0;32m  OK  [0m] Reached target [0;1;39mBasic System[0m.
[   16.602742] ccree e6601000.crypto: ARM CryptoCell 630P Driver: HW version 0xAF400001/0xDCC63000, Driver version 5.0
[   16.619213] renesas_usb3 ee020000.usb: probed with phy
[   16.624812] ccree e6601000.crypto: ARM ccree device initialized
[[0;32m  OK  [0m] Started [0;1;39mD-Bus System Message Bus[0m.
[[0;32m  OK  [0m] Started [0;1;39moptee services[0m.
         Starting [0;1;39mpvrinit.service[0m...
         Starting [0;1;39mPowerVR consumer services[0m...
         Starting [0;1;39mLogin Service[0m...
[[0;32m  OK  [0m] Started [0;1;39mNetwork Name Resolution[0m.
[[0;1;31mFAILED[0m] Failed to start [0;1;39mpvrinit.service[0m.
See 'systemctl status pvrinit.service' for details.
[[0;1;31mFAILED[0m] Failed to start [0;1;39mPowerVR consumer services[0m.
See 'systemctl status rc.pvr.service' for details.
[[0;1;38;5;185mDEPEND[0m] Dependency failed for [0;1;39mWeston Wayland Compositor[0m.
[[0;32m  OK  [0m] Started [0;1;39mLogin Service[0m.
[[0;32m  OK  [0m] Created slice [0;1;39msystem-weston.slice[0m.
[[0;32m  OK  [0m] Reached target [0;1;39mNetwork[0m.
[[0;32m  OK  [0m] Reached target [0;1;39mHost and Network Name Lookups[0m.
[[0;32m  OK  [0m] Reached target [0;1;39mHardware activated USB gadget[0m.
         Starting [0;1;39mAvahi mDNS/DNS-SD Stack[0m...
         Starting [0;1;39mset_default_governor.service[0m...
         Starting [0;1;39mPermit User Sessions[0m...
[[0;32m  OK  [0m] Started [0;1;39mXinetd A Powerful Replacement For Inetd[0m.
[[0;32m  OK  [[   17.183054] rd 0-7: Disabling EAS, schedutil is mandatory
0m] Started [0;1;39mPermit User Sessions[0m.
[[0;32m  OK  [0m] Started [0;1;39mAvahi mDNS/DNS-SD Stack[0m.
[[0;32m  OK  [0m] Started [0;1;39mset_default_governor.service[0m.
[[0;32m  OK  [0m] Started [0;1;39mGetty on tty1[0m.
[[0;32m  OK  [0m] Started [0;1;39mSerial Getty on ttySC0[0m.
[[0;32m  OK  [0m] Reached target [0;1;39mLogin Prompts[0m.
[[0;32m  OK  [0m] Reached target [0;1;39mMulti-User System[0m.
         Starting [0;1;39mUpdate UTMP about System Runlevel Changes[0m...
[[0;32m  OK  [0m] Started [0;1;39mUpdate UTMP about System Runlevel Changes[0m.

Poky (Yocto Project Reference Distro) 3.1.11 salvator-x ttySC0

salvator-x login: 
salvator-x login: root
[   19.284637] audit: type=1006 audit(1708653591.219:2): pid=528 uid=0 old-auid=4294967295 auid=0 tty=(none) old-ses=4294967295 ses=1 res=1
7[r[999;999H[6n8root@salvator-x:~# 
root@salvator-x:~# 
root@salvator-x:~# 
root@salvator-x:~# 
root@salvator-x:~# 
root@salvator-x:~# 
root@salvator-x:~# 
root@salvator-x:~# 
root@salvator-x:~# 
----------Prepare----------


root@salvator-x:~# find /sys/devices/platform/soc/ee0a0100.usb/ -name 'sd*'
/sys/devices/platform/soc/ee0a0100.usb/usb1/1-1/1-1:1.0/host1/target1:0:0/1:0:0:0/block/sda
/sys/devices/platform/soc/ee0a0100.usb/usb1/1-1/1-1:1.0/host1/target1:0:0/1:0:0:0/block/sda/sda1
root@salvator-x:~# 
root@salvator-x:~# dd if=/dev/urandom of=testdata bs=10M count=5
5+0 records in
5+0 records out
52428800 bytes (52 MB, 50 MiB) copied, 1.46104 s, 35.9 MB/s
root@salvator-x:~# 
root@salvator-x:~# mkdir -p /mnt/usb
root@salvator-x:~# 
root@salvator-x:~# mount /dev/sda1 /mnt/usb
[   31.631163] EXT4-fs (sda1): recovery complete
[   31.636672] EXT4-fs (sda1): mounted filesystem with ordered data mode. Opts: (null)
root@salvator-x:~# 
root@salvator-x:~# cp testdata /mnt/usb/
root@salvator-x:~# 
root@salvator-x:~# umount /mnt/usb
root@salvator-x:~# 
root@salvator-x:~# find /sys/devices/platform/soc/ee0a0100.usb/ -name 'sd*'
/sys/devices/platform/soc/ee0a0100.usb/usb1/1-1/1-1:1.0/host1/target1:0:0/1:0:0:0/block/sda
/sys/devices/platform/soc/ee0a0100.usb/usb1/1-1/1-1:1.0/host1/target1:0:0/1:0:0:0/block/sda/sda1
root@salvator-x:~# 
root@salvator-x:~# i2cset -f -y 7 0x30 0x20 0x0f
root@salvator-x:~# 

Switch SW23 off and input 'yes' to continue:
Input 'yes' to continue: 
[   41.949974] SDHI0 VccQ: disabling
[   41.953362] SDHI3 VccQ: disabling

root@salvator-x:~# echo N > /sys/module/printk/parameters/console_suspend
root@salvator-x:~# 
root@salvator-x:~# mount /dev/sda1 /mnt/usb
[   49.427919] EXT4-fs (sda1): mounted filesystem with ordered data mode. Opts: (null)
root@salvator-x:~# 
root@salvator-x:~# cp testdata /mnt/usb/testdata_from_nfs &
[1] 553
root@salvator-x:~# 
root@salvator-x:~# echo mem > /sys/power/state
[   50.830172] PM: suspend entry (deep)
[   56.557033] Filesystems sync: 5.723 seconds
[   56.563646] Freezing user space processes ... (elapsed 0.002 seconds) done.
[   56.565735] OOM killer disabled.
[   56.565738] Freezing remaining freezable tasks ... (elapsed 0.002 seconds) done.
[   57.004522] ravb e6800000.ethernet eth0: Link is Down
[   57.019603] Disabling non-boot CPUs ...
[   57.024068] CPU1: shutdown
[   57.026791] psci: CPU1 killed (polled 0 ms)
[   57.032756] CPU2: shutdown
[   57.035483] psci: CPU2 killed (polled 0 ms)
[   57.041199] CPU3: shutdown
[   57.043924] psci: CPU3 killed (polled 0 ms)
[   57.049744] CPU4: shutdown
[   57.052474] psci: CPU4 killed (polled 0 ms)
[   57.058144] CPU5: shutdown
[   57.060855] psci: CPU5 killed (polled 0 ms)
[   57.066437] CPU6: shutdown
[   57.069146] psci: CPU6 killed (polled 0 ms)
[   57.074791] CPU7: shutdown
[   57.077501] psci: CPU7 killed (polled 0 ms)
 
Pull out USB device at CN10L


Press any button to continue


 Switch power switch: 

NOTICE:  BL2: R-Car Gen3 Initial Program Loader(CA57) Rev.4.0.0
NOTICE:  BL2: PRR is R-Car H3 Ver.3.0
NOTICE:  BL2: Board is Salvator-XS Rev.1.0
NOTICE:  BL2: Boot device is HyperFlash(160MHz)
NOTICE:  BL2: LCM state is CM
NOTICE:  AVS setting succeeded. DVFS_SetVID=0x53
NOTICE:  BL2: DDR3200(rev.0.42)
NOTICE:  BL2: [WARM_BOOT]
NOTICE:  BL2: DRAM Split is 4ch(DDR f)
NOTICE:  BL2: QoS is default setting(rev.0.11)
NOTICE:  BL2: DRAM refresh interval 1.95 usec
NOTICE:  BL2: Periodic Write DQ Training
NOTICE:  BL2: CH0: 400000000 - 47fffffff, 2 GiB
NOTICE:  BL2: CH1: 500000000 - 57fffffff, 2 GiB
NOTICE:  BL2: CH2: 600000000 - 67fffffff, 2 GiB
NOTICE:  BL2: CH3: 700000000 - 77fffffff, 2 GiB
NOTICE:  BL2: Lossy Decomp areas
NOTICE:       Entry 0: DCMPAREACRAx:0x80000540 DCMPAREACRBx:0x570
NOTICE:       Entry 1: DCMPAREACRAx:0x40000000 DCMPAREACRBx:0x0
NOTICE:       Entry 2: DCMPAREACRAx:0x20000000 DCMPAREACRBx:0x0
NOTICE:  BL2: FDT at 0xe6327f70
NOTICE:  BL2: v2.9(release):9cdb21f75
NOTICE:  BL2: Built : 05:25:39, Dec 19 2023
NOTICE:  BL2: Normal boot
[   57.082780] Enabling non-boot CPUs ...
[   57.086813] Detected PIPT I-cache on CPU1
[   57.086866] CPU1: Booted secondary processor 0x0000000001 [0x411fd073]
[   57.087356] CPU1 is up
[   57.100405] Detected PIPT I-cache on CPU2
[   57.100426] CPU2: Booted secondary processor 0x0000000002 [0x411fd073]
[   57.100700] CPU2 is up
[   57.113712] Detected PIPT I-cache on CPU3
[   57.113735] CPU3: Booted secondary processor 0x0000000003 [0x411fd073]
[   57.114039] CPU3 is up
[   57.127101] Detected VIPT I-cache on CPU4
[   57.127154] CPU4: Booted secondary processor 0x0000000100 [0x410fd034]
[   57.128058] CPU4 is up
[   57.141068] Detected VIPT I-cache on CPU5
[   57.141101] CPU5: Booted secondary processor 0x0000000101 [0x410fd034]
[   57.141680] CPU5 is up
[   57.154686] Detected VIPT I-cache on CPU6
[   57.154719] CPU6: Booted secondary processor 0x0000000102 [0x410fd034]
[   57.155361] CPU6 is up
[   57.168362] Detected VIPT I-cache on CPU7
[   57.168395] CPU7: Booted secondary processor 0x0000000103 [0x410fd034]
[   57.169043] CPU7 is up
[   57.242005] xhci-hcd ee000000.usb: xHC error in resume, USBSTS 0x401, Reinit
[   57.249037] usb usb7: root hub lost power or was reset
[   57.254156] usb usb8: root hub lost power or was reset
[   57.332746] Micrel KSZ9031 Gigabit PHY e6800000.ethernet-ffffffff:00: attached PHY driver [Micrel KSZ9031 Gigabit PHY] (mii_bus:phy_addr=e6800000.ethernet-ffffffff:00, irq=183)
[   57.443888] usb usb4: root hub lost power or was reset
[   57.449164] usb usb1: root hub lost power or was reset
[   57.535894] usb usb5: root hub lost power or was reset
[   57.541177] usb usb2: root hub lost power or was reset
[   57.627910] usb usb6: root hub lost power or was reset
[   57.633185] usb usb3: root hub lost power or was reset
[   57.751799] usb usb10: root hub lost power or was reset
[   57.757156] usb usb9: root hub lost power or was reset
[   57.769795] ata1: link resume succeeded after 1 retries
[   57.881318] ata1: SATA link down (SStatus 0 SControl 300)
[   60.314008] OOM killer enabled.
[   60.317852] Restarting tasks ... 
[   60.317987] usb 1-1: USB disconnect, device number 2
[   60.319042] done.
[1]+  Done                    cp testdata /mnt/usb/testdata_from_nfs
[   60.330520] PM: suspend exit
[   60.333849] blk_update_request: I/O error, dev sda, sector 4221184 op 0x1:(WRITE) flags 0x4000 phys_seg 30 prio class 0
[   60.333897] blk_update_request: I/O error, dev sda, sector 4221424 op 0x1:(WRITE) flags 0x4000 phys_seg 30 prio class 0
[   60.333935] blk_update_request: I/O error, dev sda, sector 4221664 op 0x1:(WRITE) flags 0x4000 phys_seg 30 prio class 0
[   60.333949] blk_update_request: I/O error, dev sda, sector 4221904 op 0x1:(WRITE) flags 0x4000 phys_seg 30 prio class 0
[   60.333974] blk_update_request: I/O error, dev sda, sector 4222144 op 0x1:(WRITE) flags 0x4000 phys_seg 30 prio class 0
root@salvator-x:[   60.333982] blk_update_request: I/O error, dev sda, sector 4222384 op 0x1:(WRITE) flags 0x4000 phys_seg 30 prio class 0
~# [   60.334006] blk_update_request: I/O error, dev sda, sector 4222624 op 0x1:(WRITE) flags 0x4000 phys_seg 30 prio class 0
[   60.334014] blk_update_request: I/O error, dev sda, sector 4222864 op 0x1:(WRITE) flags 0x4000 phys_seg 30 prio class 0
[   60.334054] blk_update_request: I/O error, dev sda, sector 4223104 op 0x1:(WRITE) flags 0x0 phys_seg 16 prio class 0
[   60.334064] blk_update_request: I/O error, dev sda, sector 4223232 op 0x1:(WRITE) flags 0x4800 phys_seg 30 prio class 0
[   60.334283] Aborting journal on device sda1-8.
[   60.334303] Buffer I/O error on dev sda1, logical block 7372800, lost sync page write
[   60.334313] JBD2: Error -5 detected when updating journal superblock for sda1-8.
[   66.043353] ravb e6800000.ethernet eth0: Link is Up - 1Gbps/Full - flow control off

root@salvator-x:~# echo "Wake up sucessfully"
Wake up sucessfully
root@salvator-x:~# 
Plug in USB device at CN10L


Press any button to continue

[   78.869809] usb 1-1: new high-speed USB device number 3 using ehci-platform
[   79.031634] usb-storage 1-1:1.0: USB Mass Storage device detected
[   79.038442] scsi host2: usb-storage 1-1:1.0
[   80.063065] scsi 2:0:0:0: Direct-Access     SanDisk  Ultra            1.00 PQ: 0 ANSI: 6
[   80.072567] sd 2:0:0:0: [sdb] 121307136 512-byte logical blocks: (62.1 GB/57.8 GiB)
[   80.081620] sd 2:0:0:0: [sdb] Write Protect is off
[   80.087356] sd 2:0:0:0: [sdb] Write cache: disabled, read cache: enabled, doesn't support DPO or FUA
[   80.132029]  sdb: sdb1
[   80.138493] sd 2:0:0:0: [sdb] Attached SCSI removable disk

root@salvator-x:~# find /sys/devices/platform/soc/ee0a0100.usb/ -name 'sd*'
/sys/devices/platform/soc/ee0a0100.usb/usb1/1-1/1-1:1.0/host2/target2:0:0/2:0:0:0/block/sdb
/sys/devices/platform/soc/ee0a0100.usb/usb1/1-1/1-1:1.0/host2/target2:0:0/2:0:0:0/block/sdb/sdb1
root@salvator-x:~# 
root@salvator-x:~# wait
root@salvator-x:~# 
root@salvator-x:~# mount /dev/sdb1 /mnt/usb
[   84.932935] EXT4-fs (sdb1): recovery complete
[   84.978853] EXT4-fs (sdb1): mounted filesystem with ordered data mode. Opts: (null)
root@salvator-x:~# 
root@salvator-x:~# sync
root@salvator-x:~# 
root@salvator-x:~# cmp testdata /mnt/usb/testdata_from_nfs
root@salvator-x:~# 
root@salvator-x:~# umount /mnt/usb
root@salvator-x:~# 
 
#### Result: OK ####
