

----------Item 4----------


Please press switch to restart board 

[F 00:00:120
[F 00:00:119
[F 00:00:118
[F 00:00:117
NOTICE:  BL2: R-Car Gen3 Initial Program Loader(CA57) Rev.4.0.0
NOTICE:  BL2: PRR is R-Car H3 Ver.3.0
NOTICE:  BL2: Board is Salvator-XS Rev.1.0
NOTICE:  BL2: Boot device is HyperFlash(160MHz)
NOTICE:  BL2: LCM state is CM
NOTICE:  AVS setting succeeded. DVFS_SetVID=0x53
NOTICE:  BL2: DDR3200(rev.0.42)
NOTICE:  BL2: [COLD_BOOT]
NOTICE:  BL2: DRAM Split is 4ch(DDR f)
NOTICE:  BL2: QoS is default setting(rev.0.11)
NOTICE:  BL2: DRAM refresh interval 1.95 usec
NOTICE:  BL2: Periodic Write DQ Training
NOTICE:  BL2: CH0: 400000000 - 47fffffff, 2 GiB
NOTICE:  BL2: CH1: 500000000 - 57fffffff, 2 GiB
NOTICE:  BL2: CH2: 600000000 - 67fffffff, 2 GiB
NOTICE:  BL2: CH3: 700000000 - 77fffffff, 2 GiB
NOTICE:  BL2: Lossy Decomp areas
NOTICE:       Entry 0: DCMPAREACRAx:0x80000540 DCMPAREACRBx:0x570
NOTICE:       Entry 1: DCMPAREACRAx:0x40000000 DCMPAREACRBx:0x0
NOTICE:       Entry 2: DCMPAREACRAx:0x20000000 DCMPAREACRBx:0x0
NOTICE:  BL2: FDT at 0xe6327f70
NOTICE:  BL2: v2.9(release):9cdb21f75
NOTICE:  BL2: Built : 05:25:39, Dec 19 2023
NOTICE:  BL2: Normal boot
NOTICE:  BL2: dst=0xe6327800 src=0x8180000 len=512(0x200)
NOTICE:  BL2: dst=0x43f00000 src=0x8180400 len=6144(0x1800)
NOTICE:  rcar_file_len: len: 0x0003e000
NOTICE:  BL2: dst=0x44000000 src=0x81c0000 len=253952(0x3e000)
NOTICE:  rcar_file_len: len: 0x00200000
NOTICE:  BL2: dst=0x44100000 src=0x8200000 len=2097152(0x200000)
NOTICE:  rcar_file_len: len: 0x00100000
NOTICE:  BL2: dst=0x50000000 src=0x8640000 len=1048576(0x100000)
NOTICE:  BL2: Booting BL31


U-Boot 2020.10 (Dec 19 2023 - 14:30:40 +0000)

CPU: Renesas Electronics R8A7795 rev 3.0
Model: Renesas Salvator-X 2nd version board based on r8a77951
DRAM:  7.9 GiB
RAM Configuration:
Bank #0: 0x048000000 - 0x0bfffffff, 1.9 GiB
Bank #1: 0x500000000 - 0x57fffffff, 2 GiB
Bank #2: 0x600000000 - 0x67fffffff, 2 GiB
Bank #3: 0x700000000 - 0x77fffffff, 2 GiB

MMC:   sd@ee100000: 0, sd@ee140000: 1, sd@ee160000: 2
Loading Environment from MMC... OK
In:    serial@e6e88000
Out:   serial@e6e88000
Err:   serial@e6e88000
Net:   eth0: ethernet@e6800000
Hit any key to stop autoboot:  2  1  0 
ethernet@e6800000 Waiting for PHY auto negotiation to complete.......... done
Using ethernet@e6800000 device
TFTP from server 192.168.10.99; our IP address is 192.168.10.167
Filename 'traivo/H3/rootfs/boot_USB2H/Image'.
Load address: 0x48080000
Loading: *#################################################################
	 #################################################################
	 #################################################################
	 #################################################################
	 #################################################################
	 #################################################################
	 #################################################################
	 #################################################################
	 #################################################################
	 #################################################################
	 #################################################################
	 #############################T ####################################
	 #################################################################
	 #################################################################
	 #################################################################
	 #################################################################
	 #################################################################
	 #################################################################
	 #################################################################
	 #################################################################
	 #################################################################
	 #################################################################
	 #################################################################
	 #################################################################
	 #################################################################
	 #################################################################
	 #################################################################
	 #################################################################
	 #################################################################
	 #################################################################
	 #################################################################
	 #################################################################
	 #################################################################
	 #################################################################
	 ################################################################
	 2.6 MiB/s
done
Bytes transferred = 33376768 (1fd4a00 hex)
Using ethernet@e6800000 device
TFTP from server 192.168.10.99; our IP address is 192.168.10.167
Filename 'traivo/H3/rootfs/boot_USB2H/r8a77951-salvator-xs.dtb'.
Load address: 0x48000000
Loading: *#######
	 8.7 MiB/s
done
Bytes transferred = 90876 (162fc hex)
Moving Image from 0x48080000 to 0x48200000, end=4a260000
## Flattened Device Tree blob at 48000000
   Booting using the fdt blob at 0x48000000
   Loading Device Tree to 0000000053fe6000, end 0000000053fff2fb ... OK

Starting kernel ...

[    0.000000] Booting Linux on physical CPU 0x0000000000 [0x411fd073]
[    0.000000] Linux version 5.10.194-yocto-standard (thuan.nguyen-hong@banvien) (aarch64-poky-linux-gcc (GCC) 9.3.0, GNU ld (GNU Binutils) 2.34.0.20200220) #10 SMP PREEMPT Mon Feb 19 03:51:05 UTC 2024
[    0.000000] Machine model: Renesas Salvator-X 2nd version board based on r8a77951
[    0.000000] efi: UEFI not found.
[    0.000000] Reserved memory: created CMA memory pool at 0x0000000057000000, size 16 MiB
[    0.000000] OF: reserved mem: initialized node linux,adsp@57000000, compatible id shared-dma-pool
[    0.000000] Reserved memory: created CMA memory pool at 0x0000000058000000, size 384 MiB
[    0.000000] OF: reserved mem: initialized node linux,cma@58000000, compatible id shared-dma-pool
[    0.000000] Reserved memory: created CMA memory pool at 0x0000000070000000, size 256 MiB
[    0.000000] OF: reserved mem: initialized node linux,multimedia@70000000, compatible id shared-dma-pool
[    0.000000] NUMA: No NUMA configuration found
[    0.000000] NUMA: Faking a node at [mem 0x0000000048000000-0x000000077fffffff]
[    0.000000] NUMA: NODE_DATA [mem 0x77efdab00-0x77efdcfff]
[    0.000000] Zone ranges:
[    0.000000]   DMA      [mem 0x0000000048000000-0x000000007fffffff]
[    0.000000]   DMA32    [mem 0x0000000080000000-0x00000000ffffffff]
[    0.000000]   Normal   [mem 0x0000000100000000-0x000000077fffffff]
[    0.000000] Movable zone start for each node
[    0.000000] Early memory node ranges
[    0.000000]   node   0: [mem 0x0000000048000000-0x0000000053ffffff]
[    0.000000]   node   0: [mem 0x0000000054000000-0x0000000056ffffff]
[    0.000000]   node   0: [mem 0x0000000057000000-0x00000000bfffffff]
[    0.000000]   node   0: [mem 0x0000000500000000-0x000000057fffffff]
[    0.000000]   node   0: [mem 0x0000000600000000-0x000000067fffffff]
[    0.000000]   node   0: [mem 0x0000000700000000-0x000000077fffffff]
[    0.000000] Initmem setup node 0 [mem 0x0000000048000000-0x000000077fffffff]
[    0.000000] psci: probing for conduit method from DT.
[    0.000000] psci: PSCIv1.1 detected in firmware.
[    0.000000] psci: Using standard PSCI v0.2 function IDs
[    0.000000] psci: Trusted OS resident on physical CPU 0x0
[    0.000000] psci: SMC Calling Convention v1.2
[    0.000000] percpu: Embedded 23 pages/cpu s56984 r8192 d29032 u94208
[    0.000000] Detected PIPT I-cache on CPU0
[    0.000000] CPU features: detected: EL2 vector hardening
[    0.000000] CPU features: detected: Spectre-v2
[    0.000000] CPU features: detected: ARM errata 1165522, 1319367, or 1530923
[    0.000000] CPU features: detected: Spectre-BHB
[    0.000000] CPU features: detected: ARM erratum 1742098
[    0.000000] Built 1 zonelists, mobility grouping on.  Total pages: 2032128
[    0.000000] Policy zone: Normal
[    0.000000] Kernel command line: rw root=/dev/nfs nfsroot=192.168.10.99:/data/tftpboot/traivo/H3/rootfs,nfsvers=4, ip=192.168.10.167
[    0.000000] Dentry cache hash table entries: 1048576 (order: 11, 8388608 bytes, linear)
[    0.000000] Inode-cache hash table entries: 524288 (order: 10, 4194304 bytes, linear)
[    0.000000] mem auto-init: stack:off, heap alloc:off, heap free:off
[    0.000000] software IO TLB: mapped [mem 0x000000004ffe6000-0x0000000053fe6000] (64MB)
[    0.000000] Memory: 7276840K/8257536K available (15232K kernel code, 2834K rwdata, 8240K rodata, 6144K init, 517K bss, 308952K reserved, 671744K cma-reserved)
[    0.000000] SLUB: HWalign=64, Order=0-3, MinObjects=0, CPUs=8, Nodes=1
[    0.000000] rcu: Preemptible hierarchical RCU implementation.
[    0.000000] rcu: 	RCU event tracing is enabled.
[    0.000000] rcu: 	RCU restricting CPUs from NR_CPUS=256 to nr_cpu_ids=8.
[    0.000000] 	Trampoline variant of Tasks RCU enabled.
[    0.000000] rcu: RCU calculated value of scheduler-enlistment delay is 25 jiffies.
[    0.000000] rcu: Adjusting geometry for rcu_fanout_leaf=16, nr_cpu_ids=8
[    0.000000] NR_IRQS: 64, nr_irqs: 64, preallocated irqs: 0
[    0.000000] arch_timer: cp15 timer(s) running at 8.32MHz (virt).
[    0.000000] clocksource: arch_sys_counter: mask: 0xffffffffffffff max_cycles: 0x1eb398c07, max_idle_ns: 440795202503 ns
[    0.000003] sched_clock: 56 bits at 8MHz, resolution 120ns, wraps every 2199023255503ns
[    0.000207] Console: colour dummy device 80x25
[    0.000414] printk: console [tty0] enabled
[    0.000487] Calibrating delay loop (skipped), value calculated using timer frequency.. 16.64 BogoMIPS (lpj=33280)
[    0.000502] pid_max: default: 32768 minimum: 301
[    0.000562] LSM: Security Framework initializing
[    0.000650] Mount-cache hash table entries: 16384 (order: 5, 131072 bytes, linear)
[    0.000701] Mountpoint-cache hash table entries: 16384 (order: 5, 131072 bytes, linear)
[    0.002148] rcu: Hierarchical SRCU implementation.
[    0.003743] Detected Renesas R-Car Gen3 r8a7795 ES3.0
[    0.005873] EFI services will not be available.
[    0.006215] smp: Bringing up secondary CPUs ...
[    0.006675] Detected PIPT I-cache on CPU1
[    0.006724] CPU1: Booted secondary processor 0x0000000001 [0x411fd073]
[    0.007214] Detected PIPT I-cache on CPU2
[    0.007239] CPU2: Booted secondary processor 0x0000000002 [0x411fd073]
[    0.007659] Detected PIPT I-cache on CPU3
[    0.007681] CPU3: Booted secondary processor 0x0000000003 [0x411fd073]
[    0.008147] CPU features: detected: ARM erratum 845719
[    0.008161] Detected VIPT I-cache on CPU4
[    0.008208] CPU4: Booted secondary processor 0x0000000100 [0x410fd034]
[    0.008690] Detected VIPT I-cache on CPU5
[    0.008716] CPU5: Booted secondary processor 0x0000000101 [0x410fd034]
[    0.009156] Detected VIPT I-cache on CPU6
[    0.009183] CPU6: Booted secondary processor 0x0000000102 [0x410fd034]
[    0.009617] Detected VIPT I-cache on CPU7
[    0.009645] CPU7: Booted secondary processor 0x0000000103 [0x410fd034]
[    0.009723] smp: Brought up 1 node, 8 CPUs
[    0.009784] SMP: Total of 8 processors activated.
[    0.009792] CPU features: detected: 32-bit EL0 Support
[    0.009799] CPU features: detected: CRC32 instructions
[    0.009806] CPU features: detected: 32-bit EL1 Support
[    0.023017] CPU: All CPU(s) started at EL1
[    0.023071] alternatives: patching kernel code
[    0.024235] devtmpfs: initialized
[    0.031026] KASLR disabled due to lack of seed
[    0.031174] clocksource: jiffies: mask: 0xffffffff max_cycles: 0xffffffff, max_idle_ns: 7645041785100000 ns
[    0.031194] futex hash table entries: 2048 (order: 5, 131072 bytes, linear)
[    0.039848] pinctrl core: initialized pinctrl subsystem
[    0.041318] DMI not present or invalid.
[    0.041817] NET: Registered protocol family 16
[    0.042789] DMA: preallocated 1024 KiB GFP_KERNEL pool for atomic allocations
[    0.042985] DMA: preallocated 1024 KiB GFP_KERNEL|GFP_DMA pool for atomic allocations
[    0.043279] DMA: preallocated 1024 KiB GFP_KERNEL|GFP_DMA32 pool for atomic allocations
[    0.043319] audit: initializing netlink subsys (disabled)
[    0.043501] audit: type=2000 audit(0.040:1): state=initialized audit_enabled=0 res=1
[    0.044662] thermal_sys: Registered thermal governor 'power_allocator'
[    0.045181] cpuidle: using governor menu
[    0.045354] hw-breakpoint: found 6 breakpoint and 4 watchpoint registers.
[    0.045478] ASID allocator initialised with 65536 entries
[    0.046776] Serial: AMBA PL011 UART driver
[    0.089600] sh-pfc e6060000.pinctrl: r8a77951_pfc support registered
[    0.104294] HugeTLB registered 1.00 GiB page size, pre-allocated 0 pages
[    0.104308] HugeTLB registered 32.0 MiB page size, pre-allocated 0 pages
[    0.104315] HugeTLB registered 2.00 MiB page size, pre-allocated 0 pages
[    0.104322] HugeTLB registered 64.0 KiB page size, pre-allocated 0 pages
[    0.105290] cryptd: max_cpu_qlen set to 1000
[    0.107542] ACPI: Interpreter disabled.
[    0.111349] rcar-avs: use avs value: 0
[    0.111364] rcar-avs: cpu@0 is running with: opp_table0
[    0.111374] rcar-avs: cpu@1 is running with: opp_table0
[    0.111394] rcar-avs: cpu@2 is running with: opp_table0
[    0.111403] rcar-avs: cpu@3 is running with: opp_table0
[    0.111490] rcar-avs: gsx@fd000000 is running with: gsx_opp_table0
[    0.112891] iommu: Default domain type: Translated 
[    0.113456] ipmmu-vmsa e67b0000.iommu: IPMMU context 0 is reserved
[    0.114442] vgaarb: loaded
[    0.114630] SCSI subsystem initialized
[    0.114887] usbcore: registered new interface driver usbfs
[    0.114919] usbcore: registered new interface driver hub
[    0.114944] usbcore: registered new device driver usb
[    0.118480] i2c-sh_mobile e60b0000.i2c: I2C adapter 7, bus speed 400000 Hz
[    0.119018] mc: Linux media interface: v0.10
[    0.119042] videodev: Linux video capture interface: v2.00
[    0.119089] pps_core: LinuxPPS API ver. 1 registered
[    0.119096] pps_core: Software ver. 5.3.6 - Copyright 2005-2007 Rodolfo Giometti <giometti@linux.it>
[    0.119110] PTP clock support registered
[    0.119279] EDAC MC: Ver: 3.0.0
[    0.121461] FPGA manager framework
[    0.121521] Advanced Linux Sound Architecture Driver Initialized.
[    0.122086] clocksource: Switched to clocksource arch_sys_counter
[    0.122215] VFS: Disk quotas dquot_6.6.0
[    0.122255] VFS: Dquot-cache hash table entries: 512 (order 0, 4096 bytes)
[    0.122383] pnp: PnP ACPI: disabled
[    0.125856] NET: Registered protocol family 2
[    0.126285] IP idents hash table entries: 131072 (order: 8, 1048576 bytes, linear)
[    0.128538] tcp_listen_portaddr_hash hash table entries: 4096 (order: 4, 65536 bytes, linear)
[    0.128613] TCP established hash table entries: 65536 (order: 7, 524288 bytes, linear)
[    0.128899] TCP bind hash table entries: 65536 (order: 8, 1048576 bytes, linear)
[    0.129481] TCP: Hash tables configured (established 65536 bind 65536)
[    0.129605] UDP hash table entries: 4096 (order: 5, 131072 bytes, linear)
[    0.129718] UDP-Lite hash table entries: 4096 (order: 5, 131072 bytes, linear)
[    0.129936] NET: Registered protocol family 1
[    0.130312] RPC: Registered named UNIX socket transport module.
[    0.130322] RPC: Registered udp transport module.
[    0.130328] RPC: Registered tcp transport module.
[    0.130334] RPC: Registered tcp NFSv4.1 backchannel transport module.
[    0.130346] PCI: CLS 0 bytes, default 64
[    0.131263] hw perfevents: enabled with armv8_cortex_a53 PMU driver, 7 counters available
[    0.131532] hw perfevents: enabled with armv8_cortex_a57 PMU driver, 7 counters available
[    0.132106] kvm [1]: HYP mode not available
[    0.134902] Initialise system trusted keyrings
[    0.135034] workingset: timestamp_bits=42 max_order=21 bucket_order=0
[    0.138107] squashfs: version 4.0 (2009/01/31) Phillip Lougher
[    0.138507] NFS: Registering the id_resolver key type
[    0.138538] Key type id_resolver registered
[    0.138545] Key type id_legacy registered
[    0.138603] nfs4filelayout_init: NFSv4 File Layout Driver Registering...
[    0.138613] nfs4flexfilelayout_init: NFSv4 Flexfile Layout Driver Registering...
[    0.138734] 9p: Installing v9fs 9p2000 file system support
[    0.164490] Key type asymmetric registered
[    0.164501] Asymmetric key parser 'x509' registered
[    0.164532] Block layer SCSI generic (bsg) driver version 0.4 loaded (major 243)
[    0.164543] io scheduler mq-deadline registered
[    0.164552] io scheduler kyber registered
[    0.180696] gpio_rcar e6050000.gpio: driving 16 GPIOs
[    0.181017] gpio_rcar e6051000.gpio: driving 29 GPIOs
[    0.181291] gpio_rcar e6052000.gpio: driving 15 GPIOs
[    0.181564] gpio_rcar e6053000.gpio: driving 16 GPIOs
[    0.181827] gpio_rcar e6054000.gpio: driving 18 GPIOs
[    0.182114] gpio_rcar e6055000.gpio: driving 26 GPIOs
[    0.182396] gpio_rcar e6055400.gpio: driving 32 GPIOs
[    0.182655] gpio_rcar e6055800.gpio: driving 4 GPIOs
[    0.185539] rcar-pcie fe000000.pcie: host bridge /soc/pcie@fe000000 ranges:
[    0.185571] rcar-pcie fe000000.pcie:       IO 0x00fe100000..0x00fe1fffff -> 0x0000000000
[    0.185593] rcar-pcie fe000000.pcie:      MEM 0x00fe200000..0x00fe3fffff -> 0x00fe200000
[    0.185612] rcar-pcie fe000000.pcie:      MEM 0x0030000000..0x0037ffffff -> 0x0030000000
[    0.185626] rcar-pcie fe000000.pcie:      MEM 0x0038000000..0x003fffffff -> 0x0038000000
[    0.185642] rcar-pcie fe000000.pcie:   IB MEM 0x0040000000..0x007fffffff -> 0x0040000000
[    0.185689] rcar-pcie fe000000.pcie: no pcie3v3 regulator found
[    0.185700] rcar-pcie fe000000.pcie: no pcie1v8 regulator found
[    0.249797] rcar-pcie fe000000.pcie: PCIe link down
[    0.249982] rcar-pcie ee800000.pcie: host bridge /soc/pcie@ee800000 ranges:
[    0.250007] rcar-pcie ee800000.pcie:       IO 0x00ee900000..0x00ee9fffff -> 0x0000000000
[    0.250029] rcar-pcie ee800000.pcie:      MEM 0x00eea00000..0x00eebfffff -> 0x00eea00000
[    0.250047] rcar-pcie ee800000.pcie:      MEM 0x00c0000000..0x00c7ffffff -> 0x00c0000000
[    0.250061] rcar-pcie ee800000.pcie:      MEM 0x00c8000000..0x00cfffffff -> 0x00c8000000
[    0.250093] rcar-pcie ee800000.pcie:   IB MEM 0x0040000000..0x007fffffff -> 0x0040000000
[    0.250126] rcar-pcie ee800000.pcie: no pcie3v3 regulator found
[    0.250136] rcar-pcie ee800000.pcie: no pcie1v8 regulator found
[    0.410087] rcar-pcie ee800000.pcie: PCIe link down
[    0.412561] EINJ: ACPI disabled.
[    0.446237] Serial: 8250/16550 driver, 4 ports, IRQ sharing enabled
[    0.448639] SuperH (H)SCI(F) driver initialized
[    0.449057] e6550000.serial: ttySC1 at MMIO 0xe6550000 (irq = 42, base_baud = 0) is a hscif
[    0.449793] e6e88000.serial: ttySC0 at MMIO 0xe6e88000 (irq = 128, base_baud = 0) is a scif
[    1.654522] printk: console [ttySC0] enabled
[    1.659964] msm_serial: driver initialized
[    1.670258] rcar-dw-hdmi fead0000.hdmi: Detected HDMI TX controller v2.01a with HDCP (DWC HDMI 2.0 TX PHY)
[    1.680154] rcar-dw-hdmi fead0000.hdmi: registered DesignWare HDMI I2C bus driver
[    1.688390] rcar-dw-hdmi feae0000.hdmi: Detected HDMI TX controller v2.01a with HDCP (DWC HDMI 2.0 TX PHY)
[    1.698256] rcar-dw-hdmi feae0000.hdmi: registered DesignWare HDMI I2C bus driver
[    1.713723] loop: module loaded
[    1.718304] megasas: 07.714.04.00-rc1
[    1.724019] scsi host0: sata_rcar
[    1.727490] ata1: SATA max UDMA/133 irq 181
[    1.736859] tun: Universal TUN/TAP device driver, 1.6
[    1.742821] thunder_xcv, ver 1.0
[    1.746067] thunder_bgx, ver 1.0
[    1.749317] nicpf, ver 1.0
[    1.753442] hclge is initializing
[    1.756780] hns3: Hisilicon Ethernet Network Driver for Hip08 Family - version
[    1.764004] hns3: Copyright (c) 2017 Huawei Corporation.
[    1.769339] e1000: Intel(R) PRO/1000 Network Driver
[    1.774220] e1000: Copyright (c) 1999-2006 Intel Corporation.
[    1.779987] e1000e: Intel(R) PRO/1000 Network Driver
[    1.784958] e1000e: Copyright(c) 1999 - 2015 Intel Corporation.
[    1.790900] igb: Intel(R) Gigabit Ethernet Network Driver
[    1.796300] igb: Copyright (c) 2007-2014 Intel Corporation.
[    1.801888] igbvf: Intel(R) Gigabit Virtual Function Network Driver
[    1.808156] igbvf: Copyright (c) 2009 - 2012 Intel Corporation.
[    1.814501] sky2: driver version 1.30
[    1.822178] ravb e6800000.ethernet eth0: Base address at 0xe6800000, 2e:09:0a:00:c3:9a, IRQ 125.
[    1.832424] VFIO - User Level meta-driver version: 0.3
[    1.839565] ehci_hcd: USB 2.0 'Enhanced' Host Controller (EHCI) Driver
[    1.846103] ehci-pci: EHCI PCI platform driver
[    1.850568] ehci-platform: EHCI generic platform driver
[    1.856164] ehci-platform ee0a0100.usb: EHCI Host Controller
[    1.861845] ehci-platform ee0a0100.usb: new USB bus registered, assigned bus number 1
[    1.869768] ehci-platform ee0a0100.usb: irq 175, io mem 0xee0a0100
[    1.890097] ehci-platform ee0a0100.usb: USB 2.0 started, EHCI 1.10
[    1.896616] hub 1-0:1.0: USB hub found
[    1.900388] hub 1-0:1.0: 1 port detected
[    1.904797] ehci-platform ee0c0100.usb: EHCI Host Controller
[    1.910472] ehci-platform ee0c0100.usb: new USB bus registered, assigned bus number 2
[    1.918358] ehci-platform ee0c0100.usb: irq 176, io mem 0xee0c0100
[    1.938094] ehci-platform ee0c0100.usb: USB 2.0 started, EHCI 1.10
[    1.944588] hub 2-0:1.0: USB hub found
[    1.948358] hub 2-0:1.0: 1 port detected
[    1.978131] ehci-platform ee0e0100.usb: EHCI Host Controller
[    1.983807] ehci-platform ee0e0100.usb: new USB bus registered, assigned bus number 3
[    1.991694] ehci-platform ee0e0100.usb: irq 177, io mem 0xee0e0100
[    2.010093] ehci-platform ee0e0100.usb: USB 2.0 started, EHCI 1.10
[    2.016530] hub 3-0:1.0: USB hub found
[    2.020296] hub 3-0:1.0: 1 port detected
[    2.024664] ehci-orion: EHCI orion driver
[    2.028924] ehci-exynos: EHCI Exynos driver
[    2.033221] ohci_hcd: USB 1.1 'Open' Host Controller (OHCI) Driver
[    2.039418] ohci-pci: OHCI PCI platform driver
[    2.043898] ohci-platform: OHCI generic platform driver
[    2.049433] ohci-platform ee0a0000.usb: Generic Platform OHCI controller
[    2.056153] ohci-platform ee0a0000.usb: new USB bus registered, assigned bus number 4
[    2.064032] ohci-platform ee0a0000.usb: irq 175, io mem 0xee0a0000
[    2.146100] ata1: link resume succeeded after 1 retries
[    2.160399] hub 4-0:1.0: USB hub found
[    2.164169] hub 4-0:1.0: 1 port detected
[    2.168495] ohci-platform ee0c0000.usb: Generic Platform OHCI controller
[    2.175209] ohci-platform ee0c0000.usb: new USB bus registered, assigned bus number 5
[    2.183094] ohci-platform ee0c0000.usb: irq 176, io mem 0xee0c0000
[    2.257615] ata1: SATA link down (SStatus 0 SControl 300)
[    2.276348] hub 5-0:1.0: USB hub found
[    2.280117] hub 5-0:1.0: 1 port detected
[    2.284450] ohci-platform ee0e0000.usb: Generic Platform OHCI controller
[    2.291164] ohci-platform ee0e0000.usb: new USB bus registered, assigned bus number 6
[    2.299040] ohci-platform ee0e0000.usb: irq 177, io mem 0xee0e0000
[    2.392365] hub 6-0:1.0: USB hub found
[    2.396132] hub 6-0:1.0: 1 port detected
[    2.400474] ohci-exynos: OHCI Exynos driver
[    2.405316] xhci-hcd ee000000.usb: xHCI Host Controller
[    2.410555] xhci-hcd ee000000.usb: new USB bus registered, assigned bus number 7
[    2.433810] xhci-hcd ee000000.usb: hcc params 0x014051ce hci version 0x100 quirks 0x0000000000830410
[    2.442980] xhci-hcd ee000000.usb: irq 172, io mem 0xee000000
[    2.448841] xhci-hcd ee000000.usb: xHCI Host Controller
[    2.454074] xhci-hcd ee000000.usb: new USB bus registered, assigned bus number 8
[    2.461482] xhci-hcd ee000000.usb: Host supports USB 3.0 SuperSpeed
[    2.468047] hub 7-0:1.0: USB hub found
[    2.471816] hub 7-0:1.0: 1 port detected
[    2.475903] usb usb8: We don't know the algorithms for LPM for this host, disabling LPM.
[    2.484267] hub 8-0:1.0: USB hub found
[    2.488039] hub 8-0:1.0: 1 port detected
[    2.492860] usbcore: registered new interface driver usb-storage
[    2.500544] renesas_usbhs e6590000.usb: host probed
[    2.505435] renesas_usbhs e6590000.usb: no transceiver found
[    2.511180] renesas_usbhs e6590000.usb: gadget probed
[    2.516400] renesas_usbhs e6590000.usb: probed
[    2.521297] renesas_usbhs e659c000.usb: host probed
[    2.526190] renesas_usbhs e659c000.usb: no transceiver found
[    2.531901] renesas_usbhs e659c000.usb: gadget probed
[    2.537147] renesas_usbhs e659c000.usb: probed
[    2.544061] i2c /dev entries driver
[    2.558642] cs2000-cp 2-004f: revision - C1
[    2.562939] i2c-rcar e6510000.i2c: probed
[    2.567781] pca953x 4-0020: supply vcc not found, using dummy regulator
[    2.574479] pca953x 4-0020: using no AI
[    2.579171] gpio-355 (PCIE/SATA switch): hogged as output/low
[    2.591425] i2c-rcar e66d8000.i2c: probed
[    2.596770] adv748x 4-0070: Endpoint /soc/i2c@e66d8000/video-receiver@70/port@7/endpoint on port 7
[    2.605749] adv748x 4-0070: Endpoint /soc/i2c@e66d8000/video-receiver@70/port@8/endpoint on port 8
[    2.614766] adv748x 4-0070: Endpoint /soc/i2c@e66d8000/video-receiver@70/port@a/endpoint on port 10
[    2.623835] adv748x 4-0070: Endpoint /soc/i2c@e66d8000/video-receiver@70/port@b/endpoint on port 11
[    2.633272] adv748x 4-0070: chip found @ 0xe0 revision 2143
[    2.662096] usb 2-1: new high-speed USB device number 2 using ehci-platform
[    2.692650] rcar-csi2 fea80000.csi2: 1 lanes found
[    2.697771] rcar-csi2 feaa0000.csi2: 4 lanes found
[    2.707336] rcar-vin e6ef0000.video: Device registered as video0
[    2.713489] rcar-vin e6ef1000.video: Device registered as video1
[    2.719569] rcar-vin e6ef2000.video: Device registered as video2
[    2.725636] rcar-vin e6ef3000.video: Device registered as video3
[    2.731767] rcar-vin e6ef4000.video: Device registered as video4
[    2.737839] rcar-vin e6ef5000.video: Device registered as video5
[    2.743909] rcar-vin e6ef6000.video: Device registered as video6
[    2.750025] rcar-vin e6ef7000.video: Device registered as video7
[    2.758832] rcar_gen3_thermal e6198000.thermal: is using pseudo fixed FUSE values
[    2.771101] rcar_gen3_thermal e6198000.thermal: TSC0: Loaded 1 trip points
[    2.782180] rcar_gen3_thermal e6198000.thermal: TSC1: Loaded 1 trip points
[    2.793341] rcar_gen3_thermal e6198000.thermal: TSC2: Loaded 3 trip points
[    2.805473] sdhci: Secure Digital Host Controller Interface driver
[    2.811675] sdhci: Copyright(c) Pierre Ossman
[    2.816954] Synopsys Designware Multimedia Card Interface Driver
[    2.817328] renesas_sdhi_internal_dmac ee100000.mmc: Got CD GPIO
[    2.817552] renesas_sdhi_internal_dmac ee140000.mmc: Adding to iommu group 0
[    2.817593] renesas_sdhi_internal_dmac ee140000.mmc: Using IPMMU context 1
[    2.817620] renesas_sdhi_internal_dmac ee160000.mmc: Got CD GPIO
[    2.817648] renesas_sdhi_internal_dmac ee160000.mmc: Got WP GPIO
[    2.824066] usb-storage 2-1:1.0: USB Mass Storage device detected
[    2.824348] sdhci-pltfm: SDHCI platform and OF driver helper
[    2.829095] renesas_sdhi_internal_dmac ee100000.mmc: Got WP GPIO
[    2.836740] scsi host1: usb-storage 2-1:1.0
[    2.843701] ledtrig-cpu: registered to indicate activity on CPUs
[    2.867032] renesas_sdhi_internal_dmac ee140000.mmc: mmc0 base at 0x00000000ee140000, max clock rate 200 MHz
[    2.873707] SMCCC: SOC_ID: ARCH_SOC_ID not implemented, skipping ....
[    2.899842] usbcore: registered new interface driver usbhid
[    2.905419] usbhid: USB HID core driver
[    2.913056] optee: probing for conduit method.
[    2.917522] optee: revision 3.22 (314ecf9d)
[    2.918033] optee driver R-Car Rev.1.0.11
[    2.926475] optee: dynamic shared memory is enabled
[    2.931637] optee: initialized driver
[    2.948608] rcar_sound ec500000.sound: probed
[    2.953689] NET: Registered protocol family 17
[    2.954032] mmc0: new HS400 MMC card at address 0001
[    2.958261] 9pnet: Installing 9P2000 support
[    2.963941] mmcblk0: mmc0:0001 BGSD3R 29.1 GiB 
[    2.967443] Key type dns_resolver registered
[    2.972275] mmcblk0boot0: mmc0:0001 BGSD3R partition 1 16.0 MiB
[    2.976481] registered taskstats version 1
[    2.982479] mmcblk0boot1: mmc0:0001 BGSD3R partition 2 16.0 MiB
[    2.986255] Loading compiled-in X.509 certificates
[    2.992291] mmcblk0rpmb: mmc0:0001 BGSD3R partition 3 4.00 MiB, chardev (509:0)
[    3.006437]  mmcblk0: p1
[    3.006963] thermal emergency: set temperature to 110 celsius
[    3.014939] thermal emergency: shutdown target cpus 1-7
[    3.020167] thermal emergency: freq scaled target cpus 0
[    3.025822] renesas_irqc e61c0000.interrupt-controller: driving 6 irqs
[    3.078110] ehci-platform ee080100.usb: EHCI Host Controller
[    3.083803] ehci-platform ee080100.usb: new USB bus registered, assigned bus number 9
[    3.091689] ehci-platform ee080100.usb: irq 174, io mem 0xee080100
[    3.110097] ehci-platform ee080100.usb: USB 2.0 started, EHCI 1.10
[    3.116632] hub 9-0:1.0: USB hub found
[    3.120403] hub 9-0:1.0: 1 port detected
[    3.125383] ohci-platform ee080000.usb: Generic Platform OHCI controller
[    3.132106] ohci-platform ee080000.usb: new USB bus registered, assigned bus number 10
[    3.140075] ohci-platform ee080000.usb: irq 174, io mem 0xee080000
[    3.236471] hub 10-0:1.0: USB hub found
[    3.240329] hub 10-0:1.0: 1 port detected
[    3.245543] cpu cpu0: EM: created perf domain
[    3.250488] cpu cpu4: EM: created perf domain
[    3.260433] renesas_sdhi_internal_dmac ee100000.mmc: Got CD GPIO
[    3.260661] renesas_sdhi_internal_dmac ee160000.mmc: Got CD GPIO
[    3.266480] renesas_sdhi_internal_dmac ee100000.mmc: Got WP GPIO
[    3.272560] renesas_sdhi_internal_dmac ee160000.mmc: Got WP GPIO
[    3.280634] [drm] Initialized rcar-du 1.0.0 20130110 for feb00000.display on minor 0
[    3.292329] [drm] Device feb00000.display probed
[    3.327942] renesas_sdhi_internal_dmac ee100000.mmc: mmc1 base at 0x00000000ee100000, max clock rate 200 MHz
[    3.333759] renesas_sdhi_internal_dmac ee160000.mmc: mmc2 base at 0x00000000ee160000, max clock rate 200 MHz
[    3.335954] Console: switching to colour frame buffer device 128x48
[    3.378938] rcar-du feb00000.display: [drm] fb0: rcar-dudrmfb frame buffer device
[    3.391245] input: keys as /devices/platform/keys/input/input0
[    3.473627] Micrel KSZ9031 Gigabit PHY e6800000.ethernet-ffffffff:00: attached PHY driver [Micrel KSZ9031 Gigabit PHY] (mii_bus:phy_addr=e6800000.ethernet-ffffffff:00, irq=183)
[    3.872057] scsi 1:0:0:0: Direct-Access     SanDisk  Ultra            1.00 PQ: 0 ANSI: 6
[    3.882040] sd 1:0:0:0: [sda] 121307136 512-byte logical blocks: (62.1 GB/57.8 GiB)
[    3.891194] sd 1:0:0:0: [sda] Write Protect is off
[    3.897073] sd 1:0:0:0: [sda] Write cache: disabled, read cache: enabled, doesn't support DPO or FUA
[    3.919958]  sda: sda1
[    3.927122] sd 1:0:0:0: [sda] Attached SCSI removable disk
[   14.138071] ravb e6800000.ethernet eth0: Link is Up - 1Gbps/Full - flow control off
[   14.166116] IP-Config: Guessing netmask 255.255.255.0
[   14.171275] IP-Config: Complete:
[   14.174583]      device=eth0, hwaddr=2e:09:0a:00:c3:9a, ipaddr=192.168.10.167, mask=255.255.255.0, gw=255.255.255.255
[   14.185393]      host=192.168.10.167, domain=, nis-domain=(none)
[   14.191526]      bootserver=255.255.255.255, rootserver=192.168.10.99, rootpath=
[   14.192142] ALSA device list:
[   14.210338]   No soundcards found.
[   15.257219] VFS: Mounted root (nfs4 filesystem) on device 0:22.
[   15.267943] devtmpfs: mounted
[   15.276141] Freeing unused kernel memory: 6144K
[   15.290376] Run /sbin/init as init process
[   15.470594] systemd[1]: System time before build time, advancing clock.
[   15.892412] NET: Registered protocol family 10
[   15.900700] Segment Routing with IPv6
[   15.920570] systemd[1]: Configuration file /etc/systemd/system.conf is marked executable. Please remove executable permission bits. Proceeding anyway.
[   15.940125] systemd[1]: Configuration file /lib/systemd/system.conf.d/00-systemd-conf.conf is marked executable. Please remove executable permission bits. Proceeding anyway.
[   15.961936] systemd[1]: systemd 244 running in system mode. (+PAM -AUDIT -SELINUX +IMA -APPARMOR -SMACK +SYSVINIT +UTMP -LIBCRYPTSETUP -GCRYPT -GNUTLS +ACL +XZ -LZ4 -SECCOMP +BLKID -ELFUTILS +KMOD -IDN2 -IDN -PCRE2 default-hierarchy=hybrid)
[   15.986286] systemd[1]: Detected architecture arm64.

Welcome to [1mPoky (Yocto Project Reference Distro) 3.1.11 (dunfell)[0m!

[   16.020578] systemd[1]: Set hostname to <salvator-x>.
[   16.203719] systemd[1]: Configuration file /lib/systemd/system/local-fs.target is marked executable. Please remove executable permission bits. Proceeding anyway.
[   16.242929] systemd[1]: Configuration file /lib/systemd/system/swap.target is marked executable. Please remove executable permission bits. Proceeding anyway.
[   16.270875] systemd[1]: Configuration file /lib/systemd/system/umount.target is marked executable. Please remove executable permission bits. Proceeding anyway.
[   16.296795] systemd[1]: Configuration file /lib/systemd/system/systemd-journald.socket is marked executable. Please remove executable permission bits. Proceeding anyway.
[   16.323629] systemd[1]: Configuration file /lib/systemd/system/systemd-journald.service is marked executable. Please remove executable permission bits. Proceeding anyway.
[   16.347767] systemd[1]: Configuration file /lib/systemd/system/sysinit.target is marked executable. Please remove executable permission bits. Proceeding anyway.
[   16.384052] systemd[1]: Configuration file /lib/systemd/system/systemd-update-utmp.service is marked executable. Please remove executable permission bits. Proceeding anyway.
[   16.406403] systemd[1]: Configuration file /lib/systemd/system/systemd-update-done.service is marked executable. Please remove executable permission bits. Proceeding anyway.
[   16.428329] systemd[1]: Configuration file /lib/systemd/system/systemd-udevd.service is marked executable. Please remove executable permission bits. Proceeding anyway.
[   16.448557] systemd[1]: Configuration file /lib/systemd/system/systemd-udevd-kernel.socket is marked executable. Please remove executable permission bits. Proceeding anyway.
[   16.468996] systemd[1]: Configuration file /lib/systemd/system/systemd-udevd-control.socket is marked executable. Please remove executable permission bits. Proceeding anyway.
[   16.490099] systemd[1]: Configuration file /lib/systemd/system/systemd-udev-trigger.service is marked executable. Please remove executable permission bits. Proceeding anyway.
[   16.510991] systemd[1]: Configuration file /lib/systemd/system/systemd-tmpfiles-setup.service is marked executable. Please remove executable permission bits. Proceeding anyway.
[   16.532117] systemd[1]: Configuration file /lib/systemd/system/systemd-tmpfiles-setup-dev.service is marked executable. Please remove executable permission bits. Proceeding anyway.
[   16.554377] systemd[1]: Configuration file /lib/systemd/system/systemd-timesyncd.service is marked executable. Please remove executable permission bits. Proceeding anyway.
[   16.576378] systemd[1]: Configuration file /lib/systemd/system/time-sync.target is marked executable. Please remove executable permission bits. Proceeding anyway.
[   16.596312] systemd[1]: Configuration file /lib/systemd/system/time-set.target is marked executable. Please remove executable permission bits. Proceeding anyway.
[   16.616407] systemd[1]: Configuration file /lib/systemd/system/systemd-sysusers.service is marked executable. Please remove executable permission bits. Proceeding anyway.
[   16.637591] systemd[1]: Configuration file /lib/systemd/system/systemd-sysctl.service is marked executable. Please remove executable permission bits. Proceeding anyway.
[   16.658138] systemd[1]: Configuration file /lib/systemd/system/systemd-random-seed.service is marked executable. Please remove executable permission bits. Proceeding anyway.
[   16.682182] systemd[1]: Configuration file /lib/systemd/system/systemd-modules-load.service is marked executable. Please remove executable permission bits. Proceeding anyway.
[   16.703769] systemd[1]: Configuration file /lib/systemd/system/systemd-machine-id-commit.service is marked executable. Please remove executable permission bits. Proceeding anyway.
[   16.725965] systemd[1]: Configuration file /lib/systemd/system/systemd-journal-flush.service is marked executable. Please remove executable permission bits. Proceeding anyway.
[   16.747645] systemd[1]: Configuration file /lib/systemd/system/systemd-journal-catalog-update.service is marked executable. Please remove executable permission bits. Proceeding anyway.
[   16.770374] systemd[1]: Configuration file /lib/systemd/system/systemd-hwdb-update.service is marked executable. Please remove executable permission bits. Proceeding anyway.
[   16.791694] systemd[1]: Configuration file /lib/systemd/system/systemd-ask-password-console.path is marked executable. Please remove executable permission bits. Proceeding anyway.
[   16.794105] random: crng init done
[   16.818386] systemd[1]: Configuration file /lib/systemd/system/systemd-ask-password-console.service is marked executable. Please remove executable permission bits. Proceeding anyway.
[   16.840480] systemd[1]: Configuration file /lib/systemd/system/systemd-vconsole-setup.service is marked executable. Please remove executable permission bits. Proceeding anyway.
[   16.861659] systemd[1]: Configuration file /lib/systemd/system/initrd-switch-root.target is marked executable. Please remove executable permission bits. Proceeding anyway.
[   16.882685] systemd[1]: Configuration file /lib/systemd/system/initrd-cleanup.service is marked executable. Please remove executable permission bits. Proceeding anyway.
[   16.903318] systemd[1]: Configuration file /lib/systemd/system/initrd.target is marked executable. Please remove executable permission bits. Proceeding anyway.
[   16.922971] systemd[1]: Configuration file /lib/systemd/system/rescue.target is marked executable. Please remove executable permission bits. Proceeding anyway.
[   16.949496] systemd[1]: Configuration file /lib/systemd/system/remote-fs.target is marked executable. Please remove executable permission bits. Proceeding anyway.
[   16.968715] systemd[1]: Configuration file /lib/systemd/system/remote-fs-pre.target is marked executable. Please remove executable permission bits. Proceeding anyway.
[   16.988549] systemd[1]: Configuration file /lib/systemd/system/graphical.target is marked executable. Please remove executable permission bits. Proceeding anyway.
[   17.012774] systemd[1]: Configuration file /lib/systemd/system/multi-user.target is marked executable. Please remove executable permission bits. Proceeding anyway.
[   17.045598] systemd[1]: Configuration file /lib/systemd/system/xinetd.service is marked executable. Please remove executable permission bits. Proceeding anyway.
[   17.064940] systemd[1]: Configuration file /lib/systemd/system/network.target is marked executable. Please remove executable permission bits. Proceeding anyway.
[   17.084277] systemd[1]: Configuration file /lib/systemd/system/network-pre.target is marked executable. Please remove executable permission bits. Proceeding anyway.
[   17.104062] systemd[1]: Configuration file /lib/systemd/system/systemd-user-sessions.service is marked executable. Please remove executable permission bits. Proceeding anyway.
[   17.125140] systemd[1]: Configuration file /lib/systemd/system/nss-user-lookup.target is marked executable. Please remove executable permission bits. Proceeding anyway.
[   17.145557] systemd[1]: Configuration file /lib/systemd/system/systemd-resolved.service is marked executable. Please remove executable permission bits. Proceeding anyway.
[   17.167293] systemd[1]: Configuration file /lib/systemd/system/nss-lookup.target is marked executable. Please remove executable permission bits. Proceeding anyway.
[   17.187005] systemd[1]: Configuration file /lib/systemd/system/systemd-networkd.service is marked executable. Please remove executable permission bits. Proceeding anyway.
[   17.208434] systemd[1]: Configuration file /lib/systemd/system/systemd-logind.service is marked executable. Please remove executable permission bits. Proceeding anyway.
[   17.230171] systemd[1]: Configuration file /lib/systemd/system/dbus.socket is marked executable. Please remove executable permission bits. Proceeding anyway.
[   17.249370] systemd[1]: Configuration file /lib/systemd/system/user.slice is marked executable. Please remove executable permission bits. Proceeding anyway.
[   17.268747] systemd[1]: Configuration file /lib/systemd/system/slices.target is marked executable. Please remove executable permission bits. Proceeding anyway.
[   17.288260] systemd[1]: Configuration file /lib/systemd/system/systemd-ask-password-wall.path is marked executable. Please remove executable permission bits. Proceeding anyway.
[   17.310070] systemd[1]: Configuration file /lib/systemd/system/systemd-ask-password-wall.service is marked executable. Please remove executable permission bits. Proceeding anyway.
[   17.332052] systemd[1]: Configuration file /lib/systemd/system/rpcbind.service is marked executable. Please remove executable permission bits. Proceeding anyway.
[   17.351737] systemd[1]: Configuration file /lib/systemd/system/rpcbind.target is marked executable. Please remove executable permission bits. Proceeding anyway.
[   17.371634] systemd[1]: Configuration file /lib/systemd/system/rpcbind.socket is marked executable. Please remove executable permission bits. Proceeding anyway.
[   17.391490] systemd[1]: Configuration file /lib/systemd/system/rc.pvr.service is marked executable. Please remove executable permission bits. Proceeding anyway.
[   17.411429] systemd[1]: Configuration file /lib/systemd/system/optee.service is marked executable. Please remove executable permission bits. Proceeding anyway.
[   17.430997] systemd[1]: Configuration file /lib/systemd/system/getty.target is marked executable. Please remove executable permission bits. Proceeding anyway.
[   17.453549] systemd[1]: Configuration file /lib/systemd/system/serial-getty@.service is marked executable. Please remove executable permission bits. Proceeding anyway.
[   17.475177] systemd[1]: Configuration file /lib/systemd/system/rc-local.service is marked executable. Please remove executable permission bits. Proceeding anyway.
[   17.495139] systemd[1]: Configuration file /lib/systemd/system/getty-pre.target is marked executable. Please remove executable permission bits. Proceeding anyway.
[   17.515393] systemd[1]: Configuration file /lib/systemd/system/getty@.service is marked executable. Please remove executable permission bits. Proceeding anyway.
[   17.535916] systemd[1]: Configuration file /lib/systemd/system/dbus.service is marked executable. Please remove executable permission bits. Proceeding anyway.
[   17.555256] systemd[1]: Configuration file /lib/systemd/system/avahi-daemon.service is marked executable. Please remove executable permission bits. Proceeding anyway.
[   17.576147] systemd[1]: Configuration file /lib/systemd/system/avahi-daemon.socket is marked executable. Please remove executable permission bits. Proceeding anyway.
[   17.597867] systemd[1]: Configuration file /lib/systemd/system/systemd-update-utmp-runlevel.service is marked executable. Please remove executable permission bits. Proceeding anyway.
[   17.620098] systemd[1]: Configuration file /lib/systemd/system/rescue.service is marked executable. Please remove executable permission bits. Proceeding anyway.
[   17.639840] systemd[1]: Configuration file /lib/systemd/system/initrd-parse-etc.service is marked executable. Please remove executable permission bits. Proceeding anyway.
[   17.660909] systemd[1]: Configuration file /lib/systemd/system/initrd-root-device.target is marked executable. Please remove executable permission bits. Proceeding anyway.
[   17.682200] systemd[1]: Configuration file /lib/systemd/system/basic.target is marked executable. Please remove executable permission bits. Proceeding anyway.
[   17.701534] systemd[1]: Configuration file /lib/systemd/system/timers.target is marked executable. Please remove executable permission bits. Proceeding anyway.
[   17.723174] systemd[1]: Configuration file /lib/systemd/system/systemd-tmpfiles-clean.timer is marked executable. Please remove executable permission bits. Proceeding anyway.
[   17.744398] systemd[1]: Configuration file /lib/systemd/system/systemd-tmpfiles-clean.service is marked executable. Please remove executable permission bits. Proceeding anyway.
[   17.765629] systemd[1]: Configuration file /lib/systemd/system/initrd-fs.target is marked executable. Please remove executable permission bits. Proceeding anyway.
[   17.785467] systemd[1]: Configuration file /lib/systemd/system/initrd-root-fs.target is marked executable. Please remove executable permission bits. Proceeding anyway.
[   17.805766] systemd[1]: Configuration file /lib/systemd/system/initrd-udevadm-cleanup-db.service is marked executable. Please remove executable permission bits. Proceeding anyway.
[   17.827667] systemd[1]: Configuration file /lib/systemd/system/systemd-udev-settle.service is marked executable. Please remove executable permission bits. Proceeding anyway.
[   17.848959] systemd[1]: Configuration file /lib/systemd/system/initrd-switch-root.service is marked executable. Please remove executable permission bits. Proceeding anyway.
[   17.869741] systemd[1]: Configuration file /lib/systemd/system/paths.target is marked executable. Please remove executable permission bits. Proceeding anyway.
[   17.889127] systemd[1]: Configuration file /lib/systemd/system/sys-kernel-debug.mount is marked executable. Please remove executable permission bits. Proceeding anyway.
[   17.909948] systemd[1]: Configuration file /lib/systemd/system/sys-kernel-config.mount is marked executable. Please remove executable permission bits. Proceeding anyway.
[   17.930779] systemd[1]: Configuration file /lib/systemd/system/sys-fs-fuse-connections.mount is marked executable. Please remove executable permission bits. Proceeding anyway.
[   17.952358] systemd[1]: Configuration file /lib/systemd/system/psplash-systemd.service is marked executable. Please remove executable permission bits. Proceeding anyway.
[   17.972751] systemd[1]: Configuration file /lib/systemd/system/psplash-start.service is marked executable. Please remove executable permission bits. Proceeding anyway.
[   17.992765] systemd[1]: Configuration file /lib/systemd/system/ldconfig.service is marked executable. Please remove executable permission bits. Proceeding anyway.
[   18.012291] systemd[1]: Configuration file /lib/systemd/system/kmod-static-nodes.service is marked executable. Please remove executable permission bits. Proceeding anyway.
[   18.032669] systemd[1]: Configuration file /lib/systemd/system/dev-mqueue.mount is marked executable. Please remove executable permission bits. Proceeding anyway.
[   18.052343] systemd[1]: Configuration file /lib/systemd/system/dev-hugepages.mount is marked executable. Please remove executable permission bits. Proceeding anyway.
[   18.072287] systemd[1]: Configuration file /lib/systemd/system/emergency.service is marked executable. Please remove executable permission bits. Proceeding anyway.
[   18.092353] systemd[1]: Configuration file /lib/systemd/system/syslog.socket is marked executable. Please remove executable permission bits. Proceeding anyway.
[   18.112229] systemd[1]: Configuration file /lib/systemd/system/systemd-journald-audit.socket is marked executable. Please remove executable permission bits. Proceeding anyway.
[   18.132873] systemd[1]: Configuration file /lib/systemd/system/systemd-journald-dev-log.socket is marked executable. Please remove executable permission bits. Proceeding anyway.
[   18.154414] systemd[1]: Configuration file /lib/systemd/system/sockets.target is marked executable. Please remove executable permission bits. Proceeding anyway.
[   18.183953] systemd[1]: Configuration file /lib/systemd/system/systemd-networkd.socket is marked executable. Please remove executable permission bits. Proceeding anyway.
[   18.204093] systemd[1]: Configuration file /lib/systemd/system/systemd-initctl.socket is marked executable. Please remove executable permission bits. Proceeding anyway.
[   18.224362] systemd[1]: Configuration file /lib/systemd/system/systemd-initctl.service is marked executable. Please remove executable permission bits. Proceeding anyway.
[   18.244606] systemd[1]: Configuration file /lib/systemd/system/dropbear.socket is marked executable. Please remove executable permission bits. Proceeding anyway.
[   18.264192] systemd[1]: Configuration file /lib/systemd/system/var-volatile-srv.service is marked executable. Please remove executable permission bits. Proceeding anyway.
[   18.284782] systemd[1]: Configuration file /lib/systemd/system/var-volatile-spool.service is marked executable. Please remove executable permission bits. Proceeding anyway.
[   18.305588] systemd[1]: Configuration file /lib/systemd/system/var-volatile-lib.service is marked executable. Please remove executable permission bits. Proceeding anyway.
[   18.326201] systemd[1]: Configuration file /lib/systemd/system/var-volatile-cache.service is marked executable. Please remove executable permission bits. Proceeding anyway.
[   18.347159] systemd[1]: Configuration file /lib/systemd/system/tmp.mount is marked executable. Please remove executable permission bits. Proceeding anyway.
[   18.366408] systemd[1]: Configuration file /lib/systemd/system/systemd-remount-fs.service is marked executable. Please remove executable permission bits. Proceeding anyway.
[   18.387274] systemd[1]: Configuration file /lib/systemd/system/systemd-fsck-root.service is marked executable. Please remove executable permission bits. Proceeding anyway.
[   18.408083] systemd[1]: Configuration file /lib/systemd/system/emergency.target is marked executable. Please remove executable permission bits. Proceeding anyway.
[   18.427719] systemd[1]: Configuration file /lib/systemd/system/local-fs-pre.target is marked executable. Please remove executable permission bits. Proceeding anyway.
[   18.447988] systemd[1]: Configuration file /lib/systemd/system/shutdown.target is marked executable. Please remove executable permission bits. Proceeding anyway.
[   18.469587] systemd[1]: system-getty.slice: unit configures an IP firewall, but the local system does not support BPF/cgroup firewalling.
[   18.484790] systemd[1]: (This warning is only shown for the first unit using IP firewalling.)
[   18.496503] systemd[1]: Created slice system-getty.slice.
[[0;32m  OK  [0m] Created slice [0;1;39msystem-getty.slice[0m.
[   18.519003] systemd[1]: Created slice system-serial\x2dgetty.slice.
[[0;32m  OK  [0m] Created slice [0;1;39msystem-serial\x2dgetty.slice[0m.
[   18.542776] systemd[1]: Created slice User and Session Slice.
[[0;32m  OK  [0m] Created slice [0;1;39mUser and Session Slice[0m.
[   18.566329] systemd[1]: Started Dispatch Password Requests to Console Directory Watch.
[[0;32m  OK  [0m] Started [0;1;39mDispatch Password …ts to Console Directory Watch[0m.
[   18.594337] systemd[1]: Started Forward Password Requests to Wall Directory Watch.
[[0;32m  OK  [0m] Started [0;1;39mForward Password R…uests to Wall Directory Watch[0m.
[   18.622243] systemd[1]: Reached target Paths.
[[0;32m  OK  [0m] Reached target [0;1;39mPaths[0m.
[   18.642186] systemd[1]: Reached target Remote File Systems.
[[0;32m  OK  [0m] Reached target [0;1;39mRemote File Systems[0m.
[   18.666342] systemd[1]: Reached target Slices.
[[0;32m  OK  [0m] Reached target [0;1;39mSlices[0m.
[   18.690248] systemd[1]: Reached target Swap.
[[0;32m  OK  [0m] Reached target [0;1;39mSwap[0m.
[   18.717225] systemd[1]: Listening on RPCbind Server Activation Socket.
[[0;32m  OK  [0m] Listening on [0;1;39mRPCbind Server Activation Socket[0m.
[   18.746284] systemd[1]: Reached target RPC Port Mapper.
[[0;32m  OK  [0m] Reached target [0;1;39mRPC Port Mapper[0m.
[   18.774573] systemd[1]: Listening on initctl Compatibility Named Pipe.
[[0;32m  OK  [0m] Listening on [0;1;39minitctl Compatibility Named Pipe[0m.
[   18.804268] systemd[1]: Listening on Journal Audit Socket.
[[0;32m  OK  [0m] Listening on [0;1;39mJournal Audit Socket[0m.
[   18.832037] systemd[1]: Listening on Journal Socket (/dev/log).
[[0;32m  OK  [0m] Listening on [0;1;39mJournal Socket (/dev/log)[0m.
[   18.858871] systemd[1]: Listening on Journal Socket.
[[0;32m  OK  [0m] Listening on [0;1;39mJournal Socket[0m.
[   18.888211] systemd[1]: Listening on Network Service Netlink Socket.
[[0;32m  OK  [0m] Listening on [0;1;39mNetwork Service Netlink Socket[0m.
[   18.920807] systemd[1]: Listening on udev Control Socket.
[[0;32m  OK  [0m] Listening on [0;1;39mudev Control Socket[0m.
[   18.946694] systemd[1]: Listening on udev Kernel Socket.
[[0;32m  OK  [0m] Listening on [0;1;39mudev Kernel Socket[0m.
[   18.979511] systemd[1]: Mounting Huge Pages File System...
         Mounting [0;1;39mHuge Pages File System[0m...
[   19.011416] systemd[1]: Mounting POSIX Message Queue File System...
         Mounting [0;1;39mPOSIX Message Queue File System[0m...
[   19.043348] systemd[1]: Mounting Kernel Debug File System...
         Mounting [0;1;39mKernel Debug File System[0m...
[   19.078406] systemd[1]: Mounting Temporary Directory (/tmp)...
         Mounting [0;1;39mTemporary Directory (/tmp)[0m...
[   19.108410] systemd[1]: Starting Create list of static device nodes for the current kernel...
         Starting [0;1;39mCreate list of st…odes for the current kernel[0m...
[   19.143172] systemd[1]: Starting Start psplash boot splash screen...
         Starting [0;1;39mStart psplash boot splash screen[0m...
[   19.176856] systemd[1]: Starting RPC Bind...
         Starting [0;1;39mRPC Bind[0m...
[   19.202938] systemd[1]: Condition check resulted in File System Check on Root Device being skipped.
[   19.220313] systemd[1]: Starting Journal Service...
         Starting [0;1;39mJournal Service[0m...
[   19.235385] systemd-journald[357]: Configuration file /etc/systemd/journald.conf is marked executable. Please remove executable permission bits. Proceeding anyway.
[   19.251670] systemd-journald[357]: Configuration file /lib/systemd/journald.conf.d/00-systemd-conf.conf is marked executable. Please remove executable permission bits. Proceeding anyway.
[   19.258478] systemd[1]: Starting Load Kernel Modules...
         Starting [0;1;39mLoad Kernel Modules[0m...
[   19.291471] systemd[1]: Starting Remount Root and Kernel File Systems...
         Starting [0;1;39mRemount Root and Kernel File Systems[0m...
[   19.321549] systemd[1]: Starting udev Coldplug all Devices...
         Starting [0;1;39mudev Coldplug all Devices[0m...
[   19.345283] systemd[1]: Started Start psplash boot splash screen.
[[0;32m  OK  [0m] Started [0;1;39mStart psplash boot splash screen[0m.
[   19.370628] systemd[1]: Started RPC Bind.
[[0;32m  OK  [0m] Started [0;1;39mRPC Bind[0m.
[   19.394594] systemd[1]: Started Journal Service.
[[0;32m  OK  [0m] Started [0;1;39mJournal Service[0m.
[[0;32m  OK  [0m] Mounted [0;1;39mHuge Pages File System[0m.
[[0;32m  OK  [0m] Mounted [0;1;39mPOSIX Message Queue File System[0m.
[[0;32m  OK  [0m] Mounted [0;1;39mKernel Debug File System[0m.
[[0;32m  OK  [0m] Mounted [0;1;39mTemporary Directory (/tmp)[0m.
[[0;32m  OK  [0m] Started [0;1;39mCreate list of sta… nodes for the current kernel[0m.
[[0;32m  OK  [0m] Started [0;1;39mLoad Kernel Modules[0m.
[[0;32m  OK  [0m] Started [0;1;39mRemount Root and Kernel File Systems[0m.
         Mounting [0;1;39mKernel Configuration File System[0m...
[[0;32m  OK  [0m] Started [0;1;39mStart psplash-syst…progress communication helper[0m.
         Starting [0;1;39mFlush Journal to Persistent Storage[0m...
[   19.615451] systemd-journald[357]: Received client request to flush runtime journal.
         Starting [0;1;39mApply Kernel Variables[0m...
         Starting [0;1;39mCreate Static Device Nodes in /dev[0m...
[[0;32m  OK  [0m] Mounted [0;1;39mKernel Configuration File System[0m.
[[0;32m  OK  [0m] Started [0;1;39mFlush Journal to Persistent Storage[0m.
[[0;32m  OK  [0m] Started [0;1;39mApply Kernel Variables[0m.
[[0;32m  OK  [0m] Started [0;1;39mCreate Static Device Nodes in /dev[0m.
[[0;32m  OK  [0m] Reached target [0;1;39mLocal File Systems (Pre)[0m.
         Mounting [0;1;39m/var/volatile[0m...
         Starting [0;1;39mudev Kernel Device Manager[0m...
[[0;32m  OK  [0m] Started [0;1;39mudev Coldplug all Devices[0m.
[[0;32m  OK  [0m] Mounted [0;1;39m/var/volatile[0m.
         Starting [0;1;39mLoad/Save Random Seed[0m...
[[0;32m  OK  [0m] Reached target [0;1;39mLocal File Systems[0m.
         Starting [0;1;39mCreate Volatile Files and Directories[0m...
[[0;32m  OK  [0m] Started [0;1;39mudev Kernel Device Manager[0m.
[[0;32m  OK  [0m] Started [0;1;39mLoad/Save Random Seed[0m.
         Starting [0;1;39mNetwork Service[0m...
[[0;32m  OK  [0m] Started [0;1;39mCreate Volatile Files and Directories[0m.
         Starting [0;1;39mNetwork Time Synchronization[0m...
         Starting [0;1;39mUpdate UTMP about System Boot/Shutdown[0m...
[[0;32m  OK  [0m] Started [0;1;39mUpdate UTMP about System Boot/Shutdown[0m.
[[0;32m  OK  [0m] Started [0;1;39mNetwork Service[0m.
         Starting [0;1;39mNetwork Name Resolution[0m...
[   20.151601] pwm-backlight: probe of backlight failed with error -16
[[0;32m  OK  [0m] Reached target [0;1;39mHardware activated USB gadget[0m.
[   20.215626] at24 7-0050: supply vcc not found, using dummy regulator
[[0;32m  OK  [0m] Started [0;1;39mNetwork Time Synchronization[0m.
[   20.250486] at24 7-0050: 128 byte br24t01 EEPROM, writable, 8 bytes/write
[[0;32m  OK  [0m] Reached target [0;1;39mSystem Initialization[0m.
[[0;32m  OK  [0m] Started [0;1;39mDaily Cleanup of Temporary Directories[0m.
[[0;32m  OK  [0m] Reached target [0;1;39mSystem Time Set[0m.
[[0;32m  OK  [0m] Reached target [0;1;39mSystem Time Synchronized[0m.
[[0;32m  OK  [0m] Reached target [0;1;39mTimers[0m.
[[0;32m  OK  [0m] Listening on [0;1;39mAvahi mDNS/DNS-SD Stack Activation Socket[0m.
[   20.368210] renesas_usb3 ee020000.usb: probed with phy
[   20.376540] ccree e6601000.crypto: ARM CryptoCell 630P Driver: HW version 0xAF400001/0xDCC63000, Driver version 5.0
[[0;32m  OK  [0m] Listening on [0;1;39mD-Bus System Message Bus Socket[0m.
[[0;32m  OK  [0m] Listening on [0;1;39mdropbear.socket[0m.
[[0;32m  OK  [0m] Reached target [0;1;39mSockets[0m.[   20.434578] ccree e6601000.crypto: ARM ccree device initialized

[[0;32m  OK  [0m] Reached target [0;1;39mBasic System[0m.
[[0;32m  OK  [0m] Started [0;1;39mD-Bus System Message Bus[0m.
[[0;32m  OK  [0m] Started [0;1;39moptee services[0m.
         Starting [0;1;39mpvrinit.service[0m...
         Starting [0;1;39mPowerVR consumer services[0m...
         Starting [0;1;39mLogin Service[0m...
[[0;32m  OK  [0m] Started [0;1;39mNetwork Name Resolution[0m.
[[0;1;31mFAILED[0m] Failed to start [0;1;39mpvrinit.service[0m.
See 'systemctl status pvrinit.service' for details.
[[0;1;31mFAILED[0m] Failed to start [0;1;39mPowerVR consumer services[0m.
See 'systemctl status rc.pvr.service' for details.
[[0;1;38;5;185mDEPEND[0m] Dependency failed for [0;1;39mWeston Wayland Compositor[0m.
[[0;32m  OK  [0m] Created slice [0;1;39msystem-weston.slice[0m.
[[0;32m  OK  [0m] Reached target [0;1;39mNetwork[0m.
[[0;32m  OK  [0m] Reached target [0;1;39mHost and Network Name Lookups[0m.
         Starting [0;1;39mAvahi mDNS/DNS-SD Stack[0m...
         Starting [0;1;39mPowerVR consumer services[0m...
         Starting [0;1;39mset_default_governor.service[0m...
         Starting [0;1;39mPermit User Sessions[0m...
[[0;32m  OK  [0m] Started [0;1;39mXinetd A Powerful Replacement For Inetd[0m.
[[0;1;31mFAILED[0m] Failed to start [[   20.986349] rd 0-7: Disabling EAS, schedutil is mandatory
0;1;39mPowerVR consumer services[0m.
See 'systemctl status rc.pvr.service' for details.
[[0;1;38;5;185mDEPEND[0m] Dependency failed for [0;1;39mWeston Wayland Compositor[0m.
[[0;32m  OK  [0m] Started [0;1;39mset_default_governor.service[0m.
[[0;32m  OK  [0m] Started [0;1;39mPermit User Sessions[0m.
[[0;32m  OK  [0m] Started [0;1;39mLogin Service[0m.
[[0;32m  OK  [0m] Started [0;1;39mAvahi mDNS/DNS-SD Stack[0m.
[[0;32m  OK  [0m] Started [0;1;39mGetty on tty1[0m.
[[0;32m  OK  [0m] Started [0;1;39mSerial Getty on ttySC0[0m.
[[0;32m  OK  [0m] Reached target [0;1;39mLogin Prompts[0m.
[[0;32m  OK  [0m] Reached target [0;1;39mMulti-User System[0m.
         Starting [0;1;39mUpdate UTMP about System Runlevel Changes[0m...
[[0;32m  OK  [0m] Started [0;1;39mUpdate UTMP about System Runlevel Changes[0m.

Poky (Yocto Project Reference Distro) 3.1.11 salvator-x ttySC0

salvator-x login: 
salvator-x login: root
[   22.850384] audit: type=1006 audit(1708653590.951:2): pid=545 uid=0 old-auid=4294967295 auid=0 tty=(none) old-ses=4294967295 ses=1 res=1
7[r[999;999H[6n8root@salvator-x:~# 
root@salvator-x:~# 
root@salvator-x:~# 
root@salvator-x:~# 
root@salvator-x:~# 
root@salvator-x:~# 
root@salvator-x:~# 
root@salvator-x:~# 
root@salvator-x:~# 
----------Prepare----------


root@salvator-x:~# find /sys/devices/platform/soc/ee0c0100.usb/ -name 'sd*'
/sys/devices/platform/soc/ee0c0100.usb/usb2/2-1/2-1:1.0/host1/target1:0:0/1:0:0:0/block/sda
/sys/devices/platform/soc/ee0c0100.usb/usb2/2-1/2-1:1.0/host1/target1:0:0/1:0:0:0/block/sda/sda1
root@salvator-x:~# 
root@salvator-x:~# dd if=/dev/urandom of=testdata bs=10M count=5
5+0 records in
5+0 records out
52428800 bytes (52 MB, 50 MiB) copied, 1.47893 s, 35.5 MB/s
root@salvator-x:~# 
root@salvator-x:~# mkdir -p /mnt/usb
root@salvator-x:~# 
root@salvator-x:~# mount /dev/sda1 /mnt/usb
[   35.205144] EXT4-fs (sda1): mounted filesystem with ordered data mode. Opts: (null)
root@salvator-x:~# 
root@salvator-x:~# cp testdata /mnt/usb/
root@salvator-x:~# 
root@salvator-x:~# umount /mnt/usb
root@salvator-x:~# 
root@salvator-x:~# find /sys/devices/platform/soc/ee0c0100.usb/ -name 'sd*'
/sys/devices/platform/soc/ee0c0100.usb/usb2/2-1/2-1:1.0/host1/target1:0:0/1:0:0:0/block/sda
/sys/devices/platform/soc/ee0c0100.usb/usb2/2-1/2-1:1.0/host1/target1:0:0/1:0:0:0/block/sda/sda1
root@salvator-x:~# 
root@salvator-x:~# i2cset -f -y 7 0x30 0x20 0x0f
root@salvator-x:~# 

Switch SW23 off and input 'yes' to continue:
[   46.046259] SDHI0 VccQ: disabling
[   46.049654] SDHI3 VccQ: disabling
Input 'yes' to continue: 

root@salvator-x:~# echo N > /sys/module/printk/parameters/console_suspend
root@salvator-x:~# 
root@salvator-x:~# mount /dev/sda1 /mnt/usb
[   70.286568] EXT4-fs (sda1): mounted filesystem with ordered data mode. Opts: (null)
root@salvator-x:~# 
root@salvator-x:~# cp testdata /mnt/usb/testdata_from_nfs &
[1] 570
root@salvator-x:~# 
root@salvator-x:~# echo mem > /sys/power/state
[   71.694411] PM: suspend entry (deep)
[   74.074112] Filesystems sync: 2.376 seconds
[   74.079963] Freezing user space processes ... (elapsed 0.001 seconds) done.
[   74.081612] OOM killer disabled.
[   74.081616] Freezing remaining freezable tasks ... (elapsed 0.001 seconds) done.
[   74.536811] ravb e6800000.ethernet eth0: Link is Down
[   74.551826] Disabling non-boot CPUs ...
[   74.556282] CPU1: shutdown
[   74.559006] psci: CPU1 killed (polled 0 ms)
[   74.564878] CPU2: shutdown
[   74.567612] psci: CPU2 killed (polled 0 ms)
[   74.573240] CPU3: shutdown
[   74.575971] psci: CPU3 killed (polled 0 ms)
[   74.581883] CPU4: shutdown
[   74.584609] psci: CPU4 killed (polled 0 ms)
[   74.590273] CPU5: shutdown
[   74.592994] psci: CPU5 killed (polled 0 ms)
[   74.598681] CPU6: shutdown
[   74.601392] psci: CPU6 killed (polled 0 ms)
[   74.607161] CPU7: shutdown
[   74.609876] psci: CPU7 killed (polled 0 ms)
 
 Switch power switch: 

NOTICE:  BL2: R-Car Gen3 Initial Program Loader(CA57) Rev.4.0.0
NOTICE:  BL2: PRR is R-Car H3 Ver.3.0
NOTICE:  BL2: Board is Salvator-XS Rev.1.0
NOTICE:  BL2: Boot device is HyperFlash(160MHz)
NOTICE:  BL2: LCM state is CM
NOTICE:  AVS setting succeeded. DVFS_SetVID=0x53
NOTICE:  BL2: DDR3200(rev.0.42)
NOTICE:  BL2: [WARM_BOOT]
NOTICE:  BL2: DRAM Split is 4ch(DDR f)
NOTICE:  BL2: QoS is default setting(rev.0.11)
NOTICE:  BL2: DRAM refresh interval 1.95 usec
NOTICE:  BL2: Periodic Write DQ Training
NOTICE:  BL2: CH0: 400000000 - 47fffffff, 2 GiB
NOTICE:  BL2: CH1: 500000000 - 57fffffff, 2 GiB
NOTICE:  BL2: CH2: 600000000 - 67fffffff, 2 GiB
NOTICE:  BL2: CH3: 700000000 - 77fffffff, 2 GiB
NOTICE:  BL2: Lossy Decomp areas
NOTICE:       Entry 0: DCMPAREACRAx:0x80000540 DCMPAREACRBx:0x570
NOTICE:       Entry 1: DCMPAREACRAx:0x40000000 DCMPAREACRBx:0x0
NOTICE:       Entry 2: DCMPAREACRAx:0x20000000 DCMPAREACRBx:0x0
NOTICE:  BL2: FDT at 0xe6327f70
NOTICE:  BL2: v2.9(release):9cdb21f75
NOTICE:  BL2: Built : 05:25:39, Dec 19 2023
NOTICE:  BL2: Normal boot
[   74.615109] Enabling non-boot CPUs ...
[   74.619177] Detected PIPT I-cache on CPU1
[   74.619231] CPU1: Booted secondary processor 0x0000000001 [0x411fd073]
[   74.619698] CPU1 is up
[   74.632733] Detected PIPT I-cache on CPU2
[   74.632755] CPU2: Booted secondary processor 0x0000000002 [0x411fd073]
[   74.633026] CPU2 is up
[   74.646047] Detected PIPT I-cache on CPU3
[   74.646070] CPU3: Booted secondary processor 0x0000000003 [0x411fd073]
[   74.646386] CPU3 is up
[   74.659448] Detected VIPT I-cache on CPU4
[   74.659501] CPU4: Booted secondary processor 0x0000000100 [0x410fd034]
[   74.660403] CPU4 is up
[   74.673413] Detected VIPT I-cache on CPU5
[   74.673446] CPU5: Booted secondary processor 0x0000000101 [0x410fd034]
[   74.674019] CPU5 is up
[   74.687031] Detected VIPT I-cache on CPU6
[   74.687064] CPU6: Booted secondary processor 0x0000000102 [0x410fd034]
[   74.687637] CPU6 is up
[   74.700641] Detected VIPT I-cache on CPU7
[   74.700673] CPU7: Booted secondary processor 0x0000000103 [0x410fd034]
[   74.701394] CPU7 is up
[   74.772709] xhci-hcd ee000000.usb: xHC error in resume, USBSTS 0x401, Reinit
[   74.779767] usb usb7: root hub lost power or was reset
[   74.784893] usb usb8: root hub lost power or was reset
[   74.841001] Micrel KSZ9031 Gigabit PHY e6800000.ethernet-ffffffff:00: attached PHY driver [Micrel KSZ9031 Gigabit PHY] (mii_bus:phy_addr=e6800000.ethernet-ffffffff:00, irq=183)
[   74.956310] usb usb4: root hub lost power or was reset
[   74.961587] usb usb1: root hub lost power or was reset
[   75.048161] usb usb5: root hub lost power or was reset
[   75.053340] usb usb2: root hub lost power or was reset
[   75.140184] usb usb6: root hub lost power or was reset
[   75.145455] usb usb3: root hub lost power or was reset
[   75.264158] usb usb10: root hub lost power or was reset
[   75.269424] usb usb9: root hub lost power or was reset
[   75.282148] ata1: link resume succeeded after 1 retries
[   75.393591] ata1: SATA link down (SStatus 0 SControl 300)
[   75.686063] usb 2-1: reset high-speed USB device number 2 using ehci-platform
[   75.852648] OOM killer enabled.
[   75.856527] Restarting tasks ... done.
[1]+  Done                    cp testdata /mnt/usb/testdata_from_nfs
[   75.864819] PM: suspend exit
root@salvator-x:~# [   81.973772] ravb e6800000.ethernet eth0: Link is Up - 1Gbps/Full - flow control off

root@salvator-x:~# echo "Wake up sucessfully"
Wake up sucessfully
root@salvator-x:~# 
root@salvator-x:~# wait
root@salvator-x:~# 
root@salvator-x:~# sync
root@salvator-x:~# 
root@salvator-x:~# cmp testdata /mnt/usb/testdata_from_nfs
root@salvator-x:~# 
root@salvator-x:~# umount /mnt/usb
root@salvator-x:~# 
 
#### Result: OK ####
