

----------Item 10----------


Please press switch to restart board 

[F 00:00:120
[F 00:00:119
[F 00:00:118
[F 00:00:117
[F 00:00:116
[F 00:00:115
NOTICE:  BL2: R-Car Gen3 Initial Program Loader(CA57) Rev.4.0.0
NOTICE:  BL2: PRR is R-Car H3 Ver.3.0
NOTICE:  BL2: Board is Salvator-XS Rev.1.0
NOTICE:  BL2: Boot device is HyperFlash(160MHz)
NOTICE:  BL2: LCM state is CM
NOTICE:  AVS setting succeeded. DVFS_SetVID=0x53
NOTICE:  BL2: DDR3200(rev.0.42)
NOTICE:  BL2: [COLD_BOOT]
NOTICE:  BL2: DRAM Split is 4ch(DDR f)
NOTICE:  BL2: QoS is default setting(rev.0.11)
NOTICE:  BL2: DRAM refresh interval 1.95 usec
NOTICE:  BL2: Periodic Write DQ Training
NOTICE:  BL2: CH0: 400000000 - 47fffffff, 2 GiB
NOTICE:  BL2: CH1: 500000000 - 57fffffff, 2 GiB
NOTICE:  BL2: CH2: 600000000 - 67fffffff, 2 GiB
NOTICE:  BL2: CH3: 700000000 - 77fffffff, 2 GiB
NOTICE:  BL2: Lossy Decomp areas
NOTICE:       Entry 0: DCMPAREACRAx:0x80000540 DCMPAREACRBx:0x570
NOTICE:       Entry 1: DCMPAREACRAx:0x40000000 DCMPAREACRBx:0x0
NOTICE:       Entry 2: DCMPAREACRAx:0x20000000 DCMPAREACRBx:0x0
NOTICE:  BL2: FDT at 0xe6327f70
NOTICE:  BL2: v2.9(release):9cdb21f75
NOTICE:  BL2: Built : 05:25:39, Dec 19 2023
NOTICE:  BL2: Normal boot
NOTICE:  BL2: dst=0xe6327800 src=0x8180000 len=512(0x200)
NOTICE:  BL2: dst=0x43f00000 src=0x8180400 len=6144(0x1800)
NOTICE:  rcar_file_len: len: 0x0003e000
NOTICE:  BL2: dst=0x44000000 src=0x81c0000 len=253952(0x3e000)
NOTICE:  rcar_file_len: len: 0x00200000
NOTICE:  BL2: dst=0x44100000 src=0x8200000 len=2097152(0x200000)
NOTICE:  rcar_file_len: len: 0x00100000
NOTICE:  BL2: dst=0x50000000 src=0x8640000 len=1048576(0x100000)
NOTICE:  BL2: Booting BL31


U-Boot 2020.10 (Dec 19 2023 - 14:30:40 +0000)

CPU: Renesas Electronics R8A7795 rev 3.0
Model: Renesas Salvator-X 2nd version board based on r8a77951
DRAM:  7.9 GiB
RAM Configuration:
Bank #0: 0x048000000 - 0x0bfffffff, 1.9 GiB
Bank #1: 0x500000000 - 0x57fffffff, 2 GiB
Bank #2: 0x600000000 - 0x67fffffff, 2 GiB
Bank #3: 0x700000000 - 0x77fffffff, 2 GiB

MMC:   sd@ee100000: 0, sd@ee140000: 1, sd@ee160000: 2
Loading Environment from MMC... OK
In:    serial@e6e88000
Out:   serial@e6e88000
Err:   serial@e6e88000
Net:   eth0: ethernet@e6800000
Hit any key to stop autoboot:  2  1  0 
ethernet@e6800000 Waiting for PHY auto negotiation to complete............... done
Using ethernet@e6800000 device
TFTP from server 192.168.10.99; our IP address is 192.168.10.167
Filename 'traivo/H3/rootfs/boot_USB2H/Image'.
Load address: 0x48080000
Loading: *#################################################################
	 #################################################################
	 #################################################################
	 #################################################################
	 #################################################################
	 #################################################################
	 #################################################################
	 #################################################################
	 #################################################################
	 #################################################################
	 #################################################################
	 #################################################################
	 #################################################################
	 #################################################################
	 #################################################################
	 #################################################################
	 #################################################################
	 #################################################################
	 #################################################################
	 #################################################################
	 #################################################################
	 #################################################################
	 #################################################################
	 #################################################################
	 #################################################################
	 #################################################################
	 #################################################################
	 #################################################################
	 #################################################################
	 #################################################################
	 #################################################################
	 #################################################################
	 #################################################################
	 #################################################################
	 ################################################################
	 4.6 MiB/s
done
Bytes transferred = 33376768 (1fd4a00 hex)
Using ethernet@e6800000 device
TFTP from server 192.168.10.99; our IP address is 192.168.10.167
Filename 'traivo/H3/rootfs/boot_USB2H/r8a77951-salvator-xs.dtb'.
Load address: 0x48000000
Loading: *#######
	 7.9 MiB/s
done
Bytes transferred = 90876 (162fc hex)
Moving Image from 0x48080000 to 0x48200000, end=4a260000
## Flattened Device Tree blob at 48000000
   Booting using the fdt blob at 0x48000000
   Loading Device Tree to 0000000053fe6000, end 0000000053fff2fb ... OK

Starting kernel ...

[    0.000000] Booting Linux on physical CPU 0x0000000000 [0x411fd073]
[    0.000000] Linux version 5.10.194-yocto-standard (thuan.nguyen-hong@banvien) (aarch64-poky-linux-gcc (GCC) 9.3.0, GNU ld (GNU Binutils) 2.34.0.20200220) #10 SMP PREEMPT Mon Feb 19 03:51:05 UTC 2024
[    0.000000] Machine model: Renesas Salvator-X 2nd version board based on r8a77951
[    0.000000] efi: UEFI not found.
[    0.000000] Reserved memory: created CMA memory pool at 0x0000000057000000, size 16 MiB
[    0.000000] OF: reserved mem: initialized node linux,adsp@57000000, compatible id shared-dma-pool
[    0.000000] Reserved memory: created CMA memory pool at 0x0000000058000000, size 384 MiB
[    0.000000] OF: reserved mem: initialized node linux,cma@58000000, compatible id shared-dma-pool
[    0.000000] Reserved memory: created CMA memory pool at 0x0000000070000000, size 256 MiB
[    0.000000] OF: reserved mem: initialized node linux,multimedia@70000000, compatible id shared-dma-pool
[    0.000000] NUMA: No NUMA configuration found
[    0.000000] NUMA: Faking a node at [mem 0x0000000048000000-0x000000077fffffff]
[    0.000000] NUMA: NODE_DATA [mem 0x77efdab00-0x77efdcfff]
[    0.000000] Zone ranges:
[    0.000000]   DMA      [mem 0x0000000048000000-0x000000007fffffff]
[    0.000000]   DMA32    [mem 0x0000000080000000-0x00000000ffffffff]
[    0.000000]   Normal   [mem 0x0000000100000000-0x000000077fffffff]
[    0.000000] Movable zone start for each node
[    0.000000] Early memory node ranges
[    0.000000]   node   0: [mem 0x0000000048000000-0x0000000053ffffff]
[    0.000000]   node   0: [mem 0x0000000054000000-0x0000000056ffffff]
[    0.000000]   node   0: [mem 0x0000000057000000-0x00000000bfffffff]
[    0.000000]   node   0: [mem 0x0000000500000000-0x000000057fffffff]
[    0.000000]   node   0: [mem 0x0000000600000000-0x000000067fffffff]
[    0.000000]   node   0: [mem 0x0000000700000000-0x000000077fffffff]
[    0.000000] Initmem setup node 0 [mem 0x0000000048000000-0x000000077fffffff]
[    0.000000] psci: probing for conduit method from DT.
[    0.000000] psci: PSCIv1.1 detected in firmware.
[    0.000000] psci: Using standard PSCI v0.2 function IDs
[    0.000000] psci: Trusted OS resident on physical CPU 0x0
[    0.000000] psci: SMC Calling Convention v1.2
[    0.000000] percpu: Embedded 23 pages/cpu s56984 r8192 d29032 u94208
[    0.000000] Detected PIPT I-cache on CPU0
[    0.000000] CPU features: detected: EL2 vector hardening
[    0.000000] CPU features: detected: Spectre-v2
[    0.000000] CPU features: detected: ARM errata 1165522, 1319367, or 1530923
[    0.000000] CPU features: detected: Spectre-BHB
[    0.000000] CPU features: detected: ARM erratum 1742098
[    0.000000] Built 1 zonelists, mobility grouping on.  Total pages: 2032128
[    0.000000] Policy zone: Normal
[    0.000000] Kernel command line: rw root=/dev/nfs nfsroot=192.168.10.99:/data/tftpboot/traivo/H3/rootfs,nfsvers=4, ip=192.168.10.167
[    0.000000] Dentry cache hash table entries: 1048576 (order: 11, 8388608 bytes, linear)
[    0.000000] Inode-cache hash table entries: 524288 (order: 10, 4194304 bytes, linear)
[    0.000000] mem auto-init: stack:off, heap alloc:off, heap free:off
[    0.000000] software IO TLB: mapped [mem 0x000000004ffe6000-0x0000000053fe6000] (64MB)
[    0.000000] Memory: 7276840K/8257536K available (15232K kernel code, 2834K rwdata, 8240K rodata, 6144K init, 517K bss, 308952K reserved, 671744K cma-reserved)
[    0.000000] SLUB: HWalign=64, Order=0-3, MinObjects=0, CPUs=8, Nodes=1
[    0.000000] rcu: Preemptible hierarchical RCU implementation.
[    0.000000] rcu: 	RCU event tracing is enabled.
[    0.000000] rcu: 	RCU restricting CPUs from NR_CPUS=256 to nr_cpu_ids=8.
[    0.000000] 	Trampoline variant of Tasks RCU enabled.
[    0.000000] rcu: RCU calculated value of scheduler-enlistment delay is 25 jiffies.
[    0.000000] rcu: Adjusting geometry for rcu_fanout_leaf=16, nr_cpu_ids=8
[    0.000000] NR_IRQS: 64, nr_irqs: 64, preallocated irqs: 0
[    0.000000] arch_timer: cp15 timer(s) running at 8.32MHz (virt).
[    0.000000] clocksource: arch_sys_counter: mask: 0xffffffffffffff max_cycles: 0x1eb398c07, max_idle_ns: 440795202503 ns
[    0.000003] sched_clock: 56 bits at 8MHz, resolution 120ns, wraps every 2199023255503ns
[    0.000207] Console: colour dummy device 80x25
[    0.000414] printk: console [tty0] enabled
[    0.000489] Calibrating delay loop (skipped), value calculated using timer frequency.. 16.64 BogoMIPS (lpj=33280)
[    0.000504] pid_max: default: 32768 minimum: 301
[    0.000561] LSM: Security Framework initializing
[    0.000646] Mount-cache hash table entries: 16384 (order: 5, 131072 bytes, linear)
[    0.000697] Mountpoint-cache hash table entries: 16384 (order: 5, 131072 bytes, linear)
[    0.002143] rcu: Hierarchical SRCU implementation.
[    0.003731] Detected Renesas R-Car Gen3 r8a7795 ES3.0
[    0.005867] EFI services will not be available.
[    0.006202] smp: Bringing up secondary CPUs ...
[    0.006667] Detected PIPT I-cache on CPU1
[    0.006716] CPU1: Booted secondary processor 0x0000000001 [0x411fd073]
[    0.007195] Detected PIPT I-cache on CPU2
[    0.007220] CPU2: Booted secondary processor 0x0000000002 [0x411fd073]
[    0.007644] Detected PIPT I-cache on CPU3
[    0.007666] CPU3: Booted secondary processor 0x0000000003 [0x411fd073]
[    0.008132] CPU features: detected: ARM erratum 845719
[    0.008144] Detected VIPT I-cache on CPU4
[    0.008191] CPU4: Booted secondary processor 0x0000000100 [0x410fd034]
[    0.008673] Detected VIPT I-cache on CPU5
[    0.008700] CPU5: Booted secondary processor 0x0000000101 [0x410fd034]
[    0.009135] Detected VIPT I-cache on CPU6
[    0.009162] CPU6: Booted secondary processor 0x0000000102 [0x410fd034]
[    0.009597] Detected VIPT I-cache on CPU7
[    0.009624] CPU7: Booted secondary processor 0x0000000103 [0x410fd034]
[    0.009704] smp: Brought up 1 node, 8 CPUs
[    0.009765] SMP: Total of 8 processors activated.
[    0.009773] CPU features: detected: 32-bit EL0 Support
[    0.009781] CPU features: detected: CRC32 instructions
[    0.009788] CPU features: detected: 32-bit EL1 Support
[    0.022998] CPU: All CPU(s) started at EL1
[    0.023049] alternatives: patching kernel code
[    0.024214] devtmpfs: initialized
[    0.030996] KASLR disabled due to lack of seed
[    0.031148] clocksource: jiffies: mask: 0xffffffff max_cycles: 0xffffffff, max_idle_ns: 7645041785100000 ns
[    0.031169] futex hash table entries: 2048 (order: 5, 131072 bytes, linear)
[    0.039812] pinctrl core: initialized pinctrl subsystem
[    0.041288] DMI not present or invalid.
[    0.041793] NET: Registered protocol family 16
[    0.042731] DMA: preallocated 1024 KiB GFP_KERNEL pool for atomic allocations
[    0.042929] DMA: preallocated 1024 KiB GFP_KERNEL|GFP_DMA pool for atomic allocations
[    0.043217] DMA: preallocated 1024 KiB GFP_KERNEL|GFP_DMA32 pool for atomic allocations
[    0.043256] audit: initializing netlink subsys (disabled)
[    0.043436] audit: type=2000 audit(0.040:1): state=initialized audit_enabled=0 res=1
[    0.044592] thermal_sys: Registered thermal governor 'power_allocator'
[    0.045117] cpuidle: using governor menu
[    0.045285] hw-breakpoint: found 6 breakpoint and 4 watchpoint registers.
[    0.045408] ASID allocator initialised with 65536 entries
[    0.046695] Serial: AMBA PL011 UART driver
[    0.089509] sh-pfc e6060000.pinctrl: r8a77951_pfc support registered
[    0.104239] HugeTLB registered 1.00 GiB page size, pre-allocated 0 pages
[    0.104253] HugeTLB registered 32.0 MiB page size, pre-allocated 0 pages
[    0.104261] HugeTLB registered 2.00 MiB page size, pre-allocated 0 pages
[    0.104268] HugeTLB registered 64.0 KiB page size, pre-allocated 0 pages
[    0.105241] cryptd: max_cpu_qlen set to 1000
[    0.107508] ACPI: Interpreter disabled.
[    0.111330] rcar-avs: use avs value: 0
[    0.111345] rcar-avs: cpu@0 is running with: opp_table0
[    0.111355] rcar-avs: cpu@1 is running with: opp_table0
[    0.111374] rcar-avs: cpu@2 is running with: opp_table0
[    0.111384] rcar-avs: cpu@3 is running with: opp_table0
[    0.111473] rcar-avs: gsx@fd000000 is running with: gsx_opp_table0
[    0.112887] iommu: Default domain type: Translated 
[    0.113457] ipmmu-vmsa e67b0000.iommu: IPMMU context 0 is reserved
[    0.114467] vgaarb: loaded
[    0.114662] SCSI subsystem initialized
[    0.114905] usbcore: registered new interface driver usbfs
[    0.114937] usbcore: registered new interface driver hub
[    0.114963] usbcore: registered new device driver usb
[    0.118521] i2c-sh_mobile e60b0000.i2c: I2C adapter 7, bus speed 400000 Hz
[    0.119057] mc: Linux media interface: v0.10
[    0.119079] videodev: Linux video capture interface: v2.00
[    0.119127] pps_core: LinuxPPS API ver. 1 registered
[    0.119134] pps_core: Software ver. 5.3.6 - Copyright 2005-2007 Rodolfo Giometti <giometti@linux.it>
[    0.119147] PTP clock support registered
[    0.119317] EDAC MC: Ver: 3.0.0
[    0.121313] FPGA manager framework
[    0.121371] Advanced Linux Sound Architecture Driver Initialized.
[    0.121921] clocksource: Switched to clocksource arch_sys_counter
[    0.122065] VFS: Disk quotas dquot_6.6.0
[    0.122109] VFS: Dquot-cache hash table entries: 512 (order 0, 4096 bytes)
[    0.122229] pnp: PnP ACPI: disabled
[    0.125714] NET: Registered protocol family 2
[    0.126136] IP idents hash table entries: 131072 (order: 8, 1048576 bytes, linear)
[    0.128404] tcp_listen_portaddr_hash hash table entries: 4096 (order: 4, 65536 bytes, linear)
[    0.128479] TCP established hash table entries: 65536 (order: 7, 524288 bytes, linear)
[    0.128767] TCP bind hash table entries: 65536 (order: 8, 1048576 bytes, linear)
[    0.129354] TCP: Hash tables configured (established 65536 bind 65536)
[    0.129467] UDP hash table entries: 4096 (order: 5, 131072 bytes, linear)
[    0.129580] UDP-Lite hash table entries: 4096 (order: 5, 131072 bytes, linear)
[    0.129800] NET: Registered protocol family 1
[    0.130190] RPC: Registered named UNIX socket transport module.
[    0.130201] RPC: Registered udp transport module.
[    0.130207] RPC: Registered tcp transport module.
[    0.130213] RPC: Registered tcp NFSv4.1 backchannel transport module.
[    0.130226] PCI: CLS 0 bytes, default 64
[    0.131171] hw perfevents: enabled with armv8_cortex_a53 PMU driver, 7 counters available
[    0.131440] hw perfevents: enabled with armv8_cortex_a57 PMU driver, 7 counters available
[    0.132040] kvm [1]: HYP mode not available
[    0.134970] Initialise system trusted keyrings
[    0.135098] workingset: timestamp_bits=42 max_order=21 bucket_order=0
[    0.138194] squashfs: version 4.0 (2009/01/31) Phillip Lougher
[    0.138589] NFS: Registering the id_resolver key type
[    0.138619] Key type id_resolver registered
[    0.138625] Key type id_legacy registered
[    0.138678] nfs4filelayout_init: NFSv4 File Layout Driver Registering...
[    0.138687] nfs4flexfilelayout_init: NFSv4 Flexfile Layout Driver Registering...
[    0.138788] 9p: Installing v9fs 9p2000 file system support
[    0.165382] Key type asymmetric registered
[    0.165394] Asymmetric key parser 'x509' registered
[    0.165424] Block layer SCSI generic (bsg) driver version 0.4 loaded (major 243)
[    0.165435] io scheduler mq-deadline registered
[    0.165444] io scheduler kyber registered
[    0.181528] gpio_rcar e6050000.gpio: driving 16 GPIOs
[    0.181822] gpio_rcar e6051000.gpio: driving 29 GPIOs
[    0.182103] gpio_rcar e6052000.gpio: driving 15 GPIOs
[    0.182425] gpio_rcar e6053000.gpio: driving 16 GPIOs
[    0.182722] gpio_rcar e6054000.gpio: driving 18 GPIOs
[    0.183042] gpio_rcar e6055000.gpio: driving 26 GPIOs
[    0.183334] gpio_rcar e6055400.gpio: driving 32 GPIOs
[    0.183600] gpio_rcar e6055800.gpio: driving 4 GPIOs
[    0.186652] rcar-pcie fe000000.pcie: host bridge /soc/pcie@fe000000 ranges:
[    0.186681] rcar-pcie fe000000.pcie:       IO 0x00fe100000..0x00fe1fffff -> 0x0000000000
[    0.186704] rcar-pcie fe000000.pcie:      MEM 0x00fe200000..0x00fe3fffff -> 0x00fe200000
[    0.186722] rcar-pcie fe000000.pcie:      MEM 0x0030000000..0x0037ffffff -> 0x0030000000
[    0.186737] rcar-pcie fe000000.pcie:      MEM 0x0038000000..0x003fffffff -> 0x0038000000
[    0.186754] rcar-pcie fe000000.pcie:   IB MEM 0x0040000000..0x007fffffff -> 0x0040000000
[    0.186798] rcar-pcie fe000000.pcie: no pcie3v3 regulator found
[    0.186809] rcar-pcie fe000000.pcie: no pcie1v8 regulator found
[    0.253626] rcar-pcie fe000000.pcie: PCIe link down
[    0.253782] rcar-pcie ee800000.pcie: host bridge /soc/pcie@ee800000 ranges:
[    0.253804] rcar-pcie ee800000.pcie:       IO 0x00ee900000..0x00ee9fffff -> 0x0000000000
[    0.253823] rcar-pcie ee800000.pcie:      MEM 0x00eea00000..0x00eebfffff -> 0x00eea00000
[    0.253840] rcar-pcie ee800000.pcie:      MEM 0x00c0000000..0x00c7ffffff -> 0x00c0000000
[    0.253853] rcar-pcie ee800000.pcie:      MEM 0x00c8000000..0x00cfffffff -> 0x00c8000000
[    0.253870] rcar-pcie ee800000.pcie:   IB MEM 0x0040000000..0x007fffffff -> 0x0040000000
[    0.253900] rcar-pcie ee800000.pcie: no pcie3v3 regulator found
[    0.253924] rcar-pcie ee800000.pcie: no pcie1v8 regulator found
[    0.413922] rcar-pcie ee800000.pcie: PCIe link down
[    0.416393] EINJ: ACPI disabled.
[    0.450253] Serial: 8250/16550 driver, 4 ports, IRQ sharing enabled
[    0.452680] SuperH (H)SCI(F) driver initialized
[    0.453112] e6550000.serial: ttySC1 at MMIO 0xe6550000 (irq = 42, base_baud = 0) is a hscif
[    0.453846] e6e88000.serial: ttySC0 at MMIO 0xe6e88000 (irq = 128, base_baud = 0) is a scif
[    1.658577] printk: console [ttySC0] enabled
[    1.663997] msm_serial: driver initialized
[    1.674357] rcar-dw-hdmi fead0000.hdmi: Detected HDMI TX controller v2.01a with HDCP (DWC HDMI 2.0 TX PHY)
[    1.684265] rcar-dw-hdmi fead0000.hdmi: registered DesignWare HDMI I2C bus driver
[    1.692526] rcar-dw-hdmi feae0000.hdmi: Detected HDMI TX controller v2.01a with HDCP (DWC HDMI 2.0 TX PHY)
[    1.702395] rcar-dw-hdmi feae0000.hdmi: registered DesignWare HDMI I2C bus driver
[    1.717858] loop: module loaded
[    1.722453] megasas: 07.714.04.00-rc1
[    1.728192] scsi host0: sata_rcar
[    1.731664] ata1: SATA max UDMA/133 irq 181
[    1.741009] tun: Universal TUN/TAP device driver, 1.6
[    1.746969] thunder_xcv, ver 1.0
[    1.750233] thunder_bgx, ver 1.0
[    1.753478] nicpf, ver 1.0
[    1.757612] hclge is initializing
[    1.760949] hns3: Hisilicon Ethernet Network Driver for Hip08 Family - version
[    1.768172] hns3: Copyright (c) 2017 Huawei Corporation.
[    1.773506] e1000: Intel(R) PRO/1000 Network Driver
[    1.778384] e1000: Copyright (c) 1999-2006 Intel Corporation.
[    1.784154] e1000e: Intel(R) PRO/1000 Network Driver
[    1.789120] e1000e: Copyright(c) 1999 - 2015 Intel Corporation.
[    1.795058] igb: Intel(R) Gigabit Ethernet Network Driver
[    1.800457] igb: Copyright (c) 2007-2014 Intel Corporation.
[    1.806043] igbvf: Intel(R) Gigabit Virtual Function Network Driver
[    1.812310] igbvf: Copyright (c) 2009 - 2012 Intel Corporation.
[    1.818644] sky2: driver version 1.30
[    1.826292] ravb e6800000.ethernet eth0: Base address at 0xe6800000, 2e:09:0a:00:c3:9a, IRQ 125.
[    1.836539] VFIO - User Level meta-driver version: 0.3
[    1.843692] ehci_hcd: USB 2.0 'Enhanced' Host Controller (EHCI) Driver
[    1.850237] ehci-pci: EHCI PCI platform driver
[    1.854700] ehci-platform: EHCI generic platform driver
[    1.860305] ehci-platform ee0a0100.usb: EHCI Host Controller
[    1.865987] ehci-platform ee0a0100.usb: new USB bus registered, assigned bus number 1
[    1.873911] ehci-platform ee0a0100.usb: irq 175, io mem 0xee0a0100
[    1.893930] ehci-platform ee0a0100.usb: USB 2.0 started, EHCI 1.10
[    1.900457] hub 1-0:1.0: USB hub found
[    1.904226] hub 1-0:1.0: 1 port detected
[    1.908635] ehci-platform ee0c0100.usb: EHCI Host Controller
[    1.914309] ehci-platform ee0c0100.usb: new USB bus registered, assigned bus number 2
[    1.922194] ehci-platform ee0c0100.usb: irq 176, io mem 0xee0c0100
[    1.941927] ehci-platform ee0c0100.usb: USB 2.0 started, EHCI 1.10
[    1.948382] hub 2-0:1.0: USB hub found
[    1.952150] hub 2-0:1.0: 1 port detected
[    1.981965] ehci-platform ee0e0100.usb: EHCI Host Controller
[    1.987640] ehci-platform ee0e0100.usb: new USB bus registered, assigned bus number 3
[    1.995509] ehci-platform ee0e0100.usb: irq 177, io mem 0xee0e0100
[    2.013928] ehci-platform ee0e0100.usb: USB 2.0 started, EHCI 1.10
[    2.020364] hub 3-0:1.0: USB hub found
[    2.024132] hub 3-0:1.0: 1 port detected
[    2.028504] ehci-orion: EHCI orion driver
[    2.032760] ehci-exynos: EHCI Exynos driver
[    2.037061] ohci_hcd: USB 1.1 'Open' Host Controller (OHCI) Driver
[    2.043257] ohci-pci: OHCI PCI platform driver
[    2.047733] ohci-platform: OHCI generic platform driver
[    2.053260] ohci-platform ee0a0000.usb: Generic Platform OHCI controller
[    2.059984] ohci-platform ee0a0000.usb: new USB bus registered, assigned bus number 4
[    2.067863] ohci-platform ee0a0000.usb: irq 175, io mem 0xee0a0000
[    2.149937] ata1: link resume succeeded after 1 retries
[    2.164232] hub 4-0:1.0: USB hub found
[    2.168002] hub 4-0:1.0: 1 port detected
[    2.172352] ohci-platform ee0c0000.usb: Generic Platform OHCI controller
[    2.179070] ohci-platform ee0c0000.usb: new USB bus registered, assigned bus number 5
[    2.186965] ohci-platform ee0c0000.usb: irq 176, io mem 0xee0c0000
[    2.261449] ata1: SATA link down (SStatus 0 SControl 300)
[    2.280185] hub 5-0:1.0: USB hub found
[    2.283962] hub 5-0:1.0: 1 port detected
[    2.288290] ohci-platform ee0e0000.usb: Generic Platform OHCI controller
[    2.295002] ohci-platform ee0e0000.usb: new USB bus registered, assigned bus number 6
[    2.302874] ohci-platform ee0e0000.usb: irq 177, io mem 0xee0e0000
[    2.396195] hub 6-0:1.0: USB hub found
[    2.399962] hub 6-0:1.0: 1 port detected
[    2.404306] ohci-exynos: OHCI Exynos driver
[    2.409159] xhci-hcd ee000000.usb: xHCI Host Controller
[    2.414398] xhci-hcd ee000000.usb: new USB bus registered, assigned bus number 7
[    2.437662] xhci-hcd ee000000.usb: hcc params 0x014051ce hci version 0x100 quirks 0x0000000000830410
[    2.446827] xhci-hcd ee000000.usb: irq 172, io mem 0xee000000
[    2.452693] xhci-hcd ee000000.usb: xHCI Host Controller
[    2.457926] xhci-hcd ee000000.usb: new USB bus registered, assigned bus number 8
[    2.465330] xhci-hcd ee000000.usb: Host supports USB 3.0 SuperSpeed
[    2.471893] hub 7-0:1.0: USB hub found
[    2.475663] hub 7-0:1.0: 1 port detected
[    2.479755] usb usb8: We don't know the algorithms for LPM for this host, disabling LPM.
[    2.488115] hub 8-0:1.0: USB hub found
[    2.491886] hub 8-0:1.0: 1 port detected
[    2.496710] usbcore: registered new interface driver usb-storage
[    2.504394] renesas_usbhs e6590000.usb: host probed
[    2.509285] renesas_usbhs e6590000.usb: no transceiver found
[    2.515008] renesas_usbhs e6590000.usb: gadget probed
[    2.520226] renesas_usbhs e6590000.usb: probed
[    2.525116] renesas_usbhs e659c000.usb: host probed
[    2.530012] renesas_usbhs e659c000.usb: no transceiver found
[    2.535723] renesas_usbhs e659c000.usb: gadget probed
[    2.540913] renesas_usbhs e659c000.usb: probed
[    2.547878] i2c /dev entries driver
[    2.562480] cs2000-cp 2-004f: revision - C1
[    2.566724] i2c-rcar e6510000.i2c: probed
[    2.571557] pca953x 4-0020: supply vcc not found, using dummy regulator
[    2.578258] pca953x 4-0020: using no AI
[    2.582902] gpio-355 (PCIE/SATA switch): hogged as output/low
[    2.595175] i2c-rcar e66d8000.i2c: probed
[    2.600496] adv748x 4-0070: Endpoint /soc/i2c@e66d8000/video-receiver@70/port@7/endpoint on port 7
[    2.609480] adv748x 4-0070: Endpoint /soc/i2c@e66d8000/video-receiver@70/port@8/endpoint on port 8
[    2.618452] adv748x 4-0070: Endpoint /soc/i2c@e66d8000/video-receiver@70/port@a/endpoint on port 10
[    2.627517] adv748x 4-0070: Endpoint /soc/i2c@e66d8000/video-receiver@70/port@b/endpoint on port 11
[    2.636905] adv748x 4-0070: chip found @ 0xe0 revision 2143
[    2.673934] usb 2-1: new high-speed USB device number 2 using ehci-platform
[    2.697410] rcar-csi2 fea80000.csi2: 1 lanes found
[    2.702567] rcar-csi2 feaa0000.csi2: 4 lanes found
[    2.712119] rcar-vin e6ef0000.video: Device registered as video0
[    2.718196] rcar-vin e6ef1000.video: Device registered as video1
[    2.724265] rcar-vin e6ef2000.video: Device registered as video2
[    2.730339] rcar-vin e6ef3000.video: Device registered as video3
[    2.736407] rcar-vin e6ef4000.video: Device registered as video4
[    2.742478] rcar-vin e6ef5000.video: Device registered as video5
[    2.748550] rcar-vin e6ef6000.video: Device registered as video6
[    2.754627] rcar-vin e6ef7000.video: Device registered as video7
[    2.763435] rcar_gen3_thermal e6198000.thermal: is using pseudo fixed FUSE values
[    2.775608] rcar_gen3_thermal e6198000.thermal: TSC0: Loaded 1 trip points
[    2.787018] rcar_gen3_thermal e6198000.thermal: TSC1: Loaded 1 trip points
[    2.797975] rcar_gen3_thermal e6198000.thermal: TSC2: Loaded 3 trip points
[    2.810187] sdhci: Secure Digital Host Controller Interface driver
[    2.816393] sdhci: Copyright(c) Pierre Ossman
[    2.821590] Synopsys Designware Multimedia Card Interface Driver
[    2.821747] renesas_sdhi_internal_dmac ee140000.mmc: Adding to iommu group 0
[    2.821837] renesas_sdhi_internal_dmac ee100000.mmc: Got CD GPIO
[    2.821892] renesas_sdhi_internal_dmac ee100000.mmc: Got WP GPIO
[    2.822219] renesas_sdhi_internal_dmac ee160000.mmc: Got CD GPIO
[    2.822247] renesas_sdhi_internal_dmac ee160000.mmc: Got WP GPIO
[    2.828963] sdhci-pltfm: SDHCI platform and OF driver helper
[    2.834745] renesas_sdhi_internal_dmac ee140000.mmc: Using IPMMU context 1
[    2.836125] usb-storage 2-1:1.0: USB Mass Storage device detected
[    2.836555] scsi host1: usb-storage 2-1:1.0
[    2.881876] ledtrig-cpu: registered to indicate activity on CPUs
[    2.888906] SMCCC: SOC_ID: ARCH_SOC_ID not implemented, skipping ....
[    2.895951] usbcore: registered new interface driver usbhid
[    2.901533] usbhid: USB HID core driver
[    2.909170] optee: probing for conduit method.
[    2.913638] optee: revision 3.22 (314ecf9d)
[    2.914031] optee driver R-Car Rev.1.0.11
[    2.922507] optee: dynamic shared memory is enabled
[    2.927654] optee: initialized driver
[    2.930006] renesas_sdhi_internal_dmac ee140000.mmc: mmc0 base at 0x00000000ee140000, max clock rate 200 MHz
[    2.944680] rcar_sound ec500000.sound: probed
[    2.949759] NET: Registered protocol family 17
[    2.954333] 9pnet: Installing 9P2000 support
[    2.958662] Key type dns_resolver registered
[    2.963183] registered taskstats version 1
[    2.967296] Loading compiled-in X.509 certificates
[    2.982006] thermal emergency: set temperature to 110 celsius
[    2.987945] thermal emergency: shutdown target cpus 1-7
[    2.993173] thermal emergency: freq scaled target cpus 0
[    2.998847] renesas_irqc e61c0000.interrupt-controller: driving 6 irqs
[    3.015046] mmc0: new HS400 MMC card at address 0001
[    3.020642] mmcblk0: mmc0:0001 BGSD3R 29.1 GiB 
[    3.025566] mmcblk0boot0: mmc0:0001 BGSD3R partition 1 16.0 MiB
[    3.031880] mmcblk0boot1: mmc0:0001 BGSD3R partition 2 16.0 MiB
[    3.038011] mmcblk0rpmb: mmc0:0001 BGSD3R partition 3 4.00 MiB, chardev (509:0)
[    3.045951] ehci-platform ee080100.usb: EHCI Host Controller
[    3.046845]  mmcblk0: p1
[    3.051641] ehci-platform ee080100.usb: new USB bus registered, assigned bus number 9
[    3.062062] ehci-platform ee080100.usb: irq 174, io mem 0xee080100
[    3.081931] ehci-platform ee080100.usb: USB 2.0 started, EHCI 1.10
[    3.088550] hub 9-0:1.0: USB hub found
[    3.092322] hub 9-0:1.0: 1 port detected
[    3.097796] ohci-platform ee080000.usb: Generic Platform OHCI controller
[    3.104523] ohci-platform ee080000.usb: new USB bus registered, assigned bus number 10
[    3.112497] ohci-platform ee080000.usb: irq 174, io mem 0xee080000
[    3.208536] hub 10-0:1.0: USB hub found
[    3.212397] hub 10-0:1.0: 1 port detected
[    3.217763] cpu cpu0: EM: created perf domain
[    3.222692] cpu cpu4: EM: created perf domain
[    3.230506] renesas_sdhi_internal_dmac ee100000.mmc: Got CD GPIO
[    3.233513] renesas_sdhi_internal_dmac ee160000.mmc: Got CD GPIO
[    3.235144] [drm] Initialized rcar-du 1.0.0 20130110 for feb00000.display on minor 0
[    3.235146] [drm] Device feb00000.display probed
[    3.236559] renesas_sdhi_internal_dmac ee100000.mmc: Got WP GPIO
[    3.242612] renesas_sdhi_internal_dmac ee160000.mmc: Got WP GPIO
[    3.299849] renesas_sdhi_internal_dmac ee100000.mmc: mmc1 base at 0x00000000ee100000, max clock rate 200 MHz
[    3.304599] Console: switching to colour frame buffer device 128x48
[    3.314577] renesas_sdhi_internal_dmac ee160000.mmc: mmc2 base at 0x00000000ee160000, max clock rate 200 MHz
[    3.349526] rcar-du feb00000.display: [drm] fb0: rcar-dudrmfb frame buffer device
[    3.361961] input: keys as /devices/platform/keys/input/input0
[    3.441657] Micrel KSZ9031 Gigabit PHY e6800000.ethernet-ffffffff:00: attached PHY driver [Micrel KSZ9031 Gigabit PHY] (mii_bus:phy_addr=e6800000.ethernet-ffffffff:00, irq=183)
[    3.839777] scsi 1:0:0:0: Direct-Access     SanDisk  Ultra            1.00 PQ: 0 ANSI: 6
[    3.849248] sd 1:0:0:0: [sda] 121307136 512-byte logical blocks: (62.1 GB/57.8 GiB)
[    3.858348] sd 1:0:0:0: [sda] Write Protect is off
[    3.864219] sd 1:0:0:0: [sda] Write cache: disabled, read cache: enabled, doesn't support DPO or FUA
[    3.885500]  sda: sda1
[    3.892953] sd 1:0:0:0: [sda] Attached SCSI removable disk
[   13.156418] ravb e6800000.ethernet eth0: Link is Up - 1Gbps/Full - flow control off
[   13.181958] IP-Config: Guessing netmask 255.255.255.0
[   13.187120] IP-Config: Complete:
[   13.190432]      device=eth0, hwaddr=2e:09:0a:00:c3:9a, ipaddr=192.168.10.167, mask=255.255.255.0, gw=255.255.255.255
[   13.201243]      host=192.168.10.167, domain=, nis-domain=(none)
[   13.207378]      bootserver=255.255.255.255, rootserver=192.168.10.99, rootpath=
[   13.207999] ALSA device list:
[   13.226598]   No soundcards found.
[   14.262500] VFS: Mounted root (nfs4 filesystem) on device 0:22.
[   14.273398] devtmpfs: mounted
[   14.281636] Freeing unused kernel memory: 6144K
[   14.310159] Run /sbin/init as init process
[   14.473612] systemd[1]: System time before build time, advancing clock.
[   14.851588] NET: Registered protocol family 10
[   14.859968] Segment Routing with IPv6
[   14.884393] systemd[1]: Configuration file /etc/systemd/system.conf is marked executable. Please remove executable permission bits. Proceeding anyway.
[   14.908569] systemd[1]: Configuration file /lib/systemd/system.conf.d/00-systemd-conf.conf is marked executable. Please remove executable permission bits. Proceeding anyway.
[   14.934116] systemd[1]: systemd 244 running in system mode. (+PAM -AUDIT -SELINUX +IMA -APPARMOR -SMACK +SYSVINIT +UTMP -LIBCRYPTSETUP -GCRYPT -GNUTLS +ACL +XZ -LZ4 -SECCOMP +BLKID -ELFUTILS +KMOD -IDN2 -IDN -PCRE2 default-hierarchy=hybrid)
[   14.958544] systemd[1]: Detected architecture arm64.

Welcome to [1mPoky (Yocto Project Reference Distro) 3.1.11 (dunfell)[0m!

[   14.988053] systemd[1]: Set hostname to <salvator-x>.
[   15.145988] random: crng init done
[   15.189715] systemd[1]: Configuration file /lib/systemd/system/local-fs.target is marked executable. Please remove executable permission bits. Proceeding anyway.
[   15.227307] systemd[1]: Configuration file /lib/systemd/system/swap.target is marked executable. Please remove executable permission bits. Proceeding anyway.
[   15.254497] systemd[1]: Configuration file /lib/systemd/system/umount.target is marked executable. Please remove executable permission bits. Proceeding anyway.
[   15.279989] systemd[1]: Configuration file /lib/systemd/system/systemd-journald.socket is marked executable. Please remove executable permission bits. Proceeding anyway.
[   15.306424] systemd[1]: Configuration file /lib/systemd/system/systemd-journald.service is marked executable. Please remove executable permission bits. Proceeding anyway.
[   15.330488] systemd[1]: Configuration file /lib/systemd/system/sysinit.target is marked executable. Please remove executable permission bits. Proceeding anyway.
[   15.364687] systemd[1]: Configuration file /lib/systemd/system/systemd-update-utmp.service is marked executable. Please remove executable permission bits. Proceeding anyway.
[   15.386390] systemd[1]: Configuration file /lib/systemd/system/systemd-update-done.service is marked executable. Please remove executable permission bits. Proceeding anyway.
[   15.407896] systemd[1]: Configuration file /lib/systemd/system/systemd-udevd.service is marked executable. Please remove executable permission bits. Proceeding anyway.
[   15.427851] systemd[1]: Configuration file /lib/systemd/system/systemd-udevd-kernel.socket is marked executable. Please remove executable permission bits. Proceeding anyway.
[   15.448821] systemd[1]: Configuration file /lib/systemd/system/systemd-udevd-control.socket is marked executable. Please remove executable permission bits. Proceeding anyway.
[   15.469709] systemd[1]: Configuration file /lib/systemd/system/systemd-udev-trigger.service is marked executable. Please remove executable permission bits. Proceeding anyway.
[   15.490241] systemd[1]: Configuration file /lib/systemd/system/systemd-tmpfiles-setup.service is marked executable. Please remove executable permission bits. Proceeding anyway.
[   15.511257] systemd[1]: Configuration file /lib/systemd/system/systemd-tmpfiles-setup-dev.service is marked executable. Please remove executable permission bits. Proceeding anyway.
[   15.532908] systemd[1]: Configuration file /lib/systemd/system/systemd-timesyncd.service is marked executable. Please remove executable permission bits. Proceeding anyway.
[   15.554208] systemd[1]: Configuration file /lib/systemd/system/time-sync.target is marked executable. Please remove executable permission bits. Proceeding anyway.
[   15.573632] systemd[1]: Configuration file /lib/systemd/system/time-set.target is marked executable. Please remove executable permission bits. Proceeding anyway.
[   15.592976] systemd[1]: Configuration file /lib/systemd/system/systemd-sysusers.service is marked executable. Please remove executable permission bits. Proceeding anyway.
[   15.613410] systemd[1]: Configuration file /lib/systemd/system/systemd-sysctl.service is marked executable. Please remove executable permission bits. Proceeding anyway.
[   15.633550] systemd[1]: Configuration file /lib/systemd/system/systemd-random-seed.service is marked executable. Please remove executable permission bits. Proceeding anyway.
[   15.656552] systemd[1]: Configuration file /lib/systemd/system/systemd-modules-load.service is marked executable. Please remove executable permission bits. Proceeding anyway.
[   15.677478] systemd[1]: Configuration file /lib/systemd/system/systemd-machine-id-commit.service is marked executable. Please remove executable permission bits. Proceeding anyway.
[   15.699329] systemd[1]: Configuration file /lib/systemd/system/systemd-journal-flush.service is marked executable. Please remove executable permission bits. Proceeding anyway.
[   15.720928] systemd[1]: Configuration file /lib/systemd/system/systemd-journal-catalog-update.service is marked executable. Please remove executable permission bits. Proceeding anyway.
[   15.743223] systemd[1]: Configuration file /lib/systemd/system/systemd-hwdb-update.service is marked executable. Please remove executable permission bits. Proceeding anyway.
[   15.764273] systemd[1]: Configuration file /lib/systemd/system/systemd-ask-password-console.path is marked executable. Please remove executable permission bits. Proceeding anyway.
[   15.786092] systemd[1]: Configuration file /lib/systemd/system/systemd-ask-password-console.service is marked executable. Please remove executable permission bits. Proceeding anyway.
[   15.808104] systemd[1]: Configuration file /lib/systemd/system/systemd-vconsole-setup.service is marked executable. Please remove executable permission bits. Proceeding anyway.
[   15.829143] systemd[1]: Configuration file /lib/systemd/system/initrd-switch-root.target is marked executable. Please remove executable permission bits. Proceeding anyway.
[   15.849878] systemd[1]: Configuration file /lib/systemd/system/initrd-cleanup.service is marked executable. Please remove executable permission bits. Proceeding anyway.
[   15.869751] systemd[1]: Configuration file /lib/systemd/system/initrd.target is marked executable. Please remove executable permission bits. Proceeding anyway.
[   15.888774] systemd[1]: Configuration file /lib/systemd/system/rescue.target is marked executable. Please remove executable permission bits. Proceeding anyway.
[   15.914518] systemd[1]: Configuration file /lib/systemd/system/remote-fs.target is marked executable. Please remove executable permission bits. Proceeding anyway.
[   15.934298] systemd[1]: Configuration file /lib/systemd/system/remote-fs-pre.target is marked executable. Please remove executable permission bits. Proceeding anyway.
[   15.954851] systemd[1]: Configuration file /lib/systemd/system/graphical.target is marked executable. Please remove executable permission bits. Proceeding anyway.
[   15.978776] systemd[1]: Configuration file /lib/systemd/system/multi-user.target is marked executable. Please remove executable permission bits. Proceeding anyway.
[   16.012403] systemd[1]: Configuration file /lib/systemd/system/xinetd.service is marked executable. Please remove executable permission bits. Proceeding anyway.
[   16.031838] systemd[1]: Configuration file /lib/systemd/system/network.target is marked executable. Please remove executable permission bits. Proceeding anyway.
[   16.051425] systemd[1]: Configuration file /lib/systemd/system/network-pre.target is marked executable. Please remove executable permission bits. Proceeding anyway.
[   16.071480] systemd[1]: Configuration file /lib/systemd/system/systemd-user-sessions.service is marked executable. Please remove executable permission bits. Proceeding anyway.
[   16.092593] systemd[1]: Configuration file /lib/systemd/system/nss-user-lookup.target is marked executable. Please remove executable permission bits. Proceeding anyway.
[   16.113230] systemd[1]: Configuration file /lib/systemd/system/systemd-resolved.service is marked executable. Please remove executable permission bits. Proceeding anyway.
[   16.134432] systemd[1]: Configuration file /lib/systemd/system/nss-lookup.target is marked executable. Please remove executable permission bits. Proceeding anyway.
[   16.154120] systemd[1]: Configuration file /lib/systemd/system/systemd-networkd.service is marked executable. Please remove executable permission bits. Proceeding anyway.
[   16.175439] systemd[1]: Configuration file /lib/systemd/system/systemd-logind.service is marked executable. Please remove executable permission bits. Proceeding anyway.
[   16.197138] systemd[1]: Configuration file /lib/systemd/system/dbus.socket is marked executable. Please remove executable permission bits. Proceeding anyway.
[   16.216497] systemd[1]: Configuration file /lib/systemd/system/user.slice is marked executable. Please remove executable permission bits. Proceeding anyway.
[   16.235577] systemd[1]: Configuration file /lib/systemd/system/slices.target is marked executable. Please remove executable permission bits. Proceeding anyway.
[   16.254973] systemd[1]: Configuration file /lib/systemd/system/systemd-ask-password-wall.path is marked executable. Please remove executable permission bits. Proceeding anyway.
[   16.275987] systemd[1]: Configuration file /lib/systemd/system/systemd-ask-password-wall.service is marked executable. Please remove executable permission bits. Proceeding anyway.
[   16.297541] systemd[1]: Configuration file /lib/systemd/system/rpcbind.service is marked executable. Please remove executable permission bits. Proceeding anyway.
[   16.317419] systemd[1]: Configuration file /lib/systemd/system/rpcbind.target is marked executable. Please remove executable permission bits. Proceeding anyway.
[   16.336614] systemd[1]: Configuration file /lib/systemd/system/rpcbind.socket is marked executable. Please remove executable permission bits. Proceeding anyway.
[   16.356271] systemd[1]: Configuration file /lib/systemd/system/rc.pvr.service is marked executable. Please remove executable permission bits. Proceeding anyway.
[   16.375878] systemd[1]: Configuration file /lib/systemd/system/optee.service is marked executable. Please remove executable permission bits. Proceeding anyway.
[   16.395334] systemd[1]: Configuration file /lib/systemd/system/getty.target is marked executable. Please remove executable permission bits. Proceeding anyway.
[   16.417712] systemd[1]: Configuration file /lib/systemd/system/serial-getty@.service is marked executable. Please remove executable permission bits. Proceeding anyway.
[   16.439327] systemd[1]: Configuration file /lib/systemd/system/rc-local.service is marked executable. Please remove executable permission bits. Proceeding anyway.
[   16.459078] systemd[1]: Configuration file /lib/systemd/system/getty-pre.target is marked executable. Please remove executable permission bits. Proceeding anyway.
[   16.479531] systemd[1]: Configuration file /lib/systemd/system/getty@.service is marked executable. Please remove executable permission bits. Proceeding anyway.
[   16.500626] systemd[1]: Configuration file /lib/systemd/system/dbus.service is marked executable. Please remove executable permission bits. Proceeding anyway.
[   16.520445] systemd[1]: Configuration file /lib/systemd/system/avahi-daemon.service is marked executable. Please remove executable permission bits. Proceeding anyway.
[   16.540966] systemd[1]: Configuration file /lib/systemd/system/avahi-daemon.socket is marked executable. Please remove executable permission bits. Proceeding anyway.
[   16.562301] systemd[1]: Configuration file /lib/systemd/system/systemd-update-utmp-runlevel.service is marked executable. Please remove executable permission bits. Proceeding anyway.
[   16.584768] systemd[1]: Configuration file /lib/systemd/system/rescue.service is marked executable. Please remove executable permission bits. Proceeding anyway.
[   16.604745] systemd[1]: Configuration file /lib/systemd/system/initrd-parse-etc.service is marked executable. Please remove executable permission bits. Proceeding anyway.
[   16.626239] systemd[1]: Configuration file /lib/systemd/system/initrd-root-device.target is marked executable. Please remove executable permission bits. Proceeding anyway.
[   16.647256] systemd[1]: Configuration file /lib/systemd/system/basic.target is marked executable. Please remove executable permission bits. Proceeding anyway.
[   16.666703] systemd[1]: Configuration file /lib/systemd/system/timers.target is marked executable. Please remove executable permission bits. Proceeding anyway.
[   16.688600] systemd[1]: Configuration file /lib/systemd/system/systemd-tmpfiles-clean.timer is marked executable. Please remove executable permission bits. Proceeding anyway.
[   16.709808] systemd[1]: Configuration file /lib/systemd/system/systemd-tmpfiles-clean.service is marked executable. Please remove executable permission bits. Proceeding anyway.
[   16.731771] systemd[1]: Configuration file /lib/systemd/system/initrd-fs.target is marked executable. Please remove executable permission bits. Proceeding anyway.
[   16.751659] systemd[1]: Configuration file /lib/systemd/system/initrd-root-fs.target is marked executable. Please remove executable permission bits. Proceeding anyway.
[   16.772395] systemd[1]: Configuration file /lib/systemd/system/initrd-udevadm-cleanup-db.service is marked executable. Please remove executable permission bits. Proceeding anyway.
[   16.794462] systemd[1]: Configuration file /lib/systemd/system/systemd-udev-settle.service is marked executable. Please remove executable permission bits. Proceeding anyway.
[   16.815913] systemd[1]: Configuration file /lib/systemd/system/initrd-switch-root.service is marked executable. Please remove executable permission bits. Proceeding anyway.
[   16.837466] systemd[1]: Configuration file /lib/systemd/system/paths.target is marked executable. Please remove executable permission bits. Proceeding anyway.
[   16.856799] systemd[1]: Configuration file /lib/systemd/system/sys-kernel-debug.mount is marked executable. Please remove executable permission bits. Proceeding anyway.
[   16.877619] systemd[1]: Configuration file /lib/systemd/system/sys-kernel-config.mount is marked executable. Please remove executable permission bits. Proceeding anyway.
[   16.898063] systemd[1]: Configuration file /lib/systemd/system/sys-fs-fuse-connections.mount is marked executable. Please remove executable permission bits. Proceeding anyway.
[   16.919569] systemd[1]: Configuration file /lib/systemd/system/psplash-systemd.service is marked executable. Please remove executable permission bits. Proceeding anyway.
[   16.940428] systemd[1]: Configuration file /lib/systemd/system/psplash-start.service is marked executable. Please remove executable permission bits. Proceeding anyway.
[   16.960824] systemd[1]: Configuration file /lib/systemd/system/ldconfig.service is marked executable. Please remove executable permission bits. Proceeding anyway.
[   16.980568] systemd[1]: Configuration file /lib/systemd/system/kmod-static-nodes.service is marked executable. Please remove executable permission bits. Proceeding anyway.
[   17.001674] systemd[1]: Configuration file /lib/systemd/system/dev-mqueue.mount is marked executable. Please remove executable permission bits. Proceeding anyway.
[   17.021606] systemd[1]: Configuration file /lib/systemd/system/dev-hugepages.mount is marked executable. Please remove executable permission bits. Proceeding anyway.
[   17.042134] systemd[1]: Configuration file /lib/systemd/system/emergency.service is marked executable. Please remove executable permission bits. Proceeding anyway.
[   17.061983] systemd[1]: Configuration file /lib/systemd/system/syslog.socket is marked executable. Please remove executable permission bits. Proceeding anyway.
[   17.081812] systemd[1]: Configuration file /lib/systemd/system/systemd-journald-audit.socket is marked executable. Please remove executable permission bits. Proceeding anyway.
[   17.103330] systemd[1]: Configuration file /lib/systemd/system/systemd-journald-dev-log.socket is marked executable. Please remove executable permission bits. Proceeding anyway.
[   17.124980] systemd[1]: Configuration file /lib/systemd/system/sockets.target is marked executable. Please remove executable permission bits. Proceeding anyway.
[   17.154335] systemd[1]: Configuration file /lib/systemd/system/systemd-networkd.socket is marked executable. Please remove executable permission bits. Proceeding anyway.
[   17.174825] systemd[1]: Configuration file /lib/systemd/system/systemd-initctl.socket is marked executable. Please remove executable permission bits. Proceeding anyway.
[   17.195166] systemd[1]: Configuration file /lib/systemd/system/systemd-initctl.service is marked executable. Please remove executable permission bits. Proceeding anyway.
[   17.215920] systemd[1]: Configuration file /lib/systemd/system/dropbear.socket is marked executable. Please remove executable permission bits. Proceeding anyway.
[   17.235855] systemd[1]: Configuration file /lib/systemd/system/var-volatile-srv.service is marked executable. Please remove executable permission bits. Proceeding anyway.
[   17.257159] systemd[1]: Configuration file /lib/systemd/system/var-volatile-spool.service is marked executable. Please remove executable permission bits. Proceeding anyway.
[   17.278001] systemd[1]: Configuration file /lib/systemd/system/var-volatile-lib.service is marked executable. Please remove executable permission bits. Proceeding anyway.
[   17.298686] systemd[1]: Configuration file /lib/systemd/system/var-volatile-cache.service is marked executable. Please remove executable permission bits. Proceeding anyway.
[   17.319788] systemd[1]: Configuration file /lib/systemd/system/tmp.mount is marked executable. Please remove executable permission bits. Proceeding anyway.
[   17.339335] systemd[1]: Configuration file /lib/systemd/system/systemd-remount-fs.service is marked executable. Please remove executable permission bits. Proceeding anyway.
[   17.360936] systemd[1]: Configuration file /lib/systemd/system/systemd-fsck-root.service is marked executable. Please remove executable permission bits. Proceeding anyway.
[   17.381770] systemd[1]: Configuration file /lib/systemd/system/emergency.target is marked executable. Please remove executable permission bits. Proceeding anyway.
[   17.400666] systemd[1]: Configuration file /lib/systemd/system/local-fs-pre.target is marked executable. Please remove executable permission bits. Proceeding anyway.
[   17.420475] systemd[1]: Configuration file /lib/systemd/system/shutdown.target is marked executable. Please remove executable permission bits. Proceeding anyway.
[   17.441607] systemd[1]: system-getty.slice: unit configures an IP firewall, but the local system does not support BPF/cgroup firewalling.
[   17.456781] systemd[1]: (This warning is only shown for the first unit using IP firewalling.)
[   17.468555] systemd[1]: Created slice system-getty.slice.
[[0;32m  OK  [0m] Created slice [0;1;39msystem-getty.slice[0m.
[   17.494667] systemd[1]: Created slice system-serial\x2dgetty.slice.
[[0;32m  OK  [0m] Created slice [0;1;39msystem-serial\x2dgetty.slice[0m.
[   17.522865] systemd[1]: Created slice User and Session Slice.
[[0;32m  OK  [0m] Created slice [0;1;39mUser and Session Slice[0m.
[   17.546227] systemd[1]: Started Dispatch Password Requests to Console Directory Watch.
[[0;32m  OK  [0m] Started [0;1;39mDispatch Password …ts to Console Directory Watch[0m.
[   17.574155] systemd[1]: Started Forward Password Requests to Wall Directory Watch.
[[0;32m  OK  [0m] Started [0;1;39mForward Password R…uests to Wall Directory Watch[0m.
[   17.602259] systemd[1]: Reached target Paths.
[[0;32m  OK  [0m] Reached target [0;1;39mPaths[0m.
[   17.626128] systemd[1]: Reached target Remote File Systems.
[[0;32m  OK  [0m] Reached target [0;1;39mRemote File Systems[0m.
[   17.650046] systemd[1]: Reached target Slices.
[[0;32m  OK  [0m] Reached target [0;1;39mSlices[0m.
[   17.670163] systemd[1]: Reached target Swap.
[[0;32m  OK  [0m] Reached target [0;1;39mSwap[0m.
[   17.696803] systemd[1]: Listening on RPCbind Server Activation Socket.
[[0;32m  OK  [0m] Listening on [0;1;39mRPCbind Server Activation Socket[0m.
[   17.726125] systemd[1]: Reached target RPC Port Mapper.
[[0;32m  OK  [0m] Reached target [0;1;39mRPC Port Mapper[0m.
[   17.754443] systemd[1]: Listening on initctl Compatibility Named Pipe.
[[0;32m  OK  [0m] Listening on [0;1;39minitctl Compatibility Named Pipe[0m.
[   17.784300] systemd[1]: Listening on Journal Audit Socket.
[[0;32m  OK  [0m] Listening on [0;1;39mJournal Audit Socket[0m.
[   17.811991] systemd[1]: Listening on Journal Socket (/dev/log).
[[0;32m  OK  [0m] Listening on [0;1;39mJournal Socket (/dev/log)[0m.
[   17.838717] systemd[1]: Listening on Journal Socket.
[[0;32m  OK  [0m] Listening on [0;1;39mJournal Socket[0m.
[   17.868264] systemd[1]: Listening on Network Service Netlink Socket.
[[0;32m  OK  [0m] Listening on [0;1;39mNetwork Service Netlink Socket[0m.
[   17.900833] systemd[1]: Listening on udev Control Socket.
[[0;32m  OK  [0m] Listening on [0;1;39mudev Control Socket[0m.
[   17.926546] systemd[1]: Listening on udev Kernel Socket.
[[0;32m  OK  [0m] Listening on [0;1;39mudev Kernel Socket[0m.
[   17.959316] systemd[1]: Mounting Huge Pages File System...
         Mounting [0;1;39mHuge Pages File System[0m...
[   17.991197] systemd[1]: Mounting POSIX Message Queue File System...
         Mounting [0;1;39mPOSIX Message Queue File System[0m...
[   18.023210] systemd[1]: Mounting Kernel Debug File System...
         Mounting [0;1;39mKernel Debug File System[0m...
[   18.058368] systemd[1]: Mounting Temporary Directory (/tmp)...
         Mounting [0;1;39mTemporary Directory (/tmp)[0m...
[   18.092312] systemd[1]: Starting Create list of static device nodes for the current kernel...
         Starting [0;1;39mCreate list of st…odes for the current kernel[0m...
[   18.127117] systemd[1]: Starting Start psplash boot splash screen...
         Starting [0;1;39mStart psplash boot splash screen[0m...
[   18.160521] systemd[1]: Starting RPC Bind...
         Starting [0;1;39mRPC Bind[0m...
[   18.194775] systemd[1]: Condition check resulted in File System Check on Root Device being skipped.
[   18.210394] systemd[1]: Starting Journal Service...
         Starting [0;1;39mJournal Service[0m...
[   18.227500] systemd-journald[356]: Configuration file /etc/systemd/journald.conf is marked executable. Please remove executable permission bits. Proceeding anyway.
[   18.243896] systemd-journald[356]: Configuration file /lib/systemd/journald.conf.d/00-systemd-conf.conf is marked executable. Please remove executable permission bits. Proceeding anyway.
[   18.271350] systemd[1]: Starting Load Kernel Modules...
         Starting [0;1;39mLoad Kernel Modules[0m...
[   18.294827] systemd[1]: Starting Remount Root and Kernel File Systems...
         Starting [0;1;39mRemount Root and Kernel File Systems[0m...
[   18.322507] systemd[1]: Starting udev Coldplug all Devices...
         Starting [0;1;39mudev Coldplug all Devices[0m...
[   18.348309] systemd[1]: Started Start psplash boot splash screen.
[[0;32m  OK  [0m] Started [0;1;39mStart psplash boot splash screen[0m.
[   18.370744] systemd[1]: Started RPC Bind.
[[0;32m  OK  [0m] Started [0;1;39mRPC Bind[0m.
[   18.390597] systemd[1]: Started Journal Service.
[[0;32m  OK  [0m] Started [0;1;39mJournal Service[0m.
[[0;32m  OK  [0m] Mounted [0;1;39mHuge Pages File System[0m.
[[0;32m  OK  [0m] Mounted [0;1;39mPOSIX Message Queue File System[0m.
[[0;32m  OK  [0m] Mounted [0;1;39mKernel Debug File System[0m.
[[0;32m  OK  [0m] Mounted [0;1;39mTemporary Directory (/tmp)[0m.
[[0;32m  OK  [0m] Started [0;1;39mCreate list of sta… nodes for the current kernel[0m.
[[0;32m  OK  [0m] Started [0;1;39mLoad Kernel Modules[0m.
[[0;32m  OK  [0m] Started [0;1;39mRemount Root and Kernel File Systems[0m.
         Mounting [0;1;39mKernel Configuration File System[0m...
[[0;32m  OK  [0m] Started [0;1;39mStart psplash-syst…progress communication helper[0m.
         Starting [0;1;39mFlush Journal to Persistent Storage[0m...
         Starting [0;1;39mApply Kernel Variables[0m...
[   18.626475] systemd-journald[356]: Received client request to flush runtime journal.
         Starting [0;1;39mCreate Static Device Nodes in /dev[0m...
[[0;32m  OK  [0m] Mounted [0;1;39mKernel Configuration File System[0m.
[[0;32m  OK  [0m] Started [0;1;39mFlush Journal to Persistent Storage[0m.
[[0;32m  OK  [0m] Started [0;1;39mApply Kernel Variables[0m.
[[0;32m  OK  [0m] Started [0;1;39mCreate Static Device Nodes in /dev[0m.
[[0;32m  OK  [0m] Reached target [0;1;39mLocal File Systems (Pre)[0m.
         Mounting [0;1;39m/var/volatile[0m...
         Starting [0;1;39mudev Kernel Device Manager[0m...
[[0;32m  OK  [0m] Started [0;1;39mudev Coldplug all Devices[0m.
[[0;32m  OK  [0m] Mounted [0;1;39m/var/volatile[0m.
         Starting [0;1;39mLoad/Save Random Seed[0m...
[[0;32m  OK  [0m] Reached target [0;1;39mLocal File Systems[0m.
         Starting [0;1;39mCreate Volatile Files and Directories[0m...
[[0;32m  OK  [0m] Started [0;1;39mudev Kernel Device Manager[0m.
[[0;32m  OK  [0m] Started [0;1;39mLoad/Save Random Seed[0m.
         Starting [0;1;39mNetwork Service[0m...
[[0;32m  OK  [0m] Started [0;1;39mCreate Volatile Files and Directories[0m.
         Starting [0;1;39mNetwork Time Synchronization[0m...
         Starting [0;1;39mUpdate UTMP about System Boot/Shutdown[0m...
[[0;32m  OK  [0m] Started [0;1;39mNetwork Service[0m.
         Starting [0;1;39mNetwork Name Resolution[0m...
[[0;32m  OK  [0m] Started [0;1;39mUpdate UTMP about System Boot/Shutdown[0m.
[[0;32m  OK  [0m] Started [0;1;39mNetwork Time Synchronization[0m.
[   19.161812] pwm-backlight: probe of backlight failed with error -16
[[0;32m  OK  [0m] Reached target [0;1;39mSystem Initialization[0m.
[[0;32m  OK  [0m] Started [0;1;39mDaily Cleanup of Temporary Directories[0m.
[[0;32m  OK  [0m] Reached target [0;1;39mSystem Time Set[0m.
[   19.245509] at24 7-0050: supply vcc not found, using dummy regulator
[   19.255019] at24 7-0050: 128 byte br24t01 EEPROM, writable, 8 bytes/write
[[0;32m  OK  [0m] Reached target [0;1;39mSystem Time Synchronized[0m.
[[0;32m  OK  [0m] Reached target [0;1;39mTimers[0m.
[[0;32m  OK  [0m] Listening on [0;1;39mAvahi mDNS/DNS-SD Stack Activation Socket[0m.
[   19.326836] renesas_usb3 ee020000.usb: probed with phy
[[0;32m  OK  [0m] Listening on [0;1;39mD-Bus System Message Bus Socket[0m.
[[0;32m  OK  [0m] Listening on [0;1;39mdropbear.socket[0m.
[[0;32m  OK  [0m] Reached target [0;1;39mSockets[0m.
[[0;32m  OK  [0m] Reached target [0;1;39mBasic System[0m.
[[0;32m  OK  [0m] Started [0;1;39mD-Bus System Message Bus[0m.
[   19.444861] ccree e6601000.crypto: ARM CryptoCell 630P Driver: HW version 0xAF400001/0xDCC63000, Driver version 5.0
[[0;32m  OK  [0m] Started [0;1;39moptee services[0m.
         Starting [0;1;39mpvrinit.service[0m...
[   19.483544] ccree e6601000.crypto: ARM ccree device initialized
         Starting [0;1;39mPowerVR consumer services[0m...
         Starting [0;1;39mLogin Service[0m...
[[0;32m  OK  [0m] Started [0;1;39mNetwork Name Resolution[0m.
[[0;1;31mFAILED[0m] Failed to start [0;1;39mpvrinit.service[0m.
See 'systemctl status pvrinit.service' for details.
[[0;1;31mFAILED[0m] Failed to start [0;1;39mPowerVR consumer services[0m.
See 'systemctl status rc.pvr.service' for details.
[[0;1;38;5;185mDEPEND[0m] Dependency failed for [0;1;39mWeston Wayland Compositor[0m.
[[0;32m  OK  [0m] Started [0;1;39mLogin Service[0m.
[[0;32m  OK  [0m] Created slice [0;1;39msystem-weston.slice[0m.
[[0;32m  OK  [0m] Reached target [0;1;39mNetwork[0m.
[[0;32m  OK  [0m] Reached target [0;1;39mHost and Network Name Lookups[0m.
[[0;32m  OK  [0m] Reached target [0;1;39mHardware activated USB gadget[0m.
         Starting [0;1;39mAvahi mDNS/DNS-SD Stack[0m...
         Starting [0;1;39mset_default_governor.service[0m...
         Starting [0;1;39mPermit User Sessions[0m...
[[0;32m  OK  [0m] Started [0;1;39mXinetd A Powerful Replacement For Inetd[0m.
[   19.918258] rd 0-7: Disabling EAS, schedutil is mandatory
[[0;32m  OK  [0m] Started [0;1;39mPermit User Sessions[0m.
[[0;32m  OK  [0m] Started [0;1;39mAvahi mDNS/DNS-SD Stack[0m.
[[0;32m  OK  [0m] Started [0;1;39mset_default_governor.service[0m.
[[0;32m  OK  [0m] Started [0;1;39mGetty on tty1[0m.
[[0;32m  OK  [0m] Started [0;1;39mSerial Getty on ttySC0[0m.
[[0;32m  OK  [0m] Reached target [0;1;39mLogin Prompts[0m.
[[0;32m  OK  [0m] Reached target [0;1;39mMulti-User System[0m.
         Starting [0;1;39mUpdate UTMP about System Runlevel Changes[0m...
[[0;32m  OK  [0m] Started [0;1;39mUpdate UTMP about System Runlevel Changes[0m.

Poky (Yocto Project Reference Distro) 3.1.11 salvator-x ttySC0

salvator-x login: 
salvator-x login: root
[   21.793369] audit: type=1006 audit(1708653590.987:2): pid=531 uid=0 old-auid=4294967295 auid=0 tty=(none) old-ses=4294967295 ses=1 res=1
7[r[999;999H[6n8root@salvator-x:~# 
root@salvator-x:~# 
root@salvator-x:~# 
root@salvator-x:~# 
root@salvator-x:~# 
root@salvator-x:~# 
root@salvator-x:~# 
root@salvator-x:~# 
root@salvator-x:~# 
----------Prepare----------


root@salvator-x:~# find /sys/devices/platform/soc/ee0c0100.usb/ -name 'sd*'
/sys/devices/platform/soc/ee0c0100.usb/usb2/2-1/2-1:1.0/host1/target1:0:0/1:0:0:0/block/sda
/sys/devices/platform/soc/ee0c0100.usb/usb2/2-1/2-1:1.0/host1/target1:0:0/1:0:0:0/block/sda/sda1
root@salvator-x:~# 
root@salvator-x:~# dd if=/dev/urandom of=testdata bs=10M count=5
5+0 records in
5+0 records out
52428800 bytes (52 MB, 50 MiB) copied, 1.38563 s, 37.8 MB/s
root@salvator-x:~# 
root@salvator-x:~# mkdir -p /mnt/usb
root@salvator-x:~# 
root@salvator-x:~# mount /dev/sda1 /mnt/usb
[   33.960800] EXT4-fs (sda1): mounted filesystem with ordered data mode. Opts: (null)
root@salvator-x:~# 
root@salvator-x:~# cp testdata /mnt/usb/
root@salvator-x:~# 
root@salvator-x:~# umount /mnt/usb
root@salvator-x:~# 
root@salvator-x:~# find /sys/devices/platform/soc/ee0c0100.usb/ -name 'sd*'
/sys/devices/platform/soc/ee0c0100.usb/usb2/2-1/2-1:1.0/host1/target1:0:0/1:0:0:0/block/sda
/sys/devices/platform/soc/ee0c0100.usb/usb2/2-1/2-1:1.0/host1/target1:0:0/1:0:0:0/block/sda/sda1
root@salvator-x:~# 
root@salvator-x:~# i2cset -f -y 7 0x30 0x20 0x0f
root@salvator-x:~# 

Switch SW23 off and input 'yes' to continue:
[   43.998095] SDHI0 VccQ: disabling
[   44.001488] SDHI3 VccQ: disabling
Input 'yes' to continue: 

root@salvator-x:~# echo N > /sys/module/printk/parameters/console_suspend
root@salvator-x:~# 
root@salvator-x:~# mount /dev/sda1 /mnt/usb
[   49.586529] EXT4-fs (sda1): mounted filesystem with ordered data mode. Opts: (null)
root@salvator-x:~# 
root@salvator-x:~# cp testdata /mnt/usb/testdata_from_nfs &
[1] 556
root@salvator-x:~# 
root@salvator-x:~# echo mem > /sys/power/state
[   50.982235] PM: suspend entry (deep)
[   53.516707] Filesystems sync: 2.530 seconds
[   53.522631] Freezing user space processes ... (elapsed 0.001 seconds) done.
[   53.524267] OOM killer disabled.
[   53.524269] Freezing remaining freezable tasks ... (elapsed 0.001 seconds) done.
[   53.966187] ravb e6800000.ethernet eth0: Link is Down
[   53.981986] Disabling non-boot CPUs ...
[   53.986429] CPU1: shutdown
[   53.989141] psci: CPU1 killed (polled 0 ms)
[   53.995051] CPU2: shutdown
[   53.997764] psci: CPU2 killed (polled 0 ms)
[   54.003606] CPU3: shutdown
[   54.006350] psci: CPU3 killed (polled 0 ms)
[   54.012142] CPU4: shutdown
[   54.014871] psci: CPU4 killed (polled 0 ms)
[   54.020448] CPU5: shutdown
[   54.023212] psci: CPU5 killed (polled 0 ms)
[   54.028934] CPU6: shutdown
[   54.031681] psci: CPU6 killed (polled 0 ms)
[   54.037390] CPU7: shutdown
[   54.040150] psci: CPU7 killed (polled 0 ms)
 
Pull out USB device at CN10H


Press any button to continue


Plug in USB device at CN10H


Press any button to continue


 Switch power switch: 

NOTICE:  BL2: R-Car Gen3 Initial Program Loader(CA57) Rev.4.0.0
NOTICE:  BL2: PRR is R-Car H3 Ver.3.0
NOTICE:  BL2: Board is Salvator-XS Rev.1.0
NOTICE:  BL2: Boot device is HyperFlash(160MHz)
NOTICE:  BL2: LCM state is CM
NOTICE:  AVS setting succeeded. DVFS_SetVID=0x53
NOTICE:  BL2: DDR3200(rev.0.42)
NOTICE:  BL2: [WARM_BOOT]
NOTICE:  BL2: DRAM Split is 4ch(DDR f)
NOTICE:  BL2: QoS is default setting(rev.0.11)
NOTICE:  BL2: DRAM refresh interval 1.95 usec
NOTICE:  BL2: Periodic Write DQ Training
NOTICE:  BL2: CH0: 400000000 - 47fffffff, 2 GiB
NOTICE:  BL2: CH1: 500000000 - 57fffffff, 2 GiB
NOTICE:  BL2: CH2: 600000000 - 67fffffff, 2 GiB
NOTICE:  BL2: CH3: 700000000 - 77fffffff, 2 GiB
NOTICE:  BL2: Lossy Decomp areas
NOTICE:       Entry 0: DCMPAREACRAx:0x80000540 DCMPAREACRBx:0x570
NOTICE:       Entry 1: DCMPAREACRAx:0x40000000 DCMPAREACRBx:0x0
NOTICE:       Entry 2: DCMPAREACRAx:0x20000000 DCMPAREACRBx:0x0
NOTICE:  BL2: FDT at 0xe6327f70
NOTICE:  BL2: v2.9(release):9cdb21f75
NOTICE:  BL2: Built : 05:25:39, Dec 19 2023
NOTICE:  BL2: Normal boot
[   54.045383] Enabling non-boot CPUs ...
[   54.049419] Detected PIPT I-cache on CPU1
[   54.049471] CPU1: Booted secondary processor 0x0000000001 [0x411fd073]
[   54.049947] CPU1 is up
[   54.062989] Detected PIPT I-cache on CPU2
[   54.063012] CPU2: Booted secondary processor 0x0000000002 [0x411fd073]
[   54.063293] CPU2 is up
[   54.076317] Detected PIPT I-cache on CPU3
[   54.076340] CPU3: Booted secondary processor 0x0000000003 [0x411fd073]
[   54.076608] CPU3 is up
[   54.089668] Detected VIPT I-cache on CPU4
[   54.089720] CPU4: Booted secondary processor 0x0000000100 [0x410fd034]
[   54.090633] CPU4 is up
[   54.103642] Detected VIPT I-cache on CPU5
[   54.103676] CPU5: Booted secondary processor 0x0000000101 [0x410fd034]
[   54.104257] CPU5 is up
[   54.117266] Detected VIPT I-cache on CPU6
[   54.117299] CPU6: Booted secondary processor 0x0000000102 [0x410fd034]
[   54.117921] CPU6 is up
[   54.130922] Detected VIPT I-cache on CPU7
[   54.130956] CPU7: Booted secondary processor 0x0000000103 [0x410fd034]
[   54.131606] CPU7 is up
[   54.204461] xhci-hcd ee000000.usb: xHC error in resume, USBSTS 0x401, Reinit
[   54.211517] usb usb7: root hub lost power or was reset
[   54.216641] usb usb8: root hub lost power or was reset
[   54.325022] Micrel KSZ9031 Gigabit PHY e6800000.ethernet-ffffffff:00: attached PHY driver [Micrel KSZ9031 Gigabit PHY] (mii_bus:phy_addr=e6800000.ethernet-ffffffff:00, irq=183)
[   54.440082] usb usb4: root hub lost power or was reset
[   54.445285] usb usb1: root hub lost power or was reset
[   54.531917] usb usb5: root hub lost power or was reset
[   54.537214] usb usb2: root hub lost power or was reset
[   54.624006] usb usb6: root hub lost power or was reset
[   54.629280] usb usb3: root hub lost power or was reset
[   54.744016] usb usb10: root hub lost power or was reset
[   54.749372] usb usb9: root hub lost power or was reset
[   54.765985] ata1: link resume succeeded after 1 retries
[   54.877515] ata1: SATA link down (SStatus 0 SControl 300)
[   55.173901] usb 2-1: reset high-speed USB device number 2 using ehci-platform
[   55.342104] OOM killer enabled.
[   55.345963] Restarting tasks ... done.
[1]+  Done                    cp testdata /mnt/usb/testdata_from_nfs
root@salvator-x:~# [   55.351953] PM: suspend exit
[   61.037960] ravb e6800000.ethernet eth0: Link is Up - 1Gbps/Full - flow control off

root@salvator-x:~# echo "Wake up sucessfully"
Wake up sucessfully
root@salvator-x:~# 
root@salvator-x:~# wait
root@salvator-x:~# 
root@salvator-x:~# sync
root@salvator-x:~# 
root@salvator-x:~# cmp testdata /mnt/usb/testdata_from_nfs
root@salvator-x:~# 
root@salvator-x:~# umount /mnt/usb
root@salvator-x:~# 
 
#### Result: OK ####
