

----------Item 6----------


Pull out USB device at CN37


Press any button to continue

[   86.898578] usb 3-1: USB disconnect, device number 2

Please press switch to restart board 

[F 00:00:120
[F 00:00:119
[F 00:00:118
NOTICE:  BL2: R-Car Gen3 Initial Program Loader(CA57) Rev.4.0.0
NOTICE:  BL2: PRR is R-Car H3 Ver.3.0
NOTICE:  BL2: Board is Salvator-XS Rev.1.0
NOTICE:  BL2: Boot device is HyperFlash(160MHz)
NOTICE:  BL2: LCM state is CM
NOTICE:  AVS setting succeeded. DVFS_SetVID=0x53
NOTICE:  BL2: DDR3200(rev.0.42)
NOTICE:  BL2: [COLD_BOOT]
NOTICE:  BL2: DRAM Split is 4ch(DDR f)
NOTICE:  BL2: QoS is default setting(rev.0.11)
NOTICE:  BL2: DRAM refresh interval 1.95 usec
NOTICE:  BL2: Periodic Write DQ Training
NOTICE:  BL2: CH0: 400000000 - 47fffffff, 2 GiB
NOTICE:  BL2: CH1: 500000000 - 57fffffff, 2 GiB
NOTICE:  BL2: CH2: 600000000 - 67fffffff, 2 GiB
NOTICE:  BL2: CH3: 700000000 - 77fffffff, 2 GiB
NOTICE:  BL2: Lossy Decomp areas
NOTICE:       Entry 0: DCMPAREACRAx:0x80000540 DCMPAREACRBx:0x570
NOTICE:       Entry 1: DCMPAREACRAx:0x40000000 DCMPAREACRBx:0x0
NOTICE:       Entry 2: DCMPAREACRAx:0x20000000 DCMPAREACRBx:0x0
NOTICE:  BL2: FDT at 0xe6327f70
NOTICE:  BL2: v2.9(release):9cdb21f75
NOTICE:  BL2: Built : 05:25:39, Dec 19 2023
NOTICE:  BL2: Normal boot
NOTICE:  BL2: dst=0xe6327800 src=0x8180000 len=512(0x200)
NOTICE:  BL2: dst=0x43f00000 src=0x8180400 len=6144(0x1800)
NOTICE:  rcar_file_len: len: 0x0003e000
NOTICE:  BL2: dst=0x44000000 src=0x81c0000 len=253952(0x3e000)
NOTICE:  rcar_file_len: len: 0x00200000
NOTICE:  BL2: dst=0x44100000 src=0x8200000 len=2097152(0x200000)
NOTICE:  rcar_file_len: len: 0x00100000
NOTICE:  BL2: dst=0x50000000 src=0x8640000 len=1048576(0x100000)
NOTICE:  BL2: Booting BL31


U-Boot 2020.10 (Dec 19 2023 - 14:30:40 +0000)

CPU: Renesas Electronics R8A7795 rev 3.0
Model: Renesas Salvator-X 2nd version board based on r8a77951
DRAM:  7.9 GiB
RAM Configuration:
Bank #0: 0x048000000 - 0x0bfffffff, 1.9 GiB
Bank #1: 0x500000000 - 0x57fffffff, 2 GiB
Bank #2: 0x600000000 - 0x67fffffff, 2 GiB
Bank #3: 0x700000000 - 0x77fffffff, 2 GiB

MMC:   sd@ee100000: 0, sd@ee140000: 1, sd@ee160000: 2
Loading Environment from MMC... OK
In:    serial@e6e88000
Out:   serial@e6e88000
Err:   serial@e6e88000
Net:   eth0: ethernet@e6800000
Hit any key to stop autoboot:  2  1  0 
ethernet@e6800000 Waiting for PHY auto negotiation to complete................ done
Using ethernet@e6800000 device
TFTP from server 192.168.10.99; our IP address is 192.168.10.167
Filename 'traivo/H3/rootfs/boot_USB2H/Image'.
Load address: 0x48080000
Loading: *#################################################################
	 #################################################################
	 #################################################################
	 #################################################################
	 #################################################################
	 #################################################################
	 #################################################################
	 #################################################################
	 #################################################################
	 #################################################################
	 #################################################################
	 #################################################################
	 #################################################################
	 #################################################################
	 #################################################################
	 #################################################################
	 #################################################################
	 #################################################################
	 #################################################################
	 #################################################################
	 #################################################################
	 #################################################################
	 #################################################################
	 #################################################################
	 #################################################################
	 #################################################################
	 #################################################################
	 #################################################################
	 #################################################################
	 #################################################################
	 #################################################################
	 #################################################################
	 #################################################################
	 #################################################################
	 ################################################################
	 4.8 MiB/s
done
Bytes transferred = 33376768 (1fd4a00 hex)
Using ethernet@e6800000 device
TFTP from server 192.168.10.99; our IP address is 192.168.10.167
Filename 'traivo/H3/rootfs/boot_USB2H/r8a77951-salvator-xs.dtb'.
Load address: 0x48000000
Loading: *#######
	 10.8 MiB/s
done
Bytes transferred = 90876 (162fc hex)
Moving Image from 0x48080000 to 0x48200000, end=4a260000
## Flattened Device Tree blob at 48000000
   Booting using the fdt blob at 0x48000000
   Loading Device Tree to 0000000053fe6000, end 0000000053fff2fb ... OK

Starting kernel ...

[    0.000000] Booting Linux on physical CPU 0x0000000000 [0x411fd073]
[    0.000000] Linux version 5.10.194-yocto-standard (thuan.nguyen-hong@banvien) (aarch64-poky-linux-gcc (GCC) 9.3.0, GNU ld (GNU Binutils) 2.34.0.20200220) #10 SMP PREEMPT Mon Feb 19 03:51:05 UTC 2024
[    0.000000] Machine model: Renesas Salvator-X 2nd version board based on r8a77951
[    0.000000] efi: UEFI not found.
[    0.000000] Reserved memory: created CMA memory pool at 0x0000000057000000, size 16 MiB
[    0.000000] OF: reserved mem: initialized node linux,adsp@57000000, compatible id shared-dma-pool
[    0.000000] Reserved memory: created CMA memory pool at 0x0000000058000000, size 384 MiB
[    0.000000] OF: reserved mem: initialized node linux,cma@58000000, compatible id shared-dma-pool
[    0.000000] Reserved memory: created CMA memory pool at 0x0000000070000000, size 256 MiB
[    0.000000] OF: reserved mem: initialized node linux,multimedia@70000000, compatible id shared-dma-pool
[    0.000000] NUMA: No NUMA configuration found
[    0.000000] NUMA: Faking a node at [mem 0x0000000048000000-0x000000077fffffff]
[    0.000000] NUMA: NODE_DATA [mem 0x77efdab00-0x77efdcfff]
[    0.000000] Zone ranges:
[    0.000000]   DMA      [mem 0x0000000048000000-0x000000007fffffff]
[    0.000000]   DMA32    [mem 0x0000000080000000-0x00000000ffffffff]
[    0.000000]   Normal   [mem 0x0000000100000000-0x000000077fffffff]
[    0.000000] Movable zone start for each node
[    0.000000] Early memory node ranges
[    0.000000]   node   0: [mem 0x0000000048000000-0x0000000053ffffff]
[    0.000000]   node   0: [mem 0x0000000054000000-0x0000000056ffffff]
[    0.000000]   node   0: [mem 0x0000000057000000-0x00000000bfffffff]
[    0.000000]   node   0: [mem 0x0000000500000000-0x000000057fffffff]
[    0.000000]   node   0: [mem 0x0000000600000000-0x000000067fffffff]
[    0.000000]   node   0: [mem 0x0000000700000000-0x000000077fffffff]
[    0.000000] Initmem setup node 0 [mem 0x0000000048000000-0x000000077fffffff]
[    0.000000] psci: probing for conduit method from DT.
[    0.000000] psci: PSCIv1.1 detected in firmware.
[    0.000000] psci: Using standard PSCI v0.2 function IDs
[    0.000000] psci: Trusted OS resident on physical CPU 0x0
[    0.000000] psci: SMC Calling Convention v1.2
[    0.000000] percpu: Embedded 23 pages/cpu s56984 r8192 d29032 u94208
[    0.000000] Detected PIPT I-cache on CPU0
[    0.000000] CPU features: detected: EL2 vector hardening
[    0.000000] CPU features: detected: Spectre-v2
[    0.000000] CPU features: detected: ARM errata 1165522, 1319367, or 1530923
[    0.000000] CPU features: detected: Spectre-BHB
[    0.000000] CPU features: detected: ARM erratum 1742098
[    0.000000] Built 1 zonelists, mobility grouping on.  Total pages: 2032128
[    0.000000] Policy zone: Normal
[    0.000000] Kernel command line: rw root=/dev/nfs nfsroot=192.168.10.99:/data/tftpboot/traivo/H3/rootfs,nfsvers=4, ip=192.168.10.167
[    0.000000] Dentry cache hash table entries: 1048576 (order: 11, 8388608 bytes, linear)
[    0.000000] Inode-cache hash table entries: 524288 (order: 10, 4194304 bytes, linear)
[    0.000000] mem auto-init: stack:off, heap alloc:off, heap free:off
[    0.000000] software IO TLB: mapped [mem 0x000000004ffe6000-0x0000000053fe6000] (64MB)
[    0.000000] Memory: 7276840K/8257536K available (15232K kernel code, 2834K rwdata, 8240K rodata, 6144K init, 517K bss, 308952K reserved, 671744K cma-reserved)
[    0.000000] SLUB: HWalign=64, Order=0-3, MinObjects=0, CPUs=8, Nodes=1
[    0.000000] rcu: Preemptible hierarchical RCU implementation.
[    0.000000] rcu: 	RCU event tracing is enabled.
[    0.000000] rcu: 	RCU restricting CPUs from NR_CPUS=256 to nr_cpu_ids=8.
[    0.000000] 	Trampoline variant of Tasks RCU enabled.
[    0.000000] rcu: RCU calculated value of scheduler-enlistment delay is 25 jiffies.
[    0.000000] rcu: Adjusting geometry for rcu_fanout_leaf=16, nr_cpu_ids=8
[    0.000000] NR_IRQS: 64, nr_irqs: 64, preallocated irqs: 0
[    0.000000] arch_timer: cp15 timer(s) running at 8.32MHz (virt).
[    0.000000] clocksource: arch_sys_counter: mask: 0xffffffffffffff max_cycles: 0x1eb398c07, max_idle_ns: 440795202503 ns
[    0.000003] sched_clock: 56 bits at 8MHz, resolution 120ns, wraps every 2199023255503ns
[    0.000208] Console: colour dummy device 80x25
[    0.000415] printk: console [tty0] enabled
[    0.000491] Calibrating delay loop (skipped), value calculated using timer frequency.. 16.64 BogoMIPS (lpj=33280)
[    0.000506] pid_max: default: 32768 minimum: 301
[    0.000565] LSM: Security Framework initializing
[    0.000649] Mount-cache hash table entries: 16384 (order: 5, 131072 bytes, linear)
[    0.000701] Mountpoint-cache hash table entries: 16384 (order: 5, 131072 bytes, linear)
[    0.002145] rcu: Hierarchical SRCU implementation.
[    0.003743] Detected Renesas R-Car Gen3 r8a7795 ES3.0
[    0.005886] EFI services will not be available.
[    0.006232] smp: Bringing up secondary CPUs ...
[    0.006687] Detected PIPT I-cache on CPU1
[    0.006736] CPU1: Booted secondary processor 0x0000000001 [0x411fd073]
[    0.007214] Detected PIPT I-cache on CPU2
[    0.007240] CPU2: Booted secondary processor 0x0000000002 [0x411fd073]
[    0.007666] Detected PIPT I-cache on CPU3
[    0.007687] CPU3: Booted secondary processor 0x0000000003 [0x411fd073]
[    0.008152] CPU features: detected: ARM erratum 845719
[    0.008164] Detected VIPT I-cache on CPU4
[    0.008212] CPU4: Booted secondary processor 0x0000000100 [0x410fd034]
[    0.008690] Detected VIPT I-cache on CPU5
[    0.008717] CPU5: Booted secondary processor 0x0000000101 [0x410fd034]
[    0.009154] Detected VIPT I-cache on CPU6
[    0.009181] CPU6: Booted secondary processor 0x0000000102 [0x410fd034]
[    0.009611] Detected VIPT I-cache on CPU7
[    0.009638] CPU7: Booted secondary processor 0x0000000103 [0x410fd034]
[    0.009717] smp: Brought up 1 node, 8 CPUs
[    0.009780] SMP: Total of 8 processors activated.
[    0.009787] CPU features: detected: 32-bit EL0 Support
[    0.009794] CPU features: detected: CRC32 instructions
[    0.009802] CPU features: detected: 32-bit EL1 Support
[    0.023003] CPU: All CPU(s) started at EL1
[    0.023056] alternatives: patching kernel code
[    0.024198] devtmpfs: initialized
[    0.030983] KASLR disabled due to lack of seed
[    0.031132] clocksource: jiffies: mask: 0xffffffff max_cycles: 0xffffffff, max_idle_ns: 7645041785100000 ns
[    0.031153] futex hash table entries: 2048 (order: 5, 131072 bytes, linear)
[    0.039788] pinctrl core: initialized pinctrl subsystem
[    0.041247] DMI not present or invalid.
[    0.041745] NET: Registered protocol family 16
[    0.042683] DMA: preallocated 1024 KiB GFP_KERNEL pool for atomic allocations
[    0.042880] DMA: preallocated 1024 KiB GFP_KERNEL|GFP_DMA pool for atomic allocations
[    0.043168] DMA: preallocated 1024 KiB GFP_KERNEL|GFP_DMA32 pool for atomic allocations
[    0.043207] audit: initializing netlink subsys (disabled)
[    0.043356] audit: type=2000 audit(0.040:1): state=initialized audit_enabled=0 res=1
[    0.044535] thermal_sys: Registered thermal governor 'power_allocator'
[    0.045060] cpuidle: using governor menu
[    0.045231] hw-breakpoint: found 6 breakpoint and 4 watchpoint registers.
[    0.045359] ASID allocator initialised with 65536 entries
[    0.046657] Serial: AMBA PL011 UART driver
[    0.089499] sh-pfc e6060000.pinctrl: r8a77951_pfc support registered
[    0.104250] HugeTLB registered 1.00 GiB page size, pre-allocated 0 pages
[    0.104267] HugeTLB registered 32.0 MiB page size, pre-allocated 0 pages
[    0.104275] HugeTLB registered 2.00 MiB page size, pre-allocated 0 pages
[    0.104282] HugeTLB registered 64.0 KiB page size, pre-allocated 0 pages
[    0.105245] cryptd: max_cpu_qlen set to 1000
[    0.107536] ACPI: Interpreter disabled.
[    0.111334] rcar-avs: use avs value: 0
[    0.111352] rcar-avs: cpu@0 is running with: opp_table0
[    0.111362] rcar-avs: cpu@1 is running with: opp_table0
[    0.111382] rcar-avs: cpu@2 is running with: opp_table0
[    0.111392] rcar-avs: cpu@3 is running with: opp_table0
[    0.111473] rcar-avs: gsx@fd000000 is running with: gsx_opp_table0
[    0.112891] iommu: Default domain type: Translated 
[    0.113470] ipmmu-vmsa e67b0000.iommu: IPMMU context 0 is reserved
[    0.114421] vgaarb: loaded
[    0.114630] SCSI subsystem initialized
[    0.114887] usbcore: registered new interface driver usbfs
[    0.114914] usbcore: registered new interface driver hub
[    0.114938] usbcore: registered new device driver usb
[    0.118485] i2c-sh_mobile e60b0000.i2c: I2C adapter 7, bus speed 400000 Hz
[    0.119021] mc: Linux media interface: v0.10
[    0.119042] videodev: Linux video capture interface: v2.00
[    0.119089] pps_core: LinuxPPS API ver. 1 registered
[    0.119096] pps_core: Software ver. 5.3.6 - Copyright 2005-2007 Rodolfo Giometti <giometti@linux.it>
[    0.119110] PTP clock support registered
[    0.119278] EDAC MC: Ver: 3.0.0
[    0.121250] FPGA manager framework
[    0.121316] Advanced Linux Sound Architecture Driver Initialized.
[    0.121868] clocksource: Switched to clocksource arch_sys_counter
[    0.122011] VFS: Disk quotas dquot_6.6.0
[    0.122052] VFS: Dquot-cache hash table entries: 512 (order 0, 4096 bytes)
[    0.122174] pnp: PnP ACPI: disabled
[    0.125674] NET: Registered protocol family 2
[    0.126092] IP idents hash table entries: 131072 (order: 8, 1048576 bytes, linear)
[    0.128374] tcp_listen_portaddr_hash hash table entries: 4096 (order: 4, 65536 bytes, linear)
[    0.128452] TCP established hash table entries: 65536 (order: 7, 524288 bytes, linear)
[    0.128739] TCP bind hash table entries: 65536 (order: 8, 1048576 bytes, linear)
[    0.129324] TCP: Hash tables configured (established 65536 bind 65536)
[    0.129446] UDP hash table entries: 4096 (order: 5, 131072 bytes, linear)
[    0.129561] UDP-Lite hash table entries: 4096 (order: 5, 131072 bytes, linear)
[    0.129782] NET: Registered protocol family 1
[    0.130174] RPC: Registered named UNIX socket transport module.
[    0.130186] RPC: Registered udp transport module.
[    0.130191] RPC: Registered tcp transport module.
[    0.130197] RPC: Registered tcp NFSv4.1 backchannel transport module.
[    0.130210] PCI: CLS 0 bytes, default 64
[    0.131129] hw perfevents: enabled with armv8_cortex_a53 PMU driver, 7 counters available
[    0.131401] hw perfevents: enabled with armv8_cortex_a57 PMU driver, 7 counters available
[    0.132018] kvm [1]: HYP mode not available
[    0.134969] Initialise system trusted keyrings
[    0.135103] workingset: timestamp_bits=42 max_order=21 bucket_order=0
[    0.138207] squashfs: version 4.0 (2009/01/31) Phillip Lougher
[    0.138606] NFS: Registering the id_resolver key type
[    0.138635] Key type id_resolver registered
[    0.138642] Key type id_legacy registered
[    0.138696] nfs4filelayout_init: NFSv4 File Layout Driver Registering...
[    0.138707] nfs4flexfilelayout_init: NFSv4 Flexfile Layout Driver Registering...
[    0.138804] 9p: Installing v9fs 9p2000 file system support
[    0.164519] Key type asymmetric registered
[    0.164531] Asymmetric key parser 'x509' registered
[    0.164560] Block layer SCSI generic (bsg) driver version 0.4 loaded (major 243)
[    0.164571] io scheduler mq-deadline registered
[    0.164580] io scheduler kyber registered
[    0.180667] gpio_rcar e6050000.gpio: driving 16 GPIOs
[    0.180957] gpio_rcar e6051000.gpio: driving 29 GPIOs
[    0.181211] gpio_rcar e6052000.gpio: driving 15 GPIOs
[    0.181490] gpio_rcar e6053000.gpio: driving 16 GPIOs
[    0.181737] gpio_rcar e6054000.gpio: driving 18 GPIOs
[    0.182023] gpio_rcar e6055000.gpio: driving 26 GPIOs
[    0.182300] gpio_rcar e6055400.gpio: driving 32 GPIOs
[    0.182630] gpio_rcar e6055800.gpio: driving 4 GPIOs
[    0.185729] rcar-pcie fe000000.pcie: host bridge /soc/pcie@fe000000 ranges:
[    0.185759] rcar-pcie fe000000.pcie:       IO 0x00fe100000..0x00fe1fffff -> 0x0000000000
[    0.185782] rcar-pcie fe000000.pcie:      MEM 0x00fe200000..0x00fe3fffff -> 0x00fe200000
[    0.185800] rcar-pcie fe000000.pcie:      MEM 0x0030000000..0x0037ffffff -> 0x0030000000
[    0.185815] rcar-pcie fe000000.pcie:      MEM 0x0038000000..0x003fffffff -> 0x0038000000
[    0.185832] rcar-pcie fe000000.pcie:   IB MEM 0x0040000000..0x007fffffff -> 0x0040000000
[    0.185893] rcar-pcie fe000000.pcie: no pcie3v3 regulator found
[    0.185905] rcar-pcie fe000000.pcie: no pcie1v8 regulator found
[    0.253593] rcar-pcie fe000000.pcie: PCIe link down
[    0.253782] rcar-pcie ee800000.pcie: host bridge /soc/pcie@ee800000 ranges:
[    0.253806] rcar-pcie ee800000.pcie:       IO 0x00ee900000..0x00ee9fffff -> 0x0000000000
[    0.253826] rcar-pcie ee800000.pcie:      MEM 0x00eea00000..0x00eebfffff -> 0x00eea00000
[    0.253845] rcar-pcie ee800000.pcie:      MEM 0x00c0000000..0x00c7ffffff -> 0x00c0000000
[    0.253873] rcar-pcie ee800000.pcie:      MEM 0x00c8000000..0x00cfffffff -> 0x00c8000000
[    0.253891] rcar-pcie ee800000.pcie:   IB MEM 0x0040000000..0x007fffffff -> 0x0040000000
[    0.253924] rcar-pcie ee800000.pcie: no pcie3v3 regulator found
[    0.253934] rcar-pcie ee800000.pcie: no pcie1v8 regulator found
[    0.413868] rcar-pcie ee800000.pcie: PCIe link down
[    0.416341] EINJ: ACPI disabled.
[    0.452898] Serial: 8250/16550 driver, 4 ports, IRQ sharing enabled
[    0.455347] SuperH (H)SCI(F) driver initialized
[    0.455766] e6550000.serial: ttySC1 at MMIO 0xe6550000 (irq = 42, base_baud = 0) is a hscif
[    0.456497] e6e88000.serial: ttySC0 at MMIO 0xe6e88000 (irq = 128, base_baud = 0) is a scif
[    1.661154] printk: console [ttySC0] enabled
[    1.666490] msm_serial: driver initialized
[    1.676758] rcar-dw-hdmi fead0000.hdmi: Detected HDMI TX controller v2.01a with HDCP (DWC HDMI 2.0 TX PHY)
[    1.686663] rcar-dw-hdmi fead0000.hdmi: registered DesignWare HDMI I2C bus driver
[    1.694920] rcar-dw-hdmi feae0000.hdmi: Detected HDMI TX controller v2.01a with HDCP (DWC HDMI 2.0 TX PHY)
[    1.704781] rcar-dw-hdmi feae0000.hdmi: registered DesignWare HDMI I2C bus driver
[    1.720246] loop: module loaded
[    1.724728] megasas: 07.714.04.00-rc1
[    1.730449] scsi host0: sata_rcar
[    1.733936] ata1: SATA max UDMA/133 irq 181
[    1.743300] tun: Universal TUN/TAP device driver, 1.6
[    1.749268] thunder_xcv, ver 1.0
[    1.752531] thunder_bgx, ver 1.0
[    1.755778] nicpf, ver 1.0
[    1.759910] hclge is initializing
[    1.763245] hns3: Hisilicon Ethernet Network Driver for Hip08 Family - version
[    1.770468] hns3: Copyright (c) 2017 Huawei Corporation.
[    1.775808] e1000: Intel(R) PRO/1000 Network Driver
[    1.780687] e1000: Copyright (c) 1999-2006 Intel Corporation.
[    1.786453] e1000e: Intel(R) PRO/1000 Network Driver
[    1.791418] e1000e: Copyright(c) 1999 - 2015 Intel Corporation.
[    1.797360] igb: Intel(R) Gigabit Ethernet Network Driver
[    1.802759] igb: Copyright (c) 2007-2014 Intel Corporation.
[    1.808345] igbvf: Intel(R) Gigabit Virtual Function Network Driver
[    1.814612] igbvf: Copyright (c) 2009 - 2012 Intel Corporation.
[    1.820934] sky2: driver version 1.30
[    1.828462] ravb e6800000.ethernet eth0: Base address at 0xe6800000, 2e:09:0a:00:c3:9a, IRQ 125.
[    1.838635] VFIO - User Level meta-driver version: 0.3
[    1.845789] ehci_hcd: USB 2.0 'Enhanced' Host Controller (EHCI) Driver
[    1.852329] ehci-pci: EHCI PCI platform driver
[    1.856791] ehci-platform: EHCI generic platform driver
[    1.862403] ehci-platform ee0a0100.usb: EHCI Host Controller
[    1.868090] ehci-platform ee0a0100.usb: new USB bus registered, assigned bus number 1
[    1.876014] ehci-platform ee0a0100.usb: irq 175, io mem 0xee0a0100
[    1.897877] ehci-platform ee0a0100.usb: USB 2.0 started, EHCI 1.10
[    1.904417] hub 1-0:1.0: USB hub found
[    1.908188] hub 1-0:1.0: 1 port detected
[    1.912611] ehci-platform ee0c0100.usb: EHCI Host Controller
[    1.918284] ehci-platform ee0c0100.usb: new USB bus registered, assigned bus number 2
[    1.926169] ehci-platform ee0c0100.usb: irq 176, io mem 0xee0c0100
[    1.945874] ehci-platform ee0c0100.usb: USB 2.0 started, EHCI 1.10
[    1.952323] hub 2-0:1.0: USB hub found
[    1.956090] hub 2-0:1.0: 1 port detected
[    1.985912] ehci-platform ee0e0100.usb: EHCI Host Controller
[    1.991588] ehci-platform ee0e0100.usb: new USB bus registered, assigned bus number 3
[    1.999460] ehci-platform ee0e0100.usb: irq 177, io mem 0xee0e0100
[    2.017872] ehci-platform ee0e0100.usb: USB 2.0 started, EHCI 1.10
[    2.024297] hub 3-0:1.0: USB hub found
[    2.028065] hub 3-0:1.0: 1 port detected
[    2.032430] ehci-orion: EHCI orion driver
[    2.036690] ehci-exynos: EHCI Exynos driver
[    2.040993] ohci_hcd: USB 1.1 'Open' Host Controller (OHCI) Driver
[    2.047190] ohci-pci: OHCI PCI platform driver
[    2.051673] ohci-platform: OHCI generic platform driver
[    2.057193] ohci-platform ee0a0000.usb: Generic Platform OHCI controller
[    2.063913] ohci-platform ee0a0000.usb: new USB bus registered, assigned bus number 4
[    2.071788] ohci-platform ee0a0000.usb: irq 175, io mem 0xee0a0000
[    2.153882] ata1: link resume succeeded after 1 retries
[    2.168151] hub 4-0:1.0: USB hub found
[    2.171919] hub 4-0:1.0: 1 port detected
[    2.176259] ohci-platform ee0c0000.usb: Generic Platform OHCI controller
[    2.182972] ohci-platform ee0c0000.usb: new USB bus registered, assigned bus number 5
[    2.190857] ohci-platform ee0c0000.usb: irq 176, io mem 0xee0c0000
[    2.265407] ata1: SATA link down (SStatus 0 SControl 300)
[    2.284128] hub 5-0:1.0: USB hub found
[    2.287901] hub 5-0:1.0: 1 port detected
[    2.292218] ohci-platform ee0e0000.usb: Generic Platform OHCI controller
[    2.298933] ohci-platform ee0e0000.usb: new USB bus registered, assigned bus number 6
[    2.306803] ohci-platform ee0e0000.usb: irq 177, io mem 0xee0e0000
[    2.400131] hub 6-0:1.0: USB hub found
[    2.403901] hub 6-0:1.0: 1 port detected
[    2.408225] ohci-exynos: OHCI Exynos driver
[    2.413059] xhci-hcd ee000000.usb: xHCI Host Controller
[    2.418298] xhci-hcd ee000000.usb: new USB bus registered, assigned bus number 7
[    2.441553] xhci-hcd ee000000.usb: hcc params 0x014051ce hci version 0x100 quirks 0x0000000000830410
[    2.450723] xhci-hcd ee000000.usb: irq 172, io mem 0xee000000
[    2.456584] xhci-hcd ee000000.usb: xHCI Host Controller
[    2.461818] xhci-hcd ee000000.usb: new USB bus registered, assigned bus number 8
[    2.469221] xhci-hcd ee000000.usb: Host supports USB 3.0 SuperSpeed
[    2.475773] hub 7-0:1.0: USB hub found
[    2.479542] hub 7-0:1.0: 1 port detected
[    2.483631] usb usb8: We don't know the algorithms for LPM for this host, disabling LPM.
[    2.491977] hub 8-0:1.0: USB hub found
[    2.495747] hub 8-0:1.0: 1 port detected
[    2.500527] usbcore: registered new interface driver usb-storage
[    2.508202] renesas_usbhs e6590000.usb: host probed
[    2.513096] renesas_usbhs e6590000.usb: no transceiver found
[    2.518830] renesas_usbhs e6590000.usb: gadget probed
[    2.524048] renesas_usbhs e6590000.usb: probed
[    2.528942] renesas_usbhs e659c000.usb: host probed
[    2.533840] renesas_usbhs e659c000.usb: no transceiver found
[    2.539556] renesas_usbhs e659c000.usb: gadget probed
[    2.544757] renesas_usbhs e659c000.usb: probed
[    2.551700] i2c /dev entries driver
[    2.566337] cs2000-cp 2-004f: revision - C1
[    2.570578] i2c-rcar e6510000.i2c: probed
[    2.575411] pca953x 4-0020: supply vcc not found, using dummy regulator
[    2.582110] pca953x 4-0020: using no AI
[    2.586759] gpio-355 (PCIE/SATA switch): hogged as output/low
[    2.599020] i2c-rcar e66d8000.i2c: probed
[    2.604319] adv748x 4-0070: Endpoint /soc/i2c@e66d8000/video-receiver@70/port@7/endpoint on port 7
[    2.613306] adv748x 4-0070: Endpoint /soc/i2c@e66d8000/video-receiver@70/port@8/endpoint on port 8
[    2.622278] adv748x 4-0070: Endpoint /soc/i2c@e66d8000/video-receiver@70/port@a/endpoint on port 10
[    2.631341] adv748x 4-0070: Endpoint /soc/i2c@e66d8000/video-receiver@70/port@b/endpoint on port 11
[    2.640731] adv748x 4-0070: chip found @ 0xe0 revision 2143
[    2.694309] rcar-csi2 fea80000.csi2: 1 lanes found
[    2.699444] rcar-csi2 feaa0000.csi2: 4 lanes found
[    2.709022] rcar-vin e6ef0000.video: Device registered as video0
[    2.715097] rcar-vin e6ef1000.video: Device registered as video1
[    2.721166] rcar-vin e6ef2000.video: Device registered as video2
[    2.727232] rcar-vin e6ef3000.video: Device registered as video3
[    2.733303] rcar-vin e6ef4000.video: Device registered as video4
[    2.739374] rcar-vin e6ef5000.video: Device registered as video5
[    2.745442] rcar-vin e6ef6000.video: Device registered as video6
[    2.751515] rcar-vin e6ef7000.video: Device registered as video7
[    2.760185] rcar_gen3_thermal e6198000.thermal: is using pseudo fixed FUSE values
[    2.772343] rcar_gen3_thermal e6198000.thermal: TSC0: Loaded 1 trip points
[    2.783580] rcar_gen3_thermal e6198000.thermal: TSC1: Loaded 1 trip points
[    2.794754] rcar_gen3_thermal e6198000.thermal: TSC2: Loaded 3 trip points
[    2.806881] sdhci: Secure Digital Host Controller Interface driver
[    2.813072] sdhci: Copyright(c) Pierre Ossman
[    2.818287] Synopsys Designware Multimedia Card Interface Driver
[    2.818464] renesas_sdhi_internal_dmac ee140000.mmc: Adding to iommu group 0
[    2.818592] renesas_sdhi_internal_dmac ee100000.mmc: Got CD GPIO
[    2.818611] renesas_sdhi_internal_dmac ee100000.mmc: Got WP GPIO
[    2.818836] renesas_sdhi_internal_dmac ee160000.mmc: Got CD GPIO
[    2.818865] renesas_sdhi_internal_dmac ee160000.mmc: Got WP GPIO
[    2.825639] sdhci-pltfm: SDHCI platform and OF driver helper
[    2.831375] renesas_sdhi_internal_dmac ee140000.mmc: Using IPMMU context 1
[    2.868732] ledtrig-cpu: registered to indicate activity on CPUs
[    2.875758] SMCCC: SOC_ID: ARCH_SOC_ID not implemented, skipping ....
[    2.882788] usbcore: registered new interface driver usbhid
[    2.888367] usbhid: USB HID core driver
[    2.895992] optee: probing for conduit method.
[    2.900461] optee: revision 3.22 (314ecf9d)
[    2.901007] optee driver R-Car Rev.1.0.11
[    2.909510] optee: dynamic shared memory is enabled
[    2.914656] optee: initialized driver
[    2.917126] renesas_sdhi_internal_dmac ee140000.mmc: mmc0 base at 0x00000000ee140000, max clock rate 200 MHz
[    2.931538] rcar_sound ec500000.sound: probed
[    2.936608] NET: Registered protocol family 17
[    2.941173] 9pnet: Installing 9P2000 support
[    2.945505] Key type dns_resolver registered
[    2.950176] registered taskstats version 1
[    2.954290] Loading compiled-in X.509 certificates
[    2.968981] thermal emergency: set temperature to 110 celsius
[    2.974936] thermal emergency: shutdown target cpus 1-7
[    2.980163] thermal emergency: freq scaled target cpus 0
[    2.985826] renesas_irqc e61c0000.interrupt-controller: driving 6 irqs
[    3.002279] mmc0: new HS400 MMC card at address 0001
[    3.008100] mmcblk0: mmc0:0001 BGSD3R 29.1 GiB 
[    3.013032] mmcblk0boot0: mmc0:0001 BGSD3R partition 1 16.0 MiB
[    3.019335] mmcblk0boot1: mmc0:0001 BGSD3R partition 2 16.0 MiB
[    3.025367] mmcblk0rpmb: mmc0:0001 BGSD3R partition 3 4.00 MiB, chardev (509:0)
[    3.029992] ehci-platform ee080100.usb: EHCI Host Controller
[    3.034140]  mmcblk0: p1
[    3.038361] ehci-platform ee080100.usb: new USB bus registered, assigned bus number 9
[    3.048796] ehci-platform ee080100.usb: irq 174, io mem 0xee080100
[    3.069876] ehci-platform ee080100.usb: USB 2.0 started, EHCI 1.10
[    3.076588] hub 9-0:1.0: USB hub found
[    3.080363] hub 9-0:1.0: 1 port detected
[    3.085897] ohci-platform ee080000.usb: Generic Platform OHCI controller
[    3.092617] ohci-platform ee080000.usb: new USB bus registered, assigned bus number 10
[    3.100592] ohci-platform ee080000.usb: irq 174, io mem 0xee080000
[    3.196371] hub 10-0:1.0: USB hub found
[    3.200232] hub 10-0:1.0: 1 port detected
[    3.205568] cpu cpu0: EM: created perf domain
[    3.210453] cpu cpu4: EM: created perf domain
[    3.219673] renesas_sdhi_internal_dmac ee100000.mmc: Got CD GPIO
[    3.220813] renesas_sdhi_internal_dmac ee160000.mmc: Got CD GPIO
[    3.223319] [drm] Initialized rcar-du 1.0.0 20130110 for feb00000.display on minor 0
[    3.223322] [drm] Device feb00000.display probed
[    3.225809] renesas_sdhi_internal_dmac ee100000.mmc: Got WP GPIO
[    3.231783] renesas_sdhi_internal_dmac ee160000.mmc: Got WP GPIO
[    3.287309] renesas_sdhi_internal_dmac ee100000.mmc: mmc1 base at 0x00000000ee100000, max clock rate 200 MHz
[    3.294600] Console: switching to colour frame buffer device 128x48
[    3.305534] renesas_sdhi_internal_dmac ee160000.mmc: mmc2 base at 0x00000000ee160000, max clock rate 200 MHz
[    3.335625] rcar-du feb00000.display: [drm] fb0: rcar-dudrmfb frame buffer device
[    3.348126] input: keys as /devices/platform/keys/input/input0
[    3.429698] Micrel KSZ9031 Gigabit PHY e6800000.ethernet-ffffffff:00: attached PHY driver [Micrel KSZ9031 Gigabit PHY] (mii_bus:phy_addr=e6800000.ethernet-ffffffff:00, irq=183)
[    9.979703] ravb e6800000.ethernet eth0: Link is Up - 1Gbps/Full - flow control off
[   10.005925] IP-Config: Guessing netmask 255.255.255.0
[   10.011084] IP-Config: Complete:
[   10.014394]      device=eth0, hwaddr=2e:09:0a:00:c3:9a, ipaddr=192.168.10.167, mask=255.255.255.0, gw=255.255.255.255
[   10.025203]      host=192.168.10.167, domain=, nis-domain=(none)
[   10.031336]      bootserver=255.255.255.255, rootserver=192.168.10.99, rootpath=
[   10.031949] ALSA device list:
[   10.042596]   No soundcards found.
[   11.096461] VFS: Mounted root (nfs4 filesystem) on device 0:22.
[   11.103483] devtmpfs: mounted
[   11.110139] Freeing unused kernel memory: 6144K
[   11.138012] Run /sbin/init as init process
[   11.313269] systemd[1]: System time before build time, advancing clock.
[   11.717893] random: crng init done
[   11.741163] NET: Registered protocol family 10
[   11.750992] Segment Routing with IPv6
[   11.777546] systemd[1]: Configuration file /etc/systemd/system.conf is marked executable. Please remove executable permission bits. Proceeding anyway.
[   11.804553] systemd[1]: Configuration file /lib/systemd/system.conf.d/00-systemd-conf.conf is marked executable. Please remove executable permission bits. Proceeding anyway.
[   11.831584] systemd[1]: systemd 244 running in system mode. (+PAM -AUDIT -SELINUX +IMA -APPARMOR -SMACK +SYSVINIT +UTMP -LIBCRYPTSETUP -GCRYPT -GNUTLS +ACL +XZ -LZ4 -SECCOMP +BLKID -ELFUTILS +KMOD -IDN2 -IDN -PCRE2 default-hierarchy=hybrid)
[   11.859760] systemd[1]: Detected architecture arm64.

Welcome to [1mPoky (Yocto Project Reference Distro) 3.1.11 (dunfell)[0m!

[   11.895488] systemd[1]: Set hostname to <salvator-x>.
[   12.140725] systemd[1]: Configuration file /lib/systemd/system/local-fs.target is marked executable. Please remove executable permission bits. Proceeding anyway.
[   12.180813] systemd[1]: Configuration file /lib/systemd/system/swap.target is marked executable. Please remove executable permission bits. Proceeding anyway.
[   12.208334] systemd[1]: Configuration file /lib/systemd/system/umount.target is marked executable. Please remove executable permission bits. Proceeding anyway.
[   12.234277] systemd[1]: Configuration file /lib/systemd/system/systemd-journald.socket is marked executable. Please remove executable permission bits. Proceeding anyway.
[   12.263631] systemd[1]: Configuration file /lib/systemd/system/systemd-journald.service is marked executable. Please remove executable permission bits. Proceeding anyway.
[   12.291959] systemd[1]: Configuration file /lib/systemd/system/sysinit.target is marked executable. Please remove executable permission bits. Proceeding anyway.
[   12.329195] systemd[1]: Configuration file /lib/systemd/system/systemd-update-utmp.service is marked executable. Please remove executable permission bits. Proceeding anyway.
[   12.351779] systemd[1]: Configuration file /lib/systemd/system/systemd-update-done.service is marked executable. Please remove executable permission bits. Proceeding anyway.
[   12.373413] systemd[1]: Configuration file /lib/systemd/system/systemd-udevd.service is marked executable. Please remove executable permission bits. Proceeding anyway.
[   12.393439] systemd[1]: Configuration file /lib/systemd/system/systemd-udevd-kernel.socket is marked executable. Please remove executable permission bits. Proceeding anyway.
[   12.414250] systemd[1]: Configuration file /lib/systemd/system/systemd-udevd-control.socket is marked executable. Please remove executable permission bits. Proceeding anyway.
[   12.434939] systemd[1]: Configuration file /lib/systemd/system/systemd-udev-trigger.service is marked executable. Please remove executable permission bits. Proceeding anyway.
[   12.456381] systemd[1]: Configuration file /lib/systemd/system/systemd-tmpfiles-setup.service is marked executable. Please remove executable permission bits. Proceeding anyway.
[   12.477683] systemd[1]: Configuration file /lib/systemd/system/systemd-tmpfiles-setup-dev.service is marked executable. Please remove executable permission bits. Proceeding anyway.
[   12.499854] systemd[1]: Configuration file /lib/systemd/system/systemd-timesyncd.service is marked executable. Please remove executable permission bits. Proceeding anyway.
[   12.521541] systemd[1]: Configuration file /lib/systemd/system/time-sync.target is marked executable. Please remove executable permission bits. Proceeding anyway.
[   12.541421] systemd[1]: Configuration file /lib/systemd/system/time-set.target is marked executable. Please remove executable permission bits. Proceeding anyway.
[   12.561001] systemd[1]: Configuration file /lib/systemd/system/systemd-sysusers.service is marked executable. Please remove executable permission bits. Proceeding anyway.
[   12.581569] systemd[1]: Configuration file /lib/systemd/system/systemd-sysctl.service is marked executable. Please remove executable permission bits. Proceeding anyway.
[   12.602329] systemd[1]: Configuration file /lib/systemd/system/systemd-random-seed.service is marked executable. Please remove executable permission bits. Proceeding anyway.
[   12.626367] systemd[1]: Configuration file /lib/systemd/system/systemd-modules-load.service is marked executable. Please remove executable permission bits. Proceeding anyway.
[   12.647762] systemd[1]: Configuration file /lib/systemd/system/systemd-machine-id-commit.service is marked executable. Please remove executable permission bits. Proceeding anyway.
[   12.669508] systemd[1]: Configuration file /lib/systemd/system/systemd-journal-flush.service is marked executable. Please remove executable permission bits. Proceeding anyway.
[   12.691046] systemd[1]: Configuration file /lib/systemd/system/systemd-journal-catalog-update.service is marked executable. Please remove executable permission bits. Proceeding anyway.
[   12.713313] systemd[1]: Configuration file /lib/systemd/system/systemd-hwdb-update.service is marked executable. Please remove executable permission bits. Proceeding anyway.
[   12.734418] systemd[1]: Configuration file /lib/systemd/system/systemd-ask-password-console.path is marked executable. Please remove executable permission bits. Proceeding anyway.
[   12.756459] systemd[1]: Configuration file /lib/systemd/system/systemd-ask-password-console.service is marked executable. Please remove executable permission bits. Proceeding anyway.
[   12.778869] systemd[1]: Configuration file /lib/systemd/system/systemd-vconsole-setup.service is marked executable. Please remove executable permission bits. Proceeding anyway.
[   12.800178] systemd[1]: Configuration file /lib/systemd/system/initrd-switch-root.target is marked executable. Please remove executable permission bits. Proceeding anyway.
[   12.821132] systemd[1]: Configuration file /lib/systemd/system/initrd-cleanup.service is marked executable. Please remove executable permission bits. Proceeding anyway.
[   12.841923] systemd[1]: Configuration file /lib/systemd/system/initrd.target is marked executable. Please remove executable permission bits. Proceeding anyway.
[   12.861788] systemd[1]: Configuration file /lib/systemd/system/rescue.target is marked executable. Please remove executable permission bits. Proceeding anyway.
[   12.888674] systemd[1]: Configuration file /lib/systemd/system/remote-fs.target is marked executable. Please remove executable permission bits. Proceeding anyway.
[   12.908548] systemd[1]: Configuration file /lib/systemd/system/remote-fs-pre.target is marked executable. Please remove executable permission bits. Proceeding anyway.
[   12.929090] systemd[1]: Configuration file /lib/systemd/system/graphical.target is marked executable. Please remove executable permission bits. Proceeding anyway.
[   12.954158] systemd[1]: Configuration file /lib/systemd/system/multi-user.target is marked executable. Please remove executable permission bits. Proceeding anyway.
[   12.993053] systemd[1]: Configuration file /lib/systemd/system/xinetd.service is marked executable. Please remove executable permission bits. Proceeding anyway.
[   13.012915] systemd[1]: Configuration file /lib/systemd/system/network.target is marked executable. Please remove executable permission bits. Proceeding anyway.
[   13.032770] systemd[1]: Configuration file /lib/systemd/system/network-pre.target is marked executable. Please remove executable permission bits. Proceeding anyway.
[   13.053007] systemd[1]: Configuration file /lib/systemd/system/systemd-user-sessions.service is marked executable. Please remove executable permission bits. Proceeding anyway.
[   13.074668] systemd[1]: Configuration file /lib/systemd/system/nss-user-lookup.target is marked executable. Please remove executable permission bits. Proceeding anyway.
[   13.095328] systemd[1]: Configuration file /lib/systemd/system/systemd-resolved.service is marked executable. Please remove executable permission bits. Proceeding anyway.
[   13.116865] systemd[1]: Configuration file /lib/systemd/system/nss-lookup.target is marked executable. Please remove executable permission bits. Proceeding anyway.
[   13.136862] systemd[1]: Configuration file /lib/systemd/system/systemd-networkd.service is marked executable. Please remove executable permission bits. Proceeding anyway.
[   13.158239] systemd[1]: Configuration file /lib/systemd/system/systemd-logind.service is marked executable. Please remove executable permission bits. Proceeding anyway.
[   13.180164] systemd[1]: Configuration file /lib/systemd/system/dbus.socket is marked executable. Please remove executable permission bits. Proceeding anyway.
[   13.200505] systemd[1]: Configuration file /lib/systemd/system/user.slice is marked executable. Please remove executable permission bits. Proceeding anyway.
[   13.219702] systemd[1]: Configuration file /lib/systemd/system/slices.target is marked executable. Please remove executable permission bits. Proceeding anyway.
[   13.239515] systemd[1]: Configuration file /lib/systemd/system/systemd-ask-password-wall.path is marked executable. Please remove executable permission bits. Proceeding anyway.
[   13.261295] systemd[1]: Configuration file /lib/systemd/system/systemd-ask-password-wall.service is marked executable. Please remove executable permission bits. Proceeding anyway.
[   13.283602] systemd[1]: Configuration file /lib/systemd/system/rpcbind.service is marked executable. Please remove executable permission bits. Proceeding anyway.
[   13.303694] systemd[1]: Configuration file /lib/systemd/system/rpcbind.target is marked executable. Please remove executable permission bits. Proceeding anyway.
[   13.323387] systemd[1]: Configuration file /lib/systemd/system/rpcbind.socket is marked executable. Please remove executable permission bits. Proceeding anyway.
[   13.343833] systemd[1]: Configuration file /lib/systemd/system/rc.pvr.service is marked executable. Please remove executable permission bits. Proceeding anyway.
[   13.363999] systemd[1]: Configuration file /lib/systemd/system/optee.service is marked executable. Please remove executable permission bits. Proceeding anyway.
[   13.383898] systemd[1]: Configuration file /lib/systemd/system/getty.target is marked executable. Please remove executable permission bits. Proceeding anyway.
[   13.407385] systemd[1]: Configuration file /lib/systemd/system/serial-getty@.service is marked executable. Please remove executable permission bits. Proceeding anyway.
[   13.429485] systemd[1]: Configuration file /lib/systemd/system/rc-local.service is marked executable. Please remove executable permission bits. Proceeding anyway.
[   13.449705] systemd[1]: Configuration file /lib/systemd/system/getty-pre.target is marked executable. Please remove executable permission bits. Proceeding anyway.
[   13.470358] systemd[1]: Configuration file /lib/systemd/system/getty@.service is marked executable. Please remove executable permission bits. Proceeding anyway.
[   13.491380] systemd[1]: Configuration file /lib/systemd/system/dbus.service is marked executable. Please remove executable permission bits. Proceeding anyway.
[   13.511238] systemd[1]: Configuration file /lib/systemd/system/avahi-daemon.service is marked executable. Please remove executable permission bits. Proceeding anyway.
[   13.532489] systemd[1]: Configuration file /lib/systemd/system/avahi-daemon.socket is marked executable. Please remove executable permission bits. Proceeding anyway.
[   13.554127] systemd[1]: Configuration file /lib/systemd/system/systemd-update-utmp-runlevel.service is marked executable. Please remove executable permission bits. Proceeding anyway.
[   13.576403] systemd[1]: Configuration file /lib/systemd/system/rescue.service is marked executable. Please remove executable permission bits. Proceeding anyway.
[   13.596313] systemd[1]: Configuration file /lib/systemd/system/initrd-parse-etc.service is marked executable. Please remove executable permission bits. Proceeding anyway.
[   13.617657] systemd[1]: Configuration file /lib/systemd/system/initrd-root-device.target is marked executable. Please remove executable permission bits. Proceeding anyway.
[   13.638892] systemd[1]: Configuration file /lib/systemd/system/basic.target is marked executable. Please remove executable permission bits. Proceeding anyway.
[   13.658879] systemd[1]: Configuration file /lib/systemd/system/timers.target is marked executable. Please remove executable permission bits. Proceeding anyway.
[   13.681847] systemd[1]: Configuration file /lib/systemd/system/systemd-tmpfiles-clean.timer is marked executable. Please remove executable permission bits. Proceeding anyway.
[   13.703713] systemd[1]: Configuration file /lib/systemd/system/systemd-tmpfiles-clean.service is marked executable. Please remove executable permission bits. Proceeding anyway.
[   13.725152] systemd[1]: Configuration file /lib/systemd/system/initrd-fs.target is marked executable. Please remove executable permission bits. Proceeding anyway.
[   13.744998] systemd[1]: Configuration file /lib/systemd/system/initrd-root-fs.target is marked executable. Please remove executable permission bits. Proceeding anyway.
[   13.765676] systemd[1]: Configuration file /lib/systemd/system/initrd-udevadm-cleanup-db.service is marked executable. Please remove executable permission bits. Proceeding anyway.
[   13.787918] systemd[1]: Configuration file /lib/systemd/system/systemd-udev-settle.service is marked executable. Please remove executable permission bits. Proceeding anyway.
[   13.808993] systemd[1]: Configuration file /lib/systemd/system/initrd-switch-root.service is marked executable. Please remove executable permission bits. Proceeding anyway.
[   13.830087] systemd[1]: Configuration file /lib/systemd/system/paths.target is marked executable. Please remove executable permission bits. Proceeding anyway.
[   13.849423] systemd[1]: Configuration file /lib/systemd/system/sys-kernel-debug.mount is marked executable. Please remove executable permission bits. Proceeding anyway.
[   13.870552] systemd[1]: Configuration file /lib/systemd/system/sys-kernel-config.mount is marked executable. Please remove executable permission bits. Proceeding anyway.
[   13.891490] systemd[1]: Configuration file /lib/systemd/system/sys-fs-fuse-connections.mount is marked executable. Please remove executable permission bits. Proceeding anyway.
[   13.913317] systemd[1]: Configuration file /lib/systemd/system/psplash-systemd.service is marked executable. Please remove executable permission bits. Proceeding anyway.
[   13.933520] systemd[1]: Configuration file /lib/systemd/system/psplash-start.service is marked executable. Please remove executable permission bits. Proceeding anyway.
[   13.954048] systemd[1]: Configuration file /lib/systemd/system/ldconfig.service is marked executable. Please remove executable permission bits. Proceeding anyway.
[   13.973832] systemd[1]: Configuration file /lib/systemd/system/kmod-static-nodes.service is marked executable. Please remove executable permission bits. Proceeding anyway.
[   13.995139] systemd[1]: Configuration file /lib/systemd/system/dev-mqueue.mount is marked executable. Please remove executable permission bits. Proceeding anyway.
[   14.015348] systemd[1]: Configuration file /lib/systemd/system/dev-hugepages.mount is marked executable. Please remove executable permission bits. Proceeding anyway.
[   14.035812] systemd[1]: Configuration file /lib/systemd/system/emergency.service is marked executable. Please remove executable permission bits. Proceeding anyway.
[   14.055547] systemd[1]: Configuration file /lib/systemd/system/syslog.socket is marked executable. Please remove executable permission bits. Proceeding anyway.
[   14.075700] systemd[1]: Configuration file /lib/systemd/system/systemd-journald-audit.socket is marked executable. Please remove executable permission bits. Proceeding anyway.
[   14.097105] systemd[1]: Configuration file /lib/systemd/system/systemd-journald-dev-log.socket is marked executable. Please remove executable permission bits. Proceeding anyway.
[   14.119042] systemd[1]: Configuration file /lib/systemd/system/sockets.target is marked executable. Please remove executable permission bits. Proceeding anyway.
[   14.152126] systemd[1]: Configuration file /lib/systemd/system/systemd-networkd.socket is marked executable. Please remove executable permission bits. Proceeding anyway.
[   14.172957] systemd[1]: Configuration file /lib/systemd/system/systemd-initctl.socket is marked executable. Please remove executable permission bits. Proceeding anyway.
[   14.193500] systemd[1]: Configuration file /lib/systemd/system/systemd-initctl.service is marked executable. Please remove executable permission bits. Proceeding anyway.
[   14.214368] systemd[1]: Configuration file /lib/systemd/system/dropbear.socket is marked executable. Please remove executable permission bits. Proceeding anyway.
[   14.234246] systemd[1]: Configuration file /lib/systemd/system/var-volatile-srv.service is marked executable. Please remove executable permission bits. Proceeding anyway.
[   14.255235] systemd[1]: Configuration file /lib/systemd/system/var-volatile-spool.service is marked executable. Please remove executable permission bits. Proceeding anyway.
[   14.276334] systemd[1]: Configuration file /lib/systemd/system/var-volatile-lib.service is marked executable. Please remove executable permission bits. Proceeding anyway.
[   14.297157] systemd[1]: Configuration file /lib/systemd/system/var-volatile-cache.service is marked executable. Please remove executable permission bits. Proceeding anyway.
[   14.318541] systemd[1]: Configuration file /lib/systemd/system/tmp.mount is marked executable. Please remove executable permission bits. Proceeding anyway.
[   14.338043] systemd[1]: Configuration file /lib/systemd/system/systemd-remount-fs.service is marked executable. Please remove executable permission bits. Proceeding anyway.
[   14.359209] systemd[1]: Configuration file /lib/systemd/system/systemd-fsck-root.service is marked executable. Please remove executable permission bits. Proceeding anyway.
[   14.380092] systemd[1]: Configuration file /lib/systemd/system/emergency.target is marked executable. Please remove executable permission bits. Proceeding anyway.
[   14.400008] systemd[1]: Configuration file /lib/systemd/system/local-fs-pre.target is marked executable. Please remove executable permission bits. Proceeding anyway.
[   14.420240] systemd[1]: Configuration file /lib/systemd/system/shutdown.target is marked executable. Please remove executable permission bits. Proceeding anyway.
[   14.441806] systemd[1]: system-getty.slice: unit configures an IP firewall, but the local system does not support BPF/cgroup firewalling.
[   14.456991] systemd[1]: (This warning is only shown for the first unit using IP firewalling.)
[   14.468765] systemd[1]: Created slice system-getty.slice.
[[0;32m  OK  [0m] Created slice [0;1;39msystem-getty.slice[0m.
[   14.490740] systemd[1]: Created slice system-serial\x2dgetty.slice.
[[0;32m  OK  [0m] Created slice [0;1;39msystem-serial\x2dgetty.slice[0m.
[   14.514490] systemd[1]: Created slice User and Session Slice.
[[0;32m  OK  [0m] Created slice [0;1;39mUser and Session Slice[0m.
[   14.538088] systemd[1]: Started Dispatch Password Requests to Console Directory Watch.
[[0;32m  OK  [0m] Started [0;1;39mDispatch Password …ts to Console Directory Watch[0m.
[   14.566105] systemd[1]: Started Forward Password Requests to Wall Directory Watch.
[[0;32m  OK  [0m] Started [0;1;39mForward Password R…uests to Wall Directory Watch[0m.
[   14.594003] systemd[1]: Reached target Paths.
[[0;32m  OK  [0m] Reached target [0;1;39mPaths[0m.
[   14.613971] systemd[1]: Reached target Remote File Systems.
[[0;32m  OK  [0m] Reached target [0;1;39mRemote File Systems[0m.
[   14.638096] systemd[1]: Reached target Slices.
[[0;32m  OK  [0m] Reached target [0;1;39mSlices[0m.
[   14.662047] systemd[1]: Reached target Swap.
[[0;32m  OK  [0m] Reached target [0;1;39mSwap[0m.
[   14.688723] systemd[1]: Listening on RPCbind Server Activation Socket.
[[0;32m  OK  [0m] Listening on [0;1;39mRPCbind Server Activation Socket[0m.
[   14.718062] systemd[1]: Reached target RPC Port Mapper.
[[0;32m  OK  [0m] Reached target [0;1;39mRPC Port Mapper[0m.
[   14.746343] systemd[1]: Listening on initctl Compatibility Named Pipe.
[[0;32m  OK  [0m] Listening on [0;1;39minitctl Compatibility Named Pipe[0m.
[   14.776048] systemd[1]: Listening on Journal Audit Socket.
[[0;32m  OK  [0m] Listening on [0;1;39mJournal Audit Socket[0m.
[   14.803452] systemd[1]: Listening on Journal Socket (/dev/log).
[[0;32m  OK  [0m] Listening on [0;1;39mJournal Socket (/dev/log)[0m.
[   14.830686] systemd[1]: Listening on Journal Socket.
[[0;32m  OK  [0m] Listening on [0;1;39mJournal Socket[0m.
[   14.859848] systemd[1]: Listening on Network Service Netlink Socket.
[[0;32m  OK  [0m] Listening on [0;1;39mNetwork Service Netlink Socket[0m.
[   14.888416] systemd[1]: Listening on udev Control Socket.
[[0;32m  OK  [0m] Listening on [0;1;39mudev Control Socket[0m.
[   14.914516] systemd[1]: Listening on udev Kernel Socket.
[[0;32m  OK  [0m] Listening on [0;1;39mudev Kernel Socket[0m.
[   14.947445] systemd[1]: Mounting Huge Pages File System...
         Mounting [0;1;39mHuge Pages File System[0m...
[   14.979271] systemd[1]: Mounting POSIX Message Queue File System...
         Mounting [0;1;39mPOSIX Message Queue File System[0m...
[   15.011058] systemd[1]: Mounting Kernel Debug File System...
         Mounting [0;1;39mKernel Debug File System[0m...
[   15.046143] systemd[1]: Mounting Temporary Directory (/tmp)...
         Mounting [0;1;39mTemporary Directory (/tmp)[0m...
[   15.076181] systemd[1]: Starting Create list of static device nodes for the current kernel...
         Starting [0;1;39mCreate list of st…odes for the current kernel[0m...
[   15.111003] systemd[1]: Starting Start psplash boot splash screen...
         Starting [0;1;39mStart psplash boot splash screen[0m...
[   15.144726] systemd[1]: Starting RPC Bind...
         Starting [0;1;39mRPC Bind[0m...
[   15.178715] systemd[1]: Condition check resulted in File System Check on Root Device being skipped.
[   15.194511] systemd[1]: Starting Journal Service...
         Starting [0;1;39mJournal Service[0m...
[   15.213330] systemd-journald[356]: Configuration file /etc/systemd/journald.conf is marked executable. Please remove executable permission bits. Proceeding anyway.
[   15.230024] systemd-journald[356]: Configuration file /lib/systemd/journald.conf.d/00-systemd-conf.conf is marked executable. Please remove executable permission bits. Proceeding anyway.
[   15.259276] systemd[1]: Starting Load Kernel Modules...
         Starting [0;1;39mLoad Kernel Modules[0m...
[   15.282773] systemd[1]: Starting Remount Root and Kernel File Systems...
         Starting [0;1;39mRemount Root and Kernel File Systems[0m...
[   15.314302] systemd[1]: Starting udev Coldplug all Devices...
         Starting [0;1;39mudev Coldplug all Devices[0m...
[   15.348378] systemd[1]: Started Start psplash boot splash screen.
[[0;32m  OK  [0m] Started [0;1;39mStart psplash boot splash screen[0m.
[   15.370462] systemd[1]: Started RPC Bind.
[[0;32m  OK  [0m] Started [0;1;39mRPC Bind[0m.
[   15.394690] systemd[1]: Started Journal Service.
[[0;32m  OK  [0m] Started [0;1;39mJournal Service[0m.
[[0;32m  OK  [0m] Mounted [0;1;39mHuge Pages File System[0m.
[[0;32m  OK  [0m] Mounted [0;1;39mPOSIX Message Queue File System[0m.
[[0;32m  OK  [0m] Mounted [0;1;39mKernel Debug File System[0m.
[[0;32m  OK  [0m] Mounted [0;1;39mTemporary Directory (/tmp)[0m.
[[0;32m  OK  [0m] Started [0;1;39mCreate list of sta… nodes for the current kernel[0m.
[[0;32m  OK  [0m] Started [0;1;39mLoad Kernel Modules[0m.
[[0;32m  OK  [0m] Started [0;1;39mRemount Root and Kernel File Systems[0m.
         Mounting [0;1;39mKernel Configuration File System[0m...
[[0;32m  OK  [0m] Started [0;1;39mStart psplash-syst…progress communication helper[0m.
         Starting [0;1;39mFlush Journal to Persistent Storage[0m...
         Starting [0;1;39mApply Kernel Variables[0m...
[   15.628728] systemd-journald[356]: Received client request to flush runtime journal.
         Starting [0;1;39mCreate Static Device Nodes in /dev[0m...
[[0;32m  OK  [0m] Mounted [0;1;39mKernel Configuration File System[0m.
[[0;32m  OK  [0m] Started [0;1;39mFlush Journal to Persistent Storage[0m.
[[0;32m  OK  [0m] Started [0;1;39mApply Kernel Variables[0m.
[[0;32m  OK  [0m] Started [0;1;39mCreate Static Device Nodes in /dev[0m.
[[0;32m  OK  [0m] Reached target [0;1;39mLocal File Systems (Pre)[0m.
         Mounting [0;1;39m/var/volatile[0m...
         Starting [0;1;39mudev Kernel Device Manager[0m...
[[0;32m  OK  [0m] Mounted [0;1;39m/var/volatile[0m.
         Starting [0;1;39mLoad/Save Random Seed[0m...
[[0;32m  OK  [0m] Reached target [0;1;39mLocal File Systems[0m.
         Starting [0;1;39mCreate Volatile Files and Directories[0m...
[[0;32m  OK  [0m] Started [0;1;39mudev Coldplug all Devices[0m.
[[0;32m  OK  [0m] Started [0;1;39mLoad/Save Random Seed[0m.
[[0;32m  OK  [0m] Started [0;1;39mudev Kernel Device Manager[0m.
         Starting [0;1;39mNetwork Service[0m...
[[0;32m  OK  [0m] Started [0;1;39mCreate Volatile Files and Directories[0m.
         Starting [0;1;39mNetwork Time Synchronization[0m...
         Starting [0;1;39mUpdate UTMP about System Boot/Shutdown[0m...
[[0;32m  OK  [0m] Started [0;1;39mUpdate UTMP about System Boot/Shutdown[0m.
[[0;32m  OK  [0m] Started [0;1;39mNetwork Service[0m.
         Starting [0;1;39mNetwork Name Resolution[0m...
[[0;32m  OK  [0m] Started [0;1;39mNetwork Time Synchronization[0m.
[[0;32m  OK  [0m] Reached target [0;1;39mSystem Initialization[0m.
[[0;32m  OK  [0m] Started [0;1;39mDaily Cleanup of Temporary Director[   16.160317] pwm-backlight: probe of backlight failed with error -16
ies[0m.
[[0;32m  OK  [0m] Reached target [0;1;39mSystem Time Set[0m.
[[0;32m  OK  [0m] Reached target [0;1;39mSystem Time Synchronized[0m.
[[0;32m  OK  [0m] Reached target [0;1;39mTimers[0m.
[   16.232599] at24 7-0050: supply vcc not found, using dummy regulator
[[0;32m  OK  [0m] Listening on [0;1;39mAvahi mDNS/DNS-SD Stack Activa[   16.251229] at24 7-0050: 128 byte br24t01 EEPROM, writable, 8 bytes/write
tion Socket[0m.
[[0;32m  OK  [0m] Listening on [0;1;39mD-Bus System Message Bus Socket[0m.
[[0;32m  OK  [0m] Listening on [0;1;39mdropbear.socket[0m.
[[0;32m  OK  [0m] Reached target [0;1;39mSockets[0m.
[   16.363051] renesas_usb3 ee020000.usb: probed with phy
[[0;32m  OK  [0m] Reached target [0;1;39mBasic System[0m.
[[0;32m  OK  [0m] Started [0;1;39mD-Bus System Message Bus[0m.
[   16.398425] ccree e6601000.crypto: ARM CryptoCell 630P Driver: HW version 0xAF400001/0xDCC63000, Driver version 5.0
[[0;32m  OK  [0m] Started [0;1;39moptee services[0m.
         Starting [0;1;39mpvrinit.service[0m...
[   16.445621] ccree e6601000.crypto: ARM ccree device initialized
         Starting [0;1;39mPowerVR consumer services[0m...
         Starting [0;1;39mLogin Service[0m...
[[0;32m  OK  [0m] Started [0;1;39mNetwork Name Resolution[0m.
[[0;1;31mFAILED[0m] Failed to start [0;1;39mpvrinit.service[0m.
See 'systemctl status pvrinit.service' for details.
[[0;1;31mFAILED[0m] Failed to start [0;1;39mPowerVR consumer services[0m.
See 'systemctl status rc.pvr.service' for details.
[[0;1;38;5;185mDEPEND[0m] Dependency failed for [0;1;39mWeston Wayland Compositor[0m.
[[0;32m  OK  [0m] Started [0;1;39mLogin Service[0m.
[[0;32m  OK  [0m] Created slice [0;1;39msystem-weston.slice[0m.
[[0;32m  OK  [0m] Reached target [0;1;39mNetwork[0m.
[[0;32m  OK  [0m] Reached target [0;1;39mHost and Network Name Lookups[0m.
[[0;32m  OK  [0m] Reached target [0;1;39mHardware activated USB gadget[0m.
         Starting [0;1;39mAvahi mDNS/DNS-SD Stack[0m...
         Starting [0;1;39mset_default_governor.service[0m...
         Starting [0;1;39mPermit User Sessions[0m...
[[0;32m  OK  [0m] Started [0;1;39mXinetd A Powerful Replacement For Inetd[0m.
[   16.934308] rd 0-7: Disabling EAS, schedutil is mandatory
[[0;32m  OK  [0m] Started [0;1;39mPermit User Sessions[0m.
[[0;32m  OK  [0m] Started [0;1;39mAvahi mDNS/DNS-SD Stack[0m.
[[0;32m  OK  [0m] Started [0;1;39mset_default_governor.service[0m.
[[0;32m  OK  [0m] Started [0;1;39mGetty on tty1[0m.
[[0;32m  OK  [0m] Started [0;1;39mSerial Getty on ttySC0[0m.
[[0;32m  OK  [0m] Reached target [0;1;39mLogin Prompts[0m.
[[0;32m  OK  [0m] Reached target [0;1;39mMulti-User System[0m.
         Starting [0;1;39mUpdate UTMP about System Runlevel Changes[0m...
[[0;32m  OK  [0m] Started [0;1;39mUpdate UTMP about System Runlevel Changes[0m.

Poky (Yocto Project Reference Distro) 3.1.11 salvator-x ttySC0

salvator-x login: 
salvator-x login: root
[   18.860094] audit: type=1006 audit(1708653591.083:2): pid=528 uid=0 old-auid=4294967295 auid=0 tty=(none) old-ses=4294967295 ses=1 res=1
7[r[999;999H[6n8root@salvator-x:~# 
root@salvator-x:~# 
root@salvator-x:~# 
root@salvator-x:~# 
root@salvator-x:~# 
root@salvator-x:~# 
root@salvator-x:~# 
root@salvator-x:~# 
root@salvator-x:~# 
Plug in USB device at CN37


Press any button to continue

[   35.425879] usb 3-1: new high-speed USB device number 2 using ehci-platform
[   35.591858] usb-storage 3-1:1.0: USB Mass Storage device detected
[   35.599477] scsi host1: usb-storage 3-1:1.0
[   36.607835] scsi 1:0:0:0: Direct-Access     SanDisk  Ultra            1.00 PQ: 0 ANSI: 6
[   36.617735] sd 1:0:0:0: [sda] 121307136 512-byte logical blocks: (62.1 GB/57.8 GiB)
[   36.626845] sd 1:0:0:0: [sda] Write Protect is off
[   36.632677] sd 1:0:0:0: [sda] Write cache: disabled, read cache: enabled, doesn't support DPO or FUA
[   36.686573]  sda: sda1
[   36.692810] sd 1:0:0:0: [sda] Attached SCSI removable disk

----------Prepare----------


root@salvator-x:~# find /sys/devices/platform/soc/ee0e0100.usb/ -name 'sd*'
/sys/devices/platform/soc/ee0e0100.usb/usb3/3-1/3-1:1.0/host1/target1:0:0/1:0:0:0/block/sda
/sys/devices/platform/soc/ee0e0100.usb/usb3/3-1/3-1:1.0/host1/target1:0:0/1:0:0:0/block/sda/sda1
root@salvator-x:~# 
root@salvator-x:~# dd if=/dev/urandom of=testdata bs=10M count=5
5+0 records in
5+0 records out
52428800 bytes (52 MB, 50 MiB) copied, 1.43568 s, 36.5 MB/s
root@salvator-x:~# 
root@salvator-x:~# mkdir [   41.950068] SDHI0 VccQ: disabling
[   41.953463] SDHI3 VccQ: disabling
-p /mnt/usb
root@salvator-x:~# 
root@salvator-x:~# mount /dev/sda1 /mnt/usb
[   42.636544] EXT4-fs (sda1): mounted filesystem with ordered data mode. Opts: (null)
root@salvator-x:~# 
root@salvator-x:~# cp testdata /mnt/usb/
root@salvator-x:~# 
root@salvator-x:~# umount /mnt/usb
root@salvator-x:~# 
Pull out USB device at CN37


Press any button to continue

[   52.376008] usb 3-1: USB disconnect, device number 2

root@salvator-x:~# i2cset -f -y 7 0x30 0x20 0x0f
root@salvator-x:~# 

Switch SW23 off and input 'yes' to continue:
Input 'yes' to continue: 

root@salvator-x:~# echo N > /sys/module/printk/parameters/console_suspend
root@salvator-x:~# 
root@salvator-x:~# echo mem > /sys/power/state
[   63.626000] PM: suspend entry (deep)
[   63.629777] Filesystems sync: 0.000 seconds
[   63.635483] Freezing user space processes ... (elapsed 0.001 seconds) done.
[   63.637102] OOM killer disabled.
[   63.637105] Freezing remaining freezable tasks ... (elapsed 0.000 seconds) done.
[   64.069981] ravb e6800000.ethernet eth0: Link is Down
[   64.085550] Disabling non-boot CPUs ...
[   64.090028] CPU1: shutdown
[   64.092740] psci: CPU1 killed (polled 0 ms)
[   64.098631] CPU2: shutdown
[   64.101344] psci: CPU2 killed (polled 0 ms)
[   64.107060] CPU3: shutdown
[   64.109774] psci: CPU3 killed (polled 0 ms)
[   64.115804] CPU4: shutdown
[   64.118549] psci: CPU4 killed (polled 0 ms)
[   64.124292] CPU5: shutdown
[   64.127038] psci: CPU5 killed (polled 0 ms)
[   64.132622] CPU6: shutdown
[   64.135377] psci: CPU6 killed (polled 0 ms)
[   64.141069] CPU7: shutdown
[   64.143825] psci: CPU7 killed (polled 0 ms)
 
Plug in USB device at CN37


Press any button to continue


 Switch power switch: 

NOTICE:  BL2: R-Car Gen3 Initial Program Loader(CA57) Rev.4.0.0
NOTICE:  BL2: PRR is R-Car H3 Ver.3.0
NOTICE:  BL2: Board is Salvator-XS Rev.1.0
NOTICE:  BL2: Boot device is HyperFlash(160MHz)
NOTICE:  BL2: LCM state is CM
NOTICE:  AVS setting succeeded. DVFS_SetVID=0x53
NOTICE:  BL2: DDR3200(rev.0.42)
NOTICE:  BL2: [WARM_BOOT]
NOTICE:  BL2: DRAM Split is 4ch(DDR f)
NOTICE:  BL2: QoS is default setting(rev.0.11)
NOTICE:  BL2: DRAM refresh interval 1.95 usec
NOTICE:  BL2: Periodic Write DQ Training
NOTICE:  BL2: CH0: 400000000 - 47fffffff, 2 GiB
NOTICE:  BL2: CH1: 500000000 - 57fffffff, 2 GiB
NOTICE:  BL2: CH2: 600000000 - 67fffffff, 2 GiB
NOTICE:  BL2: CH3: 700000000 - 77fffffff, 2 GiB
NOTICE:  BL2: Lossy Decomp areas
NOTICE:       Entry 0: DCMPAREACRAx:0x80000540 DCMPAREACRBx:0x570
NOTICE:       Entry 1: DCMPAREACRAx:0x40000000 DCMPAREACRBx:0x0
NOTICE:       Entry 2: DCMPAREACRAx:0x20000000 DCMPAREACRBx:0x0
NOTICE:  BL2: FDT at 0xe6327f70
NOTICE:  BL2: v2.9(release):9cdb21f75
NOTICE:  BL2: Built : 05:25:39, Dec 19 2023
NOTICE:  BL2: Normal boot
[   64.149100] Enabling non-boot CPUs ...
[   64.153137] Detected PIPT I-cache on CPU1
[   64.153193] CPU1: Booted secondary processor 0x0000000001 [0x411fd073]
[   64.153653] CPU1 is up
[   64.166708] Detected PIPT I-cache on CPU2
[   64.166731] CPU2: Booted secondary processor 0x0000000002 [0x411fd073]
[   64.166996] CPU2 is up
[   64.180014] Detected PIPT I-cache on CPU3
[   64.180037] CPU3: Booted secondary processor 0x0000000003 [0x411fd073]
[   64.180317] CPU3 is up
[   64.193378] Detected VIPT I-cache on CPU4
[   64.193430] CPU4: Booted secondary processor 0x0000000100 [0x410fd034]
[   64.194323] CPU4 is up
[   64.207337] Detected VIPT I-cache on CPU5
[   64.207370] CPU5: Booted secondary processor 0x0000000101 [0x410fd034]
[   64.207964] CPU5 is up
[   64.220967] Detected VIPT I-cache on CPU6
[   64.220998] CPU6: Booted secondary processor 0x0000000102 [0x410fd034]
[   64.221611] CPU6 is up
[   64.234622] Detected VIPT I-cache on CPU7
[   64.234656] CPU7: Booted secondary processor 0x0000000103 [0x410fd034]
[   64.235356] CPU7 is up
[   64.306968] xhci-hcd ee000000.usb: xHC error in resume, USBSTS 0x401, Reinit
[   64.314035] usb usb7: root hub lost power or was reset
[   64.319159] usb usb8: root hub lost power or was reset
[   64.376677] Micrel KSZ9031 Gigabit PHY e6800000.ethernet-ffffffff:00: attached PHY driver [Micrel KSZ9031 Gigabit PHY] (mii_bus:phy_addr=e6800000.ethernet-ffffffff:00, irq=183)
[   64.492004] usb usb4: root hub lost power or was reset
[   64.497298] usb usb1: root hub lost power or was reset
[   64.583861] usb usb5: root hub lost power or was reset
[   64.589156] usb usb2: root hub lost power or was reset
[   64.675933] usb usb6: root hub lost power or was reset
[   64.681231] usb usb3: root hub lost power or was reset
[   64.795932] usb usb10: root hub lost power or was reset
[   64.801291] usb usb9: root hub lost power or was reset
[   64.813937] ata1: link resume succeeded after 1 retries
[   64.920225] ata1: SATA link down (SStatus 0 SControl 300)
[   64.943005] OOM killer enabled.
[   64.946857] Restarting tasks ... done.
root@salvator-x:~# [   64.954964] PM: suspend exit
[   65.405852] usb 3-1: new high-speed USB device number 3 using ehci-platform
[   65.568231] usb-storage 3-1:1.0: USB Mass Storage device detected
[   65.575063] scsi host1: usb-storage 3-1:1.0
[   66.591659] scsi 1:0:0:0: Direct-Access     SanDisk  Ultra            1.00 PQ: 0 ANSI: 6
[   66.601077] sd 1:0:0:0: [sda] 121307136 512-byte logical blocks: (62.1 GB/57.8 GiB)
[   66.610176] sd 1:0:0:0: [sda] Write Protect is off
[   66.616029] sd 1:0:0:0: [sda] Write cache: disabled, read cache: enabled, doesn't support DPO or FUA
[   66.669555]  sda: sda1
[   66.675800] sd 1:0:0:0: [sda] Attached SCSI removable disk
[   71.656157] ravb e6800000.ethernet eth0: Link is Up - 1Gbps/Full - flow control off

root@salvator-x:~# echo "Wake up sucessfully"
Wake up sucessfully
root@salvator-x:~# 
root@salvator-x:~# find /sys/devices/platform/soc/ee0e0100.usb/ -name 'sd*'
/sys/devices/platform/soc/ee0e0100.usb/usb3/3-1/3-1:1.0/host1/target1:0:0/1:0:0:0/block/sda
/sys/devices/platform/soc/ee0e0100.usb/usb3/3-1/3-1:1.0/host1/target1:0:0/1:0:0:0/block/sda/sda1
root@salvator-x:~# 
root@salvator-x:~# mount /dev/sda1 /mnt/usb
[   79.490563] EXT4-fs (sda1): mounted filesystem with ordered data mode. Opts: (null)
root@salvator-x:~# 
root@salvator-x:~# cp testdata /mnt/usb/testdata_from_nfs
root@salvator-x:~# 
root@salvator-x:~# cp /mnt/usb/testdata_from_nfs testdata_from_usb
root@salvator-x:~# 
root@salvator-x:~# sync
root@salvator-x:~# 
root@salvator-x:~# cmp testdata testdata_from_usb
root@salvator-x:~# 
root@salvator-x:~# umount /mnt/usb
root@salvator-x:~# 
 
#### Result: OK ####
