

----------Item 7----------


Please press switch to restart board 

[F 00:00:120
[F 00:00:119
[F 00:00:118
[F 00:00:117
NOTICE:  BL2: R-Car Gen3 Initial Program Loader(CA57) Rev.4.0.0
NOTICE:  BL2: PRR is R-Car H3 Ver.3.0
NOTICE:  BL2: Board is Salvator-XS Rev.1.0
NOTICE:  BL2: Boot device is HyperFlash(160MHz)
NOTICE:  BL2: LCM state is CM
NOTICE:  AVS setting succeeded. DVFS_SetVID=0x53
NOTICE:  BL2: DDR3200(rev.0.42)
NOTICE:  BL2: [COLD_BOOT]
NOTICE:  BL2: DRAM Split is 4ch(DDR f)
NOTICE:  BL2: QoS is default setting(rev.0.11)
NOTICE:  BL2: DRAM refresh interval 1.95 usec
NOTICE:  BL2: Periodic Write DQ Training
NOTICE:  BL2: CH0: 400000000 - 47fffffff, 2 GiB
NOTICE:  BL2: CH1: 500000000 - 57fffffff, 2 GiB
NOTICE:  BL2: CH2: 600000000 - 67fffffff, 2 GiB
NOTICE:  BL2: CH3: 700000000 - 77fffffff, 2 GiB
NOTICE:  BL2: Lossy Decomp areas
NOTICE:       Entry 0: DCMPAREACRAx:0x80000540 DCMPAREACRBx:0x570
NOTICE:       Entry 1: DCMPAREACRAx:0x40000000 DCMPAREACRBx:0x0
NOTICE:       Entry 2: DCMPAREACRAx:0x20000000 DCMPAREACRBx:0x0
NOTICE:  BL2: FDT at 0xe6327f70
NOTICE:  BL2: v2.9(release):9cdb21f75
NOTICE:  BL2: Built : 05:25:39, Dec 19 2023
NOTICE:  BL2: Normal boot
NOTICE:  BL2: dst=0xe6327800 src=0x8180000 len=512(0x200)
NOTICE:  BL2: dst=0x43f00000 src=0x8180400 len=6144(0x1800)
NOTICE:  rcar_file_len: len: 0x0003e000
NOTICE:  BL2: dst=0x44000000 src=0x81c0000 len=253952(0x3e000)
NOTICE:  rcar_file_len: len: 0x00200000
NOTICE:  BL2: dst=0x44100000 src=0x8200000 len=2097152(0x200000)
NOTICE:  rcar_file_len: len: 0x00100000
NOTICE:  BL2: dst=0x50000000 src=0x8640000 len=1048576(0x100000)
NOTICE:  BL2: Booting BL31


U-Boot 2020.10 (Dec 19 2023 - 14:30:40 +0000)

CPU: Renesas Electronics R8A7795 rev 3.0
Model: Renesas Salvator-X 2nd version board based on r8a77951
DRAM:  7.9 GiB
RAM Configuration:
Bank #0: 0x048000000 - 0x0bfffffff, 1.9 GiB
Bank #1: 0x500000000 - 0x57fffffff, 2 GiB
Bank #2: 0x600000000 - 0x67fffffff, 2 GiB
Bank #3: 0x700000000 - 0x77fffffff, 2 GiB

MMC:   sd@ee100000: 0, sd@ee140000: 1, sd@ee160000: 2
Loading Environment from MMC... OK
In:    serial@e6e88000
Out:   serial@e6e88000
Err:   serial@e6e88000
Net:   eth0: ethernet@e6800000
Hit any key to stop autoboot:  2  1  0 
ethernet@e6800000 Waiting for PHY auto negotiation to complete......... done
Using ethernet@e6800000 device
TFTP from server 192.168.10.99; our IP address is 192.168.10.167
Filename 'traivo/H3/rootfs/boot_USB2H/Image'.
Load address: 0x48080000
Loading: *#################################################################
	 #################################################################
	 #################################################################
	 #################################################################
	 #################################################################
	 #################################################################
	 #################################################################
	 #################################################################
	 #################################################################
	 #################################################################
	 #################################################################
	 #################################################################
	 #################################################################
	 #################################################################
	 #################################################################
	 #################################################################
	 #################################################################
	 #################################################################
	 #################################################################
	 #################################################################
	 #################################################################
	 #################################################################
	 #################################################################
	 #################################################################
	 #################################################################
	 #################################################################
	 #################################################################
	 #################################################################
	 #################################################################
	 #################################################################
	 #################################################################
	 #################################################################
	 #################################################################
	 #################################################################
	 ################################################################
	 4.5 MiB/s
done
Bytes transferred = 33376768 (1fd4a00 hex)
Using ethernet@e6800000 device
TFTP from server 192.168.10.99; our IP address is 192.168.10.167
Filename 'traivo/H3/rootfs/boot_USB2H/r8a77951-salvator-xs.dtb'.
Load address: 0x48000000
Loading: *#######
	 7.9 MiB/s
done
Bytes transferred = 90876 (162fc hex)
Moving Image from 0x48080000 to 0x48200000, end=4a260000
## Flattened Device Tree blob at 48000000
   Booting using the fdt blob at 0x48000000
   Loading Device Tree to 0000000053fe6000, end 0000000053fff2fb ... OK

Starting kernel ...

[    0.000000] Booting Linux on physical CPU 0x0000000000 [0x411fd073]
[    0.000000] Linux version 5.10.194-yocto-standard (thuan.nguyen-hong@banvien) (aarch64-poky-linux-gcc (GCC) 9.3.0, GNU ld (GNU Binutils) 2.34.0.20200220) #10 SMP PREEMPT Mon Feb 19 03:51:05 UTC 2024
[    0.000000] Machine model: Renesas Salvator-X 2nd version board based on r8a77951
[    0.000000] efi: UEFI not found.
[    0.000000] Reserved memory: created CMA memory pool at 0x0000000057000000, size 16 MiB
[    0.000000] OF: reserved mem: initialized node linux,adsp@57000000, compatible id shared-dma-pool
[    0.000000] Reserved memory: created CMA memory pool at 0x0000000058000000, size 384 MiB
[    0.000000] OF: reserved mem: initialized node linux,cma@58000000, compatible id shared-dma-pool
[    0.000000] Reserved memory: created CMA memory pool at 0x0000000070000000, size 256 MiB
[    0.000000] OF: reserved mem: initialized node linux,multimedia@70000000, compatible id shared-dma-pool
[    0.000000] NUMA: No NUMA configuration found
[    0.000000] NUMA: Faking a node at [mem 0x0000000048000000-0x000000077fffffff]
[    0.000000] NUMA: NODE_DATA [mem 0x77efdab00-0x77efdcfff]
[    0.000000] Zone ranges:
[    0.000000]   DMA      [mem 0x0000000048000000-0x000000007fffffff]
[    0.000000]   DMA32    [mem 0x0000000080000000-0x00000000ffffffff]
[    0.000000]   Normal   [mem 0x0000000100000000-0x000000077fffffff]
[    0.000000] Movable zone start for each node
[    0.000000] Early memory node ranges
[    0.000000]   node   0: [mem 0x0000000048000000-0x0000000053ffffff]
[    0.000000]   node   0: [mem 0x0000000054000000-0x0000000056ffffff]
[    0.000000]   node   0: [mem 0x0000000057000000-0x00000000bfffffff]
[    0.000000]   node   0: [mem 0x0000000500000000-0x000000057fffffff]
[    0.000000]   node   0: [mem 0x0000000600000000-0x000000067fffffff]
[    0.000000]   node   0: [mem 0x0000000700000000-0x000000077fffffff]
[    0.000000] Initmem setup node 0 [mem 0x0000000048000000-0x000000077fffffff]
[    0.000000] psci: probing for conduit method from DT.
[    0.000000] psci: PSCIv1.1 detected in firmware.
[    0.000000] psci: Using standard PSCI v0.2 function IDs
[    0.000000] psci: Trusted OS resident on physical CPU 0x0
[    0.000000] psci: SMC Calling Convention v1.2
[    0.000000] percpu: Embedded 23 pages/cpu s56984 r8192 d29032 u94208
[    0.000000] Detected PIPT I-cache on CPU0
[    0.000000] CPU features: detected: EL2 vector hardening
[    0.000000] CPU features: detected: Spectre-v2
[    0.000000] CPU features: detected: ARM errata 1165522, 1319367, or 1530923
[    0.000000] CPU features: detected: Spectre-BHB
[    0.000000] CPU features: detected: ARM erratum 1742098
[    0.000000] Built 1 zonelists, mobility grouping on.  Total pages: 2032128
[    0.000000] Policy zone: Normal
[    0.000000] Kernel command line: rw root=/dev/nfs nfsroot=192.168.10.99:/data/tftpboot/traivo/H3/rootfs,nfsvers=4, ip=192.168.10.167
[    0.000000] Dentry cache hash table entries: 1048576 (order: 11, 8388608 bytes, linear)
[    0.000000] Inode-cache hash table entries: 524288 (order: 10, 4194304 bytes, linear)
[    0.000000] mem auto-init: stack:off, heap alloc:off, heap free:off
[    0.000000] software IO TLB: mapped [mem 0x000000004ffe6000-0x0000000053fe6000] (64MB)
[    0.000000] Memory: 7276840K/8257536K available (15232K kernel code, 2834K rwdata, 8240K rodata, 6144K init, 517K bss, 308952K reserved, 671744K cma-reserved)
[    0.000000] SLUB: HWalign=64, Order=0-3, MinObjects=0, CPUs=8, Nodes=1
[    0.000000] rcu: Preemptible hierarchical RCU implementation.
[    0.000000] rcu: 	RCU event tracing is enabled.
[    0.000000] rcu: 	RCU restricting CPUs from NR_CPUS=256 to nr_cpu_ids=8.
[    0.000000] 	Trampoline variant of Tasks RCU enabled.
[    0.000000] rcu: RCU calculated value of scheduler-enlistment delay is 25 jiffies.
[    0.000000] rcu: Adjusting geometry for rcu_fanout_leaf=16, nr_cpu_ids=8
[    0.000000] NR_IRQS: 64, nr_irqs: 64, preallocated irqs: 0
[    0.000000] arch_timer: cp15 timer(s) running at 8.32MHz (virt).
[    0.000000] clocksource: arch_sys_counter: mask: 0xffffffffffffff max_cycles: 0x1eb398c07, max_idle_ns: 440795202503 ns
[    0.000003] sched_clock: 56 bits at 8MHz, resolution 120ns, wraps every 2199023255503ns
[    0.000207] Console: colour dummy device 80x25
[    0.000415] printk: console [tty0] enabled
[    0.000486] Calibrating delay loop (skipped), value calculated using timer frequency.. 16.64 BogoMIPS (lpj=33280)
[    0.000501] pid_max: default: 32768 minimum: 301
[    0.000560] LSM: Security Framework initializing
[    0.000645] Mount-cache hash table entries: 16384 (order: 5, 131072 bytes, linear)
[    0.000697] Mountpoint-cache hash table entries: 16384 (order: 5, 131072 bytes, linear)
[    0.002135] rcu: Hierarchical SRCU implementation.
[    0.003724] Detected Renesas R-Car Gen3 r8a7795 ES3.0
[    0.005865] EFI services will not be available.
[    0.006206] smp: Bringing up secondary CPUs ...
[    0.006664] Detected PIPT I-cache on CPU1
[    0.006712] CPU1: Booted secondary processor 0x0000000001 [0x411fd073]
[    0.007194] Detected PIPT I-cache on CPU2
[    0.007221] CPU2: Booted secondary processor 0x0000000002 [0x411fd073]
[    0.007649] Detected PIPT I-cache on CPU3
[    0.007670] CPU3: Booted secondary processor 0x0000000003 [0x411fd073]
[    0.008143] CPU features: detected: ARM erratum 845719
[    0.008157] Detected VIPT I-cache on CPU4
[    0.008205] CPU4: Booted secondary processor 0x0000000100 [0x410fd034]
[    0.008683] Detected VIPT I-cache on CPU5
[    0.008710] CPU5: Booted secondary processor 0x0000000101 [0x410fd034]
[    0.009141] Detected VIPT I-cache on CPU6
[    0.009168] CPU6: Booted secondary processor 0x0000000102 [0x410fd034]
[    0.009612] Detected VIPT I-cache on CPU7
[    0.009640] CPU7: Booted secondary processor 0x0000000103 [0x410fd034]
[    0.009719] smp: Brought up 1 node, 8 CPUs
[    0.009782] SMP: Total of 8 processors activated.
[    0.009790] CPU features: detected: 32-bit EL0 Support
[    0.009797] CPU features: detected: CRC32 instructions
[    0.009804] CPU features: detected: 32-bit EL1 Support
[    0.022999] CPU: All CPU(s) started at EL1
[    0.023050] alternatives: patching kernel code
[    0.024207] devtmpfs: initialized
[    0.030987] KASLR disabled due to lack of seed
[    0.031140] clocksource: jiffies: mask: 0xffffffff max_cycles: 0xffffffff, max_idle_ns: 7645041785100000 ns
[    0.031160] futex hash table entries: 2048 (order: 5, 131072 bytes, linear)
[    0.039800] pinctrl core: initialized pinctrl subsystem
[    0.041270] DMI not present or invalid.
[    0.041767] NET: Registered protocol family 16
[    0.042706] DMA: preallocated 1024 KiB GFP_KERNEL pool for atomic allocations
[    0.042902] DMA: preallocated 1024 KiB GFP_KERNEL|GFP_DMA pool for atomic allocations
[    0.043191] DMA: preallocated 1024 KiB GFP_KERNEL|GFP_DMA32 pool for atomic allocations
[    0.043232] audit: initializing netlink subsys (disabled)
[    0.043408] audit: type=2000 audit(0.040:1): state=initialized audit_enabled=0 res=1
[    0.044573] thermal_sys: Registered thermal governor 'power_allocator'
[    0.045089] cpuidle: using governor menu
[    0.045258] hw-breakpoint: found 6 breakpoint and 4 watchpoint registers.
[    0.045379] ASID allocator initialised with 65536 entries
[    0.046676] Serial: AMBA PL011 UART driver
[    0.089585] sh-pfc e6060000.pinctrl: r8a77951_pfc support registered
[    0.104335] HugeTLB registered 1.00 GiB page size, pre-allocated 0 pages
[    0.104348] HugeTLB registered 32.0 MiB page size, pre-allocated 0 pages
[    0.104356] HugeTLB registered 2.00 MiB page size, pre-allocated 0 pages
[    0.104364] HugeTLB registered 64.0 KiB page size, pre-allocated 0 pages
[    0.105321] cryptd: max_cpu_qlen set to 1000
[    0.107581] ACPI: Interpreter disabled.
[    0.111359] rcar-avs: use avs value: 0
[    0.111382] rcar-avs: cpu@0 is running with: opp_table0
[    0.111393] rcar-avs: cpu@1 is running with: opp_table0
[    0.111404] rcar-avs: cpu@2 is running with: opp_table0
[    0.111413] rcar-avs: cpu@3 is running with: opp_table0
[    0.111502] rcar-avs: gsx@fd000000 is running with: gsx_opp_table0
[    0.112909] iommu: Default domain type: Translated 
[    0.113477] ipmmu-vmsa e67b0000.iommu: IPMMU context 0 is reserved
[    0.114468] vgaarb: loaded
[    0.114661] SCSI subsystem initialized
[    0.114914] usbcore: registered new interface driver usbfs
[    0.114945] usbcore: registered new interface driver hub
[    0.114972] usbcore: registered new device driver usb
[    0.118511] i2c-sh_mobile e60b0000.i2c: I2C adapter 7, bus speed 400000 Hz
[    0.119044] mc: Linux media interface: v0.10
[    0.119065] videodev: Linux video capture interface: v2.00
[    0.119110] pps_core: LinuxPPS API ver. 1 registered
[    0.119118] pps_core: Software ver. 5.3.6 - Copyright 2005-2007 Rodolfo Giometti <giometti@linux.it>
[    0.119132] PTP clock support registered
[    0.119305] EDAC MC: Ver: 3.0.0
[    0.121274] FPGA manager framework
[    0.121333] Advanced Linux Sound Architecture Driver Initialized.
[    0.121906] clocksource: Switched to clocksource arch_sys_counter
[    0.122049] VFS: Disk quotas dquot_6.6.0
[    0.122092] VFS: Dquot-cache hash table entries: 512 (order 0, 4096 bytes)
[    0.122219] pnp: PnP ACPI: disabled
[    0.125693] NET: Registered protocol family 2
[    0.126106] IP idents hash table entries: 131072 (order: 8, 1048576 bytes, linear)
[    0.128369] tcp_listen_portaddr_hash hash table entries: 4096 (order: 4, 65536 bytes, linear)
[    0.128444] TCP established hash table entries: 65536 (order: 7, 524288 bytes, linear)
[    0.128731] TCP bind hash table entries: 65536 (order: 8, 1048576 bytes, linear)
[    0.129314] TCP: Hash tables configured (established 65536 bind 65536)
[    0.129436] UDP hash table entries: 4096 (order: 5, 131072 bytes, linear)
[    0.129550] UDP-Lite hash table entries: 4096 (order: 5, 131072 bytes, linear)
[    0.129771] NET: Registered protocol family 1
[    0.130134] RPC: Registered named UNIX socket transport module.
[    0.130144] RPC: Registered udp transport module.
[    0.130150] RPC: Registered tcp transport module.
[    0.130156] RPC: Registered tcp NFSv4.1 backchannel transport module.
[    0.130168] PCI: CLS 0 bytes, default 64
[    0.131104] hw perfevents: enabled with armv8_cortex_a53 PMU driver, 7 counters available
[    0.131373] hw perfevents: enabled with armv8_cortex_a57 PMU driver, 7 counters available
[    0.131998] kvm [1]: HYP mode not available
[    0.134907] Initialise system trusted keyrings
[    0.135048] workingset: timestamp_bits=42 max_order=21 bucket_order=0
[    0.138146] squashfs: version 4.0 (2009/01/31) Phillip Lougher
[    0.138539] NFS: Registering the id_resolver key type
[    0.138568] Key type id_resolver registered
[    0.138575] Key type id_legacy registered
[    0.138630] nfs4filelayout_init: NFSv4 File Layout Driver Registering...
[    0.138639] nfs4flexfilelayout_init: NFSv4 Flexfile Layout Driver Registering...
[    0.138740] 9p: Installing v9fs 9p2000 file system support
[    0.165391] Key type asymmetric registered
[    0.165402] Asymmetric key parser 'x509' registered
[    0.165434] Block layer SCSI generic (bsg) driver version 0.4 loaded (major 243)
[    0.165445] io scheduler mq-deadline registered
[    0.165455] io scheduler kyber registered
[    0.181580] gpio_rcar e6050000.gpio: driving 16 GPIOs
[    0.181858] gpio_rcar e6051000.gpio: driving 29 GPIOs
[    0.182148] gpio_rcar e6052000.gpio: driving 15 GPIOs
[    0.182479] gpio_rcar e6053000.gpio: driving 16 GPIOs
[    0.182727] gpio_rcar e6054000.gpio: driving 18 GPIOs
[    0.183092] gpio_rcar e6055000.gpio: driving 26 GPIOs
[    0.183366] gpio_rcar e6055400.gpio: driving 32 GPIOs
[    0.183611] gpio_rcar e6055800.gpio: driving 4 GPIOs
[    0.186520] rcar-pcie fe000000.pcie: host bridge /soc/pcie@fe000000 ranges:
[    0.186551] rcar-pcie fe000000.pcie:       IO 0x00fe100000..0x00fe1fffff -> 0x0000000000
[    0.186577] rcar-pcie fe000000.pcie:      MEM 0x00fe200000..0x00fe3fffff -> 0x00fe200000
[    0.186596] rcar-pcie fe000000.pcie:      MEM 0x0030000000..0x0037ffffff -> 0x0030000000
[    0.186609] rcar-pcie fe000000.pcie:      MEM 0x0038000000..0x003fffffff -> 0x0038000000
[    0.186627] rcar-pcie fe000000.pcie:   IB MEM 0x0040000000..0x007fffffff -> 0x0040000000
[    0.186671] rcar-pcie fe000000.pcie: no pcie3v3 regulator found
[    0.186681] rcar-pcie fe000000.pcie: no pcie1v8 regulator found
[    0.253612] rcar-pcie fe000000.pcie: PCIe link down
[    0.253805] rcar-pcie ee800000.pcie: host bridge /soc/pcie@ee800000 ranges:
[    0.253830] rcar-pcie ee800000.pcie:       IO 0x00ee900000..0x00ee9fffff -> 0x0000000000
[    0.253851] rcar-pcie ee800000.pcie:      MEM 0x00eea00000..0x00eebfffff -> 0x00eea00000
[    0.253868] rcar-pcie ee800000.pcie:      MEM 0x00c0000000..0x00c7ffffff -> 0x00c0000000
[    0.253882] rcar-pcie ee800000.pcie:      MEM 0x00c8000000..0x00cfffffff -> 0x00c8000000
[    0.253916] rcar-pcie ee800000.pcie:   IB MEM 0x0040000000..0x007fffffff -> 0x0040000000
[    0.253950] rcar-pcie ee800000.pcie: no pcie3v3 regulator found
[    0.253959] rcar-pcie ee800000.pcie: no pcie1v8 regulator found
[    0.413896] rcar-pcie ee800000.pcie: PCIe link down
[    0.416362] EINJ: ACPI disabled.
[    0.450235] Serial: 8250/16550 driver, 4 ports, IRQ sharing enabled
[    0.452680] SuperH (H)SCI(F) driver initialized
[    0.453107] e6550000.serial: ttySC1 at MMIO 0xe6550000 (irq = 42, base_baud = 0) is a hscif
[    0.453845] e6e88000.serial: ttySC0 at MMIO 0xe6e88000 (irq = 128, base_baud = 0) is a scif
[    1.658580] printk: console [ttySC0] enabled
[    1.664003] msm_serial: driver initialized
[    1.674406] rcar-dw-hdmi fead0000.hdmi: Detected HDMI TX controller v2.01a with HDCP (DWC HDMI 2.0 TX PHY)
[    1.684306] rcar-dw-hdmi fead0000.hdmi: registered DesignWare HDMI I2C bus driver
[    1.692557] rcar-dw-hdmi feae0000.hdmi: Detected HDMI TX controller v2.01a with HDCP (DWC HDMI 2.0 TX PHY)
[    1.702439] rcar-dw-hdmi feae0000.hdmi: registered DesignWare HDMI I2C bus driver
[    1.717964] loop: module loaded
[    1.722536] megasas: 07.714.04.00-rc1
[    1.728265] scsi host0: sata_rcar
[    1.731742] ata1: SATA max UDMA/133 irq 181
[    1.741153] tun: Universal TUN/TAP device driver, 1.6
[    1.747108] thunder_xcv, ver 1.0
[    1.750367] thunder_bgx, ver 1.0
[    1.753608] nicpf, ver 1.0
[    1.757764] hclge is initializing
[    1.761100] hns3: Hisilicon Ethernet Network Driver for Hip08 Family - version
[    1.768323] hns3: Copyright (c) 2017 Huawei Corporation.
[    1.773658] e1000: Intel(R) PRO/1000 Network Driver
[    1.778537] e1000: Copyright (c) 1999-2006 Intel Corporation.
[    1.784304] e1000e: Intel(R) PRO/1000 Network Driver
[    1.789268] e1000e: Copyright(c) 1999 - 2015 Intel Corporation.
[    1.795207] igb: Intel(R) Gigabit Ethernet Network Driver
[    1.800606] igb: Copyright (c) 2007-2014 Intel Corporation.
[    1.806193] igbvf: Intel(R) Gigabit Virtual Function Network Driver
[    1.812460] igbvf: Copyright (c) 2009 - 2012 Intel Corporation.
[    1.818809] sky2: driver version 1.30
[    1.826437] ravb e6800000.ethernet eth0: Base address at 0xe6800000, 2e:09:0a:00:c3:9a, IRQ 125.
[    1.836681] VFIO - User Level meta-driver version: 0.3
[    1.843855] ehci_hcd: USB 2.0 'Enhanced' Host Controller (EHCI) Driver
[    1.850401] ehci-pci: EHCI PCI platform driver
[    1.854864] ehci-platform: EHCI generic platform driver
[    1.860490] ehci-platform ee0a0100.usb: EHCI Host Controller
[    1.866172] ehci-platform ee0a0100.usb: new USB bus registered, assigned bus number 1
[    1.874089] ehci-platform ee0a0100.usb: irq 175, io mem 0xee0a0100
[    1.893909] ehci-platform ee0a0100.usb: USB 2.0 started, EHCI 1.10
[    1.900443] hub 1-0:1.0: USB hub found
[    1.904216] hub 1-0:1.0: 1 port detected
[    1.908623] ehci-platform ee0c0100.usb: EHCI Host Controller
[    1.914297] ehci-platform ee0c0100.usb: new USB bus registered, assigned bus number 2
[    1.922203] ehci-platform ee0c0100.usb: irq 176, io mem 0xee0c0100
[    1.941902] ehci-platform ee0c0100.usb: USB 2.0 started, EHCI 1.10
[    1.948346] hub 2-0:1.0: USB hub found
[    1.952115] hub 2-0:1.0: 1 port detected
[    1.981940] ehci-platform ee0e0100.usb: EHCI Host Controller
[    1.987628] ehci-platform ee0e0100.usb: new USB bus registered, assigned bus number 3
[    1.995501] ehci-platform ee0e0100.usb: irq 177, io mem 0xee0e0100
[    2.013902] ehci-platform ee0e0100.usb: USB 2.0 started, EHCI 1.10
[    2.020326] hub 3-0:1.0: USB hub found
[    2.024096] hub 3-0:1.0: 1 port detected
[    2.028472] ehci-orion: EHCI orion driver
[    2.032733] ehci-exynos: EHCI Exynos driver
[    2.037035] ohci_hcd: USB 1.1 'Open' Host Controller (OHCI) Driver
[    2.043231] ohci-pci: OHCI PCI platform driver
[    2.047713] ohci-platform: OHCI generic platform driver
[    2.053244] ohci-platform ee0a0000.usb: Generic Platform OHCI controller
[    2.059965] ohci-platform ee0a0000.usb: new USB bus registered, assigned bus number 4
[    2.067841] ohci-platform ee0a0000.usb: irq 175, io mem 0xee0a0000
[    2.149903] ata1: link resume succeeded after 1 retries
[    2.164165] hub 4-0:1.0: USB hub found
[    2.167935] hub 4-0:1.0: 1 port detected
[    2.172261] ohci-platform ee0c0000.usb: Generic Platform OHCI controller
[    2.178976] ohci-platform ee0c0000.usb: new USB bus registered, assigned bus number 5
[    2.186848] ohci-platform ee0c0000.usb: irq 176, io mem 0xee0c0000
[    2.261330] ata1: SATA link down (SStatus 0 SControl 300)
[    2.280152] hub 5-0:1.0: USB hub found
[    2.283920] hub 5-0:1.0: 1 port detected
[    2.288238] ohci-platform ee0e0000.usb: Generic Platform OHCI controller
[    2.294953] ohci-platform ee0e0000.usb: new USB bus registered, assigned bus number 6
[    2.302829] ohci-platform ee0e0000.usb: irq 177, io mem 0xee0e0000
[    2.396159] hub 6-0:1.0: USB hub found
[    2.399927] hub 6-0:1.0: 1 port detected
[    2.404262] ohci-exynos: OHCI Exynos driver
[    2.409105] xhci-hcd ee000000.usb: xHCI Host Controller
[    2.414344] xhci-hcd ee000000.usb: new USB bus registered, assigned bus number 7
[    2.437598] xhci-hcd ee000000.usb: hcc params 0x014051ce hci version 0x100 quirks 0x0000000000830410
[    2.446768] xhci-hcd ee000000.usb: irq 172, io mem 0xee000000
[    2.452634] xhci-hcd ee000000.usb: xHCI Host Controller
[    2.457867] xhci-hcd ee000000.usb: new USB bus registered, assigned bus number 8
[    2.465317] xhci-hcd ee000000.usb: Host supports USB 3.0 SuperSpeed
[    2.471882] hub 7-0:1.0: USB hub found
[    2.475659] hub 7-0:1.0: 1 port detected
[    2.479750] usb usb8: We don't know the algorithms for LPM for this host, disabling LPM.
[    2.488100] hub 8-0:1.0: USB hub found
[    2.491871] hub 8-0:1.0: 1 port detected
[    2.496717] usbcore: registered new interface driver usb-storage
[    2.504403] renesas_usbhs e6590000.usb: host probed
[    2.509297] renesas_usbhs e6590000.usb: no transceiver found
[    2.515021] renesas_usbhs e6590000.usb: gadget probed
[    2.520242] renesas_usbhs e6590000.usb: probed
[    2.525137] renesas_usbhs e659c000.usb: host probed
[    2.530030] renesas_usbhs e659c000.usb: no transceiver found
[    2.535742] renesas_usbhs e659c000.usb: gadget probed
[    2.540944] renesas_usbhs e659c000.usb: probed
[    2.547891] i2c /dev entries driver
[    2.562472] cs2000-cp 2-004f: revision - C1
[    2.566716] i2c-rcar e6510000.i2c: probed
[    2.571536] pca953x 4-0020: supply vcc not found, using dummy regulator
[    2.578235] pca953x 4-0020: using no AI
[    2.582890] gpio-355 (PCIE/SATA switch): hogged as output/low
[    2.595134] i2c-rcar e66d8000.i2c: probed
[    2.600464] adv748x 4-0070: Endpoint /soc/i2c@e66d8000/video-receiver@70/port@7/endpoint on port 7
[    2.609447] adv748x 4-0070: Endpoint /soc/i2c@e66d8000/video-receiver@70/port@8/endpoint on port 8
[    2.618419] adv748x 4-0070: Endpoint /soc/i2c@e66d8000/video-receiver@70/port@a/endpoint on port 10
[    2.627484] adv748x 4-0070: Endpoint /soc/i2c@e66d8000/video-receiver@70/port@b/endpoint on port 11
[    2.636882] adv748x 4-0070: chip found @ 0xe0 revision 2143
[    2.690455] rcar-csi2 fea80000.csi2: 1 lanes found
[    2.695599] rcar-csi2 feaa0000.csi2: 4 lanes found
[    2.697905] usb 3-1: new high-speed USB device number 2 using ehci-platform
[    2.705177] rcar-vin e6ef0000.video: Device registered as video0
[    2.713431] rcar-vin e6ef1000.video: Device registered as video1
[    2.719506] rcar-vin e6ef2000.video: Device registered as video2
[    2.725576] rcar-vin e6ef3000.video: Device registered as video3
[    2.731650] rcar-vin e6ef4000.video: Device registered as video4
[    2.737723] rcar-vin e6ef5000.video: Device registered as video5
[    2.743808] rcar-vin e6ef6000.video: Device registered as video6
[    2.749896] rcar-vin e6ef7000.video: Device registered as video7
[    2.758671] rcar_gen3_thermal e6198000.thermal: is using pseudo fixed FUSE values
[    2.770863] rcar_gen3_thermal e6198000.thermal: TSC0: Loaded 1 trip points
[    2.782125] rcar_gen3_thermal e6198000.thermal: TSC1: Loaded 1 trip points
[    2.793277] rcar_gen3_thermal e6198000.thermal: TSC2: Loaded 3 trip points
[    2.805333] sdhci: Secure Digital Host Controller Interface driver
[    2.811545] sdhci: Copyright(c) Pierre Ossman
[    2.816797] Synopsys Designware Multimedia Card Interface Driver
[    2.817092] renesas_sdhi_internal_dmac ee100000.mmc: Got CD GPIO
[    2.817257] renesas_sdhi_internal_dmac ee160000.mmc: Got CD GPIO
[    2.817276] renesas_sdhi_internal_dmac ee160000.mmc: Got WP GPIO
[    2.817303] renesas_sdhi_internal_dmac ee140000.mmc: Adding to iommu group 0
[    2.817346] renesas_sdhi_internal_dmac ee140000.mmc: Using IPMMU context 1
[    2.824173] sdhci-pltfm: SDHCI platform and OF driver helper
[    2.828922] renesas_sdhi_internal_dmac ee100000.mmc: Got WP GPIO
[    2.866727] renesas_sdhi_internal_dmac ee140000.mmc: mmc0 base at 0x00000000ee140000, max clock rate 200 MHz
[    2.876698] ledtrig-cpu: registered to indicate activity on CPUs
[    2.883701] SMCCC: SOC_ID: ARCH_SOC_ID not implemented, skipping ....
[    2.890740] usbcore: registered new interface driver usbhid
[    2.896096] usb-storage 3-1:1.0: USB Mass Storage device detected
[    2.896319] usbhid: USB HID core driver
[    2.902903] scsi host1: usb-storage 3-1:1.0
[    2.910118] optee: probing for conduit method.
[    2.914889] optee: revision 3.22 (314ecf9d)
[    2.915386] optee driver R-Car Rev.1.0.11
[    2.923778] optee: dynamic shared memory is enabled
[    2.928922] optee: initialized driver
[    2.944809] rcar_sound ec500000.sound: probed
[    2.949904] NET: Registered protocol family 17
[    2.950456] mmc0: new HS400 MMC card at address 0001
[    2.954461] 9pnet: Installing 9P2000 support
[    2.960127] mmcblk0: mmc0:0001 BGSD3R 29.1 GiB 
[    2.963655] Key type dns_resolver registered
[    2.968512] mmcblk0boot0: mmc0:0001 BGSD3R partition 1 16.0 MiB
[    2.972891] registered taskstats version 1
[    2.978705] mmcblk0boot1: mmc0:0001 BGSD3R partition 2 16.0 MiB
[    2.982481] Loading compiled-in X.509 certificates
[    2.988528] mmcblk0rpmb: mmc0:0001 BGSD3R partition 3 4.00 MiB, chardev (509:0)
[    3.002827]  mmcblk0: p1
[    3.003152] thermal emergency: set temperature to 110 celsius
[    3.011332] thermal emergency: shutdown target cpus 1-7
[    3.016559] thermal emergency: freq scaled target cpus 0
[    3.022221] renesas_irqc e61c0000.interrupt-controller: driving 6 irqs
[    3.065927] ehci-platform ee080100.usb: EHCI Host Controller
[    3.071615] ehci-platform ee080100.usb: new USB bus registered, assigned bus number 9
[    3.079506] ehci-platform ee080100.usb: irq 174, io mem 0xee080100
[    3.097903] ehci-platform ee080100.usb: USB 2.0 started, EHCI 1.10
[    3.104534] hub 9-0:1.0: USB hub found
[    3.108305] hub 9-0:1.0: 1 port detected
[    3.113302] ohci-platform ee080000.usb: Generic Platform OHCI controller
[    3.120023] ohci-platform ee080000.usb: new USB bus registered, assigned bus number 10
[    3.128009] ohci-platform ee080000.usb: irq 174, io mem 0xee080000
[    3.224279] hub 10-0:1.0: USB hub found
[    3.228138] hub 10-0:1.0: 1 port detected
[    3.233378] cpu cpu0: EM: created perf domain
[    3.238405] cpu cpu4: EM: created perf domain
[    3.246171] renesas_sdhi_internal_dmac ee160000.mmc: Got CD GPIO
[    3.246967] renesas_sdhi_internal_dmac ee100000.mmc: Got CD GPIO
[    3.252222] renesas_sdhi_internal_dmac ee160000.mmc: Got WP GPIO
[    3.258303] renesas_sdhi_internal_dmac ee100000.mmc: Got WP GPIO
[    3.271863] [drm] Initialized rcar-du 1.0.0 20130110 for feb00000.display on minor 0
[    3.279645] [drm] Device feb00000.display probed
[    3.313509] renesas_sdhi_internal_dmac ee160000.mmc: mmc2 base at 0x00000000ee160000, max clock rate 200 MHz
[    3.318345] renesas_sdhi_internal_dmac ee100000.mmc: mmc1 base at 0x00000000ee100000, max clock rate 200 MHz
[    3.322272] Console: switching to colour frame buffer device 128x48
[    3.365246] rcar-du feb00000.display: [drm] fb0: rcar-dudrmfb frame buffer device
[    3.378537] input: keys as /devices/platform/keys/input/input0
[    3.458720] Micrel KSZ9031 Gigabit PHY e6800000.ethernet-ffffffff:00: attached PHY driver [Micrel KSZ9031 Gigabit PHY] (mii_bus:phy_addr=e6800000.ethernet-ffffffff:00, irq=183)
[    3.935666] scsi 1:0:0:0: Direct-Access     SanDisk  Ultra            1.00 PQ: 0 ANSI: 6
[    3.944989] sd 1:0:0:0: [sda] 121307136 512-byte logical blocks: (62.1 GB/57.8 GiB)
[    3.954096] sd 1:0:0:0: [sda] Write Protect is off
[    3.959860] sd 1:0:0:0: [sda] Write cache: disabled, read cache: enabled, doesn't support DPO or FUA
[    3.980135]  sda: sda1
[    3.986240] sd 1:0:0:0: [sda] Attached SCSI removable disk
[   10.026791] ravb e6800000.ethernet eth0: Link is Up - 1Gbps/Full - flow control off
[   10.049925] IP-Config: Guessing netmask 255.255.255.0
[   10.055085] IP-Config: Complete:
[   10.058395]      device=eth0, hwaddr=2e:09:0a:00:c3:9a, ipaddr=192.168.10.167, mask=255.255.255.0, gw=255.255.255.255
[   10.069204]      host=192.168.10.167, domain=, nis-domain=(none)
[   10.075338]      bootserver=255.255.255.255, rootserver=192.168.10.99, rootpath=
[   10.075948] ALSA device list:
[   10.094182]   No soundcards found.
[   11.159965] VFS: Mounted root (nfs4 filesystem) on device 0:22.
[   11.170914] devtmpfs: mounted
[   11.181326] Freeing unused kernel memory: 6144K
[   11.214080] Run /sbin/init as init process
[   11.366089] systemd[1]: System time before build time, advancing clock.
[   11.761852] NET: Registered protocol family 10
[   11.770618] Segment Routing with IPv6
[   11.791307] systemd[1]: Configuration file /etc/systemd/system.conf is marked executable. Please remove executable permission bits. Proceeding anyway.
[   11.811469] systemd[1]: Configuration file /lib/systemd/system.conf.d/00-systemd-conf.conf is marked executable. Please remove executable permission bits. Proceeding anyway.
[   11.832378] systemd[1]: systemd 244 running in system mode. (+PAM -AUDIT -SELINUX +IMA -APPARMOR -SMACK +SYSVINIT +UTMP -LIBCRYPTSETUP -GCRYPT -GNUTLS +ACL +XZ -LZ4 -SECCOMP +BLKID -ELFUTILS +KMOD -IDN2 -IDN -PCRE2 default-hierarchy=hybrid)
[   11.859086] systemd[1]: Detected architecture arm64.

Welcome to [1mPoky (Yocto Project Reference Distro) 3.1.11 (dunfell)[0m!

[   11.887820] systemd[1]: Set hostname to <salvator-x>.
[   12.103304] systemd[1]: Configuration file /lib/systemd/system/local-fs.target is marked executable. Please remove executable permission bits. Proceeding anyway.
[   12.143600] systemd[1]: Configuration file /lib/systemd/system/swap.target is marked executable. Please remove executable permission bits. Proceeding anyway.
[   12.171638] systemd[1]: Configuration file /lib/systemd/system/umount.target is marked executable. Please remove executable permission bits. Proceeding anyway.
[   12.197923] systemd[1]: Configuration file /lib/systemd/system/systemd-journald.socket is marked executable. Please remove executable permission bits. Proceeding anyway.
[   12.227295] systemd[1]: Configuration file /lib/systemd/system/systemd-journald.service is marked executable. Please remove executable permission bits. Proceeding anyway.
[   12.254835] systemd[1]: Configuration file /lib/systemd/system/sysinit.target is marked executable. Please remove executable permission bits. Proceeding anyway.
[   12.291061] systemd[1]: Configuration file /lib/systemd/system/systemd-update-utmp.service is marked executable. Please remove executable permission bits. Proceeding anyway.
[   12.313689] systemd[1]: Configuration file /lib/systemd/system/systemd-update-done.service is marked executable. Please remove executable permission bits. Proceeding anyway.
[   12.335045] systemd[1]: Configuration file /lib/systemd/system/systemd-udevd.service is marked executable. Please remove executable permission bits. Proceeding anyway.
[   12.356804] systemd[1]: Configuration file /lib/systemd/system/systemd-udevd-kernel.socket is marked executable. Please remove executable permission bits. Proceeding anyway.
[   12.377560] systemd[1]: Configuration file /lib/systemd/system/systemd-udevd-control.socket is marked executable. Please remove executable permission bits. Proceeding anyway.
[   12.398660] systemd[1]: Configuration file /lib/systemd/system/systemd-udev-trigger.service is marked executable. Please remove executable permission bits. Proceeding anyway.
[   12.419787] systemd[1]: Configuration file /lib/systemd/system/systemd-tmpfiles-setup.service is marked executable. Please remove executable permission bits. Proceeding anyway.
[   12.441133] systemd[1]: Configuration file /lib/systemd/system/systemd-tmpfiles-setup-dev.service is marked executable. Please remove executable permission bits. Proceeding anyway.
[   12.463147] systemd[1]: Configuration file /lib/systemd/system/systemd-timesyncd.service is marked executable. Please remove executable permission bits. Proceeding anyway.
[   12.485219] systemd[1]: Configuration file /lib/systemd/system/time-sync.target is marked executable. Please remove executable permission bits. Proceeding anyway.
[   12.504701] systemd[1]: Configuration file /lib/systemd/system/time-set.target is marked executable. Please remove executable permission bits. Proceeding anyway.
[   12.524142] systemd[1]: Configuration file /lib/systemd/system/systemd-sysusers.service is marked executable. Please remove executable permission bits. Proceeding anyway.
[   12.544704] systemd[1]: Configuration file /lib/systemd/system/systemd-sysctl.service is marked executable. Please remove executable permission bits. Proceeding anyway.
[   12.564903] systemd[1]: Configuration file /lib/systemd/system/systemd-random-seed.service is marked executable. Please remove executable permission bits. Proceeding anyway.
[   12.588466] systemd[1]: Configuration file /lib/systemd/system/systemd-modules-load.service is marked executable. Please remove executable permission bits. Proceeding anyway.
[   12.609474] systemd[1]: Configuration file /lib/systemd/system/systemd-machine-id-commit.service is marked executable. Please remove executable permission bits. Proceeding anyway.
[   12.631195] systemd[1]: Configuration file /lib/systemd/system/systemd-journal-flush.service is marked executable. Please remove executable permission bits. Proceeding anyway.
[   12.652926] systemd[1]: Configuration file /lib/systemd/system/systemd-journal-catalog-update.service is marked executable. Please remove executable permission bits. Proceeding anyway.
[   12.675518] systemd[1]: Configuration file /lib/systemd/system/systemd-hwdb-update.service is marked executable. Please remove executable permission bits. Proceeding anyway.
[   12.696674] systemd[1]: Configuration file /lib/systemd/system/systemd-ask-password-console.path is marked executable. Please remove executable permission bits. Proceeding anyway.
[   12.718531] systemd[1]: Configuration file /lib/systemd/system/systemd-ask-password-console.service is marked executable. Please remove executable permission bits. Proceeding anyway.
[   12.740828] systemd[1]: Configuration file /lib/systemd/system/systemd-vconsole-setup.service is marked executable. Please remove executable permission bits. Proceeding anyway.
[   12.762139] systemd[1]: Configuration file /lib/systemd/system/initrd-switch-root.target is marked executable. Please remove executable permission bits. Proceeding anyway.
[   12.783371] systemd[1]: Configuration file /lib/systemd/system/initrd-cleanup.service is marked executable. Please remove executable permission bits. Proceeding anyway.
[   12.804124] systemd[1]: Configuration file /lib/systemd/system/initrd.target is marked executable. Please remove executable permission bits. Proceeding anyway.
[   12.824043] systemd[1]: Configuration file /lib/systemd/system/rescue.target is marked executable. Please remove executable permission bits. Proceeding anyway.
[   12.851415] systemd[1]: Configuration file /lib/systemd/system/remote-fs.target is marked executable. Please remove executable permission bits. Proceeding anyway.
[   12.871213] systemd[1]: Configuration file /lib/systemd/system/remote-fs-pre.target is marked executable. Please remove executable permission bits. Proceeding anyway.
[   12.891471] systemd[1]: Configuration file /lib/systemd/system/graphical.target is marked executable. Please remove executable permission bits. Proceeding anyway.
[   12.915493] systemd[1]: Configuration file /lib/systemd/system/multi-user.target is marked executable. Please remove executable permission bits. Proceeding anyway.
[   12.941916] random: crng init done
[   12.955444] systemd[1]: Configuration file /lib/systemd/system/xinetd.service is marked executable. Please remove executable permission bits. Proceeding anyway.
[   12.975325] systemd[1]: Configuration file /lib/systemd/system/network.target is marked executable. Please remove executable permission bits. Proceeding anyway.
[   12.994974] systemd[1]: Configuration file /lib/systemd/system/network-pre.target is marked executable. Please remove executable permission bits. Proceeding anyway.
[   13.015560] systemd[1]: Configuration file /lib/systemd/system/systemd-user-sessions.service is marked executable. Please remove executable permission bits. Proceeding anyway.
[   13.037347] systemd[1]: Configuration file /lib/systemd/system/nss-user-lookup.target is marked executable. Please remove executable permission bits. Proceeding anyway.
[   13.057681] systemd[1]: Configuration file /lib/systemd/system/systemd-resolved.service is marked executable. Please remove executable permission bits. Proceeding anyway.
[   13.079040] systemd[1]: Configuration file /lib/systemd/system/nss-lookup.target is marked executable. Please remove executable permission bits. Proceeding anyway.
[   13.098791] systemd[1]: Configuration file /lib/systemd/system/systemd-networkd.service is marked executable. Please remove executable permission bits. Proceeding anyway.
[   13.120377] systemd[1]: Configuration file /lib/systemd/system/systemd-logind.service is marked executable. Please remove executable permission bits. Proceeding anyway.
[   13.142171] systemd[1]: Configuration file /lib/systemd/system/dbus.socket is marked executable. Please remove executable permission bits. Proceeding anyway.
[   13.161538] systemd[1]: Configuration file /lib/systemd/system/user.slice is marked executable. Please remove executable permission bits. Proceeding anyway.
[   13.180530] systemd[1]: Configuration file /lib/systemd/system/slices.target is marked executable. Please remove executable permission bits. Proceeding anyway.
[   13.200349] systemd[1]: Configuration file /lib/systemd/system/systemd-ask-password-wall.path is marked executable. Please remove executable permission bits. Proceeding anyway.
[   13.221936] systemd[1]: Configuration file /lib/systemd/system/systemd-ask-password-wall.service is marked executable. Please remove executable permission bits. Proceeding anyway.
[   13.243858] systemd[1]: Configuration file /lib/systemd/system/rpcbind.service is marked executable. Please remove executable permission bits. Proceeding anyway.
[   13.263693] systemd[1]: Configuration file /lib/systemd/system/rpcbind.target is marked executable. Please remove executable permission bits. Proceeding anyway.
[   13.283110] systemd[1]: Configuration file /lib/systemd/system/rpcbind.socket is marked executable. Please remove executable permission bits. Proceeding anyway.
[   13.302956] systemd[1]: Configuration file /lib/systemd/system/rc.pvr.service is marked executable. Please remove executable permission bits. Proceeding anyway.
[   13.322786] systemd[1]: Configuration file /lib/systemd/system/optee.service is marked executable. Please remove executable permission bits. Proceeding anyway.
[   13.342017] systemd[1]: Configuration file /lib/systemd/system/getty.target is marked executable. Please remove executable permission bits. Proceeding anyway.
[   13.364372] systemd[1]: Configuration file /lib/systemd/system/serial-getty@.service is marked executable. Please remove executable permission bits. Proceeding anyway.
[   13.385992] systemd[1]: Configuration file /lib/systemd/system/rc-local.service is marked executable. Please remove executable permission bits. Proceeding anyway.
[   13.405934] systemd[1]: Configuration file /lib/systemd/system/getty-pre.target is marked executable. Please remove executable permission bits. Proceeding anyway.
[   13.426030] systemd[1]: Configuration file /lib/systemd/system/getty@.service is marked executable. Please remove executable permission bits. Proceeding anyway.
[   13.446876] systemd[1]: Configuration file /lib/systemd/system/dbus.service is marked executable. Please remove executable permission bits. Proceeding anyway.
[   13.466802] systemd[1]: Configuration file /lib/systemd/system/avahi-daemon.service is marked executable. Please remove executable permission bits. Proceeding anyway.
[   13.487891] systemd[1]: Configuration file /lib/systemd/system/avahi-daemon.socket is marked executable. Please remove executable permission bits. Proceeding anyway.
[   13.509861] systemd[1]: Configuration file /lib/systemd/system/systemd-update-utmp-runlevel.service is marked executable. Please remove executable permission bits. Proceeding anyway.
[   13.532506] systemd[1]: Configuration file /lib/systemd/system/rescue.service is marked executable. Please remove executable permission bits. Proceeding anyway.
[   13.552601] systemd[1]: Configuration file /lib/systemd/system/initrd-parse-etc.service is marked executable. Please remove executable permission bits. Proceeding anyway.
[   13.573810] systemd[1]: Configuration file /lib/systemd/system/initrd-root-device.target is marked executable. Please remove executable permission bits. Proceeding anyway.
[   13.595130] systemd[1]: Configuration file /lib/systemd/system/basic.target is marked executable. Please remove executable permission bits. Proceeding anyway.
[   13.615114] systemd[1]: Configuration file /lib/systemd/system/timers.target is marked executable. Please remove executable permission bits. Proceeding anyway.
[   13.638100] systemd[1]: Configuration file /lib/systemd/system/systemd-tmpfiles-clean.timer is marked executable. Please remove executable permission bits. Proceeding anyway.
[   13.659883] systemd[1]: Configuration file /lib/systemd/system/systemd-tmpfiles-clean.service is marked executable. Please remove executable permission bits. Proceeding anyway.
[   13.681359] systemd[1]: Configuration file /lib/systemd/system/initrd-fs.target is marked executable. Please remove executable permission bits. Proceeding anyway.
[   13.701383] systemd[1]: Configuration file /lib/systemd/system/initrd-root-fs.target is marked executable. Please remove executable permission bits. Proceeding anyway.
[   13.721871] systemd[1]: Configuration file /lib/systemd/system/initrd-udevadm-cleanup-db.service is marked executable. Please remove executable permission bits. Proceeding anyway.
[   13.743985] systemd[1]: Configuration file /lib/systemd/system/systemd-udev-settle.service is marked executable. Please remove executable permission bits. Proceeding anyway.
[   13.765000] systemd[1]: Configuration file /lib/systemd/system/initrd-switch-root.service is marked executable. Please remove executable permission bits. Proceeding anyway.
[   13.786168] systemd[1]: Configuration file /lib/systemd/system/paths.target is marked executable. Please remove executable permission bits. Proceeding anyway.
[   13.805522] systemd[1]: Configuration file /lib/systemd/system/sys-kernel-debug.mount is marked executable. Please remove executable permission bits. Proceeding anyway.
[   13.826206] systemd[1]: Configuration file /lib/systemd/system/sys-kernel-config.mount is marked executable. Please remove executable permission bits. Proceeding anyway.
[   13.847109] systemd[1]: Configuration file /lib/systemd/system/sys-fs-fuse-connections.mount is marked executable. Please remove executable permission bits. Proceeding anyway.
[   13.868804] systemd[1]: Configuration file /lib/systemd/system/psplash-systemd.service is marked executable. Please remove executable permission bits. Proceeding anyway.
[   13.889250] systemd[1]: Configuration file /lib/systemd/system/psplash-start.service is marked executable. Please remove executable permission bits. Proceeding anyway.
[   13.909531] systemd[1]: Configuration file /lib/systemd/system/ldconfig.service is marked executable. Please remove executable permission bits. Proceeding anyway.
[   13.929487] systemd[1]: Configuration file /lib/systemd/system/kmod-static-nodes.service is marked executable. Please remove executable permission bits. Proceeding anyway.
[   13.950186] systemd[1]: Configuration file /lib/systemd/system/dev-mqueue.mount is marked executable. Please remove executable permission bits. Proceeding anyway.
[   13.969839] systemd[1]: Configuration file /lib/systemd/system/dev-hugepages.mount is marked executable. Please remove executable permission bits. Proceeding anyway.
[   13.990053] systemd[1]: Configuration file /lib/systemd/system/emergency.service is marked executable. Please remove executable permission bits. Proceeding anyway.
[   14.010368] systemd[1]: Configuration file /lib/systemd/system/syslog.socket is marked executable. Please remove executable permission bits. Proceeding anyway.
[   14.030603] systemd[1]: Configuration file /lib/systemd/system/systemd-journald-audit.socket is marked executable. Please remove executable permission bits. Proceeding anyway.
[   14.052277] systemd[1]: Configuration file /lib/systemd/system/systemd-journald-dev-log.socket is marked executable. Please remove executable permission bits. Proceeding anyway.
[   14.074301] systemd[1]: Configuration file /lib/systemd/system/sockets.target is marked executable. Please remove executable permission bits. Proceeding anyway.
[   14.105642] systemd[1]: Configuration file /lib/systemd/system/systemd-networkd.socket is marked executable. Please remove executable permission bits. Proceeding anyway.
[   14.126620] systemd[1]: Configuration file /lib/systemd/system/systemd-initctl.socket is marked executable. Please remove executable permission bits. Proceeding anyway.
[   14.147385] systemd[1]: Configuration file /lib/systemd/system/systemd-initctl.service is marked executable. Please remove executable permission bits. Proceeding anyway.
[   14.168418] systemd[1]: Configuration file /lib/systemd/system/dropbear.socket is marked executable. Please remove executable permission bits. Proceeding anyway.
[   14.188455] systemd[1]: Configuration file /lib/systemd/system/var-volatile-srv.service is marked executable. Please remove executable permission bits. Proceeding anyway.
[   14.210040] systemd[1]: Configuration file /lib/systemd/system/var-volatile-spool.service is marked executable. Please remove executable permission bits. Proceeding anyway.
[   14.231371] systemd[1]: Configuration file /lib/systemd/system/var-volatile-lib.service is marked executable. Please remove executable permission bits. Proceeding anyway.
[   14.252669] systemd[1]: Configuration file /lib/systemd/system/var-volatile-cache.service is marked executable. Please remove executable permission bits. Proceeding anyway.
[   14.273429] systemd[1]: Configuration file /lib/systemd/system/tmp.mount is marked executable. Please remove executable permission bits. Proceeding anyway.
[   14.292440] systemd[1]: Configuration file /lib/systemd/system/systemd-remount-fs.service is marked executable. Please remove executable permission bits. Proceeding anyway.
[   14.313780] systemd[1]: Configuration file /lib/systemd/system/systemd-fsck-root.service is marked executable. Please remove executable permission bits. Proceeding anyway.
[   14.334991] systemd[1]: Configuration file /lib/systemd/system/emergency.target is marked executable. Please remove executable permission bits. Proceeding anyway.
[   14.355113] systemd[1]: Configuration file /lib/systemd/system/local-fs-pre.target is marked executable. Please remove executable permission bits. Proceeding anyway.
[   14.375741] systemd[1]: Configuration file /lib/systemd/system/shutdown.target is marked executable. Please remove executable permission bits. Proceeding anyway.
[   14.397425] systemd[1]: system-getty.slice: unit configures an IP firewall, but the local system does not support BPF/cgroup firewalling.
[   14.412614] systemd[1]: (This warning is only shown for the first unit using IP firewalling.)
[   14.424395] systemd[1]: Created slice system-getty.slice.
[[0;32m  OK  [0m] Created slice [0;1;39msystem-getty.slice[0m.
[   14.446697] systemd[1]: Created slice system-serial\x2dgetty.slice.
[[0;32m  OK  [0m] Created slice [0;1;39msystem-serial\x2dgetty.slice[0m.
[   14.474558] systemd[1]: Created slice User and Session Slice.
[[0;32m  OK  [0m] Created slice [0;1;39mUser and Session Slice[0m.
[   14.498129] systemd[1]: Started Dispatch Password Requests to Console Directory Watch.
[[0;32m  OK  [0m] Started [0;1;39mDispatch Password …ts to Console Directory Watch[0m.
[   14.526143] systemd[1]: Started Forward Password Requests to Wall Directory Watch.
[[0;32m  OK  [0m] Started [0;1;39mForward Password R…uests to Wall Directory Watch[0m.
[   14.554053] systemd[1]: Reached target Paths.
[[0;32m  OK  [0m] Reached target [0;1;39mPaths[0m.
[   14.573996] systemd[1]: Reached target Remote File Systems.
[[0;32m  OK  [0m] Reached target [0;1;39mRemote File Systems[0m.
[   14.598107] systemd[1]: Reached target Slices.
[[0;32m  OK  [0m] Reached target [0;1;39mSlices[0m.
[   14.622071] systemd[1]: Reached target Swap.
[[0;32m  OK  [0m] Reached target [0;1;39mSwap[0m.
[   14.648802] systemd[1]: Listening on RPCbind Server Activation Socket.
[[0;32m  OK  [0m] Listening on [0;1;39mRPCbind Server Activation Socket[0m.
[   14.678109] systemd[1]: Reached target RPC Port Mapper.
[[0;32m  OK  [0m] Reached target [0;1;39mRPC Port Mapper[0m.
[   14.706404] systemd[1]: Listening on initctl Compatibility Named Pipe.
[[0;32m  OK  [0m] Listening on [0;1;39minitctl Compatibility Named Pipe[0m.
[   14.736181] systemd[1]: Listening on Journal Audit Socket.
[[0;32m  OK  [0m] Listening on [0;1;39mJournal Audit Socket[0m.
[   14.763903] systemd[1]: Listening on Journal Socket (/dev/log).
[[0;32m  OK  [0m] Listening on [0;1;39mJournal Socket (/dev/log)[0m.
[   14.790678] systemd[1]: Listening on Journal Socket.
[[0;32m  OK  [0m] Listening on [0;1;39mJournal Socket[0m.
[   14.820145] systemd[1]: Listening on Network Service Netlink Socket.
[[0;32m  OK  [0m] Listening on [0;1;39mNetwork Service Netlink Socket[0m.
[   14.852627] systemd[1]: Listening on udev Control Socket.
[[0;32m  OK  [0m] Listening on [0;1;39mudev Control Socket[0m.
[   14.878523] systemd[1]: Listening on udev Kernel Socket.
[[0;32m  OK  [0m] Listening on [0;1;39mudev Kernel Socket[0m.
[   14.911360] systemd[1]: Mounting Huge Pages File System...
         Mounting [0;1;39mHuge Pages File System[0m...
[   14.943380] systemd[1]: Mounting POSIX Message Queue File System...
         Mounting [0;1;39mPOSIX Message Queue File System[0m...
[   14.975197] systemd[1]: Mounting Kernel Debug File System...
         Mounting [0;1;39mKernel Debug File System[0m...
[   15.009507] systemd[1]: Mounting Temporary Directory (/tmp)...
         Mounting [0;1;39mTemporary Directory (/tmp)[0m...
[   15.040291] systemd[1]: Starting Create list of static device nodes for the current kernel...
         Starting [0;1;39mCreate list of st…odes for the current kernel[0m...
[   15.075055] systemd[1]: Starting Start psplash boot splash screen...
         Starting [0;1;39mStart psplash boot splash screen[0m...
[   15.108662] systemd[1]: Starting RPC Bind...
         Starting [0;1;39mRPC Bind[0m...
[   15.138683] systemd[1]: Condition check resulted in File System Check on Root Device being skipped.
[   15.154328] systemd[1]: Starting Journal Service...
         Starting [0;1;39mJournal Service[0m...
[   15.171539] systemd-journald[362]: Configuration file /etc/systemd/journald.conf is marked executable. Please remove executable permission bits. Proceeding anyway.
[   15.187854] systemd-journald[362]: Configuration file /lib/systemd/journald.conf.d/00-systemd-conf.conf is marked executable. Please remove executable permission bits. Proceeding anyway.
[   15.220118] systemd[1]: Starting Load Kernel Modules...
         Starting [0;1;39mLoad Kernel Modules[0m...
[   15.242619] systemd[1]: Starting Remount Root and Kernel File Systems...
         Starting [0;1;39mRemount Root and Kernel File Systems[0m...
[   15.270402] systemd[1]: Starting udev Coldplug all Devices...
         Starting [0;1;39mudev Coldplug all Devices[0m...
[   15.293274] systemd[1]: Started Start psplash boot splash screen.
[[0;32m  OK  [0m] Started [0;1;39mStart psplash boot splash screen[0m.
[   15.318442] systemd[1]: Started RPC Bind.
[[0;32m  OK  [0m] Started [0;1;39mRPC Bind[0m.
[   15.338686] systemd[1]: Started Journal Service.
[[0;32m  OK  [0m] Started [0;1;39mJournal Service[0m.
[[0;32m  OK  [0m] Mounted [0;1;39mHuge Pages File System[0m.
[[0;32m  OK  [0m] Mounted [0;1;39mPOSIX Message Queue File System[0m.
[[0;32m  OK  [0m] Mounted [0;1;39mKernel Debug File System[0m.
[[0;32m  OK  [0m] Mounted [0;1;39mTemporary Directory (/tmp)[0m.
[[0;32m  OK  [0m] Started [0;1;39mCreate list of sta… nodes for the current kernel[0m.
[[0;32m  OK  [0m] Started [0;1;39mLoad Kernel Modules[0m.
[[0;32m  OK  [0m] Started [0;1;39mRemount Root and Kernel File Systems[0m.
         Mounting [0;1;39mKernel Configuration File System[0m...
[[0;32m  OK  [0m] Started [0;1;39mStart psplash-syst…progress communication helper[0m.
         Starting [0;1;39mFlush Journal to Persistent Storage[0m...
[   15.564716] systemd-journald[362]: Received client request to flush runtime journal.
         Starting [0;1;39mApply Kernel Variables[0m...
         Starting [0;1;39mCreate Static Device Nodes in /dev[0m...
[[0;32m  OK  [0m] Mounted [0;1;39mKernel Configuration File System[0m.
[[0;32m  OK  [0m] Started [0;1;39mFlush Journal to Persistent Storage[0m.
[[0;32m  OK  [0m] Started [0;1;39mApply Kernel Variables[0m.
[[0;32m  OK  [0m] Started [0;1;39mCreate Static Device Nodes in /dev[0m.
[[0;32m  OK  [0m] Reached target [0;1;39mLocal File Systems (Pre)[0m.
         Mounting [0;1;39m/var/volatile[0m...
         Starting [0;1;39mudev Kernel Device Manager[0m...
[[0;32m  OK  [0m] Started [0;1;39mudev Coldplug all Devices[0m.
[[0;32m  OK  [0m] Mounted [0;1;39m/var/volatile[0m.
         Starting [0;1;39mLoad/Save Random Seed[0m...
[[0;32m  OK  [0m] Reached target [0;1;39mLocal File Systems[0m.
         Starting [0;1;39mCreate Volatile Files and Directories[0m...
[[0;32m  OK  [0m] Started [0;1;39mLoad/Save Random Seed[0m.
[[0;32m  OK  [0m] Started [0;1;39mudev Kernel Device Manager[0m.
         Starting [0;1;39mNetwork Service[0m...
[[0;32m  OK  [0m] Started [0;1;39mCreate Volatile Files and Directories[0m.
         Starting [0;1;39mNetwork Time Synchronization[0m...
         Starting [0;1;39mUpdate UTMP about System Boot/Shutdown[0m...
[[0;32m  OK  [0m] Started [0;1;39mUpdate UTMP about System Boot/Shutdown[0m.
[[0;32m  OK  [0m] Started [0;1;39mNetwork Service[0m.
         Starting [0;1;39mNetwork Name Resolution[0m...
[[0;32m  OK  [0m] Started [0;1;39mNetwork Time Synchronization[0m.
[[0;32m  OK  [0m] Reached target [0;1;39mSystem Initialization[0m.
[[0;32m  OK  [0m] Started [0;1;39mDaily Cleanup of Temporary Directories[0m.
[[0;32m  OK  [0m] Reached target [0;1;39mSystem Time Set[0m.
[[0;32m  OK  [0m] Reached target [0;1;39mSystem Time Synchronized[0m.
[[0;32m  OK  [0m] Reached target [0;1;39mTimers[0m.
[[0;32m  OK  [0m] Listening on [0;1;39mAvahi mDNS/DNS-SD Stack Activation Socket[0m.
[[0;32m  OK  [0m] Listening on [0;1;39mD-Bus [   16.231520] pwm-backlight: probe of backlight failed with error -16
System Message Bus Socket[0m.
[[0;32m  OK  [0m] Listening on [0;1;39mdropbear.socket[0m.
[[0;32m  OK  [0m] Reached target [0;1;39mSockets[0m.
[[0;32m  OK  [0m] Reached target [0;1[   16.290541] at24 7-0050: supply vcc not found, using dummy regulator
;39mBasic System[0m.
[   16.299416] at24 7-0050: 128 byte br24t01 EEPROM, writable, 8 bytes/write
[[0;32m  OK  [0m] Started [0;1;39mD-Bus System Message Bus[0m.
[[0;32m  OK  [0m] Started [0;1;39moptee services[0m.
         Starting [0;1;39mpvrinit.service[0m...
         Starting [0;1;39mPowerVR consumer services[0m...
         Starting [0;1;39mLogin Service[0m...
[[0;32m  OK  [0m] Started [0;1;39mNetwork Name Resolution[0m.
[   16.445516] renesas_usb3 ee020000.usb: probed with phy
[   16.457677] ccree e6601000.crypto: ARM CryptoCell 630P Driver: HW version 0xAF400001/0xDCC63000, Driver version 5.0
[   16.500558] ccree e6601000.crypto: ARM ccree device initialized
[[0;32m  OK  [0m] Created slice [0;1;39msystem-weston.slice[0m.
[[0;32m  OK  [0m] Reached target [0;1;39mNetwork[0m.
[[0;32m  OK  [0m] Reached target [0;1;39mHost and Network Name Lookups[0m.
[[0;32m  OK  [0m] Reached target [0;1;39mHardware activated USB gadget[0m.
         Starting [0;1;39mAvahi mDNS/DNS-SD Stack[0m...
         Starting [0;1;39mPermit User Sessions[0m...
[[0;32m  OK  [0m] Started [0;1;39mXinetd A Powerful Replacement For Inetd[0m.
[[0;32m  OK  [0m] Started [0;1;39mPermit User Sessions[0m.
[[0;1;31mFAILED[0m] Failed to start [0;1;39mpvrinit.service[0m.
See 'systemctl status pvrinit.service' for details.
[[0;1;31mFAILED[0m] Failed to start [0;1;39mPowerVR consumer services[0m.
See 'systemctl status rc.pvr.service' for details.
[[0;1;38;5;185mDEPEND[0m] Dependency failed for [0;1;39mWeston Wayland Compositor[0m.
[[0;32m  OK  [0m] Started [0;1;39mAvahi mDNS/DNS-SD Stack[0m.
[[0;32m  OK  [0m] Started [0;1;39mLogin Service[0m.
[[0;32m  OK  [0m] Started [0;1;39mGetty on tty1[0m.
[[0;32m  OK  [0m] Started [0;1;39mSerial Getty on ttySC0[0m.
[[0;32m  OK  [0m] Reached target [0;1;39mLogin Prompts[0m.
         Starting [0;1;39mset_default_governor.service[0m...
[   17.090292] rd 0-7: Disabling EAS, schedutil is mandatory
[[0;32m  OK  [0m] Started [0;1;39mset_default_governor.service[0m.
[[0;32m  OK  [0m] Reached target [0;1;39mMulti-User System[0m.
         Starting [0;1;39mUpdate UTMP about System Runlevel Changes[0m...
[[0;32m  OK  [0m] Started [0;1;39mUpdate UTMP about System Runlevel Changes[0m.

Poky (Yocto Project Reference Distro) 3.1.11 salvator-x ttySC0

salvator-x login: 
salvator-x login: root
[   18.788708] audit: type=1006 audit(1708653591.019:2): pid=535 uid=0 old-auid=4294967295 auid=0 tty=(none) old-ses=4294967295 ses=1 res=1
7[r[999;999H[6n8root@salvator-x:~# 
root@salvator-x:~# 
root@salvator-x:~# 
root@salvator-x:~# 
root@salvator-x:~# 
root@salvator-x:~# 
root@salvator-x:~# 
root@salvator-x:~# 
root@salvator-x:~# 
----------Prepare----------


root@salvator-x:~# find /sys/devices/platform/soc/ee0e0100.usb/ -name 'sd*'
/sys/devices/platform/soc/ee0e0100.usb/usb3/3-1/3-1:1.0/host1/target1:0:0/1:0:0:0/block/sda
/sys/devices/platform/soc/ee0e0100.usb/usb3/3-1/3-1:1.0/host1/target1:0:0/1:0:0:0/block/sda/sda1
root@salvator-x:~# 
root@salvator-x:~# dd if=/dev/urandom of=testdata bs=10M count=5
5+0 records in
5+0 records out
52428800 bytes (52 MB, 50 MiB) copied, 1.43554 s, 36.5 MB/s
root@salvator-x:~# 
root@salvator-x:~# mkdir -p /mnt/usb
root@salvator-x:~# 
root@salvator-x:~# mount /dev/sda1 /mnt/usb
[   31.166777] EXT4-fs (sda1): mounted filesystem with ordered data mode. Opts: (null)
root@salvator-x:~# 
root@salvator-x:~# cp testdata /mnt/usb/
root@salvator-x:~# 
root@salvator-x:~# umount /mnt/usb
root@salvator-x:~# 
root@salvator-x:~# find /sys/devices/platform/soc/ee0e0100.usb/ -name 'sd*'
/sys/devices/platform/soc/ee0e0100.usb/usb3/3-1/3-1:1.0/host1/target1:0:0/1:0:0:0/block/sda
/sys/devices/platform/soc/ee0e0100.usb/usb3/3-1/3-1:1.0/host1/target1:0:0/1:0:0:0/block/sda/sda1
root@salvator-x:~# 
root@salvator-x:~# i2cset -f -y 7 0x30 0x20 0x0f
root@salvator-x:~# 

Switch SW23 off and input 'yes' to continue:
[   41.950055] SDHI0 VccQ: disabling
[   41.953447] SDHI3 VccQ: disabling
Input 'yes' to continue: 

root@salvator-x:~# echo N > /sys/module/printk/parameters/console_suspend
root@salvator-x:~# 
root@salvator-x:~# mount /dev/sda1 /mnt/usb
[   46.690349] EXT4-fs (sda1): mounted filesystem with ordered data mode. Opts: (null)
root@salvator-x:~# 
root@salvator-x:~# cp /mnt/usb/testdata testdata_from_usb &
[1] 560
root@salvator-x:~# 
root@salvator-x:~# echo mem > /sys/power/state
[   48.062245] PM: suspend entry (deep)
[   48.403092] Filesystems sync: 0.337 seconds
[   48.424968] Freezing user space processes ... (elapsed 0.009 seconds) done.
[   48.441123] OOM killer disabled.
[   48.444397] Freezing remaining freezable tasks ... (elapsed 0.001 seconds) done.
[   48.872605] ravb e6800000.ethernet eth0: Link is Down
[   48.887764] Disabling non-boot CPUs ...
[   48.892229] CPU1: shutdown
[   48.894953] psci: CPU1 killed (polled 0 ms)
[   48.900792] CPU2: shutdown
[   48.903521] psci: CPU2 killed (polled 0 ms)
[   48.909093] CPU3: shutdown
[   48.911819] psci: CPU3 killed (polled 0 ms)
[   48.917464] CPU4: shutdown
[   48.920189] psci: CPU4 killed (polled 0 ms)
[   48.925686] CPU5: shutdown
[   48.928432] psci: CPU5 killed (polled 0 ms)
[   48.933965] CPU6: shutdown
[   48.936675] psci: CPU6 killed (polled 0 ms)
[   48.942409] CPU7: shutdown
[   48.945121] psci: CPU7 killed (polled 0 ms)
 
Pull out USB device at CN37


Press any button to continue


 Switch power switch: 

NOTICE:  BL2: R-Car Gen3 Initial Program Loader(CA57) Rev.4.0.0
NOTICE:  BL2: PRR is R-Car H3 Ver.3.0
NOTICE:  BL2: Board is Salvator-XS Rev.1.0
NOTICE:  BL2: Boot device is HyperFlash(160MHz)
NOTICE:  BL2: LCM state is CM
NOTICE:  AVS setting succeeded. DVFS_SetVID=0x53
NOTICE:  BL2: DDR3200(rev.0.42)
NOTICE:  BL2: [WARM_BOOT]
NOTICE:  BL2: DRAM Split is 4ch(DDR f)
NOTICE:  BL2: QoS is default setting(rev.0.11)
NOTICE:  BL2: DRAM refresh interval 1.95 usec
NOTICE:  BL2: Periodic Write DQ Training
NOTICE:  BL2: CH0: 400000000 - 47fffffff, 2 GiB
NOTICE:  BL2: CH1: 500000000 - 57fffffff, 2 GiB
NOTICE:  BL2: CH2: 600000000 - 67fffffff, 2 GiB
NOTICE:  BL2: CH3: 700000000 - 77fffffff, 2 GiB
NOTICE:  BL2: Lossy Decomp areas
NOTICE:       Entry 0: DCMPAREACRAx:0x80000540 DCMPAREACRBx:0x570
NOTICE:       Entry 1: DCMPAREACRAx:0x40000000 DCMPAREACRBx:0x0
NOTICE:       Entry 2: DCMPAREACRAx:0x20000000 DCMPAREACRBx:0x0
NOTICE:  BL2: FDT at 0xe6327f70
NOTICE:  BL2: v2.9(release):9cdb21f75
NOTICE:  BL2: Built : 05:25:39, Dec 19 2023
NOTICE:  BL2: Normal boot
[   48.950372] Enabling non-boot CPUs ...
[   48.954406] Detected PIPT I-cache on CPU1
[   48.954460] CPU1: Booted secondary processor 0x0000000001 [0x411fd073]
[   48.954953] CPU1 is up
[   48.968002] Detected PIPT I-cache on CPU2
[   48.968025] CPU2: Booted secondary processor 0x0000000002 [0x411fd073]
[   48.968295] CPU2 is up
[   48.981312] Detected PIPT I-cache on CPU3
[   48.981335] CPU3: Booted secondary processor 0x0000000003 [0x411fd073]
[   48.981631] CPU3 is up
[   48.994698] Detected VIPT I-cache on CPU4
[   48.994750] CPU4: Booted secondary processor 0x0000000100 [0x410fd034]
[   48.995659] CPU4 is up
[   49.008664] Detected VIPT I-cache on CPU5
[   49.008697] CPU5: Booted secondary processor 0x0000000101 [0x410fd034]
[   49.009254] CPU5 is up
[   49.022265] Detected VIPT I-cache on CPU6
[   49.022297] CPU6: Booted secondary processor 0x0000000102 [0x410fd034]
[   49.022896] CPU6 is up
[   49.035904] Detected VIPT I-cache on CPU7
[   49.035936] CPU7: Booted secondary processor 0x0000000103 [0x410fd034]
[   49.036647] CPU7 is up
[   49.109099] xhci-hcd ee000000.usb: xHC error in resume, USBSTS 0x401, Reinit
[   49.116157] usb usb7: root hub lost power or was reset
[   49.121281] usb usb8: root hub lost power or was reset
[   49.228978] Micrel KSZ9031 Gigabit PHY e6800000.ethernet-ffffffff:00: attached PHY driver [Micrel KSZ9031 Gigabit PHY] (mii_bus:phy_addr=e6800000.ethernet-ffffffff:00, irq=183)
[   49.339886] usb usb4: root hub lost power or was reset
[   49.345179] usb usb1: root hub lost power or was reset
[   49.431882] usb usb5: root hub lost power or was reset
[   49.437128] usb usb2: root hub lost power or was reset
[   49.523970] usb usb6: root hub lost power or was reset
[   49.529138] usb usb3: root hub lost power or was reset
[   49.647884] usb usb10: root hub lost power or was reset
[   49.653236] usb usb9: root hub lost power or was reset
[   49.665957] ata1: link resume succeeded after 1 retries
[   49.777637] ata1: SATA link down (SStatus 0 SControl 300)
[   52.420238] OOM killer enabled.
[   52.424099] Restarting tasks ... 
[   52.424319] usb 3-1: USB disconnect, device number 2
[   52.425306] done.
[   52.433913] blk_update_request: I/O error, dev sda, sector 25213184 op 0x1:(WRITE) flags 0x4000 phys_seg 30 prio class 0
[   52.453144] blk_update_request: I/O error, dev sda, sector 25213424 op 0x1:(WRITE) flags 0x4000 phys_seg 30 prio class 0
[   52.453235] blk_update_request: I/O error, dev sda, sector 614912 op 0x0:(READ) flags 0x84700 phys_seg 15 prio class 0
cp: error reading '/mnt/usb/testdata': Input/output error
[   52.477960] blk_update_request: I/O error, dev sda, sector 615152 op 0x0:(READ) flags 0x84700 phys_seg 15 prio class 0
[   52.477973] blk_update_request: I/O error, dev sda, sector 25213664 op 0x1:(WRITE) flags 0x4000 phys_seg 30 prio class 0
[   52.478016] blk_update_request: I/O error, dev sda, sector 25213904 op 0x1:(WRITE) flags 0x4000 phys_seg 30 prio class 0
[   52.478031] blk_update_request: I/O error, dev sda, sector 25214144 op 0x1:(WRITE) flags 0x4000 phys_seg 30 prio class 0
[   52.478054] blk_update_request: I/O error, dev sda, sector 25214384 op 0x1:(WRITE) flags 0x4000 phys_seg 30 prio class 0
[   52.478069] blk_update_request: I/O error, dev sda, sector 25214624 op 0x1:(WRITE) flags 0x4000 phys_seg 30 prio class 0
[   52.478079] blk_update_request: I/O error, dev sda, sector 615392 op 0x0:(READ) flags 0x80700 phys_seg 2 prio class 0
[   52.478623] Aborting journal on device sda1-8.
[   52.478658] Buffer I/O error on dev sda1, logical block 7372800, lost sync page write
[   52.478674] JBD2: Error -5 detected when updating journal superblock for sda1-8.
[   52.491307] PM: suspend exit
root@salvator-x:~# [   57.401687] ravb e6800000.ethernet eth0: Link is Up - 1Gbps/Full - flow control off

[1]+  Done(1)                 cp /mnt/usb/testdata testdata_from_usb
root@salvator-x:~# echo "Wake up sucessfully"
Wake up sucessfully
root@salvator-x:~# 
root@salvator-x:~# wait
root@salvator-x:~# 
root@salvator-x:~# sync
root@salvator-x:~# 
root@salvator-x:~# cmp testdata testdata_from_usb
cmp: EOF on testdata_from_usb
root@salvator-x:~# 
root@salvator-x:~# umount /mnt/usb
root@salvator-x:~# 
 
#### Result: OK ####
