

----------Item 7----------


Please press switch to restart board 

[F 00:00:120
[F 00:00:119
[F 00:00:118
NOTICE:  BL2: R-Car Gen3 Initial Program Loader(CA57) Rev.4.0.0
NOTICE:  BL2: PRR is R-Car H3 Ver.3.0
NOTICE:  BL2: Board is Salvator-XS Rev.1.0
NOTICE:  BL2: Boot device is HyperFlash(160MHz)
NOTICE:  BL2: LCM state is CM
NOTICE:  AVS setting succeeded. DVFS_SetVID=0x53
NOTICE:  BL2: DDR3200(rev.0.42)
NOTICE:  BL2: [COLD_BOOT]
NOTICE:  BL2: DRAM Split is 4ch(DDR f)
NOTICE:  BL2: QoS is default setting(rev.0.11)
NOTICE:  BL2: DRAM refresh interval 1.95 usec
NOTICE:  BL2: Periodic Write DQ Training
NOTICE:  BL2: CH0: 400000000 - 47fffffff, 2 GiB
NOTICE:  BL2: CH1: 500000000 - 57fffffff, 2 GiB
NOTICE:  BL2: CH2: 600000000 - 67fffffff, 2 GiB
NOTICE:  BL2: CH3: 700000000 - 77fffffff, 2 GiB
NOTICE:  BL2: Lossy Decomp areas
NOTICE:       Entry 0: DCMPAREACRAx:0x80000540 DCMPAREACRBx:0x570
NOTICE:       Entry 1: DCMPAREACRAx:0x40000000 DCMPAREACRBx:0x0
NOTICE:       Entry 2: DCMPAREACRAx:0x20000000 DCMPAREACRBx:0x0
NOTICE:  BL2: FDT at 0xe6327f70
NOTICE:  BL2: v2.9(release):9cdb21f75
NOTICE:  BL2: Built : 05:25:39, Dec 19 2023
NOTICE:  BL2: Normal boot
NOTICE:  BL2: dst=0xe6327800 src=0x8180000 len=512(0x200)
NOTICE:  BL2: dst=0x43f00000 src=0x8180400 len=6144(0x1800)
NOTICE:  rcar_file_len: len: 0x0003e000
NOTICE:  BL2: dst=0x44000000 src=0x81c0000 len=253952(0x3e000)
NOTICE:  rcar_file_len: len: 0x00200000
NOTICE:  BL2: dst=0x44100000 src=0x8200000 len=2097152(0x200000)
NOTICE:  rcar_file_len: len: 0x00100000
NOTICE:  BL2: dst=0x50000000 src=0x8640000 len=1048576(0x100000)
NOTICE:  BL2: Booting BL31


U-Boot 2020.10 (Dec 19 2023 - 14:30:40 +0000)

CPU: Renesas Electronics R8A7795 rev 3.0
Model: Renesas Salvator-X 2nd version board based on r8a77951
DRAM:  7.9 GiB
RAM Configuration:
Bank #0: 0x048000000 - 0x0bfffffff, 1.9 GiB
Bank #1: 0x500000000 - 0x57fffffff, 2 GiB
Bank #2: 0x600000000 - 0x67fffffff, 2 GiB
Bank #3: 0x700000000 - 0x77fffffff, 2 GiB

MMC:   sd@ee100000: 0, sd@ee140000: 1, sd@ee160000: 2
Loading Environment from MMC... OK
In:    serial@e6e88000
Out:   serial@e6e88000
Err:   serial@e6e88000
Net:   eth0: ethernet@e6800000
Hit any key to stop autoboot:  2  1  0 
ethernet@e6800000 Waiting for PHY auto negotiation to complete.......... done
Using ethernet@e6800000 device
TFTP from server 192.168.10.99; our IP address is 192.168.10.167
Filename 'traivo/H3/rootfs/boot_USB2H/Image'.
Load address: 0x48080000
Loading: *#################################################################
	 #################################################################
	 #################################################################
	 #################################################################
	 #################################################################
	 #################################################################
	 #################################################################
	 #################################################################
	 #################################################################
	 #################################################################
	 #################################################################
	 #################################################################
	 #################################################################
	 #################################################################
	 #################################################################
	 #################################################################
	 #################################################################
	 #################################################################
	 #################################################################
	 #################################################################
	 #################################################################
	 #################################################################
	 #################################################################
	 #################################################################
	 #################################################################
	 #################################################################
	 #################################################################
	 #################################################################
	 #################################################################
	 #################################################################
	 #################################################################
	 #################################################################
	 #################################################################
	 #################################################################
	 ################################################################
	 4.5 MiB/s
done
Bytes transferred = 33376768 (1fd4a00 hex)
Using ethernet@e6800000 device
TFTP from server 192.168.10.99; our IP address is 192.168.10.167
Filename 'traivo/H3/rootfs/boot_USB2H/r8a77951-salvator-xs.dtb'.
Load address: 0x48000000
Loading: *#######
	 8.7 MiB/s
done
Bytes transferred = 90876 (162fc hex)
Moving Image from 0x48080000 to 0x48200000, end=4a260000
## Flattened Device Tree blob at 48000000
   Booting using the fdt blob at 0x48000000
   Loading Device Tree to 0000000053fe6000, end 0000000053fff2fb ... OK

Starting kernel ...

[    0.000000] Booting Linux on physical CPU 0x0000000000 [0x411fd073]
[    0.000000] Linux version 5.10.194-yocto-standard (thuan.nguyen-hong@banvien) (aarch64-poky-linux-gcc (GCC) 9.3.0, GNU ld (GNU Binutils) 2.34.0.20200220) #10 SMP PREEMPT Mon Feb 19 03:51:05 UTC 2024
[    0.000000] Machine model: Renesas Salvator-X 2nd version board based on r8a77951
[    0.000000] efi: UEFI not found.
[    0.000000] Reserved memory: created CMA memory pool at 0x0000000057000000, size 16 MiB
[    0.000000] OF: reserved mem: initialized node linux,adsp@57000000, compatible id shared-dma-pool
[    0.000000] Reserved memory: created CMA memory pool at 0x0000000058000000, size 384 MiB
[    0.000000] OF: reserved mem: initialized node linux,cma@58000000, compatible id shared-dma-pool
[    0.000000] Reserved memory: created CMA memory pool at 0x0000000070000000, size 256 MiB
[    0.000000] OF: reserved mem: initialized node linux,multimedia@70000000, compatible id shared-dma-pool
[    0.000000] NUMA: No NUMA configuration found
[    0.000000] NUMA: Faking a node at [mem 0x0000000048000000-0x000000077fffffff]
[    0.000000] NUMA: NODE_DATA [mem 0x77efdab00-0x77efdcfff]
[    0.000000] Zone ranges:
[    0.000000]   DMA      [mem 0x0000000048000000-0x000000007fffffff]
[    0.000000]   DMA32    [mem 0x0000000080000000-0x00000000ffffffff]
[    0.000000]   Normal   [mem 0x0000000100000000-0x000000077fffffff]
[    0.000000] Movable zone start for each node
[    0.000000] Early memory node ranges
[    0.000000]   node   0: [mem 0x0000000048000000-0x0000000053ffffff]
[    0.000000]   node   0: [mem 0x0000000054000000-0x0000000056ffffff]
[    0.000000]   node   0: [mem 0x0000000057000000-0x00000000bfffffff]
[    0.000000]   node   0: [mem 0x0000000500000000-0x000000057fffffff]
[    0.000000]   node   0: [mem 0x0000000600000000-0x000000067fffffff]
[    0.000000]   node   0: [mem 0x0000000700000000-0x000000077fffffff]
[    0.000000] Initmem setup node 0 [mem 0x0000000048000000-0x000000077fffffff]
[    0.000000] psci: probing for conduit method from DT.
[    0.000000] psci: PSCIv1.1 detected in firmware.
[    0.000000] psci: Using standard PSCI v0.2 function IDs
[    0.000000] psci: Trusted OS resident on physical CPU 0x0
[    0.000000] psci: SMC Calling Convention v1.2
[    0.000000] percpu: Embedded 23 pages/cpu s56984 r8192 d29032 u94208
[    0.000000] Detected PIPT I-cache on CPU0
[    0.000000] CPU features: detected: EL2 vector hardening
[    0.000000] CPU features: detected: Spectre-v2
[    0.000000] CPU features: detected: ARM errata 1165522, 1319367, or 1530923
[    0.000000] CPU features: detected: Spectre-BHB
[    0.000000] CPU features: detected: ARM erratum 1742098
[    0.000000] Built 1 zonelists, mobility grouping on.  Total pages: 2032128
[    0.000000] Policy zone: Normal
[    0.000000] Kernel command line: rw root=/dev/nfs nfsroot=192.168.10.99:/data/tftpboot/traivo/H3/rootfs,nfsvers=4, ip=192.168.10.167
[    0.000000] Dentry cache hash table entries: 1048576 (order: 11, 8388608 bytes, linear)
[    0.000000] Inode-cache hash table entries: 524288 (order: 10, 4194304 bytes, linear)
[    0.000000] mem auto-init: stack:off, heap alloc:off, heap free:off
[    0.000000] software IO TLB: mapped [mem 0x000000004ffe6000-0x0000000053fe6000] (64MB)
[    0.000000] Memory: 7276840K/8257536K available (15232K kernel code, 2834K rwdata, 8240K rodata, 6144K init, 517K bss, 308952K reserved, 671744K cma-reserved)
[    0.000000] SLUB: HWalign=64, Order=0-3, MinObjects=0, CPUs=8, Nodes=1
[    0.000000] rcu: Preemptible hierarchical RCU implementation.
[    0.000000] rcu: 	RCU event tracing is enabled.
[    0.000000] rcu: 	RCU restricting CPUs from NR_CPUS=256 to nr_cpu_ids=8.
[    0.000000] 	Trampoline variant of Tasks RCU enabled.
[    0.000000] rcu: RCU calculated value of scheduler-enlistment delay is 25 jiffies.
[    0.000000] rcu: Adjusting geometry for rcu_fanout_leaf=16, nr_cpu_ids=8
[    0.000000] NR_IRQS: 64, nr_irqs: 64, preallocated irqs: 0
[    0.000000] arch_timer: cp15 timer(s) running at 8.32MHz (virt).
[    0.000000] clocksource: arch_sys_counter: mask: 0xffffffffffffff max_cycles: 0x1eb398c07, max_idle_ns: 440795202503 ns
[    0.000003] sched_clock: 56 bits at 8MHz, resolution 120ns, wraps every 2199023255503ns
[    0.000205] Console: colour dummy device 80x25
[    0.000413] printk: console [tty0] enabled
[    0.000490] Calibrating delay loop (skipped), value calculated using timer frequency.. 16.64 BogoMIPS (lpj=33280)
[    0.000506] pid_max: default: 32768 minimum: 301
[    0.000564] LSM: Security Framework initializing
[    0.000650] Mount-cache hash table entries: 16384 (order: 5, 131072 bytes, linear)
[    0.000701] Mountpoint-cache hash table entries: 16384 (order: 5, 131072 bytes, linear)
[    0.002156] rcu: Hierarchical SRCU implementation.
[    0.003747] Detected Renesas R-Car Gen3 r8a7795 ES3.0
[    0.005881] EFI services will not be available.
[    0.006224] smp: Bringing up secondary CPUs ...
[    0.006684] Detected PIPT I-cache on CPU1
[    0.006733] CPU1: Booted secondary processor 0x0000000001 [0x411fd073]
[    0.007218] Detected PIPT I-cache on CPU2
[    0.007243] CPU2: Booted secondary processor 0x0000000002 [0x411fd073]
[    0.007666] Detected PIPT I-cache on CPU3
[    0.007688] CPU3: Booted secondary processor 0x0000000003 [0x411fd073]
[    0.008156] CPU features: detected: ARM erratum 845719
[    0.008168] Detected VIPT I-cache on CPU4
[    0.008215] CPU4: Booted secondary processor 0x0000000100 [0x410fd034]
[    0.008691] Detected VIPT I-cache on CPU5
[    0.008718] CPU5: Booted secondary processor 0x0000000101 [0x410fd034]
[    0.009152] Detected VIPT I-cache on CPU6
[    0.009179] CPU6: Booted secondary processor 0x0000000102 [0x410fd034]
[    0.009623] Detected VIPT I-cache on CPU7
[    0.009650] CPU7: Booted secondary processor 0x0000000103 [0x410fd034]
[    0.009728] smp: Brought up 1 node, 8 CPUs
[    0.009789] SMP: Total of 8 processors activated.
[    0.009797] CPU features: detected: 32-bit EL0 Support
[    0.009804] CPU features: detected: CRC32 instructions
[    0.009812] CPU features: detected: 32-bit EL1 Support
[    0.023021] CPU: All CPU(s) started at EL1
[    0.023073] alternatives: patching kernel code
[    0.024244] devtmpfs: initialized
[    0.031050] KASLR disabled due to lack of seed
[    0.031202] clocksource: jiffies: mask: 0xffffffff max_cycles: 0xffffffff, max_idle_ns: 7645041785100000 ns
[    0.031222] futex hash table entries: 2048 (order: 5, 131072 bytes, linear)
[    0.039867] pinctrl core: initialized pinctrl subsystem
[    0.041334] DMI not present or invalid.
[    0.041840] NET: Registered protocol family 16
[    0.042778] DMA: preallocated 1024 KiB GFP_KERNEL pool for atomic allocations
[    0.042974] DMA: preallocated 1024 KiB GFP_KERNEL|GFP_DMA pool for atomic allocations
[    0.043262] DMA: preallocated 1024 KiB GFP_KERNEL|GFP_DMA32 pool for atomic allocations
[    0.043304] audit: initializing netlink subsys (disabled)
[    0.043490] audit: type=2000 audit(0.040:1): state=initialized audit_enabled=0 res=1
[    0.044661] thermal_sys: Registered thermal governor 'power_allocator'
[    0.045171] cpuidle: using governor menu
[    0.045340] hw-breakpoint: found 6 breakpoint and 4 watchpoint registers.
[    0.045465] ASID allocator initialised with 65536 entries
[    0.046750] Serial: AMBA PL011 UART driver
[    0.089628] sh-pfc e6060000.pinctrl: r8a77951_pfc support registered
[    0.104359] HugeTLB registered 1.00 GiB page size, pre-allocated 0 pages
[    0.104372] HugeTLB registered 32.0 MiB page size, pre-allocated 0 pages
[    0.104380] HugeTLB registered 2.00 MiB page size, pre-allocated 0 pages
[    0.104388] HugeTLB registered 64.0 KiB page size, pre-allocated 0 pages
[    0.105352] cryptd: max_cpu_qlen set to 1000
[    0.107621] ACPI: Interpreter disabled.
[    0.111434] rcar-avs: use avs value: 0
[    0.111449] rcar-avs: cpu@0 is running with: opp_table0
[    0.111460] rcar-avs: cpu@1 is running with: opp_table0
[    0.111471] rcar-avs: cpu@2 is running with: opp_table0
[    0.111480] rcar-avs: cpu@3 is running with: opp_table0
[    0.111568] rcar-avs: gsx@fd000000 is running with: gsx_opp_table0
[    0.112990] iommu: Default domain type: Translated 
[    0.113557] ipmmu-vmsa e67b0000.iommu: IPMMU context 0 is reserved
[    0.114561] vgaarb: loaded
[    0.114758] SCSI subsystem initialized
[    0.115007] usbcore: registered new interface driver usbfs
[    0.115038] usbcore: registered new interface driver hub
[    0.115063] usbcore: registered new device driver usb
[    0.118610] i2c-sh_mobile e60b0000.i2c: I2C adapter 7, bus speed 400000 Hz
[    0.119151] mc: Linux media interface: v0.10
[    0.119173] videodev: Linux video capture interface: v2.00
[    0.119217] pps_core: LinuxPPS API ver. 1 registered
[    0.119225] pps_core: Software ver. 5.3.6 - Copyright 2005-2007 Rodolfo Giometti <giometti@linux.it>
[    0.119238] PTP clock support registered
[    0.119404] EDAC MC: Ver: 3.0.0
[    0.121422] FPGA manager framework
[    0.121481] Advanced Linux Sound Architecture Driver Initialized.
[    0.122034] clocksource: Switched to clocksource arch_sys_counter
[    0.122176] VFS: Disk quotas dquot_6.6.0
[    0.122219] VFS: Dquot-cache hash table entries: 512 (order 0, 4096 bytes)
[    0.122342] pnp: PnP ACPI: disabled
[    0.125816] NET: Registered protocol family 2
[    0.126239] IP idents hash table entries: 131072 (order: 8, 1048576 bytes, linear)
[    0.128511] tcp_listen_portaddr_hash hash table entries: 4096 (order: 4, 65536 bytes, linear)
[    0.128586] TCP established hash table entries: 65536 (order: 7, 524288 bytes, linear)
[    0.128873] TCP bind hash table entries: 65536 (order: 8, 1048576 bytes, linear)
[    0.129455] TCP: Hash tables configured (established 65536 bind 65536)
[    0.129577] UDP hash table entries: 4096 (order: 5, 131072 bytes, linear)
[    0.129690] UDP-Lite hash table entries: 4096 (order: 5, 131072 bytes, linear)
[    0.129914] NET: Registered protocol family 1
[    0.130307] RPC: Registered named UNIX socket transport module.
[    0.130318] RPC: Registered udp transport module.
[    0.130324] RPC: Registered tcp transport module.
[    0.130329] RPC: Registered tcp NFSv4.1 backchannel transport module.
[    0.130342] PCI: CLS 0 bytes, default 64
[    0.131286] hw perfevents: enabled with armv8_cortex_a53 PMU driver, 7 counters available
[    0.131558] hw perfevents: enabled with armv8_cortex_a57 PMU driver, 7 counters available
[    0.132187] kvm [1]: HYP mode not available
[    0.135123] Initialise system trusted keyrings
[    0.135267] workingset: timestamp_bits=42 max_order=21 bucket_order=0
[    0.138352] squashfs: version 4.0 (2009/01/31) Phillip Lougher
[    0.138747] NFS: Registering the id_resolver key type
[    0.138791] Key type id_resolver registered
[    0.138798] Key type id_legacy registered
[    0.138851] nfs4filelayout_init: NFSv4 File Layout Driver Registering...
[    0.138860] nfs4flexfilelayout_init: NFSv4 Flexfile Layout Driver Registering...
[    0.138960] 9p: Installing v9fs 9p2000 file system support
[    0.165294] Key type asymmetric registered
[    0.165305] Asymmetric key parser 'x509' registered
[    0.165336] Block layer SCSI generic (bsg) driver version 0.4 loaded (major 243)
[    0.165347] io scheduler mq-deadline registered
[    0.165356] io scheduler kyber registered
[    0.181437] gpio_rcar e6050000.gpio: driving 16 GPIOs
[    0.181724] gpio_rcar e6051000.gpio: driving 29 GPIOs
[    0.181993] gpio_rcar e6052000.gpio: driving 15 GPIOs
[    0.182332] gpio_rcar e6053000.gpio: driving 16 GPIOs
[    0.182630] gpio_rcar e6054000.gpio: driving 18 GPIOs
[    0.182951] gpio_rcar e6055000.gpio: driving 26 GPIOs
[    0.183247] gpio_rcar e6055400.gpio: driving 32 GPIOs
[    0.183513] gpio_rcar e6055800.gpio: driving 4 GPIOs
[    0.186556] rcar-pcie fe000000.pcie: host bridge /soc/pcie@fe000000 ranges:
[    0.186586] rcar-pcie fe000000.pcie:       IO 0x00fe100000..0x00fe1fffff -> 0x0000000000
[    0.186608] rcar-pcie fe000000.pcie:      MEM 0x00fe200000..0x00fe3fffff -> 0x00fe200000
[    0.186626] rcar-pcie fe000000.pcie:      MEM 0x0030000000..0x0037ffffff -> 0x0030000000
[    0.186641] rcar-pcie fe000000.pcie:      MEM 0x0038000000..0x003fffffff -> 0x0038000000
[    0.186658] rcar-pcie fe000000.pcie:   IB MEM 0x0040000000..0x007fffffff -> 0x0040000000
[    0.186701] rcar-pcie fe000000.pcie: no pcie3v3 regulator found
[    0.186712] rcar-pcie fe000000.pcie: no pcie1v8 regulator found
[    0.253742] rcar-pcie fe000000.pcie: PCIe link down
[    0.253902] rcar-pcie ee800000.pcie: host bridge /soc/pcie@ee800000 ranges:
[    0.253924] rcar-pcie ee800000.pcie:       IO 0x00ee900000..0x00ee9fffff -> 0x0000000000
[    0.253943] rcar-pcie ee800000.pcie:      MEM 0x00eea00000..0x00eebfffff -> 0x00eea00000
[    0.253961] rcar-pcie ee800000.pcie:      MEM 0x00c0000000..0x00c7ffffff -> 0x00c0000000
[    0.253974] rcar-pcie ee800000.pcie:      MEM 0x00c8000000..0x00cfffffff -> 0x00c8000000
[    0.253992] rcar-pcie ee800000.pcie:   IB MEM 0x0040000000..0x007fffffff -> 0x0040000000
[    0.254036] rcar-pcie ee800000.pcie: no pcie3v3 regulator found
[    0.254047] rcar-pcie ee800000.pcie: no pcie1v8 regulator found
[    0.414033] rcar-pcie ee800000.pcie: PCIe link down
[    0.416490] EINJ: ACPI disabled.
[    0.450421] Serial: 8250/16550 driver, 4 ports, IRQ sharing enabled
[    0.452854] SuperH (H)SCI(F) driver initialized
[    0.453280] e6550000.serial: ttySC1 at MMIO 0xe6550000 (irq = 42, base_baud = 0) is a hscif
[    0.454037] e6e88000.serial: ttySC0 at MMIO 0xe6e88000 (irq = 128, base_baud = 0) is a scif
[    1.658764] printk: console [ttySC0] enabled
[    1.664178] msm_serial: driver initialized
[    1.674553] rcar-dw-hdmi fead0000.hdmi: Detected HDMI TX controller v2.01a with HDCP (DWC HDMI 2.0 TX PHY)
[    1.684459] rcar-dw-hdmi fead0000.hdmi: registered DesignWare HDMI I2C bus driver
[    1.692692] rcar-dw-hdmi feae0000.hdmi: Detected HDMI TX controller v2.01a with HDCP (DWC HDMI 2.0 TX PHY)
[    1.702552] rcar-dw-hdmi feae0000.hdmi: registered DesignWare HDMI I2C bus driver
[    1.718002] loop: module loaded
[    1.722581] megasas: 07.714.04.00-rc1
[    1.728283] scsi host0: sata_rcar
[    1.731756] ata1: SATA max UDMA/133 irq 181
[    1.741133] tun: Universal TUN/TAP device driver, 1.6
[    1.747085] thunder_xcv, ver 1.0
[    1.750341] thunder_bgx, ver 1.0
[    1.753581] nicpf, ver 1.0
[    1.757709] hclge is initializing
[    1.761044] hns3: Hisilicon Ethernet Network Driver for Hip08 Family - version
[    1.768266] hns3: Copyright (c) 2017 Huawei Corporation.
[    1.773602] e1000: Intel(R) PRO/1000 Network Driver
[    1.778480] e1000: Copyright (c) 1999-2006 Intel Corporation.
[    1.784247] e1000e: Intel(R) PRO/1000 Network Driver
[    1.789211] e1000e: Copyright(c) 1999 - 2015 Intel Corporation.
[    1.795152] igb: Intel(R) Gigabit Ethernet Network Driver
[    1.800556] igb: Copyright (c) 2007-2014 Intel Corporation.
[    1.806143] igbvf: Intel(R) Gigabit Virtual Function Network Driver
[    1.812410] igbvf: Copyright (c) 2009 - 2012 Intel Corporation.
[    1.818738] sky2: driver version 1.30
[    1.826429] ravb e6800000.ethernet eth0: Base address at 0xe6800000, 2e:09:0a:02:ec:37, IRQ 125.
[    1.836676] VFIO - User Level meta-driver version: 0.3
[    1.843841] ehci_hcd: USB 2.0 'Enhanced' Host Controller (EHCI) Driver
[    1.850380] ehci-pci: EHCI PCI platform driver
[    1.854843] ehci-platform: EHCI generic platform driver
[    1.860458] ehci-platform ee0a0100.usb: EHCI Host Controller
[    1.866140] ehci-platform ee0a0100.usb: new USB bus registered, assigned bus number 1
[    1.874060] ehci-platform ee0a0100.usb: irq 175, io mem 0xee0a0100
[    1.894042] ehci-platform ee0a0100.usb: USB 2.0 started, EHCI 1.10
[    1.900561] hub 1-0:1.0: USB hub found
[    1.904331] hub 1-0:1.0: 1 port detected
[    1.908731] ehci-platform ee0c0100.usb: EHCI Host Controller
[    1.914404] ehci-platform ee0c0100.usb: new USB bus registered, assigned bus number 2
[    1.922290] ehci-platform ee0c0100.usb: irq 176, io mem 0xee0c0100
[    1.942039] ehci-platform ee0c0100.usb: USB 2.0 started, EHCI 1.10
[    1.948584] hub 2-0:1.0: USB hub found
[    1.952355] hub 2-0:1.0: 1 port detected
[    1.982044] ehci-platform ee0e0100.usb: EHCI Host Controller
[    1.987725] ehci-platform ee0e0100.usb: new USB bus registered, assigned bus number 3
[    1.995641] ehci-platform ee0e0100.usb: irq 177, io mem 0xee0e0100
[    2.014039] ehci-platform ee0e0100.usb: USB 2.0 started, EHCI 1.10
[    2.020493] hub 3-0:1.0: USB hub found
[    2.024260] hub 3-0:1.0: 1 port detected
[    2.028639] ehci-orion: EHCI orion driver
[    2.032924] ehci-exynos: EHCI Exynos driver
[    2.037225] ohci_hcd: USB 1.1 'Open' Host Controller (OHCI) Driver
[    2.043440] ohci-pci: OHCI PCI platform driver
[    2.047927] ohci-platform: OHCI generic platform driver
[    2.053467] ohci-platform ee0a0000.usb: Generic Platform OHCI controller
[    2.060186] ohci-platform ee0a0000.usb: new USB bus registered, assigned bus number 4
[    2.068064] ohci-platform ee0a0000.usb: irq 175, io mem 0xee0a0000
[    2.150047] ata1: link resume succeeded after 1 retries
[    2.164321] hub 4-0:1.0: USB hub found
[    2.168091] hub 4-0:1.0: 1 port detected
[    2.172419] ohci-platform ee0c0000.usb: Generic Platform OHCI controller
[    2.179134] ohci-platform ee0c0000.usb: new USB bus registered, assigned bus number 5
[    2.187008] ohci-platform ee0c0000.usb: irq 176, io mem 0xee0c0000
[    2.261559] ata1: SATA link down (SStatus 0 SControl 300)
[    2.280297] hub 5-0:1.0: USB hub found
[    2.284065] hub 5-0:1.0: 1 port detected
[    2.288382] ohci-platform ee0e0000.usb: Generic Platform OHCI controller
[    2.295098] ohci-platform ee0e0000.usb: new USB bus registered, assigned bus number 6
[    2.302966] ohci-platform ee0e0000.usb: irq 177, io mem 0xee0e0000
[    2.396328] hub 6-0:1.0: USB hub found
[    2.400094] hub 6-0:1.0: 1 port detected
[    2.404427] ohci-exynos: OHCI Exynos driver
[    2.409262] xhci-hcd ee000000.usb: xHCI Host Controller
[    2.414503] xhci-hcd ee000000.usb: new USB bus registered, assigned bus number 7
[    2.437761] xhci-hcd ee000000.usb: hcc params 0x014051ce hci version 0x100 quirks 0x0000000000830410
[    2.446931] xhci-hcd ee000000.usb: irq 172, io mem 0xee000000
[    2.452791] xhci-hcd ee000000.usb: xHCI Host Controller
[    2.458028] xhci-hcd ee000000.usb: new USB bus registered, assigned bus number 8
[    2.465431] xhci-hcd ee000000.usb: Host supports USB 3.0 SuperSpeed
[    2.472000] hub 7-0:1.0: USB hub found
[    2.475770] hub 7-0:1.0: 1 port detected
[    2.479870] usb usb8: We don't know the algorithms for LPM for this host, disabling LPM.
[    2.488232] hub 8-0:1.0: USB hub found
[    2.492008] hub 8-0:1.0: 1 port detected
[    2.496807] usbcore: registered new interface driver usb-storage
[    2.504492] renesas_usbhs e6590000.usb: host probed
[    2.509383] renesas_usbhs e6590000.usb: no transceiver found
[    2.515109] renesas_usbhs e6590000.usb: gadget probed
[    2.520325] renesas_usbhs e6590000.usb: probed
[    2.525218] renesas_usbhs e659c000.usb: host probed
[    2.530109] renesas_usbhs e659c000.usb: no transceiver found
[    2.535825] renesas_usbhs e659c000.usb: gadget probed
[    2.541018] renesas_usbhs e659c000.usb: probed
[    2.547932] i2c /dev entries driver
[    2.562493] cs2000-cp 2-004f: revision - C1
[    2.566736] i2c-rcar e6510000.i2c: probed
[    2.571566] pca953x 4-0020: supply vcc not found, using dummy regulator
[    2.578265] pca953x 4-0020: using no AI
[    2.582913] gpio-355 (PCIE/SATA switch): hogged as output/low
[    2.595197] i2c-rcar e66d8000.i2c: probed
[    2.600501] adv748x 4-0070: Endpoint /soc/i2c@e66d8000/video-receiver@70/port@7/endpoint on port 7
[    2.609482] adv748x 4-0070: Endpoint /soc/i2c@e66d8000/video-receiver@70/port@8/endpoint on port 8
[    2.618454] adv748x 4-0070: Endpoint /soc/i2c@e66d8000/video-receiver@70/port@a/endpoint on port 10
[    2.627518] adv748x 4-0070: Endpoint /soc/i2c@e66d8000/video-receiver@70/port@b/endpoint on port 11
[    2.636922] adv748x 4-0070: chip found @ 0xe0 revision 2143
[    2.690492] rcar-csi2 fea80000.csi2: 1 lanes found
[    2.695630] rcar-csi2 feaa0000.csi2: 4 lanes found
[    2.705215] rcar-vin e6ef0000.video: Device registered as video0
[    2.711294] rcar-vin e6ef1000.video: Device registered as video1
[    2.717362] rcar-vin e6ef2000.video: Device registered as video2
[    2.723435] rcar-vin e6ef3000.video: Device registered as video3
[    2.729507] rcar-vin e6ef4000.video: Device registered as video4
[    2.735582] rcar-vin e6ef5000.video: Device registered as video5
[    2.741665] rcar-vin e6ef6000.video: Device registered as video6
[    2.747759] rcar-vin e6ef7000.video: Device registered as video7
[    2.756494] rcar_gen3_thermal e6198000.thermal: is using pseudo fixed FUSE values
[    2.768681] rcar_gen3_thermal e6198000.thermal: TSC0: Loaded 1 trip points
[    2.780023] rcar_gen3_thermal e6198000.thermal: TSC1: Loaded 1 trip points
[    2.791195] rcar_gen3_thermal e6198000.thermal: TSC2: Loaded 3 trip points
[    2.803275] sdhci: Secure Digital Host Controller Interface driver
[    2.809470] sdhci: Copyright(c) Pierre Ossman
[    2.814686] Synopsys Designware Multimedia Card Interface Driver
[    2.814859] renesas_sdhi_internal_dmac ee140000.mmc: Adding to iommu group 0
[    2.814993] renesas_sdhi_internal_dmac ee100000.mmc: Got CD GPIO
[    2.815011] renesas_sdhi_internal_dmac ee100000.mmc: Got WP GPIO
[    2.815236] renesas_sdhi_internal_dmac ee160000.mmc: Got CD GPIO
[    2.815264] renesas_sdhi_internal_dmac ee160000.mmc: Got WP GPIO
[    2.822065] sdhci-pltfm: SDHCI platform and OF driver helper
[    2.827774] renesas_sdhi_internal_dmac ee140000.mmc: Using IPMMU context 1
[    2.864733] ledtrig-cpu: registered to indicate activity on CPUs
[    2.871770] SMCCC: SOC_ID: ARCH_SOC_ID not implemented, skipping ....
[    2.878808] usbcore: registered new interface driver usbhid
[    2.884384] usbhid: USB HID core driver
[    2.892021] optee: probing for conduit method.
[    2.896490] optee: revision 3.22 (314ecf9d)
[    2.896664] optee driver R-Car Rev.1.0.11
[    2.905184] optee: dynamic shared memory is enabled
[    2.910332] optee: initialized driver
[    2.913224] renesas_sdhi_internal_dmac ee140000.mmc: mmc0 base at 0x00000000ee140000, max clock rate 200 MHz
[    2.924799] rcar_sound ec500000.sound: probed
[    2.929869] NET: Registered protocol family 17
[    2.934430] 9pnet: Installing 9P2000 support
[    2.938753] Key type dns_resolver registered
[    2.943278] registered taskstats version 1
[    2.947388] Loading compiled-in X.509 certificates
[    2.962092] thermal emergency: set temperature to 110 celsius
[    2.968048] thermal emergency: shutdown target cpus 1-7
[    2.973276] thermal emergency: freq scaled target cpus 0
[    2.978932] renesas_irqc e61c0000.interrupt-controller: driving 6 irqs
[    2.996057] mmc0: new HS400 MMC card at address 0001
[    3.001675] mmcblk0: mmc0:0001 BGSD3R 29.1 GiB 
[    3.006698] mmcblk0boot0: mmc0:0001 BGSD3R partition 1 16.0 MiB
[    3.013008] mmcblk0boot1: mmc0:0001 BGSD3R partition 2 16.0 MiB
[    3.019085] mmcblk0rpmb: mmc0:0001 BGSD3R partition 3 4.00 MiB, chardev (509:0)
[    3.028133]  mmcblk0: p1
[    3.034067] ehci-platform ee080100.usb: EHCI Host Controller
[    3.039759] ehci-platform ee080100.usb: new USB bus registered, assigned bus number 9
[    3.047675] ehci-platform ee080100.usb: irq 174, io mem 0xee080100
[    3.066133] ehci-platform ee080100.usb: USB 2.0 started, EHCI 1.10
[    3.072835] hub 9-0:1.0: USB hub found
[    3.076608] hub 9-0:1.0: 1 port detected
[    3.082110] ohci-platform ee080000.usb: Generic Platform OHCI controller
[    3.088837] ohci-platform ee080000.usb: new USB bus registered, assigned bus number 10
[    3.096815] ohci-platform ee080000.usb: irq 174, io mem 0xee080000
[    3.192536] hub 10-0:1.0: USB hub found
[    3.196396] hub 10-0:1.0: 1 port detected
[    3.201720] cpu cpu0: EM: created perf domain
[    3.206614] cpu cpu4: EM: created perf domain
[    3.216076] renesas_sdhi_internal_dmac ee100000.mmc: Got CD GPIO
[    3.217431] renesas_sdhi_internal_dmac ee160000.mmc: Got CD GPIO
[    3.219640] [drm] Initialized rcar-du 1.0.0 20130110 for feb00000.display on minor 0
[    3.219643] [drm] Device feb00000.display probed
[    3.222169] renesas_sdhi_internal_dmac ee100000.mmc: Got WP GPIO
[    3.228188] renesas_sdhi_internal_dmac ee160000.mmc: Got WP GPIO
[    3.285136] renesas_sdhi_internal_dmac ee100000.mmc: mmc1 base at 0x00000000ee100000, max clock rate 200 MHz
[    3.292173] Console: switching to colour frame buffer device 128x48
[    3.300571] renesas_sdhi_internal_dmac ee160000.mmc: mmc2 base at 0x00000000ee160000, max clock rate 200 MHz
[    3.333210] rcar-du feb00000.display: [drm] fb0: rcar-dudrmfb frame buffer device
[    3.346069] input: keys as /devices/platform/keys/input/input0
[    3.425199] Micrel KSZ9031 Gigabit PHY e6800000.ethernet-ffffffff:00: attached PHY driver [Micrel KSZ9031 Gigabit PHY] (mii_bus:phy_addr=e6800000.ethernet-ffffffff:00, irq=183)
[    3.750223] usb 9-1: new high-speed USB device number 2 using ehci-platform
[    3.912661] usb-storage 9-1:1.0: USB Mass Storage device detected
[    3.919664] scsi host1: usb-storage 9-1:1.0
[    4.927849] scsi 1:0:0:0: Direct-Access     SanDisk  Ultra            1.00 PQ: 0 ANSI: 6
[    4.937559] sd 1:0:0:0: [sda] 121307136 512-byte logical blocks: (62.1 GB/57.8 GiB)
[    4.946794] sd 1:0:0:0: [sda] Write Protect is off
[    4.952839] sd 1:0:0:0: [sda] Write cache: disabled, read cache: enabled, doesn't support DPO or FUA
[    4.973552]  sda: sda1
[    4.980061] sd 1:0:0:0: [sda] Attached SCSI removable disk
[   10.212370] ravb e6800000.ethernet eth0: Link is Up - 1Gbps/Full - flow control off
[   10.234062] IP-Config: Guessing netmask 255.255.255.0
[   10.239224] IP-Config: Complete:
[   10.246312]      device=eth0, hwaddr=2e:09:0a:02:ec:37, ipaddr=192.168.10.167, mask=255.255.255.0, gw=255.255.255.255
[   10.260980]      host=192.168.10.167, domain=, nis-domain=(none)
[   10.271040]      bootserver=255.255.255.255, rootserver=192.168.10.99, rootpath=
[   10.271671] ALSA device list:
[   10.289322]   No soundcards found.
[   11.356151] VFS: Mounted root (nfs4 filesystem) on device 0:22.
[   11.367138] devtmpfs: mounted
[   11.375439] Freeing unused kernel memory: 6144K
[   11.406128] Run /sbin/init as init process
[   11.578802] systemd[1]: System time before build time, advancing clock.
[   12.013591] NET: Registered protocol family 10
[   12.022622] Segment Routing with IPv6
[   12.054835] systemd[1]: systemd 244 running in system mode. (+PAM -AUDIT -SELINUX +IMA -APPARMOR -SMACK +SYSVINIT +UTMP -LIBCRYPTSETUP -GCRYPT -GNUTLS +ACL +XZ -LZ4 -SECCOMP +BLKID -ELFUTILS +KMOD -IDN2 -IDN -PCRE2 default-hierarchy=hybrid)
[   12.083656] systemd[1]: Detected architecture arm64.

Welcome to [1mPoky (Yocto Project Reference Distro) 3.1.11 (dunfell)[0m!

[   12.120480] systemd[1]: Set hostname to <salvator-x>.
[   12.214120] random: crng init done
[   12.864416] systemd[1]: system-getty.slice: unit configures an IP firewall, but the local system does not support BPF/cgroup firewalling.
[   12.886132] systemd[1]: (This warning is only shown for the first unit using IP firewalling.)
[   12.901390] systemd[1]: Created slice system-getty.slice.
[[0;32m  OK  [0m] Created slice [0;1;39msystem-getty.slice[0m.
[   12.931184] systemd[1]: Created slice system-serial\x2dgetty.slice.
[[0;32m  OK  [0m] Created slice [0;1;39msystem-serial\x2dgetty.slice[0m.
[   12.955278] systemd[1]: Created slice User and Session Slice.
[[0;32m  OK  [0m] Created slice [0;1;39mUser and Session Slice[0m.
[   12.978504] systemd[1]: Started Dispatch Password Requests to Console Directory Watch.
[[0;32m  OK  [0m] Started [0;1;39mDispatch Password â€¦ts to Console Directory Watch[0m.
[   13.006442] systemd[1]: Started Forward Password Requests to Wall Directory Watch.
[[0;32m  OK  [0m] Started [0;1;39mForward Password Râ€¦uests to Wall Directory Watch[0m.
[   13.034346] systemd[1]: Reached target Paths.
[[0;32m  OK  [0m] Reached target [0;1;39mPaths[0m.
[   13.058242] systemd[1]: Reached target Remote File Systems.
[[0;32m  OK  [0m] Reached target [0;1;39mRemote File Systems[0m.
[   13.082230] systemd[1]: Reached target Slices.
[[0;32m  OK  [0m] Reached target [0;1;39mSlices[0m.
[   13.106210] systemd[1]: Reached target Swap.
[[0;32m  OK  [0m] Reached target [0;1;39mSwap[0m.
[   13.133419] systemd[1]: Listening on RPCbind Server Activation Socket.
[[0;32m  OK  [0m] Listening on [0;1;39mRPCbind Server Activation Socket[0m.
[   13.162264] systemd[1]: Reached target RPC Port Mapper.
[[0;32m  OK  [0m] Reached target [0;1;39mRPC Port Mapper[0m.
[   13.186572] systemd[1]: Listening on initctl Compatibility Named Pipe.
[[0;32m  OK  [0m] Listening on [0;1;39minitctl Compatibility Named Pipe[0m.
[   13.216386] systemd[1]: Listening on Journal Audit Socket.
[[0;32m  OK  [0m] Listening on [0;1;39mJournal Audit Socket[0m.
[   13.244052] systemd[1]: Listening on Journal Socket (/dev/log).
[[0;32m  OK  [0m] Listening on [0;1;39mJournal Socket (/dev/log)[0m.
[   13.270910] systemd[1]: Listening on Journal Socket.
[[0;32m  OK  [0m] Listening on [0;1;39mJournal Socket[0m.
[   13.296223] systemd[1]: Listening on Network Service Netlink Socket.
[[0;32m  OK  [0m] Listening on [0;1;39mNetwork Service Netlink Socket[0m.
[   13.324617] systemd[1]: Listening on udev Control Socket.
[[0;32m  OK  [0m] Listening on [0;1;39mudev Control Socket[0m.
[   13.350718] systemd[1]: Listening on udev Kernel Socket.
[[0;32m  OK  [0m] Listening on [0;1;39mudev Kernel Socket[0m.
[   13.379546] systemd[1]: Mounting Huge Pages File System...
         Mounting [0;1;39mHuge Pages File System[0m...
[   13.407476] systemd[1]: Mounting POSIX Message Queue File System...
         Mounting [0;1;39mPOSIX Message Queue File System[0m...
[   13.439296] systemd[1]: Mounting Kernel Debug File System...
         Mounting [0;1;39mKernel Debug File System[0m...
[   13.470831] systemd[1]: Mounting Temporary Directory (/tmp)...
         Mounting [0;1;39mTemporary Directory (/tmp)[0m...
[   13.500434] systemd[1]: Starting Create list of static device nodes for the current kernel...
         Starting [0;1;39mCreate list of stâ€¦odes for the current kernel[0m...
[   13.535059] systemd[1]: Starting Start psplash boot splash screen...
         Starting [0;1;39mStart psplash boot splash screen[0m...
[   13.568939] systemd[1]: Starting RPC Bind...
         Starting [0;1;39mRPC Bind[0m...
[   13.590906] systemd[1]: Condition check resulted in File System Check on Root Device being skipped.
[   13.606701] systemd[1]: Starting Journal Service...
         Starting [0;1;39mJournal Service[0m...
[   13.637995] systemd[1]: Starting Load Kernel Modules...
         Starting [0;1;39mLoad Kernel Modules[0m...
[   13.663051] systemd[1]: Starting Remount Root and Kernel File Systems...
         Starting [0;1;39mRemount Root and Kernel File Systems[0m...
[   13.690732] systemd[1]: Starting udev Coldplug all Devices...
         Starting [0;1;39mudev Coldplug all Devices[0m...
[   13.715483] systemd[1]: Started Start psplash boot splash screen.
[[0;32m  OK  [0m] Started [0;1;39mStart psplash boot splash screen[0m.
[   13.738509] systemd[1]: Started RPC Bind.
[[0;32m  OK  [0m] Started [0;1;39mRPC Bind[0m.
[   13.762539] systemd[1]: Started Journal Service.
[[0;32m  OK  [0m] Started [0;1;39mJournal Service[0m.
[[0;32m  OK  [0m] Mounted [0;1;39mHuge Pages File System[0m.
[[0;32m  OK  [0m] Mounted [0;1;39mPOSIX Message Queue File System[0m.
[[0;32m  OK  [0m] Mounted [0;1;39mKernel Debug File System[0m.
[[0;32m  OK  [0m] Mounted [0;1;39mTemporary Directory (/tmp)[0m.
[[0;32m  OK  [0m] Started [0;1;39mCreate list of staâ€¦ nodes for the current kernel[0m.
[[0;32m  OK  [0m] Started [0;1;39mLoad Kernel Modules[0m.
[[0;32m  OK  [0m] Started [0;1;39mRemount Root and Kernel File Systems[0m.
         Mounting [0;1;39mKernel Configuration File System[0m...
[[0;32m  OK  [0m] Started [0;1;39mStart psplash-systâ€¦progress communication helper[0m.
         Starting [0;1;39mFlush Journal to Persistent Storage[0m...
         Starting [0;1;39mApply Kernel Variables[0m...
[   14.010553] systemd-journald[356]: Received client request to flush runtime journal.
         Starting [0;1;39mCreate Static Device Nodes in /dev[0m...
[[0;32m  OK  [0m] Mounted [0;1;39mKernel Configuration File System[0m.
[[0;32m  OK  [0m] Started [0;1;39mFlush Journal to Persistent Storage[0m.
[[0;32m  OK  [0m] Started [0;1;39mApply Kernel Variables[0m.
[[0;32m  OK  [0m] Started [0;1;39mCreate Static Device Nodes in /dev[0m.
[[0;32m  OK  [0m] Reached target [0;1;39mLocal File Systems (Pre)[0m.
         Mounting [0;1;39m/var/volatile[0m...
         Starting [0;1;39mudev Kernel Device Manager[0m...
[[0;32m  OK  [0m] Started [0;1;39mudev Coldplug all Devices[0m.
[[0;32m  OK  [0m] Mounted [0;1;39m/var/volatile[0m.
         Starting [0;1;39mLoad/Save Random Seed[0m...
[[0;32m  OK  [0m] Reached target [0;1;39mLocal File Systems[0m.
         Starting [0;1;39mCreate Volatile Files and Directories[0m...
[[0;32m  OK  [0m] Started [0;1;39mudev Kernel Device Manager[0m.
[[0;32m  OK  [0m] Started [0;1;39mLoad/Save Random Seed[0m.
         Starting [0;1;39mNetwork Service[0m...
[[0;32m  OK  [0m] Started [0;1;39mCreate Volatile Files and Directories[0m.
[[0;32m  OK  [0m] Started [0;1;39mNetwork Service[0m.
         Starting [0;1;39mNetwork Name Resolution[0m...
         Starting [0;1;39mNetwork Time Synchronization[0m...
         Starting [0;1;39mUpdate UTMP about System Boot/Shutdown[0m...
[   14.547307] pwm-backlight: probe of backlight failed with error -16
[[0;32m  OK  [0m] Started [0;1;39mUpdate UTMP about System Boot/Shutdown[0m.
[[0;32m  OK  [0m] Reached target [0;1;39mHardware activated USB gadget[0m.
[   14.621172] at24 7-0050: supply vcc not found, using dummy regulator
[   14.631106] at24 7-0050: 128 byte br24t01 EEPROM, writable, 8 bytes/write
[[0;32m  OK  [0m] Started [0;1;39mNetwork Time Synchronization[0m.
[[0;32m  OK  [0m] Started [0;1;39mNetwork Name Resolution[0m.
[   14.746920] renesas_usb3 ee020000.usb: probed with phy
[[0;32m  OK  [0m] Reached target [0;1;39mNetwork[0m.
[[0;32m  OK  [0m] Reached target [0;1;39mHost and Net[   14.782353] ccree e6601000.crypto: ARM CryptoCell 630P Driver: HW version 0xAF400001/0xDCC63000, Driver version 5.0
work Name Lookups[0m.
[[0;32m  OK  [0m] Reached targ[   14.811949] ccree e6601000.crypto: ARM ccree device initialized
et [0;1;39mSystem Initialization[0m.
[[0;32m  OK  [0m] Started [0;1;39mDaily Cleanup of Temporary Directories[0m.
[[0;32m  OK  [0m] Reached target [0;1;39mSystem Time Set[0m.
[[0;32m  OK  [0m] Reached target [0;1;39mSystem Time Synchronized[0m.
[[0;32m  OK  [0m] Reached target [0;1;39mTimers[0m.
[[0;32m  OK  [0m] Listening on [0;1;39mAvahi mDNS/DNS-SD Stack Activation Socket[0m.
[[0;32m  OK  [0m] Listening on [0;1;39mD-Bus System Message Bus Socket[0m.
[[0;32m  OK  [0m] Listening on [0;1;39mdropbear.socket[0m.
[[0;32m  OK  [0m] Reached target [0;1;39mSockets[0m.
[[0;32m  OK  [0m] Reached target [0;1;39mBasic System[0m.
         Starting [0;1;39mAvahi mDNS/DNS-SD Stack[0m...
[[0;32m  OK  [0m] Started [0;1;39mD-Bus System Message Bus[0m.
[[0;32m  OK  [0m] Started [0;1;39moptee services[0m.
         Starting [0;1;39mpvrinit.service[0m...
         Starting [0;1;39mPowerVR consumer services[0m...
         Starting [0;1;39mLogin Service[0m...
         Starting [0;1;39mPermit User Sessions[0m...
[[0;32m  OK  [0m] Started [0;1;39mXinetd A Powerful Replacement For Inetd[0m.
[[0;1;31mFAILED[0m] Failed to start [0;1;39mpvrinit.service[0m.
See 'systemctl status pvrinit.service' for details.
[[0;1;31mFAILED[0m] Failed to start [0;1;39mPowerVR consumer services[0m.
See 'systemctl status rc.pvr.service' for details.
[[0;32m  OK  [0m] Started [0;1;39mPermit User Sessions[0m.
[[0;32m  OK  [0m] Started [0;1;39mAvahi mDNS/DNS-SD Stack[0m.
[[0;32m  OK  [0m] Started [0;1;39mLogin Service[0m.
[[0;32m  OK  [0m] Created slice [0;1;39msystem-weston.slice[0m.
[[0;32m  OK  [0m] Started [0;1;39mGetty on tty1[0m.
         Starting [0;1;39mPowerVR consumer services[0m...
[[0;32m  OK  [0m] Started [0;1;39mSerial Getty on ttySC0[0m.
[[0;32m  OK  [0m] Reached target [0;1;39mLogin Prompts[0m.
         Starting [0;1;39mset_default_governor.service[0m...
[[0;1;31mFAILED[0m] Failed to start [0;1;39mPowerVR consumer services[0m.
See 'systemctl status rc.pvr.service' for details.
[[0;1;38;5;185mDEPEND[0m] Dependency failed for [0;1;39mWeston Wayland Compositor[0m.
[   15.610521] rd 0-7: Disabling EAS, schedutil is mandatory
[[0;32m  OK  [0m] Started [0;1;39mset_default_governor.service[0m.
[[0;32m  OK  [0m] Reached target [0;1;39mMulti-User System[0m.
         Starting [0;1;39mUpdate UTMP about System Runlevel Changes[0m...
[[0;32m  OK  [0m] Started [0;1;39mUpdate UTMP about System Runlevel Changes[0m.

Poky (Yocto Project Reference Distro) 3.1.11 salvator-x ttySC0

salvator-x login: 
salvator-x login: root
[   17.586820] audit: type=1006 audit(1703064538.004:2): pid=535 uid=0 old-auid=4294967295 auid=0 tty=(none) old-ses=4294967295 ses=1 res=1
7[r[999;999H[6n8root@salvator-x:~# 
root@salvator-x:~# 
root@salvator-x:~# 
root@salvator-x:~# 
root@salvator-x:~# 
root@salvator-x:~# 
root@salvator-x:~# 
root@salvator-x:~# 
root@salvator-x:~# 
----------Prepare----------


root@salvator-x:~# find /sys/devices/platform/soc/ee080100.usb/ -name 'sd*'
/sys/devices/platform/soc/ee080100.usb/usb9/9-1/9-1:1.0/host1/target1:0:0/1:0:0:0/block/sda
/sys/devices/platform/soc/ee080100.usb/usb9/9-1/9-1:1.0/host1/target1:0:0/1:0:0:0/block/sda/sda1
root@salvator-x:~# 
root@salvator-x:~# dd if=/dev/urandom of=testdata bs=10M count=5
5+0 records in
5+0 records out
52428800 bytes (52 MB, 50 MiB) copied, 1.5 s, 35.0 MB/s
root@salvator-x:~# 
root@salvator-x:~# mkdir -p /mnt/usb
root@salvator-x:~# 
root@salvator-x:~# mount /dev/sda1 /mnt/usb
[   29.968954] EXT4-fs (sda1): mounted filesystem with ordered data mode. Opts: (null)
root@salvator-x:~# 
root@salvator-x:~# cp testdata /mnt/usb/
root@salvator-x:~# 
root@salvator-x:~# umount /mnt/usb
root@salvator-x:~# 
root@salvator-x:~# find /sys/devices/platform/soc/ee080100.usb/ -name 'sd*'
/sys/devices/platform/soc/ee080100.usb/usb9/9-1/9-1:1.0/host1/target1:0:0/1:0:0:0/block/sda
/sys/devices/platform/soc/ee080100.usb/usb9/9-1/9-1:1.0/host1/target1:0:0/1:0:0:0/block/sda/sda1
root@salvator-x:~# 
root@salvator-x:~# i2cset -f -y 7 0x30 0x20 0x0f
root@salvator-x:~# 

Switch SW23 off and input 'yes' to continue:
[   41.950183] SDHI0 VccQ: disabling
[   41.953578] SDHI3 VccQ: disabling
Input 'yes' to continue: 

root@salvator-x:~# echo N > /sys/module/printk/parameters/console_suspend
root@salvator-x:~# 
root@salvator-x:~# mount /dev/sda1 /mnt/usb
[   46.519784] EXT4-fs (sda1): mounted filesystem with ordered data mode. Opts: (null)
root@salvator-x:~# 
root@salvator-x:~# cp /mnt/usb/testdata testdata_from_usb &
[1] 560
root@salvator-x:~# 
root@salvator-x:~# echo mem > /sys/power/state
[   47.896146] PM: suspend entry (deep)
[   48.400794] Filesystems sync: 0.500 seconds
[   48.407330] Freezing user space processes ... (elapsed 0.015 seconds) done.
[   48.422609] OOM killer disabled.
[   48.422612] Freezing remaining freezable tasks ... (elapsed 0.002 seconds) done.
[   48.839282] ravb e6800000.ethernet eth0: Link is Down
[   48.854852] Disabling non-boot CPUs ...
[   48.859281] CPU1: shutdown
[   48.861992] psci: CPU1 killed (polled 0 ms)
[   48.867746] CPU2: shutdown
[   48.870475] psci: CPU2 killed (polled 0 ms)
[   48.876094] CPU3: shutdown
[   48.878831] psci: CPU3 killed (polled 0 ms)
[   48.884555] CPU4: shutdown
[   48.887280] psci: CPU4 killed (polled 0 ms)
[   48.892795] CPU5: shutdown
[   48.895520] psci: CPU5 killed (polled 0 ms)
[   48.901023] CPU6: shutdown
[   48.903764] psci: CPU6 killed (polled 0 ms)
[   48.909334] CPU7: shutdown
[   48.912142] psci: CPU7 killed (polled 0 ms)
 
Pull out USB device at CN9


Press any button to continue


 Switch power switch: 

NOTICE:  BL2: R-Car Gen3 Initial Program Loader(CA57) Rev.4.0.0
NOTICE:  BL2: PRR is R-Car H3 Ver.3.0
NOTICE:  BL2: Board is Salvator-XS Rev.1.0
NOTICE:  BL2: Boot device is HyperFlash(160MHz)
NOTICE:  BL2: LCM state is CM
NOTICE:  AVS setting succeeded. DVFS_SetVID=0x53
NOTICE:  BL2: DDR3200(rev.0.42)
NOTICE:  BL2: [WARM_BOOT]
NOTICE:  BL2: DRAM Split is 4ch(DDR f)
NOTICE:  BL2: QoS is default setting(rev.0.11)
NOTICE:  BL2: DRAM refresh interval 1.95 usec
NOTICE:  BL2: Periodic Write DQ Training
NOTICE:  BL2: CH0: 400000000 - 47fffffff, 2 GiB
NOTICE:  BL2: CH1: 500000000 - 57fffffff, 2 GiB
NOTICE:  BL2: CH2: 600000000 - 67fffffff, 2 GiB
NOTICE:  BL2: CH3: 700000000 - 77fffffff, 2 GiB
NOTICE:  BL2: Lossy Decomp areas
NOTICE:       Entry 0: DCMPAREACRAx:0x80000540 DCMPAREACRBx:0x570
NOTICE:       Entry 1: DCMPAREACRAx:0x40000000 DCMPAREACRBx:0x0
NOTICE:       Entry 2: DCMPAREACRAx:0x20000000 DCMPAREACRBx:0x0
NOTICE:  BL2: FDT at 0xe6327f70
NOTICE:  BL2: v2.9(release):9cdb21f75
NOTICE:  BL2: Built : 05:25:39, Dec 19 2023
NOTICE:  BL2: Normal boot
[   48.917305] Enabling non-boot CPUs ...
[   48.921342] Detected PIPT I-cache on CPU1
[   48.921397] CPU1: Booted secondary processor 0x0000000001 [0x411fd073]
[   48.921863] CPU1 is up
[   48.934908] Detected PIPT I-cache on CPU2
[   48.934931] CPU2: Booted secondary processor 0x0000000002 [0x411fd073]
[   48.935190] CPU2 is up
[   48.948214] Detected PIPT I-cache on CPU3
[   48.948237] CPU3: Booted secondary processor 0x0000000003 [0x411fd073]
[   48.948509] CPU3 is up
[   48.961570] Detected VIPT I-cache on CPU4
[   48.961622] CPU4: Booted secondary processor 0x0000000100 [0x410fd034]
[   48.962541] CPU4 is up
[   48.975551] Detected VIPT I-cache on CPU5
[   48.975585] CPU5: Booted secondary processor 0x0000000101 [0x410fd034]
[   48.976160] CPU5 is up
[   48.989164] Detected VIPT I-cache on CPU6
[   48.989195] CPU6: Booted secondary processor 0x0000000102 [0x410fd034]
[   48.989880] CPU6 is up
[   49.002890] Detected VIPT I-cache on CPU7
[   49.002922] CPU7: Booted secondary processor 0x0000000103 [0x410fd034]
[   49.003570] CPU7 is up
[   49.075490] xhci-hcd ee000000.usb: xHC error in resume, USBSTS 0x401, Reinit
[   49.082555] usb usb7: root hub lost power or was reset
[   49.087680] usb usb8: root hub lost power or was reset
[   49.145086] Micrel KSZ9031 Gigabit PHY e6800000.ethernet-ffffffff:00: attached PHY driver [Micrel KSZ9031 Gigabit PHY] (mii_bus:phy_addr=e6800000.ethernet-ffffffff:00, irq=183)
[   49.260110] usb usb4: root hub lost power or was reset
[   49.265406] usb usb1: root hub lost power or was reset
[   49.352026] usb usb5: root hub lost power or was reset
[   49.357296] usb usb2: root hub lost power or was reset
[   49.444097] usb usb6: root hub lost power or was reset
[   49.449369] usb usb3: root hub lost power or was reset
[   49.568095] usb usb10: root hub lost power or was reset
[   49.573364] usb usb9: root hub lost power or was reset
[   49.582092] ata1: link resume succeeded after 1 retries
[   49.693539] ata1: SATA link down (SStatus 0 SControl 300)
[   52.470234] OOM killer enabled.
[   52.475736] Restarting tasks ... 
[   52.475957] usb 9-1: USB disconnect, device number 2
[   52.476650] done.
[   52.486028] blk_update_request: I/O error, dev sda, sector 37796096 op 0x1:(WRITE) flags 0x4000 phys_seg 30 prio class 0
[   52.501495] blk_update_request: I/O error, dev sda, sector 37796336 op 0x1:(WRITE) flags 0x4000 phys_seg 30 prio class 0
[   52.501548] blk_update_request: I/O error, dev sda, sector 37796576 op 0x1:(WRITE) flags 0x4000 phys_seg 30 prio class 0
[   52.501574] blk_update_request: I/O error, dev sda, sector 37796816 op 0x1:(WRITE) flags 0x4000 phys_seg 30 prio class 0
[   52.501591] blk_update_request: I/O error, dev sda, sector 37797056 op 0x1:(WRITE) flags 0x4000 phys_seg 30 prio class 0
cp: error reading '/mnt/usb/testdata': Input/output error
[   52.554485] blk_update_request: I/O error, dev sda, sector 37797296 op 0x1:(WRITE) flags 0x4000 phys_seg 30 prio class 0
[   52.554514] blk_update_request: I/O error, dev sda, sector 37797536 op 0x1:(WRITE) flags 0x4000 phys_seg 30 prio class 0
[   52.554522] blk_update_request: I/O error, dev sda, sector 37797776 op 0x1:(WRITE) flags 0x4000 phys_seg 30 prio class 0
[   52.554610] blk_update_request: I/O error, dev sda, sector 771584 op 0x0:(READ) flags 0x84700 phys_seg 3 prio class 0
[   52.554627] blk_update_request: I/O error, dev sda, sector 37798016 op 0x1:(WRITE) flags 0x0 phys_seg 16 prio class 0
[   52.554970] Aborting journal on device sda1-8.
[   52.554994] Buffer I/O error on dev sda1, logical block 7372800, lost sync page write
[   52.555005] JBD2: Error -5 detected when updating journal superblock for sda1-8.
[   52.574082] PM: suspend exit
root@salvator-x:~# [   58.674110] ravb e6800000.ethernet eth0: Link is Up - 1Gbps/Full - flow control off

[1]+  Done(1)                 cp /mnt/usb/testdata testdata_from_usb
root@salvator-x:~# echo "Wake up sucessfully"
Wake up sucessfully
root@salvator-x:~# 
root@salvator-x:~# wait
root@salvator-x:~# 
root@salvator-x:~# sync
root@salvator-x:~# 
root@salvator-x:~# cmp testdata testdata_from_usb
cmp: EOF on testdata_from_usb
root@salvator-x:~# 
root@salvator-x:~# umount /mnt/usb
root@salvator-x:~# 
 
#### Result: OK ####
