

----------Item 6----------


Pull out USB device at CN10H


Press any button to continue

[   79.599272] usb 2-1: USB disconnect, device number 2
[   79.604281] usb 2-1.4: USB disconnect, device number 3
[   79.953744] usb 2-1: new high-speed USB device number 4 using ehci-platform
[   80.115141] hub 2-1:1.0: USB hub found
[   80.118957] hub 2-1:1.0: 4 ports detected
[   80.509840] usb 2-1.4: new high-speed USB device number 5 using ehci-platform
[   80.612369] usb 2-1: USB disconnect, device number 4
[   81.117831] usb 2-1.4: device not accepting address 5, error -71
[   81.123883] usb 2-1-port4: attempt power cycle

Please press switch to restart board 

[F 00:00:120
[F 00:00:119
[F 00:00:118
NOTICE:  BL2: R-Car Gen3 Initial Program Loader(CA57) Rev.4.0.0
NOTICE:  BL2: PRR is R-Car H3 Ver.3.0
NOTICE:  BL2: Board is Salvator-XS Rev.1.0
NOTICE:  BL2: Boot device is HyperFlash(160MHz)
NOTICE:  BL2: LCM state is CM
NOTICE:  AVS setting succeeded. DVFS_SetVID=0x53
NOTICE:  BL2: DDR3200(rev.0.42)
NOTICE:  BL2: [COLD_BOOT]
NOTICE:  BL2: DRAM Split is 4ch(DDR f)
NOTICE:  BL2: QoS is default setting(rev.0.11)
NOTICE:  BL2: DRAM refresh interval 1.95 usec
NOTICE:  BL2: Periodic Write DQ Training
NOTICE:  BL2: CH0: 400000000 - 47fffffff, 2 GiB
NOTICE:  BL2: CH1: 500000000 - 57fffffff, 2 GiB
NOTICE:  BL2: CH2: 600000000 - 67fffffff, 2 GiB
NOTICE:  BL2: CH3: 700000000 - 77fffffff, 2 GiB
NOTICE:  BL2: Lossy Decomp areas
NOTICE:       Entry 0: DCMPAREACRAx:0x80000540 DCMPAREACRBx:0x570
NOTICE:       Entry 1: DCMPAREACRAx:0x40000000 DCMPAREACRBx:0x0
NOTICE:       Entry 2: DCMPAREACRAx:0x20000000 DCMPAREACRBx:0x0
NOTICE:  BL2: FDT at 0xe6327f70
NOTICE:  BL2: v2.9(release):9cdb21f75
NOTICE:  BL2: Built : 05:25:39, Dec 19 2023
NOTICE:  BL2: Normal boot
NOTICE:  BL2: dst=0xe6327800 src=0x8180000 len=512(0x200)
NOTICE:  BL2: dst=0x43f00000 src=0x8180400 len=6144(0x1800)
NOTICE:  rcar_file_len: len: 0x0003e000
NOTICE:  BL2: dst=0x44000000 src=0x81c0000 len=253952(0x3e000)
NOTICE:  rcar_file_len: len: 0x00200000
NOTICE:  BL2: dst=0x44100000 src=0x8200000 len=2097152(0x200000)
NOTICE:  rcar_file_len: len: 0x00100000
NOTICE:  BL2: dst=0x50000000 src=0x8640000 len=1048576(0x100000)
NOTICE:  BL2: Booting BL31


U-Boot 2020.10 (Dec 19 2023 - 14:30:40 +0000)

CPU: Renesas Electronics R8A7795 rev 3.0
Model: Renesas Salvator-X 2nd version board based on r8a77951
DRAM:  7.9 GiB
RAM Configuration:
Bank #0: 0x048000000 - 0x0bfffffff, 1.9 GiB
Bank #1: 0x500000000 - 0x57fffffff, 2 GiB
Bank #2: 0x600000000 - 0x67fffffff, 2 GiB
Bank #3: 0x700000000 - 0x77fffffff, 2 GiB

MMC:   sd@ee100000: 0, sd@ee140000: 1, sd@ee160000: 2
Loading Environment from MMC... OK
In:    serial@e6e88000
Out:   serial@e6e88000
Err:   serial@e6e88000
Net:   eth0: ethernet@e6800000
Hit any key to stop autoboot:  2  1  0 
ethernet@e6800000 Waiting for PHY auto negotiation to complete......... done
Using ethernet@e6800000 device
TFTP from server 192.168.10.99; our IP address is 192.168.10.167
Filename 'traivo/H3/rootfs/boot_USB2H/Image'.
Load address: 0x48080000
Loading: *#################################################################
	 #################################################################
	 #################################################################
	 #################################################################
	 #################################################################
	 #################################################################
	 #################################################################
	 #################################################################
	 #################################################################
	 #################################################################
	 #################################################################
	 #################################################################
	 #################################################################
	 #################################################################
	 #################################################################
	 #################################################################
	 #################################################################
	 #################################################################
	 #################################################################
	 #################################################################
	 #################################################################
	 #################################################################
	 #################################################################
	 #################################################################
	 #################################################################
	 #################################################################
	 #################################################################
	 #################################################################
	 #################################################################
	 #################################################################
	 #################################################################
	 #################################################################
	 #################################################################
	 #################################################################
	 ################################################################
	 4.5 MiB/s
done
Bytes transferred = 33376768 (1fd4a00 hex)
Using ethernet@e6800000 device
TFTP from server 192.168.10.99; our IP address is 192.168.10.167
Filename 'traivo/H3/rootfs/boot_USB2H/r8a77951-salvator-xs.dtb'.
Load address: 0x48000000
Loading: *#######
	 7.9 MiB/s
done
Bytes transferred = 90876 (162fc hex)
Moving Image from 0x48080000 to 0x48200000, end=4a260000
## Flattened Device Tree blob at 48000000
   Booting using the fdt blob at 0x48000000
   Loading Device Tree to 0000000053fe6000, end 0000000053fff2fb ... OK

Starting kernel ...

[    0.000000] Booting Linux on physical CPU 0x0000000000 [0x411fd073]
[    0.000000] Linux version 5.10.194-yocto-standard (thuan.nguyen-hong@banvien) (aarch64-poky-linux-gcc (GCC) 9.3.0, GNU ld (GNU Binutils) 2.34.0.20200220) #10 SMP PREEMPT Mon Feb 19 03:51:05 UTC 2024
[    0.000000] Machine model: Renesas Salvator-X 2nd version board based on r8a77951
[    0.000000] efi: UEFI not found.
[    0.000000] Reserved memory: created CMA memory pool at 0x0000000057000000, size 16 MiB
[    0.000000] OF: reserved mem: initialized node linux,adsp@57000000, compatible id shared-dma-pool
[    0.000000] Reserved memory: created CMA memory pool at 0x0000000058000000, size 384 MiB
[    0.000000] OF: reserved mem: initialized node linux,cma@58000000, compatible id shared-dma-pool
[    0.000000] Reserved memory: created CMA memory pool at 0x0000000070000000, size 256 MiB
[    0.000000] OF: reserved mem: initialized node linux,multimedia@70000000, compatible id shared-dma-pool
[    0.000000] NUMA: No NUMA configuration found
[    0.000000] NUMA: Faking a node at [mem 0x0000000048000000-0x000000077fffffff]
[    0.000000] NUMA: NODE_DATA [mem 0x77efdab00-0x77efdcfff]
[    0.000000] Zone ranges:
[    0.000000]   DMA      [mem 0x0000000048000000-0x000000007fffffff]
[    0.000000]   DMA32    [mem 0x0000000080000000-0x00000000ffffffff]
[    0.000000]   Normal   [mem 0x0000000100000000-0x000000077fffffff]
[    0.000000] Movable zone start for each node
[    0.000000] Early memory node ranges
[    0.000000]   node   0: [mem 0x0000000048000000-0x0000000053ffffff]
[    0.000000]   node   0: [mem 0x0000000054000000-0x0000000056ffffff]
[    0.000000]   node   0: [mem 0x0000000057000000-0x00000000bfffffff]
[    0.000000]   node   0: [mem 0x0000000500000000-0x000000057fffffff]
[    0.000000]   node   0: [mem 0x0000000600000000-0x000000067fffffff]
[    0.000000]   node   0: [mem 0x0000000700000000-0x000000077fffffff]
[    0.000000] Initmem setup node 0 [mem 0x0000000048000000-0x000000077fffffff]
[    0.000000] psci: probing for conduit method from DT.
[    0.000000] psci: PSCIv1.1 detected in firmware.
[    0.000000] psci: Using standard PSCI v0.2 function IDs
[    0.000000] psci: Trusted OS resident on physical CPU 0x0
[    0.000000] psci: SMC Calling Convention v1.2
[    0.000000] percpu: Embedded 23 pages/cpu s56984 r8192 d29032 u94208
[    0.000000] Detected PIPT I-cache on CPU0
[    0.000000] CPU features: detected: EL2 vector hardening
[    0.000000] CPU features: detected: Spectre-v2
[    0.000000] CPU features: detected: ARM errata 1165522, 1319367, or 1530923
[    0.000000] CPU features: detected: Spectre-BHB
[    0.000000] CPU features: detected: ARM erratum 1742098
[    0.000000] Built 1 zonelists, mobility grouping on.  Total pages: 2032128
[    0.000000] Policy zone: Normal
[    0.000000] Kernel command line: rw root=/dev/nfs nfsroot=192.168.10.99:/data/tftpboot/traivo/H3/rootfs,nfsvers=4, ip=192.168.10.167
[    0.000000] Dentry cache hash table entries: 1048576 (order: 11, 8388608 bytes, linear)
[    0.000000] Inode-cache hash table entries: 524288 (order: 10, 4194304 bytes, linear)
[    0.000000] mem auto-init: stack:off, heap alloc:off, heap free:off
[    0.000000] software IO TLB: mapped [mem 0x000000004ffe6000-0x0000000053fe6000] (64MB)
[    0.000000] Memory: 7276840K/8257536K available (15232K kernel code, 2834K rwdata, 8240K rodata, 6144K init, 517K bss, 308952K reserved, 671744K cma-reserved)
[    0.000000] SLUB: HWalign=64, Order=0-3, MinObjects=0, CPUs=8, Nodes=1
[    0.000000] rcu: Preemptible hierarchical RCU implementation.
[    0.000000] rcu: 	RCU event tracing is enabled.
[    0.000000] rcu: 	RCU restricting CPUs from NR_CPUS=256 to nr_cpu_ids=8.
[    0.000000] 	Trampoline variant of Tasks RCU enabled.
[    0.000000] rcu: RCU calculated value of scheduler-enlistment delay is 25 jiffies.
[    0.000000] rcu: Adjusting geometry for rcu_fanout_leaf=16, nr_cpu_ids=8
[    0.000000] NR_IRQS: 64, nr_irqs: 64, preallocated irqs: 0
[    0.000000] arch_timer: cp15 timer(s) running at 8.32MHz (virt).
[    0.000000] clocksource: arch_sys_counter: mask: 0xffffffffffffff max_cycles: 0x1eb398c07, max_idle_ns: 440795202503 ns
[    0.000003] sched_clock: 56 bits at 8MHz, resolution 120ns, wraps every 2199023255503ns
[    0.000205] Console: colour dummy device 80x25
[    0.000413] printk: console [tty0] enabled
[    0.000489] Calibrating delay loop (skipped), value calculated using timer frequency.. 16.64 BogoMIPS (lpj=33280)
[    0.000505] pid_max: default: 32768 minimum: 301
[    0.000563] LSM: Security Framework initializing
[    0.000651] Mount-cache hash table entries: 16384 (order: 5, 131072 bytes, linear)
[    0.000702] Mountpoint-cache hash table entries: 16384 (order: 5, 131072 bytes, linear)
[    0.002143] rcu: Hierarchical SRCU implementation.
[    0.003730] Detected Renesas R-Car Gen3 r8a7795 ES3.0
[    0.005862] EFI services will not be available.
[    0.006201] smp: Bringing up secondary CPUs ...
[    0.006653] Detected PIPT I-cache on CPU1
[    0.006700] CPU1: Booted secondary processor 0x0000000001 [0x411fd073]
[    0.007184] Detected PIPT I-cache on CPU2
[    0.007211] CPU2: Booted secondary processor 0x0000000002 [0x411fd073]
[    0.007640] Detected PIPT I-cache on CPU3
[    0.007663] CPU3: Booted secondary processor 0x0000000003 [0x411fd073]
[    0.008130] CPU features: detected: ARM erratum 845719
[    0.008143] Detected VIPT I-cache on CPU4
[    0.008190] CPU4: Booted secondary processor 0x0000000100 [0x410fd034]
[    0.008668] Detected VIPT I-cache on CPU5
[    0.008695] CPU5: Booted secondary processor 0x0000000101 [0x410fd034]
[    0.009131] Detected VIPT I-cache on CPU6
[    0.009158] CPU6: Booted secondary processor 0x0000000102 [0x410fd034]
[    0.009589] Detected VIPT I-cache on CPU7
[    0.009617] CPU7: Booted secondary processor 0x0000000103 [0x410fd034]
[    0.009695] smp: Brought up 1 node, 8 CPUs
[    0.009755] SMP: Total of 8 processors activated.
[    0.009763] CPU features: detected: 32-bit EL0 Support
[    0.009770] CPU features: detected: CRC32 instructions
[    0.009777] CPU features: detected: 32-bit EL1 Support
[    0.022989] CPU: All CPU(s) started at EL1
[    0.023046] alternatives: patching kernel code
[    0.024195] devtmpfs: initialized
[    0.031019] KASLR disabled due to lack of seed
[    0.031171] clocksource: jiffies: mask: 0xffffffff max_cycles: 0xffffffff, max_idle_ns: 7645041785100000 ns
[    0.031191] futex hash table entries: 2048 (order: 5, 131072 bytes, linear)
[    0.039836] pinctrl core: initialized pinctrl subsystem
[    0.041299] DMI not present or invalid.
[    0.041797] NET: Registered protocol family 16
[    0.042736] DMA: preallocated 1024 KiB GFP_KERNEL pool for atomic allocations
[    0.042930] DMA: preallocated 1024 KiB GFP_KERNEL|GFP_DMA pool for atomic allocations
[    0.043219] DMA: preallocated 1024 KiB GFP_KERNEL|GFP_DMA32 pool for atomic allocations
[    0.043257] audit: initializing netlink subsys (disabled)
[    0.043438] audit: type=2000 audit(0.040:1): state=initialized audit_enabled=0 res=1
[    0.044604] thermal_sys: Registered thermal governor 'power_allocator'
[    0.045116] cpuidle: using governor menu
[    0.045289] hw-breakpoint: found 6 breakpoint and 4 watchpoint registers.
[    0.045412] ASID allocator initialised with 65536 entries
[    0.046706] Serial: AMBA PL011 UART driver
[    0.089556] sh-pfc e6060000.pinctrl: r8a77951_pfc support registered
[    0.104308] HugeTLB registered 1.00 GiB page size, pre-allocated 0 pages
[    0.104321] HugeTLB registered 32.0 MiB page size, pre-allocated 0 pages
[    0.104329] HugeTLB registered 2.00 MiB page size, pre-allocated 0 pages
[    0.104337] HugeTLB registered 64.0 KiB page size, pre-allocated 0 pages
[    0.105299] cryptd: max_cpu_qlen set to 1000
[    0.107558] ACPI: Interpreter disabled.
[    0.111380] rcar-avs: use avs value: 0
[    0.111396] rcar-avs: cpu@0 is running with: opp_table0
[    0.111407] rcar-avs: cpu@1 is running with: opp_table0
[    0.111418] rcar-avs: cpu@2 is running with: opp_table0
[    0.111428] rcar-avs: cpu@3 is running with: opp_table0
[    0.111510] rcar-avs: gsx@fd000000 is running with: gsx_opp_table0
[    0.112922] iommu: Default domain type: Translated 
[    0.113492] ipmmu-vmsa e67b0000.iommu: IPMMU context 0 is reserved
[    0.114485] vgaarb: loaded
[    0.114687] SCSI subsystem initialized
[    0.114935] usbcore: registered new interface driver usbfs
[    0.114960] usbcore: registered new interface driver hub
[    0.114986] usbcore: registered new device driver usb
[    0.118540] i2c-sh_mobile e60b0000.i2c: I2C adapter 7, bus speed 400000 Hz
[    0.119074] mc: Linux media interface: v0.10
[    0.119094] videodev: Linux video capture interface: v2.00
[    0.119140] pps_core: LinuxPPS API ver. 1 registered
[    0.119147] pps_core: Software ver. 5.3.6 - Copyright 2005-2007 Rodolfo Giometti <giometti@linux.it>
[    0.119162] PTP clock support registered
[    0.119329] EDAC MC: Ver: 3.0.0
[    0.121324] FPGA manager framework
[    0.121386] Advanced Linux Sound Architecture Driver Initialized.
[    0.121939] clocksource: Switched to clocksource arch_sys_counter
[    0.122084] VFS: Disk quotas dquot_6.6.0
[    0.122126] VFS: Dquot-cache hash table entries: 512 (order 0, 4096 bytes)
[    0.122249] pnp: PnP ACPI: disabled
[    0.125734] NET: Registered protocol family 2
[    0.126156] IP idents hash table entries: 131072 (order: 8, 1048576 bytes, linear)
[    0.128420] tcp_listen_portaddr_hash hash table entries: 4096 (order: 4, 65536 bytes, linear)
[    0.128495] TCP established hash table entries: 65536 (order: 7, 524288 bytes, linear)
[    0.128782] TCP bind hash table entries: 65536 (order: 8, 1048576 bytes, linear)
[    0.129366] TCP: Hash tables configured (established 65536 bind 65536)
[    0.129486] UDP hash table entries: 4096 (order: 5, 131072 bytes, linear)
[    0.129599] UDP-Lite hash table entries: 4096 (order: 5, 131072 bytes, linear)
[    0.129820] NET: Registered protocol family 1
[    0.130174] RPC: Registered named UNIX socket transport module.
[    0.130183] RPC: Registered udp transport module.
[    0.130189] RPC: Registered tcp transport module.
[    0.130194] RPC: Registered tcp NFSv4.1 backchannel transport module.
[    0.130207] PCI: CLS 0 bytes, default 64
[    0.131152] hw perfevents: enabled with armv8_cortex_a53 PMU driver, 7 counters available
[    0.131422] hw perfevents: enabled with armv8_cortex_a57 PMU driver, 7 counters available
[    0.132023] kvm [1]: HYP mode not available
[    0.134952] Initialise system trusted keyrings
[    0.135077] workingset: timestamp_bits=42 max_order=21 bucket_order=0
[    0.138185] squashfs: version 4.0 (2009/01/31) Phillip Lougher
[    0.138588] NFS: Registering the id_resolver key type
[    0.138612] Key type id_resolver registered
[    0.138618] Key type id_legacy registered
[    0.138673] nfs4filelayout_init: NFSv4 File Layout Driver Registering...
[    0.138682] nfs4flexfilelayout_init: NFSv4 Flexfile Layout Driver Registering...
[    0.138785] 9p: Installing v9fs 9p2000 file system support
[    0.164227] Key type asymmetric registered
[    0.164240] Asymmetric key parser 'x509' registered
[    0.164268] Block layer SCSI generic (bsg) driver version 0.4 loaded (major 243)
[    0.164279] io scheduler mq-deadline registered
[    0.164287] io scheduler kyber registered
[    0.180315] gpio_rcar e6050000.gpio: driving 16 GPIOs
[    0.180609] gpio_rcar e6051000.gpio: driving 29 GPIOs
[    0.180862] gpio_rcar e6052000.gpio: driving 15 GPIOs
[    0.181128] gpio_rcar e6053000.gpio: driving 16 GPIOs
[    0.181379] gpio_rcar e6054000.gpio: driving 18 GPIOs
[    0.181628] gpio_rcar e6055000.gpio: driving 26 GPIOs
[    0.181898] gpio_rcar e6055400.gpio: driving 32 GPIOs
[    0.182193] gpio_rcar e6055800.gpio: driving 4 GPIOs
[    0.185328] rcar-pcie fe000000.pcie: host bridge /soc/pcie@fe000000 ranges:
[    0.185359] rcar-pcie fe000000.pcie:       IO 0x00fe100000..0x00fe1fffff -> 0x0000000000
[    0.185382] rcar-pcie fe000000.pcie:      MEM 0x00fe200000..0x00fe3fffff -> 0x00fe200000
[    0.185400] rcar-pcie fe000000.pcie:      MEM 0x0030000000..0x0037ffffff -> 0x0030000000
[    0.185414] rcar-pcie fe000000.pcie:      MEM 0x0038000000..0x003fffffff -> 0x0038000000
[    0.185430] rcar-pcie fe000000.pcie:   IB MEM 0x0040000000..0x007fffffff -> 0x0040000000
[    0.185474] rcar-pcie fe000000.pcie: no pcie3v3 regulator found
[    0.185485] rcar-pcie fe000000.pcie: no pcie1v8 regulator found
[    0.249654] rcar-pcie fe000000.pcie: PCIe link down
[    0.249841] rcar-pcie ee800000.pcie: host bridge /soc/pcie@ee800000 ranges:
[    0.249865] rcar-pcie ee800000.pcie:       IO 0x00ee900000..0x00ee9fffff -> 0x0000000000
[    0.249886] rcar-pcie ee800000.pcie:      MEM 0x00eea00000..0x00eebfffff -> 0x00eea00000
[    0.249904] rcar-pcie ee800000.pcie:      MEM 0x00c0000000..0x00c7ffffff -> 0x00c0000000
[    0.249918] rcar-pcie ee800000.pcie:      MEM 0x00c8000000..0x00cfffffff -> 0x00c8000000
[    0.249948] rcar-pcie ee800000.pcie:   IB MEM 0x0040000000..0x007fffffff -> 0x0040000000
[    0.249983] rcar-pcie ee800000.pcie: no pcie3v3 regulator found
[    0.249993] rcar-pcie ee800000.pcie: no pcie1v8 regulator found
[    0.409939] rcar-pcie ee800000.pcie: PCIe link down
[    0.412386] EINJ: ACPI disabled.
[    0.445500] Serial: 8250/16550 driver, 4 ports, IRQ sharing enabled
[    0.447981] SuperH (H)SCI(F) driver initialized
[    0.448411] e6550000.serial: ttySC1 at MMIO 0xe6550000 (irq = 42, base_baud = 0) is a hscif
[    0.449142] e6e88000.serial: ttySC0 at MMIO 0xe6e88000 (irq = 128, base_baud = 0) is a scif
[    1.653832] printk: console [ttySC0] enabled
[    1.659195] msm_serial: driver initialized
[    1.669513] rcar-dw-hdmi fead0000.hdmi: Detected HDMI TX controller v2.01a with HDCP (DWC HDMI 2.0 TX PHY)
[    1.679416] rcar-dw-hdmi fead0000.hdmi: registered DesignWare HDMI I2C bus driver
[    1.687663] rcar-dw-hdmi feae0000.hdmi: Detected HDMI TX controller v2.01a with HDCP (DWC HDMI 2.0 TX PHY)
[    1.697524] rcar-dw-hdmi feae0000.hdmi: registered DesignWare HDMI I2C bus driver
[    1.713026] loop: module loaded
[    1.717597] megasas: 07.714.04.00-rc1
[    1.723350] scsi host0: sata_rcar
[    1.726824] ata1: SATA max UDMA/133 irq 181
[    1.736238] tun: Universal TUN/TAP device driver, 1.6
[    1.742217] thunder_xcv, ver 1.0
[    1.745460] thunder_bgx, ver 1.0
[    1.748709] nicpf, ver 1.0
[    1.752842] hclge is initializing
[    1.756177] hns3: Hisilicon Ethernet Network Driver for Hip08 Family - version
[    1.763402] hns3: Copyright (c) 2017 Huawei Corporation.
[    1.768735] e1000: Intel(R) PRO/1000 Network Driver
[    1.773616] e1000: Copyright (c) 1999-2006 Intel Corporation.
[    1.779383] e1000e: Intel(R) PRO/1000 Network Driver
[    1.784348] e1000e: Copyright(c) 1999 - 2015 Intel Corporation.
[    1.790288] igb: Intel(R) Gigabit Ethernet Network Driver
[    1.795688] igb: Copyright (c) 2007-2014 Intel Corporation.
[    1.801279] igbvf: Intel(R) Gigabit Virtual Function Network Driver
[    1.807553] igbvf: Copyright (c) 2009 - 2012 Intel Corporation.
[    1.813882] sky2: driver version 1.30
[    1.821491] ravb e6800000.ethernet eth0: Base address at 0xe6800000, 2e:09:0a:02:ec:37, IRQ 125.
[    1.831818] VFIO - User Level meta-driver version: 0.3
[    1.838983] ehci_hcd: USB 2.0 'Enhanced' Host Controller (EHCI) Driver
[    1.845527] ehci-pci: EHCI PCI platform driver
[    1.849995] ehci-platform: EHCI generic platform driver
[    1.855608] ehci-platform ee0a0100.usb: EHCI Host Controller
[    1.861295] ehci-platform ee0a0100.usb: new USB bus registered, assigned bus number 1
[    1.869213] ehci-platform ee0a0100.usb: irq 175, io mem 0xee0a0100
[    1.889946] ehci-platform ee0a0100.usb: USB 2.0 started, EHCI 1.10
[    1.896486] hub 1-0:1.0: USB hub found
[    1.900262] hub 1-0:1.0: 1 port detected
[    1.904681] ehci-platform ee0c0100.usb: EHCI Host Controller
[    1.910356] ehci-platform ee0c0100.usb: new USB bus registered, assigned bus number 2
[    1.918247] ehci-platform ee0c0100.usb: irq 176, io mem 0xee0c0100
[    1.937945] ehci-platform ee0c0100.usb: USB 2.0 started, EHCI 1.10
[    1.944511] hub 2-0:1.0: USB hub found
[    1.948279] hub 2-0:1.0: 1 port detected
[    1.977948] ehci-platform ee0e0100.usb: EHCI Host Controller
[    1.983628] ehci-platform ee0e0100.usb: new USB bus registered, assigned bus number 3
[    1.991539] ehci-platform ee0e0100.usb: irq 177, io mem 0xee0e0100
[    2.009945] ehci-platform ee0e0100.usb: USB 2.0 started, EHCI 1.10
[    2.016412] hub 3-0:1.0: USB hub found
[    2.020181] hub 3-0:1.0: 1 port detected
[    2.024570] ehci-orion: EHCI orion driver
[    2.028838] ehci-exynos: EHCI Exynos driver
[    2.033139] ohci_hcd: USB 1.1 'Open' Host Controller (OHCI) Driver
[    2.039340] ohci-pci: OHCI PCI platform driver
[    2.043821] ohci-platform: OHCI generic platform driver
[    2.049356] ohci-platform ee0a0000.usb: Generic Platform OHCI controller
[    2.056081] ohci-platform ee0a0000.usb: new USB bus registered, assigned bus number 4
[    2.063973] ohci-platform ee0a0000.usb: irq 175, io mem 0xee0a0000
[    2.145953] ata1: link resume succeeded after 1 retries
[    2.160224] hub 4-0:1.0: USB hub found
[    2.163995] hub 4-0:1.0: 1 port detected
[    2.168342] ohci-platform ee0c0000.usb: Generic Platform OHCI controller
[    2.175057] ohci-platform ee0c0000.usb: new USB bus registered, assigned bus number 5
[    2.182931] ohci-platform ee0c0000.usb: irq 176, io mem 0xee0c0000
[    2.257467] ata1: SATA link down (SStatus 0 SControl 300)
[    2.276204] hub 5-0:1.0: USB hub found
[    2.279973] hub 5-0:1.0: 1 port detected
[    2.284293] ohci-platform ee0e0000.usb: Generic Platform OHCI controller
[    2.291008] ohci-platform ee0e0000.usb: new USB bus registered, assigned bus number 6
[    2.298876] ohci-platform ee0e0000.usb: irq 177, io mem 0xee0e0000
[    2.392195] hub 6-0:1.0: USB hub found
[    2.395962] hub 6-0:1.0: 1 port detected
[    2.400318] ohci-exynos: OHCI Exynos driver
[    2.405167] xhci-hcd ee000000.usb: xHCI Host Controller
[    2.410407] xhci-hcd ee000000.usb: new USB bus registered, assigned bus number 7
[    2.433662] xhci-hcd ee000000.usb: hcc params 0x014051ce hci version 0x100 quirks 0x0000000000830410
[    2.442832] xhci-hcd ee000000.usb: irq 172, io mem 0xee000000
[    2.448693] xhci-hcd ee000000.usb: xHCI Host Controller
[    2.453931] xhci-hcd ee000000.usb: new USB bus registered, assigned bus number 8
[    2.461334] xhci-hcd ee000000.usb: Host supports USB 3.0 SuperSpeed
[    2.467890] hub 7-0:1.0: USB hub found
[    2.471660] hub 7-0:1.0: 1 port detected
[    2.475748] usb usb8: We don't know the algorithms for LPM for this host, disabling LPM.
[    2.484100] hub 8-0:1.0: USB hub found
[    2.487874] hub 8-0:1.0: 1 port detected
[    2.492660] usbcore: registered new interface driver usb-storage
[    2.500337] renesas_usbhs e6590000.usb: host probed
[    2.505228] renesas_usbhs e6590000.usb: no transceiver found
[    2.510952] renesas_usbhs e6590000.usb: gadget probed
[    2.516167] renesas_usbhs e6590000.usb: probed
[    2.521055] renesas_usbhs e659c000.usb: host probed
[    2.525946] renesas_usbhs e659c000.usb: no transceiver found
[    2.531658] renesas_usbhs e659c000.usb: gadget probed
[    2.536863] renesas_usbhs e659c000.usb: probed
[    2.543773] i2c /dev entries driver
[    2.558317] cs2000-cp 2-004f: revision - C1
[    2.562564] i2c-rcar e6510000.i2c: probed
[    2.567397] pca953x 4-0020: supply vcc not found, using dummy regulator
[    2.574111] pca953x 4-0020: using no AI
[    2.578758] gpio-355 (PCIE/SATA switch): hogged as output/low
[    2.591016] i2c-rcar e66d8000.i2c: probed
[    2.596315] adv748x 4-0070: Endpoint /soc/i2c@e66d8000/video-receiver@70/port@7/endpoint on port 7
[    2.605298] adv748x 4-0070: Endpoint /soc/i2c@e66d8000/video-receiver@70/port@8/endpoint on port 8
[    2.614270] adv748x 4-0070: Endpoint /soc/i2c@e66d8000/video-receiver@70/port@a/endpoint on port 10
[    2.623334] adv748x 4-0070: Endpoint /soc/i2c@e66d8000/video-receiver@70/port@b/endpoint on port 11
[    2.632717] adv748x 4-0070: chip found @ 0xe0 revision 2143
[    2.686225] rcar-csi2 fea80000.csi2: 1 lanes found
[    2.691377] rcar-csi2 feaa0000.csi2: 4 lanes found
[    2.701008] rcar-vin e6ef0000.video: Device registered as video0
[    2.707092] rcar-vin e6ef1000.video: Device registered as video1
[    2.713166] rcar-vin e6ef2000.video: Device registered as video2
[    2.719237] rcar-vin e6ef3000.video: Device registered as video3
[    2.725315] rcar-vin e6ef4000.video: Device registered as video4
[    2.731398] rcar-vin e6ef5000.video: Device registered as video5
[    2.737499] rcar-vin e6ef6000.video: Device registered as video6
[    2.743574] rcar-vin e6ef7000.video: Device registered as video7
[    2.752270] rcar_gen3_thermal e6198000.thermal: is using pseudo fixed FUSE values
[    2.764469] rcar_gen3_thermal e6198000.thermal: TSC0: Loaded 1 trip points
[    2.775721] rcar_gen3_thermal e6198000.thermal: TSC1: Loaded 1 trip points
[    2.786876] rcar_gen3_thermal e6198000.thermal: TSC2: Loaded 3 trip points
[    2.798872] sdhci: Secure Digital Host Controller Interface driver
[    2.805065] sdhci: Copyright(c) Pierre Ossman
[    2.810248] Synopsys Designware Multimedia Card Interface Driver
[    2.810529] renesas_sdhi_internal_dmac ee140000.mmc: Adding to iommu group 0
[    2.810540] renesas_sdhi_internal_dmac ee100000.mmc: Got CD GPIO
[    2.810559] renesas_sdhi_internal_dmac ee100000.mmc: Got WP GPIO
[    2.810861] renesas_sdhi_internal_dmac ee160000.mmc: Got CD GPIO
[    2.810889] renesas_sdhi_internal_dmac ee160000.mmc: Got WP GPIO
[    2.817607] sdhci-pltfm: SDHCI platform and OF driver helper
[    2.823361] renesas_sdhi_internal_dmac ee140000.mmc: Using IPMMU context 1
[    2.860749] ledtrig-cpu: registered to indicate activity on CPUs
[    2.867763] SMCCC: SOC_ID: ARCH_SOC_ID not implemented, skipping ....
[    2.874800] usbcore: registered new interface driver usbhid
[    2.880379] usbhid: USB HID core driver
[    2.887990] optee: probing for conduit method.
[    2.892459] optee: revision 3.22 (314ecf9d)
[    2.892635] optee driver R-Car Rev.1.0.11
[    2.901151] optee: dynamic shared memory is enabled
[    2.906300] optee: initialized driver
[    2.908896] renesas_sdhi_internal_dmac ee140000.mmc: mmc0 base at 0x00000000ee140000, max clock rate 200 MHz
[    2.922076] rcar_sound ec500000.sound: probed
[    2.927133] NET: Registered protocol family 17
[    2.931692] 9pnet: Installing 9P2000 support
[    2.936015] Key type dns_resolver registered
[    2.940666] registered taskstats version 1
[    2.944779] Loading compiled-in X.509 certificates
[    2.959473] thermal emergency: set temperature to 110 celsius
[    2.965419] thermal emergency: shutdown target cpus 1-7
[    2.970646] thermal emergency: freq scaled target cpus 0
[    2.976311] renesas_irqc e61c0000.interrupt-controller: driving 6 irqs
[    2.990460] mmc0: new HS400 MMC card at address 0001
[    2.996081] mmcblk0: mmc0:0001 BGSD3R 29.1 GiB 
[    3.000998] mmcblk0boot0: mmc0:0001 BGSD3R partition 1 16.0 MiB
[    3.007304] mmcblk0boot1: mmc0:0001 BGSD3R partition 2 16.0 MiB
[    3.013335] mmcblk0rpmb: mmc0:0001 BGSD3R partition 3 4.00 MiB, chardev (509:0)
[    3.021968]  mmcblk0: p1
[    3.021998] ehci-platform ee080100.usb: EHCI Host Controller
[    3.030194] ehci-platform ee080100.usb: new USB bus registered, assigned bus number 9
[    3.038098] ehci-platform ee080100.usb: irq 174, io mem 0xee080100
[    3.057950] ehci-platform ee080100.usb: USB 2.0 started, EHCI 1.10
[    3.064610] hub 9-0:1.0: USB hub found
[    3.068383] hub 9-0:1.0: 1 port detected
[    3.073880] ohci-platform ee080000.usb: Generic Platform OHCI controller
[    3.080610] ohci-platform ee080000.usb: new USB bus registered, assigned bus number 10
[    3.088586] ohci-platform ee080000.usb: irq 174, io mem 0xee080000
[    3.184374] hub 10-0:1.0: USB hub found
[    3.188236] hub 10-0:1.0: 1 port detected
[    3.193562] cpu cpu0: EM: created perf domain
[    3.198539] cpu cpu4: EM: created perf domain
[    3.206401] renesas_sdhi_internal_dmac ee100000.mmc: Got CD GPIO
[    3.209391] renesas_sdhi_internal_dmac ee160000.mmc: Got CD GPIO
[    3.211462] [drm] Initialized rcar-du 1.0.0 20130110 for feb00000.display on minor 0
[    3.211465] [drm] Device feb00000.display probed
[    3.212461] renesas_sdhi_internal_dmac ee100000.mmc: Got WP GPIO
[    3.218527] renesas_sdhi_internal_dmac ee160000.mmc: Got WP GPIO
[    3.275598] renesas_sdhi_internal_dmac ee100000.mmc: mmc1 base at 0x00000000ee100000, max clock rate 200 MHz
[    3.281463] Console: switching to colour frame buffer device 128x48
[    3.292733] renesas_sdhi_internal_dmac ee160000.mmc: mmc2 base at 0x00000000ee160000, max clock rate 200 MHz
[    3.322473] rcar-du feb00000.display: [drm] fb0: rcar-dudrmfb frame buffer device
[    3.334970] input: keys as /devices/platform/keys/input/input0
[    3.414764] Micrel KSZ9031 Gigabit PHY e6800000.ethernet-ffffffff:00: attached PHY driver [Micrel KSZ9031 Gigabit PHY] (mii_bus:phy_addr=e6800000.ethernet-ffffffff:00, irq=183)
[   10.001317] ravb e6800000.ethernet eth0: Link is Up - 1Gbps/Full - flow control off
[   10.025978] IP-Config: Guessing netmask 255.255.255.0
[   10.031138] IP-Config: Complete:
[   10.034451]      device=eth0, hwaddr=2e:09:0a:02:ec:37, ipaddr=192.168.10.167, mask=255.255.255.0, gw=255.255.255.255
[   10.045260]      host=192.168.10.167, domain=, nis-domain=(none)
[   10.051393]      bootserver=255.255.255.255, rootserver=192.168.10.99, rootpath=
[   10.052011] ALSA device list:
[   10.062619]   No soundcards found.
[   11.097811] VFS: Mounted root (nfs4 filesystem) on device 0:22.
[   11.104946] devtmpfs: mounted
[   11.111675] Freeing unused kernel memory: 6144K
[   11.138138] Run /sbin/init as init process
[   11.312165] systemd[1]: System time before build time, advancing clock.
[   11.745978] random: crng init done
[   11.792287] NET: Registered protocol family 10
[   11.801220] Segment Routing with IPv6
[   11.832714] systemd[1]: systemd 244 running in system mode. (+PAM -AUDIT -SELINUX +IMA -APPARMOR -SMACK +SYSVINIT +UTMP -LIBCRYPTSETUP -GCRYPT -GNUTLS +ACL +XZ -LZ4 -SECCOMP +BLKID -ELFUTILS +KMOD -IDN2 -IDN -PCRE2 default-hierarchy=hybrid)
[   11.861332] systemd[1]: Detected architecture arm64.

Welcome to [1mPoky (Yocto Project Reference Distro) 3.1.11 (dunfell)[0m!

[   11.896226] systemd[1]: Set hostname to <salvator-x>.
[   12.669419] systemd[1]: system-getty.slice: unit configures an IP firewall, but the local system does not support BPF/cgroup firewalling.
[   12.690571] systemd[1]: (This warning is only shown for the first unit using IP firewalling.)
[   12.705534] systemd[1]: Created slice system-getty.slice.
[[0;32m  OK  [0m] Created slice [0;1;39msystem-getty.slice[0m.
[   12.731183] systemd[1]: Created slice system-serial\x2dgetty.slice.
[[0;32m  OK  [0m] Created slice [0;1;39msystem-serial\x2dgetty.slice[0m.
[   12.755126] systemd[1]: Created slice User and Session Slice.
[[0;32m  OK  [0m] Created slice [0;1;39mUser and Session Slice[0m.
[   12.778443] systemd[1]: Started Dispatch Password Requests to Console Directory Watch.
[[0;32m  OK  [0m] Started [0;1;39mDispatch Password â€¦ts to Console Directory Watch[0m.
[   12.806365] systemd[1]: Started Forward Password Requests to Wall Directory Watch.
[[0;32m  OK  [0m] Started [0;1;39mForward Password Râ€¦uests to Wall Directory Watch[0m.
[   12.834265] systemd[1]: Reached target Paths.
[[0;32m  OK  [0m] Reached target [0;1;39mPaths[0m.
[   12.858127] systemd[1]: Reached target Remote File Systems.
[[0;32m  OK  [0m] Reached target [0;1;39mRemote File Systems[0m.
[   12.882096] systemd[1]: Reached target Slices.
[[0;32m  OK  [0m] Reached target [0;1;39mSlices[0m.
[   12.906122] systemd[1]: Reached target Swap.
[[0;32m  OK  [0m] Reached target [0;1;39mSwap[0m.
[   12.932844] systemd[1]: Listening on RPCbind Server Activation Socket.
[[0;32m  OK  [0m] Listening on [0;1;39mRPCbind Server Activation Socket[0m.
[   12.962157] systemd[1]: Reached target RPC Port Mapper.
[[0;32m  OK  [0m] Reached target [0;1;39mRPC Port Mapper[0m.
[   12.986459] systemd[1]: Listening on initctl Compatibility Named Pipe.
[[0;32m  OK  [0m] Listening on [0;1;39minitctl Compatibility Named Pipe[0m.
[   13.016195] systemd[1]: Listening on Journal Audit Socket.
[[0;32m  OK  [0m] Listening on [0;1;39mJournal Audit Socket[0m.
[   13.043931] systemd[1]: Listening on Journal Socket (/dev/log).
[[0;32m  OK  [0m] Listening on [0;1;39mJournal Socket (/dev/log)[0m.
[   13.070798] systemd[1]: Listening on Journal Socket.
[[0;32m  OK  [0m] Listening on [0;1;39mJournal Socket[0m.
[   13.095944] systemd[1]: Listening on Network Service Netlink Socket.
[[0;32m  OK  [0m] Listening on [0;1;39mNetwork Service Netlink Socket[0m.
[   13.124571] systemd[1]: Listening on udev Control Socket.
[[0;32m  OK  [0m] Listening on [0;1;39mudev Control Socket[0m.
[   13.150613] systemd[1]: Listening on udev Kernel Socket.
[[0;32m  OK  [0m] Listening on [0;1;39mudev Kernel Socket[0m.
[   13.179679] systemd[1]: Mounting Huge Pages File System...
         Mounting [0;1;39mHuge Pages File System[0m...
[   13.207276] systemd[1]: Mounting POSIX Message Queue File System...
         Mounting [0;1;39mPOSIX Message Queue File System[0m...
[   13.239270] systemd[1]: Mounting Kernel Debug File System...
         Mounting [0;1;39mKernel Debug File System[0m...
[   13.271162] systemd[1]: Mounting Temporary Directory (/tmp)...
         Mounting [0;1;39mTemporary Directory (/tmp)[0m...
[   13.300203] systemd[1]: Starting Create list of static device nodes for the current kernel...
         Starting [0;1;39mCreate list of stâ€¦odes for the current kernel[0m...
[   13.335170] systemd[1]: Starting Start psplash boot splash screen...
         Starting [0;1;39mStart psplash boot splash screen[0m...
[   13.369017] systemd[1]: Starting RPC Bind...
         Starting [0;1;39mRPC Bind[0m...
[   13.398858] systemd[1]: Condition check resulted in File System Check on Root Device being skipped.
[   13.415762] systemd[1]: Starting Journal Service...
         Starting [0;1;39mJournal Service[0m...
[   13.442196] systemd[1]: Starting Load Kernel Modules...
         Starting [0;1;39mLoad Kernel Modules[0m...
[   13.467129] systemd[1]: Starting Remount Root and Kernel File Systems...
         Starting [0;1;39mRemount Root and Kernel File Systems[0m...
[   13.495018] systemd[1]: Starting udev Coldplug all Devices...
         Starting [0;1;39mudev Coldplug all Devices[0m...
[   13.524197] systemd[1]: Started Start psplash boot splash screen.
[[0;32m  OK  [0m] Started [0;1;39mStart psplash boot splash screen[0m.
[   13.546864] systemd[1]: Started RPC Bind.
[[0;32m  OK  [0m] Started [0;1;39mRPC Bind[0m.
[   13.566749] systemd[1]: Started Journal Service.
[[0;32m  OK  [0m] Started [0;1;39mJournal Service[0m.
[[0;32m  OK  [0m] Mounted [0;1;39mHuge Pages File System[0m.
[[0;32m  OK  [0m] Mounted [0;1;39mPOSIX Message Queue File System[0m.
[[0;32m  OK  [0m] Mounted [0;1;39mKernel Debug File System[0m.
[[0;32m  OK  [0m] Mounted [0;1;39mTemporary Directory (/tmp)[0m.
[[0;32m  OK  [0m] Started [0;1;39mCreate list of staâ€¦ nodes for the current kernel[0m.
[[0;32m  OK  [0m] Started [0;1;39mLoad Kernel Modules[0m.
[[0;32m  OK  [0m] Started [0;1;39mRemount Root and Kernel File Systems[0m.
         Mounting [0;1;39mKernel Configuration File System[0m...
[[0;32m  OK  [0m] Started [0;1;39mStart psplash-systâ€¦progress communication helper[0m.
         Starting [0;1;39mFlush Journal to Persistent Storage[0m...
[   13.817281] systemd-journald[354]: Received client request to flush runtime journal.
         Starting [0;1;39mApply Kernel Variables[0m...
         Starting [0;1;39mCreate Static Device Nodes in /dev[0m...
[[0;32m  OK  [0m] Mounted [0;1;39mKernel Configuration File System[0m.
[[0;32m  OK  [0m] Started [0;1;39mFlush Journal to Persistent Storage[0m.
[[0;32m  OK  [0m] Started [0;1;39mApply Kernel Variables[0m.
[[0;32m  OK  [0m] Started [0;1;39mCreate Static Device Nodes in /dev[0m.
[[0;32m  OK  [0m] Reached target [0;1;39mLocal File Systems (Pre)[0m.
         Mounting [0;1;39m/var/volatile[0m...
         Starting [0;1;39mudev Kernel Device Manager[0m...
[[0;32m  OK  [0m] Started [0;1;39mudev Coldplug all Devices[0m.
[[0;32m  OK  [0m] Mounted [0;1;39m/var/volatile[0m.
         Starting [0;1;39mLoad/Save Random Seed[0m...
[[0;32m  OK  [0m] Reached target [0;1;39mLocal File Systems[0m.
         Starting [0;1;39mCreate Volatile Files and Directories[0m...
[[0;32m  OK  [0m] Started [0;1;39mLoad/Save Random Seed[0m.
[[0;32m  OK  [0m] Started [0;1;39mudev Kernel Device Manager[0m.
         Starting [0;1;39mNetwork Service[0m...
[[0;32m  OK  [0m] Started [0;1;39mCreate Volatile Files and Directories[0m.
         Starting [0;1;39mNetwork Time Synchronization[0m...
         Starting [0;1;39mUpdate UTMP about System Boot/Shutdown[0m...
[[0;32m  OK  [0m] Started [0;1;39mNetwork Service[0m.
         Starting [0;1;39mNetwork Name Resolution[0m...
[[0;32m  OK  [0m] Started [0;1;39mUpdate UTMP about System Boot/Shutdown[0m.
[[0;32m  OK  [0m] Started [0;1;39mNetwork Time Synchronization[0m.
[[0;32m  OK  [0m] Reached target [0;1;39mSystem Initialization[0m.
[[0;32m  OK  [0m] Started [0;1;39mDaily Cleanup of Temporary [   14.398937] pwm-backlight: probe of backlight failed with error -16
Directories[0m.
[[0;32m  OK  [0m] Reached target [0;1;39mSystem Time Set[0m.
[[0;32m  OK  [0m] Reached target [0;1;39mSystem Time Synchronized[0m.
[   14.449930] at24 7-0050: supply vcc not found, using dummy regulator
[[0;32m  OK  [0m] Reached target [0;1;39mTimers[0m.
[   14.480883] at24 7-0050: 128 byte br24t01 EEPROM, writable, 8 bytes/write
[[0;32m  OK  [0m] Listening on [0;1;39mAvahi mDNS/DNS-SD Stack Activation Socket[0m.
[[0;32m  OK  [0m] Listening on [0;1;39mD-Bus System Message Bus Socket[0m.
[[0;32m  OK  [0m] Listening on [0;1;39mdropbear.socket[0m.
[[0;32m  OK  [0m] Reached target [0;1;39mSockets[0m.
[[0;32m  OK  [0m] Reached target [0;1;39mBasic System[0m.
[[0;32m  OK  [0m] Started [0;1;39mD-Bus System Message Bus[0m.
[   14.602923] renesas_usb3 ee020000.usb: probed with phy
[[0;32m  OK  [0m] Started [0;1;39moptee services[0m.
         Starting [0;1;39mpvrinit.service[0m..[   14.638190] ccree e6601000.crypto: ARM CryptoCell 630P Driver: HW version 0xAF400001/0xDCC63000, Driver version 5.0
.
         Starting [0;1;39mPowerVR consumer services[0m...
[   14.673148] ccree e6601000.crypto: ARM ccree device initialized
         Starting [0;1;39mLogin Service[0m...
[[0;32m  OK  [0m] Started [0;1;39mNetwork Name Resolution[0m.
[[0;32m  OK  [0m] Created slice [0;1;39msystem-weston.slice[0m.
[[0;32m  OK  [0m] Reached target [0;1;39mNetwork[0m.
[[0;32m  OK  [0m] Reached target [0;1;39mHost and Network Name Lookups[0m.
[[0;32m  OK  [0m] Reached target [0;1;39mHardware activated USB gadget[0m.
         Starting [0;1;39mAvahi mDNS/DNS-SD Stack[0m...
         Starting [0;1;39mPermit User Sessions[0m...
[[0;32m  OK  [0m] Started [0;1;39mXinetd A Powerful Replacement For Inetd[0m.
[[0;1;31mFAILED[0m] Failed to start [0;1;39mpvrinit.service[0m.
See 'systemctl status pvrinit.service' for details.
[[0;1;31mFAILED[0m] Failed to start [0;1;39mPowerVR consumer services[0m.
See 'systemctl status rc.pvr.service' for details.
[[0;1;38;5;185mDEPEND[0m] Dependency failed for [0;1;39mWeston Wayland Compositor[0m.
[[0;32m  OK  [0m] Started [0;1;39mPermit User Sessions[0m.
[[0;32m  OK  [0m] Started [0;1;39mLogin Service[0m.
[[0;32m  OK  [0m] Started [0;1;39mAvahi mDNS/DNS-SD Stack[0m.
[[0;32m  OK  [0m] Started [0;1;39mGetty on tty1[0m.
[[0;32m  OK  [0m] Started [0;1;39mSerial Getty on ttySC0[0m.
[[0;32m  OK  [0m] Reached target [0;1;39mLogin Prompts[0m.
         Starting [0;1;39mset_default_governor.service[0m...
[   15.238601] rd 0-7: Disabling EAS, schedutil is mandatory
[[0;32m  OK  [0m] Started [0;1;39mset_default_governor.service[0m.
[[0;32m  OK  [0m] Reached target [0;1;39mMulti-User System[0m.
         Starting [0;1;39mUpdate UTMP about System Runlevel Changes[0m...
[[0;32m  OK  [0m] Started [0;1;39mUpdate UTMP about System Runlevel Changes[0m.

Poky (Yocto Project Reference Distro) 3.1.11 salvator-x ttySC0

salvator-x login: 
salvator-x login: root
[   17.226708] audit: type=1006 audit(1703064537.912:2): pid=526 uid=0 old-auid=4294967295 auid=0 tty=(none) old-ses=4294967295 ses=1 res=1
7[r[999;999H[6n8root@salvator-x:~# 
root@salvator-x:~# 
root@salvator-x:~# 
root@salvator-x:~# 
root@salvator-x:~# 
root@salvator-x:~# 
root@salvator-x:~# 
root@salvator-x:~# 
root@salvator-x:~# 
Plug in USB device at CN10H


Press any button to continue

[   41.950085] SDHI0 VccQ: disabling
[   41.953483] SDHI3 VccQ: disabling
[   44.701947] usb 2-1: new high-speed USB device number 2 using ehci-platform
[   44.863421] hub 2-1:1.0: USB hub found
[   44.867324] hub 2-1:1.0: 4 ports detected
[   45.258048] usb 2-1.4: new high-speed USB device number 3 using ehci-platform
[   45.472813] usb-storage 2-1.4:1.0: USB Mass Storage device detected
[   45.479767] scsi host1: usb-storage 2-1.4:1.0
[   46.495573] scsi 1:0:0:0: Direct-Access     SanDisk  Ultra            1.00 PQ: 0 ANSI: 6
[   46.505495] sd 1:0:0:0: [sda] 121307136 512-byte logical blocks: (62.1 GB/57.8 GiB)
[   46.514758] sd 1:0:0:0: [sda] Write Protect is off
[   46.520661] sd 1:0:0:0: [sda] Write cache: disabled, read cache: enabled, doesn't support DPO or FUA
[   46.564576]  sda: sda1
[   46.571306] sd 1:0:0:0: [sda] Attached SCSI removable disk

----------Prepare----------


root@salvator-x:~# find /sys/devices/platform/soc/ee0c0100.usb/ -name 'sd*'
/sys/devices/platform/soc/ee0c0100.usb/usb2/2-1/2-1.4/2-1.4:1.0/host1/target1:0:0/1:0:0:0/block/sda
/sys/devices/platform/soc/ee0c0100.usb/usb2/2-1/2-1.4/2-1.4:1.0/host1/target1:0:0/1:0:0:0/block/sda/sda1
root@salvator-x:~# 
root@salvator-x:~# dd if=/dev/urandom of=testdata bs=10M count=5
5+0 records in
5+0 records out
52428800 bytes (52 MB, 50 MiB) copied, 1.49217 s, 35.1 MB/s
root@salvator-x:~# 
root@salvator-x:~# mkdir -p /mnt/usb
root@salvator-x:~# 
root@salvator-x:~# mount /dev/sda1 /mnt/usb
[   54.502050] EXT4-fs (sda1): mounted filesystem with ordered data mode. Opts: (null)
root@salvator-x:~# 
root@salvator-x:~# cp testdata /mnt/usb/
root@salvator-x:~# 
root@salvator-x:~# umount /mnt/usb
root@salvator-x:~# 
Pull out USB device at CN10H


Press any button to continue

[   66.665343] usb 2-1: USB disconnect, device number 2
[   66.670352] usb 2-1.4: USB disconnect, device number 3

root@salvator-x:~# i2cset -f -y 7 0x30 0x20 0x0f
root@salvator-x:~# 

Switch SW23 off and input 'yes' to continue:
Input 'yes' to continue: 

root@salvator-x:~# echo N > /sys/module/printk/parameters/console_suspend
root@salvator-x:~# 
root@salvator-x:~# echo mem > /sys/power/state
[   78.486077] PM: suspend entry (deep)
[   78.489856] Filesystems sync: 0.000 seconds
[   78.495632] Freezing user space processes ... (elapsed 0.001 seconds) done.
[   78.497259] OOM killer disabled.
[   78.497261] Freezing remaining freezable tasks ... (elapsed 0.001 seconds) done.
[   78.923432] ravb e6800000.ethernet eth0: Link is Down
[   78.939000] Disabling non-boot CPUs ...
[   78.943467] CPU1: shutdown
[   78.946195] psci: CPU1 killed (polled 0 ms)
[   78.952041] CPU2: shutdown
[   78.954770] psci: CPU2 killed (polled 0 ms)
[   78.960353] CPU3: shutdown
[   78.963080] psci: CPU3 killed (polled 0 ms)
[   78.969024] CPU4: shutdown
[   78.971761] psci: CPU4 killed (polled 0 ms)
[   78.977430] CPU5: shutdown
[   78.980151] psci: CPU5 killed (polled 0 ms)
[   78.985764] CPU6: shutdown
[   78.988490] psci: CPU6 killed (polled 0 ms)
[   78.994273] CPU7: shutdown
[   78.996985] psci: CPU7 killed (polled 0 ms)
 
Plug in USB device at CN10H


Press any button to continue


 Switch power switch: 

NOTICE:  BL2: R-Car Gen3 Initial Program Loader(CA57) Rev.4.0.0
NOTICE:  BL2: PRR is R-Car H3 Ver.3.0
NOTICE:  BL2: Board is Salvator-XS Rev.1.0
NOTICE:  BL2: Boot device is HyperFlash(160MHz)
NOTICE:  BL2: LCM state is CM
NOTICE:  AVS setting succeeded. DVFS_SetVID=0x53
NOTICE:  BL2: DDR3200(rev.0.42)
NOTICE:  BL2: [WARM_BOOT]
NOTICE:  BL2: DRAM Split is 4ch(DDR f)
NOTICE:  BL2: QoS is default setting(rev.0.11)
NOTICE:  BL2: DRAM refresh interval 1.95 usec
NOTICE:  BL2: Periodic Write DQ Training
NOTICE:  BL2: CH0: 400000000 - 47fffffff, 2 GiB
NOTICE:  BL2: CH1: 500000000 - 57fffffff, 2 GiB
NOTICE:  BL2: CH2: 600000000 - 67fffffff, 2 GiB
NOTICE:  BL2: CH3: 700000000 - 77fffffff, 2 GiB
NOTICE:  BL2: Lossy Decomp areas
NOTICE:       Entry 0: DCMPAREACRAx:0x80000540 DCMPAREACRBx:0x570
NOTICE:       Entry 1: DCMPAREACRAx:0x40000000 DCMPAREACRBx:0x0
NOTICE:       Entry 2: DCMPAREACRAx:0x20000000 DCMPAREACRBx:0x0
NOTICE:  BL2: FDT at 0xe6327f70
NOTICE:  BL2: v2.9(release):9cdb21f75
NOTICE:  BL2: Built : 05:25:39, Dec 19 2023
NOTICE:  BL2: Normal boot
[   79.002316] Enabling non-boot CPUs ...
[   79.006353] Detected PIPT I-cache on CPU1
[   79.006408] CPU1: Booted secondary processor 0x0000000001 [0x411fd073]
[   79.006864] CPU1 is up
[   79.019907] Detected PIPT I-cache on CPU2
[   79.019929] CPU2: Booted secondary processor 0x0000000002 [0x411fd073]
[   79.020193] CPU2 is up
[   79.033211] Detected PIPT I-cache on CPU3
[   79.033234] CPU3: Booted secondary processor 0x0000000003 [0x411fd073]
[   79.033512] CPU3 is up
[   79.046580] Detected VIPT I-cache on CPU4
[   79.046633] CPU4: Booted secondary processor 0x0000000100 [0x410fd034]
[   79.047527] CPU4 is up
[   79.060540] Detected VIPT I-cache on CPU5
[   79.060573] CPU5: Booted secondary processor 0x0000000101 [0x410fd034]
[   79.061152] CPU5 is up
[   79.074162] Detected VIPT I-cache on CPU6
[   79.074195] CPU6: Booted secondary processor 0x0000000102 [0x410fd034]
[   79.074789] CPU6 is up
[   79.087800] Detected VIPT I-cache on CPU7
[   79.087833] CPU7: Booted secondary processor 0x0000000103 [0x410fd034]
[   79.088476] CPU7 is up
[   79.161500] xhci-hcd ee000000.usb: xHC error in resume, USBSTS 0x401, Reinit
[   79.168537] usb usb7: root hub lost power or was reset
[   79.173656] usb usb8: root hub lost power or was reset
[   79.280793] Micrel KSZ9031 Gigabit PHY e6800000.ethernet-ffffffff:00: attached PHY driver [Micrel KSZ9031 Gigabit PHY] (mii_bus:phy_addr=e6800000.ethernet-ffffffff:00, irq=183)
[   79.392076] usb usb4: root hub lost power or was reset
[   79.397352] usb usb1: root hub lost power or was reset
[   79.484010] usb usb5: root hub lost power or was reset
[   79.489177] usb usb2: root hub lost power or was reset
[   79.576009] usb usb6: root hub lost power or was reset
[   79.581174] usb usb3: root hub lost power or was reset
[   79.700009] usb usb10: root hub lost power or was reset
[   79.705386] usb usb9: root hub lost power or was reset
[   79.717913] ata1: link resume succeeded after 1 retries
[   79.829457] ata1: SATA link down (SStatus 0 SControl 300)
[   79.848879] OOM killer enabled.
[   79.852760] Restarting tasks ... done.
[   79.858508] PM: suspend exit
[   79.977953] usb 2-1: new high-speed USB device number 4 using ehci-platform
[   80.139524] hub 2-1:1.0: USB hub found
[   80.143436] hub 2-1:1.0: 4 ports detected
[   80.534014] usb 2-1.4: new high-speed USB device number 5 using ehci-platform
[   80.748471] usb-storage 2-1.4:1.0: USB Mass Storage device detected
[   80.755294] scsi host1: usb-storage 2-1.4:1.0
[   81.798306] scsi 1:0:0:0: Direct-Access     SanDisk  Ultra            1.00 PQ: 0 ANSI: 6
[   81.808517] sd 1:0:0:0: [sda] 121307136 512-byte logical blocks: (62.1 GB/57.8 GiB)
[   81.830140] sd 1:0:0:0: [sda] Write Protect is off
[   81.846612] sd 1:0:0:0: [sda] Write cache: disabled, read cache: enabled, doesn't support DPO or FUA
[   81.917783]  sda: sda1
[   81.927114] sd 1:0:0:0: [sda] Attached SCSI removable disk
[   86.121795] ravb e6800000.ethernet eth0: Link is Up - 1Gbps/Full - flow control off
root@salvator-x:~# 
root@salvator-x:~# echo "Wake up sucessfully"
Wake up sucessfully
root@salvator-x:~# 
root@salvator-x:~# find /sys/devices/platform/soc/ee0c0100.usb/ -name 'sd*'
/sys/devices/platform/soc/ee0c0100.usb/usb2/2-1/2-1.4/2-1.4:1.0/host1/target1:0:0/1:0:0:0/block/sda
/sys/devices/platform/soc/ee0c0100.usb/usb2/2-1/2-1.4/2-1.4:1.0/host1/target1:0:0/1:0:0:0/block/sda/sda1
root@salvator-x:~# 
root@salvator-x:~# mount /dev/sda1 /mnt/usb
[   96.890553] EXT4-fs (sda1): mounted filesystem with ordered data mode. Opts: (null)
root@salvator-x:~# 
root@salvator-x:~# cp testdata /mnt/usb/testdata_from_nfs
root@salvator-x:~# 
root@salvator-x:~# cp /mnt/usb/testdata_from_nfs testdata_from_usb
root@salvator-x:~# 
root@salvator-x:~# sync
root@salvator-x:~# 
root@salvator-x:~# cmp testdata testdata_from_usb
root@salvator-x:~# 
root@salvator-x:~# umount /mnt/usb
root@salvator-x:~# 
 
#### Result: OK ####
