

----------Item 8----------


Plug in USB device at CN10H


Press any button to continue

[   79.050053] usb 2-1: new high-speed USB device number 4 using ehci-platform
[   79.211860] hub 2-1:1.0: USB hub found
[   79.215693] hub 2-1:1.0: 4 ports detected
[   79.606141] usb 2-1.4: new high-speed USB device number 5 using ehci-platform
[   79.825000] usb-storage 2-1.4:1.0: USB Mass Storage device detected
[   79.831864] scsi host1: usb-storage 2-1.4:1.0
[   80.863780] scsi 1:0:0:0: Direct-Access     SanDisk  Ultra            1.00 PQ: 0 ANSI: 6
[   80.873506] sd 1:0:0:0: [sda] 121307136 512-byte logical blocks: (62.1 GB/57.8 GiB)
[   80.882345] sd 1:0:0:0: [sda] Write Protect is off
[   80.888085] sd 1:0:0:0: [sda] Write cache: disabled, read cache: enabled, doesn't support DPO or FUA
[   80.937779]  sda: sda1
[   80.943712] sd 1:0:0:0: [sda] Attached SCSI removable disk

Please press switch to restart board 

[F 00:00:120
[F 00:00:119
[F 00:00:118
NOTICE:  BL2: R-Car Gen3 Initial Program Loader(CA57) Rev.4.0.0
NOTICE:  BL2: PRR is R-Car H3 Ver.3.0
NOTICE:  BL2: Board is Salvator-XS Rev.1.0
NOTICE:  BL2: Boot device is HyperFlash(160MHz)
NOTICE:  BL2: LCM state is CM
NOTICE:  AVS setting succeeded. DVFS_SetVID=0x53
NOTICE:  BL2: DDR3200(rev.0.42)
NOTICE:  BL2: [COLD_BOOT]
NOTICE:  BL2: DRAM Split is 4ch(DDR f)
NOTICE:  BL2: QoS is default setting(rev.0.11)
NOTICE:  BL2: DRAM refresh interval 1.95 usec
NOTICE:  BL2: Periodic Write DQ Training
NOTICE:  BL2: CH0: 400000000 - 47fffffff, 2 GiB
NOTICE:  BL2: CH1: 500000000 - 57fffffff, 2 GiB
NOTICE:  BL2: CH2: 600000000 - 67fffffff, 2 GiB
NOTICE:  BL2: CH3: 700000000 - 77fffffff, 2 GiB
NOTICE:  BL2: Lossy Decomp areas
NOTICE:       Entry 0: DCMPAREACRAx:0x80000540 DCMPAREACRBx:0x570
NOTICE:       Entry 1: DCMPAREACRAx:0x40000000 DCMPAREACRBx:0x0
NOTICE:       Entry 2: DCMPAREACRAx:0x20000000 DCMPAREACRBx:0x0
NOTICE:  BL2: FDT at 0xe6327f70
NOTICE:  BL2: v2.9(release):9cdb21f75
NOTICE:  BL2: Built : 05:25:39, Dec 19 2023
NOTICE:  BL2: Normal boot
NOTICE:  BL2: dst=0xe6327800 src=0x8180000 len=512(0x200)
NOTICE:  BL2: dst=0x43f00000 src=0x8180400 len=6144(0x1800)
NOTICE:  rcar_file_len: len: 0x0003e000
NOTICE:  BL2: dst=0x44000000 src=0x81c0000 len=253952(0x3e000)
NOTICE:  rcar_file_len: len: 0x00200000
NOTICE:  BL2: dst=0x44100000 src=0x8200000 len=2097152(0x200000)
NOTICE:  rcar_file_len: len: 0x00100000
NOTICE:  BL2: dst=0x50000000 src=0x8640000 len=1048576(0x100000)
NOTICE:  BL2: Booting BL31


U-Boot 2020.10 (Dec 19 2023 - 14:30:40 +0000)

CPU: Renesas Electronics R8A7795 rev 3.0
Model: Renesas Salvator-X 2nd version board based on r8a77951
DRAM:  7.9 GiB
RAM Configuration:
Bank #0: 0x048000000 - 0x0bfffffff, 1.9 GiB
Bank #1: 0x500000000 - 0x57fffffff, 2 GiB
Bank #2: 0x600000000 - 0x67fffffff, 2 GiB
Bank #3: 0x700000000 - 0x77fffffff, 2 GiB

MMC:   sd@ee100000: 0, sd@ee140000: 1, sd@ee160000: 2
Loading Environment from MMC... OK
In:    serial@e6e88000
Out:   serial@e6e88000
Err:   serial@e6e88000
Net:   eth0: ethernet@e6800000
Hit any key to stop autoboot:  2  1  0 
ethernet@e6800000 Waiting for PHY auto negotiation to complete........... done
Using ethernet@e6800000 device
TFTP from server 192.168.10.99; our IP address is 192.168.10.167
Filename 'traivo/H3/rootfs/boot_USB2H/Image'.
Load address: 0x48080000
Loading: *#################################################################
	 #################################################################
	 #################################################################
	 #################################################################
	 #################################################################
	 #################################################################
	 #################################################################
	 #################################################################
	 #################################################################
	 #################################################################
	 #################################################################
	 #################################################################
	 #################################################################
	 #################################################################
	 #################################################################
	 #################################################################
	 #################################################################
	 #################################################################
	 #################################################################
	 #################################################################
	 #################################################################
	 #################################################################
	 #################################################################
	 #################################################################
	 #################################################################
	 #################################################################
	 #################################################################
	 #################################################################
	 #################################################################
	 #################################################################
	 #################################################################
	 #################################################################
	 #################################################################
	 #################################################################
	 ################################################################
	 4.5 MiB/s
done
Bytes transferred = 33376768 (1fd4a00 hex)
Using ethernet@e6800000 device
TFTP from server 192.168.10.99; our IP address is 192.168.10.167
Filename 'traivo/H3/rootfs/boot_USB2H/r8a77951-salvator-xs.dtb'.
Load address: 0x48000000
Loading: *#######
	 7.9 MiB/s
done
Bytes transferred = 90876 (162fc hex)
Moving Image from 0x48080000 to 0x48200000, end=4a260000
## Flattened Device Tree blob at 48000000
   Booting using the fdt blob at 0x48000000
   Loading Device Tree to 0000000053fe6000, end 0000000053fff2fb ... OK

Starting kernel ...

[    0.000000] Booting Linux on physical CPU 0x0000000000 [0x411fd073]
[    0.000000] Linux version 5.10.194-yocto-standard (thuan.nguyen-hong@banvien) (aarch64-poky-linux-gcc (GCC) 9.3.0, GNU ld (GNU Binutils) 2.34.0.20200220) #10 SMP PREEMPT Mon Feb 19 03:51:05 UTC 2024
[    0.000000] Machine model: Renesas Salvator-X 2nd version board based on r8a77951
[    0.000000] efi: UEFI not found.
[    0.000000] Reserved memory: created CMA memory pool at 0x0000000057000000, size 16 MiB
[    0.000000] OF: reserved mem: initialized node linux,adsp@57000000, compatible id shared-dma-pool
[    0.000000] Reserved memory: created CMA memory pool at 0x0000000058000000, size 384 MiB
[    0.000000] OF: reserved mem: initialized node linux,cma@58000000, compatible id shared-dma-pool
[    0.000000] Reserved memory: created CMA memory pool at 0x0000000070000000, size 256 MiB
[    0.000000] OF: reserved mem: initialized node linux,multimedia@70000000, compatible id shared-dma-pool
[    0.000000] NUMA: No NUMA configuration found
[    0.000000] NUMA: Faking a node at [mem 0x0000000048000000-0x000000077fffffff]
[    0.000000] NUMA: NODE_DATA [mem 0x77efdab00-0x77efdcfff]
[    0.000000] Zone ranges:
[    0.000000]   DMA      [mem 0x0000000048000000-0x000000007fffffff]
[    0.000000]   DMA32    [mem 0x0000000080000000-0x00000000ffffffff]
[    0.000000]   Normal   [mem 0x0000000100000000-0x000000077fffffff]
[    0.000000] Movable zone start for each node
[    0.000000] Early memory node ranges
[    0.000000]   node   0: [mem 0x0000000048000000-0x0000000053ffffff]
[    0.000000]   node   0: [mem 0x0000000054000000-0x0000000056ffffff]
[    0.000000]   node   0: [mem 0x0000000057000000-0x00000000bfffffff]
[    0.000000]   node   0: [mem 0x0000000500000000-0x000000057fffffff]
[    0.000000]   node   0: [mem 0x0000000600000000-0x000000067fffffff]
[    0.000000]   node   0: [mem 0x0000000700000000-0x000000077fffffff]
[    0.000000] Initmem setup node 0 [mem 0x0000000048000000-0x000000077fffffff]
[    0.000000] psci: probing for conduit method from DT.
[    0.000000] psci: PSCIv1.1 detected in firmware.
[    0.000000] psci: Using standard PSCI v0.2 function IDs
[    0.000000] psci: Trusted OS resident on physical CPU 0x0
[    0.000000] psci: SMC Calling Convention v1.2
[    0.000000] percpu: Embedded 23 pages/cpu s56984 r8192 d29032 u94208
[    0.000000] Detected PIPT I-cache on CPU0
[    0.000000] CPU features: detected: EL2 vector hardening
[    0.000000] CPU features: detected: Spectre-v2
[    0.000000] CPU features: detected: ARM errata 1165522, 1319367, or 1530923
[    0.000000] CPU features: detected: Spectre-BHB
[    0.000000] CPU features: detected: ARM erratum 1742098
[    0.000000] Built 1 zonelists, mobility grouping on.  Total pages: 2032128
[    0.000000] Policy zone: Normal
[    0.000000] Kernel command line: rw root=/dev/nfs nfsroot=192.168.10.99:/data/tftpboot/traivo/H3/rootfs,nfsvers=4, ip=192.168.10.167
[    0.000000] Dentry cache hash table entries: 1048576 (order: 11, 8388608 bytes, linear)
[    0.000000] Inode-cache hash table entries: 524288 (order: 10, 4194304 bytes, linear)
[    0.000000] mem auto-init: stack:off, heap alloc:off, heap free:off
[    0.000000] software IO TLB: mapped [mem 0x000000004ffe6000-0x0000000053fe6000] (64MB)
[    0.000000] Memory: 7276840K/8257536K available (15232K kernel code, 2834K rwdata, 8240K rodata, 6144K init, 517K bss, 308952K reserved, 671744K cma-reserved)
[    0.000000] SLUB: HWalign=64, Order=0-3, MinObjects=0, CPUs=8, Nodes=1
[    0.000000] rcu: Preemptible hierarchical RCU implementation.
[    0.000000] rcu: 	RCU event tracing is enabled.
[    0.000000] rcu: 	RCU restricting CPUs from NR_CPUS=256 to nr_cpu_ids=8.
[    0.000000] 	Trampoline variant of Tasks RCU enabled.
[    0.000000] rcu: RCU calculated value of scheduler-enlistment delay is 25 jiffies.
[    0.000000] rcu: Adjusting geometry for rcu_fanout_leaf=16, nr_cpu_ids=8
[    0.000000] NR_IRQS: 64, nr_irqs: 64, preallocated irqs: 0
[    0.000000] arch_timer: cp15 timer(s) running at 8.32MHz (virt).
[    0.000000] clocksource: arch_sys_counter: mask: 0xffffffffffffff max_cycles: 0x1eb398c07, max_idle_ns: 440795202503 ns
[    0.000003] sched_clock: 56 bits at 8MHz, resolution 120ns, wraps every 2199023255503ns
[    0.000207] Console: colour dummy device 80x25
[    0.000415] printk: console [tty0] enabled
[    0.000492] Calibrating delay loop (skipped), value calculated using timer frequency.. 16.64 BogoMIPS (lpj=33280)
[    0.000507] pid_max: default: 32768 minimum: 301
[    0.000565] LSM: Security Framework initializing
[    0.000655] Mount-cache hash table entries: 16384 (order: 5, 131072 bytes, linear)
[    0.000707] Mountpoint-cache hash table entries: 16384 (order: 5, 131072 bytes, linear)
[    0.002156] rcu: Hierarchical SRCU implementation.
[    0.003757] Detected Renesas R-Car Gen3 r8a7795 ES3.0
[    0.005905] EFI services will not be available.
[    0.006241] smp: Bringing up secondary CPUs ...
[    0.006703] Detected PIPT I-cache on CPU1
[    0.006751] CPU1: Booted secondary processor 0x0000000001 [0x411fd073]
[    0.007235] Detected PIPT I-cache on CPU2
[    0.007261] CPU2: Booted secondary processor 0x0000000002 [0x411fd073]
[    0.007686] Detected PIPT I-cache on CPU3
[    0.007706] CPU3: Booted secondary processor 0x0000000003 [0x411fd073]
[    0.008171] CPU features: detected: ARM erratum 845719
[    0.008182] Detected VIPT I-cache on CPU4
[    0.008229] CPU4: Booted secondary processor 0x0000000100 [0x410fd034]
[    0.008710] Detected VIPT I-cache on CPU5
[    0.008737] CPU5: Booted secondary processor 0x0000000101 [0x410fd034]
[    0.009176] Detected VIPT I-cache on CPU6
[    0.009203] CPU6: Booted secondary processor 0x0000000102 [0x410fd034]
[    0.009639] Detected VIPT I-cache on CPU7
[    0.009666] CPU7: Booted secondary processor 0x0000000103 [0x410fd034]
[    0.009748] smp: Brought up 1 node, 8 CPUs
[    0.009811] SMP: Total of 8 processors activated.
[    0.009818] CPU features: detected: 32-bit EL0 Support
[    0.009826] CPU features: detected: CRC32 instructions
[    0.009833] CPU features: detected: 32-bit EL1 Support
[    0.023030] CPU: All CPU(s) started at EL1
[    0.023084] alternatives: patching kernel code
[    0.024252] devtmpfs: initialized
[    0.031045] KASLR disabled due to lack of seed
[    0.031197] clocksource: jiffies: mask: 0xffffffff max_cycles: 0xffffffff, max_idle_ns: 7645041785100000 ns
[    0.031218] futex hash table entries: 2048 (order: 5, 131072 bytes, linear)
[    0.039855] pinctrl core: initialized pinctrl subsystem
[    0.041357] DMI not present or invalid.
[    0.041853] NET: Registered protocol family 16
[    0.042789] DMA: preallocated 1024 KiB GFP_KERNEL pool for atomic allocations
[    0.042984] DMA: preallocated 1024 KiB GFP_KERNEL|GFP_DMA pool for atomic allocations
[    0.043273] DMA: preallocated 1024 KiB GFP_KERNEL|GFP_DMA32 pool for atomic allocations
[    0.043312] audit: initializing netlink subsys (disabled)
[    0.043493] audit: type=2000 audit(0.040:1): state=initialized audit_enabled=0 res=1
[    0.044671] thermal_sys: Registered thermal governor 'power_allocator'
[    0.045193] cpuidle: using governor menu
[    0.045365] hw-breakpoint: found 6 breakpoint and 4 watchpoint registers.
[    0.045489] ASID allocator initialised with 65536 entries
[    0.046774] Serial: AMBA PL011 UART driver
[    0.089560] sh-pfc e6060000.pinctrl: r8a77951_pfc support registered
[    0.104315] HugeTLB registered 1.00 GiB page size, pre-allocated 0 pages
[    0.104329] HugeTLB registered 32.0 MiB page size, pre-allocated 0 pages
[    0.104337] HugeTLB registered 2.00 MiB page size, pre-allocated 0 pages
[    0.104344] HugeTLB registered 64.0 KiB page size, pre-allocated 0 pages
[    0.105321] cryptd: max_cpu_qlen set to 1000
[    0.107559] ACPI: Interpreter disabled.
[    0.111333] rcar-avs: use avs value: 0
[    0.111353] rcar-avs: cpu@0 is running with: opp_table0
[    0.111364] rcar-avs: cpu@1 is running with: opp_table0
[    0.111375] rcar-avs: cpu@2 is running with: opp_table0
[    0.111384] rcar-avs: cpu@3 is running with: opp_table0
[    0.111476] rcar-avs: gsx@fd000000 is running with: gsx_opp_table0
[    0.112873] iommu: Default domain type: Translated 
[    0.113441] ipmmu-vmsa e67b0000.iommu: IPMMU context 0 is reserved
[    0.114425] vgaarb: loaded
[    0.114617] SCSI subsystem initialized
[    0.114873] usbcore: registered new interface driver usbfs
[    0.114903] usbcore: registered new interface driver hub
[    0.114928] usbcore: registered new device driver usb
[    0.118474] i2c-sh_mobile e60b0000.i2c: I2C adapter 7, bus speed 400000 Hz
[    0.119002] mc: Linux media interface: v0.10
[    0.119024] videodev: Linux video capture interface: v2.00
[    0.119072] pps_core: LinuxPPS API ver. 1 registered
[    0.119079] pps_core: Software ver. 5.3.6 - Copyright 2005-2007 Rodolfo Giometti <giometti@linux.it>
[    0.119093] PTP clock support registered
[    0.119262] EDAC MC: Ver: 3.0.0
[    0.121275] FPGA manager framework
[    0.121332] Advanced Linux Sound Architecture Driver Initialized.
[    0.121912] clocksource: Switched to clocksource arch_sys_counter
[    0.122049] VFS: Disk quotas dquot_6.6.0
[    0.122092] VFS: Dquot-cache hash table entries: 512 (order 0, 4096 bytes)
[    0.122219] pnp: PnP ACPI: disabled
[    0.125674] NET: Registered protocol family 2
[    0.126093] IP idents hash table entries: 131072 (order: 8, 1048576 bytes, linear)
[    0.128357] tcp_listen_portaddr_hash hash table entries: 4096 (order: 4, 65536 bytes, linear)
[    0.128436] TCP established hash table entries: 65536 (order: 7, 524288 bytes, linear)
[    0.128720] TCP bind hash table entries: 65536 (order: 8, 1048576 bytes, linear)
[    0.129304] TCP: Hash tables configured (established 65536 bind 65536)
[    0.129418] UDP hash table entries: 4096 (order: 5, 131072 bytes, linear)
[    0.129532] UDP-Lite hash table entries: 4096 (order: 5, 131072 bytes, linear)
[    0.129755] NET: Registered protocol family 1
[    0.130124] RPC: Registered named UNIX socket transport module.
[    0.130134] RPC: Registered udp transport module.
[    0.130140] RPC: Registered tcp transport module.
[    0.130145] RPC: Registered tcp NFSv4.1 backchannel transport module.
[    0.130157] PCI: CLS 0 bytes, default 64
[    0.131085] hw perfevents: enabled with armv8_cortex_a53 PMU driver, 7 counters available
[    0.131356] hw perfevents: enabled with armv8_cortex_a57 PMU driver, 7 counters available
[    0.131988] kvm [1]: HYP mode not available
[    0.134871] Initialise system trusted keyrings
[    0.135047] workingset: timestamp_bits=42 max_order=21 bucket_order=0
[    0.138140] squashfs: version 4.0 (2009/01/31) Phillip Lougher
[    0.138533] NFS: Registering the id_resolver key type
[    0.138568] Key type id_resolver registered
[    0.138574] Key type id_legacy registered
[    0.138629] nfs4filelayout_init: NFSv4 File Layout Driver Registering...
[    0.138639] nfs4flexfilelayout_init: NFSv4 Flexfile Layout Driver Registering...
[    0.138741] 9p: Installing v9fs 9p2000 file system support
[    0.164755] Key type asymmetric registered
[    0.164767] Asymmetric key parser 'x509' registered
[    0.164798] Block layer SCSI generic (bsg) driver version 0.4 loaded (major 243)
[    0.164809] io scheduler mq-deadline registered
[    0.164818] io scheduler kyber registered
[    0.180936] gpio_rcar e6050000.gpio: driving 16 GPIOs
[    0.181219] gpio_rcar e6051000.gpio: driving 29 GPIOs
[    0.181470] gpio_rcar e6052000.gpio: driving 15 GPIOs
[    0.181740] gpio_rcar e6053000.gpio: driving 16 GPIOs
[    0.182013] gpio_rcar e6054000.gpio: driving 18 GPIOs
[    0.182269] gpio_rcar e6055000.gpio: driving 26 GPIOs
[    0.182521] gpio_rcar e6055400.gpio: driving 32 GPIOs
[    0.182760] gpio_rcar e6055800.gpio: driving 4 GPIOs
[    0.185657] rcar-pcie fe000000.pcie: host bridge /soc/pcie@fe000000 ranges:
[    0.185688] rcar-pcie fe000000.pcie:       IO 0x00fe100000..0x00fe1fffff -> 0x0000000000
[    0.185710] rcar-pcie fe000000.pcie:      MEM 0x00fe200000..0x00fe3fffff -> 0x00fe200000
[    0.185728] rcar-pcie fe000000.pcie:      MEM 0x0030000000..0x0037ffffff -> 0x0030000000
[    0.185742] rcar-pcie fe000000.pcie:      MEM 0x0038000000..0x003fffffff -> 0x0038000000
[    0.185759] rcar-pcie fe000000.pcie:   IB MEM 0x0040000000..0x007fffffff -> 0x0040000000
[    0.185809] rcar-pcie fe000000.pcie: no pcie3v3 regulator found
[    0.185819] rcar-pcie fe000000.pcie: no pcie1v8 regulator found
[    0.253614] rcar-pcie fe000000.pcie: PCIe link down
[    0.253807] rcar-pcie ee800000.pcie: host bridge /soc/pcie@ee800000 ranges:
[    0.253830] rcar-pcie ee800000.pcie:       IO 0x00ee900000..0x00ee9fffff -> 0x0000000000
[    0.253851] rcar-pcie ee800000.pcie:      MEM 0x00eea00000..0x00eebfffff -> 0x00eea00000
[    0.253868] rcar-pcie ee800000.pcie:      MEM 0x00c0000000..0x00c7ffffff -> 0x00c0000000
[    0.253882] rcar-pcie ee800000.pcie:      MEM 0x00c8000000..0x00cfffffff -> 0x00c8000000
[    0.253913] rcar-pcie ee800000.pcie:   IB MEM 0x0040000000..0x007fffffff -> 0x0040000000
[    0.253950] rcar-pcie ee800000.pcie: no pcie3v3 regulator found
[    0.253960] rcar-pcie ee800000.pcie: no pcie1v8 regulator found
[    0.413903] rcar-pcie ee800000.pcie: PCIe link down
[    0.416397] EINJ: ACPI disabled.
[    0.450295] Serial: 8250/16550 driver, 4 ports, IRQ sharing enabled
[    0.452739] SuperH (H)SCI(F) driver initialized
[    0.453174] e6550000.serial: ttySC1 at MMIO 0xe6550000 (irq = 42, base_baud = 0) is a hscif
[    0.453928] e6e88000.serial: ttySC0 at MMIO 0xe6e88000 (irq = 128, base_baud = 0) is a scif
[    1.658657] printk: console [ttySC0] enabled
[    1.664067] msm_serial: driver initialized
[    1.674429] rcar-dw-hdmi fead0000.hdmi: Detected HDMI TX controller v2.01a with HDCP (DWC HDMI 2.0 TX PHY)
[    1.684333] rcar-dw-hdmi fead0000.hdmi: registered DesignWare HDMI I2C bus driver
[    1.692575] rcar-dw-hdmi feae0000.hdmi: Detected HDMI TX controller v2.01a with HDCP (DWC HDMI 2.0 TX PHY)
[    1.702433] rcar-dw-hdmi feae0000.hdmi: registered DesignWare HDMI I2C bus driver
[    1.717942] loop: module loaded
[    1.722517] megasas: 07.714.04.00-rc1
[    1.728249] scsi host0: sata_rcar
[    1.731723] ata1: SATA max UDMA/133 irq 181
[    1.741105] tun: Universal TUN/TAP device driver, 1.6
[    1.747053] thunder_xcv, ver 1.0
[    1.750311] thunder_bgx, ver 1.0
[    1.753551] nicpf, ver 1.0
[    1.757699] hclge is initializing
[    1.761034] hns3: Hisilicon Ethernet Network Driver for Hip08 Family - version
[    1.768257] hns3: Copyright (c) 2017 Huawei Corporation.
[    1.773595] e1000: Intel(R) PRO/1000 Network Driver
[    1.778474] e1000: Copyright (c) 1999-2006 Intel Corporation.
[    1.784240] e1000e: Intel(R) PRO/1000 Network Driver
[    1.789204] e1000e: Copyright(c) 1999 - 2015 Intel Corporation.
[    1.795144] igb: Intel(R) Gigabit Ethernet Network Driver
[    1.800543] igb: Copyright (c) 2007-2014 Intel Corporation.
[    1.806130] igbvf: Intel(R) Gigabit Virtual Function Network Driver
[    1.812397] igbvf: Copyright (c) 2009 - 2012 Intel Corporation.
[    1.818726] sky2: driver version 1.30
[    1.826294] ravb e6800000.ethernet eth0: Base address at 0xe6800000, 2e:09:0a:02:ec:37, IRQ 125.
[    1.836478] VFIO - User Level meta-driver version: 0.3
[    1.843669] ehci_hcd: USB 2.0 'Enhanced' Host Controller (EHCI) Driver
[    1.850211] ehci-pci: EHCI PCI platform driver
[    1.854674] ehci-platform: EHCI generic platform driver
[    1.860279] ehci-platform ee0a0100.usb: EHCI Host Controller
[    1.865961] ehci-platform ee0a0100.usb: new USB bus registered, assigned bus number 1
[    1.873883] ehci-platform ee0a0100.usb: irq 175, io mem 0xee0a0100
[    1.893913] ehci-platform ee0a0100.usb: USB 2.0 started, EHCI 1.10
[    1.900438] hub 1-0:1.0: USB hub found
[    1.904210] hub 1-0:1.0: 1 port detected
[    1.908616] ehci-platform ee0c0100.usb: EHCI Host Controller
[    1.914290] ehci-platform ee0c0100.usb: new USB bus registered, assigned bus number 2
[    1.922172] ehci-platform ee0c0100.usb: irq 176, io mem 0xee0c0100
[    1.941908] ehci-platform ee0c0100.usb: USB 2.0 started, EHCI 1.10
[    1.948375] hub 2-0:1.0: USB hub found
[    1.952144] hub 2-0:1.0: 1 port detected
[    1.981949] ehci-platform ee0e0100.usb: EHCI Host Controller
[    1.987623] ehci-platform ee0e0100.usb: new USB bus registered, assigned bus number 3
[    1.995513] ehci-platform ee0e0100.usb: irq 177, io mem 0xee0e0100
[    2.013910] ehci-platform ee0e0100.usb: USB 2.0 started, EHCI 1.10
[    2.020347] hub 3-0:1.0: USB hub found
[    2.024115] hub 3-0:1.0: 1 port detected
[    2.028477] ehci-orion: EHCI orion driver
[    2.032732] ehci-exynos: EHCI Exynos driver
[    2.037033] ohci_hcd: USB 1.1 'Open' Host Controller (OHCI) Driver
[    2.043230] ohci-pci: OHCI PCI platform driver
[    2.047711] ohci-platform: OHCI generic platform driver
[    2.053236] ohci-platform ee0a0000.usb: Generic Platform OHCI controller
[    2.059955] ohci-platform ee0a0000.usb: new USB bus registered, assigned bus number 4
[    2.067828] ohci-platform ee0a0000.usb: irq 175, io mem 0xee0a0000
[    2.149918] ata1: link resume succeeded after 1 retries
[    2.164177] hub 4-0:1.0: USB hub found
[    2.167947] hub 4-0:1.0: 1 port detected
[    2.172285] ohci-platform ee0c0000.usb: Generic Platform OHCI controller
[    2.179001] ohci-platform ee0c0000.usb: new USB bus registered, assigned bus number 5
[    2.186873] ohci-platform ee0c0000.usb: irq 176, io mem 0xee0c0000
[    2.209920] usb 2-1: new high-speed USB device number 2 using ehci-platform
[    2.261434] ata1: SATA link down (SStatus 0 SControl 300)
[    2.280158] hub 5-0:1.0: USB hub found
[    2.283928] hub 5-0:1.0: 1 port detected
[    2.288259] ohci-platform ee0e0000.usb: Generic Platform OHCI controller
[    2.294973] ohci-platform ee0e0000.usb: new USB bus registered, assigned bus number 6
[    2.302844] ohci-platform ee0e0000.usb: irq 177, io mem 0xee0e0000
[    2.371101] hub 2-1:1.0: USB hub found
[    2.375003] hub 2-1:1.0: 4 ports detected
[    2.396187] hub 6-0:1.0: USB hub found
[    2.399959] hub 6-0:1.0: 1 port detected
[    2.404291] ohci-exynos: OHCI Exynos driver
[    2.409142] xhci-hcd ee000000.usb: xHCI Host Controller
[    2.414382] xhci-hcd ee000000.usb: new USB bus registered, assigned bus number 7
[    2.437634] xhci-hcd ee000000.usb: hcc params 0x014051ce hci version 0x100 quirks 0x0000000000830410
[    2.446805] xhci-hcd ee000000.usb: irq 172, io mem 0xee000000
[    2.452666] xhci-hcd ee000000.usb: xHCI Host Controller
[    2.457902] xhci-hcd ee000000.usb: new USB bus registered, assigned bus number 8
[    2.465304] xhci-hcd ee000000.usb: Host supports USB 3.0 SuperSpeed
[    2.471859] hub 7-0:1.0: USB hub found
[    2.475629] hub 7-0:1.0: 1 port detected
[    2.479710] usb usb8: We don't know the algorithms for LPM for this host, disabling LPM.
[    2.488075] hub 8-0:1.0: USB hub found
[    2.491850] hub 8-0:1.0: 1 port detected
[    2.496665] usbcore: registered new interface driver usb-storage
[    2.504352] renesas_usbhs e6590000.usb: host probed
[    2.509242] renesas_usbhs e6590000.usb: no transceiver found
[    2.514966] renesas_usbhs e6590000.usb: gadget probed
[    2.520187] renesas_usbhs e6590000.usb: probed
[    2.525077] renesas_usbhs e659c000.usb: host probed
[    2.529969] renesas_usbhs e659c000.usb: no transceiver found
[    2.535680] renesas_usbhs e659c000.usb: gadget probed
[    2.540885] renesas_usbhs e659c000.usb: probed
[    2.547793] i2c /dev entries driver
[    2.562548] cs2000-cp 2-004f: revision - C1
[    2.566789] i2c-rcar e6510000.i2c: probed
[    2.571613] pca953x 4-0020: supply vcc not found, using dummy regulator
[    2.578316] pca953x 4-0020: using no AI
[    2.582959] gpio-355 (PCIE/SATA switch): hogged as output/low
[    2.595218] i2c-rcar e66d8000.i2c: probed
[    2.600543] adv748x 4-0070: Endpoint /soc/i2c@e66d8000/video-receiver@70/port@7/endpoint on port 7
[    2.609524] adv748x 4-0070: Endpoint /soc/i2c@e66d8000/video-receiver@70/port@8/endpoint on port 8
[    2.618501] adv748x 4-0070: Endpoint /soc/i2c@e66d8000/video-receiver@70/port@a/endpoint on port 10
[    2.627567] adv748x 4-0070: Endpoint /soc/i2c@e66d8000/video-receiver@70/port@b/endpoint on port 11
[    2.636962] adv748x 4-0070: chip found @ 0xe0 revision 2143
[    2.690543] rcar-csi2 fea80000.csi2: 1 lanes found
[    2.695701] rcar-csi2 feaa0000.csi2: 4 lanes found
[    2.705285] rcar-vin e6ef0000.video: Device registered as video0
[    2.711366] rcar-vin e6ef1000.video: Device registered as video1
[    2.717435] rcar-vin e6ef2000.video: Device registered as video2
[    2.723499] rcar-vin e6ef3000.video: Device registered as video3
[    2.729568] rcar-vin e6ef4000.video: Device registered as video4
[    2.735651] rcar-vin e6ef5000.video: Device registered as video5
[    2.741731] rcar-vin e6ef6000.video: Device registered as video6
[    2.747804] rcar-vin e6ef7000.video: Device registered as video7
[    2.756518] rcar_gen3_thermal e6198000.thermal: is using pseudo fixed FUSE values
[    2.765925] usb 2-1.4: new high-speed USB device number 3 using ehci-platform
[    2.768683] rcar_gen3_thermal e6198000.thermal: TSC0: Loaded 1 trip points
[    2.784336] rcar_gen3_thermal e6198000.thermal: TSC1: Loaded 1 trip points
[    2.795502] rcar_gen3_thermal e6198000.thermal: TSC2: Loaded 3 trip points
[    2.807493] sdhci: Secure Digital Host Controller Interface driver
[    2.813687] sdhci: Copyright(c) Pierre Ossman
[    2.818983] Synopsys Designware Multimedia Card Interface Driver
[    2.819271] renesas_sdhi_internal_dmac ee100000.mmc: Got CD GPIO
[    2.819438] renesas_sdhi_internal_dmac ee160000.mmc: Got CD GPIO
[    2.819460] renesas_sdhi_internal_dmac ee160000.mmc: Got WP GPIO
[    2.819484] renesas_sdhi_internal_dmac ee140000.mmc: Adding to iommu group 0
[    2.819520] renesas_sdhi_internal_dmac ee140000.mmc: Using IPMMU context 1
[    2.826355] sdhci-pltfm: SDHCI platform and OF driver helper
[    2.831029] renesas_sdhi_internal_dmac ee100000.mmc: Got WP GPIO
[    2.866777] renesas_sdhi_internal_dmac ee140000.mmc: mmc0 base at 0x00000000ee140000, max clock rate 200 MHz
[    2.878687] ledtrig-cpu: registered to indicate activity on CPUs
[    2.885639] SMCCC: SOC_ID: ARCH_SOC_ID not implemented, skipping ....
[    2.892673] usbcore: registered new interface driver usbhid
[    2.898250] usbhid: USB HID core driver
[    2.905873] optee: probing for conduit method.
[    2.910339] optee: revision 3.22 (314ecf9d)
[    2.910900] optee driver R-Car Rev.1.0.11
[    2.919478] optee: dynamic shared memory is enabled
[    2.924617] optee: initialized driver
[    2.941874] rcar_sound ec500000.sound: probed
[    2.946939] NET: Registered protocol family 17
[    2.951501] 9pnet: Installing 9P2000 support
[    2.955830] Key type dns_resolver registered
[    2.960360] registered taskstats version 1
[    2.963220] mmc0: new HS400 MMC card at address 0001
[    2.964472] Loading compiled-in X.509 certificates
[    2.970349] mmcblk0: mmc0:0001 BGSD3R 29.1 GiB 
[    2.979177] mmcblk0boot0: mmc0:0001 BGSD3R partition 1 16.0 MiB
[    2.980554] usb-storage 2-1.4:1.0: USB Mass Storage device detected
[    2.984201] thermal emergency: set temperature to 110 celsius
[    2.984374] thermal emergency: shutdown target cpus 1-7
[    2.984377] thermal emergency: freq scaled target cpus 0
[    2.984716] renesas_irqc e61c0000.interrupt-controller: driving 6 irqs
[    2.985476] mmcblk0boot1: mmc0:0001 BGSD3R partition 2 16.0 MiB
[    2.992104] scsi host1: usb-storage 2-1.4:1.0
[    2.997447] mmcblk0rpmb: mmc0:0001 BGSD3R partition 3 4.00 MiB, chardev (509:0)
[    3.021921] ehci-platform ee080100.usb: EHCI Host Controller
[    3.026168]  mmcblk0: p1
[    3.031869] ehci-platform ee080100.usb: new USB bus registered, assigned bus number 9
[    3.047951] ehci-platform ee080100.usb: irq 174, io mem 0xee080100
[    3.069906] ehci-platform ee080100.usb: USB 2.0 started, EHCI 1.10
[    3.076435] hub 9-0:1.0: USB hub found
[    3.080209] hub 9-0:1.0: 1 port detected
[    3.085223] ohci-platform ee080000.usb: Generic Platform OHCI controller
[    3.091947] ohci-platform ee080000.usb: new USB bus registered, assigned bus number 10
[    3.099920] ohci-platform ee080000.usb: irq 174, io mem 0xee080000
[    3.196324] hub 10-0:1.0: USB hub found
[    3.200186] hub 10-0:1.0: 1 port detected
[    3.205426] cpu cpu0: EM: created perf domain
[    3.210387] cpu cpu4: EM: created perf domain
[    3.220283] renesas_sdhi_internal_dmac ee100000.mmc: Got CD GPIO
[    3.220545] renesas_sdhi_internal_dmac ee160000.mmc: Got CD GPIO
[    3.222749] [drm] Initialized rcar-du 1.0.0 20130110 for feb00000.display on minor 0
[    3.222752] [drm] Device feb00000.display probed
[    3.226334] renesas_sdhi_internal_dmac ee100000.mmc: Got WP GPIO
[    3.232390] renesas_sdhi_internal_dmac ee160000.mmc: Got WP GPIO
[    3.288892] renesas_sdhi_internal_dmac ee100000.mmc: mmc1 base at 0x00000000ee100000, max clock rate 200 MHz
[    3.295196] Console: switching to colour frame buffer device 128x48
[    3.306291] renesas_sdhi_internal_dmac ee160000.mmc: mmc2 base at 0x00000000ee160000, max clock rate 200 MHz
[    3.336084] rcar-du feb00000.display: [drm] fb0: rcar-dudrmfb frame buffer device
[    3.348490] input: keys as /devices/platform/keys/input/input0
[    3.430689] Micrel KSZ9031 Gigabit PHY e6800000.ethernet-ffffffff:00: attached PHY driver [Micrel KSZ9031 Gigabit PHY] (mii_bus:phy_addr=e6800000.ethernet-ffffffff:00, irq=183)
[    4.031684] scsi 1:0:0:0: Direct-Access     SanDisk  Ultra            1.00 PQ: 0 ANSI: 6
[    4.041666] sd 1:0:0:0: [sda] 121307136 512-byte logical blocks: (62.1 GB/57.8 GiB)
[    4.050775] sd 1:0:0:0: [sda] Write Protect is off
[    4.056774] sd 1:0:0:0: [sda] Write cache: disabled, read cache: enabled, doesn't support DPO or FUA
[    4.078669]  sda: sda1
[    4.086175] sd 1:0:0:0: [sda] Attached SCSI removable disk
[   17.307512] ravb e6800000.ethernet eth0: Link is Up - 1Gbps/Full - flow control off
[   17.333943] IP-Config: Guessing netmask 255.255.255.0
[   17.339101] IP-Config: Complete:
[   17.342416]      device=eth0, hwaddr=2e:09:0a:02:ec:37, ipaddr=192.168.10.167, mask=255.255.255.0, gw=255.255.255.255
[   17.353229]      host=192.168.10.167, domain=, nis-domain=(none)
[   17.359357]      bootserver=255.255.255.255, rootserver=192.168.10.99, rootpath=
[   17.359998] ALSA device list:
[   17.377675]   No soundcards found.
[   18.427058] VFS: Mounted root (nfs4 filesystem) on device 0:22.
[   18.438545] devtmpfs: mounted
[   18.449138] Freeing unused kernel memory: 6144K
[   18.474049] Run /sbin/init as init process
[   18.658724] systemd[1]: System time before build time, advancing clock.
[   19.049371] NET: Registered protocol family 10
[   19.055472] Segment Routing with IPv6
[   19.075355] systemd[1]: systemd 244 running in system mode. (+PAM -AUDIT -SELINUX +IMA -APPARMOR -SMACK +SYSVINIT +UTMP -LIBCRYPTSETUP -GCRYPT -GNUTLS +ACL +XZ -LZ4 -SECCOMP +BLKID -ELFUTILS +KMOD -IDN2 -IDN -PCRE2 default-hierarchy=hybrid)
[   19.098779] systemd[1]: Detected architecture arm64.

Welcome to [1mPoky (Yocto Project Reference Distro) 3.1.11 (dunfell)[0m!

[   19.132157] systemd[1]: Set hostname to <salvator-x>.
[   19.225942] random: crng init done
[   19.953115] systemd[1]: system-getty.slice: unit configures an IP firewall, but the local system does not support BPF/cgroup firewalling.
[   19.974690] systemd[1]: (This warning is only shown for the first unit using IP firewalling.)
[   19.989868] systemd[1]: Created slice system-getty.slice.
[[0;32m  OK  [0m] Created slice [0;1;39msystem-getty.slice[0m.
[   20.019078] systemd[1]: Created slice system-serial\x2dgetty.slice.
[[0;32m  OK  [0m] Created slice [0;1;39msystem-serial\x2dgetty.slice[0m.
[   20.043130] systemd[1]: Created slice User and Session Slice.
[[0;32m  OK  [0m] Created slice [0;1;39mUser and Session Slice[0m.
[   20.066383] systemd[1]: Started Dispatch Password Requests to Console Directory Watch.
[[0;32m  OK  [0m] Started [0;1;39mDispatch Password â€¦ts to Console Directory Watch[0m.
[   20.094308] systemd[1]: Started Forward Password Requests to Wall Directory Watch.
[[0;32m  OK  [0m] Started [0;1;39mForward Password Râ€¦uests to Wall Directory Watch[0m.
[   20.122199] systemd[1]: Reached target Paths.
[[0;32m  OK  [0m] Reached target [0;1;39mPaths[0m.
[   20.146083] systemd[1]: Reached target Remote File Systems.
[[0;32m  OK  [0m] Reached target [0;1;39mRemote File Systems[0m.
[   20.170054] systemd[1]: Reached target Slices.
[[0;32m  OK  [0m] Reached target [0;1;39mSlices[0m.
[   20.194087] systemd[1]: Reached target Swap.
[[0;32m  OK  [0m] Reached target [0;1;39mSwap[0m.
[   20.221256] systemd[1]: Listening on RPCbind Server Activation Socket.
[[0;32m  OK  [0m] Listening on [0;1;39mRPCbind Server Activation Socket[0m.
[   20.250168] systemd[1]: Reached target RPC Port Mapper.
[[0;32m  OK  [0m] Reached target [0;1;39mRPC Port Mapper[0m.
[   20.274429] systemd[1]: Listening on initctl Compatibility Named Pipe.
[[0;32m  OK  [0m] Listening on [0;1;39minitctl Compatibility Named Pipe[0m.
[   20.304140] systemd[1]: Listening on Journal Audit Socket.
[[0;32m  OK  [0m] Listening on [0;1;39mJournal Audit Socket[0m.
[   20.331489] systemd[1]: Listening on Journal Socket (/dev/log).
[[0;32m  OK  [0m] Listening on [0;1;39mJournal Socket (/dev/log)[0m.
[   20.358750] systemd[1]: Listening on Journal Socket.
[[0;32m  OK  [0m] Listening on [0;1;39mJournal Socket[0m.
[   20.384066] systemd[1]: Listening on Network Service Netlink Socket.
[[0;32m  OK  [0m] Listening on [0;1;39mNetwork Service Netlink Socket[0m.
[   20.412798] systemd[1]: Listening on udev Control Socket.
[[0;32m  OK  [0m] Listening on [0;1;39mudev Control Socket[0m.
[   20.438593] systemd[1]: Listening on udev Kernel Socket.
[[0;32m  OK  [0m] Listening on [0;1;39mudev Kernel Socket[0m.
[   20.467485] systemd[1]: Mounting Huge Pages File System...
         Mounting [0;1;39mHuge Pages File System[0m...
[   20.495149] systemd[1]: Mounting POSIX Message Queue File System...
         Mounting [0;1;39mPOSIX Message Queue File System[0m...
[   20.527143] systemd[1]: Mounting Kernel Debug File System...
         Mounting [0;1;39mKernel Debug File System[0m...
[   20.558582] systemd[1]: Mounting Temporary Directory (/tmp)...
         Mounting [0;1;39mTemporary Directory (/tmp)[0m...
[   20.588066] systemd[1]: Starting Create list of static device nodes for the current kernel...
         Starting [0;1;39mCreate list of stâ€¦odes for the current kernel[0m...
[   20.622969] systemd[1]: Starting Start psplash boot splash screen...
         Starting [0;1;39mStart psplash boot splash screen[0m...
[   20.656702] systemd[1]: Starting RPC Bind...
         Starting [0;1;39mRPC Bind[0m...
[   20.682551] systemd[1]: Condition check resulted in File System Check on Root Device being skipped.
[   20.695417] systemd[1]: Starting Journal Service...
         Starting [0;1;39mJournal Service[0m...
[   20.722098] systemd[1]: Starting Load Kernel Modules...
         Starting [0;1;39mLoad Kernel Modules[0m...
[   20.746482] systemd[1]: Starting Remount Root and Kernel File Systems...
         Starting [0;1;39mRemount Root and Kernel File Systems[0m...
[   20.772825] systemd[1]: Starting udev Coldplug all Devices...
         Starting [0;1;39mudev Coldplug all Devices[0m...
[   20.803087] systemd[1]: Started Start psplash boot splash screen.
[[0;32m  OK  [0m] Started [0;1;39mStart psplash boot splash screen[0m.
[   20.826683] systemd[1]: Started RPC Bind.
[[0;32m  OK  [0m] Started [0;1;39mRPC Bind[0m.
[   20.846730] systemd[1]: Started Journal Service.
[[0;32m  OK  [0m] Started [0;1;39mJournal Service[0m.
[[0;32m  OK  [0m] Mounted [0;1;39mHuge Pages File System[0m.
[[0;32m  OK  [0m] Mounted [0;1;39mPOSIX Message Queue File System[0m.
[[0;32m  OK  [0m] Mounted [0;1;39mKernel Debug File System[0m.
[[0;32m  OK  [0m] Mounted [0;1;39mTemporary Directory (/tmp)[0m.
[[0;32m  OK  [0m] Started [0;1;39mCreate list of staâ€¦ nodes for the current kernel[0m.
[[0;32m  OK  [0m] Started [0;1;39mLoad Kernel Modules[0m.
[[0;32m  OK  [0m] Started [0;1;39mRemount Root and Kernel File Systems[0m.
         Mounting [0;1;39mKernel Configuration File System[0m...
[[0;32m  OK  [0m] Started [0;1;39mStart psplash-systâ€¦progress communication helper[0m.
         Starting [0;1;39mFlush Journal to Persistent Storage[0m...
         Starting [0;1;39mApply Kernel Variables[0m...
[   21.077260] systemd-journald[368]: Received client request to flush runtime journal.
         Starting [0;1;39mCreate Static Device Nodes in /dev[0m...
[[0;32m  OK  [0m] Mounted [0;1;39mKernel Configuration File System[0m.
[[0;32m  OK  [0m] Started [0;1;39mFlush Journal to Persistent Storage[0m.
[[0;32m  OK  [0m] Started [0;1;39mApply Kernel Variables[0m.
[[0;32m  OK  [0m] Started [0;1;39mCreate Static Device Nodes in /dev[0m.
[[0;32m  OK  [0m] Reached target [0;1;39mLocal File Systems (Pre)[0m.
         Mounting [0;1;39m/var/volatile[0m...
         Starting [0;1;39mudev Kernel Device Manager[0m...
[[0;32m  OK  [0m] Started [0;1;39mudev Coldplug all Devices[0m.
[[0;32m  OK  [0m] Mounted [0;1;39m/var/volatile[0m.
         Starting [0;1;39mLoad/Save Random Seed[0m...
[[0;32m  OK  [0m] Reached target [0;1;39mLocal File Systems[0m.
         Starting [0;1;39mCreate Volatile Files and Directories[0m...
[[0;32m  OK  [0m] Started [0;1;39mudev Kernel Device Manager[0m.
[[0;32m  OK  [0m] Started [0;1;39mLoad/Save Random Seed[0m.
         Starting [0;1;39mNetwork Service[0m...
[[0;32m  OK  [0m] Started [0;1;39mCreate Volatile Files and Directories[0m.
         Starting [0;1;39mNetwork Time Synchronization[0m...
         Starting [0;1;39mUpdate UTMP about System Boot/Shutdown[0m...
[[0;32m  OK  [0m] Started [0;1;39mNetwork Service[0m.
         Starting [0;1;39mNetwork Name Resolution[0m...
[[0;32m  OK  [0m] Started [0;1;39mUpdate UTMP about System Boot/Shutdown[0m.
[   21.631554] pwm-backlight: probe of backlight failed with error -16
[[0;32m  OK  [0m] Reached target [0;1;39mHardware activated USB gadget[0m.
[[0;32m  OK  [0m] Started [0;1;39mNetwork Time Synchronization[0m.
[[0;32m  OK  [0m] Reached target [0;1[   21.681830] at24 7-0050: supply vcc not found, using dummy regulator
;39mSystem Initialization[0m.
[   21.693032] at24 7-0050: 128 byte br24t01 EEPROM, writable, 8 bytes/write
[[0;32m  OK  [0m] Started [0;1;39mDaily Cleanup of Temporary Directories[0m.
[[0;32m  OK  [0m] Reached target [0;1;39mSystem Time Set[0m.
[[0;32m  OK  [0m] Reached target [0;1;39mSystem Time Synchronized[0m.
[[0;32m  OK  [0m] Reached target [0;1;39mTimers[0m.
[[0;32m  OK  [0m] Listening on [0;1;39mAvahi mDNS/DNS-SD Stack Activation Socket[0m.
[   21.774723] renesas_usb3 ee020000.usb: probed with phy
[[0;32m  OK  [0m] Listening on [0;1;39mD-Bus System Message Bus Socket[0m.
[[0;32m  OK  [0m] Listening on [0;1;39mdropbear.socket[0m.
[   21.832194] ccree e6601000.crypto: ARM CryptoCell 630P Driver: HW version 0xAF400001/0xDCC63000, Driver version 5.0
[[0;32m  OK  [0m] Reached target [0;1;39mSockets[0m.
[[0;32m  OK  [0m] Reached target [0;1;39mBasic System[0m.
[[0;32m  OK  [0m] Started [0;1;39mD-Bus System Message Bus[0m.
[   21.904964] ccree e6601000.crypto: ARM ccree device initialized
[[0;32m  OK  [0m] Started [0;1;39moptee services[0m.
         Starting [0;1;39mpvrinit.service[0m...
         Starting [0;1;39mPowerVR consumer services[0m...
         Starting [0;1;39mLogin Service[0m...
[[0;32m  OK  [0m] Started [0;1;39mNetwork Name Resolution[0m.
[[0;1;31mFAILED[0m] Failed to start [0;1;39mpvrinit.service[0m.
See 'systemctl status pvrinit.service' for details.
[[0;1;31mFAILED[0m] Failed to start [0;1;39mPowerVR consumer services[0m.
See 'systemctl status rc.pvr.service' for details.
[[0;1;38;5;185mDEPEND[0m] Dependency failed for [0;1;39mWeston Wayland Compositor[0m.
[[0;32m  OK  [0m] Created slice [0;1;39msystem-weston.slice[0m.
[[0;32m  OK  [0m] Reached target [0;1;39mNetwork[0m.
[[0;32m  OK  [0m] Reached target [0;1;39mHost and Network Name Lookups[0m.
         Starting [0;1;39mAvahi mDNS/DNS-SD Stack[0m...
         Starting [0;1;39mset_default_governor.service[0m...
         Starting [0;1;39mPermit User Sessions[0m...
[[0;32m  OK  [0m] Started [0;1;39mXinetd A Powerful Replacement For Inetd[0m.
[[0;32m  OK  [0m] Started [0;1;39mPermit User Sessions[0m.
[   22.378106] rd 0-7: Disabling EAS, schedutil is mandatory
[[0;32m  OK  [0m] Started [0;1;39mLogin Service[0m.
[[0;32m  OK  [0m] Started [0;1;39mset_default_governor.service[0m.
[[0;32m  OK  [0m] Started [0;1;39mAvahi mDNS/DNS-SD Stack[0m.
[[0;32m  OK  [0m] Started [0;1;39mGetty on tty1[0m.
[[0;32m  OK  [0m] Started [0;1;39mSerial Getty on ttySC0[0m.
[[0;32m  OK  [0m] Reached target [0;1;39mLogin Prompts[0m.
[[0;32m  OK  [0m] Reached target [0;1;39mMulti-User System[0m.
         Starting [0;1;39mUpdate UTMP about System Runlevel Changes[0m...
[[0;32m  OK  [0m] Started [0;1;39mUpdate UTMP about System Runlevel Changes[0m.

Poky (Yocto Project Reference Distro) 3.1.11 salvator-x ttySC0

salvator-x login: 
salvator-x login: root
[   24.206550] audit: type=1006 audit(1703064537.544:2): pid=546 uid=0 old-auid=4294967295 auid=0 tty=(none) old-ses=4294967295 ses=1 res=1
7[r[999;999H[6n8root@salvator-x:~# 
root@salvator-x:~# 
root@salvator-x:~# 
root@salvator-x:~# 
root@salvator-x:~# 
root@salvator-x:~# 
root@salvator-x:~# 
root@salvator-x:~# 
root@salvator-x:~# 
----------Prepare----------


root@salvator-x:~# find /sys/devices/platform/soc/ee0c0100.usb/ -name 'sd*'
/sys/devices/platform/soc/ee0c0100.usb/usb2/2-1/2-1.4/2-1.4:1.0/host1/target1:0:0/1:0:0:0/block/sda
/sys/devices/platform/soc/ee0c0100.usb/usb2/2-1/2-1.4/2-1.4:1.0/host1/target1:0:0/1:0:0:0/block/sda/sda1
root@salvator-x:~# 
root@salvator-x:~# dd if=/dev/urandom of=testdata bs=10M count=5
5+0 records in
5+0 records out
52428800 bytes (52 MB, 50 MiB) copied, 1.57026 s, 33.4 MB/s
root@salvator-x:~# 
root@salvator-x:~# mkdir -p /mnt/usb
root@salvator-x:~# 
root@salvator-x:~# mount /dev/sda1 /mnt/usb
[   36.568794] EXT4-fs (sda1): recovery complete
[   36.574398] EXT4-fs (sda1): mounted filesystem with ordered data mode. Opts: (null)
root@salvator-x:~# 
root@salvator-x:~# cp testdata /mnt/usb/
root@salvator-x:~# 
root@salvator-x:~# umount /mnt/usb
root@salvator-x:~# 
root@salvator-x:~# find /sys/devices/platform/soc/ee0c0100.usb/ -name 'sd*'
/sys/devices/platform/soc/ee0c0100.usb/usb2/2-1/2-1.4/2-1.4:1.0/host1/target1:0:0/1:0:0:0/block/sda
/sys/devices/platform/soc/ee0c0100.usb/usb2/2-1/2-1.4/2-1.4:1.0/host1/target1:0:0/1:0:0:0/block/sda/sda1
root@salvator-x:~# 
root@salvator-x:~# i2cset -f -y 7 0x30 0x20 0x0f
root@salvator-x:~# 

Switch SW23 off and input 'yes' to continue:
Input 'yes' to continue: 

root@salvator-x:~# echo N > /sys/module/printk/parameters/console_suspend
root@salvator-x:~# [   48.094040] SDHI0 VccQ: disabling
[   48.097435] SDHI3 VccQ: disabling

root@salvator-x:~# mount /dev/sda1 /mnt/usb
[   48.710535] EXT4-fs (sda1): mounted filesystem with ordered data mode. Opts: (null)
root@salvator-x:~# 
root@salvator-x:~# cp testdata /mnt/usb/testdata_from_nfs &
[1] 571
root@salvator-x:~# 
root@salvator-x:~# echo mem > /sys/power/state
[   50.098198] PM: suspend entry (deep)
[   52.896499] Filesystems sync: 2.794 seconds
[   52.902997] Freezing user space processes ... (elapsed 0.002 seconds) done.
[   52.905111] OOM killer disabled.
[   52.905114] Freezing remaining freezable tasks ... (elapsed 0.004 seconds) done.
[   53.362197] ravb e6800000.ethernet eth0: Link is Down
[   53.378022] Disabling non-boot CPUs ...
[   53.382473] CPU1: shutdown
[   53.385184] psci: CPU1 killed (polled 0 ms)
[   53.391044] CPU2: shutdown
[   53.393758] psci: CPU2 killed (polled 0 ms)
[   53.399453] CPU3: shutdown
[   53.402197] psci: CPU3 killed (polled 0 ms)
[   53.408190] CPU4: shutdown
[   53.410916] psci: CPU4 killed (polled 0 ms)
[   53.416550] CPU5: shutdown
[   53.419298] psci: CPU5 killed (polled 0 ms)
[   53.424983] CPU6: shutdown
[   53.427729] psci: CPU6 killed (polled 0 ms)
[   53.433471] CPU7: shutdown
[   53.436225] psci: CPU7 killed (polled 0 ms)
 
Pull out USB device at CN10H


Press any button to continue


 Switch power switch: 

NOTICE:  BL2: R-Car Gen3 Initial Program Loader(CA57) Rev.4.0.0
NOTICE:  BL2: PRR is R-Car H3 Ver.3.0
NOTICE:  BL2: Board is Salvator-XS Rev.1.0
NOTICE:  BL2: Boot device is HyperFlash(160MHz)
NOTICE:  BL2: LCM state is CM
NOTICE:  AVS setting succeeded. DVFS_SetVID=0x53
NOTICE:  BL2: DDR3200(rev.0.42)
NOTICE:  BL2: [WARM_BOOT]
NOTICE:  BL2: DRAM Split is 4ch(DDR f)
NOTICE:  BL2: QoS is default setting(rev.0.11)
NOTICE:  BL2: DRAM refresh interval 1.95 usec
NOTICE:  BL2: Periodic Write DQ Training
NOTICE:  BL2: CH0: 400000000 - 47fffffff, 2 GiB
NOTICE:  BL2: CH1: 500000000 - 57fffffff, 2 GiB
NOTICE:  BL2: CH2: 600000000 - 67fffffff, 2 GiB
NOTICE:  BL2: CH3: 700000000 - 77fffffff, 2 GiB
NOTICE:  BL2: Lossy Decomp areas
NOTICE:       Entry 0: DCMPAREACRAx:0x80000540 DCMPAREACRBx:0x570
NOTICE:       Entry 1: DCMPAREACRAx:0x40000000 DCMPAREACRBx:0x0
NOTICE:       Entry 2: DCMPAREACRAx:0x20000000 DCMPAREACRBx:0x0
NOTICE:  BL2: FDT at 0xe6327f70
NOTICE:  BL2: v2.9(release):9cdb21f75
NOTICE:  BL2: Built : 05:25:39, Dec 19 2023
NOTICE:  BL2: Normal boot
[   53.441465] Enabling non-boot CPUs ...
[   53.445502] Detected PIPT I-cache on CPU1
[   53.445557] CPU1: Booted secondary processor 0x0000000001 [0x411fd073]
[   53.446039] CPU1 is up
[   53.459067] Detected PIPT I-cache on CPU2
[   53.459090] CPU2: Booted secondary processor 0x0000000002 [0x411fd073]
[   53.459364] CPU2 is up
[   53.472373] Detected PIPT I-cache on CPU3
[   53.472396] CPU3: Booted secondary processor 0x0000000003 [0x411fd073]
[   53.472671] CPU3 is up
[   53.485732] Detected VIPT I-cache on CPU4
[   53.485784] CPU4: Booted secondary processor 0x0000000100 [0x410fd034]
[   53.486701] CPU4 is up
[   53.499715] Detected VIPT I-cache on CPU5
[   53.499749] CPU5: Booted secondary processor 0x0000000101 [0x410fd034]
[   53.500311] CPU5 is up
[   53.513315] Detected VIPT I-cache on CPU6
[   53.513348] CPU6: Booted secondary processor 0x0000000102 [0x410fd034]
[   53.514011] CPU6 is up
[   53.527015] Detected VIPT I-cache on CPU7
[   53.527048] CPU7: Booted secondary processor 0x0000000103 [0x410fd034]
[   53.527720] CPU7 is up
[   53.599458] xhci-hcd ee000000.usb: xHC error in resume, USBSTS 0x401, Reinit
[   53.606521] usb usb7: root hub lost power or was reset
[   53.611646] usb usb8: root hub lost power or was reset
[   53.716991] Micrel KSZ9031 Gigabit PHY e6800000.ethernet-ffffffff:00: attached PHY driver [Micrel KSZ9031 Gigabit PHY] (mii_bus:phy_addr=e6800000.ethernet-ffffffff:00, irq=183)
[   53.827939] usb usb4: root hub lost power or was reset
[   53.833210] usb usb1: root hub lost power or was reset
[   53.920000] usb usb5: root hub lost power or was reset
[   53.925166] usb usb2: root hub lost power or was reset
[   54.011937] usb usb6: root hub lost power or was reset
[   54.017105] usb usb3: root hub lost power or was reset
[   54.131976] usb usb10: root hub lost power or was reset
[   54.137349] usb usb9: root hub lost power or was reset
[   54.153891] ata1: link resume succeeded after 1 retries
[   54.265420] ata1: SATA link down (SStatus 0 SControl 300)
[   56.789892] OOM killer enabled.
[   56.793725] Restarting tasks ... 
[   56.793995] usb 2-1: USB disconnect, device number 2
[   56.794975] done.
[   56.799731] usb 2-1.4: USB disconnect, device number 3
[1]+  Done                    cp testdata /mnt/usb/testdata_from_nfs
[   56.817131] PM: suspend exit
[   56.821902] blk_update_request: I/O error, dev sda, sector 62933248 op 0x1:(WRITE) flags 0x4000 phys_seg 30 prio class 0
[   56.821943] blk_update_request: I/O error, dev sda, sector 62933488 op 0x1:(WRITE) flags 0x4000 phys_seg 30 prio class 0
[   56.822064] blk_update_request: I/O error, dev sda, sector 62933728 op 0x1:(WRITE) flags 0x4000 phys_seg 30 prio class 0
[   56.822080] blk_update_request: I/O error, dev sda, sector 62933968 op 0x1:(WRITE) flags 0x4000 phys_seg 30 prio class 0
[   56.822115] blk_update_request: I/O error, dev sda, sector 62934208 op 0x1:(WRITE) flags 0x4000 phys_seg 30 prio class 0
[   56.822126] blk_update_request: I/O error, dev sda, sector 62934448 op 0x1:(WRITE) flags 0x4000 phys_seg 30 prio class 0
[   56.822162] blk_update_request: I/O error, dev sda, sector 62934688 op 0x1:(WRITE) flags 0x4000 phys_seg 30 prio class 0
[   56.822173] blk_update_request: I/O error, dev sda, sector 62934928 op 0x1:(WRITE) flags 0x4000 phys_seg 30 prio class 0
[   56.822243] blk_update_request: I/O error, dev sda, sector 62935168 op 0x1:(WRITE) flags 0x0 phys_seg 16 prio class 0
[   56.822256] blk_update_request: I/O error, dev sda, sector 62935296 op 0x1:(WRITE) flags 0x4800 phys_seg 30 prio class 0
[   56.822589] Aborting journal on device sda1-8.
[   56.822618] Buffer I/O error on dev sda1, logical block 7372800, lost sync page write
[   56.822633] JBD2: Error -5 detected when updating journal superblock for sda1-8.
root@salvator-x:~# [   60.685397] ravb e6800000.ethernet eth0: Link is Up - 1Gbps/Full - flow control off

root@salvator-x:~# echo "Wake up sucessfully"
Wake up sucessfully
root@salvator-x:~# 
Plug in USB device at CN10H


Press any button to continue

[   71.561887] usb 2-1: new high-speed USB device number 4 using ehci-platform
[   71.723514] hub 2-1:1.0: USB hub found
[   71.729308] hub 2-1:1.0: 4 ports detected
[   72.121974] usb 2-1.4: new high-speed USB device number 5 using ehci-platform
[   72.336805] usb-storage 2-1.4:1.0: USB Mass Storage device detected
[   72.343877] scsi host2: usb-storage 2-1.4:1.0
[   73.375797] scsi 2:0:0:0: Direct-Access     SanDisk  Ultra            1.00 PQ: 0 ANSI: 6
[   73.385223] sd 2:0:0:0: [sdb] 121307136 512-byte logical blocks: (62.1 GB/57.8 GiB)
[   73.394134] sd 2:0:0:0: [sdb] Write Protect is off
[   73.399865] sd 2:0:0:0: [sdb] Write cache: disabled, read cache: enabled, doesn't support DPO or FUA
[   73.480853]  sdb: sdb1
[   73.492504] sd 2:0:0:0: [sdb] Attached SCSI removable disk

root@salvator-x:~# find /sys/devices/platform/soc/ee0c0100.usb/ -name 'sd*'
/sys/devices/platform/soc/ee0c0100.usb/usb2/2-1/2-1.4/2-1.4:1.0/host2/target2:0:0/2:0:0:0/block/sdb
/sys/devices/platform/soc/ee0c0100.usb/usb2/2-1/2-1.4/2-1.4:1.0/host2/target2:0:0/2:0:0:0/block/sdb/sdb1
root@salvator-x:~# 
root@salvator-x:~# wait
root@salvator-x:~# 
root@salvator-x:~# mount /dev/sdb1 /mnt/usb
[   77.720562] EXT4-fs (sdb1): recovery complete
[   77.746046] EXT4-fs (sdb1): mounted filesystem with ordered data mode. Opts: (null)
root@salvator-x:~# 
root@salvator-x:~# sync
root@salvator-x:~# 
root@salvator-x:~# cmp testdata /mnt/usb/testdata_from_nfs
root@salvator-x:~# 
root@salvator-x:~# umount /mnt/usb
root@salvator-x:~# 
 
#### Result: OK ####
