

----------Item 6----------


Pull out USB device at CN37


Press any button to continue

[   77.240244] usb 3-1: USB disconnect, device number 2
[   77.245262] usb 3-1.4: USB disconnect, device number 3

Please press switch to restart board 

[F 00:00:120
[F 00:00:119
[F 00:00:118
NOTICE:  BL2: R-Car Gen3 Initial Program Loader(CA57) Rev.4.0.0
NOTICE:  BL2: PRR is R-Car H3 Ver.3.0
NOTICE:  BL2: Board is Salvator-XS Rev.1.0
NOTICE:  BL2: Boot device is HyperFlash(160MHz)
NOTICE:  BL2: LCM state is CM
NOTICE:  AVS setting succeeded. DVFS_SetVID=0x53
NOTICE:  BL2: DDR3200(rev.0.42)
NOTICE:  BL2: [COLD_BOOT]
NOTICE:  BL2: DRAM Split is 4ch(DDR f)
NOTICE:  BL2: QoS is default setting(rev.0.11)
NOTICE:  BL2: DRAM refresh interval 1.95 usec
NOTICE:  BL2: Periodic Write DQ Training
NOTICE:  BL2: CH0: 400000000 - 47fffffff, 2 GiB
NOTICE:  BL2: CH1: 500000000 - 57fffffff, 2 GiB
NOTICE:  BL2: CH2: 600000000 - 67fffffff, 2 GiB
NOTICE:  BL2: CH3: 700000000 - 77fffffff, 2 GiB
NOTICE:  BL2: Lossy Decomp areas
NOTICE:       Entry 0: DCMPAREACRAx:0x80000540 DCMPAREACRBx:0x570
NOTICE:       Entry 1: DCMPAREACRAx:0x40000000 DCMPAREACRBx:0x0
NOTICE:       Entry 2: DCMPAREACRAx:0x20000000 DCMPAREACRBx:0x0
NOTICE:  BL2: FDT at 0xe6327f70
NOTICE:  BL2: v2.9(release):9cdb21f75
NOTICE:  BL2: Built : 05:25:39, Dec 19 2023
NOTICE:  BL2: Normal boot
NOTICE:  BL2: dst=0xe6327800 src=0x8180000 len=512(0x200)
NOTICE:  BL2: dst=0x43f00000 src=0x8180400 len=6144(0x1800)
NOTICE:  rcar_file_len: len: 0x0003e000
NOTICE:  BL2: dst=0x44000000 src=0x81c0000 len=253952(0x3e000)
NOTICE:  rcar_file_len: len: 0x00200000
NOTICE:  BL2: dst=0x44100000 src=0x8200000 len=2097152(0x200000)
NOTICE:  rcar_file_len: len: 0x00100000
NOTICE:  BL2: dst=0x50000000 src=0x8640000 len=1048576(0x100000)
NOTICE:  BL2: Booting BL31


U-Boot 2020.10 (Dec 19 2023 - 14:30:40 +0000)

CPU: Renesas Electronics R8A7795 rev 3.0
Model: Renesas Salvator-X 2nd version board based on r8a77951
DRAM:  7.9 GiB
RAM Configuration:
Bank #0: 0x048000000 - 0x0bfffffff, 1.9 GiB
Bank #1: 0x500000000 - 0x57fffffff, 2 GiB
Bank #2: 0x600000000 - 0x67fffffff, 2 GiB
Bank #3: 0x700000000 - 0x77fffffff, 2 GiB

MMC:   sd@ee100000: 0, sd@ee140000: 1, sd@ee160000: 2
Loading Environment from MMC... OK
In:    serial@e6e88000
Out:   serial@e6e88000
Err:   serial@e6e88000
Net:   eth0: ethernet@e6800000
Hit any key to stop autoboot:  2  1  0 
ethernet@e6800000 Waiting for PHY auto negotiation to complete.......... done
Using ethernet@e6800000 device
TFTP from server 192.168.10.99; our IP address is 192.168.10.167
Filename 'traivo/H3/rootfs/boot_USB2H/Image'.
Load address: 0x48080000
Loading: *#################################################################
	 #################################################################
	 #################################################################
	 #################################################################
	 #################################################################
	 #################################################################
	 #################################################################
	 #################################################################
	 #################################################################
	 #################################################################
	 #################################################################
	 #################################################################
	 #################################################################
	 #################################################################
	 #################################################################
	 #################################################################
	 #################################################################
	 #################################################################
	 #################################################################
	 #################################################################
	 #################################################################
	 #################################################################
	 #################################################################
	 #################################################################
	 #################################################################
	 #################################################################
	 #################################################################
	 #################################################################
	 #################################################################
	 #################################################################
	 #################################################################
	 #################################################################
	 #################################################################
	 #################################################################
	 ################################################################
	 4.8 MiB/s
done
Bytes transferred = 33376768 (1fd4a00 hex)
Using ethernet@e6800000 device
TFTP from server 192.168.10.99; our IP address is 192.168.10.167
Filename 'traivo/H3/rootfs/boot_USB2H/r8a77951-salvator-xs.dtb'.
Load address: 0x48000000
Loading: *#######
	 8.7 MiB/s
done
Bytes transferred = 90876 (162fc hex)
Moving Image from 0x48080000 to 0x48200000, end=4a260000
## Flattened Device Tree blob at 48000000
   Booting using the fdt blob at 0x48000000
   Loading Device Tree to 0000000053fe6000, end 0000000053fff2fb ... OK

Starting kernel ...

[    0.000000] Booting Linux on physical CPU 0x0000000000 [0x411fd073]
[    0.000000] Linux version 5.10.194-yocto-standard (thuan.nguyen-hong@banvien) (aarch64-poky-linux-gcc (GCC) 9.3.0, GNU ld (GNU Binutils) 2.34.0.20200220) #10 SMP PREEMPT Mon Feb 19 03:51:05 UTC 2024
[    0.000000] Machine model: Renesas Salvator-X 2nd version board based on r8a77951
[    0.000000] efi: UEFI not found.
[    0.000000] Reserved memory: created CMA memory pool at 0x0000000057000000, size 16 MiB
[    0.000000] OF: reserved mem: initialized node linux,adsp@57000000, compatible id shared-dma-pool
[    0.000000] Reserved memory: created CMA memory pool at 0x0000000058000000, size 384 MiB
[    0.000000] OF: reserved mem: initialized node linux,cma@58000000, compatible id shared-dma-pool
[    0.000000] Reserved memory: created CMA memory pool at 0x0000000070000000, size 256 MiB
[    0.000000] OF: reserved mem: initialized node linux,multimedia@70000000, compatible id shared-dma-pool
[    0.000000] NUMA: No NUMA configuration found
[    0.000000] NUMA: Faking a node at [mem 0x0000000048000000-0x000000077fffffff]
[    0.000000] NUMA: NODE_DATA [mem 0x77efdab00-0x77efdcfff]
[    0.000000] Zone ranges:
[    0.000000]   DMA      [mem 0x0000000048000000-0x000000007fffffff]
[    0.000000]   DMA32    [mem 0x0000000080000000-0x00000000ffffffff]
[    0.000000]   Normal   [mem 0x0000000100000000-0x000000077fffffff]
[    0.000000] Movable zone start for each node
[    0.000000] Early memory node ranges
[    0.000000]   node   0: [mem 0x0000000048000000-0x0000000053ffffff]
[    0.000000]   node   0: [mem 0x0000000054000000-0x0000000056ffffff]
[    0.000000]   node   0: [mem 0x0000000057000000-0x00000000bfffffff]
[    0.000000]   node   0: [mem 0x0000000500000000-0x000000057fffffff]
[    0.000000]   node   0: [mem 0x0000000600000000-0x000000067fffffff]
[    0.000000]   node   0: [mem 0x0000000700000000-0x000000077fffffff]
[    0.000000] Initmem setup node 0 [mem 0x0000000048000000-0x000000077fffffff]
[    0.000000] psci: probing for conduit method from DT.
[    0.000000] psci: PSCIv1.1 detected in firmware.
[    0.000000] psci: Using standard PSCI v0.2 function IDs
[    0.000000] psci: Trusted OS resident on physical CPU 0x0
[    0.000000] psci: SMC Calling Convention v1.2
[    0.000000] percpu: Embedded 23 pages/cpu s56984 r8192 d29032 u94208
[    0.000000] Detected PIPT I-cache on CPU0
[    0.000000] CPU features: detected: EL2 vector hardening
[    0.000000] CPU features: detected: Spectre-v2
[    0.000000] CPU features: detected: ARM errata 1165522, 1319367, or 1530923
[    0.000000] CPU features: detected: Spectre-BHB
[    0.000000] CPU features: detected: ARM erratum 1742098
[    0.000000] Built 1 zonelists, mobility grouping on.  Total pages: 2032128
[    0.000000] Policy zone: Normal
[    0.000000] Kernel command line: rw root=/dev/nfs nfsroot=192.168.10.99:/data/tftpboot/traivo/H3/rootfs,nfsvers=4, ip=192.168.10.167
[    0.000000] Dentry cache hash table entries: 1048576 (order: 11, 8388608 bytes, linear)
[    0.000000] Inode-cache hash table entries: 524288 (order: 10, 4194304 bytes, linear)
[    0.000000] mem auto-init: stack:off, heap alloc:off, heap free:off
[    0.000000] software IO TLB: mapped [mem 0x000000004ffe6000-0x0000000053fe6000] (64MB)
[    0.000000] Memory: 7276840K/8257536K available (15232K kernel code, 2834K rwdata, 8240K rodata, 6144K init, 517K bss, 308952K reserved, 671744K cma-reserved)
[    0.000000] SLUB: HWalign=64, Order=0-3, MinObjects=0, CPUs=8, Nodes=1
[    0.000000] rcu: Preemptible hierarchical RCU implementation.
[    0.000000] rcu: 	RCU event tracing is enabled.
[    0.000000] rcu: 	RCU restricting CPUs from NR_CPUS=256 to nr_cpu_ids=8.
[    0.000000] 	Trampoline variant of Tasks RCU enabled.
[    0.000000] rcu: RCU calculated value of scheduler-enlistment delay is 25 jiffies.
[    0.000000] rcu: Adjusting geometry for rcu_fanout_leaf=16, nr_cpu_ids=8
[    0.000000] NR_IRQS: 64, nr_irqs: 64, preallocated irqs: 0
[    0.000000] arch_timer: cp15 timer(s) running at 8.32MHz (virt).
[    0.000000] clocksource: arch_sys_counter: mask: 0xffffffffffffff max_cycles: 0x1eb398c07, max_idle_ns: 440795202503 ns
[    0.000003] sched_clock: 56 bits at 8MHz, resolution 120ns, wraps every 2199023255503ns
[    0.000208] Console: colour dummy device 80x25
[    0.000417] printk: console [tty0] enabled
[    0.000491] Calibrating delay loop (skipped), value calculated using timer frequency.. 16.64 BogoMIPS (lpj=33280)
[    0.000506] pid_max: default: 32768 minimum: 301
[    0.000565] LSM: Security Framework initializing
[    0.000654] Mount-cache hash table entries: 16384 (order: 5, 131072 bytes, linear)
[    0.000706] Mountpoint-cache hash table entries: 16384 (order: 5, 131072 bytes, linear)
[    0.002160] rcu: Hierarchical SRCU implementation.
[    0.003730] Detected Renesas R-Car Gen3 r8a7795 ES3.0
[    0.005871] EFI services will not be available.
[    0.006210] smp: Bringing up secondary CPUs ...
[    0.006667] Detected PIPT I-cache on CPU1
[    0.006713] CPU1: Booted secondary processor 0x0000000001 [0x411fd073]
[    0.007196] Detected PIPT I-cache on CPU2
[    0.007222] CPU2: Booted secondary processor 0x0000000002 [0x411fd073]
[    0.007645] Detected PIPT I-cache on CPU3
[    0.007668] CPU3: Booted secondary processor 0x0000000003 [0x411fd073]
[    0.008138] CPU features: detected: ARM erratum 845719
[    0.008150] Detected VIPT I-cache on CPU4
[    0.008196] CPU4: Booted secondary processor 0x0000000100 [0x410fd034]
[    0.008672] Detected VIPT I-cache on CPU5
[    0.008699] CPU5: Booted secondary processor 0x0000000101 [0x410fd034]
[    0.009134] Detected VIPT I-cache on CPU6
[    0.009160] CPU6: Booted secondary processor 0x0000000102 [0x410fd034]
[    0.009600] Detected VIPT I-cache on CPU7
[    0.009628] CPU7: Booted secondary processor 0x0000000103 [0x410fd034]
[    0.009706] smp: Brought up 1 node, 8 CPUs
[    0.009768] SMP: Total of 8 processors activated.
[    0.009776] CPU features: detected: 32-bit EL0 Support
[    0.009783] CPU features: detected: CRC32 instructions
[    0.009790] CPU features: detected: 32-bit EL1 Support
[    0.022989] CPU: All CPU(s) started at EL1
[    0.023039] alternatives: patching kernel code
[    0.024183] devtmpfs: initialized
[    0.030972] KASLR disabled due to lack of seed
[    0.031121] clocksource: jiffies: mask: 0xffffffff max_cycles: 0xffffffff, max_idle_ns: 7645041785100000 ns
[    0.031141] futex hash table entries: 2048 (order: 5, 131072 bytes, linear)
[    0.039768] pinctrl core: initialized pinctrl subsystem
[    0.041248] DMI not present or invalid.
[    0.041746] NET: Registered protocol family 16
[    0.042682] DMA: preallocated 1024 KiB GFP_KERNEL pool for atomic allocations
[    0.042879] DMA: preallocated 1024 KiB GFP_KERNEL|GFP_DMA pool for atomic allocations
[    0.043171] DMA: preallocated 1024 KiB GFP_KERNEL|GFP_DMA32 pool for atomic allocations
[    0.043211] audit: initializing netlink subsys (disabled)
[    0.043392] audit: type=2000 audit(0.040:1): state=initialized audit_enabled=0 res=1
[    0.044561] thermal_sys: Registered thermal governor 'power_allocator'
[    0.045074] cpuidle: using governor menu
[    0.045246] hw-breakpoint: found 6 breakpoint and 4 watchpoint registers.
[    0.045371] ASID allocator initialised with 65536 entries
[    0.046661] Serial: AMBA PL011 UART driver
[    0.089527] sh-pfc e6060000.pinctrl: r8a77951_pfc support registered
[    0.104245] HugeTLB registered 1.00 GiB page size, pre-allocated 0 pages
[    0.104258] HugeTLB registered 32.0 MiB page size, pre-allocated 0 pages
[    0.104265] HugeTLB registered 2.00 MiB page size, pre-allocated 0 pages
[    0.104273] HugeTLB registered 64.0 KiB page size, pre-allocated 0 pages
[    0.105237] cryptd: max_cpu_qlen set to 1000
[    0.107501] ACPI: Interpreter disabled.
[    0.111345] rcar-avs: use avs value: 0
[    0.111371] rcar-avs: cpu@0 is running with: opp_table0
[    0.111382] rcar-avs: cpu@1 is running with: opp_table0
[    0.111393] rcar-avs: cpu@2 is running with: opp_table0
[    0.111401] rcar-avs: cpu@3 is running with: opp_table0
[    0.111482] rcar-avs: gsx@fd000000 is running with: gsx_opp_table0
[    0.112896] iommu: Default domain type: Translated 
[    0.113460] ipmmu-vmsa e67b0000.iommu: IPMMU context 0 is reserved
[    0.114429] vgaarb: loaded
[    0.114630] SCSI subsystem initialized
[    0.114879] usbcore: registered new interface driver usbfs
[    0.114907] usbcore: registered new interface driver hub
[    0.114933] usbcore: registered new device driver usb
[    0.118478] i2c-sh_mobile e60b0000.i2c: I2C adapter 7, bus speed 400000 Hz
[    0.119009] mc: Linux media interface: v0.10
[    0.119031] videodev: Linux video capture interface: v2.00
[    0.119078] pps_core: LinuxPPS API ver. 1 registered
[    0.119086] pps_core: Software ver. 5.3.6 - Copyright 2005-2007 Rodolfo Giometti <giometti@linux.it>
[    0.119099] PTP clock support registered
[    0.119273] EDAC MC: Ver: 3.0.0
[    0.121246] FPGA manager framework
[    0.121310] Advanced Linux Sound Architecture Driver Initialized.
[    0.121856] clocksource: Switched to clocksource arch_sys_counter
[    0.122003] VFS: Disk quotas dquot_6.6.0
[    0.122046] VFS: Dquot-cache hash table entries: 512 (order 0, 4096 bytes)
[    0.122171] pnp: PnP ACPI: disabled
[    0.125648] NET: Registered protocol family 2
[    0.126060] IP idents hash table entries: 131072 (order: 8, 1048576 bytes, linear)
[    0.128301] tcp_listen_portaddr_hash hash table entries: 4096 (order: 4, 65536 bytes, linear)
[    0.128405] TCP established hash table entries: 65536 (order: 7, 524288 bytes, linear)
[    0.128689] TCP bind hash table entries: 65536 (order: 8, 1048576 bytes, linear)
[    0.129276] TCP: Hash tables configured (established 65536 bind 65536)
[    0.129395] UDP hash table entries: 4096 (order: 5, 131072 bytes, linear)
[    0.129509] UDP-Lite hash table entries: 4096 (order: 5, 131072 bytes, linear)
[    0.129726] NET: Registered protocol family 1
[    0.130123] RPC: Registered named UNIX socket transport module.
[    0.130133] RPC: Registered udp transport module.
[    0.130139] RPC: Registered tcp transport module.
[    0.130144] RPC: Registered tcp NFSv4.1 backchannel transport module.
[    0.130157] PCI: CLS 0 bytes, default 64
[    0.131065] hw perfevents: enabled with armv8_cortex_a53 PMU driver, 7 counters available
[    0.131340] hw perfevents: enabled with armv8_cortex_a57 PMU driver, 7 counters available
[    0.131969] kvm [1]: HYP mode not available
[    0.134892] Initialise system trusted keyrings
[    0.135017] workingset: timestamp_bits=42 max_order=21 bucket_order=0
[    0.138123] squashfs: version 4.0 (2009/01/31) Phillip Lougher
[    0.138520] NFS: Registering the id_resolver key type
[    0.138548] Key type id_resolver registered
[    0.138554] Key type id_legacy registered
[    0.138607] nfs4filelayout_init: NFSv4 File Layout Driver Registering...
[    0.138616] nfs4flexfilelayout_init: NFSv4 Flexfile Layout Driver Registering...
[    0.138715] 9p: Installing v9fs 9p2000 file system support
[    0.164674] Key type asymmetric registered
[    0.164686] Asymmetric key parser 'x509' registered
[    0.164722] Block layer SCSI generic (bsg) driver version 0.4 loaded (major 243)
[    0.164732] io scheduler mq-deadline registered
[    0.164741] io scheduler kyber registered
[    0.180827] gpio_rcar e6050000.gpio: driving 16 GPIOs
[    0.181112] gpio_rcar e6051000.gpio: driving 29 GPIOs
[    0.181374] gpio_rcar e6052000.gpio: driving 15 GPIOs
[    0.181730] gpio_rcar e6053000.gpio: driving 16 GPIOs
[    0.182006] gpio_rcar e6054000.gpio: driving 18 GPIOs
[    0.182378] gpio_rcar e6055000.gpio: driving 26 GPIOs
[    0.182642] gpio_rcar e6055400.gpio: driving 32 GPIOs
[    0.182878] gpio_rcar e6055800.gpio: driving 4 GPIOs
[    0.185767] rcar-pcie fe000000.pcie: host bridge /soc/pcie@fe000000 ranges:
[    0.185795] rcar-pcie fe000000.pcie:       IO 0x00fe100000..0x00fe1fffff -> 0x0000000000
[    0.185817] rcar-pcie fe000000.pcie:      MEM 0x00fe200000..0x00fe3fffff -> 0x00fe200000
[    0.185836] rcar-pcie fe000000.pcie:      MEM 0x0030000000..0x0037ffffff -> 0x0030000000
[    0.185867] rcar-pcie fe000000.pcie:      MEM 0x0038000000..0x003fffffff -> 0x0038000000
[    0.185885] rcar-pcie fe000000.pcie:   IB MEM 0x0040000000..0x007fffffff -> 0x0040000000
[    0.185931] rcar-pcie fe000000.pcie: no pcie3v3 regulator found
[    0.185942] rcar-pcie fe000000.pcie: no pcie1v8 regulator found
[    0.253567] rcar-pcie fe000000.pcie: PCIe link down
[    0.253764] rcar-pcie ee800000.pcie: host bridge /soc/pcie@ee800000 ranges:
[    0.253789] rcar-pcie ee800000.pcie:       IO 0x00ee900000..0x00ee9fffff -> 0x0000000000
[    0.253809] rcar-pcie ee800000.pcie:      MEM 0x00eea00000..0x00eebfffff -> 0x00eea00000
[    0.253827] rcar-pcie ee800000.pcie:      MEM 0x00c0000000..0x00c7ffffff -> 0x00c0000000
[    0.253841] rcar-pcie ee800000.pcie:      MEM 0x00c8000000..0x00cfffffff -> 0x00c8000000
[    0.253873] rcar-pcie ee800000.pcie:   IB MEM 0x0040000000..0x007fffffff -> 0x0040000000
[    0.253908] rcar-pcie ee800000.pcie: no pcie3v3 regulator found
[    0.253919] rcar-pcie ee800000.pcie: no pcie1v8 regulator found
[    0.413856] rcar-pcie ee800000.pcie: PCIe link down
[    0.416334] EINJ: ACPI disabled.
[    0.450056] Serial: 8250/16550 driver, 4 ports, IRQ sharing enabled
[    0.452467] SuperH (H)SCI(F) driver initialized
[    0.452892] e6550000.serial: ttySC1 at MMIO 0xe6550000 (irq = 42, base_baud = 0) is a hscif
[    0.453618] e6e88000.serial: ttySC0 at MMIO 0xe6e88000 (irq = 128, base_baud = 0) is a scif
[    1.658357] printk: console [ttySC0] enabled
[    1.663759] msm_serial: driver initialized
[    1.674072] rcar-dw-hdmi fead0000.hdmi: Detected HDMI TX controller v2.01a with HDCP (DWC HDMI 2.0 TX PHY)
[    1.684007] rcar-dw-hdmi fead0000.hdmi: registered DesignWare HDMI I2C bus driver
[    1.692286] rcar-dw-hdmi feae0000.hdmi: Detected HDMI TX controller v2.01a with HDCP (DWC HDMI 2.0 TX PHY)
[    1.702141] rcar-dw-hdmi feae0000.hdmi: registered DesignWare HDMI I2C bus driver
[    1.717632] loop: module loaded
[    1.722226] megasas: 07.714.04.00-rc1
[    1.727964] scsi host0: sata_rcar
[    1.731443] ata1: SATA max UDMA/133 irq 181
[    1.740898] tun: Universal TUN/TAP device driver, 1.6
[    1.746859] thunder_xcv, ver 1.0
[    1.750114] thunder_bgx, ver 1.0
[    1.753354] nicpf, ver 1.0
[    1.757475] hclge is initializing
[    1.760810] hns3: Hisilicon Ethernet Network Driver for Hip08 Family - version
[    1.768033] hns3: Copyright (c) 2017 Huawei Corporation.
[    1.773366] e1000: Intel(R) PRO/1000 Network Driver
[    1.778245] e1000: Copyright (c) 1999-2006 Intel Corporation.
[    1.784016] e1000e: Intel(R) PRO/1000 Network Driver
[    1.788981] e1000e: Copyright(c) 1999 - 2015 Intel Corporation.
[    1.794925] igb: Intel(R) Gigabit Ethernet Network Driver
[    1.800324] igb: Copyright (c) 2007-2014 Intel Corporation.
[    1.805916] igbvf: Intel(R) Gigabit Virtual Function Network Driver
[    1.812183] igbvf: Copyright (c) 2009 - 2012 Intel Corporation.
[    1.818514] sky2: driver version 1.30
[    1.826105] ravb e6800000.ethernet eth0: Base address at 0xe6800000, 2e:09:0a:02:ec:37, IRQ 125.
[    1.836294] VFIO - User Level meta-driver version: 0.3
[    1.843508] ehci_hcd: USB 2.0 'Enhanced' Host Controller (EHCI) Driver
[    1.850048] ehci-pci: EHCI PCI platform driver
[    1.854510] ehci-platform: EHCI generic platform driver
[    1.860116] ehci-platform ee0a0100.usb: EHCI Host Controller
[    1.865807] ehci-platform ee0a0100.usb: new USB bus registered, assigned bus number 1
[    1.873729] ehci-platform ee0a0100.usb: irq 175, io mem 0xee0a0100
[    1.893866] ehci-platform ee0a0100.usb: USB 2.0 started, EHCI 1.10
[    1.900401] hub 1-0:1.0: USB hub found
[    1.904172] hub 1-0:1.0: 1 port detected
[    1.908585] ehci-platform ee0c0100.usb: EHCI Host Controller
[    1.914260] ehci-platform ee0c0100.usb: new USB bus registered, assigned bus number 2
[    1.922142] ehci-platform ee0c0100.usb: irq 176, io mem 0xee0c0100
[    1.941863] ehci-platform ee0c0100.usb: USB 2.0 started, EHCI 1.10
[    1.948316] hub 2-0:1.0: USB hub found
[    1.952084] hub 2-0:1.0: 1 port detected
[    1.981900] ehci-platform ee0e0100.usb: EHCI Host Controller
[    1.987574] ehci-platform ee0e0100.usb: new USB bus registered, assigned bus number 3
[    1.995444] ehci-platform ee0e0100.usb: irq 177, io mem 0xee0e0100
[    2.013862] ehci-platform ee0e0100.usb: USB 2.0 started, EHCI 1.10
[    2.020285] hub 3-0:1.0: USB hub found
[    2.024053] hub 3-0:1.0: 1 port detected
[    2.028415] ehci-orion: EHCI orion driver
[    2.032666] ehci-exynos: EHCI Exynos driver
[    2.036966] ohci_hcd: USB 1.1 'Open' Host Controller (OHCI) Driver
[    2.043163] ohci-pci: OHCI PCI platform driver
[    2.047644] ohci-platform: OHCI generic platform driver
[    2.053173] ohci-platform ee0a0000.usb: Generic Platform OHCI controller
[    2.059897] ohci-platform ee0a0000.usb: new USB bus registered, assigned bus number 4
[    2.067772] ohci-platform ee0a0000.usb: irq 175, io mem 0xee0a0000
[    2.149871] ata1: link resume succeeded after 1 retries
[    2.164128] hub 4-0:1.0: USB hub found
[    2.167898] hub 4-0:1.0: 1 port detected
[    2.172225] ohci-platform ee0c0000.usb: Generic Platform OHCI controller
[    2.178939] ohci-platform ee0c0000.usb: new USB bus registered, assigned bus number 5
[    2.186809] ohci-platform ee0c0000.usb: irq 176, io mem 0xee0c0000
[    2.261384] ata1: SATA link down (SStatus 0 SControl 300)
[    2.280108] hub 5-0:1.0: USB hub found
[    2.283876] hub 5-0:1.0: 1 port detected
[    2.288195] ohci-platform ee0e0000.usb: Generic Platform OHCI controller
[    2.294908] ohci-platform ee0e0000.usb: new USB bus registered, assigned bus number 6
[    2.302775] ohci-platform ee0e0000.usb: irq 177, io mem 0xee0e0000
[    2.396108] hub 6-0:1.0: USB hub found
[    2.399878] hub 6-0:1.0: 1 port detected
[    2.404208] ohci-exynos: OHCI Exynos driver
[    2.409049] xhci-hcd ee000000.usb: xHCI Host Controller
[    2.414288] xhci-hcd ee000000.usb: new USB bus registered, assigned bus number 7
[    2.437547] xhci-hcd ee000000.usb: hcc params 0x014051ce hci version 0x100 quirks 0x0000000000830410
[    2.446714] xhci-hcd ee000000.usb: irq 172, io mem 0xee000000
[    2.452577] xhci-hcd ee000000.usb: xHCI Host Controller
[    2.457809] xhci-hcd ee000000.usb: new USB bus registered, assigned bus number 8
[    2.465212] xhci-hcd ee000000.usb: Host supports USB 3.0 SuperSpeed
[    2.471767] hub 7-0:1.0: USB hub found
[    2.475536] hub 7-0:1.0: 1 port detected
[    2.479620] usb usb8: We don't know the algorithms for LPM for this host, disabling LPM.
[    2.487968] hub 8-0:1.0: USB hub found
[    2.491739] hub 8-0:1.0: 1 port detected
[    2.496529] usbcore: registered new interface driver usb-storage
[    2.504222] renesas_usbhs e6590000.usb: host probed
[    2.509112] renesas_usbhs e6590000.usb: no transceiver found
[    2.514839] renesas_usbhs e6590000.usb: gadget probed
[    2.520062] renesas_usbhs e6590000.usb: probed
[    2.524977] renesas_usbhs e659c000.usb: host probed
[    2.529868] renesas_usbhs e659c000.usb: no transceiver found
[    2.535584] renesas_usbhs e659c000.usb: gadget probed
[    2.540775] renesas_usbhs e659c000.usb: probed
[    2.547676] i2c /dev entries driver
[    2.562260] cs2000-cp 2-004f: revision - C1
[    2.566504] i2c-rcar e6510000.i2c: probed
[    2.571324] pca953x 4-0020: supply vcc not found, using dummy regulator
[    2.578020] pca953x 4-0020: using no AI
[    2.582660] gpio-355 (PCIE/SATA switch): hogged as output/low
[    2.594920] i2c-rcar e66d8000.i2c: probed
[    2.600218] adv748x 4-0070: Endpoint /soc/i2c@e66d8000/video-receiver@70/port@7/endpoint on port 7
[    2.609206] adv748x 4-0070: Endpoint /soc/i2c@e66d8000/video-receiver@70/port@8/endpoint on port 8
[    2.618179] adv748x 4-0070: Endpoint /soc/i2c@e66d8000/video-receiver@70/port@a/endpoint on port 10
[    2.627243] adv748x 4-0070: Endpoint /soc/i2c@e66d8000/video-receiver@70/port@b/endpoint on port 11
[    2.636635] adv748x 4-0070: chip found @ 0xe0 revision 2143
[    2.689950] rcar-csi2 fea80000.csi2: 1 lanes found
[    2.695150] rcar-csi2 feaa0000.csi2: 4 lanes found
[    2.704785] rcar-vin e6ef0000.video: Device registered as video0
[    2.710866] rcar-vin e6ef1000.video: Device registered as video1
[    2.716934] rcar-vin e6ef2000.video: Device registered as video2
[    2.723006] rcar-vin e6ef3000.video: Device registered as video3
[    2.729072] rcar-vin e6ef4000.video: Device registered as video4
[    2.735151] rcar-vin e6ef5000.video: Device registered as video5
[    2.741228] rcar-vin e6ef6000.video: Device registered as video6
[    2.747307] rcar-vin e6ef7000.video: Device registered as video7
[    2.756050] rcar_gen3_thermal e6198000.thermal: is using pseudo fixed FUSE values
[    2.768237] rcar_gen3_thermal e6198000.thermal: TSC0: Loaded 1 trip points
[    2.779473] rcar_gen3_thermal e6198000.thermal: TSC1: Loaded 1 trip points
[    2.790628] rcar_gen3_thermal e6198000.thermal: TSC2: Loaded 3 trip points
[    2.802786] sdhci: Secure Digital Host Controller Interface driver
[    2.808979] sdhci: Copyright(c) Pierre Ossman
[    2.814237] Synopsys Designware Multimedia Card Interface Driver
[    2.814524] renesas_sdhi_internal_dmac ee100000.mmc: Got CD GPIO
[    2.814689] renesas_sdhi_internal_dmac ee160000.mmc: Got CD GPIO
[    2.814709] renesas_sdhi_internal_dmac ee160000.mmc: Got WP GPIO
[    2.814740] renesas_sdhi_internal_dmac ee140000.mmc: Adding to iommu group 0
[    2.814785] renesas_sdhi_internal_dmac ee140000.mmc: Using IPMMU context 1
[    2.821628] sdhci-pltfm: SDHCI platform and OF driver helper
[    2.826304] renesas_sdhi_internal_dmac ee100000.mmc: Got WP GPIO
[    2.864030] renesas_sdhi_internal_dmac ee140000.mmc: mmc0 base at 0x00000000ee140000, max clock rate 200 MHz
[    2.874126] ledtrig-cpu: registered to indicate activity on CPUs
[    2.881157] SMCCC: SOC_ID: ARCH_SOC_ID not implemented, skipping ....
[    2.888200] usbcore: registered new interface driver usbhid
[    2.893775] usbhid: USB HID core driver
[    2.901390] optee: probing for conduit method.
[    2.905865] optee: revision 3.22 (314ecf9d)
[    2.906356] optee driver R-Car Rev.1.0.11
[    2.914778] optee: dynamic shared memory is enabled
[    2.919941] optee: initialized driver
[    2.934078] rcar_sound ec500000.sound: probed
[    2.939157] NET: Registered protocol family 17
[    2.943736] 9pnet: Installing 9P2000 support
[    2.948091] Key type dns_resolver registered
[    2.952752] registered taskstats version 1
[    2.956869] Loading compiled-in X.509 certificates
[    2.971649] thermal emergency: set temperature to 110 celsius
[    2.974060] mmc0: new HS400 MMC card at address 0001
[    2.977602] thermal emergency: shutdown target cpus 1-7
[    2.983393] mmcblk0: mmc0:0001 BGSD3R 29.1 GiB 
[    2.987611] thermal emergency: freq scaled target cpus 0
[    2.987937] renesas_irqc e61c0000.interrupt-controller: driving 6 irqs
[    2.992501] mmcblk0boot0: mmc0:0001 BGSD3R partition 1 16.0 MiB
[    3.010297] mmcblk0boot1: mmc0:0001 BGSD3R partition 2 16.0 MiB
[    3.016539] mmcblk0rpmb: mmc0:0001 BGSD3R partition 3 4.00 MiB, chardev (509:0)
[    3.025682]  mmcblk0: p1
[    3.037889] ehci-platform ee080100.usb: EHCI Host Controller
[    3.043582] ehci-platform ee080100.usb: new USB bus registered, assigned bus number 9
[    3.051473] ehci-platform ee080100.usb: irq 174, io mem 0xee080100
[    3.069863] ehci-platform ee080100.usb: USB 2.0 started, EHCI 1.10
[    3.076466] hub 9-0:1.0: USB hub found
[    3.080237] hub 9-0:1.0: 1 port detected
[    3.085302] ohci-platform ee080000.usb: Generic Platform OHCI controller
[    3.092024] ohci-platform ee080000.usb: new USB bus registered, assigned bus number 10
[    3.099991] ohci-platform ee080000.usb: irq 174, io mem 0xee080000
[    3.196431] hub 10-0:1.0: USB hub found
[    3.200290] hub 10-0:1.0: 1 port detected
[    3.205540] cpu cpu0: EM: created perf domain
[    3.210509] cpu cpu4: EM: created perf domain
[    3.218302] renesas_sdhi_internal_dmac ee160000.mmc: Got CD GPIO
[    3.224350] renesas_sdhi_internal_dmac ee160000.mmc: Got WP GPIO
[    3.231649] renesas_sdhi_internal_dmac ee100000.mmc: Got CD GPIO
[    3.232307] [drm] Initialized rcar-du 1.0.0 20130110 for feb00000.display on minor 0
[    3.237711] renesas_sdhi_internal_dmac ee100000.mmc: Got WP GPIO
[    3.245435] [drm] Device feb00000.display probed
[    3.294968] Console: switching to colour frame buffer device 128x48
[    3.300618] renesas_sdhi_internal_dmac ee100000.mmc: mmc1 base at 0x00000000ee100000, max clock rate 200 MHz
[    3.300647] renesas_sdhi_internal_dmac ee160000.mmc: mmc2 base at 0x00000000ee160000, max clock rate 200 MHz
[    3.337249] rcar-du feb00000.display: [drm] fb0: rcar-dudrmfb frame buffer device
[    3.349653] input: keys as /devices/platform/keys/input/input0
[    3.428895] Micrel KSZ9031 Gigabit PHY e6800000.ethernet-ffffffff:00: attached PHY driver [Micrel KSZ9031 Gigabit PHY] (mii_bus:phy_addr=e6800000.ethernet-ffffffff:00, irq=183)
[   10.179441] ravb e6800000.ethernet eth0: Link is Up - 1Gbps/Full - flow control off
[   10.209988] IP-Config: Guessing netmask 255.255.255.0
[   10.215156] IP-Config: Complete:
[   10.218469]      device=eth0, hwaddr=2e:09:0a:02:ec:37, ipaddr=192.168.10.167, mask=255.255.255.0, gw=255.255.255.255
[   10.229280]      host=192.168.10.167, domain=, nis-domain=(none)
[   10.235412]      bootserver=255.255.255.255, rootserver=192.168.10.99, rootpath=
[   10.236052] ALSA device list:
[   10.246662]   No soundcards found.
[   10.641643] VFS: Mounted root (nfs4 filesystem) on device 0:22.
[   10.648420] devtmpfs: mounted
[   10.654909] Freeing unused kernel memory: 6144K
[   10.689975] Run /sbin/init as init process
[   10.868485] systemd[1]: System time before build time, advancing clock.
[   11.211674] NET: Registered protocol family 10
[   11.219687] Segment Routing with IPv6
[   11.241617] systemd[1]: systemd 244 running in system mode. (+PAM -AUDIT -SELINUX +IMA -APPARMOR -SMACK +SYSVINIT +UTMP -LIBCRYPTSETUP -GCRYPT -GNUTLS +ACL +XZ -LZ4 -SECCOMP +BLKID -ELFUTILS +KMOD -IDN2 -IDN -PCRE2 default-hierarchy=hybrid)
[   11.264929] systemd[1]: Detected architecture arm64.

Welcome to [1mPoky (Yocto Project Reference Distro) 3.1.11 (dunfell)[0m!

[   11.296306] systemd[1]: Set hostname to <salvator-x>.
[   12.081015] random: systemd: uninitialized urandom read (16 bytes read)
[   12.092198] systemd[1]: system-getty.slice: unit configures an IP firewall, but the local system does not support BPF/cgroup firewalling.
[   12.113101] systemd[1]: (This warning is only shown for the first unit using IP firewalling.)
[   12.127450] systemd[1]: Created slice system-getty.slice.
[[0;32m  OK  [0m] Created slice [0;1;39msystem-getty.slice[0m.
[   12.150016] random: systemd: uninitialized urandom read (16 bytes read)
[   12.158779] systemd[1]: Created slice system-serial\x2dgetty.slice.
[[0;32m  OK  [0m] Created slice [0;1;39msystem-serial\x2dgetty.slice[0m.
[   12.181959] random: systemd: uninitialized urandom read (16 bytes read)
[   12.190622] systemd[1]: Created slice User and Session Slice.
[[0;32m  OK  [0m] Created slice [0;1;39mUser and Session Slice[0m.
[   12.214179] systemd[1]: Started Dispatch Password Requests to Console Directory Watch.
[[0;32m  OK  [0m] Started [0;1;39mDispatch Password â€¦ts to Console Directory Watch[0m.
[   12.242306] systemd[1]: Started Forward Password Requests to Wall Directory Watch.
[[0;32m  OK  [0m] Started [0;1;39mForward Password Râ€¦uests to Wall Directory Watch[0m.
[   12.270172] systemd[1]: Reached target Paths.
[[0;32m  OK  [0m] Reached target [0;1;39mPaths[0m.
[   12.294086] systemd[1]: Reached target Remote File Systems.
[[0;32m  OK  [0m] Reached target [0;1;39mRemote File Systems[0m.
[   12.318042] systemd[1]: Reached target Slices.
[[0;32m  OK  [0m] Reached target [0;1;39mSlices[0m.
[   12.342060] systemd[1]: Reached target Swap.
[[0;32m  OK  [0m] Reached target [0;1;39mSwap[0m.
[   12.368362] systemd[1]: Listening on RPCbind Server Activation Socket.
[[0;32m  OK  [0m] Listening on [0;1;39mRPCbind Server Activation Socket[0m.
[   12.394097] systemd[1]: Reached target RPC Port Mapper.
[[0;32m  OK  [0m] Reached target [0;1;39mRPC Port Mapper[0m.
[   12.418401] systemd[1]: Listening on initctl Compatibility Named Pipe.
[[0;32m  OK  [0m] Listening on [0;1;39minitctl Compatibility Named Pipe[0m.
[   12.448153] systemd[1]: Listening on Journal Audit Socket.
[[0;32m  OK  [0m] Listening on [0;1;39mJournal Audit Socket[0m.
[   12.475832] systemd[1]: Listening on Journal Socket (/dev/log).
[[0;32m  OK  [0m] Listening on [0;1;39mJournal Socket (/dev/log)[0m.
[   12.502695] systemd[1]: Listening on Journal Socket.
[[0;32m  OK  [0m] Listening on [0;1;39mJournal Socket[0m.
[   12.528068] systemd[1]: Listening on Network Service Netlink Socket.
[[0;32m  OK  [0m] Listening on [0;1;39mNetwork Service Netlink Socket[0m.
[   12.556556] systemd[1]: Listening on udev Control Socket.
[[0;32m  OK  [0m] Listening on [0;1;39mudev Control Socket[0m.
[   12.582508] systemd[1]: Listening on udev Kernel Socket.
[[0;32m  OK  [0m] Listening on [0;1;39mudev Kernel Socket[0m.
[   12.611426] systemd[1]: Mounting Huge Pages File System...
         Mounting [0;1;39mHuge Pages File System[0m...
[   12.639349] systemd[1]: Mounting POSIX Message Queue File System...
         Mounting [0;1;39mPOSIX Message Queue File System[0m...
[   12.671165] systemd[1]: Mounting Kernel Debug File System...
         Mounting [0;1;39mKernel Debug File System[0m...
[   12.701694] systemd[1]: Mounting Temporary Directory (/tmp)...
         Mounting [0;1;39mTemporary Directory (/tmp)[0m...
[   12.731980] systemd[1]: Starting Create list of static device nodes for the current kernel...
         Starting [0;1;39mCreate list of stâ€¦odes for the current kernel[0m...
[   12.767313] systemd[1]: Starting Start psplash boot splash screen...
         Starting [0;1;39mStart psplash boot splash screen[0m...
[   12.800929] systemd[1]: Starting RPC Bind...
         Starting [0;1;39mRPC Bind[0m...
[   12.830706] systemd[1]: Condition check resulted in File System Check on Root Device being skipped.
[   12.847034] systemd[1]: Starting Journal Service...
         Starting [0;1;39mJournal Service[0m...
[   12.873644] systemd[1]: Starting Load Kernel Modules...
         Starting [0;1;39mLoad Kernel Modules[0m...
[   12.898868] systemd[1]: Starting Remount Root and Kernel File Systems...
         Starting [0;1;39mRemount Root and Kernel File Systems[0m...
[   12.927443] systemd[1]: Starting udev Coldplug all Devices...
         Starting [0;1;39mudev Coldplug all Devices[0m...
[   12.953429] systemd[1]: Started Start psplash boot splash screen.
[[0;32m  OK  [0m] Started [0;1;39mStart psplash boot splash screen[0m.
[   12.978736] systemd[1]: Started RPC Bind.
[[0;32m  OK  [0m] Started [0;1;39mRPC Bind[0m.
[   13.002810] systemd[1]: Started Journal Service.
[[0;32m  OK  [0m] Started [0;1;39mJournal Service[0m.
[[0;32m  OK  [0m] Mounted [0;1;39mHuge Pages File System[0m.
[[0;32m  OK  [0m] Mounted [0;1;39mPOSIX Message Queue File System[0m.
[[0;32m  OK  [0m] Mounted [0;1;39mKernel Debug File System[0m.
[[0;32m  OK  [0m] Mounted [0;1;39mTemporary Directory (/tmp)[0m.
[[0;32m  OK  [0m] Started [0;1;39mCreate list of staâ€¦ nodes for the current kernel[0m.
[[0;32m  OK  [0m] Started [0;1;39mLoad Kernel Modules[0m.
[[0;32m  OK  [0m] Started [0;1;39mRemount Root and Kernel File Systems[0m.
[   13.147146] random: systemd: uninitialized urandom read (16 bytes read)
         Mounting [0;1;39mKerne[   13.161594] random: systemd-journal: uninitialized urandom read (16 bytes read)
l Configuration File System[0m...
[   13.182241] random: systemd: uninitialized urandom read (16 bytes read)
[[0;32m  OK  [0m] Started [0;1;39mStart psplash-systâ€¦progress communication helper[0m.
         Starting [0;1;39mFlush Journal to Persistent Storage[0m...
[   13.237621] systemd-journald[367]: Received client request to flush runtime journal.
         Starting [0;1;39mApply Kernel Variables[0m...
         Starting [0;1;39mCreate Static Device Nodes in /dev[0m...
[[0;32m  OK  [0m] Mounted [0;1;39mKernel Configuration File System[0m.
[[0;32m  OK  [0m] Started [0;1;39mFlush Journal to Persistent Storage[0m.
[[0;32m  OK  [0m] Started [0;1;39mApply Kernel Variables[0m.
[[0;32m  OK  [0m] Started [0;1;39mCreate Static Device Nodes in /dev[0m.
[[0;32m  OK  [0m] Reached target [0;1;39mLocal File Systems (Pre)[0m.
         Mounting [0;1;39m/var/volatile[0m...
         Starting [0;1;39mudev Kernel Device Manager[0m...
[[0;32m  OK  [0m] Mounted [0;1;39m/var/volatile[0m.
[   13.457913] random: crng init done
[   13.461347] random: 50 urandom warning(s) missed due to ratelimiting
         Starting [0;1;39mLoad/Save Random Seed[0m...
[[0;32m  OK  [0m] Reached target [0;1;39mLocal File Systems[0m.
         Starting [0;1;39mCreate Volatile Files and Directories[0m...
[[0;32m  OK  [0m] Started [0;1;39mLoad/Save Random Seed[0m.
[[0;32m  OK  [0m] Started [0;1;39mudev Kernel Device Manager[0m.
[[0;32m  OK  [0m] Started [0;1;39mudev Coldplug all Devices[0m.
         Starting [0;1;39mNetwork Service[0m...
[[0;32m  OK  [0m] Started [0;1;39mCreate Volatile Files and Directories[0m.
         Starting [0;1;39mNetwork Time Synchronization[0m...
         Starting [0;1;39mUpdate UTMP about System Boot/Shutdown[0m...
[[0;32m  OK  [0m] Started [0;1;39mNetwork Service[0m.
         Starting [0;1;39mNetwork Name Resolution[0m...
[[0;32m  OK  [0m] Started [0;1;39mUpdate UTMP about System Boot/Shutdown[0m.
[[0;32m  OK  [0m] Started [0;1;39mNetwork Time Synchronization[0m.
[[0;32m  OK  [0m] Reached target [0;1;39mSystem Initialization[0m.
[[0;32m  OK  [0m] Started [0;1;39mDaily Cleanup of Temporary Directories[0m.
[[0;32m  OK  [0m] Reached target [0;1;39mSystem Time Set[0m.
[[0;32m  OK  [0m] Reached target [0;1;39mSystem Time Synchronized[0m.
[   13.875302] pwm-backlight: probe of backlight failed with error -16
[[0;32m  OK  [0m] Reached target [0;1;39mTimers[0m.
[[0;32m  OK  [0m] Listening on [0;1;39mAvahi mDNS/DNS-SD Stack Activation Socket[0m.
[[0;32m  OK  [0m] Listening on [0;1;39mD-Bus System M[   13.928004] at24 7-0050: supply vcc not found, using dummy regulator
essage Bus Socket[0m.
[   13.938625] at24 7-0050: 128 byte br24t01 EEPROM, writable, 8 bytes/write
[[0;32m  OK  [0m] Listening on [0;1;39mdropbear.socket[0m.
[[0;32m  OK  [0m] Reached target [0;1;39mSockets[0m.
[[0;32m  OK  [0m] Reached target [0;1;39mBasic System[0m.
[[0;32m  OK  [0m] Started [0;1;39mD-Bus System Message Bus[0m.
[[0;32m  OK  [0m] Started [0;1;39moptee services[0m.
         Starting [0;1;39mpvrinit.service[0m...
         Starting [0;1;39mPowerVR consumer services[0m...
[   14.080963] ccree e6601000.crypto: ARM CryptoCell 630P Driver: HW version 0xAF400001/0xDCC63000, Driver version 5.0
[   14.093220] renesas_usb3 ee020000.usb: probed with phy
         Starting [0;1;39mLogin Service[0m...
[   14.121574] ccree e6601000.crypto: ARM ccree device initialized
[[0;32m  OK  [0m] Started [0;1;39mNetwork Name Resolution[0m.
[[0;32m  OK  [0m] Created slice [0;1;39msystem-weston.slice[0m.
[[0;32m  OK  [0m] Reached target [0;1;39mNetwork[0m.
[[0;32m  OK  [0m] Reached target [0;1;39mHost and Network Name Lookups[0m.
[[0;32m  OK  [0m] Reached target [0;1;39mHardware activated USB gadget[0m.
         Starting [0;1;39mAvahi mDNS/DNS-SD Stack[0m...
         Starting [0;1;39mPermit User Sessions[0m...
[[0;32m  OK  [0m] Started [0;1;39mXinetd A Powerful Replacement For Inetd[0m.
[[0;1;31mFAILED[0m] Failed to start [0;1;39mpvrinit.service[0m.
See 'systemctl status pvrinit.service' for details.
[[0;1;31mFAILED[0m] Failed to start [0;1;39mPowerVR consumer services[0m.
See 'systemctl status rc.pvr.service' for details.
[[0;1;38;5;185mDEPEND[0m] Dependency failed for [0;1;39mWeston Wayland Compositor[0m.
[[0;32m  OK  [0m] Started [0;1;39mPermit User Sessions[0m.
[[0;32m  OK  [0m] Started [0;1;39mAvahi mDNS/DNS-SD Stack[0m.
[[0;32m  OK  [0m] Started [0;1;39mLogin Service[0m.
[[0;32m  OK  [0m] Started [0;1;39mGetty on tty1[0m.
[[0;32m  OK  [0m] Started [0;1;39mSerial Getty on ttySC0[0m.
[[0;32m  OK  [0m] Reached target [0;1;39mLogin Prompts[0m.
         Starting [0;1;39mset_default_governor.service[0m...
[   14.686245] rd 0-7: Disabling EAS, schedutil is mandatory
[[0;32m  OK  [0m] Started [0;1;39mset_default_governor.service[0m.
[[0;32m  OK  [0m] Reached target [0;1;39mMulti-User System[0m.
         Starting [0;1;39mUpdate UTMP about System Runlevel Changes[0m...
[[0;32m  OK  [0m] Started [0;1;39mUpdate UTMP about System Runlevel Changes[0m.

Poky (Yocto Project Reference Distro) 3.1.11 salvator-x ttySC0

salvator-x login: 
salvator-x login: root
[   16.425051] audit: type=1006 audit(1703064537.552:2): pid=539 uid=0 old-auid=4294967295 auid=0 tty=(none) old-ses=4294967295 ses=1 res=1
7[r[999;999H[6n8root@salvator-x:~# 
root@salvator-x:~# 
root@salvator-x:~# 
root@salvator-x:~# 
root@salvator-x:~# 
root@salvator-x:~# 
root@salvator-x:~# 
root@salvator-x:~# 
root@salvator-x:~# 
Plug in USB device at CN37


Press any button to continue

[   41.950026] SDHI0 VccQ: disabling
[   41.953418] SDHI3 VccQ: disabling
[   50.773867] usb 3-1: new high-speed USB device number 2 using ehci-platform
[   50.935049] hub 3-1:1.0: USB hub found
[   50.938870] hub 3-1:1.0: 4 ports detected
[   51.329958] usb 3-1.4: new high-speed USB device number 3 using ehci-platform
[   51.548375] usb-storage 3-1.4:1.0: USB Mass Storage device detected
[   51.555206] scsi host1: usb-storage 3-1.4:1.0
[   52.576620] scsi 1:0:0:0: Direct-Access     SanDisk  Ultra            1.00 PQ: 0 ANSI: 6
[   52.586095] sd 1:0:0:0: [sda] 121307136 512-byte logical blocks: (62.1 GB/57.8 GiB)
[   52.600406] sd 1:0:0:0: [sda] Write Protect is off
[   52.610151] sd 1:0:0:0: [sda] Write cache: disabled, read cache: enabled, doesn't support DPO or FUA
[   52.704915]  sda: sda1
[   52.711712] sd 1:0:0:0: [sda] Attached SCSI removable disk

----------Prepare----------


root@salvator-x:~# find /sys/devices/platform/soc/ee0e0100.usb/ -name 'sd*'
/sys/devices/platform/soc/ee0e0100.usb/usb3/3-1/3-1.4/3-1.4:1.0/host1/target1:0:0/1:0:0:0/block/sda
/sys/devices/platform/soc/ee0e0100.usb/usb3/3-1/3-1.4/3-1.4:1.0/host1/target1:0:0/1:0:0:0/block/sda/sda1
root@salvator-x:~# 
root@salvator-x:~# dd if=/dev/urandom of=testdata bs=10M count=5
5+0 records in
5+0 records out
52428800 bytes (52 MB, 50 MiB) copied, 1.4585 s, 35.9 MB/s
root@salvator-x:~# 
root@salvator-x:~# mkdir -p /mnt/usb
root@salvator-x:~# 
root@salvator-x:~# mount /dev/sda1 /mnt/usb
[   63.140992] EXT4-fs (sda1): mounted filesystem with ordered data mode. Opts: (null)
root@salvator-x:~# 
root@salvator-x:~# cp testdata /mnt/usb/
root@salvator-x:~# 
root@salvator-x:~# umount /mnt/usb
root@salvator-x:~# 
Pull out USB device at CN37


Press any button to continue

[   71.327258] usb 3-1: USB disconnect, device number 2
[   71.332350] usb 3-1.4: USB disconnect, device number 3

root@salvator-x:~# i2cset -f -y 7 0x30 0x20 0x0f
root@salvator-x:~# 

Switch SW23 off and input 'yes' to continue:
Input 'yes' to continue: 

root@salvator-x:~# echo N > /sys/module/printk/parameters/console_suspend
root@salvator-x:~# 
root@salvator-x:~# echo mem > /sys/power/state
[   80.729991] PM: suspend entry (deep)
[   80.733780] Filesystems sync: 0.000 seconds
[   80.739563] Freezing user space processes ... (elapsed 0.001 seconds) done.
[   80.741186] OOM killer disabled.
[   80.741188] Freezing remaining freezable tasks ... (elapsed 0.001 seconds) done.
[   81.211246] ravb e6800000.ethernet eth0: Link is Down
[   81.227765] Disabling non-boot CPUs ...
[   81.232189] CPU1: shutdown
[   81.234910] psci: CPU1 killed (polled 0 ms)
[   81.240809] CPU2: shutdown
[   81.243535] psci: CPU2 killed (polled 0 ms)
[   81.249193] CPU3: shutdown
[   81.251925] psci: CPU3 killed (polled 0 ms)
[   81.257884] CPU4: shutdown
[   81.260595] psci: CPU4 killed (polled 0 ms)
[   81.266191] CPU5: shutdown
[   81.268903] psci: CPU5 killed (polled 0 ms)
[   81.274594] CPU6: shutdown
[   81.277305] psci: CPU6 killed (polled 0 ms)
[   81.283056] CPU7: shutdown
[   81.285766] psci: CPU7 killed (polled 0 ms)
 
Plug in USB device at CN37


Press any button to continue


 Switch power switch: 

NOTICE:  BL2: R-Car Gen3 Initial Program Loader(CA57) Rev.4.0.0
NOTICE:  BL2: PRR is R-Car H3 Ver.3.0
NOTICE:  BL2: Board is Salvator-XS Rev.1.0
NOTICE:  BL2: Boot device is HyperFlash(160MHz)
NOTICE:  BL2: LCM state is CM
NOTICE:  AVS setting succeeded. DVFS_SetVID=0x53
NOTICE:  BL2: DDR3200(rev.0.42)
NOTICE:  BL2: [WARM_BOOT]
NOTICE:  BL2: DRAM Split is 4ch(DDR f)
NOTICE:  BL2: QoS is default setting(rev.0.11)
NOTICE:  BL2: DRAM refresh interval 1.95 usec
NOTICE:  BL2: Periodic Write DQ Training
NOTICE:  BL2: CH0: 400000000 - 47fffffff, 2 GiB
NOTICE:  BL2: CH1: 500000000 - 57fffffff, 2 GiB
NOTICE:  BL2: CH2: 600000000 - 67fffffff, 2 GiB
NOTICE:  BL2: CH3: 700000000 - 77fffffff, 2 GiB
NOTICE:  BL2: Lossy Decomp areas
NOTICE:       Entry 0: DCMPAREACRAx:0x80000540 DCMPAREACRBx:0x570
NOTICE:       Entry 1: DCMPAREACRAx:0x40000000 DCMPAREACRBx:0x0
NOTICE:       Entry 2: DCMPAREACRAx:0x20000000 DCMPAREACRBx:0x0
NOTICE:  BL2: FDT at 0xe6327f70
NOTICE:  BL2: v2.9(release):9cdb21f75
NOTICE:  BL2: Built : 05:25:39, Dec 19 2023
NOTICE:  BL2: Normal boot
[   81.291046] Enabling non-boot CPUs ...
[   81.295090] Detected PIPT I-cache on CPU1
[   81.295144] CPU1: Booted secondary processor 0x0000000001 [0x411fd073]
[   81.295640] CPU1 is up
[   81.308703] Detected PIPT I-cache on CPU2
[   81.308725] CPU2: Booted secondary processor 0x0000000002 [0x411fd073]
[   81.308984] CPU2 is up
[   81.322009] Detected PIPT I-cache on CPU3
[   81.322032] CPU3: Booted secondary processor 0x0000000003 [0x411fd073]
[   81.322331] CPU3 is up
[   81.335394] Detected VIPT I-cache on CPU4
[   81.335446] CPU4: Booted secondary processor 0x0000000100 [0x410fd034]
[   81.336346] CPU4 is up
[   81.349357] Detected VIPT I-cache on CPU5
[   81.349391] CPU5: Booted secondary processor 0x0000000101 [0x410fd034]
[   81.349970] CPU5 is up
[   81.362973] Detected VIPT I-cache on CPU6
[   81.363006] CPU6: Booted secondary processor 0x0000000102 [0x410fd034]
[   81.363715] CPU6 is up
[   81.376721] Detected VIPT I-cache on CPU7
[   81.376754] CPU7: Booted secondary processor 0x0000000103 [0x410fd034]
[   81.377364] CPU7 is up
[   81.450219] xhci-hcd ee000000.usb: xHC error in resume, USBSTS 0x401, Reinit
[   81.457252] usb usb7: root hub lost power or was reset
[   81.462371] usb usb8: root hub lost power or was reset
[   81.588802] Micrel KSZ9031 Gigabit PHY e6800000.ethernet-ffffffff:00: attached PHY driver [Micrel KSZ9031 Gigabit PHY] (mii_bus:phy_addr=e6800000.ethernet-ffffffff:00, irq=183)
[   81.703940] usb usb4: root hub lost power or was reset
[   81.709152] usb usb1: root hub lost power or was reset
[   81.795920] usb usb5: root hub lost power or was reset
[   81.801195] usb usb2: root hub lost power or was reset
[   81.887934] usb usb6: root hub lost power or was reset
[   81.893227] usb usb3: root hub lost power or was reset
[   82.011922] usb usb10: root hub lost power or was reset
[   82.017311] usb usb9: root hub lost power or was reset
[   82.029848] ata1: link resume succeeded after 1 retries
[   82.141461] ata1: SATA link down (SStatus 0 SControl 300)
[   82.158933] OOM killer enabled.
[   82.162781] Restarting tasks ... done.
root@salvator-x:~# [   82.170906] PM: suspend exit
[   82.289847] usb 3-1: new high-speed USB device number 4 using ehci-platform
[   82.456273] hub 3-1:1.0: USB hub found
[   82.460189] hub 3-1:1.0: 4 ports detected
[   82.849834] usb 3-1.4: new high-speed USB device number 5 using ehci-platform
[   83.068973] usb-storage 3-1.4:1.0: USB Mass Storage device detected
[   83.075929] scsi host1: usb-storage 3-1.4:1.0
[   84.097055] scsi 1:0:0:0: Direct-Access     SanDisk  Ultra            1.00 PQ: 0 ANSI: 6
[   84.106388] sd 1:0:0:0: [sda] 121307136 512-byte logical blocks: (62.1 GB/57.8 GiB)
[   84.116097] sd 1:0:0:0: [sda] Write Protect is off
[   84.122187] sd 1:0:0:0: [sda] Write cache: disabled, read cache: enabled, doesn't support DPO or FUA
[   84.210290]  sda: sda1
[   84.221352] sd 1:0:0:0: [sda] Attached SCSI removable disk
[   88.447906] ravb e6800000.ethernet eth0: Link is Up - 1Gbps/Full - flow control off

root@salvator-x:~# echo "Wake up sucessfully"
Wake up sucessfully
root@salvator-x:~# 
root@salvator-x:~# find /sys/devices/platform/soc/ee0e0100.usb/ -name 'sd*'
/sys/devices/platform/soc/ee0e0100.usb/usb3/3-1/3-1.4/3-1.4:1.0/host1/target1:0:0/1:0:0:0/block/sda
/sys/devices/platform/soc/ee0e0100.usb/usb3/3-1/3-1.4/3-1.4:1.0/host1/target1:0:0/1:0:0:0/block/sda/sda1
root@salvator-x:~# 
root@salvator-x:~# mount /dev/sda1 /mnt/usb
[   96.444629] EXT4-fs (sda1): mounted filesystem with ordered data mode. Opts: (null)
root@salvator-x:~# 
root@salvator-x:~# cp testdata /mnt/usb/testdata_from_nfs
root@salvator-x:~# 
root@salvator-x:~# cp /mnt/usb/testdata_from_nfs testdata_from_usb
root@salvator-x:~# 
root@salvator-x:~# sync
root@salvator-x:~# 
root@salvator-x:~# cmp testdata testdata_from_usb
root@salvator-x:~# 
root@salvator-x:~# umount /mnt/usb
root@salvator-x:~# 
 
#### Result: OK ####
