

----------Item 8----------


Plug in USB device at CN37


Press any button to continue

[   85.901948] usb 3-1: new high-speed USB device number 4 using ehci-platform
[   86.063853] hub 3-1:1.0: USB hub found
[   86.067678] hub 3-1:1.0: 4 ports detected
[   86.457966] usb 3-1.4: new high-speed USB device number 5 using ehci-platform
[   86.677047] usb-storage 3-1.4:1.0: USB Mass Storage device detected
[   86.683907] scsi host1: usb-storage 3-1.4:1.0
[   87.712040] scsi 1:0:0:0: Direct-Access     SanDisk  Ultra            1.00 PQ: 0 ANSI: 6
[   87.721648] sd 1:0:0:0: [sda] 121307136 512-byte logical blocks: (62.1 GB/57.8 GiB)
[   87.730506] sd 1:0:0:0: [sda] Write Protect is off
[   87.736238] sd 1:0:0:0: [sda] Write cache: disabled, read cache: enabled, doesn't support DPO or FUA
[   87.796607]  sda: sda1
[   87.803135] sd 1:0:0:0: [sda] Attached SCSI removable disk

Please press switch to restart board 

[F 00:00:120
[F 00:00:119
[F 00:00:118
NOTICE:  BL2: R-Car Gen3 Initial Program Loader(CA57) Rev.4.0.0
NOTICE:  BL2: PRR is R-Car H3 Ver.3.0
NOTICE:  BL2: Board is Salvator-XS Rev.1.0
NOTICE:  BL2: Boot device is HyperFlash(160MHz)
NOTICE:  BL2: LCM state is CM
NOTICE:  AVS setting succeeded. DVFS_SetVID=0x53
NOTICE:  BL2: DDR3200(rev.0.42)
NOTICE:  BL2: [COLD_BOOT]
NOTICE:  BL2: DRAM Split is 4ch(DDR f)
NOTICE:  BL2: QoS is default setting(rev.0.11)
NOTICE:  BL2: DRAM refresh interval 1.95 usec
NOTICE:  BL2: Periodic Write DQ Training
NOTICE:  BL2: CH0: 400000000 - 47fffffff, 2 GiB
NOTICE:  BL2: CH1: 500000000 - 57fffffff, 2 GiB
NOTICE:  BL2: CH2: 600000000 - 67fffffff, 2 GiB
NOTICE:  BL2: CH3: 700000000 - 77fffffff, 2 GiB
NOTICE:  BL2: Lossy Decomp areas
NOTICE:       Entry 0: DCMPAREACRAx:0x80000540 DCMPAREACRBx:0x570
NOTICE:       Entry 1: DCMPAREACRAx:0x40000000 DCMPAREACRBx:0x0
NOTICE:       Entry 2: DCMPAREACRAx:0x20000000 DCMPAREACRBx:0x0
NOTICE:  BL2: FDT at 0xe6327f70
NOTICE:  BL2: v2.9(release):9cdb21f75
NOTICE:  BL2: Built : 05:25:39, Dec 19 2023
NOTICE:  BL2: Normal boot
NOTICE:  BL2: dst=0xe6327800 src=0x8180000 len=512(0x200)
NOTICE:  BL2: dst=0x43f00000 src=0x8180400 len=6144(0x1800)
NOTICE:  rcar_file_len: len: 0x0003e000
NOTICE:  BL2: dst=0x44000000 src=0x81c0000 len=253952(0x3e000)
NOTICE:  rcar_file_len: len: 0x00200000
NOTICE:  BL2: dst=0x44100000 src=0x8200000 len=2097152(0x200000)
NOTICE:  rcar_file_len: len: 0x00100000
NOTICE:  BL2: dst=0x50000000 src=0x8640000 len=1048576(0x100000)
NOTICE:  BL2: Booting BL31


U-Boot 2020.10 (Dec 19 2023 - 14:30:40 +0000)

CPU: Renesas Electronics R8A7795 rev 3.0
Model: Renesas Salvator-X 2nd version board based on r8a77951
DRAM:  7.9 GiB
RAM Configuration:
Bank #0: 0x048000000 - 0x0bfffffff, 1.9 GiB
Bank #1: 0x500000000 - 0x57fffffff, 2 GiB
Bank #2: 0x600000000 - 0x67fffffff, 2 GiB
Bank #3: 0x700000000 - 0x77fffffff, 2 GiB

MMC:   sd@ee100000: 0, sd@ee140000: 1, sd@ee160000: 2
Loading Environment from MMC... OK
In:    serial@e6e88000
Out:   serial@e6e88000
Err:   serial@e6e88000
Net:   eth0: ethernet@e6800000
Hit any key to stop autoboot:  2  1  0 
ethernet@e6800000 Waiting for PHY auto negotiation to complete........... done
Using ethernet@e6800000 device
TFTP from server 192.168.10.99; our IP address is 192.168.10.167
Filename 'traivo/H3/rootfs/boot_USB2H/Image'.
Load address: 0x48080000
Loading: *#################################################################
	 #################################################################
	 #################################################################
	 #################################################################
	 #################################################################
	 #################################################################
	 #################################################################
	 #################################################################
	 #################################################################
	 #################################################################
	 #################################################################
	 #################################################################
	 #################################################################
	 #################################################################
	 #################################################################
	 #################################################################
	 #################################################################
	 #################################################################
	 #################################################################
	 #################################################################
	 #################################################################
	 #################################################################
	 #################################################################
	 #################################################################
	 #################################################################
	 #################################################################
	 #################################################################
	 #################################################################
	 #################################################################
	 #################################################################
	 #################################################################
	 #################################################################
	 #################################################################
	 #################################################################
	 ################################################################
	 4.8 MiB/s
done
Bytes transferred = 33376768 (1fd4a00 hex)
Using ethernet@e6800000 device
TFTP from server 192.168.10.99; our IP address is 192.168.10.167
Filename 'traivo/H3/rootfs/boot_USB2H/r8a77951-salvator-xs.dtb'.
Load address: 0x48000000
Loading: *#######
	 9.6 MiB/s
done
Bytes transferred = 90876 (162fc hex)
Moving Image from 0x48080000 to 0x48200000, end=4a260000
## Flattened Device Tree blob at 48000000
   Booting using the fdt blob at 0x48000000
   Loading Device Tree to 0000000053fe6000, end 0000000053fff2fb ... OK

Starting kernel ...

[    0.000000] Booting Linux on physical CPU 0x0000000000 [0x411fd073]
[    0.000000] Linux version 5.10.194-yocto-standard (thuan.nguyen-hong@banvien) (aarch64-poky-linux-gcc (GCC) 9.3.0, GNU ld (GNU Binutils) 2.34.0.20200220) #10 SMP PREEMPT Mon Feb 19 03:51:05 UTC 2024
[    0.000000] Machine model: Renesas Salvator-X 2nd version board based on r8a77951
[    0.000000] efi: UEFI not found.
[    0.000000] Reserved memory: created CMA memory pool at 0x0000000057000000, size 16 MiB
[    0.000000] OF: reserved mem: initialized node linux,adsp@57000000, compatible id shared-dma-pool
[    0.000000] Reserved memory: created CMA memory pool at 0x0000000058000000, size 384 MiB
[    0.000000] OF: reserved mem: initialized node linux,cma@58000000, compatible id shared-dma-pool
[    0.000000] Reserved memory: created CMA memory pool at 0x0000000070000000, size 256 MiB
[    0.000000] OF: reserved mem: initialized node linux,multimedia@70000000, compatible id shared-dma-pool
[    0.000000] NUMA: No NUMA configuration found
[    0.000000] NUMA: Faking a node at [mem 0x0000000048000000-0x000000077fffffff]
[    0.000000] NUMA: NODE_DATA [mem 0x77efdab00-0x77efdcfff]
[    0.000000] Zone ranges:
[    0.000000]   DMA      [mem 0x0000000048000000-0x000000007fffffff]
[    0.000000]   DMA32    [mem 0x0000000080000000-0x00000000ffffffff]
[    0.000000]   Normal   [mem 0x0000000100000000-0x000000077fffffff]
[    0.000000] Movable zone start for each node
[    0.000000] Early memory node ranges
[    0.000000]   node   0: [mem 0x0000000048000000-0x0000000053ffffff]
[    0.000000]   node   0: [mem 0x0000000054000000-0x0000000056ffffff]
[    0.000000]   node   0: [mem 0x0000000057000000-0x00000000bfffffff]
[    0.000000]   node   0: [mem 0x0000000500000000-0x000000057fffffff]
[    0.000000]   node   0: [mem 0x0000000600000000-0x000000067fffffff]
[    0.000000]   node   0: [mem 0x0000000700000000-0x000000077fffffff]
[    0.000000] Initmem setup node 0 [mem 0x0000000048000000-0x000000077fffffff]
[    0.000000] psci: probing for conduit method from DT.
[    0.000000] psci: PSCIv1.1 detected in firmware.
[    0.000000] psci: Using standard PSCI v0.2 function IDs
[    0.000000] psci: Trusted OS resident on physical CPU 0x0
[    0.000000] psci: SMC Calling Convention v1.2
[    0.000000] percpu: Embedded 23 pages/cpu s56984 r8192 d29032 u94208
[    0.000000] Detected PIPT I-cache on CPU0
[    0.000000] CPU features: detected: EL2 vector hardening
[    0.000000] CPU features: detected: Spectre-v2
[    0.000000] CPU features: detected: ARM errata 1165522, 1319367, or 1530923
[    0.000000] CPU features: detected: Spectre-BHB
[    0.000000] CPU features: detected: ARM erratum 1742098
[    0.000000] Built 1 zonelists, mobility grouping on.  Total pages: 2032128
[    0.000000] Policy zone: Normal
[    0.000000] Kernel command line: rw root=/dev/nfs nfsroot=192.168.10.99:/data/tftpboot/traivo/H3/rootfs,nfsvers=4, ip=192.168.10.167
[    0.000000] Dentry cache hash table entries: 1048576 (order: 11, 8388608 bytes, linear)
[    0.000000] Inode-cache hash table entries: 524288 (order: 10, 4194304 bytes, linear)
[    0.000000] mem auto-init: stack:off, heap alloc:off, heap free:off
[    0.000000] software IO TLB: mapped [mem 0x000000004ffe6000-0x0000000053fe6000] (64MB)
[    0.000000] Memory: 7276840K/8257536K available (15232K kernel code, 2834K rwdata, 8240K rodata, 6144K init, 517K bss, 308952K reserved, 671744K cma-reserved)
[    0.000000] SLUB: HWalign=64, Order=0-3, MinObjects=0, CPUs=8, Nodes=1
[    0.000000] rcu: Preemptible hierarchical RCU implementation.
[    0.000000] rcu: 	RCU event tracing is enabled.
[    0.000000] rcu: 	RCU restricting CPUs from NR_CPUS=256 to nr_cpu_ids=8.
[    0.000000] 	Trampoline variant of Tasks RCU enabled.
[    0.000000] rcu: RCU calculated value of scheduler-enlistment delay is 25 jiffies.
[    0.000000] rcu: Adjusting geometry for rcu_fanout_leaf=16, nr_cpu_ids=8
[    0.000000] NR_IRQS: 64, nr_irqs: 64, preallocated irqs: 0
[    0.000000] arch_timer: cp15 timer(s) running at 8.32MHz (virt).
[    0.000000] clocksource: arch_sys_counter: mask: 0xffffffffffffff max_cycles: 0x1eb398c07, max_idle_ns: 440795202503 ns
[    0.000003] sched_clock: 56 bits at 8MHz, resolution 120ns, wraps every 2199023255503ns
[    0.000211] Console: colour dummy device 80x25
[    0.000417] printk: console [tty0] enabled
[    0.000491] Calibrating delay loop (skipped), value calculated using timer frequency.. 16.64 BogoMIPS (lpj=33280)
[    0.000506] pid_max: default: 32768 minimum: 301
[    0.000565] LSM: Security Framework initializing
[    0.000652] Mount-cache hash table entries: 16384 (order: 5, 131072 bytes, linear)
[    0.000702] Mountpoint-cache hash table entries: 16384 (order: 5, 131072 bytes, linear)
[    0.002143] rcu: Hierarchical SRCU implementation.
[    0.003746] Detected Renesas R-Car Gen3 r8a7795 ES3.0
[    0.005871] EFI services will not be available.
[    0.006209] smp: Bringing up secondary CPUs ...
[    0.006662] Detected PIPT I-cache on CPU1
[    0.006710] CPU1: Booted secondary processor 0x0000000001 [0x411fd073]
[    0.007191] Detected PIPT I-cache on CPU2
[    0.007214] CPU2: Booted secondary processor 0x0000000002 [0x411fd073]
[    0.007637] Detected PIPT I-cache on CPU3
[    0.007659] CPU3: Booted secondary processor 0x0000000003 [0x411fd073]
[    0.008123] CPU features: detected: ARM erratum 845719
[    0.008136] Detected VIPT I-cache on CPU4
[    0.008182] CPU4: Booted secondary processor 0x0000000100 [0x410fd034]
[    0.008660] Detected VIPT I-cache on CPU5
[    0.008687] CPU5: Booted secondary processor 0x0000000101 [0x410fd034]
[    0.009121] Detected VIPT I-cache on CPU6
[    0.009148] CPU6: Booted secondary processor 0x0000000102 [0x410fd034]
[    0.009591] Detected VIPT I-cache on CPU7
[    0.009619] CPU7: Booted secondary processor 0x0000000103 [0x410fd034]
[    0.009697] smp: Brought up 1 node, 8 CPUs
[    0.009760] SMP: Total of 8 processors activated.
[    0.009768] CPU features: detected: 32-bit EL0 Support
[    0.009775] CPU features: detected: CRC32 instructions
[    0.009782] CPU features: detected: 32-bit EL1 Support
[    0.022987] CPU: All CPU(s) started at EL1
[    0.023042] alternatives: patching kernel code
[    0.024202] devtmpfs: initialized
[    0.031004] KASLR disabled due to lack of seed
[    0.031155] clocksource: jiffies: mask: 0xffffffff max_cycles: 0xffffffff, max_idle_ns: 7645041785100000 ns
[    0.031175] futex hash table entries: 2048 (order: 5, 131072 bytes, linear)
[    0.039835] pinctrl core: initialized pinctrl subsystem
[    0.041350] DMI not present or invalid.
[    0.041851] NET: Registered protocol family 16
[    0.042788] DMA: preallocated 1024 KiB GFP_KERNEL pool for atomic allocations
[    0.042985] DMA: preallocated 1024 KiB GFP_KERNEL|GFP_DMA pool for atomic allocations
[    0.043272] DMA: preallocated 1024 KiB GFP_KERNEL|GFP_DMA32 pool for atomic allocations
[    0.043312] audit: initializing netlink subsys (disabled)
[    0.043495] audit: type=2000 audit(0.040:1): state=initialized audit_enabled=0 res=1
[    0.044642] thermal_sys: Registered thermal governor 'power_allocator'
[    0.045153] cpuidle: using governor menu
[    0.045323] hw-breakpoint: found 6 breakpoint and 4 watchpoint registers.
[    0.045452] ASID allocator initialised with 65536 entries
[    0.046767] Serial: AMBA PL011 UART driver
[    0.089584] sh-pfc e6060000.pinctrl: r8a77951_pfc support registered
[    0.104330] HugeTLB registered 1.00 GiB page size, pre-allocated 0 pages
[    0.104343] HugeTLB registered 32.0 MiB page size, pre-allocated 0 pages
[    0.104351] HugeTLB registered 2.00 MiB page size, pre-allocated 0 pages
[    0.104358] HugeTLB registered 64.0 KiB page size, pre-allocated 0 pages
[    0.105319] cryptd: max_cpu_qlen set to 1000
[    0.107562] ACPI: Interpreter disabled.
[    0.111386] rcar-avs: use avs value: 0
[    0.111402] rcar-avs: cpu@0 is running with: opp_table0
[    0.111412] rcar-avs: cpu@1 is running with: opp_table0
[    0.111422] rcar-avs: cpu@2 is running with: opp_table0
[    0.111431] rcar-avs: cpu@3 is running with: opp_table0
[    0.111516] rcar-avs: gsx@fd000000 is running with: gsx_opp_table0
[    0.112935] iommu: Default domain type: Translated 
[    0.113500] ipmmu-vmsa e67b0000.iommu: IPMMU context 0 is reserved
[    0.114492] vgaarb: loaded
[    0.114683] SCSI subsystem initialized
[    0.114937] usbcore: registered new interface driver usbfs
[    0.114968] usbcore: registered new interface driver hub
[    0.114993] usbcore: registered new device driver usb
[    0.118532] i2c-sh_mobile e60b0000.i2c: I2C adapter 7, bus speed 400000 Hz
[    0.119072] mc: Linux media interface: v0.10
[    0.119093] videodev: Linux video capture interface: v2.00
[    0.119140] pps_core: LinuxPPS API ver. 1 registered
[    0.119147] pps_core: Software ver. 5.3.6 - Copyright 2005-2007 Rodolfo Giometti <giometti@linux.it>
[    0.119161] PTP clock support registered
[    0.119332] EDAC MC: Ver: 3.0.0
[    0.121333] FPGA manager framework
[    0.121393] Advanced Linux Sound Architecture Driver Initialized.
[    0.121976] clocksource: Switched to clocksource arch_sys_counter
[    0.122116] VFS: Disk quotas dquot_6.6.0
[    0.122162] VFS: Dquot-cache hash table entries: 512 (order 0, 4096 bytes)
[    0.122292] pnp: PnP ACPI: disabled
[    0.125771] NET: Registered protocol family 2
[    0.126189] IP idents hash table entries: 131072 (order: 8, 1048576 bytes, linear)
[    0.128446] tcp_listen_portaddr_hash hash table entries: 4096 (order: 4, 65536 bytes, linear)
[    0.128548] TCP established hash table entries: 65536 (order: 7, 524288 bytes, linear)
[    0.128832] TCP bind hash table entries: 65536 (order: 8, 1048576 bytes, linear)
[    0.129415] TCP: Hash tables configured (established 65536 bind 65536)
[    0.129538] UDP hash table entries: 4096 (order: 5, 131072 bytes, linear)
[    0.129652] UDP-Lite hash table entries: 4096 (order: 5, 131072 bytes, linear)
[    0.129870] NET: Registered protocol family 1
[    0.130242] RPC: Registered named UNIX socket transport module.
[    0.130252] RPC: Registered udp transport module.
[    0.130257] RPC: Registered tcp transport module.
[    0.130262] RPC: Registered tcp NFSv4.1 backchannel transport module.
[    0.130274] PCI: CLS 0 bytes, default 64
[    0.131197] hw perfevents: enabled with armv8_cortex_a53 PMU driver, 7 counters available
[    0.131474] hw perfevents: enabled with armv8_cortex_a57 PMU driver, 7 counters available
[    0.132096] kvm [1]: HYP mode not available
[    0.135014] Initialise system trusted keyrings
[    0.135151] workingset: timestamp_bits=42 max_order=21 bucket_order=0
[    0.138242] squashfs: version 4.0 (2009/01/31) Phillip Lougher
[    0.138644] NFS: Registering the id_resolver key type
[    0.138676] Key type id_resolver registered
[    0.138683] Key type id_legacy registered
[    0.138735] nfs4filelayout_init: NFSv4 File Layout Driver Registering...
[    0.138745] nfs4flexfilelayout_init: NFSv4 Flexfile Layout Driver Registering...
[    0.138846] 9p: Installing v9fs 9p2000 file system support
[    0.164584] Key type asymmetric registered
[    0.164595] Asymmetric key parser 'x509' registered
[    0.164625] Block layer SCSI generic (bsg) driver version 0.4 loaded (major 243)
[    0.164636] io scheduler mq-deadline registered
[    0.164645] io scheduler kyber registered
[    0.180772] gpio_rcar e6050000.gpio: driving 16 GPIOs
[    0.181056] gpio_rcar e6051000.gpio: driving 29 GPIOs
[    0.181312] gpio_rcar e6052000.gpio: driving 15 GPIOs
[    0.181594] gpio_rcar e6053000.gpio: driving 16 GPIOs
[    0.181844] gpio_rcar e6054000.gpio: driving 18 GPIOs
[    0.182122] gpio_rcar e6055000.gpio: driving 26 GPIOs
[    0.182396] gpio_rcar e6055400.gpio: driving 32 GPIOs
[    0.182638] gpio_rcar e6055800.gpio: driving 4 GPIOs
[    0.185538] rcar-pcie fe000000.pcie: host bridge /soc/pcie@fe000000 ranges:
[    0.185570] rcar-pcie fe000000.pcie:       IO 0x00fe100000..0x00fe1fffff -> 0x0000000000
[    0.185592] rcar-pcie fe000000.pcie:      MEM 0x00fe200000..0x00fe3fffff -> 0x00fe200000
[    0.185611] rcar-pcie fe000000.pcie:      MEM 0x0030000000..0x0037ffffff -> 0x0030000000
[    0.185628] rcar-pcie fe000000.pcie:      MEM 0x0038000000..0x003fffffff -> 0x0038000000
[    0.185647] rcar-pcie fe000000.pcie:   IB MEM 0x0040000000..0x007fffffff -> 0x0040000000
[    0.185693] rcar-pcie fe000000.pcie: no pcie3v3 regulator found
[    0.185704] rcar-pcie fe000000.pcie: no pcie1v8 regulator found
[    0.249683] rcar-pcie fe000000.pcie: PCIe link down
[    0.249887] rcar-pcie ee800000.pcie: host bridge /soc/pcie@ee800000 ranges:
[    0.249911] rcar-pcie ee800000.pcie:       IO 0x00ee900000..0x00ee9fffff -> 0x0000000000
[    0.249932] rcar-pcie ee800000.pcie:      MEM 0x00eea00000..0x00eebfffff -> 0x00eea00000
[    0.249950] rcar-pcie ee800000.pcie:      MEM 0x00c0000000..0x00c7ffffff -> 0x00c0000000
[    0.249979] rcar-pcie ee800000.pcie:      MEM 0x00c8000000..0x00cfffffff -> 0x00c8000000
[    0.249996] rcar-pcie ee800000.pcie:   IB MEM 0x0040000000..0x007fffffff -> 0x0040000000
[    0.250030] rcar-pcie ee800000.pcie: no pcie3v3 regulator found
[    0.250039] rcar-pcie ee800000.pcie: no pcie1v8 regulator found
[    0.409967] rcar-pcie ee800000.pcie: PCIe link down
[    0.412437] EINJ: ACPI disabled.
[    0.446676] Serial: 8250/16550 driver, 4 ports, IRQ sharing enabled
[    0.449109] SuperH (H)SCI(F) driver initialized
[    0.449522] e6550000.serial: ttySC1 at MMIO 0xe6550000 (irq = 42, base_baud = 0) is a hscif
[    0.450297] e6e88000.serial: ttySC0 at MMIO 0xe6e88000 (irq = 128, base_baud = 0) is a scif
[    1.655023] printk: console [ttySC0] enabled
[    1.660451] msm_serial: driver initialized
[    1.670795] rcar-dw-hdmi fead0000.hdmi: Detected HDMI TX controller v2.01a with HDCP (DWC HDMI 2.0 TX PHY)
[    1.680691] rcar-dw-hdmi fead0000.hdmi: registered DesignWare HDMI I2C bus driver
[    1.688942] rcar-dw-hdmi feae0000.hdmi: Detected HDMI TX controller v2.01a with HDCP (DWC HDMI 2.0 TX PHY)
[    1.698803] rcar-dw-hdmi feae0000.hdmi: registered DesignWare HDMI I2C bus driver
[    1.714311] loop: module loaded
[    1.718867] megasas: 07.714.04.00-rc1
[    1.724589] scsi host0: sata_rcar
[    1.728063] ata1: SATA max UDMA/133 irq 181
[    1.737423] tun: Universal TUN/TAP device driver, 1.6
[    1.743372] thunder_xcv, ver 1.0
[    1.746628] thunder_bgx, ver 1.0
[    1.749870] nicpf, ver 1.0
[    1.754008] hclge is initializing
[    1.757334] hns3: Hisilicon Ethernet Network Driver for Hip08 Family - version
[    1.764558] hns3: Copyright (c) 2017 Huawei Corporation.
[    1.769893] e1000: Intel(R) PRO/1000 Network Driver
[    1.774772] e1000: Copyright (c) 1999-2006 Intel Corporation.
[    1.780539] e1000e: Intel(R) PRO/1000 Network Driver
[    1.785504] e1000e: Copyright(c) 1999 - 2015 Intel Corporation.
[    1.791451] igb: Intel(R) Gigabit Ethernet Network Driver
[    1.796850] igb: Copyright (c) 2007-2014 Intel Corporation.
[    1.802436] igbvf: Intel(R) Gigabit Virtual Function Network Driver
[    1.808703] igbvf: Copyright (c) 2009 - 2012 Intel Corporation.
[    1.815038] sky2: driver version 1.30
[    1.822635] ravb e6800000.ethernet eth0: Base address at 0xe6800000, 2e:09:0a:02:ec:37, IRQ 125.
[    1.832818] VFIO - User Level meta-driver version: 0.3
[    1.839985] ehci_hcd: USB 2.0 'Enhanced' Host Controller (EHCI) Driver
[    1.846527] ehci-pci: EHCI PCI platform driver
[    1.850991] ehci-platform: EHCI generic platform driver
[    1.856609] ehci-platform ee0a0100.usb: EHCI Host Controller
[    1.862293] ehci-platform ee0a0100.usb: new USB bus registered, assigned bus number 1
[    1.870211] ehci-platform ee0a0100.usb: irq 175, io mem 0xee0a0100
[    1.889978] ehci-platform ee0a0100.usb: USB 2.0 started, EHCI 1.10
[    1.896496] hub 1-0:1.0: USB hub found
[    1.900267] hub 1-0:1.0: 1 port detected
[    1.904670] ehci-platform ee0c0100.usb: EHCI Host Controller
[    1.910344] ehci-platform ee0c0100.usb: new USB bus registered, assigned bus number 2
[    1.918237] ehci-platform ee0c0100.usb: irq 176, io mem 0xee0c0100
[    1.937972] ehci-platform ee0c0100.usb: USB 2.0 started, EHCI 1.10
[    1.944493] hub 2-0:1.0: USB hub found
[    1.948265] hub 2-0:1.0: 1 port detected
[    1.977978] ehci-platform ee0e0100.usb: EHCI Host Controller
[    1.983654] ehci-platform ee0e0100.usb: new USB bus registered, assigned bus number 3
[    1.991568] ehci-platform ee0e0100.usb: irq 177, io mem 0xee0e0100
[    2.009974] ehci-platform ee0e0100.usb: USB 2.0 started, EHCI 1.10
[    2.016424] hub 3-0:1.0: USB hub found
[    2.020193] hub 3-0:1.0: 1 port detected
[    2.024567] ehci-orion: EHCI orion driver
[    2.028832] ehci-exynos: EHCI Exynos driver
[    2.033136] ohci_hcd: USB 1.1 'Open' Host Controller (OHCI) Driver
[    2.039349] ohci-pci: OHCI PCI platform driver
[    2.043831] ohci-platform: OHCI generic platform driver
[    2.049371] ohci-platform ee0a0000.usb: Generic Platform OHCI controller
[    2.056092] ohci-platform ee0a0000.usb: new USB bus registered, assigned bus number 4
[    2.063971] ohci-platform ee0a0000.usb: irq 175, io mem 0xee0a0000
[    2.145979] ata1: link resume succeeded after 1 retries
[    2.160256] hub 4-0:1.0: USB hub found
[    2.164026] hub 4-0:1.0: 1 port detected
[    2.168358] ohci-platform ee0c0000.usb: Generic Platform OHCI controller
[    2.175072] ohci-platform ee0c0000.usb: new USB bus registered, assigned bus number 5
[    2.182942] ohci-platform ee0c0000.usb: irq 176, io mem 0xee0c0000
[    2.257501] ata1: SATA link down (SStatus 0 SControl 300)
[    2.276238] hub 5-0:1.0: USB hub found
[    2.277974] usb 3-1: new high-speed USB device number 2 using ehci-platform
[    2.280007] hub 5-0:1.0: 1 port detected
[    2.291267] ohci-platform ee0e0000.usb: Generic Platform OHCI controller
[    2.297980] ohci-platform ee0e0000.usb: new USB bus registered, assigned bus number 6
[    2.305846] ohci-platform ee0e0000.usb: irq 177, io mem 0xee0e0000
[    2.400261] hub 6-0:1.0: USB hub found
[    2.404029] hub 6-0:1.0: 1 port detected
[    2.408376] ohci-exynos: OHCI Exynos driver
[    2.413220] xhci-hcd ee000000.usb: xHCI Host Controller
[    2.418460] xhci-hcd ee000000.usb: new USB bus registered, assigned bus number 7
[    2.441712] xhci-hcd ee000000.usb: hcc params 0x014051ce hci version 0x100 quirks 0x0000000000830410
[    2.443379] hub 3-1:1.0: USB hub found
[    2.450885] xhci-hcd ee000000.usb: irq 172, io mem 0xee000000
[    2.454641] hub 3-1:1.0: 4 ports detected
[    2.460462] xhci-hcd ee000000.usb: xHCI Host Controller
[    2.469588] xhci-hcd ee000000.usb: new USB bus registered, assigned bus number 8
[    2.476991] xhci-hcd ee000000.usb: Host supports USB 3.0 SuperSpeed
[    2.483556] hub 7-0:1.0: USB hub found
[    2.487329] hub 7-0:1.0: 1 port detected
[    2.491410] usb usb8: We don't know the algorithms for LPM for this host, disabling LPM.
[    2.499753] hub 8-0:1.0: USB hub found
[    2.503520] hub 8-0:1.0: 1 port detected
[    2.508346] usbcore: registered new interface driver usb-storage
[    2.516030] renesas_usbhs e6590000.usb: host probed
[    2.520921] renesas_usbhs e6590000.usb: no transceiver found
[    2.526645] renesas_usbhs e6590000.usb: gadget probed
[    2.531862] renesas_usbhs e6590000.usb: probed
[    2.536757] renesas_usbhs e659c000.usb: host probed
[    2.541649] renesas_usbhs e659c000.usb: no transceiver found
[    2.547366] renesas_usbhs e659c000.usb: gadget probed
[    2.552572] renesas_usbhs e659c000.usb: probed
[    2.559503] i2c /dev entries driver
[    2.574050] cs2000-cp 2-004f: revision - C1
[    2.578295] i2c-rcar e6510000.i2c: probed
[    2.583108] pca953x 4-0020: supply vcc not found, using dummy regulator
[    2.589814] pca953x 4-0020: using no AI
[    2.594459] gpio-355 (PCIE/SATA switch): hogged as output/low
[    2.606723] i2c-rcar e66d8000.i2c: probed
[    2.612035] adv748x 4-0070: Endpoint /soc/i2c@e66d8000/video-receiver@70/port@7/endpoint on port 7
[    2.621016] adv748x 4-0070: Endpoint /soc/i2c@e66d8000/video-receiver@70/port@8/endpoint on port 8
[    2.629989] adv748x 4-0070: Endpoint /soc/i2c@e66d8000/video-receiver@70/port@a/endpoint on port 10
[    2.639053] adv748x 4-0070: Endpoint /soc/i2c@e66d8000/video-receiver@70/port@b/endpoint on port 11
[    2.648440] adv748x 4-0070: chip found @ 0xe0 revision 2143
[    2.702035] rcar-csi2 fea80000.csi2: 1 lanes found
[    2.707180] rcar-csi2 feaa0000.csi2: 4 lanes found
[    2.716783] rcar-vin e6ef0000.video: Device registered as video0
[    2.722862] rcar-vin e6ef1000.video: Device registered as video1
[    2.728934] rcar-vin e6ef2000.video: Device registered as video2
[    2.735009] rcar-vin e6ef3000.video: Device registered as video3
[    2.741075] rcar-vin e6ef4000.video: Device registered as video4
[    2.747153] rcar-vin e6ef5000.video: Device registered as video5
[    2.753236] rcar-vin e6ef6000.video: Device registered as video6
[    2.759307] rcar-vin e6ef7000.video: Device registered as video7
[    2.768062] rcar_gen3_thermal e6198000.thermal: is using pseudo fixed FUSE values
[    2.780263] rcar_gen3_thermal e6198000.thermal: TSC0: Loaded 1 trip points
[    2.791532] rcar_gen3_thermal e6198000.thermal: TSC1: Loaded 1 trip points
[    2.802707] rcar_gen3_thermal e6198000.thermal: TSC2: Loaded 3 trip points
[    2.814824] sdhci: Secure Digital Host Controller Interface driver
[    2.821015] sdhci: Copyright(c) Pierre Ossman
[    2.826211] Synopsys Designware Multimedia Card Interface Driver
[    2.826600] renesas_sdhi_internal_dmac ee140000.mmc: Adding to iommu group 0
[    2.826741] renesas_sdhi_internal_dmac ee160000.mmc: Got CD GPIO
[    2.826773] renesas_sdhi_internal_dmac ee100000.mmc: Got CD GPIO
[    2.826776] renesas_sdhi_internal_dmac ee160000.mmc: Got WP GPIO
[    2.826807] renesas_sdhi_internal_dmac ee100000.mmc: Got WP GPIO
[    2.833597] sdhci-pltfm: SDHCI platform and OF driver helper
[    2.839371] renesas_sdhi_internal_dmac ee140000.mmc: Using IPMMU context 1
[    2.849992] usb 3-1.4: new high-speed USB device number 3 using ehci-platform
[    2.883135] ledtrig-cpu: registered to indicate activity on CPUs
[    2.890200] SMCCC: SOC_ID: ARCH_SOC_ID not implemented, skipping ....
[    2.897222] usbcore: registered new interface driver usbhid
[    2.898090] renesas_sdhi_internal_dmac ee140000.mmc: mmc0 base at 0x00000000ee140000, max clock rate 200 MHz
[    2.902797] usbhid: USB HID core driver
[    2.906599] optee: probing for conduit method.
[    2.920938] optee: revision 3.22 (314ecf9d)
[    2.921467] optee driver R-Car Rev.1.0.11
[    2.929998] optee: dynamic shared memory is enabled
[    2.935147] optee: initialized driver
[    2.951344] rcar_sound ec500000.sound: probed
[    2.956414] NET: Registered protocol family 17
[    2.960986] 9pnet: Installing 9P2000 support
[    2.965311] Key type dns_resolver registered
[    2.969858] registered taskstats version 1
[    2.973973] Loading compiled-in X.509 certificates
[    2.984623] mmc0: new HS400 MMC card at address 0001
[    2.988628] thermal emergency: set temperature to 110 celsius
[    2.990507] mmcblk0: mmc0:0001 BGSD3R 29.1 GiB 
[    2.995597] thermal emergency: shutdown target cpus 1-7
[    3.000271] mmcblk0boot0: mmc0:0001 BGSD3R partition 1 16.0 MiB
[    3.005097] thermal emergency: freq scaled target cpus 0
[    3.005435] renesas_irqc e61c0000.interrupt-controller: driving 6 irqs
[    3.011404] mmcblk0boot1: mmc0:0001 BGSD3R partition 2 16.0 MiB
[    3.029028] mmcblk0rpmb: mmc0:0001 BGSD3R partition 3 4.00 MiB, chardev (509:0)
[    3.037945]  mmcblk0: p1
[    3.070088] ehci-platform ee080100.usb: EHCI Host Controller
[    3.075778] ehci-platform ee080100.usb: new USB bus registered, assigned bus number 9
[    3.083668] ehci-platform ee080100.usb: irq 174, io mem 0xee080100
[    3.100739] usb-storage 3-1.4:1.0: USB Mass Storage device detected
[    3.107124] ehci-platform ee080100.usb: USB 2.0 started, EHCI 1.10
[    3.107493] scsi host1: usb-storage 3-1.4:1.0
[    3.113807] hub 9-0:1.0: USB hub found
[    3.121451] hub 9-0:1.0: 1 port detected
[    3.126705] ohci-platform ee080000.usb: Generic Platform OHCI controller
[    3.133423] ohci-platform ee080000.usb: new USB bus registered, assigned bus number 10
[    3.141400] ohci-platform ee080000.usb: irq 174, io mem 0xee080000
[    3.236520] hub 10-0:1.0: USB hub found
[    3.240377] hub 10-0:1.0: 1 port detected
[    3.245662] cpu cpu0: EM: created perf domain
[    3.250696] cpu cpu4: EM: created perf domain
[    3.259906] renesas_sdhi_internal_dmac ee100000.mmc: Got CD GPIO
[    3.259918] renesas_sdhi_internal_dmac ee160000.mmc: Got CD GPIO
[    3.262738] [drm] Initialized rcar-du 1.0.0 20130110 for feb00000.display on minor 0
[    3.262741] [drm] Device feb00000.display probed
[    3.265963] renesas_sdhi_internal_dmac ee100000.mmc: Got WP GPIO
[    3.272014] renesas_sdhi_internal_dmac ee160000.mmc: Got WP GPIO
[    3.329501] renesas_sdhi_internal_dmac ee100000.mmc: mmc1 base at 0x00000000ee100000, max clock rate 200 MHz
[    3.333195] Console: switching to colour frame buffer device 128x48
[    3.345619] renesas_sdhi_internal_dmac ee160000.mmc: mmc2 base at 0x00000000ee160000, max clock rate 200 MHz
[    3.377810] rcar-du feb00000.display: [drm] fb0: rcar-dudrmfb frame buffer device
[    3.390533] input: keys as /devices/platform/keys/input/input0
[    3.469237] Micrel KSZ9031 Gigabit PHY e6800000.ethernet-ffffffff:00: attached PHY driver [Micrel KSZ9031 Gigabit PHY] (mii_bus:phy_addr=e6800000.ethernet-ffffffff:00, irq=183)
[    4.128015] scsi 1:0:0:0: Direct-Access     SanDisk  Ultra            1.00 PQ: 0 ANSI: 6
[    4.138093] sd 1:0:0:0: [sda] 121307136 512-byte logical blocks: (62.1 GB/57.8 GiB)
[    4.147197] sd 1:0:0:0: [sda] Write Protect is off
[    4.153077] sd 1:0:0:0: [sda] Write cache: disabled, read cache: enabled, doesn't support DPO or FUA
[    4.174267]  sda: sda1
[    4.181471] sd 1:0:0:0: [sda] Attached SCSI removable disk
[   13.590819] ravb e6800000.ethernet eth0: Link is Up - 1Gbps/Full - flow control off
[   13.622010] IP-Config: Guessing netmask 255.255.255.0
[   13.627175] IP-Config: Complete:
[   13.630489]      device=eth0, hwaddr=2e:09:0a:02:ec:37, ipaddr=192.168.10.167, mask=255.255.255.0, gw=255.255.255.255
[   13.641300]      host=192.168.10.167, domain=, nis-domain=(none)
[   13.647428]      bootserver=255.255.255.255, rootserver=192.168.10.99, rootpath=
[   13.648047] ALSA device list:
[   13.666618]   No soundcards found.
[   14.709348] VFS: Mounted root (nfs4 filesystem) on device 0:22.
[   14.720482] devtmpfs: mounted
[   14.731098] Freeing unused kernel memory: 6144K
[   14.778118] Run /sbin/init as init process
[   14.958222] systemd[1]: System time before build time, advancing clock.
[   15.293673] NET: Registered protocol family 10
[   15.299740] Segment Routing with IPv6
[   15.320856] systemd[1]: systemd 244 running in system mode. (+PAM -AUDIT -SELINUX +IMA -APPARMOR -SMACK +SYSVINIT +UTMP -LIBCRYPTSETUP -GCRYPT -GNUTLS +ACL +XZ -LZ4 -SECCOMP +BLKID -ELFUTILS +KMOD -IDN2 -IDN -PCRE2 default-hierarchy=hybrid)
[   15.344293] systemd[1]: Detected architecture arm64.

Welcome to [1mPoky (Yocto Project Reference Distro) 3.1.11 (dunfell)[0m!

[   15.375947] systemd[1]: Set hostname to <salvator-x>.
[   16.170454] random: systemd: uninitialized urandom read (16 bytes read)
[   16.181839] systemd[1]: system-getty.slice: unit configures an IP firewall, but the local system does not support BPF/cgroup firewalling.
[   16.203296] systemd[1]: (This warning is only shown for the first unit using IP firewalling.)
[   16.217872] systemd[1]: Created slice system-getty.slice.
[[0;32m  OK  [0m] Created slice [0;1;39msystem-getty.slice[0m.
[   16.242139] random: systemd: uninitialized urandom read (16 bytes read)
[   16.251086] systemd[1]: Created slice system-serial\x2dgetty.slice.
[[0;32m  OK  [0m] Created slice [0;1;39msystem-serial\x2dgetty.slice[0m.
[   16.274095] random: systemd: uninitialized urandom read (16 bytes read)
[   16.282902] systemd[1]: Created slice User and Session Slice.
[[0;32m  OK  [0m] Created slice [0;1;39mUser and Session Slice[0m.
[   16.306300] systemd[1]: Started Dispatch Password Requests to Console Directory Watch.
[[0;32m  OK  [0m] Started [0;1;39mDispatch Password â€¦ts to Console Directory Watch[0m.
[   16.334446] systemd[1]: Started Forward Password Requests to Wall Directory Watch.
[[0;32m  OK  [0m] Started [0;1;39mForward Password Râ€¦uests to Wall Directory Watch[0m.
[   16.362272] systemd[1]: Reached target Paths.
[[0;32m  OK  [0m] Reached target [0;1;39mPaths[0m.
[   16.386189] systemd[1]: Reached target Remote File Systems.
[[0;32m  OK  [0m] Reached target [0;1;39mRemote File Systems[0m.
[   16.410154] systemd[1]: Reached target Slices.
[[0;32m  OK  [0m] Reached target [0;1;39mSlices[0m.
[   16.434167] systemd[1]: Reached target Swap.
[[0;32m  OK  [0m] Reached target [0;1;39mSwap[0m.
[   16.460991] systemd[1]: Listening on RPCbind Server Activation Socket.
[[0;32m  OK  [0m] Listening on [0;1;39mRPCbind Server Activation Socket[0m.
[   16.490214] systemd[1]: Reached target RPC Port Mapper.
[[0;32m  OK  [0m] Reached target [0;1;39mRPC Port Mapper[0m.
[   16.514506] systemd[1]: Listening on initctl Compatibility Named Pipe.
[[0;32m  OK  [0m] Listening on [0;1;39minitctl Compatibility Named Pipe[0m.
[   16.544204] systemd[1]: Listening on Journal Audit Socket.
[[0;32m  OK  [0m] Listening on [0;1;39mJournal Audit Socket[0m.
[   16.571835] systemd[1]: Listening on Journal Socket (/dev/log).
[[0;32m  OK  [0m] Listening on [0;1;39mJournal Socket (/dev/log)[0m.
[   16.598822] systemd[1]: Listening on Journal Socket.
[[0;32m  OK  [0m] Listening on [0;1;39mJournal Socket[0m.
[   16.624190] systemd[1]: Listening on Network Service Netlink Socket.
[[0;32m  OK  [0m] Listening on [0;1;39mNetwork Service Netlink Socket[0m.
[   16.652713] systemd[1]: Listening on udev Control Socket.
[[0;32m  OK  [0m] Listening on [0;1;39mudev Control Socket[0m.
[   16.678641] systemd[1]: Listening on udev Kernel Socket.
[[0;32m  OK  [0m] Listening on [0;1;39mudev Kernel Socket[0m.
[   16.707477] systemd[1]: Mounting Huge Pages File System...
         Mounting [0;1;39mHuge Pages File System[0m...
[   16.735289] systemd[1]: Mounting POSIX Message Queue File System...
         Mounting [0;1;39mPOSIX Message Queue File System[0m...
[   16.767274] systemd[1]: Mounting Kernel Debug File System...
         Mounting [0;1;39mKernel Debug File System[0m...
[   16.798028] random: crng init done
[   16.798906] systemd[1]: Mounting Temporary Directory (/tmp)...
[   16.803425] random: 19 urandom warning(s) missed due to ratelimiting
         Mounting [0;1;39mTemporary Directory (/tmp)[0m...
[   16.844513] systemd[1]: Starting Create list of static device nodes for the current kernel...
         Starting [0;1;39mCreate list of stâ€¦odes for the current kernel[0m...
[   16.879084] systemd[1]: Starting Start psplash boot splash screen...
         Starting [0;1;39mStart psplash boot splash screen[0m...
[   16.913029] systemd[1]: Starting RPC Bind...
         Starting [0;1;39mRPC Bind[0m...
[   16.938946] systemd[1]: Condition check resulted in File System Check on Root Device being skipped.
[   16.956832] systemd[1]: Starting Journal Service...
         Starting [0;1;39mJournal Service[0m...
[   16.982405] systemd[1]: Starting Load Kernel Modules...
         Starting [0;1;39mLoad Kernel Modules[0m...
[   17.006797] systemd[1]: Starting Remount Root and Kernel File Systems...
         Starting [0;1;39mRemount Root and Kernel File Systems[0m...
[   17.033537] systemd[1]: Starting udev Coldplug all Devices...
         Starting [0;1;39mudev Coldplug all Devices[0m...
[   17.056674] systemd[1]: Started Start psplash boot splash screen.
[[0;32m  OK  [0m] Started [0;1;39mStart psplash boot splash screen[0m.
[   17.078945] systemd[1]: Started RPC Bind.
[[0;32m  OK  [0m] Started [0;1;39mRPC Bind[0m.
[   17.102674] systemd[1]: Started Journal Service.
[[0;32m  OK  [0m] Started [0;1;39mJournal Service[0m.
[[0;32m  OK  [0m] Mounted [0;1;39mHuge Pages File System[0m.
[[0;32m  OK  [0m] Mounted [0;1;39mPOSIX Message Queue File System[0m.
[[0;32m  OK  [0m] Mounted [0;1;39mKernel Debug File System[0m.
[[0;32m  OK  [0m] Mounted [0;1;39mTemporary Directory (/tmp)[0m.
[[0;32m  OK  [0m] Started [0;1;39mCreate list of staâ€¦ nodes for the current kernel[0m.
[[0;32m  OK  [0m] Started [0;1;39mLoad Kernel Modules[0m.
[[0;32m  OK  [0m] Started [0;1;39mRemount Root and Kernel File Systems[0m.
         Mounting [0;1;39mKernel Configuration File System[0m...
[[0;32m  OK  [0m] Started [0;1;39mStart psplash-systâ€¦progress communication helper[0m.
         Starting [0;1;39mFlush Journal to Persistent Storage[0m...
         Starting [0;1;39mApply Kernel Variable[   17.336217] systemd-journald[357]: Received client request to flush runtime journal.
s[0m...
         Starting [0;1;39mCreate Static Device Nodes in /dev[0m...
[[0;32m  OK  [0m] Mounted [0;1;39mKernel Configuration File System[0m.
[[0;32m  OK  [0m] Started [0;1;39mFlush Journal to Persistent Storage[0m.
[[0;32m  OK  [0m] Started [0;1;39mApply Kernel Variables[0m.
[[0;32m  OK  [0m] Started [0;1;39mCreate Static Device Nodes in /dev[0m.
[[0;32m  OK  [0m] Reached target [0;1;39mLocal File Systems (Pre)[0m.
         Mounting [0;1;39m/var/volatile[0m...
         Starting [0;1;39mudev Kernel Device Manager[0m...
[[0;32m  OK  [0m] Mounted [0;1;39m/var/volatile[0m.
[[0;32m  OK  [0m] Started [0;1;39mudev Coldplug all Devices[0m.
         Starting [0;1;39mLoad/Save Random Seed[0m...
[[0;32m  OK  [0m] Reached target [0;1;39mLocal File Systems[0m.
         Starting [0;1;39mCreate Volatile Files and Directories[0m...
[[0;32m  OK  [0m] Started [0;1;39mLoad/Save Random Seed[0m.
[[0;32m  OK  [0m] Started [0;1;39mudev Kernel Device Manager[0m.
         Starting [0;1;39mNetwork Service[0m...
[[0;32m  OK  [0m] Started [0;1;39mCreate Volatile Files and Directories[0m.
         Starting [0;1;39mNetwork Time Synchronization[0m...
         Starting [0;1;39mUpdate UTMP about System Boot/Shutdown[0m...
[[0;32m  OK  [0m] Started [0;1;39mNetwork Service[0m.
         Starting [0;1;39mNetwork Name Resolution[0m...
[[0;32m  OK  [0m] Started [0;1;39mUpdate UTMP about System Boot/Shutdown[0m.
[[0;32m  OK  [0m] Started [0;1;39mNetwork Time Synchronization[0m.
[[0;32m  OK  [0m] Reached target [0;1;39mSystem Initialization[0m.
[[0;32m  OK  [0m] Started [0;1;39mDaily Cleanup of Temporary [   17.887253] pwm-backlight: probe of backlight failed with error -16
Directories[0m.
[[0;32m  OK  [0m] Reached target [0;1;39mSystem Time Set[0m.
[[0;32m  OK  [0m] Reached target [0;1;39mSystem Time Synchronized[0m.
[[0;32m  OK  [0m] Reached target [0;1;39mTimers[0m.
[   17.946149] at24 7-0050: supply vcc not found, using dummy regulator
[[0;32m  OK  [0m] Listening on [0;1;39mAvahi mDNS/DNS[   17.958781] at24 7-0050: 128 byte br24t01 EEPROM, writable, 8 bytes/write
-SD Stack Activation Socket[0m.
[[0;32m  OK  [0m] Listening on [0;1;39mD-Bus System Message Bus Socket[0m.
[[0;32m  OK  [0m] Listening on [0;1;39mdropbear.socket[0m.
[[0;32m  OK  [0m] Reached target [0;1;39mSockets[0m.
[   18.055196] ccree e6601000.crypto: ARM CryptoCell 630P Driver: HW version 0xAF400001/0xDCC63000, Driver version 5.0
[[0;32m  OK  [0m] Reached target [0;1;39mBasic System[0m.
[   18.084335] ccree e6601000.crypto: ARM ccree device initialized
[   18.092533] renesas_usb3 ee020000.usb: probed with phy
[[0;32m  OK  [0m] Started [0;1;39mD-Bus System Message Bus[0m.
[[0;32m  OK  [0m] Started [0;1;39moptee services[0m.
         Starting [0;1;39mpvrinit.service[0m...
         Starting [0;1;39mPowerVR consumer services[0m...
         Starting [0;1;39mLogin Service[0m...
[[0;32m  OK  [0m] Started [0;1;39mNetwork Name Resolution[0m.
[[0;32m  OK  [0m] Created slice [0;1;39msystem-weston.slice[0m.
[[0;32m  OK  [0m] Reached target [0;1;39mNetwork[0m.
[[0;32m  OK  [0m] Reached target [0;1;39mHost and Network Name Lookups[0m.
[[0;32m  OK  [0m] Reached target [0;1;39mHardware activated USB gadget[0m.
         Starting [0;1;39mAvahi mDNS/DNS-SD Stack[0m...
         Starting [0;1;39mPermit User Sessions[0m...
[[0;32m  OK  [0m] Started [0;1;39mXinetd A Powerful Replacement For Inetd[0m.
[[0;1;31mFAILED[0m] Failed to start [0;1;39mpvrinit.service[0m.
See 'systemctl status pvrinit.service' for details.
[[0;1;31mFAILED[0m] Failed to start [0;1;39mPowerVR consumer services[0m.
See 'systemctl status rc.pvr.service' for details.
[[0;1;38;5;185mDEPEND[0m] Dependency failed for [0;1;39mWeston Wayland Compositor[0m.
[[0;32m  OK  [0m] Started [0;1;39mPermit User Sessions[0m.
[[0;32m  OK  [0m] Started [0;1;39mLogin Service[0m.
[[0;32m  OK  [0m] Started [0;1;39mAvahi mDNS/DNS-SD Stack[0m.
[[0;32m  OK  [0m] Started [0;1;39mGetty on tty1[0m.
[[0;32m  OK  [0m] Started [0;1;39mSerial Getty on ttySC0[0m.
[[0;32m  OK  [0m] Reached target [0;1;39mLogin Prompts[0m.
         Starting [0;1;39mset_default_governor.service[0m...
[   18.770921] rd 0-7: Disabling EAS, schedutil is mandatory
[[0;32m  OK  [0m] Started [0;1;39mset_default_governor.service[0m.
[[0;32m  OK  [0m] Reached target [0;1;39mMulti-User System[0m.
         Starting [0;1;39mUpdate UTMP about System Runlevel Changes[0m...
[[0;32m  OK  [0m] Started [0;1;39mUpdate UTMP about System Runlevel Changes[0m.

Poky (Yocto Project Reference Distro) 3.1.11 salvator-x ttySC0

salvator-x login: 
salvator-x login: root
[   20.907862] audit: type=1006 audit(1703064537.944:2): pid=531 uid=0 old-auid=4294967295 auid=0 tty=(none) old-ses=4294967295 ses=1 res=1
7[r[999;999H[6n8root@salvator-x:~# 
root@salvator-x:~# 
root@salvator-x:~# 
root@salvator-x:~# 
root@salvator-x:~# 
root@salvator-x:~# 
root@salvator-x:~# 
root@salvator-x:~# 
root@salvator-x:~# 
----------Prepare----------


root@salvator-x:~# find /sys/devices/platform/soc/ee0e0100.usb/ -name 'sd*'
/sys/devices/platform/soc/ee0e0100.usb/usb3/3-1/3-1.4/3-1.4:1.0/host1/target1:0:0/1:0:0:0/block/sda
/sys/devices/platform/soc/ee0e0100.usb/usb3/3-1/3-1.4/3-1.4:1.0/host1/target1:0:0/1:0:0:0/block/sda/sda1
root@salvator-x:~# 
root@salvator-x:~# dd if=/dev/urandom of=testdata bs=10M count=5
5+0 records in
5+0 records out
52428800 bytes (52 MB, 50 MiB) copied, 1.49487 s, 35.1 MB/s
root@salvator-x:~# 
root@salvator-x:~# mkdir -p /mnt/usb
root@salvator-x:~# 
root@salvator-x:~# mount /dev/sda1 /mnt/usb
[   33.272685] EXT4-fs (sda1): recovery complete
[   33.278424] EXT4-fs (sda1): mounted filesystem with ordered data mode. Opts: (null)
root@salvator-x:~# 
root@salvator-x:~# cp testdata /mnt/usb/
root@salvator-x:~# 
root@salvator-x:~# umount /mnt/usb
root@salvator-x:~# 
root@salvator-x:~# find /sys/devices/platform/soc/ee0e0100.usb/ -name 'sd*'
/sys/devices/platform/soc/ee0e0100.usb/usb3/3-1/3-1.4/3-1.4:1.0/host1/target1:0:0/1:0:0:0/block/sda
/sys/devices/platform/soc/ee0e0100.usb/usb3/3-1/3-1.4/3-1.4:1.0/host1/target1:0:0/1:0:0:0/block/sda/sda1
root@salvator-x:~# 
root@salvator-x:~# i2cset -f -y 7 0x30 0x20 0x0f
root@salvator-x:~# 

Switch SW23 off and input 'yes' to continue:
[   43.998135] SDHI0 VccQ: disabling
[   44.001526] SDHI3 VccQ: disabling
Input 'yes' to continue: 

root@salvator-x:~# echo N > /sys/module/printk/parameters/console_suspend
root@salvator-x:~# 
root@salvator-x:~# mount /dev/sda1 /mnt/usb
[   63.989190] EXT4-fs (sda1): mounted filesystem with ordered data mode. Opts: (null)
root@salvator-x:~# 
root@salvator-x:~# cp testdata /mnt/usb/testdata_from_nfs &
[1] 556
root@salvator-x:~# 
root@salvator-x:~# echo mem > /sys/power/state
[   65.378293] PM: suspend entry (deep)
[   67.637618] Filesystems sync: 2.255 seconds
[   67.643813] Freezing user space processes ... (elapsed 0.001 seconds) done.
[   67.645424] OOM killer disabled.
[   67.645426] Freezing remaining freezable tasks ... (elapsed 0.001 seconds) done.
[   68.092518] ravb e6800000.ethernet eth0: Link is Down
[   68.107598] Disabling non-boot CPUs ...
[   68.112060] CPU1: shutdown
[   68.114784] psci: CPU1 killed (polled 0 ms)
[   68.120565] CPU2: shutdown
[   68.123295] psci: CPU2 killed (polled 0 ms)
[   68.128993] CPU3: shutdown
[   68.131725] psci: CPU3 killed (polled 0 ms)
[   68.137673] CPU4: shutdown
[   68.140399] psci: CPU4 killed (polled 0 ms)
[   68.145955] CPU5: shutdown
[   68.148700] psci: CPU5 killed (polled 0 ms)
[   68.154328] CPU6: shutdown
[   68.157052] psci: CPU6 killed (polled 0 ms)
[   68.162744] CPU7: shutdown
[   68.165456] psci: CPU7 killed (polled 0 ms)
 
Pull out USB device at CN37


Press any button to continue


 Switch power switch: 

NOTICE:  BL2: R-Car Gen3 Initial Program Loader(CA57) Rev.4.0.0
NOTICE:  BL2: PRR is R-Car H3 Ver.3.0
NOTICE:  BL2: Board is Salvator-XS Rev.1.0
NOTICE:  BL2: Boot device is HyperFlash(160MHz)
NOTICE:  BL2: LCM state is CM
NOTICE:  AVS setting succeeded. DVFS_SetVID=0x53
NOTICE:  BL2: DDR3200(rev.0.42)
NOTICE:  BL2: [WARM_BOOT]
NOTICE:  BL2: DRAM Split is 4ch(DDR f)
NOTICE:  BL2: QoS is default setting(rev.0.11)
NOTICE:  BL2: DRAM refresh interval 1.95 usec
NOTICE:  BL2: Periodic Write DQ Training
NOTICE:  BL2: CH0: 400000000 - 47fffffff, 2 GiB
NOTICE:  BL2: CH1: 500000000 - 57fffffff, 2 GiB
NOTICE:  BL2: CH2: 600000000 - 67fffffff, 2 GiB
NOTICE:  BL2: CH3: 700000000 - 77fffffff, 2 GiB
NOTICE:  BL2: Lossy Decomp areas
NOTICE:       Entry 0: DCMPAREACRAx:0x80000540 DCMPAREACRBx:0x570
NOTICE:       Entry 1: DCMPAREACRAx:0x40000000 DCMPAREACRBx:0x0
NOTICE:       Entry 2: DCMPAREACRAx:0x20000000 DCMPAREACRBx:0x0
NOTICE:  BL2: FDT at 0xe6327f70
NOTICE:  BL2: v2.9(release):9cdb21f75
NOTICE:  BL2: Built : 05:25:39, Dec 19 2023
NOTICE:  BL2: Normal boot
[   68.170695] Enabling non-boot CPUs ...
[   68.174733] Detected PIPT I-cache on CPU1
[   68.174789] CPU1: Booted secondary processor 0x0000000001 [0x411fd073]
[   68.175268] CPU1 is up
[   68.188312] Detected PIPT I-cache on CPU2
[   68.188334] CPU2: Booted secondary processor 0x0000000002 [0x411fd073]
[   68.188606] CPU2 is up
[   68.201619] Detected PIPT I-cache on CPU3
[   68.201641] CPU3: Booted secondary processor 0x0000000003 [0x411fd073]
[   68.201912] CPU3 is up
[   68.214981] Detected VIPT I-cache on CPU4
[   68.215033] CPU4: Booted secondary processor 0x0000000100 [0x410fd034]
[   68.215923] CPU4 is up
[   68.228934] Detected VIPT I-cache on CPU5
[   68.228967] CPU5: Booted secondary processor 0x0000000101 [0x410fd034]
[   68.229552] CPU5 is up
[   68.242561] Detected VIPT I-cache on CPU6
[   68.242594] CPU6: Booted secondary processor 0x0000000102 [0x410fd034]
[   68.243181] CPU6 is up
[   68.256188] Detected VIPT I-cache on CPU7
[   68.256221] CPU7: Booted secondary processor 0x0000000103 [0x410fd034]
[   68.256837] CPU7 is up
[   68.329630] xhci-hcd ee000000.usb: xHC error in resume, USBSTS 0x401, Reinit
[   68.336696] usb usb7: root hub lost power or was reset
[   68.341820] usb usb8: root hub lost power or was reset
[   68.376757] Micrel KSZ9031 Gigabit PHY e6800000.ethernet-ffffffff:00: attached PHY driver [Micrel KSZ9031 Gigabit PHY] (mii_bus:phy_addr=e6800000.ethernet-ffffffff:00, irq=183)
[   68.492105] usb usb4: root hub lost power or was reset
[   68.497377] usb usb1: root hub lost power or was reset
[   68.583956] usb usb5: root hub lost power or was reset
[   68.589226] usb usb2: root hub lost power or was reset
[   68.676055] usb usb6: root hub lost power or was reset
[   68.681343] usb usb3: root hub lost power or was reset
[   68.795948] usb usb10: root hub lost power or was reset
[   68.801289] usb usb9: root hub lost power or was reset
[   68.814030] ata1: link resume succeeded after 1 retries
[   68.925554] ata1: SATA link down (SStatus 0 SControl 300)
[   71.573148] OOM killer enabled.
[   71.578672] Restarting tasks ... 
[   71.578833] usb 3-1: USB disconnect, device number 2
[   71.580049] done.
[   71.583018] usb 3-1.4: USB disconnect, device number 3
[1]+  Done                    cp testdata /mnt/usb/testdata_from_nfs
[   71.597215] PM: suspend exit
root@salvator-x:~# [   71.617955] blk_update_request: I/O error, dev sda, sector 75507968 op 0x1:(WRITE) flags 0x4000 phys_seg 30 prio class 0
[   71.628882] blk_update_request: I/O error, dev sda, sector 75508208 op 0x1:(WRITE) flags 0x4000 phys_seg 30 prio class 0
[   71.639797] blk_update_request: I/O error, dev sda, sector 75508448 op 0x1:(WRITE) flags 0x4000 phys_seg 30 prio class 0
[   71.650714] blk_update_request: I/O error, dev sda, sector 75508688 op 0x1:(WRITE) flags 0x4000 phys_seg 30 prio class 0
[   71.661625] blk_update_request: I/O error, dev sda, sector 75508928 op 0x1:(WRITE) flags 0x4000 phys_seg 30 prio class 0
[   71.672541] blk_update_request: I/O error, dev sda, sector 75509168 op 0x1:(WRITE) flags 0x4000 phys_seg 30 prio class 0
[   71.683450] blk_update_request: I/O error, dev sda, sector 75509408 op 0x1:(WRITE) flags 0x4000 phys_seg 30 prio class 0
[   71.694364] blk_update_request: I/O error, dev sda, sector 75509648 op 0x1:(WRITE) flags 0x4000 phys_seg 30 prio class 0
[   71.705273] blk_update_request: I/O error, dev sda, sector 75509888 op 0x1:(WRITE) flags 0x0 phys_seg 16 prio class 0
[   71.715928] blk_update_request: I/O error, dev sda, sector 75510016 op 0x1:(WRITE) flags 0x4800 phys_seg 30 prio class 0
[   71.727049] Aborting journal on device sda1-8.
[   71.731543] Buffer I/O error on dev sda1, logical block 7372800, lost sync page write
[   71.739419] JBD2: Error -5 detected when updating journal superblock for sda1-8.
[   75.181260] ravb e6800000.ethernet eth0: Link is Up - 1Gbps/Full - flow control off

root@salvator-x:~# echo "Wake up sucessfully"
Wake up sucessfully
root@salvator-x:~# 
Plug in USB device at CN37


Press any button to continue

[   87.985948] usb 3-1: new high-speed USB device number 4 using ehci-platform
[   88.147550] hub 3-1:1.0: USB hub found
[   88.151387] hub 3-1:1.0: 4 ports detected
[   88.541947] usb 3-1.4: new high-speed USB device number 5 using ehci-platform
[   88.755991] usb-storage 3-1.4:1.0: USB Mass Storage device detected
[   88.763019] scsi host2: usb-storage 3-1.4:1.0
[   89.795872] scsi 2:0:0:0: Direct-Access     SanDisk  Ultra            1.00 PQ: 0 ANSI: 6
[   89.805350] sd 2:0:0:0: [sdb] 121307136 512-byte logical blocks: (62.1 GB/57.8 GiB)
[   89.829306] sd 2:0:0:0: [sdb] Write Protect is off
[   89.842778] sd 2:0:0:0: [sdb] Write cache: disabled, read cache: enabled, doesn't support DPO or FUA
[   89.920497]  sdb: sdb1
[   89.927195] sd 2:0:0:0: [sdb] Attached SCSI removable disk

root@salvator-x:~# find /sys/devices/platform/soc/ee0e0100.usb/ -name 'sd*'
/sys/devices/platform/soc/ee0e0100.usb/usb3/3-1/3-1.4/3-1.4:1.0/host2/target2:0:0/2:0:0:0/block/sdb
/sys/devices/platform/soc/ee0e0100.usb/usb3/3-1/3-1.4/3-1.4:1.0/host2/target2:0:0/2:0:0:0/block/sdb/sdb1
root@salvator-x:~# 
root@salvator-x:~# wait
root@salvator-x:~# 
root@salvator-x:~# mount /dev/sdb1 /mnt/usb
[   97.525493] EXT4-fs (sdb1): recovery complete
[   97.538031] EXT4-fs (sdb1): mounted filesystem with ordered data mode. Opts: (null)
root@salvator-x:~# 
root@salvator-x:~# sync
root@salvator-x:~# 
root@salvator-x:~# cmp testdata /mnt/usb/testdata_from_nfs
root@salvator-x:~# 
root@salvator-x:~# umount /mnt/usb
root@salvator-x:~# 
 
#### Result: OK ####
