

----------Item 8----------


Plug in USB device at CN9


Press any button to continue

[   80.078045] usb 9-1: new high-speed USB device number 4 using ehci-platform
[   80.239397] hub 9-1:1.0: USB hub found
[   80.243224] hub 9-1:1.0: 4 ports detected
[   80.634063] usb 9-1.4: new high-speed USB device number 5 using ehci-platform
[   80.848752] usb-storage 9-1.4:1.0: USB Mass Storage device detected
[   80.855620] scsi host1: usb-storage 9-1.4:1.0
[   81.891648] scsi 1:0:0:0: Direct-Access     SanDisk  Ultra            1.00 PQ: 0 ANSI: 6
[   81.901418] sd 1:0:0:0: [sda] 121307136 512-byte logical blocks: (62.1 GB/57.8 GiB)
[   81.911855] sd 1:0:0:0: [sda] Write Protect is off
[   81.919574] sd 1:0:0:0: [sda] Write cache: disabled, read cache: enabled, doesn't support DPO or FUA
[   81.971679]  sda: sda1
[   81.978452] sd 1:0:0:0: [sda] Attached SCSI removable disk

Please press switch to restart board 

[F 00:00:120
[F 00:00:119
[F 00:00:118
[F 00:00:117
[F 00:00:116
[F 00:00:115
[F 00:00:114
NOTICE:  BL2: R-Car Gen3 Initial Program Loader(CA57) Rev.4.0.0
NOTICE:  BL2: PRR is R-Car H3 Ver.3.0
NOTICE:  BL2: Board is Salvator-XS Rev.1.0
NOTICE:  BL2: Boot device is HyperFlash(160MHz)
NOTICE:  BL2: LCM state is CM
NOTICE:  AVS setting succeeded. DVFS_SetVID=0x53
NOTICE:  BL2: DDR3200(rev.0.42)
NOTICE:  BL2: [COLD_BOOT]
NOTICE:  BL2: DRAM Split is 4ch(DDR f)
NOTICE:  BL2: QoS is default setting(rev.0.11)
NOTICE:  BL2: DRAM refresh interval 1.95 usec
NOTICE:  BL2: Periodic Write DQ Training
NOTICE:  BL2: CH0: 400000000 - 47fffffff, 2 GiB
NOTICE:  BL2: CH1: 500000000 - 57fffffff, 2 GiB
NOTICE:  BL2: CH2: 600000000 - 67fffffff, 2 GiB
NOTICE:  BL2: CH3: 700000000 - 77fffffff, 2 GiB
NOTICE:  BL2: Lossy Decomp areas
NOTICE:       Entry 0: DCMPAREACRAx:0x80000540 DCMPAREACRBx:0x570
NOTICE:       Entry 1: DCMPAREACRAx:0x40000000 DCMPAREACRBx:0x0
NOTICE:       Entry 2: DCMPAREACRAx:0x20000000 DCMPAREACRBx:0x0
NOTICE:  BL2: FDT at 0xe6327f70
NOTICE:  BL2: v2.9(release):9cdb21f75
NOTICE:  BL2: Built : 05:25:39, Dec 19 2023
NOTICE:  BL2: Normal boot
NOTICE:  BL2: dst=0xe6327800 src=0x8180000 len=512(0x200)
NOTICE:  BL2: dst=0x43f00000 src=0x8180400 len=6144(0x1800)
NOTICE:  rcar_file_len: len: 0x0003e000
NOTICE:  BL2: dst=0x44000000 src=0x81c0000 len=253952(0x3e000)
NOTICE:  rcar_file_len: len: 0x00200000
NOTICE:  BL2: dst=0x44100000 src=0x8200000 len=2097152(0x200000)
NOTICE:  rcar_file_len: len: 0x00100000
NOTICE:  BL2: dst=0x50000000 src=0x8640000 len=1048576(0x100000)
NOTICE:  BL2: Booting BL31


U-Boot 2020.10 (Dec 19 2023 - 14:30:40 +0000)

CPU: Renesas Electronics R8A7795 rev 3.0
Model: Renesas Salvator-X 2nd version board based on r8a77951
DRAM:  7.9 GiB
RAM Configuration:
Bank #0: 0x048000000 - 0x0bfffffff, 1.9 GiB
Bank #1: 0x500000000 - 0x57fffffff, 2 GiB
Bank #2: 0x600000000 - 0x67fffffff, 2 GiB
Bank #3: 0x700000000 - 0x77fffffff, 2 GiB

MMC:   sd@ee100000: 0, sd@ee140000: 1, sd@ee160000: 2
Loading Environment from MMC... OK
In:    serial@e6e88000
Out:   serial@e6e88000
Err:   serial@e6e88000
Net:   eth0: ethernet@e6800000
Hit any key to stop autoboot:  2  1  0 
ethernet@e6800000 Waiting for PHY auto negotiation to complete.......... done
Using ethernet@e6800000 device
TFTP from server 192.168.10.99; our IP address is 192.168.10.167
Filename 'traivo/H3/rootfs/boot_USB2H/Image'.
Load address: 0x48080000
Loading: *#################################################################
	 #################################################################
	 #################################################################
	 #################################################################
	 #################################################################
	 #################################################################
	 #################################################################
	 #################################################################
	 #################################################################
	 #################################################################
	 #################################################################
	 #################################################################
	 #################################################################
	 #################################################################
	 #################################################################
	 #################################################################
	 #################################################################
	 #################################################################
	 #################################################################
	 #################################################################
	 #################################################################
	 #################################################################
	 #################################################################
	 #################################################################
	 #################################################################
	 #################################################################
	 #################################################################
	 #################################################################
	 #################################################################
	 #################################################################
	 #################################################################
	 #################################################################
	 #################################################################
	 #################################################################
	 ################################################################
	 4.5 MiB/s
done
Bytes transferred = 33376768 (1fd4a00 hex)
Using ethernet@e6800000 device
TFTP from server 192.168.10.99; our IP address is 192.168.10.167
Filename 'traivo/H3/rootfs/boot_USB2H/r8a77951-salvator-xs.dtb'.
Load address: 0x48000000
Loading: *#######
	 8.7 MiB/s
done
Bytes transferred = 90876 (162fc hex)
Moving Image from 0x48080000 to 0x48200000, end=4a260000
## Flattened Device Tree blob at 48000000
   Booting using the fdt blob at 0x48000000
   Loading Device Tree to 0000000053fe6000, end 0000000053fff2fb ... OK

Starting kernel ...

[    0.000000] Booting Linux on physical CPU 0x0000000000 [0x411fd073]
[    0.000000] Linux version 5.10.194-yocto-standard (thuan.nguyen-hong@banvien) (aarch64-poky-linux-gcc (GCC) 9.3.0, GNU ld (GNU Binutils) 2.34.0.20200220) #10 SMP PREEMPT Mon Feb 19 03:51:05 UTC 2024
[    0.000000] Machine model: Renesas Salvator-X 2nd version board based on r8a77951
[    0.000000] efi: UEFI not found.
[    0.000000] Reserved memory: created CMA memory pool at 0x0000000057000000, size 16 MiB
[    0.000000] OF: reserved mem: initialized node linux,adsp@57000000, compatible id shared-dma-pool
[    0.000000] Reserved memory: created CMA memory pool at 0x0000000058000000, size 384 MiB
[    0.000000] OF: reserved mem: initialized node linux,cma@58000000, compatible id shared-dma-pool
[    0.000000] Reserved memory: created CMA memory pool at 0x0000000070000000, size 256 MiB
[    0.000000] OF: reserved mem: initialized node linux,multimedia@70000000, compatible id shared-dma-pool
[    0.000000] NUMA: No NUMA configuration found
[    0.000000] NUMA: Faking a node at [mem 0x0000000048000000-0x000000077fffffff]
[    0.000000] NUMA: NODE_DATA [mem 0x77efdab00-0x77efdcfff]
[    0.000000] Zone ranges:
[    0.000000]   DMA      [mem 0x0000000048000000-0x000000007fffffff]
[    0.000000]   DMA32    [mem 0x0000000080000000-0x00000000ffffffff]
[    0.000000]   Normal   [mem 0x0000000100000000-0x000000077fffffff]
[    0.000000] Movable zone start for each node
[    0.000000] Early memory node ranges
[    0.000000]   node   0: [mem 0x0000000048000000-0x0000000053ffffff]
[    0.000000]   node   0: [mem 0x0000000054000000-0x0000000056ffffff]
[    0.000000]   node   0: [mem 0x0000000057000000-0x00000000bfffffff]
[    0.000000]   node   0: [mem 0x0000000500000000-0x000000057fffffff]
[    0.000000]   node   0: [mem 0x0000000600000000-0x000000067fffffff]
[    0.000000]   node   0: [mem 0x0000000700000000-0x000000077fffffff]
[    0.000000] Initmem setup node 0 [mem 0x0000000048000000-0x000000077fffffff]
[    0.000000] psci: probing for conduit method from DT.
[    0.000000] psci: PSCIv1.1 detected in firmware.
[    0.000000] psci: Using standard PSCI v0.2 function IDs
[    0.000000] psci: Trusted OS resident on physical CPU 0x0
[    0.000000] psci: SMC Calling Convention v1.2
[    0.000000] percpu: Embedded 23 pages/cpu s56984 r8192 d29032 u94208
[    0.000000] Detected PIPT I-cache on CPU0
[    0.000000] CPU features: detected: EL2 vector hardening
[    0.000000] CPU features: detected: Spectre-v2
[    0.000000] CPU features: detected: ARM errata 1165522, 1319367, or 1530923
[    0.000000] CPU features: detected: Spectre-BHB
[    0.000000] CPU features: detected: ARM erratum 1742098
[    0.000000] Built 1 zonelists, mobility grouping on.  Total pages: 2032128
[    0.000000] Policy zone: Normal
[    0.000000] Kernel command line: rw root=/dev/nfs nfsroot=192.168.10.99:/data/tftpboot/traivo/H3/rootfs,nfsvers=4, ip=192.168.10.167
[    0.000000] Dentry cache hash table entries: 1048576 (order: 11, 8388608 bytes, linear)
[    0.000000] Inode-cache hash table entries: 524288 (order: 10, 4194304 bytes, linear)
[    0.000000] mem auto-init: stack:off, heap alloc:off, heap free:off
[    0.000000] software IO TLB: mapped [mem 0x000000004ffe6000-0x0000000053fe6000] (64MB)
[    0.000000] Memory: 7276840K/8257536K available (15232K kernel code, 2834K rwdata, 8240K rodata, 6144K init, 517K bss, 308952K reserved, 671744K cma-reserved)
[    0.000000] SLUB: HWalign=64, Order=0-3, MinObjects=0, CPUs=8, Nodes=1
[    0.000000] rcu: Preemptible hierarchical RCU implementation.
[    0.000000] rcu: 	RCU event tracing is enabled.
[    0.000000] rcu: 	RCU restricting CPUs from NR_CPUS=256 to nr_cpu_ids=8.
[    0.000000] 	Trampoline variant of Tasks RCU enabled.
[    0.000000] rcu: RCU calculated value of scheduler-enlistment delay is 25 jiffies.
[    0.000000] rcu: Adjusting geometry for rcu_fanout_leaf=16, nr_cpu_ids=8
[    0.000000] NR_IRQS: 64, nr_irqs: 64, preallocated irqs: 0
[    0.000000] arch_timer: cp15 timer(s) running at 8.32MHz (virt).
[    0.000000] clocksource: arch_sys_counter: mask: 0xffffffffffffff max_cycles: 0x1eb398c07, max_idle_ns: 440795202503 ns
[    0.000003] sched_clock: 56 bits at 8MHz, resolution 120ns, wraps every 2199023255503ns
[    0.000206] Console: colour dummy device 80x25
[    0.000414] printk: console [tty0] enabled
[    0.000489] Calibrating delay loop (skipped), value calculated using timer frequency.. 16.64 BogoMIPS (lpj=33280)
[    0.000504] pid_max: default: 32768 minimum: 301
[    0.000561] LSM: Security Framework initializing
[    0.000648] Mount-cache hash table entries: 16384 (order: 5, 131072 bytes, linear)
[    0.000699] Mountpoint-cache hash table entries: 16384 (order: 5, 131072 bytes, linear)
[    0.002138] rcu: Hierarchical SRCU implementation.
[    0.003733] Detected Renesas R-Car Gen3 r8a7795 ES3.0
[    0.005885] EFI services will not be available.
[    0.006225] smp: Bringing up secondary CPUs ...
[    0.006684] Detected PIPT I-cache on CPU1
[    0.006735] CPU1: Booted secondary processor 0x0000000001 [0x411fd073]
[    0.007208] Detected PIPT I-cache on CPU2
[    0.007233] CPU2: Booted secondary processor 0x0000000002 [0x411fd073]
[    0.007659] Detected PIPT I-cache on CPU3
[    0.007682] CPU3: Booted secondary processor 0x0000000003 [0x411fd073]
[    0.008149] CPU features: detected: ARM erratum 845719
[    0.008162] Detected VIPT I-cache on CPU4
[    0.008209] CPU4: Booted secondary processor 0x0000000100 [0x410fd034]
[    0.008687] Detected VIPT I-cache on CPU5
[    0.008714] CPU5: Booted secondary processor 0x0000000101 [0x410fd034]
[    0.009152] Detected VIPT I-cache on CPU6
[    0.009179] CPU6: Booted secondary processor 0x0000000102 [0x410fd034]
[    0.009613] Detected VIPT I-cache on CPU7
[    0.009640] CPU7: Booted secondary processor 0x0000000103 [0x410fd034]
[    0.009720] smp: Brought up 1 node, 8 CPUs
[    0.009780] SMP: Total of 8 processors activated.
[    0.009788] CPU features: detected: 32-bit EL0 Support
[    0.009795] CPU features: detected: CRC32 instructions
[    0.009802] CPU features: detected: 32-bit EL1 Support
[    0.023004] CPU: All CPU(s) started at EL1
[    0.023059] alternatives: patching kernel code
[    0.024210] devtmpfs: initialized
[    0.031003] KASLR disabled due to lack of seed
[    0.031154] clocksource: jiffies: mask: 0xffffffff max_cycles: 0xffffffff, max_idle_ns: 7645041785100000 ns
[    0.031173] futex hash table entries: 2048 (order: 5, 131072 bytes, linear)
[    0.039817] pinctrl core: initialized pinctrl subsystem
[    0.041283] DMI not present or invalid.
[    0.041783] NET: Registered protocol family 16
[    0.042720] DMA: preallocated 1024 KiB GFP_KERNEL pool for atomic allocations
[    0.042919] DMA: preallocated 1024 KiB GFP_KERNEL|GFP_DMA pool for atomic allocations
[    0.043208] DMA: preallocated 1024 KiB GFP_KERNEL|GFP_DMA32 pool for atomic allocations
[    0.043249] audit: initializing netlink subsys (disabled)
[    0.043426] audit: type=2000 audit(0.040:1): state=initialized audit_enabled=0 res=1
[    0.044582] thermal_sys: Registered thermal governor 'power_allocator'
[    0.045095] cpuidle: using governor menu
[    0.045267] hw-breakpoint: found 6 breakpoint and 4 watchpoint registers.
[    0.045390] ASID allocator initialised with 65536 entries
[    0.046666] Serial: AMBA PL011 UART driver
[    0.089546] sh-pfc e6060000.pinctrl: r8a77951_pfc support registered
[    0.104308] HugeTLB registered 1.00 GiB page size, pre-allocated 0 pages
[    0.104321] HugeTLB registered 32.0 MiB page size, pre-allocated 0 pages
[    0.104328] HugeTLB registered 2.00 MiB page size, pre-allocated 0 pages
[    0.104336] HugeTLB registered 64.0 KiB page size, pre-allocated 0 pages
[    0.105297] cryptd: max_cpu_qlen set to 1000
[    0.107551] ACPI: Interpreter disabled.
[    0.111394] rcar-avs: use avs value: 0
[    0.111411] rcar-avs: cpu@0 is running with: opp_table0
[    0.111421] rcar-avs: cpu@1 is running with: opp_table0
[    0.111431] rcar-avs: cpu@2 is running with: opp_table0
[    0.111440] rcar-avs: cpu@3 is running with: opp_table0
[    0.111524] rcar-avs: gsx@fd000000 is running with: gsx_opp_table0
[    0.112931] iommu: Default domain type: Translated 
[    0.113493] ipmmu-vmsa e67b0000.iommu: IPMMU context 0 is reserved
[    0.114495] vgaarb: loaded
[    0.114699] SCSI subsystem initialized
[    0.114948] usbcore: registered new interface driver usbfs
[    0.114979] usbcore: registered new interface driver hub
[    0.115004] usbcore: registered new device driver usb
[    0.118558] i2c-sh_mobile e60b0000.i2c: I2C adapter 7, bus speed 400000 Hz
[    0.119095] mc: Linux media interface: v0.10
[    0.119116] videodev: Linux video capture interface: v2.00
[    0.119163] pps_core: LinuxPPS API ver. 1 registered
[    0.119171] pps_core: Software ver. 5.3.6 - Copyright 2005-2007 Rodolfo Giometti <giometti@linux.it>
[    0.119185] PTP clock support registered
[    0.119353] EDAC MC: Ver: 3.0.0
[    0.121345] FPGA manager framework
[    0.121403] Advanced Linux Sound Architecture Driver Initialized.
[    0.121948] clocksource: Switched to clocksource arch_sys_counter
[    0.122095] VFS: Disk quotas dquot_6.6.0
[    0.122139] VFS: Dquot-cache hash table entries: 512 (order 0, 4096 bytes)
[    0.122262] pnp: PnP ACPI: disabled
[    0.125749] NET: Registered protocol family 2
[    0.126173] IP idents hash table entries: 131072 (order: 8, 1048576 bytes, linear)
[    0.128425] tcp_listen_portaddr_hash hash table entries: 4096 (order: 4, 65536 bytes, linear)
[    0.128532] TCP established hash table entries: 65536 (order: 7, 524288 bytes, linear)
[    0.128816] TCP bind hash table entries: 65536 (order: 8, 1048576 bytes, linear)
[    0.129397] TCP: Hash tables configured (established 65536 bind 65536)
[    0.129517] UDP hash table entries: 4096 (order: 5, 131072 bytes, linear)
[    0.129632] UDP-Lite hash table entries: 4096 (order: 5, 131072 bytes, linear)
[    0.129853] NET: Registered protocol family 1
[    0.130226] RPC: Registered named UNIX socket transport module.
[    0.130235] RPC: Registered udp transport module.
[    0.130241] RPC: Registered tcp transport module.
[    0.130247] RPC: Registered tcp NFSv4.1 backchannel transport module.
[    0.130259] PCI: CLS 0 bytes, default 64
[    0.131204] hw perfevents: enabled with armv8_cortex_a53 PMU driver, 7 counters available
[    0.131473] hw perfevents: enabled with armv8_cortex_a57 PMU driver, 7 counters available
[    0.132098] kvm [1]: HYP mode not available
[    0.135016] Initialise system trusted keyrings
[    0.135144] workingset: timestamp_bits=42 max_order=21 bucket_order=0
[    0.138247] squashfs: version 4.0 (2009/01/31) Phillip Lougher
[    0.138646] NFS: Registering the id_resolver key type
[    0.138671] Key type id_resolver registered
[    0.138678] Key type id_legacy registered
[    0.138733] nfs4filelayout_init: NFSv4 File Layout Driver Registering...
[    0.138742] nfs4flexfilelayout_init: NFSv4 Flexfile Layout Driver Registering...
[    0.138841] 9p: Installing v9fs 9p2000 file system support
[    0.165302] Key type asymmetric registered
[    0.165314] Asymmetric key parser 'x509' registered
[    0.165344] Block layer SCSI generic (bsg) driver version 0.4 loaded (major 243)
[    0.165355] io scheduler mq-deadline registered
[    0.165364] io scheduler kyber registered
[    0.181437] gpio_rcar e6050000.gpio: driving 16 GPIOs
[    0.181732] gpio_rcar e6051000.gpio: driving 29 GPIOs
[    0.182003] gpio_rcar e6052000.gpio: driving 15 GPIOs
[    0.182280] gpio_rcar e6053000.gpio: driving 16 GPIOs
[    0.182530] gpio_rcar e6054000.gpio: driving 18 GPIOs
[    0.182781] gpio_rcar e6055000.gpio: driving 26 GPIOs
[    0.183058] gpio_rcar e6055400.gpio: driving 32 GPIOs
[    0.183460] gpio_rcar e6055800.gpio: driving 4 GPIOs
[    0.186435] rcar-pcie fe000000.pcie: host bridge /soc/pcie@fe000000 ranges:
[    0.186466] rcar-pcie fe000000.pcie:       IO 0x00fe100000..0x00fe1fffff -> 0x0000000000
[    0.186492] rcar-pcie fe000000.pcie:      MEM 0x00fe200000..0x00fe3fffff -> 0x00fe200000
[    0.186511] rcar-pcie fe000000.pcie:      MEM 0x0030000000..0x0037ffffff -> 0x0030000000
[    0.186525] rcar-pcie fe000000.pcie:      MEM 0x0038000000..0x003fffffff -> 0x0038000000
[    0.186541] rcar-pcie fe000000.pcie:   IB MEM 0x0040000000..0x007fffffff -> 0x0040000000
[    0.186585] rcar-pcie fe000000.pcie: no pcie3v3 regulator found
[    0.186597] rcar-pcie fe000000.pcie: no pcie1v8 regulator found
[    0.253649] rcar-pcie fe000000.pcie: PCIe link down
[    0.253827] rcar-pcie ee800000.pcie: host bridge /soc/pcie@ee800000 ranges:
[    0.253849] rcar-pcie ee800000.pcie:       IO 0x00ee900000..0x00ee9fffff -> 0x0000000000
[    0.253868] rcar-pcie ee800000.pcie:      MEM 0x00eea00000..0x00eebfffff -> 0x00eea00000
[    0.253886] rcar-pcie ee800000.pcie:      MEM 0x00c0000000..0x00c7ffffff -> 0x00c0000000
[    0.253900] rcar-pcie ee800000.pcie:      MEM 0x00c8000000..0x00cfffffff -> 0x00c8000000
[    0.253917] rcar-pcie ee800000.pcie:   IB MEM 0x0040000000..0x007fffffff -> 0x0040000000
[    0.253962] rcar-pcie ee800000.pcie: no pcie3v3 regulator found
[    0.253973] rcar-pcie ee800000.pcie: no pcie1v8 regulator found
[    0.413948] rcar-pcie ee800000.pcie: PCIe link down
[    0.416446] EINJ: ACPI disabled.
[    0.453163] Serial: 8250/16550 driver, 4 ports, IRQ sharing enabled
[    0.455578] SuperH (H)SCI(F) driver initialized
[    0.455996] e6550000.serial: ttySC1 at MMIO 0xe6550000 (irq = 42, base_baud = 0) is a hscif
[    0.456741] e6e88000.serial: ttySC0 at MMIO 0xe6e88000 (irq = 128, base_baud = 0) is a scif
[    1.661436] printk: console [ttySC0] enabled
[    1.666804] msm_serial: driver initialized
[    1.677028] rcar-dw-hdmi fead0000.hdmi: Detected HDMI TX controller v2.01a with HDCP (DWC HDMI 2.0 TX PHY)
[    1.686956] rcar-dw-hdmi fead0000.hdmi: registered DesignWare HDMI I2C bus driver
[    1.695197] rcar-dw-hdmi feae0000.hdmi: Detected HDMI TX controller v2.01a with HDCP (DWC HDMI 2.0 TX PHY)
[    1.705082] rcar-dw-hdmi feae0000.hdmi: registered DesignWare HDMI I2C bus driver
[    1.720614] loop: module loaded
[    1.725132] megasas: 07.714.04.00-rc1
[    1.730888] scsi host0: sata_rcar
[    1.734364] ata1: SATA max UDMA/133 irq 181
[    1.743689] tun: Universal TUN/TAP device driver, 1.6
[    1.749630] thunder_xcv, ver 1.0
[    1.752886] thunder_bgx, ver 1.0
[    1.756136] nicpf, ver 1.0
[    1.760263] hclge is initializing
[    1.763599] hns3: Hisilicon Ethernet Network Driver for Hip08 Family - version
[    1.770822] hns3: Copyright (c) 2017 Huawei Corporation.
[    1.776154] e1000: Intel(R) PRO/1000 Network Driver
[    1.781033] e1000: Copyright (c) 1999-2006 Intel Corporation.
[    1.786802] e1000e: Intel(R) PRO/1000 Network Driver
[    1.791767] e1000e: Copyright(c) 1999 - 2015 Intel Corporation.
[    1.797706] igb: Intel(R) Gigabit Ethernet Network Driver
[    1.803105] igb: Copyright (c) 2007-2014 Intel Corporation.
[    1.808690] igbvf: Intel(R) Gigabit Virtual Function Network Driver
[    1.814957] igbvf: Copyright (c) 2009 - 2012 Intel Corporation.
[    1.821284] sky2: driver version 1.30
[    1.828891] ravb e6800000.ethernet eth0: Base address at 0xe6800000, 2e:09:0a:02:ec:37, IRQ 125.
[    1.839132] VFIO - User Level meta-driver version: 0.3
[    1.846263] ehci_hcd: USB 2.0 'Enhanced' Host Controller (EHCI) Driver
[    1.852802] ehci-pci: EHCI PCI platform driver
[    1.857264] ehci-platform: EHCI generic platform driver
[    1.862871] ehci-platform ee0a0100.usb: EHCI Host Controller
[    1.868553] ehci-platform ee0a0100.usb: new USB bus registered, assigned bus number 1
[    1.876473] ehci-platform ee0a0100.usb: irq 175, io mem 0xee0a0100
[    1.897958] ehci-platform ee0a0100.usb: USB 2.0 started, EHCI 1.10
[    1.904466] hub 1-0:1.0: USB hub found
[    1.908241] hub 1-0:1.0: 1 port detected
[    1.912630] ehci-platform ee0c0100.usb: EHCI Host Controller
[    1.918304] ehci-platform ee0c0100.usb: new USB bus registered, assigned bus number 2
[    1.926189] ehci-platform ee0c0100.usb: irq 176, io mem 0xee0c0100
[    1.945956] ehci-platform ee0c0100.usb: USB 2.0 started, EHCI 1.10
[    1.952408] hub 2-0:1.0: USB hub found
[    1.956178] hub 2-0:1.0: 1 port detected
[    1.985992] ehci-platform ee0e0100.usb: EHCI Host Controller
[    1.991667] ehci-platform ee0e0100.usb: new USB bus registered, assigned bus number 3
[    1.999539] ehci-platform ee0e0100.usb: irq 177, io mem 0xee0e0100
[    2.017953] ehci-platform ee0e0100.usb: USB 2.0 started, EHCI 1.10
[    2.024403] hub 3-0:1.0: USB hub found
[    2.028171] hub 3-0:1.0: 1 port detected
[    2.032537] ehci-orion: EHCI orion driver
[    2.036778] ehci-exynos: EHCI Exynos driver
[    2.041080] ohci_hcd: USB 1.1 'Open' Host Controller (OHCI) Driver
[    2.047291] ohci-pci: OHCI PCI platform driver
[    2.051770] ohci-platform: OHCI generic platform driver
[    2.057300] ohci-platform ee0a0000.usb: Generic Platform OHCI controller
[    2.064021] ohci-platform ee0a0000.usb: new USB bus registered, assigned bus number 4
[    2.071895] ohci-platform ee0a0000.usb: irq 175, io mem 0xee0a0000
[    2.153962] ata1: link resume succeeded after 1 retries
[    2.168247] hub 4-0:1.0: USB hub found
[    2.172018] hub 4-0:1.0: 1 port detected
[    2.176349] ohci-platform ee0c0000.usb: Generic Platform OHCI controller
[    2.183062] ohci-platform ee0c0000.usb: new USB bus registered, assigned bus number 5
[    2.190934] ohci-platform ee0c0000.usb: irq 176, io mem 0xee0c0000
[    2.265478] ata1: SATA link down (SStatus 0 SControl 300)
[    2.284206] hub 5-0:1.0: USB hub found
[    2.287976] hub 5-0:1.0: 1 port detected
[    2.292296] ohci-platform ee0e0000.usb: Generic Platform OHCI controller
[    2.299010] ohci-platform ee0e0000.usb: new USB bus registered, assigned bus number 6
[    2.306877] ohci-platform ee0e0000.usb: irq 177, io mem 0xee0e0000
[    2.400252] hub 6-0:1.0: USB hub found
[    2.404019] hub 6-0:1.0: 1 port detected
[    2.408368] ohci-exynos: OHCI Exynos driver
[    2.413212] xhci-hcd ee000000.usb: xHCI Host Controller
[    2.418451] xhci-hcd ee000000.usb: new USB bus registered, assigned bus number 7
[    2.441705] xhci-hcd ee000000.usb: hcc params 0x014051ce hci version 0x100 quirks 0x0000000000830410
[    2.450873] xhci-hcd ee000000.usb: irq 172, io mem 0xee000000
[    2.456733] xhci-hcd ee000000.usb: xHCI Host Controller
[    2.461967] xhci-hcd ee000000.usb: new USB bus registered, assigned bus number 8
[    2.469370] xhci-hcd ee000000.usb: Host supports USB 3.0 SuperSpeed
[    2.475931] hub 7-0:1.0: USB hub found
[    2.479700] hub 7-0:1.0: 1 port detected
[    2.483785] usb usb8: We don't know the algorithms for LPM for this host, disabling LPM.
[    2.492128] hub 8-0:1.0: USB hub found
[    2.495900] hub 8-0:1.0: 1 port detected
[    2.500700] usbcore: registered new interface driver usb-storage
[    2.508383] renesas_usbhs e6590000.usb: host probed
[    2.513274] renesas_usbhs e6590000.usb: no transceiver found
[    2.519001] renesas_usbhs e6590000.usb: gadget probed
[    2.524214] renesas_usbhs e6590000.usb: probed
[    2.529110] renesas_usbhs e659c000.usb: host probed
[    2.534002] renesas_usbhs e659c000.usb: no transceiver found
[    2.539720] renesas_usbhs e659c000.usb: gadget probed
[    2.544915] renesas_usbhs e659c000.usb: probed
[    2.551801] i2c /dev entries driver
[    2.566362] cs2000-cp 2-004f: revision - C1
[    2.570662] i2c-rcar e6510000.i2c: probed
[    2.575497] pca953x 4-0020: supply vcc not found, using dummy regulator
[    2.582195] pca953x 4-0020: using no AI
[    2.586885] gpio-355 (PCIE/SATA switch): hogged as output/low
[    2.599139] i2c-rcar e66d8000.i2c: probed
[    2.604472] adv748x 4-0070: Endpoint /soc/i2c@e66d8000/video-receiver@70/port@7/endpoint on port 7
[    2.613456] adv748x 4-0070: Endpoint /soc/i2c@e66d8000/video-receiver@70/port@8/endpoint on port 8
[    2.622473] adv748x 4-0070: Endpoint /soc/i2c@e66d8000/video-receiver@70/port@a/endpoint on port 10
[    2.631548] adv748x 4-0070: Endpoint /soc/i2c@e66d8000/video-receiver@70/port@b/endpoint on port 11
[    2.640985] adv748x 4-0070: chip found @ 0xe0 revision 2143
[    2.693817] rcar-csi2 fea80000.csi2: 1 lanes found
[    2.698952] rcar-csi2 feaa0000.csi2: 4 lanes found
[    2.708586] rcar-vin e6ef0000.video: Device registered as video0
[    2.714670] rcar-vin e6ef1000.video: Device registered as video1
[    2.720768] rcar-vin e6ef2000.video: Device registered as video2
[    2.726843] rcar-vin e6ef3000.video: Device registered as video3
[    2.732918] rcar-vin e6ef4000.video: Device registered as video4
[    2.739006] rcar-vin e6ef5000.video: Device registered as video5
[    2.745115] rcar-vin e6ef6000.video: Device registered as video6
[    2.751193] rcar-vin e6ef7000.video: Device registered as video7
[    2.759917] rcar_gen3_thermal e6198000.thermal: is using pseudo fixed FUSE values
[    2.772098] rcar_gen3_thermal e6198000.thermal: TSC0: Loaded 1 trip points
[    2.783336] rcar_gen3_thermal e6198000.thermal: TSC1: Loaded 1 trip points
[    2.794484] rcar_gen3_thermal e6198000.thermal: TSC2: Loaded 3 trip points
[    2.806495] sdhci: Secure Digital Host Controller Interface driver
[    2.812686] sdhci: Copyright(c) Pierre Ossman
[    2.817886] Synopsys Designware Multimedia Card Interface Driver
[    2.818111] renesas_sdhi_internal_dmac ee140000.mmc: Adding to iommu group 0
[    2.818173] renesas_sdhi_internal_dmac ee100000.mmc: Got CD GPIO
[    2.818191] renesas_sdhi_internal_dmac ee100000.mmc: Got WP GPIO
[    2.818234] renesas_sdhi_internal_dmac ee160000.mmc: Got CD GPIO
[    2.818337] renesas_sdhi_internal_dmac ee160000.mmc: Got WP GPIO
[    2.825273] sdhci-pltfm: SDHCI platform and OF driver helper
[    2.830980] renesas_sdhi_internal_dmac ee140000.mmc: Using IPMMU context 1
[    2.868262] ledtrig-cpu: registered to indicate activity on CPUs
[    2.875244] SMCCC: SOC_ID: ARCH_SOC_ID not implemented, skipping ....
[    2.882293] usbcore: registered new interface driver usbhid
[    2.887870] usbhid: USB HID core driver
[    2.895496] optee: probing for conduit method.
[    2.899961] optee: revision 3.22 (314ecf9d)
[    2.900383] optee driver R-Car Rev.1.0.11
[    2.908879] optee: dynamic shared memory is enabled
[    2.914127] optee: initialized driver
[    2.916604] renesas_sdhi_internal_dmac ee140000.mmc: mmc0 base at 0x00000000ee140000, max clock rate 200 MHz
[    2.928287] rcar_sound ec500000.sound: probed
[    2.933338] NET: Registered protocol family 17
[    2.937907] 9pnet: Installing 9P2000 support
[    2.942228] Key type dns_resolver registered
[    2.946762] registered taskstats version 1
[    2.950870] Loading compiled-in X.509 certificates
[    2.965563] thermal emergency: set temperature to 110 celsius
[    2.971532] thermal emergency: shutdown target cpus 1-7
[    2.976759] thermal emergency: freq scaled target cpus 0
[    2.982438] renesas_irqc e61c0000.interrupt-controller: driving 6 irqs
[    2.999343] mmc0: new HS400 MMC card at address 0001
[    3.004947] mmcblk0: mmc0:0001 BGSD3R 29.1 GiB 
[    3.009864] mmcblk0boot0: mmc0:0001 BGSD3R partition 1 16.0 MiB
[    3.016159] mmcblk0boot1: mmc0:0001 BGSD3R partition 2 16.0 MiB
[    3.022278] mmcblk0rpmb: mmc0:0001 BGSD3R partition 3 4.00 MiB, chardev (509:0)
[    3.025981] ehci-platform ee080100.usb: EHCI Host Controller
[    3.031368]  mmcblk0: p1
[    3.035272] ehci-platform ee080100.usb: new USB bus registered, assigned bus number 9
[    3.045708] ehci-platform ee080100.usb: irq 174, io mem 0xee080100
[    3.065956] ehci-platform ee080100.usb: USB 2.0 started, EHCI 1.10
[    3.072584] hub 9-0:1.0: USB hub found
[    3.076357] hub 9-0:1.0: 1 port detected
[    3.081862] ohci-platform ee080000.usb: Generic Platform OHCI controller
[    3.088590] ohci-platform ee080000.usb: new USB bus registered, assigned bus number 10
[    3.096566] ohci-platform ee080000.usb: irq 174, io mem 0xee080000
[    3.192464] hub 10-0:1.0: USB hub found
[    3.196324] hub 10-0:1.0: 1 port detected
[    3.201681] cpu cpu0: EM: created perf domain
[    3.206607] cpu cpu4: EM: created perf domain
[    3.216151] renesas_sdhi_internal_dmac ee100000.mmc: Got CD GPIO
[    3.217413] renesas_sdhi_internal_dmac ee160000.mmc: Got CD GPIO
[    3.222492] renesas_sdhi_internal_dmac ee100000.mmc: Got WP GPIO
[    3.224022] [drm] Initialized rcar-du 1.0.0 20130110 for feb00000.display on minor 0
[    3.224025] [drm] Device feb00000.display probed
[    3.228270] renesas_sdhi_internal_dmac ee160000.mmc: Got WP GPIO
[    3.283701] renesas_sdhi_internal_dmac ee100000.mmc: mmc1 base at 0x00000000ee100000, max clock rate 200 MHz
[    3.292411] Console: switching to colour frame buffer device 128x48
[    3.301839] renesas_sdhi_internal_dmac ee160000.mmc: mmc2 base at 0x00000000ee160000, max clock rate 200 MHz
[    3.333971] usb 9-1: new high-speed USB device number 2 using ehci-platform
[    3.335423] rcar-du feb00000.display: [drm] fb0: rcar-dudrmfb frame buffer device
[    3.354360] input: keys as /devices/platform/keys/input/input0
[    3.437646] Micrel KSZ9031 Gigabit PHY e6800000.ethernet-ffffffff:00: attached PHY driver [Micrel KSZ9031 Gigabit PHY] (mii_bus:phy_addr=e6800000.ethernet-ffffffff:00, irq=183)
[    3.500868] hub 9-1:1.0: USB hub found
[    3.504970] hub 9-1:1.0: 4 ports detected
[    3.897988] usb 9-1.4: new high-speed USB device number 3 using ehci-platform
[    4.117786] usb-storage 9-1.4:1.0: USB Mass Storage device detected
[    4.125165] scsi host1: usb-storage 9-1.4:1.0
[    5.152224] scsi 1:0:0:0: Direct-Access     SanDisk  Ultra            1.00 PQ: 0 ANSI: 6
[    5.161874] sd 1:0:0:0: [sda] 121307136 512-byte logical blocks: (62.1 GB/57.8 GiB)
[    5.170844] sd 1:0:0:0: [sda] Write Protect is off
[    5.176606] sd 1:0:0:0: [sda] Write cache: disabled, read cache: enabled, doesn't support DPO or FUA
[    5.198466]  sda: sda1
[    5.240322] sd 1:0:0:0: [sda] Attached SCSI removable disk
[   10.279845] ravb e6800000.ethernet eth0: Link is Up - 1Gbps/Full - flow control off
[   10.305984] IP-Config: Guessing netmask 255.255.255.0
[   10.314962] IP-Config: Complete:
[   10.322044]      device=eth0, hwaddr=2e:09:0a:02:ec:37, ipaddr=192.168.10.167, mask=255.255.255.0, gw=255.255.255.255
[   10.336661]      host=192.168.10.167, domain=, nis-domain=(none)
[   10.346655]      bootserver=255.255.255.255, rootserver=192.168.10.99, rootpath=
[   10.347283] ALSA device list:
[   10.364860]   No soundcards found.
[   11.414285] VFS: Mounted root (nfs4 filesystem) on device 0:22.
[   11.425200] devtmpfs: mounted
[   11.432728] Freeing unused kernel memory: 6144K
[   11.462161] Run /sbin/init as init process
[   11.645418] systemd[1]: System time before build time, advancing clock.
[   12.034948] NET: Registered protocol family 10
[   12.043237] Segment Routing with IPv6
[   12.071538] systemd[1]: systemd 244 running in system mode. (+PAM -AUDIT -SELINUX +IMA -APPARMOR -SMACK +SYSVINIT +UTMP -LIBCRYPTSETUP -GCRYPT -GNUTLS +ACL +XZ -LZ4 -SECCOMP +BLKID -ELFUTILS +KMOD -IDN2 -IDN -PCRE2 default-hierarchy=hybrid)
[   12.099691] systemd[1]: Detected architecture arm64.

Welcome to [1mPoky (Yocto Project Reference Distro) 3.1.11 (dunfell)[0m!

[   12.135621] systemd[1]: Set hostname to <salvator-x>.
[   12.826918] random: systemd: uninitialized urandom read (16 bytes read)
[   12.838495] systemd[1]: system-getty.slice: unit configures an IP firewall, but the local system does not support BPF/cgroup firewalling.
[   12.858077] systemd[1]: (This warning is only shown for the first unit using IP firewalling.)
[   12.872821] systemd[1]: Created slice system-getty.slice.
[[0;32m  OK  [0m] Created slice [0;1;39msystem-getty.slice[0m.
[   12.898396] random: systemd: uninitialized urandom read (16 bytes read)
[   12.910344] systemd[1]: Created slice system-serial\x2dgetty.slice.
[[0;32m  OK  [0m] Created slice [0;1;39msystem-serial\x2dgetty.slice[0m.
[   12.938209] random: systemd: uninitialized urandom read (16 bytes read)
[   12.951082] systemd[1]: Created slice User and Session Slice.
[[0;32m  OK  [0m] Created slice [0;1;39mUser and Session Slice[0m.
[   12.978666] systemd[1]: Started Dispatch Password Requests to Console Directory Watch.
[[0;32m  OK  [0m] Started [0;1;39mDispatch Password â€¦ts to Console Directory Watch[0m.
[   13.010444] systemd[1]: Started Forward Password Requests to Wall Directory Watch.
[[0;32m  OK  [0m] Started [0;1;39mForward Password Râ€¦uests to Wall Directory Watch[0m.
[   13.038335] systemd[1]: Reached target Paths.
[[0;32m  OK  [0m] Reached target [0;1;39mPaths[0m.
[   13.062170] systemd[1]: Reached target Remote File Systems.
[[0;32m  OK  [0m] Reached target [0;1;39mRemote File Systems[0m.
[   13.086135] systemd[1]: Reached target Slices.
[[0;32m  OK  [0m] Reached target [0;1;39mSlices[0m.
[   13.110150] systemd[1]: Reached target Swap.
[[0;32m  OK  [0m] Reached target [0;1;39mSwap[0m.
[   13.137410] systemd[1]: Listening on RPCbind Server Activation Socket.
[[0;32m  OK  [0m] Listening on [0;1;39mRPCbind Server Activation Socket[0m.
[   13.166288] systemd[1]: Reached target RPC Port Mapper.
[[0;32m  OK  [0m] Reached target [0;1;39mRPC Port Mapper[0m.
[   13.190617] systemd[1]: Listening on initctl Compatibility Named Pipe.
[[0;32m  OK  [0m] Listening on [0;1;39minitctl Compatibility Named Pipe[0m.
[   13.220292] systemd[1]: Listening on Journal Audit Socket.
[[0;32m  OK  [0m] Listening on [0;1;39mJournal Audit Socket[0m.
[   13.248095] systemd[1]: Listening on Journal Socket (/dev/log).
[[0;32m  OK  [0m] Listening on [0;1;39mJournal Socket (/dev/log)[0m.
[   13.274938] systemd[1]: Listening on Journal Socket.
[[0;32m  OK  [0m] Listening on [0;1;39mJournal Socket[0m.
[   13.300350] systemd[1]: Listening on Network Service Netlink Socket.
[[0;32m  OK  [0m] Listening on [0;1;39mNetwork Service Netlink Socket[0m.
[   13.328866] systemd[1]: Listening on udev Control Socket.
[[0;32m  OK  [0m] Listening on [0;1;39mudev Control Socket[0m.
[   13.354740] systemd[1]: Listening on udev Kernel Socket.
[[0;32m  OK  [0m] Listening on [0;1;39mudev Kernel Socket[0m.
[   13.383956] systemd[1]: Mounting Huge Pages File System...
         Mounting [0;1;39mHuge Pages File System[0m...
[   13.415306] systemd[1]: Mounting POSIX Message Queue File System...
         Mounting [0;1;39mPOSIX Message Queue File System[0m...
[   13.447311] systemd[1]: Mounting Kernel Debug File System...
         Mounting [0;1;39mKernel Debug File System[0m...
[   13.478602] systemd[1]: Mounting Temporary Directory (/tmp)...
         Mounting [0;1;39mTemporary Directory (/tmp)[0m...
[   13.508258] systemd[1]: Starting Create list of static device nodes for the current kernel...
         Starting [0;1;39mCreate list of stâ€¦odes for the current kernel[0m...
[   13.543094] systemd[1]: Starting Start psplash boot splash screen...
         Starting [0;1;39mStart psplash boot splash screen[0m...
[   13.566057] random: crng init done
[   13.570527] random: 21 urandom warning(s) missed due to ratelimiting
[   13.583938] systemd[1]: Starting RPC Bind...
         Starting [0;1;39mRPC Bind[0m...
[   13.607653] systemd[1]: Condition check resulted in File System Check on Root Device being skipped.
[   13.614216] systemd[1]: Starting Journal Service...
         Starting [0;1;39mJournal Service[0m...
[   13.650466] systemd[1]: Starting Load Kernel Modules...
         Starting [0;1;39mLoad Kernel Modules[0m...
[   13.676817] systemd[1]: Starting Remount Root and Kernel File Systems...
         Starting [0;1;39mRemount Root and Kernel File Systems[0m...
[   13.701360] systemd[1]: Starting udev Coldplug all Devices...
         Starting [0;1;39mudev Coldplug all Devices[0m...
[   13.729380] systemd[1]: Started RPC Bind.
[[0;32m  OK  [0m] Started [0;1;39mRPC Bind[0m.
[   13.754425] systemd[1]: Started Start psplash boot splash screen.
[[0;32m  OK  [0m] Started [0;1;39mStart psplash boot splash screen[0m.
[   13.782729] systemd[1]: Started Journal Service.
[[0;32m  OK  [0m] Started [0;1;39mJournal Service[0m.
[[0;32m  OK  [0m] Mounted [0;1;39mHuge Pages File System[0m.
[[0;32m  OK  [0m] Mounted [0;1;39mPOSIX Message Queue File System[0m.
[[0;32m  OK  [0m] Mounted [0;1;39mKernel Debug File System[0m.
[[0;32m  OK  [0m] Mounted [0;1;39mTemporary Directory (/tmp)[0m.
[[0;32m  OK  [0m] Started [0;1;39mCreate list of staâ€¦ nodes for the current kernel[0m.
[[0;32m  OK  [0m] Started [0;1;39mLoad Kernel Modules[0m.
[[0;32m  OK  [0m] Started [0;1;39mRemount Root and Kernel File Systems[0m.
         Mounting [0;1;39mKernel Configuration File System[0m...
[[0;32m  OK  [0m] Started [0;1;39mStart psplash-systâ€¦progress communication helper[0m.
         Starting [0;1;39mFlush Journal to Persistent Storage[0m...
         Starting [0;1;39mApply Kernel Variables[0m...
[   14.007746] systemd-journald[357]: Received client request to flush runtime journal.
         Starting [0;1;39mCreate Static Device Nodes in /dev[0m...
[[0;32m  OK  [0m] Mounted [0;1;39mKernel Configuration File System[0m.
[[0;32m  OK  [0m] Started [0;1;39mFlush Journal to Persistent Storage[0m.
[[0;32m  OK  [0m] Started [0;1;39mApply Kernel Variables[0m.
[[0;32m  OK  [0m] Started [0;1;39mCreate Static Device Nodes in /dev[0m.
[[0;32m  OK  [0m] Reached target [0;1;39mLocal File Systems (Pre)[0m.
         Mounting [0;1;39m/var/volatile[0m...
         Starting [0;1;39mudev Kernel Device Manager[0m...
[[0;32m  OK  [0m] Started [0;1;39mudev Coldplug all Devices[0m.
[[0;32m  OK  [0m] Mounted [0;1;39m/var/volatile[0m.
         Starting [0;1;39mLoad/Save Random Seed[0m...
[[0;32m  OK  [0m] Reached target [0;1;39mLocal File Systems[0m.
         Starting [0;1;39mCreate Volatile Files and Directories[0m...
[[0;32m  OK  [0m] Started [0;1;39mLoad/Save Random Seed[0m.
[[0;32m  OK  [0m] Started [0;1;39mudev Kernel Device Manager[0m.
         Starting [0;1;39mNetwork Service[0m...
[[0;32m  OK  [0m] Started [0;1;39mCreate Volatile Files and Directories[0m.
         Starting [0;1;39mNetwork Time Synchronization[0m...
         Starting [0;1;39mUpdate UTMP about System Boot/Shutdown[0m...
[[0;32m  OK  [0m] Started [0;1;39mNetwork Service[0m.
         Starting [0;1;39mNetwork Name Resolution[0m...
[[0;32m  OK  [0m] Started [0;1;39mUpdate UTMP about System Boot/Shutdown[0m.
[[0;32m  OK  [0m] Started [0;1;39mNetwork Time Synchronization[0m.
[[0;32m  OK  [0m] Reached target [0;1;39mSystem Initialization[0m.
[[0;32m  OK  [0m] Started [0;1;39mDaily Cleanup of Temporary Directories[0m.
[[0;32m  OK  [0m] Reached target [0;1;39mSystem Time Set[0m.
[[0;32m  OK  [0m] Reached target [0;1;39mSystem Time Synchronized[0m.
[   14.612625] pwm-backlight: probe of backlight failed with error -16
[[0;32m  OK  [0m] Reached target [0;1;39mTimers[0m.
[[0;32m  OK  [0m] Listening on [0;1;39mAvahi mDNS/DNS-SD Stack Activation Socket[0m.
[[0;32m  OK  [0m] Listening on [0;1;39mD-Bus System Message Bus Socket[0m.
[   14.679583] at24 7-0050: supply vcc not found, using dummy regulator
[   14.691686] at24 7-0050: 128 byte br24t01 EEPROM, writable, 8 bytes/write
[[0;32m  OK  [0m] Listening on [0;1;39mdropbear.socket[0m.
[[0;32m  OK  [0m] Reached target [0;1;39mSockets[0m.
[[0;32m  OK  [0m] Reached target [0;1;39mBasic System[0m.
[[0;32m  OK  [0m] Started [0;1;39mD-Bus System Message Bus[0m.
[[0;32m  OK  [0m] Started [0;1;39moptee services[0m.
[   14.785864] ccree e6601000.crypto: ARM CryptoCell 630P Driver: HW version 0xAF400001/0xDCC63000, Driver version 5.0
         Starting [0;1;39mpvrinit.service[0m...
[   14.817422] renesas_usb3 ee020000.usb: probed with phy
         Starting [0;1;39mPowerVR consumer services[0m...
         Starting [0;1;39mLogin Service[0m...
[[0;32m  OK  [0m] Started [0;1;39mNetwork Name Resolution[0m.
[   14.901709] ccree e6601000.crypto: ARM ccree device initialized
[[0;32m  OK  [0m] Created slice [0;1;39msystem-weston.slice[0m.
[[0;32m  OK  [0m] Reached target [0;1;39mNetwork[0m.
[[0;32m  OK  [0m] Reached target [0;1;39mHost and Network Name Lookups[0m.
[[0;32m  OK  [0m] Reached target [0;1;39mHardware activated USB gadget[0m.
         Starting [0;1;39mAvahi mDNS/DNS-SD Stack[0m...
         Starting [0;1;39mPermit User Sessions[0m...
[[0;32m  OK  [0m] Started [0;1;39mXinetd A Powerful Replacement For Inetd[0m.
[[0;1;31mFAILED[0m] Failed to start [0;1;39mpvrinit.service[0m.
See 'systemctl status pvrinit.service' for details.
[[0;1;31mFAILED[0m] Failed to start [0;1;39mPowerVR consumer services[0m.
See 'systemctl status rc.pvr.service' for details.
[[0;1;38;5;185mDEPEND[0m] Dependency failed for [0;1;39mWeston Wayland Compositor[0m.
[[0;32m  OK  [0m] Started [0;1;39mPermit User Sessions[0m.
[[0;32m  OK  [0m] Started [0;1;39mLogin Service[0m.
[[0;32m  OK  [0m] Started [0;1;39mAvahi mDNS/DNS-SD Stack[0m.
[[0;32m  OK  [0m] Started [0;1;39mGetty on tty1[0m.
[[0;32m  OK  [0m] Started [0;1;39mSerial Getty on ttySC0[0m.
[[0;32m  OK  [0m] Reached target [0;1;39mLogin Prompts[0m.
         Starting [0;1;39mset_default_governor.service[0m...
[   15.470149] rd 0-7: Disabling EAS, schedutil is mandatory
[[0;32m  OK  [0m] Started [0;1;39mset_default_governor.service[0m.
[[0;32m  OK  [0m] Reached target [0;1;39mMulti-User System[0m.
         Starting [0;1;39mUpdate UTMP about System Runlevel Changes[0m...
[[0;32m  OK  [0m] Started [0;1;39mUpdate UTMP about System Runlevel Changes[0m.

Poky (Yocto Project Reference Distro) 3.1.11 salvator-x ttySC0

salvator-x login: 
salvator-x login: root
[   17.482920] audit: type=1006 audit(1703064537.836:2): pid=536 uid=0 old-auid=4294967295 auid=0 tty=(none) old-ses=4294967295 ses=1 res=1
7[r[999;999H[6n8root@salvator-x:~# 
root@salvator-x:~# 
root@salvator-x:~# 
root@salvator-x:~# 
root@salvator-x:~# 
root@salvator-x:~# 
root@salvator-x:~# 
root@salvator-x:~# 
root@salvator-x:~# 
----------Prepare----------


root@salvator-x:~# find /sys/devices/platform/soc/ee080100.usb/ -name 'sd*'
/sys/devices/platform/soc/ee080100.usb/usb9/9-1/9-1.4/9-1.4:1.0/host1/target1:0:0/1:0:0:0/block/sda
/sys/devices/platform/soc/ee080100.usb/usb9/9-1/9-1.4/9-1.4:1.0/host1/target1:0:0/1:0:0:0/block/sda/sda1
root@salvator-x:~# 
root@salvator-x:~# dd if=/dev/urandom of=testdata bs=10M count=5
5+0 records in
5+0 records out
52428800 bytes (52 MB, 50 MiB) copied, 1.44888 s, 36.2 MB/s
root@salvator-x:~# 
root@salvator-x:~# mkdir -p /mnt/usb
root@salvator-x:~# 
root@salvator-x:~# mount /dev/sda1 /mnt/usb
[   29.845368] EXT4-fs (sda1): recovery complete
[   29.850823] EXT4-fs (sda1): mounted filesystem with ordered data mode. Opts: (null)
root@salvator-x:~# 
root@salvator-x:~# cp testdata /mnt/usb/
root@salvator-x:~# 
root@salvator-x:~# umount /mnt/usb
root@salvator-x:~# 
root@salvator-x:~# find /sys/devices/platform/soc/ee080100.usb/ -name 'sd*'
/sys/devices/platform/soc/ee080100.usb/usb9/9-1/9-1.4/9-1.4:1.0/host1/target1:0:0/1:0:0:0/block/sda
/sys/devices/platform/soc/ee080100.usb/usb9/9-1/9-1.4/9-1.4:1.0/host1/target1:0:0/1:0:0:0/block/sda/sda1
root@salvator-x:~# 
root@salvator-x:~# i2cset -f -y 7 0x30 0x20 0x0f
root@salvator-x:~# 

Switch SW23 off and input 'yes' to continue:
[   41.950104] SDHI0 VccQ: disabling
[   41.953494] SDHI3 VccQ: disabling
Input 'yes' to continue: 

root@salvator-x:~# echo N > /sys/module/printk/parameters/console_suspend
root@salvator-x:~# 
root@salvator-x:~# mount /dev/sda1 /mnt/usb
[   93.334695] EXT4-fs (sda1): mounted filesystem with ordered data mode. Opts: (null)
root@salvator-x:~# 
root@salvator-x:~# cp testdata /mnt/usb/testdata_from_nfs &
[1] 561
root@salvator-x:~# 
root@salvator-x:~# echo mem > /sys/power/state
[   94.718245] PM: suspend entry (deep)
[   97.725484] Filesystems sync: 3.003 seconds
[   97.732240] Freezing user space processes ... (elapsed 0.002 seconds) done.
[   97.734326] OOM killer disabled.
[   97.734328] Freezing remaining freezable tasks ... (elapsed 0.005 seconds) done.
[   98.151978] ravb e6800000.ethernet eth0: Link is Down
[   98.167160] Disabling non-boot CPUs ...
[   98.171582] CPU1: shutdown
[   98.174304] psci: CPU1 killed (polled 0 ms)
[   98.180143] CPU2: shutdown
[   98.182867] psci: CPU2 killed (polled 0 ms)
[   98.188466] CPU3: shutdown
[   98.191195] psci: CPU3 killed (polled 0 ms)
[   98.197077] CPU4: shutdown
[   98.199802] psci: CPU4 killed (polled 0 ms)
[   98.205547] CPU5: shutdown
[   98.208287] psci: CPU5 killed (polled 0 ms)
[   98.213909] CPU6: shutdown
[   98.216639] psci: CPU6 killed (polled 0 ms)
[   98.222296] CPU7: shutdown
[   98.225007] psci: CPU7 killed (polled 0 ms)
 
Pull out USB device at CN9


Press any button to continue


 Switch power switch: 

NOTICE:  BL2: R-Car Gen3 Initial Program Loader(CA57) Rev.4.0.0
NOTICE:  BL2: PRR is R-Car H3 Ver.3.0
NOTICE:  BL2: Board is Salvator-XS Rev.1.0
NOTICE:  BL2: Boot device is HyperFlash(160MHz)
NOTICE:  BL2: LCM state is CM
NOTICE:  AVS setting succeeded. DVFS_SetVID=0x53
NOTICE:  BL2: DDR3200(rev.0.42)
NOTICE:  BL2: [WARM_BOOT]
NOTICE:  BL2: DRAM Split is 4ch(DDR f)
NOTICE:  BL2: QoS is default setting(rev.0.11)
NOTICE:  BL2: DRAM refresh interval 1.95 usec
NOTICE:  BL2: Periodic Write DQ Training
NOTICE:  BL2: CH0: 400000000 - 47fffffff, 2 GiB
NOTICE:  BL2: CH1: 500000000 - 57fffffff, 2 GiB
NOTICE:  BL2: CH2: 600000000 - 67fffffff, 2 GiB
NOTICE:  BL2: CH3: 700000000 - 77fffffff, 2 GiB
NOTICE:  BL2: Lossy Decomp areas
NOTICE:       Entry 0: DCMPAREACRAx:0x80000540 DCMPAREACRBx:0x570
NOTICE:       Entry 1: DCMPAREACRAx:0x40000000 DCMPAREACRBx:0x0
NOTICE:       Entry 2: DCMPAREACRAx:0x20000000 DCMPAREACRBx:0x0
NOTICE:  BL2: FDT at 0xe6327f70
NOTICE:  BL2: v2.9(release):9cdb21f75
NOTICE:  BL2: Built : 05:25:39, Dec 19 2023
NOTICE:  BL2: Normal boot
[   98.230319] Enabling non-boot CPUs ...
[   98.234352] Detected PIPT I-cache on CPU1
[   98.234407] CPU1: Booted secondary processor 0x0000000001 [0x411fd073]
[   98.234862] CPU1 is up
[   98.247920] Detected PIPT I-cache on CPU2
[   98.247942] CPU2: Booted secondary processor 0x0000000002 [0x411fd073]
[   98.248204] CPU2 is up
[   98.261218] Detected PIPT I-cache on CPU3
[   98.261241] CPU3: Booted secondary processor 0x0000000003 [0x411fd073]
[   98.261523] CPU3 is up
[   98.274591] Detected VIPT I-cache on CPU4
[   98.274643] CPU4: Booted secondary processor 0x0000000100 [0x410fd034]
[   98.275535] CPU4 is up
[   98.288544] Detected VIPT I-cache on CPU5
[   98.288577] CPU5: Booted secondary processor 0x0000000101 [0x410fd034]
[   98.289139] CPU5 is up
[   98.302147] Detected VIPT I-cache on CPU6
[   98.302180] CPU6: Booted secondary processor 0x0000000102 [0x410fd034]
[   98.302788] CPU6 is up
[   98.315795] Detected VIPT I-cache on CPU7
[   98.315827] CPU7: Booted secondary processor 0x0000000103 [0x410fd034]
[   98.316457] CPU7 is up
[   98.389149] xhci-hcd ee000000.usb: xHC error in resume, USBSTS 0x401, Reinit
[   98.396186] usb usb7: root hub lost power or was reset
[   98.401306] usb usb8: root hub lost power or was reset
[   98.528931] Micrel KSZ9031 Gigabit PHY e6800000.ethernet-ffffffff:00: attached PHY driver [Micrel KSZ9031 Gigabit PHY] (mii_bus:phy_addr=e6800000.ethernet-ffffffff:00, irq=183)
[   98.644025] usb usb4: root hub lost power or was reset
[   98.649306] usb usb1: root hub lost power or was reset
[   98.736044] usb usb5: root hub lost power or was reset
[   98.741309] usb usb2: root hub lost power or was reset
[   98.828020] usb usb6: root hub lost power or was reset
[   98.833278] usb usb3: root hub lost power or was reset
[   98.952016] usb usb10: root hub lost power or was reset
[   98.957372] usb usb9: root hub lost power or was reset
[   98.970008] ata1: link resume succeeded after 1 retries
[   99.081522] ata1: SATA link down (SStatus 0 SControl 300)
[  101.848350] OOM killer enabled.
[  101.852221] Restarting tasks ... 
[  101.852442] usb 9-1: USB disconnect, device number 2
[  101.853271] done.
[  101.858638] usb 9-1.4: USB disconnect, device number 3
[1]+  Done                    cp testdata /mnt/usb/testdata_from_nfs
[  101.875658] PM: suspend exit
[  101.881939] blk_update_request: I/O error, dev sda, sector 83941632 op 0x1:(WRITE) flags 0x4000 phys_seg 30 prio class 0
[  101.881966] blk_update_request: I/O error, dev sda, sector 83941872 op 0x1:(WRITE) flags 0x4000 phys_seg 30 prio class 0
[  101.882010] blk_update_request: I/O error, dev sda, sector 83942112 op 0x1:(WRITE) flags 0x4000 phys_seg 30 prio class 0
[  101.882019] blk_update_request: I/O error, dev sda, sector 83942352 op 0x1:(WRITE) flags 0x4000 phys_seg 30 prio class 0
root@salvator-x:[  101.882043] blk_update_request: I/O error, dev sda, sector 83942592 op 0x1:(WRITE) flags 0x4000 phys_seg 30 prio class 0
~# [  101.882051] blk_update_request: I/O error, dev sda, sector 83942832 op 0x1:(WRITE) flags 0x4000 phys_seg 30 prio class 0
[  101.882074] blk_update_request: I/O error, dev sda, sector 83943072 op 0x1:(WRITE) flags 0x4000 phys_seg 30 prio class 0
[  101.882081] blk_update_request: I/O error, dev sda, sector 83943312 op 0x1:(WRITE) flags 0x4000 phys_seg 30 prio class 0
[  101.882119] blk_update_request: I/O error, dev sda, sector 83943552 op 0x1:(WRITE) flags 0x0 phys_seg 16 prio class 0
[  101.882127] blk_update_request: I/O error, dev sda, sector 83943680 op 0x1:(WRITE) flags 0x4800 phys_seg 30 prio class 0
[  101.882428] Aborting journal on device sda1-8.
[  101.882459] Buffer I/O error on dev sda1, logical block 7372800, lost sync page write
[  101.882474] JBD2: Error -5 detected when updating journal superblock for sda1-8.
[  105.497414] ravb e6800000.ethernet eth0: Link is Up - 1Gbps/Full - flow control off

root@salvator-x:~# echo "Wake up sucessfully"
Wake up sucessfully
root@salvator-x:~# 
Plug in USB device at CN9


Press any button to continue

[  119.401931] usb 9-1: new high-speed USB device number 4 using ehci-platform
[  119.563249] hub 9-1:1.0: USB hub found
[  119.567070] hub 9-1:1.0: 4 ports detected
[  119.957930] usb 9-1.4: new high-speed USB device number 5 using ehci-platform
[  120.171761] usb-storage 9-1.4:1.0: USB Mass Storage device detected
[  120.178512] scsi host2: usb-storage 9-1.4:1.0
[  121.215761] scsi 2:0:0:0: Direct-Access     SanDisk  Ultra            1.00 PQ: 0 ANSI: 6
[  121.225364] sd 2:0:0:0: [sdb] 121307136 512-byte logical blocks: (62.1 GB/57.8 GiB)
[  121.236016] sd 2:0:0:0: [sdb] Write Protect is off
[  121.243378] sd 2:0:0:0: [sdb] Write cache: disabled, read cache: enabled, doesn't support DPO or FUA
[  121.519475]  sdb: sdb1
[  121.531003] sd 2:0:0:0: [sdb] Attached SCSI removable disk

root@salvator-x:~# find /sys/devices/platform/soc/ee080100.usb/ -name 'sd*'
/sys/devices/platform/soc/ee080100.usb/usb9/9-1/9-1.4/9-1.4:1.0/host2/target2:0:0/2:0:0:0/block/sdb
/sys/devices/platform/soc/ee080100.usb/usb9/9-1/9-1.4/9-1.4:1.0/host2/target2:0:0/2:0:0:0/block/sdb/sdb1
root@salvator-x:~# 
root@salvator-x:~# wait
root@salvator-x:~# 
root@salvator-x:~# mount /dev/sdb1 /mnt/usb
[  127.267895] EXT4-fs (sdb1): recovery complete
[  127.282269] EXT4-fs (sdb1): mounted filesystem with ordered data mode. Opts: (null)
root@salvator-x:~# 
root@salvator-x:~# sync
root@salvator-x:~# 
root@salvator-x:~# cmp testdata /mnt/usb/testdata_from_nfs
root@salvator-x:~# 
root@salvator-x:~# umount /mnt/usb
root@salvator-x:~# 
 
#### Result: OK ####
