

----------Item 2----------


Please press switch to restart board 

[F 00:00:120
[F 00:00:119
[F 00:00:118
NOTICE:  BL2: R-Car Gen3 Initial Program Loader(CA57) Rev.4.0.0
NOTICE:  BL2: PRR is R-Car H3 Ver.3.0
NOTICE:  BL2: Board is Salvator-XS Rev.1.0
NOTICE:  BL2: Boot device is HyperFlash(160MHz)
NOTICE:  BL2: LCM state is CM
NOTICE:  AVS setting succeeded. DVFS_SetVID=0x53
NOTICE:  BL2: DDR3200(rev.0.42)
NOTICE:  BL2: [COLD_BOOT]
NOTICE:  BL2: DRAM Split is 4ch(DDR f)
NOTICE:  BL2: QoS is default setting(rev.0.11)
NOTICE:  BL2: DRAM refresh interval 1.95 usec
NOTICE:  BL2: Periodic Write DQ Training
NOTICE:  BL2: CH0: 400000000 - 47fffffff, 2 GiB
NOTICE:  BL2: CH1: 500000000 - 57fffffff, 2 GiB
NOTICE:  BL2: CH2: 600000000 - 67fffffff, 2 GiB
NOTICE:  BL2: CH3: 700000000 - 77fffffff, 2 GiB
NOTICE:  BL2: Lossy Decomp areas
NOTICE:       Entry 0: DCMPAREACRAx:0x80000540 DCMPAREACRBx:0x570
NOTICE:       Entry 1: DCMPAREACRAx:0x40000000 DCMPAREACRBx:0x0
NOTICE:       Entry 2: DCMPAREACRAx:0x20000000 DCMPAREACRBx:0x0
NOTICE:  BL2: FDT at 0xe6327f70
NOTICE:  BL2: v2.9(release):9cdb21f75
NOTICE:  BL2: Built : 05:25:39, Dec 19 2023
NOTICE:  BL2: Normal boot
NOTICE:  BL2: dst=0xe6327800 src=0x8180000 len=512(0x200)
NOTICE:  BL2: dst=0x43f00000 src=0x8180400 len=6144(0x1800)
NOTICE:  rcar_file_len: len: 0x0003e000
NOTICE:  BL2: dst=0x44000000 src=0x81c0000 len=253952(0x3e000)
NOTICE:  rcar_file_len: len: 0x00200000
NOTICE:  BL2: dst=0x44100000 src=0x8200000 len=2097152(0x200000)
NOTICE:  rcar_file_len: len: 0x00100000
NOTICE:  BL2: dst=0x50000000 src=0x8640000 len=1048576(0x100000)
NOTICE:  BL2: Booting BL31


U-Boot 2020.10 (Dec 19 2023 - 14:30:40 +0000)

CPU: Renesas Electronics R8A7795 rev 3.0
Model: Renesas Salvator-X 2nd version board based on r8a77951
DRAM:  7.9 GiB
RAM Configuration:
Bank #0: 0x048000000 - 0x0bfffffff, 1.9 GiB
Bank #1: 0x500000000 - 0x57fffffff, 2 GiB
Bank #2: 0x600000000 - 0x67fffffff, 2 GiB
Bank #3: 0x700000000 - 0x77fffffff, 2 GiB

MMC:   sd@ee100000: 0, sd@ee140000: 1, sd@ee160000: 2
Loading Environment from MMC... OK
In:    serial@e6e88000
Out:   serial@e6e88000
Err:   serial@e6e88000
Net:   eth0: ethernet@e6800000
Hit any key to stop autoboot:  2  1  0 
ethernet@e6800000 Waiting for PHY auto negotiation to complete...................... done
Using ethernet@e6800000 device
TFTP from server 192.168.10.99; our IP address is 192.168.10.167
Filename 'traivo/H3/rootfs/boot_USB2H/Image'.
Load address: 0x48080000
Loading: *#################################################################
	 #################################################################
	 #################################################################
	 #################################################################
	 #################################################################
	 #################################################################
	 #################################################################
	 #################################################################
	 #################################################################
	 #################################################################
	 #################################################################
	 #################################################################
	 #################################################################
	 #################################################################
	 #################################################################
	 #################################################################
	 #################################################################
	 #################################################################
	 #################################################################
	 #################################################################
	 #################################################################
	 #################################################################
	 #################################################################
	 #################################################################
	 #################################################################
	 #################################################################
	 #################################################################
	 #################################################################
	 #################################################################
	 #################################################################
	 #################################################################
	 #################################################################
	 #################################################################
	 #################################################################
	 ################################################################
	 4.8 MiB/s
done
Bytes transferred = 33376768 (1fd4a00 hex)
Using ethernet@e6800000 device
TFTP from server 192.168.10.99; our IP address is 192.168.10.167
Filename 'traivo/H3/rootfs/boot_USB2H/r8a77951-salvator-xs.dtb'.
Load address: 0x48000000
Loading: *#######
	 12.4 MiB/s
done
Bytes transferred = 90876 (162fc hex)
Moving Image from 0x48080000 to 0x48200000, end=4a260000
## Flattened Device Tree blob at 48000000
   Booting using the fdt blob at 0x48000000
   Loading Device Tree to 0000000053fe6000, end 0000000053fff2fb ... OK

Starting kernel ...

[    0.000000] Booting Linux on physical CPU 0x0000000000 [0x411fd073]
[    0.000000] Linux version 5.10.194-yocto-standard (thuan.nguyen-hong@banvien) (aarch64-poky-linux-gcc (GCC) 9.3.0, GNU ld (GNU Binutils) 2.34.0.20200220) #10 SMP PREEMPT Mon Feb 19 03:51:05 UTC 2024
[    0.000000] Machine model: Renesas Salvator-X 2nd version board based on r8a77951
[    0.000000] efi: UEFI not found.
[    0.000000] Reserved memory: created CMA memory pool at 0x0000000057000000, size 16 MiB
[    0.000000] OF: reserved mem: initialized node linux,adsp@57000000, compatible id shared-dma-pool
[    0.000000] Reserved memory: created CMA memory pool at 0x0000000058000000, size 384 MiB
[    0.000000] OF: reserved mem: initialized node linux,cma@58000000, compatible id shared-dma-pool
[    0.000000] Reserved memory: created CMA memory pool at 0x0000000070000000, size 256 MiB
[    0.000000] OF: reserved mem: initialized node linux,multimedia@70000000, compatible id shared-dma-pool
[    0.000000] NUMA: No NUMA configuration found
[    0.000000] NUMA: Faking a node at [mem 0x0000000048000000-0x000000077fffffff]
[    0.000000] NUMA: NODE_DATA [mem 0x77efdab00-0x77efdcfff]
[    0.000000] Zone ranges:
[    0.000000]   DMA      [mem 0x0000000048000000-0x000000007fffffff]
[    0.000000]   DMA32    [mem 0x0000000080000000-0x00000000ffffffff]
[    0.000000]   Normal   [mem 0x0000000100000000-0x000000077fffffff]
[    0.000000] Movable zone start for each node
[    0.000000] Early memory node ranges
[    0.000000]   node   0: [mem 0x0000000048000000-0x0000000053ffffff]
[    0.000000]   node   0: [mem 0x0000000054000000-0x0000000056ffffff]
[    0.000000]   node   0: [mem 0x0000000057000000-0x00000000bfffffff]
[    0.000000]   node   0: [mem 0x0000000500000000-0x000000057fffffff]
[    0.000000]   node   0: [mem 0x0000000600000000-0x000000067fffffff]
[    0.000000]   node   0: [mem 0x0000000700000000-0x000000077fffffff]
[    0.000000] Initmem setup node 0 [mem 0x0000000048000000-0x000000077fffffff]
[    0.000000] psci: probing for conduit method from DT.
[    0.000000] psci: PSCIv1.1 detected in firmware.
[    0.000000] psci: Using standard PSCI v0.2 function IDs
[    0.000000] psci: Trusted OS resident on physical CPU 0x0
[    0.000000] psci: SMC Calling Convention v1.2
[    0.000000] percpu: Embedded 23 pages/cpu s56984 r8192 d29032 u94208
[    0.000000] Detected PIPT I-cache on CPU0
[    0.000000] CPU features: detected: EL2 vector hardening
[    0.000000] CPU features: detected: Spectre-v2
[    0.000000] CPU features: detected: ARM errata 1165522, 1319367, or 1530923
[    0.000000] CPU features: detected: Spectre-BHB
[    0.000000] CPU features: detected: ARM erratum 1742098
[    0.000000] Built 1 zonelists, mobility grouping on.  Total pages: 2032128
[    0.000000] Policy zone: Normal
[    0.000000] Kernel command line: rw root=/dev/nfs nfsroot=192.168.10.99:/data/tftpboot/traivo/H3/rootfs,nfsvers=4, ip=192.168.10.167
[    0.000000] Dentry cache hash table entries: 1048576 (order: 11, 8388608 bytes, linear)
[    0.000000] Inode-cache hash table entries: 524288 (order: 10, 4194304 bytes, linear)
[    0.000000] mem auto-init: stack:off, heap alloc:off, heap free:off
[    0.000000] software IO TLB: mapped [mem 0x000000004ffe6000-0x0000000053fe6000] (64MB)
[    0.000000] Memory: 7276840K/8257536K available (15232K kernel code, 2834K rwdata, 8240K rodata, 6144K init, 517K bss, 308952K reserved, 671744K cma-reserved)
[    0.000000] SLUB: HWalign=64, Order=0-3, MinObjects=0, CPUs=8, Nodes=1
[    0.000000] rcu: Preemptible hierarchical RCU implementation.
[    0.000000] rcu: 	RCU event tracing is enabled.
[    0.000000] rcu: 	RCU restricting CPUs from NR_CPUS=256 to nr_cpu_ids=8.
[    0.000000] 	Trampoline variant of Tasks RCU enabled.
[    0.000000] rcu: RCU calculated value of scheduler-enlistment delay is 25 jiffies.
[    0.000000] rcu: Adjusting geometry for rcu_fanout_leaf=16, nr_cpu_ids=8
[    0.000000] NR_IRQS: 64, nr_irqs: 64, preallocated irqs: 0
[    0.000000] arch_timer: cp15 timer(s) running at 8.32MHz (virt).
[    0.000000] clocksource: arch_sys_counter: mask: 0xffffffffffffff max_cycles: 0x1eb398c07, max_idle_ns: 440795202503 ns
[    0.000003] sched_clock: 56 bits at 8MHz, resolution 120ns, wraps every 2199023255503ns
[    0.000208] Console: colour dummy device 80x25
[    0.000416] printk: console [tty0] enabled
[    0.000494] Calibrating delay loop (skipped), value calculated using timer frequency.. 16.64 BogoMIPS (lpj=33280)
[    0.000510] pid_max: default: 32768 minimum: 301
[    0.000566] LSM: Security Framework initializing
[    0.000658] Mount-cache hash table entries: 16384 (order: 5, 131072 bytes, linear)
[    0.000709] Mountpoint-cache hash table entries: 16384 (order: 5, 131072 bytes, linear)
[    0.002150] rcu: Hierarchical SRCU implementation.
[    0.003747] Detected Renesas R-Car Gen3 r8a7795 ES3.0
[    0.005894] EFI services will not be available.
[    0.006228] smp: Bringing up secondary CPUs ...
[    0.006682] Detected PIPT I-cache on CPU1
[    0.006732] CPU1: Booted secondary processor 0x0000000001 [0x411fd073]
[    0.007216] Detected PIPT I-cache on CPU2
[    0.007240] CPU2: Booted secondary processor 0x0000000002 [0x411fd073]
[    0.007664] Detected PIPT I-cache on CPU3
[    0.007687] CPU3: Booted secondary processor 0x0000000003 [0x411fd073]
[    0.008152] CPU features: detected: ARM erratum 845719
[    0.008165] Detected VIPT I-cache on CPU4
[    0.008214] CPU4: Booted secondary processor 0x0000000100 [0x410fd034]
[    0.008698] Detected VIPT I-cache on CPU5
[    0.008724] CPU5: Booted secondary processor 0x0000000101 [0x410fd034]
[    0.009167] Detected VIPT I-cache on CPU6
[    0.009194] CPU6: Booted secondary processor 0x0000000102 [0x410fd034]
[    0.009628] Detected VIPT I-cache on CPU7
[    0.009656] CPU7: Booted secondary processor 0x0000000103 [0x410fd034]
[    0.009734] smp: Brought up 1 node, 8 CPUs
[    0.009796] SMP: Total of 8 processors activated.
[    0.009803] CPU features: detected: 32-bit EL0 Support
[    0.009811] CPU features: detected: CRC32 instructions
[    0.009818] CPU features: detected: 32-bit EL1 Support
[    0.023022] CPU: All CPU(s) started at EL1
[    0.023074] alternatives: patching kernel code
[    0.024229] devtmpfs: initialized
[    0.031030] KASLR disabled due to lack of seed
[    0.031181] clocksource: jiffies: mask: 0xffffffff max_cycles: 0xffffffff, max_idle_ns: 7645041785100000 ns
[    0.031200] futex hash table entries: 2048 (order: 5, 131072 bytes, linear)
[    0.039847] pinctrl core: initialized pinctrl subsystem
[    0.041325] DMI not present or invalid.
[    0.041826] NET: Registered protocol family 16
[    0.042763] DMA: preallocated 1024 KiB GFP_KERNEL pool for atomic allocations
[    0.042958] DMA: preallocated 1024 KiB GFP_KERNEL|GFP_DMA pool for atomic allocations
[    0.043247] DMA: preallocated 1024 KiB GFP_KERNEL|GFP_DMA32 pool for atomic allocations
[    0.043286] audit: initializing netlink subsys (disabled)
[    0.043437] audit: type=2000 audit(0.040:1): state=initialized audit_enabled=0 res=1
[    0.044621] thermal_sys: Registered thermal governor 'power_allocator'
[    0.045135] cpuidle: using governor menu
[    0.045311] hw-breakpoint: found 6 breakpoint and 4 watchpoint registers.
[    0.045434] ASID allocator initialised with 65536 entries
[    0.046733] Serial: AMBA PL011 UART driver
[    0.089630] sh-pfc e6060000.pinctrl: r8a77951_pfc support registered
[    0.104381] HugeTLB registered 1.00 GiB page size, pre-allocated 0 pages
[    0.104399] HugeTLB registered 32.0 MiB page size, pre-allocated 0 pages
[    0.104407] HugeTLB registered 2.00 MiB page size, pre-allocated 0 pages
[    0.104414] HugeTLB registered 64.0 KiB page size, pre-allocated 0 pages
[    0.105381] cryptd: max_cpu_qlen set to 1000
[    0.107640] ACPI: Interpreter disabled.
[    0.111457] rcar-avs: use avs value: 0
[    0.111477] rcar-avs: cpu@0 is running with: opp_table0
[    0.111488] rcar-avs: cpu@1 is running with: opp_table0
[    0.111498] rcar-avs: cpu@2 is running with: opp_table0
[    0.111508] rcar-avs: cpu@3 is running with: opp_table0
[    0.111592] rcar-avs: gsx@fd000000 is running with: gsx_opp_table0
[    0.113001] iommu: Default domain type: Translated 
[    0.113564] ipmmu-vmsa e67b0000.iommu: IPMMU context 0 is reserved
[    0.114542] vgaarb: loaded
[    0.114734] SCSI subsystem initialized
[    0.114989] usbcore: registered new interface driver usbfs
[    0.115021] usbcore: registered new interface driver hub
[    0.115047] usbcore: registered new device driver usb
[    0.118578] i2c-sh_mobile e60b0000.i2c: I2C adapter 7, bus speed 400000 Hz
[    0.119118] mc: Linux media interface: v0.10
[    0.119140] videodev: Linux video capture interface: v2.00
[    0.119186] pps_core: LinuxPPS API ver. 1 registered
[    0.119194] pps_core: Software ver. 5.3.6 - Copyright 2005-2007 Rodolfo Giometti <giometti@linux.it>
[    0.119208] PTP clock support registered
[    0.119376] EDAC MC: Ver: 3.0.0
[    0.121387] FPGA manager framework
[    0.121449] Advanced Linux Sound Architecture Driver Initialized.
[    0.122027] clocksource: Switched to clocksource arch_sys_counter
[    0.122168] VFS: Disk quotas dquot_6.6.0
[    0.122212] VFS: Dquot-cache hash table entries: 512 (order 0, 4096 bytes)
[    0.122338] pnp: PnP ACPI: disabled
[    0.125846] NET: Registered protocol family 2
[    0.126266] IP idents hash table entries: 131072 (order: 8, 1048576 bytes, linear)
[    0.128526] tcp_listen_portaddr_hash hash table entries: 4096 (order: 4, 65536 bytes, linear)
[    0.128606] TCP established hash table entries: 65536 (order: 7, 524288 bytes, linear)
[    0.128892] TCP bind hash table entries: 65536 (order: 8, 1048576 bytes, linear)
[    0.129474] TCP: Hash tables configured (established 65536 bind 65536)
[    0.129598] UDP hash table entries: 4096 (order: 5, 131072 bytes, linear)
[    0.129715] UDP-Lite hash table entries: 4096 (order: 5, 131072 bytes, linear)
[    0.129935] NET: Registered protocol family 1
[    0.130306] RPC: Registered named UNIX socket transport module.
[    0.130318] RPC: Registered udp transport module.
[    0.130324] RPC: Registered tcp transport module.
[    0.130330] RPC: Registered tcp NFSv4.1 backchannel transport module.
[    0.130343] PCI: CLS 0 bytes, default 64
[    0.131288] hw perfevents: enabled with armv8_cortex_a53 PMU driver, 7 counters available
[    0.131563] hw perfevents: enabled with armv8_cortex_a57 PMU driver, 7 counters available
[    0.132180] kvm [1]: HYP mode not available
[    0.135030] Initialise system trusted keyrings
[    0.135194] workingset: timestamp_bits=42 max_order=21 bucket_order=0
[    0.138279] squashfs: version 4.0 (2009/01/31) Phillip Lougher
[    0.138695] NFS: Registering the id_resolver key type
[    0.138720] Key type id_resolver registered
[    0.138727] Key type id_legacy registered
[    0.138781] nfs4filelayout_init: NFSv4 File Layout Driver Registering...
[    0.138791] nfs4flexfilelayout_init: NFSv4 Flexfile Layout Driver Registering...
[    0.138888] 9p: Installing v9fs 9p2000 file system support
[    0.165528] Key type asymmetric registered
[    0.165540] Asymmetric key parser 'x509' registered
[    0.165570] Block layer SCSI generic (bsg) driver version 0.4 loaded (major 243)
[    0.165581] io scheduler mq-deadline registered
[    0.165591] io scheduler kyber registered
[    0.181699] gpio_rcar e6050000.gpio: driving 16 GPIOs
[    0.181982] gpio_rcar e6051000.gpio: driving 29 GPIOs
[    0.182252] gpio_rcar e6052000.gpio: driving 15 GPIOs
[    0.182545] gpio_rcar e6053000.gpio: driving 16 GPIOs
[    0.182928] gpio_rcar e6054000.gpio: driving 18 GPIOs
[    0.183238] gpio_rcar e6055000.gpio: driving 26 GPIOs
[    0.183499] gpio_rcar e6055400.gpio: driving 32 GPIOs
[    0.183736] gpio_rcar e6055800.gpio: driving 4 GPIOs
[    0.186598] rcar-pcie fe000000.pcie: host bridge /soc/pcie@fe000000 ranges:
[    0.186628] rcar-pcie fe000000.pcie:       IO 0x00fe100000..0x00fe1fffff -> 0x0000000000
[    0.186650] rcar-pcie fe000000.pcie:      MEM 0x00fe200000..0x00fe3fffff -> 0x00fe200000
[    0.186668] rcar-pcie fe000000.pcie:      MEM 0x0030000000..0x0037ffffff -> 0x0030000000
[    0.186682] rcar-pcie fe000000.pcie:      MEM 0x0038000000..0x003fffffff -> 0x0038000000
[    0.186698] rcar-pcie fe000000.pcie:   IB MEM 0x0040000000..0x007fffffff -> 0x0040000000
[    0.186743] rcar-pcie fe000000.pcie: no pcie3v3 regulator found
[    0.186754] rcar-pcie fe000000.pcie: no pcie1v8 regulator found
[    0.253723] rcar-pcie fe000000.pcie: PCIe link down
[    0.253890] rcar-pcie ee800000.pcie: host bridge /soc/pcie@ee800000 ranges:
[    0.253913] rcar-pcie ee800000.pcie:       IO 0x00ee900000..0x00ee9fffff -> 0x0000000000
[    0.253933] rcar-pcie ee800000.pcie:      MEM 0x00eea00000..0x00eebfffff -> 0x00eea00000
[    0.253950] rcar-pcie ee800000.pcie:      MEM 0x00c0000000..0x00c7ffffff -> 0x00c0000000
[    0.253963] rcar-pcie ee800000.pcie:      MEM 0x00c8000000..0x00cfffffff -> 0x00c8000000
[    0.253981] rcar-pcie ee800000.pcie:   IB MEM 0x0040000000..0x007fffffff -> 0x0040000000
[    0.254027] rcar-pcie ee800000.pcie: no pcie3v3 regulator found
[    0.254038] rcar-pcie ee800000.pcie: no pcie1v8 regulator found
[    0.414018] rcar-pcie ee800000.pcie: PCIe link down
[    0.416462] EINJ: ACPI disabled.
[    0.450531] Serial: 8250/16550 driver, 4 ports, IRQ sharing enabled
[    0.452958] SuperH (H)SCI(F) driver initialized
[    0.453377] e6550000.serial: ttySC1 at MMIO 0xe6550000 (irq = 42, base_baud = 0) is a hscif
[    0.454125] e6e88000.serial: ttySC0 at MMIO 0xe6e88000 (irq = 128, base_baud = 0) is a scif
[    1.658854] printk: console [ttySC0] enabled
[    1.664264] msm_serial: driver initialized
[    1.674570] rcar-dw-hdmi fead0000.hdmi: Detected HDMI TX controller v2.01a with HDCP (DWC HDMI 2.0 TX PHY)
[    1.684485] rcar-dw-hdmi fead0000.hdmi: registered DesignWare HDMI I2C bus driver
[    1.692749] rcar-dw-hdmi feae0000.hdmi: Detected HDMI TX controller v2.01a with HDCP (DWC HDMI 2.0 TX PHY)
[    1.702605] rcar-dw-hdmi feae0000.hdmi: registered DesignWare HDMI I2C bus driver
[    1.718067] loop: module loaded
[    1.722621] megasas: 07.714.04.00-rc1
[    1.728364] scsi host0: sata_rcar
[    1.731842] ata1: SATA max UDMA/133 irq 181
[    1.741240] tun: Universal TUN/TAP device driver, 1.6
[    1.747222] thunder_xcv, ver 1.0
[    1.750485] thunder_bgx, ver 1.0
[    1.753724] nicpf, ver 1.0
[    1.757843] hclge is initializing
[    1.761178] hns3: Hisilicon Ethernet Network Driver for Hip08 Family - version
[    1.768400] hns3: Copyright (c) 2017 Huawei Corporation.
[    1.773734] e1000: Intel(R) PRO/1000 Network Driver
[    1.778613] e1000: Copyright (c) 1999-2006 Intel Corporation.
[    1.784384] e1000e: Intel(R) PRO/1000 Network Driver
[    1.789348] e1000e: Copyright(c) 1999 - 2015 Intel Corporation.
[    1.795290] igb: Intel(R) Gigabit Ethernet Network Driver
[    1.800689] igb: Copyright (c) 2007-2014 Intel Corporation.
[    1.806281] igbvf: Intel(R) Gigabit Virtual Function Network Driver
[    1.812548] igbvf: Copyright (c) 2009 - 2012 Intel Corporation.
[    1.818882] sky2: driver version 1.30
[    1.826453] ravb e6800000.ethernet eth0: Base address at 0xe6800000, 2e:09:0a:02:ec:37, IRQ 125.
[    1.836630] VFIO - User Level meta-driver version: 0.3
[    1.843808] ehci_hcd: USB 2.0 'Enhanced' Host Controller (EHCI) Driver
[    1.850346] ehci-pci: EHCI PCI platform driver
[    1.854806] ehci-platform: EHCI generic platform driver
[    1.860435] ehci-platform ee0a0100.usb: EHCI Host Controller
[    1.866115] ehci-platform ee0a0100.usb: new USB bus registered, assigned bus number 1
[    1.874020] ehci-platform ee0a0100.usb: irq 175, io mem 0xee0a0100
[    1.894027] ehci-platform ee0a0100.usb: USB 2.0 started, EHCI 1.10
[    1.900550] hub 1-0:1.0: USB hub found
[    1.904319] hub 1-0:1.0: 1 port detected
[    1.908721] ehci-platform ee0c0100.usb: EHCI Host Controller
[    1.914395] ehci-platform ee0c0100.usb: new USB bus registered, assigned bus number 2
[    1.922284] ehci-platform ee0c0100.usb: irq 176, io mem 0xee0c0100
[    1.942025] ehci-platform ee0c0100.usb: USB 2.0 started, EHCI 1.10
[    1.948493] hub 2-0:1.0: USB hub found
[    1.952262] hub 2-0:1.0: 1 port detected
[    1.982062] ehci-platform ee0e0100.usb: EHCI Host Controller
[    1.987739] ehci-platform ee0e0100.usb: new USB bus registered, assigned bus number 3
[    1.995629] ehci-platform ee0e0100.usb: irq 177, io mem 0xee0e0100
[    2.014025] ehci-platform ee0e0100.usb: USB 2.0 started, EHCI 1.10
[    2.020470] hub 3-0:1.0: USB hub found
[    2.024237] hub 3-0:1.0: 1 port detected
[    2.028612] ehci-orion: EHCI orion driver
[    2.032870] ehci-exynos: EHCI Exynos driver
[    2.037173] ohci_hcd: USB 1.1 'Open' Host Controller (OHCI) Driver
[    2.043369] ohci-pci: OHCI PCI platform driver
[    2.047854] ohci-platform: OHCI generic platform driver
[    2.053381] ohci-platform ee0a0000.usb: Generic Platform OHCI controller
[    2.060102] ohci-platform ee0a0000.usb: new USB bus registered, assigned bus number 4
[    2.067984] ohci-platform ee0a0000.usb: irq 175, io mem 0xee0a0000
[    2.150033] ata1: link resume succeeded after 1 retries
[    2.164315] hub 4-0:1.0: USB hub found
[    2.168089] hub 4-0:1.0: 1 port detected
[    2.172424] ohci-platform ee0c0000.usb: Generic Platform OHCI controller
[    2.179138] ohci-platform ee0c0000.usb: new USB bus registered, assigned bus number 5
[    2.187010] ohci-platform ee0c0000.usb: irq 176, io mem 0xee0c0000
[    2.261549] ata1: SATA link down (SStatus 0 SControl 300)
[    2.280323] hub 5-0:1.0: USB hub found
[    2.284097] hub 5-0:1.0: 1 port detected
[    2.288419] ohci-platform ee0e0000.usb: Generic Platform OHCI controller
[    2.295134] ohci-platform ee0e0000.usb: new USB bus registered, assigned bus number 6
[    2.303003] ohci-platform ee0e0000.usb: irq 177, io mem 0xee0e0000
[    2.396331] hub 6-0:1.0: USB hub found
[    2.400098] hub 6-0:1.0: 1 port detected
[    2.404441] ohci-exynos: OHCI Exynos driver
[    2.409278] xhci-hcd ee000000.usb: xHCI Host Controller
[    2.414516] xhci-hcd ee000000.usb: new USB bus registered, assigned bus number 7
[    2.437768] xhci-hcd ee000000.usb: hcc params 0x014051ce hci version 0x100 quirks 0x0000000000830410
[    2.446934] xhci-hcd ee000000.usb: irq 172, io mem 0xee000000
[    2.452795] xhci-hcd ee000000.usb: xHCI Host Controller
[    2.458031] xhci-hcd ee000000.usb: new USB bus registered, assigned bus number 8
[    2.465438] xhci-hcd ee000000.usb: Host supports USB 3.0 SuperSpeed
[    2.471988] hub 7-0:1.0: USB hub found
[    2.475757] hub 7-0:1.0: 1 port detected
[    2.479851] usb usb8: We don't know the algorithms for LPM for this host, disabling LPM.
[    2.488202] hub 8-0:1.0: USB hub found
[    2.491972] hub 8-0:1.0: 1 port detected
[    2.496781] usbcore: registered new interface driver usb-storage
[    2.504487] renesas_usbhs e6590000.usb: host probed
[    2.509378] renesas_usbhs e6590000.usb: no transceiver found
[    2.515104] renesas_usbhs e6590000.usb: gadget probed
[    2.520317] renesas_usbhs e6590000.usb: probed
[    2.525216] renesas_usbhs e659c000.usb: host probed
[    2.530109] renesas_usbhs e659c000.usb: no transceiver found
[    2.535823] renesas_usbhs e659c000.usb: gadget probed
[    2.541025] renesas_usbhs e659c000.usb: probed
[    2.547946] i2c /dev entries driver
[    2.562464] cs2000-cp 2-004f: revision - C1
[    2.566710] i2c-rcar e6510000.i2c: probed
[    2.571539] pca953x 4-0020: supply vcc not found, using dummy regulator
[    2.578241] pca953x 4-0020: using no AI
[    2.582889] gpio-355 (PCIE/SATA switch): hogged as output/low
[    2.595171] i2c-rcar e66d8000.i2c: probed
[    2.600522] adv748x 4-0070: Endpoint /soc/i2c@e66d8000/video-receiver@70/port@7/endpoint on port 7
[    2.609503] adv748x 4-0070: Endpoint /soc/i2c@e66d8000/video-receiver@70/port@8/endpoint on port 8
[    2.618474] adv748x 4-0070: Endpoint /soc/i2c@e66d8000/video-receiver@70/port@a/endpoint on port 10
[    2.627537] adv748x 4-0070: Endpoint /soc/i2c@e66d8000/video-receiver@70/port@b/endpoint on port 11
[    2.636928] adv748x 4-0070: chip found @ 0xe0 revision 2143
[    2.690499] rcar-csi2 fea80000.csi2: 1 lanes found
[    2.695644] rcar-csi2 feaa0000.csi2: 4 lanes found
[    2.705232] rcar-vin e6ef0000.video: Device registered as video0
[    2.711326] rcar-vin e6ef1000.video: Device registered as video1
[    2.717401] rcar-vin e6ef2000.video: Device registered as video2
[    2.723470] rcar-vin e6ef3000.video: Device registered as video3
[    2.729538] rcar-vin e6ef4000.video: Device registered as video4
[    2.735611] rcar-vin e6ef5000.video: Device registered as video5
[    2.741687] rcar-vin e6ef6000.video: Device registered as video6
[    2.747806] rcar-vin e6ef7000.video: Device registered as video7
[    2.756557] rcar_gen3_thermal e6198000.thermal: is using pseudo fixed FUSE values
[    2.768736] rcar_gen3_thermal e6198000.thermal: TSC0: Loaded 1 trip points
[    2.779993] rcar_gen3_thermal e6198000.thermal: TSC1: Loaded 1 trip points
[    2.791258] rcar_gen3_thermal e6198000.thermal: TSC2: Loaded 3 trip points
[    2.803322] sdhci: Secure Digital Host Controller Interface driver
[    2.809517] sdhci: Copyright(c) Pierre Ossman
[    2.814813] Synopsys Designware Multimedia Card Interface Driver
[    2.815184] renesas_sdhi_internal_dmac ee100000.mmc: Got CD GPIO
[    2.815403] renesas_sdhi_internal_dmac ee140000.mmc: Adding to iommu group 0
[    2.815447] renesas_sdhi_internal_dmac ee140000.mmc: Using IPMMU context 1
[    2.815485] renesas_sdhi_internal_dmac ee160000.mmc: Got CD GPIO
[    2.815512] renesas_sdhi_internal_dmac ee160000.mmc: Got WP GPIO
[    2.822178] sdhci-pltfm: SDHCI platform and OF driver helper
[    2.826859] renesas_sdhi_internal_dmac ee100000.mmc: Got WP GPIO
[    2.864890] ledtrig-cpu: registered to indicate activity on CPUs
[    2.864912] renesas_sdhi_internal_dmac ee140000.mmc: mmc0 base at 0x00000000ee140000, max clock rate 200 MHz
[    2.871855] SMCCC: SOC_ID: ARCH_SOC_ID not implemented, skipping ....
[    2.887857] usbcore: registered new interface driver usbhid
[    2.893434] usbhid: USB HID core driver
[    2.901056] optee: probing for conduit method.
[    2.905523] optee: revision 3.22 (314ecf9d)
[    2.906021] optee driver R-Car Rev.1.0.11
[    2.914515] optee: dynamic shared memory is enabled
[    2.919661] optee: initialized driver
[    2.936511] rcar_sound ec500000.sound: probed
[    2.941587] NET: Registered protocol family 17
[    2.946160] 9pnet: Installing 9P2000 support
[    2.950571] Key type dns_resolver registered
[    2.955220] registered taskstats version 1
[    2.959237] mmc0: new HS400 MMC card at address 0001
[    2.959327] Loading compiled-in X.509 certificates
[    2.965223] mmcblk0: mmc0:0001 BGSD3R 29.1 GiB 
[    2.974020] mmcblk0boot0: mmc0:0001 BGSD3R partition 1 16.0 MiB
[    2.979046] thermal emergency: set temperature to 110 celsius
[    2.980293] mmcblk0boot1: mmc0:0001 BGSD3R partition 2 16.0 MiB
[    2.985882] thermal emergency: shutdown target cpus 1-7
[    2.991968] mmcblk0rpmb: mmc0:0001 BGSD3R partition 3 4.00 MiB, chardev (509:0)
[    2.996960] thermal emergency: freq scaled target cpus 0
[    3.006237]  mmcblk0: p1
[    3.009845] renesas_irqc e61c0000.interrupt-controller: driving 6 irqs
[    3.066047] ehci-platform ee080100.usb: EHCI Host Controller
[    3.071741] ehci-platform ee080100.usb: new USB bus registered, assigned bus number 9
[    3.079646] ehci-platform ee080100.usb: irq 174, io mem 0xee080100
[    3.098025] ehci-platform ee080100.usb: USB 2.0 started, EHCI 1.10
[    3.104576] hub 9-0:1.0: USB hub found
[    3.108347] hub 9-0:1.0: 1 port detected
[    3.113319] ohci-platform ee080000.usb: Generic Platform OHCI controller
[    3.120042] ohci-platform ee080000.usb: new USB bus registered, assigned bus number 10
[    3.128010] ohci-platform ee080000.usb: irq 174, io mem 0xee080000
[    3.224442] hub 10-0:1.0: USB hub found
[    3.228298] hub 10-0:1.0: 1 port detected
[    3.233480] cpu cpu0: EM: created perf domain
[    3.238369] cpu cpu4: EM: created perf domain
[    3.248100] renesas_sdhi_internal_dmac ee100000.mmc: Got CD GPIO
[    3.248396] renesas_sdhi_internal_dmac ee160000.mmc: Got CD GPIO
[    3.250899] [drm] Initialized rcar-du 1.0.0 20130110 for feb00000.display on minor 0
[    3.250902] [drm] Device feb00000.display probed
[    3.254155] renesas_sdhi_internal_dmac ee100000.mmc: Got WP GPIO
[    3.260248] renesas_sdhi_internal_dmac ee160000.mmc: Got WP GPIO
[    3.317250] renesas_sdhi_internal_dmac ee100000.mmc: mmc1 base at 0x00000000ee100000, max clock rate 200 MHz
[    3.324201] Console: switching to colour frame buffer device 128x48
[    3.333946] renesas_sdhi_internal_dmac ee160000.mmc: mmc2 base at 0x00000000ee160000, max clock rate 200 MHz
[    3.365357] rcar-du feb00000.display: [drm] fb0: rcar-dudrmfb frame buffer device
[    3.377914] input: keys as /devices/platform/keys/input/input0
[    3.458056] Micrel KSZ9031 Gigabit PHY e6800000.ethernet-ffffffff:00: attached PHY driver [Micrel KSZ9031 Gigabit PHY] (mii_bus:phy_addr=e6800000.ethernet-ffffffff:00, irq=183)
[   10.062898] ravb e6800000.ethernet eth0: Link is Up - 1Gbps/Full - flow control off
[   10.094059] IP-Config: Guessing netmask 255.255.255.0
[   10.099222] IP-Config: Complete:
[   10.102537]      device=eth0, hwaddr=2e:09:0a:02:ec:37, ipaddr=192.168.10.167, mask=255.255.255.0, gw=255.255.255.255
[   10.113349]      host=192.168.10.167, domain=, nis-domain=(none)
[   10.119482]      bootserver=255.255.255.255, rootserver=192.168.10.99, rootpath=
[   10.120088] ALSA device list:
[   10.130688]   No soundcards found.
[   11.195680] VFS: Mounted root (nfs4 filesystem) on device 0:22.
[   11.202583] devtmpfs: mounted
[   11.209263] Freeing unused kernel memory: 6144K
[   11.226269] Run /sbin/init as init process
[   11.398390] systemd[1]: System time before build time, advancing clock.
[   11.720819] NET: Registered protocol family 10
[   11.728948] Segment Routing with IPv6
[   11.749878] systemd[1]: systemd 244 running in system mode. (+PAM -AUDIT -SELINUX +IMA -APPARMOR -SMACK +SYSVINIT +UTMP -LIBCRYPTSETUP -GCRYPT -GNUTLS +ACL +XZ -LZ4 -SECCOMP +BLKID -ELFUTILS +KMOD -IDN2 -IDN -PCRE2 default-hierarchy=hybrid)
[   11.773977] systemd[1]: Detected architecture arm64.

Welcome to [1mPoky (Yocto Project Reference Distro) 3.1.11 (dunfell)[0m!

[   11.804368] systemd[1]: Set hostname to <salvator-x>.
[   12.592392] random: systemd: uninitialized urandom read (16 bytes read)
[   12.603695] systemd[1]: system-getty.slice: unit configures an IP firewall, but the local system does not support BPF/cgroup firewalling.
[   12.624853] systemd[1]: (This warning is only shown for the first unit using IP firewalling.)
[   12.639389] systemd[1]: Created slice system-getty.slice.
[[0;32m  OK  [0m] Created slice [0;1;39msystem-getty.slice[0m.
[   12.666193] random: systemd: uninitialized urandom read (16 bytes read)
[   12.675076] systemd[1]: Created slice system-serial\x2dgetty.slice.
[[0;32m  OK  [0m] Created slice [0;1;39msystem-serial\x2dgetty.slice[0m.
[   12.698148] random: systemd: uninitialized urandom read (16 bytes read)
[   12.706812] systemd[1]: Created slice User and Session Slice.
[[0;32m  OK  [0m] Created slice [0;1;39mUser and Session Slice[0m.
[   12.730339] systemd[1]: Started Dispatch Password Requests to Console Directory Watch.
[[0;32m  OK  [0m] Started [0;1;39mDispatch Password â€¦ts to Console Directory Watch[0m.
[   12.758457] systemd[1]: Started Forward Password Requests to Wall Directory Watch.
[[0;32m  OK  [0m] Started [0;1;39mForward Password Râ€¦uests to Wall Directory Watch[0m.
[   12.786331] systemd[1]: Reached target Paths.
[[0;32m  OK  [0m] Reached target [0;1;39mPaths[0m.
[   12.810241] systemd[1]: Reached target Remote File Systems.
[[0;32m  OK  [0m] Reached target [0;1;39mRemote File Systems[0m.
[   12.834197] systemd[1]: Reached target Slices.
[[0;32m  OK  [0m] Reached target [0;1;39mSlices[0m.
[   12.858217] systemd[1]: Reached target Swap.
[[0;32m  OK  [0m] Reached target [0;1;39mSwap[0m.
[   12.885177] systemd[1]: Listening on RPCbind Server Activation Socket.
[[0;32m  OK  [0m] Listening on [0;1;39mRPCbind Server Activation Socket[0m.
[   12.914266] systemd[1]: Reached target RPC Port Mapper.
[[0;32m  OK  [0m] Reached target [0;1;39mRPC Port Mapper[0m.
[   12.938563] systemd[1]: Listening on initctl Compatibility Named Pipe.
[[0;32m  OK  [0m] Listening on [0;1;39minitctl Compatibility Named Pipe[0m.
[   12.968346] systemd[1]: Listening on Journal Audit Socket.
[[0;32m  OK  [0m] Listening on [0;1;39mJournal Audit Socket[0m.
[   12.996079] systemd[1]: Listening on Journal Socket (/dev/log).
[[0;32m  OK  [0m] Listening on [0;1;39mJournal Socket (/dev/log)[0m.
[   13.022872] systemd[1]: Listening on Journal Socket.
[[0;32m  OK  [0m] Listening on [0;1;39mJournal Socket[0m.
[   13.048296] systemd[1]: Listening on Network Service Netlink Socket.
[[0;32m  OK  [0m] Listening on [0;1;39mNetwork Service Netlink Socket[0m.
[   13.076681] systemd[1]: Listening on udev Control Socket.
[[0;32m  OK  [0m] Listening on [0;1;39mudev Control Socket[0m.
[   13.102695] systemd[1]: Listening on udev Kernel Socket.
[[0;32m  OK  [0m] Listening on [0;1;39mudev Kernel Socket[0m.
[   13.131645] systemd[1]: Mounting Huge Pages File System...
         Mounting [0;1;39mHuge Pages File System[0m...
[   13.159356] systemd[1]: Mounting POSIX Message Queue File System...
         Mounting [0;1;39mPOSIX Message Queue File System[0m...
[   13.191389] systemd[1]: Mounting Kernel Debug File System...
         Mounting [0;1;39mKernel Debug File System[0m...
[   13.223447] systemd[1]: Mounting Temporary Directory (/tmp)...
         Mounting [0;1;39mTemporary Directory (/tmp)[0m...
[   13.256568] systemd[1]: Starting Create list of static device nodes for the current kernel...
         Starting [0;1;39mCreate list of stâ€¦odes for the current kernel[0m...
[   13.291325] systemd[1]: Starting Start psplash boot splash screen...
         Starting [0;1;39mStart psplash boot splash screen[0m...
[   13.324828] systemd[1]: Starting RPC Bind...
         Starting [0;1;39mRPC Bind[0m...
[   13.345433] systemd[1]: Condition check resulted in File System Check on Root Device being skipped.
[   13.364570] systemd[1]: Starting Journal Service...
         Starting [0;1;39mJournal Service[0m...
[   13.392259] systemd[1]: Starting Load Kernel Modules...
         Starting [0;1;39mLoad Kernel Modules[0m...
[   13.414726] systemd[1]: Starting Remount Root and Kernel File Systems...
         Starting [0;1;39mRemount Root and Kernel File Systems[0m...
[   13.447507] systemd[1]: Starting udev Coldplug all Devices...
         Starting [0;1;39mudev Coldplug all Devices[0m...
[   13.472042] systemd[1]: Started Start psplash boot splash screen.
[[0;32m  OK  [0m] Started [0;1;39mStart psplash boot splash screen[0m.
[   13.494863] systemd[1]: Started RPC Bind.
[[0;32m  OK  [0m] Started [0;1;39mRPC Bind[0m.
[   13.514744] systemd[1]: Started Journal Service.
[[0;32m  OK  [0m] Started [0;1;39mJournal Service[0m.
[[0;32m  OK  [0m] Mounted [0;1;39mHuge Pages File System[0m.[   13.542045] random: crng init done

[   13.546600] random: 37 urandom warning(s) missed due to ratelimiting
[[0;32m  OK  [0m] Mounted [0;1;39mPOSIX Message Queue File System[0m.
[[0;32m  OK  [0m] Mounted [0;1;39mKernel Debug File System[0m.
[[0;32m  OK  [0m] Mounted [0;1;39mTemporary Directory (/tmp)[0m.
[[0;32m  OK  [0m] Started [0;1;39mCreate list of staâ€¦ nodes for the current kernel[0m.
[[0;32m  OK  [0m] Started [0;1;39mLoad Kernel Modules[0m.
[[0;32m  OK  [0m] Started [0;1;39mRemount Root and Kernel File Systems[0m.
         Mounting [0;1;39mKernel Configuration File System[0m...
[[0;32m  OK  [0m] Started [0;1;39mStart psplash-systâ€¦progress communication helper[0m.
         Starting [0;1;39mFlush Journal to Persistent Storage[0m...
[   13.752272] systemd-journald[360]: Received client request to flush runtime journal.
         Starting [0;1;39mApply Kernel Variables[0m...
         Starting [0;1;39mCreate Static Device Nodes in /dev[0m...
[[0;32m  OK  [0m] Mounted [0;1;39mKernel Configuration File System[0m.
[[0;32m  OK  [0m] Started [0;1;39mFlush Journal to Persistent Storage[0m.
[[0;32m  OK  [0m] Started [0;1;39mApply Kernel Variables[0m.
[[0;32m  OK  [0m] Started [0;1;39mCreate Static Device Nodes in /dev[0m.
[[0;32m  OK  [0m] Started [0;1;39mudev Coldplug all Devices[0m.
[[0;32m  OK  [0m] Reached target [0;1;39mLocal File Systems (Pre)[0m.
         Mounting [0;1;39m/var/volatile[0m...
         Starting [0;1;39mudev Kernel Device Manager[0m...
[[0;32m  OK  [0m] Mounted [0;1;39m/var/volatile[0m.
         Starting [0;1;39mLoad/Save Random Seed[0m...
[[0;32m  OK  [0m] Reached target [0;1;39mLocal File Systems[0m.
         Starting [0;1;39mCreate Volatile Files and Directories[0m...
[[0;32m  OK  [0m] Started [0;1;39mLoad/Save Random Seed[0m.
[[0;32m  OK  [0m] Started [0;1;39mudev Kernel Device Manager[0m.
         Starting [0;1;39mNetwork Service[0m...
[[0;32m  OK  [0m] Started [0;1;39mCreate Volatile Files and Directories[0m.
         Starting [0;1;39mNetwork Time Synchronization[0m...
         Starting [0;1;39mUpdate UTMP about System Boot/Shutdown[0m...
[[0;32m  OK  [0m] Started [0;1;39mNetwork Service[0m.
         Starting [0;1;39mNetwork Name Resolution[0m...
[[0;32m  OK  [0m] Started [0;1;39mUpdate UTMP about System Boot/Shutdown[0m.
[   14.327254] pwm-backlight: probe of backlight failed with error -16
[[0;32m  OK  [0m] Started [0;1;39mNetwork Time Synchronization[0m.
[[0;32m  OK  [0m] Reached target [0;1;39mSystem Initialization[0m.
[   14.384636] at24 7-0050: supply vcc not found, using dummy regulator
[[0;32m  OK  [0m] Started [0;1;39mDai[   14.393991] at24 7-0050: 128 byte br24t01 EEPROM, writable, 8 bytes/write
ly Cleanup of Temporary Directories[0m.
[[0;32m  OK  [0m] Reached target [0;1;39mSystem Time Set[0m.
[[0;32m  OK  [0m] Reached target [0;1;39mSystem Time Synchronized[0m.
[[0;32m  OK  [0m] Reached target [0;1;39mTimers[0m.
[[0;32m  OK  [0m] Listening on [0;1;39mAvahi mDNS/DNS-SD Stack Activation Socket[0m.
[[0;32m  OK  [0m] Listening on [0;1;39mD-Bus System Message Bus Socket[0m.
[[0;32m  OK  [0m] Listening on [0;1;39mdropbear.socket[0m.
[   14.528731] ccree e6601000.crypto: ARM CryptoCell 630P Driver: HW version 0xAF400001/0xDCC63000, Driver version 5.0
[[0;32m  OK  [0m] Reached target [0;1;39mSockets[0m.
[   14.554262] renesas_usb3 ee020000.usb: probed with phy
[   14.554567] ccree e6601000.crypto: ARM ccree device initialized
[[0;32m  OK  [0m] Reached target [0;1;39mBasic System[0m.
[[0;32m  OK  [0m] Started [0;1;39mD-Bus System Message Bus[0m.
[[0;32m  OK  [0m] Started [0;1;39moptee services[0m.
         Starting [0;1;39mpvrinit.service[0m...
         Starting [0;1;39mPowerVR consumer services[0m...
         Starting [0;1;39mLogin Service[0m...
[[0;32m  OK  [0m] Started [0;1;39mNetwork Name Resolution[0m.
[[0;1;31mFAILED[0m] Failed to start [0;1;39mpvrinit.service[0m.
See 'systemctl status pvrinit.service' for details.
[[0;1;31mFAILED[0m] Failed to start [0;1;39mPowerVR consumer services[0m.
See 'systemctl status rc.pvr.service' for details.
[[0;1;38;5;185mDEPEND[0m] Dependency failed for [0;1;39mWeston Wayland Compositor[0m.
[[0;32m  OK  [0m] Started [0;1;39mLogin Service[0m.
[[0;32m  OK  [0m] Created slice [0;1;39msystem-weston.slice[0m.
[[0;32m  OK  [0m] Reached target [0;1;39mNetwork[0m.
[[0;32m  OK  [0m] Reached target [0;1;39mHost and Network Name Lookups[0m.
[[0;32m  OK  [0m] Reached target [0;1;39mHardware activated USB gadget[0m.
         Starting [0;1;39mAvahi mDNS/DNS-SD Stack[0m...
         Starting [0;1;39mset_default_governor.service[0m...
         Starting [0;1;39mPermit User Sessions[0m...
[[0;32m  OK  [0m] Started [0;1;39mXinetd A Powerful Replacement For Inetd[0m.
[   15.066188] rd 0-7: Disabling EAS, schedutil is mandatory
[[0;32m  OK  [0m] Started [0;1;39mPermit User Sessions[0m.
[[0;32m  OK  [0m] Started [0;1;39mset_default_governor.service[0m.
[[0;32m  OK  [0m] Started [0;1;39mAvahi mDNS/DNS-SD Stack[0m.
[[0;32m  OK  [0m] Started [0;1;39mGetty on tty1[0m.
[[0;32m  OK  [0m] Started [0;1;39mSerial Getty on ttySC0[0m.
[[0;32m  OK  [0m] Reached target [0;1;39mLogin Prompts[0m.
[[0;32m  OK  [0m] Reached target [0;1;39mMulti-User System[0m.
         Starting [0;1;39mUpdate UTMP about System Runlevel Changes[0m...
[[0;32m  OK  [0m] Started [0;1;39mUpdate UTMP about System Runlevel Changes[0m.

Poky (Yocto Project Reference Distro) 3.1.11 salvator-x ttySC0

salvator-x login: 
salvator-x login: root
[   16.848084] audit: type=1006 audit(1703064537.444:2): pid=535 uid=0 old-auid=4294967295 auid=0 tty=(none) old-ses=4294967295 ses=1 res=1
7[r[999;999H[6n8root@salvator-x:~# 
root@salvator-x:~# 
root@salvator-x:~# 
root@salvator-x:~# 
root@salvator-x:~# 
root@salvator-x:~# 
root@salvator-x:~# 
root@salvator-x:~# 
root@salvator-x:~# 
Plug in USB device at CN10L


Press any button to continue

[   33.406030] usb 1-1: new high-speed USB device number 2 using ehci-platform
[   33.572854] usb-storage 1-1:1.0: USB Mass Storage device detected
[   33.579361] scsi host1: usb-storage 1-1:1.0
[   34.591867] scsi 1:0:0:0: Direct-Access     Lexar    JD Secure II +   1100 PQ: 0 ANSI: 0 CCS
[   34.721581] sd 1:0:0:0: [sda] 1966080 512-byte logical blocks: (1.01 GB/960 MiB)
[   34.730126] sd 1:0:0:0: [sda] Write Protect is off
[   34.736242] sd 1:0:0:0: [sda] No Caching mode page found
[   34.741583] sd 1:0:0:0: [sda] Assuming drive cache: write through
[   34.770911]  sda: sda1
[   34.778390] sd 1:0:0:0: [sda] Attached SCSI removable disk
[   41.950171] SDHI0 VccQ: disabling
[   41.953564] SDHI3 VccQ: disabling

----------Prepare----------


root@salvator-x:~# find /sys/devices/platform/soc/ee0a0100.usb/ -name 'sd*'
/sys/devices/platform/soc/ee0a0100.usb/usb1/1-1/1-1:1.0/host1/target1:0:0/1:0:0:0/block/sda
/sys/devices/platform/soc/ee0a0100.usb/usb1/1-1/1-1:1.0/host1/target1:0:0/1:0:0:0/block/sda/sda1
root@salvator-x:~# 
root@salvator-x:~# dd if=/dev/urandom of=testdata bs=10M count=1
1+0 records in
1+0 records out
10485760 bytes (10 MB, 10 MiB) copied, 0.294311 s, 35.6 MB/s
root@salvator-x:~# 
root@salvator-x:~# mkdir -p /mnt/usb
root@salvator-x:~# 
root@salvator-x:~# mount /dev/sda1 /mnt/usb
[   65.059994] EXT4-fs (sda1): mounted filesystem with ordered data mode. Opts: (null)
root@salvator-x:~# 
root@salvator-x:~# cp testdata /mnt/usb/
root@salvator-x:~# 
root@salvator-x:~# umount /mnt/usb
root@salvator-x:~# 
Pull out USB device at CN10L


Press any button to continue

[   72.116635] usb 1-1: USB disconnect, device number 2

root@salvator-x:~# i2cset -f -y 7 0x30 0x20 0x0f
root@salvator-x:~# 

Switch SW23 off and input 'yes' to continue:
Input 'yes' to continue: 

root@salvator-x:~# echo N > /sys/module/printk/parameters/console_suspend
root@salvator-x:~# 
root@salvator-x:~# echo mem > /sys/power/state
[   85.434147] PM: suspend entry (deep)
[   85.437921] Filesystems sync: 0.000 seconds
[   85.443480] Freezing user space processes ... (elapsed 0.001 seconds) done.
[   85.445160] OOM killer disabled.
[   85.445163] Freezing remaining freezable tasks ... (elapsed 0.000 seconds) done.
[   85.898277] ravb e6800000.ethernet eth0: Link is Down
[   85.913937] Disabling non-boot CPUs ...
[   85.918380] CPU1: shutdown
[   85.921092] psci: CPU1 killed (polled 0 ms)
[   85.927093] CPU2: shutdown
[   85.929806] psci: CPU2 killed (polled 0 ms)
[   85.935464] CPU3: shutdown
[   85.938195] psci: CPU3 killed (polled 0 ms)
[   85.944171] CPU4: shutdown
[   85.946902] psci: CPU4 killed (polled 0 ms)
[   85.952507] CPU5: shutdown
[   85.955232] psci: CPU5 killed (polled 0 ms)
[   85.960681] CPU6: shutdown
[   85.963407] psci: CPU6 killed (polled 0 ms)
[   85.969019] CPU7: shutdown
[   85.971783] psci: CPU7 killed (polled 0 ms)
 
 Switch power switch: 

NOTICE:  BL2: R-Car Gen3 Initial Program Loader(CA57) Rev.4.0.0
NOTICE:  BL2: PRR is R-Car H3 Ver.3.0
NOTICE:  BL2: Board is Salvator-XS Rev.1.0
NOTICE:  BL2: Boot device is HyperFlash(160MHz)
NOTICE:  BL2: LCM state is CM
NOTICE:  AVS setting succeeded. DVFS_SetVID=0x53
NOTICE:  BL2: DDR3200(rev.0.42)
NOTICE:  BL2: [WARM_BOOT]
NOTICE:  BL2: DRAM Split is 4ch(DDR f)
NOTICE:  BL2: QoS is default setting(rev.0.11)
NOTICE:  BL2: DRAM refresh interval 1.95 usec
NOTICE:  BL2: Periodic Write DQ Training
NOTICE:  BL2: CH0: 400000000 - 47fffffff, 2 GiB
NOTICE:  BL2: CH1: 500000000 - 57fffffff, 2 GiB
NOTICE:  BL2: CH2: 600000000 - 67fffffff, 2 GiB
NOTICE:  BL2: CH3: 700000000 - 77fffffff, 2 GiB
NOTICE:  BL2: Lossy Decomp areas
NOTICE:       Entry 0: DCMPAREACRAx:0x80000540 DCMPAREACRBx:0x570
NOTICE:       Entry 1: DCMPAREACRAx:0x40000000 DCMPAREACRBx:0x0
NOTICE:       Entry 2: DCMPAREACRAx:0x20000000 DCMPAREACRBx:0x0
NOTICE:  BL2: FDT at 0xe6327f70
NOTICE:  BL2: v2.9(release):9cdb21f75
NOTICE:  BL2: Built : 05:25:39, Dec 19 2023
NOTICE:  BL2: Normal boot
[   85.977071] Enabling non-boot CPUs ...
[   85.981117] Detected PIPT I-cache on CPU1
[   85.981172] CPU1: Booted secondary processor 0x0000000001 [0x411fd073]
[   85.981653] CPU1 is up
[   85.994707] Detected PIPT I-cache on CPU2
[   85.994729] CPU2: Booted secondary processor 0x0000000002 [0x411fd073]
[   85.995003] CPU2 is up
[   86.008027] Detected PIPT I-cache on CPU3
[   86.008050] CPU3: Booted secondary processor 0x0000000003 [0x411fd073]
[   86.008331] CPU3 is up
[   86.021394] Detected VIPT I-cache on CPU4
[   86.021447] CPU4: Booted secondary processor 0x0000000100 [0x410fd034]
[   86.022365] CPU4 is up
[   86.035378] Detected VIPT I-cache on CPU5
[   86.035411] CPU5: Booted secondary processor 0x0000000101 [0x410fd034]
[   86.035989] CPU5 is up
[   86.048991] Detected VIPT I-cache on CPU6
[   86.049023] CPU6: Booted secondary processor 0x0000000102 [0x410fd034]
[   86.049722] CPU6 is up
[   86.062732] Detected VIPT I-cache on CPU7
[   86.062764] CPU7: Booted secondary processor 0x0000000103 [0x410fd034]
[   86.063442] CPU7 is up
[   86.136614] xhci-hcd ee000000.usb: xHC error in resume, USBSTS 0x401, Reinit
[   86.143658] usb usb7: root hub lost power or was reset
[   86.148778] usb usb8: root hub lost power or was reset
[   86.204747] Micrel KSZ9031 Gigabit PHY e6800000.ethernet-ffffffff:00: attached PHY driver [Micrel KSZ9031 Gigabit PHY] (mii_bus:phy_addr=e6800000.ethernet-ffffffff:00, irq=183)
[   86.320105] usb usb4: root hub lost power or was reset
[   86.325373] usb usb1: root hub lost power or was reset
[   86.412017] usb usb5: root hub lost power or was reset
[   86.417262] usb usb2: root hub lost power or was reset
[   86.504093] usb usb6: root hub lost power or was reset
[   86.509375] usb usb3: root hub lost power or was reset
[   86.628091] usb usb10: root hub lost power or was reset
[   86.633346] usb usb9: root hub lost power or was reset
[   86.642076] ata1: link resume succeeded after 1 retries
[   86.753603] ata1: SATA link down (SStatus 0 SControl 300)
[   86.775128] OOM killer enabled.
[   86.778979] Restarting tasks ... done.
root@salvator-x:~# [   86.787045] PM: suspend exit
[   93.009206] ravb e6800000.ethernet eth0: Link is Up - 1Gbps/Full - flow control off

root@salvator-x:~# echo "Wake up sucessfully"
Wake up sucessfully
root@salvator-x:~# 
Plug in USB device at CN10L


Press any button to continue

[  107.913999] usb 1-1: new high-speed USB device number 3 using ehci-platform
[  108.084032] usb-storage 1-1:1.0: USB Mass Storage device detected
[  108.090847] scsi host1: usb-storage 1-1:1.0
[  109.120133] scsi 1:0:0:0: Direct-Access     Lexar    JD Secure II +   1100 PQ: 0 ANSI: 0 CCS
[  109.251373] sd 1:0:0:0: [sda] 1966080 512-byte logical blocks: (1.01 GB/960 MiB)
[  109.260075] sd 1:0:0:0: [sda] Write Protect is off
[  109.265954] sd 1:0:0:0: [sda] No Caching mode page found
[  109.271307] sd 1:0:0:0: [sda] Assuming drive cache: write through
[  109.299890]  sda: sda1
[  109.307250] sd 1:0:0:0: [sda] Attached SCSI removable disk

root@salvator-x:~# find /sys/devices/platform/soc/ee0a0100.usb/ -name 'sd*'
/sys/devices/platform/soc/ee0a0100.usb/usb1/1-1/1-1:1.0/host1/target1:0:0/1:0:0:0/block/sda
/sys/devices/platform/soc/ee0a0100.usb/usb1/1-1/1-1:1.0/host1/target1:0:0/1:0:0:0/block/sda/sda1
root@salvator-x:~# 
root@salvator-x:~# mount /dev/sda1 /mnt/usb
[  116.749383] EXT4-fs (sda1): mounted filesystem with ordered data mode. Opts: (null)
root@salvator-x:~# 
root@salvator-x:~# cp testdata /mnt/usb/testdata_from_nfs
root@salvator-x:~# 
root@salvator-x:~# cp /mnt/usb/testdata_from_nfs testdata_from_usb
root@salvator-x:~# 
root@salvator-x:~# sync
root@salvator-x:~# 
root@salvator-x:~# cmp testdata testdata_from_usb
root@salvator-x:~# 
root@salvator-x:~# umount /mnt/usb
root@salvator-x:~# 
 
#### Result: OK ####
