

----------Item 11----------


Please press switch to restart board 

[F 00:00:120
[F 00:00:119
[F 00:00:118
[F 00:00:117
NOTICE:  BL2: R-Car Gen3 Initial Program Loader(CA57) Rev.4.0.0
NOTICE:  BL2: PRR is R-Car H3 Ver.3.0
NOTICE:  BL2: Board is Salvator-XS Rev.1.0
NOTICE:  BL2: Boot device is HyperFlash(160MHz)
NOTICE:  BL2: LCM state is CM
NOTICE:  AVS setting succeeded. DVFS_SetVID=0x53
NOTICE:  BL2: DDR3200(rev.0.42)
NOTICE:  BL2: [COLD_BOOT]
NOTICE:  BL2: DRAM Split is 4ch(DDR f)
NOTICE:  BL2: QoS is default setting(rev.0.11)
NOTICE:  BL2: DRAM refresh interval 1.95 usec
NOTICE:  BL2: Periodic Write DQ Training
NOTICE:  BL2: CH0: 400000000 - 47fffffff, 2 GiB
NOTICE:  BL2: CH1: 500000000 - 57fffffff, 2 GiB
NOTICE:  BL2: CH2: 600000000 - 67fffffff, 2 GiB
NOTICE:  BL2: CH3: 700000000 - 77fffffff, 2 GiB
NOTICE:  BL2: Lossy Decomp areas
NOTICE:       Entry 0: DCMPAREACRAx:0x80000540 DCMPAREACRBx:0x570
NOTICE:       Entry 1: DCMPAREACRAx:0x40000000 DCMPAREACRBx:0x0
NOTICE:       Entry 2: DCMPAREACRAx:0x20000000 DCMPAREACRBx:0x0
NOTICE:  BL2: FDT at 0xe6327f70
NOTICE:  BL2: v2.9(release):9cdb21f75
NOTICE:  BL2: Built : 05:25:39, Dec 19 2023
NOTICE:  BL2: Normal boot
NOTICE:  BL2: dst=0xe6327800 src=0x8180000 len=512(0x200)
NOTICE:  BL2: dst=0x43f00000 src=0x8180400 len=6144(0x1800)
NOTICE:  rcar_file_len: len: 0x0003e000
NOTICE:  BL2: dst=0x44000000 src=0x81c0000 len=253952(0x3e000)
NOTICE:  rcar_file_len: len: 0x00200000
NOTICE:  BL2: dst=0x44100000 src=0x8200000 len=2097152(0x200000)
NOTICE:  rcar_file_len: len: 0x00100000
NOTICE:  BL2: dst=0x50000000 src=0x8640000 len=1048576(0x100000)
NOTICE:  BL2: Booting BL31


U-Boot 2020.10 (Dec 19 2023 - 14:30:40 +0000)

CPU: Renesas Electronics R8A7795 rev 3.0
Model: Renesas Salvator-X 2nd version board based on r8a77951
DRAM:  7.9 GiB
RAM Configuration:
Bank #0: 0x048000000 - 0x0bfffffff, 1.9 GiB
Bank #1: 0x500000000 - 0x57fffffff, 2 GiB
Bank #2: 0x600000000 - 0x67fffffff, 2 GiB
Bank #3: 0x700000000 - 0x77fffffff, 2 GiB

MMC:   sd@ee100000: 0, sd@ee140000: 1, sd@ee160000: 2
Loading Environment from MMC... OK
In:    serial@e6e88000
Out:   serial@e6e88000
Err:   serial@e6e88000
Net:   eth0: ethernet@e6800000
Hit any key to stop autoboot:  2  1  0 
ethernet@e6800000 Waiting for PHY auto negotiation to complete............ done
Using ethernet@e6800000 device
TFTP from server 192.168.10.99; our IP address is 192.168.10.167
Filename 'traivo/H3/rootfs/boot_USB2H/Image'.
Load address: 0x48080000
Loading: *#################################################################
	 #################################################################
	 #################################################################
	 #################################################################
	 #################################################################
	 #################################################################
	 #################################################################
	 #################################################################
	 #################################################################
	 #################################################################
	 #################################################################
	 #################################################################
	 #################################################################
	 #################################################################
	 #################################################################
	 #################################################################
	 #################################################################
	 #################################################################
	 #################################################################
	 #################################################################
	 #################################################################
	 #################################################################
	 #################################################################
	 #################################################################
	 #################################################################
	 #################################################################
	 #################################################################
	 #################################################################
	 #################################################################
	 #################################################################
	 #################################################################
	 #################################################################
	 #################################################################
	 #################################################################
	 ################################################################
	 4.5 MiB/s
done
Bytes transferred = 33376768 (1fd4a00 hex)
Using ethernet@e6800000 device
TFTP from server 192.168.10.99; our IP address is 192.168.10.167
Filename 'traivo/H3/rootfs/boot_USB2H/r8a77951-salvator-xs.dtb'.
Load address: 0x48000000
Loading: *#######
	 7.9 MiB/s
done
Bytes transferred = 90876 (162fc hex)
Moving Image from 0x48080000 to 0x48200000, end=4a260000
## Flattened Device Tree blob at 48000000
   Booting using the fdt blob at 0x48000000
   Loading Device Tree to 0000000053fe6000, end 0000000053fff2fb ... OK

Starting kernel ...

[    0.000000] Booting Linux on physical CPU 0x0000000000 [0x411fd073]
[    0.000000] Linux version 5.10.194-yocto-standard (thuan.nguyen-hong@banvien) (aarch64-poky-linux-gcc (GCC) 9.3.0, GNU ld (GNU Binutils) 2.34.0.20200220) #10 SMP PREEMPT Mon Feb 19 03:51:05 UTC 2024
[    0.000000] Machine model: Renesas Salvator-X 2nd version board based on r8a77951
[    0.000000] efi: UEFI not found.
[    0.000000] Reserved memory: created CMA memory pool at 0x0000000057000000, size 16 MiB
[    0.000000] OF: reserved mem: initialized node linux,adsp@57000000, compatible id shared-dma-pool
[    0.000000] Reserved memory: created CMA memory pool at 0x0000000058000000, size 384 MiB
[    0.000000] OF: reserved mem: initialized node linux,cma@58000000, compatible id shared-dma-pool
[    0.000000] Reserved memory: created CMA memory pool at 0x0000000070000000, size 256 MiB
[    0.000000] OF: reserved mem: initialized node linux,multimedia@70000000, compatible id shared-dma-pool
[    0.000000] NUMA: No NUMA configuration found
[    0.000000] NUMA: Faking a node at [mem 0x0000000048000000-0x000000077fffffff]
[    0.000000] NUMA: NODE_DATA [mem 0x77efdab00-0x77efdcfff]
[    0.000000] Zone ranges:
[    0.000000]   DMA      [mem 0x0000000048000000-0x000000007fffffff]
[    0.000000]   DMA32    [mem 0x0000000080000000-0x00000000ffffffff]
[    0.000000]   Normal   [mem 0x0000000100000000-0x000000077fffffff]
[    0.000000] Movable zone start for each node
[    0.000000] Early memory node ranges
[    0.000000]   node   0: [mem 0x0000000048000000-0x0000000053ffffff]
[    0.000000]   node   0: [mem 0x0000000054000000-0x0000000056ffffff]
[    0.000000]   node   0: [mem 0x0000000057000000-0x00000000bfffffff]
[    0.000000]   node   0: [mem 0x0000000500000000-0x000000057fffffff]
[    0.000000]   node   0: [mem 0x0000000600000000-0x000000067fffffff]
[    0.000000]   node   0: [mem 0x0000000700000000-0x000000077fffffff]
[    0.000000] Initmem setup node 0 [mem 0x0000000048000000-0x000000077fffffff]
[    0.000000] psci: probing for conduit method from DT.
[    0.000000] psci: PSCIv1.1 detected in firmware.
[    0.000000] psci: Using standard PSCI v0.2 function IDs
[    0.000000] psci: Trusted OS resident on physical CPU 0x0
[    0.000000] psci: SMC Calling Convention v1.2
[    0.000000] percpu: Embedded 23 pages/cpu s56984 r8192 d29032 u94208
[    0.000000] Detected PIPT I-cache on CPU0
[    0.000000] CPU features: detected: EL2 vector hardening
[    0.000000] CPU features: detected: Spectre-v2
[    0.000000] CPU features: detected: ARM errata 1165522, 1319367, or 1530923
[    0.000000] CPU features: detected: Spectre-BHB
[    0.000000] CPU features: detected: ARM erratum 1742098
[    0.000000] Built 1 zonelists, mobility grouping on.  Total pages: 2032128
[    0.000000] Policy zone: Normal
[    0.000000] Kernel command line: rw root=/dev/nfs nfsroot=192.168.10.99:/data/tftpboot/traivo/H3/rootfs,nfsvers=4, ip=192.168.10.167
[    0.000000] Dentry cache hash table entries: 1048576 (order: 11, 8388608 bytes, linear)
[    0.000000] Inode-cache hash table entries: 524288 (order: 10, 4194304 bytes, linear)
[    0.000000] mem auto-init: stack:off, heap alloc:off, heap free:off
[    0.000000] software IO TLB: mapped [mem 0x000000004ffe6000-0x0000000053fe6000] (64MB)
[    0.000000] Memory: 7276840K/8257536K available (15232K kernel code, 2834K rwdata, 8240K rodata, 6144K init, 517K bss, 308952K reserved, 671744K cma-reserved)
[    0.000000] SLUB: HWalign=64, Order=0-3, MinObjects=0, CPUs=8, Nodes=1
[    0.000000] rcu: Preemptible hierarchical RCU implementation.
[    0.000000] rcu: 	RCU event tracing is enabled.
[    0.000000] rcu: 	RCU restricting CPUs from NR_CPUS=256 to nr_cpu_ids=8.
[    0.000000] 	Trampoline variant of Tasks RCU enabled.
[    0.000000] rcu: RCU calculated value of scheduler-enlistment delay is 25 jiffies.
[    0.000000] rcu: Adjusting geometry for rcu_fanout_leaf=16, nr_cpu_ids=8
[    0.000000] NR_IRQS: 64, nr_irqs: 64, preallocated irqs: 0
[    0.000000] arch_timer: cp15 timer(s) running at 8.32MHz (virt).
[    0.000000] clocksource: arch_sys_counter: mask: 0xffffffffffffff max_cycles: 0x1eb398c07, max_idle_ns: 440795202503 ns
[    0.000003] sched_clock: 56 bits at 8MHz, resolution 120ns, wraps every 2199023255503ns
[    0.000205] Console: colour dummy device 80x25
[    0.000412] printk: console [tty0] enabled
[    0.000489] Calibrating delay loop (skipped), value calculated using timer frequency.. 16.64 BogoMIPS (lpj=33280)
[    0.000504] pid_max: default: 32768 minimum: 301
[    0.000562] LSM: Security Framework initializing
[    0.000649] Mount-cache hash table entries: 16384 (order: 5, 131072 bytes, linear)
[    0.000701] Mountpoint-cache hash table entries: 16384 (order: 5, 131072 bytes, linear)
[    0.002157] rcu: Hierarchical SRCU implementation.
[    0.003758] Detected Renesas R-Car Gen3 r8a7795 ES3.0
[    0.005901] EFI services will not be available.
[    0.006239] smp: Bringing up secondary CPUs ...
[    0.006695] Detected PIPT I-cache on CPU1
[    0.006742] CPU1: Booted secondary processor 0x0000000001 [0x411fd073]
[    0.007231] Detected PIPT I-cache on CPU2
[    0.007255] CPU2: Booted secondary processor 0x0000000002 [0x411fd073]
[    0.007680] Detected PIPT I-cache on CPU3
[    0.007702] CPU3: Booted secondary processor 0x0000000003 [0x411fd073]
[    0.008167] CPU features: detected: ARM erratum 845719
[    0.008179] Detected VIPT I-cache on CPU4
[    0.008225] CPU4: Booted secondary processor 0x0000000100 [0x410fd034]
[    0.008707] Detected VIPT I-cache on CPU5
[    0.008734] CPU5: Booted secondary processor 0x0000000101 [0x410fd034]
[    0.009171] Detected VIPT I-cache on CPU6
[    0.009198] CPU6: Booted secondary processor 0x0000000102 [0x410fd034]
[    0.009634] Detected VIPT I-cache on CPU7
[    0.009662] CPU7: Booted secondary processor 0x0000000103 [0x410fd034]
[    0.009741] smp: Brought up 1 node, 8 CPUs
[    0.009803] SMP: Total of 8 processors activated.
[    0.009811] CPU features: detected: 32-bit EL0 Support
[    0.009818] CPU features: detected: CRC32 instructions
[    0.009825] CPU features: detected: 32-bit EL1 Support
[    0.023015] CPU: All CPU(s) started at EL1
[    0.023068] alternatives: patching kernel code
[    0.024215] devtmpfs: initialized
[    0.030999] KASLR disabled due to lack of seed
[    0.031146] clocksource: jiffies: mask: 0xffffffff max_cycles: 0xffffffff, max_idle_ns: 7645041785100000 ns
[    0.031165] futex hash table entries: 2048 (order: 5, 131072 bytes, linear)
[    0.039811] pinctrl core: initialized pinctrl subsystem
[    0.041289] DMI not present or invalid.
[    0.041785] NET: Registered protocol family 16
[    0.042724] DMA: preallocated 1024 KiB GFP_KERNEL pool for atomic allocations
[    0.042920] DMA: preallocated 1024 KiB GFP_KERNEL|GFP_DMA pool for atomic allocations
[    0.043209] DMA: preallocated 1024 KiB GFP_KERNEL|GFP_DMA32 pool for atomic allocations
[    0.043248] audit: initializing netlink subsys (disabled)
[    0.043429] audit: type=2000 audit(0.040:1): state=initialized audit_enabled=0 res=1
[    0.044575] thermal_sys: Registered thermal governor 'power_allocator'
[    0.045096] cpuidle: using governor menu
[    0.045265] hw-breakpoint: found 6 breakpoint and 4 watchpoint registers.
[    0.045389] ASID allocator initialised with 65536 entries
[    0.046679] Serial: AMBA PL011 UART driver
[    0.089521] sh-pfc e6060000.pinctrl: r8a77951_pfc support registered
[    0.104279] HugeTLB registered 1.00 GiB page size, pre-allocated 0 pages
[    0.104292] HugeTLB registered 32.0 MiB page size, pre-allocated 0 pages
[    0.104300] HugeTLB registered 2.00 MiB page size, pre-allocated 0 pages
[    0.104307] HugeTLB registered 64.0 KiB page size, pre-allocated 0 pages
[    0.105271] cryptd: max_cpu_qlen set to 1000
[    0.107529] ACPI: Interpreter disabled.
[    0.111364] rcar-avs: use avs value: 0
[    0.111390] rcar-avs: cpu@0 is running with: opp_table0
[    0.111400] rcar-avs: cpu@1 is running with: opp_table0
[    0.111410] rcar-avs: cpu@2 is running with: opp_table0
[    0.111419] rcar-avs: cpu@3 is running with: opp_table0
[    0.111503] rcar-avs: gsx@fd000000 is running with: gsx_opp_table0
[    0.112911] iommu: Default domain type: Translated 
[    0.113483] ipmmu-vmsa e67b0000.iommu: IPMMU context 0 is reserved
[    0.114463] vgaarb: loaded
[    0.114652] SCSI subsystem initialized
[    0.114910] usbcore: registered new interface driver usbfs
[    0.114941] usbcore: registered new interface driver hub
[    0.114967] usbcore: registered new device driver usb
[    0.118503] i2c-sh_mobile e60b0000.i2c: I2C adapter 7, bus speed 400000 Hz
[    0.119038] mc: Linux media interface: v0.10
[    0.119059] videodev: Linux video capture interface: v2.00
[    0.119108] pps_core: LinuxPPS API ver. 1 registered
[    0.119115] pps_core: Software ver. 5.3.6 - Copyright 2005-2007 Rodolfo Giometti <giometti@linux.it>
[    0.119129] PTP clock support registered
[    0.119296] EDAC MC: Ver: 3.0.0
[    0.121460] FPGA manager framework
[    0.121519] Advanced Linux Sound Architecture Driver Initialized.
[    0.122094] clocksource: Switched to clocksource arch_sys_counter
[    0.122226] VFS: Disk quotas dquot_6.6.0
[    0.122267] VFS: Dquot-cache hash table entries: 512 (order 0, 4096 bytes)
[    0.122398] pnp: PnP ACPI: disabled
[    0.125867] NET: Registered protocol family 2
[    0.126290] IP idents hash table entries: 131072 (order: 8, 1048576 bytes, linear)
[    0.128552] tcp_listen_portaddr_hash hash table entries: 4096 (order: 4, 65536 bytes, linear)
[    0.128627] TCP established hash table entries: 65536 (order: 7, 524288 bytes, linear)
[    0.128914] TCP bind hash table entries: 65536 (order: 8, 1048576 bytes, linear)
[    0.129502] TCP: Hash tables configured (established 65536 bind 65536)
[    0.129617] UDP hash table entries: 4096 (order: 5, 131072 bytes, linear)
[    0.129730] UDP-Lite hash table entries: 4096 (order: 5, 131072 bytes, linear)
[    0.129950] NET: Registered protocol family 1
[    0.130319] RPC: Registered named UNIX socket transport module.
[    0.130329] RPC: Registered udp transport module.
[    0.130335] RPC: Registered tcp transport module.
[    0.130342] RPC: Registered tcp NFSv4.1 backchannel transport module.
[    0.130354] PCI: CLS 0 bytes, default 64
[    0.131270] hw perfevents: enabled with armv8_cortex_a53 PMU driver, 7 counters available
[    0.131537] hw perfevents: enabled with armv8_cortex_a57 PMU driver, 7 counters available
[    0.132165] kvm [1]: HYP mode not available
[    0.134965] Initialise system trusted keyrings
[    0.135100] workingset: timestamp_bits=42 max_order=21 bucket_order=0
[    0.138194] squashfs: version 4.0 (2009/01/31) Phillip Lougher
[    0.138599] NFS: Registering the id_resolver key type
[    0.138622] Key type id_resolver registered
[    0.138629] Key type id_legacy registered
[    0.138681] nfs4filelayout_init: NFSv4 File Layout Driver Registering...
[    0.138691] nfs4flexfilelayout_init: NFSv4 Flexfile Layout Driver Registering...
[    0.138791] 9p: Installing v9fs 9p2000 file system support
[    0.166126] Key type asymmetric registered
[    0.166138] Asymmetric key parser 'x509' registered
[    0.166168] Block layer SCSI generic (bsg) driver version 0.4 loaded (major 243)
[    0.166180] io scheduler mq-deadline registered
[    0.166189] io scheduler kyber registered
[    0.182344] gpio_rcar e6050000.gpio: driving 16 GPIOs
[    0.182627] gpio_rcar e6051000.gpio: driving 29 GPIOs
[    0.182886] gpio_rcar e6052000.gpio: driving 15 GPIOs
[    0.183161] gpio_rcar e6053000.gpio: driving 16 GPIOs
[    0.183411] gpio_rcar e6054000.gpio: driving 18 GPIOs
[    0.183675] gpio_rcar e6055000.gpio: driving 26 GPIOs
[    0.183917] gpio_rcar e6055400.gpio: driving 32 GPIOs
[    0.184150] gpio_rcar e6055800.gpio: driving 4 GPIOs
[    0.187082] rcar-pcie fe000000.pcie: host bridge /soc/pcie@fe000000 ranges:
[    0.187112] rcar-pcie fe000000.pcie:       IO 0x00fe100000..0x00fe1fffff -> 0x0000000000
[    0.187135] rcar-pcie fe000000.pcie:      MEM 0x00fe200000..0x00fe3fffff -> 0x00fe200000
[    0.187153] rcar-pcie fe000000.pcie:      MEM 0x0030000000..0x0037ffffff -> 0x0030000000
[    0.187167] rcar-pcie fe000000.pcie:      MEM 0x0038000000..0x003fffffff -> 0x0038000000
[    0.187187] rcar-pcie fe000000.pcie:   IB MEM 0x0040000000..0x007fffffff -> 0x0040000000
[    0.187232] rcar-pcie fe000000.pcie: no pcie3v3 regulator found
[    0.187243] rcar-pcie fe000000.pcie: no pcie1v8 regulator found
[    0.253801] rcar-pcie fe000000.pcie: PCIe link down
[    0.253986] rcar-pcie ee800000.pcie: host bridge /soc/pcie@ee800000 ranges:
[    0.254008] rcar-pcie ee800000.pcie:       IO 0x00ee900000..0x00ee9fffff -> 0x0000000000
[    0.254027] rcar-pcie ee800000.pcie:      MEM 0x00eea00000..0x00eebfffff -> 0x00eea00000
[    0.254045] rcar-pcie ee800000.pcie:      MEM 0x00c0000000..0x00c7ffffff -> 0x00c0000000
[    0.254059] rcar-pcie ee800000.pcie:      MEM 0x00c8000000..0x00cfffffff -> 0x00c8000000
[    0.254075] rcar-pcie ee800000.pcie:   IB MEM 0x0040000000..0x007fffffff -> 0x0040000000
[    0.254122] rcar-pcie ee800000.pcie: no pcie3v3 regulator found
[    0.254133] rcar-pcie ee800000.pcie: no pcie1v8 regulator found
[    0.414096] rcar-pcie ee800000.pcie: PCIe link down
[    0.416614] EINJ: ACPI disabled.
[    0.455702] Serial: 8250/16550 driver, 4 ports, IRQ sharing enabled
[    0.459586] SuperH (H)SCI(F) driver initialized
[    0.460355] e6550000.serial: ttySC1 at MMIO 0xe6550000 (irq = 42, base_baud = 0) is a hscif
[    0.461325] e6e88000.serial: ttySC0 at MMIO 0xe6e88000 (irq = 128, base_baud = 0) is a scif
[    1.666043] printk: console [ttySC0] enabled
[    1.671467] msm_serial: driver initialized
[    1.681781] rcar-dw-hdmi fead0000.hdmi: Detected HDMI TX controller v2.01a with HDCP (DWC HDMI 2.0 TX PHY)
[    1.691678] rcar-dw-hdmi fead0000.hdmi: registered DesignWare HDMI I2C bus driver
[    1.699866] rcar-dw-hdmi feae0000.hdmi: Detected HDMI TX controller v2.01a with HDCP (DWC HDMI 2.0 TX PHY)
[    1.709727] rcar-dw-hdmi feae0000.hdmi: registered DesignWare HDMI I2C bus driver
[    1.725210] loop: module loaded
[    1.729729] megasas: 07.714.04.00-rc1
[    1.735453] scsi host0: sata_rcar
[    1.738926] ata1: SATA max UDMA/133 irq 181
[    1.748277] tun: Universal TUN/TAP device driver, 1.6
[    1.754238] thunder_xcv, ver 1.0
[    1.757480] thunder_bgx, ver 1.0
[    1.760732] nicpf, ver 1.0
[    1.764849] hclge is initializing
[    1.768185] hns3: Hisilicon Ethernet Network Driver for Hip08 Family - version
[    1.775409] hns3: Copyright (c) 2017 Huawei Corporation.
[    1.780744] e1000: Intel(R) PRO/1000 Network Driver
[    1.785624] e1000: Copyright (c) 1999-2006 Intel Corporation.
[    1.791396] e1000e: Intel(R) PRO/1000 Network Driver
[    1.796361] e1000e: Copyright(c) 1999 - 2015 Intel Corporation.
[    1.802300] igb: Intel(R) Gigabit Ethernet Network Driver
[    1.807700] igb: Copyright (c) 2007-2014 Intel Corporation.
[    1.813288] igbvf: Intel(R) Gigabit Virtual Function Network Driver
[    1.819560] igbvf: Copyright (c) 2009 - 2012 Intel Corporation.
[    1.825921] sky2: driver version 1.30
[    1.833486] ravb e6800000.ethernet eth0: Base address at 0xe6800000, 2e:09:0a:02:ec:37, IRQ 125.
[    1.843737] VFIO - User Level meta-driver version: 0.3
[    1.850923] ehci_hcd: USB 2.0 'Enhanced' Host Controller (EHCI) Driver
[    1.857462] ehci-pci: EHCI PCI platform driver
[    1.861923] ehci-platform: EHCI generic platform driver
[    1.867527] ehci-platform ee0a0100.usb: EHCI Host Controller
[    1.873209] ehci-platform ee0a0100.usb: new USB bus registered, assigned bus number 1
[    1.881155] ehci-platform ee0a0100.usb: irq 175, io mem 0xee0a0100
[    1.902104] ehci-platform ee0a0100.usb: USB 2.0 started, EHCI 1.10
[    1.908643] hub 1-0:1.0: USB hub found
[    1.912416] hub 1-0:1.0: 1 port detected
[    1.916831] ehci-platform ee0c0100.usb: EHCI Host Controller
[    1.922506] ehci-platform ee0c0100.usb: new USB bus registered, assigned bus number 2
[    1.930388] ehci-platform ee0c0100.usb: irq 176, io mem 0xee0c0100
[    1.950100] ehci-platform ee0c0100.usb: USB 2.0 started, EHCI 1.10
[    1.956575] hub 2-0:1.0: USB hub found
[    1.960362] hub 2-0:1.0: 1 port detected
[    1.990140] ehci-platform ee0e0100.usb: EHCI Host Controller
[    1.995814] ehci-platform ee0e0100.usb: new USB bus registered, assigned bus number 3
[    2.003682] ehci-platform ee0e0100.usb: irq 177, io mem 0xee0e0100
[    2.022101] ehci-platform ee0e0100.usb: USB 2.0 started, EHCI 1.10
[    2.028530] hub 3-0:1.0: USB hub found
[    2.032297] hub 3-0:1.0: 1 port detected
[    2.036684] ehci-orion: EHCI orion driver
[    2.040953] ehci-exynos: EHCI Exynos driver
[    2.045259] ohci_hcd: USB 1.1 'Open' Host Controller (OHCI) Driver
[    2.051455] ohci-pci: OHCI PCI platform driver
[    2.055938] ohci-platform: OHCI generic platform driver
[    2.061464] ohci-platform ee0a0000.usb: Generic Platform OHCI controller
[    2.068183] ohci-platform ee0a0000.usb: new USB bus registered, assigned bus number 4
[    2.076066] ohci-platform ee0a0000.usb: irq 175, io mem 0xee0a0000
[    2.158110] ata1: link resume succeeded after 1 retries
[    2.172365] hub 4-0:1.0: USB hub found
[    2.176134] hub 4-0:1.0: 1 port detected
[    2.180472] ohci-platform ee0c0000.usb: Generic Platform OHCI controller
[    2.187186] ohci-platform ee0c0000.usb: new USB bus registered, assigned bus number 5
[    2.195059] ohci-platform ee0c0000.usb: irq 176, io mem 0xee0c0000
[    2.269622] ata1: SATA link down (SStatus 0 SControl 300)
[    2.288342] hub 5-0:1.0: USB hub found
[    2.292111] hub 5-0:1.0: 1 port detected
[    2.296435] ohci-platform ee0e0000.usb: Generic Platform OHCI controller
[    2.303150] ohci-platform ee0e0000.usb: new USB bus registered, assigned bus number 6
[    2.311018] ohci-platform ee0e0000.usb: irq 177, io mem 0xee0e0000
[    2.404343] hub 6-0:1.0: USB hub found
[    2.408111] hub 6-0:1.0: 1 port detected
[    2.412455] ohci-exynos: OHCI Exynos driver
[    2.417308] xhci-hcd ee000000.usb: xHCI Host Controller
[    2.422547] xhci-hcd ee000000.usb: new USB bus registered, assigned bus number 7
[    2.445797] xhci-hcd ee000000.usb: hcc params 0x014051ce hci version 0x100 quirks 0x0000000000830410
[    2.454969] xhci-hcd ee000000.usb: irq 172, io mem 0xee000000
[    2.460828] xhci-hcd ee000000.usb: xHCI Host Controller
[    2.466061] xhci-hcd ee000000.usb: new USB bus registered, assigned bus number 8
[    2.473463] xhci-hcd ee000000.usb: Host supports USB 3.0 SuperSpeed
[    2.480011] hub 7-0:1.0: USB hub found
[    2.483780] hub 7-0:1.0: 1 port detected
[    2.487866] usb usb8: We don't know the algorithms for LPM for this host, disabling LPM.
[    2.496213] hub 8-0:1.0: USB hub found
[    2.499985] hub 8-0:1.0: 1 port detected
[    2.504817] usbcore: registered new interface driver usb-storage
[    2.512526] renesas_usbhs e6590000.usb: host probed
[    2.517440] renesas_usbhs e6590000.usb: no transceiver found
[    2.523189] renesas_usbhs e6590000.usb: gadget probed
[    2.528407] renesas_usbhs e6590000.usb: probed
[    2.533312] renesas_usbhs e659c000.usb: host probed
[    2.538204] renesas_usbhs e659c000.usb: no transceiver found
[    2.543918] renesas_usbhs e659c000.usb: gadget probed
[    2.549118] renesas_usbhs e659c000.usb: probed
[    2.556040] i2c /dev entries driver
[    2.570593] cs2000-cp 2-004f: revision - C1
[    2.574843] i2c-rcar e6510000.i2c: probed
[    2.579696] pca953x 4-0020: supply vcc not found, using dummy regulator
[    2.586394] pca953x 4-0020: using no AI
[    2.591045] gpio-355 (PCIE/SATA switch): hogged as output/low
[    2.603321] i2c-rcar e66d8000.i2c: probed
[    2.608661] adv748x 4-0070: Endpoint /soc/i2c@e66d8000/video-receiver@70/port@7/endpoint on port 7
[    2.617644] adv748x 4-0070: Endpoint /soc/i2c@e66d8000/video-receiver@70/port@8/endpoint on port 8
[    2.626616] adv748x 4-0070: Endpoint /soc/i2c@e66d8000/video-receiver@70/port@a/endpoint on port 10
[    2.635680] adv748x 4-0070: Endpoint /soc/i2c@e66d8000/video-receiver@70/port@b/endpoint on port 11
[    2.645068] adv748x 4-0070: chip found @ 0xe0 revision 2143
[    2.698596] rcar-csi2 fea80000.csi2: 1 lanes found
[    2.703732] rcar-csi2 feaa0000.csi2: 4 lanes found
[    2.713317] rcar-vin e6ef0000.video: Device registered as video0
[    2.719404] rcar-vin e6ef1000.video: Device registered as video1
[    2.725481] rcar-vin e6ef2000.video: Device registered as video2
[    2.731559] rcar-vin e6ef3000.video: Device registered as video3
[    2.737637] rcar-vin e6ef4000.video: Device registered as video4
[    2.743727] rcar-vin e6ef5000.video: Device registered as video5
[    2.749827] rcar-vin e6ef6000.video: Device registered as video6
[    2.755905] rcar-vin e6ef7000.video: Device registered as video7
[    2.764626] rcar_gen3_thermal e6198000.thermal: is using pseudo fixed FUSE values
[    2.776807] rcar_gen3_thermal e6198000.thermal: TSC0: Loaded 1 trip points
[    2.788071] rcar_gen3_thermal e6198000.thermal: TSC1: Loaded 1 trip points
[    2.799246] rcar_gen3_thermal e6198000.thermal: TSC2: Loaded 3 trip points
[    2.811237] sdhci: Secure Digital Host Controller Interface driver
[    2.817452] sdhci: Copyright(c) Pierre Ossman
[    2.822664] Synopsys Designware Multimedia Card Interface Driver
[    2.822924] renesas_sdhi_internal_dmac ee100000.mmc: Got CD GPIO
[    2.823253] renesas_sdhi_internal_dmac ee140000.mmc: Adding to iommu group 0
[    2.823298] renesas_sdhi_internal_dmac ee140000.mmc: Using IPMMU context 1
[    2.823310] renesas_sdhi_internal_dmac ee160000.mmc: Got CD GPIO
[    2.823337] renesas_sdhi_internal_dmac ee160000.mmc: Got WP GPIO
[    2.830020] sdhci-pltfm: SDHCI platform and OF driver helper
[    2.834735] renesas_sdhi_internal_dmac ee100000.mmc: Got WP GPIO
[    2.872854] renesas_sdhi_internal_dmac ee140000.mmc: mmc0 base at 0x00000000ee140000, max clock rate 200 MHz
[    2.882836] ledtrig-cpu: registered to indicate activity on CPUs
[    2.889842] SMCCC: SOC_ID: ARCH_SOC_ID not implemented, skipping ....
[    2.896876] usbcore: registered new interface driver usbhid
[    2.902452] usbhid: USB HID core driver
[    2.910048] optee: probing for conduit method.
[    2.914514] optee: revision 3.22 (314ecf9d)
[    2.915045] optee driver R-Car Rev.1.0.11
[    2.923536] optee: dynamic shared memory is enabled
[    2.928672] optee: initialized driver
[    2.943441] rcar_sound ec500000.sound: probed
[    2.948508] NET: Registered protocol family 17
[    2.953067] 9pnet: Installing 9P2000 support
[    2.957398] Key type dns_resolver registered
[    2.957555] mmc0: new HS400 MMC card at address 0001
[    2.962030] registered taskstats version 1
[    2.967472] mmcblk0: mmc0:0001 BGSD3R 29.1 GiB 
[    2.970770] Loading compiled-in X.509 certificates
[    2.980485] mmcblk0boot0: mmc0:0001 BGSD3R partition 1 16.0 MiB
[    2.980683] thermal emergency: set temperature to 110 celsius
[    2.986763] mmcblk0boot1: mmc0:0001 BGSD3R partition 2 16.0 MiB
[    2.992381] thermal emergency: shutdown target cpus 1-7
[    2.998297] mmcblk0rpmb: mmc0:0001 BGSD3R partition 3 4.00 MiB, chardev (509:0)
[    3.003337] thermal emergency: freq scaled target cpus 0
[    3.003680] renesas_irqc e61c0000.interrupt-controller: driving 6 irqs
[    3.012798]  mmcblk0: p1
[    3.054120] ehci-platform ee080100.usb: EHCI Host Controller
[    3.059816] ehci-platform ee080100.usb: new USB bus registered, assigned bus number 9
[    3.067720] ehci-platform ee080100.usb: irq 174, io mem 0xee080100
[    3.086104] ehci-platform ee080100.usb: USB 2.0 started, EHCI 1.10
[    3.092709] hub 9-0:1.0: USB hub found
[    3.096480] hub 9-0:1.0: 1 port detected
[    3.101482] ohci-platform ee080000.usb: Generic Platform OHCI controller
[    3.108203] ohci-platform ee080000.usb: new USB bus registered, assigned bus number 10
[    3.116170] ohci-platform ee080000.usb: irq 174, io mem 0xee080000
[    3.212472] hub 10-0:1.0: USB hub found
[    3.216336] hub 10-0:1.0: 1 port detected
[    3.221534] cpu cpu0: EM: created perf domain
[    3.226609] cpu cpu4: EM: created perf domain
[    3.236544] renesas_sdhi_internal_dmac ee100000.mmc: Got CD GPIO
[    3.236767] renesas_sdhi_internal_dmac ee160000.mmc: Got CD GPIO
[    3.242595] renesas_sdhi_internal_dmac ee100000.mmc: Got WP GPIO
[    3.248676] renesas_sdhi_internal_dmac ee160000.mmc: Got WP GPIO
[    3.256997] [drm] Initialized rcar-du 1.0.0 20130110 for feb00000.display on minor 0
[    3.268445] [drm] Device feb00000.display probed
[    3.303983] renesas_sdhi_internal_dmac ee100000.mmc: mmc1 base at 0x00000000ee100000, max clock rate 200 MHz
[    3.309974] renesas_sdhi_internal_dmac ee160000.mmc: mmc2 base at 0x00000000ee160000, max clock rate 200 MHz
[    3.317443] Console: switching to colour frame buffer device 128x48
[    3.360460] rcar-du feb00000.display: [drm] fb0: rcar-dudrmfb frame buffer device
[    3.372727] input: keys as /devices/platform/keys/input/input0
[    3.453813] Micrel KSZ9031 Gigabit PHY e6800000.ethernet-ffffffff:00: attached PHY driver [Micrel KSZ9031 Gigabit PHY] (mii_bus:phy_addr=e6800000.ethernet-ffffffff:00, irq=183)
[   13.016211] ravb e6800000.ethernet eth0: Link is Up - 1Gbps/Full - flow control off
[   13.042135] IP-Config: Guessing netmask 255.255.255.0
[   13.047295] IP-Config: Complete:
[   13.050608]      device=eth0, hwaddr=2e:09:0a:02:ec:37, ipaddr=192.168.10.167, mask=255.255.255.0, gw=255.255.255.255
[   13.061420]      host=192.168.10.167, domain=, nis-domain=(none)
[   13.067572]      bootserver=255.255.255.255, rootserver=192.168.10.99, rootpath=
[   13.068185] ALSA device list:
[   13.078796]   No soundcards found.
[   14.125524] VFS: Mounted root (nfs4 filesystem) on device 0:22.
[   14.132645] devtmpfs: mounted
[   14.139329] Freeing unused kernel memory: 6144K
[   14.158262] Run /sbin/init as init process
[   14.353225] systemd[1]: System time before build time, advancing clock.
[   14.770123] random: crng init done
[   14.806755] NET: Registered protocol family 10
[   14.815442] Segment Routing with IPv6
[   14.848329] systemd[1]: systemd 244 running in system mode. (+PAM -AUDIT -SELINUX +IMA -APPARMOR -SMACK +SYSVINIT +UTMP -LIBCRYPTSETUP -GCRYPT -GNUTLS +ACL +XZ -LZ4 -SECCOMP +BLKID -ELFUTILS +KMOD -IDN2 -IDN -PCRE2 default-hierarchy=hybrid)
[   14.878315] systemd[1]: Detected architecture arm64.

Welcome to [1mPoky (Yocto Project Reference Distro) 3.1.11 (dunfell)[0m!

[   14.916596] systemd[1]: Set hostname to <salvator-x>.
[   15.704714] systemd[1]: system-getty.slice: unit configures an IP firewall, but the local system does not support BPF/cgroup firewalling.
[   15.725404] systemd[1]: (This warning is only shown for the first unit using IP firewalling.)
[   15.740282] systemd[1]: Created slice system-getty.slice.
[[0;32m  OK  [0m] Created slice [0;1;39msystem-getty.slice[0m.
[   15.767312] systemd[1]: Created slice system-serial\x2dgetty.slice.
[[0;32m  OK  [0m] Created slice [0;1;39msystem-serial\x2dgetty.slice[0m.
[   15.791289] systemd[1]: Created slice User and Session Slice.
[[0;32m  OK  [0m] Created slice [0;1;39mUser and Session Slice[0m.
[   15.814620] systemd[1]: Started Dispatch Password Requests to Console Directory Watch.
[[0;32m  OK  [0m] Started [0;1;39mDispatch Password â€¦ts to Console Directory Watch[0m.
[   15.842532] systemd[1]: Started Forward Password Requests to Wall Directory Watch.
[[0;32m  OK  [0m] Started [0;1;39mForward Password Râ€¦uests to Wall Directory Watch[0m.
[   15.870384] systemd[1]: Reached target Paths.
[[0;32m  OK  [0m] Reached target [0;1;39mPaths[0m.
[   15.894279] systemd[1]: Reached target Remote File Systems.
[[0;32m  OK  [0m] Reached target [0;1;39mRemote File Systems[0m.
[   15.918250] systemd[1]: Reached target Slices.
[[0;32m  OK  [0m] Reached target [0;1;39mSlices[0m.
[   15.942271] systemd[1]: Reached target Swap.
[[0;32m  OK  [0m] Reached target [0;1;39mSwap[0m.
[   15.969314] systemd[1]: Listening on RPCbind Server Activation Socket.
[[0;32m  OK  [0m] Listening on [0;1;39mRPCbind Server Activation Socket[0m.
[   15.998321] systemd[1]: Reached target RPC Port Mapper.
[[0;32m  OK  [0m] Reached target [0;1;39mRPC Port Mapper[0m.
[   16.022613] systemd[1]: Listening on initctl Compatibility Named Pipe.
[[0;32m  OK  [0m] Listening on [0;1;39minitctl Compatibility Named Pipe[0m.
[   16.052395] systemd[1]: Listening on Journal Audit Socket.
[[0;32m  OK  [0m] Listening on [0;1;39mJournal Audit Socket[0m.
[   16.080191] systemd[1]: Listening on Journal Socket (/dev/log).
[[0;32m  OK  [0m] Listening on [0;1;39mJournal Socket (/dev/log)[0m.
[   16.106969] systemd[1]: Listening on Journal Socket.
[[0;32m  OK  [0m] Listening on [0;1;39mJournal Socket[0m.
[   16.132436] systemd[1]: Listening on Network Service Netlink Socket.
[[0;32m  OK  [0m] Listening on [0;1;39mNetwork Service Netlink Socket[0m.
[   16.160515] systemd[1]: Listening on udev Control Socket.
[[0;32m  OK  [0m] Listening on [0;1;39mudev Control Socket[0m.
[   16.186787] systemd[1]: Listening on udev Kernel Socket.
[[0;32m  OK  [0m] Listening on [0;1;39mudev Kernel Socket[0m.
[   16.215789] systemd[1]: Mounting Huge Pages File System...
         Mounting [0;1;39mHuge Pages File System[0m...
[   16.243451] systemd[1]: Mounting POSIX Message Queue File System...
         Mounting [0;1;39mPOSIX Message Queue File System[0m...
[   16.275381] systemd[1]: Mounting Kernel Debug File System...
         Mounting [0;1;39mKernel Debug File System[0m...
[   16.306594] systemd[1]: Mounting Temporary Directory (/tmp)...
         Mounting [0;1;39mTemporary Directory (/tmp)[0m...
[   16.336451] systemd[1]: Starting Create list of static device nodes for the current kernel...
         Starting [0;1;39mCreate list of stâ€¦odes for the current kernel[0m...
[   16.371299] systemd[1]: Starting Start psplash boot splash screen...
         Starting [0;1;39mStart psplash boot splash screen[0m...
[   16.404814] systemd[1]: Starting RPC Bind...
         Starting [0;1;39mRPC Bind[0m...
[   16.427446] systemd[1]: Condition check resulted in File System Check on Root Device being skipped.
[   16.437937] systemd[1]: Starting Journal Service...
         Starting [0;1;39mJournal Service[0m...
[   16.465035] systemd[1]: Starting Load Kernel Modules...
         Starting [0;1;39mLoad Kernel Modules[0m...
[   16.487374] systemd[1]: Starting Remount Root and Kernel File Systems...
         Starting [0;1;39mRemount Root and Kernel File Systems[0m...
[   16.517149] systemd[1]: Starting udev Coldplug all Devices...
         Starting [0;1;39mudev Coldplug all Devices[0m...
[   16.548535] systemd[1]: Started Start psplash boot splash screen.
[[0;32m  OK  [0m] Started [0;1;39mStart psplash boot splash screen[0m.
[   16.574572] systemd[1]: Started RPC Bind.
[[0;32m  OK  [0m] Started [0;1;39mRPC Bind[0m.
[   16.594514] systemd[1]: Started Journal Service.
[[0;32m  OK  [0m] Started [0;1;39mJournal Service[0m.
[[0;32m  OK  [0m] Mounted [0;1;39mHuge Pages File System[0m.
[[0;32m  OK  [0m] Mounted [0;1;39mPOSIX Message Queue File System[0m.
[[0;32m  OK  [0m] Mounted [0;1;39mKernel Debug File System[0m.
[[0;32m  OK  [0m] Mounted [0;1;39mTemporary Directory (/tmp)[0m.
[[0;32m  OK  [0m] Started [0;1;39mCreate list of staâ€¦ nodes for the current kernel[0m.
[[0;32m  OK  [0m] Started [0;1;39mLoad Kernel Modules[0m.
[[0;32m  OK  [0m] Started [0;1;39mRemount Root and Kernel File Systems[0m.
         Mounting [0;1;39mKernel Configuration File System[0m...
[[0;32m  OK  [0m] Started [0;1;39mStart psplash-systâ€¦progress communication helper[0m.
         Starting [0;1;39mFlush Journal to Persistent Storage[0m...
         Starting [0;1;39mApply Kernel Variables[0m...
[   16.817497] systemd-journald[362]: Received client request to flush runtime journal.
         Starting [0;1;39mCreate Static Device Nodes in /dev[0m...
[[0;32m  OK  [0m] Mounted [0;1;39mKernel Configuration File System[0m.
[[0;32m  OK  [0m] Started [0;1;39mFlush Journal to Persistent Storage[0m.
[[0;32m  OK  [0m] Started [0;1;39mApply Kernel Variables[0m.
[[0;32m  OK  [0m] Started [0;1;39mCreate Static Device Nodes in /dev[0m.
[[0;32m  OK  [0m] Reached target [0;1;39mLocal File Systems (Pre)[0m.
         Mounting [0;1;39m/var/volatile[0m...
         Starting [0;1;39mudev Kernel Device Manager[0m...
[[0;32m  OK  [0m] Started [0;1;39mudev Coldplug all Devices[0m.
[[0;32m  OK  [0m] Mounted [0;1;39m/var/volatile[0m.
         Starting [0;1;39mLoad/Save Random Seed[0m...
[[0;32m  OK  [0m] Reached target [0;1;39mLocal File Systems[0m.
         Starting [0;1;39mCreate Volatile Files and Directories[0m...
[[0;32m  OK  [0m] Started [0;1;39mLoad/Save Random Seed[0m.
[[0;32m  OK  [0m] Started [0;1;39mudev Kernel Device Manager[0m.
         Starting [0;1;39mNetwork Service[0m...
[[0;32m  OK  [0m] Started [0;1;39mCreate Volatile Files and Directories[0m.
         Starting [0;1;39mNetwork Time Synchronization[0m...
         Starting [0;1;39mUpdate UTMP about System Boot/Shutdown[0m...
[[0;32m  OK  [0m] Started [0;1;39mNetwork Service[0m.
         Starting [0;1;39mNetwork Name Resolution[0m...
[[0;32m  OK  [0m] Started [0;1;39mUpdate UTMP about System Boot/Shutdown[0m.
[[0;32m  OK  [0m] Started [0;1;39mNetwork Time Synchronization[0m.
[[0;32m  OK  [0m] Reached target [0;1;39mSystem Initialization[0m.
[[0;32m  OK  [0m] Started [0;1;39mDaily Cleanup of Temporary Directories[0m.
[[0;32m  OK  [0m] Reached target [0;1;39mSystem Time Set[0m.
[[0;32m  OK  [0m] Reached target [0;1;39mSystem Time Synchronized[0m.
[   17.410268] pwm-backlight: probe of backlight failed with error -16
[[0;32m  OK  [0m] Reached target [0;1;39mTimers[0m.
[[0;32m  OK  [0m] Listening on [0;1;39mAvahi mDNS/DNS-SD Stack Activation Socket[0m.
[   17.453135] at24 7-0050: supply vcc not found, using dummy regulator
[   17.460267] at24 7-0050: 128 byte br24t01 EEPROM, writable, 8 bytes/write
[[0;32m  OK  [0m] Listening on [0;1;39mD-Bus System Message Bus Socket[0m.
[[0;32m  OK  [0m] Listening on [0;1;39mdropbear.socket[0m.
[[0;32m  OK  [0m] Reached target [0;1;39mSockets[0m.
[[0;32m  OK  [0m] Reached target [0;1;39mBasic System[0m.
[[0;32m  OK  [0m] Started [0;1;39mD-Bus System Message Bus[0m.
[   17.599952] ccree e6601000.crypto: ARM CryptoCell 630P Driver: HW version 0xAF400001/0xDCC63000, Driver version 5.0
[[0;32m  OK  [0m] Started [0;1;39moptee services[0m.
[   17.617745] renesas_usb3 ee020000.usb: probed with phy
         Starting [0;1;39mpvrinit.service[0m...
         Starting [0;1;39mPowerVR consumer services[0m...
         Starting [0;1;[   17.670351] ccree e6601000.crypto: ARM ccree device initialized
39mLogin Service[0m...
[[0;32m  OK  [0m] Started [0;1;39mNetwork Name Resolution[0m.
[[0;1;31mFAILED[0m] Failed to start [0;1;39mpvrinit.service[0m.
See 'systemctl status pvrinit.service' for details.
[[0;1;31mFAILED[0m] Failed to start [0;1;39mPowerVR consumer services[0m.
See 'systemctl status rc.pvr.service' for details.
[[0;1;38;5;185mDEPEND[0m] Dependency failed for [0;1;39mWeston Wayland Compositor[0m.
[[0;32m  OK  [0m] Started [0;1;39mLogin Service[0m.
[[0;32m  OK  [0m] Created slice [0;1;39msystem-weston.slice[0m.
[[0;32m  OK  [0m] Reached target [0;1;39mNetwork[0m.
[[0;32m  OK  [0m] Reached target [0;1;39mHost and Network Name Lookups[0m.
[[0;32m  OK  [0m] Reached target [0;1;39mHardware activated USB gadget[0m.
         Starting [0;1;39mAvahi mDNS/DNS-SD Stack[0m...
         Starting [0;1;39mset_default_governor.service[0m...
         Starting [0;1;39mPermit User Sessions[0m...
[[0;32m  OK  [0m] Started [0;1;39mXinetd A Powerful Replacement For Inetd[0m.
[   18.119057] rd 0-7: Disabling EAS, schedutil is mandatory
[[0;32m  OK  [0m] Started [0;1;39mPermit User Sessions[0m.
[[0;32m  OK  [0m] Started [0;1;39mAvahi mDNS/DNS-SD Stack[0m.
[[0;32m  OK  [0m] Started [0;1;39mset_default_governor.service[0m.
[[0;32m  OK  [0m] Started [0;1;39mGetty on tty1[0m.
[[0;32m  OK  [0m] Started [0;1;39mSerial Getty on ttySC0[0m.
[[0;32m  OK  [0m] Reached target [0;1;39mLogin Prompts[0m.
[[0;32m  OK  [0m] Reached target [0;1;39mMulti-User System[0m.
         Starting [0;1;39mUpdate UTMP about System Runlevel Changes[0m...
[[0;32m  OK  [0m] Started [0;1;39mUpdate UTMP about System Runlevel Changes[0m.

Poky (Yocto Project Reference Distro) 3.1.11 salvator-x ttySC0

salvator-x login: 
salvator-x login: root
[   19.895919] audit: type=1006 audit(1703064537.540:2): pid=541 uid=0 old-auid=4294967295 auid=0 tty=(none) old-ses=4294967295 ses=1 res=1
7[r[999;999H[6n8root@salvator-x:~# 
root@salvator-x:~# 
root@salvator-x:~# 
root@salvator-x:~# 
root@salvator-x:~# 
root@salvator-x:~# 
root@salvator-x:~# 
root@salvator-x:~# 
root@salvator-x:~# 
Plug in USB device at CN10L


Press any button to continue

[   33.626107] usb 1-1: new high-speed USB device number 2 using ehci-platform
[   33.789564] usb-storage 1-1:1.0: USB Mass Storage device detected
[   33.797237] scsi host1: usb-storage 1-1:1.0
[   34.815716] scsi 1:0:0:0: Direct-Access     SanDisk  Ultra            1.00 PQ: 0 ANSI: 6
[   34.825599] sd 1:0:0:0: [sda] 121307136 512-byte logical blocks: (62.1 GB/57.8 GiB)
[   34.834771] sd 1:0:0:0: [sda] Write Protect is off
[   34.840513] sd 1:0:0:0: [sda] Write cache: disabled, read cache: enabled, doesn't support DPO or FUA
[   34.895226]  sda: sda1
[   34.901394] sd 1:0:0:0: [sda] Attached SCSI removable disk

Plug in USB device at CN10H


Press any button to continue

[   41.514108] usb 2-1: new high-speed USB device number 2 using ehci-platform
[   41.676370] usb-storage 2-1:1.0: USB Mass Storage device detected
[   41.683149] scsi host2: usb-storage 2-1:1.0
[   42.719853] scsi 2:0:0:0: Direct-Access     SanDisk  Ultra            1.00 PQ: 0 ANSI: 6
[   42.729230] sd 2:0:0:0: [sdb] 121307136 512-byte logical blocks: (62.1 GB/57.8 GiB)
[   42.738292] sd 2:0:0:0: [sdb] Write Protect is off
[   42.744008] sd 2:0:0:0: [sdb] Write cache: disabled, read cache: enabled, doesn't support DPO or FUA
[   42.788366]  sdb: sdb1 sdb2
[   42.795669] sd 2:0:0:0: [sdb] Attached SCSI removable disk
[   43.998245] SDHI0 VccQ: disabling
[   44.001638] SDHI3 VccQ: disabling

Plug in USB device at CN37


Press any button to continue

[   65.902107] usb 3-1: new high-speed USB device number 2 using ehci-platform
[   66.064375] usb-storage 3-1:1.0: USB Mass Storage device detected
[   66.071155] scsi host3: usb-storage 3-1:1.0
[   67.104120] scsi 3:0:0:0: Direct-Access     SanDisk  Extreme Pro      0    PQ: 0 ANSI: 6
[   67.114807] sd 3:0:0:0: [sdc] 250085376 512-byte logical blocks: (128 GB/119 GiB)
[   67.123366] sd 3:0:0:0: [sdc] Write Protect is off
[   67.129225] sd 3:0:0:0: [sdc] Write cache: enabled, read cache: enabled, doesn't support DPO or FUA
[   67.166372]  sdc: sdc1
[   67.172755] sd 3:0:0:0: [sdc] Attached SCSI removable disk

Plug in USB device at CN9


Press any button to continue

[   89.782107] usb 9-1: new high-speed USB device number 2 using ehci-platform
[   89.944760] usb-storage 9-1:1.0: USB Mass Storage device detected
[   89.952480] scsi host4: usb-storage 9-1:1.0
[   90.975920] scsi 4:0:0:0: Direct-Access     SanDisk  Extreme Pro      0    PQ: 0 ANSI: 6
[   90.986211] sd 4:0:0:0: [sdd] 250085376 512-byte logical blocks: (128 GB/119 GiB)
[   90.994716] sd 4:0:0:0: [sdd] Write Protect is off
[   91.000449] sd 4:0:0:0: [sdd] Write cache: enabled, read cache: enabled, doesn't support DPO or FUA
[   91.041977]  sdd: sdd1
[   91.047959] sd 4:0:0:0: [sdd] Attached SCSI removable disk

----------Prepare----------


root@salvator-x:~# dd if=/dev/urandom of=testdata bs=10M count=5
5+0 records in
5+0 records out
52428800 bytes (52 MB, 50 MiB) copied, 1.42696 s, 36.7 MB/s
root@salvator-x:~# 
root@salvator-x:~# find /sys/devices/platform/soc/ee0a0100.usb/ -name 'sd*'
/sys/devices/platform/soc/ee0a0100.usb/usb1/1-1/1-1:1.0/host1/target1:0:0/1:0:0:0/block/sda
/sys/devices/platform/soc/ee0a0100.usb/usb1/1-1/1-1:1.0/host1/target1:0:0/1:0:0:0/block/sda/sda1
root@salvator-x:~# 
root@salvator-x:~# mkdir -p /mnt/usb0
root@salvator-x:~# 
root@salvator-x:~# mount /dev/sda1 /mnt/usb0
[   97.152611] EXT4-fs (sda1): recovery complete
[   97.164157] EXT4-fs (sda1): mounted filesystem with ordered data mode. Opts: (null)
root@salvator-x:~# 
root@salvator-x:~# cp testdata /mnt/usb0/
root@salvator-x:~# 
root@salvator-x:~# umount /mnt/usb0
root@salvator-x:~# 
root@salvator-x:~# find /sys/devices/platform/soc/ee0c0100.usb/ -name 'sd*'
/sys/devices/platform/soc/ee0c0100.usb/usb2/2-1/2-1:1.0/host2/target2:0:0/2:0:0:0/block/sdb
/sys/devices/platform/soc/ee0c0100.usb/usb2/2-1/2-1:1.0/host2/target2:0:0/2:0:0:0/block/sdb/sdb2
/sys/devices/platform/soc/ee0c0100.usb/usb2/2-1/2-1:1.0/host2/target2:0:0/2:0:0:0/block/sdb/sdb1
root@salvator-x:~# 
root@salvator-x:~# mkdir -p /mnt/usb1
root@salvator-x:~# 
root@salvator-x:~# mount /dev/sdb2 /mnt/usb1
[  103.973601] EXT4-fs (sdb2): mounted filesystem with ordered data mode. Opts: (null)
root@salvator-x:~# 
root@salvator-x:~# cp testdata /mnt/usb1/
root@salvator-x:~# 
root@salvator-x:~# umount /mnt/usb1
root@salvator-x:~# 
root@salvator-x:~# find /sys/devices/platform/soc/ee0e0100.usb/ -name 'sd*'
/sys/devices/platform/soc/ee0e0100.usb/usb3/3-1/3-1:1.0/host3/target3:0:0/3:0:0:0/block/sdc
/sys/devices/platform/soc/ee0e0100.usb/usb3/3-1/3-1:1.0/host3/target3:0:0/3:0:0:0/block/sdc/sdc1
root@salvator-x:~# 
root@salvator-x:~# mkdir -p /mnt/usb2
root@salvator-x:~# 
root@salvator-x:~# mount /dev/sdc1 /mnt/usb2
[  110.413679] EXT4-fs (sdc1): mounted filesystem with ordered data mode. Opts: (null)
root@salvator-x:~# 
root@salvator-x:~# cp testdata /mnt/usb2/
root@salvator-x:~# 
root@salvator-x:~# umount /mnt/usb2
root@salvator-x:~# 
root@salvator-x:~# find /sys/devices/platform/soc/ee080100.usb/ -name 'sd*'
/sys/devices/platform/soc/ee080100.usb/usb9/9-1/9-1:1.0/host4/target4:0:0/4:0:0:0/block/sdd
/sys/devices/platform/soc/ee080100.usb/usb9/9-1/9-1:1.0/host4/target4:0:0/4:0:0:0/block/sdd/sdd1
root@salvator-x:~# 
root@salvator-x:~# mkdir -p /mnt/usb3
root@salvator-x:~# 
root@salvator-x:~# mount /dev/sdd1 /mnt/usb3
[  117.244404] EXT4-fs (sdd1): mounted filesystem with ordered data mode. Opts: (null)
root@salvator-x:~# 
root@salvator-x:~# cp testdata /mnt/usb3/
root@salvator-x:~# 
root@salvator-x:~# umount /mnt/usb3
root@salvator-x:~# 
Pull out USB device at CN10L


Press any button to continue

[  134.459527] usb 1-1: USB disconnect, device number 2

Pull out USB device at CN10H


Press any button to continue

[  142.905114] usb 2-1: USB disconnect, device number 2

Pull out USB device at CN37


Press any button to continue

[  148.490375] usb 3-1: USB disconnect, device number 2
[  148.497416] sd 3:0:0:0: [sdc] Synchronizing SCSI cache
[  148.503574] sd 3:0:0:0: [sdc] Synchronize Cache(10) failed: Result: hostbyte=0x01 driverbyte=0x00

Pull out USB device at CN9


Press any button to continue

[  158.418843] usb 9-1: USB disconnect, device number 2
[  158.425850] sd 4:0:0:0: [sdd] Synchronizing SCSI cache
[  158.431995] sd 4:0:0:0: [sdd] Synchronize Cache(10) failed: Result: hostbyte=0x01 driverbyte=0x00

root@salvator-x:~# i2cset -f -y 7 0x30 0x20 0x0f
root@salvator-x:~# 

Switch SW23 off and input 'yes' to continue:
Input 'yes' to continue: 

root@salvator-x:~# echo N > /sys/module/printk/parameters/console_suspend
root@salvator-x:~# 
root@salvator-x:~# echo mem > /sys/power/state
[  173.746247] PM: suspend entry (deep)
[  173.750751] Filesystems sync: 0.000 seconds
[  173.775188] Freezing user space processes ... (elapsed 0.001 seconds) done.
[  173.783898] OOM killer disabled.
[  173.787142] Freezing remaining freezable tasks ... (elapsed 0.001 seconds) done.
[  174.194346] ravb e6800000.ethernet eth0: Link is Down
[  174.210949] Disabling non-boot CPUs ...
[  174.215373] CPU1: shutdown
[  174.218100] psci: CPU1 killed (polled 4 ms)
[  174.224032] CPU2: shutdown
[  174.226757] psci: CPU2 killed (polled 0 ms)
[  174.232547] CPU3: shutdown
[  174.235291] psci: CPU3 killed (polled 0 ms)
[  174.241294] CPU4: shutdown
[  174.244033] psci: CPU4 killed (polled 0 ms)
[  174.249707] CPU5: shutdown
[  174.252474] psci: CPU5 killed (polled 0 ms)
[  174.258256] CPU6: shutdown
[  174.260965] psci: CPU6 killed (polled 0 ms)
[  174.266547] CPU7: shutdown
[  174.269257] psci: CPU7 killed (polled 0 ms)
 
 Switch power switch: 

NOTICE:  BL2: R-Car Gen3 Initial Program Loader(CA57) Rev.4.0.0
NOTICE:  BL2: PRR is R-Car H3 Ver.3.0
NOTICE:  BL2: Board is Salvator-XS Rev.1.0
NOTICE:  BL2: Boot device is HyperFlash(160MHz)
NOTICE:  BL2: LCM state is CM
NOTICE:  AVS setting succeeded. DVFS_SetVID=0x53
NOTICE:  BL2: DDR3200(rev.0.42)
NOTICE:  BL2: [WARM_BOOT]
NOTICE:  BL2: DRAM Split is 4ch(DDR f)
NOTICE:  BL2: QoS is default setting(rev.0.11)
NOTICE:  BL2: DRAM refresh interval 1.95 usec
NOTICE:  BL2: Periodic Write DQ Training
NOTICE:  BL2: CH0: 400000000 - 47fffffff, 2 GiB
NOTICE:  BL2: CH1: 500000000 - 57fffffff, 2 GiB
NOTICE:  BL2: CH2: 600000000 - 67fffffff, 2 GiB
NOTICE:  BL2: CH3: 700000000 - 77fffffff, 2 GiB
NOTICE:  BL2: Lossy Decomp areas
NOTICE:       Entry 0: DCMPAREACRAx:0x80000540 DCMPAREACRBx:0x570
NOTICE:       Entry 1: DCMPAREACRAx:0x40000000 DCMPAREACRBx:0x0
NOTICE:       Entry 2: DCMPAREACRAx:0x20000000 DCMPAREACRBx:0x0
NOTICE:  BL2: FDT at 0xe6327f70
NOTICE:  BL2: v2.9(release):9cdb21f75
NOTICE:  BL2: Built : 05:25:39, Dec 19 2023
NOTICE:  BL2: Normal boot
[  174.274593] Enabling non-boot CPUs ...
[  174.278629] Detected PIPT I-cache on CPU1
[  174.278685] CPU1: Booted secondary processor 0x0000000001 [0x411fd073]
[  174.279156] CPU1 is up
[  174.292199] Detected PIPT I-cache on CPU2
[  174.292221] CPU2: Booted secondary processor 0x0000000002 [0x411fd073]
[  174.292497] CPU2 is up
[  174.305509] Detected PIPT I-cache on CPU3
[  174.305532] CPU3: Booted secondary processor 0x0000000003 [0x411fd073]
[  174.305800] CPU3 is up
[  174.318867] Detected VIPT I-cache on CPU4
[  174.318919] CPU4: Booted secondary processor 0x0000000100 [0x410fd034]
[  174.319821] CPU4 is up
[  174.332830] Detected VIPT I-cache on CPU5
[  174.332863] CPU5: Booted secondary processor 0x0000000101 [0x410fd034]
[  174.333400] CPU5 is up
[  174.346410] Detected VIPT I-cache on CPU6
[  174.346443] CPU6: Booted secondary processor 0x0000000102 [0x410fd034]
[  174.347023] CPU6 is up
[  174.360031] Detected VIPT I-cache on CPU7
[  174.360063] CPU7: Booted secondary processor 0x0000000103 [0x410fd034]
[  174.360744] CPU7 is up
[  174.432806] xhci-hcd ee000000.usb: xHC error in resume, USBSTS 0x401, Reinit
[  174.439848] usb usb7: root hub lost power or was reset
[  174.444967] usb usb8: root hub lost power or was reset
[  174.501057] Micrel KSZ9031 Gigabit PHY e6800000.ethernet-ffffffff:00: attached PHY driver [Micrel KSZ9031 Gigabit PHY] (mii_bus:phy_addr=e6800000.ethernet-ffffffff:00, irq=183)
[  174.616091] usb usb4: root hub lost power or was reset
[  174.621373] usb usb1: root hub lost power or was reset
[  174.708169] usb usb5: root hub lost power or was reset
[  174.713420] usb usb2: root hub lost power or was reset
[  174.800164] usb usb6: root hub lost power or was reset
[  174.805426] usb usb3: root hub lost power or was reset
[  174.924161] usb usb10: root hub lost power or was reset
[  174.929518] usb usb9: root hub lost power or was reset
[  174.942150] ata1: link resume succeeded after 1 retries
[  175.053661] ata1: SATA link down (SStatus 0 SControl 300)
[  175.072957] OOM killer enabled.
[  175.076808] Restarting tasks ... done.
root@salvator-x:~# [  175.082517] PM: suspend exit
[  182.363671] ravb e6800000.ethernet eth0: Link is Up - 1Gbps/Full - flow control off

root@salvator-x:~# echo "Wake up sucessfully"
Wake up sucessfully
root@salvator-x:~# 
Plug in USB device at CN10L


Press any button to continue

[  195.402075] usb 1-1: new high-speed USB device number 3 using ehci-platform
[  195.567940] usb-storage 1-1:1.0: USB Mass Storage device detected
[  195.575390] scsi host1: usb-storage 1-1:1.0
[  196.607253] scsi 1:0:0:0: Direct-Access     SanDisk  Ultra            1.00 PQ: 0 ANSI: 6
[  196.617276] sd 1:0:0:0: [sda] 121307136 512-byte logical blocks: (62.1 GB/57.8 GiB)
[  196.627242] sd 1:0:0:0: [sda] Write Protect is off
[  196.633976] sd 1:0:0:0: [sda] Write cache: disabled, read cache: enabled, doesn't support DPO or FUA
[  196.683263]  sda: sda1
[  196.690262] sd 1:0:0:0: [sda] Attached SCSI removable disk

root@salvator-x:~# find /sys/devices/platform/soc/ee0a0100.usb/ -name 'sd*'
/sys/devices/platform/soc/ee0a0100.usb/usb1/1-1/1-1:1.0/host1/target1:0:0/1:0:0:0/block/sda
/sys/devices/platform/soc/ee0a0100.usb/usb1/1-1/1-1:1.0/host1/target1:0:0/1:0:0:0/block/sda/sda1
root@salvator-x:~# 
root@salvator-x:~# mount /dev/sda1 /mnt/usb0
[  201.504684] EXT4-fs (sda1): mounted filesystem with ordered data mode. Opts: (null)
root@salvator-x:~# 
root@salvator-x:~# cp testdata /mnt/usb0/testdata_from_nfs
root@salvator-x:~# 
root@salvator-x:~# cp /mnt/usb0/testdata_from_nfs testdata_from_usb
root@salvator-x:~# 
root@salvator-x:~# sync
root@salvator-x:~# 
root@salvator-x:~# cmp testdata testdata_from_usb
root@salvator-x:~# 
root@salvator-x:~# umount /mnt/usb0
root@salvator-x:~# 
Plug in USB device at CN10H


Press any button to continue

[  220.006080] usb 2-1: new high-speed USB device number 3 using ehci-platform
[  220.172378] usb-storage 2-1:1.0: USB Mass Storage device detected
[  220.179702] scsi host2: usb-storage 2-1:1.0
[  221.215793] scsi 2:0:0:0: Direct-Access     SanDisk  Ultra            1.00 PQ: 0 ANSI: 6
[  221.226181] sd 2:0:0:0: [sdb] 121307136 512-byte logical blocks: (62.1 GB/57.8 GiB)
[  221.236195] sd 2:0:0:0: [sdb] Write Protect is off
[  221.243162] sd 2:0:0:0: [sdb] Write cache: disabled, read cache: enabled, doesn't support DPO or FUA
[  221.291925]  sdb: sdb1 sdb2
[  221.299451] sd 2:0:0:0: [sdb] Attached SCSI removable disk

root@salvator-x:~# find /sys/devices/platform/soc/ee0c0100.usb/ -name 'sd*'
/sys/devices/platform/soc/ee0c0100.usb/usb2/2-1/2-1:1.0/host2/target2:0:0/2:0:0:0/block/sdb
/sys/devices/platform/soc/ee0c0100.usb/usb2/2-1/2-1:1.0/host2/target2:0:0/2:0:0:0/block/sdb/sdb2
/sys/devices/platform/soc/ee0c0100.usb/usb2/2-1/2-1:1.0/host2/target2:0:0/2:0:0:0/block/sdb/sdb1
root@salvator-x:~# 
root@salvator-x:~# mount /dev/sdb2 /mnt/usb1
[  226.381298] EXT4-fs (sdb2): mounted filesystem with ordered data mode. Opts: (null)
root@salvator-x:~# 
root@salvator-x:~# cp testdata /mnt/usb1/testdata_from_nfs
root@salvator-x:~# 
root@salvator-x:~# cp /mnt/usb1/testdata_from_nfs testdata_from_usb
root@salvator-x:~# 
root@salvator-x:~# sync
root@salvator-x:~# 
root@salvator-x:~# cmp testdata testdata_from_usb
root@salvator-x:~# 
root@salvator-x:~# umount /mnt/usb1
root@salvator-x:~# 
Plug in USB device at CN37


Press any button to continue

[  240.970078] usb 3-1: new high-speed USB device number 3 using ehci-platform
[  241.137135] usb-storage 3-1:1.0: USB Mass Storage device detected
[  241.144450] scsi host3: usb-storage 3-1:1.0
[  242.175812] scsi 3:0:0:0: Direct-Access     SanDisk  Extreme Pro      0    PQ: 0 ANSI: 6
[  242.187144] sd 3:0:0:0: [sdc] 250085376 512-byte logical blocks: (128 GB/119 GiB)
[  242.196508] sd 3:0:0:0: [sdc] Write Protect is off
[  242.203144] sd 3:0:0:0: [sdc] Write cache: enabled, read cache: enabled, doesn't support DPO or FUA
[  242.247025]  sdc: sdc1
[  242.254341] sd 3:0:0:0: [sdc] Attached SCSI removable disk

root@salvator-x:~# find /sys/devices/platform/soc/ee0e0100.usb/ -name 'sd*'
/sys/devices/platform/soc/ee0e0100.usb/usb3/3-1/3-1:1.0/host3/target3:0:0/3:0:0:0/block/sdc
/sys/devices/platform/soc/ee0e0100.usb/usb3/3-1/3-1:1.0/host3/target3:0:0/3:0:0:0/block/sdc/sdc1
root@salvator-x:~# 
root@salvator-x:~# mount /dev/sdc1 /mnt/usb2
[  247.160226] EXT4-fs (sdc1): mounted filesystem with ordered data mode. Opts: (null)
root@salvator-x:~# 
root@salvator-x:~# cp testdata /mnt/usb2/testdata_from_nfs
root@salvator-x:~# 
root@salvator-x:~# cp /mnt/usb2/testdata_from_nfs testdata_from_usb
root@salvator-x:~# 
root@salvator-x:~# sync
root@salvator-x:~# 
root@salvator-x:~# cmp testdata testdata_from_usb
root@salvator-x:~# 
root@salvator-x:~# umount /mnt/usb2
root@salvator-x:~# 
Plug in USB device at CN9


Press any button to continue

[  269.986076] usb 9-1: new high-speed USB device number 3 using ehci-platform
[  270.152498] usb-storage 9-1:1.0: USB Mass Storage device detected
[  270.160152] scsi host4: usb-storage 9-1:1.0
[  271.167242] scsi 4:0:0:0: Direct-Access     SanDisk  Extreme Pro      0    PQ: 0 ANSI: 6
[  271.179183] sd 4:0:0:0: [sdd] 250085376 512-byte logical blocks: (128 GB/119 GiB)
[  271.190971] sd 4:0:0:0: [sdd] Write Protect is off
[  271.199717] sd 4:0:0:0: [sdd] Write cache: enabled, read cache: enabled, doesn't support DPO or FUA
[  271.242641]  sdd: sdd1
[  271.252237] sd 4:0:0:0: [sdd] Attached SCSI removable disk

root@salvator-x:~# find /sys/devices/platform/soc/ee080100.usb/ -name 'sd*'
/sys/devices/platform/soc/ee080100.usb/usb9/9-1/9-1:1.0/host4/target4:0:0/4:0:0:0/block/sdd
/sys/devices/platform/soc/ee080100.usb/usb9/9-1/9-1:1.0/host4/target4:0:0/4:0:0:0/block/sdd/sdd1
root@salvator-x:~# 
root@salvator-x:~# mount /dev/sdd1 /mnt/usb3
[  276.029220] EXT4-fs (sdd1): mounted filesystem with ordered data mode. Opts: (null)
root@salvator-x:~# 
root@salvator-x:~# cp testdata /mnt/usb3/testdata_from_nfs
root@salvator-x:~# 
root@salvator-x:~# cp /mnt/usb3/testdata_from_nfs testdata_from_usb
root@salvator-x:~# 
root@salvator-x:~# sync
root@salvator-x:~# 
root@salvator-x:~# cmp testdata testdata_from_usb
root@salvator-x:~# 
root@salvator-x:~# umount /mnt/usb3
root@salvator-x:~# 
 
#### Result: OK ####
