

----------Item 12----------


Please press switch to restart board 

[F 00:00:120
[F 00:00:119
[F 00:00:118
[F 00:00:117
NOTICE:  BL2: R-Car Gen3 Initial Program Loader(CA57) Rev.4.0.0
NOTICE:  BL2: PRR is R-Car H3 Ver.3.0
NOTICE:  BL2: Board is Salvator-XS Rev.1.0
NOTICE:  BL2: Boot device is HyperFlash(160MHz)
NOTICE:  BL2: LCM state is CM
NOTICE:  AVS setting succeeded. DVFS_SetVID=0x53
NOTICE:  BL2: DDR3200(rev.0.42)
NOTICE:  BL2: [COLD_BOOT]
NOTICE:  BL2: DRAM Split is 4ch(DDR f)
NOTICE:  BL2: QoS is default setting(rev.0.11)
NOTICE:  BL2: DRAM refresh interval 1.95 usec
NOTICE:  BL2: Periodic Write DQ Training
NOTICE:  BL2: CH0: 400000000 - 47fffffff, 2 GiB
NOTICE:  BL2: CH1: 500000000 - 57fffffff, 2 GiB
NOTICE:  BL2: CH2: 600000000 - 67fffffff, 2 GiB
NOTICE:  BL2: CH3: 700000000 - 77fffffff, 2 GiB
NOTICE:  BL2: Lossy Decomp areas
NOTICE:       Entry 0: DCMPAREACRAx:0x80000540 DCMPAREACRBx:0x570
NOTICE:       Entry 1: DCMPAREACRAx:0x40000000 DCMPAREACRBx:0x0
NOTICE:       Entry 2: DCMPAREACRAx:0x20000000 DCMPAREACRBx:0x0
NOTICE:  BL2: FDT at 0xe6327f70
NOTICE:  BL2: v2.9(release):9cdb21f75
NOTICE:  BL2: Built : 05:25:39, Dec 19 2023
NOTICE:  BL2: Normal boot
NOTICE:  BL2: dst=0xe6327800 src=0x8180000 len=512(0x200)
NOTICE:  BL2: dst=0x43f00000 src=0x8180400 len=6144(0x1800)
NOTICE:  rcar_file_len: len: 0x0003e000
NOTICE:  BL2: dst=0x44000000 src=0x81c0000 len=253952(0x3e000)
NOTICE:  rcar_file_len: len: 0x00200000
NOTICE:  BL2: dst=0x44100000 src=0x8200000 len=2097152(0x200000)
NOTICE:  rcar_file_len: len: 0x00100000
NOTICE:  BL2: dst=0x50000000 src=0x8640000 len=1048576(0x100000)
NOTICE:  BL2: Booting BL31


U-Boot 2020.10 (Dec 19 2023 - 14:30:40 +0000)

CPU: Renesas Electronics R8A7795 rev 3.0
Model: Renesas Salvator-X 2nd version board based on r8a77951
DRAM:  7.9 GiB
RAM Configuration:
Bank #0: 0x048000000 - 0x0bfffffff, 1.9 GiB
Bank #1: 0x500000000 - 0x57fffffff, 2 GiB
Bank #2: 0x600000000 - 0x67fffffff, 2 GiB
Bank #3: 0x700000000 - 0x77fffffff, 2 GiB

MMC:   sd@ee100000: 0, sd@ee140000: 1, sd@ee160000: 2
Loading Environment from MMC... OK
In:    serial@e6e88000
Out:   serial@e6e88000
Err:   serial@e6e88000
Net:   eth0: ethernet@e6800000
Hit any key to stop autoboot:  2  1  0 
ethernet@e6800000 Waiting for PHY auto negotiation to complete........... done
Using ethernet@e6800000 device
TFTP from server 192.168.10.99; our IP address is 192.168.10.167
Filename 'traivo/H3/rootfs/boot_USB2H/Image'.
Load address: 0x48080000
Loading: *#################################################################
	 #################################################################
	 #################################################################
	 #################################################################
	 #################################################################
	 #################################################################
	 #################################################################
	 #################################################################
	 #################################################################
	 #################################################################
	 #################################################################
	 #################################################################
	 #################################################################
	 #################################################################
	 #################################################################
	 #################################################################
	 #################################################################
	 #################################################################
	 #################################################################
	 #################################################################
	 #################################################################
	 #################################################################
	 #################################################################
	 #################################################################
	 #################################################################
	 #################################################################
	 #################################################################
	 #################################################################
	 #################################################################
	 #################################################################
	 #################################################################
	 #################################################################
	 #################################################################
	 #################################################################
	 ################################################################
	 4.6 MiB/s
done
Bytes transferred = 33376768 (1fd4a00 hex)
Using ethernet@e6800000 device
TFTP from server 192.168.10.99; our IP address is 192.168.10.167
Filename 'traivo/H3/rootfs/boot_USB2H/r8a77951-salvator-xs.dtb'.
Load address: 0x48000000
Loading: *#######
	 10.8 MiB/s
done
Bytes transferred = 90876 (162fc hex)
Moving Image from 0x48080000 to 0x48200000, end=4a260000
## Flattened Device Tree blob at 48000000
   Booting using the fdt blob at 0x48000000
   Loading Device Tree to 0000000053fe6000, end 0000000053fff2fb ... OK

Starting kernel ...

[    0.000000] Booting Linux on physical CPU 0x0000000000 [0x411fd073]
[    0.000000] Linux version 5.10.194-yocto-standard (thuan.nguyen-hong@banvien) (aarch64-poky-linux-gcc (GCC) 9.3.0, GNU ld (GNU Binutils) 2.34.0.20200220) #10 SMP PREEMPT Mon Feb 19 03:51:05 UTC 2024
[    0.000000] Machine model: Renesas Salvator-X 2nd version board based on r8a77951
[    0.000000] efi: UEFI not found.
[    0.000000] Reserved memory: created CMA memory pool at 0x0000000057000000, size 16 MiB
[    0.000000] OF: reserved mem: initialized node linux,adsp@57000000, compatible id shared-dma-pool
[    0.000000] Reserved memory: created CMA memory pool at 0x0000000058000000, size 384 MiB
[    0.000000] OF: reserved mem: initialized node linux,cma@58000000, compatible id shared-dma-pool
[    0.000000] Reserved memory: created CMA memory pool at 0x0000000070000000, size 256 MiB
[    0.000000] OF: reserved mem: initialized node linux,multimedia@70000000, compatible id shared-dma-pool
[    0.000000] NUMA: No NUMA configuration found
[    0.000000] NUMA: Faking a node at [mem 0x0000000048000000-0x000000077fffffff]
[    0.000000] NUMA: NODE_DATA [mem 0x77efdab00-0x77efdcfff]
[    0.000000] Zone ranges:
[    0.000000]   DMA      [mem 0x0000000048000000-0x000000007fffffff]
[    0.000000]   DMA32    [mem 0x0000000080000000-0x00000000ffffffff]
[    0.000000]   Normal   [mem 0x0000000100000000-0x000000077fffffff]
[    0.000000] Movable zone start for each node
[    0.000000] Early memory node ranges
[    0.000000]   node   0: [mem 0x0000000048000000-0x0000000053ffffff]
[    0.000000]   node   0: [mem 0x0000000054000000-0x0000000056ffffff]
[    0.000000]   node   0: [mem 0x0000000057000000-0x00000000bfffffff]
[    0.000000]   node   0: [mem 0x0000000500000000-0x000000057fffffff]
[    0.000000]   node   0: [mem 0x0000000600000000-0x000000067fffffff]
[    0.000000]   node   0: [mem 0x0000000700000000-0x000000077fffffff]
[    0.000000] Initmem setup node 0 [mem 0x0000000048000000-0x000000077fffffff]
[    0.000000] psci: probing for conduit method from DT.
[    0.000000] psci: PSCIv1.1 detected in firmware.
[    0.000000] psci: Using standard PSCI v0.2 function IDs
[    0.000000] psci: Trusted OS resident on physical CPU 0x0
[    0.000000] psci: SMC Calling Convention v1.2
[    0.000000] percpu: Embedded 23 pages/cpu s56984 r8192 d29032 u94208
[    0.000000] Detected PIPT I-cache on CPU0
[    0.000000] CPU features: detected: EL2 vector hardening
[    0.000000] CPU features: detected: Spectre-v2
[    0.000000] CPU features: detected: ARM errata 1165522, 1319367, or 1530923
[    0.000000] CPU features: detected: Spectre-BHB
[    0.000000] CPU features: detected: ARM erratum 1742098
[    0.000000] Built 1 zonelists, mobility grouping on.  Total pages: 2032128
[    0.000000] Policy zone: Normal
[    0.000000] Kernel command line: rw root=/dev/nfs nfsroot=192.168.10.99:/data/tftpboot/traivo/H3/rootfs,nfsvers=4, ip=192.168.10.167
[    0.000000] Dentry cache hash table entries: 1048576 (order: 11, 8388608 bytes, linear)
[    0.000000] Inode-cache hash table entries: 524288 (order: 10, 4194304 bytes, linear)
[    0.000000] mem auto-init: stack:off, heap alloc:off, heap free:off
[    0.000000] software IO TLB: mapped [mem 0x000000004ffe6000-0x0000000053fe6000] (64MB)
[    0.000000] Memory: 7276840K/8257536K available (15232K kernel code, 2834K rwdata, 8240K rodata, 6144K init, 517K bss, 308952K reserved, 671744K cma-reserved)
[    0.000000] SLUB: HWalign=64, Order=0-3, MinObjects=0, CPUs=8, Nodes=1
[    0.000000] rcu: Preemptible hierarchical RCU implementation.
[    0.000000] rcu: 	RCU event tracing is enabled.
[    0.000000] rcu: 	RCU restricting CPUs from NR_CPUS=256 to nr_cpu_ids=8.
[    0.000000] 	Trampoline variant of Tasks RCU enabled.
[    0.000000] rcu: RCU calculated value of scheduler-enlistment delay is 25 jiffies.
[    0.000000] rcu: Adjusting geometry for rcu_fanout_leaf=16, nr_cpu_ids=8
[    0.000000] NR_IRQS: 64, nr_irqs: 64, preallocated irqs: 0
[    0.000000] arch_timer: cp15 timer(s) running at 8.32MHz (virt).
[    0.000000] clocksource: arch_sys_counter: mask: 0xffffffffffffff max_cycles: 0x1eb398c07, max_idle_ns: 440795202503 ns
[    0.000003] sched_clock: 56 bits at 8MHz, resolution 120ns, wraps every 2199023255503ns
[    0.000206] Console: colour dummy device 80x25
[    0.000416] printk: console [tty0] enabled
[    0.000490] Calibrating delay loop (skipped), value calculated using timer frequency.. 16.64 BogoMIPS (lpj=33280)
[    0.000506] pid_max: default: 32768 minimum: 301
[    0.000563] LSM: Security Framework initializing
[    0.000651] Mount-cache hash table entries: 16384 (order: 5, 131072 bytes, linear)
[    0.000703] Mountpoint-cache hash table entries: 16384 (order: 5, 131072 bytes, linear)
[    0.002143] rcu: Hierarchical SRCU implementation.
[    0.003743] Detected Renesas R-Car Gen3 r8a7795 ES3.0
[    0.005876] EFI services will not be available.
[    0.006209] smp: Bringing up secondary CPUs ...
[    0.006669] Detected PIPT I-cache on CPU1
[    0.006715] CPU1: Booted secondary processor 0x0000000001 [0x411fd073]
[    0.007194] Detected PIPT I-cache on CPU2
[    0.007218] CPU2: Booted secondary processor 0x0000000002 [0x411fd073]
[    0.007640] Detected PIPT I-cache on CPU3
[    0.007662] CPU3: Booted secondary processor 0x0000000003 [0x411fd073]
[    0.008138] CPU features: detected: ARM erratum 845719
[    0.008151] Detected VIPT I-cache on CPU4
[    0.008198] CPU4: Booted secondary processor 0x0000000100 [0x410fd034]
[    0.008673] Detected VIPT I-cache on CPU5
[    0.008700] CPU5: Booted secondary processor 0x0000000101 [0x410fd034]
[    0.009138] Detected VIPT I-cache on CPU6
[    0.009164] CPU6: Booted secondary processor 0x0000000102 [0x410fd034]
[    0.009597] Detected VIPT I-cache on CPU7
[    0.009625] CPU7: Booted secondary processor 0x0000000103 [0x410fd034]
[    0.009704] smp: Brought up 1 node, 8 CPUs
[    0.009766] SMP: Total of 8 processors activated.
[    0.009774] CPU features: detected: 32-bit EL0 Support
[    0.009781] CPU features: detected: CRC32 instructions
[    0.009787] CPU features: detected: 32-bit EL1 Support
[    0.022997] CPU: All CPU(s) started at EL1
[    0.023048] alternatives: patching kernel code
[    0.024211] devtmpfs: initialized
[    0.030998] KASLR disabled due to lack of seed
[    0.031145] clocksource: jiffies: mask: 0xffffffff max_cycles: 0xffffffff, max_idle_ns: 7645041785100000 ns
[    0.031166] futex hash table entries: 2048 (order: 5, 131072 bytes, linear)
[    0.039817] pinctrl core: initialized pinctrl subsystem
[    0.041288] DMI not present or invalid.
[    0.041785] NET: Registered protocol family 16
[    0.042720] DMA: preallocated 1024 KiB GFP_KERNEL pool for atomic allocations
[    0.042916] DMA: preallocated 1024 KiB GFP_KERNEL|GFP_DMA pool for atomic allocations
[    0.043206] DMA: preallocated 1024 KiB GFP_KERNEL|GFP_DMA32 pool for atomic allocations
[    0.043247] audit: initializing netlink subsys (disabled)
[    0.043428] audit: type=2000 audit(0.040:1): state=initialized audit_enabled=0 res=1
[    0.044593] thermal_sys: Registered thermal governor 'power_allocator'
[    0.045113] cpuidle: using governor menu
[    0.045287] hw-breakpoint: found 6 breakpoint and 4 watchpoint registers.
[    0.045409] ASID allocator initialised with 65536 entries
[    0.046715] Serial: AMBA PL011 UART driver
[    0.089638] sh-pfc e6060000.pinctrl: r8a77951_pfc support registered
[    0.104368] HugeTLB registered 1.00 GiB page size, pre-allocated 0 pages
[    0.104382] HugeTLB registered 32.0 MiB page size, pre-allocated 0 pages
[    0.104390] HugeTLB registered 2.00 MiB page size, pre-allocated 0 pages
[    0.104397] HugeTLB registered 64.0 KiB page size, pre-allocated 0 pages
[    0.105356] cryptd: max_cpu_qlen set to 1000
[    0.107627] ACPI: Interpreter disabled.
[    0.111460] rcar-avs: use avs value: 0
[    0.111477] rcar-avs: cpu@0 is running with: opp_table0
[    0.111487] rcar-avs: cpu@1 is running with: opp_table0
[    0.111497] rcar-avs: cpu@2 is running with: opp_table0
[    0.111506] rcar-avs: cpu@3 is running with: opp_table0
[    0.111593] rcar-avs: gsx@fd000000 is running with: gsx_opp_table0
[    0.113009] iommu: Default domain type: Translated 
[    0.113580] ipmmu-vmsa e67b0000.iommu: IPMMU context 0 is reserved
[    0.114553] vgaarb: loaded
[    0.114757] SCSI subsystem initialized
[    0.115007] usbcore: registered new interface driver usbfs
[    0.115034] usbcore: registered new interface driver hub
[    0.115061] usbcore: registered new device driver usb
[    0.118603] i2c-sh_mobile e60b0000.i2c: I2C adapter 7, bus speed 400000 Hz
[    0.119143] mc: Linux media interface: v0.10
[    0.119164] videodev: Linux video capture interface: v2.00
[    0.119209] pps_core: LinuxPPS API ver. 1 registered
[    0.119216] pps_core: Software ver. 5.3.6 - Copyright 2005-2007 Rodolfo Giometti <giometti@linux.it>
[    0.119230] PTP clock support registered
[    0.119400] EDAC MC: Ver: 3.0.0
[    0.121439] FPGA manager framework
[    0.121503] Advanced Linux Sound Architecture Driver Initialized.
[    0.122054] clocksource: Switched to clocksource arch_sys_counter
[    0.122203] VFS: Disk quotas dquot_6.6.0
[    0.122247] VFS: Dquot-cache hash table entries: 512 (order 0, 4096 bytes)
[    0.122368] pnp: PnP ACPI: disabled
[    0.125857] NET: Registered protocol family 2
[    0.126277] IP idents hash table entries: 131072 (order: 8, 1048576 bytes, linear)
[    0.128531] tcp_listen_portaddr_hash hash table entries: 4096 (order: 4, 65536 bytes, linear)
[    0.128634] TCP established hash table entries: 65536 (order: 7, 524288 bytes, linear)
[    0.128917] TCP bind hash table entries: 65536 (order: 8, 1048576 bytes, linear)
[    0.129507] TCP: Hash tables configured (established 65536 bind 65536)
[    0.129622] UDP hash table entries: 4096 (order: 5, 131072 bytes, linear)
[    0.129737] UDP-Lite hash table entries: 4096 (order: 5, 131072 bytes, linear)
[    0.129956] NET: Registered protocol family 1
[    0.130327] RPC: Registered named UNIX socket transport module.
[    0.130338] RPC: Registered udp transport module.
[    0.130344] RPC: Registered tcp transport module.
[    0.130349] RPC: Registered tcp NFSv4.1 backchannel transport module.
[    0.130362] PCI: CLS 0 bytes, default 64
[    0.131288] hw perfevents: enabled with armv8_cortex_a53 PMU driver, 7 counters available
[    0.131557] hw perfevents: enabled with armv8_cortex_a57 PMU driver, 7 counters available
[    0.132169] kvm [1]: HYP mode not available
[    0.135102] Initialise system trusted keyrings
[    0.135229] workingset: timestamp_bits=42 max_order=21 bucket_order=0
[    0.138316] squashfs: version 4.0 (2009/01/31) Phillip Lougher
[    0.138716] NFS: Registering the id_resolver key type
[    0.138747] Key type id_resolver registered
[    0.138753] Key type id_legacy registered
[    0.138806] nfs4filelayout_init: NFSv4 File Layout Driver Registering...
[    0.138816] nfs4flexfilelayout_init: NFSv4 Flexfile Layout Driver Registering...
[    0.138912] 9p: Installing v9fs 9p2000 file system support
[    0.165754] Key type asymmetric registered
[    0.165767] Asymmetric key parser 'x509' registered
[    0.165797] Block layer SCSI generic (bsg) driver version 0.4 loaded (major 243)
[    0.165808] io scheduler mq-deadline registered
[    0.165818] io scheduler kyber registered
[    0.182013] gpio_rcar e6050000.gpio: driving 16 GPIOs
[    0.182355] gpio_rcar e6051000.gpio: driving 29 GPIOs
[    0.182629] gpio_rcar e6052000.gpio: driving 15 GPIOs
[    0.182908] gpio_rcar e6053000.gpio: driving 16 GPIOs
[    0.183174] gpio_rcar e6054000.gpio: driving 18 GPIOs
[    0.183442] gpio_rcar e6055000.gpio: driving 26 GPIOs
[    0.183712] gpio_rcar e6055400.gpio: driving 32 GPIOs
[    0.183981] gpio_rcar e6055800.gpio: driving 4 GPIOs
[    0.186890] rcar-pcie fe000000.pcie: host bridge /soc/pcie@fe000000 ranges:
[    0.186921] rcar-pcie fe000000.pcie:       IO 0x00fe100000..0x00fe1fffff -> 0x0000000000
[    0.186944] rcar-pcie fe000000.pcie:      MEM 0x00fe200000..0x00fe3fffff -> 0x00fe200000
[    0.186962] rcar-pcie fe000000.pcie:      MEM 0x0030000000..0x0037ffffff -> 0x0030000000
[    0.186975] rcar-pcie fe000000.pcie:      MEM 0x0038000000..0x003fffffff -> 0x0038000000
[    0.186992] rcar-pcie fe000000.pcie:   IB MEM 0x0040000000..0x007fffffff -> 0x0040000000
[    0.187034] rcar-pcie fe000000.pcie: no pcie3v3 regulator found
[    0.187045] rcar-pcie fe000000.pcie: no pcie1v8 regulator found
[    0.253755] rcar-pcie fe000000.pcie: PCIe link down
[    0.253936] rcar-pcie ee800000.pcie: host bridge /soc/pcie@ee800000 ranges:
[    0.253960] rcar-pcie ee800000.pcie:       IO 0x00ee900000..0x00ee9fffff -> 0x0000000000
[    0.253981] rcar-pcie ee800000.pcie:      MEM 0x00eea00000..0x00eebfffff -> 0x00eea00000
[    0.253999] rcar-pcie ee800000.pcie:      MEM 0x00c0000000..0x00c7ffffff -> 0x00c0000000
[    0.254013] rcar-pcie ee800000.pcie:      MEM 0x00c8000000..0x00cfffffff -> 0x00c8000000
[    0.254030] rcar-pcie ee800000.pcie:   IB MEM 0x0040000000..0x007fffffff -> 0x0040000000
[    0.254077] rcar-pcie ee800000.pcie: no pcie3v3 regulator found
[    0.254088] rcar-pcie ee800000.pcie: no pcie1v8 regulator found
[    0.414054] rcar-pcie ee800000.pcie: PCIe link down
[    0.416517] EINJ: ACPI disabled.
[    0.450466] Serial: 8250/16550 driver, 4 ports, IRQ sharing enabled
[    0.452886] SuperH (H)SCI(F) driver initialized
[    0.453326] e6550000.serial: ttySC1 at MMIO 0xe6550000 (irq = 42, base_baud = 0) is a hscif
[    0.454074] e6e88000.serial: ttySC0 at MMIO 0xe6e88000 (irq = 128, base_baud = 0) is a scif
[    1.658802] printk: console [ttySC0] enabled
[    1.664217] msm_serial: driver initialized
[    1.674586] rcar-dw-hdmi fead0000.hdmi: Detected HDMI TX controller v2.01a with HDCP (DWC HDMI 2.0 TX PHY)
[    1.684496] rcar-dw-hdmi fead0000.hdmi: registered DesignWare HDMI I2C bus driver
[    1.692728] rcar-dw-hdmi feae0000.hdmi: Detected HDMI TX controller v2.01a with HDCP (DWC HDMI 2.0 TX PHY)
[    1.702605] rcar-dw-hdmi feae0000.hdmi: registered DesignWare HDMI I2C bus driver
[    1.718166] loop: module loaded
[    1.722734] megasas: 07.714.04.00-rc1
[    1.728471] scsi host0: sata_rcar
[    1.731945] ata1: SATA max UDMA/133 irq 181
[    1.741367] tun: Universal TUN/TAP device driver, 1.6
[    1.747317] thunder_xcv, ver 1.0
[    1.750572] thunder_bgx, ver 1.0
[    1.753812] nicpf, ver 1.0
[    1.757938] hclge is initializing
[    1.761272] hns3: Hisilicon Ethernet Network Driver for Hip08 Family - version
[    1.768495] hns3: Copyright (c) 2017 Huawei Corporation.
[    1.773844] e1000: Intel(R) PRO/1000 Network Driver
[    1.778724] e1000: Copyright (c) 1999-2006 Intel Corporation.
[    1.784491] e1000e: Intel(R) PRO/1000 Network Driver
[    1.789456] e1000e: Copyright(c) 1999 - 2015 Intel Corporation.
[    1.795396] igb: Intel(R) Gigabit Ethernet Network Driver
[    1.800795] igb: Copyright (c) 2007-2014 Intel Corporation.
[    1.806384] igbvf: Intel(R) Gigabit Virtual Function Network Driver
[    1.812651] igbvf: Copyright (c) 2009 - 2012 Intel Corporation.
[    1.818993] sky2: driver version 1.30
[    1.826616] ravb e6800000.ethernet eth0: Base address at 0xe6800000, 2e:09:0a:02:ec:37, IRQ 125.
[    1.836849] VFIO - User Level meta-driver version: 0.3
[    1.844037] ehci_hcd: USB 2.0 'Enhanced' Host Controller (EHCI) Driver
[    1.850585] ehci-pci: EHCI PCI platform driver
[    1.855049] ehci-platform: EHCI generic platform driver
[    1.860657] ehci-platform ee0a0100.usb: EHCI Host Controller
[    1.866339] ehci-platform ee0a0100.usb: new USB bus registered, assigned bus number 1
[    1.874262] ehci-platform ee0a0100.usb: irq 175, io mem 0xee0a0100
[    1.894064] ehci-platform ee0a0100.usb: USB 2.0 started, EHCI 1.10
[    1.900581] hub 1-0:1.0: USB hub found
[    1.904353] hub 1-0:1.0: 1 port detected
[    1.908767] ehci-platform ee0c0100.usb: EHCI Host Controller
[    1.914450] ehci-platform ee0c0100.usb: new USB bus registered, assigned bus number 2
[    1.922337] ehci-platform ee0c0100.usb: irq 176, io mem 0xee0c0100
[    1.942060] ehci-platform ee0c0100.usb: USB 2.0 started, EHCI 1.10
[    1.948505] hub 2-0:1.0: USB hub found
[    1.952274] hub 2-0:1.0: 1 port detected
[    1.982097] ehci-platform ee0e0100.usb: EHCI Host Controller
[    1.987771] ehci-platform ee0e0100.usb: new USB bus registered, assigned bus number 3
[    1.995643] ehci-platform ee0e0100.usb: irq 177, io mem 0xee0e0100
[    2.014061] ehci-platform ee0e0100.usb: USB 2.0 started, EHCI 1.10
[    2.020492] hub 3-0:1.0: USB hub found
[    2.024260] hub 3-0:1.0: 1 port detected
[    2.028625] ehci-orion: EHCI orion driver
[    2.032878] ehci-exynos: EHCI Exynos driver
[    2.037188] ohci_hcd: USB 1.1 'Open' Host Controller (OHCI) Driver
[    2.043386] ohci-pci: OHCI PCI platform driver
[    2.047867] ohci-platform: OHCI generic platform driver
[    2.053398] ohci-platform ee0a0000.usb: Generic Platform OHCI controller
[    2.060119] ohci-platform ee0a0000.usb: new USB bus registered, assigned bus number 4
[    2.067996] ohci-platform ee0a0000.usb: irq 175, io mem 0xee0a0000
[    2.150059] ata1: link resume succeeded after 1 retries
[    2.164342] hub 4-0:1.0: USB hub found
[    2.168112] hub 4-0:1.0: 1 port detected
[    2.172444] ohci-platform ee0c0000.usb: Generic Platform OHCI controller
[    2.179160] ohci-platform ee0c0000.usb: new USB bus registered, assigned bus number 5
[    2.187029] ohci-platform ee0c0000.usb: irq 176, io mem 0xee0c0000
[    2.261497] ata1: SATA link down (SStatus 0 SControl 300)
[    2.280313] hub 5-0:1.0: USB hub found
[    2.284085] hub 5-0:1.0: 1 port detected
[    2.288406] ohci-platform ee0e0000.usb: Generic Platform OHCI controller
[    2.295119] ohci-platform ee0e0000.usb: new USB bus registered, assigned bus number 6
[    2.302988] ohci-platform ee0e0000.usb: irq 177, io mem 0xee0e0000
[    2.396324] hub 6-0:1.0: USB hub found
[    2.400091] hub 6-0:1.0: 1 port detected
[    2.404438] ohci-exynos: OHCI Exynos driver
[    2.409287] xhci-hcd ee000000.usb: xHCI Host Controller
[    2.414528] xhci-hcd ee000000.usb: new USB bus registered, assigned bus number 7
[    2.437789] xhci-hcd ee000000.usb: hcc params 0x014051ce hci version 0x100 quirks 0x0000000000830410
[    2.446958] xhci-hcd ee000000.usb: irq 172, io mem 0xee000000
[    2.452826] xhci-hcd ee000000.usb: xHCI Host Controller
[    2.458059] xhci-hcd ee000000.usb: new USB bus registered, assigned bus number 8
[    2.465462] xhci-hcd ee000000.usb: Host supports USB 3.0 SuperSpeed
[    2.472018] hub 7-0:1.0: USB hub found
[    2.475788] hub 7-0:1.0: 1 port detected
[    2.479889] usb usb8: We don't know the algorithms for LPM for this host, disabling LPM.
[    2.488249] hub 8-0:1.0: USB hub found
[    2.492024] hub 8-0:1.0: 1 port detected
[    2.496850] usbcore: registered new interface driver usb-storage
[    2.504551] renesas_usbhs e6590000.usb: host probed
[    2.509444] renesas_usbhs e6590000.usb: no transceiver found
[    2.515169] renesas_usbhs e6590000.usb: gadget probed
[    2.520388] renesas_usbhs e6590000.usb: probed
[    2.525285] renesas_usbhs e659c000.usb: host probed
[    2.530176] renesas_usbhs e659c000.usb: no transceiver found
[    2.535888] renesas_usbhs e659c000.usb: gadget probed
[    2.541092] renesas_usbhs e659c000.usb: probed
[    2.548020] i2c /dev entries driver
[    2.562636] cs2000-cp 2-004f: revision - C1
[    2.566960] i2c-rcar e6510000.i2c: probed
[    2.571817] pca953x 4-0020: supply vcc not found, using dummy regulator
[    2.578532] pca953x 4-0020: using no AI
[    2.583197] gpio-355 (PCIE/SATA switch): hogged as output/low
[    2.595493] i2c-rcar e66d8000.i2c: probed
[    2.600874] adv748x 4-0070: Endpoint /soc/i2c@e66d8000/video-receiver@70/port@7/endpoint on port 7
[    2.609856] adv748x 4-0070: Endpoint /soc/i2c@e66d8000/video-receiver@70/port@8/endpoint on port 8
[    2.618828] adv748x 4-0070: Endpoint /soc/i2c@e66d8000/video-receiver@70/port@a/endpoint on port 10
[    2.627892] adv748x 4-0070: Endpoint /soc/i2c@e66d8000/video-receiver@70/port@b/endpoint on port 11
[    2.637303] adv748x 4-0070: chip found @ 0xe0 revision 2143
[    2.646066] usb 1-1: new high-speed USB device number 2 using ehci-platform
[    2.692791] rcar-csi2 fea80000.csi2: 1 lanes found
[    2.697924] rcar-csi2 feaa0000.csi2: 4 lanes found
[    2.707533] rcar-vin e6ef0000.video: Device registered as video0
[    2.713618] rcar-vin e6ef1000.video: Device registered as video1
[    2.719694] rcar-vin e6ef2000.video: Device registered as video2
[    2.725769] rcar-vin e6ef3000.video: Device registered as video3
[    2.731846] rcar-vin e6ef4000.video: Device registered as video4
[    2.737919] rcar-vin e6ef5000.video: Device registered as video5
[    2.744002] rcar-vin e6ef6000.video: Device registered as video6
[    2.750066] usb 2-1: new high-speed USB device number 2 using ehci-platform
[    2.750096] rcar-vin e6ef7000.video: Device registered as video7
[    2.765735] rcar_gen3_thermal e6198000.thermal: is using pseudo fixed FUSE values
[    2.777331] rcar_gen3_thermal e6198000.thermal: TSC0: Loaded 1 trip points
[    2.787962] rcar_gen3_thermal e6198000.thermal: TSC1: Loaded 1 trip points
[    2.799154] rcar_gen3_thermal e6198000.thermal: TSC2: Loaded 3 trip points
[    2.808267] usb-storage 1-1:1.0: USB Mass Storage device detected
[    2.814731] scsi host1: usb-storage 1-1:1.0
[    2.815203] sdhci: Secure Digital Host Controller Interface driver
[    2.825108] sdhci: Copyright(c) Pierre Ossman
[    2.830357] Synopsys Designware Multimedia Card Interface Driver
[    2.830543] renesas_sdhi_internal_dmac ee140000.mmc: Adding to iommu group 0
[    2.830667] renesas_sdhi_internal_dmac ee100000.mmc: Got CD GPIO
[    2.830722] renesas_sdhi_internal_dmac ee100000.mmc: Got WP GPIO
[    2.831061] renesas_sdhi_internal_dmac ee160000.mmc: Got CD GPIO
[    2.831090] renesas_sdhi_internal_dmac ee160000.mmc: Got WP GPIO
[    2.837724] sdhci-pltfm: SDHCI platform and OF driver helper
[    2.843509] renesas_sdhi_internal_dmac ee140000.mmc: Using IPMMU context 1
[    2.880552] ledtrig-cpu: registered to indicate activity on CPUs
[    2.887594] SMCCC: SOC_ID: ARCH_SOC_ID not implemented, skipping ....
[    2.894657] usbcore: registered new interface driver usbhid
[    2.900237] usbhid: USB HID core driver
[    2.907874] optee: probing for conduit method.
[    2.912343] optee: revision 3.22 (314ecf9d)
[    2.912751] optee driver R-Car Rev.1.0.11
[    2.916001] usb-storage 2-1:1.0: USB Mass Storage device detected
[    2.917249] optee: dynamic shared memory is enabled
[    2.921806] scsi host2: usb-storage 2-1:1.0
[    2.927314] optee: initialized driver
[    2.930137] renesas_sdhi_internal_dmac ee140000.mmc: mmc0 base at 0x00000000ee140000, max clock rate 200 MHz
[    2.963440] rcar_sound ec500000.sound: probed
[    2.968491] NET: Registered protocol family 17
[    2.973060] 9pnet: Installing 9P2000 support
[    2.977388] Key type dns_resolver registered
[    2.982015] registered taskstats version 1
[    2.986125] Loading compiled-in X.509 certificates
[    3.000846] thermal emergency: set temperature to 110 celsius
[    3.001862] mmc0: new HS400 MMC card at address 0001
[    3.006795] thermal emergency: shutdown target cpus 1-7
[    3.012320] mmcblk0: mmc0:0001 BGSD3R 29.1 GiB 
[    3.016808] thermal emergency: freq scaled target cpus 0
[    3.017123] renesas_irqc e61c0000.interrupt-controller: driving 6 irqs
[    3.021758] mmcblk0boot0: mmc0:0001 BGSD3R partition 1 16.0 MiB
[    3.039567] mmcblk0boot1: mmc0:0001 BGSD3R partition 2 16.0 MiB
[    3.045604] mmcblk0rpmb: mmc0:0001 BGSD3R partition 3 4.00 MiB, chardev (509:0)
[    3.054374]  mmcblk0: p1
[    3.074089] ehci-platform ee080100.usb: EHCI Host Controller
[    3.079778] ehci-platform ee080100.usb: new USB bus registered, assigned bus number 9
[    3.087689] ehci-platform ee080100.usb: irq 174, io mem 0xee080100
[    3.106062] ehci-platform ee080100.usb: USB 2.0 started, EHCI 1.10
[    3.112686] hub 9-0:1.0: USB hub found
[    3.116456] hub 9-0:1.0: 1 port detected
[    3.121907] ohci-platform ee080000.usb: Generic Platform OHCI controller
[    3.128639] ohci-platform ee080000.usb: new USB bus registered, assigned bus number 10
[    3.136610] ohci-platform ee080000.usb: irq 174, io mem 0xee080000
[    3.232629] hub 10-0:1.0: USB hub found
[    3.236489] hub 10-0:1.0: 1 port detected
[    3.241823] cpu cpu0: EM: created perf domain
[    3.246734] cpu cpu4: EM: created perf domain
[    3.256724] renesas_sdhi_internal_dmac ee100000.mmc: Got CD GPIO
[    3.258189] renesas_sdhi_internal_dmac ee160000.mmc: Got CD GPIO
[    3.263029] renesas_sdhi_internal_dmac ee100000.mmc: Got WP GPIO
[    3.263415] [drm] Initialized rcar-du 1.0.0 20130110 for feb00000.display on minor 0
[    3.263418] [drm] Device feb00000.display probed
[    3.268848] renesas_sdhi_internal_dmac ee160000.mmc: Got WP GPIO
[    3.324053] renesas_sdhi_internal_dmac ee100000.mmc: mmc1 base at 0x00000000ee100000, max clock rate 200 MHz
[    3.335733] Console: switching to colour frame buffer device 128x48
[    3.338186] usb 3-1: new high-speed USB device number 2 using ehci-platform
[    3.342332] renesas_sdhi_internal_dmac ee160000.mmc: mmc2 base at 0x00000000ee160000, max clock rate 200 MHz
[    3.387488] rcar-du feb00000.display: [drm] fb0: rcar-dudrmfb frame buffer device
[    3.399979] input: keys as /devices/platform/keys/input/input0
[    3.481894] Micrel KSZ9031 Gigabit PHY e6800000.ethernet-ffffffff:00: attached PHY driver [Micrel KSZ9031 Gigabit PHY] (mii_bus:phy_addr=e6800000.ethernet-ffffffff:00, irq=183)
[    3.498402] usb-storage 3-1:1.0: USB Mass Storage device detected
[    3.505343] scsi host3: usb-storage 3-1:1.0
[    3.839999] scsi 1:0:0:0: Direct-Access     SanDisk  Ultra            1.00 PQ: 0 ANSI: 6
[    3.849797] sd 1:0:0:0: [sda] 121307136 512-byte logical blocks: (62.1 GB/57.8 GiB)
[    3.858893] sd 1:0:0:0: [sda] Write Protect is off
[    3.864897] sd 1:0:0:0: [sda] Write cache: disabled, read cache: enabled, doesn't support DPO or FUA
[    3.886444]  sda: sda1
[    3.893043] sd 1:0:0:0: [sda] Attached SCSI removable disk
[    3.935208] scsi 2:0:0:0: Direct-Access     SanDisk  Ultra            1.00 PQ: 0 ANSI: 6
[    3.946015] sd 2:0:0:0: [sdb] 121307136 512-byte logical blocks: (62.1 GB/57.8 GiB)
[    3.955207] sd 2:0:0:0: [sdb] Write Protect is off
[    3.964912] sd 2:0:0:0: [sdb] Write cache: disabled, read cache: enabled, doesn't support DPO or FUA
[    3.988724]  sdb: sdb1 sdb2
[    3.998556] sd 2:0:0:0: [sdb] Attached SCSI removable disk
[    4.434114] usb 9-1: new high-speed USB device number 2 using ehci-platform
[    4.511807] scsi 3:0:0:0: Direct-Access     SanDisk  Extreme Pro      0    PQ: 0 ANSI: 6
[    4.525399] sd 3:0:0:0: [sdc] 250085376 512-byte logical blocks: (128 GB/119 GiB)
[    4.538294] sd 3:0:0:0: [sdc] Write Protect is off
[    4.548460] sd 3:0:0:0: [sdc] Write cache: enabled, read cache: enabled, doesn't support DPO or FUA
[    4.567338]  sdc: sdc1
[    4.577309] sd 3:0:0:0: [sdc] Attached SCSI removable disk
[    4.600785] usb-storage 9-1:1.0: USB Mass Storage device detected
[    4.610013] scsi host4: usb-storage 9-1:1.0
[    5.631268] scsi 4:0:0:0: Direct-Access     SanDisk  Extreme Pro      0    PQ: 0 ANSI: 6
[    5.644271] sd 4:0:0:0: [sdd] 250085376 512-byte logical blocks: (128 GB/119 GiB)
[    5.657239] sd 4:0:0:0: [sdd] Write Protect is off
[    5.667440] sd 4:0:0:0: [sdd] Write cache: enabled, read cache: enabled, doesn't support DPO or FUA
[    5.686783]  sdd: sdd1
[    5.695947] sd 4:0:0:0: [sdd] Attached SCSI removable disk
[   13.691451] ravb e6800000.ethernet eth0: Link is Up - 1Gbps/Full - flow control off
[   13.714099] IP-Config: Guessing netmask 255.255.255.0
[   13.723691] IP-Config: Complete:
[   13.731354]      device=eth0, hwaddr=2e:09:0a:02:ec:37, ipaddr=192.168.10.167, mask=255.255.255.0, gw=255.255.255.255
[   13.746611]      host=192.168.10.167, domain=, nis-domain=(none)
[   13.757250]      bootserver=255.255.255.255, rootserver=192.168.10.99, rootpath=
[   13.757880] ALSA device list:
[   13.776472]   No soundcards found.
[   14.841120] VFS: Mounted root (nfs4 filesystem) on device 0:22.
[   14.852845] devtmpfs: mounted
[   14.863864] Freeing unused kernel memory: 6144K
[   14.898205] Run /sbin/init as init process
[   15.077325] systemd[1]: System time before build time, advancing clock.
[   15.390468] random: crng init done
[   15.450986] NET: Registered protocol family 10
[   15.457047] Segment Routing with IPv6
[   15.477900] systemd[1]: systemd 244 running in system mode. (+PAM -AUDIT -SELINUX +IMA -APPARMOR -SMACK +SYSVINIT +UTMP -LIBCRYPTSETUP -GCRYPT -GNUTLS +ACL +XZ -LZ4 -SECCOMP +BLKID -ELFUTILS +KMOD -IDN2 -IDN -PCRE2 default-hierarchy=hybrid)
[   15.501435] systemd[1]: Detected architecture arm64.

Welcome to [1mPoky (Yocto Project Reference Distro) 3.1.11 (dunfell)[0m!

[   15.536066] systemd[1]: Set hostname to <salvator-x>.
[   16.299560] systemd[1]: system-getty.slice: unit configures an IP firewall, but the local system does not support BPF/cgroup firewalling.
[   16.320984] systemd[1]: (This warning is only shown for the first unit using IP firewalling.)
[   16.335341] systemd[1]: Created slice system-getty.slice.
[[0;32m  OK  [0m] Created slice [0;1;39msystem-getty.slice[0m.
[   16.359070] systemd[1]: Created slice system-serial\x2dgetty.slice.
[[0;32m  OK  [0m] Created slice [0;1;39msystem-serial\x2dgetty.slice[0m.
[   16.383312] systemd[1]: Created slice User and Session Slice.
[[0;32m  OK  [0m] Created slice [0;1;39mUser and Session Slice[0m.
[   16.406506] systemd[1]: Started Dispatch Password Requests to Console Directory Watch.
[[0;32m  OK  [0m] Started [0;1;39mDispatch Password â€¦ts to Console Directory Watch[0m.
[   16.434459] systemd[1]: Started Forward Password Requests to Wall Directory Watch.
[[0;32m  OK  [0m] Started [0;1;39mForward Password Râ€¦uests to Wall Directory Watch[0m.
[   16.462363] systemd[1]: Reached target Paths.
[[0;32m  OK  [0m] Reached target [0;1;39mPaths[0m.
[   16.486245] systemd[1]: Reached target Remote File Systems.
[[0;32m  OK  [0m] Reached target [0;1;39mRemote File Systems[0m.
[   16.510214] systemd[1]: Reached target Slices.
[[0;32m  OK  [0m] Reached target [0;1;39mSlices[0m.
[   16.534231] systemd[1]: Reached target Swap.
[[0;32m  OK  [0m] Reached target [0;1;39mSwap[0m.
[   16.560776] systemd[1]: Listening on RPCbind Server Activation Socket.
[[0;32m  OK  [0m] Listening on [0;1;39mRPCbind Server Activation Socket[0m.
[   16.590282] systemd[1]: Reached target RPC Port Mapper.
[[0;32m  OK  [0m] Reached target [0;1;39mRPC Port Mapper[0m.
[   16.614565] systemd[1]: Listening on initctl Compatibility Named Pipe.
[[0;32m  OK  [0m] Listening on [0;1;39minitctl Compatibility Named Pipe[0m.
[   16.643957] systemd[1]: Listening on Journal Audit Socket.
[[0;32m  OK  [0m] Listening on [0;1;39mJournal Audit Socket[0m.
[   16.671679] systemd[1]: Listening on Journal Socket (/dev/log).
[[0;32m  OK  [0m] Listening on [0;1;39mJournal Socket (/dev/log)[0m.
[   16.698900] systemd[1]: Listening on Journal Socket.
[[0;32m  OK  [0m] Listening on [0;1;39mJournal Socket[0m.
[   16.723901] systemd[1]: Listening on Network Service Netlink Socket.
[[0;32m  OK  [0m] Listening on [0;1;39mNetwork Service Netlink Socket[0m.
[   16.752266] systemd[1]: Listening on udev Control Socket.
[[0;32m  OK  [0m] Listening on [0;1;39mudev Control Socket[0m.
[   16.778701] systemd[1]: Listening on udev Kernel Socket.
[[0;32m  OK  [0m] Listening on [0;1;39mudev Kernel Socket[0m.
[   16.807556] systemd[1]: Mounting Huge Pages File System...
         Mounting [0;1;39mHuge Pages File System[0m...
[   16.835330] systemd[1]: Mounting POSIX Message Queue File System...
         Mounting [0;1;39mPOSIX Message Queue File System[0m...
[   16.867298] systemd[1]: Mounting Kernel Debug File System...
         Mounting [0;1;39mKernel Debug File System[0m...
[   16.897503] systemd[1]: Mounting Temporary Directory (/tmp)...
         Mounting [0;1;39mTemporary Directory (/tmp)[0m...
[   16.928127] systemd[1]: Starting Create list of static device nodes for the current kernel...
         Starting [0;1;39mCreate list of stâ€¦odes for the current kernel[0m...
[   16.963154] systemd[1]: Starting Start psplash boot splash screen...
         Starting [0;1;39mStart psplash boot splash screen[0m...
[   16.996883] systemd[1]: Starting RPC Bind...
         Starting [0;1;39mRPC Bind[0m...
[   17.026886] systemd[1]: Condition check resulted in File System Check on Root Device being skipped.
[   17.042515] systemd[1]: Starting Journal Service...
         Starting [0;1;39mJournal Service[0m...
[   17.070382] systemd[1]: Starting Load Kernel Modules...
         Starting [0;1;39mLoad Kernel Modules[0m...
[   17.094839] systemd[1]: Starting Remount Root and Kernel File Systems...
         Starting [0;1;39mRemount Root and Kernel File Systems[0m...
[   17.122921] systemd[1]: Starting udev Coldplug all Devices...
         Starting [0;1;39mudev Coldplug all Devices[0m...
[   17.147084] systemd[1]: Started Start psplash boot splash screen.
[[0;32m  OK  [0m] Started [0;1;39mStart psplash boot splash screen[0m.
[   17.174915] systemd[1]: Started RPC Bind.
[[0;32m  OK  [0m] Started [0;1;39mRPC Bind[0m.
[   17.194741] systemd[1]: Started Journal Service.
[[0;32m  OK  [0m] Started [0;1;39mJournal Service[0m.
[[0;32m  OK  [0m] Mounted [0;1;39mHuge Pages File System[0m.
[[0;32m  OK  [0m] Mounted [0;1;39mPOSIX Message Queue File System[0m.
[[0;32m  OK  [0m] Mounted [0;1;39mKernel Debug File System[0m.
[[0;32m  OK  [0m] Mounted [0;1;39mTemporary Directory (/tmp)[0m.
[[0;32m  OK  [0m] Started [0;1;39mCreate list of staâ€¦ nodes for the current kernel[0m.
[[0;32m  OK  [0m] Started [0;1;39mLoad Kernel Modules[0m.
[[0;32m  OK  [0m] Started [0;1;39mRemount Root and Kernel File Systems[0m.
         Mounting [0;1;39mKernel Configuration File System[0m...
[[0;32m  OK  [0m] Started [0;1;39mStart psplash-systâ€¦progress communication helper[0m.
         Starting [0;1;39mFlush Journal to Persistent Storage[0m...
[   17.427472] systemd-journald[355]: Received client request to flush runtime journal.
         Starting [0;1;39mApply Kernel Variables[0m...
         Starting [0;1;39mCreate Static Device Nodes in /dev[0m...
[[0;32m  OK  [0m] Mounted [0;1;39mKernel Configuration File System[0m.
[[0;32m  OK  [0m] Started [0;1;39mFlush Journal to Persistent Storage[0m.
[[0;32m  OK  [0m] Started [0;1;39mApply Kernel Variables[0m.
[[0;32m  OK  [0m] Started [0;1;39mCreate Static Device Nodes in /dev[0m.
[[0;32m  OK  [0m] Reached target [0;1;39mLocal File Systems (Pre)[0m.
         Mounting [0;1;39m/var/volatile[0m...
         Starting [0;1;39mudev Kernel Device Manager[0m...
[[0;32m  OK  [0m] Started [0;1;39mudev Coldplug all Devices[0m.
[[0;32m  OK  [0m] Mounted [0;1;39m/var/volatile[0m.
         Starting [0;1;39mLoad/Save Random Seed[0m...
[[0;32m  OK  [0m] Reached target [0;1;39mLocal File Systems[0m.
         Starting [0;1;39mCreate Volatile Files and Directories[0m...
[[0;32m  OK  [0m] Started [0;1;39mLoad/Save Random Seed[0m.
[[0;32m  OK  [0m] Started [0;1;39mudev Kernel Device Manager[0m.
         Starting [0;1;39mNetwork Service[0m...
[[0;32m  OK  [0m] Started [0;1;39mCreate Volatile Files and Directories[0m.
         Starting [0;1;39mNetwork Time Synchronization[0m...
         Starting [0;1;39mUpdate UTMP about System Boot/Shutdown[0m...
[[0;32m  OK  [0m] Started [0;1;39mNetwork Service[0m.
         Starting [0;1;39mNetwork Name Resolution[0m...
[[0;32m  OK  [0m] Started [0;1;39mUpdate UTMP about System Boot/Shutdown[0m.
[[0;32m  OK  [0m] Started [0;1;39mNetwork Time Synchronization[0m.
[[0;32m  OK  [0m] Reached target [0;1;39mSystem Initialization[0m.
[   18.040090] pwm-backlight: probe of backlight failed with error -16
[[0;32m  OK  [0m] Started [0;1;39mDaily Cleanup of Temporary Directories[0m.
[[0;32m  OK  [0m] Reached target [0;1;39mSystem Time Set[0m.
[[0;32m  OK  [0m] Reached target [0;1;39mSystem Time Synchronized[0m.
[[0;32m  OK  [0m] Reached target [0;1;39mTimers[0m.
[   18.116414] at24 7-0050: supply vcc not found, using dummy regulator
[   18.129568] at24 7-0050: 128 byte br24t01 EEPROM, writable, 8 bytes/write
[[0;32m  OK  [0m] Listening on [0;1;39mAvahi mDNS/DNS-SD Stack Activation Socket[0m.
[[0;32m  OK  [0m] Listening on [0;1;39mD-Bus System Message Bus Socket[0m.
[[0;32m  OK  [0m] Listening on [0;1;39mdropbear.socket[0m.
[[0;32m  OK  [0m] Reac[   18.203777] ccree e6601000.crypto: ARM CryptoCell 630P Driver: HW version 0xAF400001/0xDCC63000, Driver version 5.0
hed target [0;1;39mSockets[0m.
[   18.220834] ccree e6601000.crypto: ARM ccree device initialized
[   18.233220] renesas_usb3 ee020000.usb: probed with phy
[[0;32m  OK  [0m] Reached target [0;1;39mBasic System[0m.
[[0;32m  OK  [0m] Started [0;1;39mD-Bus System Message Bus[0m.
[[0;32m  OK  [0m] Started [0;1;39moptee services[0m.
         Starting [0;1;39mpvrinit.service[0m...
         Starting [0;1;39mPowerVR consumer services[0m...
         Starting [0;1;39mLogin Service[0m...
[[0;32m  OK  [0m] Started [0;1;39mNetwork Name Resolution[0m.
[[0;1;31mFAILED[0m] Failed to start [0;1;39mpvrinit.service[0m.
See 'systemctl status pvrinit.service' for details.
[[0;1;31mFAILED[0m] Failed to start [0;1;39mPowerVR consumer services[0m.
See 'systemctl status rc.pvr.service' for details.
[[0;1;38;5;185mDEPEND[0m] Dependency failed for [0;1;39mWeston Wayland Compositor[0m.
[[0;32m  OK  [0m] Started [0;1;39mLogin Service[0m.
[[0;32m  OK  [0m] Created slice [0;1;39msystem-weston.slice[0m.
[[0;32m  OK  [0m] Reached target [0;1;39mNetwork[0m.
[[0;32m  OK  [0m] Reached target [0;1;39mHost and Network Name Lookups[0m.
[[0;32m  OK  [0m] Reached target [0;1;39mHardware activated USB gadget[0m.
         Starting [0;1;39mAvahi mDNS/DNS-SD Stack[0m...
         Starting [0;1;39mset_default_governor.service[0m...
         Starting [0;1;39mPermit User Sessions[0m...
[[0;32m  OK  [0m] Started [0;1;39mXinetd A Powerful Replacement For Inetd[0m.
[   18.874406] rd 0-7: Disabling EAS, schedutil is mandatory
[[0;32m  OK  [0m] Started [0;1;39mPermit User Sessions[0m.
[[0;32m  OK  [0m] Started [0;1;39mAvahi mDNS/DNS-SD Stack[0m.
[[0;32m  OK  [0m] Started [0;1;39mset_default_governor.service[0m.
[[0;32m  OK  [0m] Started [0;1;39mGetty on tty1[0m.
[[0;32m  OK  [0m] Started [0;1;39mSerial Getty on ttySC0[0m.
[[0;32m  OK  [0m] Reached target [0;1;39mLogin Prompts[0m.
[[0;32m  OK  [0m] Reached target [0;1;39mMulti-User System[0m.
         Starting [0;1;39mUpdate UTMP about System Runlevel Changes[0m...
[[0;32m  OK  [0m] Started [0;1;39mUpdate UTMP about System Runlevel Changes[0m.

Poky (Yocto Project Reference Distro) 3.1.11 salvator-x ttySC0

salvator-x login: 
salvator-x login: root
[   20.713261] audit: type=1006 audit(1703064537.632:2): pid=530 uid=0 old-auid=4294967295 auid=0 tty=(none) old-ses=4294967295 ses=1 res=1
7[r[999;999H[6n8root@salvator-x:~# 
root@salvator-x:~# 
root@salvator-x:~# 
root@salvator-x:~# 
root@salvator-x:~# 
root@salvator-x:~# 
root@salvator-x:~# 
root@salvator-x:~# 
root@salvator-x:~# 
----------Prepare----------


root@salvator-x:~# dd if=/dev/urandom of=testdata bs=10M count=5
5+0 records in
5+0 records out
52428800 bytes (52 MB, 50 MiB) copied, 1.3726 s, 38.2 MB/s
root@salvator-x:~# 
root@salvator-x:~# find /sys/devices/platform/soc/ee0a0100.usb/ -name 'sd*'
/sys/devices/platform/soc/ee0a0100.usb/usb1/1-1/1-1:1.0/host1/target1:0:0/1:0:0:0/block/sda
/sys/devices/platform/soc/ee0a0100.usb/usb1/1-1/1-1:1.0/host1/target1:0:0/1:0:0:0/block/sda/sda1
root@salvator-x:~# 
root@salvator-x:~# mkdir -p /mnt/usb0
root@salvator-x:~# 
root@salvator-x:~# mount /dev/sda1 /mnt/usb0
[   32.871050] EXT4-fs (sda1): mounted filesystem with ordered data mode. Opts: (null)
root@salvator-x:~# 
root@salvator-x:~# cp testdata /mnt/usb0/
root@salvator-x:~# 
root@salvator-x:~# umount /mnt/usb0
root@salvator-x:~# 
root@salvator-x:~# find /sys/devices/platform/soc/ee0c0100.usb/ -name 'sd*'
/sys/devices/platform/soc/ee0c0100.usb/usb2/2-1/2-1:1.0/host2/target2:0:0/2:0:0:0/block/sdb
/sys/devices/platform/soc/ee0c0100.usb/usb2/2-1/2-1:1.0/host2/target2:0:0/2:0:0:0/block/sdb/sdb2
/sys/devices/platform/soc/ee0c0100.usb/usb2/2-1/2-1:1.0/host2/target2:0:0/2:0:0:0/block/sdb/sdb1
root@salvator-x:~# 
root@salvator-x:~# mkdir -p /mnt/usb1
root@salvator-x:~# 
root@salvator-x:~# mount /dev/sdb2 /mnt/usb1
[   39.505400] EXT4-fs (sdb2): mounted filesystem with ordered data mode. Opts: (null)
root@salvator-x:~# 
root@salvator-x:~# cp testdata /mnt/usb1/
root@salvator-x:~# 
root@salvator-x:~# umount /mnt/usb1
root@salvator-x:~# 
root@salvator-x:~# [   43.998117] SDHI0 VccQ: disabling
[   44.001511] SDHI3 VccQ: disabling

root@salvator-x:~# find /sys/devices/platform/soc/ee0e0100.usb/ -name 'sd*'
/sys/devices/platform/soc/ee0e0100.usb/usb3/3-1/3-1:1.0/host3/target3:0:0/3:0:0:0/block/sdc
/sys/devices/platform/soc/ee0e0100.usb/usb3/3-1/3-1:1.0/host3/target3:0:0/3:0:0:0/block/sdc/sdc1
root@salvator-x:~# 
root@salvator-x:~# mkdir -p /mnt/usb2
root@salvator-x:~# 
root@salvator-x:~# mount /dev/sdc1 /mnt/usb2
[   55.752490] EXT4-fs (sdc1): mounted filesystem with ordered data mode. Opts: (null)
root@salvator-x:~# 
root@salvator-x:~# cp testdata /mnt/usb2/
root@salvator-x:~# 
root@salvator-x:~# umount /mnt/usb2
root@salvator-x:~# 
root@salvator-x:~# find /sys/devices/platform/soc/ee080100.usb/ -name 'sd*'
/sys/devices/platform/soc/ee080100.usb/usb9/9-1/9-1:1.0/host4/target4:0:0/4:0:0:0/block/sdd
/sys/devices/platform/soc/ee080100.usb/usb9/9-1/9-1:1.0/host4/target4:0:0/4:0:0:0/block/sdd/sdd1
root@salvator-x:~# 
root@salvator-x:~# mkdir -p /mnt/usb3
root@salvator-x:~# 
root@salvator-x:~# mount /dev/sdd1 /mnt/usb3
[   62.392209] EXT4-fs (sdd1): mounted filesystem with ordered data mode. Opts: (null)
root@salvator-x:~# 
root@salvator-x:~# cp testdata /mnt/usb3/
root@salvator-x:~# 
root@salvator-x:~# umount /mnt/usb3
root@salvator-x:~# 
root@salvator-x:~# find /sys/devices/platform/soc/ee0a0100.usb/ -name 'sd*'
/sys/devices/platform/soc/ee0a0100.usb/usb1/1-1/1-1:1.0/host1/target1:0:0/1:0:0:0/block/sda
/sys/devices/platform/soc/ee0a0100.usb/usb1/1-1/1-1:1.0/host1/target1:0:0/1:0:0:0/block/sda/sda1
root@salvator-x:~# 
root@salvator-x:~# find /sys/devices/platform/soc/ee0c0100.usb/ -name 'sd*'
/sys/devices/platform/soc/ee0c0100.usb/usb2/2-1/2-1:1.0/host2/target2:0:0/2:0:0:0/block/sdb
/sys/devices/platform/soc/ee0c0100.usb/usb2/2-1/2-1:1.0/host2/target2:0:0/2:0:0:0/block/sdb/sdb2
/sys/devices/platform/soc/ee0c0100.usb/usb2/2-1/2-1:1.0/host2/target2:0:0/2:0:0:0/block/sdb/sdb1
root@salvator-x:~# 
root@salvator-x:~# find /sys/devices/platform/soc/ee0e0100.usb/ -name 'sd*'
/sys/devices/platform/soc/ee0e0100.usb/usb3/3-1/3-1:1.0/host3/target3:0:0/3:0:0:0/block/sdc
/sys/devices/platform/soc/ee0e0100.usb/usb3/3-1/3-1:1.0/host3/target3:0:0/3:0:0:0/block/sdc/sdc1
root@salvator-x:~# 
root@salvator-x:~# find /sys/devices/platform/soc/ee080100.usb/ -name 'sd*'
/sys/devices/platform/soc/ee080100.usb/usb9/9-1/9-1:1.0/host4/target4:0:0/4:0:0:0/block/sdd
/sys/devices/platform/soc/ee080100.usb/usb9/9-1/9-1:1.0/host4/target4:0:0/4:0:0:0/block/sdd/sdd1
root@salvator-x:~# 
root@salvator-x:~# i2cset -f -y 7 0x30 0x20 0x0f
root@salvator-x:~# 

Switch SW23 off and input 'yes' to continue:
Input 'yes' to continue: 
Input 'yes' to continue: 

root@salvator-x:~# echo N > /sys/module/printk/parameters/console_suspend
root@salvator-x:~# 
root@salvator-x:~# mount /dev/sda1 /mnt/usb0
[   82.258998] EXT4-fs (sda1): mounted filesystem with ordered data mode. Opts: (null)
root@salvator-x:~# 
root@salvator-x:~# cp /mnt/usb0/testdata testdata_from_usb0 &
[1] 578
root@salvator-x:~# 
root@salvator-x:~# mount /dev/sdb2 /mnt/usb1
[   83.622451] EXT4-fs (sdb2): mounted filesystem with ordered data mode. Opts: (null)
root@salvator-x:~# 
root@salvator-x:~# cp /mnt/usb1/testdata testdata_from_usb1 &
[2] 582
root@salvator-x:~# 
root@salvator-x:~# mount /dev/sdc1 /mnt/usb2
[   84.963841] EXT4-fs (sdc1): mounted filesystem with ordered data mode. Opts: (null)
root@salvator-x:~# 
root@salvator-x:~# cp /mnt/usb2/testdata testdata_from_usb2 &
[3] 587
root@salvator-x:~# 
[1]   Done                    cp /mnt/usb0/testdata testdata_from_usb0
root@salvator-x:~# mount /dev/sdd1 /mnt/usb3
[   86.318758] EXT4-fs (sdd1): mounted filesystem with ordered data mode. Opts: (null)
root@salvator-x:~# 
root@salvator-x:~# cp /mnt/usb3/testdata testdata_from_usb3 &
[4] 591
root@salvator-x:~# 
[2]   Done                    cp /mnt/usb1/testdata testdata_from_usb1
root@salvator-x:~# echo mem > /sys/power/state
[   87.738753] PM: suspend entry (deep)
[   89.058756] Filesystems sync: 1.316 seconds
[   89.065411] Freezing user space processes ... (elapsed 0.425 seconds) done.
[   89.497561] OOM killer disabled.
[   89.500804] Freezing remaining freezable tasks ... (elapsed 0.165 seconds) done.
[   89.690113] sd 4:0:0:0: [sdd] Synchronizing SCSI cache
[   89.695445] sd 3:0:0:0: [sdc] Synchronizing SCSI cache
[   90.050292] ravb e6800000.ethernet eth0: Link is Down
[   90.066341] Disabling non-boot CPUs ...
[   90.070767] CPU1: shutdown
[   90.073479] psci: CPU1 killed (polled 0 ms)
[   90.079366] CPU2: shutdown
[   90.082093] psci: CPU2 killed (polled 0 ms)
[   90.087654] CPU3: shutdown
[   90.090396] psci: CPU3 killed (polled 0 ms)
[   90.096344] CPU4: shutdown
[   90.099073] psci: CPU4 killed (polled 0 ms)
[   90.104721] CPU5: shutdown
[   90.107480] psci: CPU5 killed (polled 0 ms)
[   90.113035] CPU6: shutdown
[   90.115793] psci: CPU6 killed (polled 0 ms)
[   90.121590] CPU7: shutdown
[   90.124352] psci: CPU7 killed (polled 0 ms)
 
 Switch power switch: 

NOTICE:  BL2: R-Car Gen3 Initial Program Loader(CA57) Rev.4.0.0
NOTICE:  BL2: PRR is R-Car H3 Ver.3.0
NOTICE:  BL2: Board is Salvator-XS Rev.1.0
NOTICE:  BL2: Boot device is HyperFlash(160MHz)
NOTICE:  BL2: LCM state is CM
NOTICE:  AVS setting succeeded. DVFS_SetVID=0x53
NOTICE:  BL2: DDR3200(rev.0.42)
NOTICE:  BL2: [WARM_BOOT]
NOTICE:  BL2: DRAM Split is 4ch(DDR f)
NOTICE:  BL2: QoS is default setting(rev.0.11)
NOTICE:  BL2: DRAM refresh interval 1.95 usec
NOTICE:  BL2: Periodic Write DQ Training
NOTICE:  BL2: CH0: 400000000 - 47fffffff, 2 GiB
NOTICE:  BL2: CH1: 500000000 - 57fffffff, 2 GiB
NOTICE:  BL2: CH2: 600000000 - 67fffffff, 2 GiB
NOTICE:  BL2: CH3: 700000000 - 77fffffff, 2 GiB
NOTICE:  BL2: Lossy Decomp areas
NOTICE:       Entry 0: DCMPAREACRAx:0x80000540 DCMPAREACRBx:0x570
NOTICE:       Entry 1: DCMPAREACRAx:0x40000000 DCMPAREACRBx:0x0
NOTICE:       Entry 2: DCMPAREACRAx:0x20000000 DCMPAREACRBx:0x0
NOTICE:  BL2: FDT at 0xe6327f70
NOTICE:  BL2: v2.9(release):9cdb21f75
NOTICE:  BL2: Built : 05:25:39, Dec 19 2023
NOTICE:  BL2: Normal boot
[   90.129495] Enabling non-boot CPUs ...
[   90.133538] Detected PIPT I-cache on CPU1
[   90.133592] CPU1: Booted secondary processor 0x0000000001 [0x411fd073]
[   90.134096] CPU1 is up
[   90.147132] Detected PIPT I-cache on CPU2
[   90.147155] CPU2: Booted secondary processor 0x0000000002 [0x411fd073]
[   90.147421] CPU2 is up
[   90.160438] Detected PIPT I-cache on CPU3
[   90.160461] CPU3: Booted secondary processor 0x0000000003 [0x411fd073]
[   90.160744] CPU3 is up
[   90.173807] Detected VIPT I-cache on CPU4
[   90.173859] CPU4: Booted secondary processor 0x0000000100 [0x410fd034]
[   90.174783] CPU4 is up
[   90.187796] Detected VIPT I-cache on CPU5
[   90.187829] CPU5: Booted secondary processor 0x0000000101 [0x410fd034]
[   90.188394] CPU5 is up
[   90.201398] Detected VIPT I-cache on CPU6
[   90.201431] CPU6: Booted secondary processor 0x0000000102 [0x410fd034]
[   90.202170] CPU6 is up
[   90.215179] Detected VIPT I-cache on CPU7
[   90.215212] CPU7: Booted secondary processor 0x0000000103 [0x410fd034]
[   90.215897] CPU7 is up
[   90.288681] xhci-hcd ee000000.usb: xHC error in resume, USBSTS 0x401, Reinit
[   90.295727] usb usb7: root hub lost power or was reset
[   90.300846] usb usb8: root hub lost power or was reset
[   90.409017] Micrel KSZ9031 Gigabit PHY e6800000.ethernet-ffffffff:00: attached PHY driver [Micrel KSZ9031 Gigabit PHY] (mii_bus:phy_addr=e6800000.ethernet-ffffffff:00, irq=183)
[   90.524278] usb usb4: root hub lost power or was reset
[   90.529578] usb usb1: root hub lost power or was reset
[   90.616133] usb usb5: root hub lost power or was reset
[   90.621406] usb usb2: root hub lost power or was reset
[   90.708044] usb usb6: root hub lost power or was reset
[   90.713316] usb usb3: root hub lost power or was reset
[   90.828128] usb usb10: root hub lost power or was reset
[   90.833391] usb usb9: root hub lost power or was reset
[   90.850041] ata1: link resume succeeded after 1 retries
[   90.961562] ata1: SATA link down (SStatus 0 SControl 300)
[   91.190039] usb 1-1: reset high-speed USB device number 2 using ehci-platform
[   91.342183] usb 2-1: reset high-speed USB device number 2 using ehci-platform
[   91.998122] usb 3-1: reset high-speed USB device number 2 using ehci-platform
[   92.114116] usb 9-1: reset high-speed USB device number 2 using ehci-platform
[   92.283857] OOM killer enabled.
[   92.287681] Restarting tasks ... done.
[3]-  Done                    cp /mnt/usb2/testdata testdata_from_usb2
[4]+  Done                    cp[   92.293384] PM: suspend exit
 /mnt/usb3/testdata testdata_from_usb3
root@salvator-x:~# [   96.957947] ravb e6800000.ethernet eth0: Link is Up - 1Gbps/Full - flow control off

root@salvator-x:~# echo "Wake up sucessfully"
Wake up sucessfully
root@salvator-x:~# 
root@salvator-x:~# wait
root@salvator-x:~# 
root@salvator-x:~# sync
root@salvator-x:~# 
root@salvator-x:~# find /sys/devices/platform/soc/ee0a0100.usb/ -name 'sd*'
/sys/devices/platform/soc/ee0a0100.usb/usb1/1-1/1-1:1.0/host1/target1:0:0/1:0:0:0/block/sda
/sys/devices/platform/soc/ee0a0100.usb/usb1/1-1/1-1:1.0/host1/target1:0:0/1:0:0:0/block/sda/sda1
root@salvator-x:~# 
root@salvator-x:~# cmp testdata testdata_from_usb0
root@salvator-x:~# 
root@salvator-x:~# umount /mnt/usb0
root@salvator-x:~# 
root@salvator-x:~# find /sys/devices/platform/soc/ee0c0100.usb/ -name 'sd*'
/sys/devices/platform/soc/ee0c0100.usb/usb2/2-1/2-1:1.0/host2/target2:0:0/2:0:0:0/block/sdb
/sys/devices/platform/soc/ee0c0100.usb/usb2/2-1/2-1:1.0/host2/target2:0:0/2:0:0:0/block/sdb/sdb2
/sys/devices/platform/soc/ee0c0100.usb/usb2/2-1/2-1:1.0/host2/target2:0:0/2:0:0:0/block/sdb/sdb1
root@salvator-x:~# 
root@salvator-x:~# cmp testdata testdata_from_usb1
root@salvator-x:~# 
root@salvator-x:~# umount /mnt/usb1
root@salvator-x:~# 
root@salvator-x:~# find /sys/devices/platform/soc/ee0e0100.usb/ -name 'sd*'
/sys/devices/platform/soc/ee0e0100.usb/usb3/3-1/3-1:1.0/host3/target3:0:0/3:0:0:0/block/sdc
/sys/devices/platform/soc/ee0e0100.usb/usb3/3-1/3-1:1.0/host3/target3:0:0/3:0:0:0/block/sdc/sdc1
root@salvator-x:~# 
root@salvator-x:~# cmp testdata testdata_from_usb2
root@salvator-x:~# 
root@salvator-x:~# umount /mnt/usb2
root@salvator-x:~# 
root@salvator-x:~# find /sys/devices/platform/soc/ee080100.usb/ -name 'sd*'
/sys/devices/platform/soc/ee080100.usb/usb9/9-1/9-1:1.0/host4/target4:0:0/4:0:0:0/block/sdd
/sys/devices/platform/soc/ee080100.usb/usb9/9-1/9-1:1.0/host4/target4:0:0/4:0:0:0/block/sdd/sdd1
root@salvator-x:~# 
root@salvator-x:~# cmp testdata testdata_from_usb3
root@salvator-x:~# 
root@salvator-x:~# umount /mnt/usb3
root@salvator-x:~# 
 
#### Result: OK ####
