

----------Item 14----------


Please press switch to restart board 

[F 00:00:120
[F 00:00:119
[F 00:00:118
NOTICE:  BL2: R-Car Gen3 Initial Program Loader(CA57) Rev.4.0.0
NOTICE:  BL2: PRR is R-Car H3 Ver.3.0
NOTICE:  BL2: Board is Salvator-XS Rev.1.0
NOTICE:  BL2: Boot device is HyperFlash(160MHz)
NOTICE:  BL2: LCM state is CM
NOTICE:  AVS setting succeeded. DVFS_SetVID=0x53
NOTICE:  BL2: DDR3200(rev.0.42)
NOTICE:  BL2: [COLD_BOOT]
NOTICE:  BL2: DRAM Split is 4ch(DDR f)
NOTICE:  BL2: QoS is default setting(rev.0.11)
NOTICE:  BL2: DRAM refresh interval 1.95 usec
NOTICE:  BL2: Periodic Write DQ Training
NOTICE:  BL2: CH0: 400000000 - 47fffffff, 2 GiB
NOTICE:  BL2: CH1: 500000000 - 57fffffff, 2 GiB
NOTICE:  BL2: CH2: 600000000 - 67fffffff, 2 GiB
NOTICE:  BL2: CH3: 700000000 - 77fffffff, 2 GiB
NOTICE:  BL2: Lossy Decomp areas
NOTICE:       Entry 0: DCMPAREACRAx:0x80000540 DCMPAREACRBx:0x570
NOTICE:       Entry 1: DCMPAREACRAx:0x40000000 DCMPAREACRBx:0x0
NOTICE:       Entry 2: DCMPAREACRAx:0x20000000 DCMPAREACRBx:0x0
NOTICE:  BL2: FDT at 0xe6327f70
NOTICE:  BL2: v2.9(release):9cdb21f75
NOTICE:  BL2: Built : 05:25:39, Dec 19 2023
NOTICE:  BL2: Normal boot
NOTICE:  BL2: dst=0xe6327800 src=0x8180000 len=512(0x200)
NOTICE:  BL2: dst=0x43f00000 src=0x8180400 len=6144(0x1800)
NOTICE:  rcar_file_len: len: 0x0003e000
NOTICE:  BL2: dst=0x44000000 src=0x81c0000 len=253952(0x3e000)
NOTICE:  rcar_file_len: len: 0x00200000
NOTICE:  BL2: dst=0x44100000 src=0x8200000 len=2097152(0x200000)
NOTICE:  rcar_file_len: len: 0x00100000
NOTICE:  BL2: dst=0x50000000 src=0x8640000 len=1048576(0x100000)
NOTICE:  BL2: Booting BL31


U-Boot 2020.10 (Dec 19 2023 - 14:30:40 +0000)

CPU: Renesas Electronics R8A7795 rev 3.0
Model: Renesas Salvator-X 2nd version board based on r8a77951
DRAM:  7.9 GiB
RAM Configuration:
Bank #0: 0x048000000 - 0x0bfffffff, 1.9 GiB
Bank #1: 0x500000000 - 0x57fffffff, 2 GiB
Bank #2: 0x600000000 - 0x67fffffff, 2 GiB
Bank #3: 0x700000000 - 0x77fffffff, 2 GiB

MMC:   sd@ee100000: 0, sd@ee140000: 1, sd@ee160000: 2
Loading Environment from MMC... OK
In:    serial@e6e88000
Out:   serial@e6e88000
Err:   serial@e6e88000
Net:   eth0: ethernet@e6800000
Hit any key to stop autoboot:  2  1  0 
ethernet@e6800000 Waiting for PHY auto negotiation to complete........... done
Using ethernet@e6800000 device
TFTP from server 192.168.10.99; our IP address is 192.168.10.167
Filename 'traivo/H3/rootfs/boot_USB2H/Image'.
Load address: 0x48080000
Loading: *#################################################################
	 #################################################################
	 #################################################################
	 #################################################################
	 #################################################################
	 #################################################################
	 #################################################################
	 #################################################################
	 #################################################################
	 #################################################################
	 #################################################################
	 #################################################################
	 #################################################################
	 #################################################################
	 #################################################################
	 #################################################################
	 #################################################################
	 #################################################################
	 #################################################################
	 #################################################################
	 #################################################################
	 #################################################################
	 #################################################################
	 #################################################################
	 #################################################################
	 #################################################################
	 #################################################################
	 #################################################################
	 #################################################################
	 #################################################################
	 #################################################################
	 #################################################################
	 #################################################################
	 #################################################################
	 ################################################################
	 4.5 MiB/s
done
Bytes transferred = 33376768 (1fd4a00 hex)
Using ethernet@e6800000 device
TFTP from server 192.168.10.99; our IP address is 192.168.10.167
Filename 'traivo/H3/rootfs/boot_USB2H/r8a77951-salvator-xs.dtb'.
Load address: 0x48000000
Loading: *#######
	 7.9 MiB/s
done
Bytes transferred = 90876 (162fc hex)
Moving Image from 0x48080000 to 0x48200000, end=4a260000
## Flattened Device Tree blob at 48000000
   Booting using the fdt blob at 0x48000000
   Loading Device Tree to 0000000053fe6000, end 0000000053fff2fb ... OK

Starting kernel ...

[    0.000000] Booting Linux on physical CPU 0x0000000000 [0x411fd073]
[    0.000000] Linux version 5.10.194-yocto-standard (thuan.nguyen-hong@banvien) (aarch64-poky-linux-gcc (GCC) 9.3.0, GNU ld (GNU Binutils) 2.34.0.20200220) #10 SMP PREEMPT Mon Feb 19 03:51:05 UTC 2024
[    0.000000] Machine model: Renesas Salvator-X 2nd version board based on r8a77951
[    0.000000] efi: UEFI not found.
[    0.000000] Reserved memory: created CMA memory pool at 0x0000000057000000, size 16 MiB
[    0.000000] OF: reserved mem: initialized node linux,adsp@57000000, compatible id shared-dma-pool
[    0.000000] Reserved memory: created CMA memory pool at 0x0000000058000000, size 384 MiB
[    0.000000] OF: reserved mem: initialized node linux,cma@58000000, compatible id shared-dma-pool
[    0.000000] Reserved memory: created CMA memory pool at 0x0000000070000000, size 256 MiB
[    0.000000] OF: reserved mem: initialized node linux,multimedia@70000000, compatible id shared-dma-pool
[    0.000000] NUMA: No NUMA configuration found
[    0.000000] NUMA: Faking a node at [mem 0x0000000048000000-0x000000077fffffff]
[    0.000000] NUMA: NODE_DATA [mem 0x77efdab00-0x77efdcfff]
[    0.000000] Zone ranges:
[    0.000000]   DMA      [mem 0x0000000048000000-0x000000007fffffff]
[    0.000000]   DMA32    [mem 0x0000000080000000-0x00000000ffffffff]
[    0.000000]   Normal   [mem 0x0000000100000000-0x000000077fffffff]
[    0.000000] Movable zone start for each node
[    0.000000] Early memory node ranges
[    0.000000]   node   0: [mem 0x0000000048000000-0x0000000053ffffff]
[    0.000000]   node   0: [mem 0x0000000054000000-0x0000000056ffffff]
[    0.000000]   node   0: [mem 0x0000000057000000-0x00000000bfffffff]
[    0.000000]   node   0: [mem 0x0000000500000000-0x000000057fffffff]
[    0.000000]   node   0: [mem 0x0000000600000000-0x000000067fffffff]
[    0.000000]   node   0: [mem 0x0000000700000000-0x000000077fffffff]
[    0.000000] Initmem setup node 0 [mem 0x0000000048000000-0x000000077fffffff]
[    0.000000] psci: probing for conduit method from DT.
[    0.000000] psci: PSCIv1.1 detected in firmware.
[    0.000000] psci: Using standard PSCI v0.2 function IDs
[    0.000000] psci: Trusted OS resident on physical CPU 0x0
[    0.000000] psci: SMC Calling Convention v1.2
[    0.000000] percpu: Embedded 23 pages/cpu s56984 r8192 d29032 u94208
[    0.000000] Detected PIPT I-cache on CPU0
[    0.000000] CPU features: detected: EL2 vector hardening
[    0.000000] CPU features: detected: Spectre-v2
[    0.000000] CPU features: detected: ARM errata 1165522, 1319367, or 1530923
[    0.000000] CPU features: detected: Spectre-BHB
[    0.000000] CPU features: detected: ARM erratum 1742098
[    0.000000] Built 1 zonelists, mobility grouping on.  Total pages: 2032128
[    0.000000] Policy zone: Normal
[    0.000000] Kernel command line: rw root=/dev/nfs nfsroot=192.168.10.99:/data/tftpboot/traivo/H3/rootfs,nfsvers=4, ip=192.168.10.167
[    0.000000] Dentry cache hash table entries: 1048576 (order: 11, 8388608 bytes, linear)
[    0.000000] Inode-cache hash table entries: 524288 (order: 10, 4194304 bytes, linear)
[    0.000000] mem auto-init: stack:off, heap alloc:off, heap free:off
[    0.000000] software IO TLB: mapped [mem 0x000000004ffe6000-0x0000000053fe6000] (64MB)
[    0.000000] Memory: 7276840K/8257536K available (15232K kernel code, 2834K rwdata, 8240K rodata, 6144K init, 517K bss, 308952K reserved, 671744K cma-reserved)
[    0.000000] SLUB: HWalign=64, Order=0-3, MinObjects=0, CPUs=8, Nodes=1
[    0.000000] rcu: Preemptible hierarchical RCU implementation.
[    0.000000] rcu: 	RCU event tracing is enabled.
[    0.000000] rcu: 	RCU restricting CPUs from NR_CPUS=256 to nr_cpu_ids=8.
[    0.000000] 	Trampoline variant of Tasks RCU enabled.
[    0.000000] rcu: RCU calculated value of scheduler-enlistment delay is 25 jiffies.
[    0.000000] rcu: Adjusting geometry for rcu_fanout_leaf=16, nr_cpu_ids=8
[    0.000000] NR_IRQS: 64, nr_irqs: 64, preallocated irqs: 0
[    0.000000] arch_timer: cp15 timer(s) running at 8.32MHz (virt).
[    0.000000] clocksource: arch_sys_counter: mask: 0xffffffffffffff max_cycles: 0x1eb398c07, max_idle_ns: 440795202503 ns
[    0.000003] sched_clock: 56 bits at 8MHz, resolution 120ns, wraps every 2199023255503ns
[    0.000208] Console: colour dummy device 80x25
[    0.000416] printk: console [tty0] enabled
[    0.000490] Calibrating delay loop (skipped), value calculated using timer frequency.. 16.64 BogoMIPS (lpj=33280)
[    0.000504] pid_max: default: 32768 minimum: 301
[    0.000562] LSM: Security Framework initializing
[    0.000649] Mount-cache hash table entries: 16384 (order: 5, 131072 bytes, linear)
[    0.000701] Mountpoint-cache hash table entries: 16384 (order: 5, 131072 bytes, linear)
[    0.002142] rcu: Hierarchical SRCU implementation.
[    0.003725] Detected Renesas R-Car Gen3 r8a7795 ES3.0
[    0.005862] EFI services will not be available.
[    0.006197] smp: Bringing up secondary CPUs ...
[    0.006653] Detected PIPT I-cache on CPU1
[    0.006701] CPU1: Booted secondary processor 0x0000000001 [0x411fd073]
[    0.007174] Detected PIPT I-cache on CPU2
[    0.007199] CPU2: Booted secondary processor 0x0000000002 [0x411fd073]
[    0.007622] Detected PIPT I-cache on CPU3
[    0.007644] CPU3: Booted secondary processor 0x0000000003 [0x411fd073]
[    0.008113] CPU features: detected: ARM erratum 845719
[    0.008125] Detected VIPT I-cache on CPU4
[    0.008172] CPU4: Booted secondary processor 0x0000000100 [0x410fd034]
[    0.008650] Detected VIPT I-cache on CPU5
[    0.008677] CPU5: Booted secondary processor 0x0000000101 [0x410fd034]
[    0.009115] Detected VIPT I-cache on CPU6
[    0.009142] CPU6: Booted secondary processor 0x0000000102 [0x410fd034]
[    0.009576] Detected VIPT I-cache on CPU7
[    0.009604] CPU7: Booted secondary processor 0x0000000103 [0x410fd034]
[    0.009685] smp: Brought up 1 node, 8 CPUs
[    0.009748] SMP: Total of 8 processors activated.
[    0.009755] CPU features: detected: 32-bit EL0 Support
[    0.009762] CPU features: detected: CRC32 instructions
[    0.009769] CPU features: detected: 32-bit EL1 Support
[    0.022980] CPU: All CPU(s) started at EL1
[    0.023032] alternatives: patching kernel code
[    0.024205] devtmpfs: initialized
[    0.030998] KASLR disabled due to lack of seed
[    0.031145] clocksource: jiffies: mask: 0xffffffff max_cycles: 0xffffffff, max_idle_ns: 7645041785100000 ns
[    0.031165] futex hash table entries: 2048 (order: 5, 131072 bytes, linear)
[    0.039799] pinctrl core: initialized pinctrl subsystem
[    0.041315] DMI not present or invalid.
[    0.041817] NET: Registered protocol family 16
[    0.042755] DMA: preallocated 1024 KiB GFP_KERNEL pool for atomic allocations
[    0.042951] DMA: preallocated 1024 KiB GFP_KERNEL|GFP_DMA pool for atomic allocations
[    0.043240] DMA: preallocated 1024 KiB GFP_KERNEL|GFP_DMA32 pool for atomic allocations
[    0.043279] audit: initializing netlink subsys (disabled)
[    0.043463] audit: type=2000 audit(0.040:1): state=initialized audit_enabled=0 res=1
[    0.044606] thermal_sys: Registered thermal governor 'power_allocator'
[    0.045121] cpuidle: using governor menu
[    0.045289] hw-breakpoint: found 6 breakpoint and 4 watchpoint registers.
[    0.045412] ASID allocator initialised with 65536 entries
[    0.046703] Serial: AMBA PL011 UART driver
[    0.089520] sh-pfc e6060000.pinctrl: r8a77951_pfc support registered
[    0.104240] HugeTLB registered 1.00 GiB page size, pre-allocated 0 pages
[    0.104254] HugeTLB registered 32.0 MiB page size, pre-allocated 0 pages
[    0.104262] HugeTLB registered 2.00 MiB page size, pre-allocated 0 pages
[    0.104269] HugeTLB registered 64.0 KiB page size, pre-allocated 0 pages
[    0.105236] cryptd: max_cpu_qlen set to 1000
[    0.107488] ACPI: Interpreter disabled.
[    0.111265] rcar-avs: use avs value: 0
[    0.111280] rcar-avs: cpu@0 is running with: opp_table0
[    0.111291] rcar-avs: cpu@1 is running with: opp_table0
[    0.111302] rcar-avs: cpu@2 is running with: opp_table0
[    0.111311] rcar-avs: cpu@3 is running with: opp_table0
[    0.111404] rcar-avs: gsx@fd000000 is running with: gsx_opp_table0
[    0.112817] iommu: Default domain type: Translated 
[    0.113387] ipmmu-vmsa e67b0000.iommu: IPMMU context 0 is reserved
[    0.114345] vgaarb: loaded
[    0.114551] SCSI subsystem initialized
[    0.114800] usbcore: registered new interface driver usbfs
[    0.114827] usbcore: registered new interface driver hub
[    0.114853] usbcore: registered new device driver usb
[    0.118382] i2c-sh_mobile e60b0000.i2c: I2C adapter 7, bus speed 400000 Hz
[    0.118927] mc: Linux media interface: v0.10
[    0.118948] videodev: Linux video capture interface: v2.00
[    0.118996] pps_core: LinuxPPS API ver. 1 registered
[    0.119003] pps_core: Software ver. 5.3.6 - Copyright 2005-2007 Rodolfo Giometti <giometti@linux.it>
[    0.119017] PTP clock support registered
[    0.119189] EDAC MC: Ver: 3.0.0
[    0.121167] FPGA manager framework
[    0.121231] Advanced Linux Sound Architecture Driver Initialized.
[    0.121785] clocksource: Switched to clocksource arch_sys_counter
[    0.121930] VFS: Disk quotas dquot_6.6.0
[    0.121973] VFS: Dquot-cache hash table entries: 512 (order 0, 4096 bytes)
[    0.122095] pnp: PnP ACPI: disabled
[    0.125589] NET: Registered protocol family 2
[    0.126010] IP idents hash table entries: 131072 (order: 8, 1048576 bytes, linear)
[    0.128271] tcp_listen_portaddr_hash hash table entries: 4096 (order: 4, 65536 bytes, linear)
[    0.128345] TCP established hash table entries: 65536 (order: 7, 524288 bytes, linear)
[    0.128633] TCP bind hash table entries: 65536 (order: 8, 1048576 bytes, linear)
[    0.129221] TCP: Hash tables configured (established 65536 bind 65536)
[    0.129337] UDP hash table entries: 4096 (order: 5, 131072 bytes, linear)
[    0.129452] UDP-Lite hash table entries: 4096 (order: 5, 131072 bytes, linear)
[    0.129670] NET: Registered protocol family 1
[    0.130038] RPC: Registered named UNIX socket transport module.
[    0.130050] RPC: Registered udp transport module.
[    0.130056] RPC: Registered tcp transport module.
[    0.130062] RPC: Registered tcp NFSv4.1 backchannel transport module.
[    0.130074] PCI: CLS 0 bytes, default 64
[    0.131021] hw perfevents: enabled with armv8_cortex_a53 PMU driver, 7 counters available
[    0.131293] hw perfevents: enabled with armv8_cortex_a57 PMU driver, 7 counters available
[    0.131913] kvm [1]: HYP mode not available
[    0.134847] Initialise system trusted keyrings
[    0.134969] workingset: timestamp_bits=42 max_order=21 bucket_order=0
[    0.138072] squashfs: version 4.0 (2009/01/31) Phillip Lougher
[    0.138472] NFS: Registering the id_resolver key type
[    0.138513] Key type id_resolver registered
[    0.138519] Key type id_legacy registered
[    0.138573] nfs4filelayout_init: NFSv4 File Layout Driver Registering...
[    0.138583] nfs4flexfilelayout_init: NFSv4 Flexfile Layout Driver Registering...
[    0.138684] 9p: Installing v9fs 9p2000 file system support
[    0.164246] Key type asymmetric registered
[    0.164257] Asymmetric key parser 'x509' registered
[    0.164302] Block layer SCSI generic (bsg) driver version 0.4 loaded (major 243)
[    0.164313] io scheduler mq-deadline registered
[    0.164323] io scheduler kyber registered
[    0.180394] gpio_rcar e6050000.gpio: driving 16 GPIOs
[    0.180675] gpio_rcar e6051000.gpio: driving 29 GPIOs
[    0.180935] gpio_rcar e6052000.gpio: driving 15 GPIOs
[    0.181230] gpio_rcar e6053000.gpio: driving 16 GPIOs
[    0.181486] gpio_rcar e6054000.gpio: driving 18 GPIOs
[    0.181771] gpio_rcar e6055000.gpio: driving 26 GPIOs
[    0.182094] gpio_rcar e6055400.gpio: driving 32 GPIOs
[    0.182352] gpio_rcar e6055800.gpio: driving 4 GPIOs
[    0.185248] rcar-pcie fe000000.pcie: host bridge /soc/pcie@fe000000 ranges:
[    0.185279] rcar-pcie fe000000.pcie:       IO 0x00fe100000..0x00fe1fffff -> 0x0000000000
[    0.185302] rcar-pcie fe000000.pcie:      MEM 0x00fe200000..0x00fe3fffff -> 0x00fe200000
[    0.185320] rcar-pcie fe000000.pcie:      MEM 0x0030000000..0x0037ffffff -> 0x0030000000
[    0.185334] rcar-pcie fe000000.pcie:      MEM 0x0038000000..0x003fffffff -> 0x0038000000
[    0.185351] rcar-pcie fe000000.pcie:   IB MEM 0x0040000000..0x007fffffff -> 0x0040000000
[    0.185399] rcar-pcie fe000000.pcie: no pcie3v3 regulator found
[    0.185409] rcar-pcie fe000000.pcie: no pcie1v8 regulator found
[    0.249500] rcar-pcie fe000000.pcie: PCIe link down
[    0.249674] rcar-pcie ee800000.pcie: host bridge /soc/pcie@ee800000 ranges:
[    0.249697] rcar-pcie ee800000.pcie:       IO 0x00ee900000..0x00ee9fffff -> 0x0000000000
[    0.249717] rcar-pcie ee800000.pcie:      MEM 0x00eea00000..0x00eebfffff -> 0x00eea00000
[    0.249735] rcar-pcie ee800000.pcie:      MEM 0x00c0000000..0x00c7ffffff -> 0x00c0000000
[    0.249749] rcar-pcie ee800000.pcie:      MEM 0x00c8000000..0x00cfffffff -> 0x00c8000000
[    0.249765] rcar-pcie ee800000.pcie:   IB MEM 0x0040000000..0x007fffffff -> 0x0040000000
[    0.249811] rcar-pcie ee800000.pcie: no pcie3v3 regulator found
[    0.249821] rcar-pcie ee800000.pcie: no pcie1v8 regulator found
[    0.409786] rcar-pcie ee800000.pcie: PCIe link down
[    0.412248] EINJ: ACPI disabled.
[    0.446339] Serial: 8250/16550 driver, 4 ports, IRQ sharing enabled
[    0.448767] SuperH (H)SCI(F) driver initialized
[    0.449188] e6550000.serial: ttySC1 at MMIO 0xe6550000 (irq = 42, base_baud = 0) is a hscif
[    0.449927] e6e88000.serial: ttySC0 at MMIO 0xe6e88000 (irq = 128, base_baud = 0) is a scif
[    1.654657] printk: console [ttySC0] enabled
[    1.660086] msm_serial: driver initialized
[    1.670428] rcar-dw-hdmi fead0000.hdmi: Detected HDMI TX controller v2.01a with HDCP (DWC HDMI 2.0 TX PHY)
[    1.680323] rcar-dw-hdmi fead0000.hdmi: registered DesignWare HDMI I2C bus driver
[    1.688557] rcar-dw-hdmi feae0000.hdmi: Detected HDMI TX controller v2.01a with HDCP (DWC HDMI 2.0 TX PHY)
[    1.698421] rcar-dw-hdmi feae0000.hdmi: registered DesignWare HDMI I2C bus driver
[    1.713973] loop: module loaded
[    1.718549] megasas: 07.714.04.00-rc1
[    1.724275] scsi host0: sata_rcar
[    1.727753] ata1: SATA max UDMA/133 irq 181
[    1.737159] tun: Universal TUN/TAP device driver, 1.6
[    1.743098] thunder_xcv, ver 1.0
[    1.746356] thunder_bgx, ver 1.0
[    1.749596] nicpf, ver 1.0
[    1.753712] hclge is initializing
[    1.757046] hns3: Hisilicon Ethernet Network Driver for Hip08 Family - version
[    1.764268] hns3: Copyright (c) 2017 Huawei Corporation.
[    1.769606] e1000: Intel(R) PRO/1000 Network Driver
[    1.774486] e1000: Copyright (c) 1999-2006 Intel Corporation.
[    1.780252] e1000e: Intel(R) PRO/1000 Network Driver
[    1.785217] e1000e: Copyright(c) 1999 - 2015 Intel Corporation.
[    1.791155] igb: Intel(R) Gigabit Ethernet Network Driver
[    1.796554] igb: Copyright (c) 2007-2014 Intel Corporation.
[    1.802141] igbvf: Intel(R) Gigabit Virtual Function Network Driver
[    1.808408] igbvf: Copyright (c) 2009 - 2012 Intel Corporation.
[    1.814753] sky2: driver version 1.30
[    1.822384] ravb e6800000.ethernet eth0: Base address at 0xe6800000, 2e:09:0a:02:ec:37, IRQ 125.
[    1.832623] VFIO - User Level meta-driver version: 0.3
[    1.839764] ehci_hcd: USB 2.0 'Enhanced' Host Controller (EHCI) Driver
[    1.846312] ehci-pci: EHCI PCI platform driver
[    1.850776] ehci-platform: EHCI generic platform driver
[    1.856384] ehci-platform ee0a0100.usb: EHCI Host Controller
[    1.862070] ehci-platform ee0a0100.usb: new USB bus registered, assigned bus number 1
[    1.869985] ehci-platform ee0a0100.usb: irq 175, io mem 0xee0a0100
[    1.889796] ehci-platform ee0a0100.usb: USB 2.0 started, EHCI 1.10
[    1.896315] hub 1-0:1.0: USB hub found
[    1.900090] hub 1-0:1.0: 1 port detected
[    1.904498] ehci-platform ee0c0100.usb: EHCI Host Controller
[    1.910181] ehci-platform ee0c0100.usb: new USB bus registered, assigned bus number 2
[    1.918074] ehci-platform ee0c0100.usb: irq 176, io mem 0xee0c0100
[    1.937791] ehci-platform ee0c0100.usb: USB 2.0 started, EHCI 1.10
[    1.944254] hub 2-0:1.0: USB hub found
[    1.948023] hub 2-0:1.0: 1 port detected
[    1.977831] ehci-platform ee0e0100.usb: EHCI Host Controller
[    1.983506] ehci-platform ee0e0100.usb: new USB bus registered, assigned bus number 3
[    1.991395] ehci-platform ee0e0100.usb: irq 177, io mem 0xee0e0100
[    2.009792] ehci-platform ee0e0100.usb: USB 2.0 started, EHCI 1.10
[    2.016225] hub 3-0:1.0: USB hub found
[    2.019992] hub 3-0:1.0: 1 port detected
[    2.024376] ehci-orion: EHCI orion driver
[    2.028639] ehci-exynos: EHCI Exynos driver
[    2.032951] ohci_hcd: USB 1.1 'Open' Host Controller (OHCI) Driver
[    2.039149] ohci-pci: OHCI PCI platform driver
[    2.043632] ohci-platform: OHCI generic platform driver
[    2.049174] ohci-platform ee0a0000.usb: Generic Platform OHCI controller
[    2.055894] ohci-platform ee0a0000.usb: new USB bus registered, assigned bus number 4
[    2.063771] ohci-platform ee0a0000.usb: irq 175, io mem 0xee0a0000
[    2.145785] ata1: link resume succeeded after 1 retries
[    2.160107] hub 4-0:1.0: USB hub found
[    2.163882] hub 4-0:1.0: 1 port detected
[    2.168215] ohci-platform ee0c0000.usb: Generic Platform OHCI controller
[    2.174931] ohci-platform ee0c0000.usb: new USB bus registered, assigned bus number 5
[    2.182805] ohci-platform ee0c0000.usb: irq 176, io mem 0xee0c0000
[    2.257219] ata1: SATA link down (SStatus 0 SControl 300)
[    2.276046] hub 5-0:1.0: USB hub found
[    2.279812] hub 5-0:1.0: 1 port detected
[    2.284140] ohci-platform ee0e0000.usb: Generic Platform OHCI controller
[    2.290854] ohci-platform ee0e0000.usb: new USB bus registered, assigned bus number 6
[    2.298721] ohci-platform ee0e0000.usb: irq 177, io mem 0xee0e0000
[    2.392081] hub 6-0:1.0: USB hub found
[    2.395849] hub 6-0:1.0: 1 port detected
[    2.400184] ohci-exynos: OHCI Exynos driver
[    2.405038] xhci-hcd ee000000.usb: xHCI Host Controller
[    2.410278] xhci-hcd ee000000.usb: new USB bus registered, assigned bus number 7
[    2.433532] xhci-hcd ee000000.usb: hcc params 0x014051ce hci version 0x100 quirks 0x0000000000830410
[    2.442700] xhci-hcd ee000000.usb: irq 172, io mem 0xee000000
[    2.448562] xhci-hcd ee000000.usb: xHCI Host Controller
[    2.453797] xhci-hcd ee000000.usb: new USB bus registered, assigned bus number 8
[    2.461200] xhci-hcd ee000000.usb: Host supports USB 3.0 SuperSpeed
[    2.467751] hub 7-0:1.0: USB hub found
[    2.471526] hub 7-0:1.0: 1 port detected
[    2.475616] usb usb8: We don't know the algorithms for LPM for this host, disabling LPM.
[    2.483973] hub 8-0:1.0: USB hub found
[    2.487749] hub 8-0:1.0: 1 port detected
[    2.492558] usbcore: registered new interface driver usb-storage
[    2.500246] renesas_usbhs e6590000.usb: host probed
[    2.505140] renesas_usbhs e6590000.usb: no transceiver found
[    2.510882] renesas_usbhs e6590000.usb: gadget probed
[    2.516099] renesas_usbhs e6590000.usb: probed
[    2.520999] renesas_usbhs e659c000.usb: host probed
[    2.525892] renesas_usbhs e659c000.usb: no transceiver found
[    2.531605] renesas_usbhs e659c000.usb: gadget probed
[    2.536811] renesas_usbhs e659c000.usb: probed
[    2.543728] i2c /dev entries driver
[    2.558289] cs2000-cp 2-004f: revision - C1
[    2.562543] i2c-rcar e6510000.i2c: probed
[    2.567421] pca953x 4-0020: supply vcc not found, using dummy regulator
[    2.574130] pca953x 4-0020: using no AI
[    2.578791] gpio-355 (PCIE/SATA switch): hogged as output/low
[    2.591211] i2c-rcar e66d8000.i2c: probed
[    2.596565] adv748x 4-0070: Endpoint /soc/i2c@e66d8000/video-receiver@70/port@7/endpoint on port 7
[    2.605549] adv748x 4-0070: Endpoint /soc/i2c@e66d8000/video-receiver@70/port@8/endpoint on port 8
[    2.614520] adv748x 4-0070: Endpoint /soc/i2c@e66d8000/video-receiver@70/port@a/endpoint on port 10
[    2.623584] adv748x 4-0070: Endpoint /soc/i2c@e66d8000/video-receiver@70/port@b/endpoint on port 11
[    2.632975] adv748x 4-0070: chip found @ 0xe0 revision 2143
[    2.649795] usb 1-1: new high-speed USB device number 2 using ehci-platform
[    2.693556] rcar-csi2 fea80000.csi2: 1 lanes found
[    2.698703] rcar-csi2 feaa0000.csi2: 4 lanes found
[    2.708287] rcar-vin e6ef0000.video: Device registered as video0
[    2.714378] rcar-vin e6ef1000.video: Device registered as video1
[    2.720457] rcar-vin e6ef2000.video: Device registered as video2
[    2.726536] rcar-vin e6ef3000.video: Device registered as video3
[    2.732611] rcar-vin e6ef4000.video: Device registered as video4
[    2.738690] rcar-vin e6ef5000.video: Device registered as video5
[    2.744773] rcar-vin e6ef6000.video: Device registered as video6
[    2.749791] usb 2-1: new high-speed USB device number 2 using ehci-platform
[    2.750864] rcar-vin e6ef7000.video: Device registered as video7
[    2.766481] rcar_gen3_thermal e6198000.thermal: is using pseudo fixed FUSE values
[    2.778586] rcar_gen3_thermal e6198000.thermal: TSC0: Loaded 1 trip points
[    2.789321] rcar_gen3_thermal e6198000.thermal: TSC1: Loaded 1 trip points
[    2.800481] rcar_gen3_thermal e6198000.thermal: TSC2: Loaded 3 trip points
[    2.811599] usb-storage 1-1:1.0: USB Mass Storage device detected
[    2.818075] scsi host1: usb-storage 1-1:1.0
[    2.818581] sdhci: Secure Digital Host Controller Interface driver
[    2.828457] sdhci: Copyright(c) Pierre Ossman
[    2.833674] Synopsys Designware Multimedia Card Interface Driver
[    2.834036] renesas_sdhi_internal_dmac ee100000.mmc: Got CD GPIO
[    2.834045] renesas_sdhi_internal_dmac ee140000.mmc: Adding to iommu group 0
[    2.834073] renesas_sdhi_internal_dmac ee140000.mmc: Using IPMMU context 1
[    2.834293] renesas_sdhi_internal_dmac ee160000.mmc: Got CD GPIO
[    2.834322] renesas_sdhi_internal_dmac ee160000.mmc: Got WP GPIO
[    2.841108] sdhci-pltfm: SDHCI platform and OF driver helper
[    2.845745] renesas_sdhi_internal_dmac ee100000.mmc: Got WP GPIO
[    2.883154] renesas_sdhi_internal_dmac ee140000.mmc: mmc0 base at 0x00000000ee140000, max clock rate 200 MHz
[    2.893799] ledtrig-cpu: registered to indicate activity on CPUs
[    2.901074] SMCCC: SOC_ID: ARCH_SOC_ID not implemented, skipping ....
[    2.908121] usbcore: registered new interface driver usbhid
[    2.913715] usbhid: USB HID core driver
[    2.919867] usb-storage 2-1:1.0: USB Mass Storage device detected
[    2.926674] scsi host2: usb-storage 2-1:1.0
[    2.932647] optee: probing for conduit method.
[    2.937133] optee: revision 3.22 (314ecf9d)
[    2.937484] optee driver R-Car Rev.1.0.11
[    2.945918] optee: dynamic shared memory is enabled
[    2.951099] optee: initialized driver
[    2.967553] rcar_sound ec500000.sound: probed
[    2.972666] NET: Registered protocol family 17
[    2.977357] 9pnet: Installing 9P2000 support
[    2.981690] Key type dns_resolver registered
[    2.986393] registered taskstats version 1
[    2.990503] Loading compiled-in X.509 certificates
[    2.996008] mmc0: new HS400 MMC card at address 0001
[    3.001913] mmcblk0: mmc0:0001 BGSD3R 29.1 GiB 
[    3.005213] thermal emergency: set temperature to 110 celsius
[    3.006880] mmcblk0boot0: mmc0:0001 BGSD3R partition 1 16.0 MiB
[    3.012446] thermal emergency: shutdown target cpus 1-7
[    3.018527] mmcblk0boot1: mmc0:0001 BGSD3R partition 2 16.0 MiB
[    3.023359] thermal emergency: freq scaled target cpus 0
[    3.023716] renesas_irqc e61c0000.interrupt-controller: driving 6 irqs
[    3.029390] mmcblk0rpmb: mmc0:0001 BGSD3R partition 3 4.00 MiB, chardev (509:0)
[    3.049981]  mmcblk0: p1
[    3.077819] ehci-platform ee080100.usb: EHCI Host Controller
[    3.083508] ehci-platform ee080100.usb: new USB bus registered, assigned bus number 9
[    3.091421] ehci-platform ee080100.usb: irq 174, io mem 0xee080100
[    3.109793] ehci-platform ee080100.usb: USB 2.0 started, EHCI 1.10
[    3.116412] hub 9-0:1.0: USB hub found
[    3.120183] hub 9-0:1.0: 1 port detected
[    3.125585] ohci-platform ee080000.usb: Generic Platform OHCI controller
[    3.132312] ohci-platform ee080000.usb: new USB bus registered, assigned bus number 10
[    3.140286] ohci-platform ee080000.usb: irq 174, io mem 0xee080000
[    3.236274] hub 10-0:1.0: USB hub found
[    3.240135] hub 10-0:1.0: 1 port detected
[    3.245488] cpu cpu0: EM: created perf domain
[    3.250420] cpu cpu4: EM: created perf domain
[    3.258334] renesas_sdhi_internal_dmac ee160000.mmc: Got CD GPIO
[    3.261132] renesas_sdhi_internal_dmac ee100000.mmc: Got CD GPIO
[    3.263236] [drm] Initialized rcar-du 1.0.0 20130110 for feb00000.display on minor 0
[    3.263239] [drm] Device feb00000.display probed
[    3.264391] renesas_sdhi_internal_dmac ee160000.mmc: Got WP GPIO
[    3.270504] renesas_sdhi_internal_dmac ee100000.mmc: Got WP GPIO
[    3.327393] renesas_sdhi_internal_dmac ee160000.mmc: mmc2 base at 0x00000000ee160000, max clock rate 200 MHz
[    3.333851] usb 3-1: new high-speed USB device number 2 using ehci-platform
[    3.334888] Console: switching to colour frame buffer device 128x48
[    3.342600] renesas_sdhi_internal_dmac ee100000.mmc: mmc1 base at 0x00000000ee100000, max clock rate 200 MHz
[    3.382900] rcar-du feb00000.display: [drm] fb0: rcar-dudrmfb frame buffer device
[    3.394968] input: keys as /devices/platform/keys/input/input0
[    3.477638] Micrel KSZ9031 Gigabit PHY e6800000.ethernet-ffffffff:00: attached PHY driver [Micrel KSZ9031 Gigabit PHY] (mii_bus:phy_addr=e6800000.ethernet-ffffffff:00, irq=183)
[    3.493382] usb-storage 3-1:1.0: USB Mass Storage device detected
[    3.500688] scsi host3: usb-storage 3-1:1.0
[    3.839365] scsi 1:0:0:0: Direct-Access     SanDisk  Ultra            1.00 PQ: 0 ANSI: 6
[    3.849082] sd 1:0:0:0: [sda] 121307136 512-byte logical blocks: (62.1 GB/57.8 GiB)
[    3.858186] sd 1:0:0:0: [sda] Write Protect is off
[    3.864069] sd 1:0:0:0: [sda] Write cache: disabled, read cache: enabled, doesn't support DPO or FUA
[    3.887206]  sda: sda1
[    3.894048] sd 1:0:0:0: [sda] Attached SCSI removable disk
[    3.935474] scsi 2:0:0:0: Direct-Access     SanDisk  Ultra            1.00 PQ: 0 ANSI: 6
[    3.945772] sd 2:0:0:0: [sdb] 121307136 512-byte logical blocks: (62.1 GB/57.8 GiB)
[    3.954948] sd 2:0:0:0: [sdb] Write Protect is off
[    3.964819] sd 2:0:0:0: [sdb] Write cache: disabled, read cache: enabled, doesn't support DPO or FUA
[    3.992856]  sdb: sdb1 sdb2
[    4.003057] sd 2:0:0:0: [sdb] Attached SCSI removable disk
[    4.437973] usb 9-1: new high-speed USB device number 2 using ehci-platform
[    4.511648] scsi 3:0:0:0: Direct-Access     SanDisk  Extreme Pro      0    PQ: 0 ANSI: 6
[    4.524956] sd 3:0:0:0: [sdc] 250085376 512-byte logical blocks: (128 GB/119 GiB)
[    4.537600] sd 3:0:0:0: [sdc] Write Protect is off
[    4.547725] sd 3:0:0:0: [sdc] Write cache: enabled, read cache: enabled, doesn't support DPO or FUA
[    4.567235]  sdc: sdc1
[    4.578880] sd 3:0:0:0: [sdc] Attached SCSI removable disk
[    4.613032] usb-storage 9-1:1.0: USB Mass Storage device detected
[    4.622351] scsi host4: usb-storage 9-1:1.0
[    5.631325] scsi 4:0:0:0: Direct-Access     SanDisk  Extreme Pro      0    PQ: 0 ANSI: 6
[    5.644455] sd 4:0:0:0: [sdd] 250085376 512-byte logical blocks: (128 GB/119 GiB)
[    5.657279] sd 4:0:0:0: [sdd] Write Protect is off
[    5.667287] sd 4:0:0:0: [sdd] Write cache: enabled, read cache: enabled, doesn't support DPO or FUA
[    5.685208]  sdd: sdd1
[    5.694403] sd 4:0:0:0: [sdd] Attached SCSI removable disk
[   13.088940] ravb e6800000.ethernet eth0: Link is Up - 1Gbps/Full - flow control off
[   13.117829] IP-Config: Guessing netmask 255.255.255.0
[   13.127319] IP-Config: Complete:
[   13.134926]      device=eth0, hwaddr=2e:09:0a:02:ec:37, ipaddr=192.168.10.167, mask=255.255.255.0, gw=255.255.255.255
[   13.150111]      host=192.168.10.167, domain=, nis-domain=(none)
[   13.160765]      bootserver=255.255.255.255, rootserver=192.168.10.99, rootpath=
[   13.161370] ALSA device list:
[   13.178387]   No soundcards found.
[   14.229624] VFS: Mounted root (nfs4 filesystem) on device 0:22.
[   14.241472] devtmpfs: mounted
[   14.250046] Freeing unused kernel memory: 6144K
[   14.286081] Run /sbin/init as init process
[   14.463034] systemd[1]: System time before build time, advancing clock.
[   14.817844] random: crng init done
[   14.922739] NET: Registered protocol family 10
[   14.929023] Segment Routing with IPv6
[   14.955368] systemd[1]: systemd 244 running in system mode. (+PAM -AUDIT -SELINUX +IMA -APPARMOR -SMACK +SYSVINIT +UTMP -LIBCRYPTSETUP -GCRYPT -GNUTLS +ACL +XZ -LZ4 -SECCOMP +BLKID -ELFUTILS +KMOD -IDN2 -IDN -PCRE2 default-hierarchy=hybrid)
[   14.979812] systemd[1]: Detected architecture arm64.

Welcome to [1mPoky (Yocto Project Reference Distro) 3.1.11 (dunfell)[0m!

[   15.012012] systemd[1]: Set hostname to <salvator-x>.
[   15.748182] systemd[1]: system-getty.slice: unit configures an IP firewall, but the local system does not support BPF/cgroup firewalling.
[   15.769509] systemd[1]: (This warning is only shown for the first unit using IP firewalling.)
[   15.784710] systemd[1]: Created slice system-getty.slice.
[[0;32m  OK  [0m] Created slice [0;1;39msystem-getty.slice[0m.
[   15.810997] systemd[1]: Created slice system-serial\x2dgetty.slice.
[[0;32m  OK  [0m] Created slice [0;1;39msystem-serial\x2dgetty.slice[0m.
[   15.834966] systemd[1]: Created slice User and Session Slice.
[[0;32m  OK  [0m] Created slice [0;1;39mUser and Session Slice[0m.
[   15.858294] systemd[1]: Started Dispatch Password Requests to Console Directory Watch.
[[0;32m  OK  [0m] Started [0;1;39mDispatch Password â€¦ts to Console Directory Watch[0m.
[   15.886227] systemd[1]: Started Forward Password Requests to Wall Directory Watch.
[[0;32m  OK  [0m] Started [0;1;39mForward Password Râ€¦uests to Wall Directory Watch[0m.
[   15.914112] systemd[1]: Reached target Paths.
[[0;32m  OK  [0m] Reached target [0;1;39mPaths[0m.
[   15.937971] systemd[1]: Reached target Remote File Systems.
[[0;32m  OK  [0m] Reached target [0;1;39mRemote File Systems[0m.
[   15.961948] systemd[1]: Reached target Slices.
[[0;32m  OK  [0m] Reached target [0;1;39mSlices[0m.
[   15.985980] systemd[1]: Reached target Swap.
[[0;32m  OK  [0m] Reached target [0;1;39mSwap[0m.
[   16.012760] systemd[1]: Listening on RPCbind Server Activation Socket.
[[0;32m  OK  [0m] Listening on [0;1;39mRPCbind Server Activation Socket[0m.
[   16.042016] systemd[1]: Reached target RPC Port Mapper.
[[0;32m  OK  [0m] Reached target [0;1;39mRPC Port Mapper[0m.
[   16.066301] systemd[1]: Listening on initctl Compatibility Named Pipe.
[[0;32m  OK  [0m] Listening on [0;1;39minitctl Compatibility Named Pipe[0m.
[   16.095736] systemd[1]: Listening on Journal Audit Socket.
[[0;32m  OK  [0m] Listening on [0;1;39mJournal Audit Socket[0m.
[   16.123407] systemd[1]: Listening on Journal Socket (/dev/log).
[[0;32m  OK  [0m] Listening on [0;1;39mJournal Socket (/dev/log)[0m.
[   16.150678] systemd[1]: Listening on Journal Socket.
[[0;32m  OK  [0m] Listening on [0;1;39mJournal Socket[0m.
[   16.175920] systemd[1]: Listening on Network Service Netlink Socket.
[[0;32m  OK  [0m] Listening on [0;1;39mNetwork Service Netlink Socket[0m.
[   16.204330] systemd[1]: Listening on udev Control Socket.
[[0;32m  OK  [0m] Listening on [0;1;39mudev Control Socket[0m.
[   16.230463] systemd[1]: Listening on udev Kernel Socket.
[[0;32m  OK  [0m] Listening on [0;1;39mudev Kernel Socket[0m.
[   16.259497] systemd[1]: Mounting Huge Pages File System...
         Mounting [0;1;39mHuge Pages File System[0m...
[   16.287255] systemd[1]: Mounting POSIX Message Queue File System...
         Mounting [0;1;39mPOSIX Message Queue File System[0m...
[   16.319251] systemd[1]: Mounting Kernel Debug File System...
         Mounting [0;1;39mKernel Debug File System[0m...
[   16.349486] systemd[1]: Mounting Temporary Directory (/tmp)...
         Mounting [0;1;39mTemporary Directory (/tmp)[0m...
[   16.379987] systemd[1]: Starting Create list of static device nodes for the current kernel...
         Starting [0;1;39mCreate list of stâ€¦odes for the current kernel[0m...
[   16.415138] systemd[1]: Starting Start psplash boot splash screen...
         Starting [0;1;39mStart psplash boot splash screen[0m...
[   16.448593] systemd[1]: Starting RPC Bind...
         Starting [0;1;39mRPC Bind[0m...
[   16.478625] systemd[1]: Condition check resulted in File System Check on Root Device being skipped.
[   16.484190] systemd[1]: Starting Journal Service...
         Starting [0;1;39mJournal Service[0m...
[   16.517177] systemd[1]: Starting Load Kernel Modules...
         Starting [0;1;39mLoad Kernel Modules[0m...
[   16.543265] systemd[1]: Starting Remount Root and Kernel File Systems...
         Starting [0;1;39mRemount Root and Kernel File Systems[0m...
[   16.568808] systemd[1]: Starting udev Coldplug all Devices...
         Starting [0;1;39mudev Coldplug all Devices[0m...
[   16.597203] systemd[1]: Started RPC Bind.
[[0;32m  OK  [0m] Started [0;1;39mRPC Bind[0m.
[   16.618377] systemd[1]: Started Start psplash boot splash screen.
[[0;32m  OK  [0m] Started [0;1;39mStart psplash boot splash screen[0m.
[   16.642511] systemd[1]: Started Journal Service.
[[0;32m  OK  [0m] Started [0;1;39mJournal Service[0m.
[[0;32m  OK  [0m] Mounted [0;1;39mHuge Pages File System[0m.
[[0;32m  OK  [0m] Mounted [0;1;39mPOSIX Message Queue File System[0m.
[[0;32m  OK  [0m] Mounted [0;1;39mKernel Debug File System[0m.
[[0;32m  OK  [0m] Mounted [0;1;39mTemporary Directory (/tmp)[0m.
[[0;32m  OK  [0m] Started [0;1;39mCreate list of staâ€¦ nodes for the current kernel[0m.
[[0;32m  OK  [0m] Started [0;1;39mLoad Kernel Modules[0m.
[[0;32m  OK  [0m] Started [0;1;39mRemount Root and Kernel File Systems[0m.
         Mounting [0;1;39mKernel Configuration File System[0m...
[[0;32m  OK  [0m] Started [0;1;39mStart psplash-systâ€¦progress communication helper[0m.
         Starting [0;1;39mFlush Journal to Persistent Storage[0m...
         Starting [0;1;39mApply Kernel Variables[0m...
[   16.881326] systemd-journald[364]: Received client request to flush runtime journal.
         Starting [0;1;39mCreate Static Device Nodes in /dev[0m...
[[0;32m  OK  [0m] Mounted [0;1;39mKernel Configuration File System[0m.
[[0;32m  OK  [0m] Started [0;1;39mFlush Journal to Persistent Storage[0m.
[[0;32m  OK  [0m] Started [0;1;39mApply Kernel Variables[0m.
[[0;32m  OK  [0m] Started [0;1;39mCreate Static Device Nodes in /dev[0m.
[[0;32m  OK  [0m] Reached target [0;1;39mLocal File Systems (Pre)[0m.
         Mounting [0;1;39m/var/volatile[0m...
         Starting [0;1;39mudev Kernel Device Manager[0m...
[[0;32m  OK  [0m] Mounted [0;1;39m/var/volatile[0m.
         Starting [0;1;39mLoad/Save Random Seed[0m...
[[0;32m  OK  [0m] Reached target [0;1;39mLocal File Systems[0m.
         Starting [0;1;39mCreate Volatile Files and Directories[0m...
[[0;32m  OK  [0m] Started [0;1;39mudev Coldplug all Devices[0m.
[[0;32m  OK  [0m] Started [0;1;39mLoad/Save Random Seed[0m.
[[0;32m  OK  [0m] Started [0;1;39mudev Kernel Device Manager[0m.
         Starting [0;1;39mNetwork Service[0m...
[[0;32m  OK  [0m] Started [0;1;39mCreate Volatile Files and Directories[0m.
         Starting [0;1;39mNetwork Time Synchronization[0m...
         Starting [0;1;39mUpdate UTMP about System Boot/Shutdown[0m...
[[0;32m  OK  [0m] Started [0;1;39mNetwork Service[0m.
         Starting [0;1;39mNetwork Name Resolution[0m...
[[0;32m  OK  [0m] Started [0;1;39mUpdate UTMP about System Boot/Shutdown[0m.
[[0;32m  OK  [0m] Started [0;1;39mNetwork Time Synchronization[0m.
[[0;32m  OK  [0m] Reached target [0;1;39mSystem Initialization[0m.
[[0;32m  OK  [0m] Started [0;1;39mDaily Cleanup of Temporary Directories[0m.
[[0;32m  OK  [0m] Reached target [0;1;39mSystem Time Set[0m.
[[0;32m  OK  [0m] Reached target [0;1;39mSystem Time Synchronized[0m.
[   17.445469] pwm-backlight: probe of backlight failed with error -16
[[0;32m  OK  [0m] Reached target [0;1;39mTimers[0m.
[[0;32m  OK  [0m] Listening on [0;1;39mAvahi mDNS/DNS-SD Stack Activation Socket[0m.
[[0;32m  OK  [0m] Listening on [0;1;39mD-Bus System Message Bus Socket[0m.
[   17.499960] at24 7-0050: supply vcc not found, using dummy regulator
[   17.507894] at24 7-0050: 128 byte br24t01 EEPROM, writable, 8 bytes/write
[[0;32m  OK  [0m] Listening on [0;1;39mdropbear.socket[0m.
[[0;32m  OK  [0m] Reached target [0;1;39mSockets[0m.
[[0;32m  OK  [0m] Reached target [0;1;39mBasic System[0m.
[[0;32m  OK  [0m] Started [0;1;39mD-Bus System Message Bus[0m.
[   17.628264] renesas_usb3 ee020000.usb: probed with phy
[[0;32m  OK  [0m] Started [0;1;39moptee services[0m.
         Starting [0;1;39mpvrinit.service[0m...
[   17.671580] ccree e6601000.crypto: ARM CryptoCell 630P Driver: HW version 0xAF400001/0xDCC63000, Driver version 5.0
         Starting [0;1;39mPowerVR consumer services[0m...
         Starting [0;1;39mLogin Service[0m...
[[0;32m  OK  [0m] Started [0;1;39mNetwork Name Resolution[0m.
[   17.755057] ccree e6601000.crypto: ARM ccree device initialized
[[0;32m  OK  [0m] Created slice [0;1;39msystem-weston.slice[0m.
[[0;32m  OK  [0m] Reached target [0;1;39mNetwork[0m.
[[0;32m  OK  [0m] Reached target [0;1;39mHost and Network Name Lookups[0m.
[[0;32m  OK  [0m] Reached target [0;1;39mHardware activated USB gadget[0m.
         Starting [0;1;39mAvahi mDNS/DNS-SD Stack[0m...
         Starting [0;1;39mPermit User Sessions[0m...
[[0;32m  OK  [0m] Started [0;1;39mXinetd A Powerful Replacement For Inetd[0m.
[[0;1;31mFAILED[0m] Failed to start [0;1;39mpvrinit.service[0m.
See 'systemctl status pvrinit.service' for details.
[[0;1;31mFAILED[0m] Failed to start [0;1;39mPowerVR consumer services[0m.
See 'systemctl status rc.pvr.service' for details.
[[0;1;38;5;185mDEPEND[0m] Dependency failed for [0;1;39mWeston Wayland Compositor[0m.
[[0;32m  OK  [0m] Started [0;1;39mPermit User Sessions[0m.
[[0;32m  OK  [0m] Started [0;1;39mLogin Service[0m.
[[0;32m  OK  [0m] Started [0;1;39mAvahi mDNS/DNS-SD Stack[0m.
[[0;32m  OK  [0m] Started [0;1;39mGetty on tty1[0m.
[[0;32m  OK  [0m] Started [0;1;39mSerial Getty on ttySC0[0m.
[[0;32m  OK  [0m] Reached target [0;1;39mLogin Prompts[0m.
         Starting [0;1;39mset_default_governor.service[0m...
[   18.366193] rd 0-7: Disabling EAS, schedutil is mandatory
[[0;32m  OK  [0m] Started [0;1;39mset_default_governor.service[0m.
[[0;32m  OK  [0m] Reached target [0;1;39mMulti-User System[0m.
         Starting [0;1;39mUpdate UTMP about System Runlevel Changes[0m...
[[0;32m  OK  [0m] Started [0;1;39mUpdate UTMP about System Runlevel Changes[0m.

Poky (Yocto Project Reference Distro) 3.1.11 salvator-x ttySC0

salvator-x login: 
salvator-x login: root
[   20.126431] audit: type=1006 audit(1703064537.660:2): pid=537 uid=0 old-auid=4294967295 auid=0 tty=(none) old-ses=4294967295 ses=1 res=1
7[r[999;999H[6n8root@salvator-x:~# 
root@salvator-x:~# 
root@salvator-x:~# 
root@salvator-x:~# 
root@salvator-x:~# 
root@salvator-x:~# 
root@salvator-x:~# 
root@salvator-x:~# 
root@salvator-x:~# 
root@salvator-x:~# i2cset -f -y 7 0x30 0x20 0x0f
root@salvator-x:~# 

Switch SW23 off and input 'yes' to continue:
Input 'yes' to continue: 

root@salvator-x:~# echo N > /sys/module/printk/parameters/console_suspend
root@salvator-x:~# 
root@salvator-x:~# echo mem > /sys/power/state
[   39.729915] PM: suspend entry (deep)
[   39.733699] Filesystems sync: 0.000 seconds
[   39.739553] Freezing user space processes ... (elapsed 0.001 seconds) done.
[   39.741220] OOM killer disabled.
[   39.741223] Freezing remaining freezable tasks ... (elapsed 0.001 seconds) done.
[   39.772485] sd 4:0:0:0: [sdd] Synchronizing SCSI cache
[   39.777746] sd 3:0:0:0: [sdc] Synchronizing SCSI cache
[   40.168365] ravb e6800000.ethernet eth0: Link is Down
[   40.186709] Disabling non-boot CPUs ...
[   40.191237] CPU1: shutdown
[   40.193969] psci: CPU1 killed (polled 0 ms)
[   40.200199] CPU2: shutdown
[   40.202937] psci: CPU2 killed (polled 0 ms)
[   40.208767] CPU3: shutdown
[   40.211508] psci: CPU3 killed (polled 0 ms)
[   40.217545] CPU4: shutdown
[   40.220274] psci: CPU4 killed (polled 0 ms)
[   40.226248] CPU5: shutdown
[   40.228966] psci: CPU5 killed (polled 0 ms)
[   40.234702] CPU6: shutdown
[   40.237414] psci: CPU6 killed (polled 0 ms)
[   40.243100] CPU7: shutdown
[   40.245860] psci: CPU7 killed (polled 0 ms)
 
 Switch power switch: 

NOTICE:  BL2: R-Car Gen3 Initial Program Loader(CA57) Rev.4.0.0
NOTICE:  BL2: PRR is R-Car H3 Ver.3.0
NOTICE:  BL2: Board is Salvator-XS Rev.1.0
NOTICE:  BL2: Boot device is HyperFlash(160MHz)
NOTICE:  BL2: LCM state is CM
NOTICE:  AVS setting succeeded. DVFS_SetVID=0x53
NOTICE:  BL2: DDR3200(rev.0.42)
NOTICE:  BL2: [WARM_BOOT]
NOTICE:  BL2: DRAM Split is 4ch(DDR f)
NOTICE:  BL2: QoS is default setting(rev.0.11)
NOTICE:  BL2: DRAM refresh interval 1.95 usec
NOTICE:  BL2: Periodic Write DQ Training
NOTICE:  BL2: CH0: 400000000 - 47fffffff, 2 GiB
NOTICE:  BL2: CH1: 500000000 - 57fffffff, 2 GiB
NOTICE:  BL2: CH2: 600000000 - 67fffffff, 2 GiB
NOTICE:  BL2: CH3: 700000000 - 77fffffff, 2 GiB
NOTICE:  BL2: Lossy Decomp areas
NOTICE:       Entry 0: DCMPAREACRAx:0x80000540 DCMPAREACRBx:0x570
NOTICE:       Entry 1: DCMPAREACRAx:0x40000000 DCMPAREACRBx:0x0
NOTICE:       Entry 2: DCMPAREACRAx:0x20000000 DCMPAREACRBx:0x0
NOTICE:  BL2: FDT at 0xe6327f70
NOTICE:  BL2: v2.9(release):9cdb21f75
NOTICE:  BL2: Built : 05:25:39, Dec 19 2023
NOTICE:  BL2: Normal boot
[   40.250968] Enabling non-boot CPUs ...
[   40.255004] Detected PIPT I-cache on CPU1
[   40.255058] CPU1: Booted secondary processor 0x0000000001 [0x411fd073]
[   40.255567] CPU1 is up
[   40.268612] Detected PIPT I-cache on CPU2
[   40.268634] CPU2: Booted secondary processor 0x0000000002 [0x411fd073]
[   40.268913] CPU2 is up
[   40.281931] Detected PIPT I-cache on CPU3
[   40.281955] CPU3: Booted secondary processor 0x0000000003 [0x411fd073]
[   40.282246] CPU3 is up
[   40.295306] Detected VIPT I-cache on CPU4
[   40.295358] CPU4: Booted secondary processor 0x0000000100 [0x410fd034]
[   40.296262] CPU4 is up
[   40.309268] Detected VIPT I-cache on CPU5
[   40.309301] CPU5: Booted secondary processor 0x0000000101 [0x410fd034]
[   40.309900] CPU5 is up
[   40.322904] Detected VIPT I-cache on CPU6
[   40.322937] CPU6: Booted secondary processor 0x0000000102 [0x410fd034]
[   40.323553] CPU6 is up
[   40.336555] Detected VIPT I-cache on CPU7
[   40.336589] CPU7: Booted secondary processor 0x0000000103 [0x410fd034]
[   40.337204] CPU7 is up
[   40.425661] xhci-hcd ee000000.usb: xHC error in resume, USBSTS 0x401, Reinit
[   40.432703] usb usb7: root hub lost power or was reset
[   40.437823] usb usb8: root hub lost power or was reset
[   40.544781] Micrel KSZ9031 Gigabit PHY e6800000.ethernet-ffffffff:00: attached PHY driver [Micrel KSZ9031 Gigabit PHY] (mii_bus:phy_addr=e6800000.ethernet-ffffffff:00, irq=183)
[   40.659776] usb usb4: root hub lost power or was reset
[   40.665076] usb usb1: root hub lost power or was reset
[   40.751860] usb usb5: root hub lost power or was reset
[   40.757115] usb usb2: root hub lost power or was reset
[   40.843859] usb usb6: root hub lost power or was reset
[   40.849124] usb usb3: root hub lost power or was reset
[   40.967866] usb usb10: root hub lost power or was reset
[   40.973210] usb usb9: root hub lost power or was reset
[   40.985853] ata1: link resume succeeded after 1 retries
[   41.097574] ata1: SATA link down (SStatus 0 SControl 300)
[   41.325776] usb 1-1: reset high-speed USB device number 2 using ehci-platform
[   41.473762] usb 2-1: reset high-speed USB device number 2 using ehci-platform
[   42.133770] usb 3-1: reset high-speed USB device number 2 using ehci-platform
[   42.253847] usb 9-1: reset high-speed USB device number 2 using ehci-platform
[   42.421876] OOM killer enabled.
[   42.425677] Restarting tasks ... done.
root@salvator-x:~# [   42.431570] PM: suspend exit
[   43.229794] SDHI0 VccQ: disabling
[   43.233122] SDHI3 VccQ: disabling
[   47.294347] ravb e6800000.ethernet eth0: Link is Up - 1Gbps/Full - flow control off

root@salvator-x:~# echo "Wake up sucessfully"
Wake up sucessfully
root@salvator-x:~# 
root@salvator-x:~# dd if=/dev/urandom of=testdata bs=10M count=5
5+0 records in
5+0 records out
52428800 bytes (52 MB, 50 MiB) copied, 1.43108 s, 36.6 MB/s
root@salvator-x:~# 
root@salvator-x:~# find /sys/devices/platform/soc/ee0a0100.usb/ -name 'sd*'
/sys/devices/platform/soc/ee0a0100.usb/usb1/1-1/1-1:1.0/host1/target1:0:0/1:0:0:0/block/sda
/sys/devices/platform/soc/ee0a0100.usb/usb1/1-1/1-1:1.0/host1/target1:0:0/1:0:0:0/block/sda/sda1
root@salvator-x:~# 
root@salvator-x:~# mount /dev/sda1 /mnt/usb0
[   57.865887] EXT4-fs (sda1): mounted filesystem with ordered data mode. Opts: (null)
root@salvator-x:~# 
root@salvator-x:~# cp testdata /mnt/usb0/testdata_from_nfs
root@salvator-x:~# 
root@salvator-x:~# cp /mnt/usb0/testdata_from_nfs testdata_from_usb0
root@salvator-x:~# 
root@salvator-x:~# sync
root@salvator-x:~# 
root@salvator-x:~# cmp testdata testdata_from_usb0
root@salvator-x:~# 
root@salvator-x:~# umount /mnt/usb0
root@salvator-x:~# 
root@salvator-x:~# find /sys/devices/platform/soc/ee0c0100.usb/ -name 'sd*'
/sys/devices/platform/soc/ee0c0100.usb/usb2/2-1/2-1:1.0/host2/target2:0:0/2:0:0:0/block/sdb
/sys/devices/platform/soc/ee0c0100.usb/usb2/2-1/2-1:1.0/host2/target2:0:0/2:0:0:0/block/sdb/sdb2
/sys/devices/platform/soc/ee0c0100.usb/usb2/2-1/2-1:1.0/host2/target2:0:0/2:0:0:0/block/sdb/sdb1
root@salvator-x:~# 
root@salvator-x:~# mount /dev/sdb2 /mnt/usb1
[   67.549722] EXT4-fs (sdb2): mounted filesystem with ordered data mode. Opts: (null)
root@salvator-x:~# 
root@salvator-x:~# cp testdata /mnt/usb1/testdata_from_nfs
root@salvator-x:~# 
root@salvator-x:~# cp /mnt/usb1/testdata_from_nfs testdata_from_usb1
root@salvator-x:~# 
root@salvator-x:~# sync
root@salvator-x:~# 
root@salvator-x:~# cmp testdata testdata_from_usb1
root@salvator-x:~# 
root@salvator-x:~# umount /mnt/usb1
root@salvator-x:~# 
root@salvator-x:~# find /sys/devices/platform/soc/ee0e0100.usb/ -name 'sd*'
/sys/devices/platform/soc/ee0e0100.usb/usb3/3-1/3-1:1.0/host3/target3:0:0/3:0:0:0/block/sdc
/sys/devices/platform/soc/ee0e0100.usb/usb3/3-1/3-1:1.0/host3/target3:0:0/3:0:0:0/block/sdc/sdc1
root@salvator-x:~# 
root@salvator-x:~# mount /dev/sdc1 /mnt/usb2
[   76.852225] EXT4-fs (sdc1): mounted filesystem with ordered data mode. Opts: (null)
root@salvator-x:~# 
root@salvator-x:~# cp testdata /mnt/usb2/testdata_from_nfs
root@salvator-x:~# 
root@salvator-x:~# cp /mnt/usb2/testdata_from_nfs testdata_from_usb2
root@salvator-x:~# 
root@salvator-x:~# sync
root@salvator-x:~# 
root@salvator-x:~# cmp testdata testdata_from_usb2
root@salvator-x:~# 
root@salvator-x:~# umount /mnt/usb2
root@salvator-x:~# 
root@salvator-x:~# find /sys/devices/platform/soc/ee080100.usb/ -name 'sd*'
/sys/devices/platform/soc/ee080100.usb/usb9/9-1/9-1:1.0/host4/target4:0:0/4:0:0:0/block/sdd
/sys/devices/platform/soc/ee080100.usb/usb9/9-1/9-1:1.0/host4/target4:0:0/4:0:0:0/block/sdd/sdd1
root@salvator-x:~# 
root@salvator-x:~# mount /dev/sdd1 /mnt/usb3
[   91.744881] EXT4-fs (sdd1): mounted filesystem with ordered data mode. Opts: (null)
root@salvator-x:~# 
root@salvator-x:~# cp testdata /mnt/usb3/testdata_from_nfs
root@salvator-x:~# 
root@salvator-x:~# cp /mnt/usb3/testdata_from_nfs testdata_from_usb3
root@salvator-x:~# 
root@salvator-x:~# sync
root@salvator-x:~# 
root@salvator-x:~# cmp testdata testdata_from_usb3
root@salvator-x:~# 
root@salvator-x:~# umount /mnt/usb3
root@salvator-x:~# 
 
#### Result: OK ####
