

----------Item 26----------


Please press switch to restart board 

[F 00:00:120
[F 00:00:119
[F 00:00:118
NOTICE:  BL2: R-Car Gen3 Initial Program Loader(CA57) Rev.4.0.0
NOTICE:  BL2: PRR is R-Car H3 Ver.3.0
NOTICE:  BL2: Board is Salvator-XS Rev.1.0
NOTICE:  BL2: Boot device is HyperFlash(160MHz)
NOTICE:  BL2: LCM state is CM
NOTICE:  AVS setting succeeded. DVFS_SetVID=0x53
NOTICE:  BL2: DDR3200(rev.0.42)
NOTICE:  BL2: [COLD_BOOT]
NOTICE:  BL2: DRAM Split is 4ch(DDR f)
NOTICE:  BL2: QoS is default setting(rev.0.11)
NOTICE:  BL2: DRAM refresh interval 1.95 usec
NOTICE:  BL2: Periodic Write DQ Training
NOTICE:  BL2: CH0: 400000000 - 47fffffff, 2 GiB
NOTICE:  BL2: CH1: 500000000 - 57fffffff, 2 GiB
NOTICE:  BL2: CH2: 600000000 - 67fffffff, 2 GiB
NOTICE:  BL2: CH3: 700000000 - 77fffffff, 2 GiB
NOTICE:  BL2: Lossy Decomp areas
NOTICE:       Entry 0: DCMPAREACRAx:0x80000540 DCMPAREACRBx:0x570
NOTICE:       Entry 1: DCMPAREACRAx:0x40000000 DCMPAREACRBx:0x0
NOTICE:       Entry 2: DCMPAREACRAx:0x20000000 DCMPAREACRBx:0x0
NOTICE:  BL2: FDT at 0xe6327f70
NOTICE:  BL2: v2.9(release):9cdb21f75
NOTICE:  BL2: Built : 05:25:39, Dec 19 2023
NOTICE:  BL2: Normal boot
NOTICE:  BL2: dst=0xe6327800 src=0x8180000 len=512(0x200)
NOTICE:  BL2: dst=0x43f00000 src=0x8180400 len=6144(0x1800)
NOTICE:  rcar_file_len: len: 0x0003e000
NOTICE:  BL2: dst=0x44000000 src=0x81c0000 len=253952(0x3e000)
NOTICE:  rcar_file_len: len: 0x00200000
NOTICE:  BL2: dst=0x44100000 src=0x8200000 len=2097152(0x200000)
NOTICE:  rcar_file_len: len: 0x00100000
NOTICE:  BL2: dst=0x50000000 src=0x8640000 len=1048576(0x100000)
NOTICE:  BL2: Booting BL31


U-Boot 2020.10 (Dec 19 2023 - 14:30:40 +0000)

CPU: Renesas Electronics R8A7795 rev 3.0
Model: Renesas Salvator-X 2nd version board based on r8a77951
DRAM:  7.9 GiB
RAM Configuration:
Bank #0: 0x048000000 - 0x0bfffffff, 1.9 GiB
Bank #1: 0x500000000 - 0x57fffffff, 2 GiB
Bank #2: 0x600000000 - 0x67fffffff, 2 GiB
Bank #3: 0x700000000 - 0x77fffffff, 2 GiB

MMC:   sd@ee100000: 0, sd@ee140000: 1, sd@ee160000: 2
Loading Environment from MMC... OK
In:    serial@e6e88000
Out:   serial@e6e88000
Err:   serial@e6e88000
Net:   eth0: ethernet@e6800000
Hit any key to stop autoboot:  2  1  0 
ethernet@e6800000 Waiting for PHY auto negotiation to complete............ done
Using ethernet@e6800000 device
TFTP from server 192.168.10.99; our IP address is 192.168.10.167
Filename 'traivo/H3/rootfs/boot_USB2H/Image'.
Load address: 0x48080000
Loading: *#################################################################
	 #################################################################
	 #################################################################
	 #################################################################
	 #################################################################
	 #################################################################
	 #################################################################
	 #################################################################
	 #################################################################
	 #################################################################
	 #################################################################
	 #################################################################
	 #################################################################
	 #################################################################
	 #################################################################
	 #################################################################
	 #################################################################
	 #################################################################
	 #################################################################
	 #################################################################
	 #################################################################
	 #################################################################
	 #################################################################
	 #################################################################
	 #################################################################
	 #################################################################
	 #################################################################
	 #################################################################
	 #################################################################
	 #################################################################
	 #################################################################
	 #################################################################
	 #################################################################
	 #################################################################
	 ################################################################
	 4.6 MiB/s
done
Bytes transferred = 33376768 (1fd4a00 hex)
Using ethernet@e6800000 device
TFTP from server 192.168.10.99; our IP address is 192.168.10.167
Filename 'traivo/H3/rootfs/boot_USB2H/r8a77951-salvator-xs.dtb'.
Load address: 0x48000000
Loading: *#######
	 7.9 MiB/s
done
Bytes transferred = 90876 (162fc hex)
Moving Image from 0x48080000 to 0x48200000, end=4a260000
## Flattened Device Tree blob at 48000000
   Booting using the fdt blob at 0x48000000
   Loading Device Tree to 0000000053fe6000, end 0000000053fff2fb ... OK

Starting kernel ...

[    0.000000] Booting Linux on physical CPU 0x0000000000 [0x411fd073]
[    0.000000] Linux version 5.10.194-yocto-standard (thuan.nguyen-hong@banvien) (aarch64-poky-linux-gcc (GCC) 9.3.0, GNU ld (GNU Binutils) 2.34.0.20200220) #10 SMP PREEMPT Mon Feb 19 03:51:05 UTC 2024
[    0.000000] Machine model: Renesas Salvator-X 2nd version board based on r8a77951
[    0.000000] efi: UEFI not found.
[    0.000000] Reserved memory: created CMA memory pool at 0x0000000057000000, size 16 MiB
[    0.000000] OF: reserved mem: initialized node linux,adsp@57000000, compatible id shared-dma-pool
[    0.000000] Reserved memory: created CMA memory pool at 0x0000000058000000, size 384 MiB
[    0.000000] OF: reserved mem: initialized node linux,cma@58000000, compatible id shared-dma-pool
[    0.000000] Reserved memory: created CMA memory pool at 0x0000000070000000, size 256 MiB
[    0.000000] OF: reserved mem: initialized node linux,multimedia@70000000, compatible id shared-dma-pool
[    0.000000] NUMA: No NUMA configuration found
[    0.000000] NUMA: Faking a node at [mem 0x0000000048000000-0x000000077fffffff]
[    0.000000] NUMA: NODE_DATA [mem 0x77efdab00-0x77efdcfff]
[    0.000000] Zone ranges:
[    0.000000]   DMA      [mem 0x0000000048000000-0x000000007fffffff]
[    0.000000]   DMA32    [mem 0x0000000080000000-0x00000000ffffffff]
[    0.000000]   Normal   [mem 0x0000000100000000-0x000000077fffffff]
[    0.000000] Movable zone start for each node
[    0.000000] Early memory node ranges
[    0.000000]   node   0: [mem 0x0000000048000000-0x0000000053ffffff]
[    0.000000]   node   0: [mem 0x0000000054000000-0x0000000056ffffff]
[    0.000000]   node   0: [mem 0x0000000057000000-0x00000000bfffffff]
[    0.000000]   node   0: [mem 0x0000000500000000-0x000000057fffffff]
[    0.000000]   node   0: [mem 0x0000000600000000-0x000000067fffffff]
[    0.000000]   node   0: [mem 0x0000000700000000-0x000000077fffffff]
[    0.000000] Initmem setup node 0 [mem 0x0000000048000000-0x000000077fffffff]
[    0.000000] psci: probing for conduit method from DT.
[    0.000000] psci: PSCIv1.1 detected in firmware.
[    0.000000] psci: Using standard PSCI v0.2 function IDs
[    0.000000] psci: Trusted OS resident on physical CPU 0x0
[    0.000000] psci: SMC Calling Convention v1.2
[    0.000000] percpu: Embedded 23 pages/cpu s56984 r8192 d29032 u94208
[    0.000000] Detected PIPT I-cache on CPU0
[    0.000000] CPU features: detected: EL2 vector hardening
[    0.000000] CPU features: detected: Spectre-v2
[    0.000000] CPU features: detected: ARM errata 1165522, 1319367, or 1530923
[    0.000000] CPU features: detected: Spectre-BHB
[    0.000000] CPU features: detected: ARM erratum 1742098
[    0.000000] Built 1 zonelists, mobility grouping on.  Total pages: 2032128
[    0.000000] Policy zone: Normal
[    0.000000] Kernel command line: rw root=/dev/nfs nfsroot=192.168.10.99:/data/tftpboot/traivo/H3/rootfs,nfsvers=4, ip=192.168.10.167
[    0.000000] Dentry cache hash table entries: 1048576 (order: 11, 8388608 bytes, linear)
[    0.000000] Inode-cache hash table entries: 524288 (order: 10, 4194304 bytes, linear)
[    0.000000] mem auto-init: stack:off, heap alloc:off, heap free:off
[    0.000000] software IO TLB: mapped [mem 0x000000004ffe6000-0x0000000053fe6000] (64MB)
[    0.000000] Memory: 7276840K/8257536K available (15232K kernel code, 2834K rwdata, 8240K rodata, 6144K init, 517K bss, 308952K reserved, 671744K cma-reserved)
[    0.000000] SLUB: HWalign=64, Order=0-3, MinObjects=0, CPUs=8, Nodes=1
[    0.000000] rcu: Preemptible hierarchical RCU implementation.
[    0.000000] rcu: 	RCU event tracing is enabled.
[    0.000000] rcu: 	RCU restricting CPUs from NR_CPUS=256 to nr_cpu_ids=8.
[    0.000000] 	Trampoline variant of Tasks RCU enabled.
[    0.000000] rcu: RCU calculated value of scheduler-enlistment delay is 25 jiffies.
[    0.000000] rcu: Adjusting geometry for rcu_fanout_leaf=16, nr_cpu_ids=8
[    0.000000] NR_IRQS: 64, nr_irqs: 64, preallocated irqs: 0
[    0.000000] arch_timer: cp15 timer(s) running at 8.32MHz (virt).
[    0.000000] clocksource: arch_sys_counter: mask: 0xffffffffffffff max_cycles: 0x1eb398c07, max_idle_ns: 440795202503 ns
[    0.000003] sched_clock: 56 bits at 8MHz, resolution 120ns, wraps every 2199023255503ns
[    0.000205] Console: colour dummy device 80x25
[    0.000414] printk: console [tty0] enabled
[    0.000490] Calibrating delay loop (skipped), value calculated using timer frequency.. 16.64 BogoMIPS (lpj=33280)
[    0.000505] pid_max: default: 32768 minimum: 301
[    0.000563] LSM: Security Framework initializing
[    0.000651] Mount-cache hash table entries: 16384 (order: 5, 131072 bytes, linear)
[    0.000702] Mountpoint-cache hash table entries: 16384 (order: 5, 131072 bytes, linear)
[    0.002145] rcu: Hierarchical SRCU implementation.
[    0.003729] Detected Renesas R-Car Gen3 r8a7795 ES3.0
[    0.005876] EFI services will not be available.
[    0.006217] smp: Bringing up secondary CPUs ...
[    0.006677] Detected PIPT I-cache on CPU1
[    0.006725] CPU1: Booted secondary processor 0x0000000001 [0x411fd073]
[    0.007218] Detected PIPT I-cache on CPU2
[    0.007240] CPU2: Booted secondary processor 0x0000000002 [0x411fd073]
[    0.007668] Detected PIPT I-cache on CPU3
[    0.007690] CPU3: Booted secondary processor 0x0000000003 [0x411fd073]
[    0.008161] CPU features: detected: ARM erratum 845719
[    0.008174] Detected VIPT I-cache on CPU4
[    0.008220] CPU4: Booted secondary processor 0x0000000100 [0x410fd034]
[    0.008699] Detected VIPT I-cache on CPU5
[    0.008725] CPU5: Booted secondary processor 0x0000000101 [0x410fd034]
[    0.009162] Detected VIPT I-cache on CPU6
[    0.009189] CPU6: Booted secondary processor 0x0000000102 [0x410fd034]
[    0.009628] Detected VIPT I-cache on CPU7
[    0.009655] CPU7: Booted secondary processor 0x0000000103 [0x410fd034]
[    0.009733] smp: Brought up 1 node, 8 CPUs
[    0.009795] SMP: Total of 8 processors activated.
[    0.009803] CPU features: detected: 32-bit EL0 Support
[    0.009810] CPU features: detected: CRC32 instructions
[    0.009817] CPU features: detected: 32-bit EL1 Support
[    0.023020] CPU: All CPU(s) started at EL1
[    0.023071] alternatives: patching kernel code
[    0.024219] devtmpfs: initialized
[    0.031005] KASLR disabled due to lack of seed
[    0.031156] clocksource: jiffies: mask: 0xffffffff max_cycles: 0xffffffff, max_idle_ns: 7645041785100000 ns
[    0.031177] futex hash table entries: 2048 (order: 5, 131072 bytes, linear)
[    0.039809] pinctrl core: initialized pinctrl subsystem
[    0.041293] DMI not present or invalid.
[    0.041794] NET: Registered protocol family 16
[    0.042752] DMA: preallocated 1024 KiB GFP_KERNEL pool for atomic allocations
[    0.042948] DMA: preallocated 1024 KiB GFP_KERNEL|GFP_DMA pool for atomic allocations
[    0.043243] DMA: preallocated 1024 KiB GFP_KERNEL|GFP_DMA32 pool for atomic allocations
[    0.043283] audit: initializing netlink subsys (disabled)
[    0.043458] audit: type=2000 audit(0.040:1): state=initialized audit_enabled=0 res=1
[    0.044606] thermal_sys: Registered thermal governor 'power_allocator'
[    0.045115] cpuidle: using governor menu
[    0.045288] hw-breakpoint: found 6 breakpoint and 4 watchpoint registers.
[    0.045412] ASID allocator initialised with 65536 entries
[    0.046696] Serial: AMBA PL011 UART driver
[    0.089533] sh-pfc e6060000.pinctrl: r8a77951_pfc support registered
[    0.104274] HugeTLB registered 1.00 GiB page size, pre-allocated 0 pages
[    0.104287] HugeTLB registered 32.0 MiB page size, pre-allocated 0 pages
[    0.104295] HugeTLB registered 2.00 MiB page size, pre-allocated 0 pages
[    0.104303] HugeTLB registered 64.0 KiB page size, pre-allocated 0 pages
[    0.105264] cryptd: max_cpu_qlen set to 1000
[    0.107528] ACPI: Interpreter disabled.
[    0.111339] rcar-avs: use avs value: 0
[    0.111356] rcar-avs: cpu@0 is running with: opp_table0
[    0.111365] rcar-avs: cpu@1 is running with: opp_table0
[    0.111374] rcar-avs: cpu@2 is running with: opp_table0
[    0.111393] rcar-avs: cpu@3 is running with: opp_table0
[    0.111479] rcar-avs: gsx@fd000000 is running with: gsx_opp_table0
[    0.112893] iommu: Default domain type: Translated 
[    0.113459] ipmmu-vmsa e67b0000.iommu: IPMMU context 0 is reserved
[    0.114448] vgaarb: loaded
[    0.114637] SCSI subsystem initialized
[    0.114899] usbcore: registered new interface driver usbfs
[    0.114929] usbcore: registered new interface driver hub
[    0.114954] usbcore: registered new device driver usb
[    0.118495] i2c-sh_mobile e60b0000.i2c: I2C adapter 7, bus speed 400000 Hz
[    0.119029] mc: Linux media interface: v0.10
[    0.119052] videodev: Linux video capture interface: v2.00
[    0.119099] pps_core: LinuxPPS API ver. 1 registered
[    0.119106] pps_core: Software ver. 5.3.6 - Copyright 2005-2007 Rodolfo Giometti <giometti@linux.it>
[    0.119120] PTP clock support registered
[    0.119292] EDAC MC: Ver: 3.0.0
[    0.121430] FPGA manager framework
[    0.121488] Advanced Linux Sound Architecture Driver Initialized.
[    0.122055] clocksource: Switched to clocksource arch_sys_counter
[    0.122183] VFS: Disk quotas dquot_6.6.0
[    0.122225] VFS: Dquot-cache hash table entries: 512 (order 0, 4096 bytes)
[    0.122353] pnp: PnP ACPI: disabled
[    0.125812] NET: Registered protocol family 2
[    0.126229] IP idents hash table entries: 131072 (order: 8, 1048576 bytes, linear)
[    0.128487] tcp_listen_portaddr_hash hash table entries: 4096 (order: 4, 65536 bytes, linear)
[    0.128565] TCP established hash table entries: 65536 (order: 7, 524288 bytes, linear)
[    0.128849] TCP bind hash table entries: 65536 (order: 8, 1048576 bytes, linear)
[    0.129436] TCP: Hash tables configured (established 65536 bind 65536)
[    0.129553] UDP hash table entries: 4096 (order: 5, 131072 bytes, linear)
[    0.129666] UDP-Lite hash table entries: 4096 (order: 5, 131072 bytes, linear)
[    0.129884] NET: Registered protocol family 1
[    0.130252] RPC: Registered named UNIX socket transport module.
[    0.130262] RPC: Registered udp transport module.
[    0.130268] RPC: Registered tcp transport module.
[    0.130273] RPC: Registered tcp NFSv4.1 backchannel transport module.
[    0.130286] PCI: CLS 0 bytes, default 64
[    0.131195] hw perfevents: enabled with armv8_cortex_a53 PMU driver, 7 counters available
[    0.131466] hw perfevents: enabled with armv8_cortex_a57 PMU driver, 7 counters available
[    0.132095] kvm [1]: HYP mode not available
[    0.134878] Initialise system trusted keyrings
[    0.135010] workingset: timestamp_bits=42 max_order=21 bucket_order=0
[    0.138082] squashfs: version 4.0 (2009/01/31) Phillip Lougher
[    0.138481] NFS: Registering the id_resolver key type
[    0.138520] Key type id_resolver registered
[    0.138526] Key type id_legacy registered
[    0.138583] nfs4filelayout_init: NFSv4 File Layout Driver Registering...
[    0.138593] nfs4flexfilelayout_init: NFSv4 Flexfile Layout Driver Registering...
[    0.138711] 9p: Installing v9fs 9p2000 file system support
[    0.164777] Key type asymmetric registered
[    0.164789] Asymmetric key parser 'x509' registered
[    0.164822] Block layer SCSI generic (bsg) driver version 0.4 loaded (major 243)
[    0.164833] io scheduler mq-deadline registered
[    0.164843] io scheduler kyber registered
[    0.180953] gpio_rcar e6050000.gpio: driving 16 GPIOs
[    0.181276] gpio_rcar e6051000.gpio: driving 29 GPIOs
[    0.181552] gpio_rcar e6052000.gpio: driving 15 GPIOs
[    0.181826] gpio_rcar e6053000.gpio: driving 16 GPIOs
[    0.182101] gpio_rcar e6054000.gpio: driving 18 GPIOs
[    0.182378] gpio_rcar e6055000.gpio: driving 26 GPIOs
[    0.182654] gpio_rcar e6055400.gpio: driving 32 GPIOs
[    0.182915] gpio_rcar e6055800.gpio: driving 4 GPIOs
[    0.185805] rcar-pcie fe000000.pcie: host bridge /soc/pcie@fe000000 ranges:
[    0.185838] rcar-pcie fe000000.pcie:       IO 0x00fe100000..0x00fe1fffff -> 0x0000000000
[    0.185860] rcar-pcie fe000000.pcie:      MEM 0x00fe200000..0x00fe3fffff -> 0x00fe200000
[    0.185878] rcar-pcie fe000000.pcie:      MEM 0x0030000000..0x0037ffffff -> 0x0030000000
[    0.185892] rcar-pcie fe000000.pcie:      MEM 0x0038000000..0x003fffffff -> 0x0038000000
[    0.185909] rcar-pcie fe000000.pcie:   IB MEM 0x0040000000..0x007fffffff -> 0x0040000000
[    0.185956] rcar-pcie fe000000.pcie: no pcie3v3 regulator found
[    0.185967] rcar-pcie fe000000.pcie: no pcie1v8 regulator found
[    0.253756] rcar-pcie fe000000.pcie: PCIe link down
[    0.253942] rcar-pcie ee800000.pcie: host bridge /soc/pcie@ee800000 ranges:
[    0.253965] rcar-pcie ee800000.pcie:       IO 0x00ee900000..0x00ee9fffff -> 0x0000000000
[    0.253985] rcar-pcie ee800000.pcie:      MEM 0x00eea00000..0x00eebfffff -> 0x00eea00000
[    0.254004] rcar-pcie ee800000.pcie:      MEM 0x00c0000000..0x00c7ffffff -> 0x00c0000000
[    0.254018] rcar-pcie ee800000.pcie:      MEM 0x00c8000000..0x00cfffffff -> 0x00c8000000
[    0.254035] rcar-pcie ee800000.pcie:   IB MEM 0x0040000000..0x007fffffff -> 0x0040000000
[    0.254081] rcar-pcie ee800000.pcie: no pcie3v3 regulator found
[    0.254093] rcar-pcie ee800000.pcie: no pcie1v8 regulator found
[    0.414056] rcar-pcie ee800000.pcie: PCIe link down
[    0.416546] EINJ: ACPI disabled.
[    0.450334] Serial: 8250/16550 driver, 4 ports, IRQ sharing enabled
[    0.452734] SuperH (H)SCI(F) driver initialized
[    0.453175] e6550000.serial: ttySC1 at MMIO 0xe6550000 (irq = 42, base_baud = 0) is a hscif
[    0.453912] e6e88000.serial: ttySC0 at MMIO 0xe6e88000 (irq = 128, base_baud = 0) is a scif
[    1.658653] printk: console [ttySC0] enabled
[    1.664080] msm_serial: driver initialized
[    1.674388] rcar-dw-hdmi fead0000.hdmi: Detected HDMI TX controller v2.01a with HDCP (DWC HDMI 2.0 TX PHY)
[    1.684283] rcar-dw-hdmi fead0000.hdmi: registered DesignWare HDMI I2C bus driver
[    1.692526] rcar-dw-hdmi feae0000.hdmi: Detected HDMI TX controller v2.01a with HDCP (DWC HDMI 2.0 TX PHY)
[    1.702404] rcar-dw-hdmi feae0000.hdmi: registered DesignWare HDMI I2C bus driver
[    1.717846] loop: module loaded
[    1.722424] megasas: 07.714.04.00-rc1
[    1.728163] scsi host0: sata_rcar
[    1.731634] ata1: SATA max UDMA/133 irq 181
[    1.741020] tun: Universal TUN/TAP device driver, 1.6
[    1.746974] thunder_xcv, ver 1.0
[    1.750230] thunder_bgx, ver 1.0
[    1.753471] nicpf, ver 1.0
[    1.757602] hclge is initializing
[    1.760937] hns3: Hisilicon Ethernet Network Driver for Hip08 Family - version
[    1.768159] hns3: Copyright (c) 2017 Huawei Corporation.
[    1.773492] e1000: Intel(R) PRO/1000 Network Driver
[    1.778371] e1000: Copyright (c) 1999-2006 Intel Corporation.
[    1.784140] e1000e: Intel(R) PRO/1000 Network Driver
[    1.789105] e1000e: Copyright(c) 1999 - 2015 Intel Corporation.
[    1.795048] igb: Intel(R) Gigabit Ethernet Network Driver
[    1.800451] igb: Copyright (c) 2007-2014 Intel Corporation.
[    1.806042] igbvf: Intel(R) Gigabit Virtual Function Network Driver
[    1.812319] igbvf: Copyright (c) 2009 - 2012 Intel Corporation.
[    1.818652] sky2: driver version 1.30
[    1.826280] ravb e6800000.ethernet eth0: Base address at 0xe6800000, 2e:09:0a:02:ec:37, IRQ 125.
[    1.836466] VFIO - User Level meta-driver version: 0.3
[    1.843666] ehci_hcd: USB 2.0 'Enhanced' Host Controller (EHCI) Driver
[    1.850207] ehci-pci: EHCI PCI platform driver
[    1.854672] ehci-platform: EHCI generic platform driver
[    1.860284] ehci-platform ee0a0100.usb: EHCI Host Controller
[    1.865969] ehci-platform ee0a0100.usb: new USB bus registered, assigned bus number 1
[    1.873893] ehci-platform ee0a0100.usb: irq 175, io mem 0xee0a0100
[    1.894064] ehci-platform ee0a0100.usb: USB 2.0 started, EHCI 1.10
[    1.900596] hub 1-0:1.0: USB hub found
[    1.904367] hub 1-0:1.0: 1 port detected
[    1.908780] ehci-platform ee0c0100.usb: EHCI Host Controller
[    1.914455] ehci-platform ee0c0100.usb: new USB bus registered, assigned bus number 2
[    1.922339] ehci-platform ee0c0100.usb: irq 176, io mem 0xee0c0100
[    1.942062] ehci-platform ee0c0100.usb: USB 2.0 started, EHCI 1.10
[    1.948607] hub 2-0:1.0: USB hub found
[    1.952377] hub 2-0:1.0: 1 port detected
[    1.982068] ehci-platform ee0e0100.usb: EHCI Host Controller
[    1.987749] ehci-platform ee0e0100.usb: new USB bus registered, assigned bus number 3
[    1.995662] ehci-platform ee0e0100.usb: irq 177, io mem 0xee0e0100
[    2.014062] ehci-platform ee0e0100.usb: USB 2.0 started, EHCI 1.10
[    2.020522] hub 3-0:1.0: USB hub found
[    2.024291] hub 3-0:1.0: 1 port detected
[    2.028666] ehci-orion: EHCI orion driver
[    2.032932] ehci-exynos: EHCI Exynos driver
[    2.037235] ohci_hcd: USB 1.1 'Open' Host Controller (OHCI) Driver
[    2.043432] ohci-pci: OHCI PCI platform driver
[    2.047916] ohci-platform: OHCI generic platform driver
[    2.053446] ohci-platform ee0a0000.usb: Generic Platform OHCI controller
[    2.060166] ohci-platform ee0a0000.usb: new USB bus registered, assigned bus number 4
[    2.068041] ohci-platform ee0a0000.usb: irq 175, io mem 0xee0a0000
[    2.150072] ata1: link resume succeeded after 1 retries
[    2.164331] hub 4-0:1.0: USB hub found
[    2.168100] hub 4-0:1.0: 1 port detected
[    2.172429] ohci-platform ee0c0000.usb: Generic Platform OHCI controller
[    2.179143] ohci-platform ee0c0000.usb: new USB bus registered, assigned bus number 5
[    2.187010] ohci-platform ee0c0000.usb: irq 176, io mem 0xee0c0000
[    2.261593] ata1: SATA link down (SStatus 0 SControl 300)
[    2.280326] hub 5-0:1.0: USB hub found
[    2.284097] hub 5-0:1.0: 1 port detected
[    2.288410] ohci-platform ee0e0000.usb: Generic Platform OHCI controller
[    2.295124] ohci-platform ee0e0000.usb: new USB bus registered, assigned bus number 6
[    2.302992] ohci-platform ee0e0000.usb: irq 177, io mem 0xee0e0000
[    2.396325] hub 6-0:1.0: USB hub found
[    2.400093] hub 6-0:1.0: 1 port detected
[    2.404412] ohci-exynos: OHCI Exynos driver
[    2.409255] xhci-hcd ee000000.usb: xHCI Host Controller
[    2.414496] xhci-hcd ee000000.usb: new USB bus registered, assigned bus number 7
[    2.437754] xhci-hcd ee000000.usb: hcc params 0x014051ce hci version 0x100 quirks 0x0000000000830410
[    2.446922] xhci-hcd ee000000.usb: irq 172, io mem 0xee000000
[    2.452786] xhci-hcd ee000000.usb: xHCI Host Controller
[    2.458018] xhci-hcd ee000000.usb: new USB bus registered, assigned bus number 8
[    2.465421] xhci-hcd ee000000.usb: Host supports USB 3.0 SuperSpeed
[    2.471984] hub 7-0:1.0: USB hub found
[    2.475754] hub 7-0:1.0: 1 port detected
[    2.479846] usb usb8: We don't know the algorithms for LPM for this host, disabling LPM.
[    2.488202] hub 8-0:1.0: USB hub found
[    2.491978] hub 8-0:1.0: 1 port detected
[    2.496789] usbcore: registered new interface driver usb-storage
[    2.504483] renesas_usbhs e6590000.usb: host probed
[    2.509374] renesas_usbhs e6590000.usb: no transceiver found
[    2.515100] renesas_usbhs e6590000.usb: gadget probed
[    2.520325] renesas_usbhs e6590000.usb: probed
[    2.525234] renesas_usbhs e659c000.usb: host probed
[    2.530127] renesas_usbhs e659c000.usb: no transceiver found
[    2.535840] renesas_usbhs e659c000.usb: gadget probed
[    2.541029] renesas_usbhs e659c000.usb: probed
[    2.547934] i2c /dev entries driver
[    2.562506] cs2000-cp 2-004f: revision - C1
[    2.566750] i2c-rcar e6510000.i2c: probed
[    2.571560] pca953x 4-0020: supply vcc not found, using dummy regulator
[    2.578262] pca953x 4-0020: using no AI
[    2.582926] gpio-355 (PCIE/SATA switch): hogged as output/low
[    2.595230] i2c-rcar e66d8000.i2c: probed
[    2.600518] adv748x 4-0070: Endpoint /soc/i2c@e66d8000/video-receiver@70/port@7/endpoint on port 7
[    2.609504] adv748x 4-0070: Endpoint /soc/i2c@e66d8000/video-receiver@70/port@8/endpoint on port 8
[    2.618477] adv748x 4-0070: Endpoint /soc/i2c@e66d8000/video-receiver@70/port@a/endpoint on port 10
[    2.627542] adv748x 4-0070: Endpoint /soc/i2c@e66d8000/video-receiver@70/port@b/endpoint on port 11
[    2.636929] adv748x 4-0070: chip found @ 0xe0 revision 2143
[    2.690479] rcar-csi2 fea80000.csi2: 1 lanes found
[    2.695628] rcar-csi2 feaa0000.csi2: 4 lanes found
[    2.702069] usb 2-1: new high-speed USB device number 2 using ehci-platform
[    2.705225] rcar-vin e6ef0000.video: Device registered as video0
[    2.715122] rcar-vin e6ef1000.video: Device registered as video1
[    2.721197] rcar-vin e6ef2000.video: Device registered as video2
[    2.727278] rcar-vin e6ef3000.video: Device registered as video3
[    2.733353] rcar-vin e6ef4000.video: Device registered as video4
[    2.739438] rcar-vin e6ef5000.video: Device registered as video5
[    2.745587] rcar-vin e6ef6000.video: Device registered as video6
[    2.751674] rcar-vin e6ef7000.video: Device registered as video7
[    2.760550] rcar_gen3_thermal e6198000.thermal: is using pseudo fixed FUSE values
[    2.772738] rcar_gen3_thermal e6198000.thermal: TSC0: Loaded 1 trip points
[    2.784060] rcar_gen3_thermal e6198000.thermal: TSC1: Loaded 1 trip points
[    2.795281] rcar_gen3_thermal e6198000.thermal: TSC2: Loaded 3 trip points
[    2.807419] sdhci: Secure Digital Host Controller Interface driver
[    2.813612] sdhci: Copyright(c) Pierre Ossman
[    2.818815] Synopsys Designware Multimedia Card Interface Driver
[    2.819124] renesas_sdhi_internal_dmac ee140000.mmc: Adding to iommu group 0
[    2.819132] renesas_sdhi_internal_dmac ee100000.mmc: Got CD GPIO
[    2.819152] renesas_sdhi_internal_dmac ee100000.mmc: Got WP GPIO
[    2.819378] renesas_sdhi_internal_dmac ee160000.mmc: Got CD GPIO
[    2.819407] renesas_sdhi_internal_dmac ee160000.mmc: Got WP GPIO
[    2.826265] sdhci-pltfm: SDHCI platform and OF driver helper
[    2.831925] renesas_sdhi_internal_dmac ee140000.mmc: Using IPMMU context 1
[    2.864170] usb-storage 2-1:1.0: USB Mass Storage device detected
[    2.868925] ledtrig-cpu: registered to indicate activity on CPUs
[    2.875340] scsi host1: usb-storage 2-1:1.0
[    2.881716] SMCCC: SOC_ID: ARCH_SOC_ID not implemented, skipping ....
[    2.891846] usbcore: registered new interface driver usbhid
[    2.897447] usbhid: USB HID core driver
[    2.905081] optee: probing for conduit method.
[    2.909551] optee: revision 3.22 (314ecf9d)
[    2.909736] optee driver R-Car Rev.1.0.11
[    2.917445] renesas_sdhi_internal_dmac ee140000.mmc: mmc0 base at 0x00000000ee140000, max clock rate 200 MHz
[    2.918357] optee: dynamic shared memory is enabled
[    2.932967] optee: initialized driver
[    2.950139] rcar_sound ec500000.sound: probed
[    2.955205] NET: Registered protocol family 17
[    2.959774] 9pnet: Installing 9P2000 support
[    2.964161] Key type dns_resolver registered
[    2.968894] registered taskstats version 1
[    2.973002] Loading compiled-in X.509 certificates
[    2.987709] thermal emergency: set temperature to 110 celsius
[    2.993684] thermal emergency: shutdown target cpus 1-7
[    2.996730] mmc0: new HS400 MMC card at address 0001
[    2.998912] thermal emergency: freq scaled target cpus 0
[    2.999260] renesas_irqc e61c0000.interrupt-controller: driving 6 irqs
[    3.004636] mmcblk0: mmc0:0001 BGSD3R 29.1 GiB 
[    3.020697] mmcblk0boot0: mmc0:0001 BGSD3R partition 1 16.0 MiB
[    3.027036] mmcblk0boot1: mmc0:0001 BGSD3R partition 2 16.0 MiB
[    3.033069] mmcblk0rpmb: mmc0:0001 BGSD3R partition 3 4.00 MiB, chardev (509:0)
[    3.041851]  mmcblk0: p1
[    3.058124] ehci-platform ee080100.usb: EHCI Host Controller
[    3.063811] ehci-platform ee080100.usb: new USB bus registered, assigned bus number 9
[    3.071708] ehci-platform ee080100.usb: irq 174, io mem 0xee080100
[    3.090064] ehci-platform ee080100.usb: USB 2.0 started, EHCI 1.10
[    3.096606] hub 9-0:1.0: USB hub found
[    3.100379] hub 9-0:1.0: 1 port detected
[    3.105837] ohci-platform ee080000.usb: Generic Platform OHCI controller
[    3.112563] ohci-platform ee080000.usb: new USB bus registered, assigned bus number 10
[    3.120534] ohci-platform ee080000.usb: irq 174, io mem 0xee080000
[    3.216455] hub 10-0:1.0: USB hub found
[    3.220313] hub 10-0:1.0: 1 port detected
[    3.225629] cpu cpu0: EM: created perf domain
[    3.230596] cpu cpu4: EM: created perf domain
[    3.239724] renesas_sdhi_internal_dmac ee100000.mmc: Got CD GPIO
[    3.240897] renesas_sdhi_internal_dmac ee160000.mmc: Got CD GPIO
[    3.243130] [drm] Initialized rcar-du 1.0.0 20130110 for feb00000.display on minor 0
[    3.243133] [drm] Device feb00000.display probed
[    3.245854] renesas_sdhi_internal_dmac ee100000.mmc: Got WP GPIO
[    3.251833] renesas_sdhi_internal_dmac ee160000.mmc: Got WP GPIO
[    3.308949] renesas_sdhi_internal_dmac ee100000.mmc: mmc1 base at 0x00000000ee100000, max clock rate 200 MHz
[    3.315155] Console: switching to colour frame buffer device 128x48
[    3.322557] renesas_sdhi_internal_dmac ee160000.mmc: mmc2 base at 0x00000000ee160000, max clock rate 200 MHz
[    3.358955] rcar-du feb00000.display: [drm] fb0: rcar-dudrmfb frame buffer device
[    3.371425] input: keys as /devices/platform/keys/input/input0
[    3.453832] Micrel KSZ9031 Gigabit PHY e6800000.ethernet-ffffffff:00: attached PHY driver [Micrel KSZ9031 Gigabit PHY] (mii_bus:phy_addr=e6800000.ethernet-ffffffff:00, irq=183)
[    3.904063] scsi 1:0:0:0: Direct-Access     SanDisk  Ultra            1.00 PQ: 0 ANSI: 6
[    3.914555] sd 1:0:0:0: [sda] 121307136 512-byte logical blocks: (62.1 GB/57.8 GiB)
[    3.923984] sd 1:0:0:0: [sda] Write Protect is off
[    3.930247] sd 1:0:0:0: [sda] Write cache: disabled, read cache: enabled, doesn't support DPO or FUA
[    3.954815]  sda: sda1
[    3.962871] sd 1:0:0:0: [sda] Attached SCSI removable disk
[   11.645609] ravb e6800000.ethernet eth0: Link is Up - 1Gbps/Full - flow control off
[   11.670087] IP-Config: Guessing netmask 255.255.255.0
[   11.675243] IP-Config: Complete:
[   11.678553]      device=eth0, hwaddr=2e:09:0a:02:ec:37, ipaddr=192.168.10.167, mask=255.255.255.0, gw=255.255.255.255
[   11.689361]      host=192.168.10.167, domain=, nis-domain=(none)
[   11.695488]      bootserver=255.255.255.255, rootserver=192.168.10.99, rootpath=
[   11.696130] ALSA device list:
[   11.713714]   No soundcards found.
[   12.762870] VFS: Mounted root (nfs4 filesystem) on device 0:22.
[   12.773992] devtmpfs: mounted
[   12.783113] Freeing unused kernel memory: 6144K
[   12.810206] Run /sbin/init as init process
[   12.971902] systemd[1]: System time before build time, advancing clock.
[   13.329659] NET: Registered protocol family 10
[   13.338252] Segment Routing with IPv6
[   13.368721] systemd[1]: systemd 244 running in system mode. (+PAM -AUDIT -SELINUX +IMA -APPARMOR -SMACK +SYSVINIT +UTMP -LIBCRYPTSETUP -GCRYPT -GNUTLS +ACL +XZ -LZ4 -SECCOMP +BLKID -ELFUTILS +KMOD -IDN2 -IDN -PCRE2 default-hierarchy=hybrid)
[   13.398155] systemd[1]: Detected architecture arm64.

Welcome to [1mPoky (Yocto Project Reference Distro) 3.1.11 (dunfell)[0m!

[   13.436761] systemd[1]: Set hostname to <salvator-x>.
[   13.974117] random: crng init done
[   14.265332] systemd[1]: system-getty.slice: unit configures an IP firewall, but the local system does not support BPF/cgroup firewalling.
[   14.286798] systemd[1]: (This warning is only shown for the first unit using IP firewalling.)
[   14.301990] systemd[1]: Created slice system-getty.slice.
[[0;32m  OK  [0m] Created slice [0;1;39msystem-getty.slice[0m.
[   14.331328] systemd[1]: Created slice system-serial\x2dgetty.slice.
[[0;32m  OK  [0m] Created slice [0;1;39msystem-serial\x2dgetty.slice[0m.
[   14.355328] systemd[1]: Created slice User and Session Slice.
[[0;32m  OK  [0m] Created slice [0;1;39mUser and Session Slice[0m.
[   14.378560] systemd[1]: Started Dispatch Password Requests to Console Directory Watch.
[[0;32m  OK  [0m] Started [0;1;39mDispatch Password â€¦ts to Console Directory Watch[0m.
[   14.406517] systemd[1]: Started Forward Password Requests to Wall Directory Watch.
[[0;32m  OK  [0m] Started [0;1;39mForward Password Râ€¦uests to Wall Directory Watch[0m.
[   14.438386] systemd[1]: Reached target Paths.
[[0;32m  OK  [0m] Reached target [0;1;39mPaths[0m.
[   14.462256] systemd[1]: Reached target Remote File Systems.
[[0;32m  OK  [0m] Reached target [0;1;39mRemote File Systems[0m.
[   14.486223] systemd[1]: Reached target Slices.
[[0;32m  OK  [0m] Reached target [0;1;39mSlices[0m.
[   14.510238] systemd[1]: Reached target Swap.
[[0;32m  OK  [0m] Reached target [0;1;39mSwap[0m.
[   14.537218] systemd[1]: Listening on RPCbind Server Activation Socket.
[[0;32m  OK  [0m] Listening on [0;1;39mRPCbind Server Activation Socket[0m.
[   14.566291] systemd[1]: Reached target RPC Port Mapper.
[[0;32m  OK  [0m] Reached target [0;1;39mRPC Port Mapper[0m.
[   14.590603] systemd[1]: Listening on initctl Compatibility Named Pipe.
[[0;32m  OK  [0m] Listening on [0;1;39minitctl Compatibility Named Pipe[0m.
[   14.620325] systemd[1]: Listening on Journal Audit Socket.
[[0;32m  OK  [0m] Listening on [0;1;39mJournal Audit Socket[0m.
[   14.647859] systemd[1]: Listening on Journal Socket (/dev/log).
[[0;32m  OK  [0m] Listening on [0;1;39mJournal Socket (/dev/log)[0m.
[   14.674908] systemd[1]: Listening on Journal Socket.
[[0;32m  OK  [0m] Listening on [0;1;39mJournal Socket[0m.
[   14.700275] systemd[1]: Listening on Network Service Netlink Socket.
[[0;32m  OK  [0m] Listening on [0;1;39mNetwork Service Netlink Socket[0m.
[   14.728517] systemd[1]: Listening on udev Control Socket.
[[0;32m  OK  [0m] Listening on [0;1;39mudev Control Socket[0m.
[   14.754737] systemd[1]: Listening on udev Kernel Socket.
[[0;32m  OK  [0m] Listening on [0;1;39mudev Kernel Socket[0m.
[   14.783662] systemd[1]: Mounting Huge Pages File System...
         Mounting [0;1;39mHuge Pages File System[0m...
[   14.811566] systemd[1]: Mounting POSIX Message Queue File System...
         Mounting [0;1;39mPOSIX Message Queue File System[0m...
[   14.843382] systemd[1]: Mounting Kernel Debug File System...
         Mounting [0;1;39mKernel Debug File System[0m...
[   14.874523] systemd[1]: Mounting Temporary Directory (/tmp)...
         Mounting [0;1;39mTemporary Directory (/tmp)[0m...
[   14.904311] systemd[1]: Starting Create list of static device nodes for the current kernel...
         Starting [0;1;39mCreate list of stâ€¦odes for the current kernel[0m...
[   14.939288] systemd[1]: Starting Start psplash boot splash screen...
         Starting [0;1;39mStart psplash boot splash screen[0m...
[   14.974466] systemd[1]: Starting RPC Bind...
         Starting [0;1;39mRPC Bind[0m...
[   15.006662] systemd[1]: Condition check resulted in File System Check on Root Device being skipped.
[   15.023442] systemd[1]: Starting Journal Service...
         Starting [0;1;39mJournal Service[0m...
[   15.050399] systemd[1]: Starting Load Kernel Modules...
         Starting [0;1;39mLoad Kernel Modules[0m...
[   15.079148] systemd[1]: Starting Remount Root and Kernel File Systems...
         Starting [0;1;39mRemount Root and Kernel File Systems[0m...
[   15.106438] systemd[1]: Starting udev Coldplug all Devices...
         Starting [0;1;39mudev Coldplug all Devices[0m...
[   15.135878] systemd[1]: Started Start psplash boot splash screen.
[[0;32m  OK  [0m] Started [0;1;39mStart psplash boot splash screen[0m.
[   15.162740] systemd[1]: Started RPC Bind.
[[0;32m  OK  [0m] Started [0;1;39mRPC Bind[0m.
[   15.186730] systemd[1]: Started Journal Service.
[[0;32m  OK  [0m] Started [0;1;39mJournal Service[0m.
[[0;32m  OK  [0m] Mounted [0;1;39mHuge Pages File System[0m.
[[0;32m  OK  [0m] Mounted [0;1;39mPOSIX Message Queue File System[0m.
[[0;32m  OK  [0m] Mounted [0;1;39mKernel Debug File System[0m.
[[0;32m  OK  [0m] Mounted [0;1;39mTemporary Directory (/tmp)[0m.
[[0;32m  OK  [0m] Started [0;1;39mCreate list of staâ€¦ nodes for the current kernel[0m.
[[0;32m  OK  [0m] Started [0;1;39mLoad Kernel Modules[0m.
[[0;32m  OK  [0m] Started [0;1;39mRemount Root and Kernel File Systems[0m.
         Mounting [0;1;39mKernel Configuration File System[0m...
[[0;32m  OK  [0m] Started [0;1;39mStart psplash-systâ€¦progress communication helper[0m.
         Starting [0;1;39mFlush Journal to Persistent Storage[0m...
         Starting [0;1;39mApply Kernel Variables[0m...
[   15.427061] systemd-journald[346]: Received client request to flush runtime journal.
         Starting [0;1;39mCreate Static Device Nodes in /dev[0m...
[[0;32m  OK  [0m] Mounted [0;1;39mKernel Configuration File System[0m.
[[0;32m  OK  [0m] Started [0;1;39mFlush Journal to Persistent Storage[0m.
[[0;32m  OK  [0m] Started [0;1;39mApply Kernel Variables[0m.
[[0;32m  OK  [0m] Started [0;1;39mCreate Static Device Nodes in /dev[0m.
[[0;32m  OK  [0m] Reached target [0;1;39mLocal File Systems (Pre)[0m.
         Mounting [0;1;39m/var/volatile[0m...
         Starting [0;1;39mudev Kernel Device Manager[0m...
[[0;32m  OK  [0m] Started [0;1;39mudev Coldplug all Devices[0m.
[[0;32m  OK  [0m] Mounted [0;1;39m/var/volatile[0m.
         Starting [0;1;39mLoad/Save Random Seed[0m...
[[0;32m  OK  [0m] Reached target [0;1;39mLocal File Systems[0m.
         Starting [0;1;39mCreate Volatile Files and Directories[0m...
[[0;32m  OK  [0m] Started [0;1;39mLoad/Save Random Seed[0m.
[[0;32m  OK  [0m] Started [0;1;39mudev Kernel Device Manager[0m.
         Starting [0;1;39mNetwork Service[0m...
[[0;32m  OK  [0m] Started [0;1;39mCreate Volatile Files and Directories[0m.
         Starting [0;1;39mNetwork Time Synchronization[0m...
         Starting [0;1;39mUpdate UTMP about System Boot/Shutdown[0m...
[[0;32m  OK  [0m] Started [0;1;39mNetwork Service[0m.
[[0;32m  OK  [0m] Started [0;1;39mUpdate UTMP about System Boot/Shutdown[0m.
         Starting [0;1;39mNetwork Name Resolution[0m...
[[0;32m  OK  [0m] Started [0;1;39mNetwork Time Synchronization[0m.
[[0;32m  OK  [0m] Reached target [0;1;39mSystem Initialization[0m.
[[0;32m  OK  [0m] Started [0;1;39mDaily Cleanup of Temporary Directories[0m.
[[0;32m  OK  [0m] Reached target [0;1;39mSystem Time Set[0m.
[[0;32m  OK  [0m] Reached target [0;1;39mSystem Time Synchronized[0m.
[[0;32m  OK  [0m] Reached target [0;1;39mTimers[0m.
[[0;32m  OK  [0m] Listening on [0;1;39mAvahi mDNS/DNS-SD Stack Activa[   16.085154] pwm-backlight: probe of backlight failed with error -16
tion Socket[0m.
[[0;32m  OK  [0m] Listening on [0;1;39mD-Bus [   16.101526] at24 7-0050: supply vcc not found, using dummy regulator
System Message Bus Socket[0m.
[   16.112758] at24 7-0050: 128 byte br24t01 EEPROM, writable, 8 bytes/write
[[0;32m  OK  [0m] Listening on [0;1;39mdropbear.socket[0m.
[[0;32m  OK  [0m] Reached target [0;1;39mSockets[0m.
[[0;32m  OK  [0m] Reached target [0;1;39mBasic System[0m.
[[0;32m  OK  [0m] Started [0;1;39mD-Bus System Message Bus[0m.
[[0;32m  OK  [0m] Started [0;1;39moptee services[0m.
         Starting [0;1;39mpvrinit.service[0m...
[   16.258246] ccree e6601000.crypto: ARM CryptoCell 630P Driver: HW version 0xAF400001/0xDCC63000, Driver version 5.0
         Starting [0;1;39mPowerVR consumer services[0m...
[   16.279115] renesas_usb3 ee020000.usb: probed with phy
         Starting [0;1;39mLogin Service[0m...
[   16.309205] ccree e6601000.crypto: ARM ccree device initialized
[[0;32m  OK  [0m] Started [0;1;39mNetwork Name Resolution[0m.
[[0;32m  OK  [0m] Created slice [0;1;39msystem-weston.slice[0m.
[[0;32m  OK  [0m] Reached target [0;1;39mNetwork[0m.
[[0;32m  OK  [0m] Reached target [0;1;39mHost and Network Name Lookups[0m.
[[0;32m  OK  [0m] Reached target [0;1;39mHardware activated USB gadget[0m.
         Starting [0;1;39mAvahi mDNS/DNS-SD Stack[0m...
         Starting [0;1;39mPermit User Sessions[0m...
[[0;32m  OK  [0m] Started [0;1;39mXinetd A Powerful Replacement For Inetd[0m.
[[0;1;31mFAILED[0m] Failed to start [0;1;39mpvrinit.service[0m.
See 'systemctl status pvrinit.service' for details.
[[0;1;31mFAILED[0m] Failed to start [0;1;39mPowerVR consumer services[0m.
See 'systemctl status rc.pvr.service' for details.
[[0;1;38;5;185mDEPEND[0m] Dependency failed for [0;1;39mWeston Wayland Compositor[0m.
[[0;32m  OK  [0m] Started [0;1;39mPermit User Sessions[0m.
[[0;32m  OK  [0m] Started [0;1;39mLogin Service[0m.
[[0;32m  OK  [0m] Started [0;1;39mAvahi mDNS/DNS-SD Stack[0m.
[[0;32m  OK  [0m] Started [0;1;39mGetty on tty1[0m.
[[0;32m  OK  [0m] Started [0;1;39mSerial Getty on ttySC0[0m.
[[0;32m  OK  [0m] Reached target [0;1;39mLogin Prompts[0m.
         Starting [0;1;39mset_default_governor.service[0m...
[   16.946314] rd 0-7: Disabling EAS, schedutil is mandatory
[[0;32m  OK  [0m] Started [0;1;39mset_default_governor.service[0m.
[[0;32m  OK  [0m] Reached target [0;1;39mMulti-User System[0m.
         Starting [0;1;39mUpdate UTMP about System Runlevel Changes[0m...
[[0;32m  OK  [0m] Started [0;1;39mUpdate UTMP about System Runlevel Changes[0m.

Poky (Yocto Project Reference Distro) 3.1.11 salvator-x ttySC0

salvator-x login: 
salvator-x login: root
[   18.966640] audit: type=1006 audit(1703064537.992:2): pid=513 uid=0 old-auid=4294967295 auid=0 tty=(none) old-ses=4294967295 ses=1 res=1
7[r[999;999H[6n8root@salvator-x:~# 
root@salvator-x:~# 
root@salvator-x:~# 
root@salvator-x:~# 
root@salvator-x:~# 
root@salvator-x:~# 
root@salvator-x:~# 
root@salvator-x:~# 
root@salvator-x:~# 
----------Prepare----------


root@salvator-x:~# find /sys/devices/platform/soc/ee0c0100.usb/ -name 'sd*'
/sys/devices/platform/soc/ee0c0100.usb/usb2/2-1/2-1:1.0/host1/target1:0:0/1:0:0:0/block/sda
/sys/devices/platform/soc/ee0c0100.usb/usb2/2-1/2-1:1.0/host1/target1:0:0/1:0:0:0/block/sda/sda1
root@salvator-x:~# 
root@salvator-x:~# dd if=/dev/urandom of=testdata bs=10M count=5
5+0 records in
5+0 records out
52428800 bytes (52 MB, 50 MiB) copied, 1.38589 s, 37.8 MB/s
root@salvator-x:~# 
root@salvator-x:~# mkdir -p /mnt/usb
root@salvator-x:~# 
root@salvator-x:~# mount /dev/sda1 /mnt/usb
mount: /mnt/usb: wrong fs type, bad option, bad superblock on /dev/sda1, missing codepage or helper program, or other error.
root@salvator-x:~# 
root@salvator-x:~# echo y | mkfs.ext4 /dev/sda1
mke2fs 1.45.4 (23-Sep-2019)
Creating filesystem with 15163136 4k blocks and 3792896 inodes
Filesystem UUID: 5f663f81-5dd3-4b9a-89df-4e9ef0d4cd9b
Superblock backups stored on blocks: 
	32768, 98304, 163840, 229376, 294912, 819200, 884736, 1605632, 2654208, 
	4096000, 7962624, 11239424

Allocating group tables:   0/463       done                            
Writing inode tables:   0/463       done                            
Creating journal (65536 blocks): [   41.950209] SDHI0 VccQ: disabling
[   41.953603] SDHI3 VccQ: disabling
done
Writing superblocks and filesystem accounting information:   0/463       done

root@salvator-x:~# 
root@salvator-x:~# mount /dev/sda1 /mnt/usb
[   46.938217] EXT4-fs (sda1): mounted filesystem with ordered data mode. Opts: (null)
root@salvator-x:~# 
root@salvator-x:~# cp testdata /mnt/usb/
root@salvator-x:~# 
root@salvator-x:~# umount /mnt/usb
root@salvator-x:~# 
root@salvator-x:~# find /sys/devices/platform/soc/ee0c0100.usb/ -name 'sd*'
/sys/devices/platform/soc/ee0c0100.usb/usb2/2-1/2-1:1.0/host1/target1:0:0/1:0:0:0/block/sda
/sys/devices/platform/soc/ee0c0100.usb/usb2/2-1/2-1:1.0/host1/target1:0:0/1:0:0:0/block/sda/sda1
root@salvator-x:~# 
root@salvator-x:~# i2cset -f -y 7 0x30 0x20 0x0f
root@salvator-x:~# 

Switch SW23 off and input 'yes' to continue:
Input 'yes' to continue: 

root@salvator-x:~# echo N > /sys/module/printk/parameters/console_suspend
root@salvator-x:~# 
root@salvator-x:~# mount /dev/sda1 /mnt/usb
[   59.204169] EXT4-fs (sda1): mounted filesystem with ordered data mode. Opts: (null)
root@salvator-x:~# 
root@salvator-x:~# cp testdata testdata_from_usb &
[1] 542
root@salvator-x:~# 
root@salvator-x:~# echo mem > /sys/power/state
[   60.546469] PM: suspend entry (deep)
[   60.829588] Filesystems sync: 0.279 seconds
[   60.849128] Freezing user space processes ... (elapsed 0.053 seconds) done.
[   60.909649] OOM killer disabled.
[   60.912932] Freezing remaining freezable tasks ... (elapsed 0.002 seconds) done.
[   61.346292] ravb e6800000.ethernet eth0: Link is Down
[   61.361403] Disabling non-boot CPUs ...
[   61.365842] CPU1: shutdown
[   61.368566] psci: CPU1 killed (polled 0 ms)
[   61.374557] CPU2: shutdown
[   61.377269] psci: CPU2 killed (polled 0 ms)
[   61.382917] CPU3: shutdown
[   61.385628] psci: CPU3 killed (polled 0 ms)
[   61.391456] CPU4: shutdown
[   61.394191] psci: CPU4 killed (polled 0 ms)
[   61.400670] CPU5: shutdown
[   61.403397] psci: CPU5 killed (polled 0 ms)
[   61.409110] CPU6: shutdown
[   61.411868] psci: CPU6 killed (polled 0 ms)
[   61.417566] CPU7: shutdown
[   61.420369] psci: CPU7 killed (polled 0 ms)
 
 Switch power switch: 

NOTICE:  BL2: R-Car Gen3 Initial Program Loader(CA57) Rev.4.0.0
NOTICE:  BL2: PRR is R-Car H3 Ver.3.0
NOTICE:  BL2: Board is Salvator-XS Rev.1.0
NOTICE:  BL2: Boot device is HyperFlash(160MHz)
NOTICE:  BL2: LCM state is CM
NOTICE:  AVS setting succeeded. DVFS_SetVID=0x53
NOTICE:  BL2: DDR3200(rev.0.42)
NOTICE:  BL2: [WARM_BOOT]
NOTICE:  BL2: DRAM Split is 4ch(DDR f)
NOTICE:  BL2: QoS is default setting(rev.0.11)
NOTICE:  BL2: DRAM refresh interval 1.95 usec
NOTICE:  BL2: Periodic Write DQ Training
NOTICE:  BL2: CH0: 400000000 - 47fffffff, 2 GiB
NOTICE:  BL2: CH1: 500000000 - 57fffffff, 2 GiB
NOTICE:  BL2: CH2: 600000000 - 67fffffff, 2 GiB
NOTICE:  BL2: CH3: 700000000 - 77fffffff, 2 GiB
NOTICE:  BL2: Lossy Decomp areas
NOTICE:       Entry 0: DCMPAREACRAx:0x80000540 DCMPAREACRBx:0x570
NOTICE:       Entry 1: DCMPAREACRAx:0x40000000 DCMPAREACRBx:0x0
NOTICE:       Entry 2: DCMPAREACRAx:0x20000000 DCMPAREACRBx:0x0
NOTICE:  BL2: FDT at 0xe6327f70
NOTICE:  BL2: v2.9(release):9cdb21f75
NOTICE:  BL2: Built : 05:25:39, Dec 19 2023
NOTICE:  BL2: Normal boot
[   61.425565] Enabling non-boot CPUs ...
[   61.429601] Detected PIPT I-cache on CPU1
[   61.429657] CPU1: Booted secondary processor 0x0000000001 [0x411fd073]
[   61.430126] CPU1 is up
[   61.443158] Detected PIPT I-cache on CPU2
[   61.443180] CPU2: Booted secondary processor 0x0000000002 [0x411fd073]
[   61.443452] CPU2 is up
[   61.456473] Detected PIPT I-cache on CPU3
[   61.456495] CPU3: Booted secondary processor 0x0000000003 [0x411fd073]
[   61.456783] CPU3 is up
[   61.469843] Detected VIPT I-cache on CPU4
[   61.469896] CPU4: Booted secondary processor 0x0000000100 [0x410fd034]
[   61.470823] CPU4 is up
[   61.483832] Detected VIPT I-cache on CPU5
[   61.483865] CPU5: Booted secondary processor 0x0000000101 [0x410fd034]
[   61.484416] CPU5 is up
[   61.497421] Detected VIPT I-cache on CPU6
[   61.497453] CPU6: Booted secondary processor 0x0000000102 [0x410fd034]
[   61.498097] CPU6 is up
[   61.511103] Detected VIPT I-cache on CPU7
[   61.511136] CPU7: Booted secondary processor 0x0000000103 [0x410fd034]
[   61.511841] CPU7 is up
[   61.584867] xhci-hcd ee000000.usb: xHC error in resume, USBSTS 0x401, Reinit
[   61.591907] usb usb7: root hub lost power or was reset
[   61.597027] usb usb8: root hub lost power or was reset
[   61.704972] Micrel KSZ9031 Gigabit PHY e6800000.ethernet-ffffffff:00: attached PHY driver [Micrel KSZ9031 Gigabit PHY] (mii_bus:phy_addr=e6800000.ethernet-ffffffff:00, irq=183)
[   61.820047] usb usb4: root hub lost power or was reset
[   61.825299] usb usb1: root hub lost power or was reset
[   61.912131] usb usb5: root hub lost power or was reset
[   61.917402] usb usb2: root hub lost power or was reset
[   62.004040] usb usb6: root hub lost power or was reset
[   62.009296] usb usb3: root hub lost power or was reset
[   62.120041] usb usb10: root hub lost power or was reset
[   62.125303] usb usb9: root hub lost power or was reset
[   62.142117] ata1: link resume succeeded after 1 retries
[   62.253631] ata1: SATA link down (SStatus 0 SControl 300)
[   62.582049] usb 2-1: reset high-speed USB device number 2 using ehci-platform
[   62.748474] OOM killer enabled.
[   62.752335] Restarting tasks ... done.
[1]+  Done                    cp testdata testdata_from_usb
root@salvator-x:~# [   62.758700] PM: suspend exit
[   68.947126] ravb e6800000.ethernet eth0: Link is Up - 1Gbps/Full - flow control off

root@salvator-x:~# echo "Wake up sucessfully"
Wake up sucessfully
root@salvator-x:~# 
root@salvator-x:~# wait
root@salvator-x:~# 
root@salvator-x:~# sync
root@salvator-x:~# 
root@salvator-x:~# cmp testdata testdata_from_usb
root@salvator-x:~# 
root@salvator-x:~# umount /mnt/usb
root@salvator-x:~# 
root@salvator-x:~# dd if=/dev/sda1 of=/dev/null bs=64M count=1 iflag=direct
1+0 records in
1+0 records out
67108864 bytes (67 MB, 64 MiB) copied, 2.13966 s, 31.4 MB/s
root@salvator-x:~# 
root@salvator-x:~# dd if=/dev/zero of=/dev/sda1 bs=64M count=1 oflag=direct
1+0 records in
1+0 records out
67108864 bytes (67 MB, 64 MiB) copied, 5.25128 s, 12.8 MB/s
root@salvator-x:~# 
 
#### Result: OK ####
