

----------Item 22----------


Please press switch to restart board 

[F 00:00:120
[F 00:00:119
[F 00:00:118
[F 00:00:117
NOTICE:  BL2: R-Car Gen3 Initial Program Loader(CA57) Rev.4.0.0
NOTICE:  BL2: PRR is R-Car H3 Ver.3.0
NOTICE:  BL2: Board is Salvator-XS Rev.1.0
NOTICE:  BL2: Boot device is HyperFlash(160MHz)
NOTICE:  BL2: LCM state is CM
NOTICE:  AVS setting succeeded. DVFS_SetVID=0x53
NOTICE:  BL2: DDR3200(rev.0.42)
NOTICE:  BL2: [COLD_BOOT]
NOTICE:  BL2: DRAM Split is 4ch(DDR f)
NOTICE:  BL2: QoS is default setting(rev.0.11)
NOTICE:  BL2: DRAM refresh interval 1.95 usec
NOTICE:  BL2: Periodic Write DQ Training
NOTICE:  BL2: CH0: 400000000 - 47fffffff, 2 GiB
NOTICE:  BL2: CH1: 500000000 - 57fffffff, 2 GiB
NOTICE:  BL2: CH2: 600000000 - 67fffffff, 2 GiB
NOTICE:  BL2: CH3: 700000000 - 77fffffff, 2 GiB
NOTICE:  BL2: Lossy Decomp areas
NOTICE:       Entry 0: DCMPAREACRAx:0x80000540 DCMPAREACRBx:0x570
NOTICE:       Entry 1: DCMPAREACRAx:0x40000000 DCMPAREACRBx:0x0
NOTICE:       Entry 2: DCMPAREACRAx:0x20000000 DCMPAREACRBx:0x0
NOTICE:  BL2: FDT at 0xe6327f70
NOTICE:  BL2: v2.9(release):9cdb21f75
NOTICE:  BL2: Built : 05:25:39, Dec 19 2023
NOTICE:  BL2: Normal boot
NOTICE:  BL2: dst=0xe6327800 src=0x8180000 len=512(0x200)
NOTICE:  BL2: dst=0x43f00000 src=0x8180400 len=6144(0x1800)
NOTICE:  rcar_file_len: len: 0x0003e000
NOTICE:  BL2: dst=0x44000000 src=0x81c0000 len=253952(0x3e000)
NOTICE:  rcar_file_len: len: 0x00200000
NOTICE:  BL2: dst=0x44100000 src=0x8200000 len=2097152(0x200000)
NOTICE:  rcar_file_len: len: 0x00100000
NOTICE:  BL2: dst=0x50000000 src=0x8640000 len=1048576(0x100000)
NOTICE:  BL2: Booting BL31


U-Boot 2020.10 (Dec 19 2023 - 14:30:40 +0000)

CPU: Renesas Electronics R8A7795 rev 3.0
Model: Renesas Salvator-X 2nd version board based on r8a77951
DRAM:  7.9 GiB
RAM Configuration:
Bank #0: 0x048000000 - 0x0bfffffff, 1.9 GiB
Bank #1: 0x500000000 - 0x57fffffff, 2 GiB
Bank #2: 0x600000000 - 0x67fffffff, 2 GiB
Bank #3: 0x700000000 - 0x77fffffff, 2 GiB

MMC:   sd@ee100000: 0, sd@ee140000: 1, sd@ee160000: 2
Loading Environment from MMC... OK
In:    serial@e6e88000
Out:   serial@e6e88000
Err:   serial@e6e88000
Net:   eth0: ethernet@e6800000
Hit any key to stop autoboot:  2  1  0 
ethernet@e6800000 Waiting for PHY auto negotiation to complete.......... done
Using ethernet@e6800000 device
TFTP from server 192.168.10.99; our IP address is 192.168.10.167
Filename 'traivo/H3/rootfs/boot_USB2H/Image'.
Load address: 0x48080000
Loading: *#################################################################
	 #################################################################
	 #################################################################
	 #################################################################
	 #################################################################
	 #################################################################
	 #################################################################
	 #################################################################
	 #################################################################
	 #################################################################
	 #################################################################
	 #################################################################
	 #################################################################
	 #################################################################
	 #################################################################
	 #################################################################
	 #################################################################
	 #################################################################
	 #################################################################
	 #################################################################
	 #################################################################
	 #################################################################
	 #################################################################
	 #################################################################
	 #################################################################
	 #################################################################
	 #################################################################
	 #################################################################
	 #################################################################
	 #################################################################
	 #################################################################
	 #################################################################
	 #################################################################
	 #################################################################
	 ################################################################
	 4.6 MiB/s
done
Bytes transferred = 33376768 (1fd4a00 hex)
Using ethernet@e6800000 device
TFTP from server 192.168.10.99; our IP address is 192.168.10.167
Filename 'traivo/H3/rootfs/boot_USB2H/r8a77951-salvator-xs.dtb'.
Load address: 0x48000000
Loading: *#######
	 12.4 MiB/s
done
Bytes transferred = 90876 (162fc hex)
Moving Image from 0x48080000 to 0x48200000, end=4a260000
## Flattened Device Tree blob at 48000000
   Booting using the fdt blob at 0x48000000
   Loading Device Tree to 0000000053fe6000, end 0000000053fff2fb ... OK

Starting kernel ...

[    0.000000] Booting Linux on physical CPU 0x0000000000 [0x411fd073]
[    0.000000] Linux version 5.10.194-yocto-standard (thuan.nguyen-hong@banvien) (aarch64-poky-linux-gcc (GCC) 9.3.0, GNU ld (GNU Binutils) 2.34.0.20200220) #10 SMP PREEMPT Mon Feb 19 03:51:05 UTC 2024
[    0.000000] Machine model: Renesas Salvator-X 2nd version board based on r8a77951
[    0.000000] efi: UEFI not found.
[    0.000000] Reserved memory: created CMA memory pool at 0x0000000057000000, size 16 MiB
[    0.000000] OF: reserved mem: initialized node linux,adsp@57000000, compatible id shared-dma-pool
[    0.000000] Reserved memory: created CMA memory pool at 0x0000000058000000, size 384 MiB
[    0.000000] OF: reserved mem: initialized node linux,cma@58000000, compatible id shared-dma-pool
[    0.000000] Reserved memory: created CMA memory pool at 0x0000000070000000, size 256 MiB
[    0.000000] OF: reserved mem: initialized node linux,multimedia@70000000, compatible id shared-dma-pool
[    0.000000] NUMA: No NUMA configuration found
[    0.000000] NUMA: Faking a node at [mem 0x0000000048000000-0x000000077fffffff]
[    0.000000] NUMA: NODE_DATA [mem 0x77efdab00-0x77efdcfff]
[    0.000000] Zone ranges:
[    0.000000]   DMA      [mem 0x0000000048000000-0x000000007fffffff]
[    0.000000]   DMA32    [mem 0x0000000080000000-0x00000000ffffffff]
[    0.000000]   Normal   [mem 0x0000000100000000-0x000000077fffffff]
[    0.000000] Movable zone start for each node
[    0.000000] Early memory node ranges
[    0.000000]   node   0: [mem 0x0000000048000000-0x0000000053ffffff]
[    0.000000]   node   0: [mem 0x0000000054000000-0x0000000056ffffff]
[    0.000000]   node   0: [mem 0x0000000057000000-0x00000000bfffffff]
[    0.000000]   node   0: [mem 0x0000000500000000-0x000000057fffffff]
[    0.000000]   node   0: [mem 0x0000000600000000-0x000000067fffffff]
[    0.000000]   node   0: [mem 0x0000000700000000-0x000000077fffffff]
[    0.000000] Initmem setup node 0 [mem 0x0000000048000000-0x000000077fffffff]
[    0.000000] psci: probing for conduit method from DT.
[    0.000000] psci: PSCIv1.1 detected in firmware.
[    0.000000] psci: Using standard PSCI v0.2 function IDs
[    0.000000] psci: Trusted OS resident on physical CPU 0x0
[    0.000000] psci: SMC Calling Convention v1.2
[    0.000000] percpu: Embedded 23 pages/cpu s56984 r8192 d29032 u94208
[    0.000000] Detected PIPT I-cache on CPU0
[    0.000000] CPU features: detected: EL2 vector hardening
[    0.000000] CPU features: detected: Spectre-v2
[    0.000000] CPU features: detected: ARM errata 1165522, 1319367, or 1530923
[    0.000000] CPU features: detected: Spectre-BHB
[    0.000000] CPU features: detected: ARM erratum 1742098
[    0.000000] Built 1 zonelists, mobility grouping on.  Total pages: 2032128
[    0.000000] Policy zone: Normal
[    0.000000] Kernel command line: rw root=/dev/nfs nfsroot=192.168.10.99:/data/tftpboot/traivo/H3/rootfs,nfsvers=4, ip=192.168.10.167
[    0.000000] Dentry cache hash table entries: 1048576 (order: 11, 8388608 bytes, linear)
[    0.000000] Inode-cache hash table entries: 524288 (order: 10, 4194304 bytes, linear)
[    0.000000] mem auto-init: stack:off, heap alloc:off, heap free:off
[    0.000000] software IO TLB: mapped [mem 0x000000004ffe6000-0x0000000053fe6000] (64MB)
[    0.000000] Memory: 7276840K/8257536K available (15232K kernel code, 2834K rwdata, 8240K rodata, 6144K init, 517K bss, 308952K reserved, 671744K cma-reserved)
[    0.000000] SLUB: HWalign=64, Order=0-3, MinObjects=0, CPUs=8, Nodes=1
[    0.000000] rcu: Preemptible hierarchical RCU implementation.
[    0.000000] rcu: 	RCU event tracing is enabled.
[    0.000000] rcu: 	RCU restricting CPUs from NR_CPUS=256 to nr_cpu_ids=8.
[    0.000000] 	Trampoline variant of Tasks RCU enabled.
[    0.000000] rcu: RCU calculated value of scheduler-enlistment delay is 25 jiffies.
[    0.000000] rcu: Adjusting geometry for rcu_fanout_leaf=16, nr_cpu_ids=8
[    0.000000] NR_IRQS: 64, nr_irqs: 64, preallocated irqs: 0
[    0.000000] arch_timer: cp15 timer(s) running at 8.32MHz (virt).
[    0.000000] clocksource: arch_sys_counter: mask: 0xffffffffffffff max_cycles: 0x1eb398c07, max_idle_ns: 440795202503 ns
[    0.000003] sched_clock: 56 bits at 8MHz, resolution 120ns, wraps every 2199023255503ns
[    0.000205] Console: colour dummy device 80x25
[    0.000414] printk: console [tty0] enabled
[    0.000489] Calibrating delay loop (skipped), value calculated using timer frequency.. 16.64 BogoMIPS (lpj=33280)
[    0.000506] pid_max: default: 32768 minimum: 301
[    0.000564] LSM: Security Framework initializing
[    0.000651] Mount-cache hash table entries: 16384 (order: 5, 131072 bytes, linear)
[    0.000702] Mountpoint-cache hash table entries: 16384 (order: 5, 131072 bytes, linear)
[    0.002160] rcu: Hierarchical SRCU implementation.
[    0.003757] Detected Renesas R-Car Gen3 r8a7795 ES3.0
[    0.005889] EFI services will not be available.
[    0.006225] smp: Bringing up secondary CPUs ...
[    0.006687] Detected PIPT I-cache on CPU1
[    0.006734] CPU1: Booted secondary processor 0x0000000001 [0x411fd073]
[    0.007224] Detected PIPT I-cache on CPU2
[    0.007247] CPU2: Booted secondary processor 0x0000000002 [0x411fd073]
[    0.007678] Detected PIPT I-cache on CPU3
[    0.007700] CPU3: Booted secondary processor 0x0000000003 [0x411fd073]
[    0.008182] CPU features: detected: ARM erratum 845719
[    0.008196] Detected VIPT I-cache on CPU4
[    0.008243] CPU4: Booted secondary processor 0x0000000100 [0x410fd034]
[    0.008724] Detected VIPT I-cache on CPU5
[    0.008750] CPU5: Booted secondary processor 0x0000000101 [0x410fd034]
[    0.009187] Detected VIPT I-cache on CPU6
[    0.009214] CPU6: Booted secondary processor 0x0000000102 [0x410fd034]
[    0.009653] Detected VIPT I-cache on CPU7
[    0.009681] CPU7: Booted secondary processor 0x0000000103 [0x410fd034]
[    0.009759] smp: Brought up 1 node, 8 CPUs
[    0.009821] SMP: Total of 8 processors activated.
[    0.009829] CPU features: detected: 32-bit EL0 Support
[    0.009836] CPU features: detected: CRC32 instructions
[    0.009843] CPU features: detected: 32-bit EL1 Support
[    0.023052] CPU: All CPU(s) started at EL1
[    0.023106] alternatives: patching kernel code
[    0.024251] devtmpfs: initialized
[    0.031036] KASLR disabled due to lack of seed
[    0.031186] clocksource: jiffies: mask: 0xffffffff max_cycles: 0xffffffff, max_idle_ns: 7645041785100000 ns
[    0.031207] futex hash table entries: 2048 (order: 5, 131072 bytes, linear)
[    0.039850] pinctrl core: initialized pinctrl subsystem
[    0.041345] DMI not present or invalid.
[    0.041844] NET: Registered protocol family 16
[    0.042801] DMA: preallocated 1024 KiB GFP_KERNEL pool for atomic allocations
[    0.042999] DMA: preallocated 1024 KiB GFP_KERNEL|GFP_DMA pool for atomic allocations
[    0.043288] DMA: preallocated 1024 KiB GFP_KERNEL|GFP_DMA32 pool for atomic allocations
[    0.043327] audit: initializing netlink subsys (disabled)
[    0.043502] audit: type=2000 audit(0.040:1): state=initialized audit_enabled=0 res=1
[    0.044644] thermal_sys: Registered thermal governor 'power_allocator'
[    0.045156] cpuidle: using governor menu
[    0.045326] hw-breakpoint: found 6 breakpoint and 4 watchpoint registers.
[    0.045450] ASID allocator initialised with 65536 entries
[    0.046733] Serial: AMBA PL011 UART driver
[    0.089608] sh-pfc e6060000.pinctrl: r8a77951_pfc support registered
[    0.104382] HugeTLB registered 1.00 GiB page size, pre-allocated 0 pages
[    0.104395] HugeTLB registered 32.0 MiB page size, pre-allocated 0 pages
[    0.104403] HugeTLB registered 2.00 MiB page size, pre-allocated 0 pages
[    0.104410] HugeTLB registered 64.0 KiB page size, pre-allocated 0 pages
[    0.105370] cryptd: max_cpu_qlen set to 1000
[    0.107603] ACPI: Interpreter disabled.
[    0.111445] rcar-avs: use avs value: 0
[    0.111461] rcar-avs: cpu@0 is running with: opp_table0
[    0.111471] rcar-avs: cpu@1 is running with: opp_table0
[    0.111481] rcar-avs: cpu@2 is running with: opp_table0
[    0.111490] rcar-avs: cpu@3 is running with: opp_table0
[    0.111576] rcar-avs: gsx@fd000000 is running with: gsx_opp_table0
[    0.112992] iommu: Default domain type: Translated 
[    0.113556] ipmmu-vmsa e67b0000.iommu: IPMMU context 0 is reserved
[    0.114539] vgaarb: loaded
[    0.114733] SCSI subsystem initialized
[    0.114987] usbcore: registered new interface driver usbfs
[    0.115018] usbcore: registered new interface driver hub
[    0.115044] usbcore: registered new device driver usb
[    0.118596] i2c-sh_mobile e60b0000.i2c: I2C adapter 7, bus speed 400000 Hz
[    0.119127] mc: Linux media interface: v0.10
[    0.119147] videodev: Linux video capture interface: v2.00
[    0.119194] pps_core: LinuxPPS API ver. 1 registered
[    0.119202] pps_core: Software ver. 5.3.6 - Copyright 2005-2007 Rodolfo Giometti <giometti@linux.it>
[    0.119216] PTP clock support registered
[    0.119389] EDAC MC: Ver: 3.0.0
[    0.121366] FPGA manager framework
[    0.121423] Advanced Linux Sound Architecture Driver Initialized.
[    0.122013] clocksource: Switched to clocksource arch_sys_counter
[    0.122146] VFS: Disk quotas dquot_6.6.0
[    0.122189] VFS: Dquot-cache hash table entries: 512 (order 0, 4096 bytes)
[    0.122336] pnp: PnP ACPI: disabled
[    0.125788] NET: Registered protocol family 2
[    0.126211] IP idents hash table entries: 131072 (order: 8, 1048576 bytes, linear)
[    0.128452] tcp_listen_portaddr_hash hash table entries: 4096 (order: 4, 65536 bytes, linear)
[    0.128531] TCP established hash table entries: 65536 (order: 7, 524288 bytes, linear)
[    0.128818] TCP bind hash table entries: 65536 (order: 8, 1048576 bytes, linear)
[    0.129406] TCP: Hash tables configured (established 65536 bind 65536)
[    0.129526] UDP hash table entries: 4096 (order: 5, 131072 bytes, linear)
[    0.129641] UDP-Lite hash table entries: 4096 (order: 5, 131072 bytes, linear)
[    0.129862] NET: Registered protocol family 1
[    0.130224] RPC: Registered named UNIX socket transport module.
[    0.130235] RPC: Registered udp transport module.
[    0.130241] RPC: Registered tcp transport module.
[    0.130246] RPC: Registered tcp NFSv4.1 backchannel transport module.
[    0.130258] PCI: CLS 0 bytes, default 64
[    0.131195] hw perfevents: enabled with armv8_cortex_a53 PMU driver, 7 counters available
[    0.131468] hw perfevents: enabled with armv8_cortex_a57 PMU driver, 7 counters available
[    0.132107] kvm [1]: HYP mode not available
[    0.135035] Initialise system trusted keyrings
[    0.135170] workingset: timestamp_bits=42 max_order=21 bucket_order=0
[    0.138288] squashfs: version 4.0 (2009/01/31) Phillip Lougher
[    0.138691] NFS: Registering the id_resolver key type
[    0.138727] Key type id_resolver registered
[    0.138733] Key type id_legacy registered
[    0.138787] nfs4filelayout_init: NFSv4 File Layout Driver Registering...
[    0.138796] nfs4flexfilelayout_init: NFSv4 Flexfile Layout Driver Registering...
[    0.138896] 9p: Installing v9fs 9p2000 file system support
[    0.165033] Key type asymmetric registered
[    0.165046] Asymmetric key parser 'x509' registered
[    0.165075] Block layer SCSI generic (bsg) driver version 0.4 loaded (major 243)
[    0.165085] io scheduler mq-deadline registered
[    0.165095] io scheduler kyber registered
[    0.181171] gpio_rcar e6050000.gpio: driving 16 GPIOs
[    0.181454] gpio_rcar e6051000.gpio: driving 29 GPIOs
[    0.181723] gpio_rcar e6052000.gpio: driving 15 GPIOs
[    0.182070] gpio_rcar e6053000.gpio: driving 16 GPIOs
[    0.182336] gpio_rcar e6054000.gpio: driving 18 GPIOs
[    0.182646] gpio_rcar e6055000.gpio: driving 26 GPIOs
[    0.182952] gpio_rcar e6055400.gpio: driving 32 GPIOs
[    0.183230] gpio_rcar e6055800.gpio: driving 4 GPIOs
[    0.186216] rcar-pcie fe000000.pcie: host bridge /soc/pcie@fe000000 ranges:
[    0.186246] rcar-pcie fe000000.pcie:       IO 0x00fe100000..0x00fe1fffff -> 0x0000000000
[    0.186268] rcar-pcie fe000000.pcie:      MEM 0x00fe200000..0x00fe3fffff -> 0x00fe200000
[    0.186286] rcar-pcie fe000000.pcie:      MEM 0x0030000000..0x0037ffffff -> 0x0030000000
[    0.186300] rcar-pcie fe000000.pcie:      MEM 0x0038000000..0x003fffffff -> 0x0038000000
[    0.186321] rcar-pcie fe000000.pcie:   IB MEM 0x0040000000..0x007fffffff -> 0x0040000000
[    0.186366] rcar-pcie fe000000.pcie: no pcie3v3 regulator found
[    0.186377] rcar-pcie fe000000.pcie: no pcie1v8 regulator found
[    0.253694] rcar-pcie fe000000.pcie: PCIe link down
[    0.253888] rcar-pcie ee800000.pcie: host bridge /soc/pcie@ee800000 ranges:
[    0.253913] rcar-pcie ee800000.pcie:       IO 0x00ee900000..0x00ee9fffff -> 0x0000000000
[    0.253933] rcar-pcie ee800000.pcie:      MEM 0x00eea00000..0x00eebfffff -> 0x00eea00000
[    0.253951] rcar-pcie ee800000.pcie:      MEM 0x00c0000000..0x00c7ffffff -> 0x00c0000000
[    0.253965] rcar-pcie ee800000.pcie:      MEM 0x00c8000000..0x00cfffffff -> 0x00c8000000
[    0.253996] rcar-pcie ee800000.pcie:   IB MEM 0x0040000000..0x007fffffff -> 0x0040000000
[    0.254028] rcar-pcie ee800000.pcie: no pcie3v3 regulator found
[    0.254038] rcar-pcie ee800000.pcie: no pcie1v8 regulator found
[    0.413989] rcar-pcie ee800000.pcie: PCIe link down
[    0.416427] EINJ: ACPI disabled.
[    0.449769] Serial: 8250/16550 driver, 4 ports, IRQ sharing enabled
[    0.452225] SuperH (H)SCI(F) driver initialized
[    0.452644] e6550000.serial: ttySC1 at MMIO 0xe6550000 (irq = 42, base_baud = 0) is a hscif
[    0.453404] e6e88000.serial: ttySC0 at MMIO 0xe6e88000 (irq = 128, base_baud = 0) is a scif
[    1.658076] printk: console [ttySC0] enabled
[    1.663433] msm_serial: driver initialized
[    1.673782] rcar-dw-hdmi fead0000.hdmi: Detected HDMI TX controller v2.01a with HDCP (DWC HDMI 2.0 TX PHY)
[    1.683667] rcar-dw-hdmi fead0000.hdmi: registered DesignWare HDMI I2C bus driver
[    1.691905] rcar-dw-hdmi feae0000.hdmi: Detected HDMI TX controller v2.01a with HDCP (DWC HDMI 2.0 TX PHY)
[    1.701759] rcar-dw-hdmi feae0000.hdmi: registered DesignWare HDMI I2C bus driver
[    1.717267] loop: module loaded
[    1.721844] megasas: 07.714.04.00-rc1
[    1.727578] scsi host0: sata_rcar
[    1.731057] ata1: SATA max UDMA/133 irq 181
[    1.740445] tun: Universal TUN/TAP device driver, 1.6
[    1.746408] thunder_xcv, ver 1.0
[    1.749655] thunder_bgx, ver 1.0
[    1.752903] nicpf, ver 1.0
[    1.757037] hclge is initializing
[    1.760372] hns3: Hisilicon Ethernet Network Driver for Hip08 Family - version
[    1.767595] hns3: Copyright (c) 2017 Huawei Corporation.
[    1.772933] e1000: Intel(R) PRO/1000 Network Driver
[    1.777812] e1000: Copyright (c) 1999-2006 Intel Corporation.
[    1.783577] e1000e: Intel(R) PRO/1000 Network Driver
[    1.788542] e1000e: Copyright(c) 1999 - 2015 Intel Corporation.
[    1.794480] igb: Intel(R) Gigabit Ethernet Network Driver
[    1.799879] igb: Copyright (c) 2007-2014 Intel Corporation.
[    1.805465] igbvf: Intel(R) Gigabit Virtual Function Network Driver
[    1.811737] igbvf: Copyright (c) 2009 - 2012 Intel Corporation.
[    1.818074] sky2: driver version 1.30
[    1.825662] ravb e6800000.ethernet eth0: Base address at 0xe6800000, 2e:09:0a:02:ec:37, IRQ 125.
[    1.835952] VFIO - User Level meta-driver version: 0.3
[    1.843085] ehci_hcd: USB 2.0 'Enhanced' Host Controller (EHCI) Driver
[    1.849631] ehci-pci: EHCI PCI platform driver
[    1.854094] ehci-platform: EHCI generic platform driver
[    1.859715] ehci-platform ee0a0100.usb: EHCI Host Controller
[    1.865399] ehci-platform ee0a0100.usb: new USB bus registered, assigned bus number 1
[    1.873317] ehci-platform ee0a0100.usb: irq 175, io mem 0xee0a0100
[    1.893999] ehci-platform ee0a0100.usb: USB 2.0 started, EHCI 1.10
[    1.900531] hub 1-0:1.0: USB hub found
[    1.904306] hub 1-0:1.0: 1 port detected
[    1.908709] ehci-platform ee0c0100.usb: EHCI Host Controller
[    1.914388] ehci-platform ee0c0100.usb: new USB bus registered, assigned bus number 2
[    1.922292] ehci-platform ee0c0100.usb: irq 176, io mem 0xee0c0100
[    1.941995] ehci-platform ee0c0100.usb: USB 2.0 started, EHCI 1.10
[    1.948454] hub 2-0:1.0: USB hub found
[    1.952222] hub 2-0:1.0: 1 port detected
[    1.982034] ehci-platform ee0e0100.usb: EHCI Host Controller
[    1.987722] ehci-platform ee0e0100.usb: new USB bus registered, assigned bus number 3
[    1.995595] ehci-platform ee0e0100.usb: irq 177, io mem 0xee0e0100
[    2.013995] ehci-platform ee0e0100.usb: USB 2.0 started, EHCI 1.10
[    2.020426] hub 3-0:1.0: USB hub found
[    2.024197] hub 3-0:1.0: 1 port detected
[    2.028571] ehci-orion: EHCI orion driver
[    2.032827] ehci-exynos: EHCI Exynos driver
[    2.037134] ohci_hcd: USB 1.1 'Open' Host Controller (OHCI) Driver
[    2.043333] ohci-pci: OHCI PCI platform driver
[    2.047813] ohci-platform: OHCI generic platform driver
[    2.053340] ohci-platform ee0a0000.usb: Generic Platform OHCI controller
[    2.060060] ohci-platform ee0a0000.usb: new USB bus registered, assigned bus number 4
[    2.067939] ohci-platform ee0a0000.usb: irq 175, io mem 0xee0a0000
[    2.150004] ata1: link resume succeeded after 1 retries
[    2.164280] hub 4-0:1.0: USB hub found
[    2.168050] hub 4-0:1.0: 1 port detected
[    2.172375] ohci-platform ee0c0000.usb: Generic Platform OHCI controller
[    2.179091] ohci-platform ee0c0000.usb: new USB bus registered, assigned bus number 5
[    2.186962] ohci-platform ee0c0000.usb: irq 176, io mem 0xee0c0000
[    2.261525] ata1: SATA link down (SStatus 0 SControl 300)
[    2.280270] hub 5-0:1.0: USB hub found
[    2.282000] usb 3-1: new high-speed USB device number 2 using ehci-platform
[    2.284039] hub 5-0:1.0: 1 port detected
[    2.295333] ohci-platform ee0e0000.usb: Generic Platform OHCI controller
[    2.302053] ohci-platform ee0e0000.usb: new USB bus registered, assigned bus number 6
[    2.309924] ohci-platform ee0e0000.usb: irq 177, io mem 0xee0e0000
[    2.404268] hub 6-0:1.0: USB hub found
[    2.408038] hub 6-0:1.0: 1 port detected
[    2.412393] ohci-exynos: OHCI Exynos driver
[    2.417256] xhci-hcd ee000000.usb: xHCI Host Controller
[    2.422494] xhci-hcd ee000000.usb: new USB bus registered, assigned bus number 7
[    2.445769] xhci-hcd ee000000.usb: hcc params 0x014051ce hci version 0x100 quirks 0x0000000000830410
[    2.454947] xhci-hcd ee000000.usb: irq 172, io mem 0xee000000
[    2.460820] xhci-hcd ee000000.usb: xHCI Host Controller
[    2.466070] xhci-hcd ee000000.usb: new USB bus registered, assigned bus number 8
[    2.473487] xhci-hcd ee000000.usb: Host supports USB 3.0 SuperSpeed
[    2.480071] hub 7-0:1.0: USB hub found
[    2.483848] hub 7-0:1.0: 1 port detected
[    2.487946] usb usb8: We don't know the algorithms for LPM for this host, disabling LPM.
[    2.496304] hub 8-0:1.0: USB hub found
[    2.500073] hub 8-0:1.0: 1 port detected
[    2.504899] usb-storage 3-1:1.0: USB Mass Storage device detected
[    2.511300] scsi host1: usb-storage 3-1:1.0
[    2.515647] usbcore: registered new interface driver usb-storage
[    2.523411] renesas_usbhs e6590000.usb: host probed
[    2.528302] renesas_usbhs e6590000.usb: no transceiver found
[    2.534034] renesas_usbhs e6590000.usb: gadget probed
[    2.539251] renesas_usbhs e6590000.usb: probed
[    2.544159] renesas_usbhs e659c000.usb: host probed
[    2.549053] renesas_usbhs e659c000.usb: no transceiver found
[    2.554769] renesas_usbhs e659c000.usb: gadget probed
[    2.559962] renesas_usbhs e659c000.usb: probed
[    2.566864] i2c /dev entries driver
[    2.581426] cs2000-cp 2-004f: revision - C1
[    2.585676] i2c-rcar e6510000.i2c: probed
[    2.590521] pca953x 4-0020: supply vcc not found, using dummy regulator
[    2.597227] pca953x 4-0020: using no AI
[    2.601866] gpio-355 (PCIE/SATA switch): hogged as output/low
[    2.614197] i2c-rcar e66d8000.i2c: probed
[    2.619518] adv748x 4-0070: Endpoint /soc/i2c@e66d8000/video-receiver@70/port@7/endpoint on port 7
[    2.628500] adv748x 4-0070: Endpoint /soc/i2c@e66d8000/video-receiver@70/port@8/endpoint on port 8
[    2.637471] adv748x 4-0070: Endpoint /soc/i2c@e66d8000/video-receiver@70/port@a/endpoint on port 10
[    2.646534] adv748x 4-0070: Endpoint /soc/i2c@e66d8000/video-receiver@70/port@b/endpoint on port 11
[    2.655921] adv748x 4-0070: chip found @ 0xe0 revision 2143
[    2.709293] rcar-csi2 fea80000.csi2: 1 lanes found
[    2.714488] rcar-csi2 feaa0000.csi2: 4 lanes found
[    2.724089] rcar-vin e6ef0000.video: Device registered as video0
[    2.730172] rcar-vin e6ef1000.video: Device registered as video1
[    2.736241] rcar-vin e6ef2000.video: Device registered as video2
[    2.742311] rcar-vin e6ef3000.video: Device registered as video3
[    2.748388] rcar-vin e6ef4000.video: Device registered as video4
[    2.754462] rcar-vin e6ef5000.video: Device registered as video5
[    2.760543] rcar-vin e6ef6000.video: Device registered as video6
[    2.766622] rcar-vin e6ef7000.video: Device registered as video7
[    2.775355] rcar_gen3_thermal e6198000.thermal: is using pseudo fixed FUSE values
[    2.787570] rcar_gen3_thermal e6198000.thermal: TSC0: Loaded 1 trip points
[    2.798852] rcar_gen3_thermal e6198000.thermal: TSC1: Loaded 1 trip points
[    2.810039] rcar_gen3_thermal e6198000.thermal: TSC2: Loaded 3 trip points
[    2.822191] sdhci: Secure Digital Host Controller Interface driver
[    2.828383] sdhci: Copyright(c) Pierre Ossman
[    2.833538] Synopsys Designware Multimedia Card Interface Driver
[    2.833840] renesas_sdhi_internal_dmac ee140000.mmc: Adding to iommu group 0
[    2.833851] renesas_sdhi_internal_dmac ee100000.mmc: Got CD GPIO
[    2.833870] renesas_sdhi_internal_dmac ee100000.mmc: Got WP GPIO
[    2.834179] renesas_sdhi_internal_dmac ee160000.mmc: Got CD GPIO
[    2.834207] renesas_sdhi_internal_dmac ee160000.mmc: Got WP GPIO
[    2.840882] sdhci-pltfm: SDHCI platform and OF driver helper
[    2.846653] renesas_sdhi_internal_dmac ee140000.mmc: Using IPMMU context 1
[    2.884478] ledtrig-cpu: registered to indicate activity on CPUs
[    2.891505] SMCCC: SOC_ID: ARCH_SOC_ID not implemented, skipping ....
[    2.898571] usbcore: registered new interface driver usbhid
[    2.904149] usbhid: USB HID core driver
[    2.911769] optee: probing for conduit method.
[    2.916240] optee: revision 3.22 (314ecf9d)
[    2.916605] optee driver R-Car Rev.1.0.11
[    2.925047] optee: dynamic shared memory is enabled
[    2.930202] optee: initialized driver
[    2.934170] renesas_sdhi_internal_dmac ee140000.mmc: mmc0 base at 0x00000000ee140000, max clock rate 200 MHz
[    2.945084] rcar_sound ec500000.sound: probed
[    2.950164] NET: Registered protocol family 17
[    2.954729] 9pnet: Installing 9P2000 support
[    2.959055] Key type dns_resolver registered
[    2.963694] registered taskstats version 1
[    2.967806] Loading compiled-in X.509 certificates
[    2.982521] thermal emergency: set temperature to 110 celsius
[    2.988473] thermal emergency: shutdown target cpus 1-7
[    2.993701] thermal emergency: freq scaled target cpus 0
[    2.999367] renesas_irqc e61c0000.interrupt-controller: driving 6 irqs
[    3.013524] mmc0: new HS400 MMC card at address 0001
[    3.019267] mmcblk0: mmc0:0001 BGSD3R 29.1 GiB 
[    3.024198] mmcblk0boot0: mmc0:0001 BGSD3R partition 1 16.0 MiB
[    3.030504] mmcblk0boot1: mmc0:0001 BGSD3R partition 2 16.0 MiB
[    3.036636] mmcblk0rpmb: mmc0:0001 BGSD3R partition 3 4.00 MiB, chardev (509:0)
[    3.045685]  mmcblk0: p1
[    3.046061] ehci-platform ee080100.usb: EHCI Host Controller
[    3.053908] ehci-platform ee080100.usb: new USB bus registered, assigned bus number 9
[    3.061807] ehci-platform ee080100.usb: irq 174, io mem 0xee080100
[    3.081997] ehci-platform ee080100.usb: USB 2.0 started, EHCI 1.10
[    3.088627] hub 9-0:1.0: USB hub found
[    3.092399] hub 9-0:1.0: 1 port detected
[    3.097908] ohci-platform ee080000.usb: Generic Platform OHCI controller
[    3.104638] ohci-platform ee080000.usb: new USB bus registered, assigned bus number 10
[    3.112619] ohci-platform ee080000.usb: irq 174, io mem 0xee080000
[    3.208490] hub 10-0:1.0: USB hub found
[    3.212356] hub 10-0:1.0: 1 port detected
[    3.217739] cpu cpu0: EM: created perf domain
[    3.222665] cpu cpu4: EM: created perf domain
[    3.231923] renesas_sdhi_internal_dmac ee100000.mmc: Got CD GPIO
[    3.232902] renesas_sdhi_internal_dmac ee160000.mmc: Got CD GPIO
[    3.235207] [drm] Initialized rcar-du 1.0.0 20130110 for feb00000.display on minor 0
[    3.235211] [drm] Device feb00000.display probed
[    3.238024] renesas_sdhi_internal_dmac ee100000.mmc: Got WP GPIO
[    3.244051] renesas_sdhi_internal_dmac ee160000.mmc: Got WP GPIO
[    3.301237] renesas_sdhi_internal_dmac ee100000.mmc: mmc1 base at 0x00000000ee100000, max clock rate 200 MHz
[    3.305544] Console: switching to colour frame buffer device 128x48
[    3.314751] renesas_sdhi_internal_dmac ee160000.mmc: mmc2 base at 0x00000000ee160000, max clock rate 200 MHz
[    3.349163] rcar-du feb00000.display: [drm] fb0: rcar-dudrmfb frame buffer device
[    3.361538] input: keys as /devices/platform/keys/input/input0
[    3.441534] Micrel KSZ9031 Gigabit PHY e6800000.ethernet-ffffffff:00: attached PHY driver [Micrel KSZ9031 Gigabit PHY] (mii_bus:phy_addr=e6800000.ethernet-ffffffff:00, irq=183)
[    3.520326] scsi 1:0:0:0: Direct-Access     Lexar    JD Secure II +   1100 PQ: 0 ANSI: 0 CCS
[    3.648364] sd 1:0:0:0: [sda] 1966080 512-byte logical blocks: (1.01 GB/960 MiB)
[    3.657198] sd 1:0:0:0: [sda] Write Protect is off
[    3.663536] sd 1:0:0:0: [sda] No Caching mode page found
[    3.668971] sd 1:0:0:0: [sda] Assuming drive cache: write through
[    3.685047]  sda: sda1
[    3.692954] sd 1:0:0:0: [sda] Attached SCSI removable disk
[   13.205697] ravb e6800000.ethernet eth0: Link is Up - 1Gbps/Full - flow control off
[   13.234026] IP-Config: Guessing netmask 255.255.255.0
[   13.239189] IP-Config: Complete:
[   13.242503]      device=eth0, hwaddr=2e:09:0a:02:ec:37, ipaddr=192.168.10.167, mask=255.255.255.0, gw=255.255.255.255
[   13.253313]      host=192.168.10.167, domain=, nis-domain=(none)
[   13.263217]      bootserver=255.255.255.255, rootserver=192.168.10.99, rootpath=
[   13.263822] ALSA device list:
[   13.282083]   No soundcards found.
[   14.326315] VFS: Mounted root (nfs4 filesystem) on device 0:22.
[   14.337555] devtmpfs: mounted
[   14.345737] Freeing unused kernel memory: 6144K
[   14.366124] Run /sbin/init as init process
[   14.542953] systemd[1]: System time before build time, advancing clock.
[   14.946044] random: crng init done
[   14.979016] NET: Registered protocol family 10
[   14.988525] Segment Routing with IPv6
[   15.021513] systemd[1]: systemd 244 running in system mode. (+PAM -AUDIT -SELINUX +IMA -APPARMOR -SMACK +SYSVINIT +UTMP -LIBCRYPTSETUP -GCRYPT -GNUTLS +ACL +XZ -LZ4 -SECCOMP +BLKID -ELFUTILS +KMOD -IDN2 -IDN -PCRE2 default-hierarchy=hybrid)
[   15.052033] systemd[1]: Detected architecture arm64.

Welcome to [1mPoky (Yocto Project Reference Distro) 3.1.11 (dunfell)[0m!

[   15.084390] systemd[1]: Set hostname to <salvator-x>.
[   15.835112] systemd[1]: system-getty.slice: unit configures an IP firewall, but the local system does not support BPF/cgroup firewalling.
[   15.856358] systemd[1]: (This warning is only shown for the first unit using IP firewalling.)
[   15.871617] systemd[1]: Created slice system-getty.slice.
[[0;32m  OK  [0m] Created slice [0;1;39msystem-getty.slice[0m.
[   15.899229] systemd[1]: Created slice system-serial\x2dgetty.slice.
[[0;32m  OK  [0m] Created slice [0;1;39msystem-serial\x2dgetty.slice[0m.
[   15.923240] systemd[1]: Created slice User and Session Slice.
[[0;32m  OK  [0m] Created slice [0;1;39mUser and Session Slice[0m.
[   15.946524] systemd[1]: Started Dispatch Password Requests to Console Directory Watch.
[[0;32m  OK  [0m] Started [0;1;39mDispatch Password â€¦ts to Console Directory Watch[0m.
[   15.974426] systemd[1]: Started Forward Password Requests to Wall Directory Watch.
[[0;32m  OK  [0m] Started [0;1;39mForward Password Râ€¦uests to Wall Directory Watch[0m.
[   16.002303] systemd[1]: Reached target Paths.
[[0;32m  OK  [0m] Reached target [0;1;39mPaths[0m.
[   16.026165] systemd[1]: Reached target Remote File Systems.
[[0;32m  OK  [0m] Reached target [0;1;39mRemote File Systems[0m.
[   16.050151] systemd[1]: Reached target Slices.
[[0;32m  OK  [0m] Reached target [0;1;39mSlices[0m.
[   16.074163] systemd[1]: Reached target Swap.
[[0;32m  OK  [0m] Reached target [0;1;39mSwap[0m.
[   16.101284] systemd[1]: Listening on RPCbind Server Activation Socket.
[[0;32m  OK  [0m] Listening on [0;1;39mRPCbind Server Activation Socket[0m.
[   16.130247] systemd[1]: Reached target RPC Port Mapper.
[[0;32m  OK  [0m] Reached target [0;1;39mRPC Port Mapper[0m.
[   16.154532] systemd[1]: Listening on initctl Compatibility Named Pipe.
[[0;32m  OK  [0m] Listening on [0;1;39minitctl Compatibility Named Pipe[0m.
[   16.184206] systemd[1]: Listening on Journal Audit Socket.
[[0;32m  OK  [0m] Listening on [0;1;39mJournal Audit Socket[0m.
[   16.212002] systemd[1]: Listening on Journal Socket (/dev/log).
[[0;32m  OK  [0m] Listening on [0;1;39mJournal Socket (/dev/log)[0m.
[   16.238902] systemd[1]: Listening on Journal Socket.
[[0;32m  OK  [0m] Listening on [0;1;39mJournal Socket[0m.
[   16.264256] systemd[1]: Listening on Network Service Netlink Socket.
[[0;32m  OK  [0m] Listening on [0;1;39mNetwork Service Netlink Socket[0m.
[   16.292522] systemd[1]: Listening on udev Control Socket.
[[0;32m  OK  [0m] Listening on [0;1;39mudev Control Socket[0m.
[   16.318674] systemd[1]: Listening on udev Kernel Socket.
[[0;32m  OK  [0m] Listening on [0;1;39mudev Kernel Socket[0m.
[   16.347587] systemd[1]: Mounting Huge Pages File System...
         Mounting [0;1;39mHuge Pages File System[0m...
[   16.375342] systemd[1]: Mounting POSIX Message Queue File System...
         Mounting [0;1;39mPOSIX Message Queue File System[0m...
[   16.407269] systemd[1]: Mounting Kernel Debug File System...
         Mounting [0;1;39mKernel Debug File System[0m...
[   16.438540] systemd[1]: Mounting Temporary Directory (/tmp)...
         Mounting [0;1;39mTemporary Directory (/tmp)[0m...
[   16.468442] systemd[1]: Starting Create list of static device nodes for the current kernel...
         Starting [0;1;39mCreate list of stâ€¦odes for the current kernel[0m...
[   16.503076] systemd[1]: Starting Start psplash boot splash screen...
         Starting [0;1;39mStart psplash boot splash screen[0m...
[   16.536550] systemd[1]: Starting RPC Bind...
         Starting [0;1;39mRPC Bind[0m...
[   16.558729] systemd[1]: Condition check resulted in File System Check on Root Device being skipped.
[   16.573066] systemd[1]: Starting Journal Service...
         Starting [0;1;39mJournal Service[0m...
[   16.598923] systemd[1]: Starting Load Kernel Modules...
         Starting [0;1;39mLoad Kernel Modules[0m...
[   16.623402] systemd[1]: Starting Remount Root and Kernel File Systems...
         Starting [0;1;39mRemount Root and Kernel File Systems[0m...
[   16.650439] systemd[1]: Starting udev Coldplug all Devices...
         Starting [0;1;39mudev Coldplug all Devices[0m...
[   16.678152] systemd[1]: Started Start psplash boot splash screen.
[[0;32m  OK  [0m] Started [0;1;39mStart psplash boot splash screen[0m.
[   16.706679] systemd[1]: Started RPC Bind.
[[0;32m  OK  [0m] Started [0;1;39mRPC Bind[0m.
[   16.726826] systemd[1]: Started Journal Service.
[[0;32m  OK  [0m] Started [0;1;39mJournal Service[0m.
[[0;32m  OK  [0m] Mounted [0;1;39mHuge Pages File System[0m.
[[0;32m  OK  [0m] Mounted [0;1;39mPOSIX Message Queue File System[0m.
[[0;32m  OK  [0m] Mounted [0;1;39mKernel Debug File System[0m.
[[0;32m  OK  [0m] Mounted [0;1;39mTemporary Directory (/tmp)[0m.
[[0;32m  OK  [0m] Started [0;1;39mCreate list of staâ€¦ nodes for the current kernel[0m.
[[0;32m  OK  [0m] Started [0;1;39mLoad Kernel Modules[0m.
[[0;32m  OK  [0m] Started [0;1;39mRemount Root and Kernel File Systems[0m.
         Mounting [0;1;39mKernel Configuration File System[0m...
[[0;32m  OK  [0m] Started [0;1;39mStart psplash-systâ€¦progress communication helper[0m.
         Starting [0;1;39mFlush Journal to Persistent Storage[0m...
         Starting [0;1;39mApply Kernel Variables[0m...
[   16.965458] systemd-journald[365]: Received client request to flush runtime journal.
         Starting [0;1;39mCreate Static Device Nodes in /dev[0m...
[[0;32m  OK  [0m] Mounted [0;1;39mKernel Configuration File System[0m.
[[0;32m  OK  [0m] Started [0;1;39mFlush Journal to Persistent Storage[0m.
[[0;32m  OK  [0m] Started [0;1;39mApply Kernel Variables[0m.
[[0;32m  OK  [0m] Started [0;1;39mCreate Static Device Nodes in /dev[0m.
[[0;32m  OK  [0m] Reached target [0;1;39mLocal File Systems (Pre)[0m.
         Mounting [0;1;39m/var/volatile[0m...
         Starting [0;1;39mudev Kernel Device Manager[0m...
[[0;32m  OK  [0m] Started [0;1;39mudev Coldplug all Devices[0m.
[[0;32m  OK  [0m] Mounted [0;1;39m/var/volatile[0m.
         Starting [0;1;39mLoad/Save Random Seed[0m...
[[0;32m  OK  [0m] Reached target [0;1;39mLocal File Systems[0m.
         Starting [0;1;39mCreate Volatile Files and Directories[0m...
[[0;32m  OK  [0m] Started [0;1;39mudev Kernel Device Manager[0m.
[[0;32m  OK  [0m] Started [0;1;39mLoad/Save Random Seed[0m.
         Starting [0;1;39mNetwork Service[0m...
[[0;32m  OK  [0m] Started [0;1;39mCreate Volatile Files and Directories[0m.
         Starting [0;1;39mNetwork Time Synchronization[0m...
         Starting [0;1;39mUpdate UTMP about System Boot/Shutdown[0m...
[[0;32m  OK  [0m] Started [0;1;39mNetwork Service[0m.
         Starting [0;1;39mNetwork Name Resolution[0m...
[[0;32m  OK  [0m] Started [0;1;39mUpdate UTMP about System Boot/Shutdown[0m.
[[0;32m  OK  [0m] Started [0;1;39mNetwork Time Synchronization[0m.
[   17.517337] pwm-backlight: probe of backlight failed with error -16
[[0;32m  OK  [0m] Reached target [0;1;39mSystem Initialization[0m.
[[0;32m  OK  [0m] Started [0;1;39mDaily Cleanup of Temporary Directories[0m.
[[0;32m  OK  [0m] Reached target [0;1;39mSystem Time Set[0m.
[   17.570604] at24 7-0050: supply vcc not found, using dummy regulator
[   17.581163] at24 7-0050: 128 byte br24t01 EEPROM, writable, 8 bytes/write
[[0;32m  OK  [0m] Reached target [0;1;39mSystem Time Synchronized[0m.
[[0;32m  OK  [0m] Reached target [0;1;39mTimers[0m.
[[0;32m  OK  [0m] Listening on [0;1;39mAvahi mDNS/DNS-SD Stack Activation Socket[0m.
[[0;32m  OK  [0m] Listening on [0;1;39mD-Bus System Message Bus Socket[0m.
[   17.675443] ccree e6601000.crypto: ARM CryptoCell 630P Driver: HW version 0xAF400001/0xDCC63000, Driver version 5.0
[[0;32m  OK  [0m] Listening on [0;1;39mdropbear.socket[0m.
[[0;32m  OK  [0m] Reached target [0;1;39mSockets[0m.
[   17.709384] renesas_usb3 ee020000.usb: probed with phy
[   17.710953] ccree e6601000.crypto: ARM ccree device initialized
[[0;32m  OK  [0m] Reached target [0;1;39mBasic System[0m.
[[0;32m  OK  [0m] Started [0;1;39mD-Bus System Message Bus[0m.
[[0;32m  OK  [0m] Started [0;1;39moptee services[0m.
         Starting [0;1;39mpvrinit.service[0m...
         Starting [0;1;39mPowerVR consumer services[0m...
         Starting [0;1;39mLogin Service[0m...
[[0;32m  OK  [0m] Started [0;1;39mNetwork Name Resolution[0m.
[[0;1;31mFAILED[0m] Failed to start [0;1;39mPowerVR consumer services[0m.
See 'systemctl status rc.pvr.service' for details.
[[0;1;38;5;185mDEPEND[0m] Dependency failed for [0;1;39mWeston Wayland Compositor[0m.
[[0;1;31mFAILED[0m] Failed to start [0;1;39mpvrinit.service[0m.
See 'systemctl status pvrinit.service' for details.
[[0;32m  OK  [0m] Started [0;1;39mLogin Service[0m.
[[0;32m  OK  [0m] Created slice [0;1;39msystem-weston.slice[0m.
[[0;32m  OK  [0m] Reached target [0;1;39mNetwork[0m.
[[0;32m  OK  [0m] Reached target [0;1;39mHost and Network Name Lookups[0m.
[[0;32m  OK  [0m] Reached target [0;1;39mHardware activated USB gadget[0m.
         Starting [0;1;39mAvahi mDNS/DNS-SD Stack[0m...
         Starting [0;1;39mset_default_governor.service[0m...
         Starting [0;1;39mPermit User Sessions[0m...
[[0;32m  OK  [0m] Started [0;1;39mXinetd A Powerful Replacement For Inetd[0m.
[   18.266289] rd 0-7: Disabling EAS, schedutil is mandatory
[[0;32m  OK  [0m] Started [0;1;39mPermit User Sessions[0m.
[[0;32m  OK  [0m] Started [0;1;39mAvahi mDNS/DNS-SD Stack[0m.
[[0;32m  OK  [0m] Started [0;1;39mset_default_governor.service[0m.
[[0;32m  OK  [0m] Started [0;1;39mGetty on tty1[0m.
[[0;32m  OK  [0m] Started [0;1;39mSerial Getty on ttySC0[0m.
[[0;32m  OK  [0m] Reached target [0;1;39mLogin Prompts[0m.
[[0;32m  OK  [0m] Reached target [0;1;39mMulti-User System[0m.
         Starting [0;1;39mUpdate UTMP about System Runlevel Changes[0m...
[[0;32m  OK  [0m] Started [0;1;39mUpdate UTMP about System Runlevel Changes[0m.

Poky (Yocto Project Reference Distro) 3.1.11 salvator-x ttySC0

salvator-x login: 
salvator-x login: root
[   20.450203] audit: type=1006 audit(1703064537.904:2): pid=541 uid=0 old-auid=4294967295 auid=0 tty=(none) old-ses=4294967295 ses=1 res=1
7[r[999;999H[6n8root@salvator-x:~# 
root@salvator-x:~# 
root@salvator-x:~# 
root@salvator-x:~# 
root@salvator-x:~# 
root@salvator-x:~# 
root@salvator-x:~# 
root@salvator-x:~# 
root@salvator-x:~# 
----------Prepare----------


root@salvator-x:~# find /sys/devices/platform/soc/ee0e0100.usb/ -name 'sd*'
/sys/devices/platform/soc/ee0e0100.usb/usb3/3-1/3-1:1.0/host1/target1:0:0/1:0:0:0/block/sda
/sys/devices/platform/soc/ee0e0100.usb/usb3/3-1/3-1:1.0/host1/target1:0:0/1:0:0:0/block/sda/sda1
root@salvator-x:~# 
root@salvator-x:~# dd if=/dev/urandom of=testdata bs=10M count=1
1+0 records in
1+0 records out
10485760 bytes (10 MB, 10 MiB) copied, 0.345488 s, 30.4 MB/s
root@salvator-x:~# 
root@salvator-x:~# mkdir -p /mnt/usb
root@salvator-x:~# 
root@salvator-x:~# mount /dev/sda1 /mnt/usb
mount: /mnt/usb: wrong fs type, bad option, bad superblock on /dev/sda1, missing codepage or helper program, or other error.
root@salvator-x:~# 
root@salvator-x:~# echo y | mkfs.ext4 /dev/sda1
mke2fs 1.45.4 (23-Sep-2019)
Creating filesystem with 245504 4k blocks and 61440 inodes
Filesystem UUID: 16a10753-9c65-49b9-94ed-9e72e18e7b16
Superblock backups stored on blocks: 
	32768, 98304, 163840, 229376

Allocating group tables: 0/8   done                            
Writing inode tables: 0/8   done                            
Creating journal (4096 blocks): done
Writing superblocks and filesystem accounting information: 0/8   done

root@salvator-x:~# 
root@salvator-x:~# mount /dev/sda1 /mnt/usb
[   37.226776] EXT4-fs (sda1): mounted filesystem with ordered data mode. Opts: (null)
root@salvator-x:~# 
root@salvator-x:~# cp testdata /mnt/usb/
root@salvator-x:~# 
root@salvator-x:~# umount /mnt/usb
root@salvator-x:~# 
root@salvator-x:~# find /sys/devices/platform/soc/ee0e0100.usb/ -name 'sd*'
/sys/devices/platform/soc/ee0e0100.usb/usb3/3-1/3-1:1.0/host1/target1:0:0/1:0:0:0/block/sda
/sys/devices/platform/soc/ee0e0100.usb/usb3/3-1/3-1:1.0/host1/target1:0:0/1:0:0:0/block/sda/sda1
root@salvator-x:~# 
root@salvator-x:~# i2cset -f -y 7 0x30 0x20 0x0f
root@salvator-x:~# 

Switch SW23 off and input 'yes' to continue:
[   43.998175] SDHI0 VccQ: disabling
[   44.001568] SDHI3 VccQ: disabling
Input 'yes' to continue: 

root@salvator-x:~# echo N > /sys/module/printk/parameters/console_suspend
root@salvator-x:~# 
root@salvator-x:~# mount /dev/sda1 /mnt/usb
[   52.992016] EXT4-fs (sda1): mounted filesystem with ordered data mode. Opts: (null)
root@salvator-x:~# 
root@salvator-x:~# cp /mnt/usb/testdata testdata_from_usb &
[1] 570
root@salvator-x:~# 
root@salvator-x:~# echo mem > /sys/power/state
[   54.366437] PM: suspend entry (deep)
[   54.778303] Filesystems sync: 0.408 seconds
[   54.784176] Freezing user space processes ... (elapsed 0.003 seconds) done.
[   54.788023] OOM killer disabled.
[   54.788026] Freezing remaining freezable tasks ... (elapsed 0.001 seconds) done.
[   55.218425] ravb e6800000.ethernet eth0: Link is Down
[   55.237895] Disabling non-boot CPUs ...
[   55.242411] CPU1: shutdown
[   55.245122] psci: CPU1 killed (polled 0 ms)
[   55.251591] CPU2: shutdown
[   55.254318] psci: CPU2 killed (polled 0 ms)
[   55.260060] CPU3: shutdown
[   55.262794] psci: CPU3 killed (polled 0 ms)
[   55.268666] CPU4: shutdown
[   55.271388] psci: CPU4 killed (polled 0 ms)
[   55.277299] CPU5: shutdown
[   55.280061] psci: CPU5 killed (polled 0 ms)
[   55.285571] CPU6: shutdown
[   55.288307] psci: CPU6 killed (polled 0 ms)
[   55.294002] CPU7: shutdown
[   55.296712] psci: CPU7 killed (polled 0 ms)
 
 Switch power switch: 

NOTICE:  BL2: R-Car Gen3 Initial Program Loader(CA57) Rev.4.0.0
NOTICE:  BL2: PRR is R-Car H3 Ver.3.0
NOTICE:  BL2: Board is Salvator-XS Rev.1.0
NOTICE:  BL2: Boot device is HyperFlash(160MHz)
NOTICE:  BL2: LCM state is CM
NOTICE:  AVS setting succeeded. DVFS_SetVID=0x53
NOTICE:  BL2: DDR3200(rev.0.42)
NOTICE:  BL2: [WARM_BOOT]
NOTICE:  BL2: DRAM Split is 4ch(DDR f)
NOTICE:  BL2: QoS is default setting(rev.0.11)
NOTICE:  BL2: DRAM refresh interval 1.95 usec
NOTICE:  BL2: Periodic Write DQ Training
NOTICE:  BL2: CH0: 400000000 - 47fffffff, 2 GiB
NOTICE:  BL2: CH1: 500000000 - 57fffffff, 2 GiB
NOTICE:  BL2: CH2: 600000000 - 67fffffff, 2 GiB
NOTICE:  BL2: CH3: 700000000 - 77fffffff, 2 GiB
NOTICE:  BL2: Lossy Decomp areas
NOTICE:       Entry 0: DCMPAREACRAx:0x80000540 DCMPAREACRBx:0x570
NOTICE:       Entry 1: DCMPAREACRAx:0x40000000 DCMPAREACRBx:0x0
NOTICE:       Entry 2: DCMPAREACRAx:0x20000000 DCMPAREACRBx:0x0
NOTICE:  BL2: FDT at 0xe6327f70
NOTICE:  BL2: v2.9(release):9cdb21f75
NOTICE:  BL2: Built : 05:25:39, Dec 19 2023
NOTICE:  BL2: Normal boot
[   55.302034] Enabling non-boot CPUs ...
[   55.306013] Detected PIPT I-cache on CPU1
[   55.306069] CPU1: Booted secondary processor 0x0000000001 [0x411fd073]
[   55.306520] CPU1 is up
[   55.319559] Detected PIPT I-cache on CPU2
[   55.319581] CPU2: Booted secondary processor 0x0000000002 [0x411fd073]
[   55.319860] CPU2 is up
[   55.332873] Detected PIPT I-cache on CPU3
[   55.332895] CPU3: Booted secondary processor 0x0000000003 [0x411fd073]
[   55.333212] CPU3 is up
[   55.346287] Detected VIPT I-cache on CPU4
[   55.346340] CPU4: Booted secondary processor 0x0000000100 [0x410fd034]
[   55.347241] CPU4 is up
[   55.360253] Detected VIPT I-cache on CPU5
[   55.360286] CPU5: Booted secondary processor 0x0000000101 [0x410fd034]
[   55.360875] CPU5 is up
[   55.373881] Detected VIPT I-cache on CPU6
[   55.373915] CPU6: Booted secondary processor 0x0000000102 [0x410fd034]
[   55.374569] CPU6 is up
[   55.387576] Detected VIPT I-cache on CPU7
[   55.387610] CPU7: Booted secondary processor 0x0000000103 [0x410fd034]
[   55.388298] CPU7 is up
[   55.461175] xhci-hcd ee000000.usb: xHC error in resume, USBSTS 0x401, Reinit
[   55.468219] usb usb7: root hub lost power or was reset
[   55.473338] usb usb8: root hub lost power or was reset
[   55.528642] Micrel KSZ9031 Gigabit PHY e6800000.ethernet-ffffffff:00: attached PHY driver [Micrel KSZ9031 Gigabit PHY] (mii_bus:phy_addr=e6800000.ethernet-ffffffff:00, irq=183)
[   55.644024] usb usb4: root hub lost power or was reset
[   55.649310] usb usb1: root hub lost power or was reset
[   55.736094] usb usb5: root hub lost power or was reset
[   55.741347] usb usb2: root hub lost power or was reset
[   55.828088] usb usb6: root hub lost power or was reset
[   55.833252] usb usb3: root hub lost power or was reset
[   55.951978] usb usb10: root hub lost power or was reset
[   55.957326] usb usb9: root hub lost power or was reset
[   55.966061] ata1: link resume succeeded after 1 retries
[   56.077606] ata1: SATA link down (SStatus 0 SControl 300)
[   56.083816] usb 3-1: reset high-speed USB device number 2 using ehci-platform
[   56.253025] OOM killer enabled.
[   56.256900] Restarting tasks ... done.
root@salvator-x:~# [   56.262658] PM: suspend exit
[   62.114200] ravb e6800000.ethernet eth0: Link is Up - 1Gbps/Full - flow control off

[1]+  Done                    cp /mnt/usb/testdata testdata_from_usb
root@salvator-x:~# echo "Wake up sucessfully"
Wake up sucessfully
root@salvator-x:~# 
root@salvator-x:~# wait
root@salvator-x:~# 
root@salvator-x:~# sync
root@salvator-x:~# 
root@salvator-x:~# cmp testdata testdata_from_usb
root@salvator-x:~# 
root@salvator-x:~# umount /mnt/usb
root@salvator-x:~# 
root@salvator-x:~# find /sys/devices/platform/soc/ee0e0100.usb/ -name 'sd*'
/sys/devices/platform/soc/ee0e0100.usb/usb3/3-1/3-1:1.0/host1/target1:0:0/1:0:0:0/block/sda
/sys/devices/platform/soc/ee0e0100.usb/usb3/3-1/3-1:1.0/host1/target1:0:0/1:0:0:0/block/sda/sda1
root@salvator-x:~# 
root@salvator-x:~# dd if=/dev/sda1 of=/dev/null bs=1M count=1 iflag=direct
[   72.434719]  sda: sda1
1+0 records in
1+0 records out
1048576 bytes (1.0 MB, 1.0 MiB) copied, 0.0674343 s, 15.5 MB/s
root@salvator-x:~# 
root@salvator-x:~# dd if=/dev/zero of=/dev/sda1 bs=1M count=1 oflag=direct
1+0 records in
1+0 records out
1048576 bytes (1.0 MB, 1.0 MiB) copied, 0.49656 s, 2.1 MB/s
root@salvator-x:~# 
 
#### Result: OK ####
