

----------Item 24----------


Please press switch to restart board 

[F 00:00:120
[F 00:00:119
[F 00:00:118
[F 00:00:117
[F 00:00:116
NOTICE:  BL2: R-Car Gen3 Initial Program Loader(CA57) Rev.4.0.0
NOTICE:  BL2: PRR is R-Car H3 Ver.3.0
NOTICE:  BL2: Board is Salvator-XS Rev.1.0
NOTICE:  BL2: Boot device is HyperFlash(160MHz)
NOTICE:  BL2: LCM state is CM
NOTICE:  AVS setting succeeded. DVFS_SetVID=0x53
NOTICE:  BL2: DDR3200(rev.0.42)
NOTICE:  BL2: [COLD_BOOT]
NOTICE:  BL2: DRAM Split is 4ch(DDR f)
NOTICE:  BL2: QoS is default setting(rev.0.11)
NOTICE:  BL2: DRAM refresh interval 1.95 usec
NOTICE:  BL2: Periodic Write DQ Training
NOTICE:  BL2: CH0: 400000000 - 47fffffff, 2 GiB
NOTICE:  BL2: CH1: 500000000 - 57fffffff, 2 GiB
NOTICE:  BL2: CH2: 600000000 - 67fffffff, 2 GiB
NOTICE:  BL2: CH3: 700000000 - 77fffffff, 2 GiB
NOTICE:  BL2: Lossy Decomp areas
NOTICE:       Entry 0: DCMPAREACRAx:0x80000540 DCMPAREACRBx:0x570
NOTICE:       Entry 1: DCMPAREACRAx:0x40000000 DCMPAREACRBx:0x0
NOTICE:       Entry 2: DCMPAREACRAx:0x20000000 DCMPAREACRBx:0x0
NOTICE:  BL2: FDT at 0xe6327f70
NOTICE:  BL2: v2.9(release):9cdb21f75
NOTICE:  BL2: Built : 05:25:39, Dec 19 2023
NOTICE:  BL2: Normal boot
NOTICE:  BL2: dst=0xe6327800 src=0x8180000 len=512(0x200)
NOTICE:  BL2: dst=0x43f00000 src=0x8180400 len=6144(0x1800)
NOTICE:  rcar_file_len: len: 0x0003e000
NOTICE:  BL2: dst=0x44000000 src=0x81c0000 len=253952(0x3e000)
NOTICE:  rcar_file_len: len: 0x00200000
NOTICE:  BL2: dst=0x44100000 src=0x8200000 len=2097152(0x200000)
NOTICE:  rcar_file_len: len: 0x00100000
NOTICE:  BL2: dst=0x50000000 src=0x8640000 len=1048576(0x100000)
NOTICE:  BL2: Booting BL31


U-Boot 2020.10 (Dec 19 2023 - 14:30:40 +0000)

CPU: Renesas Electronics R8A7795 rev 3.0
Model: Renesas Salvator-X 2nd version board based on r8a77951
DRAM:  7.9 GiB
RAM Configuration:
Bank #0: 0x048000000 - 0x0bfffffff, 1.9 GiB
Bank #1: 0x500000000 - 0x57fffffff, 2 GiB
Bank #2: 0x600000000 - 0x67fffffff, 2 GiB
Bank #3: 0x700000000 - 0x77fffffff, 2 GiB

MMC:   sd@ee100000: 0, sd@ee140000: 1, sd@ee160000: 2
Loading Environment from MMC... OK
In:    serial@e6e88000
Out:   serial@e6e88000
Err:   serial@e6e88000
Net:   eth0: ethernet@e6800000
Hit any key to stop autoboot:  2  1  0 
ethernet@e6800000 Waiting for PHY auto negotiation to complete.......... done
Using ethernet@e6800000 device
TFTP from server 192.168.10.99; our IP address is 192.168.10.167
Filename 'traivo/H3/rootfs/boot_USB2H/Image'.
Load address: 0x48080000
Loading: *#################################################################
	 #################################################################
	 #################################################################
	 #################################################################
	 #################################################################
	 #################################################################
	 #################################################################
	 #################################################################
	 #################################################################
	 #################################################################
	 #################################################################
	 #################################################################
	 #################################################################
	 #################################################################
	 #################################################################
	 #################################################################
	 #################################################################
	 #################################################################
	 #################################################################
	 #################################################################
	 #################################################################
	 #################################################################
	 #################################################################
	 #################################################################
	 #################################################################
	 #################################################################
	 #################################################################
	 #################################################################
	 #################################################################
	 #################################################################
	 #################################################################
	 #################################################################
	 #################################################################
	 #################################################################
	 ################################################################
	 4.5 MiB/s
done
Bytes transferred = 33376768 (1fd4a00 hex)
Using ethernet@e6800000 device
TFTP from server 192.168.10.99; our IP address is 192.168.10.167
Filename 'traivo/H3/rootfs/boot_USB2H/r8a77951-salvator-xs.dtb'.
Load address: 0x48000000
Loading: *#######
	 7.2 MiB/s
done
Bytes transferred = 90876 (162fc hex)
Moving Image from 0x48080000 to 0x48200000, end=4a260000
## Flattened Device Tree blob at 48000000
   Booting using the fdt blob at 0x48000000
   Loading Device Tree to 0000000053fe6000, end 0000000053fff2fb ... OK

Starting kernel ...

[    0.000000] Booting Linux on physical CPU 0x0000000000 [0x411fd073]
[    0.000000] Linux version 5.10.194-yocto-standard (thuan.nguyen-hong@banvien) (aarch64-poky-linux-gcc (GCC) 9.3.0, GNU ld (GNU Binutils) 2.34.0.20200220) #10 SMP PREEMPT Mon Feb 19 03:51:05 UTC 2024
[    0.000000] Machine model: Renesas Salvator-X 2nd version board based on r8a77951
[    0.000000] efi: UEFI not found.
[    0.000000] Reserved memory: created CMA memory pool at 0x0000000057000000, size 16 MiB
[    0.000000] OF: reserved mem: initialized node linux,adsp@57000000, compatible id shared-dma-pool
[    0.000000] Reserved memory: created CMA memory pool at 0x0000000058000000, size 384 MiB
[    0.000000] OF: reserved mem: initialized node linux,cma@58000000, compatible id shared-dma-pool
[    0.000000] Reserved memory: created CMA memory pool at 0x0000000070000000, size 256 MiB
[    0.000000] OF: reserved mem: initialized node linux,multimedia@70000000, compatible id shared-dma-pool
[    0.000000] NUMA: No NUMA configuration found
[    0.000000] NUMA: Faking a node at [mem 0x0000000048000000-0x000000077fffffff]
[    0.000000] NUMA: NODE_DATA [mem 0x77efdab00-0x77efdcfff]
[    0.000000] Zone ranges:
[    0.000000]   DMA      [mem 0x0000000048000000-0x000000007fffffff]
[    0.000000]   DMA32    [mem 0x0000000080000000-0x00000000ffffffff]
[    0.000000]   Normal   [mem 0x0000000100000000-0x000000077fffffff]
[    0.000000] Movable zone start for each node
[    0.000000] Early memory node ranges
[    0.000000]   node   0: [mem 0x0000000048000000-0x0000000053ffffff]
[    0.000000]   node   0: [mem 0x0000000054000000-0x0000000056ffffff]
[    0.000000]   node   0: [mem 0x0000000057000000-0x00000000bfffffff]
[    0.000000]   node   0: [mem 0x0000000500000000-0x000000057fffffff]
[    0.000000]   node   0: [mem 0x0000000600000000-0x000000067fffffff]
[    0.000000]   node   0: [mem 0x0000000700000000-0x000000077fffffff]
[    0.000000] Initmem setup node 0 [mem 0x0000000048000000-0x000000077fffffff]
[    0.000000] psci: probing for conduit method from DT.
[    0.000000] psci: PSCIv1.1 detected in firmware.
[    0.000000] psci: Using standard PSCI v0.2 function IDs
[    0.000000] psci: Trusted OS resident on physical CPU 0x0
[    0.000000] psci: SMC Calling Convention v1.2
[    0.000000] percpu: Embedded 23 pages/cpu s56984 r8192 d29032 u94208
[    0.000000] Detected PIPT I-cache on CPU0
[    0.000000] CPU features: detected: EL2 vector hardening
[    0.000000] CPU features: detected: Spectre-v2
[    0.000000] CPU features: detected: ARM errata 1165522, 1319367, or 1530923
[    0.000000] CPU features: detected: Spectre-BHB
[    0.000000] CPU features: detected: ARM erratum 1742098
[    0.000000] Built 1 zonelists, mobility grouping on.  Total pages: 2032128
[    0.000000] Policy zone: Normal
[    0.000000] Kernel command line: rw root=/dev/nfs nfsroot=192.168.10.99:/data/tftpboot/traivo/H3/rootfs,nfsvers=4, ip=192.168.10.167
[    0.000000] Dentry cache hash table entries: 1048576 (order: 11, 8388608 bytes, linear)
[    0.000000] Inode-cache hash table entries: 524288 (order: 10, 4194304 bytes, linear)
[    0.000000] mem auto-init: stack:off, heap alloc:off, heap free:off
[    0.000000] software IO TLB: mapped [mem 0x000000004ffe6000-0x0000000053fe6000] (64MB)
[    0.000000] Memory: 7276840K/8257536K available (15232K kernel code, 2834K rwdata, 8240K rodata, 6144K init, 517K bss, 308952K reserved, 671744K cma-reserved)
[    0.000000] SLUB: HWalign=64, Order=0-3, MinObjects=0, CPUs=8, Nodes=1
[    0.000000] rcu: Preemptible hierarchical RCU implementation.
[    0.000000] rcu: 	RCU event tracing is enabled.
[    0.000000] rcu: 	RCU restricting CPUs from NR_CPUS=256 to nr_cpu_ids=8.
[    0.000000] 	Trampoline variant of Tasks RCU enabled.
[    0.000000] rcu: RCU calculated value of scheduler-enlistment delay is 25 jiffies.
[    0.000000] rcu: Adjusting geometry for rcu_fanout_leaf=16, nr_cpu_ids=8
[    0.000000] NR_IRQS: 64, nr_irqs: 64, preallocated irqs: 0
[    0.000000] arch_timer: cp15 timer(s) running at 8.32MHz (virt).
[    0.000000] clocksource: arch_sys_counter: mask: 0xffffffffffffff max_cycles: 0x1eb398c07, max_idle_ns: 440795202503 ns
[    0.000003] sched_clock: 56 bits at 8MHz, resolution 120ns, wraps every 2199023255503ns
[    0.000207] Console: colour dummy device 80x25
[    0.000414] printk: console [tty0] enabled
[    0.000490] Calibrating delay loop (skipped), value calculated using timer frequency.. 16.64 BogoMIPS (lpj=33280)
[    0.000505] pid_max: default: 32768 minimum: 301
[    0.000565] LSM: Security Framework initializing
[    0.000653] Mount-cache hash table entries: 16384 (order: 5, 131072 bytes, linear)
[    0.000705] Mountpoint-cache hash table entries: 16384 (order: 5, 131072 bytes, linear)
[    0.002125] rcu: Hierarchical SRCU implementation.
[    0.003720] Detected Renesas R-Car Gen3 r8a7795 ES3.0
[    0.005845] EFI services will not be available.
[    0.006174] smp: Bringing up secondary CPUs ...
[    0.006627] Detected PIPT I-cache on CPU1
[    0.006676] CPU1: Booted secondary processor 0x0000000001 [0x411fd073]
[    0.007159] Detected PIPT I-cache on CPU2
[    0.007185] CPU2: Booted secondary processor 0x0000000002 [0x411fd073]
[    0.007607] Detected PIPT I-cache on CPU3
[    0.007629] CPU3: Booted secondary processor 0x0000000003 [0x411fd073]
[    0.008062] CPU features: detected: ARM erratum 845719
[    0.008074] Detected VIPT I-cache on CPU4
[    0.008121] CPU4: Booted secondary processor 0x0000000100 [0x410fd034]
[    0.008610] Detected VIPT I-cache on CPU5
[    0.008637] CPU5: Booted secondary processor 0x0000000101 [0x410fd034]
[    0.009070] Detected VIPT I-cache on CPU6
[    0.009096] CPU6: Booted secondary processor 0x0000000102 [0x410fd034]
[    0.009535] Detected VIPT I-cache on CPU7
[    0.009562] CPU7: Booted secondary processor 0x0000000103 [0x410fd034]
[    0.009642] smp: Brought up 1 node, 8 CPUs
[    0.009703] SMP: Total of 8 processors activated.
[    0.009712] CPU features: detected: 32-bit EL0 Support
[    0.009719] CPU features: detected: CRC32 instructions
[    0.009727] CPU features: detected: 32-bit EL1 Support
[    0.022932] CPU: All CPU(s) started at EL1
[    0.022984] alternatives: patching kernel code
[    0.024158] devtmpfs: initialized
[    0.030966] KASLR disabled due to lack of seed
[    0.031114] clocksource: jiffies: mask: 0xffffffff max_cycles: 0xffffffff, max_idle_ns: 7645041785100000 ns
[    0.031135] futex hash table entries: 2048 (order: 5, 131072 bytes, linear)
[    0.039764] pinctrl core: initialized pinctrl subsystem
[    0.041260] DMI not present or invalid.
[    0.041757] NET: Registered protocol family 16
[    0.042694] DMA: preallocated 1024 KiB GFP_KERNEL pool for atomic allocations
[    0.042887] DMA: preallocated 1024 KiB GFP_KERNEL|GFP_DMA pool for atomic allocations
[    0.043181] DMA: preallocated 1024 KiB GFP_KERNEL|GFP_DMA32 pool for atomic allocations
[    0.043219] audit: initializing netlink subsys (disabled)
[    0.043402] audit: type=2000 audit(0.040:1): state=initialized audit_enabled=0 res=1
[    0.044537] thermal_sys: Registered thermal governor 'power_allocator'
[    0.045075] cpuidle: using governor menu
[    0.045246] hw-breakpoint: found 6 breakpoint and 4 watchpoint registers.
[    0.045371] ASID allocator initialised with 65536 entries
[    0.046661] Serial: AMBA PL011 UART driver
[    0.089523] sh-pfc e6060000.pinctrl: r8a77951_pfc support registered
[    0.104254] HugeTLB registered 1.00 GiB page size, pre-allocated 0 pages
[    0.104268] HugeTLB registered 32.0 MiB page size, pre-allocated 0 pages
[    0.104275] HugeTLB registered 2.00 MiB page size, pre-allocated 0 pages
[    0.104283] HugeTLB registered 64.0 KiB page size, pre-allocated 0 pages
[    0.105238] cryptd: max_cpu_qlen set to 1000
[    0.107510] ACPI: Interpreter disabled.
[    0.111311] rcar-avs: use avs value: 0
[    0.111328] rcar-avs: cpu@0 is running with: opp_table0
[    0.111339] rcar-avs: cpu@1 is running with: opp_table0
[    0.111349] rcar-avs: cpu@2 is running with: opp_table0
[    0.111359] rcar-avs: cpu@3 is running with: opp_table0
[    0.111443] rcar-avs: gsx@fd000000 is running with: gsx_opp_table0
[    0.112877] iommu: Default domain type: Translated 
[    0.113444] ipmmu-vmsa e67b0000.iommu: IPMMU context 0 is reserved
[    0.114416] vgaarb: loaded
[    0.114625] SCSI subsystem initialized
[    0.114876] usbcore: registered new interface driver usbfs
[    0.114902] usbcore: registered new interface driver hub
[    0.114927] usbcore: registered new device driver usb
[    0.118481] i2c-sh_mobile e60b0000.i2c: I2C adapter 7, bus speed 400000 Hz
[    0.119022] mc: Linux media interface: v0.10
[    0.119044] videodev: Linux video capture interface: v2.00
[    0.119091] pps_core: LinuxPPS API ver. 1 registered
[    0.119098] pps_core: Software ver. 5.3.6 - Copyright 2005-2007 Rodolfo Giometti <giometti@linux.it>
[    0.119112] PTP clock support registered
[    0.119284] EDAC MC: Ver: 3.0.0
[    0.121265] FPGA manager framework
[    0.121329] Advanced Linux Sound Architecture Driver Initialized.
[    0.121918] clocksource: Switched to clocksource arch_sys_counter
[    0.122055] VFS: Disk quotas dquot_6.6.0
[    0.122097] VFS: Dquot-cache hash table entries: 512 (order 0, 4096 bytes)
[    0.122216] pnp: PnP ACPI: disabled
[    0.125774] NET: Registered protocol family 2
[    0.126195] IP idents hash table entries: 131072 (order: 8, 1048576 bytes, linear)
[    0.128455] tcp_listen_portaddr_hash hash table entries: 4096 (order: 4, 65536 bytes, linear)
[    0.128536] TCP established hash table entries: 65536 (order: 7, 524288 bytes, linear)
[    0.128819] TCP bind hash table entries: 65536 (order: 8, 1048576 bytes, linear)
[    0.129404] TCP: Hash tables configured (established 65536 bind 65536)
[    0.129526] UDP hash table entries: 4096 (order: 5, 131072 bytes, linear)
[    0.129640] UDP-Lite hash table entries: 4096 (order: 5, 131072 bytes, linear)
[    0.129862] NET: Registered protocol family 1
[    0.130260] RPC: Registered named UNIX socket transport module.
[    0.130271] RPC: Registered udp transport module.
[    0.130277] RPC: Registered tcp transport module.
[    0.130284] RPC: Registered tcp NFSv4.1 backchannel transport module.
[    0.130296] PCI: CLS 0 bytes, default 64
[    0.131229] hw perfevents: enabled with armv8_cortex_a53 PMU driver, 7 counters available
[    0.131501] hw perfevents: enabled with armv8_cortex_a57 PMU driver, 7 counters available
[    0.132133] kvm [1]: HYP mode not available
[    0.134931] Initialise system trusted keyrings
[    0.135078] workingset: timestamp_bits=42 max_order=21 bucket_order=0
[    0.138206] squashfs: version 4.0 (2009/01/31) Phillip Lougher
[    0.138615] NFS: Registering the id_resolver key type
[    0.138641] Key type id_resolver registered
[    0.138647] Key type id_legacy registered
[    0.138703] nfs4filelayout_init: NFSv4 File Layout Driver Registering...
[    0.138712] nfs4flexfilelayout_init: NFSv4 Flexfile Layout Driver Registering...
[    0.138804] 9p: Installing v9fs 9p2000 file system support
[    0.165904] Key type asymmetric registered
[    0.165923] Asymmetric key parser 'x509' registered
[    0.165953] Block layer SCSI generic (bsg) driver version 0.4 loaded (major 243)
[    0.165963] io scheduler mq-deadline registered
[    0.165973] io scheduler kyber registered
[    0.181982] gpio_rcar e6050000.gpio: driving 16 GPIOs
[    0.182274] gpio_rcar e6051000.gpio: driving 29 GPIOs
[    0.182536] gpio_rcar e6052000.gpio: driving 15 GPIOs
[    0.182851] gpio_rcar e6053000.gpio: driving 16 GPIOs
[    0.183149] gpio_rcar e6054000.gpio: driving 18 GPIOs
[    0.183462] gpio_rcar e6055000.gpio: driving 26 GPIOs
[    0.183748] gpio_rcar e6055400.gpio: driving 32 GPIOs
[    0.184013] gpio_rcar e6055800.gpio: driving 4 GPIOs
[    0.187051] rcar-pcie fe000000.pcie: host bridge /soc/pcie@fe000000 ranges:
[    0.187081] rcar-pcie fe000000.pcie:       IO 0x00fe100000..0x00fe1fffff -> 0x0000000000
[    0.187103] rcar-pcie fe000000.pcie:      MEM 0x00fe200000..0x00fe3fffff -> 0x00fe200000
[    0.187121] rcar-pcie fe000000.pcie:      MEM 0x0030000000..0x0037ffffff -> 0x0030000000
[    0.187135] rcar-pcie fe000000.pcie:      MEM 0x0038000000..0x003fffffff -> 0x0038000000
[    0.187152] rcar-pcie fe000000.pcie:   IB MEM 0x0040000000..0x007fffffff -> 0x0040000000
[    0.187195] rcar-pcie fe000000.pcie: no pcie3v3 regulator found
[    0.187206] rcar-pcie fe000000.pcie: no pcie1v8 regulator found
[    0.253622] rcar-pcie fe000000.pcie: PCIe link down
[    0.253804] rcar-pcie ee800000.pcie: host bridge /soc/pcie@ee800000 ranges:
[    0.253828] rcar-pcie ee800000.pcie:       IO 0x00ee900000..0x00ee9fffff -> 0x0000000000
[    0.253849] rcar-pcie ee800000.pcie:      MEM 0x00eea00000..0x00eebfffff -> 0x00eea00000
[    0.253867] rcar-pcie ee800000.pcie:      MEM 0x00c0000000..0x00c7ffffff -> 0x00c0000000
[    0.253881] rcar-pcie ee800000.pcie:      MEM 0x00c8000000..0x00cfffffff -> 0x00c8000000
[    0.253898] rcar-pcie ee800000.pcie:   IB MEM 0x0040000000..0x007fffffff -> 0x0040000000
[    0.253945] rcar-pcie ee800000.pcie: no pcie3v3 regulator found
[    0.253956] rcar-pcie ee800000.pcie: no pcie1v8 regulator found
[    0.413916] rcar-pcie ee800000.pcie: PCIe link down
[    0.416366] EINJ: ACPI disabled.
[    0.450383] Serial: 8250/16550 driver, 4 ports, IRQ sharing enabled
[    0.452803] SuperH (H)SCI(F) driver initialized
[    0.453237] e6550000.serial: ttySC1 at MMIO 0xe6550000 (irq = 42, base_baud = 0) is a hscif
[    0.453991] e6e88000.serial: ttySC0 at MMIO 0xe6e88000 (irq = 128, base_baud = 0) is a scif
[    1.658712] printk: console [ttySC0] enabled
[    1.664135] msm_serial: driver initialized
[    1.674494] rcar-dw-hdmi fead0000.hdmi: Detected HDMI TX controller v2.01a with HDCP (DWC HDMI 2.0 TX PHY)
[    1.684405] rcar-dw-hdmi fead0000.hdmi: registered DesignWare HDMI I2C bus driver
[    1.692649] rcar-dw-hdmi feae0000.hdmi: Detected HDMI TX controller v2.01a with HDCP (DWC HDMI 2.0 TX PHY)
[    1.702500] rcar-dw-hdmi feae0000.hdmi: registered DesignWare HDMI I2C bus driver
[    1.717937] loop: module loaded
[    1.722487] megasas: 07.714.04.00-rc1
[    1.728197] scsi host0: sata_rcar
[    1.731675] ata1: SATA max UDMA/133 irq 181
[    1.741044] tun: Universal TUN/TAP device driver, 1.6
[    1.747013] thunder_xcv, ver 1.0
[    1.750272] thunder_bgx, ver 1.0
[    1.753512] nicpf, ver 1.0
[    1.757634] hclge is initializing
[    1.760968] hns3: Hisilicon Ethernet Network Driver for Hip08 Family - version
[    1.768191] hns3: Copyright (c) 2017 Huawei Corporation.
[    1.773529] e1000: Intel(R) PRO/1000 Network Driver
[    1.778409] e1000: Copyright (c) 1999-2006 Intel Corporation.
[    1.784175] e1000e: Intel(R) PRO/1000 Network Driver
[    1.789140] e1000e: Copyright(c) 1999 - 2015 Intel Corporation.
[    1.795079] igb: Intel(R) Gigabit Ethernet Network Driver
[    1.800482] igb: Copyright (c) 2007-2014 Intel Corporation.
[    1.806069] igbvf: Intel(R) Gigabit Virtual Function Network Driver
[    1.812335] igbvf: Copyright (c) 2009 - 2012 Intel Corporation.
[    1.818675] sky2: driver version 1.30
[    1.826354] ravb e6800000.ethernet eth0: Base address at 0xe6800000, 2e:09:0a:02:ec:37, IRQ 125.
[    1.836622] VFIO - User Level meta-driver version: 0.3
[    1.843783] ehci_hcd: USB 2.0 'Enhanced' Host Controller (EHCI) Driver
[    1.850324] ehci-pci: EHCI PCI platform driver
[    1.854788] ehci-platform: EHCI generic platform driver
[    1.860403] ehci-platform ee0a0100.usb: EHCI Host Controller
[    1.866084] ehci-platform ee0a0100.usb: new USB bus registered, assigned bus number 1
[    1.874000] ehci-platform ee0a0100.usb: irq 175, io mem 0xee0a0100
[    1.893926] ehci-platform ee0a0100.usb: USB 2.0 started, EHCI 1.10
[    1.900447] hub 1-0:1.0: USB hub found
[    1.904218] hub 1-0:1.0: 1 port detected
[    1.908616] ehci-platform ee0c0100.usb: EHCI Host Controller
[    1.914290] ehci-platform ee0c0100.usb: new USB bus registered, assigned bus number 2
[    1.922177] ehci-platform ee0c0100.usb: irq 176, io mem 0xee0c0100
[    1.941930] ehci-platform ee0c0100.usb: USB 2.0 started, EHCI 1.10
[    1.948390] hub 2-0:1.0: USB hub found
[    1.952160] hub 2-0:1.0: 1 port detected
[    1.981962] ehci-platform ee0e0100.usb: EHCI Host Controller
[    1.987651] ehci-platform ee0e0100.usb: new USB bus registered, assigned bus number 3
[    1.995526] ehci-platform ee0e0100.usb: irq 177, io mem 0xee0e0100
[    2.013923] ehci-platform ee0e0100.usb: USB 2.0 started, EHCI 1.10
[    2.020356] hub 3-0:1.0: USB hub found
[    2.024124] hub 3-0:1.0: 1 port detected
[    2.028491] ehci-orion: EHCI orion driver
[    2.032747] ehci-exynos: EHCI Exynos driver
[    2.037049] ohci_hcd: USB 1.1 'Open' Host Controller (OHCI) Driver
[    2.043246] ohci-pci: OHCI PCI platform driver
[    2.047728] ohci-platform: OHCI generic platform driver
[    2.053264] ohci-platform ee0a0000.usb: Generic Platform OHCI controller
[    2.059985] ohci-platform ee0a0000.usb: new USB bus registered, assigned bus number 4
[    2.067862] ohci-platform ee0a0000.usb: irq 175, io mem 0xee0a0000
[    2.149921] ata1: link resume succeeded after 1 retries
[    2.164194] hub 4-0:1.0: USB hub found
[    2.167968] hub 4-0:1.0: 1 port detected
[    2.172292] ohci-platform ee0c0000.usb: Generic Platform OHCI controller
[    2.179009] ohci-platform ee0c0000.usb: new USB bus registered, assigned bus number 5
[    2.186891] ohci-platform ee0c0000.usb: irq 176, io mem 0xee0c0000
[    2.261355] ata1: SATA link down (SStatus 0 SControl 300)
[    2.280178] hub 5-0:1.0: USB hub found
[    2.283946] hub 5-0:1.0: 1 port detected
[    2.288284] ohci-platform ee0e0000.usb: Generic Platform OHCI controller
[    2.295000] ohci-platform ee0e0000.usb: new USB bus registered, assigned bus number 6
[    2.302874] ohci-platform ee0e0000.usb: irq 177, io mem 0xee0e0000
[    2.396195] hub 6-0:1.0: USB hub found
[    2.399963] hub 6-0:1.0: 1 port detected
[    2.404311] ohci-exynos: OHCI Exynos driver
[    2.409181] xhci-hcd ee000000.usb: xHCI Host Controller
[    2.414422] xhci-hcd ee000000.usb: new USB bus registered, assigned bus number 7
[    2.437681] xhci-hcd ee000000.usb: hcc params 0x014051ce hci version 0x100 quirks 0x0000000000830410
[    2.446852] xhci-hcd ee000000.usb: irq 172, io mem 0xee000000
[    2.452718] xhci-hcd ee000000.usb: xHCI Host Controller
[    2.457952] xhci-hcd ee000000.usb: new USB bus registered, assigned bus number 8
[    2.465403] xhci-hcd ee000000.usb: Host supports USB 3.0 SuperSpeed
[    2.471957] hub 7-0:1.0: USB hub found
[    2.475734] hub 7-0:1.0: 1 port detected
[    2.479831] usb usb8: We don't know the algorithms for LPM for this host, disabling LPM.
[    2.488163] hub 8-0:1.0: USB hub found
[    2.491931] hub 8-0:1.0: 1 port detected
[    2.496750] usbcore: registered new interface driver usb-storage
[    2.504457] renesas_usbhs e6590000.usb: host probed
[    2.509350] renesas_usbhs e6590000.usb: no transceiver found
[    2.515075] renesas_usbhs e6590000.usb: gadget probed
[    2.520292] renesas_usbhs e6590000.usb: probed
[    2.525186] renesas_usbhs e659c000.usb: host probed
[    2.530083] renesas_usbhs e659c000.usb: no transceiver found
[    2.535796] renesas_usbhs e659c000.usb: gadget probed
[    2.540999] renesas_usbhs e659c000.usb: probed
[    2.547943] i2c /dev entries driver
[    2.562511] cs2000-cp 2-004f: revision - C1
[    2.566762] i2c-rcar e6510000.i2c: probed
[    2.571607] pca953x 4-0020: supply vcc not found, using dummy regulator
[    2.578309] pca953x 4-0020: using no AI
[    2.582973] gpio-355 (PCIE/SATA switch): hogged as output/low
[    2.595232] i2c-rcar e66d8000.i2c: probed
[    2.600564] adv748x 4-0070: Endpoint /soc/i2c@e66d8000/video-receiver@70/port@7/endpoint on port 7
[    2.609550] adv748x 4-0070: Endpoint /soc/i2c@e66d8000/video-receiver@70/port@8/endpoint on port 8
[    2.618524] adv748x 4-0070: Endpoint /soc/i2c@e66d8000/video-receiver@70/port@a/endpoint on port 10
[    2.627587] adv748x 4-0070: Endpoint /soc/i2c@e66d8000/video-receiver@70/port@b/endpoint on port 11
[    2.636985] adv748x 4-0070: chip found @ 0xe0 revision 2143
[    2.690579] rcar-csi2 fea80000.csi2: 1 lanes found
[    2.695716] rcar-csi2 feaa0000.csi2: 4 lanes found
[    2.697927] usb 3-1: new high-speed USB device number 2 using ehci-platform
[    2.705317] rcar-vin e6ef0000.video: Device registered as video0
[    2.713555] rcar-vin e6ef1000.video: Device registered as video1
[    2.719631] rcar-vin e6ef2000.video: Device registered as video2
[    2.725700] rcar-vin e6ef3000.video: Device registered as video3
[    2.731764] rcar-vin e6ef4000.video: Device registered as video4
[    2.737843] rcar-vin e6ef5000.video: Device registered as video5
[    2.743929] rcar-vin e6ef6000.video: Device registered as video6
[    2.750007] rcar-vin e6ef7000.video: Device registered as video7
[    2.758784] rcar_gen3_thermal e6198000.thermal: is using pseudo fixed FUSE values
[    2.770947] rcar_gen3_thermal e6198000.thermal: TSC0: Loaded 1 trip points
[    2.782199] rcar_gen3_thermal e6198000.thermal: TSC1: Loaded 1 trip points
[    2.793346] rcar_gen3_thermal e6198000.thermal: TSC2: Loaded 3 trip points
[    2.805356] sdhci: Secure Digital Host Controller Interface driver
[    2.811561] sdhci: Copyright(c) Pierre Ossman
[    2.816773] Synopsys Designware Multimedia Card Interface Driver
[    2.816954] renesas_sdhi_internal_dmac ee140000.mmc: Adding to iommu group 0
[    2.817084] renesas_sdhi_internal_dmac ee100000.mmc: Got CD GPIO
[    2.817103] renesas_sdhi_internal_dmac ee100000.mmc: Got WP GPIO
[    2.817326] renesas_sdhi_internal_dmac ee160000.mmc: Got CD GPIO
[    2.817356] renesas_sdhi_internal_dmac ee160000.mmc: Got WP GPIO
[    2.824123] sdhci-pltfm: SDHCI platform and OF driver helper
[    2.829861] renesas_sdhi_internal_dmac ee140000.mmc: Using IPMMU context 1
[    2.867286] ledtrig-cpu: registered to indicate activity on CPUs
[    2.874345] SMCCC: SOC_ID: ARCH_SOC_ID not implemented, skipping ....
[    2.881378] usbcore: registered new interface driver usbhid
[    2.886956] usbhid: USB HID core driver
[    2.894605] optee: probing for conduit method.
[    2.899117] optee: revision 3.22 (314ecf9d)
[    2.899707] optee driver R-Car Rev.1.0.11
[    2.900412] usb-storage 3-1:1.0: USB Mass Storage device detected
[    2.904239] optee: dynamic shared memory is enabled
[    2.908275] scsi host1: usb-storage 3-1:1.0
[    2.914036] renesas_sdhi_internal_dmac ee140000.mmc: mmc0 base at 0x00000000ee140000, max clock rate 200 MHz
[    2.914275] optee: initialized driver
[    2.927402] rcar_sound ec500000.sound: probed
[    2.941660] NET: Registered protocol family 17
[    2.946235] 9pnet: Installing 9P2000 support
[    2.950571] Key type dns_resolver registered
[    2.955208] registered taskstats version 1
[    2.959322] Loading compiled-in X.509 certificates
[    2.973970] thermal emergency: set temperature to 110 celsius
[    2.979927] thermal emergency: shutdown target cpus 1-7
[    2.985156] thermal emergency: freq scaled target cpus 0
[    2.990811] renesas_irqc e61c0000.interrupt-controller: driving 6 irqs
[    3.000778] mmc0: new HS400 MMC card at address 0001
[    3.006493] mmcblk0: mmc0:0001 BGSD3R 29.1 GiB 
[    3.011428] mmcblk0boot0: mmc0:0001 BGSD3R partition 1 16.0 MiB
[    3.017750] mmcblk0boot1: mmc0:0001 BGSD3R partition 2 16.0 MiB
[    3.023797] mmcblk0rpmb: mmc0:0001 BGSD3R partition 3 4.00 MiB, chardev (509:0)
[    3.032666]  mmcblk0: p1
[    3.037947] ehci-platform ee080100.usb: EHCI Host Controller
[    3.043658] ehci-platform ee080100.usb: new USB bus registered, assigned bus number 9
[    3.051574] ehci-platform ee080100.usb: irq 174, io mem 0xee080100
[    3.069917] ehci-platform ee080100.usb: USB 2.0 started, EHCI 1.10
[    3.076454] hub 9-0:1.0: USB hub found
[    3.080228] hub 9-0:1.0: 1 port detected
[    3.085709] ohci-platform ee080000.usb: Generic Platform OHCI controller
[    3.092436] ohci-platform ee080000.usb: new USB bus registered, assigned bus number 10
[    3.100426] ohci-platform ee080000.usb: irq 174, io mem 0xee080000
[    3.196466] hub 10-0:1.0: USB hub found
[    3.200325] hub 10-0:1.0: 1 port detected
[    3.205685] cpu cpu0: EM: created perf domain
[    3.210627] cpu cpu4: EM: created perf domain
[    3.218416] renesas_sdhi_internal_dmac ee100000.mmc: Got CD GPIO
[    3.221393] renesas_sdhi_internal_dmac ee160000.mmc: Got CD GPIO
[    3.223371] [drm] Initialized rcar-du 1.0.0 20130110 for feb00000.display on minor 0
[    3.223374] [drm] Device feb00000.display probed
[    3.224478] renesas_sdhi_internal_dmac ee100000.mmc: Got WP GPIO
[    3.230543] renesas_sdhi_internal_dmac ee160000.mmc: Got WP GPIO
[    3.287725] renesas_sdhi_internal_dmac ee100000.mmc: mmc1 base at 0x00000000ee100000, max clock rate 200 MHz
[    3.293447] Console: switching to colour frame buffer device 128x48
[    3.304538] renesas_sdhi_internal_dmac ee160000.mmc: mmc2 base at 0x00000000ee160000, max clock rate 200 MHz
[    3.334458] rcar-du feb00000.display: [drm] fb0: rcar-dudrmfb frame buffer device
[    3.346859] input: keys as /devices/platform/keys/input/input0
[    3.429606] Micrel KSZ9031 Gigabit PHY e6800000.ethernet-ffffffff:00: attached PHY driver [Micrel KSZ9031 Gigabit PHY] (mii_bus:phy_addr=e6800000.ethernet-ffffffff:00, irq=183)
[    3.935881] scsi 1:0:0:0: Direct-Access     SanDisk  Ultra            1.00 PQ: 0 ANSI: 6
[    3.945587] sd 1:0:0:0: [sda] 121307136 512-byte logical blocks: (62.1 GB/57.8 GiB)
[    3.954691] sd 1:0:0:0: [sda] Write Protect is off
[    3.960569] sd 1:0:0:0: [sda] Write cache: disabled, read cache: enabled, doesn't support DPO or FUA
[    3.990760]  sda: sda1
[    3.998423] sd 1:0:0:0: [sda] Attached SCSI removable disk
[    9.998231] ravb e6800000.ethernet eth0: Link is Up - 1Gbps/Full - flow control off
[   10.025956] IP-Config: Guessing netmask 255.255.255.0
[   10.031115] IP-Config: Complete:
[   10.034426]      device=eth0, hwaddr=2e:09:0a:02:ec:37, ipaddr=192.168.10.167, mask=255.255.255.0, gw=255.255.255.255
[   10.045239]      host=192.168.10.167, domain=, nis-domain=(none)
[   10.051368]      bootserver=255.255.255.255, rootserver=192.168.10.99, rootpath=
[   10.052009] ALSA device list:
[   10.070475]   No soundcards found.
[   11.125276] VFS: Mounted root (nfs4 filesystem) on device 0:22.
[   11.136131] devtmpfs: mounted
[   11.143649] Freeing unused kernel memory: 6144K
[   11.166050] Run /sbin/init as init process
[   11.327859] systemd[1]: System time before build time, advancing clock.
[   11.745974] random: crng init done
[   11.767653] NET: Registered protocol family 10
[   11.777403] Segment Routing with IPv6
[   11.811947] systemd[1]: systemd 244 running in system mode. (+PAM -AUDIT -SELINUX +IMA -APPARMOR -SMACK +SYSVINIT +UTMP -LIBCRYPTSETUP -GCRYPT -GNUTLS +ACL +XZ -LZ4 -SECCOMP +BLKID -ELFUTILS +KMOD -IDN2 -IDN -PCRE2 default-hierarchy=hybrid)
[   11.842534] systemd[1]: Detected architecture arm64.

Welcome to [1mPoky (Yocto Project Reference Distro) 3.1.11 (dunfell)[0m!

[   11.880279] systemd[1]: Set hostname to <salvator-x>.
[   12.686529] systemd[1]: system-getty.slice: unit configures an IP firewall, but the local system does not support BPF/cgroup firewalling.
[   12.707936] systemd[1]: (This warning is only shown for the first unit using IP firewalling.)
[   12.723126] systemd[1]: Created slice system-getty.slice.
[[0;32m  OK  [0m] Created slice [0;1;39msystem-getty.slice[0m.
[   12.751158] systemd[1]: Created slice system-serial\x2dgetty.slice.
[[0;32m  OK  [0m] Created slice [0;1;39msystem-serial\x2dgetty.slice[0m.
[   12.779138] systemd[1]: Created slice User and Session Slice.
[[0;32m  OK  [0m] Created slice [0;1;39mUser and Session Slice[0m.
[   12.802413] systemd[1]: Started Dispatch Password Requests to Console Directory Watch.
[[0;32m  OK  [0m] Started [0;1;39mDispatch Password â€¦ts to Console Directory Watch[0m.
[   12.830341] systemd[1]: Started Forward Password Requests to Wall Directory Watch.
[[0;32m  OK  [0m] Started [0;1;39mForward Password Râ€¦uests to Wall Directory Watch[0m.
[   12.858223] systemd[1]: Reached target Paths.
[[0;32m  OK  [0m] Reached target [0;1;39mPaths[0m.
[   12.882094] systemd[1]: Reached target Remote File Systems.
[[0;32m  OK  [0m] Reached target [0;1;39mRemote File Systems[0m.
[   12.906072] systemd[1]: Reached target Slices.
[[0;32m  OK  [0m] Reached target [0;1;39mSlices[0m.
[   12.930093] systemd[1]: Reached target Swap.
[[0;32m  OK  [0m] Reached target [0;1;39mSwap[0m.
[   12.957011] systemd[1]: Listening on RPCbind Server Activation Socket.
[[0;32m  OK  [0m] Listening on [0;1;39mRPCbind Server Activation Socket[0m.
[   12.986148] systemd[1]: Reached target RPC Port Mapper.
[[0;32m  OK  [0m] Reached target [0;1;39mRPC Port Mapper[0m.
[   13.010454] systemd[1]: Listening on initctl Compatibility Named Pipe.
[[0;32m  OK  [0m] Listening on [0;1;39minitctl Compatibility Named Pipe[0m.
[   13.040221] systemd[1]: Listening on Journal Audit Socket.
[[0;32m  OK  [0m] Listening on [0;1;39mJournal Audit Socket[0m.
[   13.067890] systemd[1]: Listening on Journal Socket (/dev/log).
[[0;32m  OK  [0m] Listening on [0;1;39mJournal Socket (/dev/log)[0m.
[   13.094776] systemd[1]: Listening on Journal Socket.
[[0;32m  OK  [0m] Listening on [0;1;39mJournal Socket[0m.
[   13.120098] systemd[1]: Listening on Network Service Netlink Socket.
[[0;32m  OK  [0m] Listening on [0;1;39mNetwork Service Netlink Socket[0m.
[   13.148473] systemd[1]: Listening on udev Control Socket.
[[0;32m  OK  [0m] Listening on [0;1;39mudev Control Socket[0m.
[   13.174592] systemd[1]: Listening on udev Kernel Socket.
[[0;32m  OK  [0m] Listening on [0;1;39mudev Kernel Socket[0m.
[   13.203466] systemd[1]: Mounting Huge Pages File System...
         Mounting [0;1;39mHuge Pages File System[0m...
[   13.231336] systemd[1]: Mounting POSIX Message Queue File System...
         Mounting [0;1;39mPOSIX Message Queue File System[0m...
[   13.263214] systemd[1]: Mounting Kernel Debug File System...
         Mounting [0;1;39mKernel Debug File System[0m...
[   13.294208] systemd[1]: Mounting Temporary Directory (/tmp)...
         Mounting [0;1;39mTemporary Directory (/tmp)[0m...
[   13.324170] systemd[1]: Starting Create list of static device nodes for the current kernel...
         Starting [0;1;39mCreate list of stâ€¦odes for the current kernel[0m...
[   13.359187] systemd[1]: Starting Start psplash boot splash screen...
         Starting [0;1;39mStart psplash boot splash screen[0m...
[   13.391498] systemd[1]: Starting RPC Bind...
         Starting [0;1;39mRPC Bind[0m...
[   13.422667] systemd[1]: Condition check resulted in File System Check on Root Device being skipped.
[   13.429376] systemd[1]: Starting Journal Service...
         Starting [0;1;39mJournal Service[0m...
[   13.461470] systemd[1]: Starting Load Kernel Modules...
         Starting [0;1;39mLoad Kernel Modules[0m...
[   13.487410] systemd[1]: Starting Remount Root and Kernel File Systems...
         Starting [0;1;39mRemount Root and Kernel File Systems[0m...
[   13.514992] systemd[1]: Starting udev Coldplug all Devices...
         Starting [0;1;39mudev Coldplug all Devices[0m...
[   13.539177] systemd[1]: Started Start psplash boot splash screen.
[[0;32m  OK  [0m] Started [0;1;39mStart psplash boot splash screen[0m.
[   13.562819] systemd[1]: Started RPC Bind.
[[0;32m  OK  [0m] Started [0;1;39mRPC Bind[0m.
[   13.582654] systemd[1]: Started Journal Service.
[[0;32m  OK  [0m] Started [0;1;39mJournal Service[0m.
[[0;32m  OK  [0m] Mounted [0;1;39mHuge Pages File System[0m.
[[0;32m  OK  [0m] Mounted [0;1;39mPOSIX Message Queue File System[0m.
[[0;32m  OK  [0m] Mounted [0;1;39mKernel Debug File System[0m.
[[0;32m  OK  [0m] Mounted [0;1;39mTemporary Directory (/tmp)[0m.
[[0;32m  OK  [0m] Started [0;1;39mCreate list of staâ€¦ nodes for the current kernel[0m.
[[0;32m  OK  [0m] Started [0;1;39mLoad Kernel Modules[0m.
[[0;32m  OK  [0m] Started [0;1;39mRemount Root and Kernel File Systems[0m.
         Mounting [0;1;39mKernel Configuration File System[0m...
[[0;32m  OK  [0m] Started [0;1;39mStart psplash-systâ€¦progress communication helper[0m.
         Starting [0;1;39mFlush Journal to Persistent Storage[0m...
         Starting [0;1;39mApply Kernel Variables[0m...
[   13.803860] systemd-journald[349]: Received client request to flush runtime journal.
         Starting [0;1;39mCreate Static Device Nodes in /dev[0m...
[[0;32m  OK  [0m] Mounted [0;1;39mKernel Configuration File System[0m.
[[0;32m  OK  [0m] Started [0;1;39mFlush Journal to Persistent Storage[0m.
[[0;32m  OK  [0m] Started [0;1;39mApply Kernel Variables[0m.
[[0;32m  OK  [0m] Started [0;1;39mCreate Static Device Nodes in /dev[0m.
[[0;32m  OK  [0m] Reached target [0;1;39mLocal File Systems (Pre)[0m.
         Mounting [0;1;39m/var/volatile[0m...
         Starting [0;1;39mudev Kernel Device Manager[0m...
[[0;32m  OK  [0m] Mounted [0;1;39m/var/volatile[0m.
[[0;32m  OK  [0m] Started [0;1;39mudev Coldplug all Devices[0m.
         Starting [0;1;39mLoad/Save Random Seed[0m...
[[0;32m  OK  [0m] Reached target [0;1;39mLocal File Systems[0m.
         Starting [0;1;39mCreate Volatile Files and Directories[0m...
[[0;32m  OK  [0m] Started [0;1;39mLoad/Save Random Seed[0m.
[[0;32m  OK  [0m] Started [0;1;39mudev Kernel Device Manager[0m.
         Starting [0;1;39mNetwork Service[0m...
[[0;32m  OK  [0m] Started [0;1;39mCreate Volatile Files and Directories[0m.
         Starting [0;1;39mNetwork Time Synchronization[0m...
         Starting [0;1;39mUpdate UTMP about System Boot/Shutdown[0m...
[[0;32m  OK  [0m] Started [0;1;39mNetwork Service[0m.
         Starting [0;1;39mNetwork Name Resolution[0m...
[[0;32m  OK  [0m] Started [0;1;39mUpdate UTMP about System Boot/Shutdown[0m.
[[0;32m  OK  [0m] Started [0;1;39mNetwork Time Synchronization[0m.
[[0;32m  OK  [0m] Reached target [0;1;39mSystem Initialization[0m.
[[0;32m  OK  [0m] Started [0;1;39mDaily Cleanup of Temporary Directories[0m.
[   14.329616] pwm-backlight: probe of backlight failed with error -16
[[0;32m  OK  [0m] Reached target [0;1;39mSystem Time Set[0m.
[[0;32m  OK  [0m] Reached target [0;1;39mSystem Time Synchronized[0m.
[[0;32m  OK  [0m] Reached target [0;1;39mTimers[0m.
[[0;32m  OK  [0m] Listening on [0;1;39mAvahi mDNS/DNS-SD Stack Activation Socket[0m.
[   14.396709] at24 7-0050: supply vcc not found, using dummy regulator
[   14.404820] at24 7-0050: 128 byte br24t01 EEPROM, writable, 8 bytes/write
[[0;32m  OK  [0m] Listening on [0;1;39mD-Bus System Message Bus Socket[0m.
[[0;32m  OK  [0m] Listening on [0;1;39mdropbear.socket[0m.
[[0;32m  OK  [0m] Reached target [0;1;39mSockets[0m.
[[0;32m  OK  [0m] Reached target [0;1;39mBasic System[0m.
[   14.516863] renesas_usb3 ee020000.usb: probed with phy
[[0;32m  OK  [0m] Started [0;1;39mD-Bus System Message Bus[0m.
[[0;32m  OK  [0m] Started [0;1;39moptee services[0m.
         Starting [0;1;39mpvrin[   14.579807] ccree e6601000.crypto: ARM CryptoCell 630P Driver: HW version 0xAF400001/0xDCC63000, Driver version 5.0
it.service[0m...
         Starting [0;1;39mPowerVR consumer services[0m...
         Starting [0;1;39mLogin Service[0m...
[[0;32m  OK  [0m] Started [0;1;39mNetwork Name Resolution[0m.
[   14.690888] ccree e6601000.crypto: ARM ccree device initialized
[[0;32m  OK  [0m] Created slice [0;1;39msystem-weston.slice[0m.
[[0;32m  OK  [0m] Reached target [0;1;39mNetwork[0m.
[[0;32m  OK  [0m] Reached target [0;1;39mHost and Network Name Lookups[0m.
[[0;32m  OK  [0m] Reached target [0;1;39mHardware activated USB gadget[0m.
         Starting [0;1;39mAvahi mDNS/DNS-SD Stack[0m...
         Starting [0;1;39mPermit User Sessions[0m...
[[0;32m  OK  [0m] Started [0;1;39mXinetd A Powerful Replacement For Inetd[0m.
[[0;1;31mFAILED[0m] Failed to start [0;1;39mpvrinit.service[0m.
See 'systemctl status pvrinit.service' for details.
[[0;1;31mFAILED[0m] Failed to start [0;1;39mPowerVR consumer services[0m.
See 'systemctl status rc.pvr.service' for details.
[[0;1;38;5;185mDEPEND[0m] Dependency failed for [0;1;39mWeston Wayland Compositor[0m.
[[0;32m  OK  [0m] Started [0;1;39mPermit User Sessions[0m.
[[0;32m  OK  [0m] Started [0;1;39mLogin Service[0m.
[[0;32m  OK  [0m] Started [0;1;39mAvahi mDNS/DNS-SD Stack[0m.
[[0;32m  OK  [0m] Started [0;1;39mGetty on tty1[0m.
[[0;32m  OK  [0m] Started [0;1;39mSerial Getty on ttySC0[0m.
[[0;32m  OK  [0m] Reached target [0;1;39mLogin Prompts[0m.
         Starting [0;1;39mset_default_governor.service[0m...
[   15.238266] rd 0-7: Disabling EAS, schedutil is mandatory
[[0;32m  OK  [0m] Started [0;1;39mset_default_governor.service[0m.
[[0;32m  OK  [0m] Reached target [0;1;39mMulti-User System[0m.
         Starting [0;1;39mUpdate UTMP about System Runlevel Changes[0m...
[[0;32m  OK  [0m] Started [0;1;39mUpdate UTMP about System Runlevel Changes[0m.

Poky (Yocto Project Reference Distro) 3.1.11 salvator-x ttySC0

salvator-x login: 
salvator-x login: root
[   17.116416] audit: type=1006 audit(1703064537.784:2): pid=521 uid=0 old-auid=4294967295 auid=0 tty=(none) old-ses=4294967295 ses=1 res=1
7[r[999;999H[6n8root@salvator-x:~# 
root@salvator-x:~# 
root@salvator-x:~# 
root@salvator-x:~# 
root@salvator-x:~# 
root@salvator-x:~# 
root@salvator-x:~# 
root@salvator-x:~# 
root@salvator-x:~# 
root@salvator-x:~# i2cset -f -y 7 0x30 0x20 0x0f
root@salvator-x:~# 

Switch SW23 off and input 'yes' to continue:
[   41.950066] SDHI0 VccQ: disabling
[   41.953457] SDHI3 VccQ: disabling
Input 'yes' to continue: 

root@salvator-x:~# echo N > /sys/module/printk/parameters/console_suspend
root@salvator-x:~# 
root@salvator-x:~# echo mem > /sys/power/state
[   48.650048] PM: suspend entry (deep)
[   48.653718] Filesystems sync: 0.000 seconds
[   48.659586] Freezing user space processes ... (elapsed 0.001 seconds) done.
[   48.661220] OOM killer disabled.
[   48.661222] Freezing remaining freezable tasks ... (elapsed 0.001 seconds) done.
[   49.103914] ravb e6800000.ethernet eth0: Link is Down
[   49.119084] Disabling non-boot CPUs ...
[   49.123518] CPU1: shutdown
[   49.126245] psci: CPU1 killed (polled 0 ms)
[   49.132055] CPU2: shutdown
[   49.134799] psci: CPU2 killed (polled 0 ms)
[   49.140333] CPU3: shutdown
[   49.143063] psci: CPU3 killed (polled 0 ms)
[   49.148780] CPU4: shutdown
[   49.151504] psci: CPU4 killed (polled 0 ms)
[   49.156940] CPU5: shutdown
[   49.159679] psci: CPU5 killed (polled 0 ms)
[   49.165224] CPU6: shutdown
[   49.167956] psci: CPU6 killed (polled 0 ms)
[   49.173467] CPU7: shutdown
[   49.176287] psci: CPU7 killed (polled 0 ms)
 
 Switch power switch: 

NOTICE:  BL2: R-Car Gen3 Initial Program Loader(CA57) Rev.4.0.0
NOTICE:  BL2: PRR is R-Car H3 Ver.3.0
NOTICE:  BL2: Board is Salvator-XS Rev.1.0
NOTICE:  BL2: Boot device is HyperFlash(160MHz)
NOTICE:  BL2: LCM state is CM
NOTICE:  AVS setting succeeded. DVFS_SetVID=0x53
NOTICE:  BL2: DDR3200(rev.0.42)
NOTICE:  BL2: [WARM_BOOT]
NOTICE:  BL2: DRAM Split is 4ch(DDR f)
NOTICE:  BL2: QoS is default setting(rev.0.11)
NOTICE:  BL2: DRAM refresh interval 1.95 usec
NOTICE:  BL2: Periodic Write DQ Training
NOTICE:  BL2: CH0: 400000000 - 47fffffff, 2 GiB
NOTICE:  BL2: CH1: 500000000 - 57fffffff, 2 GiB
NOTICE:  BL2: CH2: 600000000 - 67fffffff, 2 GiB
NOTICE:  BL2: CH3: 700000000 - 77fffffff, 2 GiB
NOTICE:  BL2: Lossy Decomp areas
NOTICE:       Entry 0: DCMPAREACRAx:0x80000540 DCMPAREACRBx:0x570
NOTICE:       Entry 1: DCMPAREACRAx:0x40000000 DCMPAREACRBx:0x0
NOTICE:       Entry 2: DCMPAREACRAx:0x20000000 DCMPAREACRBx:0x0
NOTICE:  BL2: FDT at 0xe6327f70
NOTICE:  BL2: v2.9(release):9cdb21f75
NOTICE:  BL2: Built : 05:25:39, Dec 19 2023
NOTICE:  BL2: Normal boot
[   49.181340] Enabling non-boot CPUs ...
[   49.185380] Detected PIPT I-cache on CPU1
[   49.185435] CPU1: Booted secondary processor 0x0000000001 [0x411fd073]
[   49.185916] CPU1 is up
[   49.198961] Detected PIPT I-cache on CPU2
[   49.198983] CPU2: Booted secondary processor 0x0000000002 [0x411fd073]
[   49.199251] CPU2 is up
[   49.212267] Detected PIPT I-cache on CPU3
[   49.212290] CPU3: Booted secondary processor 0x0000000003 [0x411fd073]
[   49.212588] CPU3 is up
[   49.225652] Detected VIPT I-cache on CPU4
[   49.225704] CPU4: Booted secondary processor 0x0000000100 [0x410fd034]
[   49.226619] CPU4 is up
[   49.239635] Detected VIPT I-cache on CPU5
[   49.239670] CPU5: Booted secondary processor 0x0000000101 [0x410fd034]
[   49.240239] CPU5 is up
[   49.253240] Detected VIPT I-cache on CPU6
[   49.253272] CPU6: Booted secondary processor 0x0000000102 [0x410fd034]
[   49.253918] CPU6 is up
[   49.266927] Detected VIPT I-cache on CPU7
[   49.266960] CPU7: Booted secondary processor 0x0000000103 [0x410fd034]
[   49.267579] CPU7 is up
[   49.339404] xhci-hcd ee000000.usb: xHC error in resume, USBSTS 0x401, Reinit
[   49.346461] usb usb7: root hub lost power or was reset
[   49.351585] usb usb8: root hub lost power or was reset
[   49.408673] Micrel KSZ9031 Gigabit PHY e6800000.ethernet-ffffffff:00: attached PHY driver [Micrel KSZ9031 Gigabit PHY] (mii_bus:phy_addr=e6800000.ethernet-ffffffff:00, irq=183)
[   49.523993] usb usb4: root hub lost power or was reset
[   49.529283] usb usb1: root hub lost power or was reset
[   49.615985] usb usb5: root hub lost power or was reset
[   49.621279] usb usb2: root hub lost power or was reset
[   49.707983] usb usb6: root hub lost power or was reset
[   49.713255] usb usb3: root hub lost power or was reset
[   49.827984] usb usb10: root hub lost power or was reset
[   49.833349] usb usb9: root hub lost power or was reset
[   49.849986] ata1: link resume succeeded after 1 retries
[   49.961428] ata1: SATA link down (SStatus 0 SControl 300)
[   50.349912] usb 3-1: reset high-speed USB device number 2 using ehci-platform
[   50.517954] OOM killer enabled.
[   50.523476] Restarting tasks ... done.
root@salvator-x:~# [   50.529868] PM: suspend exit
[   56.103591] ravb e6800000.ethernet eth0: Link is Up - 1Gbps/Full - flow control off

root@salvator-x:~# echo "Wake up sucessfully"
Wake up sucessfully
root@salvator-x:~# 
root@salvator-x:~# find /sys/devices/platform/soc/ee0e0100.usb/ -name 'sd*'
/sys/devices/platform/soc/ee0e0100.usb/usb3/3-1/3-1:1.0/host1/target1:0:0/1:0:0:0/block/sda
/sys/devices/platform/soc/ee0e0100.usb/usb3/3-1/3-1:1.0/host1/target1:0:0/1:0:0:0/block/sda/sda1
root@salvator-x:~# 
root@salvator-x:~# dd if=/dev/sda1 of=/dev/null bs=64M count=10 iflag=direct
10+0 records in
10+0 records out
671088640 bytes (671 MB, 640 MiB) copied, 21.1896 s, 31.7 MB/s
root@salvator-x:~# 
root@salvator-x:~# dd if=/dev/zero of=/dev/sda1 bs=64M count=10 oflag=direct
10+0 records in
10+0 records out
671088640 bytes (671 MB, 640 MiB) copied, 33.7973 s, 19.9 MB/s
root@salvator-x:~# 
 
#### Result: OK ####
