

----------Item 23----------


Please press switch to restart board 

[F 00:00:120
[F 00:00:119
[F 00:00:118
NOTICE:  BL2: R-Car Gen3 Initial Program Loader(CA57) Rev.4.0.0
NOTICE:  BL2: PRR is R-Car H3 Ver.3.0
NOTICE:  BL2: Board is Salvator-XS Rev.1.0
NOTICE:  BL2: Boot device is HyperFlash(160MHz)
NOTICE:  BL2: LCM state is CM
NOTICE:  AVS setting succeeded. DVFS_SetVID=0x53
NOTICE:  BL2: DDR3200(rev.0.42)
NOTICE:  BL2: [COLD_BOOT]
NOTICE:  BL2: DRAM Split is 4ch(DDR f)
NOTICE:  BL2: QoS is default setting(rev.0.11)
NOTICE:  BL2: DRAM refresh interval 1.95 usec
NOTICE:  BL2: Periodic Write DQ Training
NOTICE:  BL2: CH0: 400000000 - 47fffffff, 2 GiB
NOTICE:  BL2: CH1: 500000000 - 57fffffff, 2 GiB
NOTICE:  BL2: CH2: 600000000 - 67fffffff, 2 GiB
NOTICE:  BL2: CH3: 700000000 - 77fffffff, 2 GiB
NOTICE:  BL2: Lossy Decomp areas
NOTICE:       Entry 0: DCMPAREACRAx:0x80000540 DCMPAREACRBx:0x570
NOTICE:       Entry 1: DCMPAREACRAx:0x40000000 DCMPAREACRBx:0x0
NOTICE:       Entry 2: DCMPAREACRAx:0x20000000 DCMPAREACRBx:0x0
NOTICE:  BL2: FDT at 0xe6327f70
NOTICE:  BL2: v2.9(release):9cdb21f75
NOTICE:  BL2: Built : 05:25:39, Dec 19 2023
NOTICE:  BL2: Normal boot
NOTICE:  BL2: dst=0xe6327800 src=0x8180000 len=512(0x200)
NOTICE:  BL2: dst=0x43f00000 src=0x8180400 len=6144(0x1800)
NOTICE:  rcar_file_len: len: 0x0003e000
NOTICE:  BL2: dst=0x44000000 src=0x81c0000 len=253952(0x3e000)
NOTICE:  rcar_file_len: len: 0x00200000
NOTICE:  BL2: dst=0x44100000 src=0x8200000 len=2097152(0x200000)
NOTICE:  rcar_file_len: len: 0x00100000
NOTICE:  BL2: dst=0x50000000 src=0x8640000 len=1048576(0x100000)
NOTICE:  BL2: Booting BL31


U-Boot 2020.10 (Dec 19 2023 - 14:30:40 +0000)

CPU: Renesas Electronics R8A7795 rev 3.0
Model: Renesas Salvator-X 2nd version board based on r8a77951
DRAM:  7.9 GiB
RAM Configuration:
Bank #0: 0x048000000 - 0x0bfffffff, 1.9 GiB
Bank #1: 0x500000000 - 0x57fffffff, 2 GiB
Bank #2: 0x600000000 - 0x67fffffff, 2 GiB
Bank #3: 0x700000000 - 0x77fffffff, 2 GiB

MMC:   sd@ee100000: 0, sd@ee140000: 1, sd@ee160000: 2
Loading Environment from MMC... OK
In:    serial@e6e88000
Out:   serial@e6e88000
Err:   serial@e6e88000
Net:   eth0: ethernet@e6800000
Hit any key to stop autoboot:  2  1  0 
ethernet@e6800000 Waiting for PHY auto negotiation to complete............... done
Using ethernet@e6800000 device
TFTP from server 192.168.10.99; our IP address is 192.168.10.167
Filename 'traivo/H3/rootfs/boot_USB2H/Image'.
Load address: 0x48080000
Loading: *#################################################################
	 #################################################################
	 #################################################################
	 #################################################################
	 #################################################################
	 #################################################################
	 #################################################################
	 #################################################################
	 #################################################################
	 #################################################################
	 #################################################################
	 #################################################################
	 #################################################################
	 #################################################################
	 #################################################################
	 #################################################################
	 #################################################################
	 #################################################################
	 #################################################################
	 #################################################################
	 #################################################################
	 #################################################################
	 #################################################################
	 #################################################################
	 #################################################################
	 #################################################################
	 #################################################################
	 #################################################################
	 #################################################################
	 #################################################################
	 #################################################################
	 #################################################################
	 #################################################################
	 #################################################################
	 ################################################################
	 4.5 MiB/s
done
Bytes transferred = 33376768 (1fd4a00 hex)
Using ethernet@e6800000 device
TFTP from server 192.168.10.99; our IP address is 192.168.10.167
Filename 'traivo/H3/rootfs/boot_USB2H/r8a77951-salvator-xs.dtb'.
Load address: 0x48000000
Loading: *#######
	 7.9 MiB/s
done
Bytes transferred = 90876 (162fc hex)
Moving Image from 0x48080000 to 0x48200000, end=4a260000
## Flattened Device Tree blob at 48000000
   Booting using the fdt blob at 0x48000000
   Loading Device Tree to 0000000053fe6000, end 0000000053fff2fb ... OK

Starting kernel ...

[    0.000000] Booting Linux on physical CPU 0x0000000000 [0x411fd073]
[    0.000000] Linux version 5.10.194-yocto-standard (thuan.nguyen-hong@banvien) (aarch64-poky-linux-gcc (GCC) 9.3.0, GNU ld (GNU Binutils) 2.34.0.20200220) #10 SMP PREEMPT Mon Feb 19 03:51:05 UTC 2024
[    0.000000] Machine model: Renesas Salvator-X 2nd version board based on r8a77951
[    0.000000] efi: UEFI not found.
[    0.000000] Reserved memory: created CMA memory pool at 0x0000000057000000, size 16 MiB
[    0.000000] OF: reserved mem: initialized node linux,adsp@57000000, compatible id shared-dma-pool
[    0.000000] Reserved memory: created CMA memory pool at 0x0000000058000000, size 384 MiB
[    0.000000] OF: reserved mem: initialized node linux,cma@58000000, compatible id shared-dma-pool
[    0.000000] Reserved memory: created CMA memory pool at 0x0000000070000000, size 256 MiB
[    0.000000] OF: reserved mem: initialized node linux,multimedia@70000000, compatible id shared-dma-pool
[    0.000000] NUMA: No NUMA configuration found
[    0.000000] NUMA: Faking a node at [mem 0x0000000048000000-0x000000077fffffff]
[    0.000000] NUMA: NODE_DATA [mem 0x77efdab00-0x77efdcfff]
[    0.000000] Zone ranges:
[    0.000000]   DMA      [mem 0x0000000048000000-0x000000007fffffff]
[    0.000000]   DMA32    [mem 0x0000000080000000-0x00000000ffffffff]
[    0.000000]   Normal   [mem 0x0000000100000000-0x000000077fffffff]
[    0.000000] Movable zone start for each node
[    0.000000] Early memory node ranges
[    0.000000]   node   0: [mem 0x0000000048000000-0x0000000053ffffff]
[    0.000000]   node   0: [mem 0x0000000054000000-0x0000000056ffffff]
[    0.000000]   node   0: [mem 0x0000000057000000-0x00000000bfffffff]
[    0.000000]   node   0: [mem 0x0000000500000000-0x000000057fffffff]
[    0.000000]   node   0: [mem 0x0000000600000000-0x000000067fffffff]
[    0.000000]   node   0: [mem 0x0000000700000000-0x000000077fffffff]
[    0.000000] Initmem setup node 0 [mem 0x0000000048000000-0x000000077fffffff]
[    0.000000] psci: probing for conduit method from DT.
[    0.000000] psci: PSCIv1.1 detected in firmware.
[    0.000000] psci: Using standard PSCI v0.2 function IDs
[    0.000000] psci: Trusted OS resident on physical CPU 0x0
[    0.000000] psci: SMC Calling Convention v1.2
[    0.000000] percpu: Embedded 23 pages/cpu s56984 r8192 d29032 u94208
[    0.000000] Detected PIPT I-cache on CPU0
[    0.000000] CPU features: detected: EL2 vector hardening
[    0.000000] CPU features: detected: Spectre-v2
[    0.000000] CPU features: detected: ARM errata 1165522, 1319367, or 1530923
[    0.000000] CPU features: detected: Spectre-BHB
[    0.000000] CPU features: detected: ARM erratum 1742098
[    0.000000] Built 1 zonelists, mobility grouping on.  Total pages: 2032128
[    0.000000] Policy zone: Normal
[    0.000000] Kernel command line: rw root=/dev/nfs nfsroot=192.168.10.99:/data/tftpboot/traivo/H3/rootfs,nfsvers=4, ip=192.168.10.167
[    0.000000] Dentry cache hash table entries: 1048576 (order: 11, 8388608 bytes, linear)
[    0.000000] Inode-cache hash table entries: 524288 (order: 10, 4194304 bytes, linear)
[    0.000000] mem auto-init: stack:off, heap alloc:off, heap free:off
[    0.000000] software IO TLB: mapped [mem 0x000000004ffe6000-0x0000000053fe6000] (64MB)
[    0.000000] Memory: 7276840K/8257536K available (15232K kernel code, 2834K rwdata, 8240K rodata, 6144K init, 517K bss, 308952K reserved, 671744K cma-reserved)
[    0.000000] SLUB: HWalign=64, Order=0-3, MinObjects=0, CPUs=8, Nodes=1
[    0.000000] rcu: Preemptible hierarchical RCU implementation.
[    0.000000] rcu: 	RCU event tracing is enabled.
[    0.000000] rcu: 	RCU restricting CPUs from NR_CPUS=256 to nr_cpu_ids=8.
[    0.000000] 	Trampoline variant of Tasks RCU enabled.
[    0.000000] rcu: RCU calculated value of scheduler-enlistment delay is 25 jiffies.
[    0.000000] rcu: Adjusting geometry for rcu_fanout_leaf=16, nr_cpu_ids=8
[    0.000000] NR_IRQS: 64, nr_irqs: 64, preallocated irqs: 0
[    0.000000] arch_timer: cp15 timer(s) running at 8.32MHz (virt).
[    0.000000] clocksource: arch_sys_counter: mask: 0xffffffffffffff max_cycles: 0x1eb398c07, max_idle_ns: 440795202503 ns
[    0.000003] sched_clock: 56 bits at 8MHz, resolution 120ns, wraps every 2199023255503ns
[    0.000204] Console: colour dummy device 80x25
[    0.000412] printk: console [tty0] enabled
[    0.000490] Calibrating delay loop (skipped), value calculated using timer frequency.. 16.64 BogoMIPS (lpj=33280)
[    0.000505] pid_max: default: 32768 minimum: 301
[    0.000564] LSM: Security Framework initializing
[    0.000652] Mount-cache hash table entries: 16384 (order: 5, 131072 bytes, linear)
[    0.000703] Mountpoint-cache hash table entries: 16384 (order: 5, 131072 bytes, linear)
[    0.002139] rcu: Hierarchical SRCU implementation.
[    0.003731] Detected Renesas R-Car Gen3 r8a7795 ES3.0
[    0.005862] EFI services will not be available.
[    0.006201] smp: Bringing up secondary CPUs ...
[    0.006655] Detected PIPT I-cache on CPU1
[    0.006703] CPU1: Booted secondary processor 0x0000000001 [0x411fd073]
[    0.007178] Detected PIPT I-cache on CPU2
[    0.007205] CPU2: Booted secondary processor 0x0000000002 [0x411fd073]
[    0.007630] Detected PIPT I-cache on CPU3
[    0.007652] CPU3: Booted secondary processor 0x0000000003 [0x411fd073]
[    0.008123] CPU features: detected: ARM erratum 845719
[    0.008135] Detected VIPT I-cache on CPU4
[    0.008183] CPU4: Booted secondary processor 0x0000000100 [0x410fd034]
[    0.008670] Detected VIPT I-cache on CPU5
[    0.008697] CPU5: Booted secondary processor 0x0000000101 [0x410fd034]
[    0.009134] Detected VIPT I-cache on CPU6
[    0.009162] CPU6: Booted secondary processor 0x0000000102 [0x410fd034]
[    0.009604] Detected VIPT I-cache on CPU7
[    0.009631] CPU7: Booted secondary processor 0x0000000103 [0x410fd034]
[    0.009710] smp: Brought up 1 node, 8 CPUs
[    0.009773] SMP: Total of 8 processors activated.
[    0.009780] CPU features: detected: 32-bit EL0 Support
[    0.009788] CPU features: detected: CRC32 instructions
[    0.009795] CPU features: detected: 32-bit EL1 Support
[    0.022997] CPU: All CPU(s) started at EL1
[    0.023051] alternatives: patching kernel code
[    0.024213] devtmpfs: initialized
[    0.031033] KASLR disabled due to lack of seed
[    0.031182] clocksource: jiffies: mask: 0xffffffff max_cycles: 0xffffffff, max_idle_ns: 7645041785100000 ns
[    0.031202] futex hash table entries: 2048 (order: 5, 131072 bytes, linear)
[    0.039860] pinctrl core: initialized pinctrl subsystem
[    0.041339] DMI not present or invalid.
[    0.041838] NET: Registered protocol family 16
[    0.042779] DMA: preallocated 1024 KiB GFP_KERNEL pool for atomic allocations
[    0.042975] DMA: preallocated 1024 KiB GFP_KERNEL|GFP_DMA pool for atomic allocations
[    0.043265] DMA: preallocated 1024 KiB GFP_KERNEL|GFP_DMA32 pool for atomic allocations
[    0.043303] audit: initializing netlink subsys (disabled)
[    0.043490] audit: type=2000 audit(0.040:1): state=initialized audit_enabled=0 res=1
[    0.044650] thermal_sys: Registered thermal governor 'power_allocator'
[    0.045166] cpuidle: using governor menu
[    0.045335] hw-breakpoint: found 6 breakpoint and 4 watchpoint registers.
[    0.045460] ASID allocator initialised with 65536 entries
[    0.046774] Serial: AMBA PL011 UART driver
[    0.089631] sh-pfc e6060000.pinctrl: r8a77951_pfc support registered
[    0.104386] HugeTLB registered 1.00 GiB page size, pre-allocated 0 pages
[    0.104399] HugeTLB registered 32.0 MiB page size, pre-allocated 0 pages
[    0.104407] HugeTLB registered 2.00 MiB page size, pre-allocated 0 pages
[    0.104415] HugeTLB registered 64.0 KiB page size, pre-allocated 0 pages
[    0.105380] cryptd: max_cpu_qlen set to 1000
[    0.107639] ACPI: Interpreter disabled.
[    0.111484] rcar-avs: use avs value: 0
[    0.111500] rcar-avs: cpu@0 is running with: opp_table0
[    0.111511] rcar-avs: cpu@1 is running with: opp_table0
[    0.111520] rcar-avs: cpu@2 is running with: opp_table0
[    0.111530] rcar-avs: cpu@3 is running with: opp_table0
[    0.111616] rcar-avs: gsx@fd000000 is running with: gsx_opp_table0
[    0.113038] iommu: Default domain type: Translated 
[    0.113610] ipmmu-vmsa e67b0000.iommu: IPMMU context 0 is reserved
[    0.114568] vgaarb: loaded
[    0.114775] SCSI subsystem initialized
[    0.115025] usbcore: registered new interface driver usbfs
[    0.115050] usbcore: registered new interface driver hub
[    0.115076] usbcore: registered new device driver usb
[    0.118626] i2c-sh_mobile e60b0000.i2c: I2C adapter 7, bus speed 400000 Hz
[    0.119166] mc: Linux media interface: v0.10
[    0.119188] videodev: Linux video capture interface: v2.00
[    0.119235] pps_core: LinuxPPS API ver. 1 registered
[    0.119243] pps_core: Software ver. 5.3.6 - Copyright 2005-2007 Rodolfo Giometti <giometti@linux.it>
[    0.119257] PTP clock support registered
[    0.119425] EDAC MC: Ver: 3.0.0
[    0.121428] FPGA manager framework
[    0.121491] Advanced Linux Sound Architecture Driver Initialized.
[    0.122074] clocksource: Switched to clocksource arch_sys_counter
[    0.122215] VFS: Disk quotas dquot_6.6.0
[    0.122257] VFS: Dquot-cache hash table entries: 512 (order 0, 4096 bytes)
[    0.122379] pnp: PnP ACPI: disabled
[    0.125953] NET: Registered protocol family 2
[    0.126362] IP idents hash table entries: 131072 (order: 8, 1048576 bytes, linear)
[    0.128633] tcp_listen_portaddr_hash hash table entries: 4096 (order: 4, 65536 bytes, linear)
[    0.128712] TCP established hash table entries: 65536 (order: 7, 524288 bytes, linear)
[    0.128996] TCP bind hash table entries: 65536 (order: 8, 1048576 bytes, linear)
[    0.129581] TCP: Hash tables configured (established 65536 bind 65536)
[    0.129698] UDP hash table entries: 4096 (order: 5, 131072 bytes, linear)
[    0.129812] UDP-Lite hash table entries: 4096 (order: 5, 131072 bytes, linear)
[    0.130025] NET: Registered protocol family 1
[    0.130383] RPC: Registered named UNIX socket transport module.
[    0.130394] RPC: Registered udp transport module.
[    0.130399] RPC: Registered tcp transport module.
[    0.130405] RPC: Registered tcp NFSv4.1 backchannel transport module.
[    0.130418] PCI: CLS 0 bytes, default 64
[    0.131337] hw perfevents: enabled with armv8_cortex_a53 PMU driver, 7 counters available
[    0.131612] hw perfevents: enabled with armv8_cortex_a57 PMU driver, 7 counters available
[    0.132238] kvm [1]: HYP mode not available
[    0.135105] Initialise system trusted keyrings
[    0.135243] workingset: timestamp_bits=42 max_order=21 bucket_order=0
[    0.138342] squashfs: version 4.0 (2009/01/31) Phillip Lougher
[    0.138760] NFS: Registering the id_resolver key type
[    0.138789] Key type id_resolver registered
[    0.138796] Key type id_legacy registered
[    0.138851] nfs4filelayout_init: NFSv4 File Layout Driver Registering...
[    0.138860] nfs4flexfilelayout_init: NFSv4 Flexfile Layout Driver Registering...
[    0.138958] 9p: Installing v9fs 9p2000 file system support
[    0.164583] Key type asymmetric registered
[    0.164596] Asymmetric key parser 'x509' registered
[    0.164626] Block layer SCSI generic (bsg) driver version 0.4 loaded (major 243)
[    0.164637] io scheduler mq-deadline registered
[    0.164647] io scheduler kyber registered
[    0.180752] gpio_rcar e6050000.gpio: driving 16 GPIOs
[    0.181028] gpio_rcar e6051000.gpio: driving 29 GPIOs
[    0.181282] gpio_rcar e6052000.gpio: driving 15 GPIOs
[    0.181592] gpio_rcar e6053000.gpio: driving 16 GPIOs
[    0.181883] gpio_rcar e6054000.gpio: driving 18 GPIOs
[    0.182251] gpio_rcar e6055000.gpio: driving 26 GPIOs
[    0.182517] gpio_rcar e6055400.gpio: driving 32 GPIOs
[    0.182829] gpio_rcar e6055800.gpio: driving 4 GPIOs
[    0.185722] rcar-pcie fe000000.pcie: host bridge /soc/pcie@fe000000 ranges:
[    0.185751] rcar-pcie fe000000.pcie:       IO 0x00fe100000..0x00fe1fffff -> 0x0000000000
[    0.185774] rcar-pcie fe000000.pcie:      MEM 0x00fe200000..0x00fe3fffff -> 0x00fe200000
[    0.185792] rcar-pcie fe000000.pcie:      MEM 0x0030000000..0x0037ffffff -> 0x0030000000
[    0.185806] rcar-pcie fe000000.pcie:      MEM 0x0038000000..0x003fffffff -> 0x0038000000
[    0.185824] rcar-pcie fe000000.pcie:   IB MEM 0x0040000000..0x007fffffff -> 0x0040000000
[    0.185874] rcar-pcie fe000000.pcie: no pcie3v3 regulator found
[    0.185884] rcar-pcie fe000000.pcie: no pcie1v8 regulator found
[    0.249795] rcar-pcie fe000000.pcie: PCIe link down
[    0.249979] rcar-pcie ee800000.pcie: host bridge /soc/pcie@ee800000 ranges:
[    0.250003] rcar-pcie ee800000.pcie:       IO 0x00ee900000..0x00ee9fffff -> 0x0000000000
[    0.250021] rcar-pcie ee800000.pcie:      MEM 0x00eea00000..0x00eebfffff -> 0x00eea00000
[    0.250039] rcar-pcie ee800000.pcie:      MEM 0x00c0000000..0x00c7ffffff -> 0x00c0000000
[    0.250052] rcar-pcie ee800000.pcie:      MEM 0x00c8000000..0x00cfffffff -> 0x00c8000000
[    0.250084] rcar-pcie ee800000.pcie:   IB MEM 0x0040000000..0x007fffffff -> 0x0040000000
[    0.250121] rcar-pcie ee800000.pcie: no pcie3v3 regulator found
[    0.250130] rcar-pcie ee800000.pcie: no pcie1v8 regulator found
[    0.410074] rcar-pcie ee800000.pcie: PCIe link down
[    0.412556] EINJ: ACPI disabled.
[    0.446516] Serial: 8250/16550 driver, 4 ports, IRQ sharing enabled
[    0.448950] SuperH (H)SCI(F) driver initialized
[    0.449388] e6550000.serial: ttySC1 at MMIO 0xe6550000 (irq = 42, base_baud = 0) is a hscif
[    0.450149] e6e88000.serial: ttySC0 at MMIO 0xe6e88000 (irq = 128, base_baud = 0) is a scif
[    1.654868] printk: console [ttySC0] enabled
[    1.660281] msm_serial: driver initialized
[    1.670628] rcar-dw-hdmi fead0000.hdmi: Detected HDMI TX controller v2.01a with HDCP (DWC HDMI 2.0 TX PHY)
[    1.680545] rcar-dw-hdmi fead0000.hdmi: registered DesignWare HDMI I2C bus driver
[    1.688803] rcar-dw-hdmi feae0000.hdmi: Detected HDMI TX controller v2.01a with HDCP (DWC HDMI 2.0 TX PHY)
[    1.698663] rcar-dw-hdmi feae0000.hdmi: registered DesignWare HDMI I2C bus driver
[    1.714138] loop: module loaded
[    1.718706] megasas: 07.714.04.00-rc1
[    1.724427] scsi host0: sata_rcar
[    1.727897] ata1: SATA max UDMA/133 irq 181
[    1.737322] tun: Universal TUN/TAP device driver, 1.6
[    1.743303] thunder_xcv, ver 1.0
[    1.746558] thunder_bgx, ver 1.0
[    1.749798] nicpf, ver 1.0
[    1.753925] hclge is initializing
[    1.757261] hns3: Hisilicon Ethernet Network Driver for Hip08 Family - version
[    1.764484] hns3: Copyright (c) 2017 Huawei Corporation.
[    1.769818] e1000: Intel(R) PRO/1000 Network Driver
[    1.774696] e1000: Copyright (c) 1999-2006 Intel Corporation.
[    1.780460] e1000e: Intel(R) PRO/1000 Network Driver
[    1.785425] e1000e: Copyright(c) 1999 - 2015 Intel Corporation.
[    1.791363] igb: Intel(R) Gigabit Ethernet Network Driver
[    1.796766] igb: Copyright (c) 2007-2014 Intel Corporation.
[    1.802357] igbvf: Intel(R) Gigabit Virtual Function Network Driver
[    1.808624] igbvf: Copyright (c) 2009 - 2012 Intel Corporation.
[    1.814953] sky2: driver version 1.30
[    1.822505] ravb e6800000.ethernet eth0: Base address at 0xe6800000, 2e:09:0a:02:ec:37, IRQ 125.
[    1.832668] VFIO - User Level meta-driver version: 0.3
[    1.839846] ehci_hcd: USB 2.0 'Enhanced' Host Controller (EHCI) Driver
[    1.846391] ehci-pci: EHCI PCI platform driver
[    1.850853] ehci-platform: EHCI generic platform driver
[    1.856457] ehci-platform ee0a0100.usb: EHCI Host Controller
[    1.862139] ehci-platform ee0a0100.usb: new USB bus registered, assigned bus number 1
[    1.870062] ehci-platform ee0a0100.usb: irq 175, io mem 0xee0a0100
[    1.890084] ehci-platform ee0a0100.usb: USB 2.0 started, EHCI 1.10
[    1.896626] hub 1-0:1.0: USB hub found
[    1.900398] hub 1-0:1.0: 1 port detected
[    1.904808] ehci-platform ee0c0100.usb: EHCI Host Controller
[    1.910482] ehci-platform ee0c0100.usb: new USB bus registered, assigned bus number 2
[    1.918372] ehci-platform ee0c0100.usb: irq 176, io mem 0xee0c0100
[    1.938082] ehci-platform ee0c0100.usb: USB 2.0 started, EHCI 1.10
[    1.944522] hub 2-0:1.0: USB hub found
[    1.948291] hub 2-0:1.0: 1 port detected
[    1.978119] ehci-platform ee0e0100.usb: EHCI Host Controller
[    1.983794] ehci-platform ee0e0100.usb: new USB bus registered, assigned bus number 3
[    1.991661] ehci-platform ee0e0100.usb: irq 177, io mem 0xee0e0100
[    2.010081] ehci-platform ee0e0100.usb: USB 2.0 started, EHCI 1.10
[    2.016520] hub 3-0:1.0: USB hub found
[    2.020289] hub 3-0:1.0: 1 port detected
[    2.024665] ehci-orion: EHCI orion driver
[    2.028921] ehci-exynos: EHCI Exynos driver
[    2.033227] ohci_hcd: USB 1.1 'Open' Host Controller (OHCI) Driver
[    2.039424] ohci-pci: OHCI PCI platform driver
[    2.043905] ohci-platform: OHCI generic platform driver
[    2.049438] ohci-platform ee0a0000.usb: Generic Platform OHCI controller
[    2.056157] ohci-platform ee0a0000.usb: new USB bus registered, assigned bus number 4
[    2.064037] ohci-platform ee0a0000.usb: irq 175, io mem 0xee0a0000
[    2.146088] ata1: link resume succeeded after 1 retries
[    2.160350] hub 4-0:1.0: USB hub found
[    2.164119] hub 4-0:1.0: 1 port detected
[    2.168448] ohci-platform ee0c0000.usb: Generic Platform OHCI controller
[    2.175163] ohci-platform ee0c0000.usb: new USB bus registered, assigned bus number 5
[    2.183035] ohci-platform ee0c0000.usb: irq 176, io mem 0xee0c0000
[    2.257600] ata1: SATA link down (SStatus 0 SControl 300)
[    2.276338] hub 5-0:1.0: USB hub found
[    2.280106] hub 5-0:1.0: 1 port detected
[    2.284428] ohci-platform ee0e0000.usb: Generic Platform OHCI controller
[    2.291141] ohci-platform ee0e0000.usb: new USB bus registered, assigned bus number 6
[    2.299011] ohci-platform ee0e0000.usb: irq 177, io mem 0xee0e0000
[    2.392364] hub 6-0:1.0: USB hub found
[    2.396131] hub 6-0:1.0: 1 port detected
[    2.400466] ohci-exynos: OHCI Exynos driver
[    2.405309] xhci-hcd ee000000.usb: xHCI Host Controller
[    2.410549] xhci-hcd ee000000.usb: new USB bus registered, assigned bus number 7
[    2.433805] xhci-hcd ee000000.usb: hcc params 0x014051ce hci version 0x100 quirks 0x0000000000830410
[    2.442978] xhci-hcd ee000000.usb: irq 172, io mem 0xee000000
[    2.448838] xhci-hcd ee000000.usb: xHCI Host Controller
[    2.454073] xhci-hcd ee000000.usb: new USB bus registered, assigned bus number 8
[    2.461476] xhci-hcd ee000000.usb: Host supports USB 3.0 SuperSpeed
[    2.468031] hub 7-0:1.0: USB hub found
[    2.471799] hub 7-0:1.0: 1 port detected
[    2.475892] usb usb8: We don't know the algorithms for LPM for this host, disabling LPM.
[    2.484233] hub 8-0:1.0: USB hub found
[    2.488008] hub 8-0:1.0: 1 port detected
[    2.492796] usbcore: registered new interface driver usb-storage
[    2.500485] renesas_usbhs e6590000.usb: host probed
[    2.505375] renesas_usbhs e6590000.usb: no transceiver found
[    2.511100] renesas_usbhs e6590000.usb: gadget probed
[    2.516318] renesas_usbhs e6590000.usb: probed
[    2.521212] renesas_usbhs e659c000.usb: host probed
[    2.526108] renesas_usbhs e659c000.usb: no transceiver found
[    2.531821] renesas_usbhs e659c000.usb: gadget probed
[    2.537020] renesas_usbhs e659c000.usb: probed
[    2.543907] i2c /dev entries driver
[    2.558512] cs2000-cp 2-004f: revision - C1
[    2.562766] i2c-rcar e6510000.i2c: probed
[    2.567570] pca953x 4-0020: supply vcc not found, using dummy regulator
[    2.574271] pca953x 4-0020: using no AI
[    2.578995] gpio-355 (PCIE/SATA switch): hogged as output/low
[    2.591321] i2c-rcar e66d8000.i2c: probed
[    2.596683] adv748x 4-0070: Endpoint /soc/i2c@e66d8000/video-receiver@70/port@7/endpoint on port 7
[    2.605666] adv748x 4-0070: Endpoint /soc/i2c@e66d8000/video-receiver@70/port@8/endpoint on port 8
[    2.614639] adv748x 4-0070: Endpoint /soc/i2c@e66d8000/video-receiver@70/port@a/endpoint on port 10
[    2.623705] adv748x 4-0070: Endpoint /soc/i2c@e66d8000/video-receiver@70/port@b/endpoint on port 11
[    2.633091] adv748x 4-0070: chip found @ 0xe0 revision 2143
[    2.686689] rcar-csi2 fea80000.csi2: 1 lanes found
[    2.691836] rcar-csi2 feaa0000.csi2: 4 lanes found
[    2.701523] rcar-vin e6ef0000.video: Device registered as video0
[    2.707606] rcar-vin e6ef1000.video: Device registered as video1
[    2.713678] rcar-vin e6ef2000.video: Device registered as video2
[    2.719749] rcar-vin e6ef3000.video: Device registered as video3
[    2.725816] rcar-vin e6ef4000.video: Device registered as video4
[    2.731888] rcar-vin e6ef5000.video: Device registered as video5
[    2.737961] rcar-vin e6ef6000.video: Device registered as video6
[    2.744028] rcar-vin e6ef7000.video: Device registered as video7
[    2.752695] rcar_gen3_thermal e6198000.thermal: is using pseudo fixed FUSE values
[    2.764871] rcar_gen3_thermal e6198000.thermal: TSC0: Loaded 1 trip points
[    2.776128] rcar_gen3_thermal e6198000.thermal: TSC1: Loaded 1 trip points
[    2.787285] rcar_gen3_thermal e6198000.thermal: TSC2: Loaded 3 trip points
[    2.799263] sdhci: Secure Digital Host Controller Interface driver
[    2.805458] sdhci: Copyright(c) Pierre Ossman
[    2.810645] Synopsys Designware Multimedia Card Interface Driver
[    2.810879] renesas_sdhi_internal_dmac ee100000.mmc: Got CD GPIO
[    2.810934] renesas_sdhi_internal_dmac ee140000.mmc: Adding to iommu group 0
[    2.810958] renesas_sdhi_internal_dmac ee140000.mmc: Using IPMMU context 1
[    2.811207] renesas_sdhi_internal_dmac ee160000.mmc: Got CD GPIO
[    2.811236] renesas_sdhi_internal_dmac ee160000.mmc: Got WP GPIO
[    2.818089] sdhci-pltfm: SDHCI platform and OF driver helper
[    2.822778] renesas_sdhi_internal_dmac ee100000.mmc: Got WP GPIO
[    2.859472] renesas_sdhi_internal_dmac ee140000.mmc: mmc0 base at 0x00000000ee140000, max clock rate 200 MHz
[    2.860709] ledtrig-cpu: registered to indicate activity on CPUs
[    2.877077] SMCCC: SOC_ID: ARCH_SOC_ID not implemented, skipping ....
[    2.884095] usbcore: registered new interface driver usbhid
[    2.889740] usbhid: USB HID core driver
[    2.897359] optee: probing for conduit method.
[    2.901826] optee: revision 3.22 (314ecf9d)
[    2.902249] optee driver R-Car Rev.1.0.11
[    2.910849] optee: dynamic shared memory is enabled
[    2.915990] optee: initialized driver
[    2.932884] rcar_sound ec500000.sound: probed
[    2.937980] NET: Registered protocol family 17
[    2.942547] 9pnet: Installing 9P2000 support
[    2.946896] Key type dns_resolver registered
[    2.951433] registered taskstats version 1
[    2.953841] mmc0: new HS400 MMC card at address 0001
[    2.955541] Loading compiled-in X.509 certificates
[    2.965426] thermal emergency: set temperature to 110 celsius
[    2.966281] mmcblk0: mmc0:0001 BGSD3R 29.1 GiB 
[    2.971440] thermal emergency: shutdown target cpus 1-7
[    2.976108] mmcblk0boot0: mmc0:0001 BGSD3R partition 1 16.0 MiB
[    2.981040] thermal emergency: freq scaled target cpus 0
[    2.987254] mmcblk0boot1: mmc0:0001 BGSD3R partition 2 16.0 MiB
[    2.992527] renesas_irqc e61c0000.interrupt-controller: driving 6 irqs
[    2.998214] mmcblk0rpmb: mmc0:0001 BGSD3R partition 3 4.00 MiB, chardev (509:0)
[    3.013603]  mmcblk0: p1
[    3.046099] ehci-platform ee080100.usb: EHCI Host Controller
[    3.051793] ehci-platform ee080100.usb: new USB bus registered, assigned bus number 9
[    3.059706] ehci-platform ee080100.usb: irq 174, io mem 0xee080100
[    3.078176] ehci-platform ee080100.usb: USB 2.0 started, EHCI 1.10
[    3.084699] hub 9-0:1.0: USB hub found
[    3.088470] hub 9-0:1.0: 1 port detected
[    3.093720] ohci-platform ee080000.usb: Generic Platform OHCI controller
[    3.100441] ohci-platform ee080000.usb: new USB bus registered, assigned bus number 10
[    3.108420] ohci-platform ee080000.usb: irq 174, io mem 0xee080000
[    3.204380] hub 10-0:1.0: USB hub found
[    3.208238] hub 10-0:1.0: 1 port detected
[    3.213521] cpu cpu0: EM: created perf domain
[    3.218475] cpu cpu4: EM: created perf domain
[    3.228228] renesas_sdhi_internal_dmac ee100000.mmc: Got CD GPIO
[    3.228329] renesas_sdhi_internal_dmac ee160000.mmc: Got CD GPIO
[    3.231067] [drm] Initialized rcar-du 1.0.0 20130110 for feb00000.display on minor 0
[    3.231070] [drm] Device feb00000.display probed
[    3.234281] renesas_sdhi_internal_dmac ee100000.mmc: Got WP GPIO
[    3.240341] renesas_sdhi_internal_dmac ee160000.mmc: Got WP GPIO
[    3.297070] renesas_sdhi_internal_dmac ee100000.mmc: mmc1 base at 0x00000000ee100000, max clock rate 200 MHz
[    3.303125] Console: switching to colour frame buffer device 128x48
[    3.314217] renesas_sdhi_internal_dmac ee160000.mmc: mmc2 base at 0x00000000ee160000, max clock rate 200 MHz
[    3.343329] rcar-du feb00000.display: [drm] fb0: rcar-dudrmfb frame buffer device
[    3.346110] usb 9-1: new high-speed USB device number 2 using ehci-platform
[    3.363138] input: keys as /devices/platform/keys/input/input0
[    3.445727] Micrel KSZ9031 Gigabit PHY e6800000.ethernet-ffffffff:00: attached PHY driver [Micrel KSZ9031 Gigabit PHY] (mii_bus:phy_addr=e6800000.ethernet-ffffffff:00, irq=183)
[    3.520498] usb-storage 9-1:1.0: USB Mass Storage device detected
[    3.527622] scsi host1: usb-storage 9-1:1.0
[    4.544730] scsi 1:0:0:0: Direct-Access     Lexar    JD Secure II +   1100 PQ: 0 ANSI: 0 CCS
[    4.673963] sd 1:0:0:0: [sda] 1966080 512-byte logical blocks: (1.01 GB/960 MiB)
[    4.682903] sd 1:0:0:0: [sda] Write Protect is off
[    4.689012] sd 1:0:0:0: [sda] No Caching mode page found
[    4.694438] sd 1:0:0:0: [sda] Assuming drive cache: write through
[    4.710455]  sda: sda1
[    4.718825] sd 1:0:0:0: [sda] Attached SCSI removable disk
[   10.014001] ravb e6800000.ethernet eth0: Link is Up - 1Gbps/Full - flow control off
[   10.042111] IP-Config: Guessing netmask 255.255.255.0
[   10.050968] IP-Config: Complete:
[   10.057934]      device=eth0, hwaddr=2e:09:0a:02:ec:37, ipaddr=192.168.10.167, mask=255.255.255.0, gw=255.255.255.255
[   10.072482]      host=192.168.10.167, domain=, nis-domain=(none)
[   10.082443]      bootserver=255.255.255.255, rootserver=192.168.10.99, rootpath=
[   10.083062] ALSA device list:
[   10.100430]   No soundcards found.
[   11.157942] VFS: Mounted root (nfs4 filesystem) on device 0:22.
[   11.169298] devtmpfs: mounted
[   11.177554] Freeing unused kernel memory: 6144K
[   11.206178] Run /sbin/init as init process
[   11.382994] systemd[1]: System time before build time, advancing clock.
[   11.809897] NET: Registered protocol family 10
[   11.818052] Segment Routing with IPv6
[   11.846407] systemd[1]: systemd 244 running in system mode. (+PAM -AUDIT -SELINUX +IMA -APPARMOR -SMACK +SYSVINIT +UTMP -LIBCRYPTSETUP -GCRYPT -GNUTLS +ACL +XZ -LZ4 -SECCOMP +BLKID -ELFUTILS +KMOD -IDN2 -IDN -PCRE2 default-hierarchy=hybrid)
[   11.874096] systemd[1]: Detected architecture arm64.

Welcome to [1mPoky (Yocto Project Reference Distro) 3.1.11 (dunfell)[0m!

[   11.909092] systemd[1]: Set hostname to <salvator-x>.
[   12.729726] random: systemd: uninitialized urandom read (16 bytes read)
[   12.741232] systemd[1]: system-getty.slice: unit configures an IP firewall, but the local system does not support BPF/cgroup firewalling.
[   12.762590] systemd[1]: (This warning is only shown for the first unit using IP firewalling.)
[   12.777154] systemd[1]: Created slice system-getty.slice.
[[0;32m  OK  [0m] Created slice [0;1;39msystem-getty.slice[0m.
[   12.802262] random: systemd: uninitialized urandom read (16 bytes read)
[   12.811310] systemd[1]: Created slice system-serial\x2dgetty.slice.
[[0;32m  OK  [0m] Created slice [0;1;39msystem-serial\x2dgetty.slice[0m.
[   12.834186] random: systemd: uninitialized urandom read (16 bytes read)
[   12.842947] systemd[1]: Created slice User and Session Slice.
[[0;32m  OK  [0m] Created slice [0;1;39mUser and Session Slice[0m.
[   12.866421] systemd[1]: Started Dispatch Password Requests to Console Directory Watch.
[[0;32m  OK  [0m] Started [0;1;39mDispatch Password â€¦ts to Console Directory Watch[0m.
[   12.898636] systemd[1]: Started Forward Password Requests to Wall Directory Watch.
[[0;32m  OK  [0m] Started [0;1;39mForward Password Râ€¦uests to Wall Directory Watch[0m.
[   12.930466] systemd[1]: Reached target Paths.
[[0;32m  OK  [0m] Reached target [0;1;39mPaths[0m.
[   12.954296] systemd[1]: Reached target Remote File Systems.
[[0;32m  OK  [0m] Reached target [0;1;39mRemote File Systems[0m.
[   12.978241] systemd[1]: Reached target Slices.
[[0;32m  OK  [0m] Reached target [0;1;39mSlices[0m.
[   13.002260] systemd[1]: Reached target Swap.
[[0;32m  OK  [0m] Reached target [0;1;39mSwap[0m.
[   13.028818] systemd[1]: Listening on RPCbind Server Activation Socket.
[[0;32m  OK  [0m] Listening on [0;1;39mRPCbind Server Activation Socket[0m.
[   13.058312] systemd[1]: Reached target RPC Port Mapper.
[[0;32m  OK  [0m] Reached target [0;1;39mRPC Port Mapper[0m.
[   13.082637] systemd[1]: Listening on initctl Compatibility Named Pipe.
[[0;32m  OK  [0m] Listening on [0;1;39minitctl Compatibility Named Pipe[0m.
[   13.112483] systemd[1]: Listening on Journal Audit Socket.
[[0;32m  OK  [0m] Listening on [0;1;39mJournal Audit Socket[0m.
[   13.140097] systemd[1]: Listening on Journal Socket (/dev/log).
[[0;32m  OK  [0m] Listening on [0;1;39mJournal Socket (/dev/log)[0m.
[   13.166941] systemd[1]: Listening on Journal Socket.
[[0;32m  OK  [0m] Listening on [0;1;39mJournal Socket[0m.
[   13.192426] systemd[1]: Listening on Network Service Netlink Socket.
[[0;32m  OK  [0m] Listening on [0;1;39mNetwork Service Netlink Socket[0m.
[   13.220721] systemd[1]: Listening on udev Control Socket.
[[0;32m  OK  [0m] Listening on [0;1;39mudev Control Socket[0m.
[   13.246745] systemd[1]: Listening on udev Kernel Socket.
[[0;32m  OK  [0m] Listening on [0;1;39mudev Kernel Socket[0m.
[   13.275577] systemd[1]: Mounting Huge Pages File System...
         Mounting [0;1;39mHuge Pages File System[0m...
[   13.303347] systemd[1]: Mounting POSIX Message Queue File System...
         Mounting [0;1;39mPOSIX Message Queue File System[0m...
[   13.335396] systemd[1]: Mounting Kernel Debug File System...
         Mounting [0;1;39mKernel Debug File System[0m...
[   13.366835] systemd[1]: Mounting Temporary Directory (/tmp)...
         Mounting [0;1;39mTemporary Directory (/tmp)[0m...
[   13.396429] systemd[1]: Starting Create list of static device nodes for the current kernel...
         Starting [0;1;39mCreate list of stâ€¦odes for the current kernel[0m...
[   13.431180] systemd[1]: Starting Start psplash boot splash screen...
         Starting [0;1;39mStart psplash boot splash screen[0m...
[   13.464926] systemd[1]: Starting RPC Bind...
         Starting [0;1;39mRPC Bind[0m...
[   13.486783] systemd[1]: Condition check resulted in File System Check on Root Device being skipped.
[   13.501154] systemd[1]: Starting Journal Service...
[   13.506145] random: crng init done
[   13.509552] random: 23 urandom warning(s) missed due to ratelimiting
         Starting [0;1;39mJournal Service[0m...
[   13.540018] systemd[1]: Starting Load Kernel Modules...
         Starting [0;1;39mLoad Kernel Modules[0m...
[   13.563482] systemd[1]: Starting Remount Root and Kernel File Systems...
         Starting [0;1;39mRemount Root and Kernel File Systems[0m...
[   13.590569] systemd[1]: Starting udev Coldplug all Devices...
         Starting [0;1;39mudev Coldplug all Devices[0m...
[   13.613402] systemd[1]: Started Start psplash boot splash screen.
[[0;32m  OK  [0m] Started [0;1;39mStart psplash boot splash screen[0m.
[   13.638892] systemd[1]: Started RPC Bind.
[[0;32m  OK  [0m] Started [0;1;39mRPC Bind[0m.
[   13.659049] systemd[1]: Started Journal Service.
[[0;32m  OK  [0m] Started [0;1;39mJournal Service[0m.
[[0;32m  OK  [0m] Mounted [0;1;39mHuge Pages File System[0m.
[[0;32m  OK  [0m] Mounted [0;1;39mPOSIX Message Queue File System[0m.
[[0;32m  OK  [0m] Mounted [0;1;39mKernel Debug File System[0m.
[[0;32m  OK  [0m] Mounted [0;1;39mTemporary Directory (/tmp)[0m.
[[0;32m  OK  [0m] Started [0;1;39mCreate list of staâ€¦ nodes for the current kernel[0m.
[[0;32m  OK  [0m] Started [0;1;39mLoad Kernel Modules[0m.
[[0;32m  OK  [0m] Started [0;1;39mRemount Root and Kernel File Systems[0m.
         Mounting [0;1;39mKernel Configuration File System[0m...
[[0;32m  OK  [0m] Started [0;1;39mStart psplash-systâ€¦progress communication helper[0m.
         Starting [0;1;39mFlush Journal to Persistent Storage[0m...
[   13.905141] systemd-journald[366]: Received client request to flush runtime journal.
         Starting [0;1;39mApply Kernel Variables[0m...
         Starting [0;1;39mCreate Static Device Nodes in /dev[0m...
[[0;32m  OK  [0m] Mounted [0;1;39mKernel Configuration File System[0m.
[[0;32m  OK  [0m] Started [0;1;39mFlush Journal to Persistent Storage[0m.
[[0;32m  OK  [0m] Started [0;1;39mApply Kernel Variables[0m.
[[0;32m  OK  [0m] Started [0;1;39mCreate Static Device Nodes in /dev[0m.
[[0;32m  OK  [0m] Reached target [0;1;39mLocal File Systems (Pre)[0m.
         Mounting [0;1;39m/var/volatile[0m...
         Starting [0;1;39mudev Kernel Device Manager[0m...
[[0;32m  OK  [0m] Started [0;1;39mudev Coldplug all Devices[0m.
[[0;32m  OK  [0m] Mounted [0;1;39m/var/volatile[0m.
         Starting [0;1;39mLoad/Save Random Seed[0m...
[[0;32m  OK  [0m] Reached target [0;1;39mLocal File Systems[0m.
         Starting [0;1;39mCreate Volatile Files and Directories[0m...
[[0;32m  OK  [0m] Started [0;1;39mudev Kernel Device Manager[0m.
[[0;32m  OK  [0m] Started [0;1;39mLoad/Save Random Seed[0m.
         Starting [0;1;39mNetwork Service[0m...
[[0;32m  OK  [0m] Started [0;1;39mCreate Volatile Files and Directories[0m.
         Starting [0;1;39mNetwork Time Synchronization[0m...
         Starting [0;1;39mUpdate UTMP about System Boot/Shutdown[0m...
[[0;32m  OK  [0m] Started [0;1;39mNetwork Service[0m.
[   14.433494] pwm-backlight: probe of backlight failed with error -16
[[0;32m  OK  [0m] Started [0;1;39mUpdate UTMP about System Boot/Shutdown[0m.
[   14.485108] at24 7-0050: supply vcc not found, using dummy regulator
[[0;32m  OK  [0m] Reached targ[   14.494981] at24 7-0050: 128 byte br24t01 EEPROM, writable, 8 bytes/write
et [0;1;39mHardware activated USB gadget[0m.
         Starting [0;1;39mNetwork Name Resolution[0m...
[[0;32m  OK  [0m] Started [0;1;39mNetwork Time Synchronization[0m.
[[0;32m  OK  [0m] Reached target [0;1;39mSystem Initialization[0m.
[[0;32m  OK  [0m] Started [0;1;39mDaily Cleanup of Temporary Directories[0m.
[[0;32m  OK  [0m] Reached target [0;1;39mSystem Time Set[0m.
[[0;32m  OK  [0m] Reached target [0;1;39mSystem Time Synchronized[0m.
[[0;32m  OK  [0m] Reached target [0;1;39mTimers[0m.
[   14.652493] renesas_usb3 ee020000.usb: probed with phy
[   14.664737] ccree e6601000.crypto: ARM CryptoCell 630P Driver: HW version 0xAF400001/0xDCC63000, Driver version 5.0
[[0;32m  OK  [0m] Listening on [0;1;39mAvahi mDNS/DNS-SD Stack Activation Socket[0m.
[[0;32m  OK  [0m] Listening on [0;1;39mD-Bus System Message Bus Socket[0m.
[   14.722812] ccree e6601000.crypto: ARM ccree device initialized
[[0;32m  OK  [0m] Listening on [0;1;39mdropbear.socket[0m.
[[0;32m  OK  [0m] Reached target [0;1;39mSockets[0m.
[[0;32m  OK  [0m] Reached target [0;1;39mBasic System[0m.
[[0;32m  OK  [0m] Started [0;1;39mD-Bus System Message Bus[0m.
[[0;32m  OK  [0m] Started [0;1;39moptee services[0m.
         Starting [0;1;39mpvrinit.service[0m...
         Starting [0;1;39mPowerVR consumer services[0m...
         Starting [0;1;39mLogin Service[0m...
[[0;32m  OK  [0m] Started [0;1;39mNetwork Name Resolution[0m.
[[0;1;31mFAILED[0m] Failed to start [0;1;39mpvrinit.service[0m.
See 'systemctl status pvrinit.service' for details.
[[0;1;31mFAILED[0m] Failed to start [0;1;39mPowerVR consumer services[0m.
See 'systemctl status rc.pvr.service' for details.
[[0;32m  OK  [0m] Started [0;1;39mLogin Service[0m.
[[0;32m  OK  [0m] Created slice [0;1;39msystem-weston.slice[0m.
[[0;32m  OK  [0m] Reached target [0;1;39mNetwork[0m.
[[0;32m  OK  [0m] Reached target [0;1;39mHost and Network Name Lookups[0m.
         Starting [0;1;39mAvahi mDNS/DNS-SD Stack[0m...
         Starting [0;1;39mPowerVR consumer services[0m...
         Starting [0;1;39mset_default_governor.service[0m...
         Starting [0;1;39mPermit User Sessions[0m...
[[0;32m  OK  [0m] Started [0;1;39mXinetd A Powerful Replacement For Inetd[0m.
[   15.286373] rd 0-7: Disabling EAS, schedutil is mandatory
[[0;1;31mFAILED[0m] Failed to start [0;1;39mPowerVR consumer services[0m.
See 'systemctl status rc.pvr.service' for details.
[[0;1;38;5;185mDEPEND[0m] Dependency failed for [0;1;39mWeston Wayland Compositor[0m.
[[0;32m  OK  [0m] Started [0;1;39mset_default_governor.service[0m.
[[0;32m  OK  [0m] Started [0;1;39mPermit User Sessions[0m.
[[0;32m  OK  [0m] Started [0;1;39mAvahi mDNS/DNS-SD Stack[0m.
[[0;32m  OK  [0m] Started [0;1;39mGetty on tty1[0m.
[[0;32m  OK  [0m] Started [0;1;39mSerial Getty on ttySC0[0m.
[[0;32m  OK  [0m] Reached target [0;1;39mLogin Prompts[0m.
[[0;32m  OK  [0m] Reached target [0;1;39mMulti-User System[0m.
         Starting [0;1;39mUpdate UTMP about System Runlevel Changes[0m...
[[0;32m  OK  [0m] Started [0;1;39mUpdate UTMP about System Runlevel Changes[0m.

Poky (Yocto Project Reference Distro) 3.1.11 salvator-x ttySC0

salvator-x login: 
salvator-x login: root
[   17.453049] audit: type=1006 audit(1703064538.064:2): pid=549 uid=0 old-auid=4294967295 auid=0 tty=(none) old-ses=4294967295 ses=1 res=1
7[r[999;999H[6n8root@salvator-x:~# 
root@salvator-x:~# 
root@salvator-x:~# 
root@salvator-x:~# 
root@salvator-x:~# 
root@salvator-x:~# 
root@salvator-x:~# 
root@salvator-x:~# 
root@salvator-x:~# 
----------Prepare----------


root@salvator-x:~# find /sys/devices/platform/soc/ee080100.usb/ -name 'sd*'
/sys/devices/platform/soc/ee080100.usb/usb9/9-1/9-1:1.0/host1/target1:0:0/1:0:0:0/block/sda
/sys/devices/platform/soc/ee080100.usb/usb9/9-1/9-1:1.0/host1/target1:0:0/1:0:0:0/block/sda/sda1
root@salvator-x:~# 
root@salvator-x:~# dd if=/dev/urandom of=testdata bs=10M count=1
1+0 records in
1+0 records out
10485760 bytes (10 MB, 10 MiB) copied, 0.315247 s, 33.3 MB/s
root@salvator-x:~# 
root@salvator-x:~# mkdir -p /mnt/usb
root@salvator-x:~# 
root@salvator-x:~# mount /dev/sda1 /mnt/usb
mount: /mnt/usb: wrong fs type, bad option, bad superblock on /dev/sda1, missing codepage or helper program, or other error.
root@salvator-x:~# 
root@salvator-x:~# echo y | mkfs.ext4 /dev/sda1
mke2fs 1.45.4 (23-Sep-2019)
Creating filesystem with 245504 4k blocks and 61440 inodes
Filesystem UUID: b5c83b85-d7e3-46b3-9954-6f42dd5c8b9d
Superblock backups stored on blocks: 
	32768, 98304, 163840, 229376

Allocating group tables: 0/8   done                            
Writing inode tables: 0/8   done                            
Creating journal (4096 blocks): done
Writing superblocks and filesystem accounting information: 0/8   done

root@salvator-x:~# 
root@salvator-x:~# mount /dev/sda1 /mnt/usb
[   34.197139] EXT4-fs (sda1): mounted filesystem with ordered data mode. Opts: (null)
root@salvator-x:~# 
root@salvator-x:~# cp testdata /mnt/usb/
root@salvator-x:~# 
root@salvator-x:~# umount /mnt/usb
root@salvator-x:~# 
root@salvator-x:~# find /sys/devices/platform/soc/ee080100.usb/ -name 'sd*'
/sys/devices/platform/soc/ee080100.usb/usb9/9-1/9-1:1.0/host1/target1:0:0/1:0:0:0/block/sda
/sys/devices/platform/soc/ee080100.usb/usb9/9-1/9-1:1.0/host1/target1:0:0/1:0:0:0/block/sda/sda1
root@salvator-x:~# 
root@salvator-x:~# i2cset -f -y 7 0x30 0x20 0x0f
root@salvator-x:~# 

Switch SW23 off and input 'yes' to continue:
[   41.950215] SDHI0 VccQ: disabling
[   41.953606] SDHI3 VccQ: disabling
Input 'yes' to continue: 

root@salvator-x:~# echo N > /sys/module/printk/parameters/console_suspend
root@salvator-x:~# 
root@salvator-x:~# mount /dev/sda1 /mnt/usb
[   55.621062] EXT4-fs (sda1): mounted filesystem with ordered data mode. Opts: (null)
root@salvator-x:~# 
root@salvator-x:~# cp testdata testdata_from_usb &
[1] 578
root@salvator-x:~# 
[1]+  Done                    cp testdata testdata_from_usb
root@salvator-x:~# echo mem > /sys/power/state
[   56.938353] PM: suspend entry (deep)
[   56.994174] Filesystems sync: 0.052 seconds
[   57.000272] Freezing user space processes ... (elapsed 0.002 seconds) done.
[   57.002440] OOM killer disabled.
[   57.002443] Freezing remaining freezable tasks ... (elapsed 0.002 seconds) done.
[   57.452670] ravb e6800000.ethernet eth0: Link is Down
[   57.467880] Disabling non-boot CPUs ...
[   57.472333] CPU1: shutdown
[   57.475053] psci: CPU1 killed (polled 0 ms)
[   57.480919] CPU2: shutdown
[   57.483646] psci: CPU2 killed (polled 0 ms)
[   57.489227] CPU3: shutdown
[   57.491951] psci: CPU3 killed (polled 0 ms)
[   57.497693] CPU4: shutdown
[   57.500433] psci: CPU4 killed (polled 0 ms)
[   57.506149] CPU5: shutdown
[   57.508858] psci: CPU5 killed (polled 0 ms)
[   57.514379] CPU6: shutdown
[   57.517087] psci: CPU6 killed (polled 0 ms)
[   57.522926] CPU7: shutdown
[   57.525642] psci: CPU7 killed (polled 0 ms)
 
 Switch power switch: 

NOTICE:  BL2: R-Car Gen3 Initial Program Loader(CA57) Rev.4.0.0
NOTICE:  BL2: PRR is R-Car H3 Ver.3.0
NOTICE:  BL2: Board is Salvator-XS Rev.1.0
NOTICE:  BL2: Boot device is HyperFlash(160MHz)
NOTICE:  BL2: LCM state is CM
NOTICE:  AVS setting succeeded. DVFS_SetVID=0x53
NOTICE:  BL2: DDR3200(rev.0.42)
NOTICE:  BL2: [WARM_BOOT]
NOTICE:  BL2: DRAM Split is 4ch(DDR f)
NOTICE:  BL2: QoS is default setting(rev.0.11)
NOTICE:  BL2: DRAM refresh interval 1.95 usec
NOTICE:  BL2: Periodic Write DQ Training
NOTICE:  BL2: CH0: 400000000 - 47fffffff, 2 GiB
NOTICE:  BL2: CH1: 500000000 - 57fffffff, 2 GiB
NOTICE:  BL2: CH2: 600000000 - 67fffffff, 2 GiB
NOTICE:  BL2: CH3: 700000000 - 77fffffff, 2 GiB
NOTICE:  BL2: Lossy Decomp areas
NOTICE:       Entry 0: DCMPAREACRAx:0x80000540 DCMPAREACRBx:0x570
NOTICE:       Entry 1: DCMPAREACRAx:0x40000000 DCMPAREACRBx:0x0
NOTICE:       Entry 2: DCMPAREACRAx:0x20000000 DCMPAREACRBx:0x0
NOTICE:  BL2: FDT at 0xe6327f70
NOTICE:  BL2: v2.9(release):9cdb21f75
NOTICE:  BL2: Built : 05:25:39, Dec 19 2023
NOTICE:  BL2: Normal boot
[   57.530880] Enabling non-boot CPUs ...
[   57.534917] Detected PIPT I-cache on CPU1
[   57.534971] CPU1: Booted secondary processor 0x0000000001 [0x411fd073]
[   57.535462] CPU1 is up
[   57.548515] Detected PIPT I-cache on CPU2
[   57.548537] CPU2: Booted secondary processor 0x0000000002 [0x411fd073]
[   57.548807] CPU2 is up
[   57.561829] Detected PIPT I-cache on CPU3
[   57.561852] CPU3: Booted secondary processor 0x0000000003 [0x411fd073]
[   57.562137] CPU3 is up
[   57.575197] Detected VIPT I-cache on CPU4
[   57.575250] CPU4: Booted secondary processor 0x0000000100 [0x410fd034]
[   57.576147] CPU4 is up
[   57.589153] Detected VIPT I-cache on CPU5
[   57.589186] CPU5: Booted secondary processor 0x0000000101 [0x410fd034]
[   57.589752] CPU5 is up
[   57.602763] Detected VIPT I-cache on CPU6
[   57.602796] CPU6: Booted secondary processor 0x0000000102 [0x410fd034]
[   57.603407] CPU6 is up
[   57.616412] Detected VIPT I-cache on CPU7
[   57.616445] CPU7: Booted secondary processor 0x0000000103 [0x410fd034]
[   57.617159] CPU7 is up
[   57.689200] xhci-hcd ee000000.usb: xHC error in resume, USBSTS 0x401, Reinit
[   57.696264] usb usb7: root hub lost power or was reset
[   57.701387] usb usb8: root hub lost power or was reset
[   57.757051] Micrel KSZ9031 Gigabit PHY e6800000.ethernet-ffffffff:00: attached PHY driver [Micrel KSZ9031 Gigabit PHY] (mii_bus:phy_addr=e6800000.ethernet-ffffffff:00, irq=183)
[   57.868195] usb usb4: root hub lost power or was reset
[   57.873466] usb usb1: root hub lost power or was reset
[   57.960144] usb usb5: root hub lost power or was reset
[   57.965310] usb usb2: root hub lost power or was reset
[   58.052148] usb usb6: root hub lost power or was reset
[   58.057436] usb usb3: root hub lost power or was reset
[   58.172148] usb usb10: root hub lost power or was reset
[   58.177402] usb usb9: root hub lost power or was reset
[   58.194061] ata1: link resume succeeded after 1 retries
[   58.305587] ata1: SATA link down (SStatus 0 SControl 300)
[   58.422147] usb 9-1: reset high-speed USB device number 2 using ehci-platform
[   58.593195] OOM killer enabled.
[   58.597070] Restarting tasks ... done.
root@salvator-x:~# [   58.602812] PM: suspend exit
[   65.765344] ravb e6800000.ethernet eth0: Link is Up - 1Gbps/Full - flow control off

root@salvator-x:~# echo "Wake up sucessfully"
Wake up sucessfully
root@salvator-x:~# 
root@salvator-x:~# wait
root@salvator-x:~# 
root@salvator-x:~# sync
root@salvator-x:~# 
root@salvator-x:~# cmp testdata testdata_from_usb
root@salvator-x:~# 
root@salvator-x:~# umount /mnt/usb
root@salvator-x:~# 
root@salvator-x:~# find /sys/devices/platform/soc/ee080100.usb/ -name 'sd*'
/sys/devices/platform/soc/ee080100.usb/usb9/9-1/9-1:1.0/host1/target1:0:0/1:0:0:0/block/sda
/sys/devices/platform/soc/ee080100.usb/usb9/9-1/9-1:1.0/host1/target1:0:0/1:0:0:0/block/sda/sda1
root@salvator-x:~# 
root@salvator-x:~# dd if=/dev/sda1 of=/dev/null bs=1M count=1 iflag=direct
[   76.113744]  sda: sda1
1+0 records in
1+0 records out
1048576 bytes (1.0 MB, 1.0 MiB) copied, 0.068232 s, 15.4 MB/s
root@salvator-x:~# 
root@salvator-x:~# dd if=/dev/zero of=/dev/sda1 bs=1M count=1 oflag=direct
1+0 records in
1+0 records out
1048576 bytes (1.0 MB, 1.0 MiB) copied, 0.34771 s, 3.0 MB/s
root@salvator-x:~# 
 
#### Result: OK ####
