

----------Item 26----------


Please press switch to restart board 

[F 00:00:120
[F 00:00:119
[F 00:00:118
NOTICE:  BL2: R-Car Gen3 Initial Program Loader(CA57) Rev.4.0.0
NOTICE:  BL2: PRR is R-Car H3 Ver.3.0
NOTICE:  BL2: Board is Salvator-XS Rev.1.0
NOTICE:  BL2: Boot device is HyperFlash(160MHz)
NOTICE:  BL2: LCM state is CM
NOTICE:  AVS setting succeeded. DVFS_SetVID=0x53
NOTICE:  BL2: DDR3200(rev.0.42)
NOTICE:  BL2: [COLD_BOOT]
NOTICE:  BL2: DRAM Split is 4ch(DDR f)
NOTICE:  BL2: QoS is default setting(rev.0.11)
NOTICE:  BL2: DRAM refresh interval 1.95 usec
NOTICE:  BL2: Periodic Write DQ Training
NOTICE:  BL2: CH0: 400000000 - 47fffffff, 2 GiB
NOTICE:  BL2: CH1: 500000000 - 57fffffff, 2 GiB
NOTICE:  BL2: CH2: 600000000 - 67fffffff, 2 GiB
NOTICE:  BL2: CH3: 700000000 - 77fffffff, 2 GiB
NOTICE:  BL2: Lossy Decomp areas
NOTICE:       Entry 0: DCMPAREACRAx:0x80000540 DCMPAREACRBx:0x570
NOTICE:       Entry 1: DCMPAREACRAx:0x40000000 DCMPAREACRBx:0x0
NOTICE:       Entry 2: DCMPAREACRAx:0x20000000 DCMPAREACRBx:0x0
NOTICE:  BL2: FDT at 0xe6327f70
NOTICE:  BL2: v2.9(release):9cdb21f75
NOTICE:  BL2: Built : 05:25:39, Dec 19 2023
NOTICE:  BL2: Normal boot
NOTICE:  BL2: dst=0xe6327800 src=0x8180000 len=512(0x200)
NOTICE:  BL2: dst=0x43f00000 src=0x8180400 len=6144(0x1800)
NOTICE:  rcar_file_len: len: 0x0003e000
NOTICE:  BL2: dst=0x44000000 src=0x81c0000 len=253952(0x3e000)
NOTICE:  rcar_file_len: len: 0x00200000
NOTICE:  BL2: dst=0x44100000 src=0x8200000 len=2097152(0x200000)
NOTICE:  rcar_file_len: len: 0x00100000
NOTICE:  BL2: dst=0x50000000 src=0x8640000 len=1048576(0x100000)
NOTICE:  BL2: Booting BL31


U-Boot 2020.10 (Dec 19 2023 - 14:30:40 +0000)

CPU: Renesas Electronics R8A7795 rev 3.0
Model: Renesas Salvator-X 2nd version board based on r8a77951
DRAM:  7.9 GiB
RAM Configuration:
Bank #0: 0x048000000 - 0x0bfffffff, 1.9 GiB
Bank #1: 0x500000000 - 0x57fffffff, 2 GiB
Bank #2: 0x600000000 - 0x67fffffff, 2 GiB
Bank #3: 0x700000000 - 0x77fffffff, 2 GiB

MMC:   sd@ee100000: 0, sd@ee140000: 1, sd@ee160000: 2
Loading Environment from MMC... OK
In:    serial@e6e88000
Out:   serial@e6e88000
Err:   serial@e6e88000
Net:   eth0: ethernet@e6800000
Hit any key to stop autoboot:  2  1  0 
ethernet@e6800000 Waiting for PHY auto negotiation to complete.......... done
Using ethernet@e6800000 device
TFTP from server 192.168.10.99; our IP address is 192.168.10.167
Filename 'traivo/H3/rootfs/boot_USB2H/Image'.
Load address: 0x48080000
Loading: *#################################################################
	 #################################################################
	 #################################################################
	 #################################################################
	 #################################################################
	 #################################################################
	 #################################################################
	 #################################################################
	 #################################################################
	 #################################################################
	 #################################################################
	 #################################################################
	 #################################################################
	 #################################################################
	 #################################################################
	 #################################################################
	 #################################################################
	 #################################################################
	 #################################################################
	 #################################################################
	 #################################################################
	 #################################################################
	 #################################################################
	 #################################################################
	 #################################################################
	 #################################################################
	 #################################################################
	 #################################################################
	 #################################################################
	 #################################################################
	 #################################################################
	 #################################################################
	 #################################################################
	 #################################################################
	 ################################################################
	 4.8 MiB/s
done
Bytes transferred = 33376768 (1fd4a00 hex)
Using ethernet@e6800000 device
TFTP from server 192.168.10.99; our IP address is 192.168.10.167
Filename 'traivo/H3/rootfs/boot_USB2H/r8a77951-salvator-xs.dtb'.
Load address: 0x48000000
Loading: *#######
	 8.7 MiB/s
done
Bytes transferred = 90876 (162fc hex)
Moving Image from 0x48080000 to 0x48200000, end=4a260000
## Flattened Device Tree blob at 48000000
   Booting using the fdt blob at 0x48000000
   Loading Device Tree to 0000000053fe6000, end 0000000053fff2fb ... OK

Starting kernel ...

[    0.000000] Booting Linux on physical CPU 0x0000000000 [0x411fd073]
[    0.000000] Linux version 5.10.194-yocto-standard (thuan.nguyen-hong@banvien) (aarch64-poky-linux-gcc (GCC) 9.3.0, GNU ld (GNU Binutils) 2.34.0.20200220) #10 SMP PREEMPT Mon Feb 19 03:51:05 UTC 2024
[    0.000000] Machine model: Renesas Salvator-X 2nd version board based on r8a77951
[    0.000000] efi: UEFI not found.
[    0.000000] Reserved memory: created CMA memory pool at 0x0000000057000000, size 16 MiB
[    0.000000] OF: reserved mem: initialized node linux,adsp@57000000, compatible id shared-dma-pool
[    0.000000] Reserved memory: created CMA memory pool at 0x0000000058000000, size 384 MiB
[    0.000000] OF: reserved mem: initialized node linux,cma@58000000, compatible id shared-dma-pool
[    0.000000] Reserved memory: created CMA memory pool at 0x0000000070000000, size 256 MiB
[    0.000000] OF: reserved mem: initialized node linux,multimedia@70000000, compatible id shared-dma-pool
[    0.000000] NUMA: No NUMA configuration found
[    0.000000] NUMA: Faking a node at [mem 0x0000000048000000-0x000000077fffffff]
[    0.000000] NUMA: NODE_DATA [mem 0x77efdab00-0x77efdcfff]
[    0.000000] Zone ranges:
[    0.000000]   DMA      [mem 0x0000000048000000-0x000000007fffffff]
[    0.000000]   DMA32    [mem 0x0000000080000000-0x00000000ffffffff]
[    0.000000]   Normal   [mem 0x0000000100000000-0x000000077fffffff]
[    0.000000] Movable zone start for each node
[    0.000000] Early memory node ranges
[    0.000000]   node   0: [mem 0x0000000048000000-0x0000000053ffffff]
[    0.000000]   node   0: [mem 0x0000000054000000-0x0000000056ffffff]
[    0.000000]   node   0: [mem 0x0000000057000000-0x00000000bfffffff]
[    0.000000]   node   0: [mem 0x0000000500000000-0x000000057fffffff]
[    0.000000]   node   0: [mem 0x0000000600000000-0x000000067fffffff]
[    0.000000]   node   0: [mem 0x0000000700000000-0x000000077fffffff]
[    0.000000] Initmem setup node 0 [mem 0x0000000048000000-0x000000077fffffff]
[    0.000000] psci: probing for conduit method from DT.
[    0.000000] psci: PSCIv1.1 detected in firmware.
[    0.000000] psci: Using standard PSCI v0.2 function IDs
[    0.000000] psci: Trusted OS resident on physical CPU 0x0
[    0.000000] psci: SMC Calling Convention v1.2
[    0.000000] percpu: Embedded 23 pages/cpu s56984 r8192 d29032 u94208
[    0.000000] Detected PIPT I-cache on CPU0
[    0.000000] CPU features: detected: EL2 vector hardening
[    0.000000] CPU features: detected: Spectre-v2
[    0.000000] CPU features: detected: ARM errata 1165522, 1319367, or 1530923
[    0.000000] CPU features: detected: Spectre-BHB
[    0.000000] CPU features: detected: ARM erratum 1742098
[    0.000000] Built 1 zonelists, mobility grouping on.  Total pages: 2032128
[    0.000000] Policy zone: Normal
[    0.000000] Kernel command line: rw root=/dev/nfs nfsroot=192.168.10.99:/data/tftpboot/traivo/H3/rootfs,nfsvers=4, ip=192.168.10.167
[    0.000000] Dentry cache hash table entries: 1048576 (order: 11, 8388608 bytes, linear)
[    0.000000] Inode-cache hash table entries: 524288 (order: 10, 4194304 bytes, linear)
[    0.000000] mem auto-init: stack:off, heap alloc:off, heap free:off
[    0.000000] software IO TLB: mapped [mem 0x000000004ffe6000-0x0000000053fe6000] (64MB)
[    0.000000] Memory: 7276840K/8257536K available (15232K kernel code, 2834K rwdata, 8240K rodata, 6144K init, 517K bss, 308952K reserved, 671744K cma-reserved)
[    0.000000] SLUB: HWalign=64, Order=0-3, MinObjects=0, CPUs=8, Nodes=1
[    0.000000] rcu: Preemptible hierarchical RCU implementation.
[    0.000000] rcu: 	RCU event tracing is enabled.
[    0.000000] rcu: 	RCU restricting CPUs from NR_CPUS=256 to nr_cpu_ids=8.
[    0.000000] 	Trampoline variant of Tasks RCU enabled.
[    0.000000] rcu: RCU calculated value of scheduler-enlistment delay is 25 jiffies.
[    0.000000] rcu: Adjusting geometry for rcu_fanout_leaf=16, nr_cpu_ids=8
[    0.000000] NR_IRQS: 64, nr_irqs: 64, preallocated irqs: 0
[    0.000000] arch_timer: cp15 timer(s) running at 8.32MHz (virt).
[    0.000000] clocksource: arch_sys_counter: mask: 0xffffffffffffff max_cycles: 0x1eb398c07, max_idle_ns: 440795202503 ns
[    0.000003] sched_clock: 56 bits at 8MHz, resolution 120ns, wraps every 2199023255503ns
[    0.000207] Console: colour dummy device 80x25
[    0.000417] printk: console [tty0] enabled
[    0.000489] Calibrating delay loop (skipped), value calculated using timer frequency.. 16.64 BogoMIPS (lpj=33280)
[    0.000504] pid_max: default: 32768 minimum: 301
[    0.000563] LSM: Security Framework initializing
[    0.000649] Mount-cache hash table entries: 16384 (order: 5, 131072 bytes, linear)
[    0.000700] Mountpoint-cache hash table entries: 16384 (order: 5, 131072 bytes, linear)
[    0.002139] rcu: Hierarchical SRCU implementation.
[    0.003727] Detected Renesas R-Car Gen3 r8a7795 ES3.0
[    0.005867] EFI services will not be available.
[    0.006204] smp: Bringing up secondary CPUs ...
[    0.006661] Detected PIPT I-cache on CPU1
[    0.006706] CPU1: Booted secondary processor 0x0000000001 [0x411fd073]
[    0.007193] Detected PIPT I-cache on CPU2
[    0.007218] CPU2: Booted secondary processor 0x0000000002 [0x411fd073]
[    0.007642] Detected PIPT I-cache on CPU3
[    0.007665] CPU3: Booted secondary processor 0x0000000003 [0x411fd073]
[    0.008134] CPU features: detected: ARM erratum 845719
[    0.008146] Detected VIPT I-cache on CPU4
[    0.008193] CPU4: Booted secondary processor 0x0000000100 [0x410fd034]
[    0.008675] Detected VIPT I-cache on CPU5
[    0.008702] CPU5: Booted secondary processor 0x0000000101 [0x410fd034]
[    0.009139] Detected VIPT I-cache on CPU6
[    0.009166] CPU6: Booted secondary processor 0x0000000102 [0x410fd034]
[    0.009602] Detected VIPT I-cache on CPU7
[    0.009629] CPU7: Booted secondary processor 0x0000000103 [0x410fd034]
[    0.009709] smp: Brought up 1 node, 8 CPUs
[    0.009771] SMP: Total of 8 processors activated.
[    0.009778] CPU features: detected: 32-bit EL0 Support
[    0.009786] CPU features: detected: CRC32 instructions
[    0.009793] CPU features: detected: 32-bit EL1 Support
[    0.022997] CPU: All CPU(s) started at EL1
[    0.023053] alternatives: patching kernel code
[    0.024211] devtmpfs: initialized
[    0.031001] KASLR disabled due to lack of seed
[    0.031150] clocksource: jiffies: mask: 0xffffffff max_cycles: 0xffffffff, max_idle_ns: 7645041785100000 ns
[    0.031170] futex hash table entries: 2048 (order: 5, 131072 bytes, linear)
[    0.039809] pinctrl core: initialized pinctrl subsystem
[    0.041296] DMI not present or invalid.
[    0.041794] NET: Registered protocol family 16
[    0.042725] DMA: preallocated 1024 KiB GFP_KERNEL pool for atomic allocations
[    0.042921] DMA: preallocated 1024 KiB GFP_KERNEL|GFP_DMA pool for atomic allocations
[    0.043210] DMA: preallocated 1024 KiB GFP_KERNEL|GFP_DMA32 pool for atomic allocations
[    0.043249] audit: initializing netlink subsys (disabled)
[    0.043429] audit: type=2000 audit(0.040:1): state=initialized audit_enabled=0 res=1
[    0.044587] thermal_sys: Registered thermal governor 'power_allocator'
[    0.045103] cpuidle: using governor menu
[    0.045271] hw-breakpoint: found 6 breakpoint and 4 watchpoint registers.
[    0.045397] ASID allocator initialised with 65536 entries
[    0.046685] Serial: AMBA PL011 UART driver
[    0.089554] sh-pfc e6060000.pinctrl: r8a77951_pfc support registered
[    0.104307] HugeTLB registered 1.00 GiB page size, pre-allocated 0 pages
[    0.104321] HugeTLB registered 32.0 MiB page size, pre-allocated 0 pages
[    0.104328] HugeTLB registered 2.00 MiB page size, pre-allocated 0 pages
[    0.104335] HugeTLB registered 64.0 KiB page size, pre-allocated 0 pages
[    0.105299] cryptd: max_cpu_qlen set to 1000
[    0.107578] ACPI: Interpreter disabled.
[    0.111409] rcar-avs: use avs value: 0
[    0.111424] rcar-avs: cpu@0 is running with: opp_table0
[    0.111435] rcar-avs: cpu@1 is running with: opp_table0
[    0.111444] rcar-avs: cpu@2 is running with: opp_table0
[    0.111454] rcar-avs: cpu@3 is running with: opp_table0
[    0.111532] rcar-avs: gsx@fd000000 is running with: gsx_opp_table0
[    0.112944] iommu: Default domain type: Translated 
[    0.113518] ipmmu-vmsa e67b0000.iommu: IPMMU context 0 is reserved
[    0.114516] vgaarb: loaded
[    0.114715] SCSI subsystem initialized
[    0.114970] usbcore: registered new interface driver usbfs
[    0.115001] usbcore: registered new interface driver hub
[    0.115026] usbcore: registered new device driver usb
[    0.118569] i2c-sh_mobile e60b0000.i2c: I2C adapter 7, bus speed 400000 Hz
[    0.119100] mc: Linux media interface: v0.10
[    0.119122] videodev: Linux video capture interface: v2.00
[    0.119167] pps_core: LinuxPPS API ver. 1 registered
[    0.119174] pps_core: Software ver. 5.3.6 - Copyright 2005-2007 Rodolfo Giometti <giometti@linux.it>
[    0.119188] PTP clock support registered
[    0.119356] EDAC MC: Ver: 3.0.0
[    0.121360] FPGA manager framework
[    0.121418] Advanced Linux Sound Architecture Driver Initialized.
[    0.121971] clocksource: Switched to clocksource arch_sys_counter
[    0.122103] VFS: Disk quotas dquot_6.6.0
[    0.122147] VFS: Dquot-cache hash table entries: 512 (order 0, 4096 bytes)
[    0.122269] pnp: PnP ACPI: disabled
[    0.125733] NET: Registered protocol family 2
[    0.126143] IP idents hash table entries: 131072 (order: 8, 1048576 bytes, linear)
[    0.128395] tcp_listen_portaddr_hash hash table entries: 4096 (order: 4, 65536 bytes, linear)
[    0.128498] TCP established hash table entries: 65536 (order: 7, 524288 bytes, linear)
[    0.128782] TCP bind hash table entries: 65536 (order: 8, 1048576 bytes, linear)
[    0.129368] TCP: Hash tables configured (established 65536 bind 65536)
[    0.129487] UDP hash table entries: 4096 (order: 5, 131072 bytes, linear)
[    0.129601] UDP-Lite hash table entries: 4096 (order: 5, 131072 bytes, linear)
[    0.129821] NET: Registered protocol family 1
[    0.130183] RPC: Registered named UNIX socket transport module.
[    0.130193] RPC: Registered udp transport module.
[    0.130199] RPC: Registered tcp transport module.
[    0.130204] RPC: Registered tcp NFSv4.1 backchannel transport module.
[    0.130217] PCI: CLS 0 bytes, default 64
[    0.131137] hw perfevents: enabled with armv8_cortex_a53 PMU driver, 7 counters available
[    0.131408] hw perfevents: enabled with armv8_cortex_a57 PMU driver, 7 counters available
[    0.132027] kvm [1]: HYP mode not available
[    0.134797] Initialise system trusted keyrings
[    0.134920] workingset: timestamp_bits=42 max_order=21 bucket_order=0
[    0.137981] squashfs: version 4.0 (2009/01/31) Phillip Lougher
[    0.138388] NFS: Registering the id_resolver key type
[    0.138414] Key type id_resolver registered
[    0.138421] Key type id_legacy registered
[    0.138473] nfs4filelayout_init: NFSv4 File Layout Driver Registering...
[    0.138482] nfs4flexfilelayout_init: NFSv4 Flexfile Layout Driver Registering...
[    0.138582] 9p: Installing v9fs 9p2000 file system support
[    0.164542] Key type asymmetric registered
[    0.164554] Asymmetric key parser 'x509' registered
[    0.164584] Block layer SCSI generic (bsg) driver version 0.4 loaded (major 243)
[    0.164594] io scheduler mq-deadline registered
[    0.164603] io scheduler kyber registered
[    0.180715] gpio_rcar e6050000.gpio: driving 16 GPIOs
[    0.181031] gpio_rcar e6051000.gpio: driving 29 GPIOs
[    0.181308] gpio_rcar e6052000.gpio: driving 15 GPIOs
[    0.181569] gpio_rcar e6053000.gpio: driving 16 GPIOs
[    0.181837] gpio_rcar e6054000.gpio: driving 18 GPIOs
[    0.182124] gpio_rcar e6055000.gpio: driving 26 GPIOs
[    0.182404] gpio_rcar e6055400.gpio: driving 32 GPIOs
[    0.182668] gpio_rcar e6055800.gpio: driving 4 GPIOs
[    0.185553] rcar-pcie fe000000.pcie: host bridge /soc/pcie@fe000000 ranges:
[    0.185581] rcar-pcie fe000000.pcie:       IO 0x00fe100000..0x00fe1fffff -> 0x0000000000
[    0.185603] rcar-pcie fe000000.pcie:      MEM 0x00fe200000..0x00fe3fffff -> 0x00fe200000
[    0.185622] rcar-pcie fe000000.pcie:      MEM 0x0030000000..0x0037ffffff -> 0x0030000000
[    0.185636] rcar-pcie fe000000.pcie:      MEM 0x0038000000..0x003fffffff -> 0x0038000000
[    0.185653] rcar-pcie fe000000.pcie:   IB MEM 0x0040000000..0x007fffffff -> 0x0040000000
[    0.185702] rcar-pcie fe000000.pcie: no pcie3v3 regulator found
[    0.185712] rcar-pcie fe000000.pcie: no pcie1v8 regulator found
[    0.249672] rcar-pcie fe000000.pcie: PCIe link down
[    0.249856] rcar-pcie ee800000.pcie: host bridge /soc/pcie@ee800000 ranges:
[    0.249880] rcar-pcie ee800000.pcie:       IO 0x00ee900000..0x00ee9fffff -> 0x0000000000
[    0.249900] rcar-pcie ee800000.pcie:      MEM 0x00eea00000..0x00eebfffff -> 0x00eea00000
[    0.249919] rcar-pcie ee800000.pcie:      MEM 0x00c0000000..0x00c7ffffff -> 0x00c0000000
[    0.249934] rcar-pcie ee800000.pcie:      MEM 0x00c8000000..0x00cfffffff -> 0x00c8000000
[    0.249951] rcar-pcie ee800000.pcie:   IB MEM 0x0040000000..0x007fffffff -> 0x0040000000
[    0.249999] rcar-pcie ee800000.pcie: no pcie3v3 regulator found
[    0.250010] rcar-pcie ee800000.pcie: no pcie1v8 regulator found
[    0.409972] rcar-pcie ee800000.pcie: PCIe link down
[    0.412453] EINJ: ACPI disabled.
[    0.445108] Serial: 8250/16550 driver, 4 ports, IRQ sharing enabled
[    0.447636] SuperH (H)SCI(F) driver initialized
[    0.448071] e6550000.serial: ttySC1 at MMIO 0xe6550000 (irq = 42, base_baud = 0) is a hscif
[    0.448808] e6e88000.serial: ttySC0 at MMIO 0xe6e88000 (irq = 128, base_baud = 0) is a scif
[    1.653489] printk: console [ttySC0] enabled
[    1.658870] msm_serial: driver initialized
[    1.669163] rcar-dw-hdmi fead0000.hdmi: Detected HDMI TX controller v2.01a with HDCP (DWC HDMI 2.0 TX PHY)
[    1.679084] rcar-dw-hdmi fead0000.hdmi: registered DesignWare HDMI I2C bus driver
[    1.687334] rcar-dw-hdmi feae0000.hdmi: Detected HDMI TX controller v2.01a with HDCP (DWC HDMI 2.0 TX PHY)
[    1.697191] rcar-dw-hdmi feae0000.hdmi: registered DesignWare HDMI I2C bus driver
[    1.712754] loop: module loaded
[    1.717329] megasas: 07.714.04.00-rc1
[    1.723086] scsi host0: sata_rcar
[    1.726556] ata1: SATA max UDMA/133 irq 181
[    1.735939] tun: Universal TUN/TAP device driver, 1.6
[    1.741894] thunder_xcv, ver 1.0
[    1.745150] thunder_bgx, ver 1.0
[    1.748401] nicpf, ver 1.0
[    1.752528] hclge is initializing
[    1.755865] hns3: Hisilicon Ethernet Network Driver for Hip08 Family - version
[    1.763088] hns3: Copyright (c) 2017 Huawei Corporation.
[    1.768423] e1000: Intel(R) PRO/1000 Network Driver
[    1.773302] e1000: Copyright (c) 1999-2006 Intel Corporation.
[    1.779067] e1000e: Intel(R) PRO/1000 Network Driver
[    1.784031] e1000e: Copyright(c) 1999 - 2015 Intel Corporation.
[    1.789976] igb: Intel(R) Gigabit Ethernet Network Driver
[    1.795374] igb: Copyright (c) 2007-2014 Intel Corporation.
[    1.800960] igbvf: Intel(R) Gigabit Virtual Function Network Driver
[    1.807227] igbvf: Copyright (c) 2009 - 2012 Intel Corporation.
[    1.813555] sky2: driver version 1.30
[    1.821132] ravb e6800000.ethernet eth0: Base address at 0xe6800000, 2e:09:0a:02:ec:37, IRQ 125.
[    1.831418] VFIO - User Level meta-driver version: 0.3
[    1.838600] ehci_hcd: USB 2.0 'Enhanced' Host Controller (EHCI) Driver
[    1.845146] ehci-pci: EHCI PCI platform driver
[    1.849611] ehci-platform: EHCI generic platform driver
[    1.855236] ehci-platform ee0a0100.usb: EHCI Host Controller
[    1.860918] ehci-platform ee0a0100.usb: new USB bus registered, assigned bus number 1
[    1.868840] ehci-platform ee0a0100.usb: irq 175, io mem 0xee0a0100
[    1.889977] ehci-platform ee0a0100.usb: USB 2.0 started, EHCI 1.10
[    1.896604] hub 1-0:1.0: USB hub found
[    1.900373] hub 1-0:1.0: 1 port detected
[    1.904791] ehci-platform ee0c0100.usb: EHCI Host Controller
[    1.910465] ehci-platform ee0c0100.usb: new USB bus registered, assigned bus number 2
[    1.918370] ehci-platform ee0c0100.usb: irq 176, io mem 0xee0c0100
[    1.937979] ehci-platform ee0c0100.usb: USB 2.0 started, EHCI 1.10
[    1.944442] hub 2-0:1.0: USB hub found
[    1.948212] hub 2-0:1.0: 1 port detected
[    1.977984] ehci-platform ee0e0100.usb: EHCI Host Controller
[    1.983663] ehci-platform ee0e0100.usb: new USB bus registered, assigned bus number 3
[    1.991575] ehci-platform ee0e0100.usb: irq 177, io mem 0xee0e0100
[    2.009978] ehci-platform ee0e0100.usb: USB 2.0 started, EHCI 1.10
[    2.016434] hub 3-0:1.0: USB hub found
[    2.020203] hub 3-0:1.0: 1 port detected
[    2.024589] ehci-orion: EHCI orion driver
[    2.028864] ehci-exynos: EHCI Exynos driver
[    2.033165] ohci_hcd: USB 1.1 'Open' Host Controller (OHCI) Driver
[    2.039363] ohci-pci: OHCI PCI platform driver
[    2.043852] ohci-platform: OHCI generic platform driver
[    2.049384] ohci-platform ee0a0000.usb: Generic Platform OHCI controller
[    2.056108] ohci-platform ee0a0000.usb: new USB bus registered, assigned bus number 4
[    2.063996] ohci-platform ee0a0000.usb: irq 175, io mem 0xee0a0000
[    2.145986] ata1: link resume succeeded after 1 retries
[    2.160262] hub 4-0:1.0: USB hub found
[    2.164032] hub 4-0:1.0: 1 port detected
[    2.168383] ohci-platform ee0c0000.usb: Generic Platform OHCI controller
[    2.175103] ohci-platform ee0c0000.usb: new USB bus registered, assigned bus number 5
[    2.182988] ohci-platform ee0c0000.usb: irq 176, io mem 0xee0c0000
[    2.257508] ata1: SATA link down (SStatus 0 SControl 300)
[    2.276244] hub 5-0:1.0: USB hub found
[    2.280015] hub 5-0:1.0: 1 port detected
[    2.284343] ohci-platform ee0e0000.usb: Generic Platform OHCI controller
[    2.291056] ohci-platform ee0e0000.usb: new USB bus registered, assigned bus number 6
[    2.298922] ohci-platform ee0e0000.usb: irq 177, io mem 0xee0e0000
[    2.392256] hub 6-0:1.0: USB hub found
[    2.396027] hub 6-0:1.0: 1 port detected
[    2.400359] ohci-exynos: OHCI Exynos driver
[    2.405196] xhci-hcd ee000000.usb: xHCI Host Controller
[    2.410436] xhci-hcd ee000000.usb: new USB bus registered, assigned bus number 7
[    2.433691] xhci-hcd ee000000.usb: hcc params 0x014051ce hci version 0x100 quirks 0x0000000000830410
[    2.442861] xhci-hcd ee000000.usb: irq 172, io mem 0xee000000
[    2.448727] xhci-hcd ee000000.usb: xHCI Host Controller
[    2.453965] xhci-hcd ee000000.usb: new USB bus registered, assigned bus number 8
[    2.461368] xhci-hcd ee000000.usb: Host supports USB 3.0 SuperSpeed
[    2.467934] hub 7-0:1.0: USB hub found
[    2.471703] hub 7-0:1.0: 1 port detected
[    2.475795] usb usb8: We don't know the algorithms for LPM for this host, disabling LPM.
[    2.484163] hub 8-0:1.0: USB hub found
[    2.487941] hub 8-0:1.0: 1 port detected
[    2.492730] usbcore: registered new interface driver usb-storage
[    2.500401] renesas_usbhs e6590000.usb: host probed
[    2.505292] renesas_usbhs e6590000.usb: no transceiver found
[    2.511018] renesas_usbhs e6590000.usb: gadget probed
[    2.516231] renesas_usbhs e6590000.usb: probed
[    2.521116] renesas_usbhs e659c000.usb: host probed
[    2.526007] renesas_usbhs e659c000.usb: no transceiver found
[    2.531721] renesas_usbhs e659c000.usb: gadget probed
[    2.536920] renesas_usbhs e659c000.usb: probed
[    2.543819] i2c /dev entries driver
[    2.558418] cs2000-cp 2-004f: revision - C1
[    2.562663] i2c-rcar e6510000.i2c: probed
[    2.567485] pca953x 4-0020: supply vcc not found, using dummy regulator
[    2.574199] pca953x 4-0020: using no AI
[    2.578851] gpio-355 (PCIE/SATA switch): hogged as output/low
[    2.591124] i2c-rcar e66d8000.i2c: probed
[    2.596440] adv748x 4-0070: Endpoint /soc/i2c@e66d8000/video-receiver@70/port@7/endpoint on port 7
[    2.605422] adv748x 4-0070: Endpoint /soc/i2c@e66d8000/video-receiver@70/port@8/endpoint on port 8
[    2.614394] adv748x 4-0070: Endpoint /soc/i2c@e66d8000/video-receiver@70/port@a/endpoint on port 10
[    2.623458] adv748x 4-0070: Endpoint /soc/i2c@e66d8000/video-receiver@70/port@b/endpoint on port 11
[    2.632845] adv748x 4-0070: chip found @ 0xe0 revision 2143
[    2.686348] rcar-csi2 fea80000.csi2: 1 lanes found
[    2.691488] rcar-csi2 feaa0000.csi2: 4 lanes found
[    2.701067] rcar-vin e6ef0000.video: Device registered as video0
[    2.707153] rcar-vin e6ef1000.video: Device registered as video1
[    2.713229] rcar-vin e6ef2000.video: Device registered as video2
[    2.719299] rcar-vin e6ef3000.video: Device registered as video3
[    2.725378] rcar-vin e6ef4000.video: Device registered as video4
[    2.731465] rcar-vin e6ef5000.video: Device registered as video5
[    2.737563] rcar-vin e6ef6000.video: Device registered as video6
[    2.743646] rcar-vin e6ef7000.video: Device registered as video7
[    2.752354] rcar_gen3_thermal e6198000.thermal: is using pseudo fixed FUSE values
[    2.764564] rcar_gen3_thermal e6198000.thermal: TSC0: Loaded 1 trip points
[    2.775847] rcar_gen3_thermal e6198000.thermal: TSC1: Loaded 1 trip points
[    2.787001] rcar_gen3_thermal e6198000.thermal: TSC2: Loaded 3 trip points
[    2.799027] sdhci: Secure Digital Host Controller Interface driver
[    2.805220] sdhci: Copyright(c) Pierre Ossman
[    2.810406] Synopsys Designware Multimedia Card Interface Driver
[    2.810667] renesas_sdhi_internal_dmac ee100000.mmc: Got CD GPIO
[    2.811003] renesas_sdhi_internal_dmac ee140000.mmc: Adding to iommu group 0
[    2.811044] renesas_sdhi_internal_dmac ee140000.mmc: Using IPMMU context 1
[    2.811127] renesas_sdhi_internal_dmac ee160000.mmc: Got CD GPIO
[    2.811156] renesas_sdhi_internal_dmac ee160000.mmc: Got WP GPIO
[    2.817760] sdhci-pltfm: SDHCI platform and OF driver helper
[    2.822471] renesas_sdhi_internal_dmac ee100000.mmc: Got WP GPIO
[    2.860401] renesas_sdhi_internal_dmac ee140000.mmc: mmc0 base at 0x00000000ee140000, max clock rate 200 MHz
[    2.860417] ledtrig-cpu: registered to indicate activity on CPUs
[    2.877250] SMCCC: SOC_ID: ARCH_SOC_ID not implemented, skipping ....
[    2.884285] usbcore: registered new interface driver usbhid
[    2.889862] usbhid: USB HID core driver
[    2.897461] optee: probing for conduit method.
[    2.901931] optee: revision 3.22 (314ecf9d)
[    2.902164] optee driver R-Car Rev.1.0.11
[    2.910695] optee: dynamic shared memory is enabled
[    2.915840] optee: initialized driver
[    2.930137] rcar_sound ec500000.sound: probed
[    2.935177] NET: Registered protocol family 17
[    2.939738] 9pnet: Installing 9P2000 support
[    2.941672] mmc0: new HS400 MMC card at address 0001
[    2.944055] Key type dns_resolver registered
[    2.949905] mmcblk0: mmc0:0001 BGSD3R 29.1 GiB 
[    2.953617] registered taskstats version 1
[    2.958167] mmcblk0boot0: mmc0:0001 BGSD3R partition 1 16.0 MiB
[    2.961924] Loading compiled-in X.509 certificates
[    2.968173] mmcblk0boot1: mmc0:0001 BGSD3R partition 2 16.0 MiB
[    2.978906] mmcblk0rpmb: mmc0:0001 BGSD3R partition 3 4.00 MiB, chardev (509:0)
[    2.982582] thermal emergency: set temperature to 110 celsius
[    2.988000]  mmcblk0: p1
[    2.992217] thermal emergency: shutdown target cpus 1-7
[    2.999754] thermal emergency: freq scaled target cpus 0
[    3.005401] renesas_irqc e61c0000.interrupt-controller: driving 6 irqs
[    3.049997] ehci-platform ee080100.usb: EHCI Host Controller
[    3.055688] ehci-platform ee080100.usb: new USB bus registered, assigned bus number 9
[    3.063572] ehci-platform ee080100.usb: irq 174, io mem 0xee080100
[    3.081981] ehci-platform ee080100.usb: USB 2.0 started, EHCI 1.10
[    3.088517] hub 9-0:1.0: USB hub found
[    3.092289] hub 9-0:1.0: 1 port detected
[    3.097282] ohci-platform ee080000.usb: Generic Platform OHCI controller
[    3.104007] ohci-platform ee080000.usb: new USB bus registered, assigned bus number 10
[    3.111974] ohci-platform ee080000.usb: irq 174, io mem 0xee080000
[    3.208470] hub 10-0:1.0: USB hub found
[    3.212329] hub 10-0:1.0: 1 port detected
[    3.217569] cpu cpu0: EM: created perf domain
[    3.222587] cpu cpu4: EM: created perf domain
[    3.232649] renesas_sdhi_internal_dmac ee100000.mmc: Got CD GPIO
[    3.232675] renesas_sdhi_internal_dmac ee160000.mmc: Got CD GPIO
[    3.238701] renesas_sdhi_internal_dmac ee100000.mmc: Got WP GPIO
[    3.244774] renesas_sdhi_internal_dmac ee160000.mmc: Got WP GPIO
[    3.252364] [drm] Initialized rcar-du 1.0.0 20130110 for feb00000.display on minor 0
[    3.264527] [drm] Device feb00000.display probed
[    3.300177] renesas_sdhi_internal_dmac ee100000.mmc: mmc1 base at 0x00000000ee100000, max clock rate 200 MHz
[    3.306056] renesas_sdhi_internal_dmac ee160000.mmc: mmc2 base at 0x00000000ee160000, max clock rate 200 MHz
[    3.306059] Console: switching to colour frame buffer device 128x48
[    3.349770] rcar-du feb00000.display: [drm] fb0: rcar-dudrmfb frame buffer device
[    3.362087] input: keys as /devices/platform/keys/input/input0
[    3.441468] Micrel KSZ9031 Gigabit PHY e6800000.ethernet-ffffffff:00: attached PHY driver [Micrel KSZ9031 Gigabit PHY] (mii_bus:phy_addr=e6800000.ethernet-ffffffff:00, irq=183)
[    3.890075] usb 9-1: new high-speed USB device number 2 using ehci-platform
[    4.052391] usb-storage 9-1:1.0: USB Mass Storage device detected
[    4.059749] scsi host1: usb-storage 9-1:1.0
[    5.087711] scsi 1:0:0:0: Direct-Access     SanDisk  Ultra            1.00 PQ: 0 ANSI: 6
[    5.097189] sd 1:0:0:0: [sda] 121307136 512-byte logical blocks: (62.1 GB/57.8 GiB)
[    5.106297] sd 1:0:0:0: [sda] Write Protect is off
[    5.112172] sd 1:0:0:0: [sda] Write cache: disabled, read cache: enabled, doesn't support DPO or FUA
[    5.132086]  sda: sda1 sda2
[    5.139539] sd 1:0:0:0: [sda] Attached SCSI removable disk
[   10.027953] ravb e6800000.ethernet eth0: Link is Up - 1Gbps/Full - flow control off
[   10.054028] IP-Config: Guessing netmask 255.255.255.0
[   10.059190] IP-Config: Complete:
[   10.066173]      device=eth0, hwaddr=2e:09:0a:02:ec:37, ipaddr=192.168.10.167, mask=255.255.255.0, gw=255.255.255.255
[   10.080683]      host=192.168.10.167, domain=, nis-domain=(none)
[   10.090600]      bootserver=255.255.255.255, rootserver=192.168.10.99, rootpath=
[   10.091180] ALSA device list:
[   10.107653]   No soundcards found.
[   11.159528] VFS: Mounted root (nfs4 filesystem) on device 0:22.
[   11.170492] devtmpfs: mounted
[   11.180932] Freeing unused kernel memory: 6144K
[   11.206121] Run /sbin/init as init process
[   11.377937] systemd[1]: System time before build time, advancing clock.
[   11.817753] NET: Registered protocol family 10
[   11.826210] Segment Routing with IPv6
[   11.856160] systemd[1]: systemd 244 running in system mode. (+PAM -AUDIT -SELINUX +IMA -APPARMOR -SMACK +SYSVINIT +UTMP -LIBCRYPTSETUP -GCRYPT -GNUTLS +ACL +XZ -LZ4 -SECCOMP +BLKID -ELFUTILS +KMOD -IDN2 -IDN -PCRE2 default-hierarchy=hybrid)
[   11.883971] systemd[1]: Detected architecture arm64.

Welcome to [1mPoky (Yocto Project Reference Distro) 3.1.11 (dunfell)[0m!

[   11.920320] systemd[1]: Set hostname to <salvator-x>.
[   12.086026] random: crng init done
[   12.724836] systemd[1]: system-getty.slice: unit configures an IP firewall, but the local system does not support BPF/cgroup firewalling.
[   12.746287] systemd[1]: (This warning is only shown for the first unit using IP firewalling.)
[   12.761489] systemd[1]: Created slice system-getty.slice.
[[0;32m  OK  [0m] Created slice [0;1;39msystem-getty.slice[0m.
[   12.791210] systemd[1]: Created slice system-serial\x2dgetty.slice.
[[0;32m  OK  [0m] Created slice [0;1;39msystem-serial\x2dgetty.slice[0m.
[   12.815344] systemd[1]: Created slice User and Session Slice.
[[0;32m  OK  [0m] Created slice [0;1;39mUser and Session Slice[0m.
[   12.842521] systemd[1]: Started Dispatch Password Requests to Console Directory Watch.
[[0;32m  OK  [0m] Started [0;1;39mDispatch Password â€¦ts to Console Directory Watch[0m.
[   12.870420] systemd[1]: Started Forward Password Requests to Wall Directory Watch.
[[0;32m  OK  [0m] Started [0;1;39mForward Password Râ€¦uests to Wall Directory Watch[0m.
[   12.902297] systemd[1]: Reached target Paths.
[[0;32m  OK  [0m] Reached target [0;1;39mPaths[0m.
[   12.926155] systemd[1]: Reached target Remote File Systems.
[[0;32m  OK  [0m] Reached target [0;1;39mRemote File Systems[0m.
[   12.950111] systemd[1]: Reached target Slices.
[[0;32m  OK  [0m] Reached target [0;1;39mSlices[0m.
[   12.974142] systemd[1]: Reached target Swap.
[[0;32m  OK  [0m] Reached target [0;1;39mSwap[0m.
[   13.001244] systemd[1]: Listening on RPCbind Server Activation Socket.
[[0;32m  OK  [0m] Listening on [0;1;39mRPCbind Server Activation Socket[0m.
[   13.030207] systemd[1]: Reached target RPC Port Mapper.
[[0;32m  OK  [0m] Reached target [0;1;39mRPC Port Mapper[0m.
[   13.054509] systemd[1]: Listening on initctl Compatibility Named Pipe.
[[0;32m  OK  [0m] Listening on [0;1;39minitctl Compatibility Named Pipe[0m.
[   13.084194] systemd[1]: Listening on Journal Audit Socket.
[[0;32m  OK  [0m] Listening on [0;1;39mJournal Audit Socket[0m.
[   13.111851] systemd[1]: Listening on Journal Socket (/dev/log).
[[0;32m  OK  [0m] Listening on [0;1;39mJournal Socket (/dev/log)[0m.
[   13.138830] systemd[1]: Listening on Journal Socket.
[[0;32m  OK  [0m] Listening on [0;1;39mJournal Socket[0m.
[   13.164105] systemd[1]: Listening on Network Service Netlink Socket.
[[0;32m  OK  [0m] Listening on [0;1;39mNetwork Service Netlink Socket[0m.
[   13.192706] systemd[1]: Listening on udev Control Socket.
[[0;32m  OK  [0m] Listening on [0;1;39mudev Control Socket[0m.
[   13.218659] systemd[1]: Listening on udev Kernel Socket.
[[0;32m  OK  [0m] Listening on [0;1;39mudev Kernel Socket[0m.
[   13.247631] systemd[1]: Mounting Huge Pages File System...
         Mounting [0;1;39mHuge Pages File System[0m...
[   13.275309] systemd[1]: Mounting POSIX Message Queue File System...
         Mounting [0;1;39mPOSIX Message Queue File System[0m...
[   13.307297] systemd[1]: Mounting Kernel Debug File System...
         Mounting [0;1;39mKernel Debug File System[0m...
[   13.339560] systemd[1]: Mounting Temporary Directory (/tmp)...
         Mounting [0;1;39mTemporary Directory (/tmp)[0m...
[   13.368293] systemd[1]: Starting Create list of static device nodes for the current kernel...
         Starting [0;1;39mCreate list of stâ€¦odes for the current kernel[0m...
[   13.403101] systemd[1]: Starting Start psplash boot splash screen...
         Starting [0;1;39mStart psplash boot splash screen[0m...
[   13.436708] systemd[1]: Starting RPC Bind...
         Starting [0;1;39mRPC Bind[0m...
[   13.458871] systemd[1]: Condition check resulted in File System Check on Root Device being skipped.
[   13.474667] systemd[1]: Starting Journal Service...
         Starting [0;1;39mJournal Service[0m...
[   13.502277] systemd[1]: Starting Load Kernel Modules...
         Starting [0;1;39mLoad Kernel Modules[0m...
[   13.527291] systemd[1]: Starting Remount Root and Kernel File Systems...
         Starting [0;1;39mRemount Root and Kernel File Systems[0m...
[   13.554501] systemd[1]: Starting udev Coldplug all Devices...
         Starting [0;1;39mudev Coldplug all Devices[0m...
[   13.579103] systemd[1]: Started Start psplash boot splash screen.
[[0;32m  OK  [0m] Started [0;1;39mStart psplash boot splash screen[0m.
[   13.602695] systemd[1]: Started RPC Bind.
[[0;32m  OK  [0m] Started [0;1;39mRPC Bind[0m.
[   13.622708] systemd[1]: Started Journal Service.
[[0;32m  OK  [0m] Started [0;1;39mJournal Service[0m.
[[0;32m  OK  [0m] Mounted [0;1;39mHuge Pages File System[0m.
[[0;32m  OK  [0m] Mounted [0;1;39mPOSIX Message Queue File System[0m.
[[0;32m  OK  [0m] Mounted [0;1;39mKernel Debug File System[0m.
[[0;32m  OK  [0m] Mounted [0;1;39mTemporary Directory (/tmp)[0m.
[[0;32m  OK  [0m] Started [0;1;39mCreate list of staâ€¦ nodes for the current kernel[0m.
[[0;32m  OK  [0m] Started [0;1;39mLoad Kernel Modules[0m.
[[0;32m  OK  [0m] Started [0;1;39mRemount Root and Kernel File Systems[0m.
         Mounting [0;1;39mKernel Configuration File System[0m...
[[0;32m  OK  [0m] Started [0;1;39mStart psplash-systâ€¦progress communication helper[0m.
         Starting [0;1;39mFlush Journal to Persistent Storage[0m...
         Starting [0;1;39mApply Kernel Variables[0m...
[   13.861446] systemd-journald[343]: Received client request to flush runtime journal.
         Starting [0;1;39mCreate Static Device Nodes in /dev[0m...
[[0;32m  OK  [0m] Mounted [0;1;39mKernel Configuration File System[0m.
[[0;32m  OK  [0m] Started [0;1;39mFlush Journal to Persistent Storage[0m.
[[0;32m  OK  [0m] Started [0;1;39mApply Kernel Variables[0m.
[[0;32m  OK  [0m] Started [0;1;39mCreate Static Device Nodes in /dev[0m.
[[0;32m  OK  [0m] Reached target [0;1;39mLocal File Systems (Pre)[0m.
         Mounting [0;1;39m/var/volatile[0m...
         Starting [0;1;39mudev Kernel Device Manager[0m...
[[0;32m  OK  [0m] Started [0;1;39mudev Coldplug all Devices[0m.
[[0;32m  OK  [0m] Mounted [0;1;39m/var/volatile[0m.
         Starting [0;1;39mLoad/Save Random Seed[0m...
[[0;32m  OK  [0m] Reached target [0;1;39mLocal File Systems[0m.
         Starting [0;1;39mCreate Volatile Files and Directories[0m...
[[0;32m  OK  [0m] Started [0;1;39mLoad/Save Random Seed[0m.
[[0;32m  OK  [0m] Started [0;1;39mudev Kernel Device Manager[0m.
         Starting [0;1;39mNetwork Service[0m...
[[0;32m  OK  [0m] Started [0;1;39mCreate Volatile Files and Directories[0m.
         Starting [0;1;39mNetwork Time Synchronization[0m...
         Starting [0;1;39mUpdate UTMP about System Boot/Shutdown[0m...
[[0;32m  OK  [0m] Started [0;1;39mNetwork Service[0m.
         Starting [0;1;39mNetwork Name Resolution[0m...
[[0;32m  OK  [0m] Started [0;1;39mUpdate UTMP about System Boot/Shutdown[0m.
[[0;32m  OK  [0m] Started [0;1;39mNetwork Time Synchronization[0m.
[[0;32m  OK  [0m] Reached target [0;1;39mSystem Initialization[0m.
[[0;32m  OK  [0m] Started [0;1;39mDaily Cleanup of Temporary Directories[0m.
[[0;32m  OK  [[   14.415018] pwm-backlight: probe of backlight failed with error -16
0m] Reached target [0;1;39mSystem Time Set[0m.
[[0;32m  OK  [0m] Reached target [0;1;39mSystem Time Synchronized[0m.
[[0;32m  OK  [0m] Reached target [0;1;39mTimers[0m.
[   14.466925] at24 7-0050: supply vcc not found, using dummy regulator
[   14.474686] at24 7-0050: 128 byte br24t01 EEPROM, writable, 8 bytes/write
[[0;32m  OK  [0m] Listening on [0;1;39mAvahi mDNS/DNS-SD Stack Activation Socket[0m.
[[0;32m  OK  [0m] Listening on [0;1;39mD-Bus System Message Bus Socket[0m.
[[0;32m  OK  [0m] Listening on [0;1;39mdropbear.socket[0m.
[[0;32m  OK  [0m] Reached target [0;1;39mSockets[0m.
[[0;32m  OK  [0m] Reached target [0;1;39mBasic System[0m.
[[0;32m  OK  [0m] Star[   14.619688] renesas_usb3 ee020000.usb: probed with phy
ted [0;1;39mD-B[   14.622840] ccree e6601000.crypto: ARM CryptoCell 630P Driver: HW version 0xAF400001/0xDCC63000, Driver version 5.0
us System Message Bus[0m.
[[0;32m  OK  [0m] Started [0;1;39moptee services[0m.
         Starting [0;1;39mpvrinit.service[0m...
         Starting [0;1;[   14.684832] ccree e6601000.crypto: ARM ccree device initialized
39mPowerVR consumer services[0m...
         Starting [0;1;39mLogin Service[0m...
[[0;32m  OK  [0m] Started [0;1;39mNetwork Name Resolution[0m.
[[0;1;31mFAILED[0m] Failed to start [0;1;39mpvrinit.service[0m.
See 'systemctl status pvrinit.service' for details.
[[0;1;31mFAILED[0m] Failed to start [0;1;39mPowerVR consumer services[0m.
See 'systemctl status rc.pvr.service' for details.
[[0;1;38;5;185mDEPEND[0m] Dependency failed for [0;1;39mWeston Wayland Compositor[0m.
[[0;32m  OK  [0m] Started [0;1;39mLogin Service[0m.
[[0;32m  OK  [0m] Created slice [0;1;39msystem-weston.slice[0m.
[[0;32m  OK  [0m] Reached target [0;1;39mNetwork[0m.
[[0;32m  OK  [0m] Reached target [0;1;39mHost and Network Name Lookups[0m.
[[0;32m  OK  [0m] Reached target [0;1;39mHardware activated USB gadget[0m.
         Starting [0;1;39mAvahi mDNS/DNS-SD Stack[0m...
         Starting [0;1;39mset_default_governor.service[0m...
         Starting [0;1;39mPermit User Sessions[0m...
[[0;32m  OK  [0m] Started [0;1;39mXinetd A Powerful Replacement For Inetd[0m.
[   15.194210] rd 0-7: Disabling EAS, schedutil is mandatory
[[0;32m  OK  [0m] Started [0;1;39mPermit User Sessions[0m.
[[0;32m  OK  [0m] Started [0;1;39mAvahi mDNS/DNS-SD Stack[0m.
[[0;32m  OK  [0m] Started [0;1;39mset_default_governor.service[0m.
[[0;32m  OK  [0m] Started [0;1;39mGetty on tty1[0m.
[[0;32m  OK  [0m] Started [0;1;39mSerial Getty on ttySC0[0m.
[[0;32m  OK  [0m] Reached target [0;1;39mLogin Prompts[0m.
[[0;32m  OK  [0m] Reached target [0;1;39mMulti-User System[0m.
         Starting [0;1;39mUpdate UTMP about System Runlevel Changes[0m...
[[0;32m  OK  [0m] Started [0;1;39mUpdate UTMP about System Runlevel Changes[0m.

Poky (Yocto Project Reference Distro) 3.1.11 salvator-x ttySC0

salvator-x login: 
salvator-x login: root
[   16.977916] audit: type=1006 audit(1703064537.596:2): pid=517 uid=0 old-auid=4294967295 auid=0 tty=(none) old-ses=4294967295 ses=1 res=1
7[r[999;999H[6n8root@salvator-x:~# 
root@salvator-x:~# 
root@salvator-x:~# 
root@salvator-x:~# 
root@salvator-x:~# 
root@salvator-x:~# 
root@salvator-x:~# 
root@salvator-x:~# 
root@salvator-x:~# 
----------Prepare----------


root@salvator-x:~# find /sys/devices/platform/soc/ee080100.usb/ -name 'sd*'
/sys/devices/platform/soc/ee080100.usb/usb9/9-1/9-1:1.0/host1/target1:0:0/1:0:0:0/block/sda
/sys/devices/platform/soc/ee080100.usb/usb9/9-1/9-1:1.0/host1/target1:0:0/1:0:0:0/block/sda/sda2
/sys/devices/platform/soc/ee080100.usb/usb9/9-1/9-1:1.0/host1/target1:0:0/1:0:0:0/block/sda/sda1
root@salvator-x:~# 
root@salvator-x:~# dd if=/dev/urandom of=testdata bs=10M count=5
5+0 records in
5+0 records out
52428800 bytes (52 MB, 50 MiB) copied, 1.4036 s, 37.4 MB/s
root@salvator-x:~# 
root@salvator-x:~# mkdir -p /mnt/usb
root@salvator-x:~# 
root@salvator-x:~# mount /dev/sda2 /mnt/usb
mount: /mnt/usb: wrong fs type, bad option, bad superblock on /dev/sda2, missing codepage or helper program, or other error.
root@salvator-x:~# 
root@salvator-x:~# echo y | mkfs.ext4 /dev/sda2
mke2fs 1.45.4 (23-Sep-2019)
Creating filesystem with 13852416 4k blocks and 3465216 inodes
Filesystem UUID: 7119c506-ae47-4a71-a117-7cfcf47fb10e
Superblock backups stored on blocks: 
	32768, 98304, 163840, 229376, 294912, 819200, 884736, 1605632, 2654208, 
	4096000, 7962624, 11239424

Allocating group tables:   0/423       done                            
Writing inode tables:   0/423       done                            
Creating journal (65536 blocks): [   41.950115] SDHI0 VccQ: disabling
[   41.953510] SDHI3 VccQ: disabling
done
Writing superblocks and filesystem accounting information:   0/423       done

root@salvator-x:~# 
root@salvator-x:~# mount /dev/sda2 /mnt/usb
[   44.714122] EXT4-fs (sda2): mounted filesystem with ordered data mode. Opts: (null)
root@salvator-x:~# 
root@salvator-x:~# cp testdata /mnt/usb/
root@salvator-x:~# 
root@salvator-x:~# umount /mnt/usb
root@salvator-x:~# 
root@salvator-x:~# find /sys/devices/platform/soc/ee080100.usb/ -name 'sd*'
/sys/devices/platform/soc/ee080100.usb/usb9/9-1/9-1:1.0/host1/target1:0:0/1:0:0:0/block/sda
/sys/devices/platform/soc/ee080100.usb/usb9/9-1/9-1:1.0/host1/target1:0:0/1:0:0:0/block/sda/sda2
/sys/devices/platform/soc/ee080100.usb/usb9/9-1/9-1:1.0/host1/target1:0:0/1:0:0:0/block/sda/sda1
root@salvator-x:~# 
root@salvator-x:~# i2cset -f -y 7 0x30 0x20 0x0f
root@salvator-x:~# 

Switch SW23 off and input 'yes' to continue:
Input 'yes' to continue: 

root@salvator-x:~# echo N > /sys/module/printk/parameters/console_suspend
root@salvator-x:~# 
root@salvator-x:~# mount /dev/sda2 /mnt/usb
[   76.810048] EXT4-fs (sda2): mounted filesystem with ordered data mode. Opts: (null)
root@salvator-x:~# 
root@salvator-x:~# cp testdata testdata_from_usb &
[1] 546
root@salvator-x:~# 
root@salvator-x:~# echo mem > /sys/power/state
[   78.154710] PM: suspend entry (deep)
[   78.456884] Filesystems sync: 0.298 seconds
[   78.463350] Freezing user space processes ... (elapsed 0.002 seconds) done.
[   78.465390] OOM killer disabled.
[   78.465393] Freezing remaining freezable tasks ... (elapsed 0.001 seconds) done.
[   78.902508] ravb e6800000.ethernet eth0: Link is Down
[   78.922278] Disabling non-boot CPUs ...
[   78.926789] CPU1: shutdown
[   78.929502] psci: CPU1 killed (polled 0 ms)
[   78.936074] CPU2: shutdown
[   78.938811] psci: CPU2 killed (polled 0 ms)
[   78.944801] CPU3: shutdown
[   78.947535] psci: CPU3 killed (polled 0 ms)
[   78.953683] CPU4: shutdown
[   78.956430] psci: CPU4 killed (polled 0 ms)
[   78.962712] CPU5: shutdown
[   78.965434] psci: CPU5 killed (polled 0 ms)
[   78.971468] CPU6: shutdown
[   78.974195] psci: CPU6 killed (polled 0 ms)
[   78.980214] CPU7: shutdown
[   78.983103] psci: CPU7 killed (polled 0 ms)
 
 Switch power switch: 

NOTICE:  BL2: R-Car Gen3 Initial Program Loader(CA57) Rev.4.0.0
NOTICE:  BL2: PRR is R-Car H3 Ver.3.0
NOTICE:  BL2: Board is Salvator-XS Rev.1.0
NOTICE:  BL2: Boot device is HyperFlash(160MHz)
NOTICE:  BL2: LCM state is CM
NOTICE:  AVS setting succeeded. DVFS_SetVID=0x53
NOTICE:  BL2: DDR3200(rev.0.42)
NOTICE:  BL2: [WARM_BOOT]
NOTICE:  BL2: DRAM Split is 4ch(DDR f)
NOTICE:  BL2: QoS is default setting(rev.0.11)
NOTICE:  BL2: DRAM refresh interval 1.95 usec
NOTICE:  BL2: Periodic Write DQ Training
NOTICE:  BL2: CH0: 400000000 - 47fffffff, 2 GiB
NOTICE:  BL2: CH1: 500000000 - 57fffffff, 2 GiB
NOTICE:  BL2: CH2: 600000000 - 67fffffff, 2 GiB
NOTICE:  BL2: CH3: 700000000 - 77fffffff, 2 GiB
NOTICE:  BL2: Lossy Decomp areas
NOTICE:       Entry 0: DCMPAREACRAx:0x80000540 DCMPAREACRBx:0x570
NOTICE:       Entry 1: DCMPAREACRAx:0x40000000 DCMPAREACRBx:0x0
NOTICE:       Entry 2: DCMPAREACRAx:0x20000000 DCMPAREACRBx:0x0
NOTICE:  BL2: FDT at 0xe6327f70
NOTICE:  BL2: v2.9(release):9cdb21f75
NOTICE:  BL2: Built : 05:25:39, Dec 19 2023
NOTICE:  BL2: Normal boot
[   78.988536] Enabling non-boot CPUs ...
[   78.992573] Detected PIPT I-cache on CPU1
[   78.992626] CPU1: Booted secondary processor 0x0000000001 [0x411fd073]
[   78.993094] CPU1 is up
[   79.006147] Detected PIPT I-cache on CPU2
[   79.006170] CPU2: Booted secondary processor 0x0000000002 [0x411fd073]
[   79.006432] CPU2 is up
[   79.019450] Detected PIPT I-cache on CPU3
[   79.019472] CPU3: Booted secondary processor 0x0000000003 [0x411fd073]
[   79.019739] CPU3 is up
[   79.032803] Detected VIPT I-cache on CPU4
[   79.032856] CPU4: Booted secondary processor 0x0000000100 [0x410fd034]
[   79.033746] CPU4 is up
[   79.046758] Detected VIPT I-cache on CPU5
[   79.046791] CPU5: Booted secondary processor 0x0000000101 [0x410fd034]
[   79.047321] CPU5 is up
[   79.060330] Detected VIPT I-cache on CPU6
[   79.060364] CPU6: Booted secondary processor 0x0000000102 [0x410fd034]
[   79.060970] CPU6 is up
[   79.073976] Detected VIPT I-cache on CPU7
[   79.074009] CPU7: Booted secondary processor 0x0000000103 [0x410fd034]
[   79.074653] CPU7 is up
[   79.147888] xhci-hcd ee000000.usb: xHC error in resume, USBSTS 0x401, Reinit
[   79.154952] usb usb7: root hub lost power or was reset
[   79.160076] usb usb8: root hub lost power or was reset
[   79.216989] Micrel KSZ9031 Gigabit PHY e6800000.ethernet-ffffffff:00: attached PHY driver [Micrel KSZ9031 Gigabit PHY] (mii_bus:phy_addr=e6800000.ethernet-ffffffff:00, irq=183)
[   79.327957] usb usb4: root hub lost power or was reset
[   79.333250] usb usb1: root hub lost power or was reset
[   79.419957] usb usb5: root hub lost power or was reset
[   79.425124] usb usb2: root hub lost power or was reset
[   79.512048] usb usb6: root hub lost power or was reset
[   79.517215] usb usb3: root hub lost power or was reset
[   79.632045] usb usb10: root hub lost power or was reset
[   79.637418] usb usb9: root hub lost power or was reset
[   79.654039] ata1: link resume succeeded after 1 retries
[   79.765590] ata1: SATA link down (SStatus 0 SControl 300)
[   80.413965] usb 9-1: reset high-speed USB device number 2 using ehci-platform
[   80.581751] OOM killer enabled.
[   80.587296] Restarting tasks ... done.
[   80.593844] PM: suspend exit
[   86.331322] ravb e6800000.ethernet eth0: Link is Up - 1Gbps/Full - flow control off
[1]+  Done                    cp testdata testdata_from_usb
root@salvator-x:~# 
root@salvator-x:~# echo "Wake up sucessfully"
Wake up sucessfully
root@salvator-x:~# 
root@salvator-x:~# wait
root@salvator-x:~# 
root@salvator-x:~# sync
root@salvator-x:~# 
root@salvator-x:~# cmp testdata testdata_from_usb
root@salvator-x:~# 
root@salvator-x:~# umount /mnt/usb
root@salvator-x:~# 
root@salvator-x:~# dd if=/dev/sda2 of=/dev/null bs=64M count=1 iflag=direct
1+0 records in
1+0 records out
67108864 bytes (67 MB, 64 MiB) copied, 2.35169 s, 28.5 MB/s
root@salvator-x:~# 
root@salvator-x:~# dd if=/dev/zero of=/dev/sda2 bs=64M count=1 oflag=direct
1+0 records in
1+0 records out
67108864 bytes (67 MB, 64 MiB) copied, 3.25123 s, 20.6 MB/s
root@salvator-x:~# 
 
#### Result: OK ####
