----------- BOARD ------------

root@ebisu:~# modprobe g_ncm
[  312.324274] using random self ethernet address
[  312.331932] using random host ethernet address
[  312.365954] usb0: HOST MAC 92:65:f5:69:f5:3e
[  312.373990] usb0: MAC 4e:9d:1f:ce:b7:8a
[  312.398038] g_ncm gadget: NCM Gadget
[  312.407593] g_ncm gadget: g_ncm ready
root@ebisu:~# 
root@ebisu:~# cat /sys/devices/platform/soc/ee020000.usb/udc/ee020000.usb/s 
tate
root@ebisu
root@ebisu:~# 
root@ebisu:~# ip a |grep usb
root@ebisuCAST,MULTICAST> mtu 1500 qdisc noop qlen 1000
root@ebisu:~# 
root@ebisu:~# ifconfig usb0 192.168.0.2 up
root@ebisu:~# 

---------- HOST-PC -----------
[68198.181804] cdc_ncm 2-2:1.0 enx9265f569f53e: renamed from usb0
dmesg 2>&1 |grep 'renamed from usb0'

sudo ifconfig enx9265f569f53e 192.168.0.3 up
enx00e0006095bd: flags=4163<UP,BROADCAST,RUNNING,MULTICAST>  mtu 1500
        inet 192.168.8.8  netmask 255.255.255.0  broadcast 192.168.8.255
        ether 00:e0:00:60:95:bd  txqueuelen 1000  (Ethernet)
        RX packets 4090265  bytes 431571825 (431.5 MB)
        RX errors 0  dropped 74616  overruns 0  frame 0
        TX packets 5344261  bytes 7490827153 (7.4 GB)
        TX errors 0  dropped 0 overruns 0  carrier 0  collisions 0

enx9265f569f53e: flags=4163<UP,BROADCAST,RUNNING,MULTICAST>  mtu 1500
        inet 192.168.0.3  netmask 255.255.255.0  broadcast 192.168.0.255
        inet6 fe80::1e2f:994:de5e:d7fb  prefixlen 64  scopeid 0x20<link>
        ether 92:65:f5:69:f5:3e  txqueuelen 1000  (Ethernet)
        RX packets 3  bytes 224 (224.0 B)
        RX errors 0  dropped 0  overruns 0  frame 0
        TX packets 2  bytes 443 (443.0 B)
        TX errors 0  dropped 0 overruns 0  carrier 0  collisions 0

lo: flags=73<UP,LOOPBACK,RUNNING>  mtu 65536
        inet 127.0.0.1  netmask 255.0.0.0
        inet6 ::1  prefixlen 128  scopeid 0x10<host>
        loop  txqueuelen 1000  (Local Loopback)
        RX packets 145902  bytes 44639581 (44.6 MB)
        RX errors 0  dropped 0  overruns 0  frame 0
        TX packets 145902  bytes 44639581 (44.6 MB)
        TX errors 0  dropped 0 overruns 0  carrier 0  collisions 0

wlp59s0: flags=4163<UP,BROADCAST,RUNNING,MULTICAST>  mtu 1500
        inet 192.168.4.12  netmask 255.255.248.0  broadcast 192.168.7.255
        inet6 fe80::2885:7f4a:87f8:ff15  prefixlen 64  scopeid 0x20<link>
        ether 38:ba:f8:7b:f4:c6  txqueuelen 1000  (Ethernet)
        RX packets 1768675  bytes 1927585197 (1.9 GB)
        RX errors 0  dropped 0  overruns 0  frame 0
        TX packets 733680  bytes 332132078 (332.1 MB)
        TX errors 0  dropped 0 overruns 0  carrier 0  collisions 0

PING 192.168.0.2 (192.168.0.2) 56(84) bytes of data.
64 bytes from 192.168.0.2: icmp_seq=1 ttl=64 time=9.64 ms
64 bytes from 192.168.0.2: icmp_seq=2 ttl=64 time=2.74 ms
64 bytes from 192.168.0.2: icmp_seq=3 ttl=64 time=2.25 ms
64 bytes from 192.168.0.2: icmp_seq=4 ttl=64 time=3.27 ms

--- 192.168.0.2 ping statistics ---
4 packets transmitted, 4 received, 0% packet loss, time 3005ms
rtt min/avg/max/mdev = 2.254/4.477/9.643/3.004 ms


---------- HOST-PC -----------
root@ebisu
root@ebisu:~# rmmod g_ncm
root@ebisu:~# 
 
#### Result: OK ####
