----------- BOARD ------------

root@ebisu:~# modprobe g_ncm
[  320.537064] using random self ethernet address
[  320.544076] using random host ethernet address
[  320.578594] usb0: HOST MAC 1a:fc:95:8e:b4:ea
[  320.585758] usb0: MAC 2e:33:34:09:0f:05
[  320.608280] g_ncm gadget: NCM Gadget
[  320.616933] g_ncm gadget: g_ncm ready
root@ebisu:~# 
root@ebisu:~# cat /sys/devices/platform/soc/ee020000.usb/udc/ee020000.usb/s 
tate
root@ebisu
root@ebisu:~# 
root@ebisu:~# ip a |grep usb
root@ebisuCAST,MULTICAST> mtu 1500 qdisc noop qlen 1000
root@ebisu:~# 
root@ebisu:~# ifconfig usb0 192.168.0.2 up
root@ebisu:~# 

---------- HOST-PC -----------
[68206.387099] cdc_ncm 2-2:1.0 enx1afc958eb4ea: renamed from usb0
dmesg 2>&1 |grep 'renamed from usb0'

sudo ifconfig enx1afc958eb4ea 192.168.0.3 up
enx00e0006095bd: flags=4163<UP,BROADCAST,RUNNING,MULTICAST>  mtu 1500
        inet 192.168.8.8  netmask 255.255.255.0  broadcast 192.168.8.255
        ether 00:e0:00:60:95:bd  txqueuelen 1000  (Ethernet)
        RX packets 4090314  bytes 431576983 (431.5 MB)
        RX errors 0  dropped 74633  overruns 0  frame 0
        TX packets 5344281  bytes 7490832115 (7.4 GB)
        TX errors 0  dropped 0 overruns 0  carrier 0  collisions 0

enx1afc958eb4ea: flags=4163<UP,BROADCAST,RUNNING,MULTICAST>  mtu 1500
        inet 192.168.0.3  netmask 255.255.255.0  broadcast 192.168.0.255
        inet6 fe80::ca6f:fd88:878a:ec3  prefixlen 64  scopeid 0x20<link>
        ether 1a:fc:95:8e:b4:ea  txqueuelen 1000  (Ethernet)
        RX packets 1  bytes 76 (76.0 B)
        RX errors 0  dropped 0  overruns 0  frame 0
        TX packets 3  bytes 553 (553.0 B)
        TX errors 0  dropped 0 overruns 0  carrier 0  collisions 0

lo: flags=73<UP,LOOPBACK,RUNNING>  mtu 65536
        inet 127.0.0.1  netmask 255.0.0.0
        inet6 ::1  prefixlen 128  scopeid 0x10<host>
        loop  txqueuelen 1000  (Local Loopback)
        RX packets 146360  bytes 44775195 (44.7 MB)
        RX errors 0  dropped 0  overruns 0  frame 0
        TX packets 146360  bytes 44775195 (44.7 MB)
        TX errors 0  dropped 0 overruns 0  carrier 0  collisions 0

wlp59s0: flags=4163<UP,BROADCAST,RUNNING,MULTICAST>  mtu 1500
        inet 192.168.4.12  netmask 255.255.248.0  broadcast 192.168.7.255
        inet6 fe80::2885:7f4a:87f8:ff15  prefixlen 64  scopeid 0x20<link>
        ether 38:ba:f8:7b:f4:c6  txqueuelen 1000  (Ethernet)
        RX packets 1769026  bytes 1927628498 (1.9 GB)
        RX errors 0  dropped 0  overruns 0  frame 0
        TX packets 734064  bytes 332296389 (332.2 MB)
        TX errors 0  dropped 0 overruns 0  carrier 0  collisions 0

PING 192.168.0.2 (192.168.0.2) 56(84) bytes of data.
64 bytes from 192.168.0.2: icmp_seq=1 ttl=64 time=4.86 ms
64 bytes from 192.168.0.2: icmp_seq=2 ttl=64 time=2.98 ms
64 bytes from 192.168.0.2: icmp_seq=3 ttl=64 time=2.35 ms
64 bytes from 192.168.0.2: icmp_seq=4 ttl=64 time=2.93 ms

--- 192.168.0.2 ping statistics ---
4 packets transmitted, 4 received, 0% packet loss, time 3005ms
rtt min/avg/max/mdev = 2.351/3.279/4.858/0.944 ms


---------- HOST-PC -----------
root@ebisu
root@ebisu:~# rmmod g_ncm
root@ebisu:~# 
 
#### Result: OK ####
