NOTICE:  BL2: R-Car Gen3 Initial Program Loader(CA57) Rev.4.0.0
NOTICE:  BL2: PRR is R-Car H3 Ver.3.0
NOTICE:  BL2: Board is Salvator-XS Rev.1.0
NOTICE:  BL2: Boot device is HyperFlash(160MHz)
NOTICE:  BL2: LCM state is CM
NOTICE:  AVS setting succeeded. DVFS_SetVID=0x53
NOTICE:  BL2: DDR3200(rev.0.42)
NOTICE:  BL2: [COLD_BOOT]
NOTICE:  BL2: DRAM Split is 4ch(DDR f)
NOTICE:  BL2: QoS is default setting(rev.0.11)
NOTICE:  BL2: DRAM refresh interval 1.95 usec
NOTICE:  BL2: Periodic Write DQ Training
NOTICE:  BL2: CH0: 400000000 - 47fffffff, 2 GiB
NOTICE:  BL2: CH1: 500000000 - 57fffffff, 2 GiB
NOTICE:  BL2: CH2: 600000000 - 67fffffff, 2 GiB
NOTICE:  BL2: CH3: 700000000 - 77fffffff, 2 GiB
NOTICE:  BL2: Lossy Decomp areas
NOTICE:       Entry 0: DCMPAREACRAx:0x80000540 DCMPAREACRBx:0x570
NOTICE:       Entry 1: DCMPAREACRAx:0x40000000 DCMPAREACRBx:0x0
NOTICE:       Entry 2: DCMPAREACRAx:0x20000000 DCMPAREACRBx:0x0
NOTICE:  BL2: FDT at 0xe6326f78
NOTICE:  BL2: v2.9(release):9cdb21f75-dirty
NOTICE:  BL2: Built : 02:52:22, Jul 10 2024
NOTICE:  BL2: Normal boot
NOTICE:  BL2: dst=0xe6326800 src=0x8180000 len=512(0x200)
NOTICE:  BL2: dst=0x43f00000 src=0x8180400 len=6144(0x1800)
NOTICE:  rcar_file_len: len: 0x0003e000
NOTICE:  BL2: dst=0x44000000 src=0x81c0000 len=253952(0x3e000)
NOTICE:  rcar_file_len: len: 0x00200000
NOTICE:  BL2: dst=0x44100000 src=0x8200000 len=2097152(0x200000)
NOTICE:  rcar_file_len: len: 0x00100000
NOTICE:  BL2: dst=0x50000000 src=0x8640000 len=1048576(0x100000)
NOTICE:  BL2: Booting BL31


U-Boot 2020.10 (Jul 04 2024 - 05:20:46 +0000)

CPU: Renesas Electronics R8A7795 rev 3.0
Model: Renesas Salvator-X 2nd version board based on r8a77951
DRAM:  7.9 GiB
RAM Configuration:
Bank #0: 0x048000000 - 0x0bfffffff, 1.9 GiB
Bank #1: 0x500000000 - 0x57fffffff, 2 GiB
Bank #2: 0x600000000 - 0x67fffffff, 2 GiB
Bank #3: 0x700000000 - 0x77fffffff, 2 GiB

MMC:   sd@ee100000: 0, sd@ee140000: 1, sd@ee160000: 2
Loading Environment from MMC... OK
In:    serial@e6e88000
Out:   serial@e6e88000
Err:   serial@e6e88000
Net:   eth0: ethernet@e6800000
Hit any key to stop autoboot:  0
=> me
Unknown command 'me' - try 'help'
=> if
> if
> <INTERRUPT>
=> <INTERRUPT>
=> <INTERRUPT>
=> pr
DA_bootargs=rw root=/dev/nfs nfsroot=192.168.8.8:/tftpboot/da.trinh-xuan/yocto_2nd_h3/rootfs,nfsvers=4 ip=192.168.8.123
LONG_bootargs=rw root=/dev/nfs nfsroot=192.168.8.8:/tftpboot/long.trinh-tien/rootfs_deadlock,nfsvers=4 ip=192.168.8.20 baudrate=115200
TRINH_bootargs=rw root=/dev/nfs nfsroot=192.168.8.8:/tftpboot/trinh.nguyen-tan/2nd_release/h3_no_adsp/rootfs,nfsvers=4 ip=192.168.8.10
baudrate=115200
bootargs=root=/dev/nfs rw nfsroot=192.168.10.99:/data/tftpboot/tiennguyen/h3/rootfs,nfsvers=4 ip=192.168.10.111 rootwait
bootargs_emmc=rw root=/dev/mmcblk0p1 rootwait ,nfsvers=4 ip=192.168.5.1
bootargs_mmc=rw root=/dev/mmcblk0p1 rootwait
bootargs_nfs=rw root=/dev/nfs nfsroot=192.168.10.99:/data/tftpboot/vht/H3/rootfs,nfsvers=4, ip=192.168.10.167
bootargs_sd0=rw root=/dev/mmcblk1p1 rootwait
bootargs_tftp=root=/dev/nfs nfsroot=192.168.10.5:/tftpboot/datphan/m3/rootfs,nfsvers=4 ip=192.168.10.49
bootargs_usb=rw root=/dev/sda1 rootwait
bootargs_vinh=rw root=/dev/nfs nfsroot=192.168.10.220:/data1/tftpboot/vinhsunguyen/bsp/h3/rootfs,nfsvers=4, ip=192.168.10.155
bootcmd=run netboot
bootcmd_DA_tftp=setenv bootargs ${DA_bootargs} ; tftp 0x48080000 da.trinh-xuan/yocto_2nd/h3/Image; tftp 0x48000000 da.trinh-xuan/yocto_2nd/h3/${dtb};booti 0x48080000 - 0x48000000
bootcmd_LONG_tftp=setenv bootargs ${LONG_bootargs} ; tftp 0x48080000 long.trinh-tien/Image_deadlock ; tftp 0x48000000 long.trinh-tien/H3_full/${dtb};booti 0x48080000 - 0x48000000
bootcmd_TRINH_tftp=setenv bootargs ${TRINH_bootargs} ; tftp 0x48080000 trinh.nguyen-tan/2nd_release/h3_no_adsp/Image ; tftp 0x48000000 trinh.nguyen-tan/2nd_release/h3_no_adsp/${dtb};booti 0x48080000 - 0x48000000
bootcmd_emmc=setenv bootargs ${bootargs_emmc};ext2load mmc 1:1 0x48080000 /boot/Image;ext2load mmc 1:1 0x48000000 /boot/${dtb};run booti_cmd
bootcmd_mmc=setenv bootargs ${bootargs_mmc};ext4load mmc 1 0x48080000 /boot/Image;ext4load mmc 1 0x48000000 /boot/${dtb}; booti 0x48080000 - 0x48000000
bootcmd_mmc1=ext2load mmc 0:1 0x48080000 /boot/Image-ipmmu-2.6;ext2load mmc 0:1 0x48000000 /boot/r8a77951-salvator-xs.dtb-ipmmu-2.6; booti 0x48080000 - 0x48000000
bootcmd_nfs=setenv bootargs ${bootargs_nfs};tftp 0x48080000 ${nfs_rootfs}/boot_USB2H/Image;tftp 0x48000000 ${nfs_rootfs}/boot_USB2H/${dtb};run booti_cmd
bootcmd_sd0=setenv bootargs ${bootargs_sd0};ext4load mmc 0:1 0x48080000 /boot/Image;ext4load mmc 0:1 0x48000000 /boot/${dtb};run booti_cmd
bootcmd_tftp=tftp 0x48080000 thuanha/ADSP_E/Image;tftp 0x48000000 thuanha/ADSP_E/${dtb};booti 0x48080000 - 0x48000000
bootcmd_usb=usb start;setenv bootargs ${bootargs_usb};ext4load usb 0:1 0x48080000 /boot/Image;ext4load usb 0:1 0x48000000 /boot/${dtb};run booti_cmd
bootcmd_vinh=setenv bootargs ${bootargs_vinh};tftp 0x48080000 ${vinhdir}/Image_swwaf2_debug;tftp 0x48000000 ${vinhdir}/r8a77951-salvator-xs.dtb;booti 0x48080000 - 0x48000000
bootdelay=2
booti_cmd=booti 0x48080000 - 0x48000000
bootm_size=0x10000000
dhcp=no
dtb=r8a77951-salvator-xs.dtb
ethact=ethernet@e6800000
ethaddr=2E:09:0A:03:83:F6
fdtcontroladdr=bbeee6e0
fileaddr=48000000
filesize=1644f
ipaddr=192.168.10.111
loadaddr=0x58000000
netboot=tftp 0x48080000 ${tftp_path}/Image; tftp 0x48000000 ${tftp_path}/r8a77951-salvator-xs.dtb; booti 0x48080000 - 0x48000000
nfs_rootfs=vht/H3/rootfs
platform=r8a7795
serverip=192.168.10.99
stderr=serial@e6e88000
stdin=serial@e6e88000
stdout=serial@e6e88000
tftp_dir=/data/tftpboot
tftp_path=tiennguyen/h3/boot
usb_pgood_delay=2000
usbboot=fatload usb 0:1 0x48080000 Image; fatload usb 0:1 0x48000000 r8a77951-salvator-xs.dtb; booti 0x48080000 - 0x48000000
ver=U-Boot 2020.10 (Jul 04 2024 - 05:20:46 +0000)
vinhdir=vinhsunguyen/bsp/pm-swwa/final

Environment size: 3660/131068 bytes
=> setenv ipaddr 192.168.8.59
=> setenv serverip 192.168.8.8
=> savee
Saving Environment to MMC... Writing to MMC(1)... OK
=> setenv LONG_bootargs 'rw root=/dev/nfs nfsroot=192.168.8.8:/tftpboot/long.trinh-tien/rootfs_yocto,nfsvers=4 ip=192.168.8.20 baudrate=115200'
=> setenv bootcmd 'run bootcmd_LONG_tftp'
=> savee
Saving Environment to MMC... Writing to MMC(1)... OK
=> setenv bootcmd_LONG_tftp 'setenv bootargs ${LONG_bootargs} ; tftp 0x48080000 long.trinh-tien/Image ; tftp 0x48000000 long.trinh-tien/H3_full/${dtb};booti 0x48080000 - 0x48000000'
=>
=> savee
Saving Environment to MMC... Writing to MMC(1)... OK
=> boot
Using ethernet@e6800000 device
TFTP from server 192.168.8.8; our IP address is 192.168.8.59
Filename 'long.trinh-tien/Image'.
Load address: 0x48080000
Loading: #################################################################
         #################################################################
         #################################################################
         #################################################################
         #################################################################
         #################################################################
         #################################################################
         #################################################################
         #################################################################
         #################################################################
         #################################################################
         #################################################################
         #################################################################
         #################################################################
         #################################################################
         #################################################################
         #################################################################
         #################################################################
         #################################################################
         #################################################################
         #################################################################
         #################################################################
         #################################################################
         #################################################################
         #################################################################
         #################################################################
         #################################################################
         #################################################################
         #################################################################
         #################################################################
         #################################################################
         #################################################################
         #################################################################
         #################################################################
         #################################################################
         #################################################################
         #################################################################
         #################################################################
         #################################################################
         #################################################################
         ##############################
         4.6 MiB/s
done
Bytes transferred = 38597120 (24cf200 hex)
Using ethernet@e6800000 device
TFTP from server 192.168.8.8; our IP address is 192.168.8.59
Filename 'long.trinh-tien/H3_full/r8a77951-salvator-xs.dtb'.
Load address: 0x48000000
Loading: #######
         4.2 MiB/s
done
Bytes transferred = 92450 (16922 hex)
Moving Image from 0x48080000 to 0x48200000, end=4b770000
## Flattened Device Tree blob at 48000000
   Booting using the fdt blob at 0x48000000
   Loading Device Tree to 0000000053fe6000, end 0000000053fff921 ... OK

Starting kernel ...

[    0.000000] Booting Linux on physical CPU 0x0000000000 [0x411fd073]
[    0.000000] Linux version 5.10.218-yocto-standard (long.trinh-tien@banvien) (aarch64-poky-linux-gcc (GCC) 13.2.0, GNU ld (GNU Binutils) 2.42.0.20240216) #18 SMP PREEMPT Wed Sep 18 10:17:16 UTC 2024
[    0.000000] Machine model: Renesas Salvator-X 2nd version board based on r8a77951
[    0.000000] efi: UEFI not found.
[    0.000000] Reserved memory: created CMA memory pool at 0x0000000057000000, size 16 MiB
[    0.000000] OF: reserved mem: initialized node linux,adsp@57000000, compatible id shared-dma-pool
[    0.000000] Reserved memory: created CMA memory pool at 0x0000000058000000, size 384 MiB
[    0.000000] OF: reserved mem: initialized node linux,cma@58000000, compatible id shared-dma-pool
[    0.000000] Reserved memory: created CMA memory pool at 0x0000000070000000, size 256 MiB
[    0.000000] OF: reserved mem: initialized node linux,multimedia@70000000, compatible id shared-dma-pool
[    0.000000] NUMA: No NUMA configuration found
[    0.000000] NUMA: Faking a node at [mem 0x0000000048000000-0x000000077fffffff]
[    0.000000] NUMA: NODE_DATA [mem 0x77efc2a00-0x77efc4fff]
[    0.000000] Zone ranges:
[    0.000000]   DMA      [mem 0x0000000048000000-0x000000007fffffff]
[    0.000000]   DMA32    [mem 0x0000000080000000-0x00000000ffffffff]
[    0.000000]   Normal   [mem 0x0000000100000000-0x000000077fffffff]
[    0.000000] Movable zone start for each node
[    0.000000] Early memory node ranges
[    0.000000]   node   0: [mem 0x0000000048000000-0x0000000053ffffff]
[    0.000000]   node   0: [mem 0x0000000054000000-0x0000000056ffffff]
[    0.000000]   node   0: [mem 0x0000000057000000-0x00000000bfffffff]
[    0.000000]   node   0: [mem 0x0000000500000000-0x000000057fffffff]
[    0.000000]   node   0: [mem 0x0000000600000000-0x000000067fffffff]
[    0.000000]   node   0: [mem 0x0000000700000000-0x000000077fffffff]
[    0.000000] Initmem setup node 0 [mem 0x0000000048000000-0x000000077fffffff]
[    0.000000] psci: probing for conduit method from DT.
[    0.000000] psci: PSCIv1.1 detected in firmware.
[    0.000000] psci: Using standard PSCI v0.2 function IDs
[    0.000000] psci: Trusted OS resident on physical CPU 0x0
[    0.000000] psci: SMC Calling Convention v1.2
[    0.000000] percpu: Embedded 33 pages/cpu s96464 r8192 d30512 u135168
[    0.000000] Detected PIPT I-cache on CPU0
[    0.000000] CPU features: detected: EL2 vector hardening
[    0.000000] CPU features: detected: Spectre-v2
[    0.000000] CPU features: detected: ARM errata 1165522, 1319367, or 1530923
[    0.000000] CPU features: detected: Spectre-BHB
[    0.000000] CPU features: detected: ARM erratum 1742098
[    0.000000] Built 1 zonelists, mobility grouping on.  Total pages: 2032128
[    0.000000] Policy zone: Normal
[    0.000000] Kernel command line: rw root=/dev/nfs nfsroot=192.168.8.8:/tftpboot/long.trinh-tien/rootfs_yocto,nfsvers=4 ip=192.168.8.20 baudrate=115200
[    0.000000] Dentry cache hash table entries: 1048576 (order: 11, 8388608 bytes, linear)
[    0.000000] Inode-cache hash table entries: 524288 (order: 10, 4194304 bytes, linear)
[    0.000000] mem auto-init: stack:all(zero), heap alloc:off, heap free:off
[    0.000000] software IO TLB: mapped [mem 0x000000004ffe6000-0x0000000053fe6000] (64MB)
[    0.000000] Memory: 7254852K/8257536K available (17408K kernel code, 4028K rwdata, 9052K rodata, 7104K init, 16980K bss, 330940K reserved, 671744K cma-reserved)
[    0.000000] SLUB: HWalign=64, Order=0-3, MinObjects=0, CPUs=8, Nodes=1
[    0.000000] Running RCU self tests
[    0.000000] rcu: Preemptible hierarchical RCU implementation.
[    0.000000] rcu:     RCU event tracing is enabled.
[    0.000000] rcu:     RCU lockdep checking is enabled.
[    0.000000] rcu:     RCU restricting CPUs from NR_CPUS=256 to nr_cpu_ids=8.
[    0.000000]  Trampoline variant of Tasks RCU enabled.
[    0.000000] rcu: RCU calculated value of scheduler-enlistment delay is 25 jiffies.
[    0.000000] rcu: Adjusting geometry for rcu_fanout_leaf=16, nr_cpu_ids=8
[    0.000000] NR_IRQS: 64, nr_irqs: 64, preallocated irqs: 0
[    0.000000] arch_timer: cp15 timer(s) running at 8.32MHz (virt).
[    0.000000] clocksource: arch_sys_counter: mask: 0xffffffffffffff max_cycles: 0x1eb398c07, max_idle_ns: 440795202503 ns
[    0.000004] sched_clock: 56 bits at 8MHz, resolution 120ns, wraps every 2199023255503ns
[    0.000486] Console: colour dummy device 80x25
[    0.002469] printk: console [tty0] enabled
[    0.002513] Lock dependency validator: Copyright (c) 2006 Red Hat, Inc., Ingo Molnar
[    0.002559] ... MAX_LOCKDEP_SUBCLASSES:  8
[    0.002587] ... MAX_LOCK_DEPTH:          48
[    0.002616] ... MAX_LOCKDEP_KEYS:        8192
[    0.002646] ... CLASSHASH_SIZE:          4096
[    0.002675] ... MAX_LOCKDEP_ENTRIES:     32768
[    0.002705] ... MAX_LOCKDEP_CHAINS:      65536
[    0.002735] ... CHAINHASH_SIZE:          32768
[    0.002765]  memory used by lock dependency info: 6365 kB
[    0.002799]  memory used for stack traces: 4224 kB
[    0.002830]  per task-struct memory footprint: 1920 bytes
[    0.003090] Calibrating delay loop (skipped), value calculated using timer frequency.. 16.64 BogoMIPS (lpj=33280)
[    0.003160] pid_max: default: 32768 minimum: 301
[    0.003614] LSM: Security Framework initializing
[    0.004037] Mount-cache hash table entries: 16384 (order: 5, 131072 bytes, linear)
[    0.004135] Mountpoint-cache hash table entries: 16384 (order: 5, 131072 bytes, linear)
[    0.010366] rcu: Hierarchical SRCU implementation.
[    0.012771] Detected Renesas R-Car Gen3 r8a7795 ES3.0
[    0.015550] EFI services will not be available.
[    0.016962] smp: Bringing up secondary CPUs ...
[    0.018543] Detected PIPT I-cache on CPU1
[    0.018615] CPU1: Booted secondary processor 0x0000000001 [0x411fd073]
[    0.020372] Detected PIPT I-cache on CPU2
[    0.020411] CPU2: Booted secondary processor 0x0000000002 [0x411fd073]
[    0.022083] Detected PIPT I-cache on CPU3
[    0.022117] CPU3: Booted secondary processor 0x0000000003 [0x411fd073]
[    0.023666] CPU features: detected: ARM erratum 845719
[    0.023683] Detected VIPT I-cache on CPU4
[    0.023749] CPU4: Booted secondary processor 0x0000000100 [0x410fd034]
[    0.025475] Detected VIPT I-cache on CPU5
[    0.025518] CPU5: Booted secondary processor 0x0000000101 [0x410fd034]
[    0.027164] Detected VIPT I-cache on CPU6
[    0.027206] CPU6: Booted secondary processor 0x0000000102 [0x410fd034]
[    0.028940] Detected VIPT I-cache on CPU7
[    0.028982] CPU7: Booted secondary processor 0x0000000103 [0x410fd034]
[    0.029362] smp: Brought up 1 node, 8 CPUs
[    0.029844] SMP: Total of 8 processors activated.
[    0.029881] CPU features: detected: 32-bit EL0 Support
[    0.029918] CPU features: detected: CRC32 instructions
[    0.029955] CPU features: detected: 32-bit EL1 Support
[    0.053740] CPU: All CPU(s) started at EL1
[    0.053872] alternatives: patching kernel code
[    0.058176] devtmpfs: initialized
[    0.139672] KASLR disabled due to lack of seed
[    0.141277] clocksource: jiffies: mask: 0xffffffff max_cycles: 0xffffffff, max_idle_ns: 7645041785100000 ns
[    0.141368] futex hash table entries: 2048 (order: 6, 262144 bytes, linear)
[    0.151700] pinctrl core: initialized pinctrl subsystem
[    0.156970] DMI not present or invalid.
[    0.158623] NET: Registered protocol family 16
[    0.161962] DMA: preallocated 1024 KiB GFP_KERNEL pool for atomic allocations
[    0.162259] DMA: preallocated 1024 KiB GFP_KERNEL|GFP_DMA pool for atomic allocations
[    0.162987] DMA: preallocated 1024 KiB GFP_KERNEL|GFP_DMA32 pool for atomic allocations
[    0.163216] audit: initializing netlink subsys (disabled)
[    0.163747] audit: type=2000 audit(0.160:1): state=initialized audit_enabled=0 res=1
[    0.167378] thermal_sys: Registered thermal governor 'power_allocator'
[    0.169115] cpuidle: using governor menu
[    0.169814] hw-breakpoint: found 6 breakpoint and 4 watchpoint registers.
[    0.170222] ASID allocator initialised with 65536 entries
[    0.174947] Serial: AMBA PL011 UART driver
[    0.399611] sh-pfc e6060000.pinctrl: r8a77951_pfc support registered
[    0.482348] HugeTLB registered 1.00 GiB page size, pre-allocated 0 pages
[    0.482404] HugeTLB registered 32.0 MiB page size, pre-allocated 0 pages
[    0.482448] HugeTLB registered 2.00 MiB page size, pre-allocated 0 pages
[    0.482493] HugeTLB registered 64.0 KiB page size, pre-allocated 0 pages
[    0.486444] cryptd: max_cpu_qlen set to 1000
[    0.494997] ACPI: Interpreter disabled.
[    0.508421] rcar-avs: use avs value: 0
[    0.508476] rcar-avs: cpu@0 is running with: opp_table0
[    0.508525] rcar-avs: cpu@1 is running with: opp_table0
[    0.508575] rcar-avs: cpu@2 is running with: opp_table0
[    0.508629] rcar-avs: cpu@3 is running with: opp_table0
[    0.508769] rcar-avs: gsx@fd000000 is running with: gsx_opp_table0
[    0.515474] iommu: Default domain type: Translated
[    0.516610] ipmmu-vmsa e67b0000.iommu: IPMMU context 0 is reserved
[    0.522675] vgaarb: loaded
[    0.524310] SCSI subsystem initialized
[    0.525712] usbcore: registered new interface driver usbfs
[    0.525882] usbcore: registered new interface driver hub
[    0.526067] usbcore: registered new device driver usb
[    0.542254] i2c-sh_mobile e60b0000.i2c: I2C adapter 7, bus speed 400000 Hz
[    0.544671] mc: Linux media interface: v0.10
[    0.544803] videodev: Linux video capture interface: v2.00
[    0.545092] pps_core: LinuxPPS API ver. 1 registered
[    0.545130] pps_core: Software ver. 5.3.6 - Copyright 2005-2007 Rodolfo Giometti <giometti@linux.it>
[    0.545229] PTP clock support registered
[    0.546109] EDAC MC: Ver: 3.0.0
[    0.552772] FPGA manager framework
[    0.553194] Advanced Linux Sound Architecture Driver Initialized.
[    0.555866] clocksource: Switched to clocksource arch_sys_counter
[    1.144610] VFS: Disk quotas dquot_6.6.0
[    1.144987] VFS: Dquot-cache hash table entries: 512 (order 0, 4096 bytes)
[    1.146257] pnp: PnP ACPI: disabled
[    1.170348] NET: Registered protocol family 2
[    1.170951] IP idents hash table entries: 131072 (order: 8, 1048576 bytes, linear)
[    1.174619] tcp_listen_portaddr_hash hash table entries: 4096 (order: 6, 327680 bytes, linear)
[    1.175301] TCP established hash table entries: 65536 (order: 7, 524288 bytes, linear)
[    1.177220] TCP bind hash table entries: 65536 (order: 10, 4718592 bytes, vmalloc)
[    1.185145] TCP: Hash tables configured (established 65536 bind 65536)
[    1.185709] UDP hash table entries: 4096 (order: 7, 655360 bytes, linear)
[    1.186896] UDP-Lite hash table entries: 4096 (order: 7, 655360 bytes, linear)
[    1.188622] NET: Registered protocol family 1
[    1.190321] RPC: Registered named UNIX socket transport module.
[    1.190388] RPC: Registered udp transport module.
[    1.190425] RPC: Registered tcp transport module.
[    1.190461] RPC: Registered tcp NFSv4.1 backchannel transport module.
[    1.190515] PCI: CLS 0 bytes, default 64
[    1.194149] hw perfevents: enabled with armv8_cortex_a53 PMU driver, 7 counters available
[    1.195333] hw perfevents: enabled with armv8_cortex_a57 PMU driver, 7 counters available
[    1.196491] kvm [1]: HYP mode not available
[    1.208813] Initialise system trusted keyrings
[    1.209346] workingset: timestamp_bits=42 max_order=21 bucket_order=0
[    1.241010] squashfs: version 4.0 (2009/01/31) Phillip Lougher
[    1.243277] NFS: Registering the id_resolver key type
[    1.243392] Key type id_resolver registered
[    1.243441] Key type id_legacy registered
[    1.243833] nfs4filelayout_init: NFSv4 File Layout Driver Registering...
[    1.243931] nfs4flexfilelayout_init: NFSv4 Flexfile Layout Driver Registering...
[    1.244472] 9p: Installing v9fs 9p2000 file system support
[    1.272648] Key type asymmetric registered
[    1.272722] Asymmetric key parser 'x509' registered
[    1.272889] Block layer SCSI generic (bsg) driver version 0.4 loaded (major 243)
[    1.272959] io scheduler mq-deadline registered
[    1.272999] io scheduler kyber registered
[    1.337392] gpio_rcar e6050000.gpio: driving 16 GPIOs
[    1.339047] gpio_rcar e6051000.gpio: driving 29 GPIOs
[    1.340640] gpio_rcar e6052000.gpio: driving 15 GPIOs
[    1.342123] gpio_rcar e6053000.gpio: driving 16 GPIOs
[    1.343609] gpio_rcar e6054000.gpio: driving 18 GPIOs
[    1.345111] gpio_rcar e6055000.gpio: driving 26 GPIOs
[    1.346596] gpio_rcar e6055400.gpio: driving 32 GPIOs
[    1.348118] gpio_rcar e6055800.gpio: driving 4 GPIOs
[    1.360850] rcar-pcie fe000000.pcie: host bridge /soc/pcie@fe000000 ranges:
[    1.360970] rcar-pcie fe000000.pcie:       IO 0x00fe100000..0x00fe1fffff -> 0x0000000000
[    1.361106] rcar-pcie fe000000.pcie:      MEM 0x00fe200000..0x00fe3fffff -> 0x00fe200000
[    1.361212] rcar-pcie fe000000.pcie:      MEM 0x0030000000..0x0037ffffff -> 0x0030000000
[    1.361295] rcar-pcie fe000000.pcie:      MEM 0x0038000000..0x003fffffff -> 0x0038000000
[    1.361389] rcar-pcie fe000000.pcie:   IB MEM 0x0040000000..0x007fffffff -> 0x0040000000
[    1.361536] rcar-pcie fe000000.pcie: no pcie3v3 regulator found
[    1.361597] rcar-pcie fe000000.pcie: no pcie1v8 regulator found
[    1.427785] rcar-pcie fe000000.pcie: PCIe link down
[    1.428916] rcar-pcie ee800000.pcie: host bridge /soc/pcie@ee800000 ranges:
[    1.429024] rcar-pcie ee800000.pcie:       IO 0x00ee900000..0x00ee9fffff -> 0x0000000000
[    1.429136] rcar-pcie ee800000.pcie:      MEM 0x00eea00000..0x00eebfffff -> 0x00eea00000
[    1.429241] rcar-pcie ee800000.pcie:      MEM 0x00c0000000..0x00c7ffffff -> 0x00c0000000
[    1.429325] rcar-pcie ee800000.pcie:      MEM 0x00c8000000..0x00cfffffff -> 0x00c8000000
[    1.429420] rcar-pcie ee800000.pcie:   IB MEM 0x0040000000..0x007fffffff -> 0x0040000000
[    1.429549] rcar-pcie ee800000.pcie: no pcie3v3 regulator found
[    1.429611] rcar-pcie ee800000.pcie: no pcie1v8 regulator found
[    1.495940] rcar-pcie ee800000.pcie: PCIe link down
[    1.506769] EINJ: ACPI disabled.
[    1.653746] Serial: 8250/16550 driver, 4 ports, IRQ sharing enabled
[    1.663771] SuperH (H)SCI(F) driver initialized
[    1.665125] e6550000.serial: ttySC1 at MMIO 0xe6550000 (irq = 42, base_baud = 0) is a hscif
[    1.669025] e6e88000.serial: ttySC0 at MMIO 0xe6e88000 (irq = 128, base_baud = 0) is a scif
[    2.942130] printk: console [ttySC0] enabled
[    2.950950] msm_serial: driver initialized
[    2.974585] rcar-dw-hdmi fead0000.hdmi: Detected HDMI TX controller v2.01a with HDCP (DWC HDMI 2.0 TX PHY)
[    2.985370] rcar-dw-hdmi fead0000.hdmi: registered DesignWare HDMI I2C bus driver
[    2.995993] rcar-dw-hdmi feae0000.hdmi: Detected HDMI TX controller v2.01a with HDCP (DWC HDMI 2.0 TX PHY)
[    3.006595] rcar-dw-hdmi feae0000.hdmi: registered DesignWare HDMI I2C bus driver
[    3.063140] loop: module loaded
[    3.071218] megasas: 07.714.04.00-rc1
[    3.083440] scsi host0: sata_rcar
[    3.088019] ata1: SATA max UDMA/133 irq 181
[    3.114486] tun: Universal TUN/TAP device driver, 1.6
[    3.122870] thunder_xcv, ver 1.0
[    3.126289] thunder_bgx, ver 1.0
[    3.129679] nicpf, ver 1.0
[    3.138061] hclge is initializing
[    3.141552] hns3: Hisilicon Ethernet Network Driver for Hip08 Family - version
[    3.148835] hns3: Copyright (c) 2017 Huawei Corporation.
[    3.154314] e1000: Intel(R) PRO/1000 Network Driver
[    3.159239] e1000: Copyright (c) 1999-2006 Intel Corporation.
[    3.165182] e1000e: Intel(R) PRO/1000 Network Driver
[    3.170189] e1000e: Copyright(c) 1999 - 2015 Intel Corporation.
[    3.176287] igb: Intel(R) Gigabit Ethernet Network Driver
[    3.181733] igb: Copyright (c) 2007-2014 Intel Corporation.
[    3.187435] igbvf: Intel(R) Gigabit Virtual Function Network Driver
[    3.193749] igbvf: Copyright (c) 2009 - 2012 Intel Corporation.
[    3.201446] sky2: driver version 1.30
[    3.220584] ravb e6800000.ethernet eth0: Base address at 0xe6800000, 2e:09:0a:03:83:f6, IRQ 125.
[    3.235334] VFIO - User Level meta-driver version: 0.3
[    3.248626] ehci_hcd: USB 2.0 'Enhanced' Host Controller (EHCI) Driver
[    3.255322] ehci-pci: EHCI PCI platform driver
[    3.259915] ehci-platform: EHCI generic platform driver
[    3.267007] ehci-platform ee0a0100.usb: EHCI Host Controller
[    3.272872] ehci-platform ee0a0100.usb: new USB bus registered, assigned bus number 1
[    3.281122] ehci-platform ee0a0100.usb: irq 175, io mem 0xee0a0100
[    3.299888] ehci-platform ee0a0100.usb: USB 2.0 started, EHCI 1.10
[    3.308681] hub 1-0:1.0: USB hub found
[    3.312626] hub 1-0:1.0: 1 port detected
[    3.319578] ehci-platform ee0c0100.usb: EHCI Host Controller
[    3.325339] ehci-platform ee0c0100.usb: new USB bus registered, assigned bus number 2
[    3.333500] ehci-platform ee0c0100.usb: irq 176, io mem 0xee0c0100
[    3.352063] ehci-platform ee0c0100.usb: USB 2.0 started, EHCI 1.10
[    3.360050] hub 2-0:1.0: USB hub found
[    3.363952] hub 2-0:1.0: 1 port detected
[    3.396156] ehci-platform ee0e0100.usb: EHCI Host Controller
[    3.401920] ehci-platform ee0e0100.usb: new USB bus registered, assigned bus number 3
[    3.409988] ehci-platform ee0e0100.usb: irq 177, io mem 0xee0e0100
[    3.431892] ehci-platform ee0e0100.usb: USB 2.0 started, EHCI 1.10
[    3.439785] hub 3-0:1.0: USB hub found
[    3.443675] hub 3-0:1.0: 1 port detected
[    3.450017] ehci-orion: EHCI orion driver
[    3.454827] ehci-exynos: EHCI Exynos driver
[    3.459576] ohci_hcd: USB 1.1 'Open' Host Controller (OHCI) Driver
[    3.465858] ohci-pci: OHCI PCI platform driver
[    3.470456] ohci-platform: OHCI generic platform driver
[    3.477225] ohci-platform ee0a0000.usb: Generic Platform OHCI controller
[    3.484040] ohci-platform ee0a0000.usb: new USB bus registered, assigned bus number 4
[    3.492221] ohci-platform ee0a0000.usb: irq 175, io mem 0xee0a0000
[    3.507899] ata1: link resume succeeded after 1 retries
[    3.587758] hub 4-0:1.0: USB hub found
[    3.591660] hub 4-0:1.0: 1 port detected
[    3.598168] ohci-platform ee0c0000.usb: Generic Platform OHCI controller
[    3.604980] ohci-platform ee0c0000.usb: new USB bus registered, assigned bus number 5
[    3.613086] ohci-platform ee0c0000.usb: irq 176, io mem 0xee0c0000
[    3.619745] ata1: SATA link down (SStatus 0 SControl 300)
[    3.707616] hub 5-0:1.0: USB hub found
[    3.711514] hub 5-0:1.0: 1 port detected
[    3.718027] ohci-platform ee0e0000.usb: Generic Platform OHCI controller
[    3.724830] ohci-platform ee0e0000.usb: new USB bus registered, assigned bus number 6
[    3.732943] ohci-platform ee0e0000.usb: irq 177, io mem 0xee0e0000
[    3.827556] hub 6-0:1.0: USB hub found
[    3.831441] hub 6-0:1.0: 1 port detected
[    3.837765] ohci-exynos: OHCI Exynos driver
[    3.843951] xhci-hcd ee000000.usb: xHCI Host Controller
[    3.849274] xhci-hcd ee000000.usb: new USB bus registered, assigned bus number 7
[    3.857086] xhci-hcd ee000000.usb: Direct firmware load for r8a779x_usb3_v3.dlmem failed with error -2
[    3.866572] xhci-hcd ee000000.usb: can't setup: -2
[    3.871483] xhci-hcd ee000000.usb: USB bus 7 deregistered
[    3.877347] xhci-hcd: probe of ee000000.usb failed with error -2
[    3.885140] usbcore: registered new interface driver usb-storage
[    3.897285] renesas_usbhs e6590000.usb: host probed
[    3.902257] renesas_usbhs e6590000.usb: no transceiver found
[    3.908601] renesas_usbhs e6590000.usb: gadget probed
[    3.914020] renesas_usbhs e6590000.usb: probed
[    3.921205] renesas_usbhs e659c000.usb: host probed
[    3.926153] renesas_usbhs e659c000.usb: no transceiver found
[    3.932269] renesas_usbhs e659c000.usb: gadget probed
[    3.937667] renesas_usbhs e659c000.usb: probed
[    3.952340] i2c /dev entries driver
[    3.984106] cs2000-cp 2-004f: revision - C1
[    3.988552] i2c-rcar e6510000.i2c: probed
[    3.996736] pca953x 4-0020: supply vcc not found, using dummy regulator
[    4.004137] pca953x 4-0020: using no AI
[    4.009315] gpio-355 (PCIE/SATA switch): hogged as output/low
[    4.026844] i2c-rcar e66d8000.i2c: probed
[    4.035560] adv748x 4-0070: Endpoint /soc/i2c@e66d8000/video-receiver@70/port@7/endpoint on port 7
[    4.044623] adv748x 4-0070: Endpoint /soc/i2c@e66d8000/video-receiver@70/port@8/endpoint on port 8
[    4.053667] adv748x 4-0070: Endpoint /soc/i2c@e66d8000/video-receiver@70/port@a/endpoint on port 10
[    4.062815] adv748x 4-0070: Endpoint /soc/i2c@e66d8000/video-receiver@70/port@b/endpoint on port 11
[    4.072602] adv748x 4-0070: chip found @ 0xe0 revision 2143
[    4.148954] rcar-csi2 fea80000.csi2: 1 lanes found
[    4.155747] rcar-csi2 feaa0000.csi2: 4 lanes found
[    4.178887] rcar-vin e6ef0000.video: Device registered as video0
[    4.185335] rcar-vin e6ef1000.video: Device registered as video1
[    4.192019] rcar-vin e6ef2000.video: Device registered as video2
[    4.199299] rcar-vin e6ef3000.video: Device registered as video3
[    4.205687] rcar-vin e6ef4000.video: Device registered as video4
[    4.212081] rcar-vin e6ef5000.video: Device registered as video5
[    4.218478] rcar-vin e6ef6000.video: Device registered as video6
[    4.224859] rcar-vin e6ef7000.video: Device registered as video7
[    4.240751] rcar_gen3_thermal e6198000.thermal: is using pseudo fixed FUSE values
[    4.253550] rcar_gen3_thermal e6198000.thermal: TSC0: Loaded 1 trip points
[    4.265318] rcar_gen3_thermal e6198000.thermal: TSC1: Loaded 1 trip points
[    4.276095] rcar_gen3_thermal e6198000.thermal: TSC2: Loaded 3 trip points
[    4.304476] sdhci: Secure Digital Host Controller Interface driver
[    4.310730] sdhci: Copyright(c) Pierre Ossman
[    4.318206] renesas_sdhi_internal_dmac ee100000.mmc: Got CD GPIO
[    4.324370] renesas_sdhi_internal_dmac ee100000.mmc: Got WP GPIO
[    4.334137] renesas_sdhi_internal_dmac ee140000.mmc: Adding to iommu group 0
[    4.341394] renesas_sdhi_internal_dmac ee140000.mmc: Using IPMMU context 1
[    4.400221] renesas_sdhi_internal_dmac ee140000.mmc: mmc0 base at 0x00000000ee140000, max clock rate 200 MHz
[    4.413603] renesas_sdhi_internal_dmac ee160000.mmc: Got CD GPIO
[    4.419817] renesas_sdhi_internal_dmac ee160000.mmc: Got WP GPIO
[    4.430238] Synopsys Designware Multimedia Card Interface Driver
[    4.441196] sdhci-pltfm: SDHCI platform and OF driver helper
[    4.454318] ledtrig-cpu: registered to indicate activity on CPUs
[    4.464078] SMCCC: SOC_ID: ARCH_SOC_ID not implemented, skipping ....
[    4.473283] usbcore: registered new interface driver usbhid
[    4.478909] usbhid: USB HID core driver
[    4.491790] mmc0: new HS400 MMC card at address 0001
[    4.497550] optee: probing for conduit method.
[    4.500034] mmcblk0: mmc0:0001 BGSD3R 29.1 GiB
[    4.502318] optee: revision 3.22 (314ecf9d)
[    4.507442] optee driver R-Car Rev.1.0.11
[    4.508136] mmcblk0boot0: mmc0:0001 BGSD3R partition 1 16.0 MiB
[    4.512274] optee: dynamic shared memory is enabled
[    4.517127] mmcblk0boot1: mmc0:0001 BGSD3R partition 2 16.0 MiB
[    4.522503] optee: initialized driver
[    4.527232] mmcblk0rpmb: mmc0:0001 BGSD3R partition 3 4.00 MiB, chardev (509:0)
[    4.548960]  mmcblk0: p1
[    4.562453] rcar_sound ec500000.sound: probed
[    4.570070] NET: Registered protocol family 17
[    4.575231] 9pnet: Installing 9P2000 support
[    4.579739] Key type dns_resolver registered
[    4.584733] registered taskstats version 1
[    4.588903] Loading compiled-in X.509 certificates
[    4.594623] kmemleak: Kernel memory leak detector initialized (mem pool available: 11702)
[    4.594629] kmemleak: Automatic memory scanning thread started
[    4.673754] thermal emergency: set temperature to 110 celsius
[    4.680050] thermal emergency: shutdown target cpus 1-7
[    4.685336] thermal emergency: freq scaled target cpus 0
[    4.692533] renesas_irqc e61c0000.interrupt-controller: driving 6 irqs
[    4.767987] ehci-platform ee080100.usb: EHCI Host Controller
[    4.773884] ehci-platform ee080100.usb: new USB bus registered, assigned bus number 7
[    4.782120] ehci-platform ee080100.usb: irq 174, io mem 0xee080100
[    4.803884] ehci-platform ee080100.usb: USB 2.0 started, EHCI 1.10
[    4.812558] hub 7-0:1.0: USB hub found
[    4.816515] hub 7-0:1.0: 1 port detected
[    4.825018] ohci-platform ee080000.usb: Generic Platform OHCI controller
[    4.831941] ohci-platform ee080000.usb: new USB bus registered, assigned bus number 8
[    4.840081] ohci-platform ee080000.usb: irq 174, io mem 0xee080000
[    4.935929] hub 8-0:1.0: USB hub found
[    4.939803] hub 8-0:1.0: 1 port detected
[    4.951759] cpu cpu0: EM: created perf domain
[    4.959615] cpu cpu4: EM: created perf domain
[    4.973987] renesas_sdhi_internal_dmac ee100000.mmc: Got CD GPIO
[    4.980465] renesas_sdhi_internal_dmac ee100000.mmc: Got WP GPIO
[    5.037054] renesas_sdhi_internal_dmac ee100000.mmc: mmc1 base at 0x00000000ee100000, max clock rate 200 MHz
[    5.054399] renesas_sdhi_internal_dmac ee160000.mmc: Got CD GPIO
[    5.060635] renesas_sdhi_internal_dmac ee160000.mmc: Got WP GPIO
[    5.117686] renesas_sdhi_internal_dmac ee160000.mmc: mmc2 base at 0x00000000ee160000, max clock rate 200 MHz
[    5.151990] [drm] Initialized rcar-du 1.0.0 20130110 for feb00000.display on minor 0
[    5.160334] [drm] Device feb00000.display probed
[    5.212190] Console: switching to colour frame buffer device 128x48
[    5.235433] rcar-du feb00000.display: [drm] fb0: rcar-dudrmfb frame buffer device
[    5.261197] input: keys as /devices/platform/keys/input/input0
[    5.356499] Micrel KSZ9031 Gigabit PHY e6800000.ethernet-ffffffff:00: attached PHY driver [Micrel KSZ9031 Gigabit PHY] (mii_bus:phy_addr=e6800000.ethernet-ffffffff:00, irq=183)
[   11.962528] ravb e6800000.ethernet eth0: Link is Up - 1Gbps/Full - flow control off
[   11.987972] IP-Config: Guessing netmask 255.255.255.0
[   11.993258] IP-Config: Complete:
[   11.996690]      device=eth0, hwaddr=2e:09:0a:03:83:f6, ipaddr=192.168.8.20, mask=255.255.255.0, gw=255.255.255.255
[   12.007527]      host=192.168.8.20, domain=, nis-domain=(none)
[   12.013626]      bootserver=255.255.255.255, rootserver=192.168.8.8, rootpath=
[   12.016013] clk: Disabling unused clocks
[   12.030557] ALSA device list:
[   12.033844]   No soundcards found.
[   13.112725] VFS: Mounted root (nfs4 filesystem) on device 0:23.
[   13.123683] devtmpfs: mounted
[   13.134968] Freeing unused kernel memory: 7104K
[   13.172384] Run /sbin/init as init process
[   14.404539] systemd[1]: System time before build time, advancing clock.
[   14.996504] random: crng init done
[   16.373465] NET: Registered protocol family 10
[   16.384252] Segment Routing with IPv6
[   16.503472] systemd[1]: systemd 255.4^ running in system mode (+PAM -AUDIT -SELINUX -APPARMOR +IMA -SMACK +SECCOMP -GCRYPT -GNUTLS -OPENSSL +ACL +BLKID -CURL -ELFUTILS -FIDO2 -IDN2 -IDN -IPTC +KMOD -LIBCRYPTSETUP +LIBFDISK -PCRE2 -PWQUALITY -P11KIT -QRENCODE -TPM2 -BZIP2 -LZ4 -XZ -ZLIB +ZSTD -BPF_FRAMEWORK -XKBCOMMON +UTMP +SYSVINIT default-hierarchy=unified)
[   16.544031] systemd[1]: Detected architecture arm64.

Welcome to Poky (Yocto Project Reference Distro) 5.0 (scarthgap)!

[   16.588797] systemd[1]: Hostname set to <salvator-x>.
[   16.938591] systemd-sysv-generator[329]: SysV service '/etc/init.d/umountnfs.sh' lacks a native systemd unit file. ~ Automatically generating a unit file for compatibility. Please update package to include a native systemd unit file, in order to make it safe, robust and future-proof. ! This compatibility logic is deprecated, expect removal soon. !
[   16.988337] systemd-sysv-generator[329]: SysV service '/etc/init.d/set_default_governor.sh' lacks a native systemd unit file. ~ Automatically generating a unit file for compatibility. Please update package to include a native systemd unit file, in order to make it safe, robust and future-proof. ! This compatibility logic is deprecated, expect removal soon. !
[   17.038891] systemd-sysv-generator[329]: SysV service '/etc/init.d/umountfs' lacks a native systemd unit file. ~ Automatically generating a unit file for compatibility. Please update package to include a native systemd unit file, in order to make it safe, robust and future-proof. ! This compatibility logic is deprecated, expect removal soon. !
[   17.086650] systemd-sysv-generator[329]: SysV service '/etc/init.d/save-rtc.sh' lacks a native systemd unit file. ~ Automatically generating a unit file for compatibility. Please update package to include a native systemd unit file, in order to make it safe, robust and future-proof. ! This compatibility logic is deprecated, expect removal soon. !
[   17.128241] systemd-sysv-generator[329]: SysV service '/etc/init.d/reboot' lacks a native systemd unit file. ~ Automatically generating a unit file for compatibility. Please update package to include a native systemd unit file, in order to make it safe, robust and future-proof. ! This compatibility logic is deprecated, expect removal soon. !
[   17.165722] systemd-sysv-generator[329]: SysV service '/etc/init.d/halt' lacks a native systemd unit file. ~ Automatically generating a unit file for compatibility. Please update package to include a native systemd unit file, in order to make it safe, robust and future-proof. ! This compatibility logic is deprecated, expect removal soon. !
[   17.208676] systemd-sysv-generator[329]: SysV service '/etc/init.d/sendsigs' lacks a native systemd unit file. ~ Automatically generating a unit file for compatibility. Please update package to include a native systemd unit file, in order to make it safe, robust and future-proof. ! This compatibility logic is deprecated, expect removal soon. !
[   17.248091] systemd-sysv-generator[329]: SysV service '/etc/init.d/single' lacks a native systemd unit file. ~ Automatically generating a unit file for compatibility. Please update package to include a native systemd unit file, in order to make it safe, robust and future-proof. ! This compatibility logic is deprecated, expect removal soon. !
[   17.285247] systemd-sysv-generator[329]: SysV service '/etc/init.d/network-manager' lacks a native systemd unit file. ~ Automatically generating a unit file for compatibility. Please update package to include a native systemd unit file, in order to make it safe, robust and future-proof. ! This compatibility logic is deprecated, expect removal soon. !
[   17.322503] systemd-sysv-generator[329]: SysV service '/etc/init.d/pvrinit' lacks a native systemd unit file. ~ Automatically generating a unit file for compatibility. Please update package to include a native systemd unit file, in order to make it safe, robust and future-proof. ! This compatibility logic is deprecated, expect removal soon. !
[   17.376890] systemd-sysv-generator[329]: SysV service '/etc/init.d/dropbear' lacks a native systemd unit file. ~ Automatically generating a unit file for compatibility. Please update package to include a native systemd unit file, in order to make it safe, robust and future-proof. ! This compatibility logic is deprecated, expect removal soon. !
[   17.421009] systemd-sysv-generator[329]: SysV service '/etc/init.d/nfsserver' lacks a native systemd unit file. ~ Automatically generating a unit file for compatibility. Please update package to include a native systemd unit file, in order to make it safe, robust and future-proof. ! This compatibility logic is deprecated, expect removal soon. !
[   19.953310] systemd[1]: Queued start job for default target Graphical Interface.
[   20.076558] systemd[1]: Created slice Slice /system/getty.
[  OK  ] Created slice Slice /system/getty.
[   20.118630] systemd[1]: Created slice Slice /system/modprobe.
[  OK  ] Created slice Slice /system/modprobe.
[   20.169152] systemd[1]: Created slice Slice /system/serial-getty.
[  OK  ] Created slice Slice /system/serial-getty.
[   20.208560] systemd[1]: Created slice User and Session Slice.
[  OK  ] Created slice User and Session Slice.
[   20.242903] systemd[1]: Started Dispatch Password Requests to Console Directory Watch.
[  OK  ] Started Dispatch Password Requests to Console Directory Watch.
[   20.278565] systemd[1]: Started Forward Password Requests to Wall Directory Watch.
[  OK  ] Started Forward Password Requests to Wall Directory Watch.
[   20.312818] systemd[1]: Reached target Path Units.
[  OK  ] Reached target Path Units.
[   20.340500] systemd[1]: Reached target Remote File Systems.
[  OK  ] Reached target Remote File Systems.
[   20.368515] systemd[1]: Reached target Slice Units.
[  OK  ] Reached target Slice Units.
[   20.396523] systemd[1]: Reached target Swaps.
[  OK  ] Reached target Swaps.
[   20.432551] systemd[1]: Listening on RPCbind Server Activation Socket.
[  OK  ] Listening on RPCbind Server Activation Socket.
[   20.464682] systemd[1]: Reached target RPC Port Mapper.
[  OK  ] Reached target RPC Port Mapper.
[   20.495098] systemd[1]: Listening on initctl Compatibility Named Pipe.
[  OK  ] Listening on initctl Compatibility Named Pipe.
[   20.533611] systemd[1]: Listening on Journal Audit Socket.
[  OK  ] Listening on Journal Audit Socket.
[   20.567286] systemd[1]: Listening on Journal Socket (/dev/log).
[  OK  ] Listening on Journal Socket (/dev/log).
[   20.600998] systemd[1]: Listening on Journal Socket.
[  OK  ] Listening on Journal Socket.
[   20.634234] systemd[1]: Listening on Network Service Netlink Socket.
[  OK  ] Listening on Network Service Netlink Socket.
[   20.683202] systemd[1]: Listening on udev Control Socket.
[  OK  ] Listening on udev Control Socket.
[   20.716299] systemd[1]: Listening on udev Kernel Socket.
[  OK  ] Listening on udev Kernel Socket.
[   20.750528] systemd[1]: Listening on User Database Manager Socket.
[  OK  ] Listening on User Database Manager Socket.
[   20.820902] systemd[1]: Mounting Huge Pages File System...
         Mounting Huge Pages File System...
[   20.876407] systemd[1]: Mounting POSIX Message Queue File System...
         Mounting POSIX Message Queue File System...
[   20.923646] systemd[1]: Mounting Kernel Debug File System...
         Mounting Kernel Debug File System...
[   20.952905] systemd[1]: Mounting Kernel Trace File System...
         Mounting Kernel Trace File System...
[   21.004215] systemd[1]: Mounting Temporary Directory /tmp...
         Mounting Temporary Directory /tmp...
[   21.047800] systemd[1]: Starting Create List of Static Device Nodes...
         Starting Create List of Static Device Nodes...
[   21.071915] systemd[1]: Starting Load Kernel Module configfs...
         Starting Load Kernel Module configfs...
[   21.100830] systemd[1]: Starting Load Kernel Module drm...
         Starting Load Kernel Module drm...
[   21.147955] systemd[1]: Starting Load Kernel Module fuse...
         Starting Load Kernel Module fuse...
[   21.191576] systemd[1]: Starting RPC Bind...
         Starting RPC B[   21.199841] systemd[1]: File System Check on Root Device was skipped because of an unmet condition check (ConditionPathIsReadWrite=!/).
ind...
[   21.216262] systemd[1]: systemd-journald.service: unit configures an IP firewall, but the local system does not support BPF/cgroup firewalling.
[   21.231001] systemd[1]: systemd-journald.service: (This warning is only shown for the first unit using IP firewalling.)
[   21.253807] systemd[1]: Starting Journal Service...
         Starting Journal Service...
[   21.387213] systemd[1]: Starting Load Kernel Modules...
         Starting Load Kernel Modules...
[   21.427088] systemd[1]: Starting Generate network units from Kernel command line...
         Starting Generate network units from Kernel command line...
[   21.484746] systemd[1]: Starting Remount Root and Kernel File Systems...
         Starting Remount Root and Kernel File Systems...
[   21.525200] systemd[1]: Starting Coldplug All udev Devices...
         Starting Coldplug All udev Devices...
[   21.570563] systemd[1]: Mounted Huge Pages File System.
[  OK  ] Mounted Huge Pages File System.
[   21.597934] systemd[1]: Mounted POSIX Message Queue File System.
[  OK  ] Mounted POSIX Message Queue File System.
[   21.629813] systemd[1]: Mounted Kernel Debug File System.
[  OK  ] Mounted Kernel Debug File System.
[   21.654360] systemd[1]: Mounted Kernel Trace File System.
[  OK  ] Mounted Kernel Trace File System.
[   21.666964] fuse: init (API version 7.32)
[   21.679336] systemd[1]: Mounted Temporary Directory /tmp.
[  OK  ] Mounted Temporary Directory /tmp.
[   21.713683] systemd[1]: Finished Create List of Static Device Nodes.
[  OK     21.723069] systemd-journald[342]: Collecting audit messages is enabled.
0m] Finished Create List of Static Device Nodes.
[   21.748758] systemd[1]: modprobe@configfs.service: Deactivated successfully.
[   21.759921] systemd[1]: Finished Load Kernel Module configfs.
[  OK  ] Finished Load Kernel Module configfs.
[   21.793397] systemd[1]: modprobe@drm.service: Deactivated successfully.
[   21.805734] systemd[1]: Finished Load Kernel Module drm.
[  OK  ] Finished Load Kernel Module drm.
[   21.833872] systemd[1]: modprobe@fuse.service: Deactivated successfully.
[   21.844004] systemd[1]: Finished Load Kernel Module fuse.
[  OK  ] Finished Load Kernel Module fuse.
[   21.866041] systemd[1]: systemd-network-generator.service: Main process exited, code=exited, status=1/FAILURE
[   21.882166] systemd[1]: systemd-network-generator.service: Failed with result 'exit-code'.
[   21.894341] systemd[1]: Failed to start Generate network units from Kernel command line.
[FAILED] Failed to start Generate network units from Kernel command line.
See 'systemctl status systemd-network-generator.service' for details.
[   21.939385] systemd[1]: Started RPC Bind.
[  OK  ] Started RPC Bind.
[   21.967600] systemd[1]: Finished Load Kernel Modules.
[  OK  ] Finished Load Kernel Modules.
[   21.995458] systemd[1]: Finished Remount Root and Kernel File Systems.
[  OK  ] Finished Remount Root and Kernel File Systems.
[   22.023222] systemd[1]: Reached target Preparation for Network.
[  OK  ] Reached target Preparation for Network.
[   22.067749] systemd[1]: Mounting NFSD configuration filesystem...
         Mounting NFSD configuration filesystem...
[   22.097438] systemd[1]: Mounting FUSE Control File System...
         Mounting FUSE Control File System...
[   22.135075] systemd[1]: Mounting Kernel Configuration File System...
         Mounting Kernel Configuration File System...
[   22.181913] systemd[1]: Rebuild Hardware Database was skipped because of an unmet condition check (ConditionNeedsUpdate=/etc).
[   22.212077] systemd[1]: Starting Apply Kernel Variables...
         Starting Apply Kernel Variables...
[   22.247377] systemd[1]: Starting Create Static Device Nodes in /dev gracefully...
         Starting Create Static Device Nodes in /dev gracefully...
[   22.280937] systemd[1]: Started Journal Service.
[  OK  ] Started Journal Service.
[FAILED] Failed to mount NFSD configuration filesystem.
See 'systemctl status proc-fs-nfsd.mount' for details.
[DEPEND] Dependency failed for NFS Mount Daemon.
[DEPEND] Dependency failed for NFS server and services.
[  OK  ] Mounted FUSE Control File System.
[  OK  ] Mounted Kernel Configuration File System.
         Starting Flush Journal to Persistent Storage...
[  OK  ] Finished Apply Kernel Variables.
[   22.637601] systemd-journald[342]: Received client request to flush runtime journal.
[  OK  ] Finished Create Static Device Nodes in /dev gracefully.
[  OK  ] Finished Flush Journal to Persistent Storage.
         Starting Create Static Device Nodes in /dev...
[  OK  ] Finished Create Static Device Nodes in /dev.
[  OK  ] Reached target Preparation for Local File Systems.
         Mounting /var/volatile...
         Starting Rule-based Manager for Device Events and Files...
[  OK  ] Mounted /var/volatile.
         Starting Load/Save OS Random Seed...
[  OK  ] Reached target Local File Systems.
         Starting Create Volatile Files and Directories...
[  OK  ] Finished Load/Save OS Random Seed.
[  OK  ] Started Rule-based Manager for Device Events and Files.
         Starting Network Configuration...
         Starting User Database Manager...
[  OK  ] Finished Create Volatile Files and Directories.
[  OK  ] Started User Database Manager.
         Starting Network Name Resolution...
         Starting Network Time Synchronization...
         Starting Record System Boot/Shutdown in UTMP...
[  OK  ] Finished Record System Boot/Shutdown in UTMP.
[  OK  ] Listening on Load/Save RF Kill Switch Status /dev/rfkill Watch.
[  OK  ] Started Network Time Synchronization.
[  OK  ] Reached target System Time Set.
[  OK  ] Started Network Name Resolution.
[  OK  ] Reached target Host and Network Name Lookups.
[  OK  ] Finished Coldplug All udev Devices.
[  OK  ] Reached target System Initialization.
[  OK  ] Started Daily Cleanup of Temporary Directories.
[  OK  ] Reached target Timer Units.
[  OK  ] Listening on Avahi mDNS/DNS-SD Stack Activation Socket.
[  OK  ] Listening on D-Bus System Message Bus Socket.
[  OK  ] Listening on dropbear.socket.
[  OK  ] Reached target Socket Units.
[  OK  ] Reached target Basic System.
[   26.681634] cfg80211: Loading compiled-in X.509 certificates for regulatory database
         Starting Avahi mDNS/DNS-SD Stack...
         Starting D-Bus System Message Bus...
[  OK  ] Started optee services.
         Starting pvrinit.service...
         Starting PowerVR consumer services...
[   26.840173] cfg80211: Loaded X.509 cert 'wens: 61c038651aabdcf94bd0ac7ff06c7248db18c600'
[   26.852103] cfg80211: Loaded X.509 cert 'sforshee: 00b28ddf47aef9cea7'
[   26.915567] platform regulatory.0: Direct firmware load for regulatory.db failed with error -2
         Starting User Login Ma[   26.929231] cfg80211: failed to load regulatory.db
nagement...
[  OK  ] Started Network Configuration.
[FAILED] Failed to start pvrinit.service.
See 'systemctl status pvrinit.service' for details.
[FAILED] Failed to start PowerVR consumer services.
See 'systemctl status rc.pvr.service' for details.
[  OK  ] Started D-Bus System Message Bus.
         Starting Network Manager...
         Starting LSB: network connection manager...
         Starting LSB: Kernel NFS server support...
         Starting set_default_governor.service...
[  OK  ] Started Avahi mDNS/DNS-SD Stack.
[   27.693261] pwm-backlight: probe of backlight failed with error -16
[  OK  ] Reached target Hardware activated USB gadget.
[  OK  ] Started User Login Management.
[   28.003707] at24 7-0050: supply vcc not found, using dummy regulator
[   28.025153] at24 7-0050: 128 byte br24t01 EEPROM, writable, 8 bytes/write
[FAILED] Failed to start LSB: Kernel NFS server support.
See 'systemctl status nfsserver.service' for details.
[   28.374796] rd 0-7: Disabling EAS, schedutil is mandatory
[  OK  ] Started set_default_governor.service.
[  OK  ] Created slice Slice /system/weston.
[   28.532940] renesas_usb3 ee020000.usb: probed with phy
[   28.619469] ccree e6601000.crypto: ARM CryptoCell 630P Driver: HW version 0xAF400001/0xDCC63000, Driver version 5.0
[   28.908183] ccree e6601000.crypto: ARM ccree device initialized
         Starting Virtual Console Setup...
[  OK  ] Stopped Virtual Console Setup.
         Starting Virtual Console Setup...
[  OK  ] Started LSB: network connection manager.
         Starting Hostname Service...
[  OK  ] Finished Virtual Console Setup.
[  OK  ] Started Hostname Service.
         Starting Network Manager Script Dispatcher Service...
[  OK  ] Started Network Manager.
[  OK  ] Reached target Network.
         Starting DNS forwarder and DHCP server...
         Starting Permit User Sessions...
[  OK  ] Started Xinetd A Powerful Replacement For Inetd.
[  OK  ] Started Network Manager Script Dispatcher Service.
[  OK  ] Finished Permit User Sessions.
         Starting Network Manager...
[  OK  ] Started Getty on tty1.
[  OK  ] Started Serial Getty on ttySC0.
[  OK  ] Reached target Login Prompts.
[  OK  ] Started DNS forwarder and DHCP server.
[FAILED] Failed to start Network Manager.
See 'systemctl status NetworkManager.service' for details.
[  OK  ] Reached target Multi-User System.
[  OK  ] Reached target Graphical Interface.
         Starting Record Runlevel Change in UTMP...
[  OK  ] Started Weston Wayland Compositor.
         Starting Network Manager...
[  OK  ] Finished Record Runlevel Change in UTMP.
[FAILED] Failed to start Network Manager.
See 'systemctl status NetworkManager.service' for details.
[   32.079335] audit: type=1006 audit(1727078488.019:2): pid=621 uid=0 old-auid=4294967295 auid=0 tty=(none) old-ses=4294967295 ses=1 res=1

Poky (Yocto Project Reference Distro) 5.0 salvator-x ttySC0

salvator-x login: [   44.002060] SDHI0 VccQ: disabling
[   44.005706] SDHI3 VccQ: disabling
root

WARNING: Poky is a reference Yocto Project distribution that should be used for
testing and development purposes only. It is recommended that you create your
own distribution for production use.


[   63.504706] audit: type=1006 audit(1727078519.447:3): pid=648 uid=0 old-auid=4294967295 auid=0 tty=(none) old-ses=4294967295 ses=2 res=1




root@salvator-x:~#
root@salvator-x:~# mkdir da
root@salvator-x:~# cd da/
root@salvator-x:~/da# ls
PM_test_scripts  RenesasElectronics_1920x1080_60fps.mp4
root@salvator-x:~/da# cd PM_test_scripts/
root@salvator-x:~/da/PM_test_scripts# ls
CPUFreq     CPUIdle  IPA                RuntimePM  THS         pm_ths_onepass.sh     pm_ths_onepass_M3.sh
CPUHotplug  EMS      README_onepass.sh  S2RAM      big_LITTLE  pm_ths_onepass_H3.sh
root@salvator-x:~/da/PM_test_scripts# cd CPUFreq/
root@salvator-x:~/da/PM_test_scripts/CPUFreq# ./cpufreq_normal.sh
======================NORMAL_TESTS======================


TC01-Normal: CPUFreq configuration confirmation test

CONFIG_CPU_FREQ=y
CONFIG_PM_OPP=y
CONFIG_CPU_FREQ_GOV_COMMON=y
CONFIG_CPU_FREQ_GOV_PERFORMANCE=y
CONFIG_CPU_FREQ_GOV_POWERSAVE=y
CONFIG_CPU_FREQ_GOV_USERSPACE=y
CONFIG_CPU_FREQ_GOV_ONDEMAND=y
CONFIG_CPU_FREQ_GOV_CONSERVATIVE=y
CONFIG_CPU_FREQ_GOV_SCHEDUTIL=y
CONFIG_CPUFREQ_DT=y
CONFIG_CPUFREQ_DT_PLATDEV=y
CONFIG_CPU_FREQ_DEFAULT_GOV_SCHEDUTIL=y

TC01_Normal_CPUFreq: PASSED


TC02-Normal: CPUFreq is available for changing freq
TC02_Normal_CPUFreq.0/cpu1: checking 'scaling_available_frequencies' exists in '/sys/devices/system/cpu/cpu1/cpufreq'...OK
TC02_Normal_CPUFreq.1/cpu1: checking 'scaling_cur_freq' exists in '/sys/devices/system/cpu/cpu1/cpufreq'...OK
TC02_Normal_CPUFreq.2/cpu1: checking 'scaling_setspeed' exists in '/sys/devices/system/cpu/cpu1/cpufreq'...OK
TC02_Normal_CPUFreq.0/cpu2: checking 'scaling_available_frequencies' exists in '/sys/devices/system/cpu/cpu2/cpufreq'...OK
TC02_Normal_CPUFreq.1/cpu2: checking 'scaling_cur_freq' exists in '/sys/devices/system/cpu/cpu2/cpufreq'...OK
TC02_Normal_CPUFreq.2/cpu2: checking 'scaling_setspeed' exists in '/sys/devices/system/cpu/cpu2/cpufreq'...OK
TC02_Normal_CPUFreq.0/cpu3: checking 'scaling_available_frequencies' exists in '/sys/devices/system/cpu/cpu3/cpufreq'...OK
TC02_Normal_CPUFreq.1/cpu3: checking 'scaling_cur_freq' exists in '/sys/devices/system/cpu/cpu3/cpufreq'...OK
TC02_Normal_CPUFreq.2/cpu3: checking 'scaling_setspeed' exists in '/sys/devices/system/cpu/cpu3/cpufreq'...OK
TC02_Normal_CPUFreq.0/cpu4: checking 'scaling_available_frequencies' exists in '/sys/devices/system/cpu/cpu4/cpufreq'...OK
TC02_Normal_CPUFreq.1/cpu4: checking 'scaling_cur_freq' exists in '/sys/devices/system/cpu/cpu4/cpufreq'...OK
TC02_Normal_CPUFreq.2/cpu4: checking 'scaling_setspeed' exists in '/sys/devices/system/cpu/cpu4/cpufreq'...OK
TC02_Normal_CPUFreq.0/cpu5: checking 'scaling_available_frequencies' exists in '/sys/devices/system/cpu/cpu5/cpufreq'...OK
TC02_Normal_CPUFreq.1/cpu5: checking 'scaling_cur_freq' exists in '/sys/devices/system/cpu/cpu5/cpufreq'...OK
TC02_Normal_CPUFreq.2/cpu5: checking 'scaling_setspeed' exists in '/sys/devices/system/cpu/cpu5/cpufreq'...OK
TC02_Normal_CPUFreq.0/cpu6: checking 'scaling_available_frequencies' exists in '/sys/devices/system/cpu/cpu6/cpufreq'...OK
TC02_Normal_CPUFreq.1/cpu6: checking 'scaling_cur_freq' exists in '/sys/devices/system/cpu/cpu6/cpufreq'...OK
TC02_Normal_CPUFreq.2/cpu6: checking 'scaling_setspeed' exists in '/sys/devices/system/cpu/cpu6/cpufreq'...OK
TC02_Normal_CPUFreq.0/cpu7: checking 'scaling_available_frequencies' exists in '/sys/devices/system/cpu/cpu7/cpufreq'...OK
TC02_Normal_CPUFreq.1/cpu7: checking 'scaling_cur_freq' exists in '/sys/devices/system/cpu/cpu7/cpufreq'...OK
TC02_Normal_CPUFreq.2/cpu7: checking 'scaling_setspeed' exists in '/sys/devices/system/cpu/cpu7/cpufreq'...OK

TC02_Normal_CPUFreq: PASSED


TC03-Normal: CPUFreq is available for governors

TC03_Normal_CPUFreq.0/cpu1: checking 'scaling_available_governors' exists in '/sys/devices/system/cpu/cpu1/cpufreq'...OK
TC03_Normal_CPUFreq.1/cpu1: checking 'scaling_governor' exists in '/sys/devices/system/cpu/cpu1/cpufreq'...OK
TC03_Normal_CPUFreq.0/cpu2: checking 'scaling_available_governors' exists in '/sys/devices/system/cpu/cpu2/cpufreq'...OK
TC03_Normal_CPUFreq.1/cpu2: checking 'scaling_governor' exists in '/sys/devices/system/cpu/cpu2/cpufreq'...OK
TC03_Normal_CPUFreq.0/cpu3: checking 'scaling_available_governors' exists in '/sys/devices/system/cpu/cpu3/cpufreq'...OK
TC03_Normal_CPUFreq.1/cpu3: checking 'scaling_governor' exists in '/sys/devices/system/cpu/cpu3/cpufreq'...OK
TC03_Normal_CPUFreq.0/cpu4: checking 'scaling_available_governors' exists in '/sys/devices/system/cpu/cpu4/cpufreq'...OK
TC03_Normal_CPUFreq.1/cpu4: checking 'scaling_governor' exists in '/sys/devices/system/cpu/cpu4/cpufreq'...OK
TC03_Normal_CPUFreq.0/cpu5: checking 'scaling_available_governors' exists in '/sys/devices/system/cpu/cpu5/cpufreq'...OK
TC03_Normal_CPUFreq.1/cpu5: checking 'scaling_governor' exists in '/sys/devices/system/cpu/cpu5/cpufreq'...OK
TC03_Normal_CPUFreq.0/cpu6: checking 'scaling_available_governors' exists in '/sys/devices/system/cpu/cpu6/cpufreq'...OK
TC03_Normal_CPUFreq.1/cpu6: checking 'scaling_governor' exists in '/sys/devices/system/cpu/cpu6/cpufreq'...OK
TC03_Normal_CPUFreq.0/cpu7: checking 'scaling_available_governors' exists in '/sys/devices/system/cpu/cpu7/cpufreq'...OK
TC03_Normal_CPUFreq.1/cpu7: checking 'scaling_governor' exists in '/sys/devices/system/cpu/cpu7/cpufreq'...OK

TC03_Normal_CPUFreq: PASSED


TC04-Normal Test the governor change is effective

TC04_Normal_CPUFreq.0/cpu1: checking 'performance' has changed to 'conservative'...OK
TC04_Normal_CPUFreq.1/cpu1: checking 'performance' has changed to 'ondemand'...OK
TC04_Normal_CPUFreq.2/cpu1: checking 'performance' has changed to 'userspace'...OK
TC04_Normal_CPUFreq.3/cpu1: checking 'performance' has changed to 'powersave'...OK
TC04_Normal_CPUFreq.4/cpu1: checking 'performance' has changed to 'performance'...OK
TC04_Normal_CPUFreq.5/cpu1: checking 'performance' has changed to 'schedutil'...OK
TC04_Normal_CPUFreq.0/cpu2: checking 'performance' has changed to 'conservative'...OK
TC04_Normal_CPUFreq.1/cpu2: checking 'performance' has changed to 'ondemand'...OK
TC04_Normal_CPUFreq.2/cpu2: checking 'performance' has changed to 'userspace'...OK
TC04_Normal_CPUFreq.3/cpu2: checking 'performance' has changed to 'powersave'...OK
TC04_Normal_CPUFreq.4/cpu2: checking 'performance' has changed to 'performance'...OK
TC04_Normal_CPUFreq.5/cpu2: checking 'performance' has changed to 'schedutil'...OK
TC04_Normal_CPUFreq.0/cpu3: checking 'performance' has changed to 'conservative'...OK
TC04_Normal_CPUFreq.1/cpu3: checking 'performance' has changed to 'ondemand'...OK
TC04_Normal_CPUFreq.2/cpu3: checking 'performance' has changed to 'userspace'...OK
TC04_Normal_CPUFreq.3/cpu3: checking 'performance' has changed to 'powersave'...OK
TC04_Normal_CPUFreq.4/cpu3: checking 'performance' has changed to 'performance'...OK
TC04_Normal_CPUFreq.5/cpu3: checking 'performance' has changed to 'schedutil'...OK
TC04_Normal_CPUFreq.0/cpu4: checking 'performance' has changed to 'conservative'...OK
TC04_Normal_CPUFreq.1/cpu4: checking 'performance' has changed to 'ondemand'...OK
TC04_Normal_CPUFreq.2/cpu4: checking 'performance' has changed to 'userspace'...OK
TC04_Normal_CPUFreq.3/cpu4: checking 'performance' has changed to 'powersave'...OK
TC04_Normal_CPUFreq.4/cpu4: checking 'performance' has changed to 'performance'...OK
TC04_Normal_CPUFreq.5/cpu4: checking 'performance' has changed to 'schedutil'...OK
TC04_Normal_CPUFreq.0/cpu5: checking 'performance' has changed to 'conservative'...OK
TC04_Normal_CPUFreq.1/cpu5: checking 'performance' has changed to 'ondemand'...OK
TC04_Normal_CPUFreq.2/cpu5: checking 'performance' has changed to 'userspace'...OK
TC04_Normal_CPUFreq.3/cpu5: checking 'performance' has changed to 'powersave'...OK
TC04_Normal_CPUFreq.4/cpu5: checking 'performance' has changed to 'performance'...OK
TC04_Normal_CPUFreq.5/cpu5: checking 'performance' has changed to 'schedutil'...OK
TC04_Normal_CPUFreq.0/cpu6: checking 'performance' has changed to 'conservative'...OK
TC04_Normal_CPUFreq.1/cpu6: checking 'performance' has changed to 'ondemand'...OK
TC04_Normal_CPUFreq.2/cpu6: checking 'performance' has changed to 'userspace'...OK
TC04_Normal_CPUFreq.3/cpu6: checking 'performance' has changed to 'powersave'...OK
TC04_Normal_CPUFreq.4/cpu6: checking 'performance' has changed to 'performance'...OK
TC04_Normal_CPUFreq.5/cpu6: checking 'performance' has changed to 'schedutil'...OK
TC04_Normal_CPUFreq.0/cpu7: checking 'performance' has changed to 'conservative'...OK
TC04_Normal_CPUFreq.1/cpu7: checking 'performance' has changed to 'ondemand'...OK
TC04_Normal_CPUFreq.2/cpu7: checking 'performance' has changed to 'userspace'...OK
TC04_Normal_CPUFreq.3/cpu7: checking 'performance' has changed to 'powersave'...OK
TC04_Normal_CPUFreq.4/cpu7: checking 'performance' has changed to 'performance'...OK
TC04_Normal_CPUFreq.5/cpu7: checking 'performance' has changed to 'schedutil'...OK

TC04_Normal_CPUFreq: PASSED


TC05-Normal: Change of freq is effective in 'userspace' mode

TC05_Normal_CPUFreq.0/cpu1: checking current gov is userspace...            OK
TC05_Normal_CPUFreq.1/cpu1: checking '1.500 GHz' has changed to '500 MHz'...OK
TC05_Normal_CPUFreq.2/cpu1: checking current gov is userspace...            OK
TC05_Normal_CPUFreq.3/cpu1: checking '1.500 GHz' has changed to '1000 MHz'...OK
TC05_Normal_CPUFreq.4/cpu1: checking current gov is userspace...            OK
TC05_Normal_CPUFreq.5/cpu1: checking '1.500 GHz' has changed to '1.500 GHz'...OK
TC05_Normal_CPUFreq.0/cpu2: checking current gov is userspace...            OK
TC05_Normal_CPUFreq.1/cpu2: checking '1.500 GHz' has changed to '500 MHz'...OK
TC05_Normal_CPUFreq.2/cpu2: checking current gov is userspace...            OK
TC05_Normal_CPUFreq.3/cpu2: checking '1.500 GHz' has changed to '1000 MHz'...OK
TC05_Normal_CPUFreq.4/cpu2: checking current gov is userspace...            OK
TC05_Normal_CPUFreq.5/cpu2: checking '1.500 GHz' has changed to '1.500 GHz'...OK
TC05_Normal_CPUFreq.0/cpu3: checking current gov is userspace...            OK
TC05_Normal_CPUFreq.1/cpu3: checking '1.500 GHz' has changed to '500 MHz'...OK
TC05_Normal_CPUFreq.2/cpu3: checking current gov is userspace...            OK
TC05_Normal_CPUFreq.3/cpu3: checking '1.500 GHz' has changed to '1000 MHz'...OK
TC05_Normal_CPUFreq.4/cpu3: checking current gov is userspace...            OK
TC05_Normal_CPUFreq.5/cpu3: checking '1.500 GHz' has changed to '1.500 GHz'...OK
TC05_Normal_CPUFreq.0/cpu4: checking current gov is userspace...            OK
TC05_Normal_CPUFreq.1/cpu4: checking '1.200 GHz' has changed to '800 MHz'...OK
TC05_Normal_CPUFreq.2/cpu4: checking current gov is userspace...            OK
TC05_Normal_CPUFreq.3/cpu4: checking '1.200 GHz' has changed to '1000 MHz'...OK
TC05_Normal_CPUFreq.4/cpu4: checking current gov is userspace...            OK
TC05_Normal_CPUFreq.5/cpu4: checking '1.200 GHz' has changed to '1.200 GHz'...OK
TC05_Normal_CPUFreq.0/cpu5: checking current gov is userspace...            OK
TC05_Normal_CPUFreq.1/cpu5: checking '1.200 GHz' has changed to '800 MHz'...OK
TC05_Normal_CPUFreq.2/cpu5: checking current gov is userspace...            OK
TC05_Normal_CPUFreq.3/cpu5: checking '1.200 GHz' has changed to '1000 MHz'...OK
TC05_Normal_CPUFreq.4/cpu5: checking current gov is userspace...            OK
TC05_Normal_CPUFreq.5/cpu5: checking '1.200 GHz' has changed to '1.200 GHz'...OK
TC05_Normal_CPUFreq.0/cpu6: checking current gov is userspace...            OK
TC05_Normal_CPUFreq.1/cpu6: checking '1.200 GHz' has changed to '800 MHz'...OK
TC05_Normal_CPUFreq.2/cpu6: checking current gov is userspace...            OK
TC05_Normal_CPUFreq.3/cpu6: checking '1.200 GHz' has changed to '1000 MHz'...OK
TC05_Normal_CPUFreq.4/cpu6: checking current gov is userspace...            OK
TC05_Normal_CPUFreq.5/cpu6: checking '1.200 GHz' has changed to '1.200 GHz'...OK
TC05_Normal_CPUFreq.0/cpu7: checking current gov is userspace...            OK
TC05_Normal_CPUFreq.1/cpu7: checking '1.200 GHz' has changed to '800 MHz'...OK
TC05_Normal_CPUFreq.2/cpu7: checking current gov is userspace...            OK
TC05_Normal_CPUFreq.3/cpu7: checking '1.200 GHz' has changed to '1000 MHz'...OK
TC05_Normal_CPUFreq.4/cpu7: checking current gov is userspace...            OK
TC05_Normal_CPUFreq.5/cpu7: checking '1.200 GHz' has changed to '1.200 GHz'...OK

TC05_Normal_CPUFreq: PASSED


TC06-Normal: Change of freq is effective in 'userspace' mode with boost enabled

TC06_Normal_CPUFreq.0: checking boost is enabled...                         OK
TC06_Normal_CPUFreq.0/cpu1: checking current gov is userspace...            OK
TC06_Normal_CPUFreq.1/cpu1: checking '1.500 GHz' has changed to '500 MHz'...OK
TC06_Normal_CPUFreq.2/cpu1: checking current gov is userspace...            OK
TC06_Normal_CPUFreq.3/cpu1: checking '1.700 GHz' has changed to '1000 MHz'...OK
TC06_Normal_CPUFreq.4/cpu1: checking current gov is userspace...            OK
TC06_Normal_CPUFreq.5/cpu1: checking '1.700 GHz' has changed to '1.500 GHz'...OK
TC06_Normal_CPUFreq.0/cpu2: checking current gov is userspace...            OK
TC06_Normal_CPUFreq.1/cpu2: checking '1.700 GHz' has changed to '500 MHz'...OK
TC06_Normal_CPUFreq.2/cpu2: checking current gov is userspace...            OK
TC06_Normal_CPUFreq.3/cpu2: checking '1.700 GHz' has changed to '1000 MHz'...OK
TC06_Normal_CPUFreq.4/cpu2: checking current gov is userspace...            OK
TC06_Normal_CPUFreq.5/cpu2: checking '1.700 GHz' has changed to '1.500 GHz'...OK
TC06_Normal_CPUFreq.0/cpu3: checking current gov is userspace...            OK
TC06_Normal_CPUFreq.1/cpu3: checking '1.700 GHz' has changed to '500 MHz'...OK
TC06_Normal_CPUFreq.2/cpu3: checking current gov is userspace...            OK
TC06_Normal_CPUFreq.3/cpu3: checking '1.700 GHz' has changed to '1000 MHz'...OK
TC06_Normal_CPUFreq.4/cpu3: checking current gov is userspace...            OK
TC06_Normal_CPUFreq.5/cpu3: checking '1.700 GHz' has changed to '1.500 GHz'...OK
TC06_Normal_CPUFreq.0/cpu4: checking current gov is userspace...            OK
TC06_Normal_CPUFreq.1/cpu4: checking '1.200 GHz' has changed to '800 MHz'...OK
TC06_Normal_CPUFreq.2/cpu4: checking current gov is userspace...            OK
TC06_Normal_CPUFreq.3/cpu4: checking '1.200 GHz' has changed to '1000 MHz'...OK
TC06_Normal_CPUFreq.4/cpu4: checking current gov is userspace...            OK
TC06_Normal_CPUFreq.5/cpu4: checking '1.200 GHz' has changed to '1.200 GHz'...OK
TC06_Normal_CPUFreq.0/cpu5: checking current gov is userspace...            OK
TC06_Normal_CPUFreq.1/cpu5: checking '1.200 GHz' has changed to '800 MHz'...OK
TC06_Normal_CPUFreq.2/cpu5: checking current gov is userspace...            OK
TC06_Normal_CPUFreq.3/cpu5: checking '1.200 GHz' has changed to '1000 MHz'...OK
TC06_Normal_CPUFreq.4/cpu5: checking current gov is userspace...            OK
TC06_Normal_CPUFreq.5/cpu5: checking '1.200 GHz' has changed to '1.200 GHz'...OK
TC06_Normal_CPUFreq.0/cpu6: checking current gov is userspace...            OK
TC06_Normal_CPUFreq.1/cpu6: checking '1.200 GHz' has changed to '800 MHz'...OK
TC06_Normal_CPUFreq.2/cpu6: checking current gov is userspace...            OK
TC06_Normal_CPUFreq.3/cpu6: checking '1.200 GHz' has changed to '1000 MHz'...OK
TC06_Normal_CPUFreq.4/cpu6: checking current gov is userspace...            OK
TC06_Normal_CPUFreq.5/cpu6: checking '1.200 GHz' has changed to '1.200 GHz'...OK
TC06_Normal_CPUFreq.0/cpu7: checking current gov is userspace...            OK
TC06_Normal_CPUFreq.1/cpu7: checking '1.200 GHz' has changed to '800 MHz'...OK
TC06_Normal_CPUFreq.2/cpu7: checking current gov is userspace...            OK
TC06_Normal_CPUFreq.3/cpu7: checking '1.200 GHz' has changed to '1000 MHz'...OK
TC06_Normal_CPUFreq.4/cpu7: checking current gov is userspace...            OK
TC06_Normal_CPUFreq.5/cpu7: checking '1.200 GHz' has changed to '1.200 GHz'...OK
TC06_Normal_CPUFreq.6/cpu7: checking boost is disabled...                   OK

TC06_Normal_CPUFreq: PASSED


TC07-Normal: Change of Freq affects the performance of a test program

TC07_Normal_CPUFreq.0/cpu1: checking deviation for frequency 500 MHz...     OK
TC07_Normal_CPUFreq.1/cpu1: checking deviation for frequency 1000 MHz...    OK
TC07_Normal_CPUFreq.2/cpu1: checking deviation for frequency 1.500 GHz...   OK
TC07_Normal_CPUFreq.0/cpu2: checking deviation for frequency 500 MHz...     OK
TC07_Normal_CPUFreq.1/cpu2: checking deviation for frequency 1000 MHz...    OK
TC07_Normal_CPUFreq.2/cpu2: checking deviation for frequency 1.500 GHz...   OK
TC07_Normal_CPUFreq.0/cpu3: checking deviation for frequency 500 MHz...     OK
TC07_Normal_CPUFreq.1/cpu3: checking deviation for frequency 1000 MHz...    OK
TC07_Normal_CPUFreq.2/cpu3: checking deviation for frequency 1.500 GHz...   OK
TC07_Normal_CPUFreq.0/cpu4: checking deviation for frequency 800 MHz...     OK
TC07_Normal_CPUFreq.1/cpu4: checking deviation for frequency 1000 MHz...    OK
TC07_Normal_CPUFreq.2/cpu4: checking deviation for frequency 1.200 GHz...   OK
TC07_Normal_CPUFreq.0/cpu5: checking deviation for frequency 800 MHz...     OK
TC07_Normal_CPUFreq.1/cpu5: checking deviation for frequency 1000 MHz...    OK
TC07_Normal_CPUFreq.2/cpu5: checking deviation for frequency 1.200 GHz...   OK
TC07_Normal_CPUFreq.0/cpu6: checking deviation for frequency 800 MHz...     OK
TC07_Normal_CPUFreq.1/cpu6: checking deviation for frequency 1000 MHz...    OK
TC07_Normal_CPUFreq.2/cpu6: checking deviation for frequency 1.200 GHz...   OK
TC07_Normal_CPUFreq.0/cpu7: checking deviation for frequency 800 MHz...     OK
TC07_Normal_CPUFreq.1/cpu7: checking deviation for frequency 1000 MHz...    OK
TC07_Normal_CPUFreq.2/cpu7: checking deviation for frequency 1.200 GHz...   OK
Gov: userspace - Freq: 1500000
Old freq: 1500000
Gov: userspace - Freq: 1500000
Old freq: 1500000
Gov: userspace - Freq: 1500000
Old freq: 1500000
Gov: userspace - Freq: 1200000
Old freq: 1200000
Gov: userspace - Freq: 1200000
Old freq: 1200000
Gov: userspace - Freq: 1200000
Old freq: 1200000
Gov: userspace - Freq: 1200000
Old freq: 1200000

TC07_Normal_CPUFreq: PASSED


TC08-Normal: Test performance governor does not depend on system load

TC08_Normal_CPUFreq.0/cpu1: checking 'performance' sets frequency to 1.500 GHz...OK
TC08_Normal_CPUFreq.1/cpu1: checking 'performance' frequency 1.500 GHz is fixed...OK
./TC08_Normal_CPUFreq.sh: line 12:  3157 Killed                  $CPUCYCLE $cpu
TC08_Normal_CPUFreq.0/cpu2: checking 'performance' sets frequency to 1.500 GHz...OK
TC08_Normal_CPUFreq.1/cpu2: checking 'performance' frequency 1.500 GHz is fixed...OK
./TC08_Normal_CPUFreq.sh: line 12:  3173 Killed                  $CPUCYCLE $cpu
TC08_Normal_CPUFreq.0/cpu3: checking 'performance' sets frequency to 1.500 GHz...OK
TC08_Normal_CPUFreq.1/cpu3: checking 'performance' frequency 1.500 GHz is fixed...OK
./TC08_Normal_CPUFreq.sh: line 12:  3189 Killed                  $CPUCYCLE $cpu
TC08_Normal_CPUFreq.0/cpu4: checking 'performance' sets frequency to 1.200 GHz...OK
TC08_Normal_CPUFreq.1/cpu4: checking 'performance' frequency 1.200 GHz is fixed...OK
./TC08_Normal_CPUFreq.sh: line 12:  3205 Killed                  $CPUCYCLE $cpu
TC08_Normal_CPUFreq.0/cpu5: checking 'performance' sets frequency to 1.200 GHz...OK
TC08_Normal_CPUFreq.1/cpu5: checking 'performance' frequency 1.200 GHz is fixed...OK
./TC08_Normal_CPUFreq.sh: line 12:  3221 Killed                  $CPUCYCLE $cpu
TC08_Normal_CPUFreq.0/cpu6: checking 'performance' sets frequency to 1.200 GHz...OK
TC08_Normal_CPUFreq.1/cpu6: checking 'performance' frequency 1.200 GHz is fixed...OK
./TC08_Normal_CPUFreq.sh: line 12:  3237 Killed                  $CPUCYCLE $cpu
TC08_Normal_CPUFreq.0/cpu7: checking 'performance' sets frequency to 1.200 GHz...OK
TC08_Normal_CPUFreq.1/cpu7: checking 'performance' frequency 1.200 GHz is fixed...OK
./TC08_Normal_CPUFreq.sh: line 49:  3253 Killed                  $CPUCYCLE $cpu

TC08_Normal_CPUFreq: PASSED


TC09-Normal: Test powersave governor does not depend on system load

TC09_Normal_CPUFreq.0/cpu1: checking 'powersave' sets frequency to 500 MHz...OK
TC09_Normal_CPUFreq.1/cpu1: checking 'powersave' frequency 500 MHz is fixed...OK
./TC09_Normal_CPUFreq.sh: line 12:  3305 Killed                  $CPUCYCLE $cpu
TC09_Normal_CPUFreq.0/cpu2: checking 'powersave' sets frequency to 500 MHz...OK
TC09_Normal_CPUFreq.1/cpu2: checking 'powersave' frequency 500 MHz is fixed...OK
./TC09_Normal_CPUFreq.sh: line 12:  3321 Killed                  $CPUCYCLE $cpu
TC09_Normal_CPUFreq.0/cpu3: checking 'powersave' sets frequency to 500 MHz...OK
TC09_Normal_CPUFreq.1/cpu3: checking 'powersave' frequency 500 MHz is fixed...OK
./TC09_Normal_CPUFreq.sh: line 12:  3337 Killed                  $CPUCYCLE $cpu
TC09_Normal_CPUFreq.0/cpu4: checking 'powersave' sets frequency to 800 MHz...OK
TC09_Normal_CPUFreq.1/cpu4: checking 'powersave' frequency 800 MHz is fixed...OK
./TC09_Normal_CPUFreq.sh: line 12:  3353 Killed                  $CPUCYCLE $cpu
TC09_Normal_CPUFreq.0/cpu5: checking 'powersave' sets frequency to 800 MHz...OK
TC09_Normal_CPUFreq.1/cpu5: checking 'powersave' frequency 800 MHz is fixed...OK
./TC09_Normal_CPUFreq.sh: line 12:  3369 Killed                  $CPUCYCLE $cpu
TC09_Normal_CPUFreq.0/cpu6: checking 'powersave' sets frequency to 800 MHz...OK
TC09_Normal_CPUFreq.1/cpu6: checking 'powersave' frequency 800 MHz is fixed...OK
./TC09_Normal_CPUFreq.sh: line 12:  3385 Killed                  $CPUCYCLE $cpu
TC09_Normal_CPUFreq.0/cpu7: checking 'powersave' sets frequency to 800 MHz...OK
TC09_Normal_CPUFreq.1/cpu7: checking 'powersave' frequency 800 MHz is fixed...OK
./TC09_Normal_CPUFreq.sh: line 50:  3401 Killed                  $CPUCYCLE $cpu

TC09_Normal_CPUFreq: PASSED


TC10-Normal: Test ondemand governor depends on system load

TC10_Normal_CPUFreq.0/cpu1: checking current gov is ondemand...             OK
TC10_Normal_CPUFreq.1/cpu1: checking 'ondemand' increase frequency on load...OK
../test_util.sh: line 475:  4336 Killed                  $CPUBURN $cpu
../test_util.sh: line 483:  4337 Killed                  $CPUBURN $cpu
1000000
1500000
TC10_Normal_CPUFreq.2/cpu1: checking 'ondemand' decrease frequency on load...OK
TC10_Normal_CPUFreq.0/cpu2: checking current gov is ondemand...             OK
TC10_Normal_CPUFreq.1/cpu2: checking 'ondemand' increase frequency on load...OK
../test_util.sh: line 483:  4359 Killed                  $CPUBURN $cpu
../test_util.sh: line 483:  4360 Killed                  $CPUBURN $cpu
1000000
1500000
TC10_Normal_CPUFreq.2/cpu2: checking 'ondemand' decrease frequency on load...OK
TC10_Normal_CPUFreq.0/cpu3: checking current gov is ondemand...             OK
TC10_Normal_CPUFreq.1/cpu3: checking 'ondemand' increase frequency on load...OK
../test_util.sh: line 483:  4382 Killed                  $CPUBURN $cpu
../test_util.sh: line 483:  4383 Killed                  $CPUBURN $cpu
1000000
1500000
TC10_Normal_CPUFreq.2/cpu3: checking 'ondemand' decrease frequency on load...OK
TC10_Normal_CPUFreq.0/cpu4: checking current gov is ondemand...             OK
TC10_Normal_CPUFreq.1/cpu4: checking 'ondemand' increase frequency on load...OK
../test_util.sh: line 483:  4405 Killed                  $CPUBURN $cpu
../test_util.sh: line 483:  4406 Killed                  $CPUBURN $cpu
1000000
1200000
TC10_Normal_CPUFreq.2/cpu4: checking 'ondemand' decrease frequency on load...OK
TC10_Normal_CPUFreq.0/cpu5: checking current gov is ondemand...             OK
TC10_Normal_CPUFreq.1/cpu5: checking 'ondemand' increase frequency on load...OK
../test_util.sh: line 483:  4428 Killed                  $CPUBURN $cpu
../test_util.sh: line 483:  4429 Killed                  $CPUBURN $cpu
1000000
1200000
TC10_Normal_CPUFreq.2/cpu5: checking 'ondemand' decrease frequency on load...OK
TC10_Normal_CPUFreq.0/cpu6: checking current gov is ondemand...             OK
TC10_Normal_CPUFreq.1/cpu6: checking 'ondemand' increase frequency on load...OK
../test_util.sh: line 483:  4451 Killed                  $CPUBURN $cpu
../test_util.sh: line 483:  4452 Killed                  $CPUBURN $cpu
1000000
1200000
TC10_Normal_CPUFreq.2/cpu6: checking 'ondemand' decrease frequency on load...OK
TC10_Normal_CPUFreq.0/cpu7: checking current gov is ondemand...             OK
TC10_Normal_CPUFreq.1/cpu7: checking 'ondemand' increase frequency on load...OK
../test_util.sh: line 483:  4474 Killed                  $CPUBURN $cpu
../test_util.sh: line 483:  4475 Killed                  $CPUBURN $cpu
1000000
1200000
TC10_Normal_CPUFreq.2/cpu7: checking 'ondemand' decrease frequency on load...OK

TC10_Normal_CPUFreq: PASSED



TC11-Normal: Test conservative governor depends on system load

TC11_Normal_CPUFreq.0/cpu1: checking current gov is conservative...         OK
TC11_Normal_CPUFreq.1/cpu1: checking 'conservative' increase frequency on load (o: 1500000, n: 1500000...OK
../test_util.sh: line 483:  3647 Killed                  $CPUBURN $cpu
TC11_Normal_CPUFreq.2/cpu1: checking 'conservative' decrease frequency on load (o: 1500000, n: 1000000...OK
TC11_Normal_CPUFreq.0/cpu2: checking current gov is conservative...         OK
TC11_Normal_CPUFreq.1/cpu2: checking 'conservative' increase frequency on load (o: 500000, n: 1500000...OK
../test_util.sh: line 483:  3712 Killed                  $CPUBURN $cpu
TC11_Normal_CPUFreq.2/cpu2: checking 'conservative' decrease frequency on load (o: 1500000, n: 1000000...OK
TC11_Normal_CPUFreq.0/cpu3: checking current gov is conservative...         OK
TC11_Normal_CPUFreq.1/cpu3: checking 'conservative' increase frequency on load (o: 1000000, n: 1500000...OK
../test_util.sh: line 483:  3777 Killed                  $CPUBURN $cpu
TC11_Normal_CPUFreq.2/cpu3: checking 'conservative' decrease frequency on load (o: 1500000, n: 1000000...OK
TC11_Normal_CPUFreq.0/cpu4: checking current gov is conservative...         OK
TC11_Normal_CPUFreq.1/cpu4: checking 'conservative' increase frequency on load (o: 1200000, n: 1200000...OK
../test_util.sh: line 483:  3842 Killed                  $CPUBURN $cpu
TC11_Normal_CPUFreq.2/cpu4: checking 'conservative' decrease frequency on load (o: 1200000, n: 1200000...OK
TC11_Normal_CPUFreq.0/cpu5: checking current gov is conservative...         OK
TC11_Normal_CPUFreq.1/cpu5: checking 'conservative' increase frequency on load (o: 1200000, n: 1200000...OK
../test_util.sh: line 483:  3907 Killed                  $CPUBURN $cpu
TC11_Normal_CPUFreq.2/cpu5: checking 'conservative' decrease frequency on load (o: 1200000, n: 1200000...OK
TC11_Normal_CPUFreq.0/cpu6: checking current gov is conservative...         OK
TC11_Normal_CPUFreq.1/cpu6: checking 'conservative' increase frequency on load (o: 1000000, n: 1200000...OK
../test_util.sh: line 483:  3972 Killed                  $CPUBURN $cpu
TC11_Normal_CPUFreq.2/cpu6: checking 'conservative' decrease frequency on load (o: 1200000, n: 1200000...OK
TC11_Normal_CPUFreq.0/cpu7: checking current gov is conservative...         OK
TC11_Normal_CPUFreq.1/cpu7: checking 'conservative' increase frequency on load (o: 1200000, n: 1200000...OK
../test_util.sh: line 483:  4039 Killed                  $CPUBURN $cpu
TC11_Normal_CPUFreq.2/cpu7: checking 'conservative' decrease frequency on load (o: 1200000, n: 1200000...OK

TC11_Normal_CPUFreq: PASSED


TC12-Normal: Test schedutil governor depends on system load

TC12_Normal_CPUFreq.0/cpu1: checking current gov is schedutil...            OK
TC12_Normal_CPUFreq.1/cpu1: checking 'schedutil' increase frequency on load...OK
../test_util.sh: line 475:  4141 Killed                  $CPUBURN $cpu
TC12_Normal_CPUFreq.2/cpu1: checking 'schedutil' decrease frequency on load...OK
TC12_Normal_CPUFreq.0/cpu2: checking current gov is schedutil...            OK
../test_util.sh: line 475:  4153 Killed                  $CPUBURN $cpu
TC12_Normal_CPUFreq.1/cpu2: checking 'schedutil' decrease frequency on load...OK
TC12_Normal_CPUFreq.0/cpu3: checking current gov is schedutil...            OK
TC12_Normal_CPUFreq.1/cpu3: checking 'schedutil' increase frequency on load...OK
../test_util.sh: line 475:  4184 Killed                  $CPUBURN $cpu
TC12_Normal_CPUFreq.2/cpu3: checking 'schedutil' decrease frequency on load...OK
TC12_Normal_CPUFreq.0/cpu4: checking current gov is schedutil...            OK
TC12_Normal_CPUFreq.1/cpu4: checking 'schedutil' increase frequency on load...OK
../test_util.sh: line 475:  4199 Killed                  $CPUBURN $cpu
TC12_Normal_CPUFreq.2/cpu4: checking 'schedutil' decrease frequency on load...OK
TC12_Normal_CPUFreq.0/cpu5: checking current gov is schedutil...            OK
TC12_Normal_CPUFreq.1/cpu5: checking 'schedutil' increase frequency on load...OK
../test_util.sh: line 475:  4211 Killed                  $CPUBURN $cpu
TC12_Normal_CPUFreq.2/cpu5: checking 'schedutil' decrease frequency on load...OK
TC12_Normal_CPUFreq.0/cpu6: checking current gov is schedutil...            OK
TC12_Normal_CPUFreq.1/cpu6: checking 'schedutil' increase frequency on load...OK
../test_util.sh: line 475:  4223 Killed                  $CPUBURN $cpu
TC12_Normal_CPUFreq.2/cpu6: checking 'schedutil' decrease frequency on load...OK
TC12_Normal_CPUFreq.0/cpu7: checking current gov is schedutil...            OK
TC12_Normal_CPUFreq.1/cpu7: checking 'schedutil' increase frequency on load...OK
../test_util.sh: line 475:  4235 Killed                  $CPUBURN $cpu
TC12_Normal_CPUFreq.2/cpu7: checking 'schedutil' decrease frequency on load...OK
[  512.444878] rd 0-7: Disabling EAS, schedutil is mandatory

TC12_Normal_CPUFreq: PASSED


TC13-Normal: Test freq with OPP table

TC13_Normal_CPUFreq.0: checking boost is enabled...                         OK
TC13_Normal_CPUFreq.1: checking current gov is userspace...                 OK
Index: 0 -- Freq: 1000000000 -- Volt: 830000
Index: 1 -- Freq: 1500000000 -- Volt: 830000
Index: 2 -- Freq: 1600000000 -- Volt: 900000
Index: 3 -- Freq: 1700000000 -- Volt: 960000
Index: 4 -- Freq: 500000000 -- Volt: 830000
CHECKKK regulator.13
Voltage (mV): 830000
TC13_Normal_CPUFreq.2: checking cpu0 changed to new freq 1000000...         OK
TC13_Normal_CPUFreq.3: checking cpu0 changed to new volt 830000...          OK
Expected: Freq = 1000000 MHz -- Volt = 830000 mv
Result:   Freq = 1000000 MHz -- Volt = 830000 mv
CHECKKK regulator.13
Voltage (mV): 830000
TC13_Normal_CPUFreq.4: checking cpu0 changed to new freq 1500000...         OK
TC13_Normal_CPUFreq.5: checking cpu0 changed to new volt 830000...          OK
Expected: Freq = 1500000 MHz -- Volt = 830000 mv
Result:   Freq = 1500000 MHz -- Volt = 830000 mv
CHECKKK regulator.13
Voltage (mV): 900000
TC13_Normal_CPUFreq.6: checking cpu0 changed to new freq 1600000...         OK
TC13_Normal_CPUFreq.7: checking cpu0 changed to new volt 900000...          OK
Expected: Freq = 1600000 MHz -- Volt = 900000 mv
Result:   Freq = 1600000 MHz -- Volt = 900000 mv
CHECKKK regulator.13
Voltage (mV): 960000
TC13_Normal_CPUFreq.8: checking cpu0 changed to new freq 1700000...         OK
TC13_Normal_CPUFreq.9: checking cpu0 changed to new volt 960000...          OK
Expected: Freq = 1700000 MHz -- Volt = 960000 mv
Result:   Freq = 1700000 MHz -- Volt = 960000 mv
CHECKKK regulator.13
Voltage (mV): 830000
TC13_Normal_CPUFreq.10: checking cpu0 changed to new freq 500000...         OK
TC13_Normal_CPUFreq.11: checking cpu0 changed to new volt 830000...         OK
Expected: Freq = 500000 MHz -- Volt = 830000 mv
Result:   Freq = 500000 MHz -- Volt = 830000 mv
TC13_Normal_CPUFreq.12: checking boost is disabled...                       OK

TC13_Normal_CPUFreq: PASSED


TC14-Normal: CPUFreq is in co-existence with CPUHotplug
Current gov: conservative
Current turned on cpus: 0-7
Current turned off cpus:
Turning off CPU: cpu1 in GOVERNOR: conservative
[  520.911521] CPU1: shutdown
[  520.914414] psci: CPU1 killed (polled 0 ms)
TC14_Normal_CPUFreq.0: checking cpu1 is offline...                          OK
Updated turned off cpus: '1'
Current gov: conservative
Current turned on cpus: 0,2-7
Current turned off cpus: 1
Turning off CPU: cpu2 in GOVERNOR: conservative
[  523.299220] CPU2: shutdown
[  523.302180] psci: CPU2 killed (polled 0 ms)
TC14_Normal_CPUFreq.1: checking cpu2 is offline...                          OK
Updated turned off cpus: '1-2'
Current gov: conservative
Current turned on cpus: 0,3-7
Current turned off cpus: 1-2
Turning off CPU: cpu3 in GOVERNOR: conservative
[  525.647072] CPU3: shutdown
[  525.650065] psci: CPU3 killed (polled 0 ms)
TC14_Normal_CPUFreq.2: checking cpu3 is offline...                          OK
Updated turned off cpus: '1-3'
Current gov: conservative
Current turned on cpus: 0,4-7
Current turned off cpus: 1-3
Turning off CPU: cpu4 in GOVERNOR: conservative
[  528.006399] CPU4: shutdown
[  528.009329] psci: CPU4 killed (polled 0 ms)
TC14_Normal_CPUFreq.3: checking cpu4 is offline...                          OK
Updated turned off cpus: '1-4'
Current gov: conservative
Current turned on cpus: 0,5-7
Current turned off cpus: 1-4
Turning off CPU: cpu5 in GOVERNOR: conservative
[  530.366448] CPU5: shutdown
[  530.369402] psci: CPU5 killed (polled 0 ms)
TC14_Normal_CPUFreq.4: checking cpu5 is offline...                          OK
Updated turned off cpus: '1-5'
Current gov: conservative
Current turned on cpus: 0,6-7
Current turned off cpus: 1-5
Turning off CPU: cpu6 in GOVERNOR: conservative
[  532.722798] CPU6: shutdown
[  532.725877] psci: CPU6 killed (polled 0 ms)
TC14_Normal_CPUFreq.5: checking cpu6 is offline...                          OK
Updated turned off cpus: '1-6'
Current gov: conservative
Current turned on cpus: 0,7
Current turned off cpus: 1-6
Turning off CPU: cpu7 in GOVERNOR: conservative
[  535.106926] CPU7: shutdown
[  535.111421] psci: CPU7 killed (polled 0 ms)
TC14_Normal_CPUFreq.6: checking cpu7 is offline...                          OK
Turning on CPU: cpu1 in GOVERNOR: conservative
[  537.309252] Detected PIPT I-cache on CPU1
[  537.309354] CPU1: Booted secondary processor 0x0000000001 [0x411fd073]
TC14_Normal_CPUFreq.7: checking cpu1 is online...                           OK
Turning on CPU: cpu2 in GOVERNOR: conservative
[  539.449112] Detected PIPT I-cache on CPU2
[  539.449244] CPU2: Booted secondary processor 0x0000000002 [0x411fd073]
TC14_Normal_CPUFreq.8: checking cpu2 is online...                           OK
Turning on CPU: cpu3 in GOVERNOR: conservative
[  541.581042] Detected PIPT I-cache on CPU3
[  541.581174] CPU3: Booted secondary processor 0x0000000003 [0x411fd073]
TC14_Normal_CPUFreq.9: checking cpu3 is online...                           OK
Turning on CPU: cpu4 in GOVERNOR: conservative
[  543.729111] Detected VIPT I-cache on CPU4
[  543.729274] CPU4: Booted secondary processor 0x0000000100 [0x410fd034]
TC14_Normal_CPUFreq.10: checking cpu4 is online...                          OK
Turning on CPU: cpu5 in GOVERNOR: conservative
[  545.881136] Detected VIPT I-cache on CPU5
[  545.881289] CPU5: Booted secondary processor 0x0000000101 [0x410fd034]
TC14_Normal_CPUFreq.11: checking cpu5 is online...                          OK
Turning on CPU: cpu6 in GOVERNOR: conservative
[  548.049100] Detected VIPT I-cache on CPU6
[  548.049249] CPU6: Booted secondary processor 0x0000000102 [0x410fd034]
TC14_Normal_CPUFreq.12: checking cpu6 is online...                          OK
Turning on CPU: cpu7 in GOVERNOR: conservative
[  550.201482] Detected VIPT I-cache on CPU7
[  550.201634] CPU7: Booted secondary processor 0x0000000103 [0x410fd034]
TC14_Normal_CPUFreq.13: checking cpu7 is online...                          OK
Current gov: ondemand
Current turned on cpus: 0-7
Current turned off cpus:
Turning off CPU: cpu1 in GOVERNOR: ondemand
[  552.627386] CPU1: shutdown
[  552.630352] psci: CPU1 killed (polled 0 ms)
TC14_Normal_CPUFreq.0: checking cpu1 is offline...                          OK
Updated turned off cpus: '1'
Current gov: ondemand
Current turned on cpus: 0,2-7
Current turned off cpus: 1
Turning off CPU: cpu2 in GOVERNOR: ondemand
[  554.963095] CPU2: shutdown
[  554.966057] psci: CPU2 killed (polled 0 ms)
TC14_Normal_CPUFreq.1: checking cpu2 is offline...                          OK
Updated turned off cpus: '1-2'
Current gov: ondemand
Current turned on cpus: 0,3-7
Current turned off cpus: 1-2
Turning off CPU: cpu3 in GOVERNOR: ondemand
[  557.262029] CPU3: shutdown
[  557.264984] psci: CPU3 killed (polled 0 ms)
TC14_Normal_CPUFreq.2: checking cpu3 is offline...                          OK
Updated turned off cpus: '1-3'
Current gov: ondemand
Current turned on cpus: 0,4-7
Current turned off cpus: 1-3
Turning off CPU: cpu4 in GOVERNOR: ondemand
[  559.574500] CPU4: shutdown
[  559.577460] psci: CPU4 killed (polled 0 ms)
TC14_Normal_CPUFreq.3: checking cpu4 is offline...                          OK
Updated turned off cpus: '1-4'
Current gov: ondemand
Current turned on cpus: 0,5-7
Current turned off cpus: 1-4
Turning off CPU: cpu5 in GOVERNOR: ondemand
[  561.874901] CPU5: shutdown
[  561.877918] psci: CPU5 killed (polled 0 ms)
TC14_Normal_CPUFreq.4: checking cpu5 is offline...                          OK
Updated turned off cpus: '1-5'
Current gov: ondemand
Current turned on cpus: 0,6-7
Current turned off cpus: 1-5
Turning off CPU: cpu6 in GOVERNOR: ondemand
[  564.159143] CPU6: shutdown
[  564.165919] psci: CPU6 killed (polled 0 ms)
TC14_Normal_CPUFreq.5: checking cpu6 is offline...                          OK
Updated turned off cpus: '1-6'
Current gov: ondemand
Current turned on cpus: 0,7
Current turned off cpus: 1-6
Turning off CPU: cpu7 in GOVERNOR: ondemand
[  566.441765] CPU7: shutdown
[  566.446511] psci: CPU7 killed (polled 0 ms)
TC14_Normal_CPUFreq.6: checking cpu7 is offline...                          OK
Turning on CPU: cpu1 in GOVERNOR: ondemand
[  568.544429] Detected PIPT I-cache on CPU1
[  568.544510] CPU1: Booted secondary processor 0x0000000001 [0x411fd073]
TC14_Normal_CPUFreq.7: checking cpu1 is online...                           OK
Turning on CPU: cpu2 in GOVERNOR: ondemand
[  570.656590] Detected PIPT I-cache on CPU2
[  570.656673] CPU2: Booted secondary processor 0x0000000002 [0x411fd073]
TC14_Normal_CPUFreq.8: checking cpu2 is online...                           OK
Turning on CPU: cpu3 in GOVERNOR: ondemand
[  572.760901] Detected PIPT I-cache on CPU3
[  572.761031] CPU3: Booted secondary processor 0x0000000003 [0x411fd073]
TC14_Normal_CPUFreq.9: checking cpu3 is online...                           OK
Turning on CPU: cpu4 in GOVERNOR: ondemand
[  574.885167] Detected VIPT I-cache on CPU4
[  574.885327] CPU4: Booted secondary processor 0x0000000100 [0x410fd034]
TC14_Normal_CPUFreq.10: checking cpu4 is online...                          OK
Turning on CPU: cpu5 in GOVERNOR: ondemand
[  576.980610] Detected VIPT I-cache on CPU5
[  576.980760] CPU5: Booted secondary processor 0x0000000101 [0x410fd034]
TC14_Normal_CPUFreq.11: checking cpu5 is online...                          OK
Turning on CPU: cpu6 in GOVERNOR: ondemand
[  579.112889] Detected VIPT I-cache on CPU6
[  579.113036] CPU6: Booted secondary processor 0x0000000102 [0x410fd034]
TC14_Normal_CPUFreq.12: checking cpu6 is online...                          OK
Turning on CPU: cpu7 in GOVERNOR: ondemand
[  581.245058] Detected VIPT I-cache on CPU7
[  581.245204] CPU7: Booted secondary processor 0x0000000103 [0x410fd034]
TC14_Normal_CPUFreq.13: checking cpu7 is online...                          OK
Current gov: powersave
Current turned on cpus: 0-7
Current turned off cpus:
Turning off CPU: cpu1 in GOVERNOR: powersave
[  583.707162] CPU1: shutdown
[  583.713926] psci: CPU1 killed (polled 0 ms)
TC14_Normal_CPUFreq.0: checking cpu1 is offline...                          OK
Updated turned off cpus: '1'
Current gov: powersave
Current turned on cpus: 0,2-7
Current turned off cpus: 1
Turning off CPU: cpu2 in GOVERNOR: powersave
[  586.079074] CPU2: shutdown
[  586.085834] psci: CPU2 killed (polled 0 ms)
TC14_Normal_CPUFreq.1: checking cpu2 is offline...                          OK
Updated turned off cpus: '1-2'
Current gov: powersave
Current turned on cpus: 0,3-7
Current turned off cpus: 1-2
Turning off CPU: cpu3 in GOVERNOR: powersave
[  588.442891] CPU3: shutdown
[  588.449628] psci: CPU3 killed (polled 0 ms)
TC14_Normal_CPUFreq.2: checking cpu3 is offline...                          OK
Updated turned off cpus: '1-3'
Current gov: powersave
Current turned on cpus: 0,4-7
Current turned off cpus: 1-3
Turning off CPU: cpu4 in GOVERNOR: powersave
[  590.795052] CPU4: shutdown
[  590.801822] psci: CPU4 killed (polled 0 ms)
TC14_Normal_CPUFreq.3: checking cpu4 is offline...                          OK
Updated turned off cpus: '1-4'
Current gov: powersave
Current turned on cpus: 0,5-7
Current turned off cpus: 1-4
Turning off CPU: cpu5 in GOVERNOR: powersave
[  593.143043] CPU5: shutdown
[  593.147997] psci: CPU5 killed (polled 0 ms)
TC14_Normal_CPUFreq.4: checking cpu5 is offline...                          OK
Updated turned off cpus: '1-5'
Current gov: powersave
Current turned on cpus: 0,6-7
Current turned off cpus: 1-5
Turning off CPU: cpu6 in GOVERNOR: powersave
[  595.495021] CPU6: shutdown
[  595.501634] psci: CPU6 killed (polled 0 ms)
TC14_Normal_CPUFreq.5: checking cpu6 is offline...                          OK
Updated turned off cpus: '1-6'
Current gov: powersave
Current turned on cpus: 0,7
Current turned off cpus: 1-6
Turning off CPU: cpu7 in GOVERNOR: powersave
[  597.847507] CPU7: shutdown
[  597.860127] psci: CPU7 killed (polled 0 ms)
TC14_Normal_CPUFreq.6: checking cpu7 is offline...                          OK
Turning on CPU: cpu1 in GOVERNOR: powersave
[  600.205073] Detected PIPT I-cache on CPU1
[  600.205209] CPU1: Booted secondary processor 0x0000000001 [0x411fd073]
TC14_Normal_CPUFreq.7: checking cpu1 is online...                           OK
Turning on CPU: cpu2 in GOVERNOR: powersave
[  602.345027] Detected PIPT I-cache on CPU2
[  602.345164] CPU2: Booted secondary processor 0x0000000002 [0x411fd073]
TC14_Normal_CPUFreq.8: checking cpu2 is online...                           OK
Turning on CPU: cpu3 in GOVERNOR: powersave
[  604.477024] Detected PIPT I-cache on CPU3
[  604.477151] CPU3: Booted secondary processor 0x0000000003 [0x411fd073]
TC14_Normal_CPUFreq.9: checking cpu3 is online...                           OK
Turning on CPU: cpu4 in GOVERNOR: powersave
[  606.609061] Detected VIPT I-cache on CPU4
[  606.609222] CPU4: Booted secondary processor 0x0000000100 [0x410fd034]
TC14_Normal_CPUFreq.10: checking cpu4 is online...                          OK
Turning on CPU: cpu5 in GOVERNOR: powersave
[  608.748982] Detected VIPT I-cache on CPU5
[  608.749121] CPU5: Booted secondary processor 0x0000000101 [0x410fd034]
TC14_Normal_CPUFreq.11: checking cpu5 is online...                          OK
Turning on CPU: cpu6 in GOVERNOR: powersave
[  610.884899] Detected VIPT I-cache on CPU6
[  610.885041] CPU6: Booted secondary processor 0x0000000102 [0x410fd034]
TC14_Normal_CPUFreq.12: checking cpu6 is online...                          OK
Turning on CPU: cpu7 in GOVERNOR: powersave
[  613.028789] Detected VIPT I-cache on CPU7
[  613.028935] CPU7: Booted secondary processor 0x0000000103 [0x410fd034]
