NOTICE:  BL2: R-Car Gen3 Initial Program Loader(CA57) Rev.4.0.0
NOTICE:  BL2: PRR is R-Car M3 Ver.1.1 / Ver.1.2
NOTICE:  BL2: Board is Salvator-XS Rev.1.0
NOTICE:  BL2: Boot device is HyperFlash(160MHz)
NOTICE:  BL2: LCM state is CM
NOTICE:  AVS setting succeeded. DVFS_SetVID=0x53
NOTICE:  BL2: DDR3200(rev.0.42)
NOTICE:  BL2: [COLD_BOOT]
NOTICE:  BL2: DRAM Split is 2ch
NOTICE:  BL2: QoS is default setting(rev.0.04)
NOTICE:  BL2: DRAM refresh interval 1.95 usec
NOTICE:  BL2: Periodic Write DQ Training
NOTICE:  BL2: CH0: 400000000 - 47fffffff, 2 GiB
NOTICE:  BL2: CH2: 600000000 - 67fffffff, 2 GiB
NOTICE:  BL2: Lossy Decomp areas
NOTICE:       Entry 0: DCMPAREACRAx:0x80000540 DCMPAREACRBx:0x570
NOTICE:       Entry 1: DCMPAREACRAx:0x40000000 DCMPAREACRBx:0x0
NOTICE:       Entry 2: DCMPAREACRAx:0x20000000 DCMPAREACRBx:0x0
NOTICE:  BL2: FDT at 0xe6325f78
NOTICE:  BL2: v2.9(release):9cdb21f75-dirty
NOTICE:  BL2: Built : 09:24:53, Jul 23 2024
NOTICE:  BL2: Normal boot
NOTICE:  BL2: dst=0xe6325800 src=0x8180000 len=512(0x200)
NOTICE:  BL2: dst=0x43f00000 src=0x8180400 len=6144(0x1800)
NOTICE:  rcar_file_len: len: 0x0003e000
NOTICE:  BL2: dst=0x44000000 src=0x81c0000 len=253952(0x3e000)
NOTICE:  rcar_file_len: len: 0x00200000
NOTICE:  BL2: dst=0x44100000 src=0x8200000 len=2097152(0x200000)
NOTICE:  rcar_file_len: len: 0x00100000
NOTICE:  BL2: dst=0x50000000 src=0x8640000 len=1048576(0x100000)
NOTICE:  BL2: Booting BL31


U-Boot 2020.10 (Aug 06 2024 - 13:13:28 +0000)

CPU: Renesas Electronics R8A7796 rev 1.1/rev 1.2
Model: Renesas Salvator-X 2nd version board based on r8a77960
DRAM:  3.9 GiB
RAM Configuration:
Bank #0: 0x048000000 - 0x0bfffffff, 1.9 GiB
Bank #1: 0x600000000 - 0x67fffffff, 2 GiB

MMC:   sd@ee100000: 0, sd@ee140000: 1, sd@ee160000: 2
Loading Environment from MMC... OK
In:    serial@e6e88000
Out:   serial@e6e88000
Err:   serial@e6e88000
Net:   eth0: ethernet@e6800000
Hit any key to stop autoboot:  3  2  0 
=> pr
LONG_bootargs=rw root=/dev/nfs nfsroot=192.168.8.8:/tftpboot/long.trinh-tien/M3_full/rootfs_2,nfsvers=4 ip=192.168.8.20 baudrate=115200
baudrate=115200
bootaddr=0x48080000 - 0x48000000
bootargs=rw root=/dev/nfs nfsroot=192.168.8.8:/tftpboot/long.trinh-tien/rootfs_wt_yocto,nfsvers=4 ip=192.168.8.20 baudrate=115200
bootcmd=run bootcmd_LONG_tftp
bootcmd_LONG_tftp=setenv bootargs ${LONG_bootargs} ; tftp 0x48080000 long.trinh-tien/M3_full/Image ; tftp 0x48000000 long.trinh-tien/M3_full/${dtb};booti 0x48080000 - 0x48000000
bootcmd_kernel_sdcard=fatload mmc 0 ${loadaddr} ${imagefile};fatload mmc 0 ${dtbaddr} ${dtbfile};booti ${bootaddr}
bootcmd_kernel_tftp=tftp ${loadaddr} ${imagefile};tftp ${dtbaddr} ${dtbfile};booti ${bootaddr}
bootcmd_tftp=tftp 0x48080000 thuanha/M3/Image;tftp 0x48000000 thuanha/M3/${dtb};booti 0x48080000 - 0x48000000
bootcmd_vinh=tftp 0x48080000 ${vinhdir}/Image_f1notoff;tftp 0x48000000 ${vinhdir}/r8a77960-salvator-xs.dtb; booti 0x48080000 - 0x48000000
bootdelay=3
dnsip=255.255.255.0
dtb=r8a77960-salvator-xs.dtb
dtbaddr=0x48000000
dtbfile=/tl_store/r4297/r8a7796_ipmmu_on_cmm_on.dtb
ethact=ethernet@e6800000
ethaddr=2E:09:0A:02:EA:D0
fdt_high=0xffffffffffffffff
fdtcontroladdr=bbeefe80
fileaddr=48080000
filesize=27a6a00
gatewayip=255.255.255.0
hostname=phongluu
imagefile=/tl_store/hang.bin
initrd_high=0xffffffffffffffff
intargs=setenv bootargs device=0 ether=${ethaddr} ipaddr=${ipaddr} netmask=${netmask} gateway=${gatewayip} nameserver=${dnsip} hostname=${hostname}
ipaddr=192.168.8.59
loadaddr=0x48080000
netmask=255.255.255.0
platform=r8a7796
serverip=192.168.8.8
setintargs=setenv bootargs device=0 ether=${ethaddr} ipaddr=${ipaddr} netmask=${netmask} gateway=${gatewayip} nameserver=${dnsip} hostname=${hostname}
stderr=serial@e6e88000
stdin=serial@e6e88000
stdout=serial@e6e88000
ver=U-Boot 2020.10 (Aug 06 2024 - 13:13:28 +0000)
vinhdir=vinhsunguyen/bsp/pm-swwa/final

Environment size: 1910/131068 bytes
=> boot
ethernet@e6800000 Waiting for PHY auto negotiation to complete......... done
Using ethernet@e6800000 device
TFTP from server 192.168.8.8; our IP address is 192.168.8.59
Filename 'long.trinh-tien/M3_full/Image'.
Load address: 0x48080000
Loading: *#################################################################
	 #################################################################
	 #################################################################
	 #################################################################
	 #################################################################
	 #################################################################
	 #################################################################
	 #################################################################
	 #################################################################
	 #################################################################
	 #################################################################
	 #################################################################
	 #################################################################
	 #################################################################
	 #################################################################
	 #################################################################
	 #################################################################
	 #################################################################
	 #################################################################
	 #################################################################
	 #################################################################
	 #################################################################
	 #################################################################
	 #################################################################
	 #################################################################
	 #################################################################
	 #################################################################
	 #################################################################
	 #################################################################
	 #################################################################
	 #################################################################
	 #################################################################
	 #################################################################
	 #################################################################
	 #################################################################
	 ######################
	 2.3 MiB/s
done
Bytes transferred = 33714688 (2027200 hex)
Using ethernet@e6800000 device
TFTP from server 192.168.8.8; our IP address is 192.168.8.59
Filename 'long.trinh-tien/M3_full/r8a77960-salvator-xs.dtb'.
Load address: 0x48000000
Loading: *######
	 2.8 MiB/s
done
Bytes transferred = 81461 (13e35 hex)
Moving Image from 0x48080000 to 0x48200000, end=4a2b0000
## Flattened Device Tree blob at 48000000
   Booting using the fdt blob at 0x48000000
   Using Device Tree in place at 0000000048000000, end 0000000048016e34

Starting kernel ...

[    0.000000] Booting Linux on physical CPU 0x0000000000 [0x411fd073]
[    0.000000] Linux version 5.10.218-yocto-standard (oe-user@oe-host) (aarch64-poky-linux-gcc (GCC) 13.2.0, GNU ld (GNU Binutils) 2.42.0.20240216) #1 SMP PREEMPT Mon Jul 1 02:50:10 UTC 2024
[    0.000000] Machine model: Renesas Salvator-X 2nd version board based on r8a77960
[    0.000000] efi: UEFI not found.
[    0.000000] Reserved memory: created CMA memory pool at 0x0000000057000000, size 16 MiB
[    0.000000] OF: reserved mem: initialized node linux,adsp@57000000, compatible id shared-dma-pool
[    0.000000] Reserved memory: created CMA memory pool at 0x0000000058000000, size 384 MiB
[    0.000000] OF: reserved mem: initialized node linux,cma@58000000, compatible id shared-dma-pool
[    0.000000] Reserved memory: created CMA memory pool at 0x0000000070000000, size 256 MiB
[    0.000000] OF: reserved mem: initialized node linux,multimedia@70000000, compatible id shared-dma-pool
[    0.000000] NUMA: No NUMA configuration found
[    0.000000] NUMA: Faking a node at [mem 0x0000000048000000-0x000000067fffffff]
[    0.000000] NUMA: NODE_DATA [mem 0x67f7e8b00-0x67f7eafff]
[    0.000000] Zone ranges:
[    0.000000]   DMA      [mem 0x0000000048000000-0x00000000ffffffff]
[    0.000000]   DMA32    empty
[    0.000000]   Normal   [mem 0x0000000100000000-0x000000067fffffff]
[    0.000000] Movable zone start for each node
[    0.000000] Early memory node ranges
[    0.000000]   node   0: [mem 0x0000000048000000-0x0000000053ffffff]
[    0.000000]   node   0: [mem 0x0000000054000000-0x0000000056ffffff]
[    0.000000]   node   0: [mem 0x0000000057000000-0x00000000bfffffff]
[    0.000000]   node   0: [mem 0x0000000600000000-0x000000067fffffff]
[    0.000000] Initmem setup node 0 [mem 0x0000000048000000-0x000000067fffffff]
[    0.000000] psci: probing for conduit method from DT.
[    0.000000] psci: PSCIv1.1 detected in firmware.
[    0.000000] psci: Using standard PSCI v0.2 function IDs
[    0.000000] psci: Trusted OS resident on physical CPU 0x0
[    0.000000] psci: SMC Calling Convention v1.2
[    0.000000] percpu: Embedded 23 pages/cpu s56984 r8192 d29032 u94208
[    0.000000] Detected PIPT I-cache on CPU0
[    0.000000] CPU features: detected: EL2 vector hardening
[    0.000000] CPU features: detected: Spectre-v2
[    0.000000] CPU features: detected: ARM errata 1165522, 1319367, or 1530923
[    0.000000] CPU features: detected: Spectre-BHB
[    0.000000] CPU features: detected: ARM erratum 1742098
[    0.000000] Built 1 zonelists, mobility grouping on.  Total pages: 999936
[    0.000000] Policy zone: Normal
[    0.000000] Kernel command line: rw root=/dev/nfs nfsroot=192.168.8.8:/tftpboot/long.trinh-tien/M3_full/rootfs_2,nfsvers=4 ip=192.168.8.20 baudrate=115200
[    0.000000] Dentry cache hash table entries: 524288 (order: 10, 4194304 bytes, linear)
[    0.000000] Inode-cache hash table entries: 262144 (order: 9, 2097152 bytes, linear)
[    0.000000] mem auto-init: stack:all(zero), heap alloc:off, heap free:off
[    0.000000] software IO TLB: mapped [mem 0x00000000bc000000-0x00000000c0000000] (64MB)
[    0.000000] Memory: 3162340K/4063232K available (15552K kernel code, 2844K rwdata, 8256K rodata, 6144K init, 524K bss, 229148K reserved, 671744K cma-reserved)
[    0.000000] SLUB: HWalign=64, Order=0-3, MinObjects=0, CPUs=6, Nodes=1
[    0.000000] rcu: Preemptible hierarchical RCU implementation.
[    0.000000] rcu: 	RCU event tracing is enabled.
[    0.000000] rcu: 	RCU restricting CPUs from NR_CPUS=256 to nr_cpu_ids=6.
[    0.000000] 	Trampoline variant of Tasks RCU enabled.
[    0.000000] rcu: RCU calculated value of scheduler-enlistment delay is 25 jiffies.
[    0.000000] rcu: Adjusting geometry for rcu_fanout_leaf=16, nr_cpu_ids=6
[    0.000000] NR_IRQS: 64, nr_irqs: 64, preallocated irqs: 0
[    0.000000] arch_timer: cp15 timer(s) running at 8.32MHz (virt).
[    0.000000] clocksource: arch_sys_counter: mask: 0xffffffffffffff max_cycles: 0x1eb398c07, max_idle_ns: 440795202503 ns
[    0.000003] sched_clock: 56 bits at 8MHz, resolution 120ns, wraps every 2199023255503ns
[    0.000225] Console: colour dummy device 80x25
[    0.000421] printk: console [tty0] enabled
[    0.000500] Calibrating delay loop (skipped), value calculated using timer frequency.. 16.64 BogoMIPS (lpj=33280)
[    0.000517] pid_max: default: 32768 minimum: 301
[    0.000571] LSM: Security Framework initializing
[    0.000633] Mount-cache hash table entries: 8192 (order: 4, 65536 bytes, linear)
[    0.000662] Mountpoint-cache hash table entries: 8192 (order: 4, 65536 bytes, linear)
[    0.002082] rcu: Hierarchical SRCU implementation.
[    0.003821] Detected Renesas R-Car Gen3 r8a7796 ES1.1/ES1.2
[    0.005774] EFI services will not be available.
[    0.006113] smp: Bringing up secondary CPUs ...
[    0.006593] Detected PIPT I-cache on CPU1
[    0.006646] CPU1: Booted secondary processor 0x0000000001 [0x411fd073]
[    0.007185] CPU features: detected: ARM erratum 845719
[    0.007199] Detected VIPT I-cache on CPU2
[    0.007256] CPU2: Booted secondary processor 0x0000000100 [0x410fd034]
[    0.007755] Detected VIPT I-cache on CPU3
[    0.007782] CPU3: Booted secondary processor 0x0000000101 [0x410fd034]
[    0.008275] Detected VIPT I-cache on CPU4
[    0.008301] CPU4: Booted secondary processor 0x0000000102 [0x410fd034]
[    0.008775] Detected VIPT I-cache on CPU5
[    0.008802] CPU5: Booted secondary processor 0x0000000103 [0x410fd034]
[    0.008883] smp: Brought up 1 node, 6 CPUs
[    0.008933] SMP: Total of 6 processors activated.
[    0.008940] CPU features: detected: 32-bit EL0 Support
[    0.008947] CPU features: detected: CRC32 instructions
[    0.008955] CPU features: detected: 32-bit EL1 Support
[    0.022028] CPU: All CPU(s) started at EL1
[    0.022086] alternatives: patching kernel code
[    0.023109] devtmpfs: initialized
[    0.029200] KASLR disabled due to lack of seed
[    0.029366] clocksource: jiffies: mask: 0xffffffff max_cycles: 0xffffffff, max_idle_ns: 7645041785100000 ns
[    0.029392] futex hash table entries: 2048 (order: 5, 131072 bytes, linear)
[    0.038880] pinctrl core: initialized pinctrl subsystem
[    0.040379] DMI not present or invalid.
[    0.040860] NET: Registered protocol family 16
[    0.041658] DMA: preallocated 512 KiB GFP_KERNEL pool for atomic allocations
[    0.041764] DMA: preallocated 512 KiB GFP_KERNEL|GFP_DMA pool for atomic allocations
[    0.041907] DMA: preallocated 512 KiB GFP_KERNEL|GFP_DMA32 pool for atomic allocations
[    0.041951] audit: initializing netlink subsys (disabled)
[    0.042128] audit: type=2000 audit(0.040:1): state=initialized audit_enabled=0 res=1
[    0.043302] thermal_sys: Registered thermal governor 'power_allocator'
[    0.043880] cpuidle: using governor menu
[    0.044033] hw-breakpoint: found 6 breakpoint and 4 watchpoint registers.
[    0.044137] ASID allocator initialised with 65536 entries
[    0.045592] Serial: AMBA PL011 UART driver
[    0.083611] sh-pfc e6060000.pinctrl: r8a77960_pfc support registered
[    0.096349] HugeTLB registered 1.00 GiB page size, pre-allocated 0 pages
[    0.096363] HugeTLB registered 32.0 MiB page size, pre-allocated 0 pages
[    0.096370] HugeTLB registered 2.00 MiB page size, pre-allocated 0 pages
[    0.096377] HugeTLB registered 64.0 KiB page size, pre-allocated 0 pages
[    0.097441] cryptd: max_cpu_qlen set to 1000
[    0.099780] ACPI: Interpreter disabled.
[    0.103620] rcar-avs: use avs value: 0
[    0.103642] rcar-avs: cpu@0 is running with: opp_table0
[    0.103651] rcar-avs: cpu@1 is running with: opp_table0
[    0.103739] rcar-avs: gsx@fd000000 is running with: gsx_opp_table0
[    0.105185] iommu: Default domain type: Translated 
[    0.105823] ipmmu-vmsa e67b0000.iommu: IPMMU context 0 is reserved
[    0.106868] vgaarb: loaded
[    0.107079] SCSI subsystem initialized
[    0.107332] usbcore: registered new interface driver usbfs
[    0.107358] usbcore: registered new interface driver hub
[    0.107382] usbcore: registered new device driver usb
[    0.111154] i2c-sh_mobile e60b0000.i2c: I2C adapter 7, bus speed 400000 Hz
[    0.111701] mc: Linux media interface: v0.10
[    0.111732] videodev: Linux video capture interface: v2.00
[    0.111781] pps_core: LinuxPPS API ver. 1 registered
[    0.111789] pps_core: Software ver. 5.3.6 - Copyright 2005-2007 Rodolfo Giometti <giometti@linux.it>
[    0.111802] PTP clock support registered
[    0.111991] EDAC MC: Ver: 3.0.0
[    0.113884] FPGA manager framework
[    0.113951] Advanced Linux Sound Architecture Driver Initialized.
[    0.114481] clocksource: Switched to clocksource arch_sys_counter
[    0.114632] VFS: Disk quotas dquot_6.6.0
[    0.114679] VFS: Dquot-cache hash table entries: 512 (order 0, 4096 bytes)
[    0.114894] pnp: PnP ACPI: disabled
[    0.118897] NET: Registered protocol family 2
[    0.119149] IP idents hash table entries: 65536 (order: 7, 524288 bytes, linear)
[    0.120379] tcp_listen_portaddr_hash hash table entries: 2048 (order: 3, 32768 bytes, linear)
[    0.120431] TCP established hash table entries: 32768 (order: 6, 262144 bytes, linear)
[    0.120578] TCP bind hash table entries: 32768 (order: 7, 524288 bytes, linear)
[    0.120868] TCP: Hash tables configured (established 32768 bind 32768)
[    0.120983] UDP hash table entries: 2048 (order: 4, 65536 bytes, linear)
[    0.121049] UDP-Lite hash table entries: 2048 (order: 4, 65536 bytes, linear)
[    0.121213] NET: Registered protocol family 1
[    0.121544] RPC: Registered named UNIX socket transport module.
[    0.121556] RPC: Registered udp transport module.
[    0.121562] RPC: Registered tcp transport module.
[    0.121568] RPC: Registered tcp NFSv4.1 backchannel transport module.
[    0.121581] PCI: CLS 0 bytes, default 64
[    0.122510] hw perfevents: enabled with armv8_cortex_a53 PMU driver, 7 counters available
[    0.122757] hw perfevents: enabled with armv8_cortex_a57 PMU driver, 7 counters available
[    0.123274] kvm [1]: HYP mode not available
[    0.126224] Initialise system trusted keyrings
[    0.126345] workingset: timestamp_bits=42 max_order=20 bucket_order=0
[    0.129424] squashfs: version 4.0 (2009/01/31) Phillip Lougher
[    0.129834] NFS: Registering the id_resolver key type
[    0.129867] Key type id_resolver registered
[    0.129873] Key type id_legacy registered
[    0.129928] nfs4filelayout_init: NFSv4 File Layout Driver Registering...
[    0.129938] nfs4flexfilelayout_init: NFSv4 Flexfile Layout Driver Registering...
[    0.130051] 9p: Installing v9fs 9p2000 file system support
[    0.156515] Key type asymmetric registered
[    0.156529] Asymmetric key parser 'x509' registered
[    0.156560] Block layer SCSI generic (bsg) driver version 0.4 loaded (major 243)
[    0.156571] io scheduler mq-deadline registered
[    0.156581] io scheduler kyber registered
[    0.169737] gpio_rcar e6050000.gpio: driving 16 GPIOs
[    0.170131] gpio_rcar e6051000.gpio: driving 29 GPIOs
[    0.170405] gpio_rcar e6052000.gpio: driving 15 GPIOs
[    0.170748] gpio_rcar e6053000.gpio: driving 16 GPIOs
[    0.171013] gpio_rcar e6054000.gpio: driving 18 GPIOs
[    0.171306] gpio_rcar e6055000.gpio: driving 26 GPIOs
[    0.171562] gpio_rcar e6055400.gpio: driving 32 GPIOs
[    0.171839] gpio_rcar e6055800.gpio: driving 4 GPIOs
[    0.174584] rcar-pcie fe000000.pcie: host bridge /soc/pcie@fe000000 ranges:
[    0.174617] rcar-pcie fe000000.pcie:       IO 0x00fe100000..0x00fe1fffff -> 0x0000000000
[    0.174639] rcar-pcie fe000000.pcie:      MEM 0x00fe200000..0x00fe3fffff -> 0x00fe200000
[    0.174657] rcar-pcie fe000000.pcie:      MEM 0x0030000000..0x0037ffffff -> 0x0030000000
[    0.174670] rcar-pcie fe000000.pcie:      MEM 0x0038000000..0x003fffffff -> 0x0038000000
[    0.174686] rcar-pcie fe000000.pcie:   IB MEM 0x0040000000..0x00bfffffff -> 0x0040000000
[    0.174734] rcar-pcie fe000000.pcie: no pcie3v3 regulator found
[    0.174744] rcar-pcie fe000000.pcie: no pcie1v8 regulator found
[    0.242195] rcar-pcie fe000000.pcie: PCIe link down
[    0.242379] rcar-pcie ee800000.pcie: host bridge /soc/pcie@ee800000 ranges:
[    0.242402] rcar-pcie ee800000.pcie:       IO 0x00ee900000..0x00ee9fffff -> 0x0000000000
[    0.242420] rcar-pcie ee800000.pcie:      MEM 0x00eea00000..0x00eebfffff -> 0x00eea00000
[    0.242437] rcar-pcie ee800000.pcie:      MEM 0x00c0000000..0x00c7ffffff -> 0x00c0000000
[    0.242450] rcar-pcie ee800000.pcie:      MEM 0x00c8000000..0x00cfffffff -> 0x00c8000000
[    0.242465] rcar-pcie ee800000.pcie:   IB MEM 0x0040000000..0x00bfffffff -> 0x0040000000
[    0.242520] rcar-pcie ee800000.pcie: no pcie3v3 regulator found
[    0.242529] rcar-pcie ee800000.pcie: no pcie1v8 regulator found
[    0.310179] rcar-pcie ee800000.pcie: PCIe link down
[    0.312369] EINJ: ACPI disabled.
[    0.343857] Serial: 8250/16550 driver, 4 ports, IRQ sharing enabled
[    0.346202] SuperH (H)SCI(F) driver initialized
[    0.346656] e6550000.serial: ttySC1 at MMIO 0xe6550000 (irq = 40, base_baud = 0) is a hscif
[    0.347475] e6e88000.serial: ttySC0 at MMIO 0xe6e88000 (irq = 123, base_baud = 0) is a scif
[    1.505625] printk: console [ttySC0] enabled
[    1.511119] msm_serial: driver initialized
[    1.521225] rcar-dw-hdmi fead0000.hdmi: Detected HDMI TX controller v2.01a with HDCP (DWC HDMI 2.0 TX PHY)
[    1.531159] rcar-dw-hdmi fead0000.hdmi: registered DesignWare HDMI I2C bus driver
[    1.546446] loop: module loaded
[    1.551071] megasas: 07.714.04.00-rc1
[    1.560491] tun: Universal TUN/TAP device driver, 1.6
[    1.566401] thunder_xcv, ver 1.0
[    1.569669] thunder_bgx, ver 1.0
[    1.572918] nicpf, ver 1.0
[    1.576894] hclge is initializing
[    1.580235] hns3: Hisilicon Ethernet Network Driver for Hip08 Family - version
[    1.587458] hns3: Copyright (c) 2017 Huawei Corporation.
[    1.592798] e1000: Intel(R) PRO/1000 Network Driver
[    1.597677] e1000: Copyright (c) 1999-2006 Intel Corporation.
[    1.603446] e1000e: Intel(R) PRO/1000 Network Driver
[    1.608411] e1000e: Copyright(c) 1999 - 2015 Intel Corporation.
[    1.614350] igb: Intel(R) Gigabit Ethernet Network Driver
[    1.619749] igb: Copyright (c) 2007-2014 Intel Corporation.
[    1.625335] igbvf: Intel(R) Gigabit Virtual Function Network Driver
[    1.631601] igbvf: Copyright (c) 2009 - 2012 Intel Corporation.
[    1.637905] sky2: driver version 1.30
[    1.645594] ravb e6800000.ethernet eth0: Base address at 0xe6800000, 2e:09:0a:02:ea:d0, IRQ 120.
[    1.655832] VFIO - User Level meta-driver version: 0.3
[    1.662874] ehci_hcd: USB 2.0 'Enhanced' Host Controller (EHCI) Driver
[    1.669417] ehci-pci: EHCI PCI platform driver
[    1.673881] ehci-platform: EHCI generic platform driver
[    1.679647] ehci-platform ee0a0100.usb: EHCI Host Controller
[    1.685336] ehci-platform ee0a0100.usb: new USB bus registered, assigned bus number 1
[    1.693251] ehci-platform ee0a0100.usb: irq 170, io mem 0xee0a0100
[    1.714488] ehci-platform ee0a0100.usb: USB 2.0 started, EHCI 1.10
[    1.721034] hub 1-0:1.0: USB hub found
[    1.724808] hub 1-0:1.0: 1 port detected
[    1.729234] ehci-orion: EHCI orion driver
[    1.733509] ehci-exynos: EHCI Exynos driver
[    1.737814] ohci_hcd: USB 1.1 'Open' Host Controller (OHCI) Driver
[    1.744014] ohci-pci: OHCI PCI platform driver
[    1.748506] ohci-platform: OHCI generic platform driver
[    1.754099] ohci-platform ee0a0000.usb: Generic Platform OHCI controller
[    1.760823] ohci-platform ee0a0000.usb: new USB bus registered, assigned bus number 2
[    1.768730] ohci-platform ee0a0000.usb: irq 170, io mem 0xee0a0000
[    1.864810] hub 2-0:1.0: USB hub found
[    1.868582] hub 2-0:1.0: 1 port detected
[    1.872938] ohci-exynos: OHCI Exynos driver
[    1.877802] xhci-hcd ee000000.usb: xHCI Host Controller
[    1.883050] xhci-hcd ee000000.usb: new USB bus registered, assigned bus number 3
[    1.906319] xhci-hcd ee000000.usb: hcc params 0x014051ce hci version 0x100 quirks 0x0000000000830410
[    1.915498] xhci-hcd ee000000.usb: irq 167, io mem 0xee000000
[    1.921361] xhci-hcd ee000000.usb: xHCI Host Controller
[    1.926595] xhci-hcd ee000000.usb: new USB bus registered, assigned bus number 4
[    1.933998] xhci-hcd ee000000.usb: Host supports USB 3.0 SuperSpeed
[    1.940593] hub 3-0:1.0: USB hub found
[    1.944368] hub 3-0:1.0: 1 port detected
[    1.948462] usb usb4: We don't know the algorithms for LPM for this host, disabling LPM.
[    1.956818] hub 4-0:1.0: USB hub found
[    1.960590] hub 4-0:1.0: 1 port detected
[    1.965421] usbcore: registered new interface driver usb-storage
[    1.972980] renesas_usbhs e6590000.usb: host probed
[    1.977876] renesas_usbhs e6590000.usb: no transceiver found
[    1.983608] renesas_usbhs e6590000.usb: gadget probed
[    1.988837] renesas_usbhs e6590000.usb: probed
[    1.995606] i2c /dev entries driver
[    2.010221] cs2000-cp 2-004f: revision - C1
[    2.014487] i2c-rcar e6510000.i2c: probed
[    2.019423] pca953x 4-0020: supply vcc not found, using dummy regulator
[    2.026136] pca953x 4-0020: using no AI
[    2.036926] i2c-rcar e66d8000.i2c: probed
[    2.042313] adv748x 4-0070: Endpoint /soc/i2c@e66d8000/video-receiver@70/port@7/endpoint on port 7
[    2.051302] adv748x 4-0070: Endpoint /soc/i2c@e66d8000/video-receiver@70/port@8/endpoint on port 8
[    2.060272] adv748x 4-0070: Endpoint /soc/i2c@e66d8000/video-receiver@70/port@a/endpoint on port 10
[    2.069340] adv748x 4-0070: Endpoint /soc/i2c@e66d8000/video-receiver@70/port@b/endpoint on port 11
[    2.078732] adv748x 4-0070: chip found @ 0xe0 revision 2143
[    2.131776] rcar-csi2 fea80000.csi2: 1 lanes found
[    2.136970] rcar-csi2 feaa0000.csi2: 4 lanes found
[    2.146605] rcar-vin e6ef0000.video: Device registered as video0
[    2.152701] rcar-vin e6ef1000.video: Device registered as video1
[    2.158784] rcar-vin e6ef2000.video: Device registered as video2
[    2.164855] rcar-vin e6ef3000.video: Device registered as video3
[    2.170934] rcar-vin e6ef4000.video: Device registered as video4
[    2.177012] rcar-vin e6ef5000.video: Device registered as video5
[    2.183089] rcar-vin e6ef6000.video: Device registered as video6
[    2.189166] rcar-vin e6ef7000.video: Device registered as video7
[    2.195853] usbcore: registered new interface driver uvcvideo
[    2.201614] USB Video Class driver (1.1.1)
[    2.207714] rcar_gen3_thermal e6198000.thermal: is using pseudo fixed FUSE values
[    2.219844] rcar_gen3_thermal e6198000.thermal: TSC0: Loaded 1 trip points
[    2.231257] rcar_gen3_thermal e6198000.thermal: TSC1: Loaded 1 trip points
[    2.242510] rcar_gen3_thermal e6198000.thermal: TSC2: Loaded 3 trip points
[    2.254404] sdhci: Secure Digital Host Controller Interface driver
[    2.260615] sdhci: Copyright(c) Pierre Ossman
[    2.265871] renesas_sdhi_internal_dmac ee100000.mmc: Got CD GPIO
[    2.271916] renesas_sdhi_internal_dmac ee100000.mmc: Got WP GPIO
[    2.283024] renesas_sdhi_internal_dmac ee140000.mmc: Adding to iommu group 0
[    2.290109] renesas_sdhi_internal_dmac ee140000.mmc: Using IPMMU context 1
[    2.345944] renesas_sdhi_internal_dmac ee140000.mmc: mmc0 base at 0x00000000ee140000, max clock rate 200 MHz
[    2.356556] renesas_sdhi_internal_dmac ee160000.mmc: Got CD GPIO
[    2.362625] renesas_sdhi_internal_dmac ee160000.mmc: Got WP GPIO
[    2.371203] Synopsys Designware Multimedia Card Interface Driver
[    2.378438] sdhci-pltfm: SDHCI platform and OF driver helper
[    2.386046] ledtrig-cpu: registered to indicate activity on CPUs
[    2.392822] SMCCC: SOC_ID: ARCH_SOC_ID not implemented, skipping ....
[    2.399839] usbcore: registered new interface driver usbhid
[    2.405418] usbhid: USB HID core driver
[    2.412635] optee: probing for conduit method.
[    2.417105] optee: revision 3.22 (314ecf9d)
[    2.417621] optee driver R-Car Rev.1.0.11
[    2.426210] optee: dynamic shared memory is enabled
[    2.431391] optee: initialized driver
[    2.435047] mmc0: new HS200 MMC card at address 0001
[    2.440881] mmcblk0: mmc0:0001 BGSD3R 29.1 GiB 
[    2.445863] mmcblk0boot0: mmc0:0001 BGSD3R partition 1 16.0 MiB
[    2.452193] mmcblk0boot1: mmc0:0001 BGSD3R partition 2 16.0 MiB
[    2.458227] mmcblk0rpmb: mmc0:0001 BGSD3R partition 3 4.00 MiB, chardev (509:0)
[    2.469238]  mmcblk0: p1 p2 p3 p4 p5 p6 p7 p8 p9 p10 p11 p12 p13 p14 p15 p16 p17 p18
[    2.470103] rcar_sound ec500000.sound: probed
[    2.482194] rcar_adsp_sound adsp_sound: probed
[    2.487094] NET: Registered protocol family 17
[    2.491665] 9pnet: Installing 9P2000 support
[    2.496000] Key type dns_resolver registered
[    2.500609] registered taskstats version 1
[    2.504729] Loading compiled-in X.509 certificates
[    2.518738] thermal emergency: set temperature to 110 celsius
[    2.524673] thermal emergency: shutdown target cpus 1-5
[    2.529903] thermal emergency: freq scaled target cpus 0
[    2.535582] renesas_irqc e61c0000.interrupt-controller: driving 6 irqs
[    2.582513] ehci-platform ee080100.usb: EHCI Host Controller
[    2.588211] ehci-platform ee080100.usb: new USB bus registered, assigned bus number 5
[    2.596119] ehci-platform ee080100.usb: irq 169, io mem 0xee080100
[    2.614490] ehci-platform ee080100.usb: USB 2.0 started, EHCI 1.10
[    2.621129] hub 5-0:1.0: USB hub found
[    2.624904] hub 5-0:1.0: 1 port detected
[    2.630259] ohci-platform ee080000.usb: Generic Platform OHCI controller
[    2.636995] ohci-platform ee080000.usb: new USB bus registered, assigned bus number 6
[    2.644890] ohci-platform ee080000.usb: irq 169, io mem 0xee080000
[    2.740849] hub 6-0:1.0: USB hub found
[    2.744622] hub 6-0:1.0: 1 port detected
[    2.749967] cpu cpu0: EM: created perf domain
[    2.755006] cpu cpu2: EM: created perf domain
[    2.762166] renesas_sdhi_internal_dmac ee100000.mmc: Got CD GPIO
[    2.768243] renesas_sdhi_internal_dmac ee100000.mmc: Got WP GPIO
[    2.823249] renesas_sdhi_internal_dmac ee100000.mmc: mmc1 base at 0x00000000ee100000, max clock rate 200 MHz
[    2.835585] renesas_sdhi_internal_dmac ee160000.mmc: Got CD GPIO
[    2.841655] renesas_sdhi_internal_dmac ee160000.mmc: Got WP GPIO
[    2.896250] renesas_sdhi_internal_dmac ee160000.mmc: mmc2 base at 0x00000000ee160000, max clock rate 200 MHz
[    2.917632] [drm] Initialized rcar-du 1.0.0 20130110 for feb00000.display on minor 0
[    2.925422] [drm] Device feb00000.display probed
[    2.970536] Console: switching to colour frame buffer device 128x48
[    2.995882] rcar-du feb00000.display: [drm] fb0: rcar-dudrmfb frame buffer device
[    3.005762] input: keys as /devices/platform/keys/input/input0
[    3.085346] Micrel KSZ9031 Gigabit PHY e6800000.ethernet-ffffffff:00: attached PHY driver [Micrel KSZ9031 Gigabit PHY] (mii_bus:phy_addr=e6800000.ethernet-ffffffff:00, irq=175)
[    9.635394] ravb e6800000.ethernet eth0: Link is Up - 1Gbps/Full - flow control off
[    9.662606] IP-Config: Guessing netmask 255.255.255.0
[    9.667770] IP-Config: Complete:
[    9.671079]      device=eth0, hwaddr=2e:09:0a:02:ea:d0, ipaddr=192.168.8.20, mask=255.255.255.0, gw=255.255.255.255
[    9.681726]      host=192.168.8.20, domain=, nis-domain=(none)
[    9.687682]      bootserver=255.255.255.255, rootserver=192.168.8.8, rootpath=
[    9.687929] clk: Disabling unused clocks
[    9.699789] ALSA device list:
[    9.702822]   #0: rcar-sound
[   10.760138] VFS: Mounted root (nfs4 filesystem) on device 0:22.
[   10.767058] devtmpfs: mounted
[   10.773276] Freeing unused kernel memory: 6144K
[   10.802635] Run /sbin/init as init process
[   11.798841] systemd[1]: System time before build time, advancing clock.
[   11.946078] NET: Registered protocol family 10
[   11.956100] Segment Routing with IPv6
[   12.032529] systemd[1]: systemd 255.4^ running in system mode (+PAM -AUDIT -SELINUX -APPARMOR +IMA -SMACK +SECCOMP -GCRYPT -GNUTLS -OPENSSL +ACL +BLKID -CURL -ELFUTILS -FIDO2 -IDN2 -IDN -IPTC +KMOD -LIBCRYPTSETUP +LIBFDISK -PCRE2 -PWQUALITY -P11KIT -QRENCODE -TPM2 -BZIP2 -LZ4 -XZ -ZLIB +ZSTD -BPF_FRAMEWORK -XKBCOMMON +UTMP +SYSVINIT default-hierarchy=unified)
[   12.074032] systemd[1]: Detected architecture arm64.

Welcome to Poky (Yocto Project Reference Distro) 5.0 (scarthgap)!

[   12.109887] systemd[1]: Hostname set to <salvator-x>.
[   12.314515] random: crng init done
[   12.338938] systemd-sysv-generator[298]: SysV service '/etc/init.d/umountnfs.sh' lacks a native systemd unit file. ~ Automatically generating a unit file for compatibility. Please update package to include a native systemd unit file, in order to make it safe, robust and future-proof. ! This compatibility logic is deprecated, expect removal soon. !
[   12.394684] systemd-sysv-generator[298]: SysV service '/etc/init.d/set_default_governor.sh' lacks a native systemd unit file. ~ Automatically generating a unit file for compatibility. Please update package to include a native systemd unit file, in order to make it safe, robust and future-proof. ! This compatibility logic is deprecated, expect removal soon. !
[   12.450320] systemd-sysv-generator[298]: SysV service '/etc/init.d/umountfs' lacks a native systemd unit file. ~ Automatically generating a unit file for compatibility. Please update package to include a native systemd unit file, in order to make it safe, robust and future-proof. ! This compatibility logic is deprecated, expect removal soon. !
[   12.492576] systemd-sysv-generator[298]: SysV service '/etc/init.d/save-rtc.sh' lacks a native systemd unit file. ~ Automatically generating a unit file for compatibility. Please update package to include a native systemd unit file, in order to make it safe, robust and future-proof. ! This compatibility logic is deprecated, expect removal soon. !
[   12.532489] systemd-sysv-generator[298]: SysV service '/etc/init.d/reboot' lacks a native systemd unit file. ~ Automatically generating a unit file for compatibility. Please update package to include a native systemd unit file, in order to make it safe, robust and future-proof. ! This compatibility logic is deprecated, expect removal soon. !
[   12.567526] systemd-sysv-generator[298]: SysV service '/etc/init.d/halt' lacks a native systemd unit file. ~ Automatically generating a unit file for compatibility. Please update package to include a native systemd unit file, in order to make it safe, robust and future-proof. ! This compatibility logic is deprecated, expect removal soon. !
[   12.602665] systemd-sysv-generator[298]: SysV service '/etc/init.d/sendsigs' lacks a native systemd unit file. ~ Automatically generating a unit file for compatibility. Please update package to include a native systemd unit file, in order to make it safe, robust and future-proof. ! This compatibility logic is deprecated, expect removal soon. !
[   12.639598] systemd-sysv-generator[298]: SysV service '/etc/init.d/single' lacks a native systemd unit file. ~ Automatically generating a unit file for compatibility. Please update package to include a native systemd unit file, in order to make it safe, robust and future-proof. ! This compatibility logic is deprecated, expect removal soon. !
[   12.675091] systemd-sysv-generator[298]: SysV service '/etc/init.d/pvrinit' lacks a native systemd unit file. ~ Automatically generating a unit file for compatibility. Please update package to include a native systemd unit file, in order to make it safe, robust and future-proof. ! This compatibility logic is deprecated, expect removal soon. !
[   12.715970] systemd-sysv-generator[298]: SysV service '/etc/init.d/dropbear' lacks a native systemd unit file. ~ Automatically generating a unit file for compatibility. Please update package to include a native systemd unit file, in order to make it safe, robust and future-proof. ! This compatibility logic is deprecated, expect removal soon. !
[   13.801460] systemd[1]: Queued start job for default target Graphical Interface.
[   13.873994] systemd[1]: Created slice Slice /system/getty.
[  OK  ] Created slice Slice /system/getty.
[   13.909383] systemd[1]: Created slice Slice /system/modprobe.
[  OK  ] Created slice Slice /system/modprobe.
[   13.941637] systemd[1]: Created slice Slice /system/serial-getty.
[  OK  ] Created slice Slice /system/serial-getty.
[   13.972534] systemd[1]: Created slice User and Session Slice.
[  OK  ] Created slice User and Session Slice.
[   14.003284] systemd[1]: Started Dispatch Password Requests to Console Directory Watch.
[  OK  ] Started Dispatch Password Requests to Console Directory Watch.
[   14.035017] systemd[1]: Started Forward Password Requests to Wall Directory Watch.
[  OK  ] Started Forward Password Requests to Wall Directory Watch.
[   14.066948] systemd[1]: Reached target Path Units.
[  OK  ] Reached target Path Units.
[   14.094724] systemd[1]: Reached target Remote File Systems.
[  OK  ] Reached target Remote File Systems.
[   14.122680] systemd[1]: Reached target Slice Units.
[  OK  ] Reached target Slice Units.
[   14.150702] systemd[1]: Reached target Swaps.
[  OK  ] Reached target Swaps.
[   14.177058] systemd[1]: Listening on RPCbind Server Activation Socket.
[  OK  ] Listening on RPCbind Server Activation Socket.
[   14.206827] systemd[1]: Reached target RPC Port Mapper.
[  OK  ] Reached target RPC Port Mapper.
[   14.239743] systemd[1]: Listening on Syslog Socket.
[  OK  ] Listening on Syslog Socket.
[   14.267307] systemd[1]: Listening on initctl Compatibility Named Pipe.
[  OK  ] Listening on initctl Compatibility Named Pipe.
[   14.301864] systemd[1]: Listening on Journal Audit Socket.
[  OK  ] Listening on Journal Audit Socket.
[   14.327709] systemd[1]: Listening on Journal Socket (/dev/log).
[  OK  ] Listening on Journal Socket (/dev/log).
[   14.355701] systemd[1]: Listening on Journal Socket.
[  OK  ] Listening on Journal Socket.
[   14.384878] systemd[1]: Listening on Network Service Netlink Socket.
[  OK  ] Listening on Network Service Netlink Socket.
[   14.420025] systemd[1]: Listening on udev Control Socket.
[  OK  ] Listening on udev Control Socket.
[   14.447670] systemd[1]: Listening on udev Kernel Socket.
[  OK  ] Listening on udev Kernel Socket.
[   14.476982] systemd[1]: Listening on User Database Manager Socket.
[  OK  ] Listening on User Database Manager Socket.
[   14.511693] systemd[1]: Mounting Huge Pages File System...
         Mounting Huge Pages File System...
[   14.545197] systemd[1]: Mounting POSIX Message Queue File System...
         Mounting POSIX Message Queue File System...
[   14.575561] systemd[1]: Mounting Kernel Debug File System...
         Mounting Kernel Debug File System...
[   14.599278] systemd[1]: Kernel Trace File System was skipped because of an unmet condition check (ConditionPathExists=/sys/kernel/tracing).
[   14.628632] systemd[1]: Mounting Temporary Directory /tmp...
         Mounting Temporary Directory /tmp...
[   14.655938] systemd[1]: Create List of Static Device Nodes was skipped because of an unmet condition check (ConditionFileNotEmpty=/lib/modules/5.10.218-yocto-standard/modules.devname).
[   14.687967] systemd[1]: Starting Load Kernel Module configfs...
         Starting Load Kernel Module configfs...
[   14.720376] systemd[1]: Starting Load Kernel Module drm...
         Starting Load Kernel Module drm...
[   14.747990] systemd[1]: Starting Load Kernel Module fuse...
         Starting Load Kernel Module fuse...
[   14.780144] systemd[1]: Starting RPC Bind...
         Starting RPC Bind...
[   14.803814] systemd[1]: File System Check on Root Device was skipped because of an unmet condition check (ConditionPathIsReadWrite=!/).
[   14.824485] systemd[1]: systemd-journald.service: unit configures an IP firewall, but the local system does not support BPF/cgroup firewalling.
[   14.844007] systemd[1]: systemd-journald.service: (This warning is only shown for the first unit using IP firewalling.)
[   14.862796] systemd[1]: Starting Journal Service...
         Starting Journal Service...
[   14.911267] systemd[1]: Starting Load Kernel Modules...
         Starting Load Kernel Modules...
[   14.939722] systemd[1]: Starting Generate network units from Kernel command line...
         Starting Generate network units from Kernel command line...
[   14.973671] systemd[1]: Starting Remount Root and Kernel File Systems...
         Starting Remount Root and Kernel File Systems...
[   15.007756] systemd[1]: Starting Create Static Device Nodes in /dev gracefully...
         Starting Create Static Device Nodes in /dev gracefully...
[   15.025655] systemd-journald[309]: Collecting audit messages is enabled.
[   15.042288] systemd[1]: Starting Coldplug All udev Devices...
         Starting Coldplug All udev Devices...
[   15.062203] vspm: loading out-of-tree module taints kernel.
[   15.081356] systemd[1]: Started RPC Bind.
[  OK  ] Started RPC Bind.
[   15.104262] systemd[1]: Mounted Huge Pages File System.
[  OK  ] Moun[   15.114530] systemd[1]: Mounted POSIX Message Queue File System.
ted Huge Pages File System.
[  OK  ] Mounted POSIX Message Queue File System.
[   15.155490] systemd[1]: Started Journal Service.
[  OK  ] Started Journal Service.
[  OK  ] Mounted Kernel Debug File System.
[  OK  ] Mounted Temporary Directory /tmp.
[  OK  ] Finished Load Kernel Module configfs.
[  OK  ] Finished Load Kernel Module drm.
[  OK  ] Finished Load Kernel Module fuse.
[  OK  ] Finished Load Kernel Modules.
[FAILED] Failed to start Generate network units from Kernel command line.
See 'systemctl status systemd-network-generator.service' for details.
[  OK  ] Finished Remount Root and Kernel File Systems.
[  OK  ] Finished Create Static Device Nodes in /dev gracefully.
[  OK  ] Reached target Preparation for Network.
         Mounting Kernel Configuration File System...
         Starting Flush Journal to Persistent Storage...
         Starting Apply Kernel Variables...
         Starting Create Static Device Nodes in /dev...
[   15.496157] systemd-journald[309]: Received client request to flush runtime journal.
[  OK  ] Mounted Kernel Configuration File System.
[  OK  ] Finished Flush Journal to Persistent Storage.
[  OK  ] Finished Create Static Device Nodes in /dev.
[  OK  ] Finished Apply Kernel Variables.
[  OK  ] Reached target Preparation for Local File Systems.
         Mounting /var/volatile...
         Starting Rule-based Manager for Device Events and Files...
[  OK  ] Mounted /var/volatile.
         Starting Load/Save OS Random Seed...
[  OK  ] Reached target Local File Systems.
         Starting Create Volatile Files and Directories...
[  OK  ] Finished Load/Save OS Random Seed.
[  OK  ] Started Rule-based Manager for Device Events and Files.
         Starting Network Configuration...
         Starting User Database Manager...
[   16.042032] ravb_streaming/searching for ravb interface
[  OK  ] Finished Co[   16.052794] ravb_streaming/init: start(eth0)
ldplug All udev Devices.
[   16.123565] ravb_streaming/init: success
[   16.151576] ravb-mch ec5a0100.avb-mch: probe: start
[  OK  ] Finished Create Volatile Files and Directories.
[   16.238146] ravb-mch ec5a0100.avb-mch: probe: success
[  OK  ] Started User Database Manager.
[  OK  ] Reached target Hardware activated USB gadget.
[   16.597214] adsp ec800000.adsp: assigned reserved memory node linux,adsp@57000000
[   16.632272] adsp ec800000.adsp: virt_addr=0000000016b802b9 phy_addr=0x57000000 size=16777216
         Starting    16.644367] XF-IPC: ADSP rate set to 532480000
39mNetwork Name Resolution...
         Starting Network Time Synchronization...
[   16.698204] XF-FW: received firmware (202922 bytes)
         Starting    16.707070] XF-IPC: fill firmware area: 57100000[200884]
39mRecord System Boot/Shutdown in UTMP...
[   16.717889] XF-IPC: fill firmware area: ece80000[1992]
[   16.726254] XF: proxy-0 debug interface created
[   16.733575] XF-IPC: DSP start-up sequence completed
[   16.740061] XF: Xtensa DSP Proxy driver registered
[   16.747285] XF: client-1 created: 00000000322dc3d8
[   16.753733] ADSP base thread has been started.
[   16.757522] ADSP base was created
[  OK  ] Created slice Slice /system/weston.
         Starting Load Kernel Module fuse...
         Starting Generate network units from Kernel command line...
[  OK  ] Finished Record System Boot/Shutdown in UTMP.
[  OK  ] Finished Load Kernel Module fuse.
[FAILED] Failed to start Generate network units from Kernel command line.
See 'systemctl status systemd-network-generator.service' for details.
         Starting Virtual Console Setup...
[  OK  ] Started Network Configuration.
[  OK  ] Started Network Name Resolution.
[  OK  ] Reached target Network.
[  OK  ] Reached target Host and Network Name Lookups.
         Starting Load Kernel Module fuse...
         Starting Generate network units from Kernel command line...
[  OK  ] Started Network Time Synchronization.
[  OK  ] Finished Load Kernel Module fuse.
[  OK  ] Reached target System Time Set.
[FAILED] Failed to start Generate network units from Kernel command line.
See 'systemctl status systemd-network-generator.service' for details.
[  OK  ] Finished Virtual Console Setup.
[  OK  ] Reached target System Initialization.
[  OK  ] Started Daily Cleanup of Temporary Directories.
[  OK  ] Reached target Timer Units.
[  OK  ] Listening on Avahi mDNS/DNS-SD Stack Activation Socket.
[  OK  ] Listening on D-Bus System Message Bus Socket.
[  OK  ] Listening on dropbear.socket.
[  OK  ] Reached target Socket Units.
[  OK  ] Reached target Basic System.
         Starting Save/Restore Sound Card State...
         Starting Avahi mDNS/DNS-SD Stack...
[  OK  ] Started Kernel Logging Service.
[  OK  ] Started System Logging Service.
         Starting D-Bus System Message Bus...
[  OK  ] Started optee services.
         Starting pvrinit.service...
         Starting PowerVR consumer services...
         Starting User Login Management...
         Starting Permit User Sessions...
[  OK  ] Finished Save/Restore Sound Card State.
[  OK  ] Reached target Sound Card.
[  OK  ] Finished Permit User Sessions.
[  OK  ] Started Getty on tty1.
[  OK  ] Started Serial Getty on ttySC0.
[  OK  ] Reached target Login Prompts.
[   18.249596] PVR_K:  506: Read BVNC 4.45.2.58 from HW device registers
[   18.258219] PVR_K:  506: RGX Device registered with BVNC 4.45.2.58
[   18.267081] pvrsrvkm fd000000.gsx: Found 4 OPP points.
[   18.273475] pvrsrvkm fd000000.gsx: opp[1/4]: (200000000 Hz, 830000 uV)
[   18.280825] pvrsrvkm fd000000.gsx: opp[2/4]: (300000000 Hz, 830000 uV)
[   18.288205] pvrsrvkm fd000000.gsx: opp[3/4]: (400000000 Hz, 830000 uV)
[   18.295540] pvrsrvkm fd000000.gsx: opp[4/4]: (600000000 Hz, 830000 uV)
[   18.302870] DVFS : Changed GPU clock to 600000000 [Hz]
[   18.321119] PVR_K:  506: RGX Firmware image 'rgx.fw.4.45.2.58' loaded
[   18.375197] PVR_K:  506: Shader binary image 'rgx.sh.4.45.2.58' loaded
[   18.384619] [drm] Initialized pvr 1.15.6052913 20170530 for fd000000.gsx on minor 1
[  OK  ] Started User Login Management.
[  OK  ] Started D-Bus System Message Bus.
[  OK  ] Started pvrinit.service.
[  OK  ] Finished PowerVR consumer services.
         Starting set_default_governor.service...
[  OK  ] Started Avahi mDNS/DNS-SD Stack.
[   18.622793] rd 0-5: Disabling EAS, schedutil is mandatory
[  OK  ] Started set_default_governor.service.
[  OK  ] Reached target Multi-User System.
[  OK  ] Reached target Graphical Interface.
         Starting Record Runlevel Change in UTMP...
[  OK  ] Started Weston Wayland Compositor.
[  OK  ] Finished Record Runlevel Change in UTMP.
[   19.178938] audit: type=1006 audit(1724056483.357:2): pid=538 uid=0 old-auid=4294967295 auid=0 tty=(none) old-ses=4294967295 ses=1 res=1

Poky (Yocto Project Reference Distro) 5.0 salvator-x ttySC0

salvator-x login: root

WARNING: Poky is a reference Yocto Project distribution that should be used for
testing and development purposes only. It is recommended that you create your
own distribution for production use.

root@salvator-x:~# modprobe -a mmngr mmngrbuf[   39.902626] SDHI0 VccQ: disabling
[   39.905965] SDHI3 VccQ: disabling

[   40.154256] rgnmm_drv mmngr: assigned reserved memory node linux,multimedia@70000000
root@salvator-x:~# cd v4l2-TP/Gen3_vsp2_tp
root@salvator-x:~/v4l2-TP/Gen3_vsp2_tp# ./testSusres.sh &
[1] 559
root@salvator-x:~/v4l2-TP/Gen3_vsp2_tp# 0001

## ./vsp2_tp_m3 for M3 start ( Build : Jul 22 2024 04:52:34 ) ...



driver name is [fe960000.vsp]



- dev rpf.0   = /dev/video8

- dev rpf.1   = /dev/video9

- dev rpf.2   = /dev/video10

- dev rpf.3   = /dev/video11

- dev rpf.4   = /dev/video12

- dev wpf.0   = /dev/video13



- bru   = /dev/v4l-subdev6

- lut   = /dev/v4l-subdev7

- clu   = /dev/v4l-subdev8

- hgo   = /dev/v4l-subdev9

- rpf.0 = /dev/v4l-subdev10

- rpf.1 = /dev/v4l-subdev11

- rpf.2 = /dev/v4l-subdev12

- rpf.3 = /dev/v4l-subdev13

- rpf.4 = /dev/v4l-subdev14

- wpf.0 = /dev/v4l-subdev15


## change media ##

  soc:vsp2@vspmvspb0  ->  fe960000.vsp


## success ##


default File Output        = on

checksum error File Output = on

## success ##


@@ ----------------------------------------------

@@ MBRU = 1.2.1.5

@@ ----------------------------------------------

device open = /dev/video8

device open = /dev/video9

device open = /dev/video10

device open = /dev/video11

device open = /dev/video12

device open = /dev/video13

Input  File = 1280_720_ARGB32.argb

Input  File = 800_600_ARGB32.argb

Input  File = 640_480_ARGB32.argb

Input  File = 400_200_ARGB32.argb

Input  File = 100_50_ARGB32.argb

Output File = 1.2.1.5#1280_720_ARGB32.argb


----------------------

TotalTime           = 1076.77 ms

   > ProcessingTime =    2.09 ms

     WaitTime       =    1.61 ms

     DevOpenTime    =    1.43 ms

     DevCloseTime   =    0.69 ms

     ReadTime       =  637.43 ms

     WriteTime      =  350.81 ms

     CheckSumTime   =   69.03 ms

     OtherTime      =   15.29 ms

----------------------

[R] 1.2.1.5	[ OK ]

## success ##



## ./vsp2_tp_m3 end !!


0002

## ./vsp2_tp_m3 for M3 start ( Build : Jul 22 2024 04:52:34 ) ...



driver name is [fe960000.vsp]



- dev rpf.0   = /dev/video8

- dev rpf.1   = /dev/video9

- dev rpf.2   = /dev/video10

- dev rpf.3   = /dev/video11

- dev rpf.4   = /dev/video12

- dev wpf.0   = /dev/video13



- bru   = /dev/v4l-subdev6

- lut   = /dev/v4l-subdev7

- clu   = /dev/v4l-subdev8

- hgo   = /dev/v4l-subdev9

- rpf.0 = /dev/v4l-subdev10

- rpf.1 = /dev/v4l-subdev11

- rpf.2 = /dev/v4l-subdev12

- rpf.3 = /dev/v4l-subdev13

- rpf.4 = /dev/v4l-subdev14

- wpf.0 = /dev/v4l-subdev15


## change media ##

  soc:vsp2@vspmvspb0  ->  fe960000.vsp


## success ##


default File Output        = on

checksum error File Output = on

## success ##


@@ ----------------------------------------------

@@ MBRU = 1.2.1.5

@@ ----------------------------------------------

device open = /dev/video8

device open = /dev/video9

device open = /dev/video10

device open = /dev/video11

device open = /dev/video12

device open = /dev/video13

Input  File = 1280_720_ARGB32.argb

Input  File = 800_600_ARGB32.argb

Input  File = 640_480_ARGB32.argb

Input  File = 400_200_ARGB32.argb

Input  File = 100_50_ARGB32.argb

Output File = 1.2.1.5#1280_720_ARGB32.argb


----------------------

TotalTime           =  445.73 ms

   > ProcessingTime =    2.29 ms

     WaitTime       =    1.82 ms

     DevOpenTime    =    1.38 ms

     DevCloseTime   =    0.84 ms

     ReadTime       =   20.41 ms

     WriteTime      =  352.33 ms

     CheckSumTime   =   52.26 ms

     OtherTime      =   16.22 ms

----------------------

[R] 1.2.1.5	[ OK ]

## success ##



## ./vsp2_tp_m3 end !!


0003

## ./vsp2_tp_m3 for M3 start ( Build : Jul 22 2024 04:52:34 ) ...



driver name is [fe960000.vsp]



- dev rpf.0   = /dev/video8

- dev rpf.1   = /dev/video9

- dev rpf.2   = /dev/video10

- dev rpf.3   = /dev/video11

- dev rpf.4   = /dev/video12

- dev wpf.0   = /dev/video13



- bru   = /dev/v4l-subdev6

- lut   = /dev/v4l-subdev7

- clu   = /dev/v4l-subdev8

- hgo   = /dev/v4l-subdev9

- rpf.0 = /dev/v4l-subdev10

- rpf.1 = /dev/v4l-subdev11

- rpf.2 = /dev/v4l-subdev12

- rpf.3 = /dev/v4l-subdev13

- rpf.4 = /dev/v4l-subdev14

- wpf.0 = /dev/v4l-subdev15


## change media ##

  soc:vsp2@vspmvspb0  ->  fe960000.vsp


## success ##


default File Output        = on

checksum error File Output = on

## success ##


@@ ----------------------------------------------

@@ MBRU = 1.2.1.5

@@ ----------------------------------------------

device open = /dev/video8

device open = /dev/video9

device open = /dev/video10

device open = /dev/video11

device open = /dev/video12

device open = /dev/video13

Input  File = 1280_720_ARGB32.argb

Input  File = 800_600_ARGB32.argb

Input  File = 640_480_ARGB32.argb

Input  File = 400_200_ARGB32.argb

Input  File = 100_50_ARGB32.argb

Output File = 1.2.1.5#1280_720_ARGB32.argb


----------------------

TotalTime           =  406.22 ms

   > ProcessingTime =    2.09 ms

     WaitTime       =    1.68 ms

     DevOpenTime    =    1.38 ms

     DevCloseTime   =    0.70 ms

     ReadTime       =    8.79 ms

     WriteTime      =  352.32 ms

     CheckSumTime   =   27.41 ms

     OtherTime      =   13.53 ms

----------------------

[R] 1.2.1.5	[ OK ]

## success ##



## ./vsp2_tp_m3 end !!


0004

## ./vsp2_tp_m3 for M3 start ( Build : Jul 22 2024 04:52:34 ) ...



driver name is [fe960000.vsp]



- dev rpf.0   = /dev/video8

- dev rpf.1   = /dev/video9

- dev rpf.2   = /dev/video10

- dev rpf.3   = /dev/video11

- dev rpf.4   = /dev/video12

- dev wpf.0   = /dev/video13



- bru   = /dev/v4l-subdev6

- lut   = /dev/v4l-subdev7

- clu   = /dev/v4l-subdev8

- hgo   = /dev/v4l-subdev9

- rpf.0 = /dev/v4l-subdev10

- rpf.1 = /dev/v4l-subdev11

- rpf.2 = /dev/v4l-subdev12

- rpf.3 = /dev/v4l-subdev13

- rpf.4 = /dev/v4l-subdev14

- wpf.0 = /dev/v4l-subdev15


## change media ##

  soc:vsp2@vspmvspb0  ->  fe960000.vsp


## success ##


default File Output        = on

checksum error File Output = on

## success ##


@@ ----------------------------------------------

@@ MBRU = 1.2.1.5

@@ ----------------------------------------------

device open = /dev/video8

device open = /dev/video9

device open = /dev/video10

device open = /dev/video11

device open = /dev/video12

device open = /dev/video13

Input  File = 1280_720_ARGB32.argb

Input  File = 800_600_ARGB32.argb

Input  File = 640_480_ARGB32.argb

Input  File = 400_200_ARGB32.argb

Input  File = 100_50_ARGB32.argb

Output File = 1.2.1.5#1280_720_ARGB32.argb


----------------------

TotalTime           =  404.48 ms

   > ProcessingTime =    2.08 ms

     WaitTime       =    1.67 ms

     DevOpenTime    =    1.47 ms

     DevCloseTime   =    0.76 ms

     ReadTime       =    8.79 ms

     WriteTime      =  350.66 ms

     CheckSumTime   =   27.42 ms

     OtherTime      =   13.30 ms

----------------------

[R] 1.2.1.5	[ OK ]

## success ##



## ./vsp2_tp_m3 end !!


0005

## ./vsp2_tp_m3 for M3 start ( Build : Jul 22 2024 04:52:34 ) ...



driver name is [fe960000.vsp]



- dev rpf.0   = /dev/video8

- dev rpf.1   = /dev/video9

- dev rpf.2   = /dev/video10

- dev rpf.3   = /dev/video11

- dev rpf.4   = /dev/video12

- dev wpf.0   = /dev/video13



- bru   = /dev/v4l-subdev6

- lut   = /dev/v4l-subdev7

- clu   = /dev/v4l-subdev8

- hgo   = /dev/v4l-subdev9

- rpf.0 = /dev/v4l-subdev10

- rpf.1 = /dev/v4l-subdev11

- rpf.2 = /dev/v4l-subdev12

- rpf.3 = /dev/v4l-subdev13

- rpf.4 = /dev/v4l-subdev14

- wpf.0 = /dev/v4l-subdev15


## change media ##

  soc:vsp2@vspmvspb0  ->  fe960000.vsp


## success ##


default File Output        = on

checksum error File Output = on

## success ##


@@ ----------------------------------------------

@@ MBRU = 1.2.1.5

@@ ----------------------------------------------

device open = /dev/video8

device open = /dev/video9

device open = /dev/video10

device open = /dev/video11

device open = /dev/video12

device open = /dev/video13

Input  File = 1280_720_ARGB32.argb

Input  File = 800_600_ARGB32.argb

Input  File = 640_480_ARGB32.argb

Input  File = 400_200_ARGB32.argb

Input  File = 100_50_ARGB32.argb

Output File = 1.2.1.5#1280_720_ARGB32.argb


----------------------

TotalTime           =  439.12 ms

   > ProcessingTime =    2.27 ms

     WaitTime       =    1.80 ms

     DevOpenTime    =    1.38 ms

     DevCloseTime   =    0.82 ms

     ReadTime       =   14.41 ms

     WriteTime      =  351.88 ms

     CheckSumTime   =   52.28 ms

     OtherTime      =   16.09 ms

----------------------

[R] 1.2.1.5	[ OK ]

## success ##



## ./vsp2_tp_m3 end !!


0006

## ./vsp2_tp_m3 for M3 start ( Build : Jul 22 2024 04:52:34 ) ...



driver name is [fe960000.vsp]



- dev rpf.0   = /dev/video8

- dev rpf.1   = /dev/video9

- dev rpf.2   = /dev/video10

- dev rpf.3   = /dev/video11

- dev rpf.4   = /dev/video12

- dev wpf.0   = /dev/video13



- bru   = /dev/v4l-subdev6

- lut   = /dev/v4l-subdev7

- clu   = /dev/v4l-subdev8

- hgo   = /dev/v4l-subdev9

- rpf.0 = /dev/v4l-subdev10

- rpf.1 = /dev/v4l-subdev11

- rpf.2 = /dev/v4l-subdev12

- rpf.3 = /dev/v4l-subdev13

- rpf.4 = /dev/v4l-subdev14

- wpf.0 = /dev/v4l-subdev15


## change media ##

  soc:vsp2@vspmvspb0  ->  fe960000.vsp


## success ##


default File Output        = on

checksum error File Output = on

## success ##


@@ ----------------------------------------------

@@ MBRU = 1.2.1.5

@@ ----------------------------------------------

device open = /dev/video8

device open = /dev/video9

device open = /dev/video10

device open = /dev/video11

device open = /dev/video12

device open = /dev/video13

Input  File = 1280_720_ARGB32.argb

Input  File = 800_600_ARGB32.argb

Input  File = 640_480_ARGB32.argb

Input  File = 400_200_ARGB32.argb

Input  File = 100_50_ARGB32.argb

Output File = 1.2.1.5#1280_720_ARGB32.argb


----------------------

TotalTime           =  444.13 ms

   > ProcessingTime =    2.09 ms

     WaitTime       =    1.61 ms

     DevOpenTime    =    1.42 ms

     DevCloseTime   =    0.84 ms

     ReadTime       =   14.77 ms

     WriteTime      =  352.27 ms

     CheckSumTime   =   56.35 ms

     OtherTime      =   16.39 ms

----------------------

[R] 1.2.1.5	[ OK ]

## success ##



## ./vsp2_tp_m3 end !!


0007

## ./vsp2_tp_m3 for M3 start ( Build : Jul 22 2024 04:52:34 ) ...



driver name is [fe960000.vsp]



- dev rpf.0   = /dev/video8

- dev rpf.1   = /dev/video9

- dev rpf.2   = /dev/video10

- dev rpf.3   = /dev/video11

- dev rpf.4   = /dev/video12

- dev wpf.0   = /dev/video13



- bru   = /dev/v4l-subdev6

- lut   = /dev/v4l-subdev7

- clu   = /dev/v4l-subdev8

- hgo   = /dev/v4l-subdev9

- rpf.0 = /dev/v4l-subdev10

- rpf.1 = /dev/v4l-subdev11

- rpf.2 = /dev/v4l-subdev12

- rpf.3 = /dev/v4l-subdev13

- rpf.4 = /dev/v4l-subdev14

- wpf.0 = /dev/v4l-subdev15


## change media ##

  soc:vsp2@vspmvspb0  ->  fe960000.vsp


## success ##


default File Output        = on

checksum error File Output = on

## success ##


@@ ----------------------------------------------

@@ MBRU = 1.2.1.5

@@ ----------------------------------------------

device open = /dev/video8

device open = /dev/video9

device open = /dev/video10

device open = /dev/video11

device open = /dev/video12

device open = /dev/video13

Input  File = 1280_720_ARGB32.argb

Input  File = 800_600_ARGB32.argb

Input  File = 640_480_ARGB32.argb

Input  File = 400_200_ARGB32.argb

Input  File = 100_50_ARGB32.argb

Output File = 1.2.1.5#1280_720_ARGB32.argb


----------------------

TotalTime           =  440.95 ms

   > ProcessingTime =    2.27 ms

     WaitTime       =    1.80 ms

     DevOpenTime    =    1.38 ms

     DevCloseTime   =    0.83 ms

     ReadTime       =   14.79 ms

     WriteTime      =  352.12 ms

     CheckSumTime   =   53.20 ms

     OtherTime      =   16.35 ms

----------------------

[R] 1.2.1.5	[ OK ]

## success ##



## ./vsp2_tp_m3 end !!


0008

## ./vsp2_tp_m3 for M3 start ( Build : Jul 22 2024 04:52:34 ) ...



driver name is [fe960000.vsp]



- dev rpf.0   = /dev/video8

- dev rpf.1   = /dev/video9

- dev rpf.2   = /dev/video10

- dev rpf.3   = /dev/video11

- dev rpf.4   = /dev/video12

- dev wpf.0   = /dev/video13



- bru   = /dev/v4l-subdev6

- lut   = /dev/v4l-subdev7

- clu   = /dev/v4l-subdev8

- hgo   = /dev/v4l-subdev9

- rpf.0 = /dev/v4l-subdev10

- rpf.1 = /dev/v4l-subdev11

- rpf.2 = /dev/v4l-subdev12

- rpf.3 = /dev/v4l-subdev13

- rpf.4 = /dev/v4l-subdev14

- wpf.0 = /dev/v4l-subdev15


## change media ##

  soc:vsp2@vspmvspb0  ->  fe960000.vsp


## success ##


default File Output        = on

checksum error File Output = on

## success ##


@@ ----------------------------------------------

@@ MBRU = 1.2.1.5

@@ ----------------------------------------------

device open = /dev/video8

device open = /dev/video9

device open = /dev/video10

device open = /dev/video11

device open = /dev/video12

device open = /dev/video13

Input  File = 1280_720_ARGB32.argb

Input  File = 800_600_ARGB32.argb

Input  File = 640_480_ARGB32.argb

Input  File = 400_200_ARGB32.argb

Input  File = 100_50_ARGB32.argb

Output File = 1.2.1.5#1280_720_ARGB32.argb


----------------------

TotalTime           =  440.30 ms

   > ProcessingTime =    2.26 ms

     WaitTime       =    1.78 ms

     DevOpenTime    =    1.38 ms

     DevCloseTime   =    0.84 ms

     ReadTime       =   14.80 ms

     WriteTime      =  351.96 ms

     CheckSumTime   =   52.77 ms

     OtherTime      =   16.30 ms

----------------------

[R] 1.2.1.5	[ OK ]

## success ##



## ./vsp2_tp_m3 end !!


0009

## ./vsp2_tp_m3 for M3 start ( Build : Jul 22 2024 04:52:34 ) ...



driver name is [fe960000.vsp]



- dev rpf.0   = /dev/video8

- dev rpf.1   = /dev/video9

- dev rpf.2   = /dev/video10

- dev rpf.3   = /dev/video11

- dev rpf.4   = /dev/video12

- dev wpf.0   = /dev/video13



- bru   = /dev/v4l-subdev6

- lut   = /dev/v4l-subdev7

- clu   = /dev/v4l-subdev8

- hgo   = /dev/v4l-subdev9

- rpf.0 = /dev/v4l-subdev10

- rpf.1 = /dev/v4l-subdev11

- rpf.2 = /dev/v4l-subdev12

- rpf.3 = /dev/v4l-subdev13

- rpf.4 = /dev/v4l-subdev14

- wpf.0 = /dev/v4l-subdev15


## change media ##

  soc:vsp2@vspmvspb0  ->  fe960000.vsp


## success ##


default File Output        = on

checksum error File Output = on

## success ##


@@ ----------------------------------------------

@@ MBRU = 1.2.1.5

@@ ----------------------------------------------

device open = /dev/video8

device open = /dev/video9

device open = /dev/video10

device open = /dev/video11

device open = /dev/video12

device open = /dev/video13

Input  File = 1280_720_ARGB32.argb

Input  File = 800_600_ARGB32.argb

Input  File = 640_480_ARGB32.argb

Input  File = 400_200_ARGB32.argb

Input  File = 100_50_ARGB32.argb

Output File = 1.2.1.5#1280_720_ARGB32.argb


----------------------

TotalTime           =  449.30 ms

   > ProcessingTime =    2.29 ms

     WaitTime       =    1.82 ms

     DevOpenTime    =    1.42 ms

     DevCloseTime   =    0.83 ms

     ReadTime       =   14.94 ms

     WriteTime      =  360.42 ms

     CheckSumTime   =   52.97 ms

     OtherTime      =   16.42 ms

----------------------

[R] 1.2.1.5	[ OK ]

## success ##



## ./vsp2_tp_m3 end !!


0010

## ./vsp2_tp_m3 for M3 start ( Build : Jul 22 2024 04:52:34 ) ...



driver name is [fe960000.vsp]



- dev rpf.0   = /dev/video8

- dev rpf.1   = /dev/video9

- dev rpf.2   = /dev/video10

- dev rpf.3   = /dev/video11

- dev rpf.4   = /dev/video12

- dev wpf.0   = /dev/video13



- bru   = /dev/v4l-subdev6

- lut   = /dev/v4l-subdev7

- clu   = /dev/v4l-subdev8

- hgo   = /dev/v4l-subdev9

- rpf.0 = /dev/v4l-subdev10

- rpf.1 = /dev/v4l-subdev11

- rpf.2 = /dev/v4l-subdev12

- rpf.3 = /dev/v4l-subdev13

- rpf.4 = /dev/v4l-subdev14

- wpf.0 = /dev/v4l-subdev15


## change media ##

  soc:vsp2@vspmvspb0  ->  fe960000.vsp


## success ##


default File Output        = on

checksum error File Output = on

## success ##


@@ ----------------------------------------------

@@ MBRU = 1.2.1.5

@@ ----------------------------------------------

device open = /dev/video8

device open = /dev/video9

device open = /dev/video10

device open = /dev/video11

device open = /dev/video12

device open = /dev/video13

Input  File = 1280_720_ARGB32.argb

Input  File = 800_600_ARGB32.argb

Input  File = 640_480_ARGB32.argb

Input  File = 400_200_ARGB32.argb

Input  File = 100_50_ARGB32.argb

Output File = 1.2.1.5#1280_720_ARGB32.argb


----------------------

TotalTime           =  440.29 ms

   > ProcessingTime =    2.16 ms

     WaitTime       =    1.69 ms

     DevOpenTime    =    1.42 ms

     DevCloseTime   =    0.74 ms

     ReadTime       =   14.87 ms

     WriteTime      =  353.07 ms

     CheckSumTime   =   52.55 ms

     OtherTime      =   15.48 ms

----------------------

[R] 1.2.1.5	[ OK ]

## success ##



## ./vsp2_tp_m3 end !!


0011

## ./vsp2_tp_m3 for M3 start ( Build : Jul 22 2024 04:52:34 ) ...



driver name is [fe960000.vsp]



- dev rpf.0   = /dev/video8

- dev rpf.1   = /dev/video9

- dev rpf.2   = /dev/video10

- dev rpf.3   = /dev/video11

- dev rpf.4   = /dev/video12

- dev wpf.0   = /dev/video13



- bru   = /dev/v4l-subdev6

- lut   = /dev/v4l-subdev7

- clu   = /dev/v4l-subdev8

- hgo   = /dev/v4l-subdev9

- rpf.0 = /dev/v4l-subdev10

- rpf.1 = /dev/v4l-subdev11

- rpf.2 = /dev/v4l-subdev12

- rpf.3 = /dev/v4l-subdev13

- rpf.4 = /dev/v4l-subdev14

- wpf.0 = /dev/v4l-subdev15


## change media ##

  soc:vsp2@vspmvspb0  ->  fe960000.vsp


## success ##


default File Output        = on

checksum error File Output = on

## success ##


@@ ----------------------------------------------

@@ MBRU = 1.2.1.5

@@ ----------------------------------------------

device open = /dev/video8

device open = /dev/video9

device open = /dev/video10

device open = /dev/video11

device open = /dev/video12

device open = /dev/video13

Input  File = 1280_720_ARGB32.argb

Input  File = 800_600_ARGB32.argb

Input  File = 640_480_ARGB32.argb

Input  File = 400_200_ARGB32.argb

Input  File = 100_50_ARGB32.argb

Output File = 1.2.1.5#1280_720_ARGB32.argb


----------------------

TotalTime           =  441.75 ms

   > ProcessingTime =    2.12 ms

     WaitTime       =    1.63 ms

     DevOpenTime    =    1.39 ms

     DevCloseTime   =    0.83 ms

     ReadTime       =   14.54 ms

     WriteTime      =  353.63 ms

     CheckSumTime   =   54.06 ms

     OtherTime      =   15.19 ms

----------------------

[R] 1.2.1.5	[ OK ]

## success ##



## ./vsp2_tp_m3 end !!


0012

## ./vsp2_tp_m3 for M3 start ( Build : Jul 22 2024 04:52:34 ) ...



driver name is [fe960000.vsp]



- dev rpf.0   = /dev/video8

- dev rpf.1   = /dev/video9

- dev rpf.2   = /dev/video10

- dev rpf.3   = /dev/video11

- dev rpf.4   = /dev/video12

- dev wpf.0   = /dev/video13



- bru   = /dev/v4l-subdev6

- lut   = /dev/v4l-subdev7

- clu   = /dev/v4l-subdev8

- hgo   = /dev/v4l-subdev9

- rpf.0 = /dev/v4l-subdev10

- rpf.1 = /dev/v4l-subdev11

- rpf.2 = /dev/v4l-subdev12

- rpf.3 = /dev/v4l-subdev13

- rpf.4 = /dev/v4l-subdev14

- wpf.0 = /dev/v4l-subdev15


## change media ##

  soc:vsp2@vspmvspb0  ->  fe960000.vsp


## success ##


default File Output        = on

checksum error File Output = on

## success ##


@@ ----------------------------------------------

@@ MBRU = 1.2.1.5

@@ ----------------------------------------------

device open = /dev/video8

device open = /dev/video9

device open = /dev/video10

device open = /dev/video11

device open = /dev/video12

device open = /dev/video13

Input  File = 1280_720_ARGB32.argb

Input  File = 800_600_ARGB32.argb

Input  File = 640_480_ARGB32.argb

Input  File = 400_200_ARGB32.argb

Input  File = 100_50_ARGB32.argb

Output File = 1.2.1.5#1280_720_ARGB32.argb


----------------------

TotalTime           =  442.77 ms

   > ProcessingTime =    2.08 ms

     WaitTime       =    1.61 ms

     DevOpenTime    =    1.29 ms

     DevCloseTime   =    0.73 ms

     ReadTime       =   14.84 ms

     WriteTime      =  352.29 ms

     CheckSumTime   =   56.33 ms

     OtherTime      =   15.20 ms

----------------------

[R] 1.2.1.5	[ OK ]

## success ##



## ./vsp2_tp_m3 end !!


0013

## ./vsp2_tp_m3 for M3 start ( Build : Jul 22 2024 04:52:34 ) ...



driver name is [fe960000.vsp]



- dev rpf.0   = /dev/video8

- dev rpf.1   = /dev/video9

- dev rpf.2   = /dev/video10

- dev rpf.3   = /dev/video11

- dev rpf.4   = /dev/video12

- dev wpf.0   = /dev/video13



- bru   = /dev/v4l-subdev6

- lut   = /dev/v4l-subdev7

- clu   = /dev/v4l-subdev8

- hgo   = /dev/v4l-subdev9

- rpf.0 = /dev/v4l-subdev10

- rpf.1 = /dev/v4l-subdev11

- rpf.2 = /dev/v4l-subdev12

- rpf.3 = /dev/v4l-subdev13

- rpf.4 = /dev/v4l-subdev14

- wpf.0 = /dev/v4l-subdev15


## change media ##

  soc:vsp2@vspmvspb0  ->  fe960000.vsp


## success ##


default File Output        = on

checksum error File Output = on

## success ##


@@ ----------------------------------------------

@@ MBRU = 1.2.1.5

@@ ----------------------------------------------

device open = /dev/video8

device open = /dev/video9

device open = /dev/video10

device open = /dev/video11

device open = /dev/video12

device open = /dev/video13

Input  File = 1280_720_ARGB32.argb

Input  File = 800_600_ARGB32.argb

Input  File = 640_480_ARGB32.argb

Input  File = 400_200_ARGB32.argb

Input  File = 100_50_ARGB32.argb

Output File = 1.2.1.5#1280_720_ARGB32.argb


----------------------

TotalTime           =  452.17 ms

   > ProcessingTime =    2.27 ms

     WaitTime       =    1.81 ms

     DevOpenTime    =    1.35 ms

     DevCloseTime   =    0.94 ms

     ReadTime       =   14.07 ms

     WriteTime      =  351.99 ms

     CheckSumTime   =   65.25 ms

     OtherTime      =   16.29 ms

----------------------

[R] 1.2.1.5	[ OK ]

## success ##



## ./vsp2_tp_m3 end !!


0014

## ./vsp2_tp_m3 for M3 start ( Build : Jul 22 2024 04:52:34 ) ...



driver name is [fe960000.vsp]



- dev rpf.0   = /dev/video8

- dev rpf.1   = /dev/video9

- dev rpf.2   = /dev/video10

- dev rpf.3   = /dev/video11

- dev rpf.4   = /dev/video12

- dev wpf.0   = /dev/video13



- bru   = /dev/v4l-subdev6

- lut   = /dev/v4l-subdev7

- clu   = /dev/v4l-subdev8

- hgo   = /dev/v4l-subdev9

- rpf.0 = /dev/v4l-subdev10

- rpf.1 = /dev/v4l-subdev11

- rpf.2 = /dev/v4l-subdev12

- rpf.3 = /dev/v4l-subdev13

- rpf.4 = /dev/v4l-subdev14

- wpf.0 = /dev/v4l-subdev15


## change media ##

  soc:vsp2@vspmvspb0  ->  fe960000.vsp


## success ##


default File Output        = on

checksum error File Output = on

## success ##


@@ ----------------------------------------------

@@ MBRU = 1.2.1.5

@@ ----------------------------------------------

device open = /dev/video8

device open = /dev/video9

device open = /dev/video10

device open = /dev/video11

device open = /dev/video12

device open = /dev/video13

Input  File = 1280_720_ARGB32.argb

Input  File = 800_600_ARGB32.argb

Input  File = 640_480_ARGB32.argb

Input  File = 400_200_ARGB32.argb

Input  File = 100_50_ARGB32.argb

Output File = 1.2.1.5#1280_720_ARGB32.argb


----------------------

TotalTime           =  440.13 ms

   > ProcessingTime =    2.29 ms

     WaitTime       =    1.82 ms

     DevOpenTime    =    1.21 ms

     DevCloseTime   =    0.83 ms

     ReadTime       =   14.47 ms

     WriteTime      =  352.18 ms

     CheckSumTime   =   52.78 ms

     OtherTime      =   16.38 ms

----------------------

[R] 1.2.1.5	[ OK ]

## success ##



## ./vsp2_tp_m3 end !!


0015

## ./vsp2_tp_m3 for M3 start ( Build : Jul 22 2024 04:52:34 ) ...



driver name is [fe960000.vsp]



- dev rpf.0   = /dev/video8

- dev rpf.1   = /dev/video9

- dev rpf.2   = /dev/video10

- dev rpf.3   = /dev/video11

- dev rpf.4   = /dev/video12

- dev wpf.0   = /dev/video13



- bru   = /dev/v4l-subdev6

- lut   = /dev/v4l-subdev7

- clu   = /dev/v4l-subdev8

- hgo   = /dev/v4l-subdev9

- rpf.0 = /dev/v4l-subdev10

- rpf.1 = /dev/v4l-subdev11

- rpf.2 = /dev/v4l-subdev12

- rpf.3 = /dev/v4l-subdev13

- rpf.4 = /dev/v4l-subdev14

- wpf.0 = /dev/v4l-subdev15


## change media ##

  soc:vsp2@vspmvspb0  ->  fe960000.vsp


## success ##


default File Output        = on

checksum error File Output = on

## success ##


@@ ----------------------------------------------

@@ MBRU = 1.2.1.5

@@ ----------------------------------------------

device open = /dev/video8

device open = /dev/video9

device open = /dev/video10

device open = /dev/video11

device open = /dev/video12

device open = /dev/video13

Input  File = 1280_720_ARGB32.argb

Input  File = 800_600_ARGB32.argb

Input  File = 640_480_ARGB32.argb

Input  File = 400_200_ARGB32.argb

Input  File = 100_50_ARGB32.argb

Output File = 1.2.1.5#1280_720_ARGB32.argb


----------------------

TotalTime           =  440.31 ms

   > ProcessingTime =    2.17 ms

     WaitTime       =    1.70 ms

     DevOpenTime    =    1.33 ms

     DevCloseTime   =    0.83 ms

     ReadTime       =   14.65 ms

     WriteTime      =  352.54 ms

     CheckSumTime   =   52.40 ms

     OtherTime      =   16.38 ms

----------------------

[R] 1.2.1.5	[ OK ]

## success ##



## ./vsp2_tp_m3 end !!


0016

## ./vsp2_tp_m3 for M3 start ( Build : Jul 22 2024 04:52:34 ) ...



driver name is [fe960000.vsp]



- dev rpf.0   = /dev/video8

- dev rpf.1   = /dev/video9

- dev rpf.2   = /dev/video10

- dev rpf.3   = /dev/video11

- dev rpf.4   = /dev/video12

- dev wpf.0   = /dev/video13



- bru   = /dev/v4l-subdev6

- lut   = /dev/v4l-subdev7

- clu   = /dev/v4l-subdev8

- hgo   = /dev/v4l-subdev9

- rpf.0 = /dev/v4l-subdev10

- rpf.1 = /dev/v4l-subdev11

- rpf.2 = /dev/v4l-subdev12

- rpf.3 = /dev/v4l-subdev13

- rpf.4 = /dev/v4l-subdev14

- wpf.0 = /dev/v4l-subdev15


## change media ##

  soc:vsp2@vspmvspb0  ->  fe960000.vsp


## success ##


default File Output        = on

checksum error File Output = on

## success ##


@@ ----------------------------------------------

@@ MBRU = 1.2.1.5

@@ ----------------------------------------------

device open = /dev/video8

device open = /dev/video9

device open = /dev/video10

device open = /dev/video11

device open = /dev/video12

device open = /dev/video13

Input  File = 1280_720_ARGB32.argb

Input  File = 800_600_ARGB32.argb

Input  File = 640_480_ARGB32.argb

Input  File = 400_200_ARGB32.argb

Input  File = 100_50_ARGB32.argb

Output File = 1.2.1.5#1280_720_ARGB32.argb


----------------------

TotalTime           =  439.26 ms

   > ProcessingTime =    2.19 ms

     WaitTime       =    1.72 ms

     DevOpenTime    =    1.38 ms

     DevCloseTime   =    0.74 ms

     ReadTime       =   14.52 ms

     WriteTime      =  352.59 ms

     CheckSumTime   =   52.54 ms

     OtherTime      =   15.30 ms

----------------------

[R] 1.2.1.5	[ OK ]

## success ##



## ./vsp2_tp_m3 end !!


0017

## ./vsp2_tp_m3 for M3 start ( Build : Jul 22 2024 04:52:34 ) ...



driver name is [fe960000.vsp]



- dev rpf.0   = /dev/video8

- dev rpf.1   = /dev/video9

- dev rpf.2   = /dev/video10

- dev rpf.3   = /dev/video11

- dev rpf.4   = /dev/video12

- dev wpf.0   = /dev/video13



- bru   = /dev/v4l-subdev6

- lut   = /dev/v4l-subdev7

- clu   = /dev/v4l-subdev8

- hgo   = /dev/v4l-subdev9

- rpf.0 = /dev/v4l-subdev10

- rpf.1 = /dev/v4l-subdev11

- rpf.2 = /dev/v4l-subdev12

- rpf.3 = /dev/v4l-subdev13

- rpf.4 = /dev/v4l-subdev14

- wpf.0 = /dev/v4l-subdev15


## change media ##

  soc:vsp2@vspmvspb0  ->  fe960000.vsp


## success ##


default File Output        = on

checksum error File Output = on

## success ##


@@ ----------------------------------------------

@@ MBRU = 1.2.1.5

@@ ----------------------------------------------

device open = /dev/video8

device open = /dev/video9

device open = /dev/video10

device open = /dev/video11

device open = /dev/video12

device open = /dev/video13

Input  File = 1280_720_ARGB32.argb

Input  File = 800_600_ARGB32.argb

Input  File = 640_480_ARGB32.argb

Input  File = 400_200_ARGB32.argb

Input  File = 100_50_ARGB32.argb

Output File = 1.2.1.5#1280_720_ARGB32.argb


----------------------

TotalTime           =  437.99 ms

   > ProcessingTime =    2.35 ms

     WaitTime       =    1.89 ms

     DevOpenTime    =    1.42 ms

     DevCloseTime   =    0.83 ms

     ReadTime       =   14.65 ms

     WriteTime      =  351.46 ms

     CheckSumTime   =   50.97 ms

     OtherTime      =   16.31 ms

----------------------

[R] 1.2.1.5	[ OK ]

## success ##



## ./vsp2_tp_m3 end !!


0018

## ./vsp2_tp_m3 for M3 start ( Build : Jul 22 2024 04:52:34 ) ...



driver name is [fe960000.vsp]



- dev rpf.0   = /dev/video8

- dev rpf.1   = /dev/video9

- dev rpf.2   = /dev/video10

- dev rpf.3   = /dev/video11

- dev rpf.4   = /dev/video12

- dev wpf.0   = /dev/video13



- bru   = /dev/v4l-subdev6

- lut   = /dev/v4l-subdev7

- clu   = /dev/v4l-subdev8

- hgo   = /dev/v4l-subdev9

- rpf.0 = /dev/v4l-subdev10

- rpf.1 = /dev/v4l-subdev11

- rpf.2 = /dev/v4l-subdev12

- rpf.3 = /dev/v4l-subdev13

- rpf.4 = /dev/v4l-subdev14

- wpf.0 = /dev/v4l-subdev15


## change media ##

  soc:vsp2@vspmvspb0  ->  fe960000.vsp


## success ##


default File Output        = on

checksum error File Output = on

## success ##


@@ ----------------------------------------------

@@ MBRU = 1.2.1.5

@@ ----------------------------------------------

device open = /dev/video8

device open = /dev/video9

device open = /dev/video10

device open = /dev/video11

device open = /dev/video12

device open = /dev/video13

Input  File = 1280_720_ARGB32.argb

Input  File = 800_600_ARGB32.argb

Input  File = 640_480_ARGB32.argb

Input  File = 400_200_ARGB32.argb

Input  File = 100_50_ARGB32.argb

Output File = 1.2.1.5#1280_720_ARGB32.argb


----------------------

TotalTime           =  439.61 ms

   > ProcessingTime =    2.36 ms

     WaitTime       =    1.89 ms

     DevOpenTime    =    1.39 ms

     DevCloseTime   =    0.72 ms

     ReadTime       =   14.91 ms

     WriteTime      =  352.13 ms

     CheckSumTime   =   52.79 ms

     OtherTime      =   15.31 ms

----------------------

[R] 1.2.1.5	[ OK ]

## success ##



## ./vsp2_tp_m3 end !!


0019

## ./vsp2_tp_m3 for M3 start ( Build : Jul 22 2024 04:52:34 ) ...



driver name is [fe960000.vsp]



- dev rpf.0   = /dev/video8

- dev rpf.1   = /dev/video9

- dev rpf.2   = /dev/video10

- dev rpf.3   = /dev/video11

- dev rpf.4   = /dev/video12

- dev wpf.0   = /dev/video13



- bru   = /dev/v4l-subdev6

- lut   = /dev/v4l-subdev7

- clu   = /dev/v4l-subdev8

- hgo   = /dev/v4l-subdev9

- rpf.0 = /dev/v4l-subdev10

- rpf.1 = /dev/v4l-subdev11

- rpf.2 = /dev/v4l-subdev12

- rpf.3 = /dev/v4l-subdev13

- rpf.4 = /dev/v4l-subdev14

- wpf.0 = /dev/v4l-subdev15


## change media ##

  soc:vsp2@vspmvspb0  ->  fe960000.vsp


## success ##


default File Output        = on

checksum error File Output = on

## success ##


@@ ----------------------------------------------

@@ MBRU = 1.2.1.5

@@ ----------------------------------------------

device open = /dev/video8

device open = /dev/video9

device open = /dev/video10

device open = /dev/video11

device open = /dev/video12

device open = /dev/video13

Input  File = 1280_720_ARGB32.argb

Input  File = 800_600_ARGB32.argb

Input  File = 640_480_ARGB32.argb

Input  File = 400_200_ARGB32.argb

Input  File = 100_50_ARGB32.argb

Output File = 1.2.1.5#1280_720_ARGB32.argb


----------------------

TotalTime           =  439.38 ms

   > ProcessingTime =    2.27 ms

     WaitTime       =    1.80 ms

     DevOpenTime    =    1.17 ms

     DevCloseTime   =    0.84 ms

     ReadTime       =   13.98 ms

     WriteTime      =  352.10 ms

     CheckSumTime   =   52.69 ms

     OtherTime      =   16.33 ms

----------------------

[R] 1.2.1.5	[ OK ]

## success ##



## ./vsp2_tp_m3 end !!


0020

## ./vsp2_tp_m3 for M3 start ( Build : Jul 22 2024 04:52:34 ) ...



driver name is [fe960000.vsp]



- dev rpf.0   = /dev/video8

- dev rpf.1   = /dev/video9

- dev rpf.2   = /dev/video10

- dev rpf.3   = /dev/video11

- dev rpf.4   = /dev/video12

- dev wpf.0   = /dev/video13



- bru   = /dev/v4l-subdev6

- lut   = /dev/v4l-subdev7

- clu   = /dev/v4l-subdev8

- hgo   = /dev/v4l-subdev9

- rpf.0 = /dev/v4l-subdev10

- rpf.1 = /dev/v4l-subdev11

- rpf.2 = /dev/v4l-subdev12

- rpf.3 = /dev/v4l-subdev13

- rpf.4 = /dev/v4l-subdev14

- wpf.0 = /dev/v4l-subdev15


## change media ##

  soc:vsp2@vspmvspb0  ->  fe960000.vsp


## success ##


default File Output        = on

checksum error File Output = on

## success ##


@@ ----------------------------------------------

@@ MBRU = 1.2.1.5

@@ ----------------------------------------------

device open = /dev/video8

device open = /dev/video9

device open = /dev/video10

device open = /dev/video11

device open = /dev/video12

device open = /dev/video13

Input  File = 1280_720_ARGB32.argb

Input  File = 800_600_ARGB32.argb

Input  File = 640_480_ARGB32.argb

Input  File = 400_200_ARGB32.argb

Input  File = 100_50_ARGB32.argb

Output File = 1.2.1.5#1280_720_ARGB32.argb


----------------------

TotalTime           =  442.13 ms

   > ProcessingTime =    2.09 ms

     WaitTime       =    1.61 ms

     DevOpenTime    =    1.41 ms

     DevCloseTime   =    0.82 ms

     ReadTime       =   14.79 ms

     WriteTime      =  353.75 ms

     CheckSumTime   =   52.94 ms

     OtherTime      =   16.33 ms

----------------------

[R] 1.2.1.5	[ OK ]

## success ##



## ./vsp2_tp_m3 end !!


0021

## ./vsp2_tp_m3 for M3 start ( Build : Jul 22 2024 04:52:34 ) ...



driver name is [fe960000.vsp]



- dev rpf.0   = /dev/video8

- dev rpf.1   = /dev/video9

- dev rpf.2   = /dev/video10

- dev rpf.3   = /dev/video11

- dev rpf.4   = /dev/video12

- dev wpf.0   = /dev/video13



- bru   = /dev/v4l-subdev6

- lut   = /dev/v4l-subdev7

- clu   = /dev/v4l-subdev8

- hgo   = /dev/v4l-subdev9

- rpf.0 = /dev/v4l-subdev10

- rpf.1 = /dev/v4l-subdev11

- rpf.2 = /dev/v4l-subdev12

- rpf.3 = /dev/v4l-subdev13

- rpf.4 = /dev/v4l-subdev14

- wpf.0 = /dev/v4l-subdev15


## change media ##

  soc:vsp2@vspmvspb0  ->  fe960000.vsp


## success ##


default File Output        = on

checksum error File Output = on

## success ##


@@ ----------------------------------------------

@@ MBRU = 1.2.1.5

@@ ----------------------------------------------

device open = /dev/video8

device open = /dev/video9

device open = /dev/video10

device open = /dev/video11

device open = /dev/video12

device open = /dev/video13

Input  File = 1280_720_ARGB32.argb

Input  File = 800_600_ARGB32.argb

Input  File = 640_480_ARGB32.argb

Input  File = 400_200_ARGB32.argb

Input  File = 100_50_ARGB32.argb

Output File = 1.2.1.5#1280_720_ARGB32.argb


----------------------

TotalTime           =  438.81 ms

   > ProcessingTime =    2.30 ms

     WaitTime       =    1.83 ms

     DevOpenTime    =    1.31 ms

     DevCloseTime   =    0.83 ms

     ReadTime       =   14.18 ms

     WriteTime      =  351.91 ms

     CheckSumTime   =   51.95 ms

     OtherTime      =   16.32 ms

----------------------

[R] 1.2.1.5	[ OK ]

## success ##



## ./vsp2_tp_m3 end !!


0022

## ./vsp2_tp_m3 for M3 start ( Build : Jul 22 2024 04:52:34 ) ...



driver name is [fe960000.vsp]



- dev rpf.0   = /dev/video8

- dev rpf.1   = /dev/video9

- dev rpf.2   = /dev/video10

- dev rpf.3   = /dev/video11

- dev rpf.4   = /dev/video12

- dev wpf.0   = /dev/video13



- bru   = /dev/v4l-subdev6

- lut   = /dev/v4l-subdev7

- clu   = /dev/v4l-subdev8

- hgo   = /dev/v4l-subdev9

- rpf.0 = /dev/v4l-subdev10

- rpf.1 = /dev/v4l-subdev11

- rpf.2 = /dev/v4l-subdev12

- rpf.3 = /dev/v4l-subdev13

- rpf.4 = /dev/v4l-subdev14

- wpf.0 = /dev/v4l-subdev15


## change media ##

  soc:vsp2@vspmvspb0  ->  fe960000.vsp


## success ##


default File Output        = on

checksum error File Output = on

## success ##


@@ ----------------------------------------------

@@ MBRU = 1.2.1.5

@@ ----------------------------------------------

device open = /dev/video8

device open = /dev/video9

device open = /dev/video10

device open = /dev/video11

device open = /dev/video12

device open = /dev/video13

Input  File = 1280_720_ARGB32.argb

Input  File = 800_600_ARGB32.argb

Input  File = 640_480_ARGB32.argb

Input  File = 400_200_ARGB32.argb

Input  File = 100_50_ARGB32.argb

Output File = 1.2.1.5#1280_720_ARGB32.argb


----------------------

TotalTime           =  440.30 ms

   > ProcessingTime =    2.24 ms

     WaitTime       =    1.76 ms

     DevOpenTime    =    1.42 ms

     DevCloseTime   =    0.89 ms

     ReadTime       =   15.06 ms

     WriteTime      =  351.64 ms

     CheckSumTime   =   52.68 ms

     OtherTime      =   16.38 ms

----------------------

[R] 1.2.1.5	[ OK ]

## success ##



## ./vsp2_tp_m3 end !!


0023

## ./vsp2_tp_m3 for M3 start ( Build : Jul 22 2024 04:52:34 ) ...



driver name is [fe960000.vsp]



- dev rpf.0   = /dev/video8

- dev rpf.1   = /dev/video9

- dev rpf.2   = /dev/video10

- dev rpf.3   = /dev/video11

- dev rpf.4   = /dev/video12

- dev wpf.0   = /dev/video13



- bru   = /dev/v4l-subdev6

- lut   = /dev/v4l-subdev7

- clu   = /dev/v4l-subdev8

- hgo   = /dev/v4l-subdev9

- rpf.0 = /dev/v4l-subdev10

- rpf.1 = /dev/v4l-subdev11

- rpf.2 = /dev/v4l-subdev12

- rpf.3 = /dev/v4l-subdev13

- rpf.4 = /dev/v4l-subdev14

- wpf.0 = /dev/v4l-subdev15


## change media ##

  soc:vsp2@vspmvspb0  ->  fe960000.vsp


## success ##


default File Output        = on

checksum error File Output = on

## success ##


@@ ----------------------------------------------

@@ MBRU = 1.2.1.5

@@ ----------------------------------------------

device open = /dev/video8

device open = /dev/video9

device open = /dev/video10

device open = /dev/video11

device open = /dev/video12

device open = /dev/video13

Input  File = 1280_720_ARGB32.argb

Input  File = 800_600_ARGB32.argb

Input  File = 640_480_ARGB32.argb

Input  File = 400_200_ARGB32.argb

Input  File = 100_50_ARGB32.argb

Output File = 1.2.1.5#1280_720_ARGB32.argb


----------------------

TotalTime           =  441.32 ms

   > ProcessingTime =    2.19 ms

     WaitTime       =    1.72 ms

     DevOpenTime    =    1.55 ms

     DevCloseTime   =    0.83 ms

     ReadTime       =   14.79 ms

     WriteTime      =  352.66 ms

     CheckSumTime   =   52.95 ms

     OtherTime      =   16.36 ms

----------------------

[R] 1.2.1.5	[ OK ]

## success ##



## ./vsp2_tp_m3 end !!


0024

## ./vsp2_tp_m3 for M3 start ( Build : Jul 22 2024 04:52:34 ) ...



driver name is [fe960000.vsp]



- dev rpf.0   = /dev/video8

- dev rpf.1   = /dev/video9

- dev rpf.2   = /dev/video10

- dev rpf.3   = /dev/video11

- dev rpf.4   = /dev/video12

- dev wpf.0   = /dev/video13



- bru   = /dev/v4l-subdev6

- lut   = /dev/v4l-subdev7

- clu   = /dev/v4l-subdev8

- hgo   = /dev/v4l-subdev9

- rpf.0 = /dev/v4l-subdev10

- rpf.1 = /dev/v4l-subdev11

- rpf.2 = /dev/v4l-subdev12

- rpf.3 = /dev/v4l-subdev13

- rpf.4 = /dev/v4l-subdev14

- wpf.0 = /dev/v4l-subdev15


## change media ##

  soc:vsp2@vspmvspb0  ->  fe960000.vsp


## success ##


default File Output        = on

checksum error File Output = on

## success ##


@@ ----------------------------------------------

@@ MBRU = 1.2.1.5

@@ ----------------------------------------------

device open = /dev/video8

device open = /dev/video9

device open = /dev/video10

device open = /dev/video11

device open = /dev/video12

device open = /dev/video13

Input  File = 1280_720_ARGB32.argb

Input  File = 800_600_ARGB32.argb

Input  File = 640_480_ARGB32.argb

Input  File = 400_200_ARGB32.argb

Input  File = 100_50_ARGB32.argb

Output File = 1.2.1.5#1280_720_ARGB32.argb


----------------------

TotalTime           =  439.63 ms

   > ProcessingTime =    2.21 ms

     WaitTime       =    1.73 ms

     DevOpenTime    =    1.21 ms

     DevCloseTime   =    0.83 ms

     ReadTime       =   14.33 ms

     WriteTime      =  352.03 ms

     CheckSumTime   =   52.61 ms

     OtherTime      =   16.42 ms

----------------------

[R] 1.2.1.5	[ OK ]

## success ##



## ./vsp2_tp_m3 end !!


0025

## ./vsp2_tp_m3 for M3 start ( Build : Jul 22 2024 04:52:34 ) ...



driver name is [fe960000.vsp]



- dev rpf.0   = /dev/video8

- dev rpf.1   = /dev/video9

- dev rpf.2   = /dev/video10

- dev rpf.3   = /dev/video11

- dev rpf.4   = /dev/video12

- dev wpf.0   = /dev/video13



- bru   = /dev/v4l-subdev6

- lut   = /dev/v4l-subdev7

- clu   = /dev/v4l-subdev8

- hgo   = /dev/v4l-subdev9

- rpf.0 = /dev/v4l-subdev10

- rpf.1 = /dev/v4l-subdev11

- rpf.2 = /dev/v4l-subdev12

- rpf.3 = /dev/v4l-subdev13

- rpf.4 = /dev/v4l-subdev14

- wpf.0 = /dev/v4l-subdev15


## change media ##

  soc:vsp2@vspmvspb0  ->  fe960000.vsp


## success ##


default File Output        = on

checksum error File Output = on

## success ##


@@ ----------------------------------------------

@@ MBRU = 1.2.1.5

@@ ----------------------------------------------

device open = /dev/video8

device open = /dev/video9

device open = /dev/video10

device open = /dev/video11

device open = /dev/video12

device open = /dev/video13

Input  File = 1280_720_ARGB32.argb

Input  File = 800_600_ARGB32.argb

Input  File = 640_480_ARGB32.argb

Input  File = 400_200_ARGB32.argb

Input  File = 100_50_ARGB32.argb

Output File = 1.2.1.5#1280_720_ARGB32.argb


----------------------

TotalTime           =  439.97 ms

   > ProcessingTime =    2.36 ms

     WaitTime       =    1.88 ms

     DevOpenTime    =    1.39 ms

     DevCloseTime   =    0.85 ms

     ReadTime       =   14.72 ms

     WriteTime      =  352.13 ms

     CheckSumTime   =   53.20 ms

     OtherTime      =   15.31 ms

----------------------

[R] 1.2.1.5	[ OK ]

## success ##



## ./vsp2_tp_m3 end !!


0026

## ./vsp2_tp_m3 for M3 start ( Build : Jul 22 2024 04:52:34 ) ...



driver name is [fe960000.vsp]



- dev rpf.0   = /dev/video8

- dev rpf.1   = /dev/video9

- dev rpf.2   = /dev/video10

- dev rpf.3   = /dev/video11

- dev rpf.4   = /dev/video12

- dev wpf.0   = /dev/video13



- bru   = /dev/v4l-subdev6

- lut   = /dev/v4l-subdev7

- clu   = /dev/v4l-subdev8

- hgo   = /dev/v4l-subdev9

- rpf.0 = /dev/v4l-subdev10

- rpf.1 = /dev/v4l-subdev11

- rpf.2 = /dev/v4l-subdev12

- rpf.3 = /dev/v4l-subdev13

- rpf.4 = /dev/v4l-subdev14

- wpf.0 = /dev/v4l-subdev15


## change media ##

  soc:vsp2@vspmvspb0  ->  fe960000.vsp


## success ##


default File Output        = on

checksum error File Output = on

## success ##


@@ ----------------------------------------------

@@ MBRU = 1.2.1.5

@@ ----------------------------------------------

device open = /dev/video8

device open = /dev/video9

device open = /dev/video10

device open = /dev/video11

device open = /dev/video12

device open = /dev/video13

Input  File = 1280_720_ARGB32.argb

Input  File = 800_600_ARGB32.argb

Input  File = 640_480_ARGB32.argb

Input  File = 400_200_ARGB32.argb

Input  File = 100_50_ARGB32.argb

Output File = 1.2.1.5#1280_720_ARGB32.argb


----------------------

TotalTime           =  406.23 ms

   > ProcessingTime =    2.16 ms

     WaitTime       =    1.75 ms

     DevOpenTime    =    1.17 ms

     DevCloseTime   =    0.71 ms

     ReadTime       =    9.77 ms

     WriteTime      =  351.58 ms

     CheckSumTime   =   27.44 ms

     OtherTime      =   13.39 ms

----------------------

[R] 1.2.1.5	[ OK ]

## success ##



## ./vsp2_tp_m3 end !!


0027

## ./vsp2_tp_m3 for M3 start ( Build : Jul 22 2024 04:52:34 ) ...



driver name is [fe960000.vsp]



- dev rpf.0   = /dev/video8

- dev rpf.1   = /dev/video9

- dev rpf.2   = /dev/video10

- dev rpf.3   = /dev/video11

- dev rpf.4   = /dev/video12

- dev wpf.0   = /dev/video13



- bru   = /dev/v4l-subdev6

- lut   = /dev/v4l-subdev7

- clu   = /dev/v4l-subdev8

- hgo   = /dev/v4l-subdev9

- rpf.0 = /dev/v4l-subdev10

- rpf.1 = /dev/v4l-subdev11

- rpf.2 = /dev/v4l-subdev12

- rpf.3 = /dev/v4l-subdev13

- rpf.4 = /dev/v4l-subdev14

- wpf.0 = /dev/v4l-subdev15


## change media ##

  soc:vsp2@vspmvspb0  ->  fe960000.vsp


## success ##


default File Output        = on

checksum error File Output = on

## success ##


@@ ----------------------------------------------

@@ MBRU = 1.2.1.5

@@ ----------------------------------------------

device open = /dev/video8

device open = /dev/video9

device open = /dev/video10

device open = /dev/video11

device open = /dev/video12

device open = /dev/video13

Input  File = 1280_720_ARGB32.argb

Input  File = 800_600_ARGB32.argb

Input  File = 640_480_ARGB32.argb

Input  File = 400_200_ARGB32.argb

Input  File = 100_50_ARGB32.argb

Output File = 1.2.1.5#1280_720_ARGB32.argb


----------------------

TotalTime           =  439.07 ms

   > ProcessingTime =    2.37 ms

     WaitTime       =    1.88 ms

     DevOpenTime    =    1.35 ms

     DevCloseTime   =    0.83 ms

     ReadTime       =   14.52 ms

     WriteTime      =  349.94 ms

     CheckSumTime   =   53.85 ms

     OtherTime      =   16.21 ms

----------------------

[R] 1.2.1.5	[ OK ]

## success ##



## ./vsp2_tp_m3 end !!


0028

## ./vsp2_tp_m3 for M3 start ( Build : Jul 22 2024 04:52:34 ) ...



driver name is [fe960000.vsp]



- dev rpf.0   = /dev/video8

- dev rpf.1   = /dev/video9

- dev rpf.2   = /dev/video10

- dev rpf.3   = /dev/video11

- dev rpf.4   = /dev/video12

- dev wpf.0   = /dev/video13



- bru   = /dev/v4l-subdev6

- lut   = /dev/v4l-subdev7

- clu   = /dev/v4l-subdev8

- hgo   = /dev/v4l-subdev9

- rpf.0 = /dev/v4l-subdev10

- rpf.1 = /dev/v4l-subdev11

- rpf.2 = /dev/v4l-subdev12

- rpf.3 = /dev/v4l-subdev13

- rpf.4 = /dev/v4l-subdev14

- wpf.0 = /dev/v4l-subdev15


## change media ##

  soc:vsp2@vspmvspb0  ->  fe960000.vsp


## success ##


default File Output        = on

checksum error File Output = on

## success ##


@@ ----------------------------------------------

@@ MBRU = 1.2.1.5

@@ ----------------------------------------------

device open = /dev/video8

device open = /dev/video9

device open = /dev/video10

device open = /dev/video11

device open = /dev/video12

device open = /dev/video13

Input  File = 1280_720_ARGB32.argb

Input  File = 800_600_ARGB32.argb

Input  File = 640_480_ARGB32.argb

Input  File = 400_200_ARGB32.argb

Input  File = 100_50_ARGB32.argb

Output File = 1.2.1.5#1280_720_ARGB32.argb


----------------------

TotalTime           =  457.16 ms

   > ProcessingTime =    2.38 ms

     WaitTime       =    1.91 ms

     DevOpenTime    =    1.38 ms

     DevCloseTime   =    0.83 ms

     ReadTime       =   14.84 ms

     WriteTime      =  369.52 ms

     CheckSumTime   =   51.73 ms

     OtherTime      =   16.47 ms

----------------------

[R] 1.2.1.5	[ OK ]

## success ##



## ./vsp2_tp_m3 end !!


0029

## ./vsp2_tp_m3 for M3 start ( Build : Jul 22 2024 04:52:34 ) ...



driver name is [fe960000.vsp]



- dev rpf.0   = /dev/video8

- dev rpf.1   = /dev/video9

- dev rpf.2   = /dev/video10

- dev rpf.3   = /dev/video11

- dev rpf.4   = /dev/video12

- dev wpf.0   = /dev/video13



- bru   = /dev/v4l-subdev6

- lut   = /dev/v4l-subdev7

- clu   = /dev/v4l-subdev8

- hgo   = /dev/v4l-subdev9

- rpf.0 = /dev/v4l-subdev10

- rpf.1 = /dev/v4l-subdev11

- rpf.2 = /dev/v4l-subdev12

- rpf.3 = /dev/v4l-subdev13

- rpf.4 = /dev/v4l-subdev14

- wpf.0 = /dev/v4l-subdev15


## change media ##

  soc:vsp2@vspmvspb0  ->  fe960000.vsp


## success ##


default File Output        = on

checksum error File Output = on

## success ##


@@ ----------------------------------------------

@@ MBRU = 1.2.1.5

@@ ----------------------------------------------

device open = /dev/video8

device open = /dev/video9

device open = /dev/video10

device open = /dev/video11

device open = /dev/video12

device open = /dev/video13

Input  File = 1280_720_ARGB32.argb

Input  File = 800_600_ARGB32.argb

Input  File = 640_480_ARGB32.argb

Input  File = 400_200_ARGB32.argb

Input  File = 100_50_ARGB32.argb

Output File = 1.2.1.5#1280_720_ARGB32.argb


----------------------

TotalTime           =  439.54 ms

   > ProcessingTime =    2.34 ms

     WaitTime       =    1.87 ms

     DevOpenTime    =    1.33 ms

     DevCloseTime   =    0.83 ms

     ReadTime       =   14.80 ms

     WriteTime      =  352.82 ms

     CheckSumTime   =   51.05 ms

     OtherTime      =   16.36 ms

----------------------

[R] 1.2.1.5	[ OK ]

## success ##



## ./vsp2_tp_m3 end !!


0030

## ./vsp2_tp_m3 for M3 start ( Build : Jul 22 2024 04:52:34 ) ...



driver name is [fe960000.vsp]



- dev rpf.0   = /dev/video8

- dev rpf.1   = /dev/video9

- dev rpf.2   = /dev/video10

- dev rpf.3   = /dev/video11

- dev rpf.4   = /dev/video12

