NOTICE:  BL2: R-Car Gen3 Initial Program Loader(CA57) Rev.4.0.0
NOTICE:  BL2: PRR is R-Car M3 Ver.1.1 / Ver.1.2
NOTICE:  BL2: Board is Salvator-XS Rev.1.0
NOTICE:  BL2: Boot device is HyperFlash(160MHz)
NOTICE:  BL2: LCM state is CM
NOTICE:  AVS setting succeeded. DVFS_SetVID=0x53
NOTICE:  BL2: DDR3200(rev.0.42)
NOTICE:  BL2: [COLD_BOOT]
NOTICE:  BL2: DRAM Split is 2ch
NOTICE:  BL2: QoS is default setting(rev.0.04)
NOTICE:  BL2: DRAM refresh interval 1.95 usec
NOTICE:  BL2: Periodic Write DQ Training
NOTICE:  BL2: CH0: 400000000 - 47fffffff, 2 GiB
NOTICE:  BL2: CH2: 600000000 - 67fffffff, 2 GiB
NOTICE:  BL2: Lossy Decomp areas
NOTICE:       Entry 0: DCMPAREACRAx:0x80000540 DCMPAREACRBx:0x570
NOTICE:       Entry 1: DCMPAREACRAx:0x40000000 DCMPAREACRBx:0x0
NOTICE:       Entry 2: DCMPAREACRAx:0x20000000 DCMPAREACRBx:0x0
NOTICE:  BL2: FDT at 0xe6325f78
NOTICE:  BL2: v2.9(release):9cdb21f75-dirty
NOTICE:  BL2: Built : 09:24:53, Jul 23 2024
NOTICE:  BL2: Normal boot
NOTICE:  BL2: dst=0xe6325800 src=0x8180000 len=512(0x200)
NOTICE:  BL2: dst=0x43f00000 src=0x8180400 len=6144(0x1800)
NOTICE:  rcar_file_len: len: 0x0003e000
NOTICE:  BL2: dst=0x44000000 src=0x81c0000 len=253952(0x3e000)
NOTICE:  rcar_file_len: len: 0x00200000
NOTICE:  BL2: dst=0x44100000 src=0x8200000 len=2097152(0x200000)
NOTICE:  rcar_file_len: len: 0x00100000
NOTICE:  BL2: dst=0x50000000 src=0x8640000 len=1048576(0x100000)
NOTICE:  BL2: Booting BL31


U-Boot 2020.10 (Aug 06 2024 - 13:13:28 +0000)

CPU: Renesas Electronics R8A7796 rev 1.1/rev 1.2
Model: Renesas Salvator-X 2nd version board based on r8a77960
DRAM:  3.9 GiB
RAM Configuration:
Bank #0: 0x048000000 - 0x0bfffffff, 1.9 GiB
Bank #1: 0x600000000 - 0x67fffffff, 2 GiB

MMC:   sd@ee100000: 0, sd@ee140000: 1, sd@ee160000: 2
Loading Environment from MMC... OK
In:    serial@e6e88000
Out:   serial@e6e88000
Err:   serial@e6e88000
Net:   eth0: ethernet@e6800000
Hit any key to stop autoboot:  3  0 
=> pr
LONG_bootargs=rw root=/dev/nfs nfsroot=192.168.8.8:/tftpboot/long.trinh-tien/M3_full/rootfs_2,nfsvers=4 ip=192.168.8.20 baudrate=115200
baudrate=115200
bootaddr=0x48080000 - 0x48000000
bootargs=rw root=/dev/nfs nfsroot=192.168.8.8:/tftpboot/long.trinh-tien/rootfs_wt_yocto,nfsvers=4 ip=192.168.8.20 baudrate=115200
bootcmd=run bootcmd_LONG_tftp
bootcmd_LONG_tftp=setenv bootargs ${LONG_bootargs} ; tftp 0x48080000 long.trinh-tien/M3_full/Image ; tftp 0x48000000 long.trinh-tien/M3_full/${dtb};booti 0x48080000 - 0x48000000
bootcmd_kernel_sdcard=fatload mmc 0 ${loadaddr} ${imagefile};fatload mmc 0 ${dtbaddr} ${dtbfile};booti ${bootaddr}
bootcmd_kernel_tftp=tftp ${loadaddr} ${imagefile};tftp ${dtbaddr} ${dtbfile};booti ${bootaddr}
bootcmd_tftp=tftp 0x48080000 thuanha/M3/Image;tftp 0x48000000 thuanha/M3/${dtb};booti 0x48080000 - 0x48000000
bootcmd_vinh=tftp 0x48080000 ${vinhdir}/Image_f1notoff;tftp 0x48000000 ${vinhdir}/r8a77960-salvator-xs.dtb; booti 0x48080000 - 0x48000000
bootdelay=3
dnsip=255.255.255.0
dtb=r8a77960-salvator-xs.dtb
dtbaddr=0x48000000
dtbfile=/tl_store/r4297/r8a7796_ipmmu_on_cmm_on.dtb
ethact=ethernet@e6800000
ethaddr=2E:09:0A:02:EA:D0
fdt_high=0xffffffffffffffff
fdtcontroladdr=bbeefe80
fileaddr=48080000
filesize=27a6a00
gatewayip=255.255.255.0
hostname=phongluu
imagefile=/tl_store/hang.bin
initrd_high=0xffffffffffffffff
intargs=setenv bootargs device=0 ether=${ethaddr} ipaddr=${ipaddr} netmask=${netmask} gateway=${gatewayip} nameserver=${dnsip} hostname=${hostname}
ipaddr=192.168.8.59
loadaddr=0x48080000
netmask=255.255.255.0
platform=r8a7796
serverip=192.168.8.8
setintargs=setenv bootargs device=0 ether=${ethaddr} ipaddr=${ipaddr} netmask=${netmask} gateway=${gatewayip} nameserver=${dnsip} hostname=${hostname}
stderr=serial@e6e88000
stdin=serial@e6e88000
stdout=serial@e6e88000
ver=U-Boot 2020.10 (Aug 06 2024 - 13:13:28 +0000)
vinhdir=vinhsunguyen/bsp/pm-swwa/final

Environment size: 1910/131068 bytes
=> boot
ethernet@e6800000 Waiting for PHY auto negotiation to complete........ done
Using ethernet@e6800000 device
TFTP from server 192.168.8.8; our IP address is 192.168.8.59
Filename 'long.trinh-tien/M3_full/Image'.
Load address: 0x48080000
Loading: *#################################################################
	 #################################################################
	 #################################################################
	 #################################################################
	 #################################################################
	 #################################################################
	 #################################################################
	 #################################################################
	 #################################################################
	 #################################################################
	 #################################################################
	 #################################################################
	 #################################################################
	 #################################################################
	 #################################################################
	 #################################################################
	 #################################################################
	 #################################################################
	 #################################################################
	 #################################################################
	 #################################################################
	 #################################################################
	 #################################################################
	 #################################################################
	 #################################################################
	 #################################################################
	 #################################################################
	 #################################################################
	 #################################################################
	 #################################################################
	 #################################################################
	 #################################################################
	 #################################################################
	 #################################################################
	 #################################################################
	 ######################
	 2.5 MiB/s
done
Bytes transferred = 33714688 (2027200 hex)
Using ethernet@e6800000 device
TFTP from server 192.168.8.8; our IP address is 192.168.8.59
Filename 'long.trinh-tien/M3_full/r8a77960-salvator-xs.dtb'.
Load address: 0x48000000
Loading: *######
	 2.5 MiB/s
done
Bytes transferred = 81461 (13e35 hex)
Moving Image from 0x48080000 to 0x48200000, end=4a2b0000
## Flattened Device Tree blob at 48000000
   Booting using the fdt blob at 0x48000000
   Using Device Tree in place at 0000000048000000, end 0000000048016e34

Starting kernel ...

[    0.000000] Booting Linux on physical CPU 0x0000000000 [0x411fd073]
[    0.000000] Linux version 5.10.218-yocto-standard (oe-user@oe-host) (aarch64-poky-linux-gcc (GCC) 13.2.0, GNU ld (GNU Binutils) 2.42.0.20240216) #1 SMP PREEMPT Mon Jul 1 02:50:10 UTC 2024
[    0.000000] Machine model: Renesas Salvator-X 2nd version board based on r8a77960
[    0.000000] efi: UEFI not found.
[    0.000000] Reserved memory: created CMA memory pool at 0x0000000057000000, size 16 MiB
[    0.000000] OF: reserved mem: initialized node linux,adsp@57000000, compatible id shared-dma-pool
[    0.000000] Reserved memory: created CMA memory pool at 0x0000000058000000, size 384 MiB
[    0.000000] OF: reserved mem: initialized node linux,cma@58000000, compatible id shared-dma-pool
[    0.000000] Reserved memory: created CMA memory pool at 0x0000000070000000, size 256 MiB
[    0.000000] OF: reserved mem: initialized node linux,multimedia@70000000, compatible id shared-dma-pool
[    0.000000] NUMA: No NUMA configuration found
[    0.000000] NUMA: Faking a node at [mem 0x0000000048000000-0x000000067fffffff]
[    0.000000] NUMA: NODE_DATA [mem 0x67f7e8b00-0x67f7eafff]
[    0.000000] Zone ranges:
[    0.000000]   DMA      [mem 0x0000000048000000-0x00000000ffffffff]
[    0.000000]   DMA32    empty
[    0.000000]   Normal   [mem 0x0000000100000000-0x000000067fffffff]
[    0.000000] Movable zone start for each node
[    0.000000] Early memory node ranges
[    0.000000]   node   0: [mem 0x0000000048000000-0x0000000053ffffff]
[    0.000000]   node   0: [mem 0x0000000054000000-0x0000000056ffffff]
[    0.000000]   node   0: [mem 0x0000000057000000-0x00000000bfffffff]
[    0.000000]   node   0: [mem 0x0000000600000000-0x000000067fffffff]
[    0.000000] Initmem setup node 0 [mem 0x0000000048000000-0x000000067fffffff]
[    0.000000] psci: probing for conduit method from DT.
[    0.000000] psci: PSCIv1.1 detected in firmware.
[    0.000000] psci: Using standard PSCI v0.2 function IDs
[    0.000000] psci: Trusted OS resident on physical CPU 0x0
[    0.000000] psci: SMC Calling Convention v1.2
[    0.000000] percpu: Embedded 23 pages/cpu s56984 r8192 d29032 u94208
[    0.000000] Detected PIPT I-cache on CPU0
[    0.000000] CPU features: detected: EL2 vector hardening
[    0.000000] CPU features: detected: Spectre-v2
[    0.000000] CPU features: detected: ARM errata 1165522, 1319367, or 1530923
[    0.000000] CPU features: detected: Spectre-BHB
[    0.000000] CPU features: detected: ARM erratum 1742098
[    0.000000] Built 1 zonelists, mobility grouping on.  Total pages: 999936
[    0.000000] Policy zone: Normal
[    0.000000] Kernel command line: rw root=/dev/nfs nfsroot=192.168.8.8:/tftpboot/long.trinh-tien/M3_full/rootfs_2,nfsvers=4 ip=192.168.8.20 baudrate=115200
[    0.000000] Dentry cache hash table entries: 524288 (order: 10, 4194304 bytes, linear)
[    0.000000] Inode-cache hash table entries: 262144 (order: 9, 2097152 bytes, linear)
[    0.000000] mem auto-init: stack:all(zero), heap alloc:off, heap free:off
[    0.000000] software IO TLB: mapped [mem 0x00000000bc000000-0x00000000c0000000] (64MB)
[    0.000000] Memory: 3162340K/4063232K available (15552K kernel code, 2844K rwdata, 8256K rodata, 6144K init, 524K bss, 229148K reserved, 671744K cma-reserved)
[    0.000000] SLUB: HWalign=64, Order=0-3, MinObjects=0, CPUs=6, Nodes=1
[    0.000000] rcu: Preemptible hierarchical RCU implementation.
[    0.000000] rcu: 	RCU event tracing is enabled.
[    0.000000] rcu: 	RCU restricting CPUs from NR_CPUS=256 to nr_cpu_ids=6.
[    0.000000] 	Trampoline variant of Tasks RCU enabled.
[    0.000000] rcu: RCU calculated value of scheduler-enlistment delay is 25 jiffies.
[    0.000000] rcu: Adjusting geometry for rcu_fanout_leaf=16, nr_cpu_ids=6
[    0.000000] NR_IRQS: 64, nr_irqs: 64, preallocated irqs: 0
[    0.000000] arch_timer: cp15 timer(s) running at 8.32MHz (virt).
[    0.000000] clocksource: arch_sys_counter: mask: 0xffffffffffffff max_cycles: 0x1eb398c07, max_idle_ns: 440795202503 ns
[    0.000003] sched_clock: 56 bits at 8MHz, resolution 120ns, wraps every 2199023255503ns
[    0.000221] Console: colour dummy device 80x25
[    0.000419] printk: console [tty0] enabled
[    0.000498] Calibrating delay loop (skipped), value calculated using timer frequency.. 16.64 BogoMIPS (lpj=33280)
[    0.000513] pid_max: default: 32768 minimum: 301
[    0.000569] LSM: Security Framework initializing
[    0.000633] Mount-cache hash table entries: 8192 (order: 4, 65536 bytes, linear)
[    0.000663] Mountpoint-cache hash table entries: 8192 (order: 4, 65536 bytes, linear)
[    0.002077] rcu: Hierarchical SRCU implementation.
[    0.003742] Detected Renesas R-Car Gen3 r8a7796 ES1.1/ES1.2
[    0.005695] EFI services will not be available.
[    0.006029] smp: Bringing up secondary CPUs ...
[    0.006515] Detected PIPT I-cache on CPU1
[    0.006569] CPU1: Booted secondary processor 0x0000000001 [0x411fd073]
[    0.007112] CPU features: detected: ARM erratum 845719
[    0.007126] Detected VIPT I-cache on CPU2
[    0.007181] CPU2: Booted secondary processor 0x0000000100 [0x410fd034]
[    0.007679] Detected VIPT I-cache on CPU3
[    0.007705] CPU3: Booted secondary processor 0x0000000101 [0x410fd034]
[    0.008199] Detected VIPT I-cache on CPU4
[    0.008225] CPU4: Booted secondary processor 0x0000000102 [0x410fd034]
[    0.008693] Detected VIPT I-cache on CPU5
[    0.008720] CPU5: Booted secondary processor 0x0000000103 [0x410fd034]
[    0.008797] smp: Brought up 1 node, 6 CPUs
[    0.008850] SMP: Total of 6 processors activated.
[    0.008858] CPU features: detected: 32-bit EL0 Support
[    0.008865] CPU features: detected: CRC32 instructions
[    0.008872] CPU features: detected: 32-bit EL1 Support
[    0.021939] CPU: All CPU(s) started at EL1
[    0.021996] alternatives: patching kernel code
[    0.023020] devtmpfs: initialized
[    0.029125] KASLR disabled due to lack of seed
[    0.029287] clocksource: jiffies: mask: 0xffffffff max_cycles: 0xffffffff, max_idle_ns: 7645041785100000 ns
[    0.029313] futex hash table entries: 2048 (order: 5, 131072 bytes, linear)
[    0.038796] pinctrl core: initialized pinctrl subsystem
[    0.040287] DMI not present or invalid.
[    0.040764] NET: Registered protocol family 16
[    0.041563] DMA: preallocated 512 KiB GFP_KERNEL pool for atomic allocations
[    0.041667] DMA: preallocated 512 KiB GFP_KERNEL|GFP_DMA pool for atomic allocations
[    0.041808] DMA: preallocated 512 KiB GFP_KERNEL|GFP_DMA32 pool for atomic allocations
[    0.041852] audit: initializing netlink subsys (disabled)
[    0.042035] audit: type=2000 audit(0.040:1): state=initialized audit_enabled=0 res=1
[    0.043169] thermal_sys: Registered thermal governor 'power_allocator'
[    0.043751] cpuidle: using governor menu
[    0.043907] hw-breakpoint: found 6 breakpoint and 4 watchpoint registers.
[    0.044013] ASID allocator initialised with 65536 entries
[    0.045441] Serial: AMBA PL011 UART driver
[    0.083484] sh-pfc e6060000.pinctrl: r8a77960_pfc support registered
[    0.096192] HugeTLB registered 1.00 GiB page size, pre-allocated 0 pages
[    0.096206] HugeTLB registered 32.0 MiB page size, pre-allocated 0 pages
[    0.096214] HugeTLB registered 2.00 MiB page size, pre-allocated 0 pages
[    0.096221] HugeTLB registered 64.0 KiB page size, pre-allocated 0 pages
[    0.097363] cryptd: max_cpu_qlen set to 1000
[    0.099746] ACPI: Interpreter disabled.
[    0.103577] rcar-avs: use avs value: 0
[    0.103599] rcar-avs: cpu@0 is running with: opp_table0
[    0.103608] rcar-avs: cpu@1 is running with: opp_table0
[    0.103695] rcar-avs: gsx@fd000000 is running with: gsx_opp_table0
[    0.105154] iommu: Default domain type: Translated 
[    0.105803] ipmmu-vmsa e67b0000.iommu: IPMMU context 0 is reserved
[    0.106791] vgaarb: loaded
[    0.107004] SCSI subsystem initialized
[    0.107263] usbcore: registered new interface driver usbfs
[    0.107291] usbcore: registered new interface driver hub
[    0.107314] usbcore: registered new device driver usb
[    0.111071] i2c-sh_mobile e60b0000.i2c: I2C adapter 7, bus speed 400000 Hz
[    0.111616] mc: Linux media interface: v0.10
[    0.111640] videodev: Linux video capture interface: v2.00
[    0.111696] pps_core: LinuxPPS API ver. 1 registered
[    0.111705] pps_core: Software ver. 5.3.6 - Copyright 2005-2007 Rodolfo Giometti <giometti@linux.it>
[    0.111718] PTP clock support registered
[    0.111906] EDAC MC: Ver: 3.0.0
[    0.113831] FPGA manager framework
[    0.113896] Advanced Linux Sound Architecture Driver Initialized.
[    0.114422] clocksource: Switched to clocksource arch_sys_counter
[    0.114585] VFS: Disk quotas dquot_6.6.0
[    0.114632] VFS: Dquot-cache hash table entries: 512 (order 0, 4096 bytes)
[    0.114798] pnp: PnP ACPI: disabled
[    0.118857] NET: Registered protocol family 2
[    0.119106] IP idents hash table entries: 65536 (order: 7, 524288 bytes, linear)
[    0.120352] tcp_listen_portaddr_hash hash table entries: 2048 (order: 3, 32768 bytes, linear)
[    0.120407] TCP established hash table entries: 32768 (order: 6, 262144 bytes, linear)
[    0.120553] TCP bind hash table entries: 32768 (order: 7, 524288 bytes, linear)
[    0.120845] TCP: Hash tables configured (established 32768 bind 32768)
[    0.120961] UDP hash table entries: 2048 (order: 4, 65536 bytes, linear)
[    0.121028] UDP-Lite hash table entries: 2048 (order: 4, 65536 bytes, linear)
[    0.121193] NET: Registered protocol family 1
[    0.121529] RPC: Registered named UNIX socket transport module.
[    0.121540] RPC: Registered udp transport module.
[    0.121545] RPC: Registered tcp transport module.
[    0.121551] RPC: Registered tcp NFSv4.1 backchannel transport module.
[    0.121564] PCI: CLS 0 bytes, default 64
[    0.122488] hw perfevents: enabled with armv8_cortex_a53 PMU driver, 7 counters available
[    0.122728] hw perfevents: enabled with armv8_cortex_a57 PMU driver, 7 counters available
[    0.123254] kvm [1]: HYP mode not available
[    0.126241] Initialise system trusted keyrings
[    0.126363] workingset: timestamp_bits=42 max_order=20 bucket_order=0
[    0.129415] squashfs: version 4.0 (2009/01/31) Phillip Lougher
[    0.129827] NFS: Registering the id_resolver key type
[    0.129856] Key type id_resolver registered
[    0.129862] Key type id_legacy registered
[    0.129919] nfs4filelayout_init: NFSv4 File Layout Driver Registering...
[    0.129927] nfs4flexfilelayout_init: NFSv4 Flexfile Layout Driver Registering...
[    0.130038] 9p: Installing v9fs 9p2000 file system support
[    0.156077] Key type asymmetric registered
[    0.156093] Asymmetric key parser 'x509' registered
[    0.156124] Block layer SCSI generic (bsg) driver version 0.4 loaded (major 243)
[    0.156134] io scheduler mq-deadline registered
[    0.156143] io scheduler kyber registered
[    0.169252] gpio_rcar e6050000.gpio: driving 16 GPIOs
[    0.169636] gpio_rcar e6051000.gpio: driving 29 GPIOs
[    0.169946] gpio_rcar e6052000.gpio: driving 15 GPIOs
[    0.170237] gpio_rcar e6053000.gpio: driving 16 GPIOs
[    0.170541] gpio_rcar e6054000.gpio: driving 18 GPIOs
[    0.170806] gpio_rcar e6055000.gpio: driving 26 GPIOs
[    0.171096] gpio_rcar e6055400.gpio: driving 32 GPIOs
[    0.171350] gpio_rcar e6055800.gpio: driving 4 GPIOs
[    0.174220] rcar-pcie fe000000.pcie: host bridge /soc/pcie@fe000000 ranges:
[    0.174253] rcar-pcie fe000000.pcie:       IO 0x00fe100000..0x00fe1fffff -> 0x0000000000
[    0.174278] rcar-pcie fe000000.pcie:      MEM 0x00fe200000..0x00fe3fffff -> 0x00fe200000
[    0.174296] rcar-pcie fe000000.pcie:      MEM 0x0030000000..0x0037ffffff -> 0x0030000000
[    0.174310] rcar-pcie fe000000.pcie:      MEM 0x0038000000..0x003fffffff -> 0x0038000000
[    0.174326] rcar-pcie fe000000.pcie:   IB MEM 0x0040000000..0x00bfffffff -> 0x0040000000
[    0.174374] rcar-pcie fe000000.pcie: no pcie3v3 regulator found
[    0.174384] rcar-pcie fe000000.pcie: no pcie1v8 regulator found
[    0.242137] rcar-pcie fe000000.pcie: PCIe link down
[    0.242320] rcar-pcie ee800000.pcie: host bridge /soc/pcie@ee800000 ranges:
[    0.242343] rcar-pcie ee800000.pcie:       IO 0x00ee900000..0x00ee9fffff -> 0x0000000000
[    0.242362] rcar-pcie ee800000.pcie:      MEM 0x00eea00000..0x00eebfffff -> 0x00eea00000
[    0.242379] rcar-pcie ee800000.pcie:      MEM 0x00c0000000..0x00c7ffffff -> 0x00c0000000
[    0.242392] rcar-pcie ee800000.pcie:      MEM 0x00c8000000..0x00cfffffff -> 0x00c8000000
[    0.242408] rcar-pcie ee800000.pcie:   IB MEM 0x0040000000..0x00bfffffff -> 0x0040000000
[    0.242457] rcar-pcie ee800000.pcie: no pcie3v3 regulator found
[    0.242467] rcar-pcie ee800000.pcie: no pcie1v8 regulator found
[    0.310119] rcar-pcie ee800000.pcie: PCIe link down
[    0.312284] EINJ: ACPI disabled.
[    0.343711] Serial: 8250/16550 driver, 4 ports, IRQ sharing enabled
[    0.346091] SuperH (H)SCI(F) driver initialized
[    0.346529] e6550000.serial: ttySC1 at MMIO 0xe6550000 (irq = 40, base_baud = 0) is a hscif
[    0.347336] e6e88000.serial: ttySC0 at MMIO 0xe6e88000 (irq = 123, base_baud = 0) is a scif
[    1.505410] printk: console [ttySC0] enabled
[    1.510898] msm_serial: driver initialized
[    1.521046] rcar-dw-hdmi fead0000.hdmi: Detected HDMI TX controller v2.01a with HDCP (DWC HDMI 2.0 TX PHY)
[    1.530970] rcar-dw-hdmi fead0000.hdmi: registered DesignWare HDMI I2C bus driver
[    1.546317] loop: module loaded
[    1.550928] megasas: 07.714.04.00-rc1
[    1.560403] tun: Universal TUN/TAP device driver, 1.6
[    1.566342] thunder_xcv, ver 1.0
[    1.569603] thunder_bgx, ver 1.0
[    1.572852] nicpf, ver 1.0
[    1.576807] hclge is initializing
[    1.580153] hns3: Hisilicon Ethernet Network Driver for Hip08 Family - version
[    1.587378] hns3: Copyright (c) 2017 Huawei Corporation.
[    1.592718] e1000: Intel(R) PRO/1000 Network Driver
[    1.597598] e1000: Copyright (c) 1999-2006 Intel Corporation.
[    1.603371] e1000e: Intel(R) PRO/1000 Network Driver
[    1.608336] e1000e: Copyright(c) 1999 - 2015 Intel Corporation.
[    1.614284] igb: Intel(R) Gigabit Ethernet Network Driver
[    1.619685] igb: Copyright (c) 2007-2014 Intel Corporation.
[    1.625271] igbvf: Intel(R) Gigabit Virtual Function Network Driver
[    1.631539] igbvf: Copyright (c) 2009 - 2012 Intel Corporation.
[    1.637840] sky2: driver version 1.30
[    1.645478] ravb e6800000.ethernet eth0: Base address at 0xe6800000, 2e:09:0a:02:ea:d0, IRQ 120.
[    1.655697] VFIO - User Level meta-driver version: 0.3
[    1.662765] ehci_hcd: USB 2.0 'Enhanced' Host Controller (EHCI) Driver
[    1.669309] ehci-pci: EHCI PCI platform driver
[    1.673771] ehci-platform: EHCI generic platform driver
[    1.679517] ehci-platform ee0a0100.usb: EHCI Host Controller
[    1.685219] ehci-platform ee0a0100.usb: new USB bus registered, assigned bus number 1
[    1.693157] ehci-platform ee0a0100.usb: irq 170, io mem 0xee0a0100
[    1.714431] ehci-platform ee0a0100.usb: USB 2.0 started, EHCI 1.10
[    1.720971] hub 1-0:1.0: USB hub found
[    1.724746] hub 1-0:1.0: 1 port detected
[    1.729146] ehci-orion: EHCI orion driver
[    1.733437] ehci-exynos: EHCI Exynos driver
[    1.737738] ohci_hcd: USB 1.1 'Open' Host Controller (OHCI) Driver
[    1.743938] ohci-pci: OHCI PCI platform driver
[    1.748426] ohci-platform: OHCI generic platform driver
[    1.754038] ohci-platform ee0a0000.usb: Generic Platform OHCI controller
[    1.760763] ohci-platform ee0a0000.usb: new USB bus registered, assigned bus number 2
[    1.768650] ohci-platform ee0a0000.usb: irq 170, io mem 0xee0a0000
[    1.864751] hub 2-0:1.0: USB hub found
[    1.868524] hub 2-0:1.0: 1 port detected
[    1.872897] ohci-exynos: OHCI Exynos driver
[    1.877774] xhci-hcd ee000000.usb: xHCI Host Controller
[    1.883028] xhci-hcd ee000000.usb: new USB bus registered, assigned bus number 3
[    1.906291] xhci-hcd ee000000.usb: hcc params 0x014051ce hci version 0x100 quirks 0x0000000000830410
[    1.915472] xhci-hcd ee000000.usb: irq 167, io mem 0xee000000
[    1.921336] xhci-hcd ee000000.usb: xHCI Host Controller
[    1.926571] xhci-hcd ee000000.usb: new USB bus registered, assigned bus number 4
[    1.933973] xhci-hcd ee000000.usb: Host supports USB 3.0 SuperSpeed
[    1.940560] hub 3-0:1.0: USB hub found
[    1.944334] hub 3-0:1.0: 1 port detected
[    1.948449] usb usb4: We don't know the algorithms for LPM for this host, disabling LPM.
[    1.956819] hub 4-0:1.0: USB hub found
[    1.960597] hub 4-0:1.0: 1 port detected
[    1.965432] usbcore: registered new interface driver usb-storage
[    1.973017] renesas_usbhs e6590000.usb: host probed
[    1.977915] renesas_usbhs e6590000.usb: no transceiver found
[    1.983645] renesas_usbhs e6590000.usb: gadget probed
[    1.988872] renesas_usbhs e6590000.usb: probed
[    1.995602] i2c /dev entries driver
[    2.010217] cs2000-cp 2-004f: revision - C1
[    2.014482] i2c-rcar e6510000.i2c: probed
[    2.019416] pca953x 4-0020: supply vcc not found, using dummy regulator
[    2.026127] pca953x 4-0020: using no AI
[    2.036878] i2c-rcar e66d8000.i2c: probed
[    2.042261] adv748x 4-0070: Endpoint /soc/i2c@e66d8000/video-receiver@70/port@7/endpoint on port 7
[    2.051250] adv748x 4-0070: Endpoint /soc/i2c@e66d8000/video-receiver@70/port@8/endpoint on port 8
[    2.060220] adv748x 4-0070: Endpoint /soc/i2c@e66d8000/video-receiver@70/port@a/endpoint on port 10
[    2.069299] adv748x 4-0070: Endpoint /soc/i2c@e66d8000/video-receiver@70/port@b/endpoint on port 11
[    2.078690] adv748x 4-0070: chip found @ 0xe0 revision 2143
[    2.131793] rcar-csi2 fea80000.csi2: 1 lanes found
[    2.136972] rcar-csi2 feaa0000.csi2: 4 lanes found
[    2.146608] rcar-vin e6ef0000.video: Device registered as video0
[    2.152703] rcar-vin e6ef1000.video: Device registered as video1
[    2.158788] rcar-vin e6ef2000.video: Device registered as video2
[    2.164865] rcar-vin e6ef3000.video: Device registered as video3
[    2.170950] rcar-vin e6ef4000.video: Device registered as video4
[    2.177026] rcar-vin e6ef5000.video: Device registered as video5
[    2.183104] rcar-vin e6ef6000.video: Device registered as video6
[    2.189183] rcar-vin e6ef7000.video: Device registered as video7
[    2.195890] usbcore: registered new interface driver uvcvideo
[    2.201653] USB Video Class driver (1.1.1)
[    2.207773] rcar_gen3_thermal e6198000.thermal: is using pseudo fixed FUSE values
[    2.219927] rcar_gen3_thermal e6198000.thermal: TSC0: Loaded 1 trip points
[    2.231326] rcar_gen3_thermal e6198000.thermal: TSC1: Loaded 1 trip points
[    2.242568] rcar_gen3_thermal e6198000.thermal: TSC2: Loaded 3 trip points
[    2.254443] sdhci: Secure Digital Host Controller Interface driver
[    2.260640] sdhci: Copyright(c) Pierre Ossman
[    2.265903] renesas_sdhi_internal_dmac ee100000.mmc: Got CD GPIO
[    2.271960] renesas_sdhi_internal_dmac ee100000.mmc: Got WP GPIO
[    2.283384] renesas_sdhi_internal_dmac ee140000.mmc: Adding to iommu group 0
[    2.290501] renesas_sdhi_internal_dmac ee140000.mmc: Using IPMMU context 1
[    2.346701] renesas_sdhi_internal_dmac ee140000.mmc: mmc0 base at 0x00000000ee140000, max clock rate 200 MHz
[    2.357258] renesas_sdhi_internal_dmac ee160000.mmc: Got CD GPIO
[    2.363322] renesas_sdhi_internal_dmac ee160000.mmc: Got WP GPIO
[    2.371102] Synopsys Designware Multimedia Card Interface Driver
[    2.378291] sdhci-pltfm: SDHCI platform and OF driver helper
[    2.386061] ledtrig-cpu: registered to indicate activity on CPUs
[    2.392840] SMCCC: SOC_ID: ARCH_SOC_ID not implemented, skipping ....
[    2.399860] usbcore: registered new interface driver usbhid
[    2.405438] usbhid: USB HID core driver
[    2.412623] optee: probing for conduit method.
[    2.417094] optee: revision 3.22 (314ecf9d)
[    2.417639] optee driver R-Car Rev.1.0.11
[    2.426207] optee: dynamic shared memory is enabled
[    2.431360] optee: initialized driver
[    2.435625] mmc0: new HS200 MMC card at address 0001
[    2.441391] mmcblk0: mmc0:0001 BGSD3R 29.1 GiB 
[    2.446341] mmcblk0boot0: mmc0:0001 BGSD3R partition 1 16.0 MiB
[    2.452681] mmcblk0boot1: mmc0:0001 BGSD3R partition 2 16.0 MiB
[    2.458712] mmcblk0rpmb: mmc0:0001 BGSD3R partition 3 4.00 MiB, chardev (509:0)
[    2.469155]  mmcblk0: p1 p2 p3 p4 p5 p6 p7 p8 p9 p10 p11 p12 p13 p14 p15 p16 p17 p18
[    2.478074] rcar_sound ec500000.sound: probed
[    2.483309] rcar_adsp_sound adsp_sound: probed
[    2.488177] NET: Registered protocol family 17
[    2.492744] 9pnet: Installing 9P2000 support
[    2.497065] Key type dns_resolver registered
[    2.501570] registered taskstats version 1
[    2.505699] Loading compiled-in X.509 certificates
[    2.519627] thermal emergency: set temperature to 110 celsius
[    2.525558] thermal emergency: shutdown target cpus 1-5
[    2.530788] thermal emergency: freq scaled target cpus 0
[    2.536451] renesas_irqc e61c0000.interrupt-controller: driving 6 irqs
[    2.582454] ehci-platform ee080100.usb: EHCI Host Controller
[    2.588147] ehci-platform ee080100.usb: new USB bus registered, assigned bus number 5
[    2.596052] ehci-platform ee080100.usb: irq 169, io mem 0xee080100
[    2.614429] ehci-platform ee080100.usb: USB 2.0 started, EHCI 1.10
[    2.621055] hub 5-0:1.0: USB hub found
[    2.624828] hub 5-0:1.0: 1 port detected
[    2.630198] ohci-platform ee080000.usb: Generic Platform OHCI controller
[    2.636931] ohci-platform ee080000.usb: new USB bus registered, assigned bus number 6
[    2.644829] ohci-platform ee080000.usb: irq 169, io mem 0xee080000
[    2.740781] hub 6-0:1.0: USB hub found
[    2.744556] hub 6-0:1.0: 1 port detected
[    2.749860] cpu cpu0: EM: created perf domain
[    2.755053] cpu cpu2: EM: created perf domain
[    2.762133] renesas_sdhi_internal_dmac ee100000.mmc: Got CD GPIO
[    2.768199] renesas_sdhi_internal_dmac ee100000.mmc: Got WP GPIO
[    2.823285] renesas_sdhi_internal_dmac ee100000.mmc: mmc1 base at 0x00000000ee100000, max clock rate 200 MHz
[    2.835437] renesas_sdhi_internal_dmac ee160000.mmc: Got CD GPIO
[    2.841505] renesas_sdhi_internal_dmac ee160000.mmc: Got WP GPIO
[    2.896184] renesas_sdhi_internal_dmac ee160000.mmc: mmc2 base at 0x00000000ee160000, max clock rate 200 MHz
[    2.915983] [drm] Initialized rcar-du 1.0.0 20130110 for feb00000.display on minor 0
[    2.923805] [drm] Device feb00000.display probed
[    2.967544] Console: switching to colour frame buffer device 128x48
[    2.990740] rcar-du feb00000.display: [drm] fb0: rcar-dudrmfb frame buffer device
[    3.000629] input: keys as /devices/platform/keys/input/input0
[    3.081823] Micrel KSZ9031 Gigabit PHY e6800000.ethernet-ffffffff:00: attached PHY driver [Micrel KSZ9031 Gigabit PHY] (mii_bus:phy_addr=e6800000.ethernet-ffffffff:00, irq=175)
[    9.649825] ravb e6800000.ethernet eth0: Link is Up - 1Gbps/Full - flow control off
[    9.674464] IP-Config: Guessing netmask 255.255.255.0
[    9.679624] IP-Config: Complete:
[    9.682936]      device=eth0, hwaddr=2e:09:0a:02:ea:d0, ipaddr=192.168.8.20, mask=255.255.255.0, gw=255.255.255.255
[    9.693566]      host=192.168.8.20, domain=, nis-domain=(none)
[    9.699526]      bootserver=255.255.255.255, rootserver=192.168.8.8, rootpath=
[    9.699773] clk: Disabling unused clocks
[    9.711643] ALSA device list:
[    9.714670]   #0: rcar-sound
[   10.792627] VFS: Mounted root (nfs4 filesystem) on device 0:22.
[   10.799945] devtmpfs: mounted
[   10.805592] Freeing unused kernel memory: 6144K
[   10.822529] Run /sbin/init as init process
[   11.840121] systemd[1]: System time before build time, advancing clock.
[   11.983873] NET: Registered protocol family 10
[   11.993827] Segment Routing with IPv6
[   12.069228] systemd[1]: systemd 255.4^ running in system mode (+PAM -AUDIT -SELINUX -APPARMOR +IMA -SMACK +SECCOMP -GCRYPT -GNUTLS -OPENSSL +ACL +BLKID -CURL -ELFUTILS -FIDO2 -IDN2 -IDN -IPTC +KMOD -LIBCRYPTSETUP +LIBFDISK -PCRE2 -PWQUALITY -P11KIT -QRENCODE -TPM2 -BZIP2 -LZ4 -XZ -ZLIB +ZSTD -BPF_FRAMEWORK -XKBCOMMON +UTMP +SYSVINIT default-hierarchy=unified)
[   12.113401] systemd[1]: Detected architecture arm64.

Welcome to Poky (Yocto Project Reference Distro) 5.0 (scarthgap)!

[   12.153909] systemd[1]: Hostname set to <salvator-x>.
[   12.298504] random: crng init done
[   12.398303] systemd-sysv-generator[297]: SysV service '/etc/init.d/umountnfs.sh' lacks a native systemd unit file. ~ Automatically generating a unit file for compatibility. Please update package to include a native systemd unit file, in order to make it safe, robust and future-proof. ! This compatibility logic is deprecated, expect removal soon. !
[   12.453722] systemd-sysv-generator[297]: SysV service '/etc/init.d/set_default_governor.sh' lacks a native systemd unit file. ~ Automatically generating a unit file for compatibility. Please update package to include a native systemd unit file, in order to make it safe, robust and future-proof. ! This compatibility logic is deprecated, expect removal soon. !
[   12.506381] systemd-sysv-generator[297]: SysV service '/etc/init.d/umountfs' lacks a native systemd unit file. ~ Automatically generating a unit file for compatibility. Please update package to include a native systemd unit file, in order to make it safe, robust and future-proof. ! This compatibility logic is deprecated, expect removal soon. !
[   12.548579] systemd-sysv-generator[297]: SysV service '/etc/init.d/save-rtc.sh' lacks a native systemd unit file. ~ Automatically generating a unit file for compatibility. Please update package to include a native systemd unit file, in order to make it safe, robust and future-proof. ! This compatibility logic is deprecated, expect removal soon. !
[   12.586599] systemd-sysv-generator[297]: SysV service '/etc/init.d/reboot' lacks a native systemd unit file. ~ Automatically generating a unit file for compatibility. Please update package to include a native systemd unit file, in order to make it safe, robust and future-proof. ! This compatibility logic is deprecated, expect removal soon. !
[   12.621274] systemd-sysv-generator[297]: SysV service '/etc/init.d/halt' lacks a native systemd unit file. ~ Automatically generating a unit file for compatibility. Please update package to include a native systemd unit file, in order to make it safe, robust and future-proof. ! This compatibility logic is deprecated, expect removal soon. !
[   12.656418] systemd-sysv-generator[297]: SysV service '/etc/init.d/sendsigs' lacks a native systemd unit file. ~ Automatically generating a unit file for compatibility. Please update package to include a native systemd unit file, in order to make it safe, robust and future-proof. ! This compatibility logic is deprecated, expect removal soon. !
[   12.693740] systemd-sysv-generator[297]: SysV service '/etc/init.d/single' lacks a native systemd unit file. ~ Automatically generating a unit file for compatibility. Please update package to include a native systemd unit file, in order to make it safe, robust and future-proof. ! This compatibility logic is deprecated, expect removal soon. !
[   12.729398] systemd-sysv-generator[297]: SysV service '/etc/init.d/pvrinit' lacks a native systemd unit file. ~ Automatically generating a unit file for compatibility. Please update package to include a native systemd unit file, in order to make it safe, robust and future-proof. ! This compatibility logic is deprecated, expect removal soon. !
[   12.772446] systemd-sysv-generator[297]: SysV service '/etc/init.d/dropbear' lacks a native systemd unit file. ~ Automatically generating a unit file for compatibility. Please update package to include a native systemd unit file, in order to make it safe, robust and future-proof. ! This compatibility logic is deprecated, expect removal soon. !
[   13.815154] systemd[1]: Queued start job for default target Graphical Interface.
[   13.882273] systemd[1]: Created slice Slice /system/getty.
[  OK  ] Created slice Slice /system/getty.
[   13.913242] systemd[1]: Created slice Slice /system/modprobe.
[  OK  ] Created slice Slice /system/modprobe.
[   13.949528] systemd[1]: Created slice Slice /system/serial-getty.
[  OK  ] Created slice Slice /system/serial-getty.
[   13.980490] systemd[1]: Created slice User and Session Slice.
[  OK  ] Created slice User and Session Slice.
[   14.011275] systemd[1]: Started Dispatch Password Requests to Console Directory Watch.
[  OK  ] Started Dispatch Password Requests to Console Directory Watch.
[   14.042976] systemd[1]: Started Forward Password Requests to Wall Directory Watch.
[  OK  ] Started Forward Password Requests to Wall Directory Watch.
[   14.074905] systemd[1]: Reached target Path Units.
[  OK  ] Reached target Path Units.
[   14.102660] systemd[1]: Reached target Remote File Systems.
[  OK  ] Reached target Remote File Systems.
[   14.130640] systemd[1]: Reached target Slice Units.
[  OK  ] Reached target Slice Units.
[   14.154666] systemd[1]: Reached target Swaps.
[  OK  ] Reached target Swaps.
[   14.181080] systemd[1]: Listening on RPCbind Server Activation Socket.
[  OK  ] Listening on RPCbind Server Activation Socket.
[   14.210777] systemd[1]: Reached target RPC Port Mapper.
[  OK  ] Reached target RPC Port Mapper.
[   14.243711] systemd[1]: Listening on Syslog Socket.
[  OK  ] Listening on Syslog Socket.
[   14.271249] systemd[1]: Listening on initctl Compatibility Named Pipe.
[  OK  ] Listening on initctl Compatibility Named Pipe.
[   14.301726] systemd[1]: Listening on Journal Audit Socket.
[  OK  ] Listening on Journal Audit Socket.
[   14.331594] systemd[1]: Listening on Journal Socket (/dev/log).
[  OK  ] Listening on Journal Socket (/dev/log).
[   14.359649] systemd[1]: Listening on Journal Socket.
[  OK  ] Listening on Journal Socket.
[   14.389410] systemd[1]: Listening on Network Service Netlink Socket.
[  OK  ] Listening on Network Service Netlink Socket.
[   14.424066] systemd[1]: Listening on udev Control Socket.
[  OK  ] Listening on udev Control Socket.
[   14.451659] systemd[1]: Listening on udev Kernel Socket.
[  OK  ] Listening on udev Kernel Socket.
[   14.480962] systemd[1]: Listening on User Database Manager Socket.
[  OK  ] Listening on User Database Manager Socket.
[   14.515522] systemd[1]: Mounting Huge Pages File System...
         Mounting Huge Pages File System...
[   14.548967] systemd[1]: Mounting POSIX Message Queue File System...
         Mounting POSIX Message Queue File System...
[   14.579862] systemd[1]: Mounting Kernel Debug File System...
         Mounting Kernel Debug File System...
[   14.603497] systemd[1]: Kernel Trace File System was skipped because of an unmet condition check (ConditionPathExists=/sys/kernel/tracing).
[   14.635717] systemd[1]: Mounting Temporary Directory /tmp...
         Mounting Temporary Directory /tmp...
[   14.660610] systemd[1]: Create List of Static Device Nodes was skipped because of an unmet condition check (ConditionFileNotEmpty=/lib/modules/5.10.218-yocto-standard/modules.devname).
[   14.690676] systemd[1]: Starting Load Kernel Module configfs...
         Starting Load Kernel Module configfs...
[   14.724215] systemd[1]: Starting Load Kernel Module drm...
         Starting Load Kernel Module drm...
[   14.752078] systemd[1]: Starting Load Kernel Module fuse...
         Starting Load Kernel Module fuse...
[   14.785504] systemd[1]: Starting RPC Bind...
         Starting RPC Bind...
[   14.808032] systemd[1]: File System Check on Root Device was skipped because of an unmet condition check (ConditionPathIsReadWrite=!/).
[   14.827106] systemd[1]: systemd-journald.service: unit configures an IP firewall, but the local system does not support BPF/cgroup firewalling.
[   14.845565] systemd[1]: systemd-journald.service: (This warning is only shown for the first unit using IP firewalling.)
[   14.877201] systemd[1]: Starting Journal Service...
         Starting Journal Service...
[   14.932113] systemd[1]: Starting Load Kernel Modules...
         Starting Load Kernel Modules...
[   14.960114] systemd[1]: Starting Generate network units from Kernel command line...
         Starting Generate network units from Kernel command line...
[   14.996481] systemd[1]: Starting Remount Root and Kernel File Systems...
         Starting Remount Root and Kernel File Systems...
[   15.031874] systemd[1]: Starting Create Static Device Nodes in /dev gracefully...
[   15.032805] systemd-journald[308]: Collecting audit messages is enabled.
         Starting Creat[   15.053552] vspm: loading out-of-tree module taints kernel.
e Static Device Nodes in /dev gracefully...[   15.056660] systemd[1]: Starting Coldplug All udev Devices...

         Starting Coldplug All udev Devices...
[   15.092972] systemd[1]: Started RPC Bind.
[  OK  ] Started RPC Bind.
[   15.115772] systemd[1]: Mounted Huge Pages File System.
[  OK  ] Mounted Huge Pages File System.
[   15.143658] systemd[1]: Mounted POSIX Message Queue File System.
[  OK  ] Mounted POSIX Message Queue File System.
[   15.175693] systemd[1]: Mounted Kernel Debug File System.
[  OK  ] Mounted Kernel Debug File System.
[   15.200267] systemd[1]: Started Journal Service.
[  OK  ] Started Journal Service.
[  OK  ] Mounted Temporary Directory /tmp.
[  OK  ] Finished Load Kernel Module configfs.
[  OK  ] Finished Load Kernel Module drm.
[  OK  ] Finished Load Kernel Module fuse.
[  OK  ] Finished Load Kernel Modules.
[FAILED] Failed to start Generate network units from Kernel command line.
See 'systemctl status systemd-network-generator.service' for details.
[  OK  ] Finished Remount Root and Kernel File Systems.
[  OK  ] Finished Create Static Device Nodes in /dev gracefully.
[  OK  ] Reached target Preparation for Network.
         Mounting Kernel Configuration File System...
         Starting Flush Journal to Persistent Storage...
         Starting Apply Kernel Variables...
         Starting Create Static Device Nodes in /dev...
[  OK  ] Mounted Kernel Configuration File System.
[   15.544471] systemd-journald[308]: Received client request to flush runtime journal.
[  OK  ] Finished Flush Journal to Persistent Storage.
[  OK  ] Finished Apply Kernel Variables.
[  OK  ] Finished Create Static Device Nodes in /dev.
[  OK  ] Reached target Preparation for Local File Systems.
         Mounting /var/volatile...
         Starting Rule-based Manager for Device Events and Files...
[  OK  ] Mounted /var/volatile.
         Starting Load/Save OS Random Seed...
[  OK  ] Reached target Local File Systems.
         Starting Create Volatile Files and Directories...
[  OK  ] Finished Load/Save OS Random Seed.
[  OK  ] Started Rule-based Manager for Device Events and Files.
         Starting Network Configuration...
[  OK  ] Finished Coldplug All udev Devices.
[   16.064349] ravb_streaming/searching for ravb interface
[   16.090918] ravb_streaming/init: start(eth0)
[   16.157472] ravb_streaming/init: success
[   16.187280] ravb-mch ec5a0100.avb-mch: probe: start
[  OK  ] Finished Create Volatile Files and Directories.
[   16.268787] ravb-mch ec5a0100.avb-mch: probe: success
[   16.444236] adsp ec800000.adsp: assigned reserved memory node linux,adsp@57000000
[   16.462338] adsp ec800000.adsp: virt_addr=00000000eacce0bb phy_addr=0x57000000 size=16777216
[   16.476579] XF-IPC: ADSP rate set to 532480000
[   16.518781] XF-FW: received firmware (202922 bytes)
[   16.530175] XF-IPC: fill firmware area: 57100000[200884]
[   16.541545] XF-IPC: fill firmware area: ece80000[1992]
[   16.549795] XF: proxy-0 debug interface created
[   16.559859] XF-IPC: DSP start-up sequence completed
[   16.568578] XF: Xtensa DSP Proxy driver registered
[   16.576398] XF: client-1 created: 00000000f758fbe5
[   16.584264] ADSP base thread has been started.
[   16.591559] ADSP base was created
[  OK  ] Created slice Slice /system/weston.
[  OK  ] Reached target Hardware activated USB gadget.
         Starting Load Kernel Module fuse...
         Starting Generate network units from Kernel command line...
         Starting Network Name Resolution...
         Starting Network Time Synchronization...
         Starting Record System Boot/Shutdown in UTMP...
         Starting User Database Manager...
[  OK  ] Finished Load Kernel Module fuse.
[FAILED] Failed to start Generate network units from Kernel command line.
See 'systemctl status systemd-network-generator.service' for details.
[  OK  ] Finished Record System Boot/Shutdown in UTMP.
[  OK  ] Started User Database Manager.
         Starting Load Kernel Module fuse...
         Starting Generate network units from Kernel command line...
         Starting Virtual Console Setup...
[  OK  ] Finished Load Kernel Module fuse.
[FAILED] Failed to start Generate network units from Kernel command line.
See 'systemctl status systemd-network-generator.service' for details.
[  OK  ] Started Network Name Resolution.
[  OK  ] Reached target Host and Network Name Lookups.
[  OK  ] Started Network Time Synchronization.
[  OK  ] Reached target System Time Set.
[  OK  ] Started Network Configuration.
[  OK  ] Reached target Network.
[  OK  ] Finished Virtual Console Setup.
[  OK  ] Reached target System Initialization.
[  OK  ] Started Daily Cleanup of Temporary Directories.
[  OK  ] Reached target Timer Units.
[  OK  ] Listening on Avahi mDNS/DNS-SD Stack Activation Socket.
[  OK  ] Listening on D-Bus System Message Bus Socket.
[  OK  ] Listening on dropbear.socket.
[  OK  ] Reached target Socket Units.
[  OK  ] Reached target Basic System.
         Starting Save/Restore Sound Card State...
         Starting Avahi mDNS/DNS-SD Stack...
[  OK  ] Started Kernel Logging Service.
[  OK  ] Started System Logging Service.
         Starting D-Bus System Message Bus...
[  OK  ] Started optee services.
         Starting pvrinit.service...
         Starting PowerVR consumer services...
         Starting User Login Management...
         Starting Permit User Sessions...
[  OK  ] Finished Save/Restore Sound Card State.
[  OK  ] Reached target Sound Card.
[  OK  ] Finished Permit User Sessions.
[  OK  ] Started Getty on tty1.
[  OK  ] Started Serial Getty on ttySC0.
[  OK  ] Reached target Login Prompts.
[   18.503158] PVR_K:  507: Read BVNC 4.45.2.58 from HW device registers
[   18.512366] PVR_K:  507: RGX Device registered with BVNC 4.45.2.58
[   18.521720] pvrsrvkm fd000000.gsx: Found 4 OPP points.
[   18.521734] pvrsrvkm fd000000.gsx: opp[1/4]: (200000000 Hz, 830000 uV)
[   18.538501] pvrsrvkm fd000000.gsx: opp[2/4]: (300000000 Hz, 830000 uV)
[  OK  ] Started D-B[   18.547699] pvrsrvkm fd000000.gsx: opp[3/4]: (400000000 Hz, 830000 uV)
us System Message Bus.
[   18.557434] pvrsrvkm fd000000.gsx: opp[4/4]: (600000000 Hz, 830000 uV)
[   18.557453] DVFS : Changed GPU clock to 600000000 [Hz]
[   18.568651] PVR_K:  507: RGX Firmware image 'rgx.fw.4.45.2.58' loaded
[  OK  ] Started Avahi mDNS/DNS-SD Stack.
[  OK  ] Started User Login Management.
[   18.631691] PVR_K:  507: Shader binary image 'rgx.sh.4.45.2.58' loaded
[   18.643824] [drm] Initialized pvr 1.15.6052913 20170530 for fd000000.gsx on minor 1
[  OK  ] Finished PowerVR consumer services.
[  OK  ] Started pvrinit.service.
         Starting set_default_governor.service...
[   18.878885] rd 0-5: Disabling EAS, schedutil is mandatory
[  OK  ] Started set_default_governor.service.
[  OK  ] Reached target Multi-User System.
[  OK  ] Reached target Graphical Interface.
         Starting Record Runlevel Change in UTMP...
[  OK  ] Started Weston Wayland Compositor.
[  OK  ] Finished Record Runlevel Change in UTMP.
[   19.444698] audit: type=1006 audit(1724056945.721:2): pid=541 uid=0 old-auid=4294967295 auid=0 tty=(none) old-ses=4294967295 ses=1 res=1

Poky (Yocto Project Reference Distro) 5.0 salvator-x ttySC0

salvator-x login: [   39.902571] SDHI0 VccQ: disabling
[   39.905914] SDHI3 VccQ: disabling
root

WARNING: Poky is a reference Yocto Project distribution that should be used for
testing and development purposes only. It is recommended that you create your
own distribution for production use.

root@salvator-x:~# modprobe -a mmngr mmngrbuf
[   55.436064] rgnmm_drv mmngr: assigned reserved memory node linux,multimedia@70000000
root@salvator-x:~# 
root@salvator-x:~/v4l2-TP/Gen3_vsp2_tp# pwd
/home/root/v4l2-TP/Gen3_vsp2_tp
root@salvator-x:~/v4l2-TP/Gen3_vsp2_tp# ./v4l2_measure_m3_e3 u > kekka_uds.txt
-sh: ./v4l2_measure_m3_e3: No such file or directory
./v4l2_measure_m3_e3 c > kekka_clu.txt
root@salvator-x:~/v4l2-TP/Gen3_vsp2_tp# ./v4l2_measure_m3_e3 l > kekka_lut.txt
-sh: ./v4l2_measure_m3_e3: No such file or directory
root@salvator-x:~/v4l2-TP/Gen3_vsp2_tp# ./v4l2_measure_m3_e3 c > kekka_clu.txt
-sh: ./v4l2_measure_m3_e3: No such file or directory
root@salvator-x:~/v4l2-TP/Gen3_vsp2_tp# ./v4l2_measure_m3_e3 h > kekka_hgo.txt
-sh: ./v4l2_measure_m3_e3: No such file or directory
root@salvator-x:~/v4l2-TP/Gen3_vsp2_tp# cd ..
root@salvator-x:~/v4l2-TP# cd Gen3_vsp2_tp
Gen3_vsp2_tp/        Gen3_vsp2_tp_macro/  
Gen3_vsp2_tp_data/   Gen3_vsp2_tp_script/ 
root@salvator-x:~/v4l2-TP# cd Gen3_vsp2_tp_script/
root@salvator-x:~/v4l2-TP/Gen3_vsp2_tp_script# ./v4l2_mes a   
v4l2_bru_tp  v4l2_clu_tp  v4l2_hgo_tp  v4l2_lut_tp  v4l2_uds_tp  
root@salvator-x:~/v4l2-TP/Gen3_vsp2_tp_script# ./v4l2_^C
root@salvator-x:~/v4l2-TP/Gen3_vsp2_tp_script# cd ..
root@salvator-x:~/v4l2-TP# cd Gen3_vsp2_tp
Gen3_vsp2_tp/        Gen3_vsp2_tp_macro/  
Gen3_vsp2_tp_data/   Gen3_vsp2_tp_script/ 
root@salvator-x:~/v4l2-TP# cd Gen3_vsp2_tp_macro/
root@salvator-x:~/v4l2-TP/Gen3_vsp2_tp_macro# ls
test7111_stress.mac  test_loop.mac  totalTest.mac  totalTestQuick.mac
root@salvator-x:~/v4l2-TP/Gen3_vsp2_tp_macro# cd ..
root@salvator-x:~/v4l2-TP# ls
Gen3_vsp2_tp	     README.md	   vsp2driver_tp-rcar-gen3
Gen3_vsp2_tp_data    v4l2-measure  vsp2driver_tp-rcar-gen3_m3
Gen3_vsp2_tp_macro   v4l2_measure  wpf-compose-IT
Gen3_vsp2_tp_script  v4l2_tp_yvu
root@salvator-x:~/v4l2-TP# cd v4l2_measure/
root@salvator-x:~/v4l2-TP/v4l2_measure# ls
kekka_clu_m3n.txt  kekka_lut_m3n.txt  v4l2_measure_m3_e3
kekka_hgo_m3n.txt  kekka_uds_m3n.txt
root@salvator-x:~/v4l2-TP/v4l2_measure# ./v4l2_measure_m3_e3 u > kekka_uds.txt
./v4l2_measure_m3_e3 c > kekka_clu.txt
./v4l2_measure_m3_e3 h > kekka_hgo.txt

^C
root@salvator-x:~/v4l2-TP/v4l2_measure# ^C
root@salvator-x:~/v4l2-TP/v4l2_measure# ^C
root@salvator-x:~/v4l2-TP/v4l2_measure# ^C
root@salvator-x:~/v4l2-TP/v4l2_measure# ./v4l2_measure_m3_e3 u > kekka_uds.txt
root@salvator-x:~/v4l2-TP/v4l2_measure# cat kekka_us ds.txt 
width x height	Max[us]	Min[us]	Avr[us]
128 x 96	369	86	118
128 x 128	149	92	95
160 x 120	156	95	97
176 x 144	162	104	106
240 x 160	185	121	123
256 x 192	232	135	139
320 x 240	229	172	174
345 x 240	415	179	210
352 x 240	239	181	184
400 x 240	255	196	198
352 x 288	260	204	206
427 x 240	264	204	206
432 x 240	265	205	207
640 x 200	308	246	250
480 x 272	292	242	244
480 x 320	316	270	273
640 x 240	343	282	286
512 x 342	356	298	301
512 x 384	507	327	374
640 x 350	575	379	389
640 x 360	635	388	410
640 x 400	672	423	441
512 x 512	540	413	421
640 x 480	545	494	497
800 x 480	725	590	600
768 x 512	854	605	650
854 x 480	956	626	691
864 x 480	881	629	663
960 x 480	1121	701	783
800 x 600	1211	742	879
1024 x 480	1027	726	811
960 x 540	1271	837	949
832 x 624	1184	851	926
640 x 870	1332	928	1028
1024 x 576	1340	863	1028
1024 x 600	1304	978	1067
960 x 640	1405	1001	1097
1136 x 640	1557	1155	1265
1280 x 600	1609	1201	1283
1024 x 768	1614	1208	1353
1120 x 750	1715	1313	1447
1280 x 720	1815	1409	1545
1280 x 768	1817	1406	1598
1152 x 864	1922	1521	1645
1334 x 750	1930	1514	1699
1152 x 870	1937	1530	1723
1280 x 800	1953	1550	1720
1366 x 768	1683	1584	1651
1600 x 768	1942	1802	1907
1280 x 960	1939	1754	1893
1440 x 900	2377	1914	2218
1280 x 1024	2033	1858	1996
1600 x 900	2474	2049	2247
1400 x 1050	2552	2142	2358
1600 x 1024	2807	2400	2604
1680 x 1050	2998	2567	2809
1600 x 1200	3210	2785	3053
1920 x 1080	3361	2956	3193
2048 x 1080	3559	3100	3456
1920 x 1200	3672	3336	3558
2048 x 1152	3733	3336	3601
1920 x 1280	3892	3549	3771
2560 x 1080	4300	3954	4035
2160 x 1440	4792	4467	4725
2048 x 1536	4553	4276	4456
2304 x 1440	5001	4638	4880
1920 x 1920	5475	5017	5410
2560 x 1440	5543	5185	5458
2560 x 1600	6088	5741	6009
2048 x 2048	6214	5856	6152
2560 x 1800	6772	6417	6673
2880 x 1620	6882	6529	6707
3440 x 1440	7289	6923	7199
2736 x 1824	7342	6987	7246
2880 x 1800	7591	7226	7455
2560 x 2048	7663	7177	7459
2732 x 2048	8166	7808	8097
3200 x 1800	8388	8032	8293
3000 x 2000	8675	8211	8523
3200 x 2400	10947	10531	10678
3840 x 2160	11827	11333	11640
4096 x 2160	12412	12021	12151
3840 x 2400	12980	12567	12687
4096 x 2304	13233	12810	12932
4096 x 2560	14716	14224	14438
5120 x 2880	20480	19956	20197
7680 x 4320	45059	44683	44830
8190 x 4320	48188	47642	47720
root@salvator-x:~/v4l2-TP/v4l2_measure# ./v4l2_measure_m3_e3 l > kekka_lut.txt & &cat kekka_lut.txt
width x height	Max[us]	Min[us]	Avr[us]
128 x 96	436	159	209
128 x 128	243	143	182
160 x 120	261	96	128
176 x 144	549	195	273
240 x 160	250	168	210
256 x 192	293	221	224
320 x 240	319	202	258
345 x 240	314	263	267
352 x 240	504	272	357
400 x 240	376	197	293
352 x 288	348	247	296
427 x 240	372	201	263
432 x 240	387	210	303
640 x 200	369	319	323
480 x 272	436	251	357
480 x 320	455	320	384
640 x 240	796	353	501
512 x 342	652	354	440
512 x 384	461	320	374
640 x 350	498	362	443
640 x 360	855	449	475
640 x 400	575	482	498
512 x 512	586	491	527
640 x 480	958	634	743
800 x 480	990	643	742
768 x 512	983	656	696
854 x 480	1085	677	755
864 x 480	1097	604	824
960 x 480	1088	653	782
800 x 600	1182	767	923
1024 x 480	975	693	800
960 x 540	1214	815	923
832 x 624	1221	817	963
640 x 870	1266	783	1013
1024 x 576	1305	904	1014
1024 x 600	1340	935	1048
960 x 640	1395	935	1037
1136 x 640	1485	1077	1187
1280 x 600	1591	1212	1401
1024 x 768	1561	1155	1336
1120 x 750	1688	1308	1488
1280 x 720	1743	1324	1566
1280 x 768	1860	1312	1592
1152 x 864	1735	1328	1470
1334 x 750	1825	1422	1604
1152 x 870	1830	1424	1655
1280 x 800	1871	1451	1645
1366 x 768	1893	1409	1657
1600 x 768	2139	1708	1915
1280 x 960	2148	1711	1910
1440 x 900	2225	1793	2019
1280 x 1024	2222	1725	2020
1600 x 900	2381	1887	2214
1400 x 1050	2447	2014	2277
1600 x 1024	2634	2232	2449
1680 x 1050	2507	2271	2421
1600 x 1200	3010	2499	2807
1920 x 1080	3199	2668	2930
2048 x 1080	3062	2860	3036
1920 x 1200	3203	2949	3129
2048 x 1152	3249	3040	3194
1920 x 1280	3374	3164	3318
2560 x 1080	4066	3622	3822
2160 x 1440	4220	3985	4187
2048 x 1536	4440	4047	4353
2304 x 1440	4738	4416	4629
1920 x 1920	4993	4787	4902
2560 x 1440	4911	4697	4890
2560 x 1600	5740	5306	5459
2048 x 2048	5770	5346	5535
2560 x 1800	6393	5946	6297
2880 x 1620	6453	6009	6329
3440 x 1440	6771	6368	6554
2736 x 1824	6819	6323	6632
2880 x 1800	7019	6658	6863
2560 x 2048	7220	6845	7129
2732 x 2048	7716	7177	7479
3200 x 1800	7759	7380	7552
3000 x 2000	8081	7680	7869
3200 x 2400	10199	9789	9938
3840 x 2160	10961	10557	10729
4096 x 2160	11652	11247	11349
3840 x 2400	12117	11711	11836
4096 x 2304	12397	11987	12103
4096 x 2560	13721	13303	13406
5120 x 2880	19087	18639	18762
7680 x 4320	42153	41732	41759
8190 x 4320	44996	44490	44601
root@salvator-x:~/v4l2-TP/v4l2_measure# ./v4l2_measure_m3_e3 c > kekka_clu.txt & & cat kekka_clu.txt
width x height	Max[us]	Min[us]	Avr[us]
128 x 96	431	253	359
128 x 128	474	314	416
160 x 120	437	233	286
176 x 144	313	242	247
240 x 160	339	181	260
256 x 192	345	270	275
320 x 240	392	291	309
345 x 240	403	314	317
352 x 240	418	321	337
400 x 240	370	244	312
352 x 288	437	330	348
427 x 240	421	250	291
432 x 240	808	426	549
640 x 200	822	370	539
480 x 272	649	380	504
480 x 320	618	409	551
640 x 240	493	402	406
512 x 342	519	429	434
512 x 384	552	423	462
640 x 350	582	404	452
640 x 360	859	463	540
640 x 400	1001	627	775
512 x 512	951	627	776
640 x 480	1007	590	703
800 x 480	1139	783	942
768 x 512	1111	789	949
854 x 480	931	639	782
864 x 480	1150	826	977
960 x 480	1229	875	1050
800 x 600	1235	757	929
1024 x 480	1255	829	1008
960 x 540	1283	862	1037
832 x 624	1180	779	913
640 x 870	1336	897	1068
1024 x 576	1355	866	1074
1024 x 600	1390	984	1218
960 x 640	1393	897	1168
1136 x 640	1543	1220	1410
1280 x 600	1591	1261	1458
1024 x 768	1608	1202	1371
1120 x 750	1687	1276	1450
1280 x 720	1786	1370	1580
1280 x 768	1855	1449	1640
1152 x 864	1908	1465	1668
1334 x 750	1887	1470	1689
1152 x 870	1672	1388	1601
1280 x 800	1931	1501	1714
1366 x 768	1936	1534	1759
1600 x 768	2166	1758	1958
1280 x 960	2169	1760	1980
1440 x 900	2253	1842	2086
1280 x 1024	2274	1865	2129
1600 x 900	2425	1948	2219
1400 x 1050	2469	1981	2302
1600 x 1024	2683	2275	2591
1680 x 1050	2850	2437	2711
1600 x 1200	2842	2630	2782
1920 x 1080	3260	2830	3123
2048 x 1080	3324	3061	3223
1920 x 1200	3512	3196	3383
2048 x 1152	3591	3183	3419
1920 x 1280	3707	3304	3635
2560 x 1080	4093	3779	4023
2160 x 1440	4454	4136	4352
2048 x 1536	4574	4253	4468
2304 x 1440	4791	4472	4754
1920 x 1920	5194	4863	5120
2560 x 1440	5251	4927	5189
2560 x 1600	5681	5448	5658
2048 x 2048	5885	5582	5797
2560 x 1800	6412	6167	6343
2880 x 1620	6488	6168	6412
3440 x 1440	6838	6513	6735
2736 x 1824	7048	6644	6861
2880 x 1800	7266	6955	7037
2560 x 2048	7201	6964	7112
2732 x 2048	7779	7475	7553
3200 x 1800	7851	7688	7773
3000 x 2000	8155	7907	8072
3200 x 2400	10279	9838	9942
3840 x 2160	11014	10605	10737
4096 x 2160	11744	11297	11447
3840 x 2400	12153	11761	11886
4096 x 2304	12388	11947	12116
4096 x 2560	13766	13352	13459
5120 x 2880	19028	18691	18741
7680 x 4320	42201	41781	41809
8190 x 4320	44895	44540	44575
root@salvator-x:~/v4l2-TP/v4l2_measure# ./v4l2_measure_m3_e3 c > kekka_clu.txt &&& cat kekka_clu.txt4l2-TP/v4l2_measure# 
root@salvator-x:~/v4l2-TP/v4l2_measure# ./v4l2_measure_m3_e3 h > kekka_hgo.txt & & cat kekka_hgo.txt
width x height	Max[us]	Min[us]	Avr[us]
128 x 96	483	114	252
128 x 128	215	119	121
160 x 120	217	122	125
176 x 144	269	131	134
240 x 160	236	147	150
256 x 192	252	160	200
320 x 240	383	246	285
345 x 240	620	236	373
352 x 240	397	222	300
400 x 240	413	285	310
352 x 288	406	233	285
427 x 240	372	247	315
432 x 240	412	229	315
640 x 200	442	346	349
480 x 272	640	356	404
480 x 320	793	386	436
640 x 240	806	367	419
512 x 342	598	353	432
512 x 384	651	357	451
640 x 350	800	468	511
640 x 360	623	438	499
640 x 400	808	508	520
512 x 512	615	430	496
640 x 480	908	498	645
800 x 480	787	671	721
768 x 512	1012	646	733
854 x 480	816	703	735
864 x 480	1118	716	833
960 x 480	896	767	814
800 x 600	1198	793	921
1024 x 480	1123	722	866
960 x 540	954	839	883
832 x 624	1087	754	848
640 x 870	1133	803	930
1024 x 576	1067	842	924
1024 x 600	1116	904	1006
960 x 640	1086	961	998
1136 x 640	1509	1103	1240
1280 x 600	1560	1155	1280
1024 x 768	1586	1178	1309
1120 x 750	1662	1253	1435
1280 x 720	1784	1348	1520
1280 x 768	1832	1426	1572
1152 x 864	1847	1442	1597
1334 x 750	1852	1360	1551
1152 x 870	1480	1363	1428
1280 x 800	1903	1564	1729
1366 x 768	1927	1474	1729
1600 x 768	2151	1737	1985
1280 x 960	2154	1662	1980
1440 x 900	2242	1823	2063
1280 x 1024	2250	1840	2069
1600 x 900	2322	2002	2168
1400 x 1050	2460	2039	2269
1600 x 1024	2689	2259	2537
1680 x 1050	2817	2411	2684
1600 x 1200	3030	2605	2860
1920 x 1080	3216	2805	3083
2048 x 1080	3375	2974	3183
1920 x 1200	3499	3093	3390
2048 x 1152	3572	3219	3452
1920 x 1280	3699	3286	3580
2560 x 1080	4070	3664	3972
2160 x 1440	4519	4190	4422
2048 x 1536	4557	4232	4478
2304 x 1440	4780	4449	4689
1920 x 1920	5224	4906	5100
2560 x 1440	5242	4909	5171
2560 x 1600	5752	5420	5685
2048 x 2048	5782	5543	5747
2560 x 1800	6392	6072	6347
2880 x 1620	6369	6053	6206
3440 x 1440	6933	6413	6685
2736 x 1824	6781	6548	6756
2880 x 1800	7145	6703	6950
2560 x 2048	7229	6760	6959
2732 x 2048	7563	7201	7409
3200 x 1800	7773	7407	7631
3000 x 2000	8086	7709	7953
3200 x 2400	10178	9815	9947
3840 x 2160	10952	10488	10716
4096 x 2160	11635	11274	11352
3840 x 2400	12113	11739	11885
4096 x 2304	12375	11990	12186
4096 x 2560	13711	13329	13457
5120 x 2880	19056	18667	18732
7680 x 4320	42128	41758	41827
8190 x 4320	44877	44516	44586
root@salvator-x:~/v4l2-TP/v4l2_measure# echo NO 9
NO 9
root@salvator-x:~/v4l2-TP/v4l2_measure# cd ..
root@salvator-x:~/v4l2-TP# cd Gen3_vsp2_tp
root@salvator-x:~/v4l2-TP/Gen3_vsp2_tp# ./v4l2_measure_m3_e3 h > kekka_hgo.txt & & cat kekka_hgo.txt^C
root@salvator-x:~/v4l2-TP/Gen3_vsp2_tp# ./vsp2_tp tt media 1 "->" tt all f &
[1] 1591

## ./vsp2_tp for M3 start ( Build : Jul 22 2024 04:52:34 ) ...


root@salvator-x:~/v4l2-TP/Gen3_vsp2_tp# 
driver name is [fe960000.vsp]



- dev rpf.0   = /dev/video8

- dev rpf.1   = /dev/video9

- dev rpf.2   = /dev/video10

- dev rpf.3   = /dev/video11

- dev rpf.4   = /dev/video12

- dev wpf.0   = /dev/video13



- bru   = /dev/v4l-subdev6

- lut   = /dev/v4l-subdev7

- clu   = /dev/v4l-subdev8

- hgo   = /dev/v4l-subdev9

- rpf.0 = /dev/v4l-subdev10

- rpf.1 = /dev/v4l-subdev11

- rpf.2 = /dev/v4l-subdev12

- rpf.3 = /dev/v4l-subdev13

- rpf.4 = /dev/v4l-subdev14

- wpf.0 = /dev/v4l-subdev15


## change media ##

  soc:vsp2@vspmvspb0  ->  fe960000.vsp


## success ##


@@@ force mode @@@

[R] ---------------------------------------------

[R] tt all / start Mon Aug 19 10:08:17 2024

[R] Current Media : [ fe960000.vsp ]

[R] ---------------------------------------------



@@ ----------------------------------------------

@@ test name = rpf

@@ ----------------------------------------------

@@ ----------------------------------------------

@@ RPF = 1.1.1.1

@@ ----------------------------------------------

device open = /dev/video8

device open = /dev/video13

Input  File = 1280_720_420sp.yuv

Output File = nothing


----------------------

TotalTime           =   76.95 ms

   > ProcessingTime =    1.61 ms

     WaitTime       =    1.41 ms

     DevOpenTime    =    1.13 ms

     DevCloseTime   =    0.50 ms

     ReadTime       =    6.35 ms

     WriteTime      =    0.00 ms

     CheckSumTime   =   60.85 ms

     OtherTime      =    6.51 ms

----------------------

[R] 1.1.1.1	[ OK ]

@@ ----------------------------------------------

@@ RPF = 1.1.1.2

@@ ----------------------------------------------

device open = /dev/video8

device open = /dev/video13

Input  File = 1280_720_ARGB32.argb

Output File = nothing


----------------------

TotalTime           =   22.11 ms

   > ProcessingTime =    1.64 ms

     WaitTime       =    1.49 ms

     DevOpenTime    =    1.24 ms

     DevCloseTime   =    0.45 ms

     ReadTime       =    6.64 ms

     WriteTime      =    0.00 ms

     CheckSumTime   =    6.97 ms

     OtherTime      =    5.17 ms

----------------------

[R] 1.1.1.2	[ OK ]

@@ ----------------------------------------------

@@ RPF = 1.1.1.3

@@ ----------------------------------------------

device open = /dev/video8

device open = /dev/video13

Input  File = 1280_720_ARGB32.argb

Output File = nothing


----------------------

TotalTime           =   26.69 ms

   > ProcessingTime =    1.64 ms

     WaitTime       =    1.48 ms

     DevOpenTime    =    0.95 ms

     DevCloseTime   =    0.44 ms

     ReadTime       =    4.07 ms

     WriteTime      =    0.00 ms

     CheckSumTime   =   13.80 ms

     OtherTime      =    5.79 ms

----------------------

[R] 1.1.1.3	[ OK ]

@@ ----------------------------------------------

@@ RPF = 1.1.1.4

@@ ----------------------------------------------

device open = /dev/video8

device open = /dev/video13

Input  File = 1280_720_ARGB32.argb

Output File = nothing


----------------------

TotalTime           =   26.43 ms

   > ProcessingTime =    1.64 ms

     WaitTime       =    1.48 ms

     DevOpenTime    =    0.80 ms

     DevCloseTime   =    0.42 ms

     ReadTime       =    4.04 ms

     WriteTime      =    0.00 ms

     CheckSumTime   =   13.78 ms

     OtherTime      =    5.75 ms

----------------------

[R] 1.1.1.4	[ OK ]

@@ ----------------------------------------------

@@ RPF = 1.1.1.5

@@ ----------------------------------------------

device open = /dev/video8

device open = /dev/video13

Input  File = 1280_720_ARGB32.argb

Output File = nothing


----------------------

TotalTime           =   26.61 ms

   > ProcessingTime =    1.64 ms

     WaitTime       =    1.47 ms

     DevOpenTime    =    0.88 ms

     DevCloseTime   =    0.42 ms

     ReadTime       =    4.10 ms

     WriteTime      =    0.00 ms

     CheckSumTime   =   13.79 ms

     OtherTime      =    5.78 ms

----------------------

[R] 1.1.1.5	[ OK ]

@@ ----------------------------------------------

@@ RPF = 1.1.1.6

@@ ----------------------------------------------

device open = /dev/video8

device open = /dev/video13

Input  File = 1280_720_ARGB32.argb

Output File = nothing


----------------------

TotalTime           =   26.45 ms

   > ProcessingTime =    1.63 ms

     WaitTime       =    1.47 ms

     DevOpenTime    =    0.86 ms

     DevCloseTime   =    0.42 ms

     ReadTime       =    4.09 ms

     WriteTime      =    0.00 ms

     CheckSumTime   =   13.81 ms

     OtherTime      =    5.64 ms

----------------------

[R] 1.1.1.6	[ OK ]

@@ ----------------------------------------------

@@ RPF = 1.1.1.7

@@ ----------------------------------------------

device open = /dev/video8

device open = /dev/video13

Input  File = 1280_720_ARGB32.argb

Output File = nothing


----------------------

TotalTime           =   26.61 ms

   > ProcessingTime =    1.63 ms

     WaitTime       =    1.47 ms

     DevOpenTime    =    0.85 ms

     DevCloseTime   =    0.42 ms

     ReadTime       =    4.09 ms

     WriteTime      =    0.00 ms

     CheckSumTime   =   13.81 ms

     OtherTime      =    5.80 ms

----------------------

[R] 1.1.1.7	[ OK ]

@@ ----------------------------------------------

@@ RPF = 1.1.1.8

@@ ----------------------------------------------

device open = /dev/video8

device open = /dev/video13

Input  File = 1280_720_ARGB32.argb

Output File = nothing


----------------------

TotalTime           =   33.67 ms

   > ProcessingTime =    1.64 ms

     WaitTime       =    1.47 ms

     DevOpenTime    =    0.85 ms

     DevCloseTime   =    0.42 ms

     ReadTime       =    4.10 ms

     WriteTime      =    0.00 ms

     CheckSumTime   =   20.63 ms

     OtherTime      =    6.03 ms

----------------------

[R] 1.1.1.8	[ OK ]

@@ ----------------------------------------------

@@ RPF = 1.1.1.9

@@ ----------------------------------------------

device open = /dev/video8

device open = /dev/video13

Input  File = 1280_720_ARGB32.argb

Output File = nothing


----------------------

TotalTime           =   33.70 ms

   > ProcessingTime =    1.63 ms

     WaitTime       =    1.47 ms

     DevOpenTime    =    0.87 ms

     DevCloseTime   =    0.43 ms

     ReadTime       =    4.13 ms

     WriteTime      =    0.00 ms

     CheckSumTime   =   20.66 ms

     OtherTime      =    6.00 ms

----------------------

[R] 1.1.1.9	[ OK ]

@@ ----------------------------------------------

@@ RPF = 1.1.1.10

@@ ----------------------------------------------

device open = /dev/video8

device open = /dev/video13

Input  File = 1280_720_ARGB32.argb

Output File = nothing


----------------------

TotalTime           =   40.74 ms

   > ProcessingTime =    1.63 ms

     WaitTime       =    1.46 ms

     DevOpenTime    =    0.85 ms

     DevCloseTime   =    0.42 ms

     ReadTime       =    4.07 ms

     WriteTime      =    0.00 ms

     CheckSumTime   =   27.47 ms

     OtherTime      =    6.29 ms

----------------------

[R] 1.1.1.10	[ OK ]

@@ ----------------------------------------------

@@ RPF = 1.1.1.11

@@ ----------------------------------------------

device open = /dev/video8

device open = /dev/video13

Input  File = 1280_720_ARGB32.argb

Output File = nothing


----------------------

TotalTime           =   41.03 ms

   > ProcessingTime =    1.65 ms

     WaitTime       =    1.49 ms

     DevOpenTime    =    1.08 ms

     DevCloseTime   =    0.47 ms

     ReadTime       =    4.04 ms

     WriteTime      =    0.00 ms

     CheckSumTime   =   27.53 ms

     OtherTime      =    6.25 ms

----------------------

[R] 1.1.1.11	[ OK ]

@@ ----------------------------------------------

@@ RPF = 1.1.1.12

@@ ----------------------------------------------

device open = /dev/video8

device open = /dev/video13

Input  File = 1280_720_ARGB32.argb

Output File = nothing


----------------------

TotalTime           =   40.68 ms

   > ProcessingTime =    1.63 ms

     WaitTime       =    1.47 ms

     DevOpenTime    =    0.87 ms

     DevCloseTime   =    0.43 ms

     ReadTime       =    3.99 ms

     WriteTime      =    0.00 ms

     CheckSumTime   =   27.50 ms

     OtherTime      =    6.25 ms

----------------------

[R] 1.1.1.12	[ OK ]

@@ ----------------------------------------------

@@ RPF = 1.1.1.13

@@ ----------------------------------------------

device open = /dev/video8

device open = /dev/video13

Input  File = 1280_720_ARGB32.argb

Output File = nothing


----------------------

TotalTime           =   40.50 ms

   > ProcessingTime =    1.64 ms

     WaitTime       =    1.47 ms

     DevOpenTime    =    0.77 ms

     DevCloseTime   =    0.43 ms

     ReadTime       =    3.97 ms

     WriteTime      =    0.00 ms

     CheckSumTime   =   27.49 ms

     OtherTime      =    6.21 ms

----------------------

[R] 1.1.1.13	[ OK ]

@@ ----------------------------------------------

@@ RPF = 1.1.1.14

@@ ----------------------------------------------

device open = /dev/video8

device open = /dev/video13

Input  File = 1280_720_ARGB32.argb

Output File = nothing


----------------------

TotalTime           =   40.62 ms

   > ProcessingTime =    1.62 ms

     WaitTime       =    1.46 ms

     DevOpenTime    =    0.73 ms

     DevCloseTime   =    0.43 ms

     ReadTime       =    4.09 ms

     WriteTime      =    0.00 ms

     CheckSumTime   =   27.47 ms

     OtherTime      =    6.27 ms

----------------------

[R] 1.1.1.14	[ OK ]

@@ ----------------------------------------------

@@ RPF = 1.1.1.15

@@ ----------------------------------------------

device open = /dev/video8

device open = /dev/video13

Input  File = 1280_720_ARGB32.argb

Output File = nothing


----------------------

TotalTime           =   40.83 ms

   > ProcessingTime =    1.63 ms

     WaitTime       =    1.47 ms

     DevOpenTime    =    0.93 ms

     DevCloseTime   =    0.44 ms

     ReadTime       =    4.08 ms

     WriteTime      =    0.00 ms

     CheckSumTime   =   27.49 ms

     OtherTime      =    6.26 ms

----------------------

[R] 1.1.1.15	[ OK ]

@@ ----------------------------------------------

@@ RPF = 1.1.1.16

@@ ----------------------------------------------

device open = /dev/video8

device open = /dev/video13

Input  File = 1280_720_ARGB32.argb

Output File = nothing


----------------------

TotalTime           =   26.72 ms

   > ProcessingTime =    1.63 ms

     WaitTime       =    1.46 ms

     DevOpenTime    =    0.84 ms

     DevCloseTime   =    0.42 ms

     ReadTime       =    4.09 ms

     WriteTime      =    0.00 ms

     CheckSumTime   =   13.79 ms

     OtherTime      =    5.94 ms

----------------------

[R] 1.1.1.16	[ OK ]

@@ ----------------------------------------------

@@ RPF = 1.1.1.17

@@ ----------------------------------------------

device open = /dev/video8

device open = /dev/video13

Input  File = 1280_720_ARGB32.argb

Output File = nothing


----------------------

TotalTime           =   26.51 ms

   > ProcessingTime =    1.63 ms

     WaitTime       =    1.47 ms

     DevOpenTime    =    0.86 ms

     DevCloseTime   =    0.42 ms

     ReadTime       =    4.05 ms

     WriteTime      =    0.00 ms

     CheckSumTime   =   13.81 ms

     OtherTime      =    5.74 ms

----------------------

[R] 1.1.1.17	[ OK ]

@@ ----------------------------------------------

@@ RPF = 1.1.1.18

@@ ----------------------------------------------

device open = /dev/video8

device open = /dev/video13

Input  File = 1280_720_ARGB32.argb

Output File = nothing


----------------------

TotalTime           =   26.50 ms

   > ProcessingTime =    1.65 ms

     WaitTime       =    1.47 ms

     DevOpenTime    =    0.86 ms

     DevCloseTime   =    0.42 ms

     ReadTime       =    4.02 ms

     WriteTime      =    0.00 ms

     CheckSumTime   =   13.79 ms

     OtherTime      =    5.75 ms

----------------------

[R] 1.1.1.18	[ OK ]

@@ ----------------------------------------------

@@ RPF = 1.1.1.19

@@ ----------------------------------------------

device open = /dev/video8

device open = /dev/video13

Input  File = 1280_720_ARGB32.argb

Output File = nothing


----------------------

TotalTime           =   26.57 ms

   > ProcessingTime =    1.64 ms

     WaitTime       =    1.48 ms

     DevOpenTime    =    0.83 ms

     DevCloseTime   =    0.42 ms

     ReadTime       =    4.12 ms

     WriteTime      =    0.00 ms

     CheckSumTime   =   13.80 ms

     OtherTime      =    5.76 ms

----------------------

[R] 1.1.1.19	[ OK ]

@@ ----------------------------------------------

@@ RPF = 1.1.1.20

@@ ----------------------------------------------

device open = /dev/video8

device open = /dev/video13

Input  File = 1280_720_ARGB32.argb

Output File = nothing


----------------------

TotalTime           =   22.73 ms

   > ProcessingTime =    1.64 ms

     WaitTime       =    1.47 ms

     DevOpenTime    =    0.85 ms

     DevCloseTime   =    0.42 ms

     ReadTime       =    4.07 ms

     WriteTime      =    0.00 ms

     CheckSumTime   =   10.40 ms

     OtherTime      =    5.35 ms

----------------------

[R] 1.1.1.20	[ OK ]

@@ ----------------------------------------------

@@ RPF = 1.1.1.21

@@ ----------------------------------------------

device open = /dev/video8

device open = /dev/video13

Input  File = 1280_720_ARGB32.argb

Output File = nothing


----------------------

TotalTime           =   22.77 ms

   > ProcessingTime =    1.64 ms

     WaitTime       =    1.47 ms

     DevOpenTime    =    0.88 ms

     DevCloseTime   =    0.42 ms

     ReadTime       =    4.13 ms

     WriteTime      =    0.00 ms

     CheckSumTime   =   10.39 ms

     OtherTime      =    5.32 ms

----------------------

[R] 1.1.1.21	[ OK ]

@@ ----------------------------------------------

@@ RPF = 1.1.1.22

@@ ----------------------------------------------

device open = /dev/video8

device open = /dev/video13

Input  File = 1280_720_ARGB32.argb

Output File = nothing


----------------------

TotalTime           =   26.56 ms

   > ProcessingTime =    1.67 ms

     WaitTime       =    1.48 ms

     DevOpenTime    =    0.85 ms

     DevCloseTime   =    0.42 ms

     ReadTime       =    4.07 ms

     WriteTime      =    0.00 ms

     CheckSumTime   =   13.79 ms

     OtherTime      =    5.76 ms

----------------------

[R] 1.1.1.22	[ OK ]

@@ ----------------------------------------------

@@ RPF = 1.1.1.23

@@ ----------------------------------------------

device open = /dev/video8

device open = /dev/video13

Input  File = 1280_720_ARGB32.argb

Output File = nothing


----------------------

TotalTime           =   26.53 ms

   > ProcessingTime =    1.63 ms

     WaitTime       =    1.47 ms

     DevOpenTime    =    0.84 ms

     DevCloseTime   =    0.42 ms

     ReadTime       =    4.05 ms

     WriteTime      =    0.00 ms

     CheckSumTime   =   13.80 ms

     OtherTime      =    5.78 ms

----------------------

[R] 1.1.1.23	[ OK ]

@@ ----------------------------------------------

@@ RPF = 1.1.1.24

@@ ----------------------------------------------

device open = /dev/video8

device open = /dev/video13

Input  File = 1280_720_ARGB32.argb

Output File = nothing


----------------------

TotalTime           =   22.68 ms

   > ProcessingTime =    1.64 ms

     WaitTime       =    1.47 ms

     DevOpenTime    =    0.77 ms

     DevCloseTime   =    0.42 ms

     ReadTime       =    3.98 ms

     WriteTime      =    0.00 ms

     CheckSumTime   =   10.43 ms

     OtherTime      =    5.43 ms

----------------------

[R] 1.1.1.24	[ OK ]

@@ ----------------------------------------------

@@ RPF = 1.1.1.25

@@ ----------------------------------------------

device open = /dev/video8

device open = /dev/video13

Input  File = 1280_720_ARGB32.argb

Output File = nothing


----------------------

TotalTime           =   22.84 ms

   > ProcessingTime =    1.64 ms

     WaitTime       =    1.47 ms

     DevOpenTime    =    0.86 ms

     DevCloseTime   =    0.42 ms

     ReadTime       =    4.09 ms

     WriteTime      =    0.00 ms

     CheckSumTime   =   10.39 ms

     OtherTime      =    5.43 ms

----------------------

[R] 1.1.1.25	[ OK ]

@@ ----------------------------------------------

@@ RPF = 1.1.1.26

@@ ----------------------------------------------

device open = /dev/video8

device open = /dev/video13

Input  File = 1280_720_ARGB32.argb

Output File = nothing


----------------------

TotalTime           =   26.66 ms

   > ProcessingTime =    1.65 ms

     WaitTime       =    1.47 ms

     DevOpenTime    =    0.74 ms

     DevCloseTime   =    0.42 ms

     ReadTime       =    4.11 ms

     WriteTime      =    0.00 ms

     CheckSumTime   =   13.80 ms

     OtherTime      =    5.94 ms

----------------------

[R] 1.1.1.26	[ OK ]

@@ ----------------------------------------------

@@ RPF = 1.1.1.27

@@ ----------------------------------------------

device open = /dev/video8

device open = /dev/video13

Input  File = 1280_720_ARGB32.argb

Output File = nothing


----------------------

TotalTime           =   26.64 ms

   > ProcessingTime =    1.64 ms

     WaitTime       =    1.47 ms

     DevOpenTime    =    0.84 ms

     DevCloseTime   =    0.44 ms

     ReadTime       =    4.07 ms

     WriteTime      =    0.00 ms

     CheckSumTime   =   13.80 ms

     OtherTime      =    5.84 ms

----------------------

[R] 1.1.1.27	[ OK ]

@@ ----------------------------------------------

@@ RPF = 1.1.1.28

@@ ----------------------------------------------

device open = /dev/video8

device open = /dev/video13

Input  File = 1280_720_ARGB32.argb

Output File = nothing


----------------------

TotalTime           =   33.81 ms

   > ProcessingTime =    1.63 ms

     WaitTime       =    1.47 ms

     DevOpenTime    =    0.84 ms

     DevCloseTime   =    0.42 ms

     ReadTime       =    4.08 ms

     WriteTime      =    0.00 ms

     CheckSumTime   =   20.65 ms

     OtherTime      =    6.19 ms

----------------------

[R] 1.1.1.28	[ OK ]

@@ ----------------------------------------------

@@ RPF = 1.1.1.29

@@ ----------------------------------------------

device open = /dev/video8

device open = /dev/video13

Input  File = 1280_720_ARGB32.argb

Output File = nothing


----------------------

TotalTime           =   33.82 ms

   > ProcessingTime =    1.64 ms

     WaitTime       =    1.47 ms

     DevOpenTime    =    0.74 ms

     DevCloseTime   =    0.43 ms

     ReadTime       =    4.09 ms

     WriteTime      =    0.00 ms

     CheckSumTime   =   20.69 ms

     OtherTime      =    6.23 ms

----------------------

[R] 1.1.1.29	[ OK ]

## success ##


@@ SUCCESS !! / test name = rpf



@@ ----------------------------------------------

@@ test name = wpf

@@ ----------------------------------------------

@@ ----------------------------------------------

@@ WPF = 1.1.2.1

@@ ----------------------------------------------

device open = /dev/video8

device open = /dev/video13

Input  File = 1280_720_420sp.yuv

Output File = nothing


----------------------

TotalTime           =   37.22 ms

   > ProcessingTime =    1.63 ms

     WaitTime       =    1.47 ms

     DevOpenTime    =    0.84 ms

     DevCloseTime   =    0.42 ms

     ReadTime       =    1.66 ms

     WriteTime      =    0.00 ms

     CheckSumTime   =   27.48 ms

     OtherTime      =    5.18 ms

----------------------

[R] 1.1.2.1	[ OK ]

@@ ----------------------------------------------

@@ WPF = 1.1.2.2

@@ ----------------------------------------------

device open = /dev/video8

device open = /dev/video13

Input  File = 1280_720_ARGB32.argb

Output File = nothing


----------------------

TotalTime           =   18.91 ms

   > ProcessingTime =    1.64 ms

     WaitTime       =    1.48 ms

     DevOpenTime    =    0.75 ms

     DevCloseTime   =    0.42 ms

     ReadTime       =    4.05 ms

     WriteTime      =    0.00 ms

     CheckSumTime   =    6.98 ms

     OtherTime      =    5.07 ms

----------------------

[R] 1.1.2.2	[ OK ]

@@ ----------------------------------------------

@@ WPF = 1.1.2.3

@@ ----------------------------------------------

device open = /dev/video8

device open = /dev/video13

Input  File = 1280_720_ARGB32.argb

Output File = nothing


----------------------

TotalTime           =   26.50 ms

   > ProcessingTime =    1.64 ms

     WaitTime       =    1.47 ms

     DevOpenTime    =    0.83 ms

     DevCloseTime   =    0.43 ms

     ReadTime       =    4.05 ms

     WriteTime      =    0.00 ms

     CheckSumTime   =   13.79 ms

     OtherTime      =    5.76 ms

----------------------

[R] 1.1.2.3	[ OK ]

@@ ----------------------------------------------

@@ WPF = 1.1.2.4

@@ ----------------------------------------------

device open = /dev/video8

device open = /dev/video13

Input  File = 1280_720_ARGB32.argb

Output File = nothing


----------------------

TotalTime           =   26.56 ms

   > ProcessingTime =    1.64 ms

     WaitTime       =    1.47 ms

     DevOpenTime    =    0.84 ms

     DevCloseTime   =    0.42 ms

     ReadTime       =    4.09 ms

     WriteTime      =    0.00 ms

     CheckSumTime   =   13.80 ms

     OtherTime      =    5.78 ms

----------------------

[R] 1.1.2.4	[ OK ]

@@ ----------------------------------------------

@@ WPF = 1.1.2.5

@@ ----------------------------------------------

device open = /dev/video8

device open = /dev/video13

Input  File = 1280_720_ARGB32.argb

Output File = nothing


----------------------

TotalTime           =   26.50 ms

   > ProcessingTime =    1.46 ms

     WaitTime       =    1.30 ms

     DevOpenTime    =    0.88 ms

     DevCloseTime   =    0.35 ms

     ReadTime       =    4.10 ms

     WriteTime      =    0.00 ms

     CheckSumTime   =   13.81 ms

     OtherTime      =    5.90 ms

----------------------

[R] 1.1.2.5	[ OK ]

@@ ----------------------------------------------

@@ WPF = 1.1.2.6

@@ ----------------------------------------------

device open = /dev/video8

device open = /dev/video13

Input  File = 1280_720_ARGB32.argb

Output File = nothing


----------------------

TotalTime           =   26.17 ms

   > ProcessingTime =    1.46 ms

     WaitTime       =    1.29 ms

     DevOpenTime    =    0.74 ms

     DevCloseTime   =    0.34 ms

     ReadTime       =    4.05 ms

     WriteTime      =    0.00 ms

     CheckSumTime   =   13.80 ms

     OtherTime      =    5.78 ms

----------------------

[R] 1.1.2.6	[ OK ]

@@ ----------------------------------------------

@@ WPF = 1.1.2.7

@@ ----------------------------------------------

device open = /dev/video8

device open = /dev/video13

Input  File = 1280_720_ARGB32.argb

Output File = nothing


----------------------

TotalTime           =   26.24 ms

   > ProcessingTime =    1.47 ms

     WaitTime       =    1.30 ms

     DevOpenTime    =    0.80 ms

     DevCloseTime   =    0.33 ms

     ReadTime       =    4.08 ms

     WriteTime      =    0.00 ms

     CheckSumTime   =   13.80 ms

     OtherTime      =    5.76 ms

----------------------

[R] 1.1.2.7	[ OK ]

@@ ----------------------------------------------

@@ WPF = 1.1.2.8

@@ ----------------------------------------------

device open = /dev/video8

device open = /dev/video13

Input  File = 1280_720_ARGB32.argb

Output File = nothing


----------------------

TotalTime           =   33.26 ms

   > ProcessingTime =    1.46 ms

     WaitTime       =    1.29 ms

     DevOpenTime    =    0.74 ms

     DevCloseTime   =    0.33 ms

     ReadTime       =    4.07 ms

     WriteTime      =    0.00 ms

     CheckSumTime   =   20.63 ms

     OtherTime      =    6.04 ms

----------------------

[R] 1.1.2.8	[ OK ]

@@ ----------------------------------------------

@@ WPF = 1.1.2.9

@@ ----------------------------------------------

device open = /dev/video8

device open = /dev/video13

Input  File = 1280_720_ARGB32.argb

Output File = nothing


----------------------

TotalTime           =   33.41 ms

   > ProcessingTime =    1.47 ms

     WaitTime       =    1.30 ms

     DevOpenTime    =    0.80 ms

     DevCloseTime   =    0.33 ms

     ReadTime       =    4.12 ms

     WriteTime      =    0.00 ms

     CheckSumTime   =   20.70 ms

     OtherTime      =    5.99 ms

----------------------

[R] 1.1.2.9	[ OK ]

@@ ----------------------------------------------

@@ WPF = 1.1.2.10

@@ ----------------------------------------------

device open = /dev/video8

device open = /dev/video13

Input  File = 1280_720_ARGB32.argb

Output File = nothing


----------------------

TotalTime           =   40.43 ms

   > ProcessingTime =    1.46 ms

     WaitTime       =    1.29 ms

     DevOpenTime    =    0.73 ms

     DevCloseTime   =    0.34 ms

     ReadTime       =    4.11 ms

     WriteTime      =    0.00 ms

     CheckSumTime   =   27.53 ms

     OtherTime      =    6.26 ms

----------------------

[R] 1.1.2.10	[ OK ]

@@ ----------------------------------------------

@@ WPF = 1.1.2.11

@@ ----------------------------------------------

device open = /dev/video8

device open = /dev/video13

Input  File = 1280_720_ARGB32.argb

Output File = nothing


----------------------

TotalTime           =   40.37 ms

   > ProcessingTime =    1.46 ms

     WaitTime       =    1.30 ms

     DevOpenTime    =    0.85 ms

     DevCloseTime   =    0.35 ms

     ReadTime       =    3.98 ms

     WriteTime      =    0.00 ms

     CheckSumTime   =   27.50 ms

     OtherTime      =    6.23 ms

----------------------

[R] 1.1.2.11	[ OK ]

@@ ----------------------------------------------

@@ WPF = 1.1.2.12

@@ ----------------------------------------------

device open = /dev/video8

device open = /dev/video13

Input  File = 1280_720_ARGB32.argb

Output File = nothing


----------------------

TotalTime           =   40.43 ms

   > ProcessingTime =    1.46 ms

     WaitTime       =    1.29 ms

     DevOpenTime    =    0.85 ms

     DevCloseTime   =    0.35 ms

     ReadTime       =    4.01 ms

     WriteTime      =    0.00 ms

     CheckSumTime   =   27.46 ms

     OtherTime      =    6.30 ms

----------------------

[R] 1.1.2.12	[ OK ]

@@ ----------------------------------------------

@@ WPF = 1.1.2.13

@@ ----------------------------------------------

device open = /dev/video8

device open = /dev/video13

Input  File = 1280_720_ARGB32.argb

Output File = nothing


----------------------

TotalTime           =   40.46 ms

   > ProcessingTime =    1.47 ms

     WaitTime       =    1.31 ms

     DevOpenTime    =    0.84 ms

     DevCloseTime   =    0.34 ms

     ReadTime       =    4.05 ms

     WriteTime      =    0.00 ms

     CheckSumTime   =   27.48 ms

     OtherTime      =    6.27 ms

----------------------

[R] 1.1.2.13	[ OK ]

@@ ----------------------------------------------

@@ WPF = 1.1.2.14

@@ ----------------------------------------------

device open = /dev/video8

device open = /dev/video13

Input  File = 1280_720_ARGB32.argb

Output File = nothing


----------------------

TotalTime           =   40.44 ms

   > ProcessingTime =    1.44 ms

     WaitTime       =    1.29 ms

     DevOpenTime    =    0.84 ms

     DevCloseTime   =    0.34 ms

     ReadTime       =    4.03 ms

     WriteTime      =    0.00 ms

     CheckSumTime   =   27.50 ms

     OtherTime      =    6.28 ms

----------------------

[R] 1.1.2.14	[ OK ]

@@ ----------------------------------------------

@@ WPF = 1.1.2.15

@@ ----------------------------------------------

device open = /dev/video8

device open = /dev/video13

Input  File = 1280_720_ARGB32.argb

Output File = nothing


----------------------

TotalTime           =   40.26 ms

   > ProcessingTime =    1.46 ms

     WaitTime       =    1.29 ms

     DevOpenTime    =    0.64 ms

     DevCloseTime   =    0.33 ms

     ReadTime       =    4.06 ms

     WriteTime      =    0.00 ms

     CheckSumTime   =   27.49 ms

     OtherTime      =    6.28 ms

----------------------

[R] 1.1.2.15	[ OK ]

@@ ----------------------------------------------

@@ WPF = 1.1.2.16

@@ ----------------------------------------------

device open = /dev/video8

device open = /dev/video13

Input  File = 1280_720_ARGB32.argb

Output File = nothing


----------------------

TotalTime           =   26.31 ms

   > ProcessingTime =    1.45 ms

     WaitTime       =    1.29 ms

     DevOpenTime    =    0.86 ms

     DevCloseTime   =    0.33 ms

     ReadTime       =    4.09 ms

     WriteTime      =    0.00 ms

     CheckSumTime   =   13.81 ms

     OtherTime      =    5.76 ms

----------------------

[R] 1.1.2.16	[ OK ]

@@ ----------------------------------------------

@@ WPF = 1.1.2.17

@@ ----------------------------------------------

device open = /dev/video8

device open = /dev/video13

Input  File = 1280_720_ARGB32.argb

Output File = nothing


----------------------

TotalTime           =   26.44 ms

   > ProcessingTime =    1.47 ms

     WaitTime       =    1.30 ms

     DevOpenTime    =    1.06 ms

     DevCloseTime   =    0.34 ms

     ReadTime       =    3.99 ms

     WriteTime      =    0.00 ms

     CheckSumTime   =   13.80 ms

     OtherTime      =    5.79 ms

----------------------

[R] 1.1.2.17	[ OK ]

@@ ----------------------------------------------

@@ WPF = 1.1.2.18

@@ ----------------------------------------------

device open = /dev/video8

device open = /dev/video13

Input  File = 1280_720_ARGB32.argb

Output File = nothing


----------------------

TotalTime           =   26.26 ms

   > ProcessingTime =    1.48 ms

     WaitTime       =    1.31 ms

     DevOpenTime    =    0.79 ms

     DevCloseTime   =    0.33 ms

     ReadTime       =    4.08 ms

     WriteTime      =    0.00 ms

     CheckSumTime   =   13.79 ms

     OtherTime      =    5.79 ms

----------------------

[R] 1.1.2.18	[ OK ]

@@ ----------------------------------------------

@@ WPF = 1.1.2.19

@@ ----------------------------------------------

device open = /dev/video8

device open = /dev/video13

Input  File = 1280_720_ARGB32.argb

Output File = nothing


----------------------

TotalTime           =   26.21 ms

   > ProcessingTime =    1.46 ms

     WaitTime       =    1.29 ms

     DevOpenTime    =    0.76 ms

     DevCloseTime   =    0.34 ms

     ReadTime       =    4.08 ms

     WriteTime      =    0.00 ms

     CheckSumTime   =   13.81 ms

     OtherTime      =    5.77 ms

----------------------

[R] 1.1.2.19	[ OK ]

@@ ----------------------------------------------

@@ WPF = 1.1.2.20

@@ ----------------------------------------------

device open = /dev/video8

device open = /dev/video13

Input  File = 1280_720_ARGB32.argb

Output File = nothing


----------------------

TotalTime           =   22.47 ms

   > ProcessingTime =    1.48 ms

     WaitTime       =    1.31 ms

     DevOpenTime    =    0.85 ms

     DevCloseTime   =    0.34 ms

     ReadTime       =    4.10 ms

     WriteTime      =    0.00 ms

     CheckSumTime   =   10.35 ms

     OtherTime      =    5.36 ms

----------------------

[R] 1.1.2.20	[ OK ]

@@ ----------------------------------------------

@@ WPF = 1.1.2.21

@@ ----------------------------------------------

device open = /dev/video8

device open = /dev/video13

Input  File = 1280_720_ARGB32.argb

Output File = nothing


----------------------

TotalTime           =   22.67 ms

   > ProcessingTime =    1.46 ms

     WaitTime       =    1.29 ms

     DevOpenTime    =    0.85 ms

     DevCloseTime   =    0.33 ms

     ReadTime       =    4.10 ms

     WriteTime      =    0.00 ms

     CheckSumTime   =   10.43 ms

     OtherTime      =    5.49 ms

----------------------

[R] 1.1.2.21	[ OK ]

@@ ----------------------------------------------

@@ WPF = 1.1.2.22

@@ ----------------------------------------------

device open = /dev/video8

device open = /dev/video13

Input  File = 1280_720_ARGB32.argb

Output File = nothing


----------------------

TotalTime           =   26.29 ms

   > ProcessingTime =    1.46 ms

     WaitTime       =    1.29 ms

     DevOpenTime    =    0.80 ms

     DevCloseTime   =    0.33 ms

     ReadTime       =    4.07 ms

     WriteTime      =    0.00 ms

     CheckSumTime   =   13.85 ms

     OtherTime      =    5.78 ms

----------------------

[R] 1.1.2.22	[ OK ]

@@ ----------------------------------------------

@@ WPF = 1.1.2.23

@@ ----------------------------------------------

device open = /dev/video8

device open = /dev/video13

Input  File = 1280_720_ARGB32.argb

Output File = nothing


----------------------

TotalTime           =   26.41 ms

   > ProcessingTime =    1.46 ms

     WaitTime       =    1.30 ms

     DevOpenTime    =    0.87 ms

     DevCloseTime   =    0.33 ms

     ReadTime       =    4.09 ms

     WriteTime      =    0.00 ms

     CheckSumTime   =   13.83 ms

     OtherTime      =    5.83 ms

----------------------

[R] 1.1.2.23	[ OK ]

@@ ----------------------------------------------

@@ WPF = 1.1.2.24

@@ ----------------------------------------------

device open = /dev/video8

device open = /dev/video13

Input  File = 1280_720_ARGB32.argb

Output File = nothing


----------------------

TotalTime           =   22.54 ms

   > ProcessingTime =    1.48 ms

     WaitTime       =    1.31 ms

     DevOpenTime    =    0.80 ms

     DevCloseTime   =    0.33 ms

     ReadTime       =    4.11 ms

     WriteTime      =    0.00 ms

     CheckSumTime   =   10.38 ms

     OtherTime      =    5.44 ms

----------------------

[R] 1.1.2.24	[ OK ]

@@ ----------------------------------------------

@@ WPF = 1.1.2.25

@@ ----------------------------------------------

device open = /dev/video8

device open = /dev/video13

Input  File = 1280_720_ARGB32.argb

Output File = nothing


----------------------

TotalTime           =   22.55 ms

   > ProcessingTime =    1.47 ms

     WaitTime       =    1.30 ms

     DevOpenTime    =    0.85 ms

     DevCloseTime   =    0.33 ms

     ReadTime       =    4.09 ms

     WriteTime      =    0.00 ms

     CheckSumTime   =   10.39 ms

     OtherTime      =    5.42 ms

----------------------

[R] 1.1.2.25	[ OK ]

@@ ----------------------------------------------

@@ WPF = 1.1.2.26

@@ ----------------------------------------------

device open = /dev/video8

device open = /dev/video13

Input  File = 1280_720_ARGB32.argb

Output File = nothing


----------------------

TotalTime           =   26.88 ms

   > ProcessingTime =    1.55 ms

     WaitTime       =    1.38 ms

     DevOpenTime    =    1.14 ms

     DevCloseTime   =    0.34 ms

     ReadTime       =    4.10 ms

     WriteTime      =    0.00 ms

     CheckSumTime   =   13.81 ms

     OtherTime      =    5.95 ms

----------------------

[R] 1.1.2.26	[ OK ]

@@ ----------------------------------------------

@@ WPF = 1.1.2.27

@@ ----------------------------------------------

device open = /dev/video8

device open = /dev/video13

Input  File = 1280_720_ARGB32.argb

Output File = nothing


----------------------

TotalTime           =   26.34 ms

   > ProcessingTime =    1.47 ms

     WaitTime       =    1.29 ms

     DevOpenTime    =    0.73 ms

     DevCloseTime   =    0.33 ms

     ReadTime       =    4.04 ms

     WriteTime      =    0.00 ms

     CheckSumTime   =   13.80 ms

     OtherTime      =    5.97 ms

----------------------

[R] 1.1.2.27	[ OK ]

@@ ----------------------------------------------

@@ WPF = 1.1.2.28

@@ ----------------------------------------------

device open = /dev/video8

device open = /dev/video13

Input  File = 1280_720_ARGB32.argb

Output File = nothing


----------------------

TotalTime           =   33.54 ms

   > ProcessingTime =    1.47 ms

     WaitTime       =    1.30 ms

     DevOpenTime    =    0.84 ms

     DevCloseTime   =    0.34 ms

     ReadTime       =    4.08 ms

     WriteTime      =    0.00 ms

     CheckSumTime   =   20.63 ms

     OtherTime      =    6.17 ms

----------------------

[R] 1.1.2.28	[ OK ]

@@ ----------------------------------------------

@@ WPF = 1.1.2.29

@@ ----------------------------------------------

device open = /dev/video8

device open = /dev/video13

Input  File = 1280_720_ARGB32.argb

Output File = nothing


----------------------

TotalTime           =   33.55 ms

   > ProcessingTime =    1.46 ms

     WaitTime       =    1.30 ms

     DevOpenTime    =    0.80 ms

     DevCloseTime   =    0.34 ms

     ReadTime       =    4.10 ms

     WriteTime      =    0.00 ms

     CheckSumTime   =   20.63 ms

     OtherTime      =    6.22 ms

----------------------

[R] 1.1.2.29	[ OK ]

## success ##


@@ SUCCESS !! / test name = wpf



@@ ----------------------------------------------

@@ test name = uds

@@ ----------------------------------------------

[R] 1.3.1.1	[ SKIP ]( uds case 1 )( Device name is nothing. )

[R] 1.3.1.2	[ SKIP ]( uds case 2 )( Device name is nothing. )

[R] 1.3.2.1	[ SKIP ]( uds case 3 )( Device name is nothing. )

## success ##


@@ SUCCESS !! / test name = uds



@@ ----------------------------------------------

@@ test name = bru

