    +----------------------------------------------------------------------+
    ¦                 • MobaXterm Personal Edition v22.1 •                 ¦
    ¦               (SSH client, X server and network tools)               ¦
    ¦                                                                      ¦
    ¦ ? SSH session to bsp@192.168.10.98                                   ¦
    ¦   • Direct SSH      :  ?                                             ¦
    ¦   • SSH compression :  ?                                             ¦
    ¦   • SSH-browser     :  ?                                             ¦
    ¦   • X11-forwarding  :  ?  (remote display is forwarded through SSH)  ¦
    ¦                                                                      ¦
    ¦ ? For more info, ctrl+click on help or visit our website.            ¦
    +----------------------------------------------------------------------+

Welcome to Ubuntu 20.04.6 LTS (GNU/Linux 5.15.0-91-generic x86_64)

 * Documentation:  https://help.ubuntu.com
 * Management:     https://landscape.canonical.com
 * Support:        https://ubuntu.com/advantage

Expanded Security Maintenance for Applications is not enabled.

30 updates can be applied immediately.
To see these additional updates run: apt list --upgradable

31 additional security updates can be applied with ESM Apps.
Learn more about enabling ESM Apps service at https://ubuntu.com/esm

New release '22.04.3 LTS' available.
Run 'do-release-upgrade' to upgrade to it.

Your Hardware Enablement Stack (HWE) is supported until April 2025.
Last login: Fri Jan 19 17:17:50 2024 from 192.168.10.25
bsp@L-189:~$ mi0

Welcome to minicom 2.7.1

OPTIONS: I18n
Compiled on Dec 23 2019, 02:06:26.
Port /dev/ttyUSB0, 17:14:12

Press CTRL-A Z for help on special keys

NOTICE:  BL2: R-Car Gen3 Initial Program Loader(CA57) Rev.4.0.0
NOTICE:  BL2: PRR is R-Car H3 Ver.3.0
NOTICE:  BL2: Board is Salvator-XS Rev.1.0
NOTICE:  BL2: Boot device is HyperFlash(160MHz)
NOTICE:  BL2: LCM state is CM
NOTICE:  AVS setting succeeded. DVFS_SetVID=0x53
NOTICE:  BL2: DDR3200(rev.0.42)
NOTICE:  BL2: [COLD_BOOT]
NOTICE:  BL2: DRAM Split is 4ch(DDR f)
NOTICE:  BL2: QoS is default setting(rev.0.11)
NOTICE:  BL2: DRAM refresh interval 1.95 usec
NOTICE:  BL2: Periodic Write DQ Training
NOTICE:  BL2: CH0: 400000000 - 47fffffff, 2 GiB
NOTICE:  BL2: CH1: 500000000 - 57fffffff, 2 GiB
NOTICE:  BL2: CH2: 600000000 - 67fffffff, 2 GiB
NOTICE:  BL2: CH3: 700000000 - 77fffffff, 2 GiB
NOTICE:  BL2: Lossy Decomp areas
NOTICE:       Entry 0: DCMPAREACRAx:0x80000540 DCMPAREACRBx:0x570
NOTICE:       Entry 1: DCMPAREACRAx:0x40000000 DCMPAREACRBx:0x0
NOTICE:       Entry 2: DCMPAREACRAx:0x20000000 DCMPAREACRBx:0x0
NOTICE:  BL2: FDT at 0xe6327f70
NOTICE:  BL2: v2.9(release):9cdb21f75
NOTICE:  BL2: Built : 05:25:39, Dec 19 2023
NOTICE:  BL2: Normal boot
NOTICE:  BL2: dst=0xe6327800 src=0x8180000 len=512(0x200)
NOTICE:  BL2: dst=0x43f00000 src=0x8180400 len=6144(0x1800)
NOTICE:  rcar_file_len: len: 0x0003e000
NOTICE:  BL2: dst=0x44000000 src=0x81c0000 len=253952(0x3e000)
NOTICE:  rcar_file_len: len: 0x00200000
NOTICE:  BL2: dst=0x44100000 src=0x8200000 len=2097152(0x200000)
NOTICE:  rcar_file_len: len: 0x00100000
NOTICE:  BL2: dst=0x50000000 src=0x8640000 len=1048576(0x100000)
NOTICE:  BL2: Booting BL31


U-Boot 2020.10 (Dec 19 2023 - 14:30:40 +0000)

CPU: Renesas Electronics R8A7795 rev 3.0
Model: Renesas Salvator-X 2nd version board based on r8a77951
DRAM:  7.9 GiB
RAM Configuration:
Bank #0: 0x048000000 - 0x0bfffffff, 1.9 GiB
Bank #1: 0x500000000 - 0x57fffffff, 2 GiB
Bank #2: 0x600000000 - 0x67fffffff, 2 GiB
Bank #3: 0x700000000 - 0x77fffffff, 2 GiB

MMC:   sd@ee100000: 0, sd@ee140000: 1, sd@ee160000: 2
Loading Environment from MMC... OK
In:    serial@e6e88000
Out:   serial@e6e88000
Err:   serial@e6e88000
Net:   eth0: ethernet@e6800000
Hit any key to stop autoboot:  0
ethernet@e6800000 Waiting for PHY auto negotiation to complete......... done
Using ethernet@e6800000 device
TFTP from server 192.168.10.98; our IP address is 192.168.10.104
Filename 'BV/PT3/boot_V4L2/Image'.
Load address: 0x48080000
Loading: #################################################################
         #################################################################
         #################################################################
         #################################################################
         #################################################################
         #################################################################
         #################################################################
         #################################################################
         #################################################################
         #################################################################
         #################################################################
         #################################################################
         #################################################################
         #################################################################
         #################################################################
         #################################################################
         #################################################################
         #################################################################
         #################################################################
         #################################################################
         #################################################################
         #################################################################
         #################################################################
         #################################################################
         #################################################################
         #################################################################
         #################################################################
         #################################################################
         #################################################################
         #################################################################
         #################################################################
         #################################################################
         #################################################################
         #################################################################
         #################################################################
         #########
         4 MiB/s
done
Bytes transferred = 33516032 (1ff6a00 hex)
Using ethernet@e6800000 device
TFTP from server 192.168.10.98; our IP address is 192.168.10.104
Filename 'BV/PT3/boot_V4L2/r8a77951-salvator-xs.dtb'.
Load address: 0x48000000
Loading: #######
         4.1 MiB/s
done
Bytes transferred = 90876 (162fc hex)
Moving Image from 0x48080000 to 0x48200000, end=4a280000
## Flattened Device Tree blob at 48000000
   Booting using the fdt blob at 0x48000000
   Loading Device Tree to 0000000053fe6000, end 0000000053fff2fb ... OK

Starting kernel ...

[    0.000000] Booting Linux on physical CPU 0x0000000000 [0x411fd073]
[    0.000000] Linux version 5.10.194-yocto-standard (oe-user@oe-host) (aarch64-poky-linux-gcc (GCC) 9.3.0, GNU ld (GNU Binutils) 2.34.0.20200220) #1 SMP PREEMPT Sat Jan 14
[    0.000000] Machine model: Renesas Salvator-X 2nd version board based on r8a77951
[    0.000000] efi: UEFI not found.
[    0.000000] Reserved memory: created CMA memory pool at 0x0000000057000000, size 16 MiB
[    0.000000] OF: reserved mem: initialized node linux,adsp@57000000, compatible id shared-dma-pool
[    0.000000] Reserved memory: created CMA memory pool at 0x0000000058000000, size 384 MiB
[    0.000000] OF: reserved mem: initialized node linux,cma@58000000, compatible id shared-dma-pool
[    0.000000] Reserved memory: created CMA memory pool at 0x0000000070000000, size 256 MiB
[    0.000000] OF: reserved mem: initialized node linux,multimedia@70000000, compatible id shared-dma-pool
[    0.000000] NUMA: No NUMA configuration found
[    0.000000] NUMA: Faking a node at [mem 0x0000000048000000-0x000000077fffffff]
[    0.000000] NUMA: NODE_DATA [mem 0x77efdab00-0x77efdcfff]
[    0.000000] Zone ranges:
[    0.000000]   DMA      [mem 0x0000000048000000-0x000000007fffffff]
[    0.000000]   DMA32    [mem 0x0000000080000000-0x00000000ffffffff]
[    0.000000]   Normal   [mem 0x0000000100000000-0x000000077fffffff]
[    0.000000] Movable zone start for each node
[    0.000000] Early memory node ranges
[    0.000000]   node   0: [mem 0x0000000048000000-0x0000000053ffffff]
[    0.000000]   node   0: [mem 0x0000000054000000-0x0000000056ffffff]
[    0.000000]   node   0: [mem 0x0000000057000000-0x00000000bfffffff]
[    0.000000]   node   0: [mem 0x0000000500000000-0x000000057fffffff]
[    0.000000]   node   0: [mem 0x0000000600000000-0x000000067fffffff]
[    0.000000]   node   0: [mem 0x0000000700000000-0x000000077fffffff]
[    0.000000] Initmem setup node 0 [mem 0x0000000048000000-0x000000077fffffff]
[    0.000000] psci: probing for conduit method from DT.
[    0.000000] psci: PSCIv1.1 detected in firmware.
[    0.000000] psci: Using standard PSCI v0.2 function IDs
[    0.000000] psci: Trusted OS resident on physical CPU 0x0
[    0.000000] psci: SMC Calling Convention v1.2
[    0.000000] percpu: Embedded 23 pages/cpu s56984 r8192 d29032 u94208
[    0.000000] Detected PIPT I-cache on CPU0
[    0.000000] CPU features: detected: EL2 vector hardening
[    0.000000] CPU features: detected: Spectre-v2
[    0.000000] CPU features: detected: ARM errata 1165522, 1319367, or 1530923
[    0.000000] CPU features: detected: Spectre-BHB
[    0.000000] CPU features: detected: ARM erratum 1742098
[    0.000000] Built 1 zonelists, mobility grouping on.  Total pages: 2032128
[    0.000000] Policy zone: Normal
[    0.000000] Kernel command line: rw root=/dev/nfs nfsroot=192.168.10.98:/data/tftpboot/BV/PT3/rootfs_H3,nfsvers=4 ip=192.168.10.104
[    0.000000] Dentry cache hash table entries: 1048576 (order: 11, 8388608 bytes, linear)
[    0.000000] Inode-cache hash table entries: 524288 (order: 10, 4194304 bytes, linear)
[    0.000000] mem auto-init: stack:off, heap alloc:off, heap free:off
[    0.000000] software IO TLB: mapped [mem 0x000000004ffe6000-0x0000000053fe6000] (64MB)
[    0.000000] Memory: 7276712K/8257536K available (15360K kernel code, 2842K rwdata, 8292K rodata, 6144K init, 522K bss, 309080K reserved, 671744K cma-reserved)
[    0.000000] SLUB: HWalign=64, Order=0-3, MinObjects=0, CPUs=8, Nodes=1
[    0.000000] rcu: Preemptible hierarchical RCU implementation.
[    0.000000] rcu:     RCU event tracing is enabled.
[    0.000000] rcu:     RCU restricting CPUs from NR_CPUS=256 to nr_cpu_ids=8.
[    0.000000]  Trampoline variant of Tasks RCU enabled.
[    0.000000] rcu: RCU calculated value of scheduler-enlistment delay is 25 jiffies.
[    0.000000] rcu: Adjusting geometry for rcu_fanout_leaf=16, nr_cpu_ids=8
[    0.000000] NR_IRQS: 64, nr_irqs: 64, preallocated irqs: 0
[    0.000000] arch_timer: cp15 timer(s) running at 8.32MHz (virt).
[    0.000000] clocksource: arch_sys_counter: mask: 0xffffffffffffff max_cycles: 0x1eb398c07, max_idle_ns: 440795202503 ns
[    0.000003] sched_clock: 56 bits at 8MHz, resolution 120ns, wraps every 2199023255503ns
[    0.000208] Console: colour dummy device 80x25
[    0.000412] printk: console [tty0] enabled
[    0.000490] Calibrating delay loop (skipped), value calculated using timer frequency.. 16.64 BogoMIPS (lpj=33280)
[    0.000507] pid_max: default: 32768 minimum: 301
[    0.000565] LSM: Security Framework initializing
[    0.000652] Mount-cache hash table entries: 16384 (order: 5, 131072 bytes, linear)
[    0.000705] Mountpoint-cache hash table entries: 16384 (order: 5, 131072 bytes, linear)
[    0.002167] rcu: Hierarchical SRCU implementation.
[    0.003774] Detected Renesas R-Car Gen3 r8a7795 ES3.0
[    0.005928] EFI services will not be available.
[    0.006275] smp: Bringing up secondary CPUs ...
[    0.006740] Detected PIPT I-cache on CPU1
[    0.006790] CPU1: Booted secondary processor 0x0000000001 [0x411fd073]
[    0.007284] Detected PIPT I-cache on CPU2
[    0.007308] CPU2: Booted secondary processor 0x0000000002 [0x411fd073]
[    0.007740] Detected PIPT I-cache on CPU3
[    0.007763] CPU3: Booted secondary processor 0x0000000003 [0x411fd073]
[    0.008232] CPU features: detected: ARM erratum 845719
[    0.008245] Detected VIPT I-cache on CPU4
[    0.008294] CPU4: Booted secondary processor 0x0000000100 [0x410fd034]
[    0.008780] Detected VIPT I-cache on CPU5
[    0.008807] CPU5: Booted secondary processor 0x0000000101 [0x410fd034]
[    0.009251] Detected VIPT I-cache on CPU6
[    0.009279] CPU6: Booted secondary processor 0x0000000102 [0x410fd034]
[    0.009728] Detected VIPT I-cache on CPU7
[    0.009755] CPU7: Booted secondary processor 0x0000000103 [0x410fd034]
[    0.009836] smp: Brought up 1 node, 8 CPUs
[    0.009899] SMP: Total of 8 processors activated.
[    0.009906] CPU features: detected: 32-bit EL0 Support
[    0.009913] CPU features: detected: CRC32 instructions
[    0.009920] CPU features: detected: 32-bit EL1 Support
[    0.023183] CPU: All CPU(s) started at EL1
[    0.023234] alternatives: patching kernel code
[    0.024531] devtmpfs: initialized
[    0.031202] KASLR disabled due to lack of seed
[    0.031351] clocksource: jiffies: mask: 0xffffffff max_cycles: 0xffffffff, max_idle_ns: 7645041785100000 ns
[    0.031372] futex hash table entries: 2048 (order: 5, 131072 bytes, linear)
[    0.041610] pinctrl core: initialized pinctrl subsystem
[    0.043075] DMI not present or invalid.
[    0.043585] NET: Registered protocol family 16
[    0.044541] DMA: preallocated 1024 KiB GFP_KERNEL pool for atomic allocations
[    0.044740] DMA: preallocated 1024 KiB GFP_KERNEL|GFP_DMA pool for atomic allocations
[    0.045030] DMA: preallocated 1024 KiB GFP_KERNEL|GFP_DMA32 pool for atomic allocations
[    0.045070] audit: initializing netlink subsys (disabled)
[    0.045256] audit: type=2000 audit(0.044:1): state=initialized audit_enabled=0 res=1
[    0.046404] thermal_sys: Registered thermal governor 'power_allocator'
[    0.046926] cpuidle: using governor menu
[    0.047099] hw-breakpoint: found 6 breakpoint and 4 watchpoint registers.
[    0.047225] ASID allocator initialised with 65536 entries
[    0.048507] Serial: AMBA PL011 UART driver
[    0.091065] sh-pfc e6060000.pinctrl: r8a77951_pfc support registered
[    0.105808] HugeTLB registered 1.00 GiB page size, pre-allocated 0 pages
[    0.105820] HugeTLB registered 32.0 MiB page size, pre-allocated 0 pages
[    0.105828] HugeTLB registered 2.00 MiB page size, pre-allocated 0 pages
[    0.105835] HugeTLB registered 64.0 KiB page size, pre-allocated 0 pages
[    0.106809] cryptd: max_cpu_qlen set to 1000
[    0.109156] ACPI: Interpreter disabled.
[    0.112989] rcar-avs: use avs value: 0
[    0.113005] rcar-avs: cpu@0 is running with: opp_table0
[    0.113014] rcar-avs: cpu@1 is running with: opp_table0
[    0.113023] rcar-avs: cpu@2 is running with: opp_table0
[    0.113032] rcar-avs: cpu@3 is running with: opp_table0
[    0.113119] rcar-avs: gsx@fd000000 is running with: gsx_opp_table0
[    0.114515] iommu: Default domain type: Translated
[    0.115083] ipmmu-vmsa e67b0000.iommu: IPMMU context 0 is reserved
[    0.116135] vgaarb: loaded
[    0.116322] SCSI subsystem initialized
[    0.116574] usbcore: registered new interface driver usbfs
[    0.116600] usbcore: registered new interface driver hub
[    0.116624] usbcore: registered new device driver usb
[    0.120220] i2c-sh_mobile e60b0000.i2c: I2C adapter 7, bus speed 400000 Hz
[    0.120761] mc: Linux media interface: v0.10
[    0.120783] videodev: Linux video capture interface: v2.00
[    0.120827] pps_core: LinuxPPS API ver. 1 registered
[    0.120834] pps_core: Software ver. 5.3.6 - Copyright 2005-2007 Rodolfo Giometti <giometti@linux.it>
[    0.120848] PTP clock support registered
[    0.121023] EDAC MC: Ver: 3.0.0
[    0.122959] FPGA manager framework
[    0.123027] Advanced Linux Sound Architecture Driver Initialized.
[    0.123601] clocksource: Switched to clocksource arch_sys_counter
[    0.123762] VFS: Disk quotas dquot_6.6.0
[    0.123805] VFS: Dquot-cache hash table entries: 512 (order 0, 4096 bytes)
[    0.123929] pnp: PnP ACPI: disabled
[    0.127279] NET: Registered protocol family 2
[    0.127719] IP idents hash table entries: 131072 (order: 8, 1048576 bytes, linear)
[    0.129978] tcp_listen_portaddr_hash hash table entries: 4096 (order: 4, 65536 bytes, linear)
[    0.130056] TCP established hash table entries: 65536 (order: 7, 524288 bytes, linear)
[    0.130340] TCP bind hash table entries: 65536 (order: 8, 1048576 bytes, linear)
[    0.130927] TCP: Hash tables configured (established 65536 bind 65536)
[    0.131053] UDP hash table entries: 4096 (order: 5, 131072 bytes, linear)
[    0.131167] UDP-Lite hash table entries: 4096 (order: 5, 131072 bytes, linear)
[    0.131378] NET: Registered protocol family 1
[    0.131772] RPC: Registered named UNIX socket transport module.
[    0.131783] RPC: Registered udp transport module.
[    0.131789] RPC: Registered tcp transport module.
[    0.131795] RPC: Registered tcp NFSv4.1 backchannel transport module.
[    0.131809] PCI: CLS 0 bytes, default 64
[    0.132724] hw perfevents: enabled with armv8_cortex_a53 PMU driver, 7 counters available
[    0.132995] hw perfevents: enabled with armv8_cortex_a57 PMU driver, 7 counters available
[    0.133625] kvm [1]: HYP mode not available
[    0.136369] Initialise system trusted keyrings
[    0.136498] workingset: timestamp_bits=42 max_order=21 bucket_order=0
[    0.139463] squashfs: version 4.0 (2009/01/31) Phillip Lougher
[    0.139889] NFS: Registering the id_resolver key type
[    0.139916] Key type id_resolver registered
[    0.139923] Key type id_legacy registered
[    0.139980] nfs4filelayout_init: NFSv4 File Layout Driver Registering...
[    0.139989] nfs4flexfilelayout_init: NFSv4 Flexfile Layout Driver Registering...
[    0.140081] 9p: Installing v9fs 9p2000 file system support
[    0.166312] Key type asymmetric registered
[    0.166325] Asymmetric key parser 'x509' registered
[    0.166356] Block layer SCSI generic (bsg) driver version 0.4 loaded (major 243)
[    0.166367] io scheduler mq-deadline registered
[    0.166376] io scheduler kyber registered
[    0.182607] gpio_rcar e6050000.gpio: driving 16 GPIOs
[    0.182916] gpio_rcar e6051000.gpio: driving 29 GPIOs
[    0.183240] gpio_rcar e6052000.gpio: driving 15 GPIOs
[    0.183498] gpio_rcar e6053000.gpio: driving 16 GPIOs
[    0.183785] gpio_rcar e6054000.gpio: driving 18 GPIOs
[    0.184123] gpio_rcar e6055000.gpio: driving 26 GPIOs
[    0.184385] gpio_rcar e6055400.gpio: driving 32 GPIOs
[    0.184636] gpio_rcar e6055800.gpio: driving 4 GPIOs
[    0.187556] rcar-pcie fe000000.pcie: host bridge /soc/pcie@fe000000 ranges:
[    0.187603] rcar-pcie fe000000.pcie:       IO 0x00fe100000..0x00fe1fffff -> 0x0000000000
[    0.187627] rcar-pcie fe000000.pcie:      MEM 0x00fe200000..0x00fe3fffff -> 0x00fe200000
[    0.187645] rcar-pcie fe000000.pcie:      MEM 0x0030000000..0x0037ffffff -> 0x0030000000
[    0.187660] rcar-pcie fe000000.pcie:      MEM 0x0038000000..0x003fffffff -> 0x0038000000
[    0.187678] rcar-pcie fe000000.pcie:   IB MEM 0x0040000000..0x007fffffff -> 0x0040000000
[    0.187726] rcar-pcie fe000000.pcie: no pcie3v3 regulator found
[    0.187736] rcar-pcie fe000000.pcie: no pcie1v8 regulator found
[    0.254694] rcar-pcie fe000000.pcie: PCIe link down
[    0.254863] rcar-pcie ee800000.pcie: host bridge /soc/pcie@ee800000 ranges:
[    0.254886] rcar-pcie ee800000.pcie:       IO 0x00ee900000..0x00ee9fffff -> 0x0000000000
[    0.254906] rcar-pcie ee800000.pcie:      MEM 0x00eea00000..0x00eebfffff -> 0x00eea00000
[    0.254924] rcar-pcie ee800000.pcie:      MEM 0x00c0000000..0x00c7ffffff -> 0x00c0000000
[    0.254937] rcar-pcie ee800000.pcie:      MEM 0x00c8000000..0x00cfffffff -> 0x00c8000000
[    0.254954] rcar-pcie ee800000.pcie:   IB MEM 0x0040000000..0x007fffffff -> 0x0040000000
[    0.254986] rcar-pcie ee800000.pcie: no pcie3v3 regulator found
[    0.254995] rcar-pcie ee800000.pcie: no pcie1v8 regulator found
[    0.318698] rcar-pcie ee800000.pcie: PCIe link down
[    0.321192] EINJ: ACPI disabled.
[    0.355763] Serial: 8250/16550 driver, 4 ports, IRQ sharing enabled
[    0.358095] SuperH (H)SCI(F) driver initialized
[    0.358513] e6550000.serial: ttySC1 at MMIO 0xe6550000 (irq = 42, base_baud = 0) is a hscif
[    0.359254] e6e88000.serial: ttySC0 at MMIO 0xe6e88000 (irq = 128, base_baud = 0) is a scif
[    1.562894] printk: console [ttySC0] enabled
[    1.568195] msm_serial: driver initialized
[    1.578344] rcar-dw-hdmi fead0000.hdmi: Detected HDMI TX controller v2.01a with HDCP (DWC HDMI 2.0 TX PHY)
[    1.588249] rcar-dw-hdmi fead0000.hdmi: registered DesignWare HDMI I2C bus driver
[    1.596494] rcar-dw-hdmi feae0000.hdmi: Detected HDMI TX controller v2.01a with HDCP (DWC HDMI 2.0 TX PHY)
[    1.606371] rcar-dw-hdmi feae0000.hdmi: registered DesignWare HDMI I2C bus driver
[    1.621666] loop: module loaded
[    1.626106] megasas: 07.714.04.00-rc1
[    1.631866] scsi host0: sata_rcar
[    1.635328] ata1: SATA max UDMA/133 irq 181
[    1.644666] tun: Universal TUN/TAP device driver, 1.6
[    1.650636] thunder_xcv, ver 1.0
[    1.653894] thunder_bgx, ver 1.0
[    1.657141] nicpf, ver 1.0
[    1.661267] hclge is initializing
[    1.664602] hns3: Hisilicon Ethernet Network Driver for Hip08 Family - version
[    1.671825] hns3: Copyright (c) 2017 Huawei Corporation.
[    1.677163] e1000: Intel(R) PRO/1000 Network Driver
[    1.682043] e1000: Copyright (c) 1999-2006 Intel Corporation.
[    1.687813] e1000e: Intel(R) PRO/1000 Network Driver
[    1.692778] e1000e: Copyright(c) 1999 - 2015 Intel Corporation.
[    1.698717] igb: Intel(R) Gigabit Ethernet Network Driver
[    1.704116] igb: Copyright (c) 2007-2014 Intel Corporation.
[    1.709703] igbvf: Intel(R) Gigabit Virtual Function Network Driver
[    1.715969] igbvf: Copyright (c) 2009 - 2012 Intel Corporation.
[    1.722294] sky2: driver version 1.30
[    1.729813] ravb e6800000.ethernet eth0: Base address at 0xe6800000, 2e:09:0a:02:ea:bf, IRQ 125.
[    1.740144] VFIO - User Level meta-driver version: 0.3
[    1.747278] ehci_hcd: USB 2.0 'Enhanced' Host Controller (EHCI) Driver
[    1.753830] ehci-pci: EHCI PCI platform driver
[    1.758293] ehci-platform: EHCI generic platform driver
[    1.763917] ehci-platform ee0a0100.usb: EHCI Host Controller
[    1.769599] ehci-platform ee0a0100.usb: new USB bus registered, assigned bus number 1
[    1.777530] ehci-platform ee0a0100.usb: irq 175, io mem 0xee0a0100
[    1.799598] ehci-platform ee0a0100.usb: USB 2.0 started, EHCI 1.10
[    1.806139] hub 1-0:1.0: USB hub found
[    1.809912] hub 1-0:1.0: 1 port detected
[    1.814331] ehci-platform ee0c0100.usb: EHCI Host Controller
[    1.820008] ehci-platform ee0c0100.usb: new USB bus registered, assigned bus number 2
[    1.827909] ehci-platform ee0c0100.usb: irq 176, io mem 0xee0c0100
[    1.847601] ehci-platform ee0c0100.usb: USB 2.0 started, EHCI 1.10
[    1.854074] hub 2-0:1.0: USB hub found
[    1.857845] hub 2-0:1.0: 1 port detected
[    1.887642] ehci-platform ee0e0100.usb: EHCI Host Controller
[    1.893316] ehci-platform ee0e0100.usb: new USB bus registered, assigned bus number 3
[    1.901184] ehci-platform ee0e0100.usb: irq 177, io mem 0xee0e0100
[    1.919600] ehci-platform ee0e0100.usb: USB 2.0 started, EHCI 1.10
[    1.926042] hub 3-0:1.0: USB hub found
[    1.929817] hub 3-0:1.0: 1 port detected
[    1.934175] ehci-orion: EHCI orion driver
[    1.938417] ehci-exynos: EHCI Exynos driver
[    1.942719] ohci_hcd: USB 1.1 'Open' Host Controller (OHCI) Driver
[    1.948918] ohci-pci: OHCI PCI platform driver
[    1.953399] ohci-platform: OHCI generic platform driver
[    1.958933] ohci-platform ee0a0000.usb: Generic Platform OHCI controller
[    1.965652] ohci-platform ee0a0000.usb: new USB bus registered, assigned bus number 4
[    1.973528] ohci-platform ee0a0000.usb: irq 175, io mem 0xee0a0000
[    2.055609] ata1: link resume succeeded after 1 retries
[    2.069928] hub 4-0:1.0: USB hub found
[    2.073700] hub 4-0:1.0: 1 port detected
[    2.078033] ohci-platform ee0c0000.usb: Generic Platform OHCI controller
[    2.084746] ohci-platform ee0c0000.usb: new USB bus registered, assigned bus number 5
[    2.092613] ohci-platform ee0c0000.usb: irq 176, io mem 0xee0c0000
[    2.167125] ata1: SATA link down (SStatus 0 SControl 300)
[    2.185864] hub 5-0:1.0: USB hub found
[    2.189633] hub 5-0:1.0: 1 port detected
[    2.193954] ohci-platform ee0e0000.usb: Generic Platform OHCI controller
[    2.200667] ohci-platform ee0e0000.usb: new USB bus registered, assigned bus number 6
[    2.208538] ohci-platform ee0e0000.usb: irq 177, io mem 0xee0e0000
[    2.301858] hub 6-0:1.0: USB hub found
[    2.305626] hub 6-0:1.0: 1 port detected
[    2.309952] ohci-exynos: OHCI Exynos driver
[    2.314779] xhci-hcd ee000000.usb: xHCI Host Controller
[    2.320018] xhci-hcd ee000000.usb: new USB bus registered, assigned bus number 7
[    2.343291] xhci-hcd ee000000.usb: hcc params 0x014051ce hci version 0x100 quirks 0x0000000000830410
[    2.352461] xhci-hcd ee000000.usb: irq 172, io mem 0xee000000
[    2.358324] xhci-hcd ee000000.usb: xHCI Host Controller
[    2.363558] xhci-hcd ee000000.usb: new USB bus registered, assigned bus number 8
[    2.370961] xhci-hcd ee000000.usb: Host supports USB 3.0 SuperSpeed
[    2.377520] hub 7-0:1.0: USB hub found
[    2.381291] hub 7-0:1.0: 1 port detected
[    2.385381] usb usb8: We don't know the algorithms for LPM for this host, disabling LPM.
[    2.393744] hub 8-0:1.0: USB hub found
[    2.397518] hub 8-0:1.0: 1 port detected
[    2.402307] usbcore: registered new interface driver usb-storage
[    2.409993] renesas_usbhs e6590000.usb: host probed
[    2.414884] renesas_usbhs e6590000.usb: no transceiver found
[    2.420623] renesas_usbhs e6590000.usb: gadget probed
[    2.425842] renesas_usbhs e6590000.usb: probed
[    2.430751] renesas_usbhs e659c000.usb: host probed
[    2.435641] renesas_usbhs e659c000.usb: no transceiver found
[    2.441355] renesas_usbhs e659c000.usb: gadget probed
[    2.446558] renesas_usbhs e659c000.usb: probed
[    2.453518] i2c /dev entries driver
[    2.468091] cs2000-cp 2-004f: revision - C1
[    2.472337] i2c-rcar e6510000.i2c: probed
[    2.477169] pca953x 4-0020: supply vcc not found, using dummy regulator
[    2.483873] pca953x 4-0020: using no AI
[    2.488517] gpio-355 (PCIE/SATA switch): hogged as output/low
[    2.500797] i2c-rcar e66d8000.i2c: probed
[    2.506092] adv748x 4-0070: Endpoint /soc/i2c@e66d8000/video-receiver@70/port@7/endpoint on port 7
[    2.515075] adv748x 4-0070: Endpoint /soc/i2c@e66d8000/video-receiver@70/port@8/endpoint on port 8
[    2.524048] adv748x 4-0070: Endpoint /soc/i2c@e66d8000/video-receiver@70/port@a/endpoint on port 10
[    2.533112] adv748x 4-0070: Endpoint /soc/i2c@e66d8000/video-receiver@70/port@b/endpoint on port 11
[    2.542522] adv748x 4-0070: chip found @ 0xe0 revision 2143
[    2.596221] rcar-csi2 fea80000.csi2: 1 lanes found
[    2.601361] rcar-csi2 feaa0000.csi2: 4 lanes found
[    2.610993] rcar-vin e6ef0000.video: Device registered as video0
[    2.617078] rcar-vin e6ef1000.video: Device registered as video1
[    2.623154] rcar-vin e6ef2000.video: Device registered as video2
[    2.629227] rcar-vin e6ef3000.video: Device registered as video3
[    2.635307] rcar-vin e6ef4000.video: Device registered as video4
[    2.641394] rcar-vin e6ef5000.video: Device registered as video5
[    2.647506] rcar-vin e6ef6000.video: Device registered as video6
[    2.653589] rcar-vin e6ef7000.video: Device registered as video7
[    2.660341] usbcore: registered new interface driver uvcvideo
[    2.666095] USB Video Class driver (1.1.1)
[    2.672295] rcar_gen3_thermal e6198000.thermal: is using pseudo fixed FUSE values
[    2.684494] rcar_gen3_thermal e6198000.thermal: TSC0: Loaded 1 trip points
[    2.695765] rcar_gen3_thermal e6198000.thermal: TSC1: Loaded 1 trip points
[    2.706917] rcar_gen3_thermal e6198000.thermal: TSC2: Loaded 3 trip points
[    2.718971] sdhci: Secure Digital Host Controller Interface driver
[    2.725171] sdhci: Copyright(c) Pierre Ossman
[    2.730353] Synopsys Designware Multimedia Card Interface Driver
[    2.730628] renesas_sdhi_internal_dmac ee100000.mmc: Got CD GPIO
[    2.730963] renesas_sdhi_internal_dmac ee140000.mmc: Adding to iommu group 0
[    2.731006] renesas_sdhi_internal_dmac ee140000.mmc: Using IPMMU context 1
[    2.731033] renesas_sdhi_internal_dmac ee160000.mmc: Got CD GPIO
[    2.731061] renesas_sdhi_internal_dmac ee160000.mmc: Got WP GPIO
[    2.737703] sdhci-pltfm: SDHCI platform and OF driver helper
[    2.742398] renesas_sdhi_internal_dmac ee100000.mmc: Got WP GPIO
[    2.780329] ledtrig-cpu: registered to indicate activity on CPUs
[    2.780502] renesas_sdhi_internal_dmac ee140000.mmc: mmc0 base at 0x00000000ee140000, max clock rate 200 MHz
[    2.787287] SMCCC: SOC_ID: ARCH_SOC_ID not implemented, skipping ....
[    2.803262] usbcore: registered new interface driver usbhid
[    2.808838] usbhid: USB HID core driver
[    2.816507] optee: probing for conduit method.
[    2.820975] optee: revision 3.22 (314ecf9d)
[    2.821453] optee driver R-Car Rev.1.0.11
[    2.829954] optee: dynamic shared memory is enabled
[    2.835096] optee: initialized driver
[    2.850072] rcar_sound ec500000.sound: probed
[    2.855135] rcar_adsp_sound adsp_sound: probed
[    2.860173] NET: Registered protocol family 17
[    2.864738] 9pnet: Installing 9P2000 support
[    2.869073] Key type dns_resolver registered
[    2.869770] mmc0: new HS400 MMC card at address 0001
[    2.873720] registered taskstats version 1
[    2.879142] mmcblk0: mmc0:0001 BGSD3R 29.1 GiB
[    2.882437] Loading compiled-in X.509 certificates
[    2.892146] mmcblk0boot0: mmc0:0001 BGSD3R partition 1 16.0 MiB
[    2.892341] thermal emergency: set temperature to 110 celsius
[    2.898401] mmcblk0boot1: mmc0:0001 BGSD3R partition 2 16.0 MiB
[    2.904012] thermal emergency: shutdown target cpus 1-7
[    2.910107] mmcblk0rpmb: mmc0:0001 BGSD3R partition 3 4.00 MiB, chardev (509:0)
[    2.914978] thermal emergency: freq scaled target cpus 0
[    2.915328] renesas_irqc e61c0000.interrupt-controller: driving 6 irqs
[    2.971627] ehci-platform ee080100.usb: EHCI Host Controller
[    2.977320] ehci-platform ee080100.usb: new USB bus registered, assigned bus number 9
[    2.985205] ehci-platform ee080100.usb: irq 174, io mem 0xee080100
[    3.003602] ehci-platform ee080100.usb: USB 2.0 started, EHCI 1.10
[    3.010243] hub 9-0:1.0: USB hub found
[    3.014018] hub 9-0:1.0: 1 port detected
[    3.018998] ohci-platform ee080000.usb: Generic Platform OHCI controller
[    3.025723] ohci-platform ee080000.usb: new USB bus registered, assigned bus number 10
[    3.033686] ohci-platform ee080000.usb: irq 174, io mem 0xee080000
[    3.129979] hub 10-0:1.0: USB hub found
[    3.133838] hub 10-0:1.0: 1 port detected
[    3.139062] cpu cpu0: EM: created perf domain
[    3.144018] cpu cpu4: EM: created perf domain
[    3.152226] renesas_sdhi_internal_dmac ee160000.mmc: Got CD GPIO
[    3.152965] renesas_sdhi_internal_dmac ee100000.mmc: Got CD GPIO
[    3.158284] renesas_sdhi_internal_dmac ee160000.mmc: Got WP GPIO
[    3.160769] [drm] Initialized rcar-du 1.0.0 20130110 for feb00000.display on minor 0
[    3.160772] [drm] Device feb00000.display probed
[    3.164301] renesas_sdhi_internal_dmac ee100000.mmc: Got WP GPIO
[    3.219927] renesas_sdhi_internal_dmac ee160000.mmc: mmc2 base at 0x00000000ee160000, max clock rate 200 MHz
[    3.225188] Console: switching to colour frame buffer device 128x48
[    3.237786] renesas_sdhi_internal_dmac ee100000.mmc: mmc1 base at 0x00000000ee100000, max clock rate 200 MHz
[    3.270164] rcar-du feb00000.display: [drm] fb0: rcar-dudrmfb frame buffer device
[    3.280043] input: keys as /devices/platform/keys/input/input0
[    3.359025] Micrel KSZ9031 Gigabit PHY e6800000.ethernet-ffffffff:00: attached PHY driver [Micrel KSZ9031 Gigabit PHY] (mii_bus:phy_addr=e6800000.ethernet-ffffffff:00, )
[   10.073370] ravb e6800000.ethernet eth0: Link is Up - 1Gbps/Full - flow control off
[   10.103636] IP-Config: Guessing netmask 255.255.255.0
[   10.108799] IP-Config: Complete:
[   10.112116]      device=eth0, hwaddr=2e:09:0a:02:ea:bf, ipaddr=192.168.10.104, mask=255.255.255.0, gw=255.255.255.255
[   10.122924]      host=192.168.10.104, domain=, nis-domain=(none)
[   10.129084]      bootserver=255.255.255.255, rootserver=192.168.10.98, rootpath=
[   10.129704] ALSA device list:
[   10.140315]   #0: rcar-sound
[   11.207411] VFS: Mounted root (nfs4 filesystem) on device 0:22.
[   11.214561] devtmpfs: mounted
[   11.221249] Freeing unused kernel memory: 6144K
[   11.243739] Run /sbin/init as init process
[   11.397061] systemd[1]: System time before build time, advancing clock.
[   11.442243] NET: Registered protocol family 10
[   11.451073] Segment Routing with IPv6
[   11.477744] systemd[1]: systemd 244 running in system mode. (+PAM -AUDIT -SELINUX +IMA -APPARMOR -SMACK +SYSVINIT +UTMP -LIBCRYPTSETUP -GCRYPT -GNUTLS +ACL +XZ -LZ4 -SE)
[   11.505436] systemd[1]: Detected architecture arm64.

Welcome to Poky (Yocto Project Reference Distro) 3.1.11 (dunfell)!

[   11.537439] systemd[1]: Set hostname to <salvator-x>.
[   12.361615] random: systemd: uninitialized urandom read (16 bytes read)
[   12.372938] systemd[1]: system-getty.slice: unit configures an IP firewall, but the local system does not support BPF/cgroup firewalling.
[   12.393979] systemd[1]: (This warning is only shown for the first unit using IP firewalling.)
[   12.408562] systemd[1]: Created slice system-getty.slice.
[  OK  ] Created slice system-getty.slice.
[   12.435778] random: systemd: uninitialized urandom read (16 bytes read)
[   12.444701] systemd[1]: Created slice system-serial\x2dgetty.slice.
[  OK  ] Created slice system-serial\x2dgetty.slice.
[   12.467731] random: systemd: uninitialized urandom read (16 bytes read)
[   12.476432] systemd[1]: Created slice User and Session Slice.
[  OK  ] Created slice User and Session Slice.
[   12.499939] systemd[1]: Started Dispatch Password Requests to Console Directory Watch.
[  OK  ] Started Dispatch Password ¦…ts to Console Directory Watch.
[   12.528111] systemd[1]: Started Forward Password Requests to Wall Directory Watch.
[  OK  ] Started Forward Password R¦…uests to Wall Directory Watch.
[   12.555903] systemd[1]: Reached target Paths.
[  OK  ] Reached target Paths.
[   12.579843] systemd[1]: Reached target Remote File Systems.
[  OK  ] Reached target Remote File Systems.
[   12.603800] systemd[1]: Reached target Slices.
[  OK  ] Reached target Slices.
[   12.627801] systemd[1]: Reached target Swap.
[  OK  ] Reached target Swap.
[   12.654983] systemd[1]: Listening on RPCbind Server Activation Socket.
[  OK  ] Listening on RPCbind Server Activation Socket.
[   12.683879] systemd[1]: Reached target RPC Port Mapper.
[  OK  ] Reached target RPC Port Mapper.
[   12.708155] systemd[1]: Listening on initctl Compatibility Named Pipe.
[  OK  ] Listening on initctl Compatibility Named Pipe.
[   12.738050] systemd[1]: Listening on Journal Audit Socket.
[  OK  ] Listening on Journal Audit Socket.
[   12.765485] systemd[1]: Listening on Journal Socket (/dev/log).
[  OK  ] Listening on Journal Socket (/dev/log).
[   12.792496] systemd[1]: Listening on Journal Socket.
[  OK  ] Listening on Journal Socket.
[   12.818000] systemd[1]: Listening on Network Service Netlink Socket.
[  OK  ] Listening on Network Service Netlink Socket.
[   12.846757] systemd[1]: Listening on udev Control Socket.
[  OK  ] Listening on udev Control Socket.
[   12.872290] systemd[1]: Listening on udev Kernel Socket.
[  OK  ] Listening on udev Kernel Socket.
[   12.901285] systemd[1]: Mounting Huge Pages File System...
         Mounting Huge Pages File System...
[   12.929071] systemd[1]: Mounting POSIX Message Queue File System...
         Mounting POSIX Message Queue File System...
[   12.961006] systemd[1]: Mounting Kernel Debug File System...
         Mounting Kernel Debug File System...
[   12.990928] systemd[1]: Mounting Temporary Directory (/tmp)...
         Mounting Temporary Directory (/tmp)...
[   13.017094] systemd[1]: Condition check resulted in Create list of static device nodes for the current kernel being skipped.
[   13.037224] systemd[1]: Starting Start psplash boot splash screen...
         Starting Start psplash boot splash screen...
[   13.070194] systemd[1]: Starting RPC Bind...
         Starting RPC Bind...
[   13.093382] systemd[1]: Condition check resulted in File System Check on Root Device being skipped.
[   13.110039] systemd[1]: Starting Journal Service...
         Starting Journal Service...
[   13.135939] systemd[1]: Starting Load Kernel Modules...
         Starting Load Kernel Modules...
[   13.160458] systemd[1]: Starting Remount Root and Kernel File Systems...
         Starting Remount Root and Kernel File Systems...
[   13.179185] vspm: loading out-of-tree module taints kernel.
[   13.190889] systemd[1]: Starting udev Coldplug all Devices...
         Starting udev Coldplug all Devices...
[   13.218348] systemd[1]: Started Start psplash boot splash screen.
[  OK  ] Started Start psplash boot splash screen.
[   13.244617] systemd[1]: Started RPC Bind.
[  OK  ] Started RPC Bind.
[   13.264345] systemd[1]: Started Journal Service.
[  OK  ] Started Journal Service.
[  OK  ] Mounted Huge Pages File System.
[  OK  ] Mounted POSIX Message Queue File System.
[  OK  ] Mounted Kernel Debug File System.
[  OK  ] Mounted Temporary Directory (/tmp).
[  OK  ] Started Load Kernel Modules.
[  OK  ] Started Remount Root and Kernel File Systems.
[   13.388830] random: systemd: uninitialized urandom read (16 bytes read)
         Mounting Kerne[   13.400084] random: systemd-journal: uninitialized urandom read (16 bytes read)
l Configuration File System...
[   13.423866] random: systemd: uninitialized urandom read (16 bytes read)
[  OK  ] Started Start psplash-syst¦…progress communication helper.
         Starting Flush Journal to Persistent Storage...
         Startin[   13.482216] systemd-journald[352]: Received client request to flush runtime journal.
g Apply Kernel Variables...
         Starting Create Static Device Nodes in /dev...
[  OK  ] Mounted Kernel Configuration File System.
[  OK  ] Started Flush Journal to Persistent Storage.
[  OK  ] Started Apply Kernel Variables.
[  OK  ] Started Create Static Device Nodes in /dev.
[  OK  ] Reached target Local File Systems (Pre).
         Mounting /var/volatile...
         Starting udev Kernel Device Manager...
[  OK  ] Mounted /var/volatile.
         Starting Load/Save Random Seed...
[  OK  ] Reached target Local File Systems.
         Starting Create Volatile Files and Directories...
[  OK  ] Started udev Kernel Device Manager.
[  OK  ] Started udev Coldplug all Devices.
         Starting Network Service...
[  OK  ] Started Create Volatile Files and Directories.
         Starting Network Time Synchronization...
         Starting Update UTMP about System Boot/Shutdown...
[  OK  ] Started Update UTMP about System Boot/Shutdown.
[  OK  ] Started Network Service.
         Starting Network Name Resolution...
[  OK  ] Started Network Time Synchronization.
[  OK  ] Reached target System Initialization.
[  OK  ] Started Daily Cleanup of Temporary Directories.
[  OK  ] Reached target System Time Set.
[  OK  ] Reached target System Time Synchronized.
[  OK  ] Reached target Timers.
[  OK  ] Listening on Avahi mDNS/DNS-SD Stack Activation Socket.
[   14.160735] ravb-mch ec5a0100.avb-mch: probe: start
[  OK  ] Listening on D-Bus System Message Bus Socket.
[   14.174550] ravb_streaming/searching for ravb interface
[   14.180444] ravb_streaming/init: start(eth0)
[  OK  ] Listening on dropbear.socket.
[  OK  ] Reached target Sockets.
[   14.225195] adsp ec800000.adsp: assigned reserved memory node linux,adsp@57000000
[   14.232577] ravb-mch ec5a0100.avb-mch: probe: success
[   14.241211] adsp ec800000.adsp: virt_addr=(____ptrval____) phy_addr=0x57000000 size=16777216
[  OK  ] Reached target    14.252998] XF-IPC: ADSP rate set to 532480000
;39mBasic System.
[   14.264181] ravb_streaming/init: success
[   14.270386] XF-FW: received firmware (202922 bytes)
[   14.275370] XF-IPC: fill firmware area: 57100000[200884]
[   14.281079] XF-IPC: fill firmware area: ece80000[1992]
[   14.286603] XF: proxy-0 debug interface created
[   14.291249] XF-IPC: DSP start-up sequence completed
[   14.296840] XF: Xtensa DSP Proxy driver registered
[   14.301941] XF: client-1 created: (____ptrval____)
[   14.308056] ADSP base thread has been started.
[   14.312684] ADSP base was created
[  OK  ] Started D-Bus System Message Bus.
[  OK  ] Started optee services.
         Starting pvrinit.service...
         Starting PowerVR consumer services...
[   14.395971] random: systemd: uninitialized urandom read (16 bytes read)
         Startin[   14.411919] random: systemd-journal: uninitialized urandom read (16 bytes read)
g Login Service...
[  OK  ] Started Network Name Resolution.
[   14.455444] random: systemd: uninitialized urandom read (16 bytes read)
[   14.487645] random: crng init done
[   14.491091] random: 92 urandom warning(s) missed due to ratelimiting
[  OK  ] Started Load/Save Random Seed.
[   14.598315] PVR_K:  580: Read BVNC 4.46.6.62 from HW device registers
[   14.605007] PVR_K:  580: RGX Device registered with BVNC 4.46.6.62
[   14.611657] pvrsrvkm fd000000.gsx: Found 4 OPP points.
[   14.616832] pvrsrvkm fd000000.gsx: opp[1/4]: (200000000 Hz, 830000 uV)
[   14.623473] pvrsrvkm fd000000.gsx: opp[2/4]: (300000000 Hz, 830000 uV)
[   14.630018] pvrsrvkm fd000000.gsx: opp[3/4]: (400000000 Hz, 830000 uV)
[   14.630023] pvrsrvkm fd000000.gsx: opp[4/4]: (600000000 Hz, 830000 uV)
[   14.630043] DVFS : Changed GPU clock to 600000000 [Hz]
[   14.637207] pvrsrvkm fd000000.gsx: Direct firmware load for rgx.fw.4.46.6.62 failed with error -2
[   14.657596] pvrsrvkm fd000000.gsx: Falling back to sysfs fallback for: rgx.fw.4.46.6.62
[  OK  ] Created slice system-weston.slice.
[  OK  ] Reached target Network.
[  OK  ] Reached target Host and Network Name Lookups.
[  OK  ] Reached target Hardware activated USB gadget.
         Starting Save/Restore Sound Card State...
         Starting Avahi mDNS/DNS-SD Stack...
         Starting Permit User Sessions...
[  OK  ] Started Xinetd A Powerful Replacement For Inetd.
[  OK  ] Started Save/Restore Sound Card State.
[  OK  ] Started Permit User Sessions.
[  OK  ] Started Login Service.
[  OK  ] Started Avahi mDNS/DNS-SD Stack.
[  OK  ] Reached target Sound Card.
[  OK  ] Started Getty on tty1.
[  OK  ] Started Serial Getty on ttySC0.
[  OK  ] Reached target Login Prompts.

Poky (Yocto Project Reference Distro) 3.1.11 salvator-x ttySC0

salvator-x login: [   41.951705] SDHI0 VccQ: disabling
[   41.955056] SDHI3 VccQ: disabling
root
[   51.782725] audit: type=1006 audit(1705131427.380:2): pid=595 uid=0 old-auid=4294967295 auid=0 tty=(none) old-ses=4294967295 ses=1 res=1
root@salvator-x:~# modprobe -a mmngr mmngrbuf
[   55.128367] rgnmm_drv mmngr: assigned reserved memory node linux,multimedia@70000000
root@salvator-x:~# ./vsp2_tp_h3

## ./vsp2_tp_h3 for H3 start ( Build : Jan  9 2024 06:20:25 ) ...


>
mac run totalTest.mac
## ===================

##  'totalTest.mac' exec !!

## ===================

## success ##


MACRO>

MACRO> tt result count reset

OK    : 0

ERROR : 0

SKIP  : 0

## success ##


MACRO> tt result count start

## test result count start

## success ##


MACRO> sys rm -f ./dstData/*

## success ##


MACRO>

MACRO> tt chkmn all
@@ ----------------------------------------------

@@ Check Media = 0.0.0.1

@@ ----------------------------------------------

media       : /dev/media1

get name    : fe920000.vsp

expect name : fe920000.vsp

[R] 0.0.0.1     [ OK ]

@@ ----------------------------------------------

@@ Check Media = 0.0.0.2

@@ ----------------------------------------------

media       : /dev/media2

get name    : fe960000.vsp

expect name : fe960000.vsp

[R] 0.0.0.2     [ OK ]

@@ ----------------------------------------------

@@ Check Media = 0.0.0.3

@@ ----------------------------------------------

media       : /dev/media3

get name    : fe9a0000.vsp

expect name : fe9a0000.vsp

[R] 0.0.0.3     [ OK ]

@@ ----------------------------------------------

@@ Check Media = 0.0.0.4

@@ ----------------------------------------------

media       : /dev/media4

get name    : fe9b0000.vsp

expect name : fe9b0000.vsp

[R] 0.0.0.4     [ OK ]

## success ##


MACRO>

MACRO> tt media 1


driver name is [fe920000.vsp]



- dev rpf.0   = /dev/video8

- dev rpf.1   = /dev/video9

- dev rpf.2   = /dev/video10

- dev rpf.3   = /dev/video11

- dev rpf.4   = /dev/video12

- dev wpf.0   = /dev/video13



- bru   = /dev/v4l-subdev6

- lut   = /dev/v4l-subdev7

- clu   = /dev/v4l-subdev8

- hgo   = /dev/v4l-subdev9

- rpf.0 = /dev/v4l-subdev10

- rpf.1 = /dev/v4l-subdev11

- rpf.2 = /dev/v4l-subdev12

- rpf.3 = /dev/v4l-subdev13

- rpf.4 = /dev/v4l-subdev14

- wpf.0 = /dev/v4l-subdev15


## change media ##

  soc:vsp2@vspmvspb0  ->  fe920000.vsp


## success ##


MACRO> tt all

[R] ---------------------------------------------

[R] tt all / start Sat Jan 13 07:37:35 2024

[R] Current Media : [ fe920000.vsp ]

[R] ---------------------------------------------



@@ ----------------------------------------------

@@ test name = rpf

@@ ----------------------------------------------

@@ ----------------------------------------------

@@ RPF = 1.1.1.1

@@ ----------------------------------------------

device open = /dev/video8

device open = /dev/video13

Input  File = 1280_720_420sp.yuv

Output File = nothing


----------------------

TotalTime           =  125.05 ms

   > ProcessingTime =    1.52 ms

     WaitTime       =    1.30 ms

     DevOpenTime    =    1.38 ms

     DevCloseTime   =    0.59 ms

     ReadTime       =   17.53 ms

     WriteTime      =    0.00 ms

     CheckSumTime   =   96.52 ms

     OtherTime      =    7.51 ms

----------------------

[R] 1.1.1.1     [ OK ]

@@ ----------------------------------------------

@@ RPF = 1.1.1.2

@@ ----------------------------------------------

device open = /dev/video8

device open = /dev/video13

Input  File = 1280_720_ARGB32.argb

Output File = nothing


----------------------

TotalTime           =   85.81 ms

   > ProcessingTime =    1.45 ms

     WaitTime       =    1.29 ms

     DevOpenTime    =    1.34 ms

     DevCloseTime   =    0.47 ms

     ReadTime       =   56.90 ms

     WriteTime      =    0.00 ms

     CheckSumTime   =   19.62 ms

     OtherTime      =    6.03 ms

----------------------

[R] 1.1.1.2     [ OK ]

@@ ----------------------------------------------

@@ RPF = 1.1.1.3

@@ ----------------------------------------------

device open = /dev/video8

device open = /dev/video13

Input  File = 1280_720_ARGB32.argb

Output File = nothing


----------------------

TotalTime           =   74.85 ms

   > ProcessingTime =    1.65 ms

     WaitTime       =    1.48 ms

     DevOpenTime    =    1.29 ms

     DevCloseTime   =    0.46 ms

     ReadTime       =    8.51 ms

     WriteTime      =    0.00 ms

     CheckSumTime   =   56.69 ms

     OtherTime      =    6.25 ms

----------------------

[R] 1.1.1.3     [ OK ]

@@ ----------------------------------------------

@@ RPF = 1.1.1.4

@@ ----------------------------------------------

device open = /dev/video8

device open = /dev/video13

Input  File = 1280_720_ARGB32.argb

Output File = nothing


----------------------

TotalTime           =   51.80 ms

   > ProcessingTime =    1.56 ms

     WaitTime       =    1.41 ms

     DevOpenTime    =    1.17 ms

     DevCloseTime   =    0.54 ms

     ReadTime       =    3.86 ms

     WriteTime      =    0.00 ms

     CheckSumTime   =   39.19 ms

     OtherTime      =    5.49 ms

----------------------

[R] 1.1.1.4     [ OK ]

@@ ----------------------------------------------

@@ RPF = 1.1.1.5

@@ ----------------------------------------------

device open = /dev/video8

device open = /dev/video13

Input  File = 1280_720_ARGB32.argb

Output File = nothing


----------------------

TotalTime           =   52.26 ms

   > ProcessingTime =    1.74 ms

     WaitTime       =    1.59 ms

     DevOpenTime    =    1.46 ms

     DevCloseTime   =    0.55 ms

     ReadTime       =    3.72 ms

     WriteTime      =    0.00 ms

     CheckSumTime   =   39.16 ms

     OtherTime      =    5.62 ms

----------------------

[R] 1.1.1.5     [ OK ]

@@ ----------------------------------------------

@@ RPF = 1.1.1.6

@@ ----------------------------------------------

device open = /dev/video8

device open = /dev/video13

Input  File = 1280_720_ARGB32.argb

Output File = nothing


----------------------

TotalTime           =   51.92 ms

   > ProcessingTime =    1.74 ms

     WaitTime       =    1.59 ms

     DevOpenTime    =    1.15 ms

     DevCloseTime   =    0.55 ms

     ReadTime       =    3.77 ms

     WriteTime      =    0.00 ms

     CheckSumTime   =   39.20 ms

     OtherTime      =    5.52 ms

----------------------

[R] 1.1.1.6     [ OK ]

@@ ----------------------------------------------

@@ RPF = 1.1.1.7

@@ ----------------------------------------------

device open = /dev/video8

device open = /dev/video13

Input  File = 1280_720_ARGB32.argb

Output File = nothing


----------------------

TotalTime           =   51.66 ms

   > ProcessingTime =    1.54 ms

     WaitTime       =    1.39 ms

     DevOpenTime    =    1.14 ms

     DevCloseTime   =    0.54 ms

     ReadTime       =    3.74 ms

     WriteTime      =    0.00 ms

     CheckSumTime   =   39.20 ms

     OtherTime      =    5.49 ms

----------------------

[R] 1.1.1.7     [ OK ]

@@ ----------------------------------------------

@@ RPF = 1.1.1.8

@@ ----------------------------------------------

device open = /dev/video8

device open = /dev/video13

Input  File = 1280_720_ARGB32.argb

Output File = nothing


----------------------

TotalTime           =   71.74 ms

   > ProcessingTime =    1.66 ms

     WaitTime       =    1.50 ms

     DevOpenTime    =    1.20 ms

     DevCloseTime   =    0.55 ms

     ReadTime       =    3.68 ms

     WriteTime      =    0.00 ms

     CheckSumTime   =   58.75 ms

     OtherTime      =    5.90 ms

----------------------

[R] 1.1.1.8     [ OK ]

@@ ----------------------------------------------

@@ RPF = 1.1.1.9

@@ ----------------------------------------------

device open = /dev/video8

device open = /dev/video13

Input  File = 1280_720_ARGB32.argb

Output File = nothing


----------------------

TotalTime           =   71.62 ms

   > ProcessingTime =    1.54 ms

     WaitTime       =    1.39 ms

     DevOpenTime    =    1.18 ms

     DevCloseTime   =    0.56 ms

     ReadTime       =    3.73 ms

     WriteTime      =    0.00 ms

     CheckSumTime   =   58.72 ms

     OtherTime      =    5.89 ms

----------------------

[R] 1.1.1.9     [ OK ]

@@ ----------------------------------------------

@@ RPF = 1.1.1.10

@@ ----------------------------------------------

device open = /dev/video8

device open = /dev/video13

Input  File = 1280_720_ARGB32.argb

Output File = nothing


----------------------

TotalTime           =   92.00 ms

   > ProcessingTime =    1.74 ms

     WaitTime       =    1.59 ms

     DevOpenTime    =    1.47 ms

     DevCloseTime   =    0.57 ms

     ReadTime       =    3.73 ms

     WriteTime      =    0.00 ms

     CheckSumTime   =   78.25 ms

     OtherTime      =    6.25 ms

----------------------

[R] 1.1.1.10    [ OK ]

@@ ----------------------------------------------

@@ RPF = 1.1.1.11

@@ ----------------------------------------------

device open = /dev/video8

device open = /dev/video13

Input  File = 1280_720_ARGB32.argb

Output File = nothing


----------------------

TotalTime           =   92.03 ms

   > ProcessingTime =    1.65 ms

     WaitTime       =    1.49 ms

     DevOpenTime    =    1.45 ms

     DevCloseTime   =    0.57 ms

     ReadTime       =    3.72 ms

     WriteTime      =    0.00 ms

     CheckSumTime   =   78.34 ms

     OtherTime      =    6.30 ms

----------------------

[R] 1.1.1.11    [ OK ]

@@ ----------------------------------------------

@@ RPF = 1.1.1.12

@@ ----------------------------------------------

device open = /dev/video8

device open = /dev/video13

Input  File = 1280_720_ARGB32.argb

Output File = nothing


----------------------

TotalTime           =   91.31 ms

   > ProcessingTime =    1.64 ms

     WaitTime       =    1.49 ms

     DevOpenTime    =    1.04 ms

     DevCloseTime   =    0.45 ms

     ReadTime       =    3.77 ms

     WriteTime      =    0.00 ms

     CheckSumTime   =   78.24 ms

     OtherTime      =    6.15 ms

----------------------

[R] 1.1.1.12    [ OK ]

@@ ----------------------------------------------

@@ RPF = 1.1.1.13

@@ ----------------------------------------------

device open = /dev/video8

device open = /dev/video13

Input  File = 1280_720_ARGB32.argb

Output File = nothing


----------------------

TotalTime           =   91.39 ms

   > ProcessingTime =    1.62 ms

     WaitTime       =    1.46 ms

     DevOpenTime    =    1.13 ms

     DevCloseTime   =    0.55 ms

     ReadTime       =    3.78 ms

     WriteTime      =    0.00 ms

     CheckSumTime   =   78.23 ms

     OtherTime      =    6.08 ms

----------------------

[R] 1.1.1.13    [ OK ]

@@ ----------------------------------------------

@@ RPF = 1.1.1.14

@@ ----------------------------------------------

device open = /dev/video8

device open = /dev/video13

Input  File = 1280_720_ARGB32.argb

Output File = nothing


----------------------

TotalTime           =   91.82 ms

   > ProcessingTime =    1.74 ms

     WaitTime       =    1.58 ms

     DevOpenTime    =    1.45 ms

     DevCloseTime   =    0.56 ms

     ReadTime       =    3.75 ms

     WriteTime      =    0.00 ms

     CheckSumTime   =   78.26 ms

     OtherTime      =    6.07 ms

----------------------

[R] 1.1.1.14    [ OK ]

@@ ----------------------------------------------

@@ RPF = 1.1.1.15

@@ ----------------------------------------------

device open = /dev/video8

device open = /dev/video13

Input  File = 1280_720_ARGB32.argb

Output File = nothing


----------------------

TotalTime           =   91.79 ms

   > ProcessingTime =    1.74 ms

     WaitTime       =    1.58 ms

     DevOpenTime    =    1.21 ms

     DevCloseTime   =    0.57 ms

     ReadTime       =    3.80 ms

     WriteTime      =    0.00 ms

     CheckSumTime   =   78.23 ms

     OtherTime      =    6.24 ms

----------------------

[R] 1.1.1.15    [ OK ]

@@ ----------------------------------------------

@@ RPF = 1.1.1.16

@@ ----------------------------------------------

device open = /dev/video8

device open = /dev/video13

Input  File = 1280_720_ARGB32.argb

Output File = nothing


----------------------

TotalTime           =   52.23 ms

   > ProcessingTime =    1.75 ms

     WaitTime       =    1.59 ms

     DevOpenTime    =    1.37 ms

     DevCloseTime   =    0.55 ms

     ReadTime       =    3.76 ms

     WriteTime      =    0.00 ms

     CheckSumTime   =   39.19 ms

     OtherTime      =    5.62 ms

----------------------

[R] 1.1.1.16    [ OK ]

@@ ----------------------------------------------

@@ RPF = 1.1.1.17

@@ ----------------------------------------------

device open = /dev/video8

device open = /dev/video13

Input  File = 1280_720_ARGB32.argb

Output File = nothing


----------------------

TotalTime           =   51.97 ms

   > ProcessingTime =    1.75 ms

     WaitTime       =    1.59 ms

     DevOpenTime    =    1.16 ms

     DevCloseTime   =    0.54 ms

     ReadTime       =    3.76 ms

     WriteTime      =    0.00 ms

     CheckSumTime   =   39.20 ms

     OtherTime      =    5.56 ms

----------------------

[R] 1.1.1.17    [ OK ]

@@ ----------------------------------------------

@@ RPF = 1.1.1.18

@@ ----------------------------------------------

device open = /dev/video8

device open = /dev/video13

Input  File = 1280_720_ARGB32.argb

Output File = nothing


----------------------

TotalTime           =   51.87 ms

   > ProcessingTime =    1.66 ms

     WaitTime       =    1.50 ms

     DevOpenTime    =    1.14 ms

     DevCloseTime   =    0.54 ms

     ReadTime       =    3.77 ms

     WriteTime      =    0.00 ms

     CheckSumTime   =   39.19 ms

     OtherTime      =    5.58 ms

----------------------

[R] 1.1.1.18    [ OK ]

@@ ----------------------------------------------

@@ RPF = 1.1.1.19

@@ ----------------------------------------------

device open = /dev/video8

device open = /dev/video13

Input  File = 1280_720_ARGB32.argb

Output File = nothing


----------------------

TotalTime           =   52.19 ms

   > ProcessingTime =    1.65 ms

     WaitTime       =    1.49 ms

     DevOpenTime    =    1.37 ms

     DevCloseTime   =    0.56 ms

     ReadTime       =    3.74 ms

     WriteTime      =    0.00 ms

     CheckSumTime   =   39.23 ms

     OtherTime      =    5.64 ms

----------------------

[R] 1.1.1.19    [ OK ]

@@ ----------------------------------------------

@@ RPF = 1.1.1.20

@@ ----------------------------------------------

device open = /dev/video8

device open = /dev/video13

Input  File = 1280_720_ARGB32.argb

Output File = nothing


----------------------

TotalTime           =   42.06 ms

   > ProcessingTime =    1.54 ms

     WaitTime       =    1.40 ms

     DevOpenTime    =    1.18 ms

     DevCloseTime   =    0.56 ms

     ReadTime       =    3.71 ms

     WriteTime      =    0.00 ms

     CheckSumTime   =   29.42 ms

     OtherTime      =    5.66 ms

----------------------

[R] 1.1.1.20    [ OK ]

@@ ----------------------------------------------

@@ RPF = 1.1.1.21

@@ ----------------------------------------------

device open = /dev/video8

device open = /dev/video13

Input  File = 1280_720_ARGB32.argb

Output File = nothing


----------------------

TotalTime           =   42.48 ms

   > ProcessingTime =    1.76 ms

     WaitTime       =    1.60 ms

     DevOpenTime    =    1.45 ms

     DevCloseTime   =    0.54 ms

     ReadTime       =    3.72 ms

     WriteTime      =    0.00 ms

     CheckSumTime   =   29.41 ms

     OtherTime      =    5.60 ms

----------------------

[R] 1.1.1.21    [ OK ]

@@ ----------------------------------------------

@@ RPF = 1.1.1.22

@@ ----------------------------------------------

device open = /dev/video8

device open = /dev/video13

Input  File = 1280_720_ARGB32.argb

Output File = nothing


----------------------

TotalTime           =   52.83 ms

   > ProcessingTime =    1.75 ms

     WaitTime       =    1.59 ms

     DevOpenTime    =    1.45 ms

     DevCloseTime   =    0.54 ms

     ReadTime       =    3.80 ms

     WriteTime      =    0.00 ms

     CheckSumTime   =   39.19 ms

     OtherTime      =    6.10 ms

----------------------

[R] 1.1.1.22    [ OK ]

@@ ----------------------------------------------

@@ RPF = 1.1.1.23

@@ ----------------------------------------------

device open = /dev/video8

device open = /dev/video13

Input  File = 1280_720_ARGB32.argb

Output File = nothing


----------------------

TotalTime           =   52.40 ms

   > ProcessingTime =    1.65 ms

     WaitTime       =    1.49 ms

     DevOpenTime    =    1.39 ms

     DevCloseTime   =    0.56 ms

     ReadTime       =    3.78 ms

     WriteTime      =    0.00 ms

     CheckSumTime   =   39.23 ms

     OtherTime      =    5.79 ms

----------------------

[R] 1.1.1.23    [ OK ]

@@ ----------------------------------------------

@@ RPF = 1.1.1.24

@@ ----------------------------------------------

device open = /dev/video8

device open = /dev/video13

Input  File = 1280_720_ARGB32.argb

Output File = nothing


----------------------

TotalTime           =   42.23 ms

   > ProcessingTime =    1.66 ms

     WaitTime       =    1.50 ms

     DevOpenTime    =    1.16 ms

     DevCloseTime   =    0.54 ms

     ReadTime       =    3.69 ms

     WriteTime      =    0.00 ms

     CheckSumTime   =   29.43 ms

     OtherTime      =    5.75 ms

----------------------

[R] 1.1.1.24    [ OK ]

@@ ----------------------------------------------

@@ RPF = 1.1.1.25

@@ ----------------------------------------------

device open = /dev/video8

device open = /dev/video13

Input  File = 1280_720_ARGB32.argb

Output File = nothing


----------------------

TotalTime           =   42.54 ms

   > ProcessingTime =    1.76 ms

     WaitTime       =    1.59 ms

     DevOpenTime    =    1.38 ms

     DevCloseTime   =    0.56 ms

     ReadTime       =    3.74 ms

     WriteTime      =    0.00 ms

     CheckSumTime   =   29.43 ms

     OtherTime      =    5.69 ms

----------------------

[R] 1.1.1.25    [ OK ]

@@ ----------------------------------------------

@@ RPF = 1.1.1.26

@@ ----------------------------------------------

device open = /dev/video8

device open = /dev/video13

Input  File = 1280_720_ARGB32.argb

Output File = nothing


----------------------

TotalTime           =   51.77 ms

   > ProcessingTime =    1.45 ms

     WaitTime       =    1.29 ms

     DevOpenTime    =    1.18 ms

     DevCloseTime   =    0.55 ms

     ReadTime       =    3.73 ms

     WriteTime      =    0.00 ms

     CheckSumTime   =   39.15 ms

     OtherTime      =    5.71 ms

----------------------

[R] 1.1.1.26    [ OK ]

@@ ----------------------------------------------

@@ RPF = 1.1.1.27

@@ ----------------------------------------------

device open = /dev/video8

device open = /dev/video13

Input  File = 1280_720_ARGB32.argb

Output File = nothing


----------------------

TotalTime           =   52.01 ms

   > ProcessingTime =    1.63 ms

     WaitTime       =    1.47 ms

     DevOpenTime    =    1.05 ms

     DevCloseTime   =    0.55 ms

     ReadTime       =    3.79 ms

     WriteTime      =    0.00 ms

     CheckSumTime   =   39.21 ms

     OtherTime      =    5.78 ms

----------------------

[R] 1.1.1.27    [ OK ]

@@ ----------------------------------------------

@@ RPF = 1.1.1.28

@@ ----------------------------------------------

device open = /dev/video8

device open = /dev/video13

Input  File = 1280_720_ARGB32.argb

Output File = nothing


----------------------

TotalTime           =   72.47 ms

   > ProcessingTime =    1.66 ms

     WaitTime       =    1.49 ms

     DevOpenTime    =    1.37 ms

     DevCloseTime   =    0.55 ms

     ReadTime       =    3.78 ms

     WriteTime      =    0.00 ms

     CheckSumTime   =   58.77 ms

     OtherTime      =    6.33 ms

----------------------

[R] 1.1.1.28    [ OK ]

@@ ----------------------------------------------

@@ RPF = 1.1.1.29

@@ ----------------------------------------------

device open = /dev/video8

device open = /dev/video13

Input  File = 1280_720_ARGB32.argb

Output File = nothing


----------------------

TotalTime           =   71.97 ms

   > ProcessingTime =    1.67 ms

     WaitTime       =    1.50 ms

     DevOpenTime    =    1.15 ms

     DevCloseTime   =    0.55 ms

     ReadTime       =    3.71 ms

     WriteTime      =    0.00 ms

     CheckSumTime   =   58.71 ms

     OtherTime      =    6.18 ms

----------------------

[R] 1.1.1.29    [ OK ]

## success ##


@@ SUCCESS !! / test name = rpf



@@ ----------------------------------------------

@@ test name = wpf

@@ ----------------------------------------------

@@ ----------------------------------------------

@@ WPF = 1.1.2.1

@@ ----------------------------------------------

device open = /dev/video8

device open = /dev/video13

Input  File = 1280_720_420sp.yuv

Output File = nothing


----------------------

TotalTime           =   90.13 ms

   > ProcessingTime =    1.74 ms

     WaitTime       =    1.58 ms

     DevOpenTime    =    1.14 ms

     DevCloseTime   =    0.53 ms

     ReadTime       =    2.61 ms

     WriteTime      =    0.00 ms

     CheckSumTime   =   78.25 ms

     OtherTime      =    5.86 ms

----------------------

[R] 1.1.2.1     [ OK ]

@@ ----------------------------------------------

@@ WPF = 1.1.2.2

@@ ----------------------------------------------

device open = /dev/video8

device open = /dev/video13

Input  File = 1280_720_ARGB32.argb

Output File = nothing


----------------------

TotalTime           =   32.58 ms

   > ProcessingTime =    1.66 ms

     WaitTime       =    1.49 ms

     DevOpenTime    =    1.36 ms

     DevCloseTime   =    0.55 ms

     ReadTime       =    3.85 ms

     WriteTime      =    0.00 ms

     CheckSumTime   =   19.68 ms

     OtherTime      =    5.48 ms

----------------------

[R] 1.1.2.2     [ OK ]

@@ ----------------------------------------------

@@ WPF = 1.1.2.3

@@ ----------------------------------------------

device open = /dev/video8

device open = /dev/video13

Input  File = 1280_720_ARGB32.argb

Output File = nothing


----------------------

TotalTime           =   51.84 ms

   > ProcessingTime =    1.66 ms

     WaitTime       =    1.50 ms

     DevOpenTime    =    1.09 ms

     DevCloseTime   =    0.55 ms

     ReadTime       =    3.73 ms

     WriteTime      =    0.00 ms

     CheckSumTime   =   39.21 ms

     OtherTime      =    5.59 ms

----------------------

[R] 1.1.2.3     [ OK ]

@@ ----------------------------------------------

@@ WPF = 1.1.2.4

@@ ----------------------------------------------

device open = /dev/video8

device open = /dev/video13

Input  File = 1280_720_ARGB32.argb

Output File = nothing


----------------------

TotalTime           =   52.34 ms

   > ProcessingTime =    1.76 ms

     WaitTime       =    1.60 ms

     DevOpenTime    =    1.48 ms

     DevCloseTime   =    0.55 ms

     ReadTime       =    3.72 ms

     WriteTime      =    0.00 ms

     CheckSumTime   =   39.20 ms

     OtherTime      =    5.63 ms

----------------------

[R] 1.1.2.4     [ OK ]

@@ ----------------------------------------------

@@ WPF = 1.1.2.5

@@ ----------------------------------------------

device open = /dev/video8

device open = /dev/video13

Input  File = 1280_720_ARGB32.argb

Output File = nothing


----------------------

TotalTime           =   52.34 ms

   > ProcessingTime =    1.74 ms

     WaitTime       =    1.58 ms

     DevOpenTime    =    1.39 ms

     DevCloseTime   =    0.54 ms

     ReadTime       =    3.79 ms

     WriteTime      =    0.00 ms

     CheckSumTime   =   39.21 ms

     OtherTime      =    5.66 ms

----------------------

[R] 1.1.2.5     [ OK ]

@@ ----------------------------------------------

@@ WPF = 1.1.2.6

@@ ----------------------------------------------

device open = /dev/video8

device open = /dev/video13

Input  File = 1280_720_ARGB32.argb

Output File = nothing


----------------------

TotalTime           =   52.34 ms

   > ProcessingTime =    1.65 ms

     WaitTime       =    1.49 ms

     DevOpenTime    =    1.44 ms

     DevCloseTime   =    0.56 ms

     ReadTime       =    3.77 ms

     WriteTime      =    0.00 ms

     CheckSumTime   =   39.31 ms

     OtherTime      =    5.61 ms

----------------------

[R] 1.1.2.6     [ OK ]

@@ ----------------------------------------------

@@ WPF = 1.1.2.7

@@ ----------------------------------------------

device open = /dev/video8

device open = /dev/video13

Input  File = 1280_720_ARGB32.argb

Output File = nothing


----------------------

TotalTime           =   51.82 ms

   > ProcessingTime =    1.64 ms

     WaitTime       =    1.48 ms

     DevOpenTime    =    1.15 ms

     DevCloseTime   =    0.52 ms

     ReadTime       =    3.77 ms

     WriteTime      =    0.00 ms

     CheckSumTime   =   39.19 ms

     OtherTime      =    5.54 ms

----------------------

[R] 1.1.2.7     [ OK ]

@@ ----------------------------------------------

@@ WPF = 1.1.2.8

@@ ----------------------------------------------

device open = /dev/video8

device open = /dev/video13

Input  File = 1280_720_ARGB32.argb

Output File = nothing


----------------------

TotalTime           =   71.47 ms

   > ProcessingTime =    1.64 ms

     WaitTime       =    1.48 ms

     DevOpenTime    =    1.03 ms

     DevCloseTime   =    0.54 ms

     ReadTime       =    3.77 ms

     WriteTime      =    0.00 ms

     CheckSumTime   =   58.72 ms

     OtherTime      =    5.79 ms

----------------------

[R] 1.1.2.8     [ OK ]

@@ ----------------------------------------------

@@ WPF = 1.1.2.9

@@ ----------------------------------------------

device open = /dev/video8

device open = /dev/video13

Input  File = 1280_720_ARGB32.argb

Output File = nothing


----------------------

TotalTime           =   71.52 ms

   > ProcessingTime =    1.61 ms

     WaitTime       =    1.45 ms

     DevOpenTime    =    1.13 ms

     DevCloseTime   =    0.54 ms

     ReadTime       =    3.74 ms

     WriteTime      =    0.00 ms

     CheckSumTime   =   58.70 ms

     OtherTime      =    5.79 ms

----------------------

[R] 1.1.2.9     [ OK ]

@@ ----------------------------------------------

@@ WPF = 1.1.2.10

@@ ----------------------------------------------

device open = /dev/video8

device open = /dev/video13

Input  File = 1280_720_ARGB32.argb

Output File = nothing


----------------------

TotalTime           =   91.40 ms

   > ProcessingTime =    1.64 ms

     WaitTime       =    1.48 ms

     DevOpenTime    =    1.05 ms

     DevCloseTime   =    0.56 ms

     ReadTime       =    3.79 ms

     WriteTime      =    0.00 ms

     CheckSumTime   =   78.25 ms

     OtherTime      =    6.10 ms

----------------------

[R] 1.1.2.10    [ OK ]

@@ ----------------------------------------------

@@ WPF = 1.1.2.11

@@ ----------------------------------------------

device open = /dev/video8

device open = /dev/video13

Input  File = 1280_720_ARGB32.argb

Output File = nothing


----------------------

TotalTime           =   91.48 ms

   > ProcessingTime =    1.65 ms

     WaitTime       =    1.49 ms

     DevOpenTime    =    1.03 ms

     DevCloseTime   =    0.55 ms

     ReadTime       =    3.75 ms

     WriteTime      =    0.00 ms

     CheckSumTime   =   78.25 ms

     OtherTime      =    6.25 ms

----------------------

[R] 1.1.2.11    [ OK ]

@@ ----------------------------------------------

@@ WPF = 1.1.2.12

@@ ----------------------------------------------

device open = /dev/video8

device open = /dev/video13

Input  File = 1280_720_ARGB32.argb

Output File = nothing


----------------------

TotalTime           =   91.82 ms

   > ProcessingTime =    1.74 ms

     WaitTime       =    1.58 ms

     DevOpenTime    =    1.35 ms

     DevCloseTime   =    0.57 ms

     ReadTime       =    3.73 ms

     WriteTime      =    0.00 ms

     CheckSumTime   =   78.25 ms

     OtherTime      =    6.17 ms

----------------------

[R] 1.1.2.12    [ OK ]

@@ ----------------------------------------------

@@ WPF = 1.1.2.13

@@ ----------------------------------------------

device open = /dev/video8

device open = /dev/video13

Input  File = 1280_720_ARGB32.argb

Output File = nothing


----------------------

TotalTime           =   91.84 ms

   > ProcessingTime =    1.65 ms

     WaitTime       =    1.49 ms

     DevOpenTime    =    1.28 ms

     DevCloseTime   =    0.56 ms

     ReadTime       =    3.78 ms

     WriteTime      =    0.00 ms

     CheckSumTime   =   78.34 ms

     OtherTime      =    6.23 ms

----------------------

[R] 1.1.2.13    [ OK ]

@@ ----------------------------------------------

@@ WPF = 1.1.2.14

@@ ----------------------------------------------

device open = /dev/video8

device open = /dev/video13

Input  File = 1280_720_ARGB32.argb

Output File = nothing


----------------------

TotalTime           =   92.19 ms

   > ProcessingTime =    1.77 ms

     WaitTime       =    1.60 ms

     DevOpenTime    =    1.36 ms

     DevCloseTime   =    0.86 ms

     ReadTime       =    3.77 ms

     WriteTime      =    0.00 ms

     CheckSumTime   =   78.23 ms

     OtherTime      =    6.20 ms

----------------------

[R] 1.1.2.14    [ OK ]

@@ ----------------------------------------------

@@ WPF = 1.1.2.15

@@ ----------------------------------------------

device open = /dev/video8

device open = /dev/video13

Input  File = 1280_720_ARGB32.argb

Output File = nothing


----------------------

TotalTime           =   91.56 ms

   > ProcessingTime =    1.75 ms

     WaitTime       =    1.59 ms

     DevOpenTime    =    1.12 ms

     DevCloseTime   =    0.58 ms

     ReadTime       =    3.75 ms

     WriteTime      =    0.00 ms

     CheckSumTime   =   78.24 ms

     OtherTime      =    6.11 ms

----------------------

[R] 1.1.2.15    [ OK ]

@@ ----------------------------------------------

@@ WPF = 1.1.2.16

@@ ----------------------------------------------

device open = /dev/video8

device open = /dev/video13

Input  File = 1280_720_ARGB32.argb

Output File = nothing


----------------------

TotalTime           =   51.92 ms

   > ProcessingTime =    1.75 ms

     WaitTime       =    1.59 ms

     DevOpenTime    =    1.14 ms

     DevCloseTime   =    0.56 ms

     ReadTime       =    3.78 ms

     WriteTime      =    0.00 ms

     CheckSumTime   =   39.20 ms

     OtherTime      =    5.50 ms

----------------------

[R] 1.1.2.16    [ OK ]

@@ ----------------------------------------------

@@ WPF = 1.1.2.17

@@ ----------------------------------------------

device open = /dev/video8

device open = /dev/video13

Input  File = 1280_720_ARGB32.argb

Output File = nothing


----------------------

TotalTime           =   52.21 ms

   > ProcessingTime =    1.65 ms

     WaitTime       =    1.49 ms

     DevOpenTime    =    1.36 ms

     DevCloseTime   =    0.56 ms

     ReadTime       =    3.77 ms

     WriteTime      =    0.00 ms

     CheckSumTime   =   39.21 ms

     OtherTime      =    5.67 ms

----------------------

[R] 1.1.2.17    [ OK ]

@@ ----------------------------------------------

@@ WPF = 1.1.2.18

@@ ----------------------------------------------

device open = /dev/video8

device open = /dev/video13

Input  File = 1280_720_ARGB32.argb

Output File = nothing


----------------------

TotalTime           =   51.69 ms

   > ProcessingTime =    1.58 ms

     WaitTime       =    1.42 ms

     DevOpenTime    =    1.16 ms

     DevCloseTime   =    0.55 ms

     ReadTime       =    3.67 ms

     WriteTime      =    0.00 ms

     CheckSumTime   =   39.14 ms

     OtherTime      =    5.59 ms

----------------------

[R] 1.1.2.18    [ OK ]

@@ ----------------------------------------------

@@ WPF = 1.1.2.19

@@ ----------------------------------------------

device open = /dev/video8

device open = /dev/video13

Input  File = 1280_720_ARGB32.argb

Output File = nothing


----------------------

TotalTime           =   52.10 ms

   > ProcessingTime =    1.75 ms

     WaitTime       =    1.59 ms

     DevOpenTime    =    1.38 ms

     DevCloseTime   =    0.55 ms

     ReadTime       =    3.60 ms

     WriteTime      =    0.00 ms

     CheckSumTime   =   39.20 ms

     OtherTime      =    5.63 ms

----------------------

[R] 1.1.2.19    [ OK ]

@@ ----------------------------------------------

@@ WPF = 1.1.2.20

@@ ----------------------------------------------

device open = /dev/video8

device open = /dev/video13

Input  File = 1280_720_ARGB32.argb

Output File = nothing


----------------------

TotalTime           =   41.81 ms

   > ProcessingTime =    1.58 ms

     WaitTime       =    1.40 ms

     DevOpenTime    =    1.15 ms

     DevCloseTime   =    0.55 ms

     ReadTime       =    3.60 ms

     WriteTime      =    0.00 ms

     CheckSumTime   =   29.43 ms

     OtherTime      =    5.51 ms

----------------------

[R] 1.1.2.20    [ OK ]

@@ ----------------------------------------------

@@ WPF = 1.1.2.21

@@ ----------------------------------------------

device open = /dev/video8

device open = /dev/video13

Input  File = 1280_720_ARGB32.argb

Output File = nothing


----------------------

TotalTime           =   42.11 ms

   > ProcessingTime =    1.74 ms

     WaitTime       =    1.57 ms

     DevOpenTime    =    1.13 ms

     DevCloseTime   =    0.54 ms

     ReadTime       =    3.74 ms

     WriteTime      =    0.00 ms

     CheckSumTime   =   29.43 ms

     OtherTime      =    5.53 ms

----------------------

[R] 1.1.2.21    [ OK ]

@@ ----------------------------------------------

@@ WPF = 1.1.2.22

@@ ----------------------------------------------

device open = /dev/video8

device open = /dev/video13

Input  File = 1280_720_ARGB32.argb

Output File = nothing


----------------------

TotalTime           =   51.88 ms

   > ProcessingTime =    1.65 ms

     WaitTime       =    1.48 ms

     DevOpenTime    =    1.13 ms

     DevCloseTime   =    0.55 ms

     ReadTime       =    3.68 ms

     WriteTime      =    0.00 ms

     CheckSumTime   =   39.20 ms

     OtherTime      =    5.68 ms

----------------------

[R] 1.1.2.22    [ OK ]

@@ ----------------------------------------------

@@ WPF = 1.1.2.23

@@ ----------------------------------------------

device open = /dev/video8

device open = /dev/video13

Input  File = 1280_720_ARGB32.argb

Output File = nothing


----------------------

TotalTime           =   51.84 ms

   > ProcessingTime =    1.64 ms

     WaitTime       =    1.48 ms

     DevOpenTime    =    1.10 ms

     DevCloseTime   =    0.54 ms

     ReadTime       =    3.69 ms

     WriteTime      =    0.00 ms

     CheckSumTime   =   39.20 ms

     OtherTime      =    5.67 ms

----------------------

[R] 1.1.2.23    [ OK ]

@@ ----------------------------------------------

@@ WPF = 1.1.2.24

@@ ----------------------------------------------

device open = /dev/video8

device open = /dev/video13

Input  File = 1280_720_ARGB32.argb

Output File = nothing


----------------------

TotalTime           =   42.03 ms

   > ProcessingTime =    1.55 ms

     WaitTime       =    1.39 ms

     DevOpenTime    =    1.13 ms

     DevCloseTime   =    0.45 ms

     ReadTime       =    3.78 ms

     WriteTime      =    0.00 ms

     CheckSumTime   =   29.44 ms

     OtherTime      =    5.68 ms

----------------------

[R] 1.1.2.24    [ OK ]

@@ ----------------------------------------------

@@ WPF = 1.1.2.25

@@ ----------------------------------------------

device open = /dev/video8

device open = /dev/video13

Input  File = 1280_720_ARGB32.argb

Output File = nothing


----------------------

TotalTime           =   63.77 ms

   > ProcessingTime =    1.84 ms

     WaitTime       =    1.65 ms

     DevOpenTime    =    1.50 ms

     DevCloseTime   =    0.45 ms

     ReadTime       =    5.70 ms

     WriteTime      =    0.00 ms

     CheckSumTime   =   47.29 ms

     OtherTime      =    7.00 ms

----------------------

[R] 1.1.2.25    [ OK ]

@@ ----------------------------------------------

@@ WPF = 1.1.2.26

@@ ----------------------------------------------

device open = /dev/video8

device open = /dev/video13

Input  File = 1280_720_ARGB32.argb

Output File = nothing


----------------------

TotalTime           =   52.08 ms

   > ProcessingTime =    1.56 ms

     WaitTime       =    1.41 ms

     DevOpenTime    =    1.25 ms

     DevCloseTime   =    0.55 ms

     ReadTime       =    3.68 ms

     WriteTime      =    0.00 ms

     CheckSumTime   =   39.20 ms

     OtherTime      =    5.85 ms

----------------------

[R] 1.1.2.26    [ OK ]

@@ ----------------------------------------------

@@ WPF = 1.1.2.27

@@ ----------------------------------------------

device open = /dev/video8

device open = /dev/video13

Input  File = 1280_720_ARGB32.argb

Output File = nothing


----------------------

TotalTime           =   52.42 ms

   > ProcessingTime =    1.74 ms

     WaitTime       =    1.59 ms

     DevOpenTime    =    1.48 ms

     DevCloseTime   =    0.55 ms

     ReadTime       =    3.64 ms

     WriteTime      =    0.00 ms

     CheckSumTime   =   39.19 ms

     OtherTime      =    5.82 ms

----------------------

[R] 1.1.2.27    [ OK ]

@@ ----------------------------------------------

@@ WPF = 1.1.2.28

@@ ----------------------------------------------

device open = /dev/video8

device open = /dev/video13

Input  File = 1280_720_ARGB32.argb

Output File = nothing


----------------------

TotalTime           =   72.32 ms

   > ProcessingTime =    1.70 ms

     WaitTime       =    1.54 ms

     DevOpenTime    =    1.34 ms

     DevCloseTime   =    0.54 ms

     ReadTime       =    3.69 ms

     WriteTime      =    0.00 ms

     CheckSumTime   =   58.71 ms

     OtherTime      =    6.35 ms

----------------------

[R] 1.1.2.28    [ OK ]

@@ ----------------------------------------------

@@ WPF = 1.1.2.29

@@ ----------------------------------------------

device open = /dev/video8

device open = /dev/video13

Input  File = 1280_720_ARGB32.argb

Output File = nothing


----------------------

TotalTime           =   72.25 ms

   > ProcessingTime =    1.65 ms

     WaitTime       =    1.49 ms

     DevOpenTime    =    1.28 ms

     DevCloseTime   =    0.55 ms

     ReadTime       =    3.64 ms

     WriteTime      =    0.00 ms

     CheckSumTime   =   58.80 ms

     OtherTime      =    6.33 ms

----------------------

[R] 1.1.2.29    [ OK ]

## success ##


@@ SUCCESS !! / test name = wpf



@@ ----------------------------------------------

@@ test name = uds

@@ ----------------------------------------------

[R] 1.3.1.1     [ SKIP ]( uds case 1 )( Device name is nothing. )

[R] 1.3.1.2     [ SKIP ]( uds case 2 )( Device name is nothing. )

[R] 1.3.2.1     [ SKIP ]( uds case 3 )( Device name is nothing. )

## success ##


@@ SUCCESS !! / test name = uds



@@ ----------------------------------------------

@@ test name = bru

@@ ----------------------------------------------

@@ ----------------------------------------------

@@ BRU = 1.2.2.1

@@ ----------------------------------------------

device open = /dev/video8

device open = /dev/video9

device open = /dev/video13

Input  File = 1280_720_ARGB32.argb

Input  File = 640_480_ARGB32.argb

Output File = nothing


----------------------

TotalTime           =  127.42 ms

   > ProcessingTime =    1.69 ms

     WaitTime       =    1.41 ms

     DevOpenTime    =    1.25 ms

     DevCloseTime   =    0.64 ms

     ReadTime       =   19.41 ms

     WriteTime      =    0.00 ms

     CheckSumTime   =   94.90 ms

     OtherTime      =    9.53 ms

----------------------

[R] 1.2.2.1     [ OK ]

@@ ----------------------------------------------

@@ BRU = 1.2.2.2

@@ ----------------------------------------------

device open = /dev/video8

device open = /dev/video9

device open = /dev/video13

Input  File = 1280_720_ARGB32.argb

Input  File = 640_480_ARGB32.argb

Output File = nothing


----------------------

TotalTime           =   96.86 ms

   > ProcessingTime =    1.58 ms

     WaitTime       =    1.36 ms

     DevOpenTime    =    1.25 ms

     DevCloseTime   =    0.62 ms

     ReadTime       =    6.22 ms

     WriteTime      =    0.00 ms

     CheckSumTime   =   78.26 ms

     OtherTime      =    8.94 ms

----------------------

[R] 1.2.2.2     [ OK ]

@@ ----------------------------------------------

@@ BRU = 1.2.3.1

@@ ----------------------------------------------

device open = /dev/video8

device open = /dev/video9

device open = /dev/video13

Input  File = 1280_720_ARGB32.argb

Input  File = 640_480_ARGB32.argb

Output File = nothing


----------------------

TotalTime           =   95.56 ms

   > ProcessingTime =    1.58 ms

     WaitTime       =    1.35 ms

     DevOpenTime    =    1.24 ms

     DevCloseTime   =    0.63 ms

     ReadTime       =    5.10 ms

     WriteTime      =    0.00 ms

     CheckSumTime   =   78.24 ms

     OtherTime      =    8.77 ms

----------------------

[R] 1.2.3.1     [ OK ]

@@ ----------------------------------------------

@@ BRU = 1.2.3.2

@@ ----------------------------------------------

device open = /dev/video8

device open = /dev/video9

device open = /dev/video13

Input  File = 1280_720_ARGB32.argb

Input  File = 640_480_ARGB32.argb

Output File = nothing


----------------------

TotalTime           =   95.43 ms

   > ProcessingTime =    1.57 ms

     WaitTime       =    1.36 ms

     DevOpenTime    =    1.14 ms

     DevCloseTime   =    0.54 ms

     ReadTime       =    5.10 ms

     WriteTime      =    0.00 ms

     CheckSumTime   =   78.26 ms

     OtherTime      =    8.81 ms

----------------------

[R] 1.2.3.2     [ OK ]

@@ ----------------------------------------------

@@ BRU = 1.2.4.1

@@ ----------------------------------------------

device open = /dev/video8

device open = /dev/video9

device open = /dev/video13

Input  File = 1280_720_420sp.yuv

Input  File = 640_480_420sp.yuv

Output File = nothing


----------------------

TotalTime           =   67.51 ms

   > ProcessingTime =    1.65 ms

     WaitTime       =    1.37 ms

     DevOpenTime    =    1.22 ms

     DevCloseTime   =    0.53 ms

     ReadTime       =    9.93 ms

     WriteTime      =    0.00 ms

     CheckSumTime   =   47.35 ms

     OtherTime      =    6.83 ms

----------------------

[R] 1.2.4.1     [ OK ]

@@ ----------------------------------------------

@@ BRU = 1.2.4.2

@@ ----------------------------------------------

device open = /dev/video8

device open = /dev/video9

device open = /dev/video13

Input  File = 1280_720_420sp.yuv

Input  File = 640_480_420sp.yuv

Output File = nothing


----------------------

TotalTime           =   63.15 ms

   > ProcessingTime =    1.61 ms

     WaitTime       =    1.36 ms

     DevOpenTime    =    1.27 ms

     DevCloseTime   =    0.44 ms

     ReadTime       =    4.95 ms

     WriteTime      =    0.00 ms

     CheckSumTime   =   47.57 ms

     OtherTime      =    7.32 ms

----------------------

[R] 1.2.4.2     [ OK ]

@@ ----------------------------------------------

@@ BRU = 1.2.4.3

@@ ----------------------------------------------

device open = /dev/video8

device open = /dev/video9

device open = /dev/video13

Input  File = 1280_720_420sp.yuv

Input  File = 640_480_420sp.yuv

Output File = nothing


----------------------

TotalTime           =   41.79 ms

   > ProcessingTime =    1.56 ms

     WaitTime       =    1.36 ms

     DevOpenTime    =    1.15 ms

     DevCloseTime   =    0.51 ms

     ReadTime       =    2.44 ms

     WriteTime      =    0.00 ms

     CheckSumTime   =   29.44 ms

     OtherTime      =    6.68 ms

----------------------

[R] 1.2.4.3     [ OK ]

@@ ----------------------------------------------

@@ BRU = 1.2.5.1

@@ ----------------------------------------------

device open = /dev/video8

device open = /dev/video9

device open = /dev/video13

Input  File = 1280_720_ARGB32.argb

Input  File = alpha_x80#640_480_ARGB32.argb

Output File = nothing


----------------------

TotalTime           =  110.73 ms

   > ProcessingTime =    1.57 ms

     WaitTime       =    1.35 ms

     DevOpenTime    =    1.23 ms

     DevCloseTime   =    0.65 ms

     ReadTime       =   20.29 ms

     WriteTime      =    0.00 ms

     CheckSumTime   =   78.23 ms

     OtherTime      =    8.75 ms

----------------------

[R] 1.2.5.1     [ OK ]

@@ ----------------------------------------------

@@ BRU = 1.2.5.2

@@ ----------------------------------------------

device open = /dev/video8

device open = /dev/video9

device open = /dev/video13

Input  File = 1280_720_ARGB32.argb

Input  File = alpha_xFF#640_480_ARGB32.argb

Output File = nothing


----------------------

TotalTime           =  125.96 ms

   > ProcessingTime =    1.67 ms

     WaitTime       =    1.39 ms

     DevOpenTime    =    1.37 ms

     DevCloseTime   =    0.57 ms

     ReadTime       =   18.42 ms

     WriteTime      =    0.00 ms

     CheckSumTime   =   94.86 ms

     OtherTime      =    9.08 ms

----------------------

[R] 1.2.5.2     [ OK ]

@@ ----------------------------------------------

@@ BRU = 1.2.5.3

@@ ----------------------------------------------

device open = /dev/video8

device open = /dev/video9

device open = /dev/video13

Input  File = 1280_720_ARGB32.argb

Input  File = alpha_x00#640_480_ARGB32.argb

Output File = nothing


----------------------

TotalTime           =  129.58 ms

   > ProcessingTime =    1.65 ms

     WaitTime       =    1.37 ms

     DevOpenTime    =    1.32 ms

     DevCloseTime   =    0.65 ms

     ReadTime       =   23.68 ms

     WriteTime      =    0.00 ms

     CheckSumTime   =   93.21 ms

     OtherTime      =    9.07 ms

----------------------

[R] 1.2.5.3     [ OK ]

@@ ----------------------------------------------

@@ BRU = 1.2.5.4

@@ ----------------------------------------------

device open = /dev/video8

device open = /dev/video9

device open = /dev/video13

Input  File = 1280_720_ARGB32.argb

Input  File = alpha_x80#640_480_ARGB32.argb

Output File = nothing


----------------------

TotalTime           =  197.50 ms

   > ProcessingTime =    1.76 ms

     WaitTime       =    1.54 ms

     DevOpenTime    =    1.34 ms

     DevCloseTime   =    0.62 ms

     ReadTime       =    6.46 ms

     WriteTime      =    0.00 ms

     CheckSumTime   =   78.14 ms

     OtherTime      =  109.17 ms

----------------------

[R] 1.2.5.4     [ OK ]

@@ ----------------------------------------------

@@ BRU = 1.2.5.5

@@ ----------------------------------------------

device open = /dev/video8

device open = /dev/video9

device open = /dev/video13

Input  File = 1280_720_ARGB32.argb

Input  File = alpha_xFF#640_480_ARGB32.argb

Output File = nothing


----------------------

TotalTime           =  197.25 ms

   > ProcessingTime =    1.84 ms

     WaitTime       =    1.62 ms

     DevOpenTime    =    1.22 ms

     DevCloseTime   =    0.65 ms

     ReadTime       =    6.31 ms

     WriteTime      =    0.00 ms

     CheckSumTime   =   78.16 ms

     OtherTime      =  109.09 ms

----------------------

[R] 1.2.5.5     [ OK ]

@@ ----------------------------------------------

@@ BRU = 1.2.5.6

@@ ----------------------------------------------

device open = /dev/video8

device open = /dev/video9

device open = /dev/video13

Input  File = 1280_720_ARGB32.argb

Input  File = alpha_x00#640_480_ARGB32.argb

Output File = nothing


----------------------

TotalTime           =  197.50 ms

   > ProcessingTime =    1.97 ms

     WaitTime       =    1.64 ms

     DevOpenTime    =    1.14 ms

     DevCloseTime   =    0.71 ms

     ReadTime       =    6.42 ms

     WriteTime      =    0.00 ms

     CheckSumTime   =   78.15 ms

     OtherTime      =  109.11 ms

----------------------

[R] 1.2.5.6     [ OK ]

@@ ----------------------------------------------

@@ BRU = 1.2.6.1

@@ ----------------------------------------------

device open = /dev/video8

device open = /dev/video9

device open = /dev/video13

Input  File = 1280_720_ARGB32.argb

Input  File = alpha_x80#640_480_ARGB32.argb

Output File = nothing


----------------------

TotalTime           =   96.01 ms

   > ProcessingTime =    1.67 ms

     WaitTime       =    1.45 ms

     DevOpenTime    =    1.21 ms

     DevCloseTime   =    0.62 ms

     ReadTime       =    5.43 ms

     WriteTime      =    0.00 ms

     CheckSumTime   =   78.24 ms

     OtherTime      =    8.84 ms

----------------------

[R] 1.2.6.1     [ OK ]

@@ ----------------------------------------------

@@ BRU = 1.2.6.2

@@ ----------------------------------------------

device open = /dev/video8

device open = /dev/video9

device open = /dev/video13

Input  File = 1280_720_ARGB32.argb

Input  File = alpha_x80#640_480_ARGB32.argb

Output File = nothing


----------------------

TotalTime           =   95.84 ms

   > ProcessingTime =    1.76 ms

     WaitTime       =    1.54 ms

     DevOpenTime    =    1.21 ms

     DevCloseTime   =    0.63 ms

     ReadTime       =    5.29 ms

     WriteTime      =    0.00 ms

     CheckSumTime   =   78.25 ms

     OtherTime      =    8.70 ms

----------------------

[R] 1.2.6.2     [ OK ]

@@ ----------------------------------------------

@@ BRU = 1.2.6.3

@@ ----------------------------------------------

device open = /dev/video8

device open = /dev/video9

device open = /dev/video13

Input  File = 1280_720_ARGB32.argb

Input  File = alpha_x00#640_480_ARGB32.argb

Output File = nothing


----------------------

TotalTime           =   95.87 ms

   > ProcessingTime =    1.75 ms

     WaitTime       =    1.53 ms

     DevOpenTime    =    1.14 ms

     DevCloseTime   =    0.64 ms

     ReadTime       =    5.32 ms

     WriteTime      =    0.00 ms

     CheckSumTime   =   78.25 ms

     OtherTime      =    8.77 ms

----------------------

[R] 1.2.6.3     [ OK ]

@@ ----------------------------------------------

@@ BRU = 1.2.6.4

@@ ----------------------------------------------

device open = /dev/video8

device open = /dev/video9

device open = /dev/video13

Input  File = 1280_720_ARGB32.argb

Input  File = alpha_x80#640_480_ARGB32.argb

Output File = nothing


----------------------

TotalTime           =  196.38 ms

   > ProcessingTime =    1.94 ms

     WaitTime       =    1.61 ms

     DevOpenTime    =    1.08 ms

     DevCloseTime   =    0.63 ms

     ReadTime       =    5.29 ms

     WriteTime      =    0.00 ms

     CheckSumTime   =   78.15 ms

     OtherTime      =  109.29 ms

----------------------

[R] 1.2.6.4     [ OK ]

@@ ----------------------------------------------

@@ BRU = 1.2.6.5

@@ ----------------------------------------------

device open = /dev/video8

device open = /dev/video9

device open = /dev/video13

Input  File = 1280_720_ARGB32.argb

Input  File = alpha_x80#640_480_ARGB32.argb

Output File = nothing


----------------------

TotalTime           =  196.84 ms

   > ProcessingTime =    1.95 ms

     WaitTime       =    1.62 ms

     DevOpenTime    =    1.37 ms

     DevCloseTime   =    0.65 ms

     ReadTime       =    5.43 ms

     WriteTime      =    0.00 ms

     CheckSumTime   =   78.16 ms

     OtherTime      =  109.27 ms

----------------------

[R] 1.2.6.5     [ OK ]

@@ ----------------------------------------------

@@ BRU = 1.2.6.6

@@ ----------------------------------------------

device open = /dev/video8

device open = /dev/video9

device open = /dev/video13

Input  File = 1280_720_ARGB32.argb

Input  File = alpha_x00#640_480_ARGB32.argb

Output File = nothing


----------------------

TotalTime           =  196.43 ms

   > ProcessingTime =    1.87 ms

     WaitTime       =    1.64 ms

     DevOpenTime    =    1.23 ms

     DevCloseTime   =    0.62 ms

     ReadTime       =    5.40 ms

     WriteTime      =    0.00 ms

     CheckSumTime   =   78.15 ms

     OtherTime      =  109.16 ms

----------------------

[R] 1.2.6.6     [ OK ]

## success ##


@@ SUCCESS !! / test name = bru



@@ ----------------------------------------------

@@ test name = mbru

@@ ----------------------------------------------

@@ ----------------------------------------------

@@ MBRU = 1.2.1.1

@@ ----------------------------------------------

device open = /dev/video8

device open = /dev/video13

Input  File = 1280_720_ARGB32.argb

Output File = nothing


----------------------

TotalTime           =   91.91 ms

   > ProcessingTime =    1.63 ms

     WaitTime       =    1.47 ms

     DevOpenTime    =    1.06 ms
