NOTICE:  BL2: R-Car Gen3 Initial Program Loader(CA53) Rev.4.0.0
NOTICE:  BL2: PRR is R-Car E3 Ver.1.1
NOTICE:  BL2: PLL1 nonSSCG Clock select
NOTICE:  BL2: Board is Ebisu-4D Rev.1.0
NOTICE:  BL2: Boot device is HyperFlash(150MHz)
NOTICE:  BL2: LCM state is CM
NOTICE:  BL2: DDR1856(rev.0.12)
NOTICE:  BL2: [COLD_BOOT]
NOTICE:  BL2: DRAM Split is OFF
NOTICE:  BL2: QoS is default setting(rev.0.05)
NOTICE:  BL2: DRAM refresh interval 3.9 usec
NOTICE:  BL2: CH0: 400000000 - 47fffffff, 2 GiB
NOTICE:  BL2: Lossy Decomp areas
NOTICE:       Entry 0: DCMPAREACRAx:0x80000540 DCMPAREACRBx:0x570
NOTICE:       Entry 1: DCMPAREACRAx:0x40000000 DCMPAREACRBx:0x0
NOTICE:       Entry 2: DCMPAREACRAx:0x20000000 DCMPAREACRBx:0x0
NOTICE:  BL2: FDT at 0xe6315d20
NOTICE:  BL2: v2.9(release):9cdb21f75
NOTICE:  BL2: Built : 07:51:46, Jan 13 2024
NOTICE:  BL2: Normal boot
NOTICE:  BL2: dst=0xe6315600 src=0x8180000 len=512(0x200)
NOTICE:  BL2: dst=0x43f00000 src=0x8180400 len=6144(0x1800)
NOTICE:  rcar_file_len: len: 0x0003e000
NOTICE:  BL2: dst=0x44000000 src=0x81c0000 len=253952(0x3e000)
NOTICE:  rcar_file_len: len: 0x00200000
NOTICE:  BL2: dst=0x44100000 src=0x8200000 len=2097152(0x200000)
NOTICE:  rcar_file_len: len: 0x00100000
NOTICE:  BL2: dst=0x50000000 src=0x8640000 len=1048576(0x100000)
NOTICE:  BL2: Booting BL31


U-Boot 2020.10 (Dec 19 2023 - 20:14:43 +0000)

CPU: Renesas Electronics R8A77990 rev 1.1
Model: Renesas Ebisu board based on r8a77990
DRAM:  1.9 GiB
RAM Configuration:
Bank #0: 0x048000000 - 0x0bfffffff, 1.9 GiB

MMC:   sd@ee100000: 0, sd@ee120000: 1, sd@ee160000: 2
Loading Environment from MMC... OK
In:    serial@e6e88000
Out:   serial@e6e88000
Err:   serial@e6e88000
Net:   eth0: ethernet@e6800000
Hit any key to stop autoboot:  0
ethernet@e6800000 Waiting for PHY auto negotiation to complete............. done
Using ethernet@e6800000 device
TFTP from server 192.168.10.98; our IP address is 192.168.10.127
Filename 'lsd/usb3f/E3/Image'.
Load address: 0x48080000
Loading: #################################################################
         #################################################################
         #################################################################
         #################################################################
         #################################################################
         #################################################################
         #################################################################
         #################################################################
         #################################################################
         #################################################################
         #################################################################
         #################################################################
         #################################################################
         #################################################################
         #################################################################
         #################################################################
         #################################################################
         #################################################################
         #################################################################
         #################################################################
         #################################################################
         #################################################################
         #################################################################
         #################################################################
         #################################################################
         #################################################################
         #################################################################
         #################################################################
         #################################################################
         #################################################################
         #################################################################
         #################################################################
         #################################################################
         #################################################################
         #################################################################
         ####
         3.9 MiB/s
done
Bytes transferred = 33454592 (1fe7a00 hex)
Using ethernet@e6800000 device
TFTP from server 192.168.10.98; our IP address is 192.168.10.127
Filename 'lsd/usb3f/E3/r8a77990-ebisu-4d.dtb'.
Load address: 0x48000000
Loading: ####
         2.9 MiB/s
done
Bytes transferred = 55669 (d975 hex)
Moving Image from 0x48080000 to 0x48200000, end=4a270000
## Flattened Device Tree blob at 48000000
   Booting using the fdt blob at 0x48000000
   Using Device Tree in place at 0000000048000000, end 0000000048010974

Starting kernel ...

[    0.000000] Booting Linux on physical CPU 0x0000000000 [0x410fd034]
[    0.000000] Linux version 5.10.194-yocto-standard (dy.le-son@pc-012) (aarch64-poky-linux-gcc (GCC4
[    0.000000] Machine model: Renesas Ebisu-4D board based on r8a77990
[    0.000000] efi: UEFI not found.
[    0.000000] Reserved memory: created CMA memory pool at 0x0000000057000000, size 16 MiB
[    0.000000] OF: reserved mem: initialized node linux,adsp@57000000, compatible id shared-dma-pool
[    0.000000] Reserved memory: created CMA memory pool at 0x0000000058000000, size 256 MiB
[    0.000000] OF: reserved mem: initialized node linux,cma@58000000, compatible id shared-dma-pool
[    0.000000] Reserved memory: created CMA memory pool at 0x0000000068000000, size 64 MiB
[    0.000000] OF: reserved mem: initialized node linux,multimedia@68000000, compatible id shared-dml
[    0.000000] NUMA: No NUMA configuration found
[    0.000000] NUMA: Faking a node at [mem 0x0000000048000000-0x00000000bfffffff]
[    0.000000] NUMA: NODE_DATA [mem 0xbfc15b00-0xbfc17fff]
[    0.000000] Zone ranges:
[    0.000000]   DMA      [mem 0x0000000048000000-0x00000000bfffffff]
[    0.000000]   DMA32    empty
[    0.000000]   Normal   empty
[    0.000000] Movable zone start for each node
[    0.000000] Early memory node ranges
[    0.000000]   node   0: [mem 0x0000000048000000-0x0000000053ffffff]
[    0.000000]   node   0: [mem 0x0000000054000000-0x0000000056ffffff]
[    0.000000]   node   0: [mem 0x0000000057000000-0x00000000bfffffff]
[    0.000000] Initmem setup node 0 [mem 0x0000000048000000-0x00000000bfffffff]
[    0.000000] psci: probing for conduit method from DT.
[    0.000000] psci: PSCIv1.1 detected in firmware.
[    0.000000] psci: Using standard PSCI v0.2 function IDs
[    0.000000] psci: Trusted OS resident on physical CPU 0x0
[    0.000000] psci: SMC Calling Convention v1.2
[    0.000000] percpu: Embedded 23 pages/cpu s56984 r8192 d29032 u94208
[    0.000000] Detected VIPT I-cache on CPU0
[    0.000000] CPU features: detected: ARM erratum 845719
[    0.000000] Built 1 zonelists, mobility grouping on.  Total pages: 483840
[    0.000000] Policy zone: DMA
[    0.000000] Kernel command line: rw root=/dev/nfs nfsroot=192.168.10.98:/data/tftpboot/lsd/usb3f/7
[    0.000000] Dentry cache hash table entries: 262144 (order: 9, 2097152 bytes, linear)
[    0.000000] Inode-cache hash table entries: 131072 (order: 8, 1048576 bytes, linear)
[    0.000000] mem auto-init: stack:off, heap alloc:off, heap free:off
[    0.000000] Memory: 1499556K/1966080K available (15296K kernel code, 2846K rwdata, 8240K rodata, )
[    0.000000] SLUB: HWalign=64, Order=0-3, MinObjects=0, CPUs=2, Nodes=1
[    0.000000] rcu: Preemptible hierarchical RCU implementation.
[    0.000000] rcu:     RCU event tracing is enabled.
[    0.000000] rcu:     RCU restricting CPUs from NR_CPUS=256 to nr_cpu_ids=2.
[    0.000000]  Trampoline variant of Tasks RCU enabled.
[    0.000000] rcu: RCU calculated value of scheduler-enlistment delay is 25 jiffies.
[    0.000000] rcu: Adjusting geometry for rcu_fanout_leaf=16, nr_cpu_ids=2
[    0.000000] NR_IRQS: 64, nr_irqs: 64, preallocated irqs: 0
[    0.000000] arch_timer: cp15 timer(s) running at 24.00MHz (virt).
[    0.000000] clocksource: arch_sys_counter: mask: 0xffffffffffffff max_cycles: 0x588fe9dc0, max_ids
[    0.000006] sched_clock: 56 bits at 24MHz, resolution 41ns, wraps every 4398046511097ns
[    0.000430] Console: colour dummy device 80x25
[    0.000827] printk: console [tty0] enabled
[    0.000998] Calibrating delay loop (skipped), value calculated using timer frequency.. 48.00 Bogo)
[    0.001027] pid_max: default: 32768 minimum: 301
[    0.001119] LSM: Security Framework initializing
[    0.001209] Mount-cache hash table entries: 4096 (order: 3, 32768 bytes, linear)
[    0.001231] Mountpoint-cache hash table entries: 4096 (order: 3, 32768 bytes, linear)
[    0.003163] rcu: Hierarchical SRCU implementation.
[    0.005309] Detected Renesas R-Car Gen3 r8a77990 ES1.1
[    0.007275] EFI services will not be available.
[    0.007807] smp: Bringing up secondary CPUs ...
[    0.008625] Detected VIPT I-cache on CPU1
[    0.008743] CPU1: Booted secondary processor 0x0000000001 [0x410fd034]
[    0.008902] smp: Brought up 1 node, 2 CPUs
[    0.008952] SMP: Total of 2 processors activated.
[    0.008966] CPU features: detected: 32-bit EL0 Support
[    0.008980] CPU features: detected: CRC32 instructions
[    0.008992] CPU features: detected: 32-bit EL1 Support
[    0.020077] CPU: All CPU(s) started at EL1
[    0.020159] alternatives: patching kernel code
[    0.021756] devtmpfs: initialized
[    0.030408] KASLR disabled due to lack of seed
[    0.030736] clocksource: jiffies: mask: 0xffffffff max_cycles: 0xffffffff, max_idle_ns: 764504178s
[    0.030778] futex hash table entries: 512 (order: 3, 32768 bytes, linear)
[    0.041188] pinctrl core: initialized pinctrl subsystem
[    0.043436] DMI not present or invalid.
[    0.044484] NET: Registered protocol family 16
[    0.046614] DMA: preallocated 256 KiB GFP_KERNEL pool for atomic allocations
[    0.046836] DMA: preallocated 256 KiB GFP_KERNEL|GFP_DMA pool for atomic allocations
[    0.047023] DMA: preallocated 256 KiB GFP_KERNEL|GFP_DMA32 pool for atomic allocations
[    0.047144] audit: initializing netlink subsys (disabled)
[    0.047520] audit: type=2000 audit(0.044:1): state=initialized audit_enabled=0 res=1
[    0.049457] thermal_sys: Registered thermal governor 'power_allocator'
[    0.050047] cpuidle: using governor menu
[    0.050428] hw-breakpoint: found 6 breakpoint and 4 watchpoint registers.
[    0.050544] ASID allocator initialised with 65536 entries
[    0.052676] Serial: AMBA PL011 UART driver
[    0.102106] sh-pfc e6060000.pinctrl: r8a77990_pfc support registered
[    0.121417] HugeTLB registered 1.00 GiB page size, pre-allocated 0 pages
[    0.121470] HugeTLB registered 32.0 MiB page size, pre-allocated 0 pages
[    0.121483] HugeTLB registered 2.00 MiB page size, pre-allocated 0 pages
[    0.121496] HugeTLB registered 64.0 KiB page size, pre-allocated 0 pages
[    0.122942] cryptd: max_cpu_qlen set to 1000
[    0.126410] ACPI: Interpreter disabled.
[    0.132086] rcar_avs_init: cannot find compatible dts node
[    0.135283] iommu: Default domain type: Translated
[    0.136402] ipmmu-vmsa e67b0000.iommu: IPMMU context 0 is reserved
[    0.138922] vgaarb: loaded
[    0.139433] SCSI subsystem initialized
[    0.140079] usbcore: registered new interface driver usbfs
[    0.140136] usbcore: registered new interface driver hub
[    0.140182] usbcore: registered new device driver usb
[    0.143932] i2c-sh_mobile e60b0000.i2c: I2C adapter 7, bus speed 400000 Hz
[    0.145285] mc: Linux media interface: v0.10
[    0.145351] videodev: Linux video capture interface: v2.00
[    0.145482] pps_core: LinuxPPS API ver. 1 registered
[    0.145494] pps_core: Software ver. 5.3.6 - Copyright 2005-2007 Rodolfo Giometti <giometti@linux.>
[    0.145519] PTP clock support registered
[    0.146074] EDAC MC: Ver: 3.0.0
[    0.150044] FPGA manager framework
[    0.150225] Advanced Linux Sound Architecture Driver Initialized.
[    0.151721] clocksource: Switched to clocksource arch_sys_counter
[    0.152093] VFS: Disk quotas dquot_6.6.0
[    0.152180] VFS: Dquot-cache hash table entries: 512 (order 0, 4096 bytes)
[    0.152421] pnp: PnP ACPI: disabled
[    0.158328] NET: Registered protocol family 2
[    0.158601] IP idents hash table entries: 32768 (order: 6, 262144 bytes, linear)
[    0.159679] tcp_listen_portaddr_hash hash table entries: 1024 (order: 2, 16384 bytes, linear)
[    0.159806] TCP established hash table entries: 16384 (order: 5, 131072 bytes, linear)
[    0.160005] TCP bind hash table entries: 16384 (order: 6, 262144 bytes, linear)
[    0.160334] TCP: Hash tables configured (established 16384 bind 16384)
[    0.160552] UDP hash table entries: 1024 (order: 3, 32768 bytes, linear)
[    0.160617] UDP-Lite hash table entries: 1024 (order: 3, 32768 bytes, linear)
[    0.160903] NET: Registered protocol family 1
[    0.161740] RPC: Registered named UNIX socket transport module.
[    0.161777] RPC: Registered udp transport module.
[    0.161789] RPC: Registered tcp transport module.
[    0.161798] RPC: Registered tcp NFSv4.1 backchannel transport module.
[    0.161828] PCI: CLS 0 bytes, default 64
[    0.163018] hw perfevents: enabled with armv8_cortex_a53 PMU driver, 7 counters available
[    0.164062] kvm [1]: HYP mode not available
[    0.168365] Initialise system trusted keyrings
[    0.168775] workingset: timestamp_bits=42 max_order=19 bucket_order=0
[    0.174854] squashfs: version 4.0 (2009/01/31) Phillip Lougher
[    0.175968] NFS: Registering the id_resolver key type
[    0.176067] Key type id_resolver registered
[    0.176078] Key type id_legacy registered
[    0.176180] nfs4filelayout_init: NFSv4 File Layout Driver Registering...
[    0.176196] nfs4flexfilelayout_init: NFSv4 Flexfile Layout Driver Registering...
[    0.176513] 9p: Installing v9fs 9p2000 file system support
[    0.213382] Key type asymmetric registered
[    0.213439] Asymmetric key parser 'x509' registered
[    0.213547] Block layer SCSI generic (bsg) driver version 0.4 loaded (major 243)
[    0.213566] io scheduler mq-deadline registered
[    0.213583] io scheduler kyber registered
[    0.231105] gpio_rcar e6050000.gpio: driving 18 GPIOs
[    0.232248] gpio_rcar e6051000.gpio: driving 23 GPIOs
[    0.233166] gpio_rcar e6052000.gpio: driving 26 GPIOs
[    0.234044] gpio_rcar e6053000.gpio: driving 16 GPIOs
[    0.234897] gpio_rcar e6054000.gpio: driving 11 GPIOs
[    0.235865] gpio_rcar e6055000.gpio: driving 20 GPIOs
[    0.236878] gpio_rcar e6055400.gpio: driving 18 GPIOs
[    0.242582] rcar-pcie fe000000.pcie: host bridge /soc/pcie@fe000000 ranges:
[    0.242663] rcar-pcie fe000000.pcie:       IO 0x00fe100000..0x00fe1fffff -> 0x0000000000
[    0.242700] rcar-pcie fe000000.pcie:      MEM 0x00fe200000..0x00fe3fffff -> 0x00fe200000
[    0.242728] rcar-pcie fe000000.pcie:      MEM 0x0030000000..0x0037ffffff -> 0x0030000000
[    0.242751] rcar-pcie fe000000.pcie:      MEM 0x0038000000..0x003fffffff -> 0x0038000000
[    0.242779] rcar-pcie fe000000.pcie:   IB MEM 0x0040000000..0x00bfffffff -> 0x0040000000
[    0.242877] rcar-pcie fe000000.pcie: no pcie3v3 regulator found
[    0.242895] rcar-pcie fe000000.pcie: no pcie1v8 regulator found
[    0.295851] rcar-pcie fe000000.pcie: PCIe link down
[    0.299884] EINJ: ACPI disabled.
[    0.351035] Serial: 8250/16550 driver, 4 ports, IRQ sharing enabled
[    0.356078] SuperH (H)SCI(F) driver initialized
[    0.357026] e6e88000.serial: ttySC0 at MMIO 0xe6e88000 (irq = 119, base_baud = 0) is a scif
[    1.327330] printk: console [ttySC0] enabled
[    1.334458] msm_serial: driver initialized
[    1.361603] loop: module loaded
[    1.367827] megasas: 07.714.04.00-rc1
[    1.383906] tun: Universal TUN/TAP device driver, 1.6
[    1.391169] thunder_xcv, ver 1.0
[    1.394567] thunder_bgx, ver 1.0
[    1.397872] nicpf, ver 1.0
[    1.403533] hclge is initializing
[    1.407004] hns3: Hisilicon Ethernet Network Driver for Hip08 Family - version
[    1.414265] hns3: Copyright (c) 2017 Huawei Corporation.
[    1.419763] e1000: Intel(R) PRO/1000 Network Driver
[    1.424662] e1000: Copyright (c) 1999-2006 Intel Corporation.
[    1.430507] e1000e: Intel(R) PRO/1000 Network Driver
[    1.435491] e1000e: Copyright(c) 1999 - 2015 Intel Corporation.
[    1.441476] igb: Intel(R) Gigabit Ethernet Network Driver
[    1.446895] igb: Copyright (c) 2007-2014 Intel Corporation.
[    1.452535] igbvf: Intel(R) Gigabit Virtual Function Network Driver
[    1.458824] igbvf: Copyright (c) 2009 - 2012 Intel Corporation.
[    1.465954] sky2: driver version 1.30
[    1.475519] ravb e6800000.ethernet eth0: Base address at 0xe6800000, 2e:09:0a:03:87:d5, IRQ 114.
[    1.487766] VFIO - User Level meta-driver version: 0.3
[    1.497663] ehci_hcd: USB 2.0 'Enhanced' Host Controller (EHCI) Driver
[    1.504324] ehci-pci: EHCI PCI platform driver
[    1.508904] ehci-platform: EHCI generic platform driver
[    1.515263] ehci-orion: EHCI orion driver
[    1.519946] ehci-exynos: EHCI Exynos driver
[    1.524544] ohci_hcd: USB 1.1 'Open' Host Controller (OHCI) Driver
[    1.530822] ohci-pci: OHCI PCI platform driver
[    1.535394] ohci-platform: OHCI generic platform driver
[    1.541616] ohci-exynos: OHCI Exynos driver
[    1.546543] usbcore: registered new interface driver usb-storage
[    1.556201] renesas_usbhs e6590000.usb: host probed
[    1.561178] renesas_usbhs e6590000.usb: no transceiver found
[    1.567050] renesas_usbhs e6590000.usb: gadget probed
[    1.572340] renesas_usbhs e6590000.usb: probed
[    1.579384] renesas_usb3 ee020000.usb: probed
[    1.588968] i2c /dev entries driver
[    1.599082] pca953x 0-0020: supply vcc not found, using dummy regulator
[    1.606077] pca953x 0-0020: using no AI
[    1.613970] adv7511 0-0039: supply avdd not found, using dummy regulator
[    1.620998] adv7511 0-0039: supply dvdd not found, using dummy regulator
[    1.627775] adv7511 0-0039: supply pvdd not found, using dummy regulator
[    1.634569] adv7511 0-0039: supply bgvdd not found, using dummy regulator
[    1.641424] adv7511 0-0039: supply dvdd-3v not found, using dummy regulator
[    1.659202] i2c-rcar e6500000.i2c: probed
[    1.673422] cs2000-cp 3-004f: revision - C1
[    1.677855] i2c-rcar e66d0000.i2c: probed
[    1.684922] adv748x 0-0070: Endpoint /soc/i2c@e6500000/video-receiver@70/port@7/endpoint on port 7
[    1.693998] adv748x 0-0070: Endpoint /soc/i2c@e6500000/video-receiver@70/port@8/endpoint on port 8
[    1.703003] adv748x 0-0070: Endpoint /soc/i2c@e6500000/video-receiver@70/port@a/endpoint on port 0
[    1.713172] adv748x 0-0070: chip found @ 0xe0 revision 2143
[    1.810385] rcar-csi2 feaa0000.csi2: 2 lanes found
[    1.821088] rcar-vin e6ef4000.video: Device registered as video0
[    1.827337] rcar-vin e6ef5000.video: Device registered as video1
[    1.841735] rcar_thermal e6190000.thermal: 1 sensor probed
[    1.855787] cpu cpu0: EM: invalid perf. state: -22
[    1.867500] sdhci: Secure Digital Host Controller Interface driver
[    1.873846] sdhci: Copyright(c) Pierre Ossman
[    1.880077] Synopsys Designware Multimedia Card Interface Driver
[    1.880484] renesas_sdhi_internal_dmac ee100000.mmc: Got CD GPIO
[    1.889266] sdhci-pltfm: SDHCI platform and OF driver helper
[    1.893537] renesas_sdhi_internal_dmac ee120000.mmc: Got CD GPIO
[    1.902856] renesas_sdhi_internal_dmac ee100000.mmc: Got WP GPIO
[    1.904150] ledtrig-cpu: registered to indicate activity on CPUs
[    1.919213] SMCCC: SOC_ID: ARCH_SOC_ID not implemented, skipping ....
[    1.920883] renesas_sdhi_internal_dmac ee160000.mmc: Adding to iommu group 0
[    1.927537] usbcore: registered new interface driver usbhid
[    1.933099] renesas_sdhi_internal_dmac ee160000.mmc: Using IPMMU context 1
[    1.938962] usbhid: USB HID core driver
[    1.958585] optee: probing for conduit method.
[    1.963196] optee: revision 3.22 (314ecf9d)
[    1.963758] optee driver R-Car Rev.1.0.11
[    1.972422] optee: dynamic shared memory is enabled
[    1.977903] optee: initialized driver
[    1.994777] renesas_sdhi_internal_dmac ee160000.mmc: mmc0 base at 0x00000000ee160000, max clock rz
[    1.997836] rcar_sound ec500000.sound: probed
[    2.010337] NET: Registered protocol family 17
[    2.015179] 9pnet: Installing 9P2000 support
[    2.019612] Key type dns_resolver registered
[    2.024637] registered taskstats version 1
[    2.028886] Loading compiled-in X.509 certificates
[    2.046548] thermal emergency: set temperature to 110 celsius
[    2.052593] thermal emergency: shutdown target cpus 1
[    2.057672] thermal emergency: freq scaled target cpus 0
[    2.063928] renesas_irqc e61c0000.interrupt-controller: driving 6 irqs
[    2.115879] mmc0: new HS400 MMC card at address 0001
[    2.122261] mmcblk0: mmc0:0001 DG4032 29.1 GiB
[    2.127310] mmcblk0boot0: mmc0:0001 DG4032 partition 1 4.00 MiB
[    2.127807] ehci-platform ee080100.usb: EHCI Host Controller
[    2.133797] mmcblk0boot1: mmc0:0001 DG4032 partition 2 4.00 MiB
[    2.139046] ehci-platform ee080100.usb: new USB bus registered, assigned bus number 1
[    2.145264] mmcblk0rpmb: mmc0:0001 DG4032 partition 3 4.00 MiB, chardev (508:0)
[    2.152942] ehci-platform ee080100.usb: irq 142, io mem 0xee080100
[    2.169771]  mmcblk0: p1 p2
[    2.179785] ehci-platform ee080100.usb: USB 2.0 started, EHCI 1.10
[    2.186902] hub 1-0:1.0: USB hub found
[    2.190761] hub 1-0:1.0: 1 port detected
[    2.198104] ohci-platform ee080000.usb: Generic Platform OHCI controller
[    2.204950] ohci-platform ee080000.usb: new USB bus registered, assigned bus number 2
[    2.212991] ohci-platform ee080000.usb: irq 142, io mem 0xee080000
[    2.306733] hub 2-0:1.0: USB hub found
[    2.310596] hub 2-0:1.0: 1 port detected
[    2.325774] renesas_sdhi_internal_dmac ee120000.mmc: Got CD GPIO
[    2.326903] renesas_sdhi_internal_dmac ee100000.mmc: Got CD GPIO
[    2.338986] renesas_sdhi_internal_dmac ee100000.mmc: Got WP GPIO
[    2.361162] [drm] Initialized rcar-du 1.0.0 20130110 for feb00000.display on minor 0
[    2.369122] [drm] Device feb00000.display probed
[    2.380604] renesas_sdhi_internal_dmac ee120000.mmc: mmc2 base at 0x00000000ee120000, max clock rz
[    2.392443] renesas_sdhi_internal_dmac ee100000.mmc: mmc1 base at 0x00000000ee100000, max clock rz
[    2.417789] Console: switching to colour frame buffer device 128x48
[    2.460308] rcar-du feb00000.display: [drm] fb0: rcar-dudrmfb frame buffer device
[    2.543604] ravb e6800000.ethernet eth0: limited PHY to 100Mbit/s
[    2.549977] Micrel KSZ9031 Gigabit PHY e6800000.ethernet-ffffffff:00: attached PHY driver [Micrel)
[    4.142930] ravb e6800000.ethernet eth0: Link is Up - 100Mbps/Full - flow control off
[    4.171737] IP-Config: Guessing netmask 255.255.255.0
[    4.176943] IP-Config: Complete:
[    4.180273]      device=eth0, hwaddr=2e:09:0a:03:87:d5, ipaddr=192.168.10.127, mask=255.255.255.05
[    4.191107]      host=192.168.10.127, domain=, nis-domain=(none)
[    4.197259]      bootserver=255.255.255.255, rootserver=192.168.10.98, rootpath=
[    4.197881] ALSA device list:
[    4.208604]   #0: rsnd-ak4613
[    4.256036] VFS: Mounted root (nfs4 filesystem) on device 0:22.
[    4.264146] devtmpfs: mounted
[    4.270791] Freeing unused kernel memory: 6144K
[    4.283871] Run /sbin/init as init process
[    4.922837] systemd[1]: System time before build time, advancing clock.
[    5.631800] random: crng init done
[    7.073233] NET: Registered protocol family 10
[    7.083541] Segment Routing with IPv6
[    7.151809] systemd[1]: systemd 244 running in system mode. (+PAM -AUDIT -SELINUX +IMA -APPARMOR )
[    7.182498] systemd[1]: Detected architecture arm64.

Welcome to Poky (Yocto Project Reference Distro) 3.1.11 (dunfell)!

[    7.227102] systemd[1]: Set hostname to <ebisu>.
[    8.487648] systemd[1]: system-getty.slice: unit configures an IP firewall, but the local system .
[    8.508819] systemd[1]: (This warning is only shown for the first unit using IP firewalling.)
[    8.525644] systemd[1]: Created slice system-getty.slice.
[  OK  ] Created slice system-getty.slice.
[    8.554298] systemd[1]: Created slice system-serial\x2dgetty.slice.
[  OK  ] Created slice system-serial\x2dgetty.slice.
[    8.582095] systemd[1]: Created slice User and Session Slice.
[  OK  ] Created slice User and Session Slice.
[    8.608687] systemd[1]: Started Dispatch Password Requests to Console Directory Watch.
[  OK  ] Started Dispatch Password ▒…ts to Console Directory Watch.
[    8.640602] systemd[1]: Started Forward Password Requests to Wall Directory Watch.
[  OK  ] Started Forward Password R▒…uests to Wall Directory Watch.
[    8.672272] systemd[1]: Reached target Paths.
[  OK  ] Reached target Paths.
[    8.696157] systemd[1]: Reached target Remote File Systems.
[  OK  ] Reached target Remote File Systems.
[    8.720107] systemd[1]: Reached target Slices.
[  OK  ] Reached target Slices.
[    8.744153] systemd[1]: Reached target Swap.
[  OK  ] Reached target Swap.
[    8.771842] systemd[1]: Listening on RPCbind Server Activation Socket.
[  OK  ] Listening on RPCbind Server Activation Socket.
[    8.800173] systemd[1]: Reached target RPC Port Mapper.
[  OK  ] Reached target RPC Port Mapper.
[    8.824785] systemd[1]: Listening on initctl Compatibility Named Pipe.
[  OK  ] Listening on initctl Compatibility Named Pipe.
[    8.854644] systemd[1]: Listening on Journal Audit Socket.
[  OK  ] Listening on Journal Audit Socket.
[    8.882585] systemd[1]: Listening on Journal Socket (/dev/log).
[  OK  ] Listening on Journal Socket (/dev/log).
[    8.909180] systemd[1]: Listening on Journal Socket.
[  OK  ] Listening on Journal Socket.
[    8.934924] systemd[1]: Listening on Network Service Netlink Socket.
[  OK  ] Listening on Network Service Netlink Socket.
[    8.963435] systemd[1]: Listening on udev Control Socket.
[  OK  ] Listening on udev Control Socket.
[    8.988906] systemd[1]: Listening on udev Kernel Socket.
[  OK  ] Listening on udev Kernel Socket.
[    9.020476] systemd[1]: Mounting Huge Pages File System...
         Mounting Huge Pages File System...
[    9.052223] systemd[1]: Mounting POSIX Message Queue File System...
         Mounting POSIX Message Queue File System...
[    9.083911] systemd[1]: Mounting Kernel Debug File System...
         Mounting Kernel Debug File System...
[    9.121375] systemd[1]: Mounting Temporary Directory (/tmp)...
         Mounting Temporary Directory (/tmp)...
[    9.153486] systemd[1]: Starting Create list of static device nodes for the current kernel...
         Starting Create list of st▒…odes for the current kernel...
[    9.192636] systemd[1]: Starting Start psplash boot splash screen...
         Starting Start psplash boot splash screen...
[    9.236637] systemd[1]: Starting RPC Bind...
         Starting RPC Bind...
[    9.269496] systemd[1]: Condition check resulted in File System Check on Root Device being skippe.
[    9.297146] systemd[1]: Starting Journal Service...
         Starting Journal Service...
[    9.358762] systemd[1]: Starting Load Kernel Modules...
         Starting Load Kernel Modules...
[    9.414651] systemd[1]: Starting Remount Root and Kernel File Systems...
         Starting Remount Root and Kernel File Systems...
[    9.449572] systemd[1]: Starting udev Coldplug all Devices...
         Starting udev Coldplug all Devices...
[    9.543346] systemd[1]: Started Start psplash boot splash screen.
[  OK  ] Started Start psplash boot splash screen.
[    9.569031] systemd[1]: Started RPC Bind.
[  OK  ] Started RPC Bind.
[    9.589349] systemd[1]: Mounted Huge Pages File System.
[  OK  ] Mounted Huge Pages File System.
[    9.661581] systemd[1]: Mounted POSIX Message Queue File System.
[  OK  ] Mounted POSIX Message Queue File System.
[    9.681606] systemd[1]: Mounted Kernel Debug File System.
[  OK  ] Mounted Kernel Debug File System.
[    9.718777] systemd[1]: Started Journal Service.
[  OK  ] Started Journal Service.
[  OK  ] Mounted Temporary Directory (/tmp).
[  OK  ] Started Create list of sta▒… nodes for the current kernel.
[  OK  ] Started Load Kernel Modules.
[  OK  ] Started Remount Root and Kernel File Systems.
         Mounting Kernel Configuration File System...
[  OK  ] Started Start psplash-syst▒…progress communication helper.
         Starting Flush Journal to Persistent Storage...
         Starting Apply Kernel Variables...
         Starting Create Static Device Nodes in /dev...
[   10.004151] systemd-journald[250]: Received client request to flush runtime journal.
[  OK  ] Mounted Kernel Configuration File System.
[  OK  ] Started Flush Journal to Persistent Storage.
[  OK  ] Started Apply Kernel Variables.
[  OK  ] Started Create Static Device Nodes in /dev.
[  OK  ] Reached target Local File Systems (Pre).
         Mounting /var/volatile...
         Starting udev Kernel Device Manager...
[  OK  ] Mounted /var/volatile.
         Starting Load/Save Random Seed...
[  OK  ] Reached target Local File Systems.
         Starting Create Volatile Files and Directories...
[  OK  ] Started Load/Save Random Seed.
[  OK  ] Started udev Kernel Device Manager.
         Starting Network Service...
[  OK  ] Started udev Coldplug all Devices.
[  OK  ] Started Create Volatile Files and Directories.
         Starting Network Time Synchronization...
         Starting Update UTMP about System Boot/Shutdown...
[  OK  ] Started Network Service.
         Starting Network Name Resolution...
[  OK  ] Started Update UTMP about System Boot/Shutdown.
[  OK  ] Started Network Time Synchronization.
[  OK  ] Reached target System Initialization.
[  OK  ] Started Daily Cleanup of Temporary Directories.
[  OK  ] Reached target System Time Set.
[  OK  ] Reached target System Time Synchronized.
[  OK  ] Reached target Timers.
[  OK  ] Listening on Avahi mDNS/DNS-SD Stack Activation Socket.
[  OK  ] Listening on D-Bus System Message Bus Socket.
[  OK  ] Listening on dropbear.socket.
[  OK  ] Reached target Sockets.
[  OK  ] Reached target Basic System.
[  OK  ] Started D-Bus System Message Bus.
[  OK  ] Started optee services.
         Starting pvrinit.service...
         Starting PowerVR consumer services...
         Starting Login Service...
[  OK  ] Started Network Name Resolution.
[  OK  ] Reached target Network.
[  OK  ] Reached target Host and Network Name Lookups.
         Starting Avahi mDNS/DNS-SD Stack...
         Starting Permit User Sessions...
[  OK  ] Started Xinetd A Powerful Replacement For Inetd.
[  OK  ] Started Permit User Sessions.
[  OK  ] Started Getty on tty1.
[  OK  ] Started Serial Getty on ttySC0.
[  OK  ] Reached target Login Prompts.
[  OK  ] Started Avahi mDNS/DNS-SD Stack.
[  OK  ] Started Login Service.
[  OK  ] Reached target Hardware activated USB gadget.
[   14.353629] CAN device driver interface
[   14.605126] rcar_canfd e66c0000.can: can_clk rate is 20000000
[   14.652085] rcar_canfd e66c0000.can: device registered (channel 0)
[   14.704016] rcar_canfd e66c0000.can: global operational state (clk 0, fdmode 1)
[   15.529027] ccree e6601000.crypto: ARM CryptoCell 630P Driver: HW version 0xAF400001/0xDCC63000, 0
[  OK  ] Created slice system-weston.slice.
         Starting Save/Restore Sound Card State...
[   16.089296] rcar_sound ec500000.sound: Can't update kctrl when idle
[   16.130665] rcar_sound ec500000.sound: Can't update kctrl when idle
[  OK  ] Started Save/Restore Sound Card State.
[  OK  ] Reached target Sound Card.
[   16.309193] ccree e6601000.crypto: ARM ccree device initialized
[   16.512357] xhci-hcd ee000000.usb: xHCI Host Controller
[   16.520357] xhci-hcd ee000000.usb: new USB bus registered, assigned bus number 3
[   16.538855] xhci-hcd ee000000.usb: Direct firmware load for r8a779x_usb3_v3.dlmem failed with err2
[   16.597310] xhci-hcd ee000000.usb: can't setup: -2
[   16.602390] xhci-hcd ee000000.usb: USB bus 3 deregistered
[   16.608141] xhci-hcd: probe of ee000000.usb failed with error -2
[  OK  ] Created slice system-systemd\x2dbacklight.slice.
         Starting Load/Save Screen ▒…ness of backlight:backlight...
[  OK  ] Started Load/Save Screen B▒…htness of backlight:backlight.
[FAILED] Failed to start PowerVR consumer services.
See 'systemctl status rc.pvr.service' for details.
[DEPEND] Dependency failed for Weston Wayland Compositor.
[FAILED] Failed to start pvrinit.service.
See 'systemctl status pvrinit.service' for details.
         Starting set_default_governor.service...
[  OK  ] Started set_default_governor.service.
[  OK  ] Reached target Multi-User System.
         Starting Update UTMP about System Runlevel Changes...
[  OK  ] Started Update UTMP about System Runlevel Changes.

Poky (Yocto Project Reference Distro) 3.1.11 ebisu ttySC0

ebisu login: root
[   35.812021] SDHI0 VccQ: disabling
[   35.815488] SDHI1 VccQ: disabling
[   35.862496] audit: type=1006 audit(1709715112.505:2): pid=390 uid=0 old-auid=4294967295 auid=0 tt1

^[[57;101Rroot@ebisu:~# 
root@ebisu:~#
root@ebisu:~# modprobe g_printer
[   45.265487] printer gadget: printer ready
root@ebisu:~#
root@ebisu:~# mount -t tmpfs -o size=1011M tmpfs /tmp
root@ebisu:~#
root@ebisu:~# dd if=/dev/zero of=/tmp/tmp.img bs=1M count=1000
1000+0 records in
1000+0 records out
1048576000 bytes (1.0 GB, 1000 MiB) copied, 3.07084 s, 341 MB/s
root@ebisu:~#
root@ebisu:~# mkfs.ext3 -L storage /tmp/tmp.img
mke2fs 1.45.4 (23-Sep-2019)
Discarding device blocks: done
Creating filesystem with 256000 4k blocks and 64000 inodes
Filesystem UUID: ad501346-ecf9-4420-a233-66b79c5d6f00
Superblock backups stored on blocks:
        32768, 98304, 163840, 229376

Allocating group tables: done
Writing inode tables: done
Creating journal (4096 blocks): done
Writing superblocks and filesystem accounting information: done

root@ebisu:~#
root@ebisu:~# modprobe g_mass_storage file=/tmp/tmp.img
[   87.972862] Mass Storage Function, version: 2009/09/11
[   87.978269] LUN: removable file: (no medium)
[   87.982897] LUN: file: /tmp/tmp.img
[   87.986548] Number of LUNs=1
[   87.989799] g_mass_storage gadget: Mass Storage Gadget, version: 2009/09/11
[   87.996959] g_mass_storage gadget: userspace failed to provide iSerialNumber
[   88.004170] g_mass_storage gadget: g_mass_storage ready
root@ebisu:~#


---------- HOST-PC -----------

bsp@L-189:~$ dd if=/dev/urandom of=file-100m bs=1M count=100
100+0 records in
100+0 records out
104857600 bytes (105 MB, 100 MiB) copied, 0,448854 s, 234 MB/s
bsp@L-189:~$



---------- BOARD -----------

root@ebisu:~# i2cset -f -y 7 0x30 0x20 0x0f
root@ebisu:~#


Switch SW23 off
Input 'yes' to continue: 
root@ebisu:~# echo mem > /sys/power/state
[  115.012540] PM: suspend entry (deep)
[  115.016460] Filesystems sync: 0.000 seconds
[  115.021640] Freezing user space processes ... (elapsed 0.002 seconds) done.
[  115.030956] OOM killer disabled.
[  115.034244] Freezing remaining freezable tasks ... (elapsed 0.001 seconds) done.
[  115.043592] printk: Suspending console(s) (use no_console_suspend to debug)

Switch power switch: 

NOTICE:  BL2: R-Car Gen3 Initial Program Loader(CA53) Rev.4.0.0
NOTICE:  BL2: PRR is R-Car E3 Ver.1.1
NOTICE:  BL2: PLL1 nonSSCG Clock select
NOTICE:  BL2: Board is Ebisu-4D Rev.1.0
NOTICE:  BL2: Boot device is HyperFlash(150MHz)
NOTICE:  BL2: LCM state is CM
NOTICE:  BL2: DDR1856(rev.0.12)
NOTICE:  BL2: [WARM_BOOT]
NOTICE:  BL2: DRAM Split is OFF
NOTICE:  BL2: QoS is default setting(rev.0.05)
NOTICE:  BL2: DRAM refresh interval 3.9 usec
NOTICE:  BL2: CH0: 400000000 - 47fffffff, 2 GiB
NOTICE:  BL2: Lossy Decomp areas
NOTICE:       Entry 0: DCMPAREACRAx:0x80000540 DCMPAREACRBx:0x570
NOTICE:       Entry 1: DCMPAREACRAx:0x40000000 DCMPAREACRBx:0x0
NOTICE:       Entry 2: DCMPAREACRAx:0x20000000 DCMPAREACRBx:0x0
NOTICE:  BL2: FDT at 0xe6315d20
NOTICE:  BL2: v2.9(release):9cdb21f75
NOTICE:  BL2: Built : 07:51:46, Jan 13 2024
NOTICE:  BL2: Normal boot
[  115.173730] ravb e6800000.ethernet eth0: Link is Down
[  115.184301] Disabling non-boot CPUs ...
[  115.185332] CPU1: shutdown
[  115.186366] psci: CPU1 killed (polled 0 ms)
[  115.188961] Enabling non-boot CPUs ...
[  115.189346] Detected VIPT I-cache on CPU1
[  115.189454] CPU1: Booted secondary processor 0x0000000001 [0x410fd034]
[  115.190468] CPU1 is up
[  115.338599] ravb e6800000.ethernet eth0: limited PHY to 100Mbit/s
[  115.338629] Micrel KSZ9031 Gigabit PHY e6800000.ethernet-ffffffff:00: attached PHY driver [Micrel)
[  115.461671] usb usb2: root hub lost power or was reset
[  115.461820] usb usb1: root hub lost power or was reset
[  115.671113] OOM killer enabled.
[  115.674313] Restarting tasks ... done.
[  115.686472] PM: suspend exit
root@ebisu:~# [  118.975335] ravb e6800000.ethernet eth0: Link is Up - 100Mbps/Full - flow control of

Please plug in usb cable
Input 'yes' to continue: 

root@ebisu:~# echo 1 > /sys/kernel/debug/usb/ee020000.usb/b_device
root@ebisu:~# echo 2 > /sys/kernel/debug/usb/ee020000.usb/b_device
root@ebisu:~# cat /sys/devices/platform/soc/ee020000.usb/udc/ee020000.usb/state
configured
root@ebisu:~#


---------- HOST-PC -----------

bsp@L-189:~$ dmesg
[862566.511491] audit: type=1400 audit(1709720221.852:23988): apparmor="ALLOWED" operation="open" profile="/usr/sbin/sssd" name="/proc/3497858/cmdline" pid=897 comm="sssd_nss" requested_mask="r" denied_mask="r" fsuid=0 ouid=0
[862566.514573] audit: type=1400 audit(1709720221.856:23989): apparmor="ALLOWED" operation="open" profile="/usr/sbin/sssd" name="/proc/3497861/cmdline" pid=897 comm="sssd_nss" requested_mask="r" denied_mask="r" fsuid=0 ouid=0
[862601.952758] usb 2-1: new SuperSpeed USB device number 47 using xhci_hcd
[862601.973638] usb 2-1: New USB device found, idVendor=0525, idProduct=a4a5, bcdDevice= 5.10
[862601.973664] usb 2-1: New USB device strings: Mfr=3, Product=4, SerialNumber=0
[862601.973677] usb 2-1: Product: Mass Storage Gadget
[862601.973686] usb 2-1: Manufacturer: Linux 5.10.194-yocto-standard with renesas_usb3
[862601.975966] usb-storage 2-1:1.0: USB Mass Storage device detected
[862601.976397] usb-storage 2-1:1.0: Quirks match for vid 0525 pid a4a5: 10000
[862601.976603] scsi host9: usb-storage 2-1:1.0
[862602.993829] scsi 9:0:0:0: Direct-Access     Linux    File-Stor Gadget 0510 PQ: 0 ANSI: 2
[862602.994870] sd 9:0:0:0: Attached scsi generic sg0 type 0
[862602.995541] sd 9:0:0:0: Power-on or device reset occurred
[862602.996141] sd 9:0:0:0: [sdh] 2048000 512-byte logical blocks: (1.05 GB/1000 MiB)
[862603.105399] sd 9:0:0:0: [sdh] Write Protect is off
[862603.105421] sd 9:0:0:0: [sdh] Mode Sense: 0f 00 00 00
[862603.212982] sd 9:0:0:0: [sdh] Write cache: enabled, read cache: enabled, doesn't support DPO or FUA
[862603.649294] sd 9:0:0:0: [sdh] Attached SCSI disk
[862603.984900] audit: type=1400 audit(1709720259.329:23990): apparmor="ALLOWED" operation="open" profile="/usr/sbin/sssd" name="/proc/665/cmdline" pid=897 comm="sssd_nss" requested_mask="r" denied_mask="r" fsuid=0 ouid=0
[862603.989219] EXT4-fs (sdh): mounting ext3 file system using the ext4 subsystem
[862603.992750] EXT4-fs (sdh): mounted filesystem with ordered data mode. Opts: (null). Quota mode: none.
bsp@L-189:~$
bsp@L-189:~$ df -h
Filesystem      Size  Used Avail Use% Mounted on
udev            7,7G     0  7,7G   0% /dev
tmpfs           1,6G  2,2M  1,6G   1% /run
/dev/nvme0n1p2  938G  783G  108G  88% /
tmpfs           7,7G     0  7,7G   0% /dev/shm
tmpfs           5,0M  8,0K  5,0M   1% /run/lock
tmpfs           7,7G     0  7,7G   0% /sys/fs/cgroup
/dev/loop0       64M   64M     0 100% /snap/core20/2105
/dev/loop1      128K  128K     0 100% /snap/bare/5
/dev/loop2       64M   64M     0 100% /snap/core20/2182
/dev/loop3      106M  106M     0 100% /snap/core/16202
/dev/loop8       92M   92M     0 100% /snap/gtk-common-themes/1535
/dev/loop11      13M   13M     0 100% /snap/nmap/3226
/dev/loop12      13M   13M     0 100% /snap/snap-store/959
/dev/loop7      497M  497M     0 100% /snap/gnome-42-2204/132
/dev/loop13      75M   75M     0 100% /snap/core22/1033
/dev/loop5      350M  350M     0 100% /snap/gnome-3-38-2004/140
/dev/loop6      497M  497M     0 100% /snap/gnome-42-2204/141
/dev/loop4      106M  106M     0 100% /snap/core/16574
/dev/loop15      75M   75M     0 100% /snap/core22/1122
/dev/loop14     350M  350M     0 100% /snap/gnome-3-38-2004/143
/dev/loop16      41M   41M     0 100% /snap/snapd/20671
/dev/nvme0n1p1  511M  6,1M  505M   2% /boot/efi
tmpfs           1,6G   44K  1,6G   1% /run/user/1001
/dev/loop18      13M   13M     0 100% /snap/nmap/3262
/dev/loop10      40M   40M     0 100% /snap/snapd/21184
/dev/loop17      13M   13M     0 100% /snap/snap-store/1113
/dev/sdg        968M  101M  817M  11% /mnt/usb
/dev/sdh        968M   44K  918M   1% /media/bsp/storage
bsp@L-189:~$
bsp@L-189:~$ sudo mount /dev/sdh /mnt/usb
bsp@L-189:~$ df -h
Filesystem      Size  Used Avail Use% Mounted on
udev            7,7G     0  7,7G   0% /dev
tmpfs           1,6G  2,2M  1,6G   1% /run
/dev/nvme0n1p2  938G  783G  108G  88% /
tmpfs           7,7G     0  7,7G   0% /dev/shm
tmpfs           5,0M  8,0K  5,0M   1% /run/lock
tmpfs           7,7G     0  7,7G   0% /sys/fs/cgroup
/dev/loop0       64M   64M     0 100% /snap/core20/2105
/dev/loop1      128K  128K     0 100% /snap/bare/5
/dev/loop2       64M   64M     0 100% /snap/core20/2182
/dev/loop3      106M  106M     0 100% /snap/core/16202
/dev/loop8       92M   92M     0 100% /snap/gtk-common-themes/1535
/dev/loop11      13M   13M     0 100% /snap/nmap/3226
/dev/loop12      13M   13M     0 100% /snap/snap-store/959
/dev/loop7      497M  497M     0 100% /snap/gnome-42-2204/132
/dev/loop13      75M   75M     0 100% /snap/core22/1033
/dev/loop5      350M  350M     0 100% /snap/gnome-3-38-2004/140
/dev/loop6      497M  497M     0 100% /snap/gnome-42-2204/141
/dev/loop4      106M  106M     0 100% /snap/core/16574
/dev/loop15      75M   75M     0 100% /snap/core22/1122
/dev/loop14     350M  350M     0 100% /snap/gnome-3-38-2004/143
/dev/loop16      41M   41M     0 100% /snap/snapd/20671
/dev/nvme0n1p1  511M  6,1M  505M   2% /boot/efi
tmpfs           1,6G   44K  1,6G   1% /run/user/1001
/dev/loop18      13M   13M     0 100% /snap/nmap/3262
/dev/loop10      40M   40M     0 100% /snap/snapd/21184
/dev/loop17      13M   13M     0 100% /snap/snap-store/1113
/dev/sdh        968M   44K  918M   1% /mnt/usb
bsp@L-189:~$ sudo cp file-100m /mnt/usb/file-100m_from_host
bsp@L-189:~$ sudo cp /mnt/usb/file-100m_from_host ./file-100m_from_board
bsp@L-189:~$ md5sum file-100m file-100m_from_board
502c6075dc241d61a402c75f42989b1e  file-100m
502c6075dc241d61a402c75f42989b1e  file-100m_from_board
bsp@L-189:~$ sudo umount /mnt/usb
bsp@L-189:~$



---------- BOARD -----------

root@ebisu:~# rmmod g_mass_storage
root@ebisu:~# rmmod g_printer
root@ebisu:~#
 
 
#### Result: OK ####
