root@ebisu:~#          Stopping Session c2 of User root...
[  OK  ] Removed slice Slice /system/modprobe.
[  OK  ] Removed slice Slice /system/weston.
[  OK  ] Stopped target Graphical Interface.
[  OK  ] Stopped target Multi-User System.
[  OK  ] Stopped target Login Prompts.
[  OK  ] Stopped target Host and Network Name Lookups.
[  OK  ] Stopped target RPC Port Mapper.
[  OK  ] Stopped target System Time Set.
[  OK  ] Stopped target Timer Units.
[  OK  ] Stopped Daily Cleanup of Temporary Directories.
[  OK  ] Stopped target Hardware activated USB gadget.
[  OK  ] Closed Load/Save RF Kill Switch Status /dev/rfkill Watch.
         Stopping Avahi mDNS/DNS-SD Stack...
         Stopping Getty on tty1...
         Stopping Getty on tty2...
         Stopping optee services...
         Stopping Serial Getty on ttySC0...
         Stopping set_default_governor.service...
         Stopping Load/Save OS Random Seed...
         Stopping Xinetd A Powerful Replacement For Inetd...
[  OK  ] Stopped Avahi mDNS/DNS-SD Stack.
[  OK  ] Stopped Xinetd A Powerful Replacement For Inetd.
[  OK  ] Stopped Getty on tty1.
[  OK  ] Stopped Serial Getty on ttySC0.
[  OK  ] Stopped Getty on tty2.
[  OK  ] Stopped optee services.
[  OK  ] Stopped set_default_governor.service.
[  OK  ] Stopped Load/Save OS Random Seed.
[  OK  ] Stopped Session c2 of User root.
[  OK  ] Removed slice Slice /system/getty.
[  OK  ] Removed slice Slice /system/serial-getty.
         Stopping User Login Management...
         Stopping Permit User Sessions...
         Stopping User Manager for UID 0...
[  OK  ] Stopped User Login Management.
[  OK  ] Stopped User Manager for UID 0.
[  OK  ] Stopped Permit User Sessions.
[  OK  ] Stopped target Network.
[  OK  ] Stopped target Remote File Systems.
         Stopping Network Configuration...
         Stopping User Runtime Directory /run/user/0...
[  OK  ] Stopped Network Configuration.
[  OK  ] Stopped target Preparation for Network.
[  OK  ] Unmounted /run/user/0.
[  OK  ] Stopped User Runtime Directory /run/user/0.
[  OK  ] Removed slice User Slice of UID 0.
         Stopping D-Bus System Message Bus...
[  OK  ] Stopped D-Bus System Message Bus.
[  OK  ] Stopped target Basic System.
[  OK  ] Stopped target Path Units.
[  OK  ] Stopped Dispatch Password Requests to Console Directory Watch.
[  OK  ] Stopped Forward Password Requests to Wall Directory Watch.
[  OK  ] Stopped target Slice Units.
[  OK  ] Removed slice User and Session Slice.
[  OK  ] Stopped target Socket Units.
[  OK  ] Closed Avahi mDNS/DNS-SD Stack Activation Socket.
[  OK  ] Closed D-Bus System Message Bus Socket.
[  OK  ] Closed dropbear.socket.
[  OK  ] Stopped target System Initialization.
[  OK  ] Closed Network Service Netlink Socket.
         Stopping Network Name Resolution...
         Stopping Network Time Synchronization...
[  OK  ] Stopped Network Name Resolution.
[  OK  ] Stopped Network Time Synchronization.
[  OK  ] Stopped Apply Kernel Variables.
[  OK  ] Stopped Load Kernel Modules.
[  OK  ] Stopped Create Volatile Files and Directories.
[  OK  ] Stopped target Local File Systems.
         Unmounting Temporary Directory /tmp...
         Unmounting /var/volatile...
[  OK  ] Unmounted /var/volatile.
[  OK  ] Stopped target Preparation for Local File Systems.
[  OK  ] Stopped Remount Root and Kernel File Systems.
[  OK  ] Stopped Create Static Device Nodes in /dev.
[  OK  ] Stopped Create Static Device Nodes in /dev gracefully.
[FAILED] Failed unmounting Temporary Directory /tmp.
[  OK  ] Stopped target Swaps.
[  OK  ] Reached target System Shutdown.
[  OK  ] Reached target Unmount All Filesystems.
[  OK  ] Reached target Late Shutdown Services.
[  OK  ] Finished System Reboot.
[  OK  ] Reached target System Reboot.
[ 7253.431056] watchdog: watchdog0: watchdog did not stop!
[ 7253.474019] systemd-shutdown[1]: Using hardware watchdog 'Renesas WDT Watchdog', version 0, device /dev/watchdog0
[ 7253.484446] systemd-shutdown[1]: Watchdog running with a timeout of 1min.
[ 7253.563445] systemd-shutdown[1]: Syncing filesystems and block devices.
[ 7253.570370] systemd-shutdown[1]: Sending SIGTERM to remaining processes...
[ 7253.602498] systemd-journald[314]: Received SIGTERM from PID 1 (systemd-shutdow).
[ 7253.611757] audit: type=1335 audit(1721120707.887:3): pid=314 uid=0 auid=4294967295 tty=(none) ses=4294967295 comm="systemd-journal" exe="/usr/lib/systemd/systemd-journald" nl-mcgrp=1 op=disconnect res=1
[ 7253.632189] systemd-shutdown[1]: Sending SIGKILL to remaining processes...
[ 7253.661545] systemd-shutdown[1]: Unmounting file systems.
[ 7253.669472] (sd-umount)[1557]: Unmounting '/tmp'.
[ 7253.678083] (sd-umount)[1558]: Unmounting '/tmp'.
[ 7253.684530] systemd-shutdown[1]: All filesystems unmounted.
[ 7253.690178] systemd-shutdown[1]: Deactivating swaps.
[ 7253.695269] systemd-shutdown[1]: All swaps deactivated.
[ 7253.700524] systemd-shutdown[1]: Detaching loop devices.
[ 7253.713910] systemd-shutdown[1]: All loop devices detached.
[ 7253.719556] systemd-shutdown[1]: Stopping MD devices.
[ 7253.729713] systemd-shutdown[1]: All MD devices stopped.
[ 7253.735090] systemd-shutdown[1]: Detaching DM devices.
[ 7253.745911] systemd-shutdown[1]: All DM devices detached.
[ 7253.751366] systemd-shutdown[1]: All filesystems, swaps, loop devices, MD devices and DM devices detached.
[ 7253.765426] systemd-shutdown[1]: Syncing filesystems and block devices.
[ 7253.772238] systemd-shutdown[1]: Rebooting.
[ 7253.814836] reboot: Restarting system
NOTICE:  BL2: R-Car Gen3 Initial Program Loader(CA57) Rev.4.0.0
NOTICE:  BL2: PRR is R-Car M3 Ver.3.0
NOTICE:  BL2: Board is Salvator-XS Rev.1.0
NOTICE:  BL2: Boot device is HyperFlash(160MHz)
NOTICE:  BL2: LCM state is CM
NOTICE:  AVS setting succeeded. DVFS_SetVID=0x53
NOTICE:  BL2: DDR3200(rev.0.42)
NOTICE:  BL2: [COLD_BOOT]
NOTICE:  BL2: DRAM Split is 2ch
NOTICE:  BL2: QoS is default setting(rev.0.04)
NOTICE:  BL2: DRAM refresh interval 1.95 usec
NOTICE:  BL2: Periodic Write DQ Training
NOTICE:  BL2: CH0: 400000000 - 4ffffffff, 4 GiB
NOTICE:  BL2: CH2: 600000000 - 6ffffffff, 4 GiB
NOTICE:  BL2: FDT at 0xe6325f78
NOTICE:  BL2: v2.9(release):9cdb21f75-dirty
NOTICE:  BL2: Built : 01:32:21, Jun 29 2024
NOTICE:  BL2: Normal boot
NOTICE:  BL2: dst=0xe6325800 src=0x8180000 len=512(0x200)
NOTICE:  BL2: dst=0x43f00000 src=0x8180400 len=6144(0x1800)
NOTICE:  rcar_file_len: len: 0x0003e000
NOTICE:  BL2: dst=0x44000000 src=0x81c0000 len=253952(0x3e000)
NOTICE:  rcar_file_len: len: 0x00200000
NOTICE:  BL2: dst=0x44100000 src=0x8200000 len=2097152(0x200000)
NOTICE:  rcar_file_len: len: 0x00100000
NOTICE:  BL2: dst=0x50000000 src=0x8640000 len=1048576(0x100000)
NOTICE:  BL2: Booting BL31


U-Boot 2020.10 (Jun 29 2024 - 01:32:54 +0000)

CPU: Renesas Electronics R8A7796 rev 3.0
Model: Renesas Salvator-X 2nd version board based on r8a77961
DRAM:  7.9 GiB
RAM Configuration:
Bank #0: 0x048000000 - 0x0bfffffff, 1.9 GiB
Bank #1: 0x480000000 - 0x4ffffffff, 2 GiB
Bank #2: 0x600000000 - 0x6ffffffff, 4 GiB

MMC:   mmc@ee100000: 0, mmc@ee140000: 1, mmc@ee160000: 2
Loading Environment from MMC... OK
In:    serial@e6e88000
Out:   serial@e6e88000
Err:   serial@e6e88000
Net:   eth0: ethernet@e6800000
Hit any key to stop autoboot:  0
ethernet@e6800000 Waiting for PHY auto negotiation to complete.......... done
Using ethernet@e6800000 device
TFTP from server 192.168.8.8; our IP address is 192.168.8.56
Filename 'long.trinh-tien/E3/Image_USB3F'.
Load address: 0x48080000
Loading: #################################################################
         #################################################################
         #################################################################
         #################################################################
         #################################################################
         #################################################################
         #################################################################
         #################################################################
         #################################################################
         #################################################################
         #################################################################
         #################################################################
         #################################################################
         #################################################################
         #################################################################
         #################################################################
         #################################################################
         #################################################################
         #################################################################
         #################################################################
         #################################################################
         #################################################################
         #################################################################
         #################################################################
         #################################################################
         #################################################################
         #################################################################
         #################################################################
         #################################################################
         #################################################################
         #################################################################
         #################################################################
         #################################################################
         #################################################################
         #################################################################
         #############
         2.2 MiB/s
done
Bytes transferred = 33587712 (2008200 hex)
Using ethernet@e6800000 device
TFTP from server 192.168.8.8; our IP address is 192.168.8.56
Filename 'thuan.ha-nhu/M3/r8a77961-salvator-xs.dtb'.
Load address: 0x48000000
Loading: ######
         2.6 MiB/s
done
Bytes transferred = 77800 (12fe8 hex)
Moving Image from 0x48080000 to 0x48200000, end=4a290000
## Flattened Device Tree blob at 48000000
   Booting using the fdt blob at 0x48000000
   Loading Device Tree to 0000000053fea000, end 0000000053ffffe7 ... OK

Starting kernel ...

[    0.000000] Booting Linux on physical CPU 0x0000000000 [0x411fd073]
[    0.000000] Linux version 5.10.218-yocto-standard-00832-ga6b0abad730d-dirty (rvc@L410730-CL011) (aarch64-poky-linux-gcc (GCC) 13.2.0, GNU ld (GNU Binutils) 2.42.0.20240216) #5 SMP PREEMPT Tue Jul 9 15:53:41 +07 2024
[    0.000000] Machine model: Renesas Salvator-X 2nd version board based on r8a77961
[    0.000000] efi: UEFI not found.
[    0.000000] Reserved memory: created CMA memory pool at 0x0000000057000000, size 16 MiB
[    0.000000] OF: reserved mem: initialized node linux,adsp@57000000, compatible id shared-dma-pool
[    0.000000] Reserved memory: created CMA memory pool at 0x0000000058000000, size 384 MiB
[    0.000000] OF: reserved mem: initialized node linux,cma@58000000, compatible id shared-dma-pool
[    0.000000] Reserved memory: created CMA memory pool at 0x0000000070000000, size 256 MiB
[    0.000000] OF: reserved mem: initialized node linux,multimedia@70000000, compatible id shared-dma-pool
[    0.000000] NUMA: No NUMA configuration found
[    0.000000] NUMA: Faking a node at [mem 0x0000000048000000-0x00000006ffffffff]
[    0.000000] NUMA: NODE_DATA [mem 0x6fefe9b00-0x6fefebfff]
[    0.000000] Zone ranges:
[    0.000000]   DMA      [mem 0x0000000048000000-0x00000000ffffffff]
[    0.000000]   DMA32    empty
[    0.000000]   Normal   [mem 0x0000000100000000-0x00000006ffffffff]
[    0.000000] Movable zone start for each node
[    0.000000] Early memory node ranges
[    0.000000]   node   0: [mem 0x0000000048000000-0x0000000053ffffff]
[    0.000000]   node   0: [mem 0x0000000054000000-0x0000000056ffffff]
[    0.000000]   node   0: [mem 0x0000000057000000-0x00000000bfffffff]
[    0.000000]   node   0: [mem 0x0000000480000000-0x00000004ffffffff]
[    0.000000]   node   0: [mem 0x0000000600000000-0x00000006ffffffff]
[    0.000000] Initmem setup node 0 [mem 0x0000000048000000-0x00000006ffffffff]
[    0.000000] psci: probing for conduit method from DT.
[    0.000000] psci: PSCIv1.1 detected in firmware.
[    0.000000] psci: Using standard PSCI v0.2 function IDs
[    0.000000] psci: Trusted OS resident on physical CPU 0x0
[    0.000000] psci: SMC Calling Convention v1.2
[    0.000000] percpu: Embedded 23 pages/cpu s56984 r8192 d29032 u94208
[    0.000000] Detected PIPT I-cache on CPU0
[    0.000000] CPU features: detected: EL2 vector hardening
[    0.000000] CPU features: detected: Spectre-v2
[    0.000000] CPU features: detected: ARM errata 1165522, 1319367, or 1530923
[    0.000000] CPU features: detected: Spectre-BHB
[    0.000000] CPU features: detected: ARM erratum 1742098
[    0.000000] Built 1 zonelists, mobility grouping on.  Total pages: 2032128
[    0.000000] Policy zone: Normal
[    0.000000] Kernel command line: rw root=/dev/nfs nfsroot=192.168.8.8:/tftpboot/D3_thuan_ha/rootfs,nfsvers=4 ip=192.168.8.20 baudrate=115200
[    0.000000] Dentry cache hash table entries: 1048576 (order: 11, 8388608 bytes, linear)
[    0.000000] Inode-cache hash table entries: 524288 (order: 10, 4194304 bytes, linear)
[    0.000000] mem auto-init: stack:all(zero), heap alloc:off, heap free:off
[    0.000000] software IO TLB: mapped [mem 0x00000000bc000000-0x00000000c0000000] (64MB)
[    0.000000] Memory: 7276904K/8257536K available (15488K kernel code, 2848K rwdata, 8208K rodata, 6144K init, 520K bss, 308888K reserved, 671744K cma-reserved)
[    0.000000] SLUB: HWalign=64, Order=0-3, MinObjects=0, CPUs=6, Nodes=1
[    0.000000] rcu: Preemptible hierarchical RCU implementation.
[    0.000000] rcu:     RCU event tracing is enabled.
[    0.000000] rcu:     RCU restricting CPUs from NR_CPUS=256 to nr_cpu_ids=6.
[    0.000000]  Trampoline variant of Tasks RCU enabled.
[    0.000000] rcu: RCU calculated value of scheduler-enlistment delay is 25 jiffies.
[    0.000000] rcu: Adjusting geometry for rcu_fanout_leaf=16, nr_cpu_ids=6
[    0.000000] NR_IRQS: 64, nr_irqs: 64, preallocated irqs: 0
[    0.000000] arch_timer: cp15 timer(s) running at 8.32MHz (virt).
[    0.000000] clocksource: arch_sys_counter: mask: 0xffffffffffffff max_cycles: 0x1eb398c07, max_idle_ns: 440795202503 ns
[    0.000003] sched_clock: 56 bits at 8MHz, resolution 120ns, wraps every 2199023255503ns
[    0.000216] Console: colour dummy device 80x25
[    0.000415] printk: console [tty0] enabled
[    0.000496] Calibrating delay loop (skipped), value calculated using timer frequency.. 16.64 BogoMIPS (lpj=33280)
[    0.000515] pid_max: default: 32768 minimum: 301
[    0.000568] LSM: Security Framework initializing
[    0.000659] Mount-cache hash table entries: 16384 (order: 5, 131072 bytes, linear)
[    0.000711] Mountpoint-cache hash table entries: 16384 (order: 5, 131072 bytes, linear)
[    0.002175] rcu: Hierarchical SRCU implementation.
[    0.003708] Detected Renesas R-Car Gen3 r8a77961 ES3.0
[    0.016376] EFI services will not be available.
[    0.016724] smp: Bringing up secondary CPUs ...
[    0.017216] Detected PIPT I-cache on CPU1
[    0.017277] CPU1: Booted secondary processor 0x0000000001 [0x411fd073]
[    0.017835] CPU features: detected: ARM erratum 845719
[    0.017850] Detected VIPT I-cache on CPU2
[    0.017906] CPU2: Booted secondary processor 0x0000000100 [0x410fd034]
[    0.018407] Detected VIPT I-cache on CPU3
[    0.018434] CPU3: Booted secondary processor 0x0000000101 [0x410fd034]
[    0.018893] Detected VIPT I-cache on CPU4
[    0.018920] CPU4: Booted secondary processor 0x0000000102 [0x410fd034]
[    0.019390] Detected VIPT I-cache on CPU5
[    0.019418] CPU5: Booted secondary processor 0x0000000103 [0x410fd034]
[    0.019500] smp: Brought up 1 node, 6 CPUs
[    0.019554] SMP: Total of 6 processors activated.
[    0.019562] CPU features: detected: 32-bit EL0 Support
[    0.019570] CPU features: detected: CRC32 instructions
[    0.019577] CPU features: detected: 32-bit EL1 Support
[    0.033054] CPU: All CPU(s) started at EL1
[    0.033110] alternatives: patching kernel code
[    0.034097] devtmpfs: initialized
[    0.040671] KASLR disabled due to lack of seed
[    0.040856] clocksource: jiffies: mask: 0xffffffff max_cycles: 0xffffffff, max_idle_ns: 7645041785100000 ns
[    0.040879] futex hash table entries: 2048 (order: 5, 131072 bytes, linear)
[    0.049523] pinctrl core: initialized pinctrl subsystem
[    0.050976] DMI not present or invalid.
[    0.051491] NET: Registered protocol family 16
[    0.052322] DMA: preallocated 1024 KiB GFP_KERNEL pool for atomic allocations
[    0.052499] DMA: preallocated 1024 KiB GFP_KERNEL|GFP_DMA pool for atomic allocations
[    0.052762] DMA: preallocated 1024 KiB GFP_KERNEL|GFP_DMA32 pool for atomic allocations
[    0.052810] audit: initializing netlink subsys (disabled)
[    0.052999] audit: type=2000 audit(0.044:1): state=initialized audit_enabled=0 res=1
[    0.054151] thermal_sys: Registered thermal governor 'power_allocator'
[    0.054743] cpuidle: using governor menu
[    0.054903] hw-breakpoint: found 6 breakpoint and 4 watchpoint registers.
[    0.055003] ASID allocator initialised with 65536 entries
[    0.056416] Serial: AMBA PL011 UART driver
[    0.092233] sh-pfc e6060000.pinctrl: r8a77961_pfc support registered
[    0.103936] HugeTLB registered 1.00 GiB page size, pre-allocated 0 pages
[    0.103951] HugeTLB registered 32.0 MiB page size, pre-allocated 0 pages
[    0.103959] HugeTLB registered 2.00 MiB page size, pre-allocated 0 pages
[    0.103966] HugeTLB registered 64.0 KiB page size, pre-allocated 0 pages
[    0.105137] cryptd: max_cpu_qlen set to 1000
[    0.107453] ACPI: Interpreter disabled.
[    0.111180] rcar-avs: use avs value: 0
[    0.111205] rcar-avs: cpu@0 is running with: opp_table0
[    0.111216] rcar-avs: cpu@1 is running with: opp_table0
[    0.111306] rcar-avs: gsx@fd000000 is running with: gsx_opp_table0
[    0.112710] iommu: Default domain type: Translated
[    0.113327] ipmmu-vmsa e67b0000.iommu: IPMMU context 0 is reserved
[    0.114436] vgaarb: loaded
[    0.114670] SCSI subsystem initialized
[    0.114926] usbcore: registered new interface driver usbfs
[    0.114953] usbcore: registered new interface driver hub
[    0.114978] usbcore: registered new device driver usb
[    0.118664] i2c-sh_mobile e60b0000.i2c: I2C adapter 7, bus speed 400000 Hz
[    0.119190] mc: Linux media interface: v0.10
[    0.119214] videodev: Linux video capture interface: v2.00
[    0.119263] pps_core: LinuxPPS API ver. 1 registered
[    0.119271] pps_core: Software ver. 5.3.6 - Copyright 2005-2007 Rodolfo Giometti <giometti@linux.it>
[    0.119285] PTP clock support registered
[    0.119471] EDAC MC: Ver: 3.0.0
[    0.121334] FPGA manager framework
[    0.121403] Advanced Linux Sound Architecture Driver Initialized.
[    0.121958] clocksource: Switched to clocksource arch_sys_counter
[    0.122111] VFS: Disk quotas dquot_6.6.0
[    0.122158] VFS: Dquot-cache hash table entries: 512 (order 0, 4096 bytes)
[    0.122297] pnp: PnP ACPI: disabled
[    0.125684] NET: Registered protocol family 2
[    0.126137] IP idents hash table entries: 131072 (order: 8, 1048576 bytes, linear)
[    0.128330] tcp_listen_portaddr_hash hash table entries: 4096 (order: 4, 65536 bytes, linear)
[    0.128415] TCP established hash table entries: 65536 (order: 7, 524288 bytes, linear)
[    0.128699] TCP bind hash table entries: 65536 (order: 8, 1048576 bytes, linear)
[    0.129315] TCP: Hash tables configured (established 65536 bind 65536)
[    0.129451] UDP hash table entries: 4096 (order: 5, 131072 bytes, linear)
[    0.129574] UDP-Lite hash table entries: 4096 (order: 5, 131072 bytes, linear)
[    0.129797] NET: Registered protocol family 1
[    0.130172] RPC: Registered named UNIX socket transport module.
[    0.130189] RPC: Registered udp transport module.
[    0.130195] RPC: Registered tcp transport module.
[    0.130201] RPC: Registered tcp NFSv4.1 backchannel transport module.
[    0.130216] PCI: CLS 0 bytes, default 64
[    0.131005] hw perfevents: enabled with armv8_cortex_a53 PMU driver, 7 counters available
[    0.131261] hw perfevents: enabled with armv8_cortex_a57 PMU driver, 7 counters available
[    0.131765] kvm [1]: HYP mode not available
[    0.134592] Initialise system trusted keyrings
[    0.134741] workingset: timestamp_bits=42 max_order=21 bucket_order=0
[    0.137770] squashfs: version 4.0 (2009/01/31) Phillip Lougher
[    0.138237] NFS: Registering the id_resolver key type
[    0.138268] Key type id_resolver registered
[    0.138274] Key type id_legacy registered
[    0.138334] nfs4filelayout_init: NFSv4 File Layout Driver Registering...
[    0.138343] nfs4flexfilelayout_init: NFSv4 Flexfile Layout Driver Registering...
[    0.138477] 9p: Installing v9fs 9p2000 file system support
[    0.164439] Key type asymmetric registered
[    0.164456] Asymmetric key parser 'x509' registered
[    0.164495] Block layer SCSI generic (bsg) driver version 0.4 loaded (major 243)
[    0.164506] io scheduler mq-deadline registered
[    0.164515] io scheduler kyber registered
[    0.176864] gpio_rcar e6050000.gpio: driving 16 GPIOs
[    0.177253] gpio_rcar e6051000.gpio: driving 29 GPIOs
[    0.177550] gpio_rcar e6052000.gpio: driving 15 GPIOs
[    0.177842] gpio_rcar e6053000.gpio: driving 16 GPIOs
[    0.178167] gpio_rcar e6054000.gpio: driving 18 GPIOs
[    0.178462] gpio_rcar e6055000.gpio: driving 26 GPIOs
[    0.178749] gpio_rcar e6055400.gpio: driving 32 GPIOs
[    0.179019] gpio_rcar e6055800.gpio: driving 4 GPIOs
[    0.181774] rcar-pcie fe000000.pcie: host bridge /soc/pcie@fe000000 ranges:
[    0.181809] rcar-pcie fe000000.pcie:       IO 0x00fe100000..0x00fe1fffff -> 0x0000000000
[    0.181832] rcar-pcie fe000000.pcie:      MEM 0x00fe200000..0x00fe3fffff -> 0x00fe200000
[    0.181851] rcar-pcie fe000000.pcie:      MEM 0x0030000000..0x0037ffffff -> 0x0030000000
[    0.181865] rcar-pcie fe000000.pcie:      MEM 0x0038000000..0x003fffffff -> 0x0038000000
[    0.181881] rcar-pcie fe000000.pcie:   IB MEM 0x0040000000..0x00bfffffff -> 0x0040000000
[    0.181933] rcar-pcie fe000000.pcie: no pcie3v3 regulator found
[    0.181944] rcar-pcie fe000000.pcie: no pcie1v8 regulator found
[    0.249677] rcar-pcie fe000000.pcie: PCIe link down
[    0.249868] rcar-pcie ee800000.pcie: host bridge /soc/pcie@ee800000 ranges:
[    0.249891] rcar-pcie ee800000.pcie:       IO 0x00ee900000..0x00ee9fffff -> 0x0000000000
[    0.249911] rcar-pcie ee800000.pcie:      MEM 0x00eea00000..0x00eebfffff -> 0x00eea00000
[    0.249929] rcar-pcie ee800000.pcie:      MEM 0x00c0000000..0x00c7ffffff -> 0x00c0000000
[    0.249942] rcar-pcie ee800000.pcie:      MEM 0x00c8000000..0x00cfffffff -> 0x00c8000000
[    0.249974] rcar-pcie ee800000.pcie:   IB MEM 0x0040000000..0x00bfffffff -> 0x0040000000
[    0.250009] rcar-pcie ee800000.pcie: no pcie3v3 regulator found
[    0.250019] rcar-pcie ee800000.pcie: no pcie1v8 regulator found
[    0.317655] rcar-pcie ee800000.pcie: PCIe link down
[    0.319681] EINJ: ACPI disabled.
[    0.349922] Serial: 8250/16550 driver, 4 ports, IRQ sharing enabled
[    0.352217] SuperH (H)SCI(F) driver initialized
[    0.352655] e6550000.serial: ttySC1 at MMIO 0xe6550000 (irq = 40, base_baud = 0) is a hscif
[    0.353490] e6e88000.serial: ttySC0 at MMIO 0xe6e88000 (irq = 123, base_baud = 0) is a scif
[    1.519821] printk: console [ttySC0] enabled
[    1.525275] msm_serial: driver initialized
[    1.534591] rcar-dw-hdmi fead0000.hdmi: Detected HDMI TX controller v2.01a with HDCP (DWC HDMI 2.0 TX PHY)
[    1.544514] rcar-dw-hdmi fead0000.hdmi: registered DesignWare HDMI I2C bus driver
[    1.560121] loop: module loaded
[    1.564693] megasas: 07.714.04.00-rc1
[    1.573812] tun: Universal TUN/TAP device driver, 1.6
[    1.579682] thunder_xcv, ver 1.0
[    1.582944] thunder_bgx, ver 1.0
[    1.586192] nicpf, ver 1.0
[    1.590071] hclge is initializing
[    1.593402] hns3: Hisilicon Ethernet Network Driver for Hip08 Family - version
[    1.600625] hns3: Copyright (c) 2017 Huawei Corporation.
[    1.605969] e1000: Intel(R) PRO/1000 Network Driver
[    1.610847] e1000: Copyright (c) 1999-2006 Intel Corporation.
[    1.616616] e1000e: Intel(R) PRO/1000 Network Driver
[    1.621586] e1000e: Copyright(c) 1999 - 2015 Intel Corporation.
[    1.627529] igb: Intel(R) Gigabit Ethernet Network Driver
[    1.632928] igb: Copyright (c) 2007-2014 Intel Corporation.
[    1.638513] igbvf: Intel(R) Gigabit Virtual Function Network Driver
[    1.644780] igbvf: Copyright (c) 2009 - 2012 Intel Corporation.
[    1.651043] sky2: driver version 1.30
[    1.658713] ravb e6800000.ethernet eth0: Base address at 0xe6800000, 2e:09:0a:03:99:2c, IRQ 120.
[    1.668888] VFIO - User Level meta-driver version: 0.3
[    1.675865] ehci_hcd: USB 2.0 'Enhanced' Host Controller (EHCI) Driver
[    1.682417] ehci-pci: EHCI PCI platform driver
[    1.686883] ehci-platform: EHCI generic platform driver
[    1.692566] ehci-platform ee0a0100.usb: EHCI Host Controller
[    1.698256] ehci-platform ee0a0100.usb: new USB bus registered, assigned bus number 1
[    1.706187] ehci-platform ee0a0100.usb: irq 170, io mem 0xee0a0100
[    1.725966] ehci-platform ee0a0100.usb: USB 2.0 started, EHCI 1.10
[    1.732518] hub 1-0:1.0: USB hub found
[    1.736293] hub 1-0:1.0: 1 port detected
[    1.740711] ehci-orion: EHCI orion driver
[    1.744984] ehci-exynos: EHCI Exynos driver
[    1.749280] ohci_hcd: USB 1.1 'Open' Host Controller (OHCI) Driver
[    1.755479] ohci-pci: OHCI PCI platform driver
[    1.759970] ohci-platform: OHCI generic platform driver
[    1.765566] ohci-platform ee0a0000.usb: Generic Platform OHCI controller
[    1.772286] ohci-platform ee0a0000.usb: new USB bus registered, assigned bus number 2
[    1.780170] ohci-platform ee0a0000.usb: irq 170, io mem 0xee0a0000
[    1.876273] hub 2-0:1.0: USB hub found
[    1.880046] hub 2-0:1.0: 1 port detected
[    1.884395] ohci-exynos: OHCI Exynos driver
[    1.888844] usbcore: registered new interface driver usb-storage
[    1.896265] renesas_usbhs e6590000.usb: host probed
[    1.901163] renesas_usbhs e6590000.usb: no transceiver found
[    1.906894] renesas_usbhs e6590000.usb: gadget probed
[    1.912132] renesas_usbhs e6590000.usb: probed
[    1.917717] renesas_usb3 ee020000.usb: probed with phy
[    1.924806] i2c /dev entries driver
[    1.939168] cs2000-cp 2-004f: revision - C1
[    1.943441] i2c-rcar e6510000.i2c: probed
[    1.948351] pca953x 4-0020: supply vcc not found, using dummy regulator
[    1.955061] pca953x 4-0020: using no AI
[    1.965747] i2c-rcar e66d8000.i2c: probed
[    1.971135] adv748x 4-0070: Endpoint /soc/i2c@e66d8000/video-receiver@70/port@7/endpoint on port 7
[    1.980126] adv748x 4-0070: Endpoint /soc/i2c@e66d8000/video-receiver@70/port@8/endpoint on port 8
[    1.989096] adv748x 4-0070: Endpoint /soc/i2c@e66d8000/video-receiver@70/port@a/endpoint on port 10
[    1.998160] adv748x 4-0070: Endpoint /soc/i2c@e66d8000/video-receiver@70/port@b/endpoint on port 11
[    2.007550] adv748x 4-0070: chip found @ 0xe0 revision 2143
[    2.060932] rcar-csi2 fea80000.csi2: 1 lanes found
[    2.066186] rcar-csi2 feaa0000.csi2: 4 lanes found
[    2.075816] rcar-vin e6ef0000.video: Device registered as video0
[    2.081917] rcar-vin e6ef1000.video: Device registered as video1
[    2.087997] rcar-vin e6ef2000.video: Device registered as video2
[    2.094078] rcar-vin e6ef3000.video: Device registered as video3
[    2.100153] rcar-vin e6ef4000.video: Device registered as video4
[    2.106229] rcar-vin e6ef5000.video: Device registered as video5
[    2.112304] rcar-vin e6ef6000.video: Device registered as video6
[    2.118382] rcar-vin e6ef7000.video: Device registered as video7
[    2.126862] rcar_gen3_thermal e6198000.thermal: is using pseudo fixed FUSE values
[    2.139058] rcar_gen3_thermal e6198000.thermal: TSC0: Loaded 1 trip points
[    2.150481] rcar_gen3_thermal e6198000.thermal: TSC1: Loaded 1 trip points
[    2.161723] rcar_gen3_thermal e6198000.thermal: TSC2: Loaded 3 trip points
[    2.173462] sdhci: Secure Digital Host Controller Interface driver
[    2.179679] sdhci: Copyright(c) Pierre Ossman
[    2.184928] renesas_sdhi_internal_dmac ee100000.mmc: Got CD GPIO
[    2.190969] renesas_sdhi_internal_dmac ee100000.mmc: Got WP GPIO
[    2.198579] renesas_sdhi_internal_dmac ee140000.mmc: Adding to iommu group 0
[    2.205680] renesas_sdhi_internal_dmac ee140000.mmc: Using IPMMU context 1
[    2.261599] renesas_sdhi_internal_dmac ee140000.mmc: mmc0 base at 0x00000000ee140000, max clock rate 200 MHz
[    2.272238] renesas_sdhi_internal_dmac ee160000.mmc: Got CD GPIO
[    2.278304] renesas_sdhi_internal_dmac ee160000.mmc: Got WP GPIO
[    2.286662] Synopsys Designware Multimedia Card Interface Driver
[    2.293853] sdhci-pltfm: SDHCI platform and OF driver helper
[    2.301275] ledtrig-cpu: registered to indicate activity on CPUs
[    2.308118] SMCCC: SOC_ID: ARCH_SOC_ID not implemented, skipping ....
[    2.315089] usbcore: registered new interface driver usbhid
[    2.320684] usbhid: USB HID core driver
[    2.327808] optee: probing for conduit method.
[    2.332291] optee: revision 3.22 (314ecf9d)
[    2.332721] optee driver R-Car Rev.1.0.11
[    2.341304] optee: dynamic shared memory is enabled
[    2.346476] optee: initialized driver
[    2.363800] rcar_sound ec500000.sound: probed
[    2.368949] NET: Registered protocol family 17
[    2.373532] 9pnet: Installing 9P2000 support
[    2.374880] mmc0: new HS400 MMC card at address 0001
[    2.377862] Key type dns_resolver registered
[    2.383624] mmcblk0: mmc0:0001 BGSD4R 29.1 GiB
[    2.387282] registered taskstats version 1
[    2.391984] mmcblk0boot0: mmc0:0001 BGSD4R partition 1 31.9 MiB
[    2.395697] Loading compiled-in X.509 certificates
[    2.402018] mmcblk0boot1: mmc0:0001 BGSD4R partition 2 31.9 MiB
[    2.412502] mmcblk0rpmb: mmc0:0001 BGSD4R partition 3 4.00 MiB, chardev (508:0)
[    2.415515] thermal emergency: set temperature to 110 celsius
[    2.421187]  mmcblk0: p1 p2
[    2.425960] thermal emergency: shutdown target cpus 1-5
[    2.433633] thermal emergency: freq scaled target cpus 0
[    2.439322] renesas_irqc e61c0000.interrupt-controller: driving 6 irqs
[    2.485991] ehci-platform ee080100.usb: EHCI Host Controller
[    2.491694] ehci-platform ee080100.usb: new USB bus registered, assigned bus number 3
[    2.499609] ehci-platform ee080100.usb: irq 169, io mem 0xee080100
[    2.517967] ehci-platform ee080100.usb: USB 2.0 started, EHCI 1.10
[    2.524634] hub 3-0:1.0: USB hub found
[    2.528407] hub 3-0:1.0: 1 port detected
[    2.533860] ohci-platform ee080000.usb: Generic Platform OHCI controller
[    2.540600] ohci-platform ee080000.usb: new USB bus registered, assigned bus number 4
[    2.548495] ohci-platform ee080000.usb: irq 169, io mem 0xee080000
[    2.644304] hub 4-0:1.0: USB hub found
[    2.648081] hub 4-0:1.0: 1 port detected
[    2.653469] cpu cpu0: EM: created perf domain
[    2.658455] cpu cpu2: EM: created perf domain
[    2.665413] renesas_sdhi_internal_dmac ee100000.mmc: Got CD GPIO
[    2.671485] renesas_sdhi_internal_dmac ee100000.mmc: Got WP GPIO
[    2.726538] renesas_sdhi_internal_dmac ee100000.mmc: mmc1 base at 0x00000000ee100000, max clock rate 200 MHz
[    2.738913] renesas_sdhi_internal_dmac ee160000.mmc: Got CD GPIO
[    2.744979] renesas_sdhi_internal_dmac ee160000.mmc: Got WP GPIO
[    2.799680] renesas_sdhi_internal_dmac ee160000.mmc: mmc2 base at 0x00000000ee160000, max clock rate 200 MHz
[    2.815814] [drm] Initialized rcar-du 1.0.0 20130110 for feb00000.display on minor 0
[    2.823606] [drm] Device feb00000.display probed
[    2.873110] Console: switching to colour frame buffer device 128x48
[    2.898303] rcar-du feb00000.display: [drm] fb0: rcar-dudrmfb frame buffer device
[    2.912268] input: keys as /devices/platform/keys/input/input0
[    2.992765] Micrel KSZ9031 Gigabit PHY e6800000.ethernet-ffffffff:00: attached PHY driver [Micrel KSZ9031 Gigabit PHY] (mii_bus:phy_addr=e6800000.ethernet-ffffffff:00, irq=175)
[   12.192945] ravb e6800000.ethernet eth0: Link is Up - 1Gbps/Full - flow control off
[   12.222092] IP-Config: Guessing netmask 255.255.255.0
[   12.227258] IP-Config: Complete:
[   12.230570]      device=eth0, hwaddr=2e:09:0a:03:99:2c, ipaddr=192.168.8.20, mask=255.255.255.0, gw=255.255.255.255
[   12.241204]      host=192.168.8.20, domain=, nis-domain=(none)
[   12.247158]      bootserver=255.255.255.255, rootserver=192.168.8.8, rootpath=
[   12.247415] clk: Disabling unused clocks
[   12.259881] ALSA device list:
[   12.262938]   No soundcards found.
[   13.330979] VFS: Mounted root (nfs4 filesystem) on device 0:22.
[   13.337869] devtmpfs: mounted
[   13.344168] Freeing unused kernel memory: 6144K
[   13.370143] Run /sbin/init as init process
[   13.702330] systemd[1]: System time before build time, advancing clock.
[   14.102426] NET: Registered protocol family 10
[   14.111131] Segment Routing with IPv6
[   14.157150] systemd[1]: systemd 255.4^ running in system mode (+PAM -AUDIT -SELINUX -APPARMOR +IMA -SMACK +SECCOMP -GCRYPT -GNUTLS -OPENSSL +ACL +BLKID -CURL -ELFUTILS -FIDO2 -IDN2 -IDN -IPTC +KMOD -LIBCRYPTSETUP +LIBFDISK -PCRE2 -PWQUALITY -P11KIT -QRENCODE -TPM2 -BZIP2 -LZ4 -XZ -ZLIB +ZSTD -BPF_FRAMEWORK -XKBCOMMON +UTMP +SYSVINIT default-hierarchy=unified)
[   14.197180] systemd[1]: Detected architecture arm64.

Welcome to Poky (Yocto Project Reference Distro) 5.0 (scarthgap)!

[   14.232548] systemd[1]: Hostname set to <ebisu>.
[   14.366766] systemd-sysv-generator[298]: SysV service '/etc/init.d/umountnfs.sh' lacks a native systemd unit file. ~ Automatically generating a unit file for compatibility. Please update package to include a native systemd unit file, in order to make it safe, robust and future-proof. ! This compatibility logic is deprecated, expect removal soon. !
[   14.420943] systemd-sysv-generator[298]: SysV service '/etc/init.d/set_default_governor.sh' lacks a native systemd unit file. ~ Automatically generating a unit file for compatibility. Please update package to include a native systemd unit file, in order to make it safe, robust and future-proof. ! This compatibility logic is deprecated, expect removal soon. !
[   14.477929] systemd-sysv-generator[298]: SysV service '/etc/init.d/umountfs' lacks a native systemd unit file. ~ Automatically generating a unit file for compatibility. Please update package to include a native systemd unit file, in order to make it safe, robust and future-proof. ! This compatibility logic is deprecated, expect removal soon. !
[   14.526354] systemd-sysv-generator[298]: SysV service '/etc/init.d/save-rtc.sh' lacks a native systemd unit file. ~ Automatically generating a unit file for compatibility. Please update package to include a native systemd unit file, in order to make it safe, robust and future-proof. ! This compatibility logic is deprecated, expect removal soon. !
[   14.565782] systemd-sysv-generator[298]: SysV service '/etc/init.d/reboot' lacks a native systemd unit file. ~ Automatically generating a unit file for compatibility. Please update package to include a native systemd unit file, in order to make it safe, robust and future-proof. ! This compatibility logic is deprecated, expect removal soon. !
[   14.601279] systemd-sysv-generator[298]: SysV service '/etc/init.d/halt' lacks a native systemd unit file. ~ Automatically generating a unit file for compatibility. Please update package to include a native systemd unit file, in order to make it safe, robust and future-proof. ! This compatibility logic is deprecated, expect removal soon. !
[   14.636817] systemd-sysv-generator[298]: SysV service '/etc/init.d/sendsigs' lacks a native systemd unit file. ~ Automatically generating a unit file for compatibility. Please update package to include a native systemd unit file, in order to make it safe, robust and future-proof. ! This compatibility logic is deprecated, expect removal soon. !
[   14.674528] systemd-sysv-generator[298]: SysV service '/etc/init.d/single' lacks a native systemd unit file. ~ Automatically generating a unit file for compatibility. Please update package to include a native systemd unit file, in order to make it safe, robust and future-proof. ! This compatibility logic is deprecated, expect removal soon. !
[   14.710389] systemd-sysv-generator[298]: SysV service '/etc/init.d/pvrinit' lacks a native systemd unit file. ~ Automatically generating a unit file for compatibility. Please update package to include a native systemd unit file, in order to make it safe, robust and future-proof. ! This compatibility logic is deprecated, expect removal soon. !
[   14.759647] systemd-sysv-generator[298]: SysV service '/etc/init.d/dropbear' lacks a native systemd unit file. ~ Automatically generating a unit file for compatibility. Please update package to include a native systemd unit file, in order to make it safe, robust and future-proof. ! This compatibility logic is deprecated, expect removal soon. !
[   15.302018] random: crng init done
[   15.902282] systemd[1]: Queued start job for default target Graphical Interface.
[   15.962843] systemd[1]: Created slice Slice /system/getty.
[  OK  ] Created slice Slice /system/getty.
[   15.992983] systemd[1]: Created slice Slice /system/modprobe.
[  OK  ] Created slice Slice /system/modprobe.
[   16.025232] systemd[1]: Created slice Slice /system/serial-getty.
[  OK  ] Created slice Slice /system/serial-getty.
[   16.056118] systemd[1]: Created slice User and Session Slice.
[  OK  ] Created slice User and Session Slice.
[   16.086770] systemd[1]: Started Dispatch Password Requests to Console Directory Watch.
[  OK  ] Started Dispatch Password Requests to Console Directory Watch.
[   16.118588] systemd[1]: Started Forward Password Requests to Wall Directory Watch.
[  OK  ] Started Forward Password Requests to Wall Directory Watch.
[   16.150431] systemd[1]: Reached target Path Units.
[  OK  ] Reached target Path Units.
[   16.178201] systemd[1]: Reached target Remote File Systems.
[  OK  ] Reached target Remote File Systems.
[   16.206187] systemd[1]: Reached target Slice Units.
[  OK  ] Reached target Slice Units.
[   16.234178] systemd[1]: Reached target Swaps.
[  OK  ] Reached target Swaps.
[   16.260781] systemd[1]: Listening on RPCbind Server Activation Socket.
[  OK  ] Listening on RPCbind Server Activation Socket.
[   16.290316] systemd[1]: Reached target RPC Port Mapper.
[  OK  ] Reached target RPC Port Mapper.
[   16.318721] systemd[1]: Listening on initctl Compatibility Named Pipe.
[  OK  ] Listening on initctl Compatibility Named Pipe.
[   16.353499] systemd[1]: Listening on Journal Audit Socket.
[  OK  ] Listening on Journal Audit Socket.
[   16.380746] systemd[1]: Listening on Journal Socket (/dev/log).
[  OK  ] Listening on Journal Socket (/dev/log).
[   16.411268] systemd[1]: Listening on Journal Socket.
[  OK  ] Listening on Journal Socket.
[   16.440990] systemd[1]: Listening on Network Service Netlink Socket.
[  OK  ] Listening on Network Service Netlink Socket.
[   16.475982] systemd[1]: Listening on udev Control Socket.
[  OK  ] Listening on udev Control Socket.
[   16.503208] systemd[1]: Listening on udev Kernel Socket.
[  OK  ] Listening on udev Kernel Socket.
[   16.532417] systemd[1]: Listening on User Database Manager Socket.
[  OK  ] Listening on User Database Manager Socket.
[   16.567427] systemd[1]: Mounting Huge Pages File System...
         Mounting Huge Pages File System...
[   16.600767] systemd[1]: Mounting POSIX Message Queue File System...
         Mounting POSIX Message Queue File System...
[   16.631270] systemd[1]: Mounting Kernel Debug File System...
         Mounting Kernel Debug File System...
[   16.655698] systemd[1]: Kernel Trace File System was skipped because of an unmet condition check (ConditionPathExists=/sys/kernel/tracing).
[   16.684381] systemd[1]: Mounting Temporary Directory /tmp...
         Mounting Temporary Directory /tmp...
[   16.718924] systemd[1]: Starting Create List of Static Device Nodes...
         Starting Create List of Static Device Nodes...
[   16.752051] systemd[1]: Starting Load Kernel Module configfs...
         Starting Load Kernel Module configfs...
[   16.786583] systemd[1]: Starting Load Kernel Module drm...
         Starting Load Kernel Module drm...
[   16.815721] systemd[1]: Starting Load Kernel Module fuse...
         Starting Load Kernel Module fuse...
[   16.850359] systemd[1]: Starting RPC Bind...
         Starting RPC Bind...
[   16.875573] systemd[1]: File System Check on Root Device was skipped because of an unmet condition check (ConditionPathIsReadWrite=!/).
[   16.895849] systemd[1]: systemd-journald.service: unit configures an IP firewall, but the local system does not support BPF/cgroup firewalling.
[   16.914697] systemd[1]: systemd-journald.service: (This warning is only shown for the first unit using IP firewalling.)
[   16.946407] systemd[1]: Starting Journal Service...
         Starting Journal Service...
[   16.994395] systemd[1]: Starting Load Kernel Modules...
         Starting Load [   17.002251] fuse: init (API version 7.32)
Kernel Modules...
[   17.006379] systemd[1]: Starting Generate network units from Kernel command line...
         Starting Generate network unit[   17.022225] systemd[1]: Starting Remount Root and Kernel File Systems...
s from Kernel command line...
         Starting Remount Root and Kern[   17.045856] systemd[1]: Starting Coldplug All udev Devices...
el File Systems...
         Starting Coldplug All udev Devices...
[   17.074715] systemd[1]: Started RPC Bind.
[  OK  ] Star[   17.083305] systemd[1]: Mounted Huge Pages File System.
ted RPC Bind.
[   17.093611] systemd-journald[310]: Collecting audit messages is enabled.
[  OK  ] Mounted Huge Pages File System.
[   17.123205] systemd[1]: Mounted POSIX Message Queue File System.
[  OK  ] Mounted POSIX Message Queue File System.
[   17.148770] systemd[1]: Mounted Kernel Debug File System.
[  OK  ] Mounted Kernel Debug File System.
[   17.172367] systemd[1]: Mounted Temporary Directory /tmp.
[  OK  ] Mounted Temporary Directory /tmp.
[   17.195615] systemd[1]: Finished Create List of Static Device Nodes.
[  OK  ] Finished Create List of Static Device Nodes.
[   17.226917] systemd[1]: Started Journal Service.
[  OK  ] Started Journal Service.
[  OK  ] Finished Load Kernel Module configfs.
[  OK  ] Finished Load Kernel Module drm.
[  OK  ] Finished Load Kernel Module fuse.
[  OK  ] Finished Load Kernel Modules.
[FAILED] Failed to start Generate network units from Kernel command line.
See 'systemctl status systemd-network-generator.service' for details.
[  OK  ] Finished Remount Root and Kernel File Systems.
[  OK  ] Reached target Preparation for Network.
         Mounting FUSE Control File System...
         Mounting Kernel Configuration File System...
         Starting Flush Journal to Persistent Storage...
         Starting Apply Kernel Variables...
         Starting Create Static Device Nodes in /dev gracefully...
[  OK  ] Mounted FUSE Control File System.
[   17.573054] systemd-journald[310]: Received client request to flush runtime journal.
[  OK  ] Mounted Kernel Configuration File System.
[  OK  ] Finished Flush Journal to Persistent Storage.
[  OK  ] Finished Apply Kernel Variables.
[  OK  ] Finished Create Static Device Nodes in /dev gracefully.
         Starting Create Static Device Nodes in /dev...
[  OK  ] Finished Create Static Device Nodes in /dev.
[  OK  ] Finished Coldplug All udev Devices.
[  OK  ] Reached target Preparation for Local File Systems.
         Mounting /var/volatile...
         Starting Rule-based Manager for Device Events and Files...
[  OK  ] Mounted /var/volatile.
         Starting Load/Save OS Random Seed...
[  OK  ] Reached target Local File Systems.
         Starting Create Volatile Files and Directories...
[  OK  ] Finished Load/Save OS Random Seed.
[  OK  ] Started Rule-based Manager for Device Events and Files.
         Starting Network Configuration...
         Starting User Database Manager...
[  OK  ] Finished Create Volatile Files and Directories.
         Starting Network Name Resolution...
         Starting Network Time Synchronization...
         Starting Record System Boot/Shutdown in UTMP...
[  OK  ] Started User Database Manager.
[  OK  ] Finished Record System Boot/Shutdown in UTMP.
[  OK  ] Started Network Name Resolution.
[  OK  ] Reached target Host and Network Name Lookups.
[   18.918047] pwm-backlight: probe of backlight failed with error -16
[   18.981053] cfg80211: Loading compiled-in X.509 certificates for regulatory database
[  OK  ] Started Network Time Synchronization.
[  OK  ] Reached target System Initialization.
[  OK  ] Started Daily Cleanup of Temporary Directories.
[   19.041269] at24 7-0050: supply vcc not found, using dummy regulator
[   19.041760] cfg80211: Loaded X.509 cert 'wens: 61c038651aabdcf94bd0ac7ff06c7248db18c600'
[   19.050667] at24 7-0050: 128 byte br24t01 EEPROM, writable, 8 bytes/write
[   19.062915] cfg80211: Loaded X.509 cert 'sforshee: 00b28ddf47aef9cea7'
[  OK  ] Reached target System Time Set.
[  OK  ] Reached target Timer Units.
[   19.106854] platform regulatory.0: Direct firmware load for regulatory.db failed with error -2
[   19.116579] platform regulatory.0: Falling back to sysfs fallback for: regulatory.db
[  OK  ] Reached target Hardware activated USB gadget.
[  OK  ] Listening on Avahi mDNS/DNS-SD Stack Activation Socket.
[  OK  ] Listening on D-Bus System Message Bus Socket.
[  OK  ] Listening on dropbear.socket.
[  OK  ] Reached target Socket Units.
[  OK  ] Reached target Basic System.
[   19.248642] ccree e6601000.crypto: ARM CryptoCell 630P Driver: HW version 0xAF400001/0xDCC63000, Driver version 5.0
         Starting Avahi mDNS/DNS-SD Stack...
         Starting D-Bus System Message Bus.[   19.311839] ccree e6601000.crypto: ARM ccree device initialized
..
[  OK  ] Started optee services.
         Starting pvrinit.service...
         Starting PowerVR consumer services...
         Starting User Login Management...
[  OK  ] Started Network Configuration.
[  OK  ] Created slice Slice /system/weston.
[  OK  ] Reached target Network.
[  OK  ] Listening on Load/Save RF Kill Switch Status /dev/rfkill Watch.
         Starting Permit User Sessions...
         Starting Virtual Console Setup...
[  OK  ] Started Xinetd A Powerful Replacement For Inetd.
[  OK  ] Started D-Bus System Message Bus.
[  OK  ] Started User Login Management.
[FAILED] Failed to start pvrinit.service.
See 'systemctl status pvrinit.service' for details.
[FAILED] Failed to start PowerVR consumer services.
See 'systemctl status rc.pvr.service' for details.
[  OK  ] Finished Permit User Sessions.
[  OK  ] Started Avahi mDNS/DNS-SD Stack.
[  OK  ] Started Getty on tty1.
[  OK  ] Started Serial Getty on ttySC0.
[  OK  ] Reached target Login Prompts.
         Starting set_default_governor.service...
[   19.810162] rd 0-5: Disabling EAS, schedutil is mandatory
[  OK  ] Finished Virtual Console Setup.
[  OK  ] Started set_default_governor.service.
[  OK  ] Reached target Multi-User System.
[  OK  ] Reached target Graphical Interface.
         Starting Record Runlevel Change in UTMP...
[  OK  ] Started Weston Wayland Compositor.
[  OK  ] Finished Record Runlevel Change in UTMP.
[   20.274149] audit: type=1006 audit(1721120983.255:2): pid=526 uid=0 old-auid=4294967295 auid=0 tty=(none) old-ses=4294967295 ses=1 res=1

Poky (Yocto Project Reference Distro) 5.0 ebisu ttySC0

ebisu login: root

WARNING: Poky is a reference Yocto Project distribution that should be used for
testing and development purposes only. It is recommended that you create your
own distribution for production use.

root@ebisu:~# modprobe g_printer
[   29.922663] printer gadget: printer ready
root@ebisu:~# dd if=/dev/zero of=/tmp/tmp.img bs=1M count=1000
1000+0 records in
1000+0 records out
1048576000 bytes (1.0 GB, 1000 MiB) copied, 1.66057 s, 631 MB/s
root@ebisu:~# mkfs.ext3 -L storage /tmp/tmp.img[   44.006125] SDHI0 VccQ: disabling
[   44.009517] SDHI3 VccQ: disabling

mke2fs 1.47.0 (5-Feb-2023)
Discarding device blocks: done
Creating filesystem with 256000 4k blocks and 64000 inodes
Filesystem UUID: 95578791-00e7-4cf3-b3a1-be81f794d71a
Superblock backups stored on blocks:
        32768, 98304, 163840, 229376

Allocating group tables: done
Writing inode tables: done
Creating journal (4096 blocks): done
Writing superblocks and filesystem accounting information: done

root@ebisu:~# [   80.870111] cfg80211: failed to load regulatory.db

---------- HOST-PC -----------

rvc@L410730-CL011:~/Downloads$ dd if=/dev/urandom of=~/file-600m bs=1M count=600
600+0 records in
600+0 records out
629145600 bytes (629 MB, 600 MiB) copied, 2,00042 s, 315 MB/s
rvc@L410730-CL011:~/Downloads$ mkdir -p /mnt/usb
rvc@L410730-CL011:~/Downloads$ dmesg |tail
[74426.557388] scsi 1:0:0:0: Direct-Access     Linux    File-Stor Gadget 0510 PQ: 0 ANSI: 2
[74426.558459] sd 1:0:0:0: Attached scsi generic sg1 type 0
[74426.559061] sd 1:0:0:0: Power-on or device reset occurred
[74426.560253] sd 1:0:0:0: [sdb] 2048000 512-byte logical blocks: (1.05 GB/1000 MiB)
[74426.669175] sd 1:0:0:0: [sdb] Write Protect is off
[74426.669179] sd 1:0:0:0: [sdb] Mode Sense: 0f 00 00 00
[74426.777009] sd 1:0:0:0: [sdb] Write cache: enabled, read cache: enabled, doesn't support DPO or FUA
[74426.997199] sd 1:0:0:0: [sdb] Attached SCSI disk
[74427.299994] EXT4-fs (sdb): mounting ext3 file system using the ext4 subsystem
[74427.305789] EXT4-fs (sdb): mounted filesystem with ordered data mode. Opts: (null). Quota mode: none.
rvc@L410730-CL011:~/Downloads$ sudo mount /dev/sdb /mnt/usb
rvc@L410730-CL011:~/Downloads$ sudo time dd if=~/file-600m of=/mnt/usb/file-600m_from_nfs bs=1M count=600 oflag=direct
600+0 records in
600+0 records out
629145600 bytes (629 MB, 600 MiB) copied, 5,94481 s, 106 MB/s
0.00user 1.59system 0:05.94elapsed 26%CPU (0avgtext+0avgdata 3408maxresident)k
202712inputs+1228800outputs (0major+347minor)pagefaults 0swaps
rvc@L410730-CL011:~/Downloads$ sudo time dd if=/mnt/usb/file-600m_from_nfs of=~/file-600m_from_usb bs=1M count=600
600+0 records in
600+0 records out
629145600 bytes (629 MB, 600 MiB) copied, 2,78267 s, 226 MB/s
0.01user 1.32system 0:02.79elapsed 48%CPU (0avgtext+0avgdata 3560maxresident)k
1228680inputs+1228800outputs (0major+350minor)pagefaults 0swaps
rvc@L410730-CL011:~/Downloads$ sudo umount /mnt/usb
rvc@L410730-CL011:~/Downloads$
