
------------ BOARD -------------


Please press switch to restart board 

[F 00:00:10
[F 00:00:09
NOTICE:  BL2: R-Car Gen3 Initial Program Loader(CA57) Rev.3.0.0
NOTICE:  BL2: PRR is R-Car H3 Ver.3.0
NOTICE:  BL2: Board is Salvator-XS Rev.1.0
NOTICE:  BL2: Boot device is HyperFlash(160MHz)
NOTICE:  BL2: LCM state is CM
NOTICE:  AVS setting succeeded. DVFS_SetVID=0x53
NOTICE:  BL2: DDR3200(rev.0.41)
NOTICE:  BL2: [COLD_BOOT]
NOTICE:  BL2: DRAM Split is 4ch(DDR f)
NOTICE:  BL2: QoS is default setting(rev.0.11)
NOTICE:  BL2: DRAM refresh interval 1.95 usec
NOTICE:  BL2: Periodic Write DQ Training
NOTICE:  BL2: CH0: 400000000 - 47fffffff, 2 GiB
NOTICE:  BL2: CH1: 500000000 - 57fffffff, 2 GiB
NOTICE:  BL2: CH2: 600000000 - 67fffffff, 2 GiB
NOTICE:  BL2: CH3: 700000000 - 77fffffff, 2 GiB
NOTICE:  BL2: FDT at 0xe6325e70
NOTICE:  BL2: v2.6(release):v2.6
NOTICE:  BL2: Built : 09:11:03, May 18 2022
NOTICE:  BL2: Normal boot
NOTICE:  BL2: dst=0xe6325700 src=0x8180000 len=512(0x200)
NOTICE:  BL2: dst=0x43f00000 src=0x8180400 len=6144(0x1800)
NOTICE:  rcar_file_len: len: 0x0003e000
NOTICE:  BL2: dst=0x44000000 src=0x81c0000 len=253952(0x3e000)
NOTICE:  rcar_file_len: len: 0x00200000
NOTICE:  BL2: dst=0x44100000 src=0x8200000 len=2097152(0x200000)
NOTICE:  rcar_file_len: len: 0x00100000
NOTICE:  BL2: dst=0x50000000 src=0x8640000 len=1048576(0x100000)
NOTICE:  BL2: Booting BL31


U-Boot 2021.07 (Jul 17 2021 - 09:21:24 +0700)

CPU: Renesas Electronics R8A7795 rev 3.0
Model: Renesas Salvator-X board based on r8a77950
DRAM:  7.9 GiB
Flash: 0 Bytes
MMC:   sd@ee100000: 0, sd@ee140000: 1, sd@ee160000: 2
Loading Environment from MMC... OK
In:    serial@e6e88000
Out:   serial@e6e88000
Err:   serial@e6e88000
Net:   eth0: ethernet@e6800000
Auto-update from TFTP: failed, env. variable 'updatefile' not found
Hit any key to stop autoboot:  2  1  0 
ethernet@e6800000 Waiting for PHY auto negotiation to complete.......... done
Using ethernet@e6800000 device
TFTP from server 192.168.10.98; our IP address is 192.168.10.132
Filename 'thuannguyen/h3/boot/Image'.
Load address: 0x48080000
Loading: *#################################################################
	 #################################################################
	 #################################################################
	 #################################################################
	 #################################################################
	 #################################################################
	 #################################################################
	 #################################################################
	 #################################################################
	 #################################################################
	 #################################################################
	 #################################################################
	 #################################################################
	 #################################################################
	 #################################################################
	 #################################################################
	 #################################################################
	 #################################################################
	 #################################################################
	 #################################################################
	 #################################################################
	 #################################################################
	 #################################################################
	 #################################################################
	 #################################################################
	 #################################################################
	 #################################################################
	 #################################################################
	 #################################################################
	 #################################################################
	 #################################################################
	 #################################################################
	 #################################################################
	 #################################################################
	 #################################################################
	 #################################################################
	 #################################################################
	 #################################################################
	 #################################################################
	 #################################################################
	 #################################################################
	 #################################################################
	 #################################################################
	 #################################################################
	 ########################
	 4.7 MiB/s
done
Bytes transferred = 42326528 (285da00 hex)
Using ethernet@e6800000 device
TFTP from server 192.168.10.98; our IP address is 192.168.10.132
Filename 'thuannguyen/h3/boot/r8a77951-salvator-xs.dtb'.
Load address: 0x48000000
Loading: *#######
	 4.9 MiB/s
done
Bytes transferred = 98383 (1804f hex)
Moving Image from 0x48080000 to 0x48200000, end=4ab00000
## Flattened Device Tree blob at 48000000
   Booting using the fdt blob at 0x48000000
   Loading Device Tree to 0000000057fe4000, end 0000000057fff04e ... OK
Overlap found: 0x500000000..0x57fffffff / 0x500000000..0x53fffffff
Overlap found: 0x600000000..0x67fffffff / 0x600000000..0x63fffffff
Overlap found: 0x700000000..0x77fffffff / 0x700000000..0x73fffffff

Starting kernel ...

[    0.000000] Booting Linux on physical CPU 0x0000000000 [0x411fd073]
[    0.000000] Linux version 6.7.0-rc2-dirty (thuan.nguyen-hong@lab-soc.banvien.com.vn) (aarch64-poky-linux-gcc (GCC) 10.3.0, GNU ld (GNU Binutils) 2.36.1.20210703) #1 SMP PREEMPT Mon Nov 20 05:41:48 UTC 2023
[    0.000000] KASLR disabled due to lack of seed
[    0.000000] Machine model: Renesas Salvator-X 2nd version board based on r8a77951
[    0.000000] efi: UEFI not found.
[    0.000000] OF: reserved mem: 0x0000000044100000..0x0000000047dfffff (62464 KiB) nomap non-reusable optee_core@44100000
[    0.000000] OF: reserved mem: 0x0000000047e00000..0x0000000047efffff (1024 KiB) nomap non-reusable optee_shm@47e00000
[    0.000000] NUMA: No NUMA configuration found
[    0.000000] NUMA: Faking a node at [mem 0x0000000048000000-0x000000077fffffff]
[    0.000000] NUMA: NODE_DATA [mem 0x77efb99c0-0x77efbbfff]
[    0.000000] Zone ranges:
[    0.000000]   DMA      [mem 0x0000000048000000-0x00000000ffffffff]
[    0.000000]   DMA32    empty
[    0.000000]   Normal   [mem 0x0000000100000000-0x000000077fffffff]
[    0.000000] Movable zone start for each node
[    0.000000] Early memory node ranges
[    0.000000]   node   0: [mem 0x0000000048000000-0x00000000bfffffff]
[    0.000000]   node   0: [mem 0x0000000500000000-0x000000057fffffff]
[    0.000000]   node   0: [mem 0x0000000600000000-0x000000067fffffff]
[    0.000000]   node   0: [mem 0x0000000700000000-0x000000077fffffff]
[    0.000000] Initmem setup node 0 [mem 0x0000000048000000-0x000000077fffffff]
[    0.000000] cma: Reserved 32 MiB at 0x00000000be000000 on node -1
[    0.000000] psci: probing for conduit method from DT.
[    0.000000] psci: PSCIv1.1 detected in firmware.
[    0.000000] psci: Using standard PSCI v0.2 function IDs
[    0.000000] psci: Trusted OS migration not required
[    0.000000] psci: SMC Calling Convention v1.2
[    0.000000] percpu: Embedded 22 pages/cpu s50728 r8192 d31192 u90112
[    0.000000] Detected PIPT I-cache on CPU0
[    0.000000] CPU features: detected: Spectre-v2
[    0.000000] CPU features: detected: Spectre-v3a
[    0.000000] CPU features: detected: Spectre-BHB
[    0.000000] CPU features: detected: ARM erratum 1742098
[    0.000000] CPU features: detected: ARM errata 1165522, 1319367, or 1530923
[    0.000000] alternatives: applying boot alternatives
[    0.000000] Kernel command line: rw root=/dev/nfs nfsroot=192.168.10.98:/data/tftpboot/thuannguyen/h3/rootfs,nfsvers=4 ip=192.168.10.132
[    0.000000] Dentry cache hash table entries: 1048576 (order: 11, 8388608 bytes, linear)
[    0.000000] Inode-cache hash table entries: 524288 (order: 10, 4194304 bytes, linear)
[    0.000000] Fallback order for Node 0: 0 
[    0.000000] Built 1 zonelists, mobility grouping on.  Total pages: 2032128
[    0.000000] Policy zone: Normal
[    0.000000] mem auto-init: stack:off, heap alloc:off, heap free:off
[    0.000000] software IO TLB: area num 8.
[    0.000000] software IO TLB: mapped [mem 0x00000000ba000000-0x00000000be000000] (64MB)
[    0.000000] Memory: 7957700K/8257536K available (16640K kernel code, 4342K rwdata, 10812K rodata, 9408K init, 605K bss, 267068K reserved, 32768K cma-reserved)
[    0.000000] SLUB: HWalign=64, Order=0-3, MinObjects=0, CPUs=8, Nodes=1
[    0.000000] rcu: Preemptible hierarchical RCU implementation.
[    0.000000] rcu: 	RCU event tracing is enabled.
[    0.000000] rcu: 	RCU restricting CPUs from NR_CPUS=256 to nr_cpu_ids=8.
[    0.000000] 	Trampoline variant of Tasks RCU enabled.
[    0.000000] 	Tracing variant of Tasks RCU enabled.
[    0.000000] rcu: RCU calculated value of scheduler-enlistment delay is 25 jiffies.
[    0.000000] rcu: Adjusting geometry for rcu_fanout_leaf=16, nr_cpu_ids=8
[    0.000000] NR_IRQS: 64, nr_irqs: 64, preallocated irqs: 0
[    0.000000] GIC: Adjusting CPU interface base to 0x00000000f102f000
[    0.000000] Root IRQ handler: gic_handle_irq
[    0.000000] GIC: Using split EOI/Deactivate mode
[    0.000000] rcu: srcu_init: Setting srcu_struct sizes based on contention.
[    0.000000] arch_timer: cp15 timer(s) running at 8.32MHz (phys).
[    0.000000] clocksource: arch_sys_counter: mask: 0xffffffffffffff max_cycles: 0x1eb398c07, max_idle_ns: 440795202503 ns
[    0.000000] sched_clock: 56 bits at 8MHz, resolution 120ns, wraps every 2199023255503ns
[    0.000425] Console: colour dummy device 80x25
[    0.000436] printk: legacy console [tty0] enabled
[    0.000723] Calibrating delay loop (skipped), value calculated using timer frequency.. 16.64 BogoMIPS (lpj=33280)
[    0.000738] pid_max: default: 32768 minimum: 301
[    0.000801] LSM: initializing lsm=capability,integrity
[    0.000907] Mount-cache hash table entries: 16384 (order: 5, 131072 bytes, linear)
[    0.000947] Mountpoint-cache hash table entries: 16384 (order: 5, 131072 bytes, linear)
[    0.002446] RCU Tasks: Setting shift to 3 and lim to 1 rcu_task_cb_adjust=1.
[    0.002517] RCU Tasks Trace: Setting shift to 3 and lim to 1 rcu_task_cb_adjust=1.
[    0.002721] rcu: Hierarchical SRCU implementation.
[    0.002730] rcu: 	Max phase no-delay instances is 1000.
[    0.004639] Detected Renesas R-Car Gen3 r8a7795 ES3.0
[    0.006455] EFI services will not be available.
[    0.006773] smp: Bringing up secondary CPUs ...
[    0.007213] Detected PIPT I-cache on CPU1
[    0.007297] CPU1: Booted secondary processor 0x0000000001 [0x411fd073]
[    0.007784] Detected PIPT I-cache on CPU2
[    0.007831] CPU2: Booted secondary processor 0x0000000002 [0x411fd073]
[    0.008300] Detected PIPT I-cache on CPU3
[    0.008345] CPU3: Booted secondary processor 0x0000000003 [0x411fd073]
[    0.008785] CPU features: detected: ARM erratum 845719
[    0.008799] Detected VIPT I-cache on CPU4
[    0.008888] CPU4: Booted secondary processor 0x0000000100 [0x410fd034]
[    0.009360] Detected VIPT I-cache on CPU5
[    0.009412] CPU5: Booted secondary processor 0x0000000101 [0x410fd034]
[    0.009829] Detected VIPT I-cache on CPU6
[    0.009882] CPU6: Booted secondary processor 0x0000000102 [0x410fd034]
[    0.010316] Detected VIPT I-cache on CPU7
[    0.010374] CPU7: Booted secondary processor 0x0000000103 [0x410fd034]
[    0.010454] smp: Brought up 1 node, 8 CPUs
[    0.010521] SMP: Total of 8 processors activated.
[    0.010529] CPU features: detected: 32-bit EL0 Support
[    0.010535] CPU features: detected: 32-bit EL1 Support
[    0.010542] CPU features: detected: CRC32 instructions
[    0.022795] CPU: All CPU(s) started at EL2
[    0.022845] alternatives: applying system-wide alternatives
[    0.024906] devtmpfs: initialized
[    0.033517] clocksource: jiffies: mask: 0xffffffff max_cycles: 0xffffffff, max_idle_ns: 7645041785100000 ns
[    0.033550] futex hash table entries: 2048 (order: 5, 131072 bytes, linear)
[    0.034262] pinctrl core: initialized pinctrl subsystem
[    0.036527] DMI not present or invalid.
[    0.037246] NET: Registered PF_NETLINK/PF_ROUTE protocol family
[    0.037854] DMA: preallocated 1024 KiB GFP_KERNEL pool for atomic allocations
[    0.038031] DMA: preallocated 1024 KiB GFP_KERNEL|GFP_DMA pool for atomic allocations
[    0.038290] DMA: preallocated 1024 KiB GFP_KERNEL|GFP_DMA32 pool for atomic allocations
[    0.038345] audit: initializing netlink subsys (disabled)
[    0.038478] audit: type=2000 audit(0.024:1): state=initialized audit_enabled=0 res=1
[    0.039833] thermal_sys: Registered thermal governor 'step_wise'
[    0.039839] thermal_sys: Registered thermal governor 'power_allocator'
[    0.039888] cpuidle: using governor menu
[    0.040027] hw-breakpoint: found 6 breakpoint and 4 watchpoint registers.
[    0.040171] ASID allocator initialised with 65536 entries
[    0.041825] Serial: AMBA PL011 UART driver
[    0.049037] platform soc: Fixed dependency cycle(s) with /soc/interrupt-controller@f1010000
[    0.051279] platform e6060000.pinctrl: Fixed dependency cycle(s) with /soc/pinctrl@e6060000/scif_clk
[    0.051613] sh-pfc e6060000.pinctrl: r8a77951_pfc support registered
[    0.071114] platform fea80000.csi2: Fixed dependency cycle(s) with /soc/video@e6ef7000/ports/port@1/endpoint@0
[    0.071144] platform fea80000.csi2: Fixed dependency cycle(s) with /soc/video@e6ef6000/ports/port@1/endpoint@0
[    0.071166] platform fea80000.csi2: Fixed dependency cycle(s) with /soc/video@e6ef5000/ports/port@1/endpoint@0
[    0.071188] platform fea80000.csi2: Fixed dependency cycle(s) with /soc/video@e6ef4000/ports/port@1/endpoint@0
[    0.071211] platform fea80000.csi2: Fixed dependency cycle(s) with /soc/video@e6ef3000/ports/port@1/endpoint@0
[    0.071233] platform fea80000.csi2: Fixed dependency cycle(s) with /soc/video@e6ef2000/ports/port@1/endpoint@0
[    0.071254] platform fea80000.csi2: Fixed dependency cycle(s) with /soc/video@e6ef1000/ports/port@1/endpoint@0
[    0.071274] platform fea80000.csi2: Fixed dependency cycle(s) with /soc/video@e6ef0000/ports/port@1/endpoint@0
[    0.071526] platform feaa0000.csi2: Fixed dependency cycle(s) with /soc/video@e6ef3000/ports/port@1/endpoint@2
[    0.071563] platform feaa0000.csi2: Fixed dependency cycle(s) with /soc/video@e6ef2000/ports/port@1/endpoint@2
[    0.071598] platform feaa0000.csi2: Fixed dependency cycle(s) with /soc/video@e6ef1000/ports/port@1/endpoint@2
[    0.071631] platform feaa0000.csi2: Fixed dependency cycle(s) with /soc/video@e6ef0000/ports/port@1/endpoint@2
[    0.071865] platform fead0000.hdmi: Fixed dependency cycle(s) with /soc/sound@ec500000/ports/port@1/endpoint
[    0.072114] platform feae0000.hdmi: Fixed dependency cycle(s) with /soc/sound@ec500000/ports/port@2/endpoint
[    0.072404] platform feb00000.display: Fixed dependency cycle(s) with /soc/hdmi@feae0000/ports/port@0/endpoint
[    0.072434] platform feb00000.display: Fixed dependency cycle(s) with /soc/hdmi@fead0000/ports/port@0/endpoint
[    0.073616] platform hdmi0-out: Fixed dependency cycle(s) with /soc/hdmi@fead0000/ports/port@1/endpoint
[    0.073819] platform hdmi1-out: Fixed dependency cycle(s) with /soc/hdmi@feae0000/ports/port@1/endpoint
[    0.076168] platform vga-encoder: Fixed dependency cycle(s) with /vga/port/endpoint
[    0.076209] platform vga-encoder: Fixed dependency cycle(s) with /soc/display@feb00000/ports/port@0/endpoint
[    0.076804] Modules: 22272 pages in range for non-PLT usage
[    0.076809] Modules: 513792 pages in range for PLT usage
[    0.077373] HugeTLB: registered 1.00 GiB page size, pre-allocated 0 pages
[    0.077389] HugeTLB: 0 KiB vmemmap can be freed for a 1.00 GiB page
[    0.077397] HugeTLB: registered 32.0 MiB page size, pre-allocated 0 pages
[    0.077404] HugeTLB: 0 KiB vmemmap can be freed for a 32.0 MiB page
[    0.077411] HugeTLB: registered 2.00 MiB page size, pre-allocated 0 pages
[    0.077418] HugeTLB: 0 KiB vmemmap can be freed for a 2.00 MiB page
[    0.077424] HugeTLB: registered 64.0 KiB page size, pre-allocated 0 pages
[    0.077431] HugeTLB: 0 KiB vmemmap can be freed for a 64.0 KiB page
[    0.078847] ACPI: Interpreter disabled.
[    0.084143] iommu: Default domain type: Translated
[    0.084159] iommu: DMA domain TLB invalidation policy: strict mode
[    0.084419] SCSI subsystem initialized
[    0.084667] usbcore: registered new interface driver usbfs
[    0.084692] usbcore: registered new interface driver hub
[    0.084720] usbcore: registered new device driver usb
[    0.086177] i2c-sh_mobile e60b0000.i2c: I2C adapter 7, bus speed 400000 Hz
[    0.086579] pps_core: LinuxPPS API ver. 1 registered
[    0.086588] pps_core: Software ver. 5.3.6 - Copyright 2005-2007 Rodolfo Giometti <giometti@linux.it>
[    0.086602] PTP clock support registered
[    0.086786] EDAC MC: Ver: 3.0.0
[    0.087641] scmi_core: SCMI protocol bus registered
[    0.088836] FPGA manager framework
[    0.088907] Advanced Linux Sound Architecture Driver Initialized.
[    0.089670] vgaarb: loaded
[    0.090232] clocksource: Switched to clocksource arch_sys_counter
[    0.090415] VFS: Disk quotas dquot_6.6.0
[    0.090446] VFS: Dquot-cache hash table entries: 512 (order 0, 4096 bytes)
[    0.090566] pnp: PnP ACPI: disabled
[    0.095581] NET: Registered PF_INET protocol family
[    0.095863] IP idents hash table entries: 131072 (order: 8, 1048576 bytes, linear)
[    0.099403] tcp_listen_portaddr_hash hash table entries: 4096 (order: 4, 65536 bytes, linear)
[    0.099498] Table-perturb hash table entries: 65536 (order: 6, 262144 bytes, linear)
[    0.099517] TCP established hash table entries: 65536 (order: 7, 524288 bytes, linear)
[    0.099810] TCP bind hash table entries: 65536 (order: 9, 2097152 bytes, linear)
[    0.100917] TCP: Hash tables configured (established 65536 bind 65536)
[    0.101027] UDP hash table entries: 4096 (order: 5, 131072 bytes, linear)
[    0.101151] UDP-Lite hash table entries: 4096 (order: 5, 131072 bytes, linear)
[    0.101368] NET: Registered PF_UNIX/PF_LOCAL protocol family
[    0.101703] RPC: Registered named UNIX socket transport module.
[    0.101719] RPC: Registered udp transport module.
[    0.101726] RPC: Registered tcp transport module.
[    0.101731] RPC: Registered tcp-with-tls transport module.
[    0.101737] RPC: Registered tcp NFSv4.1 backchannel transport module.
[    0.101753] PCI: CLS 0 bytes, default 64
[    0.102278] kvm [1]: IPA Size Limit: 40 bits
[    0.103414] kvm [1]: vgic interrupt IRQ9
[    0.103451] kvm [1]: Hyp mode initialized successfully
[    0.104614] Initialise system trusted keyrings
[    0.104755] workingset: timestamp_bits=42 max_order=21 bucket_order=0
[    0.104992] squashfs: version 4.0 (2009/01/31) Phillip Lougher
[    0.105175] NFS: Registering the id_resolver key type
[    0.105206] Key type id_resolver registered
[    0.105214] Key type id_legacy registered
[    0.105233] nfs4filelayout_init: NFSv4 File Layout Driver Registering...
[    0.105242] nfs4flexfilelayout_init: NFSv4 Flexfile Layout Driver Registering...
[    0.105361] 9p: Installing v9fs 9p2000 file system support
[    0.134270] Key type asymmetric registered
[    0.134282] Asymmetric key parser 'x509' registered
[    0.134329] Block layer SCSI generic (bsg) driver version 0.4 loaded (major 245)
[    0.134340] io scheduler mq-deadline registered
[    0.134349] io scheduler kyber registered
[    0.134379] io scheduler bfq registered
[    0.150810] gpio_rcar e6050000.gpio: driving 16 GPIOs
[    0.151075] gpio_rcar e6051000.gpio: driving 29 GPIOs
[    0.151302] gpio_rcar e6052000.gpio: driving 15 GPIOs
[    0.151521] gpio_rcar e6053000.gpio: driving 16 GPIOs
[    0.151757] gpio_rcar e6054000.gpio: driving 18 GPIOs
[    0.151981] gpio_rcar e6055000.gpio: driving 26 GPIOs
[    0.152219] gpio_rcar e6055400.gpio: driving 32 GPIOs
[    0.152443] gpio_rcar e6055800.gpio: driving 4 GPIOs
[    0.154533] rcar-pcie fe000000.pcie: host bridge /soc/pcie@fe000000 ranges:
[    0.154572] rcar-pcie fe000000.pcie:       IO 0x00fe100000..0x00fe1fffff -> 0x0000000000
[    0.154597] rcar-pcie fe000000.pcie:      MEM 0x00fe200000..0x00fe3fffff -> 0x00fe200000
[    0.154616] rcar-pcie fe000000.pcie:      MEM 0x0030000000..0x0037ffffff -> 0x0030000000
[    0.154631] rcar-pcie fe000000.pcie:      MEM 0x0038000000..0x003fffffff -> 0x0038000000
[    0.154649] rcar-pcie fe000000.pcie:   IB MEM 0x0000000000..0x00ffffffff -> 0x0000000000
[    0.171038] rcar-pcie fe000000.pcie: PCIe x1: link up
[    0.182238] rcar-pcie fe000000.pcie: Current link speed is 5 GT/s
[    0.182853] rcar-pcie fe000000.pcie: PCI host bridge to bus 0000:00
[    0.182869] pci_bus 0000:00: root bus resource [bus 00-ff]
[    0.182880] pci_bus 0000:00: root bus resource [io  0x0000-0xfffff]
[    0.182889] pci_bus 0000:00: root bus resource [mem 0xfe200000-0xfe3fffff]
[    0.182897] pci_bus 0000:00: root bus resource [mem 0x30000000-0x37ffffff]
[    0.182905] pci_bus 0000:00: root bus resource [mem 0x38000000-0x3fffffff pref]
[    0.182941] pci 0000:00:00.0: [1912:0025] type 01 class 0x060400
[    0.182984] pci 0000:00:00.0: enabling Extended Tags
[    0.183040] pci 0000:00:00.0: PME# supported from D0 D3hot D3cold
[    0.185692] pci 0000:01:00.0: [1b21:0612] type 00 class 0x010601
[    0.185745] pci 0000:01:00.0: reg 0x10: [io  0x0000-0x0007]
[    0.185772] pci 0000:01:00.0: reg 0x14: [io  0x0000-0x0003]
[    0.185798] pci 0000:01:00.0: reg 0x18: [io  0x0000-0x0007]
[    0.185824] pci 0000:01:00.0: reg 0x1c: [io  0x0000-0x0003]
[    0.185849] pci 0000:01:00.0: reg 0x20: [io  0x0000-0x001f]
[    0.185874] pci 0000:01:00.0: reg 0x24: [mem 0x00000000-0x000001ff]
[    0.185901] pci 0000:01:00.0: reg 0x30: [mem 0x00000000-0x0000ffff pref]
[    0.186189] pci_bus 0000:01: busn_res: [bus 01-ff] end is updated to 01
[    0.186219] pci 0000:00:00.0: BAR 14: assigned [mem 0xfe200000-0xfe2fffff]
[    0.186248] pci 0000:00:00.0: BAR 15: assigned [mem 0x38000000-0x380fffff pref]
[    0.186258] pci 0000:00:00.0: BAR 13: assigned [io  0x1000-0x1fff]
[    0.186274] pci 0000:01:00.0: BAR 6: assigned [mem 0x38000000-0x3800ffff pref]
[    0.186285] pci 0000:01:00.0: BAR 5: assigned [mem 0xfe200000-0xfe2001ff]
[    0.186301] pci 0000:01:00.0: BAR 4: assigned [io  0x1000-0x101f]
[    0.186317] pci 0000:01:00.0: BAR 0: assigned [io  0x1020-0x1027]
[    0.186332] pci 0000:01:00.0: BAR 2: assigned [io  0x1028-0x102f]
[    0.186348] pci 0000:01:00.0: BAR 1: assigned [io  0x1030-0x1033]
[    0.186363] pci 0000:01:00.0: BAR 3: assigned [io  0x1034-0x1037]
[    0.186380] pci 0000:00:00.0: PCI bridge to [bus 01]
[    0.186390] pci 0000:00:00.0:   bridge window [io  0x1000-0x1fff]
[    0.186401] pci 0000:00:00.0:   bridge window [mem 0xfe200000-0xfe2fffff]
[    0.186411] pci 0000:00:00.0:   bridge window [mem 0x38000000-0x380fffff pref]
[    0.186708] rcar-pcie ee800000.pcie: host bridge /soc/pcie@ee800000 ranges:
[    0.186735] rcar-pcie ee800000.pcie:       IO 0x00ee900000..0x00ee9fffff -> 0x0000000000
[    0.186756] rcar-pcie ee800000.pcie:      MEM 0x00eea00000..0x00eebfffff -> 0x00eea00000
[    0.186775] rcar-pcie ee800000.pcie:      MEM 0x00c0000000..0x00c7ffffff -> 0x00c0000000
[    0.186789] rcar-pcie ee800000.pcie:      MEM 0x00c8000000..0x00cfffffff -> 0x00c8000000
[    0.186806] rcar-pcie ee800000.pcie:   IB MEM 0x0000000000..0x00ffffffff -> 0x0000000000
[    0.346236] rcar-pcie ee800000.pcie: PCIe link down
[    0.348822] EINJ: ACPI disabled.
[    0.380025] Serial: 8250/16550 driver, 4 ports, IRQ sharing enabled
[    0.383571] msm_serial: driver initialized
[    0.383974] SuperH (H)SCI(F) driver initialized
[    0.384568] e6550000.serial: ttySC1 at MMIO 0xe6550000 (irq = 26, base_baud = 0) is a hscif
[    0.385217] e6e88000.serial: ttySC0 at MMIO 0xe6e88000 (irq = 27, base_baud = 0) is a scif
[    0.385272] printk: legacy console [ttySC0] enabled
[    2.031596] STM32 USART driver initialized
[    2.043791] loop: module loaded
[    2.048312] megasas: 07.727.03.00-rc1
[    2.058963] tun: Universal TUN/TAP device driver, 1.6
[    2.065084] thunder_xcv, ver 1.0
[    2.068347] thunder_bgx, ver 1.0
[    2.071597] nicpf, ver 1.0
[    2.075649] hns3: Hisilicon Ethernet Network Driver for Hip08 Family - version
[    2.082880] hns3: Copyright (c) 2017 Huawei Corporation.
[    2.088212] hclge is initializing
[    2.091563] e1000: Intel(R) PRO/1000 Network Driver
[    2.096444] e1000: Copyright (c) 1999-2006 Intel Corporation.
[    2.102210] e1000e: Intel(R) PRO/1000 Network Driver
[    2.107176] e1000e: Copyright(c) 1999 - 2015 Intel Corporation.
[    2.113117] igb: Intel(R) Gigabit Ethernet Network Driver
[    2.118518] igb: Copyright (c) 2007-2014 Intel Corporation.
[    2.124106] igbvf: Intel(R) Gigabit Virtual Function Network Driver
[    2.130375] igbvf: Copyright (c) 2009 - 2012 Intel Corporation.
[    2.136671] sky2: driver version 1.30
[    2.142293] VFIO - User Level meta-driver version: 0.3
[    2.150022] ehci-platform ee0c0100.usb: EHCI Host Controller
[    2.150036] ehci-platform ee0a0100.usb: EHCI Host Controller
[    2.150545] ohci-platform ee0a0000.usb: Generic Platform OHCI controller
[    2.150572] ohci-platform ee0a0000.usb: new USB bus registered, assigned bus number 1
[    2.150750] ohci-platform ee0a0000.usb: irq 29, io mem 0xee0a0000
[    2.150783] ohci-platform ee0c0000.usb: Generic Platform OHCI controller
[    2.150800] ohci-platform ee0c0000.usb: new USB bus registered, assigned bus number 2
[    2.150905] ohci-platform ee0c0000.usb: irq 28, io mem 0xee0c0000
[    2.151187] xhci-renesas-hcd ee000000.usb: xHCI Host Controller
[    2.151198] xhci-renesas-hcd ee000000.usb: new USB bus registered, assigned bus number 3
[    2.151446] xhci-renesas-hcd ee000000.usb: Direct firmware load for r8a779x_usb3_v3.dlmem failed with error -2
[    2.151455] xhci-renesas-hcd ee000000.usb: can't setup: -2
[    2.151461] xhci-renesas-hcd ee000000.usb: USB bus 3 deregistered
[    2.151489] xhci-renesas-hcd: probe of ee000000.usb failed with error -2
[    2.151956] usbcore: registered new interface driver usb-storage
[    2.155288] i2c_dev: i2c /dev entries driver
[    2.155705] ehci-platform ee0c0100.usb: new USB bus registered, assigned bus number 3
[    2.155776] ehci-platform ee0c0100.usb: irq 28, io mem 0xee0c0100
[    2.157874] i2c 2-0010: Fixed dependency cycle(s) with /soc/sound@ec500000/ports/port@0/endpoint
[    2.157910] i2c 2-0010: Fixed dependency cycle(s) with /soc/sound@ec500000
[    2.158277] cs2000-cp 2-004f: operating in static mode
[    2.161390] ehci-platform ee0a0100.usb: new USB bus registered, assigned bus number 4
[    2.166520] cs2000-cp 2-004f: revision - C1
[    2.166570] i2c-rcar e6510000.i2c: probed
[    2.167059] pca953x 4-0020: supply vcc not found, using dummy regulator
[    2.167139] pca953x 4-0020: using no AI
[    2.167691] i2c 4-0070: Fixed dependency cycle(s) with /soc/csi2@fea80000/ports/port@0/endpoint
[    2.167761] i2c 4-0070: Fixed dependency cycle(s) with /soc/csi2@feaa0000/ports/port@0/endpoint
[    2.167776] i2c 4-0070: Fixed dependency cycle(s) with /hdmi-in/port/endpoint
[    2.167787] i2c 4-0070: Fixed dependency cycle(s) with /cvbs-in/port/endpoint
[    2.173881] i2c-rcar e66d8000.i2c: probed
[    2.174262] ehci-platform ee0e0100.usb: EHCI Host Controller
[    2.174276] ehci-platform ee0e0100.usb: new USB bus registered, assigned bus number 5
[    2.174335] ehci-platform ee0e0100.usb: irq 15, io mem 0xee0e0100
[    2.175950] ehci-platform ee0a0100.usb: irq 29, io mem 0xee0a0100
[    2.178265] ohci-platform ee0e0000.usb: Generic Platform OHCI controller
[    2.178286] ohci-platform ee0e0000.usb: new USB bus registered, assigned bus number 6
[    2.178415] ohci-platform ee0e0000.usb: irq 15, io mem 0xee0e0000
[    2.182246] ehci-platform ee0c0100.usb: USB 2.0 started, EHCI 1.10
[    2.184774] rcar_gen3_thermal e6198000.thermal: No calibration values fused, fallback to driver values
[    2.188545] rcar_gen3_thermal e6198000.thermal: Sensor 0: Loaded 1 trip points
[    2.192424] rcar_gen3_thermal e6198000.thermal: Sensor 1: Loaded 1 trip points
[    2.196996] hub 3-0:1.0: USB hub found
[    2.198254] ehci-platform ee0e0100.usb: USB 2.0 started, EHCI 1.10
[    2.206809] rcar_gen3_thermal e6198000.thermal: Sensor 2: Loaded 2 trip points
[    2.208560] hub 3-0:1.0: 1 port detected
[    2.214241] ehci-platform ee0a0100.usb: USB 2.0 started, EHCI 1.10
[    2.227354] sdhci: Secure Digital Host Controller Interface driver
[    2.233473] hub 5-0:1.0: USB hub found
[    2.238205] sdhci: Copyright(c) Pierre Ossman
[    2.239291] Synopsys Designware Multimedia Card Interface Driver
[    2.244986] hub 5-0:1.0: 1 port detected
[    2.252095] sdhci-pltfm: SDHCI platform and OF driver helper
[    2.256383] hub 4-0:1.0: USB hub found
[    2.489423] hub 4-0:1.0: 1 port detected
[    2.490238] ledtrig-cpu: registered to indicate activity on CPUs
[    2.494579] hub 1-0:1.0: USB hub found
[    2.500266] SMCCC: SOC_ID: ARCH_SOC_ID not implemented, skipping ....
[    2.503119] hub 1-0:1.0: 1 port detected
[    2.510485] usbcore: registered new interface driver usbhid
[    2.514641] hub 2-0:1.0: USB hub found
[    2.519025] usbhid: USB HID core driver
[    2.526734] hub 2-0:1.0: 1 port detected
[    2.530843] hw perfevents: enabled with armv8_cortex_a53 PMU driver, 7 counters available
[    2.531881] hub 6-0:1.0: USB hub found
[    2.542815] hub 6-0:1.0: 1 port detected
[    2.543279] hw perfevents: enabled with armv8_cortex_a57 PMU driver, 7 counters available
[    2.557416] optee: probing for conduit method.
[    2.561885] optee: revision 3.17 (f9e55014)
[    2.562074] optee: dynamic shared memory is enabled
[    2.582765] random: crng init done
[    2.586251] optee: initialized driver
[    2.593836] NET: Registered PF_PACKET protocol family
[    2.598978] 9pnet: Installing 9P2000 support
[    2.603293] Key type dns_resolver registered
[    2.613071] registered taskstats version 1
[    2.617346] Loading compiled-in X.509 certificates
[    2.636498] renesas_irqc e61c0000.interrupt-controller: driving 6 irqs
[    2.664247] cpufreq: cpufreq_online: CPU0: Running at unlisted initial frequency: 1497600 KHz, changing to: 1500000 KHz
[    2.675193] cpu cpu0: EM: created perf domain
[    2.680966] cpufreq: cpufreq_online: CPU4: Running at unlisted initial frequency: 1198080 KHz, changing to: 1200000 KHz
[    2.690382] ohci-platform ee080000.usb: Generic Platform OHCI controller
[    2.690383] ehci-platform ee080100.usb: EHCI Host Controller
[    2.690410] ehci-platform ee080100.usb: new USB bus registered, assigned bus number 7
[    2.690492] ehci-platform ee080100.usb: irq 49, io mem 0xee080100
[    2.691847] cpu cpu4: EM: created perf domain
[    2.698466] ohci-platform ee080000.usb: new USB bus registered, assigned bus number 8
[    2.706252] ehci-platform ee080100.usb: USB 2.0 started, EHCI 1.10
[    2.712012] ohci-platform ee080000.usb: irq 49, io mem 0xee080000
[    2.719543] hub 7-0:1.0: USB hub found
[    2.721776] input: keys as /devices/platform/keys/input/input0
[    2.752229] hub 7-0:1.0: 1 port detected
[    2.813441] hub 8-0:1.0: USB hub found
[    2.817321] hub 8-0:1.0: 1 port detected
[    2.828671] Trying to probe devices needed for running init ...
[   12.778928] rcar-dmac e6700000.dma-controller: deferred probe timeout, ignoring dependency
[   12.791246] rcar-dmac e7300000.dma-controller: deferred probe timeout, ignoring dependency
[   12.802565] rcar-dmac e7310000.dma-controller: deferred probe timeout, ignoring dependency
[   12.813811] rcar-dmac ec700000.dma-controller: deferred probe timeout, ignoring dependency
[   12.825140] rcar-dmac ec720000.dma-controller: deferred probe timeout, ignoring dependency
[   12.836212] ahci 0000:01:00.0: deferred probe timeout, ignoring dependency
[   12.843163] pci 0000:00:00.0: enabling device (0000 -> 0003)
[   12.848837] ahci 0000:01:00.0: enabling device (0000 -> 0003)
[   12.854779] ahci 0000:01:00.0: SSS flag set, parallel bus scan disabled
[   12.861441] ahci 0000:01:00.0: AHCI 0001.0200 32 slots 2 ports 6 Gbps 0x3 impl SATA mode
[   12.869539] ahci 0000:01:00.0: flags: 64bit ncq sntf stag led clo pmp pio slum part ccc sxs 
[   12.879302] scsi host0: ahci
[   12.882856] scsi host1: ahci
[   12.885837] ata1: SATA max UDMA/133 abar m512@0xfe200000 port 0xfe200100 irq 138 lpm-pol 0
[   12.894117] ata2: SATA max UDMA/133 abar m512@0xfe200000 port 0xfe200180 irq 138 lpm-pol 0
[   12.903769] sata_rcar ee300000.sata: deferred probe timeout, ignoring dependency
[   12.912115] scsi host2: sata_rcar
[   12.915543] ata3: SATA max UDMA/133 irq 139 lpm-pol 0
[   12.923701] ravb e6800000.ethernet: deferred probe timeout, ignoring dependency
[   12.923790] renesas_sdhi_internal_dmac ee100000.mmc: deferred probe timeout, ignoring dependency
[   12.934563] ravb e6800000.ethernet eth0: Base address at 0xe6800000, 2e:09:0a:00:c3:9a, IRQ 140.
[   12.939990] renesas_sdhi_internal_dmac ee100000.mmc: Got CD GPIO
[   12.948798] pcieport 0000:00:00.0: deferred probe timeout, ignoring dependency
[   12.954624] renesas_sdhi_internal_dmac ee100000.mmc: Got WP GPIO
[   12.962067] pcieport 0000:00:00.0: PME: Signaling with IRQ 147
[   12.977416] renesas_sdhi_internal_dmac ee160000.mmc: deferred probe timeout, ignoring dependency
[   12.978550] renesas_sdhi_internal_dmac ee140000.mmc: deferred probe timeout, ignoring dependency
[   12.986429] renesas_sdhi_internal_dmac ee160000.mmc: Got CD GPIO
[   13.001047] renesas_sdhi_internal_dmac ee160000.mmc: Got WP GPIO
[   13.015263] renesas_sdhi_internal_dmac ee100000.mmc: mmc1 base at 0x00000000ee100000, max clock rate 200 MHz
[   13.051542] renesas_sdhi_internal_dmac ee140000.mmc: mmc0 base at 0x00000000ee140000, max clock rate 200 MHz
[   13.055914] renesas_sdhi_internal_dmac ee160000.mmc: mmc2 base at 0x00000000ee160000, max clock rate 200 MHz
[   13.129977] mmc0: new HS400 MMC card at address 0001
[   13.135481] mmcblk0: mmc0:0001 BGSD3R 29.1 GiB
[   13.141326]  mmcblk0: p1
[   13.144282] mmcblk0boot0: mmc0:0001 BGSD3R 16.0 MiB
[   13.149918] mmcblk0boot1: mmc0:0001 BGSD3R 16.0 MiB
[   13.155718] mmcblk0rpmb: mmc0:0001 BGSD3R 4.00 MiB, chardev (234:0)
[   13.334336] ata3: link resume succeeded after 1 retries
[   13.378250] ata1: SATA link up 6.0 Gbps (SStatus 133 SControl 300)
[   13.385039] ata1.00: supports DRM functions and may not be fully accessible
[   13.392010] ata1.00: ATA-11: Samsung SSD 860 PRO 256GB, RVM01B6Q, max UDMA/133
[   13.400415] ata1.00: 500118192 sectors, multi 1: LBA48 NCQ (depth 32), AA
[   13.411180] ata1.00: Features: Trust Dev-Sleep NCQ-sndrcv
[   13.417385] ata1.00: supports DRM functions and may not be fully accessible
[   13.430102] ata1.00: configured for UDMA/133
[   13.434729] scsi 0:0:0:0: Direct-Access     ATA      Samsung SSD 860  1B6Q PQ: 0 ANSI: 5
[   13.442934] ata3: SATA link down (SStatus 0 SControl 300)
[   13.445074] ata1.00: Enabling discard_zeroes_data
[   13.453104] sd 0:0:0:0: [sda] 500118192 512-byte logical blocks: (256 GB/238 GiB)
[   13.460646] sd 0:0:0:0: [sda] Write Protect is off
[   13.465511] sd 0:0:0:0: [sda] Write cache: enabled, read cache: enabled, doesn't support DPO or FUA
[   13.474679] sd 0:0:0:0: [sda] Preferred minimum I/O size 512 bytes
[   13.481808] ata1.00: Enabling discard_zeroes_data
[   13.487464]  sda: sda1 sda2
[   13.491005] sd 0:0:0:0: [sda] Attached SCSI disk
[   13.764629] ata2: SATA link down (SStatus 0 SControl 300)
[   13.821109] Micrel KSZ9031 Gigabit PHY e6800000.ethernet-ffffffff:00: attached PHY driver (mii_bus:phy_addr=e6800000.ethernet-ffffffff:00, irq=146)
[   20.459385] ravb e6800000.ethernet eth0: Link is Up - 1Gbps/Full - flow control off
[   20.490239] IP-Config: Guessing netmask 255.255.255.0
[   20.495298] IP-Config: Complete:
[   20.498529]      device=eth0, hwaddr=2e:09:0a:00:c3:9a, ipaddr=192.168.10.132, mask=255.255.255.0, gw=255.255.255.255
[   20.509145]      host=192.168.10.132, domain=, nis-domain=(none)
[   20.515154]      bootserver=255.255.255.255, rootserver=192.168.10.98, rootpath=
[   20.515273] clk: Disabling unused clocks
[   20.526910] ALSA device list:
[   20.529877]   No soundcards found.
[   21.556658] VFS: Mounted root (nfs4 filesystem) on device 0:22.
[   21.562913] devtmpfs: mounted
[   21.569782] Freeing unused kernel memory: 9408K
[   21.598315] Run /sbin/init as init process
[   21.763704] systemd[1]: System time before build time, advancing clock.
[   21.862489] NET: Registered PF_INET6 protocol family
[   21.868714] Segment Routing with IPv6
[   21.872484] In-situ OAM (IOAM) with IPv6
[   21.938711] systemd[1]: systemd 234 running in system mode. (+PAM -AUDIT -SELINUX +IMA -APPARMOR +SMACK +SYSVINIT +UTMP -LIBCRYPTSETUP -GCRYPT -GNUTLS +ACL +XZ -LZ4 -SECCOMP +BLKID -ELFUTILS +KMOD -IDN2 -IDN default-hierarchy=hybrid)
[   21.960010] systemd[1]: Detected architecture arm64.

Welcome to [1mPoky (Yocto Project Reference Distro) 2.4.1 (rocko)[0m!

[   21.984857] systemd[1]: Set hostname to <salvator-x>.
[   22.435750] systemd[1]: Listening on Journal Audit Socket.
[[0;32m  OK  [0m] Listening on Journal Audit Socket.
[   22.454412] systemd[1]: Reached target Swap.
[[0;32m  OK  [0m] Reached target Swap.
[   22.471545] systemd[1]: Listening on Journal Socket (/dev/log).
[[0;32m  OK  [0m] Listening on Journal Socket (/dev/log).
[   22.491154] systemd[1]: Listening on /dev/initctl Compatibility Named Pipe.
[[0;32m  OK  [0m] Listening on /dev/initctl Compatibility Named Pipe.
[   22.515649] systemd[1]: Listening on udev Control Socket.
[[0;32m  OK  [0m] Listening on udev Control Socket.
[   22.536166] systemd[1]: Created slice System Slice.
[[0;32m  OK  [0m] Created slice System Slice.
[   22.555457] systemd[1]: Created slice system-serial\x2dgetty.slice.
[[0;32m  OK  [0m] Created slice system-serial\x2dgetty.slice.
         Mounting POSIX Message Queue File System...
         Mounting Temporary Directory (/tmp)...
         Mounting Huge Pages File System...
[[0;32m  OK  [0m] Started Dispatch Password Requests to Console Directory Watch.
[[0;32m  OK  [0m] Listening on Network Service Netlink Socket.
         Mounting Kernel Debug File System...
[[0;32m  OK  [0m] Listening on Journal Socket.
         Starting Journal Service...
[[0;32m  OK  [0m] Started Forward Password Requests to Wall Directory Watch.
         Mounting Kernel Configuration File System...
[[0;32m  OK  [0m] Created slice User and Session Slice.
[[0;32m  OK  [0m] Reached target Remote File Systems.
[[0;32m  OK  [0m] Reached target Paths.
[[0;32m  OK  [0m] Created slice system-getty.slice.
         Starting Apply Kernel Variables...
[[0;32m  OK  [0m] Listening on udev Kernel Socket.
         Starting Create list of required stâ€¦ce nodes for the current kernel...
[[0;32m  OK  [0m] Reached target Slices.
         Starting Remount Root and Kernel File Systems...
[[0;32m  OK  [0m] Mounted Kernel Debug File System.
[[0;32m  OK  [0m] Mounted Kernel Configuration File System.
[[0;32m  OK  [0m] Mounted POSIX Message Queue File System.
[[0;32m  OK  [0m] Mounted Huge Pages File System.
[[0;32m  OK  [0m] Mounted Temporary Directory (/tmp).
[[0;32m  OK  [0m] Started Journal Service.
[[0;32m  OK  [0m] Started Apply Kernel Variables.
[[0;32m  OK  [0m] Started Create list of required staâ€¦vice nodes for the current kernel.
[[0;32m  OK  [0m] Started Remount Root and Kernel File Systems.
         Starting udev Coldplug all Devices...
         Starting Create Static Device Nodes in /dev...
         Starting Flush Journal to Persistent Storage...
[   23.208306] systemd-journald[229]: Received request to flush runtime journal from PID 1
[[0;32m  OK  [0m] Started Flush Journal to Persistent Storage.
[[0;32m  OK  [0m] Started Create Static Device Nodes in /dev.
[[0;32m  OK  [0m] Reached target Local File Systems (Pre).
         Mounting /var/volatile...
         Starting udev Kernel Device Manager...
[[0;32m  OK  [0m] Mounted /var/volatile.
         Starting Load/Save Random Seed...
[[0;32m  OK  [0m] Reached target Local File Systems.
         Starting Create Volatile Files and Directories...
[[0;32m  OK  [0m] Started udev Kernel Device Manager.
[[0;32m  OK  [0m] Started Load/Save Random Seed.
[[0;32m  OK  [0m] Started Create Volatile Files and Directories.
         Starting Update UTMP about System Boot/Shutdown...
[[0;32m  OK  [0m] Started Update UTMP about System Boot/Shutdown.
[[0;32m  OK  [0m] Started udev Coldplug all Devices.
[   23.757593] renesas_usbhs e6590000.usb: host probed
[   23.762673] renesas_usbhs e6590000.usb: no transceiver found
[   23.777817] at24 7-0050: supply vcc not found, using dummy regulator
[   23.786285] renesas_usbhs e6590000.usb: gadget probed
[   23.791850] renesas_usbhs e6590000.usb: probed
[   23.795719] at24 7-0050: 128 byte br24t01 EEPROM, writable, 8 bytes/write
[   23.796828] renesas_usbhs e659c000.usb: host probed
[   23.808250] renesas_usbhs e659c000.usb: no transceiver found
[   23.808700] mc: Linux media interface: v0.10
[   23.816317] renesas_usbhs e659c000.usb: gadget probed
[   23.823811] renesas_usbhs e659c000.usb: probed
[   23.862481] ccree e6601000.crypto: ARM CryptoCell 630P Driver: HW version 0xAF400001/0xDCC63000, Driver version 5.0
[   23.873974] ccree e6601000.crypto: ARM ccree device initialized
[[0;32m  OK  [0m] Found device /dev/ttySC0.
[   23.919914] videodev: Linux video capture interface: v2.00
[   23.926070] renesas_usb3 ee020000.usb: probed with phy
[   23.938466] rcar-fcp fe950000.fcp: deferred probe timeout, ignoring dependency
[   23.946013] rcar-fcp fe951000.fcp: deferred probe timeout, ignoring dependency
[   23.953890] rcar_sound ec500000.sound: probed
[   23.958389] rcar-fcp fe96f000.fcp: deferred probe timeout, ignoring dependency
[   23.965919] rcar-fcp fe92f000.fcp: deferred probe timeout, ignoring dependency
[   23.973432] rcar-fcp fe9af000.fcp: deferred probe timeout, ignoring dependency
[[0;32m  OK  [[   23.980946] rcar-fcp fe9bf000.fcp: deferred probe timeout, ignoring dependency
0m] Reached targ[   23.989927] rcar-fcp fea27000.fcp: deferred probe timeout, ignoring dependency
et System Initia[   23.998416] rcar-fcp fea2f000.fcp: deferred probe timeout, ignoring dependency
lization.
[   24.006963] rcar-fcp fea37000.fcp: deferred probe timeout, ignoring dependency
[   24.046320] rcar-csi2 fea80000.csi2: 1 lanes found
[   24.053766] rcar-csi2 feaa0000.csi2: 4 lanes found
         Starting Network Service...
[   24.067018] rcar_fdp1 fe940000.fdp1: Device registered as /dev/video0
[   24.080585] rcar_fdp1 fe944000.fdp1: Device registered as /dev/video7
         Starting sshd.socket.
[[0;32m  OK  [0m] Started dnf-automatic-notifyonly timer.
[[0;32m  OK  [0m] Started dnf-automatic-install timer.
[[0;32m  OK  [0m] Started Daily rotation of log files.
[   24.146852] rcar-dw-hdmi fead0000.hdmi: Detected HDMI TX controller v2.01a with HDCP (DWC HDMI 2.0 TX PHY)
[   24.157984] rcar-dw-hdmi fead0000.hdmi: registered DesignWare HDMI I2C bus driver
[[0;32m  OK  [0m] Listening on D-Bus System Message Bus Socket.
[   24.190956] rcar-dw-hdmi feae0000.hdmi: Detected HDMI TX controller v2.01a with HDCP (DWC HDMI 2.0 TX PHY)
[[0;32m  OK  [0m] List[   24.202045] rcar-dw-hdmi feae0000.hdmi: registered DesignWare HDMI I2C bus driver
ening on RPCbind Server Activation Socket.
[[0;32m  OK  [0m] Started Daily Cleanup of Temporary Directories.
[   24.273718] [drm] Initialized rcar-du 1.0.0 20130110 for feb00000.display on minor 0
[   24.281830] rcar-du feb00000.display: [drm] Device feb00000.display probed
         Starting Console System Startup Logging...
[   24.306379] hdmi-audio-codec hdmi-audio-codec.7.auto: ASoC: sink widget TX overwritten
[   24.306395] hdmi-audio-codec hdmi-audio-codec.7.auto: ASoC: sink widget Capture overwritten
[   24.306400] hdmi-audio-codec hdmi-audio-codec.7.auto: ASoC: source widget RX overwritten
[   24.312387] Console: switching to colour frame buffer device 128x48
[   24.363403] rcar-du feb00000.display: [drm] fb0: rcar-dudrmfb frame buffer device
[[0;32m  OK  [0m] Started dnf-automatic-download timer.
[   24.381960] rcar_sound ec500000.sound: Can't update kctrl when idle
[[0;32m  OK  [0m] Listening on Avahi mDNS/DNS-SD Stack Activation Socket.
[[0;32m  OK  [0m] Started dnf makecache timer.
[[0;32m  OK  [0m] Reached target Timers.
[[0;32m  OK  [0m] Started Network Service.
[[0;32m  OK  [0m] Listening on sshd.socket.
[[0;32m  OK  [0m] Started Console System Startup Logging.
[[0;32m  OK  [0m] Reached target Sound Card.
[[0;32m  OK  [0m] Created slice system-systemd\x2dbacklight.slice.
         Starting Load/Save Screen Backlightâ€¦ightness of backlight:backlight...
[[0;32m  OK  [0m] Reached target Sockets.
[[0;32m  OK  [0m] Reached target Basic System.
[[0;32m  OK  [0m] Started optee services.
         Starting Avahi mDNS/DNS-SD Stack...
[[0;32m  OK  [0m] Started Periodic Command Scheduler.
         Starting bind.service...
[[0;32m  OK  [0m] Started D-Bus System Message Bus.
[[0;32m  OK  [0m] Started Avahi mDNS/DNS-SD Stack.
[[0;32m  OK  [0m] Started Weston Wayland compositor.
         Starting Save/Restore Sound Card State...
[[0;32m  OK  [0m] Started Job [   25.044400] rcar_sound ec500000.sound: Can't update kctrl when idle
spooling tools.
[[0;32m  OK  [0m] Reached target Containers.
         Starting Telephony service...
         Starting Login Service...
[[0;32m  OK  [0m] Reached target Network.
         Starting Network Name Resolution...
         Starting Permit User Sessions...
         Starting Xinetd A Powerful Replacement For Inetd...
         Starting Berkeley Internet Name Domain (DNS)...
[[0;32m  OK  [0m] Started Load/Save Screen Backlight Brightness of backlight:backlight.
[[0;32m  OK  [0m] Star[   25.221879] Bluetooth: Core ver 2.22
ted bind.service[   25.226898] NET: Registered PF_BLUETOOTH protocol family
.
[   25.233633] Bluetooth: HCI device and connection manager initialized
[   25.240212] Bluetooth: HCI socket layer initialized
[   25.245239] Bluetooth: L2CAP socket layer initialized
[   25.250396] Bluetooth: SCO socket layer initialized
[[0;32m  OK  [0m] Started Save/Restore Sound Card State.
[[0;32m  OK  [0m] Started Permit User Sessions.
[[0;32m  OK  [0m] Started Xinetd A Powerful Replacement For Inetd.
[[0;32m  OK  [0m] Started Network Name Resolution.
[[0;32m  OK  [0m] Started Telephony service.
[[0;1;31mFAILED[0m] Failed to start Berkeley Internet Name Domain (DNS).
See 'systemctl status named.service' for details.
[[0;32m  OK  [0m] Listening on Load/Save RF Kill Switch Status /dev/rfkill Watch.
[[0;32m  OK  [0m] Reached target Host and Network Name Lookups.
[[0;32m  OK  [0m] Started Getty on tty1.
[[0;32m  OK  [0m] Started Serial Getty on ttySC0.
[[0;32m  OK  [0m] Reached target Login Prompts.
[[0;32m  OK  [0m] Started Login Service.
[[0;32m  OK  [0m] Created slice User Slice of root.
[[0;32m  OK  [0m] Reached target Multi-User System.
         Starting Update UTMP about System Runlevel Changes...
         Starting User Manager for UID 0...
[   25.663631] audit: type=1006 audit(1516156416.896:2): pid=453 uid=0 old-auid=4294967295 auid=0 tty=(none) old-ses=4294967295 ses=1 res=1
[   25.676078] audit: type=1300 audit(1516156416.896:2): arch=c00000b7 syscall=64 success=yes exit=1 a0=8 a1=ffffc45baf18 a2=1 a3=0 items=0 ppid=1 pid=453 auid=0 uid=0 gid=0 euid=0 suid=0 fsuid=0 egid=0 sgid=0 fsgid=0 tty=(none) ses=1 comm="(systemd)" exe="/lib/systemd/systemd" key=(null)
[[0;32m  OK  [[   25.701839] audit: type=1327 audit(1516156416.896:2): proctitle="(systemd)"
0m] Started Session c1 of user root.
[[0;32m  OK  [0m] Started Update UTMP about System Runlevel Changes.
[[0;32m  OK  [0m] Started User Manager for UID 0.

Poky (Yocto Project Reference Distro) 2.4.1 salvator-x ttySC0

salvator-x login: 
Poky (Yocto Project Reference Distro) 2.4.1 salvator-x ttySC0

salvator-x login: root
Last login: Wed Jan 17 02:33:36 UTC 2018 on tty2
7[r[999;999H[6n8root@salvator-x:~# 
root@salvator-x:~# 
root@salvator-x:~# 