

----------Item 10----------


Please press switch to restart board 

[F 00:00:120
[F 00:00:119
[F 00:00:118
NOTICE:  BL2: R-Car Gen3 Initial Program Loader(CA57) Rev.4.0.0
NOTICE:  BL2: PRR is R-Car H3 Ver.3.0
NOTICE:  BL2: Board is Salvator-XS Rev.1.0
NOTICE:  BL2: Boot device is HyperFlash(160MHz)
NOTICE:  BL2: LCM state is CM
NOTICE:  AVS setting succeeded. DVFS_SetVID=0x53
NOTICE:  BL2: DDR3200(rev.0.42)
NOTICE:  BL2: [COLD_BOOT]
NOTICE:  BL2: DRAM Split is 4ch(DDR f)
NOTICE:  BL2: QoS is default setting(rev.0.11)
NOTICE:  BL2: DRAM refresh interval 1.95 usec
NOTICE:  BL2: Periodic Write DQ Training
NOTICE:  BL2: CH0: 400000000 - 47fffffff, 2 GiB
NOTICE:  BL2: CH1: 500000000 - 57fffffff, 2 GiB
NOTICE:  BL2: CH2: 600000000 - 67fffffff, 2 GiB
NOTICE:  BL2: CH3: 700000000 - 77fffffff, 2 GiB
NOTICE:  BL2: Lossy Decomp areas
NOTICE:       Entry 0: DCMPAREACRAx:0x80000540 DCMPAREACRBx:0x570
NOTICE:       Entry 1: DCMPAREACRAx:0x40000000 DCMPAREACRBx:0x0
NOTICE:       Entry 2: DCMPAREACRAx:0x20000000 DCMPAREACRBx:0x0
NOTICE:  BL2: FDT at 0xe6327f70
NOTICE:  BL2: v2.9(release):9cdb21f75
NOTICE:  BL2: Built : 05:25:39, Dec 19 2023
NOTICE:  BL2: Normal boot
NOTICE:  BL2: dst=0xe6327800 src=0x8180000 len=512(0x200)
NOTICE:  BL2: dst=0x43f00000 src=0x8180400 len=6144(0x1800)
NOTICE:  rcar_file_len: len: 0x0003e000
NOTICE:  BL2: dst=0x44000000 src=0x81c0000 len=253952(0x3e000)
NOTICE:  rcar_file_len: len: 0x00200000
NOTICE:  BL2: dst=0x44100000 src=0x8200000 len=2097152(0x200000)
NOTICE:  rcar_file_len: len: 0x00100000
NOTICE:  BL2: dst=0x50000000 src=0x8640000 len=1048576(0x100000)
NOTICE:  BL2: Booting BL31


U-Boot 2020.10 (Dec 19 2023 - 14:30:40 +0000)

CPU: Renesas Electronics R8A7795 rev 3.0
Model: Renesas Salvator-X 2nd version board based on r8a77951
DRAM:  7.9 GiB
RAM Configuration:
Bank #0: 0x048000000 - 0x0bfffffff, 1.9 GiB
Bank #1: 0x500000000 - 0x57fffffff, 2 GiB
Bank #2: 0x600000000 - 0x67fffffff, 2 GiB
Bank #3: 0x700000000 - 0x77fffffff, 2 GiB

MMC:   sd@ee100000: 0, sd@ee140000: 1, sd@ee160000: 2
Loading Environment from MMC... OK
In:    serial@e6e88000
Out:   serial@e6e88000
Err:   serial@e6e88000
Net:   eth0: ethernet@e6800000
Hit any key to stop autoboot:  2  1  0 
ethernet@e6800000 Waiting for PHY auto negotiation to complete.......... done
Using ethernet@e6800000 device
TFTP from server 192.168.10.99; our IP address is 192.168.10.167
Filename 'traivo/H3/rootfs/boot_USB2H/Image'.
Load address: 0x48080000
Loading: *#################################################################
	 #################################################################
	 #################################################################
	 #################################################################
	 #################################################################
	 #################################################################
	 #################################################################
	 #################################################################
	 #################################################################
	 #################################################################
	 #################################################################
	 #################################################################
	 #################################################################
	 #################################################################
	 #################################################################
	 #################################################################
	 #################################################################
	 #################################################################
	 #################################################################
	 #################################################################
	 #################################################################
	 #################################################################
	 #################################################################
	 #################################################################
	 #################################################################
	 #################################################################
	 #################################################################
	 #################################################################
	 #################################################################
	 #################################################################
	 #################################################################
	 #################################################################
	 #################################################################
	 #################################################################
	 ################################################################
	 19.6 MiB/s
done
Bytes transferred = 33376768 (1fd4a00 hex)
Using ethernet@e6800000 device
TFTP from server 192.168.10.99; our IP address is 192.168.10.167
Filename 'traivo/H3/rootfs/boot_USB2H/r8a77951-salvator-xs.dtb'.
Load address: 0x48000000
Loading: *#######
	 12.4 MiB/s
done
Bytes transferred = 90876 (162fc hex)
Moving Image from 0x48080000 to 0x48200000, end=4a260000
## Flattened Device Tree blob at 48000000
   Booting using the fdt blob at 0x48000000
   Loading Device Tree to 0000000053fe6000, end 0000000053fff2fb ... OK

Starting kernel ...

[    0.000000] Booting Linux on physical CPU 0x0000000000 [0x411fd073]
[    0.000000] Linux version 5.10.194-yocto-standard (thuan.nguyen-hong@banvien) (aarch64-poky-linux-gcc (GCC) 9.3.0, GNU ld (GNU Binutils) 2.34.0.20200220) #10 SMP PREEMPT Mon Feb 19 03:51:05 UTC 2024
[    0.000000] Machine model: Renesas Salvator-X 2nd version board based on r8a77951
[    0.000000] efi: UEFI not found.
[    0.000000] Reserved memory: created CMA memory pool at 0x0000000057000000, size 16 MiB
[    0.000000] OF: reserved mem: initialized node linux,adsp@57000000, compatible id shared-dma-pool
[    0.000000] Reserved memory: created CMA memory pool at 0x0000000058000000, size 384 MiB
[    0.000000] OF: reserved mem: initialized node linux,cma@58000000, compatible id shared-dma-pool
[    0.000000] Reserved memory: created CMA memory pool at 0x0000000070000000, size 256 MiB
[    0.000000] OF: reserved mem: initialized node linux,multimedia@70000000, compatible id shared-dma-pool
[    0.000000] NUMA: No NUMA configuration found
[    0.000000] NUMA: Faking a node at [mem 0x0000000048000000-0x000000077fffffff]
[    0.000000] NUMA: NODE_DATA [mem 0x77efdab00-0x77efdcfff]
[    0.000000] Zone ranges:
[    0.000000]   DMA      [mem 0x0000000048000000-0x000000007fffffff]
[    0.000000]   DMA32    [mem 0x0000000080000000-0x00000000ffffffff]
[    0.000000]   Normal   [mem 0x0000000100000000-0x000000077fffffff]
[    0.000000] Movable zone start for each node
[    0.000000] Early memory node ranges
[    0.000000]   node   0: [mem 0x0000000048000000-0x0000000053ffffff]
[    0.000000]   node   0: [mem 0x0000000054000000-0x0000000056ffffff]
[    0.000000]   node   0: [mem 0x0000000057000000-0x00000000bfffffff]
[    0.000000]   node   0: [mem 0x0000000500000000-0x000000057fffffff]
[    0.000000]   node   0: [mem 0x0000000600000000-0x000000067fffffff]
[    0.000000]   node   0: [mem 0x0000000700000000-0x000000077fffffff]
[    0.000000] Initmem setup node 0 [mem 0x0000000048000000-0x000000077fffffff]
[    0.000000] psci: probing for conduit method from DT.
[    0.000000] psci: PSCIv1.1 detected in firmware.
[    0.000000] psci: Using standard PSCI v0.2 function IDs
[    0.000000] psci: Trusted OS resident on physical CPU 0x0
[    0.000000] psci: SMC Calling Convention v1.2
[    0.000000] percpu: Embedded 23 pages/cpu s56984 r8192 d29032 u94208
[    0.000000] Detected PIPT I-cache on CPU0
[    0.000000] CPU features: detected: EL2 vector hardening
[    0.000000] CPU features: detected: Spectre-v2
[    0.000000] CPU features: detected: ARM errata 1165522, 1319367, or 1530923
[    0.000000] CPU features: detected: Spectre-BHB
[    0.000000] CPU features: detected: ARM erratum 1742098
[    0.000000] Built 1 zonelists, mobility grouping on.  Total pages: 2032128
[    0.000000] Policy zone: Normal
[    0.000000] Kernel command line: rw root=/dev/nfs nfsroot=192.168.10.99:/data/tftpboot/traivo/H3/rootfs,nfsvers=4, ip=192.168.10.167
[    0.000000] Dentry cache hash table entries: 1048576 (order: 11, 8388608 bytes, linear)
[    0.000000] Inode-cache hash table entries: 524288 (order: 10, 4194304 bytes, linear)
[    0.000000] mem auto-init: stack:off, heap alloc:off, heap free:off
[    0.000000] software IO TLB: mapped [mem 0x000000004ffe6000-0x0000000053fe6000] (64MB)
[    0.000000] Memory: 7276840K/8257536K available (15232K kernel code, 2834K rwdata, 8240K rodata, 6144K init, 517K bss, 308952K reserved, 671744K cma-reserved)
[    0.000000] SLUB: HWalign=64, Order=0-3, MinObjects=0, CPUs=8, Nodes=1
[    0.000000] rcu: Preemptible hierarchical RCU implementation.
[    0.000000] rcu: 	RCU event tracing is enabled.
[    0.000000] rcu: 	RCU restricting CPUs from NR_CPUS=256 to nr_cpu_ids=8.
[    0.000000] 	Trampoline variant of Tasks RCU enabled.
[    0.000000] rcu: RCU calculated value of scheduler-enlistment delay is 25 jiffies.
[    0.000000] rcu: Adjusting geometry for rcu_fanout_leaf=16, nr_cpu_ids=8
[    0.000000] NR_IRQS: 64, nr_irqs: 64, preallocated irqs: 0
[    0.000000] arch_timer: cp15 timer(s) running at 8.32MHz (virt).
[    0.000000] clocksource: arch_sys_counter: mask: 0xffffffffffffff max_cycles: 0x1eb398c07, max_idle_ns: 440795202503 ns
[    0.000003] sched_clock: 56 bits at 8MHz, resolution 120ns, wraps every 2199023255503ns
[    0.000205] Console: colour dummy device 80x25
[    0.000414] printk: console [tty0] enabled
[    0.000491] Calibrating delay loop (skipped), value calculated using timer frequency.. 16.64 BogoMIPS (lpj=33280)
[    0.000507] pid_max: default: 32768 minimum: 301
[    0.000565] LSM: Security Framework initializing
[    0.000649] Mount-cache hash table entries: 16384 (order: 5, 131072 bytes, linear)
[    0.000701] Mountpoint-cache hash table entries: 16384 (order: 5, 131072 bytes, linear)
[    0.002143] rcu: Hierarchical SRCU implementation.
[    0.003734] Detected Renesas R-Car Gen3 r8a7795 ES3.0
[    0.005884] EFI services will not be available.
[    0.006223] smp: Bringing up secondary CPUs ...
[    0.006679] Detected PIPT I-cache on CPU1
[    0.006724] CPU1: Booted secondary processor 0x0000000001 [0x411fd073]
[    0.007208] Detected PIPT I-cache on CPU2
[    0.007232] CPU2: Booted secondary processor 0x0000000002 [0x411fd073]
[    0.007659] Detected PIPT I-cache on CPU3
[    0.007681] CPU3: Booted secondary processor 0x0000000003 [0x411fd073]
[    0.008149] CPU features: detected: ARM erratum 845719
[    0.008161] Detected VIPT I-cache on CPU4
[    0.008209] CPU4: Booted secondary processor 0x0000000100 [0x410fd034]
[    0.008687] Detected VIPT I-cache on CPU5
[    0.008714] CPU5: Booted secondary processor 0x0000000101 [0x410fd034]
[    0.009151] Detected VIPT I-cache on CPU6
[    0.009178] CPU6: Booted secondary processor 0x0000000102 [0x410fd034]
[    0.009611] Detected VIPT I-cache on CPU7
[    0.009638] CPU7: Booted secondary processor 0x0000000103 [0x410fd034]
[    0.009717] smp: Brought up 1 node, 8 CPUs
[    0.009778] SMP: Total of 8 processors activated.
[    0.009785] CPU features: detected: 32-bit EL0 Support
[    0.009792] CPU features: detected: CRC32 instructions
[    0.009800] CPU features: detected: 32-bit EL1 Support
[    0.023001] CPU: All CPU(s) started at EL1
[    0.023054] alternatives: patching kernel code
[    0.024205] devtmpfs: initialized
[    0.031012] KASLR disabled due to lack of seed
[    0.031163] clocksource: jiffies: mask: 0xffffffff max_cycles: 0xffffffff, max_idle_ns: 7645041785100000 ns
[    0.031183] futex hash table entries: 2048 (order: 5, 131072 bytes, linear)
[    0.039823] pinctrl core: initialized pinctrl subsystem
[    0.041321] DMI not present or invalid.
[    0.041821] NET: Registered protocol family 16
[    0.042762] DMA: preallocated 1024 KiB GFP_KERNEL pool for atomic allocations
[    0.042958] DMA: preallocated 1024 KiB GFP_KERNEL|GFP_DMA pool for atomic allocations
[    0.043249] DMA: preallocated 1024 KiB GFP_KERNEL|GFP_DMA32 pool for atomic allocations
[    0.043289] audit: initializing netlink subsys (disabled)
[    0.043466] audit: type=2000 audit(0.040:1): state=initialized audit_enabled=0 res=1
[    0.044637] thermal_sys: Registered thermal governor 'power_allocator'
[    0.045153] cpuidle: using governor menu
[    0.045320] hw-breakpoint: found 6 breakpoint and 4 watchpoint registers.
[    0.045440] ASID allocator initialised with 65536 entries
[    0.046728] Serial: AMBA PL011 UART driver
[    0.089555] sh-pfc e6060000.pinctrl: r8a77951_pfc support registered
[    0.104319] HugeTLB registered 1.00 GiB page size, pre-allocated 0 pages
[    0.104332] HugeTLB registered 32.0 MiB page size, pre-allocated 0 pages
[    0.104340] HugeTLB registered 2.00 MiB page size, pre-allocated 0 pages
[    0.104347] HugeTLB registered 64.0 KiB page size, pre-allocated 0 pages
[    0.105308] cryptd: max_cpu_qlen set to 1000
[    0.107552] ACPI: Interpreter disabled.
[    0.111331] rcar-avs: use avs value: 0
[    0.111346] rcar-avs: cpu@0 is running with: opp_table0
[    0.111358] rcar-avs: cpu@1 is running with: opp_table0
[    0.111378] rcar-avs: cpu@2 is running with: opp_table0
[    0.111387] rcar-avs: cpu@3 is running with: opp_table0
[    0.111474] rcar-avs: gsx@fd000000 is running with: gsx_opp_table0
[    0.112871] iommu: Default domain type: Translated 
[    0.113438] ipmmu-vmsa e67b0000.iommu: IPMMU context 0 is reserved
[    0.114391] vgaarb: loaded
[    0.114598] SCSI subsystem initialized
[    0.114844] usbcore: registered new interface driver usbfs
[    0.114872] usbcore: registered new interface driver hub
[    0.114897] usbcore: registered new device driver usb
[    0.118441] i2c-sh_mobile e60b0000.i2c: I2C adapter 7, bus speed 400000 Hz
[    0.118985] mc: Linux media interface: v0.10
[    0.119007] videodev: Linux video capture interface: v2.00
[    0.119053] pps_core: LinuxPPS API ver. 1 registered
[    0.119060] pps_core: Software ver. 5.3.6 - Copyright 2005-2007 Rodolfo Giometti <giometti@linux.it>
[    0.119074] PTP clock support registered
[    0.119243] EDAC MC: Ver: 3.0.0
[    0.121242] FPGA manager framework
[    0.121306] Advanced Linux Sound Architecture Driver Initialized.
[    0.121863] clocksource: Switched to clocksource arch_sys_counter
[    0.122009] VFS: Disk quotas dquot_6.6.0
[    0.122049] VFS: Dquot-cache hash table entries: 512 (order 0, 4096 bytes)
[    0.122172] pnp: PnP ACPI: disabled
[    0.125672] NET: Registered protocol family 2
[    0.126084] IP idents hash table entries: 131072 (order: 8, 1048576 bytes, linear)
[    0.128354] tcp_listen_portaddr_hash hash table entries: 4096 (order: 4, 65536 bytes, linear)
[    0.128431] TCP established hash table entries: 65536 (order: 7, 524288 bytes, linear)
[    0.128718] TCP bind hash table entries: 65536 (order: 8, 1048576 bytes, linear)
[    0.129304] TCP: Hash tables configured (established 65536 bind 65536)
[    0.129422] UDP hash table entries: 4096 (order: 5, 131072 bytes, linear)
[    0.129535] UDP-Lite hash table entries: 4096 (order: 5, 131072 bytes, linear)
[    0.129753] NET: Registered protocol family 1
[    0.130132] RPC: Registered named UNIX socket transport module.
[    0.130143] RPC: Registered udp transport module.
[    0.130149] RPC: Registered tcp transport module.
[    0.130154] RPC: Registered tcp NFSv4.1 backchannel transport module.
[    0.130167] PCI: CLS 0 bytes, default 64
[    0.131113] hw perfevents: enabled with armv8_cortex_a53 PMU driver, 7 counters available
[    0.131386] hw perfevents: enabled with armv8_cortex_a57 PMU driver, 7 counters available
[    0.132009] kvm [1]: HYP mode not available
[    0.134938] Initialise system trusted keyrings
[    0.135073] workingset: timestamp_bits=42 max_order=21 bucket_order=0
[    0.138182] squashfs: version 4.0 (2009/01/31) Phillip Lougher
[    0.138577] NFS: Registering the id_resolver key type
[    0.138603] Key type id_resolver registered
[    0.138610] Key type id_legacy registered
[    0.138664] nfs4filelayout_init: NFSv4 File Layout Driver Registering...
[    0.138674] nfs4flexfilelayout_init: NFSv4 Flexfile Layout Driver Registering...
[    0.138776] 9p: Installing v9fs 9p2000 file system support
[    0.164844] Key type asymmetric registered
[    0.164857] Asymmetric key parser 'x509' registered
[    0.164887] Block layer SCSI generic (bsg) driver version 0.4 loaded (major 243)
[    0.164897] io scheduler mq-deadline registered
[    0.164906] io scheduler kyber registered
[    0.181048] gpio_rcar e6050000.gpio: driving 16 GPIOs
[    0.181336] gpio_rcar e6051000.gpio: driving 29 GPIOs
[    0.181595] gpio_rcar e6052000.gpio: driving 15 GPIOs
[    0.182007] gpio_rcar e6053000.gpio: driving 16 GPIOs
[    0.182279] gpio_rcar e6054000.gpio: driving 18 GPIOs
[    0.182657] gpio_rcar e6055000.gpio: driving 26 GPIOs
[    0.182943] gpio_rcar e6055400.gpio: driving 32 GPIOs
[    0.183194] gpio_rcar e6055800.gpio: driving 4 GPIOs
[    0.186160] rcar-pcie fe000000.pcie: host bridge /soc/pcie@fe000000 ranges:
[    0.186190] rcar-pcie fe000000.pcie:       IO 0x00fe100000..0x00fe1fffff -> 0x0000000000
[    0.186217] rcar-pcie fe000000.pcie:      MEM 0x00fe200000..0x00fe3fffff -> 0x00fe200000
[    0.186236] rcar-pcie fe000000.pcie:      MEM 0x0030000000..0x0037ffffff -> 0x0030000000
[    0.186250] rcar-pcie fe000000.pcie:      MEM 0x0038000000..0x003fffffff -> 0x0038000000
[    0.186266] rcar-pcie fe000000.pcie:   IB MEM 0x0040000000..0x007fffffff -> 0x0040000000
[    0.186311] rcar-pcie fe000000.pcie: no pcie3v3 regulator found
[    0.186321] rcar-pcie fe000000.pcie: no pcie1v8 regulator found
[    0.253574] rcar-pcie fe000000.pcie: PCIe link down
[    0.253759] rcar-pcie ee800000.pcie: host bridge /soc/pcie@ee800000 ranges:
[    0.253783] rcar-pcie ee800000.pcie:       IO 0x00ee900000..0x00ee9fffff -> 0x0000000000
[    0.253803] rcar-pcie ee800000.pcie:      MEM 0x00eea00000..0x00eebfffff -> 0x00eea00000
[    0.253820] rcar-pcie ee800000.pcie:      MEM 0x00c0000000..0x00c7ffffff -> 0x00c0000000
[    0.253833] rcar-pcie ee800000.pcie:      MEM 0x00c8000000..0x00cfffffff -> 0x00c8000000
[    0.253849] rcar-pcie ee800000.pcie:   IB MEM 0x0040000000..0x007fffffff -> 0x0040000000
[    0.253897] rcar-pcie ee800000.pcie: no pcie3v3 regulator found
[    0.253908] rcar-pcie ee800000.pcie: no pcie1v8 regulator found
[    0.413864] rcar-pcie ee800000.pcie: PCIe link down
[    0.416380] EINJ: ACPI disabled.
[    0.449557] Serial: 8250/16550 driver, 4 ports, IRQ sharing enabled
[    0.452003] SuperH (H)SCI(F) driver initialized
[    0.452439] e6550000.serial: ttySC1 at MMIO 0xe6550000 (irq = 42, base_baud = 0) is a hscif
[    0.453177] e6e88000.serial: ttySC0 at MMIO 0xe6e88000 (irq = 128, base_baud = 0) is a scif
[    1.657853] printk: console [ttySC0] enabled
[    1.663227] msm_serial: driver initialized
[    1.673563] rcar-dw-hdmi fead0000.hdmi: Detected HDMI TX controller v2.01a with HDCP (DWC HDMI 2.0 TX PHY)
[    1.683473] rcar-dw-hdmi fead0000.hdmi: registered DesignWare HDMI I2C bus driver
[    1.691720] rcar-dw-hdmi feae0000.hdmi: Detected HDMI TX controller v2.01a with HDCP (DWC HDMI 2.0 TX PHY)
[    1.701584] rcar-dw-hdmi feae0000.hdmi: registered DesignWare HDMI I2C bus driver
[    1.717123] loop: module loaded
[    1.721693] megasas: 07.714.04.00-rc1
[    1.727428] scsi host0: sata_rcar
[    1.730903] ata1: SATA max UDMA/133 irq 181
[    1.740298] tun: Universal TUN/TAP device driver, 1.6
[    1.746279] thunder_xcv, ver 1.0
[    1.749522] thunder_bgx, ver 1.0
[    1.752775] nicpf, ver 1.0
[    1.756913] hclge is initializing
[    1.760249] hns3: Hisilicon Ethernet Network Driver for Hip08 Family - version
[    1.767473] hns3: Copyright (c) 2017 Huawei Corporation.
[    1.772811] e1000: Intel(R) PRO/1000 Network Driver
[    1.777692] e1000: Copyright (c) 1999-2006 Intel Corporation.
[    1.783461] e1000e: Intel(R) PRO/1000 Network Driver
[    1.788426] e1000e: Copyright(c) 1999 - 2015 Intel Corporation.
[    1.794365] igb: Intel(R) Gigabit Ethernet Network Driver
[    1.799765] igb: Copyright (c) 2007-2014 Intel Corporation.
[    1.805352] igbvf: Intel(R) Gigabit Virtual Function Network Driver
[    1.811619] igbvf: Copyright (c) 2009 - 2012 Intel Corporation.
[    1.817962] sky2: driver version 1.30
[    1.825551] ravb e6800000.ethernet eth0: Base address at 0xe6800000, 2e:09:0a:02:ec:37, IRQ 125.
[    1.835790] VFIO - User Level meta-driver version: 0.3
[    1.842929] ehci_hcd: USB 2.0 'Enhanced' Host Controller (EHCI) Driver
[    1.849467] ehci-pci: EHCI PCI platform driver
[    1.853927] ehci-platform: EHCI generic platform driver
[    1.859550] ehci-platform ee0a0100.usb: EHCI Host Controller
[    1.865234] ehci-platform ee0a0100.usb: new USB bus registered, assigned bus number 1
[    1.873152] ehci-platform ee0a0100.usb: irq 175, io mem 0xee0a0100
[    1.893872] ehci-platform ee0a0100.usb: USB 2.0 started, EHCI 1.10
[    1.900391] hub 1-0:1.0: USB hub found
[    1.904161] hub 1-0:1.0: 1 port detected
[    1.908567] ehci-platform ee0c0100.usb: EHCI Host Controller
[    1.914253] ehci-platform ee0c0100.usb: new USB bus registered, assigned bus number 2
[    1.922147] ehci-platform ee0c0100.usb: irq 176, io mem 0xee0c0100
[    1.941869] ehci-platform ee0c0100.usb: USB 2.0 started, EHCI 1.10
[    1.948341] hub 2-0:1.0: USB hub found
[    1.952112] hub 2-0:1.0: 1 port detected
[    1.981910] ehci-platform ee0e0100.usb: EHCI Host Controller
[    1.987586] ehci-platform ee0e0100.usb: new USB bus registered, assigned bus number 3
[    1.995456] ehci-platform ee0e0100.usb: irq 177, io mem 0xee0e0100
[    2.013869] ehci-platform ee0e0100.usb: USB 2.0 started, EHCI 1.10
[    2.020308] hub 3-0:1.0: USB hub found
[    2.024077] hub 3-0:1.0: 1 port detected
[    2.028461] ehci-orion: EHCI orion driver
[    2.032726] ehci-exynos: EHCI Exynos driver
[    2.037030] ohci_hcd: USB 1.1 'Open' Host Controller (OHCI) Driver
[    2.043227] ohci-pci: OHCI PCI platform driver
[    2.047709] ohci-platform: OHCI generic platform driver
[    2.053235] ohci-platform ee0a0000.usb: Generic Platform OHCI controller
[    2.059955] ohci-platform ee0a0000.usb: new USB bus registered, assigned bus number 4
[    2.067850] ohci-platform ee0a0000.usb: irq 175, io mem 0xee0a0000
[    2.149877] ata1: link resume succeeded after 1 retries
[    2.164189] hub 4-0:1.0: USB hub found
[    2.167960] hub 4-0:1.0: 1 port detected
[    2.172314] ohci-platform ee0c0000.usb: Generic Platform OHCI controller
[    2.179032] ohci-platform ee0c0000.usb: new USB bus registered, assigned bus number 5
[    2.186925] ohci-platform ee0c0000.usb: irq 176, io mem 0xee0c0000
[    2.261392] ata1: SATA link down (SStatus 0 SControl 300)
[    2.280125] hub 5-0:1.0: USB hub found
[    2.283893] hub 5-0:1.0: 1 port detected
[    2.288227] ohci-platform ee0e0000.usb: Generic Platform OHCI controller
[    2.294941] ohci-platform ee0e0000.usb: new USB bus registered, assigned bus number 6
[    2.302810] ohci-platform ee0e0000.usb: irq 177, io mem 0xee0e0000
[    2.305882] usb 1-1: new high-speed USB device number 2 using ehci-platform
[    2.396157] hub 6-0:1.0: USB hub found
[    2.399927] hub 6-0:1.0: 1 port detected
[    2.404291] ohci-exynos: OHCI Exynos driver
[    2.409164] xhci-hcd ee000000.usb: xHCI Host Controller
[    2.414406] xhci-hcd ee000000.usb: new USB bus registered, assigned bus number 7
[    2.437658] xhci-hcd ee000000.usb: hcc params 0x014051ce hci version 0x100 quirks 0x0000000000830410
[    2.446848] xhci-hcd ee000000.usb: irq 172, io mem 0xee000000
[    2.452710] xhci-hcd ee000000.usb: xHCI Host Controller
[    2.457948] xhci-hcd ee000000.usb: new USB bus registered, assigned bus number 8
[    2.465353] xhci-hcd ee000000.usb: Host supports USB 3.0 SuperSpeed
[    2.471927] hub 7-0:1.0: USB hub found
[    2.475704] hub 7-0:1.0: 1 port detected
[    2.479793] usb usb8: We don't know the algorithms for LPM for this host, disabling LPM.
[    2.488122] hub 8-0:1.0: USB hub found
[    2.491888] hub 8-0:1.0: 1 port detected
[    2.496670] usb-storage 1-1:1.0: USB Mass Storage device detected
[    2.503112] scsi host1: usb-storage 1-1:1.0
[    2.507457] usbcore: registered new interface driver usb-storage
[    2.515243] renesas_usbhs e6590000.usb: host probed
[    2.520135] renesas_usbhs e6590000.usb: no transceiver found
[    2.525882] renesas_usbhs e6590000.usb: gadget probed
[    2.531099] renesas_usbhs e6590000.usb: probed
[    2.535995] renesas_usbhs e659c000.usb: host probed
[    2.540888] renesas_usbhs e659c000.usb: no transceiver found
[    2.546599] renesas_usbhs e659c000.usb: gadget probed
[    2.551797] renesas_usbhs e659c000.usb: probed
[    2.558698] i2c /dev entries driver
[    2.573233] cs2000-cp 2-004f: revision - C1
[    2.577475] i2c-rcar e6510000.i2c: probed
[    2.582298] pca953x 4-0020: supply vcc not found, using dummy regulator
[    2.589001] pca953x 4-0020: using no AI
[    2.593642] gpio-355 (PCIE/SATA switch): hogged as output/low
[    2.605930] i2c-rcar e66d8000.i2c: probed
[    2.611228] adv748x 4-0070: Endpoint /soc/i2c@e66d8000/video-receiver@70/port@7/endpoint on port 7
[    2.620210] adv748x 4-0070: Endpoint /soc/i2c@e66d8000/video-receiver@70/port@8/endpoint on port 8
[    2.629184] adv748x 4-0070: Endpoint /soc/i2c@e66d8000/video-receiver@70/port@a/endpoint on port 10
[    2.638248] adv748x 4-0070: Endpoint /soc/i2c@e66d8000/video-receiver@70/port@b/endpoint on port 11
[    2.647634] adv748x 4-0070: chip found @ 0xe0 revision 2143
[    2.701296] rcar-csi2 fea80000.csi2: 1 lanes found
[    2.706435] rcar-csi2 feaa0000.csi2: 4 lanes found
[    2.715997] rcar-vin e6ef0000.video: Device registered as video0
[    2.722082] rcar-vin e6ef1000.video: Device registered as video1
[    2.728152] rcar-vin e6ef2000.video: Device registered as video2
[    2.734225] rcar-vin e6ef3000.video: Device registered as video3
[    2.740288] rcar-vin e6ef4000.video: Device registered as video4
[    2.746366] rcar-vin e6ef5000.video: Device registered as video5
[    2.752448] rcar-vin e6ef6000.video: Device registered as video6
[    2.758531] rcar-vin e6ef7000.video: Device registered as video7
[    2.767274] rcar_gen3_thermal e6198000.thermal: is using pseudo fixed FUSE values
[    2.779455] rcar_gen3_thermal e6198000.thermal: TSC0: Loaded 1 trip points
[    2.790714] rcar_gen3_thermal e6198000.thermal: TSC1: Loaded 1 trip points
[    2.801922] rcar_gen3_thermal e6198000.thermal: TSC2: Loaded 3 trip points
[    2.814022] sdhci: Secure Digital Host Controller Interface driver
[    2.820213] sdhci: Copyright(c) Pierre Ossman
[    2.825397] Synopsys Designware Multimedia Card Interface Driver
[    2.825662] renesas_sdhi_internal_dmac ee140000.mmc: Adding to iommu group 0
[    2.825743] renesas_sdhi_internal_dmac ee100000.mmc: Got CD GPIO
[    2.825746] renesas_sdhi_internal_dmac ee160000.mmc: Got CD GPIO
[    2.825762] renesas_sdhi_internal_dmac ee100000.mmc: Got WP GPIO
[    2.825767] renesas_sdhi_internal_dmac ee160000.mmc: Got WP GPIO
[    2.832765] sdhci-pltfm: SDHCI platform and OF driver helper
[    2.838490] renesas_sdhi_internal_dmac ee140000.mmc: Using IPMMU context 1
[    2.876022] ledtrig-cpu: registered to indicate activity on CPUs
[    2.883044] SMCCC: SOC_ID: ARCH_SOC_ID not implemented, skipping ....
[    2.890095] usbcore: registered new interface driver usbhid
[    2.895672] usbhid: USB HID core driver
[    2.903313] optee: probing for conduit method.
[    2.907780] optee: revision 3.22 (314ecf9d)
[    2.908242] optee driver R-Car Rev.1.0.11
[    2.916820] optee: dynamic shared memory is enabled
[    2.921967] optee: initialized driver
[    2.922719] renesas_sdhi_internal_dmac ee140000.mmc: mmc0 base at 0x00000000ee140000, max clock rate 200 MHz
[    2.936134] rcar_sound ec500000.sound: probed
[    2.941207] NET: Registered protocol family 17
[    2.945774] 9pnet: Installing 9P2000 support
[    2.950096] Key type dns_resolver registered
[    2.954673] registered taskstats version 1
[    2.958787] Loading compiled-in X.509 certificates
[    2.973538] thermal emergency: set temperature to 110 celsius
[    2.979485] thermal emergency: shutdown target cpus 1-7
[    2.984712] thermal emergency: freq scaled target cpus 0
[    2.990379] renesas_irqc e61c0000.interrupt-controller: driving 6 irqs
[    3.005398] mmc0: new HS400 MMC card at address 0001
[    3.011034] mmcblk0: mmc0:0001 BGSD3R 29.1 GiB 
[    3.015953] mmcblk0boot0: mmc0:0001 BGSD3R partition 1 16.0 MiB
[    3.022255] mmcblk0boot1: mmc0:0001 BGSD3R partition 2 16.0 MiB
[    3.028301] mmcblk0rpmb: mmc0:0001 BGSD3R partition 3 4.00 MiB, chardev (509:0)
[    3.036853]  mmcblk0: p1
[    3.037921] ehci-platform ee080100.usb: EHCI Host Controller
[    3.045076] ehci-platform ee080100.usb: new USB bus registered, assigned bus number 9
[    3.052977] ehci-platform ee080100.usb: irq 174, io mem 0xee080100
[    3.073875] ehci-platform ee080100.usb: USB 2.0 started, EHCI 1.10
[    3.080495] hub 9-0:1.0: USB hub found
[    3.084265] hub 9-0:1.0: 1 port detected
[    3.089752] ohci-platform ee080000.usb: Generic Platform OHCI controller
[    3.096474] ohci-platform ee080000.usb: new USB bus registered, assigned bus number 10
[    3.104448] ohci-platform ee080000.usb: irq 174, io mem 0xee080000
[    3.200376] hub 10-0:1.0: USB hub found
[    3.204236] hub 10-0:1.0: 1 port detected
[    3.209596] cpu cpu0: EM: created perf domain
[    3.214502] cpu cpu4: EM: created perf domain
[    3.223775] renesas_sdhi_internal_dmac ee100000.mmc: Got CD GPIO
[    3.224910] renesas_sdhi_internal_dmac ee160000.mmc: Got CD GPIO
[    3.227215] [drm] Initialized rcar-du 1.0.0 20130110 for feb00000.display on minor 0
[    3.227218] [drm] Device feb00000.display probed
[    3.229922] renesas_sdhi_internal_dmac ee100000.mmc: Got WP GPIO
[    3.235888] renesas_sdhi_internal_dmac ee160000.mmc: Got WP GPIO
[    3.293114] renesas_sdhi_internal_dmac ee100000.mmc: mmc1 base at 0x00000000ee100000, max clock rate 200 MHz
[    3.299068] Console: switching to colour frame buffer device 128x48
[    3.309624] renesas_sdhi_internal_dmac ee160000.mmc: mmc2 base at 0x00000000ee160000, max clock rate 200 MHz
[    3.343032] rcar-du feb00000.display: [drm] fb0: rcar-dudrmfb frame buffer device
[    3.355521] input: keys as /devices/platform/keys/input/input0
[    3.437506] Micrel KSZ9031 Gigabit PHY e6800000.ethernet-ffffffff:00: attached PHY driver [Micrel KSZ9031 Gigabit PHY] (mii_bus:phy_addr=e6800000.ethernet-ffffffff:00, irq=183)
[    3.519784] scsi 1:0:0:0: Direct-Access     Lexar    JD Secure II +   1100 PQ: 0 ANSI: 0 CCS
[    3.646615] sd 1:0:0:0: [sda] 1966080 512-byte logical blocks: (1.01 GB/960 MiB)
[    3.655163] sd 1:0:0:0: [sda] Write Protect is off
[    3.661035] sd 1:0:0:0: [sda] No Caching mode page found
[    3.666487] sd 1:0:0:0: [sda] Assuming drive cache: write through
[    3.682501]  sda: sda1
[    3.690133] sd 1:0:0:0: [sda] Attached SCSI removable disk
[   13.129969] ravb e6800000.ethernet eth0: Link is Up - 1Gbps/Full - flow control off
[   13.157902] IP-Config: Guessing netmask 255.255.255.0
[   13.163061] IP-Config: Complete:
[   13.166376]      device=eth0, hwaddr=2e:09:0a:02:ec:37, ipaddr=192.168.10.167, mask=255.255.255.0, gw=255.255.255.255
[   13.177185]      host=192.168.10.167, domain=, nis-domain=(none)
[   13.187097]      bootserver=255.255.255.255, rootserver=192.168.10.99, rootpath=
[   13.187739] ALSA device list:
[   13.205145]   No soundcards found.
[   14.265000] VFS: Mounted root (nfs4 filesystem) on device 0:22.
[   14.276011] devtmpfs: mounted
[   14.286521] Freeing unused kernel memory: 6144K
[   14.318021] Run /sbin/init as init process
[   14.480403] systemd[1]: System time before build time, advancing clock.
[   14.885567] NET: Registered protocol family 10
[   14.893904] Segment Routing with IPv6
[   14.926061] systemd[1]: systemd 244 running in system mode. (+PAM -AUDIT -SELINUX +IMA -APPARMOR -SMACK +SYSVINIT +UTMP -LIBCRYPTSETUP -GCRYPT -GNUTLS +ACL +XZ -LZ4 -SECCOMP +BLKID -ELFUTILS +KMOD -IDN2 -IDN -PCRE2 default-hierarchy=hybrid)
[   14.953965] systemd[1]: Detected architecture arm64.

Welcome to [1mPoky (Yocto Project Reference Distro) 3.1.11 (dunfell)[0m!

[   14.988314] systemd[1]: Set hostname to <salvator-x>.
[   15.593926] random: crng init done
[   15.798428] systemd[1]: system-getty.slice: unit configures an IP firewall, but the local system does not support BPF/cgroup firewalling.
[   15.819805] systemd[1]: (This warning is only shown for the first unit using IP firewalling.)
[   15.835071] systemd[1]: Created slice system-getty.slice.
[[0;32m  OK  [0m] Created slice [0;1;39msystem-getty.slice[0m.
[   15.863070] systemd[1]: Created slice system-serial\x2dgetty.slice.
[[0;32m  OK  [0m] Created slice [0;1;39msystem-serial\x2dgetty.slice[0m.
[   15.887150] systemd[1]: Created slice User and Session Slice.
[[0;32m  OK  [0m] Created slice [0;1;39mUser and Session Slice[0m.
[   15.910359] systemd[1]: Started Dispatch Password Requests to Console Directory Watch.
[[0;32m  OK  [0m] Started [0;1;39mDispatch Password â€¦ts to Console Directory Watch[0m.
[   15.938274] systemd[1]: Started Forward Password Requests to Wall Directory Watch.
[[0;32m  OK  [0m] Started [0;1;39mForward Password Râ€¦uests to Wall Directory Watch[0m.
[   15.966168] systemd[1]: Reached target Paths.
[[0;32m  OK  [0m] Reached target [0;1;39mPaths[0m.
[   15.990056] systemd[1]: Reached target Remote File Systems.
[[0;32m  OK  [0m] Reached target [0;1;39mRemote File Systems[0m.
[   16.014022] systemd[1]: Reached target Slices.
[[0;32m  OK  [0m] Reached target [0;1;39mSlices[0m.
[   16.038013] systemd[1]: Reached target Swap.
[[0;32m  OK  [0m] Reached target [0;1;39mSwap[0m.
[   16.065061] systemd[1]: Listening on RPCbind Server Activation Socket.
[[0;32m  OK  [0m] Listening on [0;1;39mRPCbind Server Activation Socket[0m.
[   16.094096] systemd[1]: Reached target RPC Port Mapper.
[[0;32m  OK  [0m] Reached target [0;1;39mRPC Port Mapper[0m.
[   16.118411] systemd[1]: Listening on initctl Compatibility Named Pipe.
[[0;32m  OK  [0m] Listening on [0;1;39minitctl Compatibility Named Pipe[0m.
[   16.148169] systemd[1]: Listening on Journal Audit Socket.
[[0;32m  OK  [0m] Listening on [0;1;39mJournal Audit Socket[0m.
[   16.175853] systemd[1]: Listening on Journal Socket (/dev/log).
[[0;32m  OK  [0m] Listening on [0;1;39mJournal Socket (/dev/log)[0m.
[   16.202749] systemd[1]: Listening on Journal Socket.
[[0;32m  OK  [0m] Listening on [0;1;39mJournal Socket[0m.
[   16.228102] systemd[1]: Listening on Network Service Netlink Socket.
[[0;32m  OK  [0m] Listening on [0;1;39mNetwork Service Netlink Socket[0m.
[   16.256569] systemd[1]: Listening on udev Control Socket.
[[0;32m  OK  [0m] Listening on [0;1;39mudev Control Socket[0m.
[   16.282520] systemd[1]: Listening on udev Kernel Socket.
[[0;32m  OK  [0m] Listening on [0;1;39mudev Kernel Socket[0m.
[   16.311448] systemd[1]: Mounting Huge Pages File System...
         Mounting [0;1;39mHuge Pages File System[0m...
[   16.339247] systemd[1]: Mounting POSIX Message Queue File System...
         Mounting [0;1;39mPOSIX Message Queue File System[0m...
[   16.371153] systemd[1]: Mounting Kernel Debug File System...
         Mounting [0;1;39mKernel Debug File System[0m...
[   16.402472] systemd[1]: Mounting Temporary Directory (/tmp)...
         Mounting [0;1;39mTemporary Directory (/tmp)[0m...
[   16.432352] systemd[1]: Starting Create list of static device nodes for the current kernel...
         Starting [0;1;39mCreate list of stâ€¦odes for the current kernel[0m...
[   16.466951] systemd[1]: Starting Start psplash boot splash screen...
         Starting [0;1;39mStart psplash boot splash screen[0m...
[   16.500662] systemd[1]: Starting RPC Bind...
         Starting [0;1;39mRPC Bind[0m...
[   16.530518] systemd[1]: Condition check resulted in File System Check on Root Device being skipped.
[   16.544950] systemd[1]: Starting Journal Service...
         Starting [0;1;39mJournal Service[0m...
[   16.570131] systemd[1]: Starting Load Kernel Modules...
         Starting [0;1;39mLoad Kernel Modules[0m...
[   16.594232] systemd[1]: Starting Remount Root and Kernel File Systems...
         Starting [0;1;39mRemount Root and Kernel File Systems[0m...
[   16.621059] systemd[1]: Starting udev Coldplug all Devices...
         Starting [0;1;39mudev Coldplug all Devices[0m...
[   16.646634] systemd[1]: Started Start psplash boot splash screen.
[[0;32m  OK  [0m] Started [0;1;39mStart psplash boot splash screen[0m.
[   16.674542] systemd[1]: Started RPC Bind.
[[0;32m  OK  [0m] Started [0;1;39mRPC Bind[0m.
[   16.694612] systemd[1]: Started Journal Service.
[[0;32m  OK  [0m] Started [0;1;39mJournal Service[0m.
[[0;32m  OK  [0m] Mounted [0;1;39mHuge Pages File System[0m.
[[0;32m  OK  [0m] Mounted [0;1;39mPOSIX Message Queue File System[0m.
[[0;32m  OK  [0m] Mounted [0;1;39mKernel Debug File System[0m.
[[0;32m  OK  [0m] Mounted [0;1;39mTemporary Directory (/tmp)[0m.
[[0;32m  OK  [0m] Started [0;1;39mCreate list of staâ€¦ nodes for the current kernel[0m.
[[0;32m  OK  [0m] Started [0;1;39mLoad Kernel Modules[0m.
[[0;32m  OK  [0m] Started [0;1;39mRemount Root and Kernel File Systems[0m.
         Mounting [0;1;39mKernel Configuration File System[0m...
[[0;32m  OK  [0m] Started [0;1;39mStart psplash-systâ€¦progress communication helper[0m.
         Starting [0;1;39mFlush Journal to Persistent Storage[0m...
         Starting [0;1;39mApply Kernel Variables[0m...
[   16.936690] systemd-journald[359]: Received client request to flush runtime journal.
         Starting [0;1;39mCreate Static Device Nodes in /dev[0m...
[[0;32m  OK  [0m] Mounted [0;1;39mKernel Configuration File System[0m.
[[0;32m  OK  [0m] Started [0;1;39mFlush Journal to Persistent Storage[0m.
[[0;32m  OK  [0m] Started [0;1;39mApply Kernel Variables[0m.
[[0;32m  OK  [0m] Started [0;1;39mCreate Static Device Nodes in /dev[0m.
[[0;32m  OK  [0m] Reached target [0;1;39mLocal File Systems (Pre)[0m.
         Mounting [0;1;39m/var/volatile[0m...
         Starting [0;1;39mudev Kernel Device Manager[0m...
[[0;32m  OK  [0m] Started [0;1;39mudev Coldplug all Devices[0m.
[[0;32m  OK  [0m] Mounted [0;1;39m/var/volatile[0m.
         Starting [0;1;39mLoad/Save Random Seed[0m...
[[0;32m  OK  [0m] Reached target [0;1;39mLocal File Systems[0m.
         Starting [0;1;39mCreate Volatile Files and Directories[0m...
[[0;32m  OK  [0m] Started [0;1;39mudev Kernel Device Manager[0m.
[[0;32m  OK  [0m] Started [0;1;39mLoad/Save Random Seed[0m.
         Starting [0;1;39mNetwork Service[0m...
[[0;32m  OK  [0m] Started [0;1;39mCreate Volatile Files and Directories[0m.
         Starting [0;1;39mNetwork Time Synchronization[0m...
         Starting [0;1;39mUpdate UTMP about System Boot/Shutdown[0m...
[[0;32m  OK  [0m] Started [0;1;39mNetwork Service[0m.
         Starting [0;1;39mNetwork Name Resolution[0m...
[[0;32m  OK  [0m] Started [0;1;39mUpdate UTMP about System Boot/Shutdown[0m.
[[0;32m  OK  [0m] Started [0;1;39mNetwork Time Synchronization[0m.
[   17.499559] pwm-backlight: probe of backlight failed with error -16
[[0;32m  OK  [0m] Reached target [0;1;39mSystem Initialization[0m.
[[0;32m  OK  [0m] Started [0;1;39mDaily Cleanup of Temporary Directories[0m.
[[0;32m  OK  [0m] Reached target [0;1;39mSystem Time Set[0m.
[[0;32m  OK  [0m] Reached target [0;1;39mSystem Time Synchronized[0m.
[[0;32m  OK  [0m] Reached target [0;1;39mTimers[0m.
[   17.582681] at24 7-0050: supply vcc not found, using dummy regulator
[   17.590763] at24 7-0050: 128 byte br24t01 EEPROM, writable, 8 bytes/write
[[0;32m  OK  [0m] Listening on [0;1;39mAvahi mDNS/DNS-SD Stack Activation Socket[0m.
[[0;32m  OK  [0m] Listening on [0;1;39mD-Bus System Message Bus Socket[0m.
[[0;32m  OK  [0m] Listening on [0;1;39mdropbear.socket[0m.
[[0;32m  OK  [0m] Reached target [0;1;39mSockets[0m.
[   17.676147] renesas_usb3 ee020000.usb: probed with phy
[[0;32m  OK  [0m] Reached target [0;1;39mBasic System[0m.
[   17.705499] ccree e6601000.crypto: ARM CryptoCell 630P Driver: HW version 0xAF400001/0xDCC63000, Driver version 5.0
[[0;32m  OK  [0m] Started [0;1;39mD-Bus System Message Bus[0m.
[[0;32m  OK  [0m] Started [0;1;39moptee services[0m.
         Starting [0;1;39mpvrinit.service[0m...
         Starting [0;1;39mPowerVR consumer services[0m...
[   17.791397] ccree e6601000.crypto: ARM ccree device initialized
         Starting [0;1;39mLogin Service[0m...
[[0;32m  OK  [0m] Started [0;1;39mNetwork Name Resolution[0m.
[[0;1;31mFAILED[0m] Failed to start [0;1;39mpvrinit.service[0m.
See 'systemctl status pvrinit.service' for details.
[[0;1;31mFAILED[0m] Failed to start [0;1;39mPowerVR consumer services[0m.
See 'systemctl status rc.pvr.service' for details.
[[0;1;38;5;185mDEPEND[0m] Dependency failed for [0;1;39mWeston Wayland Compositor[0m.
[[0;32m  OK  [0m] Created slice [0;1;39msystem-weston.slice[0m.
[[0;32m  OK  [0m] Reached target [0;1;39mNetwork[0m.
[[0;32m  OK  [0m] Reached target [0;1;39mHost and Network Name Lookups[0m.
[[0;32m  OK  [0m] Reached target [0;1;39mHardware activated USB gadget[0m.
         Starting [0;1;39mAvahi mDNS/DNS-SD Stack[0m...
         Starting [0;1;39mset_default_governor.service[0m...
         Starting [0;1;39mPermit User Sessions[0m...
[[0;32m  OK  [0m] Started [0;1;39mXinetd A Powerful Replacement For Inetd[0m.
[   18.194715] rd 0-7: Disabling EAS, schedutil is mandatory
[[0;32m  OK  [0m] Started [0;1;39mPermit User Sessions[0m.
[[0;32m  OK  [0m] Started [0;1;39mset_default_governor.service[0m.
[[0;32m  OK  [0m] Started [0;1;39mLogin Service[0m.
[[0;32m  OK  [0m] Started [0;1;39mAvahi mDNS/DNS-SD Stack[0m.
[[0;32m  OK  [0m] Started [0;1;39mGetty on tty1[0m.
[[0;32m  OK  [0m] Started [0;1;39mSerial Getty on ttySC0[0m.
[[0;32m  OK  [0m] Reached target [0;1;39mLogin Prompts[0m.
[[0;32m  OK  [0m] Reached target [0;1;39mMulti-User System[0m.
         Starting [0;1;39mUpdate UTMP about System Runlevel Changes[0m...
[[0;32m  OK  [0m] Started [0;1;39mUpdate UTMP about System Runlevel Changes[0m.

Poky (Yocto Project Reference Distro) 3.1.11 salvator-x ttySC0

salvator-x login: 
salvator-x login: root
[   20.207255] audit: type=1006 audit(1703064537.724:2): pid=532 uid=0 old-auid=4294967295 auid=0 tty=(none) old-ses=4294967295 ses=1 res=1
7[r[999;999H[6n8root@salvator-x:~# 
root@salvator-x:~# 
root@salvator-x:~# 
root@salvator-x:~# 
root@salvator-x:~# 
root@salvator-x:~# 
root@salvator-x:~# 
root@salvator-x:~# 
root@salvator-x:~# 
----------Prepare----------


root@salvator-x:~# find /sys/devices/platform/soc/ee0a0100.usb/ -name 'sd*'
/sys/devices/platform/soc/ee0a0100.usb/usb1/1-1/1-1:1.0/host1/target1:0:0/1:0:0:0/block/sda
/sys/devices/platform/soc/ee0a0100.usb/usb1/1-1/1-1:1.0/host1/target1:0:0/1:0:0:0/block/sda/sda1
root@salvator-x:~# 
root@salvator-x:~# dd if=/dev/urandom of=testdata bs=10M count=1
1+0 records in
1+0 records out
10485760 bytes (10 MB, 10 MiB) copied, 0.353218 s, 29.7 MB/s
root@salvator-x:~# 
root@salvator-x:~# mkdir -p /mnt/usb
root@salvator-x:~# 
root@salvator-x:~# mount /dev/sda1 /mnt/usb
[   31.387180] EXT4-fs (sda1): mounted filesystem with ordered data mode. Opts: (null)
root@salvator-x:~# 
root@salvator-x:~# cp testdata /mnt/usb/
root@salvator-x:~# 
root@salvator-x:~# umount /mnt/usb
root@salvator-x:~# 
root@salvator-x:~# find /sys/devices/platform/soc/ee0a0100.usb/ -name 'sd*'
/sys/devices/platform/soc/ee0a0100.usb/usb1/1-1/1-1:1.0/host1/target1:0:0/1:0:0:0/block/sda
/sys/devices/platform/soc/ee0a0100.usb/usb1/1-1/1-1:1.0/host1/target1:0:0/1:0:0:0/block/sda/sda1
root@salvator-x:~# 
root@salvator-x:~# i2cset -f -y 7 0x30 0x20 0x0f
root@salvator-x:~# 

Switch SW23 off and input 'yes' to continue:
[   43.998004] SDHI0 VccQ: disabling
[   44.001396] SDHI3 VccQ: disabling
Input 'yes' to continue: 

root@salvator-x:~# echo N > /sys/module/printk/parameters/console_suspend
root@salvator-x:~# 
root@salvator-x:~# mount /dev/sda1 /mnt/usb
[   65.190262] EXT4-fs (sda1): mounted filesystem with ordered data mode. Opts: (null)
root@salvator-x:~# 
root@salvator-x:~# cp testdata /mnt/usb/testdata_from_nfs &
[1] 555
root@salvator-x:~# 
root@salvator-x:~# echo mem > /sys/power/state
[   66.566134] PM: suspend entry (deep)
[   68.755522] Filesystems sync: 2.185 seconds
[   68.761423] Freezing user space processes ... (elapsed 0.001 seconds) done.
[   68.763044] OOM killer disabled.
[   68.763046] Freezing remaining freezable tasks ... (elapsed 0.001 seconds) done.
[   69.190839] ravb e6800000.ethernet eth0: Link is Down
[   69.207114] Disabling non-boot CPUs ...
[   69.211534] CPU1: shutdown
[   69.214257] psci: CPU1 killed (polled 0 ms)
[   69.220115] CPU2: shutdown
[   69.222845] psci: CPU2 killed (polled 0 ms)
[   69.228545] CPU3: shutdown
[   69.231272] psci: CPU3 killed (polled 0 ms)
[   69.237150] CPU4: shutdown
[   69.239878] psci: CPU4 killed (polled 0 ms)
[   69.245549] CPU5: shutdown
[   69.248273] psci: CPU5 killed (polled 0 ms)
[   69.253772] CPU6: shutdown
[   69.256511] psci: CPU6 killed (polled 0 ms)
[   69.262241] CPU7: shutdown
[   69.264951] psci: CPU7 killed (polled 0 ms)
 
Pull out USB device at CN10L


Press any button to continue


Plug in USB device at CN10L


Press any button to continue


 Switch power switch: 

NOTICE:  BL2: R-Car Gen3 Initial Program Loader(CA57) Rev.4.0.0
NOTICE:  BL2: PRR is R-Car H3 Ver.3.0
NOTICE:  BL2: Board is Salvator-XS Rev.1.0
NOTICE:  BL2: Boot device is HyperFlash(160MHz)
NOTICE:  BL2: LCM state is CM
NOTICE:  AVS setting succeeded. DVFS_SetVID=0x53
NOTICE:  BL2: DDR3200(rev.0.42)
NOTICE:  BL2: [WARM_BOOT]
NOTICE:  BL2: DRAM Split is 4ch(DDR f)
NOTICE:  BL2: QoS is default setting(rev.0.11)
NOTICE:  BL2: DRAM refresh interval 1.95 usec
NOTICE:  BL2: Periodic Write DQ Training
NOTICE:  BL2: CH0: 400000000 - 47fffffff, 2 GiB
NOTICE:  BL2: CH1: 500000000 - 57fffffff, 2 GiB
NOTICE:  BL2: CH2: 600000000 - 67fffffff, 2 GiB
NOTICE:  BL2: CH3: 700000000 - 77fffffff, 2 GiB
NOTICE:  BL2: Lossy Decomp areas
NOTICE:       Entry 0: DCMPAREACRAx:0x80000540 DCMPAREACRBx:0x570
NOTICE:       Entry 1: DCMPAREACRAx:0x40000000 DCMPAREACRBx:0x0
NOTICE:       Entry 2: DCMPAREACRAx:0x20000000 DCMPAREACRBx:0x0
NOTICE:  BL2: FDT at 0xe6327f70
NOTICE:  BL2: v2.9(release):9cdb21f75
NOTICE:  BL2: Built : 05:25:39, Dec 19 2023
NOTICE:  BL2: Normal boot
[   69.270206] Enabling non-boot CPUs ...
[   69.274245] Detected PIPT I-cache on CPU1
[   69.274301] CPU1: Booted secondary processor 0x0000000001 [0x411fd073]
[   69.274793] CPU1 is up
[   69.287828] Detected PIPT I-cache on CPU2
[   69.287850] CPU2: Booted secondary processor 0x0000000002 [0x411fd073]
[   69.288108] CPU2 is up
[   69.301126] Detected PIPT I-cache on CPU3
[   69.301149] CPU3: Booted secondary processor 0x0000000003 [0x411fd073]
[   69.301433] CPU3 is up
[   69.314515] Detected VIPT I-cache on CPU4
[   69.314569] CPU4: Booted secondary processor 0x0000000100 [0x410fd034]
[   69.315466] CPU4 is up
[   69.328475] Detected VIPT I-cache on CPU5
[   69.328509] CPU5: Booted secondary processor 0x0000000101 [0x410fd034]
[   69.329075] CPU5 is up
[   69.342086] Detected VIPT I-cache on CPU6
[   69.342120] CPU6: Booted secondary processor 0x0000000102 [0x410fd034]
[   69.342718] CPU6 is up
[   69.355726] Detected VIPT I-cache on CPU7
[   69.355758] CPU7: Booted secondary processor 0x0000000103 [0x410fd034]
[   69.356388] CPU7 is up
[   69.428361] xhci-hcd ee000000.usb: xHC error in resume, USBSTS 0x401, Reinit
[   69.435392] usb usb7: root hub lost power or was reset
[   69.440512] usb usb8: root hub lost power or was reset
[   69.568822] Micrel KSZ9031 Gigabit PHY e6800000.ethernet-ffffffff:00: attached PHY driver [Micrel KSZ9031 Gigabit PHY] (mii_bus:phy_addr=e6800000.ethernet-ffffffff:00, irq=183)
[   69.683942] usb usb4: root hub lost power or was reset
[   69.689119] usb usb1: root hub lost power or was reset
[   69.775846] usb usb5: root hub lost power or was reset
[   69.781119] usb usb2: root hub lost power or was reset
[   69.867943] usb usb6: root hub lost power or was reset
[   69.873211] usb usb3: root hub lost power or was reset
[   69.985840] usb 1-1: reset high-speed USB device number 2 using ehci-platform
[   69.991932] usb usb10: root hub lost power or was reset
[   69.998224] usb usb9: root hub lost power or was reset
[   70.005921] ata1: link resume succeeded after 1 retries
[   70.117513] ata1: SATA link down (SStatus 0 SControl 300)
[   70.151049] OOM killer enabled.
[   70.156590] Restarting tasks ... done.
[1]+  Done                    cp testdata /mnt/usb/testdata_from_nfs
[   70.164358] PM: suspend exit
root@salvator-x:~# [   78.878007] ravb e6800000.ethernet eth0: Link is Up - 1Gbps/Full - flow control off

root@salvator-x:~# echo "Wake up sucessfully"
Wake up sucessfully
root@salvator-x:~# 
root@salvator-x:~# wait
root@salvator-x:~# 
root@salvator-x:~# sync
root@salvator-x:~# 
root@salvator-x:~# cmp testdata /mnt/usb/testdata_from_nfs
root@salvator-x:~# 
root@salvator-x:~# umount /mnt/usb
root@salvator-x:~# 
 
#### Result: OK ####
