

----------Item 7----------


Please press switch to restart board 

[F 00:00:120
[F 00:00:119
[F 00:00:118
[F 00:00:117
NOTICE:  BL2: R-Car Gen3 Initial Program Loader(CA57) Rev.4.0.0
NOTICE:  BL2: PRR is R-Car H3 Ver.3.0
NOTICE:  BL2: Board is Salvator-XS Rev.1.0
NOTICE:  BL2: Boot device is HyperFlash(160MHz)
NOTICE:  BL2: LCM state is CM
NOTICE:  AVS setting succeeded. DVFS_SetVID=0x53
NOTICE:  BL2: DDR3200(rev.0.42)
NOTICE:  BL2: [COLD_BOOT]
NOTICE:  BL2: DRAM Split is 4ch(DDR f)
NOTICE:  BL2: QoS is default setting(rev.0.11)
NOTICE:  BL2: DRAM refresh interval 1.95 usec
NOTICE:  BL2: Periodic Write DQ Training
NOTICE:  BL2: CH0: 400000000 - 47fffffff, 2 GiB
NOTICE:  BL2: CH1: 500000000 - 57fffffff, 2 GiB
NOTICE:  BL2: CH2: 600000000 - 67fffffff, 2 GiB
NOTICE:  BL2: CH3: 700000000 - 77fffffff, 2 GiB
NOTICE:  BL2: Lossy Decomp areas
NOTICE:       Entry 0: DCMPAREACRAx:0x80000540 DCMPAREACRBx:0x570
NOTICE:       Entry 1: DCMPAREACRAx:0x40000000 DCMPAREACRBx:0x0
NOTICE:       Entry 2: DCMPAREACRAx:0x20000000 DCMPAREACRBx:0x0
NOTICE:  BL2: FDT at 0xe6327f70
NOTICE:  BL2: v2.9(release):9cdb21f75
NOTICE:  BL2: Built : 05:25:39, Dec 19 2023
NOTICE:  BL2: Normal boot
NOTICE:  BL2: dst=0xe6327800 src=0x8180000 len=512(0x200)
NOTICE:  BL2: dst=0x43f00000 src=0x8180400 len=6144(0x1800)
NOTICE:  rcar_file_len: len: 0x0003e000
NOTICE:  BL2: dst=0x44000000 src=0x81c0000 len=253952(0x3e000)
NOTICE:  rcar_file_len: len: 0x00200000
NOTICE:  BL2: dst=0x44100000 src=0x8200000 len=2097152(0x200000)
NOTICE:  rcar_file_len: len: 0x00100000
NOTICE:  BL2: dst=0x50000000 src=0x8640000 len=1048576(0x100000)
NOTICE:  BL2: Booting BL31


U-Boot 2020.10 (Dec 19 2023 - 14:30:40 +0000)

CPU: Renesas Electronics R8A7795 rev 3.0
Model: Renesas Salvator-X 2nd version board based on r8a77951
DRAM:  7.9 GiB
RAM Configuration:
Bank #0: 0x048000000 - 0x0bfffffff, 1.9 GiB
Bank #1: 0x500000000 - 0x57fffffff, 2 GiB
Bank #2: 0x600000000 - 0x67fffffff, 2 GiB
Bank #3: 0x700000000 - 0x77fffffff, 2 GiB

MMC:   sd@ee100000: 0, sd@ee140000: 1, sd@ee160000: 2
Loading Environment from MMC... OK
In:    serial@e6e88000
Out:   serial@e6e88000
Err:   serial@e6e88000
Net:   eth0: ethernet@e6800000
Hit any key to stop autoboot:  2  1  0 
ethernet@e6800000 Waiting for PHY auto negotiation to complete......... done
Using ethernet@e6800000 device
TFTP from server 192.168.10.99; our IP address is 192.168.10.167
Filename 'traivo/H3/rootfs/boot_USB2H/Image'.
Load address: 0x48080000
Loading: *#################################################################
	 #################################################################
	 #################################################################
	 #################################################################
	 #################################################################
	 #################################################################
	 #################################################################
	 #################################################################
	 #################################################################
	 #################################################################
	 #################################################################
	 #################################################################
	 #################################################################
	 #################################################################
	 #################################################################
	 #################################################################
	 #################################################################
	 #################################################################
	 #################################################################
	 #################################################################
	 #################################################################
	 #################################################################
	 #################################################################
	 #################################################################
	 #################################################################
	 #################################################################
	 #################################################################
	 #################################################################
	 #################################################################
	 #################################################################
	 #################################################################
	 #################################################################
	 #################################################################
	 #################################################################
	 ################################################################
	 4.8 MiB/s
done
Bytes transferred = 33376768 (1fd4a00 hex)
Using ethernet@e6800000 device
TFTP from server 192.168.10.99; our IP address is 192.168.10.167
Filename 'traivo/H3/rootfs/boot_USB2H/r8a77951-salvator-xs.dtb'.
Load address: 0x48000000
Loading: *#######
	 12.4 MiB/s
done
Bytes transferred = 90876 (162fc hex)
Moving Image from 0x48080000 to 0x48200000, end=4a260000
## Flattened Device Tree blob at 48000000
   Booting using the fdt blob at 0x48000000
   Loading Device Tree to 0000000053fe6000, end 0000000053fff2fb ... OK

Starting kernel ...

[    0.000000] Booting Linux on physical CPU 0x0000000000 [0x411fd073]
[    0.000000] Linux version 5.10.194-yocto-standard (thuan.nguyen-hong@banvien) (aarch64-poky-linux-gcc (GCC) 9.3.0, GNU ld (GNU Binutils) 2.34.0.20200220) #10 SMP PREEMPT Mon Feb 19 03:51:05 UTC 2024
[    0.000000] Machine model: Renesas Salvator-X 2nd version board based on r8a77951
[    0.000000] efi: UEFI not found.
[    0.000000] Reserved memory: created CMA memory pool at 0x0000000057000000, size 16 MiB
[    0.000000] OF: reserved mem: initialized node linux,adsp@57000000, compatible id shared-dma-pool
[    0.000000] Reserved memory: created CMA memory pool at 0x0000000058000000, size 384 MiB
[    0.000000] OF: reserved mem: initialized node linux,cma@58000000, compatible id shared-dma-pool
[    0.000000] Reserved memory: created CMA memory pool at 0x0000000070000000, size 256 MiB
[    0.000000] OF: reserved mem: initialized node linux,multimedia@70000000, compatible id shared-dma-pool
[    0.000000] NUMA: No NUMA configuration found
[    0.000000] NUMA: Faking a node at [mem 0x0000000048000000-0x000000077fffffff]
[    0.000000] NUMA: NODE_DATA [mem 0x77efdab00-0x77efdcfff]
[    0.000000] Zone ranges:
[    0.000000]   DMA      [mem 0x0000000048000000-0x000000007fffffff]
[    0.000000]   DMA32    [mem 0x0000000080000000-0x00000000ffffffff]
[    0.000000]   Normal   [mem 0x0000000100000000-0x000000077fffffff]
[    0.000000] Movable zone start for each node
[    0.000000] Early memory node ranges
[    0.000000]   node   0: [mem 0x0000000048000000-0x0000000053ffffff]
[    0.000000]   node   0: [mem 0x0000000054000000-0x0000000056ffffff]
[    0.000000]   node   0: [mem 0x0000000057000000-0x00000000bfffffff]
[    0.000000]   node   0: [mem 0x0000000500000000-0x000000057fffffff]
[    0.000000]   node   0: [mem 0x0000000600000000-0x000000067fffffff]
[    0.000000]   node   0: [mem 0x0000000700000000-0x000000077fffffff]
[    0.000000] Initmem setup node 0 [mem 0x0000000048000000-0x000000077fffffff]
[    0.000000] psci: probing for conduit method from DT.
[    0.000000] psci: PSCIv1.1 detected in firmware.
[    0.000000] psci: Using standard PSCI v0.2 function IDs
[    0.000000] psci: Trusted OS resident on physical CPU 0x0
[    0.000000] psci: SMC Calling Convention v1.2
[    0.000000] percpu: Embedded 23 pages/cpu s56984 r8192 d29032 u94208
[    0.000000] Detected PIPT I-cache on CPU0
[    0.000000] CPU features: detected: EL2 vector hardening
[    0.000000] CPU features: detected: Spectre-v2
[    0.000000] CPU features: detected: ARM errata 1165522, 1319367, or 1530923
[    0.000000] CPU features: detected: Spectre-BHB
[    0.000000] CPU features: detected: ARM erratum 1742098
[    0.000000] Built 1 zonelists, mobility grouping on.  Total pages: 2032128
[    0.000000] Policy zone: Normal
[    0.000000] Kernel command line: rw root=/dev/nfs nfsroot=192.168.10.99:/data/tftpboot/traivo/H3/rootfs,nfsvers=4, ip=192.168.10.167
[    0.000000] Dentry cache hash table entries: 1048576 (order: 11, 8388608 bytes, linear)
[    0.000000] Inode-cache hash table entries: 524288 (order: 10, 4194304 bytes, linear)
[    0.000000] mem auto-init: stack:off, heap alloc:off, heap free:off
[    0.000000] software IO TLB: mapped [mem 0x000000004ffe6000-0x0000000053fe6000] (64MB)
[    0.000000] Memory: 7276840K/8257536K available (15232K kernel code, 2834K rwdata, 8240K rodata, 6144K init, 517K bss, 308952K reserved, 671744K cma-reserved)
[    0.000000] SLUB: HWalign=64, Order=0-3, MinObjects=0, CPUs=8, Nodes=1
[    0.000000] rcu: Preemptible hierarchical RCU implementation.
[    0.000000] rcu: 	RCU event tracing is enabled.
[    0.000000] rcu: 	RCU restricting CPUs from NR_CPUS=256 to nr_cpu_ids=8.
[    0.000000] 	Trampoline variant of Tasks RCU enabled.
[    0.000000] rcu: RCU calculated value of scheduler-enlistment delay is 25 jiffies.
[    0.000000] rcu: Adjusting geometry for rcu_fanout_leaf=16, nr_cpu_ids=8
[    0.000000] NR_IRQS: 64, nr_irqs: 64, preallocated irqs: 0
[    0.000000] arch_timer: cp15 timer(s) running at 8.32MHz (virt).
[    0.000000] clocksource: arch_sys_counter: mask: 0xffffffffffffff max_cycles: 0x1eb398c07, max_idle_ns: 440795202503 ns
[    0.000003] sched_clock: 56 bits at 8MHz, resolution 120ns, wraps every 2199023255503ns
[    0.000205] Console: colour dummy device 80x25
[    0.000414] printk: console [tty0] enabled
[    0.000490] Calibrating delay loop (skipped), value calculated using timer frequency.. 16.64 BogoMIPS (lpj=33280)
[    0.000506] pid_max: default: 32768 minimum: 301
[    0.000565] LSM: Security Framework initializing
[    0.000652] Mount-cache hash table entries: 16384 (order: 5, 131072 bytes, linear)
[    0.000704] Mountpoint-cache hash table entries: 16384 (order: 5, 131072 bytes, linear)
[    0.002154] rcu: Hierarchical SRCU implementation.
[    0.003751] Detected Renesas R-Car Gen3 r8a7795 ES3.0
[    0.005885] EFI services will not be available.
[    0.006222] smp: Bringing up secondary CPUs ...
[    0.006680] Detected PIPT I-cache on CPU1
[    0.006727] CPU1: Booted secondary processor 0x0000000001 [0x411fd073]
[    0.007209] Detected PIPT I-cache on CPU2
[    0.007235] CPU2: Booted secondary processor 0x0000000002 [0x411fd073]
[    0.007663] Detected PIPT I-cache on CPU3
[    0.007685] CPU3: Booted secondary processor 0x0000000003 [0x411fd073]
[    0.008156] CPU features: detected: ARM erratum 845719
[    0.008169] Detected VIPT I-cache on CPU4
[    0.008216] CPU4: Booted secondary processor 0x0000000100 [0x410fd034]
[    0.008694] Detected VIPT I-cache on CPU5
[    0.008721] CPU5: Booted secondary processor 0x0000000101 [0x410fd034]
[    0.009154] Detected VIPT I-cache on CPU6
[    0.009181] CPU6: Booted secondary processor 0x0000000102 [0x410fd034]
[    0.009616] Detected VIPT I-cache on CPU7
[    0.009643] CPU7: Booted secondary processor 0x0000000103 [0x410fd034]
[    0.009722] smp: Brought up 1 node, 8 CPUs
[    0.009782] SMP: Total of 8 processors activated.
[    0.009790] CPU features: detected: 32-bit EL0 Support
[    0.009797] CPU features: detected: CRC32 instructions
[    0.009804] CPU features: detected: 32-bit EL1 Support
[    0.023001] CPU: All CPU(s) started at EL1
[    0.023056] alternatives: patching kernel code
[    0.024212] devtmpfs: initialized
[    0.031032] KASLR disabled due to lack of seed
[    0.031179] clocksource: jiffies: mask: 0xffffffff max_cycles: 0xffffffff, max_idle_ns: 7645041785100000 ns
[    0.031199] futex hash table entries: 2048 (order: 5, 131072 bytes, linear)
[    0.039852] pinctrl core: initialized pinctrl subsystem
[    0.041337] DMI not present or invalid.
[    0.041841] NET: Registered protocol family 16
[    0.042780] DMA: preallocated 1024 KiB GFP_KERNEL pool for atomic allocations
[    0.042976] DMA: preallocated 1024 KiB GFP_KERNEL|GFP_DMA pool for atomic allocations
[    0.043265] DMA: preallocated 1024 KiB GFP_KERNEL|GFP_DMA32 pool for atomic allocations
[    0.043307] audit: initializing netlink subsys (disabled)
[    0.043487] audit: type=2000 audit(0.040:1): state=initialized audit_enabled=0 res=1
[    0.044634] thermal_sys: Registered thermal governor 'power_allocator'
[    0.045159] cpuidle: using governor menu
[    0.045333] hw-breakpoint: found 6 breakpoint and 4 watchpoint registers.
[    0.045457] ASID allocator initialised with 65536 entries
[    0.046752] Serial: AMBA PL011 UART driver
[    0.089581] sh-pfc e6060000.pinctrl: r8a77951_pfc support registered
[    0.104311] HugeTLB registered 1.00 GiB page size, pre-allocated 0 pages
[    0.104324] HugeTLB registered 32.0 MiB page size, pre-allocated 0 pages
[    0.104332] HugeTLB registered 2.00 MiB page size, pre-allocated 0 pages
[    0.104340] HugeTLB registered 64.0 KiB page size, pre-allocated 0 pages
[    0.105304] cryptd: max_cpu_qlen set to 1000
[    0.107567] ACPI: Interpreter disabled.
[    0.111383] rcar-avs: use avs value: 0
[    0.111398] rcar-avs: cpu@0 is running with: opp_table0
[    0.111408] rcar-avs: cpu@1 is running with: opp_table0
[    0.111418] rcar-avs: cpu@2 is running with: opp_table0
[    0.111427] rcar-avs: cpu@3 is running with: opp_table0
[    0.111512] rcar-avs: gsx@fd000000 is running with: gsx_opp_table0
[    0.112925] iommu: Default domain type: Translated 
[    0.113494] ipmmu-vmsa e67b0000.iommu: IPMMU context 0 is reserved
[    0.114452] vgaarb: loaded
[    0.114659] SCSI subsystem initialized
[    0.114908] usbcore: registered new interface driver usbfs
[    0.114934] usbcore: registered new interface driver hub
[    0.114959] usbcore: registered new device driver usb
[    0.118507] i2c-sh_mobile e60b0000.i2c: I2C adapter 7, bus speed 400000 Hz
[    0.119046] mc: Linux media interface: v0.10
[    0.119069] videodev: Linux video capture interface: v2.00
[    0.119117] pps_core: LinuxPPS API ver. 1 registered
[    0.119124] pps_core: Software ver. 5.3.6 - Copyright 2005-2007 Rodolfo Giometti <giometti@linux.it>
[    0.119139] PTP clock support registered
[    0.119313] EDAC MC: Ver: 3.0.0
[    0.121311] FPGA manager framework
[    0.121374] Advanced Linux Sound Architecture Driver Initialized.
[    0.121940] clocksource: Switched to clocksource arch_sys_counter
[    0.122088] VFS: Disk quotas dquot_6.6.0
[    0.122131] VFS: Dquot-cache hash table entries: 512 (order 0, 4096 bytes)
[    0.122260] pnp: PnP ACPI: disabled
[    0.125713] NET: Registered protocol family 2
[    0.126134] IP idents hash table entries: 131072 (order: 8, 1048576 bytes, linear)
[    0.128392] tcp_listen_portaddr_hash hash table entries: 4096 (order: 4, 65536 bytes, linear)
[    0.128472] TCP established hash table entries: 65536 (order: 7, 524288 bytes, linear)
[    0.128756] TCP bind hash table entries: 65536 (order: 8, 1048576 bytes, linear)
[    0.129342] TCP: Hash tables configured (established 65536 bind 65536)
[    0.129464] UDP hash table entries: 4096 (order: 5, 131072 bytes, linear)
[    0.129578] UDP-Lite hash table entries: 4096 (order: 5, 131072 bytes, linear)
[    0.129793] NET: Registered protocol family 1
[    0.130159] RPC: Registered named UNIX socket transport module.
[    0.130170] RPC: Registered udp transport module.
[    0.130176] RPC: Registered tcp transport module.
[    0.130181] RPC: Registered tcp NFSv4.1 backchannel transport module.
[    0.130194] PCI: CLS 0 bytes, default 64
[    0.131121] hw perfevents: enabled with armv8_cortex_a53 PMU driver, 7 counters available
[    0.131392] hw perfevents: enabled with armv8_cortex_a57 PMU driver, 7 counters available
[    0.132027] kvm [1]: HYP mode not available
[    0.134964] Initialise system trusted keyrings
[    0.135105] workingset: timestamp_bits=42 max_order=21 bucket_order=0
[    0.138189] squashfs: version 4.0 (2009/01/31) Phillip Lougher
[    0.138590] NFS: Registering the id_resolver key type
[    0.138614] Key type id_resolver registered
[    0.138621] Key type id_legacy registered
[    0.138673] nfs4filelayout_init: NFSv4 File Layout Driver Registering...
[    0.138682] nfs4flexfilelayout_init: NFSv4 Flexfile Layout Driver Registering...
[    0.138790] 9p: Installing v9fs 9p2000 file system support
[    0.165390] Key type asymmetric registered
[    0.165401] Asymmetric key parser 'x509' registered
[    0.165432] Block layer SCSI generic (bsg) driver version 0.4 loaded (major 243)
[    0.165443] io scheduler mq-deadline registered
[    0.165453] io scheduler kyber registered
[    0.181550] gpio_rcar e6050000.gpio: driving 16 GPIOs
[    0.181834] gpio_rcar e6051000.gpio: driving 29 GPIOs
[    0.182126] gpio_rcar e6052000.gpio: driving 15 GPIOs
[    0.182454] gpio_rcar e6053000.gpio: driving 16 GPIOs
[    0.182721] gpio_rcar e6054000.gpio: driving 18 GPIOs
[    0.182968] gpio_rcar e6055000.gpio: driving 26 GPIOs
[    0.183220] gpio_rcar e6055400.gpio: driving 32 GPIOs
[    0.183576] gpio_rcar e6055800.gpio: driving 4 GPIOs
[    0.186522] rcar-pcie fe000000.pcie: host bridge /soc/pcie@fe000000 ranges:
[    0.186554] rcar-pcie fe000000.pcie:       IO 0x00fe100000..0x00fe1fffff -> 0x0000000000
[    0.186576] rcar-pcie fe000000.pcie:      MEM 0x00fe200000..0x00fe3fffff -> 0x00fe200000
[    0.186595] rcar-pcie fe000000.pcie:      MEM 0x0030000000..0x0037ffffff -> 0x0030000000
[    0.186609] rcar-pcie fe000000.pcie:      MEM 0x0038000000..0x003fffffff -> 0x0038000000
[    0.186626] rcar-pcie fe000000.pcie:   IB MEM 0x0040000000..0x007fffffff -> 0x0040000000
[    0.186671] rcar-pcie fe000000.pcie: no pcie3v3 regulator found
[    0.186682] rcar-pcie fe000000.pcie: no pcie1v8 regulator found
[    0.253650] rcar-pcie fe000000.pcie: PCIe link down
[    0.253843] rcar-pcie ee800000.pcie: host bridge /soc/pcie@ee800000 ranges:
[    0.253867] rcar-pcie ee800000.pcie:       IO 0x00ee900000..0x00ee9fffff -> 0x0000000000
[    0.253889] rcar-pcie ee800000.pcie:      MEM 0x00eea00000..0x00eebfffff -> 0x00eea00000
[    0.253907] rcar-pcie ee800000.pcie:      MEM 0x00c0000000..0x00c7ffffff -> 0x00c0000000
[    0.253921] rcar-pcie ee800000.pcie:      MEM 0x00c8000000..0x00cfffffff -> 0x00c8000000
[    0.253953] rcar-pcie ee800000.pcie:   IB MEM 0x0040000000..0x007fffffff -> 0x0040000000
[    0.253988] rcar-pcie ee800000.pcie: no pcie3v3 regulator found
[    0.253998] rcar-pcie ee800000.pcie: no pcie1v8 regulator found
[    0.413941] rcar-pcie ee800000.pcie: PCIe link down
[    0.416423] EINJ: ACPI disabled.
[    0.455567] Serial: 8250/16550 driver, 4 ports, IRQ sharing enabled
[    0.459466] SuperH (H)SCI(F) driver initialized
[    0.460232] e6550000.serial: ttySC1 at MMIO 0xe6550000 (irq = 42, base_baud = 0) is a hscif
[    0.461300] e6e88000.serial: ttySC0 at MMIO 0xe6e88000 (irq = 128, base_baud = 0) is a scif
[    1.666094] printk: console [ttySC0] enabled
[    1.671628] msm_serial: driver initialized
[    1.682074] rcar-dw-hdmi fead0000.hdmi: Detected HDMI TX controller v2.01a with HDCP (DWC HDMI 2.0 TX PHY)
[    1.691961] rcar-dw-hdmi fead0000.hdmi: registered DesignWare HDMI I2C bus driver
[    1.700237] rcar-dw-hdmi feae0000.hdmi: Detected HDMI TX controller v2.01a with HDCP (DWC HDMI 2.0 TX PHY)
[    1.710102] rcar-dw-hdmi feae0000.hdmi: registered DesignWare HDMI I2C bus driver
[    1.725624] loop: module loaded
[    1.730166] megasas: 07.714.04.00-rc1
[    1.735877] scsi host0: sata_rcar
[    1.739346] ata1: SATA max UDMA/133 irq 181
[    1.748732] tun: Universal TUN/TAP device driver, 1.6
[    1.754706] thunder_xcv, ver 1.0
[    1.757959] thunder_bgx, ver 1.0
[    1.761198] nicpf, ver 1.0
[    1.765316] hclge is initializing
[    1.768651] hns3: Hisilicon Ethernet Network Driver for Hip08 Family - version
[    1.775875] hns3: Copyright (c) 2017 Huawei Corporation.
[    1.781210] e1000: Intel(R) PRO/1000 Network Driver
[    1.786089] e1000: Copyright (c) 1999-2006 Intel Corporation.
[    1.791856] e1000e: Intel(R) PRO/1000 Network Driver
[    1.796822] e1000e: Copyright(c) 1999 - 2015 Intel Corporation.
[    1.802762] igb: Intel(R) Gigabit Ethernet Network Driver
[    1.808162] igb: Copyright (c) 2007-2014 Intel Corporation.
[    1.813754] igbvf: Intel(R) Gigabit Virtual Function Network Driver
[    1.820021] igbvf: Copyright (c) 2009 - 2012 Intel Corporation.
[    1.826362] sky2: driver version 1.30
[    1.833880] ravb e6800000.ethernet eth0: Base address at 0xe6800000, 2e:09:0a:02:ec:37, IRQ 125.
[    1.844101] VFIO - User Level meta-driver version: 0.3
[    1.851284] ehci_hcd: USB 2.0 'Enhanced' Host Controller (EHCI) Driver
[    1.857828] ehci-pci: EHCI PCI platform driver
[    1.862290] ehci-platform: EHCI generic platform driver
[    1.867897] ehci-platform ee0a0100.usb: EHCI Host Controller
[    1.873576] ehci-platform ee0a0100.usb: new USB bus registered, assigned bus number 1
[    1.881503] ehci-platform ee0a0100.usb: irq 175, io mem 0xee0a0100
[    1.901950] ehci-platform ee0a0100.usb: USB 2.0 started, EHCI 1.10
[    1.908489] hub 1-0:1.0: USB hub found
[    1.912261] hub 1-0:1.0: 1 port detected
[    1.916690] ehci-platform ee0c0100.usb: EHCI Host Controller
[    1.922375] ehci-platform ee0c0100.usb: new USB bus registered, assigned bus number 2
[    1.930263] ehci-platform ee0c0100.usb: irq 176, io mem 0xee0c0100
[    1.949946] ehci-platform ee0c0100.usb: USB 2.0 started, EHCI 1.10
[    1.956423] hub 2-0:1.0: USB hub found
[    1.960193] hub 2-0:1.0: 1 port detected
[    1.989984] ehci-platform ee0e0100.usb: EHCI Host Controller
[    1.995659] ehci-platform ee0e0100.usb: new USB bus registered, assigned bus number 3
[    2.003530] ehci-platform ee0e0100.usb: irq 177, io mem 0xee0e0100
[    2.021946] ehci-platform ee0e0100.usb: USB 2.0 started, EHCI 1.10
[    2.028391] hub 3-0:1.0: USB hub found
[    2.032160] hub 3-0:1.0: 1 port detected
[    2.036536] ehci-orion: EHCI orion driver
[    2.040796] ehci-exynos: EHCI Exynos driver
[    2.045100] ohci_hcd: USB 1.1 'Open' Host Controller (OHCI) Driver
[    2.051297] ohci-pci: OHCI PCI platform driver
[    2.055780] ohci-platform: OHCI generic platform driver
[    2.061315] ohci-platform ee0a0000.usb: Generic Platform OHCI controller
[    2.068036] ohci-platform ee0a0000.usb: new USB bus registered, assigned bus number 4
[    2.075920] ohci-platform ee0a0000.usb: irq 175, io mem 0xee0a0000
[    2.157953] ata1: link resume succeeded after 1 retries
[    2.172225] hub 4-0:1.0: USB hub found
[    2.175994] hub 4-0:1.0: 1 port detected
[    2.180326] ohci-platform ee0c0000.usb: Generic Platform OHCI controller
[    2.187041] ohci-platform ee0c0000.usb: new USB bus registered, assigned bus number 5
[    2.194917] ohci-platform ee0c0000.usb: irq 176, io mem 0xee0c0000
[    2.269468] ata1: SATA link down (SStatus 0 SControl 300)
[    2.288195] hub 5-0:1.0: USB hub found
[    2.291964] hub 5-0:1.0: 1 port detected
[    2.296292] ohci-platform ee0e0000.usb: Generic Platform OHCI controller
[    2.303009] ohci-platform ee0e0000.usb: new USB bus registered, assigned bus number 6
[    2.310875] ohci-platform ee0e0000.usb: irq 177, io mem 0xee0e0000
[    2.313946] usb 1-1: new high-speed USB device number 2 using ehci-platform
[    2.404233] hub 6-0:1.0: USB hub found
[    2.408001] hub 6-0:1.0: 1 port detected
[    2.412350] ohci-exynos: OHCI Exynos driver
[    2.417209] xhci-hcd ee000000.usb: xHCI Host Controller
[    2.422447] xhci-hcd ee000000.usb: new USB bus registered, assigned bus number 7
[    2.445716] xhci-hcd ee000000.usb: hcc params 0x014051ce hci version 0x100 quirks 0x0000000000830410
[    2.454887] xhci-hcd ee000000.usb: irq 172, io mem 0xee000000
[    2.460748] xhci-hcd ee000000.usb: xHCI Host Controller
[    2.465982] xhci-hcd ee000000.usb: new USB bus registered, assigned bus number 8
[    2.473387] xhci-hcd ee000000.usb: Host supports USB 3.0 SuperSpeed
[    2.479937] hub 7-0:1.0: USB hub found
[    2.483708] hub 7-0:1.0: 1 port detected
[    2.487802] usb usb8: We don't know the algorithms for LPM for this host, disabling LPM.
[    2.496155] hub 8-0:1.0: USB hub found
[    2.499928] hub 8-0:1.0: 1 port detected
[    2.504779] usb-storage 1-1:1.0: USB Mass Storage device detected
[    2.511198] scsi host1: usb-storage 1-1:1.0
[    2.515544] usbcore: registered new interface driver usb-storage
[    2.523343] renesas_usbhs e6590000.usb: host probed
[    2.528233] renesas_usbhs e6590000.usb: no transceiver found
[    2.533966] renesas_usbhs e6590000.usb: gadget probed
[    2.539186] renesas_usbhs e6590000.usb: probed
[    2.544118] renesas_usbhs e659c000.usb: host probed
[    2.549014] renesas_usbhs e659c000.usb: no transceiver found
[    2.554730] renesas_usbhs e659c000.usb: gadget probed
[    2.559929] renesas_usbhs e659c000.usb: probed
[    2.566862] i2c /dev entries driver
[    2.581436] cs2000-cp 2-004f: revision - C1
[    2.585679] i2c-rcar e6510000.i2c: probed
[    2.590501] pca953x 4-0020: supply vcc not found, using dummy regulator
[    2.597198] pca953x 4-0020: using no AI
[    2.601846] gpio-355 (PCIE/SATA switch): hogged as output/low
[    2.614150] i2c-rcar e66d8000.i2c: probed
[    2.619445] adv748x 4-0070: Endpoint /soc/i2c@e66d8000/video-receiver@70/port@7/endpoint on port 7
[    2.628426] adv748x 4-0070: Endpoint /soc/i2c@e66d8000/video-receiver@70/port@8/endpoint on port 8
[    2.637398] adv748x 4-0070: Endpoint /soc/i2c@e66d8000/video-receiver@70/port@a/endpoint on port 10
[    2.646461] adv748x 4-0070: Endpoint /soc/i2c@e66d8000/video-receiver@70/port@b/endpoint on port 11
[    2.655860] adv748x 4-0070: chip found @ 0xe0 revision 2143
[    2.709399] rcar-csi2 fea80000.csi2: 1 lanes found
[    2.714533] rcar-csi2 feaa0000.csi2: 4 lanes found
[    2.724109] rcar-vin e6ef0000.video: Device registered as video0
[    2.730185] rcar-vin e6ef1000.video: Device registered as video1
[    2.736253] rcar-vin e6ef2000.video: Device registered as video2
[    2.742327] rcar-vin e6ef3000.video: Device registered as video3
[    2.748398] rcar-vin e6ef4000.video: Device registered as video4
[    2.754472] rcar-vin e6ef5000.video: Device registered as video5
[    2.760552] rcar-vin e6ef6000.video: Device registered as video6
[    2.766627] rcar-vin e6ef7000.video: Device registered as video7
[    2.775353] rcar_gen3_thermal e6198000.thermal: is using pseudo fixed FUSE values
[    2.787575] rcar_gen3_thermal e6198000.thermal: TSC0: Loaded 1 trip points
[    2.798815] rcar_gen3_thermal e6198000.thermal: TSC1: Loaded 1 trip points
[    2.809971] rcar_gen3_thermal e6198000.thermal: TSC2: Loaded 3 trip points
[    2.822006] sdhci: Secure Digital Host Controller Interface driver
[    2.828194] sdhci: Copyright(c) Pierre Ossman
[    2.833402] Synopsys Designware Multimedia Card Interface Driver
[    2.833821] renesas_sdhi_internal_dmac ee140000.mmc: Adding to iommu group 0
[    2.834093] renesas_sdhi_internal_dmac ee100000.mmc: Got CD GPIO
[    2.834097] renesas_sdhi_internal_dmac ee160000.mmc: Got CD GPIO
[    2.834122] renesas_sdhi_internal_dmac ee100000.mmc: Got WP GPIO
[    2.834130] renesas_sdhi_internal_dmac ee160000.mmc: Got WP GPIO
[    2.840720] sdhci-pltfm: SDHCI platform and OF driver helper
[    2.846517] renesas_sdhi_internal_dmac ee140000.mmc: Using IPMMU context 1
[    2.884207] ledtrig-cpu: registered to indicate activity on CPUs
[    2.891225] SMCCC: SOC_ID: ARCH_SOC_ID not implemented, skipping ....
[    2.898269] usbcore: registered new interface driver usbhid
[    2.903848] usbhid: USB HID core driver
[    2.911467] optee: probing for conduit method.
[    2.915936] optee: revision 3.22 (314ecf9d)
[    2.916469] optee driver R-Car Rev.1.0.11
[    2.925011] optee: dynamic shared memory is enabled
[    2.930163] optee: initialized driver
[    2.935202] renesas_sdhi_internal_dmac ee140000.mmc: mmc0 base at 0x00000000ee140000, max clock rate 200 MHz
[    2.953884] rcar_sound ec500000.sound: probed
[    2.958969] NET: Registered protocol family 17
[    2.963537] 9pnet: Installing 9P2000 support
[    2.967868] Key type dns_resolver registered
[    2.972406] registered taskstats version 1
[    2.976522] Loading compiled-in X.509 certificates
[    2.991209] thermal emergency: set temperature to 110 celsius
[    2.997156] thermal emergency: shutdown target cpus 1-7
[    3.002389] thermal emergency: freq scaled target cpus 0
[    3.008057] renesas_irqc e61c0000.interrupt-controller: driving 6 irqs
[    3.022291] mmc0: new HS400 MMC card at address 0001
[    3.028232] mmcblk0: mmc0:0001 BGSD3R 29.1 GiB 
[    3.033250] mmcblk0boot0: mmc0:0001 BGSD3R partition 1 16.0 MiB
[    3.039675] mmcblk0boot1: mmc0:0001 BGSD3R partition 2 16.0 MiB
[    3.045712] mmcblk0rpmb: mmc0:0001 BGSD3R partition 3 4.00 MiB, chardev (509:0)
[    3.054586]  mmcblk0: p1
[    3.081972] ehci-platform ee080100.usb: EHCI Host Controller
[    3.087662] ehci-platform ee080100.usb: new USB bus registered, assigned bus number 9
[    3.095555] ehci-platform ee080100.usb: irq 174, io mem 0xee080100
[    3.113949] ehci-platform ee080100.usb: USB 2.0 started, EHCI 1.10
[    3.120569] hub 9-0:1.0: USB hub found
[    3.124340] hub 9-0:1.0: 1 port detected
[    3.129724] ohci-platform ee080000.usb: Generic Platform OHCI controller
[    3.136449] ohci-platform ee080000.usb: new USB bus registered, assigned bus number 10
[    3.144427] ohci-platform ee080000.usb: irq 174, io mem 0xee080000
[    3.240462] hub 10-0:1.0: USB hub found
[    3.244323] hub 10-0:1.0: 1 port detected
[    3.249640] cpu cpu0: EM: created perf domain
[    3.254712] cpu cpu4: EM: created perf domain
[    3.264046] renesas_sdhi_internal_dmac ee160000.mmc: Got CD GPIO
[    3.265056] renesas_sdhi_internal_dmac ee100000.mmc: Got CD GPIO
[    3.267178] [drm] Initialized rcar-du 1.0.0 20130110 for feb00000.display on minor 0
[    3.267181] [drm] Device feb00000.display probed
[    3.270129] renesas_sdhi_internal_dmac ee160000.mmc: Got WP GPIO
[    3.276170] renesas_sdhi_internal_dmac ee100000.mmc: Got WP GPIO
[    3.333603] renesas_sdhi_internal_dmac ee160000.mmc: mmc2 base at 0x00000000ee160000, max clock rate 200 MHz
[    3.338298] Console: switching to colour frame buffer device 128x48
[    3.346541] renesas_sdhi_internal_dmac ee100000.mmc: mmc1 base at 0x00000000ee100000, max clock rate 200 MHz
[    3.383242] rcar-du feb00000.display: [drm] fb0: rcar-dudrmfb frame buffer device
[    3.395489] input: keys as /devices/platform/keys/input/input0
[    3.477646] Micrel KSZ9031 Gigabit PHY e6800000.ethernet-ffffffff:00: attached PHY driver [Micrel KSZ9031 Gigabit PHY] (mii_bus:phy_addr=e6800000.ethernet-ffffffff:00, irq=183)
[    3.520580] scsi 1:0:0:0: Direct-Access     Lexar    JD Secure II +   1100 PQ: 0 ANSI: 0 CCS
[    3.643865] sd 1:0:0:0: [sda] 1966080 512-byte logical blocks: (1.01 GB/960 MiB)
[    3.652807] sd 1:0:0:0: [sda] Write Protect is off
[    3.658853] sd 1:0:0:0: [sda] No Caching mode page found
[    3.664290] sd 1:0:0:0: [sda] Assuming drive cache: write through
[    3.680579]  sda: sda1
[    3.688488] sd 1:0:0:0: [sda] Attached SCSI removable disk
[   10.027688] ravb e6800000.ethernet eth0: Link is Up - 1Gbps/Full - flow control off
[   10.053982] IP-Config: Guessing netmask 255.255.255.0
[   10.059143] IP-Config: Complete:
[   10.062455]      device=eth0, hwaddr=2e:09:0a:02:ec:37, ipaddr=192.168.10.167, mask=255.255.255.0, gw=255.255.255.255
[   10.073268]      host=192.168.10.167, domain=, nis-domain=(none)
[   10.083175]      bootserver=255.255.255.255, rootserver=192.168.10.99, rootpath=
[   10.083808] ALSA device list:
[   10.101203]   No soundcards found.
[   11.164081] VFS: Mounted root (nfs4 filesystem) on device 0:22.
[   11.175141] devtmpfs: mounted
[   11.185586] Freeing unused kernel memory: 6144K
[   11.214136] Run /sbin/init as init process
[   11.395632] systemd[1]: System time before build time, advancing clock.
[   11.781978] random: crng init done
[   11.868441] NET: Registered protocol family 10
[   11.874590] Segment Routing with IPv6
[   11.904460] systemd[1]: systemd 244 running in system mode. (+PAM -AUDIT -SELINUX +IMA -APPARMOR -SMACK +SYSVINIT +UTMP -LIBCRYPTSETUP -GCRYPT -GNUTLS +ACL +XZ -LZ4 -SECCOMP +BLKID -ELFUTILS +KMOD -IDN2 -IDN -PCRE2 default-hierarchy=hybrid)
[   11.928724] systemd[1]: Detected architecture arm64.

Welcome to [1mPoky (Yocto Project Reference Distro) 3.1.11 (dunfell)[0m!

[   11.960279] systemd[1]: Set hostname to <salvator-x>.
[   12.743572] systemd[1]: system-getty.slice: unit configures an IP firewall, but the local system does not support BPF/cgroup firewalling.
[   12.764824] systemd[1]: (This warning is only shown for the first unit using IP firewalling.)
[   12.780081] systemd[1]: Created slice system-getty.slice.
[[0;32m  OK  [0m] Created slice [0;1;39msystem-getty.slice[0m.
[   12.803192] systemd[1]: Created slice system-serial\x2dgetty.slice.
[[0;32m  OK  [0m] Created slice [0;1;39msystem-serial\x2dgetty.slice[0m.
[   12.826871] systemd[1]: Created slice User and Session Slice.
[[0;32m  OK  [0m] Created slice [0;1;39mUser and Session Slice[0m.
[   12.854407] systemd[1]: Started Dispatch Password Requests to Console Directory Watch.
[[0;32m  OK  [0m] Started [0;1;39mDispatch Password â€¦ts to Console Directory Watch[0m.
[   12.882303] systemd[1]: Started Forward Password Requests to Wall Directory Watch.
[[0;32m  OK  [0m] Started [0;1;39mForward Password Râ€¦uests to Wall Directory Watch[0m.
[   12.910273] systemd[1]: Reached target Paths.
[[0;32m  OK  [0m] Reached target [0;1;39mPaths[0m.
[   12.934119] systemd[1]: Reached target Remote File Systems.
[[0;32m  OK  [0m] Reached target [0;1;39mRemote File Systems[0m.
[   12.958087] systemd[1]: Reached target Slices.
[[0;32m  OK  [0m] Reached target [0;1;39mSlices[0m.
[   12.982102] systemd[1]: Reached target Swap.
[[0;32m  OK  [0m] Reached target [0;1;39mSwap[0m.
[   13.008885] systemd[1]: Listening on RPCbind Server Activation Socket.
[[0;32m  OK  [0m] Listening on [0;1;39mRPCbind Server Activation Socket[0m.
[   13.038156] systemd[1]: Reached target RPC Port Mapper.
[[0;32m  OK  [0m] Reached target [0;1;39mRPC Port Mapper[0m.
[   13.062439] systemd[1]: Listening on initctl Compatibility Named Pipe.
[[0;32m  OK  [0m] Listening on [0;1;39minitctl Compatibility Named Pipe[0m.
[   13.092192] systemd[1]: Listening on Journal Audit Socket.
[[0;32m  OK  [0m] Listening on [0;1;39mJournal Audit Socket[0m.
[   13.119901] systemd[1]: Listening on Journal Socket (/dev/log).
[[0;32m  OK  [0m] Listening on [0;1;39mJournal Socket (/dev/log)[0m.
[   13.146792] systemd[1]: Listening on Journal Socket.
[[0;32m  OK  [0m] Listening on [0;1;39mJournal Socket[0m.
[   13.172252] systemd[1]: Listening on Network Service Netlink Socket.
[[0;32m  OK  [0m] Listening on [0;1;39mNetwork Service Netlink Socket[0m.
[   13.200468] systemd[1]: Listening on udev Control Socket.
[[0;32m  OK  [0m] Listening on [0;1;39mudev Control Socket[0m.
[   13.226609] systemd[1]: Listening on udev Kernel Socket.
[[0;32m  OK  [0m] Listening on [0;1;39mudev Kernel Socket[0m.
[   13.255467] systemd[1]: Mounting Huge Pages File System...
         Mounting [0;1;39mHuge Pages File System[0m...
[   13.283468] systemd[1]: Mounting POSIX Message Queue File System...
         Mounting [0;1;39mPOSIX Message Queue File System[0m...
[   13.315204] systemd[1]: Mounting Kernel Debug File System...
         Mounting [0;1;39mKernel Debug File System[0m...
[   13.346022] systemd[1]: Mounting Temporary Directory (/tmp)...
         Mounting [0;1;39mTemporary Directory (/tmp)[0m...
[   13.376137] systemd[1]: Starting Create list of static device nodes for the current kernel...
         Starting [0;1;39mCreate list of stâ€¦odes for the current kernel[0m...
[   13.411192] systemd[1]: Starting Start psplash boot splash screen...
         Starting [0;1;39mStart psplash boot splash screen[0m...
[   13.445289] systemd[1]: Starting RPC Bind...
         Starting [0;1;39mRPC Bind[0m...
[   13.482742] systemd[1]: Condition check resulted in File System Check on Root Device being skipped.
[   13.489367] systemd[1]: Starting Journal Service...
         Starting [0;1;39mJournal Service[0m...
[   13.522720] systemd[1]: Starting Load Kernel Modules...
         Starting [0;1;39mLoad Kernel Modules[0m...
[   13.547518] systemd[1]: Starting Remount Root and Kernel File Systems...
         Starting [0;1;39mRemount Root and Kernel File Systems[0m...
[   13.572896] systemd[1]: Starting udev Coldplug all Devices...
         Starting [0;1;39mudev Coldplug all Devices[0m...
[   13.601275] systemd[1]: Started RPC Bind.
[[0;32m  OK  [0m] Started [0;1;39mRPC Bind[0m.
[   13.622440] systemd[1]: Started Start psplash boot splash screen.
[[0;32m  OK  [0m] Started [0;1;39mStart psplash boot splash screen[0m.
[   13.646764] systemd[1]: Started Journal Service.
[[0;32m  OK  [0m] Started [0;1;39mJournal Service[0m.
[[0;32m  OK  [0m] Mounted [0;1;39mHuge Pages File System[0m.
[[0;32m  OK  [0m] Mounted [0;1;39mPOSIX Message Queue File System[0m.
[[0;32m  OK  [0m] Mounted [0;1;39mKernel Debug File System[0m.
[[0;32m  OK  [0m] Mounted [0;1;39mTemporary Directory (/tmp)[0m.
[[0;32m  OK  [0m] Started [0;1;39mCreate list of staâ€¦ nodes for the current kernel[0m.
[[0;32m  OK  [0m] Started [0;1;39mLoad Kernel Modules[0m.
[[0;32m  OK  [0m] Started [0;1;39mRemount Root and Kernel File Systems[0m.
         Mounting [0;1;39mKernel Configuration File System[0m...
[[0;32m  OK  [0m] Started [0;1;39mStart psplash-systâ€¦progress communication helper[0m.
         Starting [0;1;39mFlush Journal to Persistent Storage[0m...
         Starting [0;1;39mApply Kernel Variables[0m...
[   13.880930] systemd-journald[357]: Received client request to flush runtime journal.
         Starting [0;1;39mCreate Static Device Nodes in /dev[0m...
[[0;32m  OK  [0m] Mounted [0;1;39mKernel Configuration File System[0m.
[[0;32m  OK  [0m] Started [0;1;39mFlush Journal to Persistent Storage[0m.
[[0;32m  OK  [0m] Started [0;1;39mApply Kernel Variables[0m.
[[0;32m  OK  [0m] Started [0;1;39mCreate Static Device Nodes in /dev[0m.
[[0;32m  OK  [0m] Reached target [0;1;39mLocal File Systems (Pre)[0m.
         Mounting [0;1;39m/var/volatile[0m...
         Starting [0;1;39mudev Kernel Device Manager[0m...
[[0;32m  OK  [0m] Mounted [0;1;39m/var/volatile[0m.
         Starting [0;1;39mLoad/Save Random Seed[0m...
[[0;32m  OK  [0m] Reached target [0;1;39mLocal File Systems[0m.
         Starting [0;1;39mCreate Volatile Files and Directories[0m...
[[0;32m  OK  [0m] Started [0;1;39mudev Coldplug all Devices[0m.
[[0;32m  OK  [0m] Started [0;1;39mudev Kernel Device Manager[0m.
[[0;32m  OK  [0m] Started [0;1;39mLoad/Save Random Seed[0m.
         Starting [0;1;39mNetwork Service[0m...
[[0;32m  OK  [0m] Started [0;1;39mCreate Volatile Files and Directories[0m.
         Starting [0;1;39mNetwork Time Synchronization[0m...
         Starting [0;1;39mUpdate UTMP about System Boot/Shutdown[0m...
[[0;32m  OK  [0m] Started [0;1;39mUpdate UTMP about System Boot/Shutdown[0m.
[[0;32m  OK  [0m] Started [0;1;39mNetwork Service[0m.
         Starting [0;1;39mNetwork Name Resolution[0m...
[[0;32m  OK  [0m] Started [0;1;39mNetwork Time Synchronization[0m.
[[0;32m  OK  [0m] Reached target [0;1;39mSystem Initialization[0m.
[   14.402760] pwm-backlight: probe of backlight failed with error -16
[[0;32m  OK  [0m] Started [0;1;39mDaily Cleanup of Temporary Directories[0m.
[[0;32m  OK  [0m] Reached target [0;1;39mSystem Time Set[0m.
[[0;32m  OK  [0m] Reached targ[   14.453507] at24 7-0050: supply vcc not found, using dummy regulator
et [0;1;39mSystem Time Synchron[   14.462900] at24 7-0050: 128 byte br24t01 EEPROM, writable, 8 bytes/write
ized[0m.
[[0;32m  OK  [0m] Reached target [0;1;39mTimers[0m.
[[0;32m  OK  [0m] Listening on [0;1;39mAvahi mDNS/DNS-SD Stack Activation Socket[0m.
[[0;32m  OK  [0m] Listening on [0;1;39mD-Bus System Message Bus Socket[0m.
[[0;32m  OK  [0m] Listening on [0;1;39mdropbear.socket[0m.
[[0;32m  OK  [0m] Reached target [0;1[   14.583223] ccree e6601000.crypto: ARM CryptoCell 630P Driver: HW version 0xAF400001/0xDCC63000, Driver version 5.0
;39mSockets[0m.
[   14.601239] renesas_usb3 ee020000.usb: probed with phy
[[0;32m  OK  [0m] Reached target [0;1;39mBasic System[0m.
[[0;32m  OK  [0m] Started [0;1;39mD-Bus System Message Bus[0m.
[   14.637140] ccree e6601000.crypto: ARM ccree device initialized
[[0;32m  OK  [0m] Started [0;1;39moptee services[0m.
         Starting [0;1;39mpvrinit.service[0m...
         Starting [0;1;39mPowerVR consumer services[0m...
         Starting [0;1;39mLogin Service[0m...
[[0;32m  OK  [0m] Started [0;1;39mNetwork Name Resolution[0m.
[[0;1;31mFAILED[0m] Failed to start [0;1;39mpvrinit.service[0m.
See 'systemctl status pvrinit.service' for details.
[[0;1;31mFAILED[0m] Failed to start [0;1;39mPowerVR consumer services[0m.
See 'systemctl status rc.pvr.service' for details.
[[0;1;38;5;185mDEPEND[0m] Dependency failed for [0;1;39mWeston Wayland Compositor[0m.
[[0;32m  OK  [0m] Started [0;1;39mLogin Service[0m.
[[0;32m  OK  [0m] Created slice [0;1;39msystem-weston.slice[0m.
[[0;32m  OK  [0m] Reached target [0;1;39mNetwork[0m.
[[0;32m  OK  [0m] Reached target [0;1;39mHost and Network Name Lookups[0m.
[[0;32m  OK  [0m] Reached target [0;1;39mHardware activated USB gadget[0m.
         Starting [0;1;39mAvahi mDNS/DNS-SD Stack[0m...
         Starting [0;1;39mset_default_governor.service[0m...
         Starting [0;1;39mPermit User Sessions[0m...
[[0;32m  OK  [0m] Started [0;1;39mXinetd A Powerful Replacement For Inetd[0m.
[   15.170229] rd 0-7: Disabling EAS, schedutil is mandatory
[[0;32m  OK  [0m] Started [0;1;39mPermit User Sessions[0m.
[[0;32m  OK  [0m] Started [0;1;39mAvahi mDNS/DNS-SD Stack[0m.
[[0;32m  OK  [0m] Started [0;1;39mset_default_governor.service[0m.
[[0;32m  OK  [0m] Started [0;1;39mGetty on tty1[0m.
[[0;32m  OK  [0m] Started [0;1;39mSerial Getty on ttySC0[0m.
[[0;32m  OK  [0m] Reached target [0;1;39mLogin Prompts[0m.
[[0;32m  OK  [0m] Reached target [0;1;39mMulti-User System[0m.
         Starting [0;1;39mUpdate UTMP about System Runlevel Changes[0m...
[[0;32m  OK  [0m] Started [0;1;39mUpdate UTMP about System Runlevel Changes[0m.

Poky (Yocto Project Reference Distro) 3.1.11 salvator-x ttySC0

salvator-x login: 
salvator-x login: root
[   17.384692] audit: type=1006 audit(1703064537.984:2): pid=532 uid=0 old-auid=4294967295 auid=0 tty=(none) old-ses=4294967295 ses=1 res=1
7[r[999;999H[6n8root@salvator-x:~# 
root@salvator-x:~# 
root@salvator-x:~# 
root@salvator-x:~# 
root@salvator-x:~# 
root@salvator-x:~# 
root@salvator-x:~# 
root@salvator-x:~# 
root@salvator-x:~# 
----------Prepare----------


root@salvator-x:~# find /sys/devices/platform/soc/ee0a0100.usb/ -name 'sd*'
/sys/devices/platform/soc/ee0a0100.usb/usb1/1-1/1-1:1.0/host1/target1:0:0/1:0:0:0/block/sda
/sys/devices/platform/soc/ee0a0100.usb/usb1/1-1/1-1:1.0/host1/target1:0:0/1:0:0:0/block/sda/sda1
root@salvator-x:~# 
root@salvator-x:~# dd if=/dev/urandom of=testdata bs=10M count=1
1+0 records in
1+0 records out
10485760 bytes (10 MB, 10 MiB) copied, 0.334262 s, 31.4 MB/s
root@salvator-x:~# 
root@salvator-x:~# mkdir -p /mnt/usb
root@salvator-x:~# 
root@salvator-x:~# mount /dev/sda1 /mnt/usb
[   28.554347] EXT4-fs (sda1): mounted filesystem with ordered data mode. Opts: (null)
root@salvator-x:~# 
root@salvator-x:~# cp testdata /mnt/usb/
root@salvator-x:~# 
root@salvator-x:~# umount /mnt/usb
root@salvator-x:~# 
root@salvator-x:~# find /sys/devices/platform/soc/ee0a0100.usb/ -name 'sd*'
/sys/devices/platform/soc/ee0a0100.usb/usb1/1-1/1-1:1.0/host1/target1:0:0/1:0:0:0/block/sda
/sys/devices/platform/soc/ee0a0100.usb/usb1/1-1/1-1:1.0/host1/target1:0:0/1:0:0:0/block/sda/sda1
root@salvator-x:~# 
root@salvator-x:~# i2cset -f -y 7 0x30 0x20 0x0f
root@salvator-x:~# 

Switch SW23 off and input 'yes' to continue:
Input 'yes' to continue: 

root@salvator-x:~# echo N > /sys/module/printk/parameters/console_suspend
root@salvator-x:~# 
root@salvator-x:~# [   41.950085] SDHI0 VccQ: disabling
[   41.953480] SDHI3 VccQ: disabling

root@salvator-x:~# mount /dev/sda1 /mnt/usb
[   52.530271] EXT4-fs (sda1): mounted filesystem with ordered data mode. Opts: (null)
root@salvator-x:~# 
root@salvator-x:~# cp /mnt/usb/testdata testdata_from_usb &
[1] 555
root@salvator-x:~# 
root@salvator-x:~# echo mem > /sys/power/state
[   53.898669] PM: suspend entry (deep)
[   54.110781] Filesystems sync: 0.208 seconds
[   54.116346] Freezing user space processes ... (elapsed 0.013 seconds) done.
[   54.130095] OOM killer disabled.
[   54.130098] Freezing remaining freezable tasks ... (elapsed 0.001 seconds) done.
[   54.568492] ravb e6800000.ethernet eth0: Link is Down
[   54.583196] Disabling non-boot CPUs ...
[   54.587640] CPU1: shutdown
[   54.590368] psci: CPU1 killed (polled 0 ms)
[   54.596138] CPU2: shutdown
[   54.598868] psci: CPU2 killed (polled 0 ms)
[   54.604486] CPU3: shutdown
[   54.607230] psci: CPU3 killed (polled 0 ms)
[   54.613177] CPU4: shutdown
[   54.615914] psci: CPU4 killed (polled 0 ms)
[   54.621646] CPU5: shutdown
[   54.624414] psci: CPU5 killed (polled 0 ms)
[   54.630139] CPU6: shutdown
[   54.632847] psci: CPU6 killed (polled 0 ms)
[   54.638539] CPU7: shutdown
[   54.641249] psci: CPU7 killed (polled 0 ms)
 
Pull out USB device at CN10L


Press any button to continue


 Switch power switch: 

NOTICE:  BL2: R-Car Gen3 Initial Program Loader(CA57) Rev.4.0.0
NOTICE:  BL2: PRR is R-Car H3 Ver.3.0
NOTICE:  BL2: Board is Salvator-XS Rev.1.0
NOTICE:  BL2: Boot device is HyperFlash(160MHz)
NOTICE:  BL2: LCM state is CM
NOTICE:  AVS setting succeeded. DVFS_SetVID=0x53
NOTICE:  BL2: DDR3200(rev.0.42)
NOTICE:  BL2: [WARM_BOOT]
NOTICE:  BL2: DRAM Split is 4ch(DDR f)
NOTICE:  BL2: QoS is default setting(rev.0.11)
NOTICE:  BL2: DRAM refresh interval 1.95 usec
NOTICE:  BL2: Periodic Write DQ Training
NOTICE:  BL2: CH0: 400000000 - 47fffffff, 2 GiB
NOTICE:  BL2: CH1: 500000000 - 57fffffff, 2 GiB
NOTICE:  BL2: CH2: 600000000 - 67fffffff, 2 GiB
NOTICE:  BL2: CH3: 700000000 - 77fffffff, 2 GiB
NOTICE:  BL2: Lossy Decomp areas
NOTICE:       Entry 0: DCMPAREACRAx:0x80000540 DCMPAREACRBx:0x570
NOTICE:       Entry 1: DCMPAREACRAx:0x40000000 DCMPAREACRBx:0x0
NOTICE:       Entry 2: DCMPAREACRAx:0x20000000 DCMPAREACRBx:0x0
NOTICE:  BL2: FDT at 0xe6327f70
NOTICE:  BL2: v2.9(release):9cdb21f75
NOTICE:  BL2: Built : 05:25:39, Dec 19 2023
NOTICE:  BL2: Normal boot
[   54.646439] Enabling non-boot CPUs ...
[   54.650475] Detected PIPT I-cache on CPU1
[   54.650528] CPU1: Booted secondary processor 0x0000000001 [0x411fd073]
[   54.651029] CPU1 is up
[   54.664082] Detected PIPT I-cache on CPU2
[   54.664104] CPU2: Booted secondary processor 0x0000000002 [0x411fd073]
[   54.664373] CPU2 is up
[   54.677389] Detected PIPT I-cache on CPU3
[   54.677411] CPU3: Booted secondary processor 0x0000000003 [0x411fd073]
[   54.677680] CPU3 is up
[   54.690744] Detected VIPT I-cache on CPU4
[   54.690796] CPU4: Booted secondary processor 0x0000000100 [0x410fd034]
[   54.691697] CPU4 is up
[   54.704701] Detected VIPT I-cache on CPU5
[   54.704733] CPU5: Booted secondary processor 0x0000000101 [0x410fd034]
[   54.705294] CPU5 is up
[   54.718304] Detected VIPT I-cache on CPU6
[   54.718337] CPU6: Booted secondary processor 0x0000000102 [0x410fd034]
[   54.718920] CPU6 is up
[   54.731923] Detected VIPT I-cache on CPU7
[   54.731955] CPU7: Booted secondary processor 0x0000000103 [0x410fd034]
[   54.732598] CPU7 is up
[   54.805252] xhci-hcd ee000000.usb: xHC error in resume, USBSTS 0x401, Reinit
[   54.812314] usb usb7: root hub lost power or was reset
[   54.817439] usb usb8: root hub lost power or was reset
[   54.924724] Micrel KSZ9031 Gigabit PHY e6800000.ethernet-ffffffff:00: attached PHY driver [Micrel KSZ9031 Gigabit PHY] (mii_bus:phy_addr=e6800000.ethernet-ffffffff:00, irq=183)
[   55.040024] usb usb4: root hub lost power or was reset
[   55.045319] usb usb1: root hub lost power or was reset
[   55.132042] usb usb5: root hub lost power or was reset
[   55.137291] usb usb2: root hub lost power or was reset
[   55.224013] usb usb6: root hub lost power or was reset
[   55.229281] usb usb3: root hub lost power or was reset
[   55.344011] usb usb10: root hub lost power or was reset
[   55.349267] usb usb9: root hub lost power or was reset
[   55.361925] ata1: link resume succeeded after 1 retries
[   55.473446] ata1: SATA link down (SStatus 0 SControl 300)
[   57.908262] OOM killer enabled.
[   57.912117] Restarting tasks ... 
[   57.912368] usb 1-1: USB disconnect, device number 2
[   57.913389] done.
root@salvator-x:~# [   57.926590] PM: suspend exit
[   61.510449] ravb e6800000.ethernet eth0: Link is Up - 1Gbps/Full - flow control off

[1]+  Done                    cp /mnt/usb/testdata testdata_from_usb
root@salvator-x:~# echo "Wake up sucessfully"
Wake up sucessfully
root@salvator-x:~# 
root@salvator-x:~# wait
root@salvator-x:~# 
root@salvator-x:~# sync
root@salvator-x:~# 
root@salvator-x:~# cmp testdata testdata_from_usb
root@salvator-x:~# 
root@salvator-x:~# umount /mnt/usb
[   69.947684] Buffer I/O error on dev sda1, logical block 65536, lost sync page write
[   69.955541] JBD2: Error -5 detected when updating journal superblock for sda1-8.
[   69.963110] Aborting journal on device sda1-8.
[   69.967670] Buffer I/O error on dev sda1, logical block 65536, lost sync page write
[   69.975534] JBD2: Error -5 detected when updating journal superblock for sda1-8.
root@salvator-x:~# 
 
#### Result: OK ####
