

----------Item 4----------


Please press switch to restart board 

[F 00:00:120
[F 00:00:119
[F 00:00:118
[F 00:00:117
[F 00:00:116
[F 00:00:115
NOTICE:  BL2: R-Car Gen3 Initial Program Loader(CA57) Rev.4.0.0
NOTICE:  BL2: PRR is R-Car H3 Ver.3.0
NOTICE:  BL2: Board is Salvator-XS Rev.1.0
NOTICE:  BL2: Boot device is HyperFlash(160MHz)
NOTICE:  BL2: LCM state is CM
NOTICE:  AVS setting succeeded. DVFS_SetVID=0x53
NOTICE:  BL2: DDR3200(rev.0.42)
NOTICE:  BL2: [COLD_BOOT]
NOTICE:  BL2: DRAM Split is 4ch(DDR f)
NOTICE:  BL2: QoS is default setting(rev.0.11)
NOTICE:  BL2: DRAM refresh interval 1.95 usec
NOTICE:  BL2: Periodic Write DQ Training
NOTICE:  BL2: CH0: 400000000 - 47fffffff, 2 GiB
NOTICE:  BL2: CH1: 500000000 - 57fffffff, 2 GiB
NOTICE:  BL2: CH2: 600000000 - 67fffffff, 2 GiB
NOTICE:  BL2: CH3: 700000000 - 77fffffff, 2 GiB
NOTICE:  BL2: Lossy Decomp areas
NOTICE:       Entry 0: DCMPAREACRAx:0x80000540 DCMPAREACRBx:0x570
NOTICE:       Entry 1: DCMPAREACRAx:0x40000000 DCMPAREACRBx:0x0
NOTICE:       Entry 2: DCMPAREACRAx:0x20000000 DCMPAREACRBx:0x0
NOTICE:  BL2: FDT at 0xe6327f70
NOTICE:  BL2: v2.9(release):9cdb21f75
NOTICE:  BL2: Built : 05:25:39, Dec 19 2023
NOTICE:  BL2: Normal boot
NOTICE:  BL2: dst=0xe6327800 src=0x8180000 len=512(0x200)
NOTICE:  BL2: dst=0x43f00000 src=0x8180400 len=6144(0x1800)
NOTICE:  rcar_file_len: len: 0x0003e000
NOTICE:  BL2: dst=0x44000000 src=0x81c0000 len=253952(0x3e000)
NOTICE:  rcar_file_len: len: 0x00200000
NOTICE:  BL2: dst=0x44100000 src=0x8200000 len=2097152(0x200000)
NOTICE:  rcar_file_len: len: 0x00100000
NOTICE:  BL2: dst=0x50000000 src=0x8640000 len=1048576(0x100000)
NOTICE:  BL2: Booting BL31


U-Boot 2020.10 (Dec 19 2023 - 14:30:40 +0000)

CPU: Renesas Electronics R8A7795 rev 3.0
Model: Renesas Salvator-X 2nd version board based on r8a77951
DRAM:  7.9 GiB
RAM Configuration:
Bank #0: 0x048000000 - 0x0bfffffff, 1.9 GiB
Bank #1: 0x500000000 - 0x57fffffff, 2 GiB
Bank #2: 0x600000000 - 0x67fffffff, 2 GiB
Bank #3: 0x700000000 - 0x77fffffff, 2 GiB

MMC:   sd@ee100000: 0, sd@ee140000: 1, sd@ee160000: 2
Loading Environment from MMC... OK
In:    serial@e6e88000
Out:   serial@e6e88000
Err:   serial@e6e88000
Net:   eth0: ethernet@e6800000
Hit any key to stop autoboot:  2  1  0 
ethernet@e6800000 Waiting for PHY auto negotiation to complete.......... done
Using ethernet@e6800000 device
TFTP from server 192.168.10.99; our IP address is 192.168.10.167
Filename 'traivo/H3/rootfs/boot_USB2H/Image'.
Load address: 0x48080000
Loading: *#################################################################
	 #################################################################
	 #################################################################
	 #################################################################
	 #################################################################
	 #################################################################
	 #################################################################
	 #################################################################
	 #################################################################
	 #################################################################
	 #################################################################
	 #################################################################
	 #################################################################
	 #################################################################
	 #################################################################
	 #################################################################
	 #################################################################
	 #################################################################
	 #################################################################
	 #################################################################
	 #################################################################
	 #################################################################
	 #################################################################
	 #################################################################
	 #################################################################
	 #################################################################
	 #################################################################
	 #################################################################
	 #################################################################
	 #################################################################
	 #################################################################
	 #################################################################
	 #################################################################
	 #################################################################
	 ################################################################
	 4.5 MiB/s
done
Bytes transferred = 33376768 (1fd4a00 hex)
Using ethernet@e6800000 device
TFTP from server 192.168.10.99; our IP address is 192.168.10.167
Filename 'traivo/H3/rootfs/boot_USB2H/r8a77951-salvator-xs.dtb'.
Load address: 0x48000000
Loading: *#######
	 7.9 MiB/s
done
Bytes transferred = 90876 (162fc hex)
Moving Image from 0x48080000 to 0x48200000, end=4a260000
## Flattened Device Tree blob at 48000000
   Booting using the fdt blob at 0x48000000
   Loading Device Tree to 0000000053fe6000, end 0000000053fff2fb ... OK

Starting kernel ...

[    0.000000] Booting Linux on physical CPU 0x0000000000 [0x411fd073]
[    0.000000] Linux version 5.10.194-yocto-standard (thuan.nguyen-hong@banvien) (aarch64-poky-linux-gcc (GCC) 9.3.0, GNU ld (GNU Binutils) 2.34.0.20200220) #10 SMP PREEMPT Mon Feb 19 03:51:05 UTC 2024
[    0.000000] Machine model: Renesas Salvator-X 2nd version board based on r8a77951
[    0.000000] efi: UEFI not found.
[    0.000000] Reserved memory: created CMA memory pool at 0x0000000057000000, size 16 MiB
[    0.000000] OF: reserved mem: initialized node linux,adsp@57000000, compatible id shared-dma-pool
[    0.000000] Reserved memory: created CMA memory pool at 0x0000000058000000, size 384 MiB
[    0.000000] OF: reserved mem: initialized node linux,cma@58000000, compatible id shared-dma-pool
[    0.000000] Reserved memory: created CMA memory pool at 0x0000000070000000, size 256 MiB
[    0.000000] OF: reserved mem: initialized node linux,multimedia@70000000, compatible id shared-dma-pool
[    0.000000] NUMA: No NUMA configuration found
[    0.000000] NUMA: Faking a node at [mem 0x0000000048000000-0x000000077fffffff]
[    0.000000] NUMA: NODE_DATA [mem 0x77efdab00-0x77efdcfff]
[    0.000000] Zone ranges:
[    0.000000]   DMA      [mem 0x0000000048000000-0x000000007fffffff]
[    0.000000]   DMA32    [mem 0x0000000080000000-0x00000000ffffffff]
[    0.000000]   Normal   [mem 0x0000000100000000-0x000000077fffffff]
[    0.000000] Movable zone start for each node
[    0.000000] Early memory node ranges
[    0.000000]   node   0: [mem 0x0000000048000000-0x0000000053ffffff]
[    0.000000]   node   0: [mem 0x0000000054000000-0x0000000056ffffff]
[    0.000000]   node   0: [mem 0x0000000057000000-0x00000000bfffffff]
[    0.000000]   node   0: [mem 0x0000000500000000-0x000000057fffffff]
[    0.000000]   node   0: [mem 0x0000000600000000-0x000000067fffffff]
[    0.000000]   node   0: [mem 0x0000000700000000-0x000000077fffffff]
[    0.000000] Initmem setup node 0 [mem 0x0000000048000000-0x000000077fffffff]
[    0.000000] psci: probing for conduit method from DT.
[    0.000000] psci: PSCIv1.1 detected in firmware.
[    0.000000] psci: Using standard PSCI v0.2 function IDs
[    0.000000] psci: Trusted OS resident on physical CPU 0x0
[    0.000000] psci: SMC Calling Convention v1.2
[    0.000000] percpu: Embedded 23 pages/cpu s56984 r8192 d29032 u94208
[    0.000000] Detected PIPT I-cache on CPU0
[    0.000000] CPU features: detected: EL2 vector hardening
[    0.000000] CPU features: detected: Spectre-v2
[    0.000000] CPU features: detected: ARM errata 1165522, 1319367, or 1530923
[    0.000000] CPU features: detected: Spectre-BHB
[    0.000000] CPU features: detected: ARM erratum 1742098
[    0.000000] Built 1 zonelists, mobility grouping on.  Total pages: 2032128
[    0.000000] Policy zone: Normal
[    0.000000] Kernel command line: rw root=/dev/nfs nfsroot=192.168.10.99:/data/tftpboot/traivo/H3/rootfs,nfsvers=4, ip=192.168.10.167
[    0.000000] Dentry cache hash table entries: 1048576 (order: 11, 8388608 bytes, linear)
[    0.000000] Inode-cache hash table entries: 524288 (order: 10, 4194304 bytes, linear)
[    0.000000] mem auto-init: stack:off, heap alloc:off, heap free:off
[    0.000000] software IO TLB: mapped [mem 0x000000004ffe6000-0x0000000053fe6000] (64MB)
[    0.000000] Memory: 7276840K/8257536K available (15232K kernel code, 2834K rwdata, 8240K rodata, 6144K init, 517K bss, 308952K reserved, 671744K cma-reserved)
[    0.000000] SLUB: HWalign=64, Order=0-3, MinObjects=0, CPUs=8, Nodes=1
[    0.000000] rcu: Preemptible hierarchical RCU implementation.
[    0.000000] rcu: 	RCU event tracing is enabled.
[    0.000000] rcu: 	RCU restricting CPUs from NR_CPUS=256 to nr_cpu_ids=8.
[    0.000000] 	Trampoline variant of Tasks RCU enabled.
[    0.000000] rcu: RCU calculated value of scheduler-enlistment delay is 25 jiffies.
[    0.000000] rcu: Adjusting geometry for rcu_fanout_leaf=16, nr_cpu_ids=8
[    0.000000] NR_IRQS: 64, nr_irqs: 64, preallocated irqs: 0
[    0.000000] arch_timer: cp15 timer(s) running at 8.32MHz (virt).
[    0.000000] clocksource: arch_sys_counter: mask: 0xffffffffffffff max_cycles: 0x1eb398c07, max_idle_ns: 440795202503 ns
[    0.000003] sched_clock: 56 bits at 8MHz, resolution 120ns, wraps every 2199023255503ns
[    0.000208] Console: colour dummy device 80x25
[    0.000416] printk: console [tty0] enabled
[    0.000492] Calibrating delay loop (skipped), value calculated using timer frequency.. 16.64 BogoMIPS (lpj=33280)
[    0.000508] pid_max: default: 32768 minimum: 301
[    0.000567] LSM: Security Framework initializing
[    0.000654] Mount-cache hash table entries: 16384 (order: 5, 131072 bytes, linear)
[    0.000706] Mountpoint-cache hash table entries: 16384 (order: 5, 131072 bytes, linear)
[    0.002150] rcu: Hierarchical SRCU implementation.
[    0.003736] Detected Renesas R-Car Gen3 r8a7795 ES3.0
[    0.005862] EFI services will not be available.
[    0.006208] smp: Bringing up secondary CPUs ...
[    0.006671] Detected PIPT I-cache on CPU1
[    0.006721] CPU1: Booted secondary processor 0x0000000001 [0x411fd073]
[    0.007208] Detected PIPT I-cache on CPU2
[    0.007231] CPU2: Booted secondary processor 0x0000000002 [0x411fd073]
[    0.007651] Detected PIPT I-cache on CPU3
[    0.007672] CPU3: Booted secondary processor 0x0000000003 [0x411fd073]
[    0.008137] CPU features: detected: ARM erratum 845719
[    0.008150] Detected VIPT I-cache on CPU4
[    0.008196] CPU4: Booted secondary processor 0x0000000100 [0x410fd034]
[    0.008676] Detected VIPT I-cache on CPU5
[    0.008702] CPU5: Booted secondary processor 0x0000000101 [0x410fd034]
[    0.009136] Detected VIPT I-cache on CPU6
[    0.009163] CPU6: Booted secondary processor 0x0000000102 [0x410fd034]
[    0.009594] Detected VIPT I-cache on CPU7
[    0.009622] CPU7: Booted secondary processor 0x0000000103 [0x410fd034]
[    0.009703] smp: Brought up 1 node, 8 CPUs
[    0.009764] SMP: Total of 8 processors activated.
[    0.009772] CPU features: detected: 32-bit EL0 Support
[    0.009779] CPU features: detected: CRC32 instructions
[    0.009786] CPU features: detected: 32-bit EL1 Support
[    0.022989] CPU: All CPU(s) started at EL1
[    0.023045] alternatives: patching kernel code
[    0.024197] devtmpfs: initialized
[    0.030982] KASLR disabled due to lack of seed
[    0.031130] clocksource: jiffies: mask: 0xffffffff max_cycles: 0xffffffff, max_idle_ns: 7645041785100000 ns
[    0.031150] futex hash table entries: 2048 (order: 5, 131072 bytes, linear)
[    0.039779] pinctrl core: initialized pinctrl subsystem
[    0.041255] DMI not present or invalid.
[    0.041755] NET: Registered protocol family 16
[    0.042707] DMA: preallocated 1024 KiB GFP_KERNEL pool for atomic allocations
[    0.042901] DMA: preallocated 1024 KiB GFP_KERNEL|GFP_DMA pool for atomic allocations
[    0.043190] DMA: preallocated 1024 KiB GFP_KERNEL|GFP_DMA32 pool for atomic allocations
[    0.043226] audit: initializing netlink subsys (disabled)
[    0.043408] audit: type=2000 audit(0.040:1): state=initialized audit_enabled=0 res=1
[    0.044565] thermal_sys: Registered thermal governor 'power_allocator'
[    0.045076] cpuidle: using governor menu
[    0.045247] hw-breakpoint: found 6 breakpoint and 4 watchpoint registers.
[    0.045373] ASID allocator initialised with 65536 entries
[    0.046671] Serial: AMBA PL011 UART driver
[    0.089545] sh-pfc e6060000.pinctrl: r8a77951_pfc support registered
[    0.104240] HugeTLB registered 1.00 GiB page size, pre-allocated 0 pages
[    0.104253] HugeTLB registered 32.0 MiB page size, pre-allocated 0 pages
[    0.104261] HugeTLB registered 2.00 MiB page size, pre-allocated 0 pages
[    0.104268] HugeTLB registered 64.0 KiB page size, pre-allocated 0 pages
[    0.105233] cryptd: max_cpu_qlen set to 1000
[    0.107471] ACPI: Interpreter disabled.
[    0.111259] rcar-avs: use avs value: 0
[    0.111275] rcar-avs: cpu@0 is running with: opp_table0
[    0.111285] rcar-avs: cpu@1 is running with: opp_table0
[    0.111295] rcar-avs: cpu@2 is running with: opp_table0
[    0.111304] rcar-avs: cpu@3 is running with: opp_table0
[    0.111400] rcar-avs: gsx@fd000000 is running with: gsx_opp_table0
[    0.112817] iommu: Default domain type: Translated 
[    0.113389] ipmmu-vmsa e67b0000.iommu: IPMMU context 0 is reserved
[    0.114394] vgaarb: loaded
[    0.114590] SCSI subsystem initialized
[    0.114843] usbcore: registered new interface driver usbfs
[    0.114874] usbcore: registered new interface driver hub
[    0.114899] usbcore: registered new device driver usb
[    0.118429] i2c-sh_mobile e60b0000.i2c: I2C adapter 7, bus speed 400000 Hz
[    0.118958] mc: Linux media interface: v0.10
[    0.118980] videodev: Linux video capture interface: v2.00
[    0.119024] pps_core: LinuxPPS API ver. 1 registered
[    0.119031] pps_core: Software ver. 5.3.6 - Copyright 2005-2007 Rodolfo Giometti <giometti@linux.it>
[    0.119045] PTP clock support registered
[    0.119218] EDAC MC: Ver: 3.0.0
[    0.121198] FPGA manager framework
[    0.121258] Advanced Linux Sound Architecture Driver Initialized.
[    0.121811] clocksource: Switched to clocksource arch_sys_counter
[    0.121962] VFS: Disk quotas dquot_6.6.0
[    0.122003] VFS: Dquot-cache hash table entries: 512 (order 0, 4096 bytes)
[    0.122125] pnp: PnP ACPI: disabled
[    0.125593] NET: Registered protocol family 2
[    0.126004] IP idents hash table entries: 131072 (order: 8, 1048576 bytes, linear)
[    0.128275] tcp_listen_portaddr_hash hash table entries: 4096 (order: 4, 65536 bytes, linear)
[    0.128355] TCP established hash table entries: 65536 (order: 7, 524288 bytes, linear)
[    0.128638] TCP bind hash table entries: 65536 (order: 8, 1048576 bytes, linear)
[    0.129222] TCP: Hash tables configured (established 65536 bind 65536)
[    0.129343] UDP hash table entries: 4096 (order: 5, 131072 bytes, linear)
[    0.129456] UDP-Lite hash table entries: 4096 (order: 5, 131072 bytes, linear)
[    0.129673] NET: Registered protocol family 1
[    0.130024] RPC: Registered named UNIX socket transport module.
[    0.130034] RPC: Registered udp transport module.
[    0.130040] RPC: Registered tcp transport module.
[    0.130045] RPC: Registered tcp NFSv4.1 backchannel transport module.
[    0.130058] PCI: CLS 0 bytes, default 64
[    0.130998] hw perfevents: enabled with armv8_cortex_a53 PMU driver, 7 counters available
[    0.131271] hw perfevents: enabled with armv8_cortex_a57 PMU driver, 7 counters available
[    0.131871] kvm [1]: HYP mode not available
[    0.134664] Initialise system trusted keyrings
[    0.134812] workingset: timestamp_bits=42 max_order=21 bucket_order=0
[    0.137894] squashfs: version 4.0 (2009/01/31) Phillip Lougher
[    0.138294] NFS: Registering the id_resolver key type
[    0.138320] Key type id_resolver registered
[    0.138326] Key type id_legacy registered
[    0.138386] nfs4filelayout_init: NFSv4 File Layout Driver Registering...
[    0.138395] nfs4flexfilelayout_init: NFSv4 Flexfile Layout Driver Registering...
[    0.138499] 9p: Installing v9fs 9p2000 file system support
[    0.164643] Key type asymmetric registered
[    0.164655] Asymmetric key parser 'x509' registered
[    0.164690] Block layer SCSI generic (bsg) driver version 0.4 loaded (major 243)
[    0.164700] io scheduler mq-deadline registered
[    0.164708] io scheduler kyber registered
[    0.180786] gpio_rcar e6050000.gpio: driving 16 GPIOs
[    0.181069] gpio_rcar e6051000.gpio: driving 29 GPIOs
[    0.181329] gpio_rcar e6052000.gpio: driving 15 GPIOs
[    0.181667] gpio_rcar e6053000.gpio: driving 16 GPIOs
[    0.181948] gpio_rcar e6054000.gpio: driving 18 GPIOs
[    0.182216] gpio_rcar e6055000.gpio: driving 26 GPIOs
[    0.182547] gpio_rcar e6055400.gpio: driving 32 GPIOs
[    0.182827] gpio_rcar e6055800.gpio: driving 4 GPIOs
[    0.185876] rcar-pcie fe000000.pcie: host bridge /soc/pcie@fe000000 ranges:
[    0.185905] rcar-pcie fe000000.pcie:       IO 0x00fe100000..0x00fe1fffff -> 0x0000000000
[    0.185928] rcar-pcie fe000000.pcie:      MEM 0x00fe200000..0x00fe3fffff -> 0x00fe200000
[    0.185946] rcar-pcie fe000000.pcie:      MEM 0x0030000000..0x0037ffffff -> 0x0030000000
[    0.185965] rcar-pcie fe000000.pcie:      MEM 0x0038000000..0x003fffffff -> 0x0038000000
[    0.185982] rcar-pcie fe000000.pcie:   IB MEM 0x0040000000..0x007fffffff -> 0x0040000000
[    0.186027] rcar-pcie fe000000.pcie: no pcie3v3 regulator found
[    0.186038] rcar-pcie fe000000.pcie: no pcie1v8 regulator found
[    0.257531] rcar-pcie fe000000.pcie: PCIe link down
[    0.257695] rcar-pcie ee800000.pcie: host bridge /soc/pcie@ee800000 ranges:
[    0.257717] rcar-pcie ee800000.pcie:       IO 0x00ee900000..0x00ee9fffff -> 0x0000000000
[    0.257736] rcar-pcie ee800000.pcie:      MEM 0x00eea00000..0x00eebfffff -> 0x00eea00000
[    0.257754] rcar-pcie ee800000.pcie:      MEM 0x00c0000000..0x00c7ffffff -> 0x00c0000000
[    0.257768] rcar-pcie ee800000.pcie:      MEM 0x00c8000000..0x00cfffffff -> 0x00c8000000
[    0.257785] rcar-pcie ee800000.pcie:   IB MEM 0x0040000000..0x007fffffff -> 0x0040000000
[    0.257830] rcar-pcie ee800000.pcie: no pcie3v3 regulator found
[    0.257841] rcar-pcie ee800000.pcie: no pcie1v8 regulator found
[    0.417810] rcar-pcie ee800000.pcie: PCIe link down
[    0.420238] EINJ: ACPI disabled.
[    0.462070] Serial: 8250/16550 driver, 4 ports, IRQ sharing enabled
[    0.465915] SuperH (H)SCI(F) driver initialized
[    0.466651] e6550000.serial: ttySC1 at MMIO 0xe6550000 (irq = 42, base_baud = 0) is a hscif
[    0.467641] e6e88000.serial: ttySC0 at MMIO 0xe6e88000 (irq = 128, base_baud = 0) is a scif
[    1.672317] printk: console [ttySC0] enabled
[    1.677718] msm_serial: driver initialized
[    1.687962] rcar-dw-hdmi fead0000.hdmi: Detected HDMI TX controller v2.01a with HDCP (DWC HDMI 2.0 TX PHY)
[    1.697864] rcar-dw-hdmi fead0000.hdmi: registered DesignWare HDMI I2C bus driver
[    1.706172] rcar-dw-hdmi feae0000.hdmi: Detected HDMI TX controller v2.01a with HDCP (DWC HDMI 2.0 TX PHY)
[    1.716027] rcar-dw-hdmi feae0000.hdmi: registered DesignWare HDMI I2C bus driver
[    1.731454] loop: module loaded
[    1.735913] megasas: 07.714.04.00-rc1
[    1.741603] scsi host0: sata_rcar
[    1.745073] ata1: SATA max UDMA/133 irq 181
[    1.754422] tun: Universal TUN/TAP device driver, 1.6
[    1.760358] thunder_xcv, ver 1.0
[    1.763615] thunder_bgx, ver 1.0
[    1.766862] nicpf, ver 1.0
[    1.770988] hclge is initializing
[    1.774323] hns3: Hisilicon Ethernet Network Driver for Hip08 Family - version
[    1.781545] hns3: Copyright (c) 2017 Huawei Corporation.
[    1.786881] e1000: Intel(R) PRO/1000 Network Driver
[    1.791759] e1000: Copyright (c) 1999-2006 Intel Corporation.
[    1.797526] e1000e: Intel(R) PRO/1000 Network Driver
[    1.802491] e1000e: Copyright(c) 1999 - 2015 Intel Corporation.
[    1.808435] igb: Intel(R) Gigabit Ethernet Network Driver
[    1.813834] igb: Copyright (c) 2007-2014 Intel Corporation.
[    1.819420] igbvf: Intel(R) Gigabit Virtual Function Network Driver
[    1.825687] igbvf: Copyright (c) 2009 - 2012 Intel Corporation.
[    1.832012] sky2: driver version 1.30
[    1.839441] ravb e6800000.ethernet eth0: Base address at 0xe6800000, 2e:09:0a:02:ec:37, IRQ 125.
[    1.849606] VFIO - User Level meta-driver version: 0.3
[    1.856767] ehci_hcd: USB 2.0 'Enhanced' Host Controller (EHCI) Driver
[    1.863310] ehci-pci: EHCI PCI platform driver
[    1.867774] ehci-platform: EHCI generic platform driver
[    1.873383] ehci-platform ee0a0100.usb: EHCI Host Controller
[    1.879063] ehci-platform ee0a0100.usb: new USB bus registered, assigned bus number 1
[    1.886987] ehci-platform ee0a0100.usb: irq 175, io mem 0xee0a0100
[    1.905818] ehci-platform ee0a0100.usb: USB 2.0 started, EHCI 1.10
[    1.912343] hub 1-0:1.0: USB hub found
[    1.916115] hub 1-0:1.0: 1 port detected
[    1.920511] ehci-platform ee0c0100.usb: EHCI Host Controller
[    1.926184] ehci-platform ee0c0100.usb: new USB bus registered, assigned bus number 2
[    1.934067] ehci-platform ee0c0100.usb: irq 176, io mem 0xee0c0100
[    1.953817] ehci-platform ee0c0100.usb: USB 2.0 started, EHCI 1.10
[    1.960339] hub 2-0:1.0: USB hub found
[    1.964113] hub 2-0:1.0: 1 port detected
[    1.993854] ehci-platform ee0e0100.usb: EHCI Host Controller
[    1.999542] ehci-platform ee0e0100.usb: new USB bus registered, assigned bus number 3
[    2.007442] ehci-platform ee0e0100.usb: irq 177, io mem 0xee0e0100
[    2.025816] ehci-platform ee0e0100.usb: USB 2.0 started, EHCI 1.10
[    2.032257] hub 3-0:1.0: USB hub found
[    2.036025] hub 3-0:1.0: 1 port detected
[    2.040397] ehci-orion: EHCI orion driver
[    2.044657] ehci-exynos: EHCI Exynos driver
[    2.048956] ohci_hcd: USB 1.1 'Open' Host Controller (OHCI) Driver
[    2.055155] ohci-pci: OHCI PCI platform driver
[    2.059637] ohci-platform: OHCI generic platform driver
[    2.065166] ohci-platform ee0a0000.usb: Generic Platform OHCI controller
[    2.071886] ohci-platform ee0a0000.usb: new USB bus registered, assigned bus number 4
[    2.079769] ohci-platform ee0a0000.usb: irq 175, io mem 0xee0a0000
[    2.165817] ata1: link resume succeeded after 1 retries
[    2.176150] hub 4-0:1.0: USB hub found
[    2.179921] hub 4-0:1.0: 1 port detected
[    2.184267] ohci-platform ee0c0000.usb: Generic Platform OHCI controller
[    2.190983] ohci-platform ee0c0000.usb: new USB bus registered, assigned bus number 5
[    2.198854] ohci-platform ee0c0000.usb: irq 176, io mem 0xee0c0000
[    2.277242] ata1: SATA link down (SStatus 0 SControl 300)
[    2.292069] hub 5-0:1.0: USB hub found
[    2.293829] usb 3-1: new high-speed USB device number 2 using ehci-platform
[    2.295837] hub 5-0:1.0: 1 port detected
[    2.307144] ohci-platform ee0e0000.usb: Generic Platform OHCI controller
[    2.313866] ohci-platform ee0e0000.usb: new USB bus registered, assigned bus number 6
[    2.321740] ohci-platform ee0e0000.usb: irq 177, io mem 0xee0e0000
[    2.416116] hub 6-0:1.0: USB hub found
[    2.419885] hub 6-0:1.0: 1 port detected
[    2.424243] ohci-exynos: OHCI Exynos driver
[    2.429098] xhci-hcd ee000000.usb: xHCI Host Controller
[    2.434335] xhci-hcd ee000000.usb: new USB bus registered, assigned bus number 7
[    2.457612] xhci-hcd ee000000.usb: hcc params 0x014051ce hci version 0x100 quirks 0x0000000000830410
[    2.463362] hub 3-1:1.0: USB hub found
[    2.466783] xhci-hcd ee000000.usb: irq 172, io mem 0xee000000
[    2.470649] hub 3-1:1.0: 4 ports detected
[    2.476371] xhci-hcd ee000000.usb: xHCI Host Controller
[    2.485511] xhci-hcd ee000000.usb: new USB bus registered, assigned bus number 8
[    2.492916] xhci-hcd ee000000.usb: Host supports USB 3.0 SuperSpeed
[    2.499470] hub 7-0:1.0: USB hub found
[    2.503240] hub 7-0:1.0: 1 port detected
[    2.507324] usb usb8: We don't know the algorithms for LPM for this host, disabling LPM.
[    2.515672] hub 8-0:1.0: USB hub found
[    2.519443] hub 8-0:1.0: 1 port detected
[    2.524256] usbcore: registered new interface driver usb-storage
[    2.531936] renesas_usbhs e6590000.usb: host probed
[    2.536824] renesas_usbhs e6590000.usb: no transceiver found
[    2.542548] renesas_usbhs e6590000.usb: gadget probed
[    2.547759] renesas_usbhs e6590000.usb: probed
[    2.552651] renesas_usbhs e659c000.usb: host probed
[    2.557543] renesas_usbhs e659c000.usb: no transceiver found
[    2.563255] renesas_usbhs e659c000.usb: gadget probed
[    2.568462] renesas_usbhs e659c000.usb: probed
[    2.575357] i2c /dev entries driver
[    2.589897] cs2000-cp 2-004f: revision - C1
[    2.594146] i2c-rcar e6510000.i2c: probed
[    2.598994] pca953x 4-0020: supply vcc not found, using dummy regulator
[    2.605693] pca953x 4-0020: using no AI
[    2.610345] gpio-355 (PCIE/SATA switch): hogged as output/low
[    2.622627] i2c-rcar e66d8000.i2c: probed
[    2.627950] adv748x 4-0070: Endpoint /soc/i2c@e66d8000/video-receiver@70/port@7/endpoint on port 7
[    2.636934] adv748x 4-0070: Endpoint /soc/i2c@e66d8000/video-receiver@70/port@8/endpoint on port 8
[    2.645906] adv748x 4-0070: Endpoint /soc/i2c@e66d8000/video-receiver@70/port@a/endpoint on port 10
[    2.654969] adv748x 4-0070: Endpoint /soc/i2c@e66d8000/video-receiver@70/port@b/endpoint on port 11
[    2.664379] adv748x 4-0070: chip found @ 0xe0 revision 2143
[    2.717914] rcar-csi2 fea80000.csi2: 1 lanes found
[    2.723061] rcar-csi2 feaa0000.csi2: 4 lanes found
[    2.732784] rcar-vin e6ef0000.video: Device registered as video0
[    2.738874] rcar-vin e6ef1000.video: Device registered as video1
[    2.744950] rcar-vin e6ef2000.video: Device registered as video2
[    2.751027] rcar-vin e6ef3000.video: Device registered as video3
[    2.757106] rcar-vin e6ef4000.video: Device registered as video4
[    2.763188] rcar-vin e6ef5000.video: Device registered as video5
[    2.769274] rcar-vin e6ef6000.video: Device registered as video6
[    2.775354] rcar-vin e6ef7000.video: Device registered as video7
[    2.784056] rcar_gen3_thermal e6198000.thermal: is using pseudo fixed FUSE values
[    2.796233] rcar_gen3_thermal e6198000.thermal: TSC0: Loaded 1 trip points
[    2.807475] rcar_gen3_thermal e6198000.thermal: TSC1: Loaded 1 trip points
[    2.818677] rcar_gen3_thermal e6198000.thermal: TSC2: Loaded 3 trip points
[    2.830664] sdhci: Secure Digital Host Controller Interface driver
[    2.836858] sdhci: Copyright(c) Pierre Ossman
[    2.842059] Synopsys Designware Multimedia Card Interface Driver
[    2.842363] renesas_sdhi_internal_dmac ee100000.mmc: Got CD GPIO
[    2.842528] renesas_sdhi_internal_dmac ee160000.mmc: Got CD GPIO
[    2.842547] renesas_sdhi_internal_dmac ee160000.mmc: Got WP GPIO
[    2.842581] renesas_sdhi_internal_dmac ee140000.mmc: Adding to iommu group 0
[    2.842624] renesas_sdhi_internal_dmac ee140000.mmc: Using IPMMU context 1
[    2.849413] sdhci-pltfm: SDHCI platform and OF driver helper
[    2.854130] renesas_sdhi_internal_dmac ee100000.mmc: Got WP GPIO
[    2.891737] usb 3-1.4: new high-speed USB device number 3 using ehci-platform
[    2.891938] renesas_sdhi_internal_dmac ee140000.mmc: mmc0 base at 0x00000000ee140000, max clock rate 200 MHz
[    2.909057] ledtrig-cpu: registered to indicate activity on CPUs
[    2.916058] SMCCC: SOC_ID: ARCH_SOC_ID not implemented, skipping ....
[    2.923152] usbcore: registered new interface driver usbhid
[    2.928730] usbhid: USB HID core driver
[    2.936370] optee: probing for conduit method.
[    2.940837] optee: revision 3.22 (314ecf9d)
[    2.941290] optee driver R-Car Rev.1.0.11
[    2.949721] optee: dynamic shared memory is enabled
[    2.954887] optee: initialized driver
[    2.969575] rcar_sound ec500000.sound: probed
[    2.974629] NET: Registered protocol family 17
[    2.979196] 9pnet: Installing 9P2000 support
[    2.983518] Key type dns_resolver registered
[    2.988040] registered taskstats version 1
[    2.989924] mmc0: new HS400 MMC card at address 0001
[    2.992150] Loading compiled-in X.509 certificates
[    2.998100] mmcblk0: mmc0:0001 BGSD3R 29.1 GiB 
[    3.006809] mmcblk0boot0: mmc0:0001 BGSD3R partition 1 16.0 MiB
[    3.011816] thermal emergency: set temperature to 110 celsius
[    3.013079] mmcblk0boot1: mmc0:0001 BGSD3R partition 2 16.0 MiB
[    3.018669] thermal emergency: shutdown target cpus 1-7
[    3.024594] mmcblk0rpmb: mmc0:0001 BGSD3R partition 3 4.00 MiB, chardev (509:0)
[    3.029643] thermal emergency: freq scaled target cpus 0
[    3.029997] renesas_irqc e61c0000.interrupt-controller: driving 6 irqs
[    3.039038]  mmcblk0: p1
[    3.081833] ehci-platform ee080100.usb: EHCI Host Controller
[    3.087528] ehci-platform ee080100.usb: new USB bus registered, assigned bus number 9
[    3.095431] ehci-platform ee080100.usb: irq 174, io mem 0xee080100
[    3.113819] ehci-platform ee080100.usb: USB 2.0 started, EHCI 1.10
[    3.115993] usb-storage 3-1.4:1.0: USB Mass Storage device detected
[    3.120387] hub 9-0:1.0: USB hub found
[    3.126936] scsi host1: usb-storage 3-1.4:1.0
[    3.130055] hub 9-0:1.0: 1 port detected
[    3.139540] ohci-platform ee080000.usb: Generic Platform OHCI controller
[    3.146264] ohci-platform ee080000.usb: new USB bus registered, assigned bus number 10
[    3.154235] ohci-platform ee080000.usb: irq 174, io mem 0xee080000
[    3.248375] hub 10-0:1.0: USB hub found
[    3.252235] hub 10-0:1.0: 1 port detected
[    3.257493] cpu cpu0: EM: created perf domain
[    3.262402] cpu cpu4: EM: created perf domain
[    3.272262] renesas_sdhi_internal_dmac ee100000.mmc: Got CD GPIO
[    3.272518] renesas_sdhi_internal_dmac ee160000.mmc: Got CD GPIO
[    3.274592] [drm] Initialized rcar-du 1.0.0 20130110 for feb00000.display on minor 0
[    3.274595] [drm] Device feb00000.display probed
[    3.278315] renesas_sdhi_internal_dmac ee100000.mmc: Got WP GPIO
[    3.284403] renesas_sdhi_internal_dmac ee160000.mmc: Got WP GPIO
[    3.339308] renesas_sdhi_internal_dmac ee100000.mmc: mmc1 base at 0x00000000ee100000, max clock rate 200 MHz
[    3.344603] Console: switching to colour frame buffer device 128x48
[    3.358467] renesas_sdhi_internal_dmac ee160000.mmc: mmc2 base at 0x00000000ee160000, max clock rate 200 MHz
[    3.390276] rcar-du feb00000.display: [drm] fb0: rcar-dudrmfb frame buffer device
[    3.402657] input: keys as /devices/platform/keys/input/input0
[    3.481459] Micrel KSZ9031 Gigabit PHY e6800000.ethernet-ffffffff:00: attached PHY driver [Micrel KSZ9031 Gigabit PHY] (mii_bus:phy_addr=e6800000.ethernet-ffffffff:00, irq=183)
[    4.159716] scsi 1:0:0:0: Direct-Access     SanDisk  Ultra            1.00 PQ: 0 ANSI: 6
[    4.169567] sd 1:0:0:0: [sda] 121307136 512-byte logical blocks: (62.1 GB/57.8 GiB)
[    4.178710] sd 1:0:0:0: [sda] Write Protect is off
[    4.184670] sd 1:0:0:0: [sda] Write cache: disabled, read cache: enabled, doesn't support DPO or FUA
[    4.208644]  sda: sda1
[    4.216086] sd 1:0:0:0: [sda] Attached SCSI removable disk
[   10.159144] ravb e6800000.ethernet eth0: Link is Up - 1Gbps/Full - flow control off
[   10.185849] IP-Config: Guessing netmask 255.255.255.0
[   10.191009] IP-Config: Complete:
[   10.194322]      device=eth0, hwaddr=2e:09:0a:02:ec:37, ipaddr=192.168.10.167, mask=255.255.255.0, gw=255.255.255.255
[   10.205133]      host=192.168.10.167, domain=, nis-domain=(none)
[   10.211270]      bootserver=255.255.255.255, rootserver=192.168.10.99, rootpath=
[   10.211902] ALSA device list:
[   10.230451]   No soundcards found.
[   11.283822] VFS: Mounted root (nfs4 filesystem) on device 0:22.
[   11.294997] devtmpfs: mounted
[   11.305594] Freeing unused kernel memory: 6144K
[   11.345947] Run /sbin/init as init process
[   11.505988] systemd[1]: System time before build time, advancing clock.
[   11.877847] random: crng init done
[   11.918259] NET: Registered protocol family 10
[   11.927125] Segment Routing with IPv6
[   11.956625] systemd[1]: systemd 244 running in system mode. (+PAM -AUDIT -SELINUX +IMA -APPARMOR -SMACK +SYSVINIT +UTMP -LIBCRYPTSETUP -GCRYPT -GNUTLS +ACL +XZ -LZ4 -SECCOMP +BLKID -ELFUTILS +KMOD -IDN2 -IDN -PCRE2 default-hierarchy=hybrid)
[   11.980850] systemd[1]: Detected architecture arm64.

Welcome to [1mPoky (Yocto Project Reference Distro) 3.1.11 (dunfell)[0m!

[   12.011549] systemd[1]: Set hostname to <salvator-x>.
[   12.780078] systemd[1]: system-getty.slice: unit configures an IP firewall, but the local system does not support BPF/cgroup firewalling.
[   12.801600] systemd[1]: (This warning is only shown for the first unit using IP firewalling.)
[   12.816753] systemd[1]: Created slice system-getty.slice.
[[0;32m  OK  [0m] Created slice [0;1;39msystem-getty.slice[0m.
[   12.843570] systemd[1]: Created slice system-serial\x2dgetty.slice.
[[0;32m  OK  [0m] Created slice [0;1;39msystem-serial\x2dgetty.slice[0m.
[   12.875630] systemd[1]: Created slice User and Session Slice.
[[0;32m  OK  [0m] Created slice [0;1;39mUser and Session Slice[0m.
[   12.902489] systemd[1]: Started Dispatch Password Requests to Console Directory Watch.
[[0;32m  OK  [0m] Started [0;1;39mDispatch Password â€¦ts to Console Directory Watch[0m.
[   12.934296] systemd[1]: Started Forward Password Requests to Wall Directory Watch.
[[0;32m  OK  [0m] Started [0;1;39mForward Password Râ€¦uests to Wall Directory Watch[0m.
[   12.966172] systemd[1]: Reached target Paths.
[[0;32m  OK  [0m] Reached target [0;1;39mPaths[0m.
[   12.990026] systemd[1]: Reached target Remote File Systems.
[[0;32m  OK  [0m] Reached target [0;1;39mRemote File Systems[0m.
[   13.014035] systemd[1]: Reached target Slices.
[[0;32m  OK  [0m] Reached target [0;1;39mSlices[0m.
[   13.038004] systemd[1]: Reached target Swap.
[[0;32m  OK  [0m] Reached target [0;1;39mSwap[0m.
[   13.064762] systemd[1]: Listening on RPCbind Server Activation Socket.
[[0;32m  OK  [0m] Listening on [0;1;39mRPCbind Server Activation Socket[0m.
[   13.094096] systemd[1]: Reached target RPC Port Mapper.
[[0;32m  OK  [0m] Reached target [0;1;39mRPC Port Mapper[0m.
[   13.118415] systemd[1]: Listening on initctl Compatibility Named Pipe.
[[0;32m  OK  [0m] Listening on [0;1;39minitctl Compatibility Named Pipe[0m.
[   13.148014] systemd[1]: Listening on Journal Audit Socket.
[[0;32m  OK  [0m] Listening on [0;1;39mJournal Audit Socket[0m.
[   13.175806] systemd[1]: Listening on Journal Socket (/dev/log).
[[0;32m  OK  [0m] Listening on [0;1;39mJournal Socket (/dev/log)[0m.
[   13.202755] systemd[1]: Listening on Journal Socket.
[[0;32m  OK  [0m] Listening on [0;1;39mJournal Socket[0m.
[   13.227896] systemd[1]: Listening on Network Service Netlink Socket.
[[0;32m  OK  [0m] Listening on [0;1;39mNetwork Service Netlink Socket[0m.
[   13.256226] systemd[1]: Listening on udev Control Socket.
[[0;32m  OK  [0m] Listening on [0;1;39mudev Control Socket[0m.
[   13.282627] systemd[1]: Listening on udev Kernel Socket.
[[0;32m  OK  [0m] Listening on [0;1;39mudev Kernel Socket[0m.
[   13.311884] systemd[1]: Mounting Huge Pages File System...
         Mounting [0;1;39mHuge Pages File System[0m...
[   13.339360] systemd[1]: Mounting POSIX Message Queue File System...
         Mounting [0;1;39mPOSIX Message Queue File System[0m...
[   13.371201] systemd[1]: Mounting Kernel Debug File System...
         Mounting [0;1;39mKernel Debug File System[0m...
[   13.401857] systemd[1]: Mounting Temporary Directory (/tmp)...
         Mounting [0;1;39mTemporary Directory (/tmp)[0m...
[   13.431947] systemd[1]: Starting Create list of static device nodes for the current kernel...
         Starting [0;1;39mCreate list of stâ€¦odes for the current kernel[0m...
[   13.467061] systemd[1]: Starting Start psplash boot splash screen...
         Starting [0;1;39mStart psplash boot splash screen[0m...
[   13.500700] systemd[1]: Starting RPC Bind...
         Starting [0;1;39mRPC Bind[0m...
[   13.530861] systemd[1]: Condition check resulted in File System Check on Root Device being skipped.
[   13.546770] systemd[1]: Starting Journal Service...
         Starting [0;1;39mJournal Service[0m...
[   13.573245] systemd[1]: Starting Load Kernel Modules...
         Starting [0;1;39mLoad Kernel Modules[0m...
[   13.598490] systemd[1]: Starting Remount Root and Kernel File Systems...
         Starting [0;1;39mRemount Root and Kernel File Systems[0m...
[   13.628926] systemd[1]: Starting udev Coldplug all Devices...
         Starting [0;1;39mudev Coldplug all Devices[0m...
[   13.657031] systemd[1]: Started Start psplash boot splash screen.
[[0;32m  OK  [0m] Started [0;1;39mStart psplash boot splash screen[0m.
[   13.682671] systemd[1]: Started RPC Bind.
[[0;32m  OK  [0m] Started [0;1;39mRPC Bind[0m.
[   13.702564] systemd[1]: Started Journal Service.
[[0;32m  OK  [0m] Started [0;1;39mJournal Service[0m.
[[0;32m  OK  [0m] Mounted [0;1;39mHuge Pages File System[0m.
[[0;32m  OK  [0m] Mounted [0;1;39mPOSIX Message Queue File System[0m.
[[0;32m  OK  [0m] Mounted [0;1;39mKernel Debug File System[0m.
[[0;32m  OK  [0m] Mounted [0;1;39mTemporary Directory (/tmp)[0m.
[[0;32m  OK  [0m] Started [0;1;39mCreate list of staâ€¦ nodes for the current kernel[0m.
[[0;32m  OK  [0m] Started [0;1;39mLoad Kernel Modules[0m.
[[0;32m  OK  [0m] Started [0;1;39mRemount Root and Kernel File Systems[0m.
         Mounting [0;1;39mKernel Configuration File System[0m...
[[0;32m  OK  [0m] Started [0;1;39mStart psplash-systâ€¦progress communication helper[0m.
         Starting [0;1;39mFlush Journal to Persistent Storage[0m...
         Starting [0;1;39mApply Kernel Variables[0m...
[   13.935248] systemd-journald[356]: Received client request to flush runtime journal.
         Starting [0;1;39mCreate Static Device Nodes in /dev[0m...
[[0;32m  OK  [0m] Mounted [0;1;39mKernel Configuration File System[0m.
[[0;32m  OK  [0m] Started [0;1;39mFlush Journal to Persistent Storage[0m.
[[0;32m  OK  [0m] Started [0;1;39mApply Kernel Variables[0m.
[[0;32m  OK  [0m] Started [0;1;39mCreate Static Device Nodes in /dev[0m.
[[0;32m  OK  [0m] Reached target [0;1;39mLocal File Systems (Pre)[0m.
         Mounting [0;1;39m/var/volatile[0m...
         Starting [0;1;39mudev Kernel Device Manager[0m...
[[0;32m  OK  [0m] Started [0;1;39mudev Coldplug all Devices[0m.
[[0;32m  OK  [0m] Mounted [0;1;39m/var/volatile[0m.
         Starting [0;1;39mLoad/Save Random Seed[0m...
[[0;32m  OK  [0m] Reached target [0;1;39mLocal File Systems[0m.
         Starting [0;1;39mCreate Volatile Files and Directories[0m...
[[0;32m  OK  [0m] Started [0;1;39mLoad/Save Random Seed[0m.
[[0;32m  OK  [0m] Started [0;1;39mudev Kernel Device Manager[0m.
         Starting [0;1;39mNetwork Service[0m...
[[0;32m  OK  [0m] Started [0;1;39mCreate Volatile Files and Directories[0m.
         Starting [0;1;39mNetwork Time Synchronization[0m...
         Starting [0;1;39mUpdate UTMP about System Boot/Shutdown[0m...
[[0;32m  OK  [0m] Started [0;1;39mNetwork Service[0m.
         Starting [0;1;39mNetwork Name Resolution[0m...
[[0;32m  OK  [0m] Started [0;1;39mUpdate UTMP about System Boot/Shutdown[0m.
[[0;32m  OK  [0m] Started [0;1;39mNetwork Time Synchronizatio[   14.473446] pwm-backlight: probe of backlight failed with error -16
n[0m.
[[0;32m  OK  [0m] Reached target [0;1;39mSystem Initialization[0m.
[   14.538625] at24 7-0050: supply vcc not found, using dummy regulator
[[0;32m  OK  [0m] Started [0;1;39mDaily Cleanup of Temporary Directories[0m.
[   14.552171] at24 7-0050: 128 byte br24t01 EEPROM, writable, 8 bytes/write
[[0;32m  OK  [0m] Reached target [0;1;39mSystem Time Set[0m.
[[0;32m  OK  [0m] Reached target [0;1;39mSystem Time Synchronized[0m.
[[0;32m  OK  [0m] Reached target [0;1;39mTimers[0m.
[[0;32m  OK  [0m] Reached target [0;1;39mHardware activated USB gadget[0m.
[[0;32m  OK  [0m] Listening on [0;1;39mAvahi mDNS/DNS-SD Stack Activation Socket[0m.
[[0;32m  OK  [0m] Listening on [0;1;39mD-Bus System Message Bus Socket[0m.
[[0;32m  OK  [0m] Listening on [0;1;39mdropbear.socke[   14.674947] renesas_usb3 ee020000.usb: probed with phy
t[0m.
[   14.688939] ccree e6601000.crypto: ARM CryptoCell 630P Driver: HW version 0xAF400001/0xDCC63000, Driver version 5.0
[[0;32m  OK  [0m] Reached target [0;1;39mSockets[0m.
[[0;32m  OK  [0m] Reached target [0;1;39mBasic System[0m.
[   14.739930] ccree e6601000.crypto: ARM ccree device initialized
[[0;32m  OK  [0m] Started [0;1;39mD-Bus System Message Bus[0m.
[[0;32m  OK  [0m] Started [0;1;39moptee services[0m.
         Starting [0;1;39mpvrinit.service[0m...
         Starting [0;1;39mPowerVR consumer services[0m...
         Starting [0;1;39mLogin Service[0m...
[[0;32m  OK  [0m] Started [0;1;39mNetwork Name Resolution[0m.
[[0;1;31mFAILED[0m] Failed to start [0;1;39mpvrinit.service[0m.
See 'systemctl status pvrinit.service' for details.
[[0;1;31mFAILED[0m] Failed to start [0;1;39mPowerVR consumer services[0m.
See 'systemctl status rc.pvr.service' for details.
[[0;1;38;5;185mDEPEND[0m] Dependency failed for [0;1;39mWeston Wayland Compositor[0m.
[[0;32m  OK  [0m] Started [0;1;39mLogin Service[0m.
[[0;32m  OK  [0m] Created slice [0;1;39msystem-weston.slice[0m.
[[0;32m  OK  [0m] Reached target [0;1;39mNetwork[0m.
[[0;32m  OK  [0m] Reached target [0;1;39mHost and Network Name Lookups[0m.
         Starting [0;1;39mAvahi mDNS/DNS-SD Stack[0m...
         Starting [0;1;39mset_default_governor.service[0m...
         Starting [0;1;39mPermit User Sessions[0m...
[[0;32m  OK  [0m] Started [0;1;39mXinetd A Powerful Replacement For Inetd[0m.
[   15.238374] rd 0-7: Disabling EAS, schedutil is mandatory
[[0;32m  OK  [0m] Started [0;1;39mPermit User Sessions[0m.
[[0;32m  OK  [0m] Started [0;1;39mset_default_governor.service[0m.
[[0;32m  OK  [0m] Started [0;1;39mAvahi mDNS/DNS-SD Stack[0m.
[[0;32m  OK  [0m] Started [0;1;39mGetty on tty1[0m.
[[0;32m  OK  [0m] Started [0;1;39mSerial Getty on ttySC0[0m.
[[0;32m  OK  [0m] Reached target [0;1;39mLogin Prompts[0m.
[[0;32m  OK  [0m] Reached target [0;1;39mMulti-User System[0m.
         Starting [0;1;39mUpdate UTMP about System Runlevel Changes[0m...
[[0;32m  OK  [0m] Started [0;1;39mUpdate UTMP about System Runlevel Changes[0m.

Poky (Yocto Project Reference Distro) 3.1.11 salvator-x ttySC0

salvator-x login: 
salvator-x login: root
[   17.255036] audit: type=1006 audit(1703064537.744:2): pid=529 uid=0 old-auid=4294967295 auid=0 tty=(none) old-ses=4294967295 ses=1 res=1
7[r[999;999H[6n8root@salvator-x:~# 
root@salvator-x:~# 
root@salvator-x:~# 
root@salvator-x:~# 
root@salvator-x:~# 
root@salvator-x:~# 
root@salvator-x:~# 
root@salvator-x:~# 
root@salvator-x:~# 
----------Prepare----------


root@salvator-x:~# find /sys/devices/platform/soc/ee0e0100.usb/ -name 'sd*'
/sys/devices/platform/soc/ee0e0100.usb/usb3/3-1/3-1.4/3-1.4:1.0/host1/target1:0:0/1:0:0:0/block/sda
/sys/devices/platform/soc/ee0e0100.usb/usb3/3-1/3-1.4/3-1.4:1.0/host1/target1:0:0/1:0:0:0/block/sda/sda1
root@salvator-x:~# 
root@salvator-x:~# dd if=/dev/urandom of=testdata bs=10M count=5
5+0 records in
5+0 records out
52428800 bytes (52 MB, 50 MiB) copied, 1.39508 s, 37.6 MB/s
root@salvator-x:~# 
root@salvator-x:~# mkdir -p /mnt/usb
root@salvator-x:~# 
root@salvator-x:~# mount /dev/sda1 /mnt/usb
[   29.398480] EXT4-fs (sda1): mounted filesystem with ordered data mode. Opts: (null)
root@salvator-x:~# 
root@salvator-x:~# cp testdata /mnt/usb/
root@salvator-x:~# 
root@salvator-x:~# umount /mnt/usb
root@salvator-x:~# 
root@salvator-x:~# find /sys/devices/platform/soc/ee0e0100.usb/ -name 'sd*'
/sys/devices/platform/soc/ee0e0100.usb/usb3/3-1/3-1.4/3-1.4:1.0/host1/target1:0:0/1:0:0:0/block/sda
/sys/devices/platform/soc/ee0e0100.usb/usb3/3-1/3-1.4/3-1.4:1.0/host1/target1:0:0/1:0:0:0/block/sda/sda1
root@salvator-x:~# 
root@salvator-x:~# i2cset -f -y 7 0x30 0x20 0x0f
root@salvator-x:~# 

Switch SW23 off and input 'yes' to continue:
[   41.949946] SDHI0 VccQ: disabling
[   41.953338] SDHI3 VccQ: disabling
Input 'yes' to continue: 

root@salvator-x:~# echo N > /sys/module/printk/parameters/console_suspend
root@salvator-x:~# 
root@salvator-x:~# mount /dev/sda1 /mnt/usb
[   58.880913] EXT4-fs (sda1): mounted filesystem with ordered data mode. Opts: (null)
root@salvator-x:~# 
root@salvator-x:~# cp testdata /mnt/usb/testdata_from_nfs &
[1] 554
root@salvator-x:~# 
root@salvator-x:~# echo mem > /sys/power/state
[   60.282299] PM: suspend entry (deep)
[   62.706603] Filesystems sync: 2.420 seconds
[   62.713138] Freezing user space processes ... (elapsed 0.002 seconds) done.
[   62.715201] OOM killer disabled.
[   62.715204] Freezing remaining freezable tasks ... (elapsed 0.001 seconds) done.
[   63.180007] ravb e6800000.ethernet eth0: Link is Down
[   63.195190] Disabling non-boot CPUs ...
[   63.199633] CPU1: shutdown
[   63.202358] psci: CPU1 killed (polled 0 ms)
[   63.208320] CPU2: shutdown
[   63.211048] psci: CPU2 killed (polled 0 ms)
[   63.216844] CPU3: shutdown
[   63.219569] psci: CPU3 killed (polled 0 ms)
[   63.225327] CPU4: shutdown
[   63.228067] psci: CPU4 killed (polled 0 ms)
[   63.233737] CPU5: shutdown
[   63.236464] psci: CPU5 killed (polled 0 ms)
[   63.241977] CPU6: shutdown
[   63.244686] psci: CPU6 killed (polled 0 ms)
[   63.250457] CPU7: shutdown
[   63.253168] psci: CPU7 killed (polled 0 ms)
 
 Switch power switch: 

NOTICE:  BL2: R-Car Gen3 Initial Program Loader(CA57) Rev.4.0.0
NOTICE:  BL2: PRR is R-Car H3 Ver.3.0
NOTICE:  BL2: Board is Salvator-XS Rev.1.0
NOTICE:  BL2: Boot device is HyperFlash(160MHz)
NOTICE:  BL2: LCM state is CM
NOTICE:  AVS setting succeeded. DVFS_SetVID=0x53
NOTICE:  BL2: DDR3200(rev.0.42)
NOTICE:  BL2: [WARM_BOOT]
NOTICE:  BL2: DRAM Split is 4ch(DDR f)
NOTICE:  BL2: QoS is default setting(rev.0.11)
NOTICE:  BL2: DRAM refresh interval 1.95 usec
NOTICE:  BL2: Periodic Write DQ Training
NOTICE:  BL2: CH0: 400000000 - 47fffffff, 2 GiB
NOTICE:  BL2: CH1: 500000000 - 57fffffff, 2 GiB
NOTICE:  BL2: CH2: 600000000 - 67fffffff, 2 GiB
NOTICE:  BL2: CH3: 700000000 - 77fffffff, 2 GiB
NOTICE:  BL2: Lossy Decomp areas
NOTICE:       Entry 0: DCMPAREACRAx:0x80000540 DCMPAREACRBx:0x570
NOTICE:       Entry 1: DCMPAREACRAx:0x40000000 DCMPAREACRBx:0x0
NOTICE:       Entry 2: DCMPAREACRAx:0x20000000 DCMPAREACRBx:0x0
NOTICE:  BL2: FDT at 0xe6327f70
NOTICE:  BL2: v2.9(release):9cdb21f75
NOTICE:  BL2: Built : 05:25:39, Dec 19 2023
NOTICE:  BL2: Normal boot
[   63.258530] Enabling non-boot CPUs ...
[   63.262570] Detected PIPT I-cache on CPU1
[   63.262624] CPU1: Booted secondary processor 0x0000000001 [0x411fd073]
[   63.263096] CPU1 is up
[   63.276149] Detected PIPT I-cache on CPU2
[   63.276171] CPU2: Booted secondary processor 0x0000000002 [0x411fd073]
[   63.276446] CPU2 is up
[   63.289465] Detected PIPT I-cache on CPU3
[   63.289488] CPU3: Booted secondary processor 0x0000000003 [0x411fd073]
[   63.289765] CPU3 is up
[   63.302837] Detected VIPT I-cache on CPU4
[   63.302890] CPU4: Booted secondary processor 0x0000000100 [0x410fd034]
[   63.303807] CPU4 is up
[   63.316818] Detected VIPT I-cache on CPU5
[   63.316851] CPU5: Booted secondary processor 0x0000000101 [0x410fd034]
[   63.317427] CPU5 is up
[   63.330436] Detected VIPT I-cache on CPU6
[   63.330469] CPU6: Booted secondary processor 0x0000000102 [0x410fd034]
[   63.331087] CPU6 is up
[   63.344096] Detected VIPT I-cache on CPU7
[   63.344129] CPU7: Booted secondary processor 0x0000000103 [0x410fd034]
[   63.344749] CPU7 is up
[   63.416365] xhci-hcd ee000000.usb: xHC error in resume, USBSTS 0x401, Reinit
[   63.423431] usb usb7: root hub lost power or was reset
[   63.428556] usb usb8: root hub lost power or was reset
[   63.536703] Micrel KSZ9031 Gigabit PHY e6800000.ethernet-ffffffff:00: attached PHY driver [Micrel KSZ9031 Gigabit PHY] (mii_bus:phy_addr=e6800000.ethernet-ffffffff:00, irq=183)
[   63.651944] usb usb4: root hub lost power or was reset
[   63.657226] usb usb1: root hub lost power or was reset
[   63.743909] usb usb5: root hub lost power or was reset
[   63.749156] usb usb2: root hub lost power or was reset
[   63.835879] usb usb6: root hub lost power or was reset
[   63.841173] usb usb3: root hub lost power or was reset
[   63.959881] usb usb10: root hub lost power or was reset
[   63.965227] usb usb9: root hub lost power or was reset
[   63.977870] ata1: link resume succeeded after 1 retries
[   64.089389] ata1: SATA link down (SStatus 0 SControl 300)
[   64.165869] usb 3-1: reset high-speed USB device number 2 using ehci-platform
[   64.745790] usb 3-1.4: reset high-speed USB device number 3 using ehci-platform
[   64.966078] OOM killer enabled.
[   64.971579] Restarting tasks ... done.
[1]+  Done                    cp testdata /mnt/usb/testdata_from_nfs
[   64.977855] PM: suspend exit
root@salvator-x:~# [   72.034063] ravb e6800000.ethernet eth0: Link is Up - 1Gbps/Full - flow control off

root@salvator-x:~# echo "Wake up sucessfully"
Wake up sucessfully
root@salvator-x:~# 
root@salvator-x:~# wait
root@salvator-x:~# 
root@salvator-x:~# sync
root@salvator-x:~# 
root@salvator-x:~# cmp testdata /mnt/usb/testdata_from_nfs
root@salvator-x:~# 
root@salvator-x:~# umount /mnt/usb
root@salvator-x:~# 
 
#### Result: OK ####
