

----------Item 9----------


Please press switch to restart board 

[F 00:00:120
[F 00:00:119
[F 00:00:118
[F 00:00:117
NOTICE:  BL2: R-Car Gen3 Initial Program Loader(CA57) Rev.4.0.0
NOTICE:  BL2: PRR is R-Car H3 Ver.3.0
NOTICE:  BL2: Board is Salvator-XS Rev.1.0
NOTICE:  BL2: Boot device is HyperFlash(160MHz)
NOTICE:  BL2: LCM state is CM
NOTICE:  AVS setting succeeded. DVFS_SetVID=0x53
NOTICE:  BL2: DDR3200(rev.0.42)
NOTICE:  BL2: [COLD_BOOT]
NOTICE:  BL2: DRAM Split is 4ch(DDR f)
NOTICE:  BL2: QoS is default setting(rev.0.11)
NOTICE:  BL2: DRAM refresh interval 1.95 usec
NOTICE:  BL2: Periodic Write DQ Training
NOTICE:  BL2: CH0: 400000000 - 47fffffff, 2 GiB
NOTICE:  BL2: CH1: 500000000 - 57fffffff, 2 GiB
NOTICE:  BL2: CH2: 600000000 - 67fffffff, 2 GiB
NOTICE:  BL2: CH3: 700000000 - 77fffffff, 2 GiB
NOTICE:  BL2: Lossy Decomp areas
NOTICE:       Entry 0: DCMPAREACRAx:0x80000540 DCMPAREACRBx:0x570
NOTICE:       Entry 1: DCMPAREACRAx:0x40000000 DCMPAREACRBx:0x0
NOTICE:       Entry 2: DCMPAREACRAx:0x20000000 DCMPAREACRBx:0x0
NOTICE:  BL2: FDT at 0xe6327f70
NOTICE:  BL2: v2.9(release):9cdb21f75
NOTICE:  BL2: Built : 05:25:39, Dec 19 2023
NOTICE:  BL2: Normal boot
NOTICE:  BL2: dst=0xe6327800 src=0x8180000 len=512(0x200)
NOTICE:  BL2: dst=0x43f00000 src=0x8180400 len=6144(0x1800)
NOTICE:  rcar_file_len: len: 0x0003e000
NOTICE:  BL2: dst=0x44000000 src=0x81c0000 len=253952(0x3e000)
NOTICE:  rcar_file_len: len: 0x00200000
NOTICE:  BL2: dst=0x44100000 src=0x8200000 len=2097152(0x200000)
NOTICE:  rcar_file_len: len: 0x00100000
NOTICE:  BL2: dst=0x50000000 src=0x8640000 len=1048576(0x100000)
NOTICE:  BL2: Booting BL31


U-Boot 2020.10 (Dec 19 2023 - 14:30:40 +0000)

CPU: Renesas Electronics R8A7795 rev 3.0
Model: Renesas Salvator-X 2nd version board based on r8a77951
DRAM:  7.9 GiB
RAM Configuration:
Bank #0: 0x048000000 - 0x0bfffffff, 1.9 GiB
Bank #1: 0x500000000 - 0x57fffffff, 2 GiB
Bank #2: 0x600000000 - 0x67fffffff, 2 GiB
Bank #3: 0x700000000 - 0x77fffffff, 2 GiB

MMC:   sd@ee100000: 0, sd@ee140000: 1, sd@ee160000: 2
Loading Environment from MMC... OK
In:    serial@e6e88000
Out:   serial@e6e88000
Err:   serial@e6e88000
Net:   eth0: ethernet@e6800000
Hit any key to stop autoboot:  2  1  0 
ethernet@e6800000 Waiting for PHY auto negotiation to complete.......... done
Using ethernet@e6800000 device
TFTP from server 192.168.10.99; our IP address is 192.168.10.167
Filename 'traivo/H3/rootfs/boot_USB2H/Image'.
Load address: 0x48080000
Loading: *#################################################################
	 #################################################################
	 #################################################################
	 #################################################################
	 #################################################################
	 #################################################################
	 #################################################################
	 #################################################################
	 #################################################################
	 #################################################################
	 #################################################################
	 #################################################################
	 #################################################################
	 #################################################################
	 #################################################################
	 #################################################################
	 #################################################################
	 #################################################################
	 #################################################################
	 #################################################################
	 #################################################################
	 #################################################################
	 #################################################################
	 #################################################################
	 #################################################################
	 #################################################################
	 #################################################################
	 #################################################################
	 #################################################################
	 #################################################################
	 #################################################################
	 #################################################################
	 #################################################################
	 #################################################################
	 ################################################################
	 4.5 MiB/s
done
Bytes transferred = 33376768 (1fd4a00 hex)
Using ethernet@e6800000 device
TFTP from server 192.168.10.99; our IP address is 192.168.10.167
Filename 'traivo/H3/rootfs/boot_USB2H/r8a77951-salvator-xs.dtb'.
Load address: 0x48000000
Loading: *#######
	 7.2 MiB/s
done
Bytes transferred = 90876 (162fc hex)
Moving Image from 0x48080000 to 0x48200000, end=4a260000
## Flattened Device Tree blob at 48000000
   Booting using the fdt blob at 0x48000000
   Loading Device Tree to 0000000053fe6000, end 0000000053fff2fb ... OK

Starting kernel ...

[    0.000000] Booting Linux on physical CPU 0x0000000000 [0x411fd073]
[    0.000000] Linux version 5.10.194-yocto-standard (thuan.nguyen-hong@banvien) (aarch64-poky-linux-gcc (GCC) 9.3.0, GNU ld (GNU Binutils) 2.34.0.20200220) #10 SMP PREEMPT Mon Feb 19 03:51:05 UTC 2024
[    0.000000] Machine model: Renesas Salvator-X 2nd version board based on r8a77951
[    0.000000] efi: UEFI not found.
[    0.000000] Reserved memory: created CMA memory pool at 0x0000000057000000, size 16 MiB
[    0.000000] OF: reserved mem: initialized node linux,adsp@57000000, compatible id shared-dma-pool
[    0.000000] Reserved memory: created CMA memory pool at 0x0000000058000000, size 384 MiB
[    0.000000] OF: reserved mem: initialized node linux,cma@58000000, compatible id shared-dma-pool
[    0.000000] Reserved memory: created CMA memory pool at 0x0000000070000000, size 256 MiB
[    0.000000] OF: reserved mem: initialized node linux,multimedia@70000000, compatible id shared-dma-pool
[    0.000000] NUMA: No NUMA configuration found
[    0.000000] NUMA: Faking a node at [mem 0x0000000048000000-0x000000077fffffff]
[    0.000000] NUMA: NODE_DATA [mem 0x77efdab00-0x77efdcfff]
[    0.000000] Zone ranges:
[    0.000000]   DMA      [mem 0x0000000048000000-0x000000007fffffff]
[    0.000000]   DMA32    [mem 0x0000000080000000-0x00000000ffffffff]
[    0.000000]   Normal   [mem 0x0000000100000000-0x000000077fffffff]
[    0.000000] Movable zone start for each node
[    0.000000] Early memory node ranges
[    0.000000]   node   0: [mem 0x0000000048000000-0x0000000053ffffff]
[    0.000000]   node   0: [mem 0x0000000054000000-0x0000000056ffffff]
[    0.000000]   node   0: [mem 0x0000000057000000-0x00000000bfffffff]
[    0.000000]   node   0: [mem 0x0000000500000000-0x000000057fffffff]
[    0.000000]   node   0: [mem 0x0000000600000000-0x000000067fffffff]
[    0.000000]   node   0: [mem 0x0000000700000000-0x000000077fffffff]
[    0.000000] Initmem setup node 0 [mem 0x0000000048000000-0x000000077fffffff]
[    0.000000] psci: probing for conduit method from DT.
[    0.000000] psci: PSCIv1.1 detected in firmware.
[    0.000000] psci: Using standard PSCI v0.2 function IDs
[    0.000000] psci: Trusted OS resident on physical CPU 0x0
[    0.000000] psci: SMC Calling Convention v1.2
[    0.000000] percpu: Embedded 23 pages/cpu s56984 r8192 d29032 u94208
[    0.000000] Detected PIPT I-cache on CPU0
[    0.000000] CPU features: detected: EL2 vector hardening
[    0.000000] CPU features: detected: Spectre-v2
[    0.000000] CPU features: detected: ARM errata 1165522, 1319367, or 1530923
[    0.000000] CPU features: detected: Spectre-BHB
[    0.000000] CPU features: detected: ARM erratum 1742098
[    0.000000] Built 1 zonelists, mobility grouping on.  Total pages: 2032128
[    0.000000] Policy zone: Normal
[    0.000000] Kernel command line: rw root=/dev/nfs nfsroot=192.168.10.99:/data/tftpboot/traivo/H3/rootfs,nfsvers=4, ip=192.168.10.167
[    0.000000] Dentry cache hash table entries: 1048576 (order: 11, 8388608 bytes, linear)
[    0.000000] Inode-cache hash table entries: 524288 (order: 10, 4194304 bytes, linear)
[    0.000000] mem auto-init: stack:off, heap alloc:off, heap free:off
[    0.000000] software IO TLB: mapped [mem 0x000000004ffe6000-0x0000000053fe6000] (64MB)
[    0.000000] Memory: 7276840K/8257536K available (15232K kernel code, 2834K rwdata, 8240K rodata, 6144K init, 517K bss, 308952K reserved, 671744K cma-reserved)
[    0.000000] SLUB: HWalign=64, Order=0-3, MinObjects=0, CPUs=8, Nodes=1
[    0.000000] rcu: Preemptible hierarchical RCU implementation.
[    0.000000] rcu: 	RCU event tracing is enabled.
[    0.000000] rcu: 	RCU restricting CPUs from NR_CPUS=256 to nr_cpu_ids=8.
[    0.000000] 	Trampoline variant of Tasks RCU enabled.
[    0.000000] rcu: RCU calculated value of scheduler-enlistment delay is 25 jiffies.
[    0.000000] rcu: Adjusting geometry for rcu_fanout_leaf=16, nr_cpu_ids=8
[    0.000000] NR_IRQS: 64, nr_irqs: 64, preallocated irqs: 0
[    0.000000] arch_timer: cp15 timer(s) running at 8.32MHz (virt).
[    0.000000] clocksource: arch_sys_counter: mask: 0xffffffffffffff max_cycles: 0x1eb398c07, max_idle_ns: 440795202503 ns
[    0.000003] sched_clock: 56 bits at 8MHz, resolution 120ns, wraps every 2199023255503ns
[    0.000205] Console: colour dummy device 80x25
[    0.000415] printk: console [tty0] enabled
[    0.000489] Calibrating delay loop (skipped), value calculated using timer frequency.. 16.64 BogoMIPS (lpj=33280)
[    0.000505] pid_max: default: 32768 minimum: 301
[    0.000563] LSM: Security Framework initializing
[    0.000648] Mount-cache hash table entries: 16384 (order: 5, 131072 bytes, linear)
[    0.000699] Mountpoint-cache hash table entries: 16384 (order: 5, 131072 bytes, linear)
[    0.002144] rcu: Hierarchical SRCU implementation.
[    0.003728] Detected Renesas R-Car Gen3 r8a7795 ES3.0
[    0.005868] EFI services will not be available.
[    0.006205] smp: Bringing up secondary CPUs ...
[    0.006658] Detected PIPT I-cache on CPU1
[    0.006705] CPU1: Booted secondary processor 0x0000000001 [0x411fd073]
[    0.007193] Detected PIPT I-cache on CPU2
[    0.007216] CPU2: Booted secondary processor 0x0000000002 [0x411fd073]
[    0.007640] Detected PIPT I-cache on CPU3
[    0.007663] CPU3: Booted secondary processor 0x0000000003 [0x411fd073]
[    0.008129] CPU features: detected: ARM erratum 845719
[    0.008141] Detected VIPT I-cache on CPU4
[    0.008189] CPU4: Booted secondary processor 0x0000000100 [0x410fd034]
[    0.008670] Detected VIPT I-cache on CPU5
[    0.008698] CPU5: Booted secondary processor 0x0000000101 [0x410fd034]
[    0.009130] Detected VIPT I-cache on CPU6
[    0.009157] CPU6: Booted secondary processor 0x0000000102 [0x410fd034]
[    0.009601] Detected VIPT I-cache on CPU7
[    0.009629] CPU7: Booted secondary processor 0x0000000103 [0x410fd034]
[    0.009707] smp: Brought up 1 node, 8 CPUs
[    0.009768] SMP: Total of 8 processors activated.
[    0.009777] CPU features: detected: 32-bit EL0 Support
[    0.009784] CPU features: detected: CRC32 instructions
[    0.009791] CPU features: detected: 32-bit EL1 Support
[    0.022990] CPU: All CPU(s) started at EL1
[    0.023045] alternatives: patching kernel code
[    0.024210] devtmpfs: initialized
[    0.031019] KASLR disabled due to lack of seed
[    0.031171] clocksource: jiffies: mask: 0xffffffff max_cycles: 0xffffffff, max_idle_ns: 7645041785100000 ns
[    0.031192] futex hash table entries: 2048 (order: 5, 131072 bytes, linear)
[    0.039845] pinctrl core: initialized pinctrl subsystem
[    0.041300] DMI not present or invalid.
[    0.041798] NET: Registered protocol family 16
[    0.042736] DMA: preallocated 1024 KiB GFP_KERNEL pool for atomic allocations
[    0.042932] DMA: preallocated 1024 KiB GFP_KERNEL|GFP_DMA pool for atomic allocations
[    0.043221] DMA: preallocated 1024 KiB GFP_KERNEL|GFP_DMA32 pool for atomic allocations
[    0.043257] audit: initializing netlink subsys (disabled)
[    0.043437] audit: type=2000 audit(0.040:1): state=initialized audit_enabled=0 res=1
[    0.044613] thermal_sys: Registered thermal governor 'power_allocator'
[    0.045124] cpuidle: using governor menu
[    0.045295] hw-breakpoint: found 6 breakpoint and 4 watchpoint registers.
[    0.045417] ASID allocator initialised with 65536 entries
[    0.046716] Serial: AMBA PL011 UART driver
[    0.089518] sh-pfc e6060000.pinctrl: r8a77951_pfc support registered
[    0.104271] HugeTLB registered 1.00 GiB page size, pre-allocated 0 pages
[    0.104284] HugeTLB registered 32.0 MiB page size, pre-allocated 0 pages
[    0.104291] HugeTLB registered 2.00 MiB page size, pre-allocated 0 pages
[    0.104299] HugeTLB registered 64.0 KiB page size, pre-allocated 0 pages
[    0.105265] cryptd: max_cpu_qlen set to 1000
[    0.107530] ACPI: Interpreter disabled.
[    0.111334] rcar-avs: use avs value: 0
[    0.111350] rcar-avs: cpu@0 is running with: opp_table0
[    0.111371] rcar-avs: cpu@1 is running with: opp_table0
[    0.111382] rcar-avs: cpu@2 is running with: opp_table0
[    0.111391] rcar-avs: cpu@3 is running with: opp_table0
[    0.111480] rcar-avs: gsx@fd000000 is running with: gsx_opp_table0
[    0.112895] iommu: Default domain type: Translated 
[    0.113472] ipmmu-vmsa e67b0000.iommu: IPMMU context 0 is reserved
[    0.114467] vgaarb: loaded
[    0.114659] SCSI subsystem initialized
[    0.114914] usbcore: registered new interface driver usbfs
[    0.114945] usbcore: registered new interface driver hub
[    0.114971] usbcore: registered new device driver usb
[    0.118508] i2c-sh_mobile e60b0000.i2c: I2C adapter 7, bus speed 400000 Hz
[    0.119046] mc: Linux media interface: v0.10
[    0.119068] videodev: Linux video capture interface: v2.00
[    0.119116] pps_core: LinuxPPS API ver. 1 registered
[    0.119123] pps_core: Software ver. 5.3.6 - Copyright 2005-2007 Rodolfo Giometti <giometti@linux.it>
[    0.119137] PTP clock support registered
[    0.119308] EDAC MC: Ver: 3.0.0
[    0.121330] FPGA manager framework
[    0.121391] Advanced Linux Sound Architecture Driver Initialized.
[    0.121972] clocksource: Switched to clocksource arch_sys_counter
[    0.122110] VFS: Disk quotas dquot_6.6.0
[    0.122153] VFS: Dquot-cache hash table entries: 512 (order 0, 4096 bytes)
[    0.122281] pnp: PnP ACPI: disabled
[    0.125722] NET: Registered protocol family 2
[    0.126149] IP idents hash table entries: 131072 (order: 8, 1048576 bytes, linear)
[    0.128407] tcp_listen_portaddr_hash hash table entries: 4096 (order: 4, 65536 bytes, linear)
[    0.128482] TCP established hash table entries: 65536 (order: 7, 524288 bytes, linear)
[    0.128768] TCP bind hash table entries: 65536 (order: 8, 1048576 bytes, linear)
[    0.129356] TCP: Hash tables configured (established 65536 bind 65536)
[    0.129477] UDP hash table entries: 4096 (order: 5, 131072 bytes, linear)
[    0.129590] UDP-Lite hash table entries: 4096 (order: 5, 131072 bytes, linear)
[    0.129807] NET: Registered protocol family 1
[    0.130217] RPC: Registered named UNIX socket transport module.
[    0.130229] RPC: Registered udp transport module.
[    0.130236] RPC: Registered tcp transport module.
[    0.130242] RPC: Registered tcp NFSv4.1 backchannel transport module.
[    0.130256] PCI: CLS 0 bytes, default 64
[    0.131219] hw perfevents: enabled with armv8_cortex_a53 PMU driver, 7 counters available
[    0.131492] hw perfevents: enabled with armv8_cortex_a57 PMU driver, 7 counters available
[    0.132077] kvm [1]: HYP mode not available
[    0.134992] Initialise system trusted keyrings
[    0.135121] workingset: timestamp_bits=42 max_order=21 bucket_order=0
[    0.138231] squashfs: version 4.0 (2009/01/31) Phillip Lougher
[    0.138631] NFS: Registering the id_resolver key type
[    0.138673] Key type id_resolver registered
[    0.138679] Key type id_legacy registered
[    0.138733] nfs4filelayout_init: NFSv4 File Layout Driver Registering...
[    0.138743] nfs4flexfilelayout_init: NFSv4 Flexfile Layout Driver Registering...
[    0.138843] 9p: Installing v9fs 9p2000 file system support
[    0.165200] Key type asymmetric registered
[    0.165211] Asymmetric key parser 'x509' registered
[    0.165240] Block layer SCSI generic (bsg) driver version 0.4 loaded (major 243)
[    0.165251] io scheduler mq-deadline registered
[    0.165260] io scheduler kyber registered
[    0.181290] gpio_rcar e6050000.gpio: driving 16 GPIOs
[    0.181591] gpio_rcar e6051000.gpio: driving 29 GPIOs
[    0.181853] gpio_rcar e6052000.gpio: driving 15 GPIOs
[    0.182213] gpio_rcar e6053000.gpio: driving 16 GPIOs
[    0.182483] gpio_rcar e6054000.gpio: driving 18 GPIOs
[    0.182755] gpio_rcar e6055000.gpio: driving 26 GPIOs
[    0.183107] gpio_rcar e6055400.gpio: driving 32 GPIOs
[    0.183386] gpio_rcar e6055800.gpio: driving 4 GPIOs
[    0.186486] rcar-pcie fe000000.pcie: host bridge /soc/pcie@fe000000 ranges:
[    0.186516] rcar-pcie fe000000.pcie:       IO 0x00fe100000..0x00fe1fffff -> 0x0000000000
[    0.186538] rcar-pcie fe000000.pcie:      MEM 0x00fe200000..0x00fe3fffff -> 0x00fe200000
[    0.186556] rcar-pcie fe000000.pcie:      MEM 0x0030000000..0x0037ffffff -> 0x0030000000
[    0.186570] rcar-pcie fe000000.pcie:      MEM 0x0038000000..0x003fffffff -> 0x0038000000
[    0.186587] rcar-pcie fe000000.pcie:   IB MEM 0x0040000000..0x007fffffff -> 0x0040000000
[    0.186636] rcar-pcie fe000000.pcie: no pcie3v3 regulator found
[    0.186647] rcar-pcie fe000000.pcie: no pcie1v8 regulator found
[    0.257669] rcar-pcie fe000000.pcie: PCIe link down
[    0.257861] rcar-pcie ee800000.pcie: host bridge /soc/pcie@ee800000 ranges:
[    0.257885] rcar-pcie ee800000.pcie:       IO 0x00ee900000..0x00ee9fffff -> 0x0000000000
[    0.257906] rcar-pcie ee800000.pcie:      MEM 0x00eea00000..0x00eebfffff -> 0x00eea00000
[    0.257923] rcar-pcie ee800000.pcie:      MEM 0x00c0000000..0x00c7ffffff -> 0x00c0000000
[    0.257937] rcar-pcie ee800000.pcie:      MEM 0x00c8000000..0x00cfffffff -> 0x00c8000000
[    0.257968] rcar-pcie ee800000.pcie:   IB MEM 0x0040000000..0x007fffffff -> 0x0040000000
[    0.258003] rcar-pcie ee800000.pcie: no pcie3v3 regulator found
[    0.258012] rcar-pcie ee800000.pcie: no pcie1v8 regulator found
[    0.417963] rcar-pcie ee800000.pcie: PCIe link down
[    0.420416] EINJ: ACPI disabled.
[    0.453521] Serial: 8250/16550 driver, 4 ports, IRQ sharing enabled
[    0.456016] SuperH (H)SCI(F) driver initialized
[    0.456443] e6550000.serial: ttySC1 at MMIO 0xe6550000 (irq = 42, base_baud = 0) is a hscif
[    0.457174] e6e88000.serial: ttySC0 at MMIO 0xe6e88000 (irq = 128, base_baud = 0) is a scif
[    1.661847] printk: console [ttySC0] enabled
[    1.667227] msm_serial: driver initialized
[    1.677534] rcar-dw-hdmi fead0000.hdmi: Detected HDMI TX controller v2.01a with HDCP (DWC HDMI 2.0 TX PHY)
[    1.687431] rcar-dw-hdmi fead0000.hdmi: registered DesignWare HDMI I2C bus driver
[    1.695677] rcar-dw-hdmi feae0000.hdmi: Detected HDMI TX controller v2.01a with HDCP (DWC HDMI 2.0 TX PHY)
[    1.705536] rcar-dw-hdmi feae0000.hdmi: registered DesignWare HDMI I2C bus driver
[    1.721054] loop: module loaded
[    1.725632] megasas: 07.714.04.00-rc1
[    1.731385] scsi host0: sata_rcar
[    1.734855] ata1: SATA max UDMA/133 irq 181
[    1.744254] tun: Universal TUN/TAP device driver, 1.6
[    1.750221] thunder_xcv, ver 1.0
[    1.753465] thunder_bgx, ver 1.0
[    1.756717] nicpf, ver 1.0
[    1.760840] hclge is initializing
[    1.764174] hns3: Hisilicon Ethernet Network Driver for Hip08 Family - version
[    1.771396] hns3: Copyright (c) 2017 Huawei Corporation.
[    1.776730] e1000: Intel(R) PRO/1000 Network Driver
[    1.781609] e1000: Copyright (c) 1999-2006 Intel Corporation.
[    1.787379] e1000e: Intel(R) PRO/1000 Network Driver
[    1.792344] e1000e: Copyright(c) 1999 - 2015 Intel Corporation.
[    1.798283] igb: Intel(R) Gigabit Ethernet Network Driver
[    1.803682] igb: Copyright (c) 2007-2014 Intel Corporation.
[    1.809269] igbvf: Intel(R) Gigabit Virtual Function Network Driver
[    1.815540] igbvf: Copyright (c) 2009 - 2012 Intel Corporation.
[    1.821869] sky2: driver version 1.30
[    1.829437] ravb e6800000.ethernet eth0: Base address at 0xe6800000, 2e:09:0a:02:ec:37, IRQ 125.
[    1.839625] VFIO - User Level meta-driver version: 0.3
[    1.846811] ehci_hcd: USB 2.0 'Enhanced' Host Controller (EHCI) Driver
[    1.853349] ehci-pci: EHCI PCI platform driver
[    1.857810] ehci-platform: EHCI generic platform driver
[    1.863422] ehci-platform ee0a0100.usb: EHCI Host Controller
[    1.869106] ehci-platform ee0a0100.usb: new USB bus registered, assigned bus number 1
[    1.877031] ehci-platform ee0a0100.usb: irq 175, io mem 0xee0a0100
[    1.897971] ehci-platform ee0a0100.usb: USB 2.0 started, EHCI 1.10
[    1.904509] hub 1-0:1.0: USB hub found
[    1.908282] hub 1-0:1.0: 1 port detected
[    1.912695] ehci-platform ee0c0100.usb: EHCI Host Controller
[    1.918378] ehci-platform ee0c0100.usb: new USB bus registered, assigned bus number 2
[    1.926270] ehci-platform ee0c0100.usb: irq 176, io mem 0xee0c0100
[    1.945968] ehci-platform ee0c0100.usb: USB 2.0 started, EHCI 1.10
[    1.952423] hub 2-0:1.0: USB hub found
[    1.956191] hub 2-0:1.0: 1 port detected
[    1.986007] ehci-platform ee0e0100.usb: EHCI Host Controller
[    1.991682] ehci-platform ee0e0100.usb: new USB bus registered, assigned bus number 3
[    1.999571] ehci-platform ee0e0100.usb: irq 177, io mem 0xee0e0100
[    2.017970] ehci-platform ee0e0100.usb: USB 2.0 started, EHCI 1.10
[    2.024407] hub 3-0:1.0: USB hub found
[    2.028176] hub 3-0:1.0: 1 port detected
[    2.032539] ehci-orion: EHCI orion driver
[    2.036797] ehci-exynos: EHCI Exynos driver
[    2.041108] ohci_hcd: USB 1.1 'Open' Host Controller (OHCI) Driver
[    2.047307] ohci-pci: OHCI PCI platform driver
[    2.051788] ohci-platform: OHCI generic platform driver
[    2.057327] ohci-platform ee0a0000.usb: Generic Platform OHCI controller
[    2.064049] ohci-platform ee0a0000.usb: new USB bus registered, assigned bus number 4
[    2.071935] ohci-platform ee0a0000.usb: irq 175, io mem 0xee0a0000
[    2.153969] ata1: link resume succeeded after 1 retries
[    2.165969] usb 1-1: new high-speed USB device number 2 using ehci-platform
[    2.168239] hub 4-0:1.0: USB hub found
[    2.176714] hub 4-0:1.0: 1 port detected
[    2.181047] ohci-platform ee0c0000.usb: Generic Platform OHCI controller
[    2.187771] ohci-platform ee0c0000.usb: new USB bus registered, assigned bus number 5
[    2.195647] ohci-platform ee0c0000.usb: irq 176, io mem 0xee0c0000
[    2.265405] ata1: SATA link down (SStatus 0 SControl 300)
[    2.288232] hub 5-0:1.0: USB hub found
[    2.292001] hub 5-0:1.0: 1 port detected
[    2.296337] ohci-platform ee0e0000.usb: Generic Platform OHCI controller
[    2.303073] ohci-platform ee0e0000.usb: new USB bus registered, assigned bus number 6
[    2.310956] ohci-platform ee0e0000.usb: irq 177, io mem 0xee0e0000
[    2.338822] hub 1-1:1.0: USB hub found
[    2.342732] hub 1-1:1.0: 4 ports detected
[    2.404264] hub 6-0:1.0: USB hub found
[    2.408033] hub 6-0:1.0: 1 port detected
[    2.412393] ohci-exynos: OHCI Exynos driver
[    2.417279] xhci-hcd ee000000.usb: xHCI Host Controller
[    2.422521] xhci-hcd ee000000.usb: new USB bus registered, assigned bus number 7
[    2.445777] xhci-hcd ee000000.usb: hcc params 0x014051ce hci version 0x100 quirks 0x0000000000830410
[    2.454950] xhci-hcd ee000000.usb: irq 172, io mem 0xee000000
[    2.460817] xhci-hcd ee000000.usb: xHCI Host Controller
[    2.466050] xhci-hcd ee000000.usb: new USB bus registered, assigned bus number 8
[    2.473453] xhci-hcd ee000000.usb: Host supports USB 3.0 SuperSpeed
[    2.480004] hub 7-0:1.0: USB hub found
[    2.483782] hub 7-0:1.0: 1 port detected
[    2.487876] usb usb8: We don't know the algorithms for LPM for this host, disabling LPM.
[    2.496242] hub 8-0:1.0: USB hub found
[    2.500015] hub 8-0:1.0: 1 port detected
[    2.504829] usbcore: registered new interface driver usb-storage
[    2.512514] renesas_usbhs e6590000.usb: host probed
[    2.517406] renesas_usbhs e6590000.usb: no transceiver found
[    2.523131] renesas_usbhs e6590000.usb: gadget probed
[    2.528353] renesas_usbhs e6590000.usb: probed
[    2.533251] renesas_usbhs e659c000.usb: host probed
[    2.538144] renesas_usbhs e659c000.usb: no transceiver found
[    2.543861] renesas_usbhs e659c000.usb: gadget probed
[    2.549067] renesas_usbhs e659c000.usb: probed
[    2.555992] i2c /dev entries driver
[    2.570855] cs2000-cp 2-004f: revision - C1
[    2.575160] i2c-rcar e6510000.i2c: probed
[    2.580046] pca953x 4-0020: supply vcc not found, using dummy regulator
[    2.586748] pca953x 4-0020: using no AI
[    2.591434] gpio-355 (PCIE/SATA switch): hogged as output/low
[    2.603701] i2c-rcar e66d8000.i2c: probed
[    2.609053] adv748x 4-0070: Endpoint /soc/i2c@e66d8000/video-receiver@70/port@7/endpoint on port 7
[    2.618043] adv748x 4-0070: Endpoint /soc/i2c@e66d8000/video-receiver@70/port@8/endpoint on port 8
[    2.627058] adv748x 4-0070: Endpoint /soc/i2c@e66d8000/video-receiver@70/port@a/endpoint on port 10
[    2.636128] adv748x 4-0070: Endpoint /soc/i2c@e66d8000/video-receiver@70/port@b/endpoint on port 11
[    2.645571] adv748x 4-0070: chip found @ 0xe0 revision 2143
[    2.699216] rcar-csi2 fea80000.csi2: 1 lanes found
[    2.704368] rcar-csi2 feaa0000.csi2: 4 lanes found
[    2.713948] rcar-vin e6ef0000.video: Device registered as video0
[    2.720039] rcar-vin e6ef1000.video: Device registered as video1
[    2.726109] rcar-vin e6ef2000.video: Device registered as video2
[    2.732179] rcar-vin e6ef3000.video: Device registered as video3
[    2.737979] usb 1-1.4: new high-speed USB device number 3 using ehci-platform
[    2.738258] rcar-vin e6ef4000.video: Device registered as video4
[    2.751388] rcar-vin e6ef5000.video: Device registered as video5
[    2.757465] rcar-vin e6ef6000.video: Device registered as video6
[    2.763582] rcar-vin e6ef7000.video: Device registered as video7
[    2.772378] rcar_gen3_thermal e6198000.thermal: is using pseudo fixed FUSE values
[    2.784124] rcar_gen3_thermal e6198000.thermal: TSC0: Loaded 1 trip points
[    2.795386] rcar_gen3_thermal e6198000.thermal: TSC1: Loaded 1 trip points
[    2.806564] rcar_gen3_thermal e6198000.thermal: TSC2: Loaded 3 trip points
[    2.818680] sdhci: Secure Digital Host Controller Interface driver
[    2.824878] sdhci: Copyright(c) Pierre Ossman
[    2.830147] Synopsys Designware Multimedia Card Interface Driver
[    2.830429] renesas_sdhi_internal_dmac ee100000.mmc: Got CD GPIO
[    2.830755] renesas_sdhi_internal_dmac ee140000.mmc: Adding to iommu group 0
[    2.830795] renesas_sdhi_internal_dmac ee140000.mmc: Using IPMMU context 1
[    2.830834] renesas_sdhi_internal_dmac ee160000.mmc: Got CD GPIO
[    2.830861] renesas_sdhi_internal_dmac ee160000.mmc: Got WP GPIO
[    2.837484] sdhci-pltfm: SDHCI platform and OF driver helper
[    2.842272] renesas_sdhi_internal_dmac ee100000.mmc: Got WP GPIO
[    2.878086] renesas_sdhi_internal_dmac ee140000.mmc: mmc0 base at 0x00000000ee140000, max clock rate 200 MHz
[    2.889947] ledtrig-cpu: registered to indicate activity on CPUs
[    2.896911] SMCCC: SOC_ID: ARCH_SOC_ID not implemented, skipping ....
[    2.903936] usbcore: registered new interface driver usbhid
[    2.909512] usbhid: USB HID core driver
[    2.917126] optee: probing for conduit method.
[    2.921591] optee: revision 3.22 (314ecf9d)
[    2.922028] optee driver R-Car Rev.1.0.11
[    2.930508] optee: dynamic shared memory is enabled
[    2.935651] optee: initialized driver
[    2.953099] rcar_sound ec500000.sound: probed
[    2.955732] usb-storage 1-1.4:1.0: USB Mass Storage device detected
[    2.958181] NET: Registered protocol family 17
[    2.961031] mmc0: new HS400 MMC card at address 0001
[    2.961909] mmcblk0: mmc0:0001 BGSD3R 29.1 GiB 
[    2.962266] mmcblk0boot0: mmc0:0001 BGSD3R partition 1 16.0 MiB
[    2.962604] mmcblk0boot1: mmc0:0001 BGSD3R partition 2 16.0 MiB
[    2.962742] mmcblk0rpmb: mmc0:0001 BGSD3R partition 3 4.00 MiB, chardev (509:0)
[    2.964388] scsi host1: usb-storage 1-1.4:1.0
[    2.964638]  mmcblk0: p1
[    2.968296] 9pnet: Installing 9P2000 support
[    3.008031] Key type dns_resolver registered
[    3.012637] registered taskstats version 1
[    3.016747] Loading compiled-in X.509 certificates
[    3.031511] thermal emergency: set temperature to 110 celsius
[    3.037469] thermal emergency: shutdown target cpus 1-7
[    3.042699] thermal emergency: freq scaled target cpus 0
[    3.048371] renesas_irqc e61c0000.interrupt-controller: driving 6 irqs
[    3.101987] ehci-platform ee080100.usb: EHCI Host Controller
[    3.107683] ehci-platform ee080100.usb: new USB bus registered, assigned bus number 9
[    3.115568] ehci-platform ee080100.usb: irq 174, io mem 0xee080100
[    3.134058] ehci-platform ee080100.usb: USB 2.0 started, EHCI 1.10
[    3.140771] hub 9-0:1.0: USB hub found
[    3.144543] hub 9-0:1.0: 1 port detected
[    3.149504] ohci-platform ee080000.usb: Generic Platform OHCI controller
[    3.156228] ohci-platform ee080000.usb: new USB bus registered, assigned bus number 10
[    3.164194] ohci-platform ee080000.usb: irq 174, io mem 0xee080000
[    3.260335] hub 10-0:1.0: USB hub found
[    3.264194] hub 10-0:1.0: 1 port detected
[    3.269371] cpu cpu0: EM: created perf domain
[    3.274310] cpu cpu4: EM: created perf domain
[    3.283946] renesas_sdhi_internal_dmac ee100000.mmc: Got CD GPIO
[    3.284075] renesas_sdhi_internal_dmac ee160000.mmc: Got CD GPIO
[    3.289993] renesas_sdhi_internal_dmac ee100000.mmc: Got WP GPIO
[    3.302371] renesas_sdhi_internal_dmac ee160000.mmc: Got WP GPIO
[    3.310176] [drm] Initialized rcar-du 1.0.0 20130110 for feb00000.display on minor 0
[    3.317970] [drm] Device feb00000.display probed
[    3.339607] renesas_sdhi_internal_dmac ee100000.mmc: mmc1 base at 0x00000000ee100000, max clock rate 200 MHz
[    3.354516] renesas_sdhi_internal_dmac ee160000.mmc: mmc2 base at 0x00000000ee160000, max clock rate 200 MHz
[    3.360841] Console: switching to colour frame buffer device 128x48
[    3.404618] rcar-du feb00000.display: [drm] fb0: rcar-dudrmfb frame buffer device
[    3.416882] input: keys as /devices/platform/keys/input/input0
[    3.497620] Micrel KSZ9031 Gigabit PHY e6800000.ethernet-ffffffff:00: attached PHY driver [Micrel KSZ9031 Gigabit PHY] (mii_bus:phy_addr=e6800000.ethernet-ffffffff:00, irq=183)
[    3.999742] scsi 1:0:0:0: Direct-Access     SanDisk  Ultra            1.00 PQ: 0 ANSI: 6
[    4.010228] sd 1:0:0:0: [sda] 121307136 512-byte logical blocks: (62.1 GB/57.8 GiB)
[    4.019695] sd 1:0:0:0: [sda] Write Protect is off
[    4.025804] sd 1:0:0:0: [sda] Write cache: disabled, read cache: enabled, doesn't support DPO or FUA
[    4.049942]  sda: sda1
[    4.057050] sd 1:0:0:0: [sda] Attached SCSI removable disk
[   10.047564] ravb e6800000.ethernet eth0: Link is Up - 1Gbps/Full - flow control off
[   10.074004] IP-Config: Guessing netmask 255.255.255.0
[   10.079164] IP-Config: Complete:
[   10.082476]      device=eth0, hwaddr=2e:09:0a:02:ec:37, ipaddr=192.168.10.167, mask=255.255.255.0, gw=255.255.255.255
[   10.093285]      host=192.168.10.167, domain=, nis-domain=(none)
[   10.099417]      bootserver=255.255.255.255, rootserver=192.168.10.99, rootpath=
[   10.100059] ALSA device list:
[   10.118306]   No soundcards found.
[   11.157879] VFS: Mounted root (nfs4 filesystem) on device 0:22.
[   11.169021] devtmpfs: mounted
[   11.179484] Freeing unused kernel memory: 6144K
[   11.210141] Run /sbin/init as init process
[   11.402558] systemd[1]: System time before build time, advancing clock.
[   11.848236] NET: Registered protocol family 10
[   11.856424] Segment Routing with IPv6
[   11.882010] systemd[1]: systemd 244 running in system mode. (+PAM -AUDIT -SELINUX +IMA -APPARMOR -SMACK +SYSVINIT +UTMP -LIBCRYPTSETUP -GCRYPT -GNUTLS +ACL +XZ -LZ4 -SECCOMP +BLKID -ELFUTILS +KMOD -IDN2 -IDN -PCRE2 default-hierarchy=hybrid)
[   11.906320] systemd[1]: Detected architecture arm64.

Welcome to [1mPoky (Yocto Project Reference Distro) 3.1.11 (dunfell)[0m!

[   11.940170] systemd[1]: Set hostname to <salvator-x>.
[   12.470020] random: crng init done
[   12.680616] systemd[1]: system-getty.slice: unit configures an IP firewall, but the local system does not support BPF/cgroup firewalling.
[   12.701783] systemd[1]: (This warning is only shown for the first unit using IP firewalling.)
[   12.716835] systemd[1]: Created slice system-getty.slice.
[[0;32m  OK  [0m] Created slice [0;1;39msystem-getty.slice[0m.
[   12.743271] systemd[1]: Created slice system-serial\x2dgetty.slice.
[[0;32m  OK  [0m] Created slice [0;1;39msystem-serial\x2dgetty.slice[0m.
[   12.767298] systemd[1]: Created slice User and Session Slice.
[[0;32m  OK  [0m] Created slice [0;1;39mUser and Session Slice[0m.
[   12.790468] systemd[1]: Started Dispatch Password Requests to Console Directory Watch.
[[0;32m  OK  [0m] Started [0;1;39mDispatch Password â€¦ts to Console Directory Watch[0m.
[   12.818356] systemd[1]: Started Forward Password Requests to Wall Directory Watch.
[[0;32m  OK  [0m] Started [0;1;39mForward Password Râ€¦uests to Wall Directory Watch[0m.
[   12.846279] systemd[1]: Reached target Paths.
[[0;32m  OK  [0m] Reached target [0;1;39mPaths[0m.
[   12.870154] systemd[1]: Reached target Remote File Systems.
[[0;32m  OK  [0m] Reached target [0;1;39mRemote File Systems[0m.
[   12.894122] systemd[1]: Reached target Slices.
[[0;32m  OK  [0m] Reached target [0;1;39mSlices[0m.
[   12.918155] systemd[1]: Reached target Swap.
[[0;32m  OK  [0m] Reached target [0;1;39mSwap[0m.
[   12.945328] systemd[1]: Listening on RPCbind Server Activation Socket.
[[0;32m  OK  [0m] Listening on [0;1;39mRPCbind Server Activation Socket[0m.
[   12.974188] systemd[1]: Reached target RPC Port Mapper.
[[0;32m  OK  [0m] Reached target [0;1;39mRPC Port Mapper[0m.
[   12.998516] systemd[1]: Listening on initctl Compatibility Named Pipe.
[[0;32m  OK  [0m] Listening on [0;1;39minitctl Compatibility Named Pipe[0m.
[   13.028354] systemd[1]: Listening on Journal Audit Socket.
[[0;32m  OK  [0m] Listening on [0;1;39mJournal Audit Socket[0m.
[   13.056098] systemd[1]: Listening on Journal Socket (/dev/log).
[[0;32m  OK  [0m] Listening on [0;1;39mJournal Socket (/dev/log)[0m.
[   13.082822] systemd[1]: Listening on Journal Socket.
[[0;32m  OK  [0m] Listening on [0;1;39mJournal Socket[0m.
[   13.108319] systemd[1]: Listening on Network Service Netlink Socket.
[[0;32m  OK  [0m] Listening on [0;1;39mNetwork Service Netlink Socket[0m.
[   13.137034] systemd[1]: Listening on udev Control Socket.
[[0;32m  OK  [0m] Listening on [0;1;39mudev Control Socket[0m.
[   13.162665] systemd[1]: Listening on udev Kernel Socket.
[[0;32m  OK  [0m] Listening on [0;1;39mudev Kernel Socket[0m.
[   13.191566] systemd[1]: Mounting Huge Pages File System...
         Mounting [0;1;39mHuge Pages File System[0m...
[   13.219368] systemd[1]: Mounting POSIX Message Queue File System...
         Mounting [0;1;39mPOSIX Message Queue File System[0m...
[   13.251222] systemd[1]: Mounting Kernel Debug File System...
         Mounting [0;1;39mKernel Debug File System[0m...
[   13.282556] systemd[1]: Mounting Temporary Directory (/tmp)...
         Mounting [0;1;39mTemporary Directory (/tmp)[0m...
[   13.312170] systemd[1]: Starting Create list of static device nodes for the current kernel...
         Starting [0;1;39mCreate list of stâ€¦odes for the current kernel[0m...
[   13.346961] systemd[1]: Starting Start psplash boot splash screen...
         Starting [0;1;39mStart psplash boot splash screen[0m...
[   13.381627] systemd[1]: Starting RPC Bind...
         Starting [0;1;39mRPC Bind[0m...
[   13.414878] systemd[1]: Condition check resulted in File System Check on Root Device being skipped.
[   13.430849] systemd[1]: Starting Journal Service...
         Starting [0;1;39mJournal Service[0m...
[   13.458822] systemd[1]: Starting Load Kernel Modules...
         Starting [0;1;39mLoad Kernel Modules[0m...
[   13.482309] systemd[1]: Starting Remount Root and Kernel File Systems...
         Starting [0;1;39mRemount Root and Kernel File Systems[0m...
[   13.509195] systemd[1]: Starting udev Coldplug all Devices...
         Starting [0;1;39mudev Coldplug all Devices[0m...
[   13.539990] systemd[1]: Started Start psplash boot splash screen.
[[0;32m  OK  [0m] Started [0;1;39mStart psplash boot splash screen[0m.
[   13.566562] systemd[1]: Started RPC Bind.
[[0;32m  OK  [0m] Started [0;1;39mRPC Bind[0m.
[   13.590506] systemd[1]: Started Journal Service.
[[0;32m  OK  [0m] Started [0;1;39mJournal Service[0m.
[[0;32m  OK  [0m] Mounted [0;1;39mHuge Pages File System[0m.
[[0;32m  OK  [0m] Mounted [0;1;39mPOSIX Message Queue File System[0m.
[[0;32m  OK  [0m] Mounted [0;1;39mKernel Debug File System[0m.
[[0;32m  OK  [0m] Mounted [0;1;39mTemporary Directory (/tmp)[0m.
[[0;32m  OK  [0m] Started [0;1;39mCreate list of staâ€¦ nodes for the current kernel[0m.
[[0;32m  OK  [0m] Started [0;1;39mLoad Kernel Modules[0m.
[[0;32m  OK  [0m] Started [0;1;39mRemount Root and Kernel File Systems[0m.
         Mounting [0;1;39mKernel Configuration File System[0m...
[[0;32m  OK  [0m] Started [0;1;39mStart psplash-systâ€¦progress communication helper[0m.
         Starting [0;1;39mFlush Journal to Persistent Storage[0m...
         Starting [0;1;39mApply Kernel Variables[0m...
[   13.827513] systemd-journald[365]: Received client request to flush runtime journal.
         Starting [0;1;39mCreate Static Device Nodes in /dev[0m...
[[0;32m  OK  [0m] Mounted [0;1;39mKernel Configuration File System[0m.
[[0;32m  OK  [0m] Started [0;1;39mFlush Journal to Persistent Storage[0m.
[[0;32m  OK  [0m] Started [0;1;39mApply Kernel Variables[0m.
[[0;32m  OK  [0m] Started [0;1;39mCreate Static Device Nodes in /dev[0m.
[[0;32m  OK  [0m] Reached target [0;1;39mLocal File Systems (Pre)[0m.
         Mounting [0;1;39m/var/volatile[0m...
         Starting [0;1;39mudev Kernel Device Manager[0m...
[[0;32m  OK  [0m] Started [0;1;39mudev Coldplug all Devices[0m.
[[0;32m  OK  [0m] Mounted [0;1;39m/var/volatile[0m.
         Starting [0;1;39mLoad/Save Random Seed[0m...
[[0;32m  OK  [0m] Reached target [0;1;39mLocal File Systems[0m.
         Starting [0;1;39mCreate Volatile Files and Directories[0m...
[[0;32m  OK  [0m] Started [0;1;39mLoad/Save Random Seed[0m.
[[0;32m  OK  [0m] Started [0;1;39mudev Kernel Device Manager[0m.
         Starting [0;1;39mNetwork Service[0m...
[[0;32m  OK  [0m] Started [0;1;39mCreate Volatile Files and Directories[0m.
         Starting [0;1;39mNetwork Time Synchronization[0m...
         Starting [0;1;39mUpdate UTMP about System Boot/Shutdown[0m...
[[0;32m  OK  [0m] Started [0;1;39mNetwork Service[0m.
         Starting [0;1;39mNetwork Name Resolution[0m...
[[0;32m  OK  [0m] Started [0;1;39mUpdate UTMP about System Boot/Shutdown[0m.
[[0;32m  OK  [0m] Started [0;1;39mNetwork Time Synchronization[0m.
[[0;32m  OK  [0m] Reached target [0;1;39mSystem Initialization[0m.
[[0;32m  OK  [0m] Started [0;1;39mDaily Cleanup of Temporary Directories[0m.
[[0;32m  OK  [0m] Reached target [0;1;39mSystem Time Set[0m.
[[0;32m  OK  [[   14.421328] pwm-backlight: probe of backlight failed with error -16
0m] Reached target [0;1;39mSystem Time Synchronized[0m.
[[0;32m  OK  [0m] Reached target [0;1;39mTimers[0m.
[   14.465750] at24 7-0050: supply vcc not found, using dummy regulator
[[0;32m  OK  [0m] Listening on [0;1;39mAvahi mDNS/DNS-SD Stack Activation Socket[0m.
[   14.489208] at24 7-0050: 128 byte br24t01 EEPROM, writable, 8 bytes/write
[[0;32m  OK  [0m] Listening on [0;1;39mD-Bus System Message Bus Socket[0m.
[[0;32m  OK  [0m] Listening on [0;1;39mdropbear.socket[0m.
[[0;32m  OK  [0m] Reached target [0;1;39mSockets[0m.
[[0;32m  OK  [0m] Reached target [0;1;39mBasic System[0m.
[[0;32m  OK  [0m] Star[   14.607018] ccree e6601000.crypto: ARM CryptoCell 630P Driver: HW version 0xAF400001/0xDCC63000, Driver version 5.0
ted [0;1;39mD-B[   14.610440] renesas_usb3 ee020000.usb: probed with phy
us System Message Bus[0m.
[[0;32m  OK  [[   14.647081] ccree e6601000.crypto: ARM ccree device initialized
0m] Started [0;1;39moptee services[0m.
         Starting [0;1;39mpvrinit.service[0m...
         Starting [0;1;39mPowerVR consumer services[0m...
         Starting [0;1;39mLogin Service[0m...
[[0;32m  OK  [0m] Started [0;1;39mNetwork Name Resolution[0m.
[[0;1;31mFAILED[0m] Failed to start [0;1;39mpvrinit.service[0m.
See 'systemctl status pvrinit.service' for details.
[[0;1;31mFAILED[0m] Failed to start [0;1;39mPowerVR consumer services[0m.
See 'systemctl status rc.pvr.service' for details.
[[0;1;38;5;185mDEPEND[0m] Dependency failed for [0;1;39mWeston Wayland Compositor[0m.
[[0;32m  OK  [0m] Started [0;1;39mLogin Service[0m.
[[0;32m  OK  [0m] Created slice [0;1;39msystem-weston.slice[0m.
[[0;32m  OK  [0m] Reached target [0;1;39mNetwork[0m.
[[0;32m  OK  [0m] Reached target [0;1;39mHost and Network Name Lookups[0m.
[[0;32m  OK  [0m] Reached target [0;1;39mHardware activated USB gadget[0m.
         Starting [0;1;39mAvahi mDNS/DNS-SD Stack[0m...
         Starting [0;1;39mset_default_governor.service[0m...
         Starting [0;1;39mPermit User Sessions[0m...
[[0;32m  OK  [0m] Started [0;1;39mXinetd A Powerful Replacement For Inetd[0m.
[[0;32m  OK  [0m] Started [0;[   15.142207] rd 0-7: Disabling EAS, schedutil is mandatory
1;39mPermit User Sessions[0m.
[[0;32m  OK  [0m] Started [0;1;39mAvahi mDNS/DNS-SD Stack[0m.
[[0;32m  OK  [0m] Started [0;1;39mGetty on tty1[0m.
[[0;32m  OK  [0m] Started [0;1;39mSerial Getty on ttySC0[0m.
[[0;32m  OK  [0m] Reached target [0;1;39mLogin Prompts[0m.
[[0;32m  OK  [0m] Started [0;1;39mset_default_governor.service[0m.
[[0;32m  OK  [0m] Reached target [0;1;39mMulti-User System[0m.
         Starting [0;1;39mUpdate UTMP about System Runlevel Changes[0m...
[[0;32m  OK  [0m] Started [0;1;39mUpdate UTMP about System Runlevel Changes[0m.

Poky (Yocto Project Reference Distro) 3.1.11 salvator-x ttySC0

salvator-x login: 
salvator-x login: root
[   17.177328] audit: type=1006 audit(1703064537.768:2): pid=540 uid=0 old-auid=4294967295 auid=0 tty=(none) old-ses=4294967295 ses=1 res=1
7[r[999;999H[6n8root@salvator-x:~# 
root@salvator-x:~# 
root@salvator-x:~# 
root@salvator-x:~# 
root@salvator-x:~# 
root@salvator-x:~# 
root@salvator-x:~# 
root@salvator-x:~# 
root@salvator-x:~# 
----------Prepare----------


root@salvator-x:~# find /sys/devices/platform/soc/ee0a0100.usb/ -name 'sd*'
/sys/devices/platform/soc/ee0a0100.usb/usb1/1-1/1-1.4/1-1.4:1.0/host1/target1:0:0/1:0:0:0/block/sda
/sys/devices/platform/soc/ee0a0100.usb/usb1/1-1/1-1.4/1-1.4:1.0/host1/target1:0:0/1:0:0:0/block/sda/sda1
root@salvator-x:~# 
root@salvator-x:~# dd if=/dev/urandom of=testdata bs=10M count=5
5+0 records in
5+0 records out
52428800 bytes (52 MB, 50 MiB) copied, 1.48374 s, 35.3 MB/s
root@salvator-x:~# 
root@salvator-x:~# mkdir -p /mnt/usb
root@salvator-x:~# 
root@salvator-x:~# mount /dev/sda1 /mnt/usb
[   29.704138] EXT4-fs (sda1): mounted filesystem with ordered data mode. Opts: (null)
root@salvator-x:~# 
root@salvator-x:~# cp testdata /mnt/usb/
root@salvator-x:~# 
root@salvator-x:~# umount /mnt/usb
root@salvator-x:~# 
root@salvator-x:~# find /sys/devices/platform/soc/ee0a0100.usb/ -name 'sd*'
/sys/devices/platform/soc/ee0a0100.usb/usb1/1-1/1-1.4/1-1.4:1.0/host1/target1:0:0/1:0:0:0/block/sda
/sys/devices/platform/soc/ee0a0100.usb/usb1/1-1/1-1.4/1-1.4:1.0/host1/target1:0:0/1:0:0:0/block/sda/sda1
root@salvator-x:~# 
root@salvator-x:~# i2cset -f -y 7 0x30 0x20 0x0f
root@salvator-x:~# 

Switch SW23 off and input 'yes' to continue:
[   41.950133] SDHI0 VccQ: disabling
[   41.953524] SDHI3 VccQ: disabling
Input 'yes' to continue: 

root@salvator-x:~# echo N > /sys/module/printk/parameters/console_suspend
root@salvator-x:~# 
root@salvator-x:~# mount /dev/sda1 /mnt/usb
[   51.354647] EXT4-fs (sda1): mounted filesystem with ordered data mode. Opts: (null)
root@salvator-x:~# 
root@salvator-x:~# cp /mnt/usb/testdata testdata_from_usb &
[1] 566
root@salvator-x:~# 
root@salvator-x:~# echo mem > /sys/power/state
[   52.750330] PM: suspend entry (deep)
[   53.197390] Filesystems sync: 0.443 seconds
[   53.215231] Freezing user space processes ... (elapsed 0.004 seconds) done.
[   53.227187] OOM killer disabled.
[   53.230496] Freezing remaining freezable tasks ... (elapsed 0.002 seconds) done.
[   53.679407] ravb e6800000.ethernet eth0: Link is Down
[   53.695025] Disabling non-boot CPUs ...
[   53.699450] CPU1: shutdown
[   53.702180] psci: CPU1 killed (polled 0 ms)
[   53.708096] CPU2: shutdown
[   53.710828] psci: CPU2 killed (polled 0 ms)
[   53.716484] CPU3: shutdown
[   53.719226] psci: CPU3 killed (polled 0 ms)
[   53.725010] CPU4: shutdown
[   53.727742] psci: CPU4 killed (polled 0 ms)
[   53.733347] CPU5: shutdown
[   53.736096] psci: CPU5 killed (polled 0 ms)
[   53.741596] CPU6: shutdown
[   53.744340] psci: CPU6 killed (polled 0 ms)
[   53.750033] CPU7: shutdown
[   53.752743] psci: CPU7 killed (polled 0 ms)
 
Pull out USB device at CN10L


Press any button to continue


Plug in USB device at CN10L


Press any button to continue


 Switch power switch: 

NOTICE:  BL2: R-Car Gen3 Initial Program Loader(CA57) Rev.4.0.0
NOTICE:  BL2: PRR is R-Car H3 Ver.3.0
NOTICE:  BL2: Board is Salvator-XS Rev.1.0
NOTICE:  BL2: Boot device is HyperFlash(160MHz)
NOTICE:  BL2: LCM state is CM
NOTICE:  AVS setting succeeded. DVFS_SetVID=0x53
NOTICE:  BL2: DDR3200(rev.0.42)
NOTICE:  BL2: [WARM_BOOT]
NOTICE:  BL2: DRAM Split is 4ch(DDR f)
NOTICE:  BL2: QoS is default setting(rev.0.11)
NOTICE:  BL2: DRAM refresh interval 1.95 usec
NOTICE:  BL2: Periodic Write DQ Training
NOTICE:  BL2: CH0: 400000000 - 47fffffff, 2 GiB
NOTICE:  BL2: CH1: 500000000 - 57fffffff, 2 GiB
NOTICE:  BL2: CH2: 600000000 - 67fffffff, 2 GiB
NOTICE:  BL2: CH3: 700000000 - 77fffffff, 2 GiB
NOTICE:  BL2: Lossy Decomp areas
NOTICE:       Entry 0: DCMPAREACRAx:0x80000540 DCMPAREACRBx:0x570
NOTICE:       Entry 1: DCMPAREACRAx:0x40000000 DCMPAREACRBx:0x0
NOTICE:       Entry 2: DCMPAREACRAx:0x20000000 DCMPAREACRBx:0x0
NOTICE:  BL2: FDT at 0xe6327f70
NOTICE:  BL2: v2.9(release):9cdb21f75
NOTICE:  BL2: Built : 05:25:39, Dec 19 2023
NOTICE:  BL2: Normal boot
[   53.757860] Enabling non-boot CPUs ...
[   53.761936] Detected PIPT I-cache on CPU1
[   53.761991] CPU1: Booted secondary processor 0x0000000001 [0x411fd073]
[   53.762441] CPU1 is up
[   53.775470] Detected PIPT I-cache on CPU2
[   53.775493] CPU2: Booted secondary processor 0x0000000002 [0x411fd073]
[   53.775770] CPU2 is up
[   53.788782] Detected PIPT I-cache on CPU3
[   53.788805] CPU3: Booted secondary processor 0x0000000003 [0x411fd073]
[   53.789071] CPU3 is up
[   53.802138] Detected VIPT I-cache on CPU4
[   53.802190] CPU4: Booted secondary processor 0x0000000100 [0x410fd034]
[   53.803087] CPU4 is up
[   53.816099] Detected VIPT I-cache on CPU5
[   53.816133] CPU5: Booted secondary processor 0x0000000101 [0x410fd034]
[   53.816721] CPU5 is up
[   53.829731] Detected VIPT I-cache on CPU6
[   53.829765] CPU6: Booted secondary processor 0x0000000102 [0x410fd034]
[   53.830465] CPU6 is up
[   53.843471] Detected VIPT I-cache on CPU7
[   53.843504] CPU7: Booted secondary processor 0x0000000103 [0x410fd034]
[   53.844160] CPU7 is up
[   53.915420] xhci-hcd ee000000.usb: xHC error in resume, USBSTS 0x401, Reinit
[   53.922487] usb usb7: root hub lost power or was reset
[   53.927612] usb usb8: root hub lost power or was reset
[   53.984899] Micrel KSZ9031 Gigabit PHY e6800000.ethernet-ffffffff:00: attached PHY driver [Micrel KSZ9031 Gigabit PHY] (mii_bus:phy_addr=e6800000.ethernet-ffffffff:00, irq=183)
[   54.095950] usb usb4: root hub lost power or was reset
[   54.101214] usb usb1: root hub lost power or was reset
[   54.187949] usb usb5: root hub lost power or was reset
[   54.193218] usb usb2: root hub lost power or was reset
[   54.280045] usb usb6: root hub lost power or was reset
[   54.285330] usb usb3: root hub lost power or was reset
[   54.398112] usb 1-1: reset high-speed USB device number 2 using ehci-platform
[   54.400035] usb usb10: root hub lost power or was reset
[   54.410522] usb usb9: root hub lost power or was reset
[   54.422023] ata1: link resume succeeded after 1 retries
[   54.533625] ata1: SATA link down (SStatus 0 SControl 300)
[   54.986033] usb 1-1.4: reset high-speed USB device number 3 using ehci-platform
[   55.205479] OOM killer enabled.
[   55.211024] Restarting tasks ... done.
root@salvator-x:~# [   55.217238] PM: suspend exit
[   60.716292] ravb e6800000.ethernet eth0: Link is Up - 1Gbps/Full - flow control off

[1]+  Done                    cp /mnt/usb/testdata testdata_from_usb
root@salvator-x:~# echo "Wake up sucessfully"
Wake up sucessfully
root@salvator-x:~# 
root@salvator-x:~# wait
root@salvator-x:~# 
root@salvator-x:~# sync
root@salvator-x:~# 
root@salvator-x:~# cmp testdata testdata_from_usb
root@salvator-x:~# 
root@salvator-x:~# umount /mnt/usb
root@salvator-x:~# 
 
#### Result: OK ####
