

----------Item 6----------


Pull out USB device at CN10L


Press any button to continue

[   84.277384] usb 1-1: USB disconnect, device number 2

Please press switch to restart board 

[F 00:00:120
[F 00:00:119
[F 00:00:118
[F 00:00:117
NOTICE:  BL2: R-Car Gen3 Initial Program Loader(CA57) Rev.4.0.0
NOTICE:  BL2: PRR is R-Car H3 Ver.3.0
NOTICE:  BL2: Board is Salvator-XS Rev.1.0
NOTICE:  BL2: Boot device is HyperFlash(160MHz)
NOTICE:  BL2: LCM state is CM
NOTICE:  AVS setting succeeded. DVFS_SetVID=0x53
NOTICE:  BL2: DDR3200(rev.0.42)
NOTICE:  BL2: [COLD_BOOT]
NOTICE:  BL2: DRAM Split is 4ch(DDR f)
NOTICE:  BL2: QoS is default setting(rev.0.11)
NOTICE:  BL2: DRAM refresh interval 1.95 usec
NOTICE:  BL2: Periodic Write DQ Training
NOTICE:  BL2: CH0: 400000000 - 47fffffff, 2 GiB
NOTICE:  BL2: CH1: 500000000 - 57fffffff, 2 GiB
NOTICE:  BL2: CH2: 600000000 - 67fffffff, 2 GiB
NOTICE:  BL2: CH3: 700000000 - 77fffffff, 2 GiB
NOTICE:  BL2: Lossy Decomp areas
NOTICE:       Entry 0: DCMPAREACRAx:0x80000540 DCMPAREACRBx:0x570
NOTICE:       Entry 1: DCMPAREACRAx:0x40000000 DCMPAREACRBx:0x0
NOTICE:       Entry 2: DCMPAREACRAx:0x20000000 DCMPAREACRBx:0x0
NOTICE:  BL2: FDT at 0xe6327f70
NOTICE:  BL2: v2.9(release):9cdb21f75
NOTICE:  BL2: Built : 05:25:39, Dec 19 2023
NOTICE:  BL2: Normal boot
NOTICE:  BL2: dst=0xe6327800 src=0x8180000 len=512(0x200)
NOTICE:  BL2: dst=0x43f00000 src=0x8180400 len=6144(0x1800)
NOTICE:  rcar_file_len: len: 0x0003e000
NOTICE:  BL2: dst=0x44000000 src=0x81c0000 len=253952(0x3e000)
NOTICE:  rcar_file_len: len: 0x00200000
NOTICE:  BL2: dst=0x44100000 src=0x8200000 len=2097152(0x200000)
NOTICE:  rcar_file_len: len: 0x00100000
NOTICE:  BL2: dst=0x50000000 src=0x8640000 len=1048576(0x100000)
NOTICE:  BL2: Booting BL31


U-Boot 2020.10 (Dec 19 2023 - 14:30:40 +0000)

CPU: Renesas Electronics R8A7795 rev 3.0
Model: Renesas Salvator-X 2nd version board based on r8a77951
DRAM:  7.9 GiB
RAM Configuration:
Bank #0: 0x048000000 - 0x0bfffffff, 1.9 GiB
Bank #1: 0x500000000 - 0x57fffffff, 2 GiB
Bank #2: 0x600000000 - 0x67fffffff, 2 GiB
Bank #3: 0x700000000 - 0x77fffffff, 2 GiB

MMC:   sd@ee100000: 0, sd@ee140000: 1, sd@ee160000: 2
Loading Environment from MMC... OK
In:    serial@e6e88000
Out:   serial@e6e88000
Err:   serial@e6e88000
Net:   eth0: ethernet@e6800000
Hit any key to stop autoboot:  2  1  0 
ethernet@e6800000 Waiting for PHY auto negotiation to complete............ done
Using ethernet@e6800000 device
TFTP from server 192.168.10.99; our IP address is 192.168.10.167
Filename 'traivo/H3/rootfs/boot_USB2H/Image'.
Load address: 0x48080000
Loading: *#################################################################
	 #################################################################
	 #################################################################
	 #################################################################
	 #################################################################
	 #################################################################
	 #################################################################
	 #################################################################
	 #################################################################
	 #################################################################
	 #################################################################
	 #################################################################
	 #################################################################
	 #################################################################
	 #################################################################
	 #################################################################
	 #################################################################
	 #################################################################
	 #################################################################
	 #################################################################
	 #################################################################
	 #################################################################
	 #################################################################
	 #################################################################
	 #################################################################
	 #################################################################
	 #################################################################
	 #################################################################
	 #################################################################
	 #################################################################
	 #################################################################
	 #################################################################
	 #################################################################
	 #################################################################
	 ################################################################
	 4.5 MiB/s
done
Bytes transferred = 33376768 (1fd4a00 hex)
Using ethernet@e6800000 device
TFTP from server 192.168.10.99; our IP address is 192.168.10.167
Filename 'traivo/H3/rootfs/boot_USB2H/r8a77951-salvator-xs.dtb'.
Load address: 0x48000000
Loading: *#######
	 8.7 MiB/s
done
Bytes transferred = 90876 (162fc hex)
Moving Image from 0x48080000 to 0x48200000, end=4a260000
## Flattened Device Tree blob at 48000000
   Booting using the fdt blob at 0x48000000
   Loading Device Tree to 0000000053fe6000, end 0000000053fff2fb ... OK

Starting kernel ...

[    0.000000] Booting Linux on physical CPU 0x0000000000 [0x411fd073]
[    0.000000] Linux version 5.10.194-yocto-standard (thuan.nguyen-hong@banvien) (aarch64-poky-linux-gcc (GCC) 9.3.0, GNU ld (GNU Binutils) 2.34.0.20200220) #10 SMP PREEMPT Mon Feb 19 03:51:05 UTC 2024
[    0.000000] Machine model: Renesas Salvator-X 2nd version board based on r8a77951
[    0.000000] efi: UEFI not found.
[    0.000000] Reserved memory: created CMA memory pool at 0x0000000057000000, size 16 MiB
[    0.000000] OF: reserved mem: initialized node linux,adsp@57000000, compatible id shared-dma-pool
[    0.000000] Reserved memory: created CMA memory pool at 0x0000000058000000, size 384 MiB
[    0.000000] OF: reserved mem: initialized node linux,cma@58000000, compatible id shared-dma-pool
[    0.000000] Reserved memory: created CMA memory pool at 0x0000000070000000, size 256 MiB
[    0.000000] OF: reserved mem: initialized node linux,multimedia@70000000, compatible id shared-dma-pool
[    0.000000] NUMA: No NUMA configuration found
[    0.000000] NUMA: Faking a node at [mem 0x0000000048000000-0x000000077fffffff]
[    0.000000] NUMA: NODE_DATA [mem 0x77efdab00-0x77efdcfff]
[    0.000000] Zone ranges:
[    0.000000]   DMA      [mem 0x0000000048000000-0x000000007fffffff]
[    0.000000]   DMA32    [mem 0x0000000080000000-0x00000000ffffffff]
[    0.000000]   Normal   [mem 0x0000000100000000-0x000000077fffffff]
[    0.000000] Movable zone start for each node
[    0.000000] Early memory node ranges
[    0.000000]   node   0: [mem 0x0000000048000000-0x0000000053ffffff]
[    0.000000]   node   0: [mem 0x0000000054000000-0x0000000056ffffff]
[    0.000000]   node   0: [mem 0x0000000057000000-0x00000000bfffffff]
[    0.000000]   node   0: [mem 0x0000000500000000-0x000000057fffffff]
[    0.000000]   node   0: [mem 0x0000000600000000-0x000000067fffffff]
[    0.000000]   node   0: [mem 0x0000000700000000-0x000000077fffffff]
[    0.000000] Initmem setup node 0 [mem 0x0000000048000000-0x000000077fffffff]
[    0.000000] psci: probing for conduit method from DT.
[    0.000000] psci: PSCIv1.1 detected in firmware.
[    0.000000] psci: Using standard PSCI v0.2 function IDs
[    0.000000] psci: Trusted OS resident on physical CPU 0x0
[    0.000000] psci: SMC Calling Convention v1.2
[    0.000000] percpu: Embedded 23 pages/cpu s56984 r8192 d29032 u94208
[    0.000000] Detected PIPT I-cache on CPU0
[    0.000000] CPU features: detected: EL2 vector hardening
[    0.000000] CPU features: detected: Spectre-v2
[    0.000000] CPU features: detected: ARM errata 1165522, 1319367, or 1530923
[    0.000000] CPU features: detected: Spectre-BHB
[    0.000000] CPU features: detected: ARM erratum 1742098
[    0.000000] Built 1 zonelists, mobility grouping on.  Total pages: 2032128
[    0.000000] Policy zone: Normal
[    0.000000] Kernel command line: rw root=/dev/nfs nfsroot=192.168.10.99:/data/tftpboot/traivo/H3/rootfs,nfsvers=4, ip=192.168.10.167
[    0.000000] Dentry cache hash table entries: 1048576 (order: 11, 8388608 bytes, linear)
[    0.000000] Inode-cache hash table entries: 524288 (order: 10, 4194304 bytes, linear)
[    0.000000] mem auto-init: stack:off, heap alloc:off, heap free:off
[    0.000000] software IO TLB: mapped [mem 0x000000004ffe6000-0x0000000053fe6000] (64MB)
[    0.000000] Memory: 7276840K/8257536K available (15232K kernel code, 2834K rwdata, 8240K rodata, 6144K init, 517K bss, 308952K reserved, 671744K cma-reserved)
[    0.000000] SLUB: HWalign=64, Order=0-3, MinObjects=0, CPUs=8, Nodes=1
[    0.000000] rcu: Preemptible hierarchical RCU implementation.
[    0.000000] rcu: 	RCU event tracing is enabled.
[    0.000000] rcu: 	RCU restricting CPUs from NR_CPUS=256 to nr_cpu_ids=8.
[    0.000000] 	Trampoline variant of Tasks RCU enabled.
[    0.000000] rcu: RCU calculated value of scheduler-enlistment delay is 25 jiffies.
[    0.000000] rcu: Adjusting geometry for rcu_fanout_leaf=16, nr_cpu_ids=8
[    0.000000] NR_IRQS: 64, nr_irqs: 64, preallocated irqs: 0
[    0.000000] arch_timer: cp15 timer(s) running at 8.32MHz (virt).
[    0.000000] clocksource: arch_sys_counter: mask: 0xffffffffffffff max_cycles: 0x1eb398c07, max_idle_ns: 440795202503 ns
[    0.000004] sched_clock: 56 bits at 8MHz, resolution 120ns, wraps every 2199023255503ns
[    0.000210] Console: colour dummy device 80x25
[    0.000417] printk: console [tty0] enabled
[    0.000487] Calibrating delay loop (skipped), value calculated using timer frequency.. 16.64 BogoMIPS (lpj=33280)
[    0.000502] pid_max: default: 32768 minimum: 301
[    0.000560] LSM: Security Framework initializing
[    0.000648] Mount-cache hash table entries: 16384 (order: 5, 131072 bytes, linear)
[    0.000698] Mountpoint-cache hash table entries: 16384 (order: 5, 131072 bytes, linear)
[    0.002163] rcu: Hierarchical SRCU implementation.
[    0.003755] Detected Renesas R-Car Gen3 r8a7795 ES3.0
[    0.005884] EFI services will not be available.
[    0.006229] smp: Bringing up secondary CPUs ...
[    0.006687] Detected PIPT I-cache on CPU1
[    0.006735] CPU1: Booted secondary processor 0x0000000001 [0x411fd073]
[    0.007224] Detected PIPT I-cache on CPU2
[    0.007251] CPU2: Booted secondary processor 0x0000000002 [0x411fd073]
[    0.007670] Detected PIPT I-cache on CPU3
[    0.007694] CPU3: Booted secondary processor 0x0000000003 [0x411fd073]
[    0.008156] CPU features: detected: ARM erratum 845719
[    0.008169] Detected VIPT I-cache on CPU4
[    0.008216] CPU4: Booted secondary processor 0x0000000100 [0x410fd034]
[    0.008693] Detected VIPT I-cache on CPU5
[    0.008720] CPU5: Booted secondary processor 0x0000000101 [0x410fd034]
[    0.009156] Detected VIPT I-cache on CPU6
[    0.009183] CPU6: Booted secondary processor 0x0000000102 [0x410fd034]
[    0.009616] Detected VIPT I-cache on CPU7
[    0.009644] CPU7: Booted secondary processor 0x0000000103 [0x410fd034]
[    0.009725] smp: Brought up 1 node, 8 CPUs
[    0.009788] SMP: Total of 8 processors activated.
[    0.009796] CPU features: detected: 32-bit EL0 Support
[    0.009803] CPU features: detected: CRC32 instructions
[    0.009811] CPU features: detected: 32-bit EL1 Support
[    0.023013] CPU: All CPU(s) started at EL1
[    0.023065] alternatives: patching kernel code
[    0.024213] devtmpfs: initialized
[    0.031008] KASLR disabled due to lack of seed
[    0.031155] clocksource: jiffies: mask: 0xffffffff max_cycles: 0xffffffff, max_idle_ns: 7645041785100000 ns
[    0.031176] futex hash table entries: 2048 (order: 5, 131072 bytes, linear)
[    0.039822] pinctrl core: initialized pinctrl subsystem
[    0.041298] DMI not present or invalid.
[    0.041803] NET: Registered protocol family 16
[    0.042741] DMA: preallocated 1024 KiB GFP_KERNEL pool for atomic allocations
[    0.042936] DMA: preallocated 1024 KiB GFP_KERNEL|GFP_DMA pool for atomic allocations
[    0.043225] DMA: preallocated 1024 KiB GFP_KERNEL|GFP_DMA32 pool for atomic allocations
[    0.043265] audit: initializing netlink subsys (disabled)
[    0.043445] audit: type=2000 audit(0.040:1): state=initialized audit_enabled=0 res=1
[    0.044585] thermal_sys: Registered thermal governor 'power_allocator'
[    0.045101] cpuidle: using governor menu
[    0.045272] hw-breakpoint: found 6 breakpoint and 4 watchpoint registers.
[    0.045397] ASID allocator initialised with 65536 entries
[    0.046680] Serial: AMBA PL011 UART driver
[    0.089539] sh-pfc e6060000.pinctrl: r8a77951_pfc support registered
[    0.104286] HugeTLB registered 1.00 GiB page size, pre-allocated 0 pages
[    0.104299] HugeTLB registered 32.0 MiB page size, pre-allocated 0 pages
[    0.104307] HugeTLB registered 2.00 MiB page size, pre-allocated 0 pages
[    0.104314] HugeTLB registered 64.0 KiB page size, pre-allocated 0 pages
[    0.105278] cryptd: max_cpu_qlen set to 1000
[    0.107544] ACPI: Interpreter disabled.
[    0.111393] rcar-avs: use avs value: 0
[    0.111410] rcar-avs: cpu@0 is running with: opp_table0
[    0.111421] rcar-avs: cpu@1 is running with: opp_table0
[    0.111430] rcar-avs: cpu@2 is running with: opp_table0
[    0.111439] rcar-avs: cpu@3 is running with: opp_table0
[    0.111524] rcar-avs: gsx@fd000000 is running with: gsx_opp_table0
[    0.112946] iommu: Default domain type: Translated 
[    0.113523] ipmmu-vmsa e67b0000.iommu: IPMMU context 0 is reserved
[    0.114510] vgaarb: loaded
[    0.114703] SCSI subsystem initialized
[    0.114952] usbcore: registered new interface driver usbfs
[    0.114982] usbcore: registered new interface driver hub
[    0.115008] usbcore: registered new device driver usb
[    0.118550] i2c-sh_mobile e60b0000.i2c: I2C adapter 7, bus speed 400000 Hz
[    0.119083] mc: Linux media interface: v0.10
[    0.119104] videodev: Linux video capture interface: v2.00
[    0.119153] pps_core: LinuxPPS API ver. 1 registered
[    0.119160] pps_core: Software ver. 5.3.6 - Copyright 2005-2007 Rodolfo Giometti <giometti@linux.it>
[    0.119173] PTP clock support registered
[    0.119346] EDAC MC: Ver: 3.0.0
[    0.121313] FPGA manager framework
[    0.121372] Advanced Linux Sound Architecture Driver Initialized.
[    0.121976] clocksource: Switched to clocksource arch_sys_counter
[    0.122114] VFS: Disk quotas dquot_6.6.0
[    0.122158] VFS: Dquot-cache hash table entries: 512 (order 0, 4096 bytes)
[    0.122298] pnp: PnP ACPI: disabled
[    0.125752] NET: Registered protocol family 2
[    0.126177] IP idents hash table entries: 131072 (order: 8, 1048576 bytes, linear)
[    0.128430] tcp_listen_portaddr_hash hash table entries: 4096 (order: 4, 65536 bytes, linear)
[    0.128508] TCP established hash table entries: 65536 (order: 7, 524288 bytes, linear)
[    0.128791] TCP bind hash table entries: 65536 (order: 8, 1048576 bytes, linear)
[    0.129374] TCP: Hash tables configured (established 65536 bind 65536)
[    0.129497] UDP hash table entries: 4096 (order: 5, 131072 bytes, linear)
[    0.129612] UDP-Lite hash table entries: 4096 (order: 5, 131072 bytes, linear)
[    0.129832] NET: Registered protocol family 1
[    0.130192] RPC: Registered named UNIX socket transport module.
[    0.130202] RPC: Registered udp transport module.
[    0.130208] RPC: Registered tcp transport module.
[    0.130214] RPC: Registered tcp NFSv4.1 backchannel transport module.
[    0.130225] PCI: CLS 0 bytes, default 64
[    0.131148] hw perfevents: enabled with armv8_cortex_a53 PMU driver, 7 counters available
[    0.131423] hw perfevents: enabled with armv8_cortex_a57 PMU driver, 7 counters available
[    0.132050] kvm [1]: HYP mode not available
[    0.134959] Initialise system trusted keyrings
[    0.135084] workingset: timestamp_bits=42 max_order=21 bucket_order=0
[    0.138162] squashfs: version 4.0 (2009/01/31) Phillip Lougher
[    0.138551] NFS: Registering the id_resolver key type
[    0.138580] Key type id_resolver registered
[    0.138587] Key type id_legacy registered
[    0.138654] nfs4filelayout_init: NFSv4 File Layout Driver Registering...
[    0.138664] nfs4flexfilelayout_init: NFSv4 Flexfile Layout Driver Registering...
[    0.138764] 9p: Installing v9fs 9p2000 file system support
[    0.165033] Key type asymmetric registered
[    0.165046] Asymmetric key parser 'x509' registered
[    0.165076] Block layer SCSI generic (bsg) driver version 0.4 loaded (major 243)
[    0.165087] io scheduler mq-deadline registered
[    0.165097] io scheduler kyber registered
[    0.181229] gpio_rcar e6050000.gpio: driving 16 GPIOs
[    0.181561] gpio_rcar e6051000.gpio: driving 29 GPIOs
[    0.181836] gpio_rcar e6052000.gpio: driving 15 GPIOs
[    0.182131] gpio_rcar e6053000.gpio: driving 16 GPIOs
[    0.182400] gpio_rcar e6054000.gpio: driving 18 GPIOs
[    0.182671] gpio_rcar e6055000.gpio: driving 26 GPIOs
[    0.182942] gpio_rcar e6055400.gpio: driving 32 GPIOs
[    0.183199] gpio_rcar e6055800.gpio: driving 4 GPIOs
[    0.186128] rcar-pcie fe000000.pcie: host bridge /soc/pcie@fe000000 ranges:
[    0.186157] rcar-pcie fe000000.pcie:       IO 0x00fe100000..0x00fe1fffff -> 0x0000000000
[    0.186179] rcar-pcie fe000000.pcie:      MEM 0x00fe200000..0x00fe3fffff -> 0x00fe200000
[    0.186198] rcar-pcie fe000000.pcie:      MEM 0x0030000000..0x0037ffffff -> 0x0030000000
[    0.186211] rcar-pcie fe000000.pcie:      MEM 0x0038000000..0x003fffffff -> 0x0038000000
[    0.186232] rcar-pcie fe000000.pcie:   IB MEM 0x0040000000..0x007fffffff -> 0x0040000000
[    0.186275] rcar-pcie fe000000.pcie: no pcie3v3 regulator found
[    0.186287] rcar-pcie fe000000.pcie: no pcie1v8 regulator found
[    0.253656] rcar-pcie fe000000.pcie: PCIe link down
[    0.253837] rcar-pcie ee800000.pcie: host bridge /soc/pcie@ee800000 ranges:
[    0.253862] rcar-pcie ee800000.pcie:       IO 0x00ee900000..0x00ee9fffff -> 0x0000000000
[    0.253882] rcar-pcie ee800000.pcie:      MEM 0x00eea00000..0x00eebfffff -> 0x00eea00000
[    0.253901] rcar-pcie ee800000.pcie:      MEM 0x00c0000000..0x00c7ffffff -> 0x00c0000000
[    0.253914] rcar-pcie ee800000.pcie:      MEM 0x00c8000000..0x00cfffffff -> 0x00c8000000
[    0.253931] rcar-pcie ee800000.pcie:   IB MEM 0x0040000000..0x007fffffff -> 0x0040000000
[    0.253976] rcar-pcie ee800000.pcie: no pcie3v3 regulator found
[    0.253986] rcar-pcie ee800000.pcie: no pcie1v8 regulator found
[    0.413951] rcar-pcie ee800000.pcie: PCIe link down
[    0.416451] EINJ: ACPI disabled.
[    0.450404] Serial: 8250/16550 driver, 4 ports, IRQ sharing enabled
[    0.452819] SuperH (H)SCI(F) driver initialized
[    0.453251] e6550000.serial: ttySC1 at MMIO 0xe6550000 (irq = 42, base_baud = 0) is a hscif
[    0.454001] e6e88000.serial: ttySC0 at MMIO 0xe6e88000 (irq = 128, base_baud = 0) is a scif
[    1.658716] printk: console [ttySC0] enabled
[    1.664121] msm_serial: driver initialized
[    1.674435] rcar-dw-hdmi fead0000.hdmi: Detected HDMI TX controller v2.01a with HDCP (DWC HDMI 2.0 TX PHY)
[    1.684333] rcar-dw-hdmi fead0000.hdmi: registered DesignWare HDMI I2C bus driver
[    1.692587] rcar-dw-hdmi feae0000.hdmi: Detected HDMI TX controller v2.01a with HDCP (DWC HDMI 2.0 TX PHY)
[    1.702439] rcar-dw-hdmi feae0000.hdmi: registered DesignWare HDMI I2C bus driver
[    1.717910] loop: module loaded
[    1.722486] megasas: 07.714.04.00-rc1
[    1.728224] scsi host0: sata_rcar
[    1.731693] ata1: SATA max UDMA/133 irq 181
[    1.741128] tun: Universal TUN/TAP device driver, 1.6
[    1.747091] thunder_xcv, ver 1.0
[    1.750349] thunder_bgx, ver 1.0
[    1.753588] nicpf, ver 1.0
[    1.757718] hclge is initializing
[    1.761052] hns3: Hisilicon Ethernet Network Driver for Hip08 Family - version
[    1.768274] hns3: Copyright (c) 2017 Huawei Corporation.
[    1.773608] e1000: Intel(R) PRO/1000 Network Driver
[    1.778486] e1000: Copyright (c) 1999-2006 Intel Corporation.
[    1.784253] e1000e: Intel(R) PRO/1000 Network Driver
[    1.789217] e1000e: Copyright(c) 1999 - 2015 Intel Corporation.
[    1.795160] igb: Intel(R) Gigabit Ethernet Network Driver
[    1.800559] igb: Copyright (c) 2007-2014 Intel Corporation.
[    1.806146] igbvf: Intel(R) Gigabit Virtual Function Network Driver
[    1.812413] igbvf: Copyright (c) 2009 - 2012 Intel Corporation.
[    1.818750] sky2: driver version 1.30
[    1.826353] ravb e6800000.ethernet eth0: Base address at 0xe6800000, 2e:09:0a:00:c3:9a, IRQ 125.
[    1.836593] VFIO - User Level meta-driver version: 0.3
[    1.843732] ehci_hcd: USB 2.0 'Enhanced' Host Controller (EHCI) Driver
[    1.850269] ehci-pci: EHCI PCI platform driver
[    1.854735] ehci-platform: EHCI generic platform driver
[    1.860333] ehci-platform ee0a0100.usb: EHCI Host Controller
[    1.866014] ehci-platform ee0a0100.usb: new USB bus registered, assigned bus number 1
[    1.873937] ehci-platform ee0a0100.usb: irq 175, io mem 0xee0a0100
[    1.893960] ehci-platform ee0a0100.usb: USB 2.0 started, EHCI 1.10
[    1.900505] hub 1-0:1.0: USB hub found
[    1.904303] hub 1-0:1.0: 1 port detected
[    1.908714] ehci-platform ee0c0100.usb: EHCI Host Controller
[    1.914388] ehci-platform ee0c0100.usb: new USB bus registered, assigned bus number 2
[    1.922292] ehci-platform ee0c0100.usb: irq 176, io mem 0xee0c0100
[    1.941959] ehci-platform ee0c0100.usb: USB 2.0 started, EHCI 1.10
[    1.948415] hub 2-0:1.0: USB hub found
[    1.952185] hub 2-0:1.0: 1 port detected
[    1.981994] ehci-platform ee0e0100.usb: EHCI Host Controller
[    1.987670] ehci-platform ee0e0100.usb: new USB bus registered, assigned bus number 3
[    1.995557] ehci-platform ee0e0100.usb: irq 177, io mem 0xee0e0100
[    2.013957] ehci-platform ee0e0100.usb: USB 2.0 started, EHCI 1.10
[    2.020409] hub 3-0:1.0: USB hub found
[    2.024178] hub 3-0:1.0: 1 port detected
[    2.028550] ehci-orion: EHCI orion driver
[    2.032821] ehci-exynos: EHCI Exynos driver
[    2.037126] ohci_hcd: USB 1.1 'Open' Host Controller (OHCI) Driver
[    2.043323] ohci-pci: OHCI PCI platform driver
[    2.047807] ohci-platform: OHCI generic platform driver
[    2.053336] ohci-platform ee0a0000.usb: Generic Platform OHCI controller
[    2.060056] ohci-platform ee0a0000.usb: new USB bus registered, assigned bus number 4
[    2.067932] ohci-platform ee0a0000.usb: irq 175, io mem 0xee0a0000
[    2.149954] ata1: link resume succeeded after 1 retries
[    2.164277] hub 4-0:1.0: USB hub found
[    2.168051] hub 4-0:1.0: 1 port detected
[    2.172386] ohci-platform ee0c0000.usb: Generic Platform OHCI controller
[    2.179101] ohci-platform ee0c0000.usb: new USB bus registered, assigned bus number 5
[    2.186970] ohci-platform ee0c0000.usb: irq 176, io mem 0xee0c0000
[    2.261386] ata1: SATA link down (SStatus 0 SControl 300)
[    2.280206] hub 5-0:1.0: USB hub found
[    2.283978] hub 5-0:1.0: 1 port detected
[    2.288301] ohci-platform ee0e0000.usb: Generic Platform OHCI controller
[    2.295016] ohci-platform ee0e0000.usb: new USB bus registered, assigned bus number 6
[    2.302904] ohci-platform ee0e0000.usb: irq 177, io mem 0xee0e0000
[    2.396205] hub 6-0:1.0: USB hub found
[    2.399972] hub 6-0:1.0: 1 port detected
[    2.404330] ohci-exynos: OHCI Exynos driver
[    2.409186] xhci-hcd ee000000.usb: xHCI Host Controller
[    2.414428] xhci-hcd ee000000.usb: new USB bus registered, assigned bus number 7
[    2.437685] xhci-hcd ee000000.usb: hcc params 0x014051ce hci version 0x100 quirks 0x0000000000830410
[    2.446856] xhci-hcd ee000000.usb: irq 172, io mem 0xee000000
[    2.452706] xhci-hcd ee000000.usb: xHCI Host Controller
[    2.457947] xhci-hcd ee000000.usb: new USB bus registered, assigned bus number 8
[    2.465350] xhci-hcd ee000000.usb: Host supports USB 3.0 SuperSpeed
[    2.471908] hub 7-0:1.0: USB hub found
[    2.475680] hub 7-0:1.0: 1 port detected
[    2.479768] usb usb8: We don't know the algorithms for LPM for this host, disabling LPM.
[    2.488132] hub 8-0:1.0: USB hub found
[    2.491905] hub 8-0:1.0: 1 port detected
[    2.496707] usbcore: registered new interface driver usb-storage
[    2.504388] renesas_usbhs e6590000.usb: host probed
[    2.509281] renesas_usbhs e6590000.usb: no transceiver found
[    2.515007] renesas_usbhs e6590000.usb: gadget probed
[    2.520223] renesas_usbhs e6590000.usb: probed
[    2.525111] renesas_usbhs e659c000.usb: host probed
[    2.530005] renesas_usbhs e659c000.usb: no transceiver found
[    2.535717] renesas_usbhs e659c000.usb: gadget probed
[    2.540917] renesas_usbhs e659c000.usb: probed
[    2.547833] i2c /dev entries driver
[    2.562380] cs2000-cp 2-004f: revision - C1
[    2.566629] i2c-rcar e6510000.i2c: probed
[    2.571454] pca953x 4-0020: supply vcc not found, using dummy regulator
[    2.578154] pca953x 4-0020: using no AI
[    2.582803] gpio-355 (PCIE/SATA switch): hogged as output/low
[    2.595072] i2c-rcar e66d8000.i2c: probed
[    2.600377] adv748x 4-0070: Endpoint /soc/i2c@e66d8000/video-receiver@70/port@7/endpoint on port 7
[    2.609362] adv748x 4-0070: Endpoint /soc/i2c@e66d8000/video-receiver@70/port@8/endpoint on port 8
[    2.618335] adv748x 4-0070: Endpoint /soc/i2c@e66d8000/video-receiver@70/port@a/endpoint on port 10
[    2.627399] adv748x 4-0070: Endpoint /soc/i2c@e66d8000/video-receiver@70/port@b/endpoint on port 11
[    2.636786] adv748x 4-0070: chip found @ 0xe0 revision 2143
[    2.690347] rcar-csi2 fea80000.csi2: 1 lanes found
[    2.695482] rcar-csi2 feaa0000.csi2: 4 lanes found
[    2.705043] rcar-vin e6ef0000.video: Device registered as video0
[    2.711130] rcar-vin e6ef1000.video: Device registered as video1
[    2.717197] rcar-vin e6ef2000.video: Device registered as video2
[    2.723263] rcar-vin e6ef3000.video: Device registered as video3
[    2.729332] rcar-vin e6ef4000.video: Device registered as video4
[    2.735415] rcar-vin e6ef5000.video: Device registered as video5
[    2.741499] rcar-vin e6ef6000.video: Device registered as video6
[    2.747574] rcar-vin e6ef7000.video: Device registered as video7
[    2.756307] rcar_gen3_thermal e6198000.thermal: is using pseudo fixed FUSE values
[    2.768486] rcar_gen3_thermal e6198000.thermal: TSC0: Loaded 1 trip points
[    2.779746] rcar_gen3_thermal e6198000.thermal: TSC1: Loaded 1 trip points
[    2.790904] rcar_gen3_thermal e6198000.thermal: TSC2: Loaded 3 trip points
[    2.802960] sdhci: Secure Digital Host Controller Interface driver
[    2.809155] sdhci: Copyright(c) Pierre Ossman
[    2.814364] Synopsys Designware Multimedia Card Interface Driver
[    2.814537] renesas_sdhi_internal_dmac ee140000.mmc: Adding to iommu group 0
[    2.814669] renesas_sdhi_internal_dmac ee100000.mmc: Got CD GPIO
[    2.814688] renesas_sdhi_internal_dmac ee100000.mmc: Got WP GPIO
[    2.814910] renesas_sdhi_internal_dmac ee160000.mmc: Got CD GPIO
[    2.814939] renesas_sdhi_internal_dmac ee160000.mmc: Got WP GPIO
[    2.821728] sdhci-pltfm: SDHCI platform and OF driver helper
[    2.827488] renesas_sdhi_internal_dmac ee140000.mmc: Using IPMMU context 1
[    2.864386] ledtrig-cpu: registered to indicate activity on CPUs
[    2.871488] SMCCC: SOC_ID: ARCH_SOC_ID not implemented, skipping ....
[    2.878545] usbcore: registered new interface driver usbhid
[    2.884123] usbhid: USB HID core driver
[    2.891771] optee: probing for conduit method.
[    2.896239] optee: revision 3.22 (314ecf9d)
[    2.896774] optee driver R-Car Rev.1.0.11
[    2.905299] optee: dynamic shared memory is enabled
[    2.910033] renesas_sdhi_internal_dmac ee140000.mmc: mmc0 base at 0x00000000ee140000, max clock rate 200 MHz
[    2.910445] optee: initialized driver
[    2.934491] rcar_sound ec500000.sound: probed
[    2.939530] NET: Registered protocol family 17
[    2.944108] 9pnet: Installing 9P2000 support
[    2.948436] Key type dns_resolver registered
[    2.953177] registered taskstats version 1
[    2.957288] Loading compiled-in X.509 certificates
[    2.972006] thermal emergency: set temperature to 110 celsius
[    2.977986] thermal emergency: shutdown target cpus 1-7
[    2.983214] thermal emergency: freq scaled target cpus 0
[    2.988871] renesas_irqc e61c0000.interrupt-controller: driving 6 irqs
[    2.999162] mmc0: new HS400 MMC card at address 0001
[    3.004891] mmcblk0: mmc0:0001 BGSD3R 29.1 GiB 
[    3.009830] mmcblk0boot0: mmc0:0001 BGSD3R partition 1 16.0 MiB
[    3.016137] mmcblk0boot1: mmc0:0001 BGSD3R partition 2 16.0 MiB
[    3.022326] mmcblk0rpmb: mmc0:0001 BGSD3R partition 3 4.00 MiB, chardev (509:0)
[    3.031247]  mmcblk0: p1
[    3.033981] ehci-platform ee080100.usb: EHCI Host Controller
[    3.039670] ehci-platform ee080100.usb: new USB bus registered, assigned bus number 9
[    3.047573] ehci-platform ee080100.usb: irq 174, io mem 0xee080100
[    3.065962] ehci-platform ee080100.usb: USB 2.0 started, EHCI 1.10
[    3.072625] hub 9-0:1.0: USB hub found
[    3.076398] hub 9-0:1.0: 1 port detected
[    3.081905] ohci-platform ee080000.usb: Generic Platform OHCI controller
[    3.088632] ohci-platform ee080000.usb: new USB bus registered, assigned bus number 10
[    3.096610] ohci-platform ee080000.usb: irq 174, io mem 0xee080000
[    3.192556] hub 10-0:1.0: USB hub found
[    3.196417] hub 10-0:1.0: 1 port detected
[    3.201770] cpu cpu0: EM: created perf domain
[    3.206699] cpu cpu4: EM: created perf domain
[    3.215832] renesas_sdhi_internal_dmac ee100000.mmc: Got CD GPIO
[    3.216920] renesas_sdhi_internal_dmac ee160000.mmc: Got CD GPIO
[    3.218964] [drm] Initialized rcar-du 1.0.0 20130110 for feb00000.display on minor 0
[    3.218967] [drm] Device feb00000.display probed
[    3.221920] renesas_sdhi_internal_dmac ee100000.mmc: Got WP GPIO
[    3.227969] renesas_sdhi_internal_dmac ee160000.mmc: Got WP GPIO
[    3.285189] renesas_sdhi_internal_dmac ee100000.mmc: mmc1 base at 0x00000000ee100000, max clock rate 200 MHz
[    3.291938] Console: switching to colour frame buffer device 128x48
[    3.300027] renesas_sdhi_internal_dmac ee160000.mmc: mmc2 base at 0x00000000ee160000, max clock rate 200 MHz
[    3.333083] rcar-du feb00000.display: [drm] fb0: rcar-dudrmfb frame buffer device
[    3.345467] input: keys as /devices/platform/keys/input/input0
[    3.425184] Micrel KSZ9031 Gigabit PHY e6800000.ethernet-ffffffff:00: attached PHY driver [Micrel KSZ9031 Gigabit PHY] (mii_bus:phy_addr=e6800000.ethernet-ffffffff:00, irq=183)
[   12.720560] ravb e6800000.ethernet eth0: Link is Up - 1Gbps/Full - flow control off
[   12.749994] IP-Config: Guessing netmask 255.255.255.0
[   12.755156] IP-Config: Complete:
[   12.758472]      device=eth0, hwaddr=2e:09:0a:00:c3:9a, ipaddr=192.168.10.167, mask=255.255.255.0, gw=255.255.255.255
[   12.769282]      host=192.168.10.167, domain=, nis-domain=(none)
[   12.775414]      bootserver=255.255.255.255, rootserver=192.168.10.99, rootpath=
[   12.776030] ALSA device list:
[   12.786661]   No soundcards found.
[   13.847091] VFS: Mounted root (nfs4 filesystem) on device 0:22.
[   13.853894] devtmpfs: mounted
[   13.860989] Freeing unused kernel memory: 6144K
[   13.890099] Run /sbin/init as init process
[   14.062121] systemd[1]: System time before build time, advancing clock.
[   14.441447] NET: Registered protocol family 10
[   14.447475] Segment Routing with IPv6
[   14.463981] systemd[1]: Configuration file /etc/systemd/system.conf is marked executable. Please remove executable permission bits. Proceeding anyway.
[   14.484448] systemd[1]: Configuration file /lib/systemd/system.conf.d/00-systemd-conf.conf is marked executable. Please remove executable permission bits. Proceeding anyway.
[   14.505843] systemd[1]: systemd 244 running in system mode. (+PAM -AUDIT -SELINUX +IMA -APPARMOR -SMACK +SYSVINIT +UTMP -LIBCRYPTSETUP -GCRYPT -GNUTLS +ACL +XZ -LZ4 -SECCOMP +BLKID -ELFUTILS +KMOD -IDN2 -IDN -PCRE2 default-hierarchy=hybrid)
[   14.529345] systemd[1]: Detected architecture arm64.

Welcome to [1mPoky (Yocto Project Reference Distro) 3.1.11 (dunfell)[0m!

[   14.564595] systemd[1]: Set hostname to <salvator-x>.
[   14.771126] systemd[1]: Configuration file /lib/systemd/system/local-fs.target is marked executable. Please remove executable permission bits. Proceeding anyway.
[   14.811890] systemd[1]: Configuration file /lib/systemd/system/swap.target is marked executable. Please remove executable permission bits. Proceeding anyway.
[   14.839598] systemd[1]: Configuration file /lib/systemd/system/umount.target is marked executable. Please remove executable permission bits. Proceeding anyway.
[   14.865717] systemd[1]: Configuration file /lib/systemd/system/systemd-journald.socket is marked executable. Please remove executable permission bits. Proceeding anyway.
[   14.894920] systemd[1]: Configuration file /lib/systemd/system/systemd-journald.service is marked executable. Please remove executable permission bits. Proceeding anyway.
[   14.923404] systemd[1]: Configuration file /lib/systemd/system/sysinit.target is marked executable. Please remove executable permission bits. Proceeding anyway.
[   14.964481] systemd[1]: Configuration file /lib/systemd/system/systemd-update-utmp.service is marked executable. Please remove executable permission bits. Proceeding anyway.
[   14.987424] systemd[1]: Configuration file /lib/systemd/system/systemd-update-done.service is marked executable. Please remove executable permission bits. Proceeding anyway.
[   15.009615] systemd[1]: Configuration file /lib/systemd/system/systemd-udevd.service is marked executable. Please remove executable permission bits. Proceeding anyway.
[   15.029975] systemd[1]: Configuration file /lib/systemd/system/systemd-udevd-kernel.socket is marked executable. Please remove executable permission bits. Proceeding anyway.
[   15.050997] systemd[1]: Configuration file /lib/systemd/system/systemd-udevd-control.socket is marked executable. Please remove executable permission bits. Proceeding anyway.
[   15.072355] systemd[1]: Configuration file /lib/systemd/system/systemd-udev-trigger.service is marked executable. Please remove executable permission bits. Proceeding anyway.
[   15.093436] systemd[1]: Configuration file /lib/systemd/system/systemd-tmpfiles-setup.service is marked executable. Please remove executable permission bits. Proceeding anyway.
[   15.114635] systemd[1]: Configuration file /lib/systemd/system/systemd-tmpfiles-setup-dev.service is marked executable. Please remove executable permission bits. Proceeding anyway.
[   15.136161] systemd[1]: Configuration file /lib/systemd/system/systemd-timesyncd.service is marked executable. Please remove executable permission bits. Proceeding anyway.
[   15.157710] systemd[1]: Configuration file /lib/systemd/system/time-sync.target is marked executable. Please remove executable permission bits. Proceeding anyway.
[   15.177494] systemd[1]: Configuration file /lib/systemd/system/time-set.target is marked executable. Please remove executable permission bits. Proceeding anyway.
[   15.197316] systemd[1]: Configuration file /lib/systemd/system/systemd-sysusers.service is marked executable. Please remove executable permission bits. Proceeding anyway.
[   15.218531] systemd[1]: Configuration file /lib/systemd/system/systemd-sysctl.service is marked executable. Please remove executable permission bits. Proceeding anyway.
[   15.238928] systemd[1]: Configuration file /lib/systemd/system/systemd-random-seed.service is marked executable. Please remove executable permission bits. Proceeding anyway.
[   15.262641] systemd[1]: Configuration file /lib/systemd/system/systemd-modules-load.service is marked executable. Please remove executable permission bits. Proceeding anyway.
[   15.284057] systemd[1]: Configuration file /lib/systemd/system/systemd-machine-id-commit.service is marked executable. Please remove executable permission bits. Proceeding anyway.
[   15.305957] systemd[1]: Configuration file /lib/systemd/system/systemd-journal-flush.service is marked executable. Please remove executable permission bits. Proceeding anyway.
[   15.327279] systemd[1]: Configuration file /lib/systemd/system/systemd-journal-catalog-update.service is marked executable. Please remove executable permission bits. Proceeding anyway.
[   15.350092] systemd[1]: Configuration file /lib/systemd/system/systemd-hwdb-update.service is marked executable. Please remove executable permission bits. Proceeding anyway.
[   15.370913] systemd[1]: Configuration file /lib/systemd/system/systemd-ask-password-console.path is marked executable. Please remove executable permission bits. Proceeding anyway.
[   15.393179] systemd[1]: Configuration file /lib/systemd/system/systemd-ask-password-console.service is marked executable. Please remove executable permission bits. Proceeding anyway.
[   15.415308] systemd[1]: Configuration file /lib/systemd/system/systemd-vconsole-setup.service is marked executable. Please remove executable permission bits. Proceeding anyway.
[   15.436707] systemd[1]: Configuration file /lib/systemd/system/initrd-switch-root.target is marked executable. Please remove executable permission bits. Proceeding anyway.
[   15.457823] systemd[1]: Configuration file /lib/systemd/system/initrd-cleanup.service is marked executable. Please remove executable permission bits. Proceeding anyway.
[   15.478339] systemd[1]: Configuration file /lib/systemd/system/initrd.target is marked executable. Please remove executable permission bits. Proceeding anyway.
[   15.497727] systemd[1]: Configuration file /lib/systemd/system/rescue.target is marked executable. Please remove executable permission bits. Proceeding anyway.
[   15.524546] systemd[1]: Configuration file /lib/systemd/system/remote-fs.target is marked executable. Please remove executable permission bits. Proceeding anyway.
[   15.544408] systemd[1]: Configuration file /lib/systemd/system/remote-fs-pre.target is marked executable. Please remove executable permission bits. Proceeding anyway.
[   15.564878] systemd[1]: Configuration file /lib/systemd/system/graphical.target is marked executable. Please remove executable permission bits. Proceeding anyway.
[   15.588906] systemd[1]: Configuration file /lib/systemd/system/multi-user.target is marked executable. Please remove executable permission bits. Proceeding anyway.
[   15.622990] systemd[1]: Configuration file /lib/systemd/system/xinetd.service is marked executable. Please remove executable permission bits. Proceeding anyway.
[   15.642137] systemd[1]: Configuration file /lib/systemd/system/network.target is marked executable. Please remove executable permission bits. Proceeding anyway.
[   15.661706] systemd[1]: Configuration file /lib/systemd/system/network-pre.target is marked executable. Please remove executable permission bits. Proceeding anyway.
[   15.681554] systemd[1]: Configuration file /lib/systemd/system/systemd-user-sessions.service is marked executable. Please remove executable permission bits. Proceeding anyway.
[   15.702854] systemd[1]: Configuration file /lib/systemd/system/nss-user-lookup.target is marked executable. Please remove executable permission bits. Proceeding anyway.
[   15.723366] systemd[1]: Configuration file /lib/systemd/system/systemd-resolved.service is marked executable. Please remove executable permission bits. Proceeding anyway.
[   15.744845] systemd[1]: Configuration file /lib/systemd/system/nss-lookup.target is marked executable. Please remove executable permission bits. Proceeding anyway.
[   15.764868] systemd[1]: Configuration file /lib/systemd/system/systemd-networkd.service is marked executable. Please remove executable permission bits. Proceeding anyway.
[   15.786305] systemd[1]: Configuration file /lib/systemd/system/systemd-logind.service is marked executable. Please remove executable permission bits. Proceeding anyway.
[   15.807826] systemd[1]: Configuration file /lib/systemd/system/dbus.socket is marked executable. Please remove executable permission bits. Proceeding anyway.
[   15.827668] systemd[1]: Configuration file /lib/systemd/system/user.slice is marked executable. Please remove executable permission bits. Proceeding anyway.
[   15.846744] systemd[1]: Configuration file /lib/systemd/system/slices.target is marked executable. Please remove executable permission bits. Proceeding anyway.
[   15.866018] systemd[1]: Configuration file /lib/systemd/system/systemd-ask-password-wall.path is marked executable. Please remove executable permission bits. Proceeding anyway.
[   15.887364] systemd[1]: Configuration file /lib/systemd/system/systemd-ask-password-wall.service is marked executable. Please remove executable permission bits. Proceeding anyway.
[   15.908819] systemd[1]: Configuration file /lib/systemd/system/rpcbind.service is marked executable. Please remove executable permission bits. Proceeding anyway.
[   15.928174] systemd[1]: Configuration file /lib/systemd/system/rpcbind.target is marked executable. Please remove executable permission bits. Proceeding anyway.
[   15.947579] systemd[1]: Configuration file /lib/systemd/system/rpcbind.socket is marked executable. Please remove executable permission bits. Proceeding anyway.
[   15.965968] random: crng init done
[   15.971983] systemd[1]: Configuration file /lib/systemd/system/rc.pvr.service is marked executable. Please remove executable permission bits. Proceeding anyway.
[   15.991684] systemd[1]: Configuration file /lib/systemd/system/optee.service is marked executable. Please remove executable permission bits. Proceeding anyway.
[   16.011367] systemd[1]: Configuration file /lib/systemd/system/getty.target is marked executable. Please remove executable permission bits. Proceeding anyway.
[   16.033882] systemd[1]: Configuration file /lib/systemd/system/serial-getty@.service is marked executable. Please remove executable permission bits. Proceeding anyway.
[   16.055523] systemd[1]: Configuration file /lib/systemd/system/rc-local.service is marked executable. Please remove executable permission bits. Proceeding anyway.
[   16.075509] systemd[1]: Configuration file /lib/systemd/system/getty-pre.target is marked executable. Please remove executable permission bits. Proceeding anyway.
[   16.095865] systemd[1]: Configuration file /lib/systemd/system/getty@.service is marked executable. Please remove executable permission bits. Proceeding anyway.
[   16.116708] systemd[1]: Configuration file /lib/systemd/system/dbus.service is marked executable. Please remove executable permission bits. Proceeding anyway.
[   16.136181] systemd[1]: Configuration file /lib/systemd/system/avahi-daemon.service is marked executable. Please remove executable permission bits. Proceeding anyway.
[   16.156980] systemd[1]: Configuration file /lib/systemd/system/avahi-daemon.socket is marked executable. Please remove executable permission bits. Proceeding anyway.
[   16.178978] systemd[1]: Configuration file /lib/systemd/system/systemd-update-utmp-runlevel.service is marked executable. Please remove executable permission bits. Proceeding anyway.
[   16.201189] systemd[1]: Configuration file /lib/systemd/system/rescue.service is marked executable. Please remove executable permission bits. Proceeding anyway.
[   16.220847] systemd[1]: Configuration file /lib/systemd/system/initrd-parse-etc.service is marked executable. Please remove executable permission bits. Proceeding anyway.
[   16.241722] systemd[1]: Configuration file /lib/systemd/system/initrd-root-device.target is marked executable. Please remove executable permission bits. Proceeding anyway.
[   16.262629] systemd[1]: Configuration file /lib/systemd/system/basic.target is marked executable. Please remove executable permission bits. Proceeding anyway.
[   16.281978] systemd[1]: Configuration file /lib/systemd/system/timers.target is marked executable. Please remove executable permission bits. Proceeding anyway.
[   16.303894] systemd[1]: Configuration file /lib/systemd/system/systemd-tmpfiles-clean.timer is marked executable. Please remove executable permission bits. Proceeding anyway.
[   16.325114] systemd[1]: Configuration file /lib/systemd/system/systemd-tmpfiles-clean.service is marked executable. Please remove executable permission bits. Proceeding anyway.
[   16.346505] systemd[1]: Configuration file /lib/systemd/system/initrd-fs.target is marked executable. Please remove executable permission bits. Proceeding anyway.
[   16.366496] systemd[1]: Configuration file /lib/systemd/system/initrd-root-fs.target is marked executable. Please remove executable permission bits. Proceeding anyway.
[   16.386832] systemd[1]: Configuration file /lib/systemd/system/initrd-udevadm-cleanup-db.service is marked executable. Please remove executable permission bits. Proceeding anyway.
[   16.408840] systemd[1]: Configuration file /lib/systemd/system/systemd-udev-settle.service is marked executable. Please remove executable permission bits. Proceeding anyway.
[   16.429809] systemd[1]: Configuration file /lib/systemd/system/initrd-switch-root.service is marked executable. Please remove executable permission bits. Proceeding anyway.
[   16.450634] systemd[1]: Configuration file /lib/systemd/system/paths.target is marked executable. Please remove executable permission bits. Proceeding anyway.
[   16.469812] systemd[1]: Configuration file /lib/systemd/system/sys-kernel-debug.mount is marked executable. Please remove executable permission bits. Proceeding anyway.
[   16.491004] systemd[1]: Configuration file /lib/systemd/system/sys-kernel-config.mount is marked executable. Please remove executable permission bits. Proceeding anyway.
[   16.511822] systemd[1]: Configuration file /lib/systemd/system/sys-fs-fuse-connections.mount is marked executable. Please remove executable permission bits. Proceeding anyway.
[   16.533375] systemd[1]: Configuration file /lib/systemd/system/psplash-systemd.service is marked executable. Please remove executable permission bits. Proceeding anyway.
[   16.553919] systemd[1]: Configuration file /lib/systemd/system/psplash-start.service is marked executable. Please remove executable permission bits. Proceeding anyway.
[   16.574496] systemd[1]: Configuration file /lib/systemd/system/ldconfig.service is marked executable. Please remove executable permission bits. Proceeding anyway.
[   16.593961] systemd[1]: Configuration file /lib/systemd/system/kmod-static-nodes.service is marked executable. Please remove executable permission bits. Proceeding anyway.
[   16.614696] systemd[1]: Configuration file /lib/systemd/system/dev-mqueue.mount is marked executable. Please remove executable permission bits. Proceeding anyway.
[   16.634525] systemd[1]: Configuration file /lib/systemd/system/dev-hugepages.mount is marked executable. Please remove executable permission bits. Proceeding anyway.
[   16.654996] systemd[1]: Configuration file /lib/systemd/system/emergency.service is marked executable. Please remove executable permission bits. Proceeding anyway.
[   16.674871] systemd[1]: Configuration file /lib/systemd/system/syslog.socket is marked executable. Please remove executable permission bits. Proceeding anyway.
[   16.694601] systemd[1]: Configuration file /lib/systemd/system/systemd-journald-audit.socket is marked executable. Please remove executable permission bits. Proceeding anyway.
[   16.715989] systemd[1]: Configuration file /lib/systemd/system/systemd-journald-dev-log.socket is marked executable. Please remove executable permission bits. Proceeding anyway.
[   16.737822] systemd[1]: Configuration file /lib/systemd/system/sockets.target is marked executable. Please remove executable permission bits. Proceeding anyway.
[   16.769381] systemd[1]: Configuration file /lib/systemd/system/systemd-networkd.socket is marked executable. Please remove executable permission bits. Proceeding anyway.
[   16.789756] systemd[1]: Configuration file /lib/systemd/system/systemd-initctl.socket is marked executable. Please remove executable permission bits. Proceeding anyway.
[   16.810313] systemd[1]: Configuration file /lib/systemd/system/systemd-initctl.service is marked executable. Please remove executable permission bits. Proceeding anyway.
[   16.830852] systemd[1]: Configuration file /lib/systemd/system/dropbear.socket is marked executable. Please remove executable permission bits. Proceeding anyway.
[   16.850430] systemd[1]: Configuration file /lib/systemd/system/var-volatile-srv.service is marked executable. Please remove executable permission bits. Proceeding anyway.
[   16.871193] systemd[1]: Configuration file /lib/systemd/system/var-volatile-spool.service is marked executable. Please remove executable permission bits. Proceeding anyway.
[   16.892139] systemd[1]: Configuration file /lib/systemd/system/var-volatile-lib.service is marked executable. Please remove executable permission bits. Proceeding anyway.
[   16.913131] systemd[1]: Configuration file /lib/systemd/system/var-volatile-cache.service is marked executable. Please remove executable permission bits. Proceeding anyway.
[   16.933543] systemd[1]: Configuration file /lib/systemd/system/tmp.mount is marked executable. Please remove executable permission bits. Proceeding anyway.
[   16.952506] systemd[1]: Configuration file /lib/systemd/system/systemd-remount-fs.service is marked executable. Please remove executable permission bits. Proceeding anyway.
[   16.973733] systemd[1]: Configuration file /lib/systemd/system/systemd-fsck-root.service is marked executable. Please remove executable permission bits. Proceeding anyway.
[   16.994464] systemd[1]: Configuration file /lib/systemd/system/emergency.target is marked executable. Please remove executable permission bits. Proceeding anyway.
[   17.013978] systemd[1]: Configuration file /lib/systemd/system/local-fs-pre.target is marked executable. Please remove executable permission bits. Proceeding anyway.
[   17.034076] systemd[1]: Configuration file /lib/systemd/system/shutdown.target is marked executable. Please remove executable permission bits. Proceeding anyway.
[   17.055674] systemd[1]: system-getty.slice: unit configures an IP firewall, but the local system does not support BPF/cgroup firewalling.
[   17.070837] systemd[1]: (This warning is only shown for the first unit using IP firewalling.)
[   17.082712] systemd[1]: Created slice system-getty.slice.
[[0;32m  OK  [0m] Created slice [0;1;39msystem-getty.slice[0m.
[   17.110773] systemd[1]: Created slice system-serial\x2dgetty.slice.
[[0;32m  OK  [0m] Created slice [0;1;39msystem-serial\x2dgetty.slice[0m.
[   17.134556] systemd[1]: Created slice User and Session Slice.
[[0;32m  OK  [0m] Created slice [0;1;39mUser and Session Slice[0m.
[   17.158271] systemd[1]: Started Dispatch Password Requests to Console Directory Watch.
[[0;32m  OK  [0m] Started [0;1;39mDispatch Password …ts to Console Directory Watch[0m.
[   17.186192] systemd[1]: Started Forward Password Requests to Wall Directory Watch.
[[0;32m  OK  [0m] Started [0;1;39mForward Password R…uests to Wall Directory Watch[0m.
[   17.214113] systemd[1]: Reached target Paths.
[[0;32m  OK  [0m] Reached target [0;1;39mPaths[0m.
[   17.234194] systemd[1]: Reached target Remote File Systems.
[[0;32m  OK  [0m] Reached target [0;1;39mRemote File Systems[0m.
[   17.258108] systemd[1]: Reached target Slices.
[[0;32m  OK  [0m] Reached target [0;1;39mSlices[0m.
[   17.282142] systemd[1]: Reached target Swap.
[[0;32m  OK  [0m] Reached target [0;1;39mSwap[0m.
[   17.308841] systemd[1]: Listening on RPCbind Server Activation Socket.
[[0;32m  OK  [0m] Listening on [0;1;39mRPCbind Server Activation Socket[0m.
[   17.338147] systemd[1]: Reached target RPC Port Mapper.
[[0;32m  OK  [0m] Reached target [0;1;39mRPC Port Mapper[0m.
[   17.366453] systemd[1]: Listening on initctl Compatibility Named Pipe.
[[0;32m  OK  [0m] Listening on [0;1;39minitctl Compatibility Named Pipe[0m.
[   17.396181] systemd[1]: Listening on Journal Audit Socket.
[[0;32m  OK  [0m] Listening on [0;1;39mJournal Audit Socket[0m.
[   17.423988] systemd[1]: Listening on Journal Socket (/dev/log).
[[0;32m  OK  [0m] Listening on [0;1;39mJournal Socket (/dev/log)[0m.
[   17.450748] systemd[1]: Listening on Journal Socket.
[[0;32m  OK  [0m] Listening on [0;1;39mJournal Socket[0m.
[   17.480154] systemd[1]: Listening on Network Service Netlink Socket.
[[0;32m  OK  [0m] Listening on [0;1;39mNetwork Service Netlink Socket[0m.
[   17.512667] systemd[1]: Listening on udev Control Socket.
[[0;32m  OK  [0m] Listening on [0;1;39mudev Control Socket[0m.
[   17.538577] systemd[1]: Listening on udev Kernel Socket.
[[0;32m  OK  [0m] Listening on [0;1;39mudev Kernel Socket[0m.
[   17.571468] systemd[1]: Mounting Huge Pages File System...
         Mounting [0;1;39mHuge Pages File System[0m...
[   17.603271] systemd[1]: Mounting POSIX Message Queue File System...
         Mounting [0;1;39mPOSIX Message Queue File System[0m...
[   17.635295] systemd[1]: Mounting Kernel Debug File System...
         Mounting [0;1;39mKernel Debug File System[0m...
[   17.670785] systemd[1]: Mounting Temporary Directory (/tmp)...
         Mounting [0;1;39mTemporary Directory (/tmp)[0m...
[   17.704269] systemd[1]: Starting Create list of static device nodes for the current kernel...
         Starting [0;1;39mCreate list of st…odes for the current kernel[0m...
[   17.739076] systemd[1]: Starting Start psplash boot splash screen...
         Starting [0;1;39mStart psplash boot splash screen[0m...
[   17.772814] systemd[1]: Starting RPC Bind...
         Starting [0;1;39mRPC Bind[0m...
[   17.807208] systemd[1]: Condition check resulted in File System Check on Root Device being skipped.
[   17.822103] systemd[1]: Starting Journal Service...
         Starting [0;1;39mJournal Service[0m...
[   17.841536] systemd-journald[348]: Configuration file /etc/systemd/journald.conf is marked executable. Please remove executable permission bits. Proceeding anyway.
[   17.858129] systemd-journald[348]: Configuration file /lib/systemd/journald.conf.d/00-systemd-conf.conf is marked executable. Please remove executable permission bits. Proceeding anyway.
[   17.888681] systemd[1]: Starting Load Kernel Modules...
         Starting [0;1;39mLoad Kernel Modules[0m...
[   17.915466] systemd[1]: Starting Remount Root and Kernel File Systems...
         Starting [0;1;39mRemount Root and Kernel File Systems[0m...
[   17.946484] systemd[1]: Starting udev Coldplug all Devices...
         Starting [0;1;39mudev Coldplug all Devices[0m...
[   17.970099] systemd[1]: Started Start psplash boot splash screen.
[[0;32m  OK  [0m] Started [0;1;39mStart psplash boot splash screen[0m.
[   17.994833] systemd[1]: Started RPC Bind.
[[0;32m  OK  [0m] Started [0;1;39mRPC Bind[0m.
[   18.014799] systemd[1]: Started Journal Service.
[[0;32m  OK  [0m] Started [0;1;39mJournal Service[0m.
[[0;32m  OK  [0m] Mounted [0;1;39mHuge Pages File System[0m.
[[0;32m  OK  [0m] Mounted [0;1;39mPOSIX Message Queue File System[0m.
[[0;32m  OK  [0m] Mounted [0;1;39mKernel Debug File System[0m.
[[0;32m  OK  [0m] Mounted [0;1;39mTemporary Directory (/tmp)[0m.
[[0;32m  OK  [0m] Started [0;1;39mCreate list of sta… nodes for the current kernel[0m.
[[0;32m  OK  [0m] Started [0;1;39mLoad Kernel Modules[0m.
[[0;32m  OK  [0m] Started [0;1;39mRemount Root and Kernel File Systems[0m.
         Mounting [0;1;39mKernel Configuration File System[0m...
[[0;32m  OK  [0m] Started [0;1;39mStart psplash-syst…progress communication helper[0m.
         Starting [0;1;39mFlush Journal to Persistent Storage[0m...
         Starting [0;1;39mApply Kernel Variables[0m...
[   18.254657] systemd-journald[348]: Received client request to flush runtime journal.
         Starting [0;1;39mCreate Static Device Nodes in /dev[0m...
[[0;32m  OK  [0m] Mounted [0;1;39mKernel Configuration File System[0m.
[[0;32m  OK  [0m] Started [0;1;39mFlush Journal to Persistent Storage[0m.
[[0;32m  OK  [0m] Started [0;1;39mApply Kernel Variables[0m.
[[0;32m  OK  [0m] Started [0;1;39mCreate Static Device Nodes in /dev[0m.
[[0;32m  OK  [0m] Reached target [0;1;39mLocal File Systems (Pre)[0m.
         Mounting [0;1;39m/var/volatile[0m...
         Starting [0;1;39mudev Kernel Device Manager[0m...
[[0;32m  OK  [0m] Started [0;1;39mudev Coldplug all Devices[0m.
[[0;32m  OK  [0m] Mounted [0;1;39m/var/volatile[0m.
         Starting [0;1;39mLoad/Save Random Seed[0m...
[[0;32m  OK  [0m] Reached target [0;1;39mLocal File Systems[0m.
         Starting [0;1;39mCreate Volatile Files and Directories[0m...
[[0;32m  OK  [0m] Started [0;1;39mudev Kernel Device Manager[0m.
[[0;32m  OK  [0m] Started [0;1;39mLoad/Save Random Seed[0m.
         Starting [0;1;39mNetwork Service[0m...
[[0;32m  OK  [0m] Started [0;1;39mCreate Volatile Files and Directories[0m.
[[0;32m  OK  [0m] Started [0;1;39mNetwork Service[0m.
         Starting [0;1;39mNetwork Name Resolution[0m...
         Starting [0;1;39mNetwork Time Synchronization[0m...
         Starting [0;1;39mUpdate UTMP about System Boot/Shutdown[0m...
[[0;32m  OK  [0m] Started [0;1;39mUpdate UTMP about System Boot/Shutdown[0m.
[   18.815210] pwm-backlight: probe of backlight failed with error -16
[[0;32m  OK  [0m] Started [0;1;39mNetwork Time Synchronization[0m.
[[0;32m  OK  [0m] Reached targ[   18.905491] at24 7-0050: supply vcc not found, using dummy regulator
et [0;1;39mSystem Initialization[0m.
[   18.916350] at24 7-0050: 128 byte br24t01 EEPROM, writable, 8 bytes/write
[[0;32m  OK  [0m] Started [0;1;39mDaily Cleanup of Temporary Directories[0m.
[[0;32m  OK  [0m] Reached target [0;1;39mSystem Time Set[0m.
[[0;32m  OK  [0m] Reached target [0;1;39mSystem Time Synchronized[0m.
[[0;32m  OK  [0m] Reached target [0;1;39mTimers[0m.
[[0;32m  OK  [0m] Reached target [0;1;39mHardware activated USB gadget[0m.
[   19.005205] renesas_usb3 ee020000.usb: probed with phy
[[0;32m  OK  [0m] Listening on [0;1;39mAvahi mDNS/DNS-SD Stack Activation Socket[0m.
[[0;32m  OK  [0m] Listening on [0;1;39mD-Bus System M[   19.039146] ccree e6601000.crypto: ARM CryptoCell 630P Driver: HW version 0xAF400001/0xDCC63000, Driver version 5.0
essage Bus Socket[0m.
[[0;32m  OK  [0m] Listening on [0;1;39mdropbear.socket[0m.
[[0;32m  OK  [[   19.086505] ccree e6601000.crypto: ARM ccree device initialized
0m] Reached target [0;1;39mSockets[0m.
[[0;32m  OK  [0m] Reached target [0;1;39mBasic System[0m.
[[0;32m  OK  [0m] Started [0;1;39mD-Bus System Message Bus[0m.
[[0;32m  OK  [0m] Started [0;1;39moptee services[0m.
         Starting [0;1;39mpvrinit.service[0m...
         Starting [0;1;39mPowerVR consumer services[0m...
         Starting [0;1;39mLogin Service[0m...
[[0;32m  OK  [0m] Started [0;1;39mNetwork Name Resolution[0m.
[[0;1;31mFAILED[0m] Failed to start [0;1;39mpvrinit.service[0m.
See 'systemctl status pvrinit.service' for details.
[[0;1;31mFAILED[0m] Failed to start [0;1;39mPowerVR consumer services[0m.
See 'systemctl status rc.pvr.service' for details.
[[0;1;38;5;185mDEPEND[0m] Dependency failed for [0;1;39mWeston Wayland Compositor[0m.
[[0;32m  OK  [0m] Created slice [0;1;39msystem-weston.slice[0m.
[[0;32m  OK  [0m] Reached target [0;1;39mNetwork[0m.
[[0;32m  OK  [0m] Reached target [0;1;39mHost and Network Name Lookups[0m.
         Starting [0;1;39mAvahi mDNS/DNS-SD Stack[0m...
         Starting [0;1;39mPowerVR consumer services[0m...
         Starting [0;1;39mset_default_governor.service[0m...
         Starting [0;1;39mPermit User Sessions[0m...
[[0;32m  OK  [0m] Started [0;1;39mXinetd A Powerful Replacement For Inetd[0m.
[   19.618288] rd 0-7: Disabling EAS, schedutil is mandatory
[[0;1;31mFAILED[0m] Failed to start [0;1;39mPowerVR consumer services[0m.
See 'systemctl status rc.pvr.service' for details.
[[0;1;38;5;185mDEPEND[0m] Dependency failed for [0;1;39mWeston Wayland Compositor[0m.
[[0;32m  OK  [0m] Started [0;1;39mset_default_governor.service[0m.
[[0;32m  OK  [0m] Started [0;1;39mPermit User Sessions[0m.
[[0;32m  OK  [0m] Started [0;1;39mLogin Service[0m.
[[0;32m  OK  [0m] Started [0;1;39mAvahi mDNS/DNS-SD Stack[0m.
[[0;32m  OK  [0m] Started [0;1;39mGetty on tty1[0m.
[[0;32m  OK  [0m] Started [0;1;39mSerial Getty on ttySC0[0m.
[[0;32m  OK  [0m] Reached target [0;1;39mLogin Prompts[0m.
[[0;32m  OK  [0m] Reached target [0;1;39mMulti-User System[0m.
         Starting [0;1;39mUpdate UTMP about System Runlevel Changes[0m...
[[0;32m  OK  [0m] Started [0;1;39mUpdate UTMP about System Runlevel Changes[0m.

Poky (Yocto Project Reference Distro) 3.1.11 salvator-x ttySC0

salvator-x login: 
salvator-x login: root
[   21.838313] audit: type=1006 audit(1708653591.339:2): pid=528 uid=0 old-auid=4294967295 auid=0 tty=(none) old-ses=4294967295 ses=1 res=1
7[r[999;999H[6n8root@salvator-x:~# 
root@salvator-x:~# 
root@salvator-x:~# 
root@salvator-x:~# 
root@salvator-x:~# 
root@salvator-x:~# 
root@salvator-x:~# 
root@salvator-x:~# 
root@salvator-x:~# 
Plug in USB device at CN10L


Press any button to continue

[   37.545963] usb 1-1: new high-speed USB device number 2 using ehci-platform
[   37.707655] usb-storage 1-1:1.0: USB Mass Storage device detected
[   37.714495] scsi host1: usb-storage 1-1:1.0
[   38.751056] scsi 1:0:0:0: Direct-Access     SanDisk  Ultra            1.00 PQ: 0 ANSI: 6
[   38.760417] sd 1:0:0:0: [sda] 121307136 512-byte logical blocks: (62.1 GB/57.8 GiB)
[   38.769485] sd 1:0:0:0: [sda] Write Protect is off
[   38.775324] sd 1:0:0:0: [sda] Write cache: disabled, read cache: enabled, doesn't support DPO or FUA
[   38.818725]  sda: sda1
[   38.825205] sd 1:0:0:0: [sda] Attached SCSI removable disk

----------Prepare----------


root@salvator-x:~# find /sys/devices/platform/soc/ee0a0100.usb/ -name 'sd*'
/sys/devices/platform/soc/ee0a0100.usb/usb1/1-1/1-1:1.0/host1/target1:0:0/1:0:0:0/block/sda
/sys/devices/platform/soc/ee0a0100.usb/usb1/1-1/1-1:1.0/host1/target1:0:0/1:0:0:0/block/sda/sda1
root@salvator-x:~# 
root@salvator-x:~# dd if=/dev/urandom of=testdata bs=10M count=5
[   43.998048] SDHI0 VccQ: disabling
[   44.001482] SDHI3 VccQ: disabling
5+0 records in
5+0 records out
52428800 bytes (52 MB, 50 MiB) copied, 1.39166 s, 37.7 MB/s
root@salvator-x:~# 
root@salvator-x:~# mkdir -p /mnt/usb
root@salvator-x:~# 
root@salvator-x:~# mount /dev/sda1 /mnt/usb
[   45.410277] EXT4-fs (sda1): mounted filesystem with ordered data mode. Opts: (null)
root@salvator-x:~# 
root@salvator-x:~# cp testdata /mnt/usb/
root@salvator-x:~# 
root@salvator-x:~# umount /mnt/usb
root@salvator-x:~# 
Pull out USB device at CN10L


Press any button to continue

[   55.845444] usb 1-1: USB disconnect, device number 2

root@salvator-x:~# i2cset -f -y 7 0x30 0x20 0x0f
root@salvator-x:~# 

Switch SW23 off and input 'yes' to continue:
Input 'yes' to continue: 

root@salvator-x:~# echo N > /sys/module/printk/parameters/console_suspend
root@salvator-x:~# 
root@salvator-x:~# echo mem > /sys/power/state
[   68.278076] PM: suspend entry (deep)
[   68.281855] Filesystems sync: 0.000 seconds
[   68.287448] Freezing user space processes ... (elapsed 0.001 seconds) done.
[   68.289051] OOM killer disabled.
[   68.289054] Freezing remaining freezable tasks ... (elapsed 0.001 seconds) done.
[   68.718236] ravb e6800000.ethernet eth0: Link is Down
[   68.734149] Disabling non-boot CPUs ...
[   68.738606] CPU1: shutdown
[   68.741318] psci: CPU1 killed (polled 0 ms)
[   68.747312] CPU2: shutdown
[   68.750045] psci: CPU2 killed (polled 0 ms)
[   68.755741] CPU3: shutdown
[   68.758484] psci: CPU3 killed (polled 0 ms)
[   68.764289] CPU4: shutdown
[   68.767016] psci: CPU4 killed (polled 0 ms)
[   68.772591] CPU5: shutdown
[   68.775357] psci: CPU5 killed (polled 0 ms)
[   68.780818] CPU6: shutdown
[   68.783564] psci: CPU6 killed (polled 0 ms)
[   68.789199] CPU7: shutdown
[   68.791948] psci: CPU7 killed (polled 0 ms)
 
Plug in USB device at CN10L


Press any button to continue


 Switch power switch: 

NOTICE:  BL2: R-Car Gen3 Initial Program Loader(CA57) Rev.4.0.0
NOTICE:  BL2: PRR is R-Car H3 Ver.3.0
NOTICE:  BL2: Board is Salvator-XS Rev.1.0
NOTICE:  BL2: Boot device is HyperFlash(160MHz)
NOTICE:  BL2: LCM state is CM
NOTICE:  AVS setting succeeded. DVFS_SetVID=0x53
NOTICE:  BL2: DDR3200(rev.0.42)
NOTICE:  BL2: [WARM_BOOT]
NOTICE:  BL2: DRAM Split is 4ch(DDR f)
NOTICE:  BL2: QoS is default setting(rev.0.11)
NOTICE:  BL2: DRAM refresh interval 1.95 usec
NOTICE:  BL2: Periodic Write DQ Training
NOTICE:  BL2: CH0: 400000000 - 47fffffff, 2 GiB
NOTICE:  BL2: CH1: 500000000 - 57fffffff, 2 GiB
NOTICE:  BL2: CH2: 600000000 - 67fffffff, 2 GiB
NOTICE:  BL2: CH3: 700000000 - 77fffffff, 2 GiB
NOTICE:  BL2: Lossy Decomp areas
NOTICE:       Entry 0: DCMPAREACRAx:0x80000540 DCMPAREACRBx:0x570
NOTICE:       Entry 1: DCMPAREACRAx:0x40000000 DCMPAREACRBx:0x0
NOTICE:       Entry 2: DCMPAREACRAx:0x20000000 DCMPAREACRBx:0x0
NOTICE:  BL2: FDT at 0xe6327f70
NOTICE:  BL2: v2.9(release):9cdb21f75
NOTICE:  BL2: Built : 05:25:39, Dec 19 2023
NOTICE:  BL2: Normal boot
[   68.797201] Enabling non-boot CPUs ...
[   68.801237] Detected PIPT I-cache on CPU1
[   68.801291] CPU1: Booted secondary processor 0x0000000001 [0x411fd073]
[   68.801770] CPU1 is up
[   68.814870] Detected PIPT I-cache on CPU2
[   68.814893] CPU2: Booted secondary processor 0x0000000002 [0x411fd073]
[   68.815172] CPU2 is up
[   68.828191] Detected PIPT I-cache on CPU3
[   68.828215] CPU3: Booted secondary processor 0x0000000003 [0x411fd073]
[   68.828503] CPU3 is up
[   68.841565] Detected VIPT I-cache on CPU4
[   68.841617] CPU4: Booted secondary processor 0x0000000100 [0x410fd034]
[   68.842541] CPU4 is up
[   68.855553] Detected VIPT I-cache on CPU5
[   68.855586] CPU5: Booted secondary processor 0x0000000101 [0x410fd034]
[   68.856140] CPU5 is up
[   68.869142] Detected VIPT I-cache on CPU6
[   68.869174] CPU6: Booted secondary processor 0x0000000102 [0x410fd034]
[   68.869841] CPU6 is up
[   68.882850] Detected VIPT I-cache on CPU7
[   68.882883] CPU7: Booted secondary processor 0x0000000103 [0x410fd034]
[   68.883542] CPU7 is up
[   68.972401] xhci-hcd ee000000.usb: xHC error in resume, USBSTS 0x401, Reinit
[   68.979446] usb usb7: root hub lost power or was reset
[   68.984565] usb usb8: root hub lost power or was reset
[   69.028713] Micrel KSZ9031 Gigabit PHY e6800000.ethernet-ffffffff:00: attached PHY driver [Micrel KSZ9031 Gigabit PHY] (mii_bus:phy_addr=e6800000.ethernet-ffffffff:00, irq=183)
[   69.144023] usb usb4: root hub lost power or was reset
[   69.149285] usb usb1: root hub lost power or was reset
[   69.235937] usb usb5: root hub lost power or was reset
[   69.241218] usb usb2: root hub lost power or was reset
[   69.328022] usb usb6: root hub lost power or was reset
[   69.333282] usb usb3: root hub lost power or was reset
[   69.451935] usb usb10: root hub lost power or was reset
[   69.457188] usb usb9: root hub lost power or was reset
[   69.466032] ata1: link resume succeeded after 1 retries
[   69.577562] ata1: SATA link down (SStatus 0 SControl 300)
[   69.604731] OOM killer enabled.
[   69.608593] Restarting tasks ... done.
root@salvator-x:~# [   69.614278] PM: suspend exit
[   69.857984] usb 1-1: new high-speed USB device number 3 using ehci-platform
[   70.019893] usb-storage 1-1:1.0: USB Mass Storage device detected
[   70.026691] scsi host1: usb-storage 1-1:1.0
[   71.039433] scsi 1:0:0:0: Direct-Access     SanDisk  Ultra            1.00 PQ: 0 ANSI: 6
[   71.049278] sd 1:0:0:0: [sda] 121307136 512-byte logical blocks: (62.1 GB/57.8 GiB)
[   71.058184] sd 1:0:0:0: [sda] Write Protect is off
[   71.063829] sd 1:0:0:0: [sda] Write cache: disabled, read cache: enabled, doesn't support DPO or FUA
[   71.099329]  sda: sda1
[   71.106036] sd 1:0:0:0: [sda] Attached SCSI removable disk
[   78.154988] ravb e6800000.ethernet eth0: Link is Up - 1Gbps/Full - flow control off

root@salvator-x:~# echo "Wake up sucessfully"
Wake up sucessfully
root@salvator-x:~# 
root@salvator-x:~# find /sys/devices/platform/soc/ee0a0100.usb/ -name 'sd*'
/sys/devices/platform/soc/ee0a0100.usb/usb1/1-1/1-1:1.0/host1/target1:0:0/1:0:0:0/block/sda
/sys/devices/platform/soc/ee0a0100.usb/usb1/1-1/1-1:1.0/host1/target1:0:0/1:0:0:0/block/sda/sda1
root@salvator-x:~# 
root@salvator-x:~# mount /dev/sda1 /mnt/usb
[   86.016510] EXT4-fs (sda1): mounted filesystem with ordered data mode. Opts: (null)
root@salvator-x:~# 
root@salvator-x:~# cp testdata /mnt/usb/testdata_from_nfs
root@salvator-x:~# 
root@salvator-x:~# cp /mnt/usb/testdata_from_nfs testdata_from_usb
root@salvator-x:~# 
root@salvator-x:~# sync
root@salvator-x:~# 
root@salvator-x:~# cmp testdata testdata_from_usb
root@salvator-x:~# 
root@salvator-x:~# umount /mnt/usb
root@salvator-x:~# 
 
#### Result: OK ####
