

----------Item 2----------


Please press switch to restart board 

[F 00:00:120
[F 00:00:119
[F 00:00:118
[F 00:00:117
[F 00:00:116
[F 00:00:115
[F 00:00:114
[F 00:00:113
[F 00:00:112
[F 00:00:111
[F 00:00:110
NOTICE:  BL2: R-Car Gen3 Initial Program Loader(CA57) Rev.4.0.0
NOTICE:  BL2: PRR is R-Car H3 Ver.3.0
NOTICE:  BL2: Board is Salvator-XS Rev.1.0
NOTICE:  BL2: Boot device is HyperFlash(160MHz)
NOTICE:  BL2: LCM state is CM
NOTICE:  AVS setting succeeded. DVFS_SetVID=0x53
NOTICE:  BL2: DDR3200(rev.0.42)
NOTICE:  BL2: [COLD_BOOT]
NOTICE:  BL2: DRAM Split is 4ch(DDR f)
NOTICE:  BL2: QoS is default setting(rev.0.11)
NOTICE:  BL2: DRAM refresh interval 1.95 usec
NOTICE:  BL2: Periodic Write DQ Training
NOTICE:  BL2: CH0: 400000000 - 47fffffff, 2 GiB
NOTICE:  BL2: CH1: 500000000 - 57fffffff, 2 GiB
NOTICE:  BL2: CH2: 600000000 - 67fffffff, 2 GiB
NOTICE:  BL2: CH3: 700000000 - 77fffffff, 2 GiB
NOTICE:  BL2: Lossy Decomp areas
NOTICE:       Entry 0: DCMPAREACRAx:0x80000540 DCMPAREACRBx:0x570
NOTICE:       Entry 1: DCMPAREACRAx:0x40000000 DCMPAREACRBx:0x0
NOTICE:       Entry 2: DCMPAREACRAx:0x20000000 DCMPAREACRBx:0x0
NOTICE:  BL2: FDT at 0xe6327f70
NOTICE:  BL2: v2.9(release):9cdb21f75
NOTICE:  BL2: Built : 05:25:39, Dec 19 2023
NOTICE:  BL2: Normal boot
NOTICE:  BL2: dst=0xe6327800 src=0x8180000 len=512(0x200)
NOTICE:  BL2: dst=0x43f00000 src=0x8180400 len=6144(0x1800)
NOTICE:  rcar_file_len: len: 0x0003e000
NOTICE:  BL2: dst=0x44000000 src=0x81c0000 len=253952(0x3e000)
NOTICE:  rcar_file_len: len: 0x00200000
NOTICE:  BL2: dst=0x44100000 src=0x8200000 len=2097152(0x200000)
NOTICE:  rcar_file_len: len: 0x00100000
NOTICE:  BL2: dst=0x50000000 src=0x8640000 len=1048576(0x100000)
NOTICE:  BL2: Booting BL31


U-Boot 2020.10 (Dec 19 2023 - 14:30:40 +0000)

CPU: Renesas Electronics R8A7795 rev 3.0
Model: Renesas Salvator-X 2nd version board based on r8a77951
DRAM:  7.9 GiB
RAM Configuration:
Bank #0: 0x048000000 - 0x0bfffffff, 1.9 GiB
Bank #1: 0x500000000 - 0x57fffffff, 2 GiB
Bank #2: 0x600000000 - 0x67fffffff, 2 GiB
Bank #3: 0x700000000 - 0x77fffffff, 2 GiB

MMC:   sd@ee100000: 0, sd@ee140000: 1, sd@ee160000: 2
Loading Environment from MMC... OK
In:    serial@e6e88000
Out:   serial@e6e88000
Err:   serial@e6e88000
Net:   eth0: ethernet@e6800000
Hit any key to stop autoboot:  2  1  0 
ethernet@e6800000 Waiting for PHY auto negotiation to complete............ done
Using ethernet@e6800000 device
TFTP from server 192.168.10.99; our IP address is 192.168.10.167
Filename 'traivo/H3/rootfs/boot_USB2H/Image'.
Load address: 0x48080000
Loading: *#################################################################
	 #################################################################
	 #################################################################
	 #################################################################
	 #################################################################
	 #################################################################
	 #################################################################
	 #################################################################
	 #################################################################
	 #################################################################
	 #################################################################
	 #################################################################
	 #################################################################
	 #################################################################
	 #################################################################
	 #################################################################
	 #################################################################
	 #################################################################
	 #################################################################
	 #################################################################
	 #################################################################
	 #################################################################
	 #################################################################
	 #################################################################
	 #################################################################
	 #################################################################
	 #################################################################
	 #################################################################
	 #################################################################
	 #################################################################
	 #################################################################
	 #################################################################
	 #################################################################
	 #################################################################
	 ################################################################
	 4.6 MiB/s
done
Bytes transferred = 33376768 (1fd4a00 hex)
Using ethernet@e6800000 device
TFTP from server 192.168.10.99; our IP address is 192.168.10.167
Filename 'traivo/H3/rootfs/boot_USB2H/r8a77951-salvator-xs.dtb'.
Load address: 0x48000000
Loading: *#######
	 7.9 MiB/s
done
Bytes transferred = 90876 (162fc hex)
Moving Image from 0x48080000 to 0x48200000, end=4a260000
## Flattened Device Tree blob at 48000000
   Booting using the fdt blob at 0x48000000
   Loading Device Tree to 0000000053fe6000, end 0000000053fff2fb ... OK

Starting kernel ...

[    0.000000] Booting Linux on physical CPU 0x0000000000 [0x411fd073]
[    0.000000] Linux version 5.10.194-yocto-standard (thuan.nguyen-hong@banvien) (aarch64-poky-linux-gcc (GCC) 9.3.0, GNU ld (GNU Binutils) 2.34.0.20200220) #10 SMP PREEMPT Mon Feb 19 03:51:05 UTC 2024
[    0.000000] Machine model: Renesas Salvator-X 2nd version board based on r8a77951
[    0.000000] efi: UEFI not found.
[    0.000000] Reserved memory: created CMA memory pool at 0x0000000057000000, size 16 MiB
[    0.000000] OF: reserved mem: initialized node linux,adsp@57000000, compatible id shared-dma-pool
[    0.000000] Reserved memory: created CMA memory pool at 0x0000000058000000, size 384 MiB
[    0.000000] OF: reserved mem: initialized node linux,cma@58000000, compatible id shared-dma-pool
[    0.000000] Reserved memory: created CMA memory pool at 0x0000000070000000, size 256 MiB
[    0.000000] OF: reserved mem: initialized node linux,multimedia@70000000, compatible id shared-dma-pool
[    0.000000] NUMA: No NUMA configuration found
[    0.000000] NUMA: Faking a node at [mem 0x0000000048000000-0x000000077fffffff]
[    0.000000] NUMA: NODE_DATA [mem 0x77efdab00-0x77efdcfff]
[    0.000000] Zone ranges:
[    0.000000]   DMA      [mem 0x0000000048000000-0x000000007fffffff]
[    0.000000]   DMA32    [mem 0x0000000080000000-0x00000000ffffffff]
[    0.000000]   Normal   [mem 0x0000000100000000-0x000000077fffffff]
[    0.000000] Movable zone start for each node
[    0.000000] Early memory node ranges
[    0.000000]   node   0: [mem 0x0000000048000000-0x0000000053ffffff]
[    0.000000]   node   0: [mem 0x0000000054000000-0x0000000056ffffff]
[    0.000000]   node   0: [mem 0x0000000057000000-0x00000000bfffffff]
[    0.000000]   node   0: [mem 0x0000000500000000-0x000000057fffffff]
[    0.000000]   node   0: [mem 0x0000000600000000-0x000000067fffffff]
[    0.000000]   node   0: [mem 0x0000000700000000-0x000000077fffffff]
[    0.000000] Initmem setup node 0 [mem 0x0000000048000000-0x000000077fffffff]
[    0.000000] psci: probing for conduit method from DT.
[    0.000000] psci: PSCIv1.1 detected in firmware.
[    0.000000] psci: Using standard PSCI v0.2 function IDs
[    0.000000] psci: Trusted OS resident on physical CPU 0x0
[    0.000000] psci: SMC Calling Convention v1.2
[    0.000000] percpu: Embedded 23 pages/cpu s56984 r8192 d29032 u94208
[    0.000000] Detected PIPT I-cache on CPU0
[    0.000000] CPU features: detected: EL2 vector hardening
[    0.000000] CPU features: detected: Spectre-v2
[    0.000000] CPU features: detected: ARM errata 1165522, 1319367, or 1530923
[    0.000000] CPU features: detected: Spectre-BHB
[    0.000000] CPU features: detected: ARM erratum 1742098
[    0.000000] Built 1 zonelists, mobility grouping on.  Total pages: 2032128
[    0.000000] Policy zone: Normal
[    0.000000] Kernel command line: rw root=/dev/nfs nfsroot=192.168.10.99:/data/tftpboot/traivo/H3/rootfs,nfsvers=4, ip=192.168.10.167
[    0.000000] Dentry cache hash table entries: 1048576 (order: 11, 8388608 bytes, linear)
[    0.000000] Inode-cache hash table entries: 524288 (order: 10, 4194304 bytes, linear)
[    0.000000] mem auto-init: stack:off, heap alloc:off, heap free:off
[    0.000000] software IO TLB: mapped [mem 0x000000004ffe6000-0x0000000053fe6000] (64MB)
[    0.000000] Memory: 7276840K/8257536K available (15232K kernel code, 2834K rwdata, 8240K rodata, 6144K init, 517K bss, 308952K reserved, 671744K cma-reserved)
[    0.000000] SLUB: HWalign=64, Order=0-3, MinObjects=0, CPUs=8, Nodes=1
[    0.000000] rcu: Preemptible hierarchical RCU implementation.
[    0.000000] rcu: 	RCU event tracing is enabled.
[    0.000000] rcu: 	RCU restricting CPUs from NR_CPUS=256 to nr_cpu_ids=8.
[    0.000000] 	Trampoline variant of Tasks RCU enabled.
[    0.000000] rcu: RCU calculated value of scheduler-enlistment delay is 25 jiffies.
[    0.000000] rcu: Adjusting geometry for rcu_fanout_leaf=16, nr_cpu_ids=8
[    0.000000] NR_IRQS: 64, nr_irqs: 64, preallocated irqs: 0
[    0.000000] arch_timer: cp15 timer(s) running at 8.32MHz (virt).
[    0.000000] clocksource: arch_sys_counter: mask: 0xffffffffffffff max_cycles: 0x1eb398c07, max_idle_ns: 440795202503 ns
[    0.000003] sched_clock: 56 bits at 8MHz, resolution 120ns, wraps every 2199023255503ns
[    0.000207] Console: colour dummy device 80x25
[    0.000417] printk: console [tty0] enabled
[    0.000491] Calibrating delay loop (skipped), value calculated using timer frequency.. 16.64 BogoMIPS (lpj=33280)
[    0.000507] pid_max: default: 32768 minimum: 301
[    0.000564] LSM: Security Framework initializing
[    0.000652] Mount-cache hash table entries: 16384 (order: 5, 131072 bytes, linear)
[    0.000703] Mountpoint-cache hash table entries: 16384 (order: 5, 131072 bytes, linear)
[    0.002150] rcu: Hierarchical SRCU implementation.
[    0.003742] Detected Renesas R-Car Gen3 r8a7795 ES3.0
[    0.005886] EFI services will not be available.
[    0.006223] smp: Bringing up secondary CPUs ...
[    0.006685] Detected PIPT I-cache on CPU1
[    0.006734] CPU1: Booted secondary processor 0x0000000001 [0x411fd073]
[    0.007223] Detected PIPT I-cache on CPU2
[    0.007249] CPU2: Booted secondary processor 0x0000000002 [0x411fd073]
[    0.007671] Detected PIPT I-cache on CPU3
[    0.007692] CPU3: Booted secondary processor 0x0000000003 [0x411fd073]
[    0.008158] CPU features: detected: ARM erratum 845719
[    0.008171] Detected VIPT I-cache on CPU4
[    0.008216] CPU4: Booted secondary processor 0x0000000100 [0x410fd034]
[    0.008702] Detected VIPT I-cache on CPU5
[    0.008729] CPU5: Booted secondary processor 0x0000000101 [0x410fd034]
[    0.009169] Detected VIPT I-cache on CPU6
[    0.009196] CPU6: Booted secondary processor 0x0000000102 [0x410fd034]
[    0.009636] Detected VIPT I-cache on CPU7
[    0.009663] CPU7: Booted secondary processor 0x0000000103 [0x410fd034]
[    0.009741] smp: Brought up 1 node, 8 CPUs
[    0.009805] SMP: Total of 8 processors activated.
[    0.009813] CPU features: detected: 32-bit EL0 Support
[    0.009820] CPU features: detected: CRC32 instructions
[    0.009827] CPU features: detected: 32-bit EL1 Support
[    0.023042] CPU: All CPU(s) started at EL1
[    0.023098] alternatives: patching kernel code
[    0.024251] devtmpfs: initialized
[    0.031040] KASLR disabled due to lack of seed
[    0.031190] clocksource: jiffies: mask: 0xffffffff max_cycles: 0xffffffff, max_idle_ns: 7645041785100000 ns
[    0.031211] futex hash table entries: 2048 (order: 5, 131072 bytes, linear)
[    0.039867] pinctrl core: initialized pinctrl subsystem
[    0.041359] DMI not present or invalid.
[    0.041864] NET: Registered protocol family 16
[    0.042822] DMA: preallocated 1024 KiB GFP_KERNEL pool for atomic allocations
[    0.043017] DMA: preallocated 1024 KiB GFP_KERNEL|GFP_DMA pool for atomic allocations
[    0.043306] DMA: preallocated 1024 KiB GFP_KERNEL|GFP_DMA32 pool for atomic allocations
[    0.043347] audit: initializing netlink subsys (disabled)
[    0.043528] audit: type=2000 audit(0.040:1): state=initialized audit_enabled=0 res=1
[    0.044687] thermal_sys: Registered thermal governor 'power_allocator'
[    0.045211] cpuidle: using governor menu
[    0.045388] hw-breakpoint: found 6 breakpoint and 4 watchpoint registers.
[    0.045511] ASID allocator initialised with 65536 entries
[    0.046813] Serial: AMBA PL011 UART driver
[    0.089628] sh-pfc e6060000.pinctrl: r8a77951_pfc support registered
[    0.104383] HugeTLB registered 1.00 GiB page size, pre-allocated 0 pages
[    0.104396] HugeTLB registered 32.0 MiB page size, pre-allocated 0 pages
[    0.104403] HugeTLB registered 2.00 MiB page size, pre-allocated 0 pages
[    0.104411] HugeTLB registered 64.0 KiB page size, pre-allocated 0 pages
[    0.105374] cryptd: max_cpu_qlen set to 1000
[    0.107631] ACPI: Interpreter disabled.
[    0.111462] rcar-avs: use avs value: 0
[    0.111477] rcar-avs: cpu@0 is running with: opp_table0
[    0.111488] rcar-avs: cpu@1 is running with: opp_table0
[    0.111498] rcar-avs: cpu@2 is running with: opp_table0
[    0.111507] rcar-avs: cpu@3 is running with: opp_table0
[    0.111594] rcar-avs: gsx@fd000000 is running with: gsx_opp_table0
[    0.113010] iommu: Default domain type: Translated 
[    0.113576] ipmmu-vmsa e67b0000.iommu: IPMMU context 0 is reserved
[    0.114535] vgaarb: loaded
[    0.114741] SCSI subsystem initialized
[    0.114988] usbcore: registered new interface driver usbfs
[    0.115015] usbcore: registered new interface driver hub
[    0.115041] usbcore: registered new device driver usb
[    0.118589] i2c-sh_mobile e60b0000.i2c: I2C adapter 7, bus speed 400000 Hz
[    0.119124] mc: Linux media interface: v0.10
[    0.119146] videodev: Linux video capture interface: v2.00
[    0.119191] pps_core: LinuxPPS API ver. 1 registered
[    0.119199] pps_core: Software ver. 5.3.6 - Copyright 2005-2007 Rodolfo Giometti <giometti@linux.it>
[    0.119213] PTP clock support registered
[    0.119384] EDAC MC: Ver: 3.0.0
[    0.121377] FPGA manager framework
[    0.121442] Advanced Linux Sound Architecture Driver Initialized.
[    0.121999] clocksource: Switched to clocksource arch_sys_counter
[    0.122146] VFS: Disk quotas dquot_6.6.0
[    0.122187] VFS: Dquot-cache hash table entries: 512 (order 0, 4096 bytes)
[    0.122309] pnp: PnP ACPI: disabled
[    0.125793] NET: Registered protocol family 2
[    0.126213] IP idents hash table entries: 131072 (order: 8, 1048576 bytes, linear)
[    0.128474] tcp_listen_portaddr_hash hash table entries: 4096 (order: 4, 65536 bytes, linear)
[    0.128578] TCP established hash table entries: 65536 (order: 7, 524288 bytes, linear)
[    0.128862] TCP bind hash table entries: 65536 (order: 8, 1048576 bytes, linear)
[    0.129452] TCP: Hash tables configured (established 65536 bind 65536)
[    0.129573] UDP hash table entries: 4096 (order: 5, 131072 bytes, linear)
[    0.129686] UDP-Lite hash table entries: 4096 (order: 5, 131072 bytes, linear)
[    0.129901] NET: Registered protocol family 1
[    0.130267] RPC: Registered named UNIX socket transport module.
[    0.130277] RPC: Registered udp transport module.
[    0.130283] RPC: Registered tcp transport module.
[    0.130289] RPC: Registered tcp NFSv4.1 backchannel transport module.
[    0.130302] PCI: CLS 0 bytes, default 64
[    0.131219] hw perfevents: enabled with armv8_cortex_a53 PMU driver, 7 counters available
[    0.131490] hw perfevents: enabled with armv8_cortex_a57 PMU driver, 7 counters available
[    0.132122] kvm [1]: HYP mode not available
[    0.135040] Initialise system trusted keyrings
[    0.135171] workingset: timestamp_bits=42 max_order=21 bucket_order=0
[    0.138248] squashfs: version 4.0 (2009/01/31) Phillip Lougher
[    0.138650] NFS: Registering the id_resolver key type
[    0.138677] Key type id_resolver registered
[    0.138684] Key type id_legacy registered
[    0.138738] nfs4filelayout_init: NFSv4 File Layout Driver Registering...
[    0.138747] nfs4flexfilelayout_init: NFSv4 Flexfile Layout Driver Registering...
[    0.138854] 9p: Installing v9fs 9p2000 file system support
[    0.164455] Key type asymmetric registered
[    0.164467] Asymmetric key parser 'x509' registered
[    0.164496] Block layer SCSI generic (bsg) driver version 0.4 loaded (major 243)
[    0.164507] io scheduler mq-deadline registered
[    0.164516] io scheduler kyber registered
[    0.180631] gpio_rcar e6050000.gpio: driving 16 GPIOs
[    0.180951] gpio_rcar e6051000.gpio: driving 29 GPIOs
[    0.181227] gpio_rcar e6052000.gpio: driving 15 GPIOs
[    0.181498] gpio_rcar e6053000.gpio: driving 16 GPIOs
[    0.181765] gpio_rcar e6054000.gpio: driving 18 GPIOs
[    0.182054] gpio_rcar e6055000.gpio: driving 26 GPIOs
[    0.182330] gpio_rcar e6055400.gpio: driving 32 GPIOs
[    0.182602] gpio_rcar e6055800.gpio: driving 4 GPIOs
[    0.185507] rcar-pcie fe000000.pcie: host bridge /soc/pcie@fe000000 ranges:
[    0.185537] rcar-pcie fe000000.pcie:       IO 0x00fe100000..0x00fe1fffff -> 0x0000000000
[    0.185559] rcar-pcie fe000000.pcie:      MEM 0x00fe200000..0x00fe3fffff -> 0x00fe200000
[    0.185577] rcar-pcie fe000000.pcie:      MEM 0x0030000000..0x0037ffffff -> 0x0030000000
[    0.185590] rcar-pcie fe000000.pcie:      MEM 0x0038000000..0x003fffffff -> 0x0038000000
[    0.185607] rcar-pcie fe000000.pcie:   IB MEM 0x0040000000..0x007fffffff -> 0x0040000000
[    0.185651] rcar-pcie fe000000.pcie: no pcie3v3 regulator found
[    0.185662] rcar-pcie fe000000.pcie: no pcie1v8 regulator found
[    0.249704] rcar-pcie fe000000.pcie: PCIe link down
[    0.249892] rcar-pcie ee800000.pcie: host bridge /soc/pcie@ee800000 ranges:
[    0.249917] rcar-pcie ee800000.pcie:       IO 0x00ee900000..0x00ee9fffff -> 0x0000000000
[    0.249938] rcar-pcie ee800000.pcie:      MEM 0x00eea00000..0x00eebfffff -> 0x00eea00000
[    0.249957] rcar-pcie ee800000.pcie:      MEM 0x00c0000000..0x00c7ffffff -> 0x00c0000000
[    0.249971] rcar-pcie ee800000.pcie:      MEM 0x00c8000000..0x00cfffffff -> 0x00c8000000
[    0.250001] rcar-pcie ee800000.pcie:   IB MEM 0x0040000000..0x007fffffff -> 0x0040000000
[    0.250034] rcar-pcie ee800000.pcie: no pcie3v3 regulator found
[    0.250044] rcar-pcie ee800000.pcie: no pcie1v8 regulator found
[    0.410000] rcar-pcie ee800000.pcie: PCIe link down
[    0.412464] EINJ: ACPI disabled.
[    0.446406] Serial: 8250/16550 driver, 4 ports, IRQ sharing enabled
[    0.448854] SuperH (H)SCI(F) driver initialized
[    0.449290] e6550000.serial: ttySC1 at MMIO 0xe6550000 (irq = 42, base_baud = 0) is a hscif
[    0.450033] e6e88000.serial: ttySC0 at MMIO 0xe6e88000 (irq = 128, base_baud = 0) is a scif
[    1.654764] printk: console [ttySC0] enabled
[    1.660170] msm_serial: driver initialized
[    1.670505] rcar-dw-hdmi fead0000.hdmi: Detected HDMI TX controller v2.01a with HDCP (DWC HDMI 2.0 TX PHY)
[    1.680414] rcar-dw-hdmi fead0000.hdmi: registered DesignWare HDMI I2C bus driver
[    1.688676] rcar-dw-hdmi feae0000.hdmi: Detected HDMI TX controller v2.01a with HDCP (DWC HDMI 2.0 TX PHY)
[    1.698545] rcar-dw-hdmi feae0000.hdmi: registered DesignWare HDMI I2C bus driver
[    1.714059] loop: module loaded
[    1.718616] megasas: 07.714.04.00-rc1
[    1.724351] scsi host0: sata_rcar
[    1.727819] ata1: SATA max UDMA/133 irq 181
[    1.737220] tun: Universal TUN/TAP device driver, 1.6
[    1.743177] thunder_xcv, ver 1.0
[    1.746433] thunder_bgx, ver 1.0
[    1.749672] nicpf, ver 1.0
[    1.753806] hclge is initializing
[    1.757143] hns3: Hisilicon Ethernet Network Driver for Hip08 Family - version
[    1.764366] hns3: Copyright (c) 2017 Huawei Corporation.
[    1.769717] e1000: Intel(R) PRO/1000 Network Driver
[    1.774596] e1000: Copyright (c) 1999-2006 Intel Corporation.
[    1.780366] e1000e: Intel(R) PRO/1000 Network Driver
[    1.785331] e1000e: Copyright(c) 1999 - 2015 Intel Corporation.
[    1.791274] igb: Intel(R) Gigabit Ethernet Network Driver
[    1.796672] igb: Copyright (c) 2007-2014 Intel Corporation.
[    1.802259] igbvf: Intel(R) Gigabit Virtual Function Network Driver
[    1.808526] igbvf: Copyright (c) 2009 - 2012 Intel Corporation.
[    1.814871] sky2: driver version 1.30
[    1.822471] ravb e6800000.ethernet eth0: Base address at 0xe6800000, 2e:09:0a:02:ec:37, IRQ 125.
[    1.832732] VFIO - User Level meta-driver version: 0.3
[    1.839928] ehci_hcd: USB 2.0 'Enhanced' Host Controller (EHCI) Driver
[    1.846476] ehci-pci: EHCI PCI platform driver
[    1.850942] ehci-platform: EHCI generic platform driver
[    1.856542] ehci-platform ee0a0100.usb: EHCI Host Controller
[    1.862225] ehci-platform ee0a0100.usb: new USB bus registered, assigned bus number 1
[    1.870152] ehci-platform ee0a0100.usb: irq 175, io mem 0xee0a0100
[    1.890007] ehci-platform ee0a0100.usb: USB 2.0 started, EHCI 1.10
[    1.896538] hub 1-0:1.0: USB hub found
[    1.900308] hub 1-0:1.0: 1 port detected
[    1.904720] ehci-platform ee0c0100.usb: EHCI Host Controller
[    1.910395] ehci-platform ee0c0100.usb: new USB bus registered, assigned bus number 2
[    1.918278] ehci-platform ee0c0100.usb: irq 176, io mem 0xee0c0100
[    1.938006] ehci-platform ee0c0100.usb: USB 2.0 started, EHCI 1.10
[    1.944468] hub 2-0:1.0: USB hub found
[    1.948235] hub 2-0:1.0: 1 port detected
[    1.978045] ehci-platform ee0e0100.usb: EHCI Host Controller
[    1.983720] ehci-platform ee0e0100.usb: new USB bus registered, assigned bus number 3
[    1.991593] ehci-platform ee0e0100.usb: irq 177, io mem 0xee0e0100
[    2.010006] ehci-platform ee0e0100.usb: USB 2.0 started, EHCI 1.10
[    2.016434] hub 3-0:1.0: USB hub found
[    2.020201] hub 3-0:1.0: 1 port detected
[    2.024576] ehci-orion: EHCI orion driver
[    2.028826] ehci-exynos: EHCI Exynos driver
[    2.033128] ohci_hcd: USB 1.1 'Open' Host Controller (OHCI) Driver
[    2.039325] ohci-pci: OHCI PCI platform driver
[    2.043805] ohci-platform: OHCI generic platform driver
[    2.049333] ohci-platform ee0a0000.usb: Generic Platform OHCI controller
[    2.056053] ohci-platform ee0a0000.usb: new USB bus registered, assigned bus number 4
[    2.063929] ohci-platform ee0a0000.usb: irq 175, io mem 0xee0a0000
[    2.146012] ata1: link resume succeeded after 1 retries
[    2.160271] hub 4-0:1.0: USB hub found
[    2.164044] hub 4-0:1.0: 1 port detected
[    2.168364] ohci-platform ee0c0000.usb: Generic Platform OHCI controller
[    2.175080] ohci-platform ee0c0000.usb: new USB bus registered, assigned bus number 5
[    2.182948] ohci-platform ee0c0000.usb: irq 176, io mem 0xee0c0000
[    2.257524] ata1: SATA link down (SStatus 0 SControl 300)
[    2.276256] hub 5-0:1.0: USB hub found
[    2.280028] hub 5-0:1.0: 1 port detected
[    2.284342] ohci-platform ee0e0000.usb: Generic Platform OHCI controller
[    2.291055] ohci-platform ee0e0000.usb: new USB bus registered, assigned bus number 6
[    2.298925] ohci-platform ee0e0000.usb: irq 177, io mem 0xee0e0000
[    2.392253] hub 6-0:1.0: USB hub found
[    2.396020] hub 6-0:1.0: 1 port detected
[    2.400359] ohci-exynos: OHCI Exynos driver
[    2.405202] xhci-hcd ee000000.usb: xHCI Host Controller
[    2.410441] xhci-hcd ee000000.usb: new USB bus registered, assigned bus number 7
[    2.433696] xhci-hcd ee000000.usb: hcc params 0x014051ce hci version 0x100 quirks 0x0000000000830410
[    2.442869] xhci-hcd ee000000.usb: irq 172, io mem 0xee000000
[    2.448729] xhci-hcd ee000000.usb: xHCI Host Controller
[    2.453962] xhci-hcd ee000000.usb: new USB bus registered, assigned bus number 8
[    2.461365] xhci-hcd ee000000.usb: Host supports USB 3.0 SuperSpeed
[    2.467908] hub 7-0:1.0: USB hub found
[    2.471679] hub 7-0:1.0: 1 port detected
[    2.475774] usb usb8: We don't know the algorithms for LPM for this host, disabling LPM.
[    2.484132] hub 8-0:1.0: USB hub found
[    2.487906] hub 8-0:1.0: 1 port detected
[    2.492728] usbcore: registered new interface driver usb-storage
[    2.500420] renesas_usbhs e6590000.usb: host probed
[    2.505310] renesas_usbhs e6590000.usb: no transceiver found
[    2.511042] renesas_usbhs e6590000.usb: gadget probed
[    2.516258] renesas_usbhs e6590000.usb: probed
[    2.521151] renesas_usbhs e659c000.usb: host probed
[    2.526044] renesas_usbhs e659c000.usb: no transceiver found
[    2.531755] renesas_usbhs e659c000.usb: gadget probed
[    2.536955] renesas_usbhs e659c000.usb: probed
[    2.543874] i2c /dev entries driver
[    2.558483] cs2000-cp 2-004f: revision - C1
[    2.562741] i2c-rcar e6510000.i2c: probed
[    2.567608] pca953x 4-0020: supply vcc not found, using dummy regulator
[    2.574320] pca953x 4-0020: using no AI
[    2.578970] gpio-355 (PCIE/SATA switch): hogged as output/low
[    2.591283] i2c-rcar e66d8000.i2c: probed
[    2.596640] adv748x 4-0070: Endpoint /soc/i2c@e66d8000/video-receiver@70/port@7/endpoint on port 7
[    2.605621] adv748x 4-0070: Endpoint /soc/i2c@e66d8000/video-receiver@70/port@8/endpoint on port 8
[    2.614593] adv748x 4-0070: Endpoint /soc/i2c@e66d8000/video-receiver@70/port@a/endpoint on port 10
[    2.623657] adv748x 4-0070: Endpoint /soc/i2c@e66d8000/video-receiver@70/port@b/endpoint on port 11
[    2.633065] adv748x 4-0070: chip found @ 0xe0 revision 2143
[    2.686709] rcar-csi2 fea80000.csi2: 1 lanes found
[    2.691840] rcar-csi2 feaa0000.csi2: 4 lanes found
[    2.701382] rcar-vin e6ef0000.video: Device registered as video0
[    2.707466] rcar-vin e6ef1000.video: Device registered as video1
[    2.713534] rcar-vin e6ef2000.video: Device registered as video2
[    2.719610] rcar-vin e6ef3000.video: Device registered as video3
[    2.725677] rcar-vin e6ef4000.video: Device registered as video4
[    2.731755] rcar-vin e6ef5000.video: Device registered as video5
[    2.737834] rcar-vin e6ef6000.video: Device registered as video6
[    2.743923] rcar-vin e6ef7000.video: Device registered as video7
[    2.752662] rcar_gen3_thermal e6198000.thermal: is using pseudo fixed FUSE values
[    2.764834] rcar_gen3_thermal e6198000.thermal: TSC0: Loaded 1 trip points
[    2.776086] rcar_gen3_thermal e6198000.thermal: TSC1: Loaded 1 trip points
[    2.787233] rcar_gen3_thermal e6198000.thermal: TSC2: Loaded 3 trip points
[    2.799239] sdhci: Secure Digital Host Controller Interface driver
[    2.805430] sdhci: Copyright(c) Pierre Ossman
[    2.810619] Synopsys Designware Multimedia Card Interface Driver
[    2.810915] renesas_sdhi_internal_dmac ee140000.mmc: Adding to iommu group 0
[    2.810921] renesas_sdhi_internal_dmac ee100000.mmc: Got CD GPIO
[    2.810939] renesas_sdhi_internal_dmac ee100000.mmc: Got WP GPIO
[    2.811242] renesas_sdhi_internal_dmac ee160000.mmc: Got CD GPIO
[    2.811270] renesas_sdhi_internal_dmac ee160000.mmc: Got WP GPIO
[    2.817997] sdhci-pltfm: SDHCI platform and OF driver helper
[    2.823730] renesas_sdhi_internal_dmac ee140000.mmc: Using IPMMU context 1
[    2.861019] ledtrig-cpu: registered to indicate activity on CPUs
[    2.868082] SMCCC: SOC_ID: ARCH_SOC_ID not implemented, skipping ....
[    2.875115] usbcore: registered new interface driver usbhid
[    2.880693] usbhid: USB HID core driver
[    2.888312] optee: probing for conduit method.
[    2.892781] optee: revision 3.22 (314ecf9d)
[    2.893339] optee driver R-Car Rev.1.0.11
[    2.901897] optee: dynamic shared memory is enabled
[    2.907043] optee: initialized driver
[    2.909228] renesas_sdhi_internal_dmac ee140000.mmc: mmc0 base at 0x00000000ee140000, max clock rate 200 MHz
[    2.923886] rcar_sound ec500000.sound: probed
[    2.928959] NET: Registered protocol family 17
[    2.933587] 9pnet: Installing 9P2000 support
[    2.937913] Key type dns_resolver registered
[    2.942487] registered taskstats version 1
[    2.946658] Loading compiled-in X.509 certificates
[    2.961340] thermal emergency: set temperature to 110 celsius
[    2.967383] thermal emergency: shutdown target cpus 1-7
[    2.972621] thermal emergency: freq scaled target cpus 0
[    2.978292] renesas_irqc e61c0000.interrupt-controller: driving 6 irqs
[    2.992528] mmc0: new HS400 MMC card at address 0001
[    2.998231] mmcblk0: mmc0:0001 BGSD3R 29.1 GiB 
[    3.003149] mmcblk0boot0: mmc0:0001 BGSD3R partition 1 16.0 MiB
[    3.009444] mmcblk0boot1: mmc0:0001 BGSD3R partition 2 16.0 MiB
[    3.015482] mmcblk0rpmb: mmc0:0001 BGSD3R partition 3 4.00 MiB, chardev (509:0)
[    3.022017] ehci-platform ee080100.usb: EHCI Host Controller
[    3.024203]  mmcblk0: p1
[    3.028475] ehci-platform ee080100.usb: new USB bus registered, assigned bus number 9
[    3.038940] ehci-platform ee080100.usb: irq 174, io mem 0xee080100
[    3.058002] ehci-platform ee080100.usb: USB 2.0 started, EHCI 1.10
[    3.064654] hub 9-0:1.0: USB hub found
[    3.068426] hub 9-0:1.0: 1 port detected
[    3.073911] ohci-platform ee080000.usb: Generic Platform OHCI controller
[    3.080636] ohci-platform ee080000.usb: new USB bus registered, assigned bus number 10
[    3.088607] ohci-platform ee080000.usb: irq 174, io mem 0xee080000
[    3.184515] hub 10-0:1.0: USB hub found
[    3.188376] hub 10-0:1.0: 1 port detected
[    3.193706] cpu cpu0: EM: created perf domain
[    3.198644] cpu cpu4: EM: created perf domain
[    3.207980] renesas_sdhi_internal_dmac ee100000.mmc: Got CD GPIO
[    3.209403] renesas_sdhi_internal_dmac ee160000.mmc: Got CD GPIO
[    3.214066] renesas_sdhi_internal_dmac ee100000.mmc: Got WP GPIO
[    3.220340] renesas_sdhi_internal_dmac ee160000.mmc: Got WP GPIO
[    3.233889] [drm] Initialized rcar-du 1.0.0 20130110 for feb00000.display on minor 0
[    3.241703] [drm] Device feb00000.display probed
[    3.275565] renesas_sdhi_internal_dmac ee100000.mmc: mmc1 base at 0x00000000ee100000, max clock rate 200 MHz
[    3.281706] renesas_sdhi_internal_dmac ee160000.mmc: mmc2 base at 0x00000000ee160000, max clock rate 200 MHz
[    3.285266] Console: switching to colour frame buffer device 128x48
[    3.330626] rcar-du feb00000.display: [drm] fb0: rcar-dudrmfb frame buffer device
[    3.343346] input: keys as /devices/platform/keys/input/input0
[    3.421267] Micrel KSZ9031 Gigabit PHY e6800000.ethernet-ffffffff:00: attached PHY driver [Micrel KSZ9031 Gigabit PHY] (mii_bus:phy_addr=e6800000.ethernet-ffffffff:00, irq=183)
[   10.062809] ravb e6800000.ethernet eth0: Link is Up - 1Gbps/Full - flow control off
[   10.094038] IP-Config: Guessing netmask 255.255.255.0
[   10.099203] IP-Config: Complete:
[   10.102517]      device=eth0, hwaddr=2e:09:0a:02:ec:37, ipaddr=192.168.10.167, mask=255.255.255.0, gw=255.255.255.255
[   10.113329]      host=192.168.10.167, domain=, nis-domain=(none)
[   10.119461]      bootserver=255.255.255.255, rootserver=192.168.10.99, rootpath=
[   10.120061] ALSA device list:
[   10.130671]   No soundcards found.
[   11.189239] VFS: Mounted root (nfs4 filesystem) on device 0:22.
[   11.196085] devtmpfs: mounted
[   11.202491] Freeing unused kernel memory: 6144K
[   11.222178] Run /sbin/init as init process
[   11.372234] systemd[1]: System time before build time, advancing clock.
[   11.712865] NET: Registered protocol family 10
[   11.718975] Segment Routing with IPv6
[   11.741482] systemd[1]: systemd 244 running in system mode. (+PAM -AUDIT -SELINUX +IMA -APPARMOR -SMACK +SYSVINIT +UTMP -LIBCRYPTSETUP -GCRYPT -GNUTLS +ACL +XZ -LZ4 -SECCOMP +BLKID -ELFUTILS +KMOD -IDN2 -IDN -PCRE2 default-hierarchy=hybrid)
[   11.764780] systemd[1]: Detected architecture arm64.

Welcome to [1mPoky (Yocto Project Reference Distro) 3.1.11 (dunfell)[0m!

[   11.795931] systemd[1]: Set hostname to <salvator-x>.
[   12.618731] random: systemd: uninitialized urandom read (16 bytes read)
[   12.629841] systemd[1]: system-getty.slice: unit configures an IP firewall, but the local system does not support BPF/cgroup firewalling.
[   12.650584] systemd[1]: (This warning is only shown for the first unit using IP firewalling.)
[   12.665025] systemd[1]: Created slice system-getty.slice.
[[0;32m  OK  [0m] Created slice [0;1;39msystem-getty.slice[0m.
[   12.690190] random: systemd: uninitialized urandom read (16 bytes read)
[   12.699073] systemd[1]: Created slice system-serial\x2dgetty.slice.
[[0;32m  OK  [0m] Created slice [0;1;39msystem-serial\x2dgetty.slice[0m.
[   12.722112] random: systemd: uninitialized urandom read (16 bytes read)
[   12.730747] systemd[1]: Created slice User and Session Slice.
[[0;32m  OK  [0m] Created slice [0;1;39mUser and Session Slice[0m.
[   12.754316] systemd[1]: Started Dispatch Password Requests to Console Directory Watch.
[[0;32m  OK  [0m] Started [0;1;39mDispatch Password â€¦ts to Console Directory Watch[0m.
[   12.782437] systemd[1]: Started Forward Password Requests to Wall Directory Watch.
[[0;32m  OK  [0m] Started [0;1;39mForward Password Râ€¦uests to Wall Directory Watch[0m.
[   12.810288] systemd[1]: Reached target Paths.
[[0;32m  OK  [0m] Reached target [0;1;39mPaths[0m.
[   12.834227] systemd[1]: Reached target Remote File Systems.
[[0;32m  OK  [0m] Reached target [0;1;39mRemote File Systems[0m.
[   12.858178] systemd[1]: Reached target Slices.
[[0;32m  OK  [0m] Reached target [0;1;39mSlices[0m.
[   12.882203] systemd[1]: Reached target Swap.
[[0;32m  OK  [0m] Reached target [0;1;39mSwap[0m.
[   12.909456] systemd[1]: Listening on RPCbind Server Activation Socket.
[[0;32m  OK  [0m] Listening on [0;1;39mRPCbind Server Activation Socket[0m.
[   12.938234] systemd[1]: Reached target RPC Port Mapper.
[[0;32m  OK  [0m] Reached target [0;1;39mRPC Port Mapper[0m.
[   12.962536] systemd[1]: Listening on initctl Compatibility Named Pipe.
[[0;32m  OK  [0m] Listening on [0;1;39minitctl Compatibility Named Pipe[0m.
[   12.992447] systemd[1]: Listening on Journal Audit Socket.
[[0;32m  OK  [0m] Listening on [0;1;39mJournal Audit Socket[0m.
[   13.019924] systemd[1]: Listening on Journal Socket (/dev/log).
[[0;32m  OK  [0m] Listening on [0;1;39mJournal Socket (/dev/log)[0m.
[   13.046856] systemd[1]: Listening on Journal Socket.
[[0;32m  OK  [0m] Listening on [0;1;39mJournal Socket[0m.
[   13.072374] systemd[1]: Listening on Network Service Netlink Socket.
[[0;32m  OK  [0m] Listening on [0;1;39mNetwork Service Netlink Socket[0m.
[   13.100959] systemd[1]: Listening on udev Control Socket.
[[0;32m  OK  [0m] Listening on [0;1;39mudev Control Socket[0m.
[   13.126676] systemd[1]: Listening on udev Kernel Socket.
[[0;32m  OK  [0m] Listening on [0;1;39mudev Kernel Socket[0m.
[   13.155601] systemd[1]: Mounting Huge Pages File System...
         Mounting [0;1;39mHuge Pages File System[0m...
[   13.183589] systemd[1]: Mounting POSIX Message Queue File System...
         Mounting [0;1;39mPOSIX Message Queue File System[0m...
[   13.215398] systemd[1]: Mounting Kernel Debug File System...
         Mounting [0;1;39mKernel Debug File System[0m...
[   13.246954] systemd[1]: Mounting Temporary Directory (/tmp)...
         Mounting [0;1;39mTemporary Directory (/tmp)[0m...
[   13.276510] systemd[1]: Starting Create list of static device nodes for the current kernel...
         Starting [0;1;39mCreate list of stâ€¦odes for the current kernel[0m...
[   13.311395] systemd[1]: Starting Start psplash boot splash screen...
         Starting [0;1;39mStart psplash boot splash screen[0m...
[   13.345275] systemd[1]: Starting RPC Bind...
         Starting [0;1;39mRPC Bind[0m...
[   13.370804] systemd[1]: Condition check resulted in File System Check on Root Device being skipped.
[   13.388619] systemd[1]: Starting Journal Service...
         Starting [0;1;39mJournal Service[0m...
[   13.416460] systemd[1]: Starting Load Kernel Modules...
         Starting [0;1;39mLoad Kernel Modules[0m...
[   13.439730] systemd[1]: Starting Remount Root and Kernel File Systems...
         Starting [0;1;39mRemount Root and Kern[   13.450041] random: crng init done
el File Systems[   13.454532] random: 26 urandom warning(s) missed due to ratelimiting
[0m...
[   13.481576] systemd[1]: Starting udev Coldplug all Devices...
         Starting [0;1;39mudev Coldplug all Devices[0m...
[   13.508124] systemd[1]: Started Start psplash boot splash screen.
[[0;32m  OK  [0m] Started [0;1;39mStart psplash boot splash screen[0m.
[   13.534907] systemd[1]: Started RPC Bind.
[[0;32m  OK  [0m] Started [0;1;39mRPC Bind[0m.
[   13.554921] systemd[1]: Started Journal Service.
[[0;32m  OK  [0m] Started [0;1;39mJournal Service[0m.
[[0;32m  OK  [0m] Mounted [0;1;39mHuge Pages File System[0m.
[[0;32m  OK  [0m] Mounted [0;1;39mPOSIX Message Queue File System[0m.
[[0;32m  OK  [0m] Mounted [0;1;39mKernel Debug File System[0m.
[[0;32m  OK  [0m] Mounted [0;1;39mTemporary Directory (/tmp)[0m.
[[0;32m  OK  [0m] Started [0;1;39mCreate list of staâ€¦ nodes for the current kernel[0m.
[[0;32m  OK  [0m] Started [0;1;39mLoad Kernel Modules[0m.
[[0;32m  OK  [0m] Started [0;1;39mRemount Root and Kernel File Systems[0m.
         Mounting [0;1;39mKernel Configuration File System[0m...
[[0;32m  OK  [0m] Started [0;1;39mStart psplash-systâ€¦progress communication helper[0m.
         Starting [0;1;39mFlush Journal to Persistent Storage[0m...
[   13.771962] systemd-journald[342]: Received client request to flush runtime journal.
         Starting [0;1;39mApply Kernel Variables[0m...
         Starting [0;1;39mCreate Static Device Nodes in /dev[0m...
[[0;32m  OK  [0m] Mounted [0;1;39mKernel Configuration File System[0m.
[[0;32m  OK  [0m] Started [0;1;39mFlush Journal to Persistent Storage[0m.
[[0;32m  OK  [0m] Started [0;1;39mApply Kernel Variables[0m.
[[0;32m  OK  [0m] Started [0;1;39mCreate Static Device Nodes in /dev[0m.
[[0;32m  OK  [0m] Reached target [0;1;39mLocal File Systems (Pre)[0m.
         Mounting [0;1;39m/var/volatile[0m...
         Starting [0;1;39mudev Kernel Device Manager[0m...
[[0;32m  OK  [0m] Mounted [0;1;39m/var/volatile[0m.
         Starting [0;1;39mLoad/Save Random Seed[0m...
[[0;32m  OK  [0m] Reached target [0;1;39mLocal File Systems[0m.
         Starting [0;1;39mCreate Volatile Files and Directories[0m...
[[0;32m  OK  [0m] Started [0;1;39mLoad/Save Random Seed[0m.
[[0;32m  OK  [0m] Started [0;1;39mudev Kernel Device Manager[0m.
[[0;32m  OK  [0m] Started [0;1;39mudev Coldplug all Devices[0m.
         Starting [0;1;39mNetwork Service[0m...
[[0;32m  OK  [0m] Started [0;1;39mCreate Volatile Files and Directories[0m.
         Starting [0;1;39mNetwork Time Synchronization[0m...
         Starting [0;1;39mUpdate UTMP about System Boot/Shutdown[0m...
[[0;32m  OK  [0m] Started [0;1;39mUpdate UTMP about System Boot/Shutdown[0m.
[[0;32m  OK  [0m] Started [0;1;39mNetwork Service[0m.
         Starting [0;1;39mNetwork Name Resolution[0m...
[[0;32m  OK  [0m] Started [0;1;39mNetwork Time Synchronization[0m.
[[0;32m  OK  [0m] Reached target [0;1;39mSystem Initialization[0m.
[[0;32m  OK  [0m] Started [0;1;39mDaily Cleanup of Temporary Directories[0m.
[[0;32m  OK  [0m] Reached target [0;1;39mSystem Time Set[0m.
[[0;32m  OK  [0m] Reached target [0;1;39mSystem Time Synchronized[0m.
[   14.361362] pwm-backlight: probe of backlight failed with error -16
[[0;32m  OK  [0m] Reached target [0;1;39mTimers[0m.
[[0;32m  OK  [0m] Listening on [0;1;39mAvahi mDNS/DNS-SD Stack Activation Socket[0m.
[[0;32m  OK  [0m] List[   14.412776] at24 7-0050: supply vcc not found, using dummy regulator
ening on [0;1;39mD-Bus System Message B[   14.423035] at24 7-0050: 128 byte br24t01 EEPROM, writable, 8 bytes/write
us Socket[0m.
[[0;32m  OK  [0m] Listening on [0;1;39mdropbear.socket[0m.
[[0;32m  OK  [0m] Reached target [0;1;39mSockets[0m.
[[0;32m  OK  [0m] Reached target [0;1;39mBasic System[0m.
[[0;32m  OK  [0m] Started [0;1;39mD-Bus System Message Bus[0m.
[[0;32m  OK  [0m] Started [0;1;39moptee services[0m.
[   14.551902] ccree e6601000.crypto: ARM CryptoCell 630P Driver: HW version 0xAF400001/0xDCC63000, Driver version 5.0
[   14.564866] renesas_usb3 ee020000.usb: probed with phy
         Starting [0;1;39mpvrinit.service[0m...
[   14.583115] ccree e6601000.crypto: ARM ccree device initialized
         Starting [0;1;39mPowerVR consumer services[0m...
         Starting [0;1;39mLogin Service[0m...
[[0;32m  OK  [0m] Started [0;1;39mNetwork Name Resolution[0m.
[[0;32m  OK  [0m] Created slice [0;1;39msystem-weston.slice[0m.
[[0;32m  OK  [0m] Reached target [0;1;39mNetwork[0m.
[[0;32m  OK  [0m] Reached target [0;1;39mHost and Network Name Lookups[0m.
[[0;32m  OK  [0m] Reached target [0;1;39mHardware activated USB gadget[0m.
         Starting [0;1;39mAvahi mDNS/DNS-SD Stack[0m...
         Starting [0;1;39mPermit User Sessions[0m...
[[0;32m  OK  [0m] Started [0;1;39mXinetd A Powerful Replacement For Inetd[0m.
[[0;1;31mFAILED[0m] Failed to start [0;1;39mpvrinit.service[0m.
See 'systemctl status pvrinit.service' for details.
[[0;1;31mFAILED[0m] Failed to start [0;1;39mPowerVR consumer services[0m.
See 'systemctl status rc.pvr.service' for details.
[[0;1;38;5;185mDEPEND[0m] Dependency failed for [0;1;39mWeston Wayland Compositor[0m.
[[0;32m  OK  [0m] Started [0;1;39mPermit User Sessions[0m.
[[0;32m  OK  [0m] Started [0;1;39mLogin Service[0m.
[[0;32m  OK  [0m] Started [0;1;39mAvahi mDNS/DNS-SD Stack[0m.
[[0;32m  OK  [0m] Started [0;1;39mGetty on tty1[0m.
[[0;32m  OK  [0m] Started [0;1;39mSerial Getty on ttySC0[0m.
[[0;32m  OK  [0m] Reached target [0;1;39mLogin Prompts[0m.
         Starting [0;1;39mset_default_governor.service[0m...
[   15.170752] rd 0-7: Disabling EAS, schedutil is mandatory
[[0;32m  OK  [0m] Started [0;1;39mset_default_governor.service[0m.
[[0;32m  OK  [0m] Reached target [0;1;39mMulti-User System[0m.
         Starting [0;1;39mUpdate UTMP about System Runlevel Changes[0m...
[[0;32m  OK  [0m] Started [0;1;39mUpdate UTMP about System Runlevel Changes[0m.

Poky (Yocto Project Reference Distro) 3.1.11 salvator-x ttySC0

salvator-x login: 
salvator-x login: root
[   17.234559] audit: type=1006 audit(1703064537.860:2): pid=517 uid=0 old-auid=4294967295 auid=0 tty=(none) old-ses=4294967295 ses=1 res=1
7[r[999;999H[6n8root@salvator-x:~# 
root@salvator-x:~# 
root@salvator-x:~# 
root@salvator-x:~# 
root@salvator-x:~# 
root@salvator-x:~# 
root@salvator-x:~# 
root@salvator-x:~# 
root@salvator-x:~# 
Plug in USB device at CN9


Press any button to continue

[   33.542010] usb 9-1: new high-speed USB device number 2 using ehci-platform
[   33.703061] hub 9-1:1.0: USB hub found
[   33.706880] hub 9-1:1.0: 4 ports detected
[   34.098105] usb 9-1.4: new high-speed USB device number 3 using ehci-platform
[   34.316497] usb-storage 9-1.4:1.0: USB Mass Storage device detected
[   34.323433] scsi host1: usb-storage 9-1.4:1.0
[   35.360465] scsi 1:0:0:0: Direct-Access     SanDisk  Ultra            1.00 PQ: 0 ANSI: 6
[   35.370289] sd 1:0:0:0: [sda] 121307136 512-byte logical blocks: (62.1 GB/57.8 GiB)
[   35.383537] sd 1:0:0:0: [sda] Write Protect is off
[   35.393125] sd 1:0:0:0: [sda] Write cache: disabled, read cache: enabled, doesn't support DPO or FUA
[   35.467747]  sda: sda1
[   35.474349] sd 1:0:0:0: [sda] Attached SCSI removable disk

----------Prepare----------


root@salvator-x:~# find /sys/devices/platform/soc/ee080100.usb/ -name 'sd*'
/sys/devices/platform/soc/ee080100.usb/usb9/9-1/9-1.4/9-1.4:1.0/host1/target1:0:0/1:0:0:0/block/sda
/sys/devices/platform/soc/ee080100.usb/usb9/9-1/9-1.4/9-1.4:1.0/host1/target1:0:0/1:0:0:0/block/sda/sda1
root@salvator-x:~# 
root@salvator-x:~# dd if=/dev/urandom of=testdata bs=10M count=5
5+0 records in
5+0 records out
52428800 bytes (52 MB, 50 MiB) copied, 1.45345 s, 36.1 MB/s
root@salvator-x:~# 
root@salvator-x:~# mkdir -p /mnt/usb
root@salvator-x:~# 
root@salvator-x:~# mount /dev/sda1 /mnt/usb
[   41.950184] SDHI0 VccQ: disabling
[   41.953580] SDHI3 VccQ: disabling
[   42.883275] EXT4-fs (sda1): mounted filesystem with ordered data mode. Opts: (null)
root@salvator-x:~# 
root@salvator-x:~# cp testdata /mnt/usb/
root@salvator-x:~# 
root@salvator-x:~# umount /mnt/usb
root@salvator-x:~# 
Pull out USB device at CN9


Press any button to continue

[   53.396972] usb 9-1: USB disconnect, device number 2
[   53.402064] usb 9-1.4: USB disconnect, device number 3

root@salvator-x:~# i2cset -f -y 7 0x30 0x20 0x0f
root@salvator-x:~# 

Switch SW23 off and input 'yes' to continue:
Input 'yes' to continue: 

root@salvator-x:~# echo N > /sys/module/printk/parameters/console_suspend
root@salvator-x:~# 
root@salvator-x:~# echo mem > /sys/power/state
[   66.170135] PM: suspend entry (deep)
[   66.173910] Filesystems sync: 0.000 seconds
[   66.179514] Freezing user space processes ... (elapsed 0.001 seconds) done.
[   66.181131] OOM killer disabled.
[   66.181133] Freezing remaining freezable tasks ... (elapsed 0.000 seconds) done.
[   66.611504] ravb e6800000.ethernet eth0: Link is Down
[   66.627134] Disabling non-boot CPUs ...
[   66.631560] CPU1: shutdown
[   66.634281] psci: CPU1 killed (polled 0 ms)
[   66.640048] CPU2: shutdown
[   66.642795] psci: CPU2 killed (polled 0 ms)
[   66.648577] CPU3: shutdown
[   66.651342] psci: CPU3 killed (polled 0 ms)
[   66.657179] CPU4: shutdown
[   66.659915] psci: CPU4 killed (polled 0 ms)
[   66.665593] CPU5: shutdown
[   66.668322] psci: CPU5 killed (polled 0 ms)
[   66.673748] CPU6: shutdown
[   66.676504] psci: CPU6 killed (polled 0 ms)
[   66.682270] CPU7: shutdown
[   66.684979] psci: CPU7 killed (polled 0 ms)
 
 Switch power switch: 

NOTICE:  BL2: R-Car Gen3 Initial Program Loader(CA57) Rev.4.0.0
NOTICE:  BL2: PRR is R-Car H3 Ver.3.0
NOTICE:  BL2: Board is Salvator-XS Rev.1.0
NOTICE:  BL2: Boot device is HyperFlash(160MHz)
NOTICE:  BL2: LCM state is CM
NOTICE:  AVS setting succeeded. DVFS_SetVID=0x53
NOTICE:  BL2: DDR3200(rev.0.42)
NOTICE:  BL2: [WARM_BOOT]
NOTICE:  BL2: DRAM Split is 4ch(DDR f)
NOTICE:  BL2: QoS is default setting(rev.0.11)
NOTICE:  BL2: DRAM refresh interval 1.95 usec
NOTICE:  BL2: Periodic Write DQ Training
NOTICE:  BL2: CH0: 400000000 - 47fffffff, 2 GiB
NOTICE:  BL2: CH1: 500000000 - 57fffffff, 2 GiB
NOTICE:  BL2: CH2: 600000000 - 67fffffff, 2 GiB
NOTICE:  BL2: CH3: 700000000 - 77fffffff, 2 GiB
NOTICE:  BL2: Lossy Decomp areas
NOTICE:       Entry 0: DCMPAREACRAx:0x80000540 DCMPAREACRBx:0x570
NOTICE:       Entry 1: DCMPAREACRAx:0x40000000 DCMPAREACRBx:0x0
NOTICE:       Entry 2: DCMPAREACRAx:0x20000000 DCMPAREACRBx:0x0
NOTICE:  BL2: FDT at 0xe6327f70
NOTICE:  BL2: v2.9(release):9cdb21f75
NOTICE:  BL2: Built : 05:25:39, Dec 19 2023
NOTICE:  BL2: Normal boot
[   66.690294] Enabling non-boot CPUs ...
[   66.694330] Detected PIPT I-cache on CPU1
[   66.694384] CPU1: Booted secondary processor 0x0000000001 [0x411fd073]
[   66.694857] CPU1 is up
[   66.707895] Detected PIPT I-cache on CPU2
[   66.707917] CPU2: Booted secondary processor 0x0000000002 [0x411fd073]
[   66.708177] CPU2 is up
[   66.721192] Detected PIPT I-cache on CPU3
[   66.721216] CPU3: Booted secondary processor 0x0000000003 [0x411fd073]
[   66.721499] CPU3 is up
[   66.734565] Detected VIPT I-cache on CPU4
[   66.734618] CPU4: Booted secondary processor 0x0000000100 [0x410fd034]
[   66.735529] CPU4 is up
[   66.748540] Detected VIPT I-cache on CPU5
[   66.748574] CPU5: Booted secondary processor 0x0000000101 [0x410fd034]
[   66.749169] CPU5 is up
[   66.762180] Detected VIPT I-cache on CPU6
[   66.762213] CPU6: Booted secondary processor 0x0000000102 [0x410fd034]
[   66.762828] CPU6 is up
[   66.775837] Detected VIPT I-cache on CPU7
[   66.775871] CPU7: Booted secondary processor 0x0000000103 [0x410fd034]
[   66.776518] CPU7 is up
[   66.848359] xhci-hcd ee000000.usb: xHC error in resume, USBSTS 0x401, Reinit
[   66.855397] usb usb7: root hub lost power or was reset
[   66.860516] usb usb8: root hub lost power or was reset
[   66.969128] Micrel KSZ9031 Gigabit PHY e6800000.ethernet-ffffffff:00: attached PHY driver [Micrel KSZ9031 Gigabit PHY] (mii_bus:phy_addr=e6800000.ethernet-ffffffff:00, irq=183)
[   67.083982] usb usb4: root hub lost power or was reset
[   67.089260] usb usb1: root hub lost power or was reset
[   67.176072] usb usb5: root hub lost power or was reset
[   67.181343] usb usb2: root hub lost power or was reset
[   67.267984] usb usb6: root hub lost power or was reset
[   67.273162] usb usb3: root hub lost power or was reset
[   67.383982] usb usb10: root hub lost power or was reset
[   67.389339] usb usb9: root hub lost power or was reset
[   67.406056] ata1: link resume succeeded after 1 retries
[   67.517576] ata1: SATA link down (SStatus 0 SControl 300)
[   67.532917] OOM killer enabled.
[   67.536772] Restarting tasks ... done.
root@salvator-x:~# [   67.542634] PM: suspend exit
[   73.536129] ravb e6800000.ethernet eth0: Link is Up - 1Gbps/Full - flow control off

root@salvator-x:~# echo "Wake up sucessfully"
Wake up sucessfully
root@salvator-x:~# 
Plug in USB device at CN9


Press any button to continue

[  101.465979] usb 9-1: new high-speed USB device number 4 using ehci-platform
[  101.627531] hub 9-1:1.0: USB hub found
[  101.631359] hub 9-1:1.0: 4 ports detected
[  102.021980] usb 9-1.4: new high-speed USB device number 5 using ehci-platform
[  102.236057] usb-storage 9-1.4:1.0: USB Mass Storage device detected
[  102.242850] scsi host1: usb-storage 9-1.4:1.0
[  103.263985] scsi 1:0:0:0: Direct-Access     SanDisk  Ultra            1.00 PQ: 0 ANSI: 6
[  103.276312] sd 1:0:0:0: [sda] 121307136 512-byte logical blocks: (62.1 GB/57.8 GiB)
[  103.288883] sd 1:0:0:0: [sda] Write Protect is off
[  103.298339] sd 1:0:0:0: [sda] Write cache: disabled, read cache: enabled, doesn't support DPO or FUA
[  103.359593]  sda: sda1
[  103.373684] sd 1:0:0:0: [sda] Attached SCSI removable disk

root@salvator-x:~# find /sys/devices/platform/soc/ee080100.usb/ -name 'sd*'
/sys/devices/platform/soc/ee080100.usb/usb9/9-1/9-1.4/9-1.4:1.0/host1/target1:0:0/1:0:0:0/block/sda
/sys/devices/platform/soc/ee080100.usb/usb9/9-1/9-1.4/9-1.4:1.0/host1/target1:0:0/1:0:0:0/block/sda/sda1
root@salvator-x:~# 
root@salvator-x:~# mount /dev/sda1 /mnt/usb
[  114.254111] EXT4-fs (sda1): mounted filesystem with ordered data mode. Opts: (null)
root@salvator-x:~# 
root@salvator-x:~# cp testdata /mnt/usb/testdata_from_nfs
root@salvator-x:~# 
root@salvator-x:~# cp /mnt/usb/testdata_from_nfs testdata_from_usb
root@salvator-x:~# 
root@salvator-x:~# sync
root@salvator-x:~# 
root@salvator-x:~# cmp testdata testdata_from_usb
root@salvator-x:~# 
root@salvator-x:~# umount /mnt/usb
root@salvator-x:~# 
 
#### Result: OK ####
