

----------Item 8----------


Plug in USB device at CN10H


Press any button to continue

[   95.661946] usb 2-1: new high-speed USB device number 3 using ehci-platform
[   95.828407] usb-storage 2-1:1.0: USB Mass Storage device detected
[   95.835312] scsi host1: usb-storage 2-1:1.0
[   96.863840] scsi 1:0:0:0: Direct-Access     SanDisk  Ultra            1.00 PQ: 0 ANSI: 6
[   96.873361] sd 1:0:0:0: [sda] 121307136 512-byte logical blocks: (62.1 GB/57.8 GiB)
[   96.882634] sd 1:0:0:0: [sda] Write Protect is off
[   96.888599] sd 1:0:0:0: [sda] Write cache: disabled, read cache: enabled, doesn't support DPO or FUA
[   96.930047]  sda: sda1
[   96.937724] sd 1:0:0:0: [sda] Attached SCSI removable disk

Please press switch to restart board 

[F 00:00:120
[F 00:00:119
[F 00:00:118
NOTICE:  BL2: R-Car Gen3 Initial Program Loader(CA57) Rev.4.0.0
NOTICE:  BL2: PRR is R-Car H3 Ver.3.0
NOTICE:  BL2: Board is Salvator-XS Rev.1.0
NOTICE:  BL2: Boot device is HyperFlash(160MHz)
NOTICE:  BL2: LCM state is CM
NOTICE:  AVS setting succeeded. DVFS_SetVID=0x53
NOTICE:  BL2: DDR3200(rev.0.42)
NOTICE:  BL2: [COLD_BOOT]
NOTICE:  BL2: DRAM Split is 4ch(DDR f)
NOTICE:  BL2: QoS is default setting(rev.0.11)
NOTICE:  BL2: DRAM refresh interval 1.95 usec
NOTICE:  BL2: Periodic Write DQ Training
NOTICE:  BL2: CH0: 400000000 - 47fffffff, 2 GiB
NOTICE:  BL2: CH1: 500000000 - 57fffffff, 2 GiB
NOTICE:  BL2: CH2: 600000000 - 67fffffff, 2 GiB
NOTICE:  BL2: CH3: 700000000 - 77fffffff, 2 GiB
NOTICE:  BL2: Lossy Decomp areas
NOTICE:       Entry 0: DCMPAREACRAx:0x80000540 DCMPAREACRBx:0x570
NOTICE:       Entry 1: DCMPAREACRAx:0x40000000 DCMPAREACRBx:0x0
NOTICE:       Entry 2: DCMPAREACRAx:0x20000000 DCMPAREACRBx:0x0
NOTICE:  BL2: FDT at 0xe6327f70
NOTICE:  BL2: v2.9(release):9cdb21f75
NOTICE:  BL2: Built : 05:25:39, Dec 19 2023
NOTICE:  BL2: Normal boot
NOTICE:  BL2: dst=0xe6327800 src=0x8180000 len=512(0x200)
NOTICE:  BL2: dst=0x43f00000 src=0x8180400 len=6144(0x1800)
NOTICE:  rcar_file_len: len: 0x0003e000
NOTICE:  BL2: dst=0x44000000 src=0x81c0000 len=253952(0x3e000)
NOTICE:  rcar_file_len: len: 0x00200000
NOTICE:  BL2: dst=0x44100000 src=0x8200000 len=2097152(0x200000)
NOTICE:  rcar_file_len: len: 0x00100000
NOTICE:  BL2: dst=0x50000000 src=0x8640000 len=1048576(0x100000)
NOTICE:  BL2: Booting BL31


U-Boot 2020.10 (Dec 19 2023 - 14:30:40 +0000)

CPU: Renesas Electronics R8A7795 rev 3.0
Model: Renesas Salvator-X 2nd version board based on r8a77951
DRAM:  7.9 GiB
RAM Configuration:
Bank #0: 0x048000000 - 0x0bfffffff, 1.9 GiB
Bank #1: 0x500000000 - 0x57fffffff, 2 GiB
Bank #2: 0x600000000 - 0x67fffffff, 2 GiB
Bank #3: 0x700000000 - 0x77fffffff, 2 GiB

MMC:   sd@ee100000: 0, sd@ee140000: 1, sd@ee160000: 2
Loading Environment from MMC... OK
In:    serial@e6e88000
Out:   serial@e6e88000
Err:   serial@e6e88000
Net:   eth0: ethernet@e6800000
Hit any key to stop autoboot:  2  1  0 
ethernet@e6800000 Waiting for PHY auto negotiation to complete................ done
Using ethernet@e6800000 device
TFTP from server 192.168.10.99; our IP address is 192.168.10.167
Filename 'traivo/H3/rootfs/boot_USB2H/Image'.
Load address: 0x48080000
Loading: *#################################################################
	 #################################################################
	 #################################################################
	 #################################################################
	 #################################################################
	 #################################################################
	 #################################################################
	 #################################################################
	 #################################################################
	 #################################################################
	 #################################################################
	 #################################################################
	 #################################################################
	 #################################################################
	 #################################################################
	 #################################################################
	 #################################################################
	 #################################################################
	 #################################################################
	 #################################################################
	 #################################################################
	 #################################################################
	 #################################################################
	 #################################################################
	 #################################################################
	 #################################################################
	 #################################################################
	 #################################################################
	 #################################################################
	 #################################################################
	 #################################################################
	 #################################################################
	 #################################################################
	 #################################################################
	 ################################################################
	 4.5 MiB/s
done
Bytes transferred = 33376768 (1fd4a00 hex)
Using ethernet@e6800000 device
TFTP from server 192.168.10.99; our IP address is 192.168.10.167
Filename 'traivo/H3/rootfs/boot_USB2H/r8a77951-salvator-xs.dtb'.
Load address: 0x48000000
Loading: *#######
	 7.9 MiB/s
done
Bytes transferred = 90876 (162fc hex)
Moving Image from 0x48080000 to 0x48200000, end=4a260000
## Flattened Device Tree blob at 48000000
   Booting using the fdt blob at 0x48000000
   Loading Device Tree to 0000000053fe6000, end 0000000053fff2fb ... OK

Starting kernel ...

[    0.000000] Booting Linux on physical CPU 0x0000000000 [0x411fd073]
[    0.000000] Linux version 5.10.194-yocto-standard (thuan.nguyen-hong@banvien) (aarch64-poky-linux-gcc (GCC) 9.3.0, GNU ld (GNU Binutils) 2.34.0.20200220) #10 SMP PREEMPT Mon Feb 19 03:51:05 UTC 2024
[    0.000000] Machine model: Renesas Salvator-X 2nd version board based on r8a77951
[    0.000000] efi: UEFI not found.
[    0.000000] Reserved memory: created CMA memory pool at 0x0000000057000000, size 16 MiB
[    0.000000] OF: reserved mem: initialized node linux,adsp@57000000, compatible id shared-dma-pool
[    0.000000] Reserved memory: created CMA memory pool at 0x0000000058000000, size 384 MiB
[    0.000000] OF: reserved mem: initialized node linux,cma@58000000, compatible id shared-dma-pool
[    0.000000] Reserved memory: created CMA memory pool at 0x0000000070000000, size 256 MiB
[    0.000000] OF: reserved mem: initialized node linux,multimedia@70000000, compatible id shared-dma-pool
[    0.000000] NUMA: No NUMA configuration found
[    0.000000] NUMA: Faking a node at [mem 0x0000000048000000-0x000000077fffffff]
[    0.000000] NUMA: NODE_DATA [mem 0x77efdab00-0x77efdcfff]
[    0.000000] Zone ranges:
[    0.000000]   DMA      [mem 0x0000000048000000-0x000000007fffffff]
[    0.000000]   DMA32    [mem 0x0000000080000000-0x00000000ffffffff]
[    0.000000]   Normal   [mem 0x0000000100000000-0x000000077fffffff]
[    0.000000] Movable zone start for each node
[    0.000000] Early memory node ranges
[    0.000000]   node   0: [mem 0x0000000048000000-0x0000000053ffffff]
[    0.000000]   node   0: [mem 0x0000000054000000-0x0000000056ffffff]
[    0.000000]   node   0: [mem 0x0000000057000000-0x00000000bfffffff]
[    0.000000]   node   0: [mem 0x0000000500000000-0x000000057fffffff]
[    0.000000]   node   0: [mem 0x0000000600000000-0x000000067fffffff]
[    0.000000]   node   0: [mem 0x0000000700000000-0x000000077fffffff]
[    0.000000] Initmem setup node 0 [mem 0x0000000048000000-0x000000077fffffff]
[    0.000000] psci: probing for conduit method from DT.
[    0.000000] psci: PSCIv1.1 detected in firmware.
[    0.000000] psci: Using standard PSCI v0.2 function IDs
[    0.000000] psci: Trusted OS resident on physical CPU 0x0
[    0.000000] psci: SMC Calling Convention v1.2
[    0.000000] percpu: Embedded 23 pages/cpu s56984 r8192 d29032 u94208
[    0.000000] Detected PIPT I-cache on CPU0
[    0.000000] CPU features: detected: EL2 vector hardening
[    0.000000] CPU features: detected: Spectre-v2
[    0.000000] CPU features: detected: ARM errata 1165522, 1319367, or 1530923
[    0.000000] CPU features: detected: Spectre-BHB
[    0.000000] CPU features: detected: ARM erratum 1742098
[    0.000000] Built 1 zonelists, mobility grouping on.  Total pages: 2032128
[    0.000000] Policy zone: Normal
[    0.000000] Kernel command line: rw root=/dev/nfs nfsroot=192.168.10.99:/data/tftpboot/traivo/H3/rootfs,nfsvers=4, ip=192.168.10.167
[    0.000000] Dentry cache hash table entries: 1048576 (order: 11, 8388608 bytes, linear)
[    0.000000] Inode-cache hash table entries: 524288 (order: 10, 4194304 bytes, linear)
[    0.000000] mem auto-init: stack:off, heap alloc:off, heap free:off
[    0.000000] software IO TLB: mapped [mem 0x000000004ffe6000-0x0000000053fe6000] (64MB)
[    0.000000] Memory: 7276840K/8257536K available (15232K kernel code, 2834K rwdata, 8240K rodata, 6144K init, 517K bss, 308952K reserved, 671744K cma-reserved)
[    0.000000] SLUB: HWalign=64, Order=0-3, MinObjects=0, CPUs=8, Nodes=1
[    0.000000] rcu: Preemptible hierarchical RCU implementation.
[    0.000000] rcu: 	RCU event tracing is enabled.
[    0.000000] rcu: 	RCU restricting CPUs from NR_CPUS=256 to nr_cpu_ids=8.
[    0.000000] 	Trampoline variant of Tasks RCU enabled.
[    0.000000] rcu: RCU calculated value of scheduler-enlistment delay is 25 jiffies.
[    0.000000] rcu: Adjusting geometry for rcu_fanout_leaf=16, nr_cpu_ids=8
[    0.000000] NR_IRQS: 64, nr_irqs: 64, preallocated irqs: 0
[    0.000000] arch_timer: cp15 timer(s) running at 8.32MHz (virt).
[    0.000000] clocksource: arch_sys_counter: mask: 0xffffffffffffff max_cycles: 0x1eb398c07, max_idle_ns: 440795202503 ns
[    0.000003] sched_clock: 56 bits at 8MHz, resolution 120ns, wraps every 2199023255503ns
[    0.000208] Console: colour dummy device 80x25
[    0.000417] printk: console [tty0] enabled
[    0.000494] Calibrating delay loop (skipped), value calculated using timer frequency.. 16.64 BogoMIPS (lpj=33280)
[    0.000510] pid_max: default: 32768 minimum: 301
[    0.000569] LSM: Security Framework initializing
[    0.000657] Mount-cache hash table entries: 16384 (order: 5, 131072 bytes, linear)
[    0.000708] Mountpoint-cache hash table entries: 16384 (order: 5, 131072 bytes, linear)
[    0.002158] rcu: Hierarchical SRCU implementation.
[    0.003749] Detected Renesas R-Car Gen3 r8a7795 ES3.0
[    0.005878] EFI services will not be available.
[    0.006221] smp: Bringing up secondary CPUs ...
[    0.006678] Detected PIPT I-cache on CPU1
[    0.006724] CPU1: Booted secondary processor 0x0000000001 [0x411fd073]
[    0.007211] Detected PIPT I-cache on CPU2
[    0.007235] CPU2: Booted secondary processor 0x0000000002 [0x411fd073]
[    0.007671] Detected PIPT I-cache on CPU3
[    0.007695] CPU3: Booted secondary processor 0x0000000003 [0x411fd073]
[    0.008156] CPU features: detected: ARM erratum 845719
[    0.008169] Detected VIPT I-cache on CPU4
[    0.008215] CPU4: Booted secondary processor 0x0000000100 [0x410fd034]
[    0.008693] Detected VIPT I-cache on CPU5
[    0.008720] CPU5: Booted secondary processor 0x0000000101 [0x410fd034]
[    0.009158] Detected VIPT I-cache on CPU6
[    0.009185] CPU6: Booted secondary processor 0x0000000102 [0x410fd034]
[    0.009619] Detected VIPT I-cache on CPU7
[    0.009647] CPU7: Booted secondary processor 0x0000000103 [0x410fd034]
[    0.009726] smp: Brought up 1 node, 8 CPUs
[    0.009788] SMP: Total of 8 processors activated.
[    0.009796] CPU features: detected: 32-bit EL0 Support
[    0.009803] CPU features: detected: CRC32 instructions
[    0.009811] CPU features: detected: 32-bit EL1 Support
[    0.023006] CPU: All CPU(s) started at EL1
[    0.023058] alternatives: patching kernel code
[    0.024212] devtmpfs: initialized
[    0.030999] KASLR disabled due to lack of seed
[    0.031144] clocksource: jiffies: mask: 0xffffffff max_cycles: 0xffffffff, max_idle_ns: 7645041785100000 ns
[    0.031164] futex hash table entries: 2048 (order: 5, 131072 bytes, linear)
[    0.039797] pinctrl core: initialized pinctrl subsystem
[    0.041278] DMI not present or invalid.
[    0.041780] NET: Registered protocol family 16
[    0.042717] DMA: preallocated 1024 KiB GFP_KERNEL pool for atomic allocations
[    0.042913] DMA: preallocated 1024 KiB GFP_KERNEL|GFP_DMA pool for atomic allocations
[    0.043202] DMA: preallocated 1024 KiB GFP_KERNEL|GFP_DMA32 pool for atomic allocations
[    0.043238] audit: initializing netlink subsys (disabled)
[    0.043420] audit: type=2000 audit(0.040:1): state=initialized audit_enabled=0 res=1
[    0.044586] thermal_sys: Registered thermal governor 'power_allocator'
[    0.045103] cpuidle: using governor menu
[    0.045276] hw-breakpoint: found 6 breakpoint and 4 watchpoint registers.
[    0.045398] ASID allocator initialised with 65536 entries
[    0.046696] Serial: AMBA PL011 UART driver
[    0.089565] sh-pfc e6060000.pinctrl: r8a77951_pfc support registered
[    0.104316] HugeTLB registered 1.00 GiB page size, pre-allocated 0 pages
[    0.104331] HugeTLB registered 32.0 MiB page size, pre-allocated 0 pages
[    0.104338] HugeTLB registered 2.00 MiB page size, pre-allocated 0 pages
[    0.104345] HugeTLB registered 64.0 KiB page size, pre-allocated 0 pages
[    0.105303] cryptd: max_cpu_qlen set to 1000
[    0.107546] ACPI: Interpreter disabled.
[    0.111356] rcar-avs: use avs value: 0
[    0.111381] rcar-avs: cpu@0 is running with: opp_table0
[    0.111392] rcar-avs: cpu@1 is running with: opp_table0
[    0.111403] rcar-avs: cpu@2 is running with: opp_table0
[    0.111412] rcar-avs: cpu@3 is running with: opp_table0
[    0.111495] rcar-avs: gsx@fd000000 is running with: gsx_opp_table0
[    0.112923] iommu: Default domain type: Translated 
[    0.113493] ipmmu-vmsa e67b0000.iommu: IPMMU context 0 is reserved
[    0.114504] vgaarb: loaded
[    0.114701] SCSI subsystem initialized
[    0.114950] usbcore: registered new interface driver usbfs
[    0.114980] usbcore: registered new interface driver hub
[    0.115006] usbcore: registered new device driver usb
[    0.118542] i2c-sh_mobile e60b0000.i2c: I2C adapter 7, bus speed 400000 Hz
[    0.119077] mc: Linux media interface: v0.10
[    0.119099] videodev: Linux video capture interface: v2.00
[    0.119145] pps_core: LinuxPPS API ver. 1 registered
[    0.119152] pps_core: Software ver. 5.3.6 - Copyright 2005-2007 Rodolfo Giometti <giometti@linux.it>
[    0.119166] PTP clock support registered
[    0.119334] EDAC MC: Ver: 3.0.0
[    0.121340] FPGA manager framework
[    0.121398] Advanced Linux Sound Architecture Driver Initialized.
[    0.121951] clocksource: Switched to clocksource arch_sys_counter
[    0.122098] VFS: Disk quotas dquot_6.6.0
[    0.122143] VFS: Dquot-cache hash table entries: 512 (order 0, 4096 bytes)
[    0.122267] pnp: PnP ACPI: disabled
[    0.125732] NET: Registered protocol family 2
[    0.126145] IP idents hash table entries: 131072 (order: 8, 1048576 bytes, linear)
[    0.128407] tcp_listen_portaddr_hash hash table entries: 4096 (order: 4, 65536 bytes, linear)
[    0.128484] TCP established hash table entries: 65536 (order: 7, 524288 bytes, linear)
[    0.128770] TCP bind hash table entries: 65536 (order: 8, 1048576 bytes, linear)
[    0.129355] TCP: Hash tables configured (established 65536 bind 65536)
[    0.129477] UDP hash table entries: 4096 (order: 5, 131072 bytes, linear)
[    0.129590] UDP-Lite hash table entries: 4096 (order: 5, 131072 bytes, linear)
[    0.129804] NET: Registered protocol family 1
[    0.130169] RPC: Registered named UNIX socket transport module.
[    0.130180] RPC: Registered udp transport module.
[    0.130186] RPC: Registered tcp transport module.
[    0.130192] RPC: Registered tcp NFSv4.1 backchannel transport module.
[    0.130205] PCI: CLS 0 bytes, default 64
[    0.131165] hw perfevents: enabled with armv8_cortex_a53 PMU driver, 7 counters available
[    0.131440] hw perfevents: enabled with armv8_cortex_a57 PMU driver, 7 counters available
[    0.132065] kvm [1]: HYP mode not available
[    0.134946] Initialise system trusted keyrings
[    0.135103] workingset: timestamp_bits=42 max_order=21 bucket_order=0
[    0.138201] squashfs: version 4.0 (2009/01/31) Phillip Lougher
[    0.138608] NFS: Registering the id_resolver key type
[    0.138643] Key type id_resolver registered
[    0.138650] Key type id_legacy registered
[    0.138704] nfs4filelayout_init: NFSv4 File Layout Driver Registering...
[    0.138713] nfs4flexfilelayout_init: NFSv4 Flexfile Layout Driver Registering...
[    0.138812] 9p: Installing v9fs 9p2000 file system support
[    0.164695] Key type asymmetric registered
[    0.164708] Asymmetric key parser 'x509' registered
[    0.164737] Block layer SCSI generic (bsg) driver version 0.4 loaded (major 243)
[    0.164749] io scheduler mq-deadline registered
[    0.164757] io scheduler kyber registered
[    0.180918] gpio_rcar e6050000.gpio: driving 16 GPIOs
[    0.181203] gpio_rcar e6051000.gpio: driving 29 GPIOs
[    0.181456] gpio_rcar e6052000.gpio: driving 15 GPIOs
[    0.181734] gpio_rcar e6053000.gpio: driving 16 GPIOs
[    0.181994] gpio_rcar e6054000.gpio: driving 18 GPIOs
[    0.182248] gpio_rcar e6055000.gpio: driving 26 GPIOs
[    0.182530] gpio_rcar e6055400.gpio: driving 32 GPIOs
[    0.182856] gpio_rcar e6055800.gpio: driving 4 GPIOs
[    0.185748] rcar-pcie fe000000.pcie: host bridge /soc/pcie@fe000000 ranges:
[    0.185777] rcar-pcie fe000000.pcie:       IO 0x00fe100000..0x00fe1fffff -> 0x0000000000
[    0.185799] rcar-pcie fe000000.pcie:      MEM 0x00fe200000..0x00fe3fffff -> 0x00fe200000
[    0.185817] rcar-pcie fe000000.pcie:      MEM 0x0030000000..0x0037ffffff -> 0x0030000000
[    0.185831] rcar-pcie fe000000.pcie:      MEM 0x0038000000..0x003fffffff -> 0x0038000000
[    0.185848] rcar-pcie fe000000.pcie:   IB MEM 0x0040000000..0x007fffffff -> 0x0040000000
[    0.185892] rcar-pcie fe000000.pcie: no pcie3v3 regulator found
[    0.185903] rcar-pcie fe000000.pcie: no pcie1v8 regulator found
[    0.253651] rcar-pcie fe000000.pcie: PCIe link down
[    0.253818] rcar-pcie ee800000.pcie: host bridge /soc/pcie@ee800000 ranges:
[    0.253840] rcar-pcie ee800000.pcie:       IO 0x00ee900000..0x00ee9fffff -> 0x0000000000
[    0.253860] rcar-pcie ee800000.pcie:      MEM 0x00eea00000..0x00eebfffff -> 0x00eea00000
[    0.253877] rcar-pcie ee800000.pcie:      MEM 0x00c0000000..0x00c7ffffff -> 0x00c0000000
[    0.253890] rcar-pcie ee800000.pcie:      MEM 0x00c8000000..0x00cfffffff -> 0x00c8000000
[    0.253907] rcar-pcie ee800000.pcie:   IB MEM 0x0040000000..0x007fffffff -> 0x0040000000
[    0.253938] rcar-pcie ee800000.pcie: no pcie3v3 regulator found
[    0.253962] rcar-pcie ee800000.pcie: no pcie1v8 regulator found
[    0.413951] rcar-pcie ee800000.pcie: PCIe link down
[    0.416382] EINJ: ACPI disabled.
[    0.450223] Serial: 8250/16550 driver, 4 ports, IRQ sharing enabled
[    0.452635] SuperH (H)SCI(F) driver initialized
[    0.453063] e6550000.serial: ttySC1 at MMIO 0xe6550000 (irq = 42, base_baud = 0) is a hscif
[    0.453796] e6e88000.serial: ttySC0 at MMIO 0xe6e88000 (irq = 128, base_baud = 0) is a scif
[    1.658529] printk: console [ttySC0] enabled
[    1.663941] msm_serial: driver initialized
[    1.674262] rcar-dw-hdmi fead0000.hdmi: Detected HDMI TX controller v2.01a with HDCP (DWC HDMI 2.0 TX PHY)
[    1.684167] rcar-dw-hdmi fead0000.hdmi: registered DesignWare HDMI I2C bus driver
[    1.692415] rcar-dw-hdmi feae0000.hdmi: Detected HDMI TX controller v2.01a with HDCP (DWC HDMI 2.0 TX PHY)
[    1.702275] rcar-dw-hdmi feae0000.hdmi: registered DesignWare HDMI I2C bus driver
[    1.717755] loop: module loaded
[    1.722314] megasas: 07.714.04.00-rc1
[    1.728063] scsi host0: sata_rcar
[    1.731540] ata1: SATA max UDMA/133 irq 181
[    1.740984] tun: Universal TUN/TAP device driver, 1.6
[    1.746936] thunder_xcv, ver 1.0
[    1.750191] thunder_bgx, ver 1.0
[    1.753431] nicpf, ver 1.0
[    1.757569] hclge is initializing
[    1.760906] hns3: Hisilicon Ethernet Network Driver for Hip08 Family - version
[    1.768129] hns3: Copyright (c) 2017 Huawei Corporation.
[    1.773464] e1000: Intel(R) PRO/1000 Network Driver
[    1.778343] e1000: Copyright (c) 1999-2006 Intel Corporation.
[    1.784109] e1000e: Intel(R) PRO/1000 Network Driver
[    1.789074] e1000e: Copyright(c) 1999 - 2015 Intel Corporation.
[    1.795013] igb: Intel(R) Gigabit Ethernet Network Driver
[    1.800411] igb: Copyright (c) 2007-2014 Intel Corporation.
[    1.806001] igbvf: Intel(R) Gigabit Virtual Function Network Driver
[    1.812268] igbvf: Copyright (c) 2009 - 2012 Intel Corporation.
[    1.818610] sky2: driver version 1.30
[    1.826215] ravb e6800000.ethernet eth0: Base address at 0xe6800000, 2e:09:0a:00:c3:9a, IRQ 125.
[    1.836445] VFIO - User Level meta-driver version: 0.3
[    1.843581] ehci_hcd: USB 2.0 'Enhanced' Host Controller (EHCI) Driver
[    1.850121] ehci-pci: EHCI PCI platform driver
[    1.854582] ehci-platform: EHCI generic platform driver
[    1.860191] ehci-platform ee0a0100.usb: EHCI Host Controller
[    1.865874] ehci-platform ee0a0100.usb: new USB bus registered, assigned bus number 1
[    1.873779] ehci-platform ee0a0100.usb: irq 175, io mem 0xee0a0100
[    1.893962] ehci-platform ee0a0100.usb: USB 2.0 started, EHCI 1.10
[    1.900495] hub 1-0:1.0: USB hub found
[    1.904269] hub 1-0:1.0: 1 port detected
[    1.908688] ehci-platform ee0c0100.usb: EHCI Host Controller
[    1.914363] ehci-platform ee0c0100.usb: new USB bus registered, assigned bus number 2
[    1.922270] ehci-platform ee0c0100.usb: irq 176, io mem 0xee0c0100
[    1.941957] ehci-platform ee0c0100.usb: USB 2.0 started, EHCI 1.10
[    1.948475] hub 2-0:1.0: USB hub found
[    1.952245] hub 2-0:1.0: 1 port detected
[    1.981963] ehci-platform ee0e0100.usb: EHCI Host Controller
[    1.987645] ehci-platform ee0e0100.usb: new USB bus registered, assigned bus number 3
[    1.995557] ehci-platform ee0e0100.usb: irq 177, io mem 0xee0e0100
[    2.013957] ehci-platform ee0e0100.usb: USB 2.0 started, EHCI 1.10
[    2.020436] hub 3-0:1.0: USB hub found
[    2.024205] hub 3-0:1.0: 1 port detected
[    2.028610] ehci-orion: EHCI orion driver
[    2.032897] ehci-exynos: EHCI Exynos driver
[    2.037203] ohci_hcd: USB 1.1 'Open' Host Controller (OHCI) Driver
[    2.043400] ohci-pci: OHCI PCI platform driver
[    2.047886] ohci-platform: OHCI generic platform driver
[    2.053432] ohci-platform ee0a0000.usb: Generic Platform OHCI controller
[    2.060156] ohci-platform ee0a0000.usb: new USB bus registered, assigned bus number 4
[    2.068052] ohci-platform ee0a0000.usb: irq 175, io mem 0xee0a0000
[    2.149966] ata1: link resume succeeded after 1 retries
[    2.164253] hub 4-0:1.0: USB hub found
[    2.168027] hub 4-0:1.0: 1 port detected
[    2.172370] ohci-platform ee0c0000.usb: Generic Platform OHCI controller
[    2.179084] ohci-platform ee0c0000.usb: new USB bus registered, assigned bus number 5
[    2.186968] ohci-platform ee0c0000.usb: irq 176, io mem 0xee0c0000
[    2.261480] ata1: SATA link down (SStatus 0 SControl 300)
[    2.280215] hub 5-0:1.0: USB hub found
[    2.283987] hub 5-0:1.0: 1 port detected
[    2.288324] ohci-platform ee0e0000.usb: Generic Platform OHCI controller
[    2.295038] ohci-platform ee0e0000.usb: new USB bus registered, assigned bus number 6
[    2.302906] ohci-platform ee0e0000.usb: irq 177, io mem 0xee0e0000
[    2.396237] hub 6-0:1.0: USB hub found
[    2.400004] hub 6-0:1.0: 1 port detected
[    2.404362] ohci-exynos: OHCI Exynos driver
[    2.409217] xhci-hcd ee000000.usb: xHCI Host Controller
[    2.414457] xhci-hcd ee000000.usb: new USB bus registered, assigned bus number 7
[    2.437710] xhci-hcd ee000000.usb: hcc params 0x014051ce hci version 0x100 quirks 0x0000000000830410
[    2.446882] xhci-hcd ee000000.usb: irq 172, io mem 0xee000000
[    2.452746] xhci-hcd ee000000.usb: xHCI Host Controller
[    2.457980] xhci-hcd ee000000.usb: new USB bus registered, assigned bus number 8
[    2.465382] xhci-hcd ee000000.usb: Host supports USB 3.0 SuperSpeed
[    2.471932] hub 7-0:1.0: USB hub found
[    2.475701] hub 7-0:1.0: 1 port detected
[    2.479794] usb usb8: We don't know the algorithms for LPM for this host, disabling LPM.
[    2.488127] hub 8-0:1.0: USB hub found
[    2.491897] hub 8-0:1.0: 1 port detected
[    2.496702] usbcore: registered new interface driver usb-storage
[    2.504384] renesas_usbhs e6590000.usb: host probed
[    2.509275] renesas_usbhs e6590000.usb: no transceiver found
[    2.515003] renesas_usbhs e6590000.usb: gadget probed
[    2.520217] renesas_usbhs e6590000.usb: probed
[    2.525115] renesas_usbhs e659c000.usb: host probed
[    2.530006] renesas_usbhs e659c000.usb: no transceiver found
[    2.535719] renesas_usbhs e659c000.usb: gadget probed
[    2.540923] renesas_usbhs e659c000.usb: probed
[    2.547889] i2c /dev entries driver
[    2.562487] cs2000-cp 2-004f: revision - C1
[    2.566729] i2c-rcar e6510000.i2c: probed
[    2.571549] pca953x 4-0020: supply vcc not found, using dummy regulator
[    2.578262] pca953x 4-0020: using no AI
[    2.582910] gpio-355 (PCIE/SATA switch): hogged as output/low
[    2.595160] i2c-rcar e66d8000.i2c: probed
[    2.600463] adv748x 4-0070: Endpoint /soc/i2c@e66d8000/video-receiver@70/port@7/endpoint on port 7
[    2.609443] adv748x 4-0070: Endpoint /soc/i2c@e66d8000/video-receiver@70/port@8/endpoint on port 8
[    2.618416] adv748x 4-0070: Endpoint /soc/i2c@e66d8000/video-receiver@70/port@a/endpoint on port 10
[    2.627480] adv748x 4-0070: Endpoint /soc/i2c@e66d8000/video-receiver@70/port@b/endpoint on port 11
[    2.636874] adv748x 4-0070: chip found @ 0xe0 revision 2143
[    2.665960] usb 2-1: new high-speed USB device number 2 using ehci-platform
[    2.697342] rcar-csi2 fea80000.csi2: 1 lanes found
[    2.702483] rcar-csi2 feaa0000.csi2: 4 lanes found
[    2.712058] rcar-vin e6ef0000.video: Device registered as video0
[    2.718140] rcar-vin e6ef1000.video: Device registered as video1
[    2.724207] rcar-vin e6ef2000.video: Device registered as video2
[    2.730276] rcar-vin e6ef3000.video: Device registered as video3
[    2.736343] rcar-vin e6ef4000.video: Device registered as video4
[    2.742422] rcar-vin e6ef5000.video: Device registered as video5
[    2.748496] rcar-vin e6ef6000.video: Device registered as video6
[    2.754579] rcar-vin e6ef7000.video: Device registered as video7
[    2.763330] rcar_gen3_thermal e6198000.thermal: is using pseudo fixed FUSE values
[    2.775496] rcar_gen3_thermal e6198000.thermal: TSC0: Loaded 1 trip points
[    2.786749] rcar_gen3_thermal e6198000.thermal: TSC1: Loaded 1 trip points
[    2.797898] rcar_gen3_thermal e6198000.thermal: TSC2: Loaded 3 trip points
[    2.809961] sdhci: Secure Digital Host Controller Interface driver
[    2.816166] sdhci: Copyright(c) Pierre Ossman
[    2.821331] Synopsys Designware Multimedia Card Interface Driver
[    2.821748] renesas_sdhi_internal_dmac ee140000.mmc: Adding to iommu group 0
[    2.821895] renesas_sdhi_internal_dmac ee160000.mmc: Got CD GPIO
[    2.821898] renesas_sdhi_internal_dmac ee100000.mmc: Got CD GPIO
[    2.821916] renesas_sdhi_internal_dmac ee160000.mmc: Got WP GPIO
[    2.821920] renesas_sdhi_internal_dmac ee100000.mmc: Got WP GPIO
[    2.828713] sdhci-pltfm: SDHCI platform and OF driver helper
[    2.834450] renesas_sdhi_internal_dmac ee140000.mmc: Using IPMMU context 1
[    2.871768] ledtrig-cpu: registered to indicate activity on CPUs
[    2.874372] usb-storage 2-1:1.0: USB Mass Storage device detected
[    2.878863] SMCCC: SOC_ID: ARCH_SOC_ID not implemented, skipping ....
[    2.884644] scsi host1: usb-storage 2-1:1.0
[    2.890961] usbcore: registered new interface driver usbhid
[    2.900087] usbhid: USB HID core driver
[    2.907745] optee: probing for conduit method.
[    2.912213] optee: revision 3.22 (314ecf9d)
[    2.912631] optee driver R-Car Rev.1.0.11
[    2.921045] optee: dynamic shared memory is enabled
[    2.921500] renesas_sdhi_internal_dmac ee140000.mmc: mmc0 base at 0x00000000ee140000, max clock rate 200 MHz
[    2.926206] optee: initialized driver
[    2.953911] rcar_sound ec500000.sound: probed
[    2.958993] NET: Registered protocol family 17
[    2.963567] 9pnet: Installing 9P2000 support
[    2.967891] Key type dns_resolver registered
[    2.972437] registered taskstats version 1
[    2.976550] Loading compiled-in X.509 certificates
[    2.991285] thermal emergency: set temperature to 110 celsius
[    2.997230] thermal emergency: shutdown target cpus 1-7
[    3.002461] thermal emergency: freq scaled target cpus 0
[    3.005155] mmc0: new HS400 MMC card at address 0001
[    3.008134] renesas_irqc e61c0000.interrupt-controller: driving 6 irqs
[    3.013549] mmcblk0: mmc0:0001 BGSD3R 29.1 GiB 
[    3.024268] mmcblk0boot0: mmc0:0001 BGSD3R partition 1 16.0 MiB
[    3.030616] mmcblk0boot1: mmc0:0001 BGSD3R partition 2 16.0 MiB
[    3.036653] mmcblk0rpmb: mmc0:0001 BGSD3R partition 3 4.00 MiB, chardev (509:0)
[    3.045382]  mmcblk0: p1
[    3.061980] ehci-platform ee080100.usb: EHCI Host Controller
[    3.067673] ehci-platform ee080100.usb: new USB bus registered, assigned bus number 9
[    3.075571] ehci-platform ee080100.usb: irq 174, io mem 0xee080100
[    3.093958] ehci-platform ee080100.usb: USB 2.0 started, EHCI 1.10
[    3.100493] hub 9-0:1.0: USB hub found
[    3.104263] hub 9-0:1.0: 1 port detected
[    3.109731] ohci-platform ee080000.usb: Generic Platform OHCI controller
[    3.116459] ohci-platform ee080000.usb: new USB bus registered, assigned bus number 10
[    3.124437] ohci-platform ee080000.usb: irq 174, io mem 0xee080000
[    3.220509] hub 10-0:1.0: USB hub found
[    3.224370] hub 10-0:1.0: 1 port detected
[    3.229746] cpu cpu0: EM: created perf domain
[    3.234775] cpu cpu4: EM: created perf domain
[    3.244085] renesas_sdhi_internal_dmac ee100000.mmc: Got CD GPIO
[    3.245104] renesas_sdhi_internal_dmac ee160000.mmc: Got CD GPIO
[    3.247373] [drm] Initialized rcar-du 1.0.0 20130110 for feb00000.display on minor 0
[    3.247376] [drm] Device feb00000.display probed
[    3.250197] renesas_sdhi_internal_dmac ee100000.mmc: Got WP GPIO
[    3.256189] renesas_sdhi_internal_dmac ee160000.mmc: Got WP GPIO
[    3.313311] renesas_sdhi_internal_dmac ee100000.mmc: mmc1 base at 0x00000000ee100000, max clock rate 200 MHz
[    3.318313] Console: switching to colour frame buffer device 128x48
[    3.328814] renesas_sdhi_internal_dmac ee160000.mmc: mmc2 base at 0x00000000ee160000, max clock rate 200 MHz
[    3.363320] rcar-du feb00000.display: [drm] fb0: rcar-dudrmfb frame buffer device
[    3.375821] input: keys as /devices/platform/keys/input/input0
[    3.457613] Micrel KSZ9031 Gigabit PHY e6800000.ethernet-ffffffff:00: attached PHY driver [Micrel KSZ9031 Gigabit PHY] (mii_bus:phy_addr=e6800000.ethernet-ffffffff:00, irq=183)
[    3.903242] scsi 1:0:0:0: Direct-Access     SanDisk  Ultra            1.00 PQ: 0 ANSI: 6
[    3.912931] sd 1:0:0:0: [sda] 121307136 512-byte logical blocks: (62.1 GB/57.8 GiB)
[    3.922016] sd 1:0:0:0: [sda] Write Protect is off
[    3.927905] sd 1:0:0:0: [sda] Write cache: disabled, read cache: enabled, doesn't support DPO or FUA
[    3.951292]  sda: sda1
[    3.968460] sd 1:0:0:0: [sda] Attached SCSI removable disk
[   13.031239] ravb e6800000.ethernet eth0: Link is Up - 1Gbps/Full - flow control off
[   13.058007] IP-Config: Guessing netmask 255.255.255.0
[   13.063167] IP-Config: Complete:
[   13.066477]      device=eth0, hwaddr=2e:09:0a:00:c3:9a, ipaddr=192.168.10.167, mask=255.255.255.0, gw=255.255.255.255
[   13.077290]      host=192.168.10.167, domain=, nis-domain=(none)
[   13.083418]      bootserver=255.255.255.255, rootserver=192.168.10.99, rootpath=
[   13.084034] ALSA device list:
[   13.102517]   No soundcards found.
[   14.174412] VFS: Mounted root (nfs4 filesystem) on device 0:22.
[   14.185552] devtmpfs: mounted
[   14.196137] Freeing unused kernel memory: 6144K
[   14.214164] Run /sbin/init as init process
[   14.376068] systemd[1]: System time before build time, advancing clock.
[   14.827387] NET: Registered protocol family 10
[   14.837521] Segment Routing with IPv6
[   14.864153] systemd[1]: Configuration file /etc/systemd/system.conf is marked executable. Please remove executable permission bits. Proceeding anyway.
[   14.891220] systemd[1]: Configuration file /lib/systemd/system.conf.d/00-systemd-conf.conf is marked executable. Please remove executable permission bits. Proceeding anyway.
[   14.919893] systemd[1]: systemd 244 running in system mode. (+PAM -AUDIT -SELINUX +IMA -APPARMOR -SMACK +SYSVINIT +UTMP -LIBCRYPTSETUP -GCRYPT -GNUTLS +ACL +XZ -LZ4 -SECCOMP +BLKID -ELFUTILS +KMOD -IDN2 -IDN -PCRE2 default-hierarchy=hybrid)
[   14.949620] systemd[1]: Detected architecture arm64.

Welcome to [1mPoky (Yocto Project Reference Distro) 3.1.11 (dunfell)[0m!

[   14.980252] systemd[1]: Set hostname to <salvator-x>.
[   14.990078] random: crng init done
[   15.173849] systemd[1]: Configuration file /lib/systemd/system/local-fs.target is marked executable. Please remove executable permission bits. Proceeding anyway.
[   15.214543] systemd[1]: Configuration file /lib/systemd/system/swap.target is marked executable. Please remove executable permission bits. Proceeding anyway.
[   15.242840] systemd[1]: Configuration file /lib/systemd/system/umount.target is marked executable. Please remove executable permission bits. Proceeding anyway.
[   15.268945] systemd[1]: Configuration file /lib/systemd/system/systemd-journald.socket is marked executable. Please remove executable permission bits. Proceeding anyway.
[   15.296659] systemd[1]: Configuration file /lib/systemd/system/systemd-journald.service is marked executable. Please remove executable permission bits. Proceeding anyway.
[   15.320473] systemd[1]: Configuration file /lib/systemd/system/sysinit.target is marked executable. Please remove executable permission bits. Proceeding anyway.
[   15.353080] systemd[1]: Configuration file /lib/systemd/system/systemd-update-utmp.service is marked executable. Please remove executable permission bits. Proceeding anyway.
[   15.375518] systemd[1]: Configuration file /lib/systemd/system/systemd-update-done.service is marked executable. Please remove executable permission bits. Proceeding anyway.
[   15.398087] systemd[1]: Configuration file /lib/systemd/system/systemd-udevd.service is marked executable. Please remove executable permission bits. Proceeding anyway.
[   15.419373] systemd[1]: Configuration file /lib/systemd/system/systemd-udevd-kernel.socket is marked executable. Please remove executable permission bits. Proceeding anyway.
[   15.440507] systemd[1]: Configuration file /lib/systemd/system/systemd-udevd-control.socket is marked executable. Please remove executable permission bits. Proceeding anyway.
[   15.462067] systemd[1]: Configuration file /lib/systemd/system/systemd-udev-trigger.service is marked executable. Please remove executable permission bits. Proceeding anyway.
[   15.483299] systemd[1]: Configuration file /lib/systemd/system/systemd-tmpfiles-setup.service is marked executable. Please remove executable permission bits. Proceeding anyway.
[   15.504833] systemd[1]: Configuration file /lib/systemd/system/systemd-tmpfiles-setup-dev.service is marked executable. Please remove executable permission bits. Proceeding anyway.
[   15.527068] systemd[1]: Configuration file /lib/systemd/system/systemd-timesyncd.service is marked executable. Please remove executable permission bits. Proceeding anyway.
[   15.549099] systemd[1]: Configuration file /lib/systemd/system/time-sync.target is marked executable. Please remove executable permission bits. Proceeding anyway.
[   15.569280] systemd[1]: Configuration file /lib/systemd/system/time-set.target is marked executable. Please remove executable permission bits. Proceeding anyway.
[   15.589439] systemd[1]: Configuration file /lib/systemd/system/systemd-sysusers.service is marked executable. Please remove executable permission bits. Proceeding anyway.
[   15.610709] systemd[1]: Configuration file /lib/systemd/system/systemd-sysctl.service is marked executable. Please remove executable permission bits. Proceeding anyway.
[   15.631299] systemd[1]: Configuration file /lib/systemd/system/systemd-random-seed.service is marked executable. Please remove executable permission bits. Proceeding anyway.
[   15.655713] systemd[1]: Configuration file /lib/systemd/system/systemd-modules-load.service is marked executable. Please remove executable permission bits. Proceeding anyway.
[   15.677510] systemd[1]: Configuration file /lib/systemd/system/systemd-machine-id-commit.service is marked executable. Please remove executable permission bits. Proceeding anyway.
[   15.699632] systemd[1]: Configuration file /lib/systemd/system/systemd-journal-flush.service is marked executable. Please remove executable permission bits. Proceeding anyway.
[   15.721420] systemd[1]: Configuration file /lib/systemd/system/systemd-journal-catalog-update.service is marked executable. Please remove executable permission bits. Proceeding anyway.
[   15.744283] systemd[1]: Configuration file /lib/systemd/system/systemd-hwdb-update.service is marked executable. Please remove executable permission bits. Proceeding anyway.
[   15.765868] systemd[1]: Configuration file /lib/systemd/system/systemd-ask-password-console.path is marked executable. Please remove executable permission bits. Proceeding anyway.
[   15.788441] systemd[1]: Configuration file /lib/systemd/system/systemd-ask-password-console.service is marked executable. Please remove executable permission bits. Proceeding anyway.
[   15.811047] systemd[1]: Configuration file /lib/systemd/system/systemd-vconsole-setup.service is marked executable. Please remove executable permission bits. Proceeding anyway.
[   15.832550] systemd[1]: Configuration file /lib/systemd/system/initrd-switch-root.target is marked executable. Please remove executable permission bits. Proceeding anyway.
[   15.854082] systemd[1]: Configuration file /lib/systemd/system/initrd-cleanup.service is marked executable. Please remove executable permission bits. Proceeding anyway.
[   15.874894] systemd[1]: Configuration file /lib/systemd/system/initrd.target is marked executable. Please remove executable permission bits. Proceeding anyway.
[   15.894690] systemd[1]: Configuration file /lib/systemd/system/rescue.target is marked executable. Please remove executable permission bits. Proceeding anyway.
[   15.923152] systemd[1]: Configuration file /lib/systemd/system/remote-fs.target is marked executable. Please remove executable permission bits. Proceeding anyway.
[   15.943424] systemd[1]: Configuration file /lib/systemd/system/remote-fs-pre.target is marked executable. Please remove executable permission bits. Proceeding anyway.
[   15.964065] systemd[1]: Configuration file /lib/systemd/system/graphical.target is marked executable. Please remove executable permission bits. Proceeding anyway.
[   15.989624] systemd[1]: Configuration file /lib/systemd/system/multi-user.target is marked executable. Please remove executable permission bits. Proceeding anyway.
[   16.028209] systemd[1]: Configuration file /lib/systemd/system/xinetd.service is marked executable. Please remove executable permission bits. Proceeding anyway.
[   16.048350] systemd[1]: Configuration file /lib/systemd/system/network.target is marked executable. Please remove executable permission bits. Proceeding anyway.
[   16.068227] systemd[1]: Configuration file /lib/systemd/system/network-pre.target is marked executable. Please remove executable permission bits. Proceeding anyway.
[   16.088967] systemd[1]: Configuration file /lib/systemd/system/systemd-user-sessions.service is marked executable. Please remove executable permission bits. Proceeding anyway.
[   16.110665] systemd[1]: Configuration file /lib/systemd/system/nss-user-lookup.target is marked executable. Please remove executable permission bits. Proceeding anyway.
[   16.131429] systemd[1]: Configuration file /lib/systemd/system/systemd-resolved.service is marked executable. Please remove executable permission bits. Proceeding anyway.
[   16.153231] systemd[1]: Configuration file /lib/systemd/system/nss-lookup.target is marked executable. Please remove executable permission bits. Proceeding anyway.
[   16.173605] systemd[1]: Configuration file /lib/systemd/system/systemd-networkd.service is marked executable. Please remove executable permission bits. Proceeding anyway.
[   16.195376] systemd[1]: Configuration file /lib/systemd/system/systemd-logind.service is marked executable. Please remove executable permission bits. Proceeding anyway.
[   16.217348] systemd[1]: Configuration file /lib/systemd/system/dbus.socket is marked executable. Please remove executable permission bits. Proceeding anyway.
[   16.237659] systemd[1]: Configuration file /lib/systemd/system/user.slice is marked executable. Please remove executable permission bits. Proceeding anyway.
[   16.256694] systemd[1]: Configuration file /lib/systemd/system/slices.target is marked executable. Please remove executable permission bits. Proceeding anyway.
[   16.275948] systemd[1]: Configuration file /lib/systemd/system/systemd-ask-password-wall.path is marked executable. Please remove executable permission bits. Proceeding anyway.
[   16.298089] systemd[1]: Configuration file /lib/systemd/system/systemd-ask-password-wall.service is marked executable. Please remove executable permission bits. Proceeding anyway.
[   16.320366] systemd[1]: Configuration file /lib/systemd/system/rpcbind.service is marked executable. Please remove executable permission bits. Proceeding anyway.
[   16.340301] systemd[1]: Configuration file /lib/systemd/system/rpcbind.target is marked executable. Please remove executable permission bits. Proceeding anyway.
[   16.360322] systemd[1]: Configuration file /lib/systemd/system/rpcbind.socket is marked executable. Please remove executable permission bits. Proceeding anyway.
[   16.380708] systemd[1]: Configuration file /lib/systemd/system/rc.pvr.service is marked executable. Please remove executable permission bits. Proceeding anyway.
[   16.400820] systemd[1]: Configuration file /lib/systemd/system/optee.service is marked executable. Please remove executable permission bits. Proceeding anyway.
[   16.420792] systemd[1]: Configuration file /lib/systemd/system/getty.target is marked executable. Please remove executable permission bits. Proceeding anyway.
[   16.444159] systemd[1]: Configuration file /lib/systemd/system/serial-getty@.service is marked executable. Please remove executable permission bits. Proceeding anyway.
[   16.465822] systemd[1]: Configuration file /lib/systemd/system/rc-local.service is marked executable. Please remove executable permission bits. Proceeding anyway.
[   16.486047] systemd[1]: Configuration file /lib/systemd/system/getty-pre.target is marked executable. Please remove executable permission bits. Proceeding anyway.
[   16.506419] systemd[1]: Configuration file /lib/systemd/system/getty@.service is marked executable. Please remove executable permission bits. Proceeding anyway.
[   16.527227] systemd[1]: Configuration file /lib/systemd/system/dbus.service is marked executable. Please remove executable permission bits. Proceeding anyway.
[   16.546618] systemd[1]: Configuration file /lib/systemd/system/avahi-daemon.service is marked executable. Please remove executable permission bits. Proceeding anyway.
[   16.567598] systemd[1]: Configuration file /lib/systemd/system/avahi-daemon.socket is marked executable. Please remove executable permission bits. Proceeding anyway.
[   16.589357] systemd[1]: Configuration file /lib/systemd/system/systemd-update-utmp-runlevel.service is marked executable. Please remove executable permission bits. Proceeding anyway.
[   16.611620] systemd[1]: Configuration file /lib/systemd/system/rescue.service is marked executable. Please remove executable permission bits. Proceeding anyway.
[   16.631339] systemd[1]: Configuration file /lib/systemd/system/initrd-parse-etc.service is marked executable. Please remove executable permission bits. Proceeding anyway.
[   16.652272] systemd[1]: Configuration file /lib/systemd/system/initrd-root-device.target is marked executable. Please remove executable permission bits. Proceeding anyway.
[   16.673382] systemd[1]: Configuration file /lib/systemd/system/basic.target is marked executable. Please remove executable permission bits. Proceeding anyway.
[   16.693088] systemd[1]: Configuration file /lib/systemd/system/timers.target is marked executable. Please remove executable permission bits. Proceeding anyway.
[   16.714923] systemd[1]: Configuration file /lib/systemd/system/systemd-tmpfiles-clean.timer is marked executable. Please remove executable permission bits. Proceeding anyway.
[   16.736251] systemd[1]: Configuration file /lib/systemd/system/systemd-tmpfiles-clean.service is marked executable. Please remove executable permission bits. Proceeding anyway.
[   16.757758] systemd[1]: Configuration file /lib/systemd/system/initrd-fs.target is marked executable. Please remove executable permission bits. Proceeding anyway.
[   16.777656] systemd[1]: Configuration file /lib/systemd/system/initrd-root-fs.target is marked executable. Please remove executable permission bits. Proceeding anyway.
[   16.798019] systemd[1]: Configuration file /lib/systemd/system/initrd-udevadm-cleanup-db.service is marked executable. Please remove executable permission bits. Proceeding anyway.
[   16.820122] systemd[1]: Configuration file /lib/systemd/system/systemd-udev-settle.service is marked executable. Please remove executable permission bits. Proceeding anyway.
[   16.841431] systemd[1]: Configuration file /lib/systemd/system/initrd-switch-root.service is marked executable. Please remove executable permission bits. Proceeding anyway.
[   16.862618] systemd[1]: Configuration file /lib/systemd/system/paths.target is marked executable. Please remove executable permission bits. Proceeding anyway.
[   16.881998] systemd[1]: Configuration file /lib/systemd/system/sys-kernel-debug.mount is marked executable. Please remove executable permission bits. Proceeding anyway.
[   16.902797] systemd[1]: Configuration file /lib/systemd/system/sys-kernel-config.mount is marked executable. Please remove executable permission bits. Proceeding anyway.
[   16.923678] systemd[1]: Configuration file /lib/systemd/system/sys-fs-fuse-connections.mount is marked executable. Please remove executable permission bits. Proceeding anyway.
[   16.945327] systemd[1]: Configuration file /lib/systemd/system/psplash-systemd.service is marked executable. Please remove executable permission bits. Proceeding anyway.
[   16.965568] systemd[1]: Configuration file /lib/systemd/system/psplash-start.service is marked executable. Please remove executable permission bits. Proceeding anyway.
[   16.985871] systemd[1]: Configuration file /lib/systemd/system/ldconfig.service is marked executable. Please remove executable permission bits. Proceeding anyway.
[   17.005531] systemd[1]: Configuration file /lib/systemd/system/kmod-static-nodes.service is marked executable. Please remove executable permission bits. Proceeding anyway.
[   17.026549] systemd[1]: Configuration file /lib/systemd/system/dev-mqueue.mount is marked executable. Please remove executable permission bits. Proceeding anyway.
[   17.046525] systemd[1]: Configuration file /lib/systemd/system/dev-hugepages.mount is marked executable. Please remove executable permission bits. Proceeding anyway.
[   17.067040] systemd[1]: Configuration file /lib/systemd/system/emergency.service is marked executable. Please remove executable permission bits. Proceeding anyway.
[   17.086874] systemd[1]: Configuration file /lib/systemd/system/syslog.socket is marked executable. Please remove executable permission bits. Proceeding anyway.
[   17.106797] systemd[1]: Configuration file /lib/systemd/system/systemd-journald-audit.socket is marked executable. Please remove executable permission bits. Proceeding anyway.
[   17.128164] systemd[1]: Configuration file /lib/systemd/system/systemd-journald-dev-log.socket is marked executable. Please remove executable permission bits. Proceeding anyway.
[   17.150128] systemd[1]: Configuration file /lib/systemd/system/sockets.target is marked executable. Please remove executable permission bits. Proceeding anyway.
[   17.181368] systemd[1]: Configuration file /lib/systemd/system/systemd-networkd.socket is marked executable. Please remove executable permission bits. Proceeding anyway.
[   17.201992] systemd[1]: Configuration file /lib/systemd/system/systemd-initctl.socket is marked executable. Please remove executable permission bits. Proceeding anyway.
[   17.222225] systemd[1]: Configuration file /lib/systemd/system/systemd-initctl.service is marked executable. Please remove executable permission bits. Proceeding anyway.
[   17.242653] systemd[1]: Configuration file /lib/systemd/system/dropbear.socket is marked executable. Please remove executable permission bits. Proceeding anyway.
[   17.262211] systemd[1]: Configuration file /lib/systemd/system/var-volatile-srv.service is marked executable. Please remove executable permission bits. Proceeding anyway.
[   17.282605] systemd[1]: Configuration file /lib/systemd/system/var-volatile-spool.service is marked executable. Please remove executable permission bits. Proceeding anyway.
[   17.303706] systemd[1]: Configuration file /lib/systemd/system/var-volatile-lib.service is marked executable. Please remove executable permission bits. Proceeding anyway.
[   17.324670] systemd[1]: Configuration file /lib/systemd/system/var-volatile-cache.service is marked executable. Please remove executable permission bits. Proceeding anyway.
[   17.345831] systemd[1]: Configuration file /lib/systemd/system/tmp.mount is marked executable. Please remove executable permission bits. Proceeding anyway.
[   17.365106] systemd[1]: Configuration file /lib/systemd/system/systemd-remount-fs.service is marked executable. Please remove executable permission bits. Proceeding anyway.
[   17.386116] systemd[1]: Configuration file /lib/systemd/system/systemd-fsck-root.service is marked executable. Please remove executable permission bits. Proceeding anyway.
[   17.407003] systemd[1]: Configuration file /lib/systemd/system/emergency.target is marked executable. Please remove executable permission bits. Proceeding anyway.
[   17.426752] systemd[1]: Configuration file /lib/systemd/system/local-fs-pre.target is marked executable. Please remove executable permission bits. Proceeding anyway.
[   17.447110] systemd[1]: Configuration file /lib/systemd/system/shutdown.target is marked executable. Please remove executable permission bits. Proceeding anyway.
[   17.468202] systemd[1]: system-getty.slice: unit configures an IP firewall, but the local system does not support BPF/cgroup firewalling.
[   17.483371] systemd[1]: (This warning is only shown for the first unit using IP firewalling.)
[   17.495128] systemd[1]: Created slice system-getty.slice.
[[0;32m  OK  [0m] Created slice [0;1;39msystem-getty.slice[0m.
[   17.518707] systemd[1]: Created slice system-serial\x2dgetty.slice.
[[0;32m  OK  [0m] Created slice [0;1;39msystem-serial\x2dgetty.slice[0m.
[   17.542650] systemd[1]: Created slice User and Session Slice.
[[0;32m  OK  [0m] Created slice [0;1;39mUser and Session Slice[0m.
[   17.566181] systemd[1]: Started Dispatch Password Requests to Console Directory Watch.
[[0;32m  OK  [0m] Started [0;1;39mDispatch Password …ts to Console Directory Watch[0m.
[   17.594209] systemd[1]: Started Forward Password Requests to Wall Directory Watch.
[[0;32m  OK  [0m] Started [0;1;39mForward Password R…uests to Wall Directory Watch[0m.
[   17.622112] systemd[1]: Reached target Paths.
[[0;32m  OK  [0m] Reached target [0;1;39mPaths[0m.
[   17.642046] systemd[1]: Reached target Remote File Systems.
[[0;32m  OK  [0m] Reached target [0;1;39mRemote File Systems[0m.
[   17.666168] systemd[1]: Reached target Slices.
[[0;32m  OK  [0m] Reached target [0;1;39mSlices[0m.
[   17.690126] systemd[1]: Reached target Swap.
[[0;32m  OK  [0m] Reached target [0;1;39mSwap[0m.
[   17.716969] systemd[1]: Listening on RPCbind Server Activation Socket.
[[0;32m  OK  [0m] Listening on [0;1;39mRPCbind Server Activation Socket[0m.
[   17.746143] systemd[1]: Reached target RPC Port Mapper.
[[0;32m  OK  [0m] Reached target [0;1;39mRPC Port Mapper[0m.
[   17.774431] systemd[1]: Listening on initctl Compatibility Named Pipe.
[[0;32m  OK  [0m] Listening on [0;1;39minitctl Compatibility Named Pipe[0m.
[   17.804080] systemd[1]: Listening on Journal Audit Socket.
[[0;32m  OK  [0m] Listening on [0;1;39mJournal Audit Socket[0m.
[   17.831749] systemd[1]: Listening on Journal Socket (/dev/log).
[[0;32m  OK  [0m] Listening on [0;1;39mJournal Socket (/dev/log)[0m.
[   17.858724] systemd[1]: Listening on Journal Socket.
[[0;32m  OK  [0m] Listening on [0;1;39mJournal Socket[0m.
[   17.888119] systemd[1]: Listening on Network Service Netlink Socket.
[[0;32m  OK  [0m] Listening on [0;1;39mNetwork Service Netlink Socket[0m.
[   17.920392] systemd[1]: Listening on udev Control Socket.
[[0;32m  OK  [0m] Listening on [0;1;39mudev Control Socket[0m.
[   17.946566] systemd[1]: Listening on udev Kernel Socket.
[[0;32m  OK  [0m] Listening on [0;1;39mudev Kernel Socket[0m.
[   17.979342] systemd[1]: Mounting Huge Pages File System...
         Mounting [0;1;39mHuge Pages File System[0m...
[   18.011572] systemd[1]: Mounting POSIX Message Queue File System...
         Mounting [0;1;39mPOSIX Message Queue File System[0m...
[   18.043172] systemd[1]: Mounting Kernel Debug File System...
         Mounting [0;1;39mKernel Debug File System[0m...
[   18.078478] systemd[1]: Mounting Temporary Directory (/tmp)...
         Mounting [0;1;39mTemporary Directory (/tmp)[0m...
[   18.112268] systemd[1]: Starting Create list of static device nodes for the current kernel...
         Starting [0;1;39mCreate list of st…odes for the current kernel[0m...
[   18.147162] systemd[1]: Starting Start psplash boot splash screen...
         Starting [0;1;39mStart psplash boot splash screen[0m...
[   18.180820] systemd[1]: Starting RPC Bind...
         Starting [0;1;39mRPC Bind[0m...
[   18.202663] systemd[1]: Condition check resulted in File System Check on Root Device being skipped.
[   18.209661] systemd[1]: Starting Journal Service...
         Starting [0;1;39mJournal Service[0m...
[   18.232982] systemd-journald[359]: Configuration file /etc/systemd/journald.conf is marked executable. Please remove executable permission bits. Proceeding anyway.
[   18.249644] systemd-journald[359]: Configuration file /lib/systemd/journald.conf.d/00-systemd-conf.conf is marked executable. Please remove executable permission bits. Proceeding anyway.
[   18.279548] systemd[1]: Starting Load Kernel Modules...
         Starting [0;1;39mLoad Kernel Modules[0m...
[   18.303039] systemd[1]: Starting Remount Root and Kernel File Systems...
         Starting [0;1;39mRemount Root and Kernel File Systems[0m...
[   18.330928] systemd[1]: Starting udev Coldplug all Devices...
         Starting [0;1;39mudev Coldplug all Devices[0m...
[   18.352946] systemd[1]: Started RPC Bind.
[[0;32m  OK  [0m] Started [0;1;39mRPC Bind[0m.
[   18.370642] systemd[1]: Started Start psplash boot splash screen.
[[0;32m  OK  [0m] Started [0;1;39mStart psplash boot splash screen[0m.
[   18.398899] systemd[1]: Started Journal Service.
[[0;32m  OK  [0m] Started [0;1;39mJournal Service[0m.
[[0;32m  OK  [0m] Mounted [0;1;39mHuge Pages File System[0m.
[[0;32m  OK  [0m] Mounted [0;1;39mPOSIX Message Queue File System[0m.
[[0;32m  OK  [0m] Mounted [0;1;39mKernel Debug File System[0m.
[[0;32m  OK  [0m] Mounted [0;1;39mTemporary Directory (/tmp)[0m.
[[0;32m  OK  [0m] Started [0;1;39mCreate list of sta… nodes for the current kernel[0m.
[[0;32m  OK  [0m] Started [0;1;39mLoad Kernel Modules[0m.
[[0;32m  OK  [0m] Started [0;1;39mRemount Root and Kernel File Systems[0m.
         Mounting [0;1;39mKernel Configuration File System[0m...
[[0;32m  OK  [0m] Started [0;1;39mStart psplash-syst…progress communication helper[0m.
         Starting [0;1;39mFlush Journal to Persistent Storage[0m...
         Starting [0;1;39mApply Kernel Variables[0m...
[   18.630762] systemd-journald[359]: Received client request to flush runtime journal.
         Starting [0;1;39mCreate Static Device Nodes in /dev[0m...
[[0;32m  OK  [0m] Mounted [0;1;39mKernel Configuration File System[0m.
[[0;32m  OK  [0m] Started [0;1;39mFlush Journal to Persistent Storage[0m.
[[0;32m  OK  [0m] Started [0;1;39mApply Kernel Variables[0m.
[[0;32m  OK  [0m] Started [0;1;39mCreate Static Device Nodes in /dev[0m.
[[0;32m  OK  [0m] Reached target [0;1;39mLocal File Systems (Pre)[0m.
         Mounting [0;1;39m/var/volatile[0m...
         Starting [0;1;39mudev Kernel Device Manager[0m...
[[0;32m  OK  [0m] Started [0;1;39mudev Coldplug all Devices[0m.
[[0;32m  OK  [0m] Mounted [0;1;39m/var/volatile[0m.
         Starting [0;1;39mLoad/Save Random Seed[0m...
[[0;32m  OK  [0m] Reached target [0;1;39mLocal File Systems[0m.
         Starting [0;1;39mCreate Volatile Files and Directories[0m...
[[0;32m  OK  [0m] Started [0;1;39mLoad/Save Random Seed[0m.
[[0;32m  OK  [0m] Started [0;1;39mudev Kernel Device Manager[0m.
         Starting [0;1;39mNetwork Service[0m...
[[0;32m  OK  [0m] Started [0;1;39mCreate Volatile Files and Directories[0m.
         Starting [0;1;39mNetwork Time Synchronization[0m...
         Starting [0;1;39mUpdate UTMP about System Boot/Shutdown[0m...
[[0;32m  OK  [0m] Started [0;1;39mNetwork Service[0m.
         Starting [0;1;39mNetwork Name Resolution[0m...
[[0;32m  OK  [0m] Started [0;1;39mUpdate UTMP about System Boot/Shutdown[0m.
[[0;32m  OK  [0m] Started [0;1;39mNetwork Time Synchronization[0m.
[[0;32m  OK  [0m] Reached target [0;1;39mSystem Initialization[0m.
[[0;32m  OK  [0m] Started [0;1;39mDaily Cleanup of Temporary Directories[0m.
[[0;32m  OK  [0m] Reached target [0;1;39mSystem Time Set[0m.
[[0;32m  OK  [0m] Reached target [0;1;39mSystem Time Synchronized[0m.
[[0;32m  OK  [0m] Reached target [0;1;39mTimers[0m.
[[0;32m  OK  [[   19.296147] pwm-backlight: probe of backlight failed with error -16
0m] Listening on [0;1;39mAvahi mDNS/DNS-SD Stack Activation Socket[0m.
[[0;32m  OK  [0m] Listening on [0;1;39mD-Bus System Message Bus Socket[0m.
[   19.353483] at24 7-0050: supply vcc not found, using dummy regulator
[   19.360640] at24 7-0050: 128 byte br24t01 EEPROM, writable, 8 bytes/write
[[0;32m  OK  [0m] Listening on [0;1;39mdropbear.socket[0m.
[[0;32m  OK  [0m] Reached target [0;1;39mSockets[0m.
[[0;32m  OK  [0m] Reached target [0;1;39mBasic System[0m.
[[0;32m  OK  [0m] Started [0;1;39mD-Bus System Message Bus[0m.
[   19.478855] ccree e6601000.crypto: ARM CryptoCell 630P Driver: HW version 0xAF400001/0xDCC63000, Driver version 5.0
[[0;32m  OK  [0m] Started [0;1;39moptee services[0m.
         Starting [0;1;39mpvrinit.service[0m...
[   19.522927] renesas_usb3 ee020000.usb: probed with phy
         Starting [0;1;39mPowerVR consumer services[0m...
         Starting [0;1;39mLogin Service[0m...
[[0;32m  OK  [0m] Started [0;1;39mNetwork Name Resolution[0m.
[   19.620014] ccree e6601000.crypto: ARM ccree device initialized
[[0;1;31mFAILED[0m] Failed to start [0;1;39mpvrinit.service[0m.
See 'systemctl status pvrinit.service' for details.
[[0;1;31mFAILED[0m] Failed to start [0;1;39mPowerVR consumer services[0m.
See 'systemctl status rc.pvr.service' for details.
[[0;1;38;5;185mDEPEND[0m] Dependency failed for [0;1;39mWeston Wayland Compositor[0m.
[[0;32m  OK  [0m] Started [0;1;39mLogin Service[0m.
[[0;32m  OK  [0m] Created slice [0;1;39msystem-weston.slice[0m.
[[0;32m  OK  [0m] Reached target [0;1;39mNetwork[0m.
[[0;32m  OK  [0m] Reached target [0;1;39mHost and Network Name Lookups[0m.
[[0;32m  OK  [0m] Reached target [0;1;39mHardware activated USB gadget[0m.
         Starting [0;1;39mAvahi mDNS/DNS-SD Stack[0m...
         Starting [0;1;39mset_default_governor.service[0m...
         Starting [0;1;39mPermit User Sessions[0m...
[[0;32m  OK  [0m] Started [0;1;39mXinetd A Powerful Replacement For Inetd[0m.
[   20.058202] rd 0-7: Disabling EAS, schedutil is mandatory
[[0;32m  OK  [0m] Started [0;1;39mPermit User Sessions[0m.
[[0;32m  OK  [0m] Started [0;1;39mset_default_governor.service[0m.
[[0;32m  OK  [0m] Started [0;1;39mAvahi mDNS/DNS-SD Stack[0m.
[[0;32m  OK  [0m] Started [0;1;39mGetty on tty1[0m.
[[0;32m  OK  [0m] Started [0;1;39mSerial Getty on ttySC0[0m.
[[0;32m  OK  [0m] Reached target [0;1;39mLogin Prompts[0m.
[[0;32m  OK  [0m] Reached target [0;1;39mMulti-User System[0m.
         Starting [0;1;39mUpdate UTMP about System Runlevel Changes[0m...
[[0;32m  OK  [0m] Started [0;1;39mUpdate UTMP about System Runlevel Changes[0m.

Poky (Yocto Project Reference Distro) 3.1.11 salvator-x ttySC0

salvator-x login: 
salvator-x login: root
[   21.949031] audit: type=1006 audit(1708653591.091:2): pid=537 uid=0 old-auid=4294967295 auid=0 tty=(none) old-ses=4294967295 ses=1 res=1
7[r[999;999H[6n8root@salvator-x:~# 
root@salvator-x:~# 
root@salvator-x:~# 
root@salvator-x:~# 
root@salvator-x:~# 
root@salvator-x:~# 
root@salvator-x:~# 
root@salvator-x:~# 
root@salvator-x:~# 
----------Prepare----------


root@salvator-x:~# find /sys/devices/platform/soc/ee0c0100.usb/ -name 'sd*'
/sys/devices/platform/soc/ee0c0100.usb/usb2/2-1/2-1:1.0/host1/target1:0:0/1:0:0:0/block/sda
/sys/devices/platform/soc/ee0c0100.usb/usb2/2-1/2-1:1.0/host1/target1:0:0/1:0:0:0/block/sda/sda1
root@salvator-x:~# 
root@salvator-x:~# dd if=/dev/urandom of=testdata bs=10M count=5
5+0 records in
5+0 records out
52428800 bytes (52 MB, 50 MiB) copied, 1.36831 s, 38.3 MB/s
root@salvator-x:~# 
root@salvator-x:~# mkdir -p /mnt/usb
root@salvator-x:~# 
root@salvator-x:~# mount /dev/sda1 /mnt/usb
[   34.122409] EXT4-fs (sda1): recovery complete
[   34.133365] EXT4-fs (sda1): mounted filesystem with ordered data mode. Opts: (null)
root@salvator-x:~# 
root@salvator-x:~# cp testdata /mnt/usb/
root@salvator-x:~# 
root@salvator-x:~# umount /mnt/usb
root@salvator-x:~# 
root@salvator-x:~# find /sys/devices/platform/soc/ee0c0100.usb/ -name 'sd*'
/sys/devices/platform/soc/ee0c0100.usb/usb2/2-1/2-1:1.0/host1/target1:0:0/1:0:0:0/block/sda
/sys/devices/platform/soc/ee0c0100.usb/usb2/2-1/2-1:1.0/host1/target1:0:0/1:0:0:0/block/sda/sda1
root@salvator-x:~# 
root@salvator-x:~# i2cset -f -y 7 0x30 0x20 0x0f
root@salvator-x:~# 

Switch SW23 off and input 'yes' to continue:
[   43.998076] SDHI0 VccQ: disabling
[   44.001464] SDHI3 VccQ: disabling
Input 'yes' to continue: 

root@salvator-x:~# echo N > /sys/module/printk/parameters/console_suspend
root@salvator-x:~# 
root@salvator-x:~# mount /dev/sda1 /mnt/usb
[   79.461741] EXT4-fs (sda1): mounted filesystem with ordered data mode. Opts: (null)
root@salvator-x:~# 
root@salvator-x:~# cp testdata /mnt/usb/testdata_from_nfs &
[1] 562
root@salvator-x:~# 
root@salvator-x:~# echo mem > /sys/power/state
[   80.834259] PM: suspend entry (deep)
[   83.541349] Filesystems sync: 2.703 seconds
[   83.547751] Freezing user space processes ... (elapsed 0.001 seconds) done.
[   83.549379] OOM killer disabled.
[   83.549382] Freezing remaining freezable tasks ... (elapsed 0.001 seconds) done.
[   83.989569] ravb e6800000.ethernet eth0: Link is Down
[   84.004414] Disabling non-boot CPUs ...
[   84.008878] CPU1: shutdown
[   84.011601] psci: CPU1 killed (polled 0 ms)
[   84.017477] CPU2: shutdown
[   84.020206] psci: CPU2 killed (polled 0 ms)
[   84.025910] CPU3: shutdown
[   84.028635] psci: CPU3 killed (polled 0 ms)
[   84.034541] CPU4: shutdown
[   84.037252] psci: CPU4 killed (polled 0 ms)
[   84.042917] CPU5: shutdown
[   84.045638] psci: CPU5 killed (polled 0 ms)
[   84.051380] CPU6: shutdown
[   84.054126] psci: CPU6 killed (polled 0 ms)
[   84.059907] CPU7: shutdown
[   84.062664] psci: CPU7 killed (polled 0 ms)
 
Pull out USB device at CN10H


Press any button to continue


 Switch power switch: 

NOTICE:  BL2: R-Car Gen3 Initial Program Loader(CA57) Rev.4.0.0
NOTICE:  BL2: PRR is R-Car H3 Ver.3.0
NOTICE:  BL2: Board is Salvator-XS Rev.1.0
NOTICE:  BL2: Boot device is HyperFlash(160MHz)
NOTICE:  BL2: LCM state is CM
NOTICE:  AVS setting succeeded. DVFS_SetVID=0x53
NOTICE:  BL2: DDR3200(rev.0.42)
NOTICE:  BL2: [WARM_BOOT]
NOTICE:  BL2: DRAM Split is 4ch(DDR f)
NOTICE:  BL2: QoS is default setting(rev.0.11)
NOTICE:  BL2: DRAM refresh interval 1.95 usec
NOTICE:  BL2: Periodic Write DQ Training
NOTICE:  BL2: CH0: 400000000 - 47fffffff, 2 GiB
NOTICE:  BL2: CH1: 500000000 - 57fffffff, 2 GiB
NOTICE:  BL2: CH2: 600000000 - 67fffffff, 2 GiB
NOTICE:  BL2: CH3: 700000000 - 77fffffff, 2 GiB
NOTICE:  BL2: Lossy Decomp areas
NOTICE:       Entry 0: DCMPAREACRAx:0x80000540 DCMPAREACRBx:0x570
NOTICE:       Entry 1: DCMPAREACRAx:0x40000000 DCMPAREACRBx:0x0
NOTICE:       Entry 2: DCMPAREACRAx:0x20000000 DCMPAREACRBx:0x0
NOTICE:  BL2: FDT at 0xe6327f70
NOTICE:  BL2: v2.9(release):9cdb21f75
NOTICE:  BL2: Built : 05:25:39, Dec 19 2023
NOTICE:  BL2: Normal boot
[   84.067838] Enabling non-boot CPUs ...
[   84.071878] Detected PIPT I-cache on CPU1
[   84.071933] CPU1: Booted secondary processor 0x0000000001 [0x411fd073]
[   84.072394] CPU1 is up
[   84.085444] Detected PIPT I-cache on CPU2
[   84.085466] CPU2: Booted secondary processor 0x0000000002 [0x411fd073]
[   84.085732] CPU2 is up
[   84.098754] Detected PIPT I-cache on CPU3
[   84.098777] CPU3: Booted secondary processor 0x0000000003 [0x411fd073]
[   84.099055] CPU3 is up
[   84.112114] Detected VIPT I-cache on CPU4
[   84.112167] CPU4: Booted secondary processor 0x0000000100 [0x410fd034]
[   84.113056] CPU4 is up
[   84.126069] Detected VIPT I-cache on CPU5
[   84.126103] CPU5: Booted secondary processor 0x0000000101 [0x410fd034]
[   84.126648] CPU5 is up
[   84.139653] Detected VIPT I-cache on CPU6
[   84.139686] CPU6: Booted secondary processor 0x0000000102 [0x410fd034]
[   84.140356] CPU6 is up
[   84.153360] Detected VIPT I-cache on CPU7
[   84.153393] CPU7: Booted secondary processor 0x0000000103 [0x410fd034]
[   84.154076] CPU7 is up
[   84.226004] xhci-hcd ee000000.usb: xHC error in resume, USBSTS 0x401, Reinit
[   84.233049] usb usb7: root hub lost power or was reset
[   84.238168] usb usb8: root hub lost power or was reset
[   84.296865] Micrel KSZ9031 Gigabit PHY e6800000.ethernet-ffffffff:00: attached PHY driver [Micrel KSZ9031 Gigabit PHY] (mii_bus:phy_addr=e6800000.ethernet-ffffffff:00, irq=183)
[   84.411940] usb usb4: root hub lost power or was reset
[   84.417222] usb usb1: root hub lost power or was reset
[   84.504036] usb usb5: root hub lost power or was reset
[   84.509285] usb usb2: root hub lost power or was reset
[   84.596021] usb usb6: root hub lost power or was reset
[   84.601272] usb usb3: root hub lost power or was reset
[   84.720021] usb usb10: root hub lost power or was reset
[   84.725372] usb usb9: root hub lost power or was reset
[   84.738028] ata1: link resume succeeded after 1 retries
[   84.849559] ata1: SATA link down (SStatus 0 SControl 300)
[   87.374044] OOM killer enabled.
[   87.377906] Restarting tasks ... done.
[   87.383179] PM: suspend exit
[   87.387326] usb 2-1: USB disconnect, device number 2
[   87.393939] blk_update_request: I/O error, dev sda, sector 16791808 op 0x1:(WRITE) flags 0x4000 phys_seg 30 prio class 0
[   87.393965] blk_update_request: I/O error, dev sda, sector 16792048 op 0x1:(WRITE) flags 0x4000 phys_seg 30 prio class 0
[   87.394002] blk_update_request: I/O error, dev sda, sector 16792288 op 0x1:(WRITE) flags 0x4000 phys_seg 30 prio class 0
[   87.394015] blk_update_request: I/O error, dev sda, sector 16792528 op 0x1:(WRITE) flags 0x4000 phys_seg 30 prio class 0
[   87.394041] blk_update_request: I/O error, dev sda, sector 16792768 op 0x1:(WRITE) flags 0x4000 phys_seg 30 prio class 0
[   87.394049] blk_update_request: I/O error, dev sda, sector 16793008 op 0x1:(WRITE) flags 0x4000 phys_seg 30 prio class 0
[   87.394074] blk_update_request: I/O error, dev sda, sector 16793248 op 0x1:(WRITE) flags 0x4000 phys_seg 30 prio class 0
[   87.394081] blk_update_request: I/O error, dev sda, sector 16793488 op 0x1:(WRITE) flags 0x4000 phys_seg 30 prio class 0
[   87.394118] blk_update_request: I/O error, dev sda, sector 16793728 op 0x1:(WRITE) flags 0x0 phys_seg 16 prio class 0
[   87.394126] blk_update_request: I/O error, dev sda, sector 16793856 op 0x1:(WRITE) flags 0x4800 phys_seg 30 prio class 0
[   87.394326] Aborting journal on device sda1-8.
[   87.394347] Buffer I/O error on dev sda1, logical block 7372800, lost sync page write
[   87.394356] JBD2: Error -5 detected when updating journal superblock for sda1-8.
[   92.724917] ravb e6800000.ethernet eth0: Link is Up - 1Gbps/Full - flow control off
[1]+  Done                    cp testdata /mnt/usb/testdata_from_nfs
root@salvator-x:~# 
root@salvator-x:~# echo "Wake up sucessfully"
Wake up sucessfully
root@salvator-x:~# 
Plug in USB device at CN10H


Press any button to continue

[  138.805933] usb 2-1: new high-speed USB device number 3 using ehci-platform
[  138.968292] usb-storage 2-1:1.0: USB Mass Storage device detected
[  138.974769] scsi host2: usb-storage 2-1:1.0
[  139.999679] scsi 2:0:0:0: Direct-Access     SanDisk  Ultra            1.00 PQ: 0 ANSI: 6
[  140.009575] sd 2:0:0:0: [sdb] 121307136 512-byte logical blocks: (62.1 GB/57.8 GiB)
[  140.018710] sd 2:0:0:0: [sdb] Write Protect is off
[  140.024457] sd 2:0:0:0: [sdb] Write cache: disabled, read cache: enabled, doesn't support DPO or FUA
[  140.063617]  sdb: sdb1
[  140.069592] sd 2:0:0:0: [sdb] Attached SCSI removable disk

root@salvator-x:~# find /sys/devices/platform/soc/ee0c0100.usb/ -name 'sd*'
/sys/devices/platform/soc/ee0c0100.usb/usb2/2-1/2-1:1.0/host2/target2:0:0/2:0:0:0/block/sdb
/sys/devices/platform/soc/ee0c0100.usb/usb2/2-1/2-1:1.0/host2/target2:0:0/2:0:0:0/block/sdb/sdb1
root@salvator-x:~# 
root@salvator-x:~# wait
root@salvator-x:~# 
root@salvator-x:~# mount /dev/sdb1 /mnt/usb
[  176.322719] EXT4-fs (sdb1): recovery complete
[  176.338501] EXT4-fs (sdb1): mounted filesystem with ordered data mode. Opts: (null)
root@salvator-x:~# 
root@salvator-x:~# sync
root@salvator-x:~# 
root@salvator-x:~# cmp testdata /mnt/usb/testdata_from_nfs
root@salvator-x:~# 
root@salvator-x:~# umount /mnt/usb
root@salvator-x:~# 
 
#### Result: OK ####
