

----------Item 2----------


Please press switch to restart board 

[F 00:00:120
[F 00:00:119
[F 00:00:118
[F 00:00:117
[F 00:00:116
[F 00:00:115
NOTICE:  BL2: R-Car Gen3 Initial Program Loader(CA57) Rev.4.0.0
NOTICE:  BL2: PRR is R-Car H3 Ver.3.0
NOTICE:  BL2: Board is Salvator-XS Rev.1.0
NOTICE:  BL2: Boot device is HyperFlash(160MHz)
NOTICE:  BL2: LCM state is CM
NOTICE:  AVS setting succeeded. DVFS_SetVID=0x53
NOTICE:  BL2: DDR3200(rev.0.42)
NOTICE:  BL2: [COLD_BOOT]
NOTICE:  BL2: DRAM Split is 4ch(DDR f)
NOTICE:  BL2: QoS is default setting(rev.0.11)
NOTICE:  BL2: DRAM refresh interval 1.95 usec
NOTICE:  BL2: Periodic Write DQ Training
NOTICE:  BL2: CH0: 400000000 - 47fffffff, 2 GiB
NOTICE:  BL2: CH1: 500000000 - 57fffffff, 2 GiB
NOTICE:  BL2: CH2: 600000000 - 67fffffff, 2 GiB
NOTICE:  BL2: CH3: 700000000 - 77fffffff, 2 GiB
NOTICE:  BL2: Lossy Decomp areas
NOTICE:       Entry 0: DCMPAREACRAx:0x80000540 DCMPAREACRBx:0x570
NOTICE:       Entry 1: DCMPAREACRAx:0x40000000 DCMPAREACRBx:0x0
NOTICE:       Entry 2: DCMPAREACRAx:0x20000000 DCMPAREACRBx:0x0
NOTICE:  BL2: FDT at 0xe6327f70
NOTICE:  BL2: v2.9(release):9cdb21f75
NOTICE:  BL2: Built : 05:25:39, Dec 19 2023
NOTICE:  BL2: Normal boot
NOTICE:  BL2: dst=0xe6327800 src=0x8180000 len=512(0x200)
NOTICE:  BL2: dst=0x43f00000 src=0x8180400 len=6144(0x1800)
NOTICE:  rcar_file_len: len: 0x0003e000
NOTICE:  BL2: dst=0x44000000 src=0x81c0000 len=253952(0x3e000)
NOTICE:  rcar_file_len: len: 0x00200000
NOTICE:  BL2: dst=0x44100000 src=0x8200000 len=2097152(0x200000)
NOTICE:  rcar_file_len: len: 0x00100000
NOTICE:  BL2: dst=0x50000000 src=0x8640000 len=1048576(0x100000)
NOTICE:  BL2: Booting BL31


U-Boot 2020.10 (Dec 19 2023 - 14:30:40 +0000)

CPU: Renesas Electronics R8A7795 rev 3.0
Model: Renesas Salvator-X 2nd version board based on r8a77951
DRAM:  7.9 GiB
RAM Configuration:
Bank #0: 0x048000000 - 0x0bfffffff, 1.9 GiB
Bank #1: 0x500000000 - 0x57fffffff, 2 GiB
Bank #2: 0x600000000 - 0x67fffffff, 2 GiB
Bank #3: 0x700000000 - 0x77fffffff, 2 GiB

MMC:   sd@ee100000: 0, sd@ee140000: 1, sd@ee160000: 2
Loading Environment from MMC... OK
In:    serial@e6e88000
Out:   serial@e6e88000
Err:   serial@e6e88000
Net:   eth0: ethernet@e6800000
Hit any key to stop autoboot:  2  1  0 
ethernet@e6800000 Waiting for PHY auto negotiation to complete.......... done
Using ethernet@e6800000 device
TFTP from server 192.168.10.99; our IP address is 192.168.10.167
Filename 'traivo/H3/rootfs/boot_USB2H/Image'.
Load address: 0x48080000
Loading: *#################################################################
	 #################################################################
	 #################################################################
	 #################################################################
	 #################################################################
	 #################################################################
	 #################################################################
	 #################################################################
	 #################################################################
	 #################################################################
	 #################################################################
	 #################################################################
	 #################################################################
	 #################################################################
	 #################################################################
	 #################################################################
	 #################################################################
	 #################################################################
	 #################################################################
	 #################################################################
	 #################################################################
	 #################################################################
	 #################################################################
	 #################################################################
	 #################################################################
	 #################################################################
	 #################################################################
	 #################################################################
	 #################################################################
	 #################################################################
	 #################################################################
	 #################################################################
	 #################################################################
	 #################################################################
	 ################################################################
	 4.5 MiB/s
done
Bytes transferred = 33376768 (1fd4a00 hex)
Using ethernet@e6800000 device
TFTP from server 192.168.10.99; our IP address is 192.168.10.167
Filename 'traivo/H3/rootfs/boot_USB2H/r8a77951-salvator-xs.dtb'.
Load address: 0x48000000
Loading: *#######
	 7.9 MiB/s
done
Bytes transferred = 90876 (162fc hex)
Moving Image from 0x48080000 to 0x48200000, end=4a260000
## Flattened Device Tree blob at 48000000
   Booting using the fdt blob at 0x48000000
   Loading Device Tree to 0000000053fe6000, end 0000000053fff2fb ... OK

Starting kernel ...

[    0.000000] Booting Linux on physical CPU 0x0000000000 [0x411fd073]
[    0.000000] Linux version 5.10.194-yocto-standard (thuan.nguyen-hong@banvien) (aarch64-poky-linux-gcc (GCC) 9.3.0, GNU ld (GNU Binutils) 2.34.0.20200220) #10 SMP PREEMPT Mon Feb 19 03:51:05 UTC 2024
[    0.000000] Machine model: Renesas Salvator-X 2nd version board based on r8a77951
[    0.000000] efi: UEFI not found.
[    0.000000] Reserved memory: created CMA memory pool at 0x0000000057000000, size 16 MiB
[    0.000000] OF: reserved mem: initialized node linux,adsp@57000000, compatible id shared-dma-pool
[    0.000000] Reserved memory: created CMA memory pool at 0x0000000058000000, size 384 MiB
[    0.000000] OF: reserved mem: initialized node linux,cma@58000000, compatible id shared-dma-pool
[    0.000000] Reserved memory: created CMA memory pool at 0x0000000070000000, size 256 MiB
[    0.000000] OF: reserved mem: initialized node linux,multimedia@70000000, compatible id shared-dma-pool
[    0.000000] NUMA: No NUMA configuration found
[    0.000000] NUMA: Faking a node at [mem 0x0000000048000000-0x000000077fffffff]
[    0.000000] NUMA: NODE_DATA [mem 0x77efdab00-0x77efdcfff]
[    0.000000] Zone ranges:
[    0.000000]   DMA      [mem 0x0000000048000000-0x000000007fffffff]
[    0.000000]   DMA32    [mem 0x0000000080000000-0x00000000ffffffff]
[    0.000000]   Normal   [mem 0x0000000100000000-0x000000077fffffff]
[    0.000000] Movable zone start for each node
[    0.000000] Early memory node ranges
[    0.000000]   node   0: [mem 0x0000000048000000-0x0000000053ffffff]
[    0.000000]   node   0: [mem 0x0000000054000000-0x0000000056ffffff]
[    0.000000]   node   0: [mem 0x0000000057000000-0x00000000bfffffff]
[    0.000000]   node   0: [mem 0x0000000500000000-0x000000057fffffff]
[    0.000000]   node   0: [mem 0x0000000600000000-0x000000067fffffff]
[    0.000000]   node   0: [mem 0x0000000700000000-0x000000077fffffff]
[    0.000000] Initmem setup node 0 [mem 0x0000000048000000-0x000000077fffffff]
[    0.000000] psci: probing for conduit method from DT.
[    0.000000] psci: PSCIv1.1 detected in firmware.
[    0.000000] psci: Using standard PSCI v0.2 function IDs
[    0.000000] psci: Trusted OS resident on physical CPU 0x0
[    0.000000] psci: SMC Calling Convention v1.2
[    0.000000] percpu: Embedded 23 pages/cpu s56984 r8192 d29032 u94208
[    0.000000] Detected PIPT I-cache on CPU0
[    0.000000] CPU features: detected: EL2 vector hardening
[    0.000000] CPU features: detected: Spectre-v2
[    0.000000] CPU features: detected: ARM errata 1165522, 1319367, or 1530923
[    0.000000] CPU features: detected: Spectre-BHB
[    0.000000] CPU features: detected: ARM erratum 1742098
[    0.000000] Built 1 zonelists, mobility grouping on.  Total pages: 2032128
[    0.000000] Policy zone: Normal
[    0.000000] Kernel command line: rw root=/dev/nfs nfsroot=192.168.10.99:/data/tftpboot/traivo/H3/rootfs,nfsvers=4, ip=192.168.10.167
[    0.000000] Dentry cache hash table entries: 1048576 (order: 11, 8388608 bytes, linear)
[    0.000000] Inode-cache hash table entries: 524288 (order: 10, 4194304 bytes, linear)
[    0.000000] mem auto-init: stack:off, heap alloc:off, heap free:off
[    0.000000] software IO TLB: mapped [mem 0x000000004ffe6000-0x0000000053fe6000] (64MB)
[    0.000000] Memory: 7276840K/8257536K available (15232K kernel code, 2834K rwdata, 8240K rodata, 6144K init, 517K bss, 308952K reserved, 671744K cma-reserved)
[    0.000000] SLUB: HWalign=64, Order=0-3, MinObjects=0, CPUs=8, Nodes=1
[    0.000000] rcu: Preemptible hierarchical RCU implementation.
[    0.000000] rcu: 	RCU event tracing is enabled.
[    0.000000] rcu: 	RCU restricting CPUs from NR_CPUS=256 to nr_cpu_ids=8.
[    0.000000] 	Trampoline variant of Tasks RCU enabled.
[    0.000000] rcu: RCU calculated value of scheduler-enlistment delay is 25 jiffies.
[    0.000000] rcu: Adjusting geometry for rcu_fanout_leaf=16, nr_cpu_ids=8
[    0.000000] NR_IRQS: 64, nr_irqs: 64, preallocated irqs: 0
[    0.000000] arch_timer: cp15 timer(s) running at 8.32MHz (virt).
[    0.000000] clocksource: arch_sys_counter: mask: 0xffffffffffffff max_cycles: 0x1eb398c07, max_idle_ns: 440795202503 ns
[    0.000003] sched_clock: 56 bits at 8MHz, resolution 120ns, wraps every 2199023255503ns
[    0.000206] Console: colour dummy device 80x25
[    0.000415] printk: console [tty0] enabled
[    0.000491] Calibrating delay loop (skipped), value calculated using timer frequency.. 16.64 BogoMIPS (lpj=33280)
[    0.000506] pid_max: default: 32768 minimum: 301
[    0.000565] LSM: Security Framework initializing
[    0.000650] Mount-cache hash table entries: 16384 (order: 5, 131072 bytes, linear)
[    0.000702] Mountpoint-cache hash table entries: 16384 (order: 5, 131072 bytes, linear)
[    0.002142] rcu: Hierarchical SRCU implementation.
[    0.003726] Detected Renesas R-Car Gen3 r8a7795 ES3.0
[    0.005866] EFI services will not be available.
[    0.006210] smp: Bringing up secondary CPUs ...
[    0.006671] Detected PIPT I-cache on CPU1
[    0.006718] CPU1: Booted secondary processor 0x0000000001 [0x411fd073]
[    0.007209] Detected PIPT I-cache on CPU2
[    0.007235] CPU2: Booted secondary processor 0x0000000002 [0x411fd073]
[    0.007663] Detected PIPT I-cache on CPU3
[    0.007686] CPU3: Booted secondary processor 0x0000000003 [0x411fd073]
[    0.008159] CPU features: detected: ARM erratum 845719
[    0.008172] Detected VIPT I-cache on CPU4
[    0.008220] CPU4: Booted secondary processor 0x0000000100 [0x410fd034]
[    0.008699] Detected VIPT I-cache on CPU5
[    0.008726] CPU5: Booted secondary processor 0x0000000101 [0x410fd034]
[    0.009159] Detected VIPT I-cache on CPU6
[    0.009185] CPU6: Booted secondary processor 0x0000000102 [0x410fd034]
[    0.009618] Detected VIPT I-cache on CPU7
[    0.009645] CPU7: Booted secondary processor 0x0000000103 [0x410fd034]
[    0.009724] smp: Brought up 1 node, 8 CPUs
[    0.009788] SMP: Total of 8 processors activated.
[    0.009795] CPU features: detected: 32-bit EL0 Support
[    0.009803] CPU features: detected: CRC32 instructions
[    0.009810] CPU features: detected: 32-bit EL1 Support
[    0.023007] CPU: All CPU(s) started at EL1
[    0.023059] alternatives: patching kernel code
[    0.024209] devtmpfs: initialized
[    0.031022] KASLR disabled due to lack of seed
[    0.031171] clocksource: jiffies: mask: 0xffffffff max_cycles: 0xffffffff, max_idle_ns: 7645041785100000 ns
[    0.031191] futex hash table entries: 2048 (order: 5, 131072 bytes, linear)
[    0.039834] pinctrl core: initialized pinctrl subsystem
[    0.041308] DMI not present or invalid.
[    0.041810] NET: Registered protocol family 16
[    0.042746] DMA: preallocated 1024 KiB GFP_KERNEL pool for atomic allocations
[    0.042943] DMA: preallocated 1024 KiB GFP_KERNEL|GFP_DMA pool for atomic allocations
[    0.043230] DMA: preallocated 1024 KiB GFP_KERNEL|GFP_DMA32 pool for atomic allocations
[    0.043272] audit: initializing netlink subsys (disabled)
[    0.043423] audit: type=2000 audit(0.040:1): state=initialized audit_enabled=0 res=1
[    0.044603] thermal_sys: Registered thermal governor 'power_allocator'
[    0.045137] cpuidle: using governor menu
[    0.045305] hw-breakpoint: found 6 breakpoint and 4 watchpoint registers.
[    0.045428] ASID allocator initialised with 65536 entries
[    0.046720] Serial: AMBA PL011 UART driver
[    0.089549] sh-pfc e6060000.pinctrl: r8a77951_pfc support registered
[    0.104302] HugeTLB registered 1.00 GiB page size, pre-allocated 0 pages
[    0.104319] HugeTLB registered 32.0 MiB page size, pre-allocated 0 pages
[    0.104327] HugeTLB registered 2.00 MiB page size, pre-allocated 0 pages
[    0.104334] HugeTLB registered 64.0 KiB page size, pre-allocated 0 pages
[    0.105294] cryptd: max_cpu_qlen set to 1000
[    0.107568] ACPI: Interpreter disabled.
[    0.111364] rcar-avs: use avs value: 0
[    0.111394] rcar-avs: cpu@0 is running with: opp_table0
[    0.111406] rcar-avs: cpu@1 is running with: opp_table0
[    0.111416] rcar-avs: cpu@2 is running with: opp_table0
[    0.111426] rcar-avs: cpu@3 is running with: opp_table0
[    0.111508] rcar-avs: gsx@fd000000 is running with: gsx_opp_table0
[    0.112929] iommu: Default domain type: Translated 
[    0.113499] ipmmu-vmsa e67b0000.iommu: IPMMU context 0 is reserved
[    0.114509] vgaarb: loaded
[    0.114710] SCSI subsystem initialized
[    0.114959] usbcore: registered new interface driver usbfs
[    0.114989] usbcore: registered new interface driver hub
[    0.115014] usbcore: registered new device driver usb
[    0.118549] i2c-sh_mobile e60b0000.i2c: I2C adapter 7, bus speed 400000 Hz
[    0.119103] mc: Linux media interface: v0.10
[    0.119125] videodev: Linux video capture interface: v2.00
[    0.119174] pps_core: LinuxPPS API ver. 1 registered
[    0.119182] pps_core: Software ver. 5.3.6 - Copyright 2005-2007 Rodolfo Giometti <giometti@linux.it>
[    0.119196] PTP clock support registered
[    0.119362] EDAC MC: Ver: 3.0.0
[    0.121380] FPGA manager framework
[    0.121441] Advanced Linux Sound Architecture Driver Initialized.
[    0.121994] clocksource: Switched to clocksource arch_sys_counter
[    0.122146] VFS: Disk quotas dquot_6.6.0
[    0.122190] VFS: Dquot-cache hash table entries: 512 (order 0, 4096 bytes)
[    0.122312] pnp: PnP ACPI: disabled
[    0.125802] NET: Registered protocol family 2
[    0.126224] IP idents hash table entries: 131072 (order: 8, 1048576 bytes, linear)
[    0.128463] tcp_listen_portaddr_hash hash table entries: 4096 (order: 4, 65536 bytes, linear)
[    0.128565] TCP established hash table entries: 65536 (order: 7, 524288 bytes, linear)
[    0.128851] TCP bind hash table entries: 65536 (order: 8, 1048576 bytes, linear)
[    0.129436] TCP: Hash tables configured (established 65536 bind 65536)
[    0.129557] UDP hash table entries: 4096 (order: 5, 131072 bytes, linear)
[    0.129674] UDP-Lite hash table entries: 4096 (order: 5, 131072 bytes, linear)
[    0.129892] NET: Registered protocol family 1
[    0.130262] RPC: Registered named UNIX socket transport module.
[    0.130273] RPC: Registered udp transport module.
[    0.130279] RPC: Registered tcp transport module.
[    0.130286] RPC: Registered tcp NFSv4.1 backchannel transport module.
[    0.130298] PCI: CLS 0 bytes, default 64
[    0.131251] hw perfevents: enabled with armv8_cortex_a53 PMU driver, 7 counters available
[    0.131531] hw perfevents: enabled with armv8_cortex_a57 PMU driver, 7 counters available
[    0.132155] kvm [1]: HYP mode not available
[    0.135010] Initialise system trusted keyrings
[    0.135145] workingset: timestamp_bits=42 max_order=21 bucket_order=0
[    0.138264] squashfs: version 4.0 (2009/01/31) Phillip Lougher
[    0.138675] NFS: Registering the id_resolver key type
[    0.138708] Key type id_resolver registered
[    0.138715] Key type id_legacy registered
[    0.138773] nfs4filelayout_init: NFSv4 File Layout Driver Registering...
[    0.138783] nfs4flexfilelayout_init: NFSv4 Flexfile Layout Driver Registering...
[    0.138893] 9p: Installing v9fs 9p2000 file system support
[    0.164366] Key type asymmetric registered
[    0.164380] Asymmetric key parser 'x509' registered
[    0.164411] Block layer SCSI generic (bsg) driver version 0.4 loaded (major 243)
[    0.164421] io scheduler mq-deadline registered
[    0.164430] io scheduler kyber registered
[    0.180539] gpio_rcar e6050000.gpio: driving 16 GPIOs
[    0.180833] gpio_rcar e6051000.gpio: driving 29 GPIOs
[    0.181079] gpio_rcar e6052000.gpio: driving 15 GPIOs
[    0.181372] gpio_rcar e6053000.gpio: driving 16 GPIOs
[    0.181764] gpio_rcar e6054000.gpio: driving 18 GPIOs
[    0.182115] gpio_rcar e6055000.gpio: driving 26 GPIOs
[    0.182385] gpio_rcar e6055400.gpio: driving 32 GPIOs
[    0.182627] gpio_rcar e6055800.gpio: driving 4 GPIOs
[    0.185479] rcar-pcie fe000000.pcie: host bridge /soc/pcie@fe000000 ranges:
[    0.185510] rcar-pcie fe000000.pcie:       IO 0x00fe100000..0x00fe1fffff -> 0x0000000000
[    0.185532] rcar-pcie fe000000.pcie:      MEM 0x00fe200000..0x00fe3fffff -> 0x00fe200000
[    0.185550] rcar-pcie fe000000.pcie:      MEM 0x0030000000..0x0037ffffff -> 0x0030000000
[    0.185564] rcar-pcie fe000000.pcie:      MEM 0x0038000000..0x003fffffff -> 0x0038000000
[    0.185580] rcar-pcie fe000000.pcie:   IB MEM 0x0040000000..0x007fffffff -> 0x0040000000
[    0.185625] rcar-pcie fe000000.pcie: no pcie3v3 regulator found
[    0.185636] rcar-pcie fe000000.pcie: no pcie1v8 regulator found
[    0.249709] rcar-pcie fe000000.pcie: PCIe link down
[    0.249875] rcar-pcie ee800000.pcie: host bridge /soc/pcie@ee800000 ranges:
[    0.249899] rcar-pcie ee800000.pcie:       IO 0x00ee900000..0x00ee9fffff -> 0x0000000000
[    0.249920] rcar-pcie ee800000.pcie:      MEM 0x00eea00000..0x00eebfffff -> 0x00eea00000
[    0.249938] rcar-pcie ee800000.pcie:      MEM 0x00c0000000..0x00c7ffffff -> 0x00c0000000
[    0.249952] rcar-pcie ee800000.pcie:      MEM 0x00c8000000..0x00cfffffff -> 0x00c8000000
[    0.249970] rcar-pcie ee800000.pcie:   IB MEM 0x0040000000..0x007fffffff -> 0x0040000000
[    0.250016] rcar-pcie ee800000.pcie: no pcie3v3 regulator found
[    0.250027] rcar-pcie ee800000.pcie: no pcie1v8 regulator found
[    0.409994] rcar-pcie ee800000.pcie: PCIe link down
[    0.412443] EINJ: ACPI disabled.
[    0.446632] Serial: 8250/16550 driver, 4 ports, IRQ sharing enabled
[    0.449033] SuperH (H)SCI(F) driver initialized
[    0.449466] e6550000.serial: ttySC1 at MMIO 0xe6550000 (irq = 42, base_baud = 0) is a hscif
[    0.450224] e6e88000.serial: ttySC0 at MMIO 0xe6e88000 (irq = 128, base_baud = 0) is a scif
[    1.654956] printk: console [ttySC0] enabled
[    1.660374] msm_serial: driver initialized
[    1.670632] rcar-dw-hdmi fead0000.hdmi: Detected HDMI TX controller v2.01a with HDCP (DWC HDMI 2.0 TX PHY)
[    1.680542] rcar-dw-hdmi fead0000.hdmi: registered DesignWare HDMI I2C bus driver
[    1.688784] rcar-dw-hdmi feae0000.hdmi: Detected HDMI TX controller v2.01a with HDCP (DWC HDMI 2.0 TX PHY)
[    1.698645] rcar-dw-hdmi feae0000.hdmi: registered DesignWare HDMI I2C bus driver
[    1.714181] loop: module loaded
[    1.718717] megasas: 07.714.04.00-rc1
[    1.724428] scsi host0: sata_rcar
[    1.727898] ata1: SATA max UDMA/133 irq 181
[    1.737263] tun: Universal TUN/TAP device driver, 1.6
[    1.743198] thunder_xcv, ver 1.0
[    1.746456] thunder_bgx, ver 1.0
[    1.749701] nicpf, ver 1.0
[    1.753818] hclge is initializing
[    1.757153] hns3: Hisilicon Ethernet Network Driver for Hip08 Family - version
[    1.764375] hns3: Copyright (c) 2017 Huawei Corporation.
[    1.769708] e1000: Intel(R) PRO/1000 Network Driver
[    1.774586] e1000: Copyright (c) 1999-2006 Intel Corporation.
[    1.780357] e1000e: Intel(R) PRO/1000 Network Driver
[    1.785322] e1000e: Copyright(c) 1999 - 2015 Intel Corporation.
[    1.791260] igb: Intel(R) Gigabit Ethernet Network Driver
[    1.796658] igb: Copyright (c) 2007-2014 Intel Corporation.
[    1.802245] igbvf: Intel(R) Gigabit Virtual Function Network Driver
[    1.808512] igbvf: Copyright (c) 2009 - 2012 Intel Corporation.
[    1.814845] sky2: driver version 1.30
[    1.822432] ravb e6800000.ethernet eth0: Base address at 0xe6800000, 2e:09:0a:00:c3:9a, IRQ 125.
[    1.832674] VFIO - User Level meta-driver version: 0.3
[    1.839813] ehci_hcd: USB 2.0 'Enhanced' Host Controller (EHCI) Driver
[    1.846350] ehci-pci: EHCI PCI platform driver
[    1.850812] ehci-platform: EHCI generic platform driver
[    1.856414] ehci-platform ee0a0100.usb: EHCI Host Controller
[    1.862094] ehci-platform ee0a0100.usb: new USB bus registered, assigned bus number 1
[    1.870010] ehci-platform ee0a0100.usb: irq 175, io mem 0xee0a0100
[    1.890004] ehci-platform ee0a0100.usb: USB 2.0 started, EHCI 1.10
[    1.896561] hub 1-0:1.0: USB hub found
[    1.900335] hub 1-0:1.0: 1 port detected
[    1.904748] ehci-platform ee0c0100.usb: EHCI Host Controller
[    1.910426] ehci-platform ee0c0100.usb: new USB bus registered, assigned bus number 2
[    1.918355] ehci-platform ee0c0100.usb: irq 176, io mem 0xee0c0100
[    1.938001] ehci-platform ee0c0100.usb: USB 2.0 started, EHCI 1.10
[    1.944468] hub 2-0:1.0: USB hub found
[    1.948238] hub 2-0:1.0: 1 port detected
[    1.978040] ehci-platform ee0e0100.usb: EHCI Host Controller
[    1.983716] ehci-platform ee0e0100.usb: new USB bus registered, assigned bus number 3
[    1.991586] ehci-platform ee0e0100.usb: irq 177, io mem 0xee0e0100
[    2.010002] ehci-platform ee0e0100.usb: USB 2.0 started, EHCI 1.10
[    2.016439] hub 3-0:1.0: USB hub found
[    2.020205] hub 3-0:1.0: 1 port detected
[    2.024586] ehci-orion: EHCI orion driver
[    2.028872] ehci-exynos: EHCI Exynos driver
[    2.033177] ohci_hcd: USB 1.1 'Open' Host Controller (OHCI) Driver
[    2.039372] ohci-pci: OHCI PCI platform driver
[    2.043855] ohci-platform: OHCI generic platform driver
[    2.049402] ohci-platform ee0a0000.usb: Generic Platform OHCI controller
[    2.056121] ohci-platform ee0a0000.usb: new USB bus registered, assigned bus number 4
[    2.064002] ohci-platform ee0a0000.usb: irq 175, io mem 0xee0a0000
[    2.146010] ata1: link resume succeeded after 1 retries
[    2.160280] hub 4-0:1.0: USB hub found
[    2.164050] hub 4-0:1.0: 1 port detected
[    2.168385] ohci-platform ee0c0000.usb: Generic Platform OHCI controller
[    2.175103] ohci-platform ee0c0000.usb: new USB bus registered, assigned bus number 5
[    2.182976] ohci-platform ee0c0000.usb: irq 176, io mem 0xee0c0000
[    2.257527] ata1: SATA link down (SStatus 0 SControl 300)
[    2.276249] hub 5-0:1.0: USB hub found
[    2.280023] hub 5-0:1.0: 1 port detected
[    2.284351] ohci-platform ee0e0000.usb: Generic Platform OHCI controller
[    2.291065] ohci-platform ee0e0000.usb: new USB bus registered, assigned bus number 6
[    2.298932] ohci-platform ee0e0000.usb: irq 177, io mem 0xee0e0000
[    2.392289] hub 6-0:1.0: USB hub found
[    2.396056] hub 6-0:1.0: 1 port detected
[    2.400404] ohci-exynos: OHCI Exynos driver
[    2.405247] xhci-hcd ee000000.usb: xHCI Host Controller
[    2.410486] xhci-hcd ee000000.usb: new USB bus registered, assigned bus number 7
[    2.433744] xhci-hcd ee000000.usb: hcc params 0x014051ce hci version 0x100 quirks 0x0000000000830410
[    2.442913] xhci-hcd ee000000.usb: irq 172, io mem 0xee000000
[    2.448773] xhci-hcd ee000000.usb: xHCI Host Controller
[    2.454009] xhci-hcd ee000000.usb: new USB bus registered, assigned bus number 8
[    2.461413] xhci-hcd ee000000.usb: Host supports USB 3.0 SuperSpeed
[    2.467965] hub 7-0:1.0: USB hub found
[    2.471733] hub 7-0:1.0: 1 port detected
[    2.475822] usb usb8: We don't know the algorithms for LPM for this host, disabling LPM.
[    2.484173] hub 8-0:1.0: USB hub found
[    2.487943] hub 8-0:1.0: 1 port detected
[    2.492750] usbcore: registered new interface driver usb-storage
[    2.500433] renesas_usbhs e6590000.usb: host probed
[    2.505323] renesas_usbhs e6590000.usb: no transceiver found
[    2.511052] renesas_usbhs e6590000.usb: gadget probed
[    2.516272] renesas_usbhs e6590000.usb: probed
[    2.521170] renesas_usbhs e659c000.usb: host probed
[    2.526063] renesas_usbhs e659c000.usb: no transceiver found
[    2.531774] renesas_usbhs e659c000.usb: gadget probed
[    2.536971] renesas_usbhs e659c000.usb: probed
[    2.543907] i2c /dev entries driver
[    2.558421] cs2000-cp 2-004f: revision - C1
[    2.562671] i2c-rcar e6510000.i2c: probed
[    2.567527] pca953x 4-0020: supply vcc not found, using dummy regulator
[    2.574241] pca953x 4-0020: using no AI
[    2.578889] gpio-355 (PCIE/SATA switch): hogged as output/low
[    2.591155] i2c-rcar e66d8000.i2c: probed
[    2.596492] adv748x 4-0070: Endpoint /soc/i2c@e66d8000/video-receiver@70/port@7/endpoint on port 7
[    2.605473] adv748x 4-0070: Endpoint /soc/i2c@e66d8000/video-receiver@70/port@8/endpoint on port 8
[    2.614445] adv748x 4-0070: Endpoint /soc/i2c@e66d8000/video-receiver@70/port@a/endpoint on port 10
[    2.623509] adv748x 4-0070: Endpoint /soc/i2c@e66d8000/video-receiver@70/port@b/endpoint on port 11
[    2.632901] adv748x 4-0070: chip found @ 0xe0 revision 2143
[    2.686471] rcar-csi2 fea80000.csi2: 1 lanes found
[    2.691611] rcar-csi2 feaa0000.csi2: 4 lanes found
[    2.701222] rcar-vin e6ef0000.video: Device registered as video0
[    2.707314] rcar-vin e6ef1000.video: Device registered as video1
[    2.713390] rcar-vin e6ef2000.video: Device registered as video2
[    2.719461] rcar-vin e6ef3000.video: Device registered as video3
[    2.725540] rcar-vin e6ef4000.video: Device registered as video4
[    2.731628] rcar-vin e6ef5000.video: Device registered as video5
[    2.737726] rcar-vin e6ef6000.video: Device registered as video6
[    2.743827] rcar-vin e6ef7000.video: Device registered as video7
[    2.752591] rcar_gen3_thermal e6198000.thermal: is using pseudo fixed FUSE values
[    2.764794] rcar_gen3_thermal e6198000.thermal: TSC0: Loaded 1 trip points
[    2.776061] rcar_gen3_thermal e6198000.thermal: TSC1: Loaded 1 trip points
[    2.787215] rcar_gen3_thermal e6198000.thermal: TSC2: Loaded 3 trip points
[    2.799221] sdhci: Secure Digital Host Controller Interface driver
[    2.805415] sdhci: Copyright(c) Pierre Ossman
[    2.810632] Synopsys Designware Multimedia Card Interface Driver
[    2.811000] renesas_sdhi_internal_dmac ee100000.mmc: Got CD GPIO
[    2.811221] renesas_sdhi_internal_dmac ee140000.mmc: Adding to iommu group 0
[    2.811265] renesas_sdhi_internal_dmac ee140000.mmc: Using IPMMU context 1
[    2.811299] renesas_sdhi_internal_dmac ee160000.mmc: Got CD GPIO
[    2.811327] renesas_sdhi_internal_dmac ee160000.mmc: Got WP GPIO
[    2.817977] sdhci-pltfm: SDHCI platform and OF driver helper
[    2.822766] renesas_sdhi_internal_dmac ee100000.mmc: Got WP GPIO
[    2.860707] renesas_sdhi_internal_dmac ee140000.mmc: mmc0 base at 0x00000000ee140000, max clock rate 200 MHz
[    2.860827] ledtrig-cpu: registered to indicate activity on CPUs
[    2.877510] SMCCC: SOC_ID: ARCH_SOC_ID not implemented, skipping ....
[    2.884530] usbcore: registered new interface driver usbhid
[    2.890106] usbhid: USB HID core driver
[    2.897706] optee: probing for conduit method.
[    2.902175] optee: revision 3.22 (314ecf9d)
[    2.902575] optee driver R-Car Rev.1.0.11
[    2.911047] optee: dynamic shared memory is enabled
[    2.916200] optee: initialized driver
[    2.933486] rcar_sound ec500000.sound: probed
[    2.938600] NET: Registered protocol family 17
[    2.943165] 9pnet: Installing 9P2000 support
[    2.945499] mmc0: new HS400 MMC card at address 0001
[    2.947511] Key type dns_resolver registered
[    2.953161] mmcblk0: mmc0:0001 BGSD3R 29.1 GiB 
[    2.956954] registered taskstats version 1
[    2.961599] mmcblk0boot0: mmc0:0001 BGSD3R partition 1 16.0 MiB
[    2.965368] Loading compiled-in X.509 certificates
[    2.971615] mmcblk0boot1: mmc0:0001 BGSD3R partition 2 16.0 MiB
[    2.982173] mmcblk0rpmb: mmc0:0001 BGSD3R partition 3 4.00 MiB, chardev (509:0)
[    2.986088] thermal emergency: set temperature to 110 celsius
[    2.991322]  mmcblk0: p1
[    2.995490] thermal emergency: shutdown target cpus 1-7
[    3.003014] thermal emergency: freq scaled target cpus 0
[    3.008660] renesas_irqc e61c0000.interrupt-controller: driving 6 irqs
[    3.062017] ehci-platform ee080100.usb: EHCI Host Controller
[    3.067709] ehci-platform ee080100.usb: new USB bus registered, assigned bus number 9
[    3.075596] ehci-platform ee080100.usb: irq 174, io mem 0xee080100
[    3.094003] ehci-platform ee080100.usb: USB 2.0 started, EHCI 1.10
[    3.100627] hub 9-0:1.0: USB hub found
[    3.104399] hub 9-0:1.0: 1 port detected
[    3.109382] ohci-platform ee080000.usb: Generic Platform OHCI controller
[    3.116101] ohci-platform ee080000.usb: new USB bus registered, assigned bus number 10
[    3.124075] ohci-platform ee080000.usb: irq 174, io mem 0xee080000
[    3.220568] hub 10-0:1.0: USB hub found
[    3.224427] hub 10-0:1.0: 1 port detected
[    3.229673] cpu cpu0: EM: created perf domain
[    3.234589] cpu cpu4: EM: created perf domain
[    3.244490] renesas_sdhi_internal_dmac ee100000.mmc: Got CD GPIO
[    3.244717] renesas_sdhi_internal_dmac ee160000.mmc: Got CD GPIO
[    3.250638] renesas_sdhi_internal_dmac ee100000.mmc: Got WP GPIO
[    3.256632] renesas_sdhi_internal_dmac ee160000.mmc: Got WP GPIO
[    3.263097] [drm] Initialized rcar-du 1.0.0 20130110 for feb00000.display on minor 0
[    3.276367] [drm] Device feb00000.display probed
[    3.311674] renesas_sdhi_internal_dmac ee100000.mmc: mmc1 base at 0x00000000ee100000, max clock rate 200 MHz
[    3.317847] renesas_sdhi_internal_dmac ee160000.mmc: mmc2 base at 0x00000000ee160000, max clock rate 200 MHz
[    3.319922] Console: switching to colour frame buffer device 128x48
[    3.361992] rcar-du feb00000.display: [drm] fb0: rcar-dudrmfb frame buffer device
[    3.374074] input: keys as /devices/platform/keys/input/input0
[    3.454690] Micrel KSZ9031 Gigabit PHY e6800000.ethernet-ffffffff:00: attached PHY driver [Micrel KSZ9031 Gigabit PHY] (mii_bus:phy_addr=e6800000.ethernet-ffffffff:00, irq=183)
[   10.278278] ravb e6800000.ethernet eth0: Link is Up - 1Gbps/Full - flow control off
[   10.306046] IP-Config: Guessing netmask 255.255.255.0
[   10.311208] IP-Config: Complete:
[   10.314521]      device=eth0, hwaddr=2e:09:0a:00:c3:9a, ipaddr=192.168.10.167, mask=255.255.255.0, gw=255.255.255.255
[   10.325330]      host=192.168.10.167, domain=, nis-domain=(none)
[   10.331462]      bootserver=255.255.255.255, rootserver=192.168.10.99, rootpath=
[   10.332055] ALSA device list:
[   10.342701]   No soundcards found.
[   11.383763] VFS: Mounted root (nfs4 filesystem) on device 0:22.
[   11.390535] devtmpfs: mounted
[   11.397179] Freeing unused kernel memory: 6144K
[   11.418232] Run /sbin/init as init process
[   11.573281] systemd[1]: System time before build time, advancing clock.
[   11.905478] NET: Registered protocol family 10
[   11.911484] Segment Routing with IPv6
[   11.928561] systemd[1]: Configuration file /etc/systemd/system.conf is marked executable. Please remove executable permission bits. Proceeding anyway.
[   11.946599] systemd[1]: Configuration file /lib/systemd/system.conf.d/00-systemd-conf.conf is marked executable. Please remove executable permission bits. Proceeding anyway.
[   11.966448] systemd[1]: systemd 244 running in system mode. (+PAM -AUDIT -SELINUX +IMA -APPARMOR -SMACK +SYSVINIT +UTMP -LIBCRYPTSETUP -GCRYPT -GNUTLS +ACL +XZ -LZ4 -SECCOMP +BLKID -ELFUTILS +KMOD -IDN2 -IDN -PCRE2 default-hierarchy=hybrid)
[   11.989910] systemd[1]: Detected architecture arm64.

Welcome to [1mPoky (Yocto Project Reference Distro) 3.1.11 (dunfell)[0m!

[   12.023747] systemd[1]: Set hostname to <salvator-x>.
[   12.206358] systemd[1]: Configuration file /lib/systemd/system/local-fs.target is marked executable. Please remove executable permission bits. Proceeding anyway.
[   12.246754] systemd[1]: Configuration file /lib/systemd/system/swap.target is marked executable. Please remove executable permission bits. Proceeding anyway.
[   12.274542] systemd[1]: Configuration file /lib/systemd/system/umount.target is marked executable. Please remove executable permission bits. Proceeding anyway.
[   12.300560] systemd[1]: Configuration file /lib/systemd/system/systemd-journald.socket is marked executable. Please remove executable permission bits. Proceeding anyway.
[   12.329118] systemd[1]: Configuration file /lib/systemd/system/systemd-journald.service is marked executable. Please remove executable permission bits. Proceeding anyway.
[   12.353321] systemd[1]: Configuration file /lib/systemd/system/sysinit.target is marked executable. Please remove executable permission bits. Proceeding anyway.
[   12.384617] systemd[1]: Configuration file /lib/systemd/system/systemd-update-utmp.service is marked executable. Please remove executable permission bits. Proceeding anyway.
[   12.405914] systemd[1]: Configuration file /lib/systemd/system/systemd-update-done.service is marked executable. Please remove executable permission bits. Proceeding anyway.
[   12.426028] systemd[1]: Configuration file /lib/systemd/system/systemd-udevd.service is marked executable. Please remove executable permission bits. Proceeding anyway.
[   12.445839] systemd[1]: Configuration file /lib/systemd/system/systemd-udevd-kernel.socket is marked executable. Please remove executable permission bits. Proceeding anyway.
[   12.466475] systemd[1]: Configuration file /lib/systemd/system/systemd-udevd-control.socket is marked executable. Please remove executable permission bits. Proceeding anyway.
[   12.487342] systemd[1]: Configuration file /lib/systemd/system/systemd-udev-trigger.service is marked executable. Please remove executable permission bits. Proceeding anyway.
[   12.508258] systemd[1]: Configuration file /lib/systemd/system/systemd-tmpfiles-setup.service is marked executable. Please remove executable permission bits. Proceeding anyway.
[   12.529703] systemd[1]: Configuration file /lib/systemd/system/systemd-tmpfiles-setup-dev.service is marked executable. Please remove executable permission bits. Proceeding anyway.
[   12.551508] systemd[1]: Configuration file /lib/systemd/system/systemd-timesyncd.service is marked executable. Please remove executable permission bits. Proceeding anyway.
[   12.573097] systemd[1]: Configuration file /lib/systemd/system/time-sync.target is marked executable. Please remove executable permission bits. Proceeding anyway.
[   12.592971] systemd[1]: Configuration file /lib/systemd/system/time-set.target is marked executable. Please remove executable permission bits. Proceeding anyway.
[   12.612030] systemd[1]: Configuration file /lib/systemd/system/systemd-sysusers.service is marked executable. Please remove executable permission bits. Proceeding anyway.
[   12.632080] systemd[1]: Configuration file /lib/systemd/system/systemd-sysctl.service is marked executable. Please remove executable permission bits. Proceeding anyway.
[   12.652672] systemd[1]: Configuration file /lib/systemd/system/systemd-random-seed.service is marked executable. Please remove executable permission bits. Proceeding anyway.
[   12.676554] systemd[1]: Configuration file /lib/systemd/system/systemd-modules-load.service is marked executable. Please remove executable permission bits. Proceeding anyway.
[   12.697513] systemd[1]: Configuration file /lib/systemd/system/systemd-machine-id-commit.service is marked executable. Please remove executable permission bits. Proceeding anyway.
[   12.719240] systemd[1]: Configuration file /lib/systemd/system/systemd-journal-flush.service is marked executable. Please remove executable permission bits. Proceeding anyway.
[   12.740715] systemd[1]: Configuration file /lib/systemd/system/systemd-journal-catalog-update.service is marked executable. Please remove executable permission bits. Proceeding anyway.
[   12.763181] systemd[1]: Configuration file /lib/systemd/system/systemd-hwdb-update.service is marked executable. Please remove executable permission bits. Proceeding anyway.
[   12.784456] systemd[1]: Configuration file /lib/systemd/system/systemd-ask-password-console.path is marked executable. Please remove executable permission bits. Proceeding anyway.
[   12.806596] systemd[1]: Configuration file /lib/systemd/system/systemd-ask-password-console.service is marked executable. Please remove executable permission bits. Proceeding anyway.
[   12.828860] systemd[1]: Configuration file /lib/systemd/system/systemd-vconsole-setup.service is marked executable. Please remove executable permission bits. Proceeding anyway.
[   12.850354] systemd[1]: Configuration file /lib/systemd/system/initrd-switch-root.target is marked executable. Please remove executable permission bits. Proceeding anyway.
[   12.871633] systemd[1]: Configuration file /lib/systemd/system/initrd-cleanup.service is marked executable. Please remove executable permission bits. Proceeding anyway.
[   12.892516] systemd[1]: Configuration file /lib/systemd/system/initrd.target is marked executable. Please remove executable permission bits. Proceeding anyway.
[   12.912565] systemd[1]: Configuration file /lib/systemd/system/rescue.target is marked executable. Please remove executable permission bits. Proceeding anyway.
[   12.940930] systemd[1]: Configuration file /lib/systemd/system/remote-fs.target is marked executable. Please remove executable permission bits. Proceeding anyway.
[   12.960991] systemd[1]: Configuration file /lib/systemd/system/remote-fs-pre.target is marked executable. Please remove executable permission bits. Proceeding anyway.
[   12.981129] systemd[1]: Configuration file /lib/systemd/system/graphical.target is marked executable. Please remove executable permission bits. Proceeding anyway.
[   13.005254] systemd[1]: Configuration file /lib/systemd/system/multi-user.target is marked executable. Please remove executable permission bits. Proceeding anyway.
[   13.038951] systemd[1]: Configuration file /lib/systemd/system/xinetd.service is marked executable. Please remove executable permission bits. Proceeding anyway.
[   13.058706] systemd[1]: Configuration file /lib/systemd/system/network.target is marked executable. Please remove executable permission bits. Proceeding anyway.
[   13.078329] systemd[1]: Configuration file /lib/systemd/system/network-pre.target is marked executable. Please remove executable permission bits. Proceeding anyway.
[   13.098748] systemd[1]: Configuration file /lib/systemd/system/systemd-user-sessions.service is marked executable. Please remove executable permission bits. Proceeding anyway.
[   13.120216] systemd[1]: Configuration file /lib/systemd/system/nss-user-lookup.target is marked executable. Please remove executable permission bits. Proceeding anyway.
[   13.140997] systemd[1]: Configuration file /lib/systemd/system/systemd-resolved.service is marked executable. Please remove executable permission bits. Proceeding anyway.
[   13.162479] systemd[1]: Configuration file /lib/systemd/system/nss-lookup.target is marked executable. Please remove executable permission bits. Proceeding anyway.
[   13.182727] systemd[1]: Configuration file /lib/systemd/system/systemd-networkd.service is marked executable. Please remove executable permission bits. Proceeding anyway.
[   13.203655] systemd[1]: Configuration file /lib/systemd/system/systemd-logind.service is marked executable. Please remove executable permission bits. Proceeding anyway.
[   13.225268] systemd[1]: Configuration file /lib/systemd/system/dbus.socket is marked executable. Please remove executable permission bits. Proceeding anyway.
[   13.244514] systemd[1]: Configuration file /lib/systemd/system/user.slice is marked executable. Please remove executable permission bits. Proceeding anyway.
[   13.264130] systemd[1]: Configuration file /lib/systemd/system/slices.target is marked executable. Please remove executable permission bits. Proceeding anyway.
[   13.283692] systemd[1]: Configuration file /lib/systemd/system/systemd-ask-password-wall.path is marked executable. Please remove executable permission bits. Proceeding anyway.
[   13.305457] systemd[1]: Configuration file /lib/systemd/system/systemd-ask-password-wall.service is marked executable. Please remove executable permission bits. Proceeding anyway.
[   13.327322] systemd[1]: Configuration file /lib/systemd/system/rpcbind.service is marked executable. Please remove executable permission bits. Proceeding anyway.
[   13.347274] systemd[1]: Configuration file /lib/systemd/system/rpcbind.target is marked executable. Please remove executable permission bits. Proceeding anyway.
[   13.366846] systemd[1]: Configuration file /lib/systemd/system/rpcbind.socket is marked executable. Please remove executable permission bits. Proceeding anyway.
[   13.386838] systemd[1]: Configuration file /lib/systemd/system/rc.pvr.service is marked executable. Please remove executable permission bits. Proceeding anyway.
[   13.406900] systemd[1]: Configuration file /lib/systemd/system/optee.service is marked executable. Please remove executable permission bits. Proceeding anyway.
[   13.426794] systemd[1]: Configuration file /lib/systemd/system/getty.target is marked executable. Please remove executable permission bits. Proceeding anyway.
[   13.448932] systemd[1]: Configuration file /lib/systemd/system/serial-getty@.service is marked executable. Please remove executable permission bits. Proceeding anyway.
[   13.470502] systemd[1]: Configuration file /lib/systemd/system/rc-local.service is marked executable. Please remove executable permission bits. Proceeding anyway.
[   13.490616] systemd[1]: Configuration file /lib/systemd/system/getty-pre.target is marked executable. Please remove executable permission bits. Proceeding anyway.
[   13.511196] systemd[1]: Configuration file /lib/systemd/system/getty@.service is marked executable. Please remove executable permission bits. Proceeding anyway.
[   13.532314] systemd[1]: Configuration file /lib/systemd/system/dbus.service is marked executable. Please remove executable permission bits. Proceeding anyway.
[   13.552179] systemd[1]: Configuration file /lib/systemd/system/avahi-daemon.service is marked executable. Please remove executable permission bits. Proceeding anyway.
[   13.573165] systemd[1]: Configuration file /lib/systemd/system/avahi-daemon.socket is marked executable. Please remove executable permission bits. Proceeding anyway.
[   13.594590] systemd[1]: Configuration file /lib/systemd/system/systemd-update-utmp-runlevel.service is marked executable. Please remove executable permission bits. Proceeding anyway.
[   13.616956] systemd[1]: Configuration file /lib/systemd/system/rescue.service is marked executable. Please remove executable permission bits. Proceeding anyway.
[   13.635879] systemd[1]: Configuration file /lib/systemd/system/initrd-parse-etc.service is marked executable. Please remove executable permission bits. Proceeding anyway.
[   13.656708] systemd[1]: Configuration file /lib/systemd/system/initrd-root-device.target is marked executable. Please remove executable permission bits. Proceeding anyway.
[   13.677577] systemd[1]: Configuration file /lib/systemd/system/basic.target is marked executable. Please remove executable permission bits. Proceeding anyway.
[   13.697083] systemd[1]: Configuration file /lib/systemd/system/timers.target is marked executable. Please remove executable permission bits. Proceeding anyway.
[   13.719162] systemd[1]: Configuration file /lib/systemd/system/systemd-tmpfiles-clean.timer is marked executable. Please remove executable permission bits. Proceeding anyway.
[   13.740344] systemd[1]: Configuration file /lib/systemd/system/systemd-tmpfiles-clean.service is marked executable. Please remove executable permission bits. Proceeding anyway.
[   13.761714] systemd[1]: Configuration file /lib/systemd/system/initrd-fs.target is marked executable. Please remove executable permission bits. Proceeding anyway.
[   13.782069] systemd[1]: Configuration file /lib/systemd/system/initrd-root-fs.target is marked executable. Please remove executable permission bits. Proceeding anyway.
[   13.802772] systemd[1]: Configuration file /lib/systemd/system/initrd-udevadm-cleanup-db.service is marked executable. Please remove executable permission bits. Proceeding anyway.
[   13.824794] systemd[1]: Configuration file /lib/systemd/system/systemd-udev-settle.service is marked executable. Please remove executable permission bits. Proceeding anyway.
[   13.846018] systemd[1]: Configuration file /lib/systemd/system/initrd-switch-root.service is marked executable. Please remove executable permission bits. Proceeding anyway.
[   13.867500] systemd[1]: Configuration file /lib/systemd/system/paths.target is marked executable. Please remove executable permission bits. Proceeding anyway.
[   13.887021] systemd[1]: Configuration file /lib/systemd/system/sys-kernel-debug.mount is marked executable. Please remove executable permission bits. Proceeding anyway.
[   13.907722] systemd[1]: Configuration file /lib/systemd/system/sys-kernel-config.mount is marked executable. Please remove executable permission bits. Proceeding anyway.
[   13.928562] systemd[1]: Configuration file /lib/systemd/system/sys-fs-fuse-connections.mount is marked executable. Please remove executable permission bits. Proceeding anyway.
[   13.950216] systemd[1]: Configuration file /lib/systemd/system/psplash-systemd.service is marked executable. Please remove executable permission bits. Proceeding anyway.
[   13.970721] systemd[1]: Configuration file /lib/systemd/system/psplash-start.service is marked executable. Please remove executable permission bits. Proceeding anyway.
[   13.991136] systemd[1]: Configuration file /lib/systemd/system/ldconfig.service is marked executable. Please remove executable permission bits. Proceeding anyway.
[   14.011216] systemd[1]: Configuration file /lib/systemd/system/kmod-static-nodes.service is marked executable. Please remove executable permission bits. Proceeding anyway.
[   14.032062] systemd[1]: Configuration file /lib/systemd/system/dev-mqueue.mount is marked executable. Please remove executable permission bits. Proceeding anyway.
[   14.051925] systemd[1]: Configuration file /lib/systemd/system/dev-hugepages.mount is marked executable. Please remove executable permission bits. Proceeding anyway.
[   14.071930] systemd[1]: Configuration file /lib/systemd/system/emergency.service is marked executable. Please remove executable permission bits. Proceeding anyway.
[   14.091697] systemd[1]: Configuration file /lib/systemd/system/syslog.socket is marked executable. Please remove executable permission bits. Proceeding anyway.
[   14.111363] systemd[1]: Configuration file /lib/systemd/system/systemd-journald-audit.socket is marked executable. Please remove executable permission bits. Proceeding anyway.
[   14.132751] systemd[1]: Configuration file /lib/systemd/system/systemd-journald-dev-log.socket is marked executable. Please remove executable permission bits. Proceeding anyway.
[   14.154756] systemd[1]: Configuration file /lib/systemd/system/sockets.target is marked executable. Please remove executable permission bits. Proceeding anyway.
[   14.186214] systemd[1]: Configuration file /lib/systemd/system/systemd-networkd.socket is marked executable. Please remove executable permission bits. Proceeding anyway.
[   14.207225] systemd[1]: Configuration file /lib/systemd/system/systemd-initctl.socket is marked executable. Please remove executable permission bits. Proceeding anyway.
[   14.228024] systemd[1]: Configuration file /lib/systemd/system/systemd-initctl.service is marked executable. Please remove executable permission bits. Proceeding anyway.
[   14.248927] systemd[1]: Configuration file /lib/systemd/system/dropbear.socket is marked executable. Please remove executable permission bits. Proceeding anyway.
[   14.268385] systemd[1]: Configuration file /lib/systemd/system/var-volatile-srv.service is marked executable. Please remove executable permission bits. Proceeding anyway.
[   14.289465] systemd[1]: Configuration file /lib/systemd/system/var-volatile-spool.service is marked executable. Please remove executable permission bits. Proceeding anyway.
[   14.310318] systemd[1]: Configuration file /lib/systemd/system/var-volatile-lib.service is marked executable. Please remove executable permission bits. Proceeding anyway.
[   14.331244] systemd[1]: Configuration file /lib/systemd/system/var-volatile-cache.service is marked executable. Please remove executable permission bits. Proceeding anyway.
[   14.352462] systemd[1]: Configuration file /lib/systemd/system/tmp.mount is marked executable. Please remove executable permission bits. Proceeding anyway.
[   14.371794] systemd[1]: Configuration file /lib/systemd/system/systemd-remount-fs.service is marked executable. Please remove executable permission bits. Proceeding anyway.
[   14.392750] systemd[1]: Configuration file /lib/systemd/system/systemd-fsck-root.service is marked executable. Please remove executable permission bits. Proceeding anyway.
[   14.413660] systemd[1]: Configuration file /lib/systemd/system/emergency.target is marked executable. Please remove executable permission bits. Proceeding anyway.
[   14.433584] systemd[1]: Configuration file /lib/systemd/system/local-fs-pre.target is marked executable. Please remove executable permission bits. Proceeding anyway.
[   14.453850] systemd[1]: Configuration file /lib/systemd/system/shutdown.target is marked executable. Please remove executable permission bits. Proceeding anyway.
[   14.475171] random: systemd: uninitialized urandom read (16 bytes read)
[   14.483339] systemd[1]: system-getty.slice: unit configures an IP firewall, but the local system does not support BPF/cgroup firewalling.
[   14.498462] systemd[1]: (This warning is only shown for the first unit using IP firewalling.)
[   14.510262] systemd[1]: Created slice system-getty.slice.
[[0;32m  OK  [0m] Created slice [0;1;39msystem-getty.slice[0m.
[   14.538107] random: systemd: uninitialized urandom read (16 bytes read)
[   14.546775] systemd[1]: Created slice system-serial\x2dgetty.slice.
[[0;32m  OK  [0m] Created slice [0;1;39msystem-serial\x2dgetty.slice[0m.
[   14.570072] random: systemd: uninitialized urandom read (16 bytes read)
[   14.578552] systemd[1]: Created slice User and Session Slice.
[[0;32m  OK  [0m] Created slice [0;1;39mUser and Session Slice[0m.
[   14.602220] systemd[1]: Started Dispatch Password Requests to Console Directory Watch.
[[0;32m  OK  [0m] Started [0;1;39mDispatch Password …ts to Console Directory Watch[0m.
[   14.630277] systemd[1]: Started Forward Password Requests to Wall Directory Watch.
[[0;32m  OK  [0m] Started [0;1;39mForward Password R…uests to Wall Directory Watch[0m.
[   14.658172] systemd[1]: Reached target Paths.
[[0;32m  OK  [0m] Reached target [0;1;39mPaths[0m.
[   14.678119] systemd[1]: Reached target Remote File Systems.
[[0;32m  OK  [0m] Reached target [0;1;39mRemote File Systems[0m.
[   14.702276] systemd[1]: Reached target Slices.
[[0;32m  OK  [0m] Reached target [0;1;39mSlices[0m.
[   14.726182] systemd[1]: Reached target Swap.
[[0;32m  OK  [0m] Reached target [0;1;39mSwap[0m.
[   14.753194] systemd[1]: Listening on RPCbind Server Activation Socket.
[[0;32m  OK  [0m] Listening on [0;1;39mRPCbind Server Activation Socket[0m.
[   14.782217] systemd[1]: Reached target RPC Port Mapper.
[[0;32m  OK  [0m] Reached target [0;1;39mRPC Port Mapper[0m.
[   14.810524] systemd[1]: Listening on initctl Compatibility Named Pipe.
[[0;32m  OK  [0m] Listening on [0;1;39minitctl Compatibility Named Pipe[0m.
[   14.840267] systemd[1]: Listening on Journal Audit Socket.
[[0;32m  OK  [0m] Listening on [0;1;39mJournal Audit Socket[0m.
[   14.867912] systemd[1]: Listening on Journal Socket (/dev/log).
[[0;32m  OK  [0m] Listening on [0;1;39mJournal Socket (/dev/log)[0m.
[   14.894818] systemd[1]: Listening on Journal Socket.
[[0;32m  OK  [0m] Listening on [0;1;39mJournal Socket[0m.
[   14.924113] systemd[1]: Listening on Network Service Netlink Socket.
[[0;32m  OK  [0m] Listening on [0;1;39mNetwork Service Netlink Socket[0m.
[   14.952452] systemd[1]: Listening on udev Control Socket.
[[0;32m  OK  [0m] Listening on [0;1;39mudev Control Socket[0m.
[   14.978637] systemd[1]: Listening on udev Kernel Socket.
[[0;32m  OK  [0m] Listening on [0;1;39mudev Kernel Socket[0m.
[   15.011556] systemd[1]: Mounting Huge Pages File System...
         Mounting [0;1;39mHuge Pages File System[0m...
[   15.043306] systemd[1]: Mounting POSIX Message Queue File System...
         Mounting [0;1;39mPOSIX Message Queue File System[0m...
[   15.075381] systemd[1]: Mounting Kernel Debug File System...
         Mounting [0;1;39mKernel Debug File System[0m...
[   15.111444] systemd[1]: Mounting Temporary Directory (/tmp)...
         Mounting [0;1;39mTemporary Directory (/tmp)[0m...
[   15.144549] systemd[1]: Starting Create list of static device nodes for the current kernel...
         Starting [0;1;39mCreate list of st…odes for the current kernel[0m...
[   15.179330] systemd[1]: Starting Start psplash boot splash screen...
         Starting [0;1;39mStart psplash boot splash screen[0m...
[   15.214382] systemd[1]: Starting RPC Bind...
         Starting [0;1;39mRPC Bind[0m...
[   15.238690] systemd[1]: Condition check resulted in File System Check on Root Device being skipped.
[   15.253077] systemd[1]: Starting Journal Service...
         Starting [0;1;39mJournal Service[0m...
[   15.271315] systemd-journald[351]: Configuration file /etc/systemd/journald.conf is marked executable. Please remove executable permission bits. Proceeding anyway.
[   15.287631] systemd-journald[351]: Configuration file /lib/systemd/journald.conf.d/00-systemd-conf.conf is marked executable. Please remove executable permission bits. Proceeding anyway.
[   15.309593] systemd[1]: Starting Load Kernel Modules...
         Starting [0;1;39mLoad Kernel Modules[0m...
[   15.335593] systemd[1]: Starting Remount Root and Kernel File Systems...
         Starting [0;1;39mRemount Root and Kernel File Systems[0m...
[   15.363069] systemd[1]: Starting udev Coldplug all Devices...
         Starting [0;1;39mudev Coldplug all Devices[0m...
[   15.389378] systemd[1]: Started Start psplash boot splash screen.
[[0;32m  OK  [0m] Started [0;1;39mStart psplash boot splash screen[0m.
[   15.414582] systemd[1]: Started RPC Bind.
[[0;32m  OK  [0m] Started [0;1;39mRPC Bind[0m.
[   15.438525] systemd[1]: Started Journal Service.
[[0;32m  OK  [0m] Started [0;1;39mJournal Service[0m.
[[0;32m  OK  [0m] Mounted [0;1;39mHuge Pages File System[0m.
[[0;32m  OK  [0m] Mounted [0;1;39mPOSIX Message Queue File System[0m.
[[0;32m  OK  [0m] Mounted [0;1;39mKernel Debug File System[0m.
[[0;32m  OK  [0m] Mounted [0;1;39mTemporary Directory (/tmp)[0m.
[[0;32m  OK  [0m] Started [0;1;39mCreate list of sta… nodes for the current kernel[0m.
[[0;32m  OK  [0m] Started [0;1;39mLoad Kernel Modules[0m.
[[0;32m  OK  [0m] Started [0;1;39mRemount Root and Kernel File Systems[0m.
[   15.582246] random: systemd-journal: uninitialized urandom read (16 bytes read)
[   15.583330] random: systemd: uninitialized urandom read (16 bytes read)
         Mounting [0;1;39mKerne[   15.603600] random: systemd-journal: uninitialized urandom read (16 bytes read)
l Configuration File System[0m...
[[0;32m  OK  [0m] Started [0;1;39mStart psplash-syst…progress communication helper[0m.
         Starting [0;1;39mFlush Journal to Persistent Storage[0m...
         Starting [0;1;39mApply Kernel Variables[0m...
[   15.681605] systemd-journald[351]: Received client request to flush runtime journal.
         Starting [0;1;39mCreate Static Device Nodes in /dev[0m...
[[0;32m  OK  [0m] Mounted [0;1;39mKernel Configuration File System[0m.
[   15.726023] random: crng init done
[   15.729432] random: 45 urandom warning(s) missed due to ratelimiting
[[0;32m  OK  [0m] Started [0;1;39mFlush Journal to Persistent Storage[0m.
[[0;32m  OK  [0m] Started [0;1;39mApply Kernel Variables[0m.
[[0;32m  OK  [0m] Started [0;1;39mCreate Static Device Nodes in /dev[0m.
[[0;32m  OK  [0m] Reached target [0;1;39mLocal File Systems (Pre)[0m.
         Mounting [0;1;39m/var/volatile[0m...
         Starting [0;1;39mudev Kernel Device Manager[0m...
[[0;32m  OK  [0m] Started [0;1;39mudev Coldplug all Devices[0m.
[[0;32m  OK  [0m] Mounted [0;1;39m/var/volatile[0m.
         Starting [0;1;39mLoad/Save Random Seed[0m...
[[0;32m  OK  [0m] Reached target [0;1;39mLocal File Systems[0m.
         Starting [0;1;39mCreate Volatile Files and Directories[0m...
[[0;32m  OK  [0m] Started [0;1;39mudev Kernel Device Manager[0m.
[[0;32m  OK  [0m] Started [0;1;39mLoad/Save Random Seed[0m.
         Starting [0;1;39mNetwork Service[0m...
[[0;32m  OK  [0m] Started [0;1;39mCreate Volatile Files and Directories[0m.
         Starting [0;1;39mNetwork Time Synchronization[0m...
         Starting [0;1;39mUpdate UTMP about System Boot/Shutdown[0m...
[[0;32m  OK  [0m] Started [0;1;39mNetwork Service[0m.
         Starting [0;1;39mNetwork Name Resolution[0m...
[[0;32m  OK  [0m] Started [0;1;39mUpdate UTMP about System Boot/Shutdown[0m.
[   16.232736] pwm-backlight: probe of backlight failed with error -16
[[0;32m  OK  [0m] Started [0;1;39mNetwork Time Synchronization[0m.
[[0;32m  OK  [0m] Reached target [0;1;39mSystem Initialization[0m.
[   16.311607] at24 7-0050: supply vcc not found, using dummy regulator
[[0;32m  OK  [[   16.319005] at24 7-0050: 128 byte br24t01 EEPROM, writable, 8 bytes/write
0m] Started [0;1;39mDaily Cleanup of Temporary Directories[0m.
[[0;32m  OK  [0m] Reached target [0;1;39mSystem Time Set[0m.
[[0;32m  OK  [0m] Reached target [0;1;39mSystem Time Synchronized[0m.
[[0;32m  OK  [0m] Reached target [0;1;39mTimers[0m.
[[0;32m  OK  [0m] Reached target [0;1;39mHardware activated USB gadget[0m.
[[0;32m  OK  [0m] Listening on [0;1;39mAvahi mDNS/DNS-SD Stack Activation Socket[0m.
[   16.410716] ccree e6601000.crypto: ARM CryptoCell 630P Driver: HW version 0xAF400001/0xDCC63000, Driver version 5.0
[[0;32m  OK  [0m] Listening on [0;1;39mD-Bus System Message Bus Socket[0m.
[   16.435991] renesas_usb3 ee020000.usb: probed with phy
[[0;32m  OK  [0m] Listening on [0;1;39mdropbear.socket[0m.
[[0;32m  OK  [0m] Reached target [0;1[   16.469138] ccree e6601000.crypto: ARM ccree device initialized
;39mSockets[0m.
[[0;32m  OK  [0m] Reached target [0;1;39mBasic System[0m.
[[0;32m  OK  [0m] Started [0;1;39mD-Bus System Message Bus[0m.
[[0;32m  OK  [0m] Started [0;1;39moptee services[0m.
         Starting [0;1;39mpvrinit.service[0m...
         Starting [0;1;39mPowerVR consumer services[0m...
         Starting [0;1;39mLogin Service[0m...
[[0;32m  OK  [0m] Started [0;1;39mNetwork Name Resolution[0m.
[[0;1;31mFAILED[0m] Failed to start [0;1;39mpvrinit.service[0m.
See 'systemctl status pvrinit.service' for details.
[[0;1;31mFAILED[0m] Failed to start [0;1;39mPowerVR consumer services[0m.
See 'systemctl status rc.pvr.service' for details.
[[0;32m  OK  [0m] Created slice [0;1;39msystem-weston.slice[0m.
[[0;32m  OK  [0m] Reached target [0;1;39mNetwork[0m.
[[0;32m  OK  [0m] Reached target [0;1;39mHost and Network Name Lookups[0m.
         Starting [0;1;39mAvahi mDNS/DNS-SD Stack[0m...
         Starting [0;1;39mPowerVR consumer services[0m...
         Starting [0;1;39mset_default_governor.service[0m...
         Starting [0;1;39mPermit User Sessions[0m...
[[0;32m  OK  [0m] Started [0;1;39mXinetd A Powerful Replacement For Inetd[0m.
[[0;1;31mFAILED[0m] Failed to start [0;1;39mPowerVR consumer services[0m.
See 'systemctl s[   16.982636] rd 0-7: Disabling EAS, schedutil is mandatory
tatus rc.pvr.service' for details.
[[0;1;38;5;185mDEPEND[0m] Dependency failed for [0;1;39mWeston Wayland Compositor[0m.
[[0;32m  OK  [0m] Started [0;1;39mset_default_governor.service[0m.
[[0;32m  OK  [0m] Started [0;1;39mPermit User Sessions[0m.
[[0;32m  OK  [0m] Started [0;1;39mLogin Service[0m.
[[0;32m  OK  [0m] Started [0;1;39mAvahi mDNS/DNS-SD Stack[0m.
[[0;32m  OK  [0m] Started [0;1;39mGetty on tty1[0m.
[[0;32m  OK  [0m] Started [0;1;39mSerial Getty on ttySC0[0m.
[[0;32m  OK  [0m] Reached target [0;1;39mLogin Prompts[0m.
[[0;32m  OK  [0m] Reached target [0;1;39mMulti-User System[0m.
         Starting [0;1;39mUpdate UTMP about System Runlevel Changes[0m...
[[0;32m  OK  [0m] Started [0;1;39mUpdate UTMP about System Runlevel Changes[0m.

Poky (Yocto Project Reference Distro) 3.1.11 salvator-x ttySC0

salvator-x login: 
salvator-x login: root
[   18.881644] audit: type=1006 audit(1708653590.963:2): pid=532 uid=0 old-auid=4294967295 auid=0 tty=(none) old-ses=4294967295 ses=1 res=1
7[r[999;999H[6n8root@salvator-x:~# 
root@salvator-x:~# 
root@salvator-x:~# 
root@salvator-x:~# 
root@salvator-x:~# 
root@salvator-x:~# 
root@salvator-x:~# 
root@salvator-x:~# 
root@salvator-x:~# 
Plug in USB device at CN37


Press any button to continue

[   41.950139] SDHI0 VccQ: disabling
[   41.953529] SDHI3 VccQ: disabling
[   46.690015] usb 3-1: new high-speed USB device number 2 using ehci-platform
[   46.851962] usb-storage 3-1:1.0: USB Mass Storage device detected
[   46.858813] scsi host1: usb-storage 3-1:1.0
[   47.871366] scsi 1:0:0:0: Direct-Access     SanDisk  Ultra            1.00 PQ: 0 ANSI: 6
[   47.880496] sd 1:0:0:0: [sda] 121307136 512-byte logical blocks: (62.1 GB/57.8 GiB)
[   47.889412] sd 1:0:0:0: [sda] Write Protect is off
[   47.895152] sd 1:0:0:0: [sda] Write cache: disabled, read cache: enabled, doesn't support DPO or FUA
[   47.940702]  sda: sda1
[   47.947148] sd 1:0:0:0: [sda] Attached SCSI removable disk

----------Prepare----------


root@salvator-x:~# find /sys/devices/platform/soc/ee0e0100.usb/ -name 'sd*'
/sys/devices/platform/soc/ee0e0100.usb/usb3/3-1/3-1:1.0/host1/target1:0:0/1:0:0:0/block/sda
/sys/devices/platform/soc/ee0e0100.usb/usb3/3-1/3-1:1.0/host1/target1:0:0/1:0:0:0/block/sda/sda1
root@salvator-x:~# 
root@salvator-x:~# dd if=/dev/urandom of=testdata bs=10M count=5
5+0 records in
5+0 records out
52428800 bytes (52 MB, 50 MiB) copied, 1.44579 s, 36.3 MB/s
root@salvator-x:~# 
root@salvator-x:~# mkdir -p /mnt/usb
root@salvator-x:~# 
root@salvator-x:~# mount /dev/sda1 /mnt/usb
[   55.121005] EXT4-fs (sda1): mounted filesystem with ordered data mode. Opts: (null)
root@salvator-x:~# 
root@salvator-x:~# cp testdata /mnt/usb/
root@salvator-x:~# 
root@salvator-x:~# umount /mnt/usb
root@salvator-x:~# 
Pull out USB device at CN37


Press any button to continue

[   66.131640] usb 3-1: USB disconnect, device number 2

root@salvator-x:~# i2cset -f -y 7 0x30 0x20 0x0f
root@salvator-x:~# 

Switch SW23 off and input 'yes' to continue:

root@salvator-x:~# echo N > /sys/module/printk/parameters/console_suspend
root@salvator-x:~# 
root@salvator-x:~# echo mem > /sys/power/state
[   78.394122] PM: suspend entry (deep)
[   78.397912] Filesystems sync: 0.000 seconds
[   78.416093] Freezing user space processes ... (elapsed 0.001 seconds) done.
[   78.424749] OOM killer disabled.
[   78.427990] Freezing remaining freezable tasks ... (elapsed 0.001 seconds) done.
[   78.852125] ravb e6800000.ethernet eth0: Link is Down
[   78.867218] Disabling non-boot CPUs ...
[   78.871654] CPU1: shutdown
[   78.874380] psci: CPU1 killed (polled 0 ms)
[   78.880387] CPU2: shutdown
[   78.883119] psci: CPU2 killed (polled 0 ms)
[   78.888724] CPU3: shutdown
[   78.891456] psci: CPU3 killed (polled 0 ms)
[   78.897178] CPU4: shutdown
[   78.899905] psci: CPU4 killed (polled 0 ms)
[   78.905617] CPU5: shutdown
[   78.908344] psci: CPU5 killed (polled 0 ms)
[   78.913790] CPU6: shutdown
[   78.916515] psci: CPU6 killed (polled 0 ms)
[   78.922084] CPU7: shutdown
[   78.924796] psci: CPU7 killed (polled 0 ms)
 
 Switch power switch: 

NOTICE:  BL2: R-Car Gen3 Initial Program Loader(CA57) Rev.4.0.0
NOTICE:  BL2: PRR is R-Car H3 Ver.3.0
NOTICE:  BL2: Board is Salvator-XS Rev.1.0
NOTICE:  BL2: Boot device is HyperFlash(160MHz)
NOTICE:  BL2: LCM state is CM
NOTICE:  AVS setting succeeded. DVFS_SetVID=0x53
NOTICE:  BL2: DDR3200(rev.0.42)
NOTICE:  BL2: [WARM_BOOT]
NOTICE:  BL2: DRAM Split is 4ch(DDR f)
NOTICE:  BL2: QoS is default setting(rev.0.11)
NOTICE:  BL2: DRAM refresh interval 1.95 usec
NOTICE:  BL2: Periodic Write DQ Training
NOTICE:  BL2: CH0: 400000000 - 47fffffff, 2 GiB
NOTICE:  BL2: CH1: 500000000 - 57fffffff, 2 GiB
NOTICE:  BL2: CH2: 600000000 - 67fffffff, 2 GiB
NOTICE:  BL2: CH3: 700000000 - 77fffffff, 2 GiB
NOTICE:  BL2: Lossy Decomp areas
NOTICE:       Entry 0: DCMPAREACRAx:0x80000540 DCMPAREACRBx:0x570
NOTICE:       Entry 1: DCMPAREACRAx:0x40000000 DCMPAREACRBx:0x0
NOTICE:       Entry 2: DCMPAREACRAx:0x20000000 DCMPAREACRBx:0x0
NOTICE:  BL2: FDT at 0xe6327f70
NOTICE:  BL2: v2.9(release):9cdb21f75
NOTICE:  BL2: Built : 05:25:39, Dec 19 2023
NOTICE:  BL2: Normal boot
[   78.930076] Enabling non-boot CPUs ...
[   78.934055] Detected PIPT I-cache on CPU1
[   78.934110] CPU1: Booted secondary processor 0x0000000001 [0x411fd073]
[   78.934585] CPU1 is up
[   78.947626] Detected PIPT I-cache on CPU2
[   78.947648] CPU2: Booted secondary processor 0x0000000002 [0x411fd073]
[   78.947918] CPU2 is up
[   78.960929] Detected PIPT I-cache on CPU3
[   78.960952] CPU3: Booted secondary processor 0x0000000003 [0x411fd073]
[   78.961232] CPU3 is up
[   78.974299] Detected VIPT I-cache on CPU4
[   78.974352] CPU4: Booted secondary processor 0x0000000100 [0x410fd034]
[   78.975256] CPU4 is up
[   78.988270] Detected VIPT I-cache on CPU5
[   78.988303] CPU5: Booted secondary processor 0x0000000101 [0x410fd034]
[   78.988875] CPU5 is up
[   79.001884] Detected VIPT I-cache on CPU6
[   79.001917] CPU6: Booted secondary processor 0x0000000102 [0x410fd034]
[   79.002579] CPU6 is up
[   79.015592] Detected VIPT I-cache on CPU7
[   79.015626] CPU7: Booted secondary processor 0x0000000103 [0x410fd034]
[   79.016271] CPU7 is up
[   79.088807] xhci-hcd ee000000.usb: xHC error in resume, USBSTS 0x401, Reinit
[   79.095871] usb usb7: root hub lost power or was reset
[   79.100996] usb usb8: root hub lost power or was reset
[   79.208912] Micrel KSZ9031 Gigabit PHY e6800000.ethernet-ffffffff:00: attached PHY driver [Micrel KSZ9031 Gigabit PHY] (mii_bus:phy_addr=e6800000.ethernet-ffffffff:00, irq=183)
[   79.324000] usb usb4: root hub lost power or was reset
[   79.329299] usb usb1: root hub lost power or was reset
[   79.416060] usb usb5: root hub lost power or was reset
[   79.421329] usb usb2: root hub lost power or was reset
[   79.508056] usb usb6: root hub lost power or was reset
[   79.513355] usb usb3: root hub lost power or was reset
[   79.632058] usb usb10: root hub lost power or was reset
[   79.637328] usb usb9: root hub lost power or was reset
[   79.650063] ata1: link resume succeeded after 1 retries
[   79.761671] ata1: SATA link down (SStatus 0 SControl 300)
[   79.782106] OOM killer enabled.
[   79.787637] Restarting tasks ... done.
root@salvator-x:~# [   79.796074] PM: suspend exit
[   89.437353] ravb e6800000.ethernet eth0: Link is Up - 1Gbps/Full - flow control off

root@salvator-x:~# echo "Wake up sucessfully"
Wake up sucessfully
root@salvator-x:~# 
Plug in USB device at CN37


Press any button to continue

[  105.425974] usb 3-1: new high-speed USB device number 3 using ehci-platform
[  105.587622] usb-storage 3-1:1.0: USB Mass Storage device detected
[  105.594394] scsi host1: usb-storage 3-1:1.0
[  106.623034] scsi 1:0:0:0: Direct-Access     SanDisk  Ultra            1.00 PQ: 0 ANSI: 6
[  106.632344] sd 1:0:0:0: [sda] 121307136 512-byte logical blocks: (62.1 GB/57.8 GiB)
[  106.641306] sd 1:0:0:0: [sda] Write Protect is off
[  106.647170] sd 1:0:0:0: [sda] Write cache: disabled, read cache: enabled, doesn't support DPO or FUA
[  106.699120]  sda: sda1
[  106.709028] sd 1:0:0:0: [sda] Attached SCSI removable disk

root@salvator-x:~# find /sys/devices/platform/soc/ee0e0100.usb/ -name 'sd*'
/sys/devices/platform/soc/ee0e0100.usb/usb3/3-1/3-1:1.0/host1/target1:0:0/1:0:0:0/block/sda
/sys/devices/platform/soc/ee0e0100.usb/usb3/3-1/3-1:1.0/host1/target1:0:0/1:0:0:0/block/sda/sda1
root@salvator-x:~# 
root@salvator-x:~# mount /dev/sda1 /mnt/usb
[  111.620772] EXT4-fs (sda1): mounted filesystem with ordered data mode. Opts: (null)
root@salvator-x:~# 
root@salvator-x:~# cp testdata /mnt/usb/testdata_from_nfs
root@salvator-x:~# 
root@salvator-x:~# cp /mnt/usb/testdata_from_nfs testdata_from_usb
root@salvator-x:~# 
root@salvator-x:~# sync
root@salvator-x:~# 
root@salvator-x:~# cmp testdata testdata_from_usb
root@salvator-x:~# 
root@salvator-x:~# umount /mnt/usb
root@salvator-x:~# 
 
#### Result: OK ####
