

----------Item 3----------


Please press switch to restart board 

[F 00:00:120
[F 00:00:119
[F 00:00:118
NOTICE:  BL2: R-Car Gen3 Initial Program Loader(CA57) Rev.4.0.0
NOTICE:  BL2: PRR is R-Car H3 Ver.3.0
NOTICE:  BL2: Board is Salvator-XS Rev.1.0
NOTICE:  BL2: Boot device is HyperFlash(160MHz)
NOTICE:  BL2: LCM state is CM
NOTICE:  AVS setting succeeded. DVFS_SetVID=0x53
NOTICE:  BL2: DDR3200(rev.0.42)
NOTICE:  BL2: [COLD_BOOT]
NOTICE:  BL2: DRAM Split is 4ch(DDR f)
NOTICE:  BL2: QoS is default setting(rev.0.11)
NOTICE:  BL2: DRAM refresh interval 1.95 usec
NOTICE:  BL2: Periodic Write DQ Training
NOTICE:  BL2: CH0: 400000000 - 47fffffff, 2 GiB
NOTICE:  BL2: CH1: 500000000 - 57fffffff, 2 GiB
NOTICE:  BL2: CH2: 600000000 - 67fffffff, 2 GiB
NOTICE:  BL2: CH3: 700000000 - 77fffffff, 2 GiB
NOTICE:  BL2: Lossy Decomp areas
NOTICE:       Entry 0: DCMPAREACRAx:0x80000540 DCMPAREACRBx:0x570
NOTICE:       Entry 1: DCMPAREACRAx:0x40000000 DCMPAREACRBx:0x0
NOTICE:       Entry 2: DCMPAREACRAx:0x20000000 DCMPAREACRBx:0x0
NOTICE:  BL2: FDT at 0xe6327f70
NOTICE:  BL2: v2.9(release):9cdb21f75
NOTICE:  BL2: Built : 05:25:39, Dec 19 2023
NOTICE:  BL2: Normal boot
NOTICE:  BL2: dst=0xe6327800 src=0x8180000 len=512(0x200)
NOTICE:  BL2: dst=0x43f00000 src=0x8180400 len=6144(0x1800)
NOTICE:  rcar_file_len: len: 0x0003e000
NOTICE:  BL2: dst=0x44000000 src=0x81c0000 len=253952(0x3e000)
NOTICE:  rcar_file_len: len: 0x00200000
NOTICE:  BL2: dst=0x44100000 src=0x8200000 len=2097152(0x200000)
NOTICE:  rcar_file_len: len: 0x00100000
NOTICE:  BL2: dst=0x50000000 src=0x8640000 len=1048576(0x100000)
NOTICE:  BL2: Booting BL31


U-Boot 2020.10 (Dec 19 2023 - 14:30:40 +0000)

CPU: Renesas Electronics R8A7795 rev 3.0
Model: Renesas Salvator-X 2nd version board based on r8a77951
DRAM:  7.9 GiB
RAM Configuration:
Bank #0: 0x048000000 - 0x0bfffffff, 1.9 GiB
Bank #1: 0x500000000 - 0x57fffffff, 2 GiB
Bank #2: 0x600000000 - 0x67fffffff, 2 GiB
Bank #3: 0x700000000 - 0x77fffffff, 2 GiB

MMC:   sd@ee100000: 0, sd@ee140000: 1, sd@ee160000: 2
Loading Environment from MMC... OK
In:    serial@e6e88000
Out:   serial@e6e88000
Err:   serial@e6e88000
Net:   eth0: ethernet@e6800000
Hit any key to stop autoboot:  2  1  0 
ethernet@e6800000 Waiting for PHY auto negotiation to complete............. done
Using ethernet@e6800000 device
TFTP from server 192.168.10.99; our IP address is 192.168.10.167
Filename 'traivo/H3/rootfs/boot_USB2H/Image'.
Load address: 0x48080000
Loading: *#################################################################
	 #################################################################
	 #################################################################
	 #################################################################
	 #################################################################
	 #################################################################
	 #################################################################
	 #################################################################
	 #################################################################
	 #################################################################
	 #################################################################
	 #################################################################
	 #################################################################
	 #################################################################
	 #################################################################
	 #################################################################
	 #################################################################
	 #################################################################
	 #################################################################
	 #################################################################
	 #################################################################
	 #################################################################
	 #################################################################
	 #################################################################
	 #################################################################
	 #################################################################
	 #################################################################
	 #################################################################
	 #################################################################
	 #################################################################
	 #################################################################
	 #################################################################
	 #################################################################
	 #################################################################
	 ################################################################
	 4.5 MiB/s
done
Bytes transferred = 33376768 (1fd4a00 hex)
Using ethernet@e6800000 device
TFTP from server 192.168.10.99; our IP address is 192.168.10.167
Filename 'traivo/H3/rootfs/boot_USB2H/r8a77951-salvator-xs.dtb'.
Load address: 0x48000000
Loading: *#######
	 8.7 MiB/s
done
Bytes transferred = 90876 (162fc hex)
Moving Image from 0x48080000 to 0x48200000, end=4a260000
## Flattened Device Tree blob at 48000000
   Booting using the fdt blob at 0x48000000
   Loading Device Tree to 0000000053fe6000, end 0000000053fff2fb ... OK

Starting kernel ...

[    0.000000] Booting Linux on physical CPU 0x0000000000 [0x411fd073]
[    0.000000] Linux version 5.10.194-yocto-standard (thuan.nguyen-hong@banvien) (aarch64-poky-linux-gcc (GCC) 9.3.0, GNU ld (GNU Binutils) 2.34.0.20200220) #10 SMP PREEMPT Mon Feb 19 03:51:05 UTC 2024
[    0.000000] Machine model: Renesas Salvator-X 2nd version board based on r8a77951
[    0.000000] efi: UEFI not found.
[    0.000000] Reserved memory: created CMA memory pool at 0x0000000057000000, size 16 MiB
[    0.000000] OF: reserved mem: initialized node linux,adsp@57000000, compatible id shared-dma-pool
[    0.000000] Reserved memory: created CMA memory pool at 0x0000000058000000, size 384 MiB
[    0.000000] OF: reserved mem: initialized node linux,cma@58000000, compatible id shared-dma-pool
[    0.000000] Reserved memory: created CMA memory pool at 0x0000000070000000, size 256 MiB
[    0.000000] OF: reserved mem: initialized node linux,multimedia@70000000, compatible id shared-dma-pool
[    0.000000] NUMA: No NUMA configuration found
[    0.000000] NUMA: Faking a node at [mem 0x0000000048000000-0x000000077fffffff]
[    0.000000] NUMA: NODE_DATA [mem 0x77efdab00-0x77efdcfff]
[    0.000000] Zone ranges:
[    0.000000]   DMA      [mem 0x0000000048000000-0x000000007fffffff]
[    0.000000]   DMA32    [mem 0x0000000080000000-0x00000000ffffffff]
[    0.000000]   Normal   [mem 0x0000000100000000-0x000000077fffffff]
[    0.000000] Movable zone start for each node
[    0.000000] Early memory node ranges
[    0.000000]   node   0: [mem 0x0000000048000000-0x0000000053ffffff]
[    0.000000]   node   0: [mem 0x0000000054000000-0x0000000056ffffff]
[    0.000000]   node   0: [mem 0x0000000057000000-0x00000000bfffffff]
[    0.000000]   node   0: [mem 0x0000000500000000-0x000000057fffffff]
[    0.000000]   node   0: [mem 0x0000000600000000-0x000000067fffffff]
[    0.000000]   node   0: [mem 0x0000000700000000-0x000000077fffffff]
[    0.000000] Initmem setup node 0 [mem 0x0000000048000000-0x000000077fffffff]
[    0.000000] psci: probing for conduit method from DT.
[    0.000000] psci: PSCIv1.1 detected in firmware.
[    0.000000] psci: Using standard PSCI v0.2 function IDs
[    0.000000] psci: Trusted OS resident on physical CPU 0x0
[    0.000000] psci: SMC Calling Convention v1.2
[    0.000000] percpu: Embedded 23 pages/cpu s56984 r8192 d29032 u94208
[    0.000000] Detected PIPT I-cache on CPU0
[    0.000000] CPU features: detected: EL2 vector hardening
[    0.000000] CPU features: detected: Spectre-v2
[    0.000000] CPU features: detected: ARM errata 1165522, 1319367, or 1530923
[    0.000000] CPU features: detected: Spectre-BHB
[    0.000000] CPU features: detected: ARM erratum 1742098
[    0.000000] Built 1 zonelists, mobility grouping on.  Total pages: 2032128
[    0.000000] Policy zone: Normal
[    0.000000] Kernel command line: rw root=/dev/nfs nfsroot=192.168.10.99:/data/tftpboot/traivo/H3/rootfs,nfsvers=4, ip=192.168.10.167
[    0.000000] Dentry cache hash table entries: 1048576 (order: 11, 8388608 bytes, linear)
[    0.000000] Inode-cache hash table entries: 524288 (order: 10, 4194304 bytes, linear)
[    0.000000] mem auto-init: stack:off, heap alloc:off, heap free:off
[    0.000000] software IO TLB: mapped [mem 0x000000004ffe6000-0x0000000053fe6000] (64MB)
[    0.000000] Memory: 7276840K/8257536K available (15232K kernel code, 2834K rwdata, 8240K rodata, 6144K init, 517K bss, 308952K reserved, 671744K cma-reserved)
[    0.000000] SLUB: HWalign=64, Order=0-3, MinObjects=0, CPUs=8, Nodes=1
[    0.000000] rcu: Preemptible hierarchical RCU implementation.
[    0.000000] rcu: 	RCU event tracing is enabled.
[    0.000000] rcu: 	RCU restricting CPUs from NR_CPUS=256 to nr_cpu_ids=8.
[    0.000000] 	Trampoline variant of Tasks RCU enabled.
[    0.000000] rcu: RCU calculated value of scheduler-enlistment delay is 25 jiffies.
[    0.000000] rcu: Adjusting geometry for rcu_fanout_leaf=16, nr_cpu_ids=8
[    0.000000] NR_IRQS: 64, nr_irqs: 64, preallocated irqs: 0
[    0.000000] arch_timer: cp15 timer(s) running at 8.32MHz (virt).
[    0.000000] clocksource: arch_sys_counter: mask: 0xffffffffffffff max_cycles: 0x1eb398c07, max_idle_ns: 440795202503 ns
[    0.000003] sched_clock: 56 bits at 8MHz, resolution 120ns, wraps every 2199023255503ns
[    0.000206] Console: colour dummy device 80x25
[    0.000413] printk: console [tty0] enabled
[    0.000487] Calibrating delay loop (skipped), value calculated using timer frequency.. 16.64 BogoMIPS (lpj=33280)
[    0.000503] pid_max: default: 32768 minimum: 301
[    0.000562] LSM: Security Framework initializing
[    0.000648] Mount-cache hash table entries: 16384 (order: 5, 131072 bytes, linear)
[    0.000698] Mountpoint-cache hash table entries: 16384 (order: 5, 131072 bytes, linear)
[    0.002142] rcu: Hierarchical SRCU implementation.
[    0.003735] Detected Renesas R-Car Gen3 r8a7795 ES3.0
[    0.005864] EFI services will not be available.
[    0.006202] smp: Bringing up secondary CPUs ...
[    0.006658] Detected PIPT I-cache on CPU1
[    0.006705] CPU1: Booted secondary processor 0x0000000001 [0x411fd073]
[    0.007191] Detected PIPT I-cache on CPU2
[    0.007214] CPU2: Booted secondary processor 0x0000000002 [0x411fd073]
[    0.007635] Detected PIPT I-cache on CPU3
[    0.007657] CPU3: Booted secondary processor 0x0000000003 [0x411fd073]
[    0.008119] CPU features: detected: ARM erratum 845719
[    0.008131] Detected VIPT I-cache on CPU4
[    0.008178] CPU4: Booted secondary processor 0x0000000100 [0x410fd034]
[    0.008654] Detected VIPT I-cache on CPU5
[    0.008681] CPU5: Booted secondary processor 0x0000000101 [0x410fd034]
[    0.009111] Detected VIPT I-cache on CPU6
[    0.009138] CPU6: Booted secondary processor 0x0000000102 [0x410fd034]
[    0.009572] Detected VIPT I-cache on CPU7
[    0.009599] CPU7: Booted secondary processor 0x0000000103 [0x410fd034]
[    0.009678] smp: Brought up 1 node, 8 CPUs
[    0.009739] SMP: Total of 8 processors activated.
[    0.009747] CPU features: detected: 32-bit EL0 Support
[    0.009754] CPU features: detected: CRC32 instructions
[    0.009761] CPU features: detected: 32-bit EL1 Support
[    0.022977] CPU: All CPU(s) started at EL1
[    0.023033] alternatives: patching kernel code
[    0.024181] devtmpfs: initialized
[    0.030970] KASLR disabled due to lack of seed
[    0.031119] clocksource: jiffies: mask: 0xffffffff max_cycles: 0xffffffff, max_idle_ns: 7645041785100000 ns
[    0.031139] futex hash table entries: 2048 (order: 5, 131072 bytes, linear)
[    0.039788] pinctrl core: initialized pinctrl subsystem
[    0.041260] DMI not present or invalid.
[    0.041759] NET: Registered protocol family 16
[    0.042697] DMA: preallocated 1024 KiB GFP_KERNEL pool for atomic allocations
[    0.042893] DMA: preallocated 1024 KiB GFP_KERNEL|GFP_DMA pool for atomic allocations
[    0.043182] DMA: preallocated 1024 KiB GFP_KERNEL|GFP_DMA32 pool for atomic allocations
[    0.043222] audit: initializing netlink subsys (disabled)
[    0.043371] audit: type=2000 audit(0.040:1): state=initialized audit_enabled=0 res=1
[    0.044557] thermal_sys: Registered thermal governor 'power_allocator'
[    0.045084] cpuidle: using governor menu
[    0.045255] hw-breakpoint: found 6 breakpoint and 4 watchpoint registers.
[    0.045380] ASID allocator initialised with 65536 entries
[    0.046678] Serial: AMBA PL011 UART driver
[    0.089496] sh-pfc e6060000.pinctrl: r8a77951_pfc support registered
[    0.104249] HugeTLB registered 1.00 GiB page size, pre-allocated 0 pages
[    0.104267] HugeTLB registered 32.0 MiB page size, pre-allocated 0 pages
[    0.104275] HugeTLB registered 2.00 MiB page size, pre-allocated 0 pages
[    0.104282] HugeTLB registered 64.0 KiB page size, pre-allocated 0 pages
[    0.105241] cryptd: max_cpu_qlen set to 1000
[    0.107503] ACPI: Interpreter disabled.
[    0.111313] rcar-avs: use avs value: 0
[    0.111331] rcar-avs: cpu@0 is running with: opp_table0
[    0.111342] rcar-avs: cpu@1 is running with: opp_table0
[    0.111364] rcar-avs: cpu@2 is running with: opp_table0
[    0.111373] rcar-avs: cpu@3 is running with: opp_table0
[    0.111460] rcar-avs: gsx@fd000000 is running with: gsx_opp_table0
[    0.112871] iommu: Default domain type: Translated 
[    0.113446] ipmmu-vmsa e67b0000.iommu: IPMMU context 0 is reserved
[    0.114428] vgaarb: loaded
[    0.114622] SCSI subsystem initialized
[    0.114877] usbcore: registered new interface driver usbfs
[    0.114908] usbcore: registered new interface driver hub
[    0.114934] usbcore: registered new device driver usb
[    0.118472] i2c-sh_mobile e60b0000.i2c: I2C adapter 7, bus speed 400000 Hz
[    0.119015] mc: Linux media interface: v0.10
[    0.119036] videodev: Linux video capture interface: v2.00
[    0.119084] pps_core: LinuxPPS API ver. 1 registered
[    0.119092] pps_core: Software ver. 5.3.6 - Copyright 2005-2007 Rodolfo Giometti <giometti@linux.it>
[    0.119106] PTP clock support registered
[    0.119276] EDAC MC: Ver: 3.0.0
[    0.121268] FPGA manager framework
[    0.121333] Advanced Linux Sound Architecture Driver Initialized.
[    0.121937] clocksource: Switched to clocksource arch_sys_counter
[    0.122081] VFS: Disk quotas dquot_6.6.0
[    0.122125] VFS: Dquot-cache hash table entries: 512 (order 0, 4096 bytes)
[    0.122267] pnp: PnP ACPI: disabled
[    0.125726] NET: Registered protocol family 2
[    0.126152] IP idents hash table entries: 131072 (order: 8, 1048576 bytes, linear)
[    0.128410] tcp_listen_portaddr_hash hash table entries: 4096 (order: 4, 65536 bytes, linear)
[    0.128490] TCP established hash table entries: 65536 (order: 7, 524288 bytes, linear)
[    0.128775] TCP bind hash table entries: 65536 (order: 8, 1048576 bytes, linear)
[    0.129357] TCP: Hash tables configured (established 65536 bind 65536)
[    0.129479] UDP hash table entries: 4096 (order: 5, 131072 bytes, linear)
[    0.129595] UDP-Lite hash table entries: 4096 (order: 5, 131072 bytes, linear)
[    0.129813] NET: Registered protocol family 1
[    0.130216] RPC: Registered named UNIX socket transport module.
[    0.130228] RPC: Registered udp transport module.
[    0.130234] RPC: Registered tcp transport module.
[    0.130240] RPC: Registered tcp NFSv4.1 backchannel transport module.
[    0.130253] PCI: CLS 0 bytes, default 64
[    0.131176] hw perfevents: enabled with armv8_cortex_a53 PMU driver, 7 counters available
[    0.131446] hw perfevents: enabled with armv8_cortex_a57 PMU driver, 7 counters available
[    0.132055] kvm [1]: HYP mode not available
[    0.134989] Initialise system trusted keyrings
[    0.135125] workingset: timestamp_bits=42 max_order=21 bucket_order=0
[    0.138246] squashfs: version 4.0 (2009/01/31) Phillip Lougher
[    0.138653] NFS: Registering the id_resolver key type
[    0.138682] Key type id_resolver registered
[    0.138689] Key type id_legacy registered
[    0.138743] nfs4filelayout_init: NFSv4 File Layout Driver Registering...
[    0.138753] nfs4flexfilelayout_init: NFSv4 Flexfile Layout Driver Registering...
[    0.138863] 9p: Installing v9fs 9p2000 file system support
[    0.164359] Key type asymmetric registered
[    0.164372] Asymmetric key parser 'x509' registered
[    0.164404] Block layer SCSI generic (bsg) driver version 0.4 loaded (major 243)
[    0.164414] io scheduler mq-deadline registered
[    0.164423] io scheduler kyber registered
[    0.180521] gpio_rcar e6050000.gpio: driving 16 GPIOs
[    0.180809] gpio_rcar e6051000.gpio: driving 29 GPIOs
[    0.181072] gpio_rcar e6052000.gpio: driving 15 GPIOs
[    0.181401] gpio_rcar e6053000.gpio: driving 16 GPIOs
[    0.181736] gpio_rcar e6054000.gpio: driving 18 GPIOs
[    0.182022] gpio_rcar e6055000.gpio: driving 26 GPIOs
[    0.182281] gpio_rcar e6055400.gpio: driving 32 GPIOs
[    0.182512] gpio_rcar e6055800.gpio: driving 4 GPIOs
[    0.185406] rcar-pcie fe000000.pcie: host bridge /soc/pcie@fe000000 ranges:
[    0.185437] rcar-pcie fe000000.pcie:       IO 0x00fe100000..0x00fe1fffff -> 0x0000000000
[    0.185460] rcar-pcie fe000000.pcie:      MEM 0x00fe200000..0x00fe3fffff -> 0x00fe200000
[    0.185478] rcar-pcie fe000000.pcie:      MEM 0x0030000000..0x0037ffffff -> 0x0030000000
[    0.185492] rcar-pcie fe000000.pcie:      MEM 0x0038000000..0x003fffffff -> 0x0038000000
[    0.185509] rcar-pcie fe000000.pcie:   IB MEM 0x0040000000..0x007fffffff -> 0x0040000000
[    0.185551] rcar-pcie fe000000.pcie: no pcie3v3 regulator found
[    0.185562] rcar-pcie fe000000.pcie: no pcie1v8 regulator found
[    0.249621] rcar-pcie fe000000.pcie: PCIe link down
[    0.249810] rcar-pcie ee800000.pcie: host bridge /soc/pcie@ee800000 ranges:
[    0.249833] rcar-pcie ee800000.pcie:       IO 0x00ee900000..0x00ee9fffff -> 0x0000000000
[    0.249854] rcar-pcie ee800000.pcie:      MEM 0x00eea00000..0x00eebfffff -> 0x00eea00000
[    0.249871] rcar-pcie ee800000.pcie:      MEM 0x00c0000000..0x00c7ffffff -> 0x00c0000000
[    0.249886] rcar-pcie ee800000.pcie:      MEM 0x00c8000000..0x00cfffffff -> 0x00c8000000
[    0.249919] rcar-pcie ee800000.pcie:   IB MEM 0x0040000000..0x007fffffff -> 0x0040000000
[    0.249953] rcar-pcie ee800000.pcie: no pcie3v3 regulator found
[    0.249963] rcar-pcie ee800000.pcie: no pcie1v8 regulator found
[    0.409911] rcar-pcie ee800000.pcie: PCIe link down
[    0.412391] EINJ: ACPI disabled.
[    0.449037] Serial: 8250/16550 driver, 4 ports, IRQ sharing enabled
[    0.451421] SuperH (H)SCI(F) driver initialized
[    0.451837] e6550000.serial: ttySC1 at MMIO 0xe6550000 (irq = 42, base_baud = 0) is a hscif
[    0.452577] e6e88000.serial: ttySC0 at MMIO 0xe6e88000 (irq = 128, base_baud = 0) is a scif
[    1.657325] printk: console [ttySC0] enabled
[    1.662698] msm_serial: driver initialized
[    1.672953] rcar-dw-hdmi fead0000.hdmi: Detected HDMI TX controller v2.01a with HDCP (DWC HDMI 2.0 TX PHY)
[    1.682839] rcar-dw-hdmi fead0000.hdmi: registered DesignWare HDMI I2C bus driver
[    1.691058] rcar-dw-hdmi feae0000.hdmi: Detected HDMI TX controller v2.01a with HDCP (DWC HDMI 2.0 TX PHY)
[    1.700908] rcar-dw-hdmi feae0000.hdmi: registered DesignWare HDMI I2C bus driver
[    1.716427] loop: module loaded
[    1.720910] megasas: 07.714.04.00-rc1
[    1.726664] scsi host0: sata_rcar
[    1.730141] ata1: SATA max UDMA/133 irq 181
[    1.739471] tun: Universal TUN/TAP device driver, 1.6
[    1.745416] thunder_xcv, ver 1.0
[    1.748675] thunder_bgx, ver 1.0
[    1.751922] nicpf, ver 1.0
[    1.756046] hclge is initializing
[    1.759380] hns3: Hisilicon Ethernet Network Driver for Hip08 Family - version
[    1.766602] hns3: Copyright (c) 2017 Huawei Corporation.
[    1.771939] e1000: Intel(R) PRO/1000 Network Driver
[    1.776818] e1000: Copyright (c) 1999-2006 Intel Corporation.
[    1.782584] e1000e: Intel(R) PRO/1000 Network Driver
[    1.787549] e1000e: Copyright(c) 1999 - 2015 Intel Corporation.
[    1.793487] igb: Intel(R) Gigabit Ethernet Network Driver
[    1.798886] igb: Copyright (c) 2007-2014 Intel Corporation.
[    1.804474] igbvf: Intel(R) Gigabit Virtual Function Network Driver
[    1.810740] igbvf: Copyright (c) 2009 - 2012 Intel Corporation.
[    1.817074] sky2: driver version 1.30
[    1.824633] ravb e6800000.ethernet eth0: Base address at 0xe6800000, 2e:09:0a:02:ec:37, IRQ 125.
[    1.834817] VFIO - User Level meta-driver version: 0.3
[    1.842047] ehci_hcd: USB 2.0 'Enhanced' Host Controller (EHCI) Driver
[    1.848585] ehci-pci: EHCI PCI platform driver
[    1.853051] ehci-platform: EHCI generic platform driver
[    1.858645] ehci-platform ee0a0100.usb: EHCI Host Controller
[    1.864328] ehci-platform ee0a0100.usb: new USB bus registered, assigned bus number 1
[    1.872248] ehci-platform ee0a0100.usb: irq 175, io mem 0xee0a0100
[    1.893920] ehci-platform ee0a0100.usb: USB 2.0 started, EHCI 1.10
[    1.900443] hub 1-0:1.0: USB hub found
[    1.904213] hub 1-0:1.0: 1 port detected
[    1.908618] ehci-platform ee0c0100.usb: EHCI Host Controller
[    1.914293] ehci-platform ee0c0100.usb: new USB bus registered, assigned bus number 2
[    1.922176] ehci-platform ee0c0100.usb: irq 176, io mem 0xee0c0100
[    1.941916] ehci-platform ee0c0100.usb: USB 2.0 started, EHCI 1.10
[    1.948385] hub 2-0:1.0: USB hub found
[    1.952154] hub 2-0:1.0: 1 port detected
[    1.981957] ehci-platform ee0e0100.usb: EHCI Host Controller
[    1.987632] ehci-platform ee0e0100.usb: new USB bus registered, assigned bus number 3
[    1.995518] ehci-platform ee0e0100.usb: irq 177, io mem 0xee0e0100
[    2.013918] ehci-platform ee0e0100.usb: USB 2.0 started, EHCI 1.10
[    2.020354] hub 3-0:1.0: USB hub found
[    2.024122] hub 3-0:1.0: 1 port detected
[    2.028487] ehci-orion: EHCI orion driver
[    2.032740] ehci-exynos: EHCI Exynos driver
[    2.037043] ohci_hcd: USB 1.1 'Open' Host Controller (OHCI) Driver
[    2.043241] ohci-pci: OHCI PCI platform driver
[    2.047722] ohci-platform: OHCI generic platform driver
[    2.053255] ohci-platform ee0a0000.usb: Generic Platform OHCI controller
[    2.059976] ohci-platform ee0a0000.usb: new USB bus registered, assigned bus number 4
[    2.067858] ohci-platform ee0a0000.usb: irq 175, io mem 0xee0a0000
[    2.149926] ata1: link resume succeeded after 1 retries
[    2.164234] hub 4-0:1.0: USB hub found
[    2.168004] hub 4-0:1.0: 1 port detected
[    2.172329] ohci-platform ee0c0000.usb: Generic Platform OHCI controller
[    2.179045] ohci-platform ee0c0000.usb: new USB bus registered, assigned bus number 5
[    2.186913] ohci-platform ee0c0000.usb: irq 176, io mem 0xee0c0000
[    2.261443] ata1: SATA link down (SStatus 0 SControl 300)
[    2.280172] hub 5-0:1.0: USB hub found
[    2.281929] usb 3-1: new high-speed USB device number 2 using ehci-platform
[    2.283941] hub 5-0:1.0: 1 port detected
[    2.295227] ohci-platform ee0e0000.usb: Generic Platform OHCI controller
[    2.301944] ohci-platform ee0e0000.usb: new USB bus registered, assigned bus number 6
[    2.309812] ohci-platform ee0e0000.usb: irq 177, io mem 0xee0e0000
[    2.404216] hub 6-0:1.0: USB hub found
[    2.407988] hub 6-0:1.0: 1 port detected
[    2.412321] ohci-exynos: OHCI Exynos driver
[    2.417157] xhci-hcd ee000000.usb: xHCI Host Controller
[    2.422397] xhci-hcd ee000000.usb: new USB bus registered, assigned bus number 7
[    2.445654] xhci-hcd ee000000.usb: hcc params 0x014051ce hci version 0x100 quirks 0x0000000000830410
[    2.454825] xhci-hcd ee000000.usb: irq 172, io mem 0xee000000
[    2.460686] xhci-hcd ee000000.usb: xHCI Host Controller
[    2.465926] xhci-hcd ee000000.usb: new USB bus registered, assigned bus number 8
[    2.473330] xhci-hcd ee000000.usb: Host supports USB 3.0 SuperSpeed
[    2.479874] hub 7-0:1.0: USB hub found
[    2.483645] hub 7-0:1.0: 1 port detected
[    2.487734] usb usb8: We don't know the algorithms for LPM for this host, disabling LPM.
[    2.496091] hub 8-0:1.0: USB hub found
[    2.499863] hub 8-0:1.0: 1 port detected
[    2.504641] usb-storage 3-1:1.0: USB Mass Storage device detected
[    2.511074] scsi host1: usb-storage 3-1:1.0
[    2.515425] usbcore: registered new interface driver usb-storage
[    2.523200] renesas_usbhs e6590000.usb: host probed
[    2.528089] renesas_usbhs e6590000.usb: no transceiver found
[    2.533816] renesas_usbhs e6590000.usb: gadget probed
[    2.539035] renesas_usbhs e6590000.usb: probed
[    2.543936] renesas_usbhs e659c000.usb: host probed
[    2.548828] renesas_usbhs e659c000.usb: no transceiver found
[    2.554540] renesas_usbhs e659c000.usb: gadget probed
[    2.559743] renesas_usbhs e659c000.usb: probed
[    2.566680] i2c /dev entries driver
[    2.581246] cs2000-cp 2-004f: revision - C1
[    2.585490] i2c-rcar e6510000.i2c: probed
[    2.590325] pca953x 4-0020: supply vcc not found, using dummy regulator
[    2.597034] pca953x 4-0020: using no AI
[    2.601697] gpio-355 (PCIE/SATA switch): hogged as output/low
[    2.613972] i2c-rcar e66d8000.i2c: probed
[    2.619268] adv748x 4-0070: Endpoint /soc/i2c@e66d8000/video-receiver@70/port@7/endpoint on port 7
[    2.628249] adv748x 4-0070: Endpoint /soc/i2c@e66d8000/video-receiver@70/port@8/endpoint on port 8
[    2.637220] adv748x 4-0070: Endpoint /soc/i2c@e66d8000/video-receiver@70/port@a/endpoint on port 10
[    2.646284] adv748x 4-0070: Endpoint /soc/i2c@e66d8000/video-receiver@70/port@b/endpoint on port 11
[    2.655689] adv748x 4-0070: chip found @ 0xe0 revision 2143
[    2.709169] rcar-csi2 fea80000.csi2: 1 lanes found
[    2.714331] rcar-csi2 feaa0000.csi2: 4 lanes found
[    2.724084] rcar-vin e6ef0000.video: Device registered as video0
[    2.730187] rcar-vin e6ef1000.video: Device registered as video1
[    2.736259] rcar-vin e6ef2000.video: Device registered as video2
[    2.742404] rcar-vin e6ef3000.video: Device registered as video3
[    2.748472] rcar-vin e6ef4000.video: Device registered as video4
[    2.754548] rcar-vin e6ef5000.video: Device registered as video5
[    2.760635] rcar-vin e6ef6000.video: Device registered as video6
[    2.766708] rcar-vin e6ef7000.video: Device registered as video7
[    2.775379] rcar_gen3_thermal e6198000.thermal: is using pseudo fixed FUSE values
[    2.787545] rcar_gen3_thermal e6198000.thermal: TSC0: Loaded 1 trip points
[    2.798805] rcar_gen3_thermal e6198000.thermal: TSC1: Loaded 1 trip points
[    2.809965] rcar_gen3_thermal e6198000.thermal: TSC2: Loaded 3 trip points
[    2.821979] sdhci: Secure Digital Host Controller Interface driver
[    2.828171] sdhci: Copyright(c) Pierre Ossman
[    2.833336] Synopsys Designware Multimedia Card Interface Driver
[    2.833665] renesas_sdhi_internal_dmac ee140000.mmc: Adding to iommu group 0
[    2.833678] renesas_sdhi_internal_dmac ee100000.mmc: Got CD GPIO
[    2.833697] renesas_sdhi_internal_dmac ee100000.mmc: Got WP GPIO
[    2.834001] renesas_sdhi_internal_dmac ee160000.mmc: Got CD GPIO
[    2.834029] renesas_sdhi_internal_dmac ee160000.mmc: Got WP GPIO
[    2.840686] sdhci-pltfm: SDHCI platform and OF driver helper
[    2.846486] renesas_sdhi_internal_dmac ee140000.mmc: Using IPMMU context 1
[    2.883257] ledtrig-cpu: registered to indicate activity on CPUs
[    2.890319] SMCCC: SOC_ID: ARCH_SOC_ID not implemented, skipping ....
[    2.897347] usbcore: registered new interface driver usbhid
[    2.902926] usbhid: USB HID core driver
[    2.910560] optee: probing for conduit method.
[    2.915026] optee: revision 3.22 (314ecf9d)
[    2.915300] optee driver R-Car Rev.1.0.11
[    2.923821] optee: dynamic shared memory is enabled
[    2.928964] optee: initialized driver
[    2.936444] renesas_sdhi_internal_dmac ee140000.mmc: mmc0 base at 0x00000000ee140000, max clock rate 200 MHz
[    2.947110] rcar_sound ec500000.sound: probed
[    2.952192] NET: Registered protocol family 17
[    2.956753] 9pnet: Installing 9P2000 support
[    2.961071] Key type dns_resolver registered
[    2.965713] registered taskstats version 1
[    2.969824] Loading compiled-in X.509 certificates
[    2.984477] thermal emergency: set temperature to 110 celsius
[    2.990420] thermal emergency: shutdown target cpus 1-7
[    2.995648] thermal emergency: freq scaled target cpus 0
[    3.001343] renesas_irqc e61c0000.interrupt-controller: driving 6 irqs
[    3.016880] mmc0: new HS400 MMC card at address 0001
[    3.022476] mmcblk0: mmc0:0001 BGSD3R 29.1 GiB 
[    3.027395] mmcblk0boot0: mmc0:0001 BGSD3R partition 1 16.0 MiB
[    3.033696] mmcblk0boot1: mmc0:0001 BGSD3R partition 2 16.0 MiB
[    3.039737] mmcblk0rpmb: mmc0:0001 BGSD3R partition 3 4.00 MiB, chardev (509:0)
[    3.045936] ehci-platform ee080100.usb: EHCI Host Controller
[    3.048570]  mmcblk0: p1
[    3.052759] ehci-platform ee080100.usb: new USB bus registered, assigned bus number 9
[    3.063155] ehci-platform ee080100.usb: irq 174, io mem 0xee080100
[    3.081919] ehci-platform ee080100.usb: USB 2.0 started, EHCI 1.10
[    3.088589] hub 9-0:1.0: USB hub found
[    3.092365] hub 9-0:1.0: 1 port detected
[    3.097863] ohci-platform ee080000.usb: Generic Platform OHCI controller
[    3.104593] ohci-platform ee080000.usb: new USB bus registered, assigned bus number 10
[    3.112576] ohci-platform ee080000.usb: irq 174, io mem 0xee080000
[    3.208510] hub 10-0:1.0: USB hub found
[    3.212369] hub 10-0:1.0: 1 port detected
[    3.217697] cpu cpu0: EM: created perf domain
[    3.222627] cpu cpu4: EM: created perf domain
[    3.231860] renesas_sdhi_internal_dmac ee100000.mmc: Got CD GPIO
[    3.232874] renesas_sdhi_internal_dmac ee160000.mmc: Got CD GPIO
[    3.234880] [drm] Initialized rcar-du 1.0.0 20130110 for feb00000.display on minor 0
[    3.234883] [drm] Device feb00000.display probed
[    3.237948] renesas_sdhi_internal_dmac ee100000.mmc: Got WP GPIO
[    3.243964] renesas_sdhi_internal_dmac ee160000.mmc: Got WP GPIO
[    3.301081] renesas_sdhi_internal_dmac ee100000.mmc: mmc1 base at 0x00000000ee100000, max clock rate 200 MHz
[    3.307933] Console: switching to colour frame buffer device 128x48
[    3.316030] renesas_sdhi_internal_dmac ee160000.mmc: mmc2 base at 0x00000000ee160000, max clock rate 200 MHz
[    3.348241] rcar-du feb00000.display: [drm] fb0: rcar-dudrmfb frame buffer device
[    3.360620] input: keys as /devices/platform/keys/input/input0
[    3.441391] Micrel KSZ9031 Gigabit PHY e6800000.ethernet-ffffffff:00: attached PHY driver [Micrel KSZ9031 Gigabit PHY] (mii_bus:phy_addr=e6800000.ethernet-ffffffff:00, irq=183)
[    3.520479] scsi 1:0:0:0: Direct-Access     Lexar    JD Secure II +   1100 PQ: 0 ANSI: 0 CCS
[    3.643054] sd 1:0:0:0: [sda] 1966080 512-byte logical blocks: (1.01 GB/960 MiB)
[    3.651875] sd 1:0:0:0: [sda] Write Protect is off
[    3.658120] sd 1:0:0:0: [sda] No Caching mode page found
[    3.663575] sd 1:0:0:0: [sda] Assuming drive cache: write through
[    3.680751]  sda: sda1
[    3.688628] sd 1:0:0:0: [sda] Attached SCSI removable disk
[   10.009599] ravb e6800000.ethernet eth0: Link is Up - 1Gbps/Full - flow control off
[   10.033950] IP-Config: Guessing netmask 255.255.255.0
[   10.039111] IP-Config: Complete:
[   10.042422]      device=eth0, hwaddr=2e:09:0a:02:ec:37, ipaddr=192.168.10.167, mask=255.255.255.0, gw=255.255.255.255
[   10.053231]      host=192.168.10.167, domain=, nis-domain=(none)
[   10.063239]      bootserver=255.255.255.255, rootserver=192.168.10.99, rootpath=
[   10.063884] ALSA device list:
[   10.081365]   No soundcards found.
[   11.126356] VFS: Mounted root (nfs4 filesystem) on device 0:22.
[   11.137242] devtmpfs: mounted
[   11.147780] Freeing unused kernel memory: 6144K
[   11.174058] Run /sbin/init as init process
[   11.352003] systemd[1]: System time before build time, advancing clock.
[   11.714820] NET: Registered protocol family 10
[   11.720850] Segment Routing with IPv6
[   11.741688] systemd[1]: systemd 244 running in system mode. (+PAM -AUDIT -SELINUX +IMA -APPARMOR -SMACK +SYSVINIT +UTMP -LIBCRYPTSETUP -GCRYPT -GNUTLS +ACL +XZ -LZ4 -SECCOMP +BLKID -ELFUTILS +KMOD -IDN2 -IDN -PCRE2 default-hierarchy=hybrid)
[   11.766002] systemd[1]: Detected architecture arm64.

Welcome to [1mPoky (Yocto Project Reference Distro) 3.1.11 (dunfell)[0m!

[   11.795852] systemd[1]: Set hostname to <salvator-x>.
[   12.537971] random: crng init done
[   12.563976] systemd[1]: system-getty.slice: unit configures an IP firewall, but the local system does not support BPF/cgroup firewalling.
[   12.585310] systemd[1]: (This warning is only shown for the first unit using IP firewalling.)
[   12.600512] systemd[1]: Created slice system-getty.slice.
[[0;32m  OK  [0m] Created slice [0;1;39msystem-getty.slice[0m.
[   12.631160] systemd[1]: Created slice system-serial\x2dgetty.slice.
[[0;32m  OK  [0m] Created slice [0;1;39msystem-serial\x2dgetty.slice[0m.
[   12.655162] systemd[1]: Created slice User and Session Slice.
[[0;32m  OK  [0m] Created slice [0;1;39mUser and Session Slice[0m.
[   12.678441] systemd[1]: Started Dispatch Password Requests to Console Directory Watch.
[[0;32m  OK  [0m] Started [0;1;39mDispatch Password â€¦ts to Console Directory Watch[0m.
[   12.706331] systemd[1]: Started Forward Password Requests to Wall Directory Watch.
[[0;32m  OK  [0m] Started [0;1;39mForward Password Râ€¦uests to Wall Directory Watch[0m.
[   12.734186] systemd[1]: Reached target Paths.
[[0;32m  OK  [0m] Reached target [0;1;39mPaths[0m.
[   12.758079] systemd[1]: Reached target Remote File Systems.
[[0;32m  OK  [0m] Reached target [0;1;39mRemote File Systems[0m.
[   12.782050] systemd[1]: Reached target Slices.
[[0;32m  OK  [0m] Reached target [0;1;39mSlices[0m.
[   12.806073] systemd[1]: Reached target Swap.
[[0;32m  OK  [0m] Reached target [0;1;39mSwap[0m.
[   12.833280] systemd[1]: Listening on RPCbind Server Activation Socket.
[[0;32m  OK  [0m] Listening on [0;1;39mRPCbind Server Activation Socket[0m.
[   12.862144] systemd[1]: Reached target RPC Port Mapper.
[[0;32m  OK  [0m] Reached target [0;1;39mRPC Port Mapper[0m.
[   12.886471] systemd[1]: Listening on initctl Compatibility Named Pipe.
[[0;32m  OK  [0m] Listening on [0;1;39minitctl Compatibility Named Pipe[0m.
[   12.916282] systemd[1]: Listening on Journal Audit Socket.
[[0;32m  OK  [0m] Listening on [0;1;39mJournal Audit Socket[0m.
[   12.944020] systemd[1]: Listening on Journal Socket (/dev/log).
[[0;32m  OK  [0m] Listening on [0;1;39mJournal Socket (/dev/log)[0m.
[   12.970764] systemd[1]: Listening on Journal Socket.
[[0;32m  OK  [0m] Listening on [0;1;39mJournal Socket[0m.
[   12.996131] systemd[1]: Listening on Network Service Netlink Socket.
[[0;32m  OK  [0m] Listening on [0;1;39mNetwork Service Netlink Socket[0m.
[   13.024590] systemd[1]: Listening on udev Control Socket.
[[0;32m  OK  [0m] Listening on [0;1;39mudev Control Socket[0m.
[   13.050598] systemd[1]: Listening on udev Kernel Socket.
[[0;32m  OK  [0m] Listening on [0;1;39mudev Kernel Socket[0m.
[   13.079515] systemd[1]: Mounting Huge Pages File System...
         Mounting [0;1;39mHuge Pages File System[0m...
[   13.107382] systemd[1]: Mounting POSIX Message Queue File System...
         Mounting [0;1;39mPOSIX Message Queue File System[0m...
[   13.139209] systemd[1]: Mounting Kernel Debug File System...
         Mounting [0;1;39mKernel Debug File System[0m...
[   13.170629] systemd[1]: Mounting Temporary Directory (/tmp)...
         Mounting [0;1;39mTemporary Directory (/tmp)[0m...
[   13.200192] systemd[1]: Starting Create list of static device nodes for the current kernel...
         Starting [0;1;39mCreate list of stâ€¦odes for the current kernel[0m...
[   13.235150] systemd[1]: Starting Start psplash boot splash screen...
         Starting [0;1;39mStart psplash boot splash screen[0m...
[   13.268624] systemd[1]: Starting RPC Bind...
         Starting [0;1;39mRPC Bind[0m...
[   13.294982] systemd[1]: Condition check resulted in File System Check on Root Device being skipped.
[   13.309277] systemd[1]: Starting Journal Service...
         Starting [0;1;39mJournal Service[0m...
[   13.338050] systemd[1]: Starting Load Kernel Modules...
         Starting [0;1;39mLoad Kernel Modules[0m...
[   13.362623] systemd[1]: Starting Remount Root and Kernel File Systems...
         Starting [0;1;39mRemount Root and Kernel File Systems[0m...
[   13.390051] systemd[1]: Starting udev Coldplug all Devices...
         Starting [0;1;39mudev Coldplug all Devices[0m...
[   13.413321] systemd[1]: Started Start psplash boot splash screen.
[[0;32m  OK  [0m] Started [0;1;39mStart psplash boot splash screen[0m.
[   13.438461] systemd[1]: Started RPC Bind.
[[0;32m  OK  [0m] Started [0;1;39mRPC Bind[0m.
[   13.458785] systemd[1]: Started Journal Service.
[[0;32m  OK  [0m] Started [0;1;39mJournal Service[0m.
[[0;32m  OK  [0m] Mounted [0;1;39mHuge Pages File System[0m.
[[0;32m  OK  [0m] Mounted [0;1;39mPOSIX Message Queue File System[0m.
[[0;32m  OK  [0m] Mounted [0;1;39mKernel Debug File System[0m.
[[0;32m  OK  [0m] Mounted [0;1;39mTemporary Directory (/tmp)[0m.
[[0;32m  OK  [0m] Started [0;1;39mCreate list of staâ€¦ nodes for the current kernel[0m.
[[0;32m  OK  [0m] Started [0;1;39mLoad Kernel Modules[0m.
[[0;32m  OK  [0m] Started [0;1;39mRemount Root and Kernel File Systems[0m.
         Mounting [0;1;39mKernel Configuration File System[0m...
[[0;32m  OK  [0m] Started [0;1;39mStart psplash-systâ€¦progress communication helper[0m.
         Starting [0;1;39mFlush Journal to Persistent Storage[0m...
         Starting [0;1;39mApply Kernel Variables[0m...
[   13.681351] systemd-journald[362]: Received client request to flush runtime journal.
         Starting [0;1;39mCreate Static Device Nodes in /dev[0m...
[[0;32m  OK  [0m] Mounted [0;1;39mKernel Configuration File System[0m.
[[0;32m  OK  [0m] Started [0;1;39mFlush Journal to Persistent Storage[0m.
[[0;32m  OK  [0m] Started [0;1;39mApply Kernel Variables[0m.
[[0;32m  OK  [0m] Started [0;1;39mCreate Static Device Nodes in /dev[0m.
[[0;32m  OK  [0m] Reached target [0;1;39mLocal File Systems (Pre)[0m.
         Mounting [0;1;39m/var/volatile[0m...
         Starting [0;1;39mudev Kernel Device Manager[0m...
[[0;32m  OK  [0m] Started [0;1;39mudev Coldplug all Devices[0m.
[[0;32m  OK  [0m] Mounted [0;1;39m/var/volatile[0m.
         Starting [0;1;39mLoad/Save Random Seed[0m...
[[0;32m  OK  [0m] Reached target [0;1;39mLocal File Systems[0m.
         Starting [0;1;39mCreate Volatile Files and Directories[0m...
[[0;32m  OK  [0m] Started [0;1;39mLoad/Save Random Seed[0m.
[[0;32m  OK  [0m] Started [0;1;39mudev Kernel Device Manager[0m.
         Starting [0;1;39mNetwork Service[0m...
[[0;32m  OK  [0m] Started [0;1;39mCreate Volatile Files and Directories[0m.
         Starting [0;1;39mNetwork Time Synchronization[0m...
         Starting [0;1;39mUpdate UTMP about System Boot/Shutdown[0m...
[[0;32m  OK  [0m] Started [0;1;39mNetwork Service[0m.
         Starting [0;1;39mNetwork Name Resolution[0m...
[[0;32m  OK  [0m] Started [0;1;39mUpdate UTMP about System Boot/Shutdown[0m.
[[0;32m  OK  [0m] Started [0;1;39mNetwork Time Synchronization[0m.
[   14.217632] pwm-backlight: probe of backlight failed with error -16
[[0;32m  OK  [0m] Reached target [0;1;39mSystem Initialization[0m.
[[0;32m  OK  [0m] Star[   14.276607] at24 7-0050: supply vcc not found, using dummy regulator
ted [0;1;39mDaily Clean[   14.284980] at24 7-0050: 128 byte br24t01 EEPROM, writable, 8 bytes/write
up of Temporary Directories[0m.
[[0;32m  OK  [0m] Reached target [0;1;39mSystem Time Set[0m.
[[0;32m  OK  [0m] Reached target [0;1;39mSystem Time Synchronized[0m.
[[0;32m  OK  [0m] Reached target [0;1;39mTimers[0m.
[[0;32m  OK  [0m] Listening on [0;1;39mAvahi mDNS/DNS-SD Stack Activation Socket[0m.
[[0;32m  OK  [0m] Listening on [0;1;39mD-Bus System Message Bus Socket[0m.
[   14.396246] ccree e6601000.crypto: ARM CryptoCell 630P Driver: HW version 0xAF400001/0xDCC63000, Driver version 5.0
[[0;32m  OK  [0m] Listening on [0;1;39mdropbear.socket[0m.
[   14.420841] renesas_usb3 ee020000.usb: probed with phy
[   14.422220] ccree e6601000.crypto: ARM ccree device initialized
[[0;32m  OK  [0m] Reached target [0;1;39mSockets[0m.
[[0;32m  OK  [0m] Reached target [0;1;39mBasic System[0m.
[[0;32m  OK  [0m] Started [0;1;39mD-Bus System Message Bus[0m.
[[0;32m  OK  [0m] Started [0;1;39moptee services[0m.
         Starting [0;1;39mpvrinit.service[0m...
         Starting [0;1;39mPowerVR consumer services[0m...
         Starting [0;1;39mLogin Service[0m...
[[0;32m  OK  [0m] Started [0;1;39mNetwork Name Resolution[0m.
[[0;1;31mFAILED[0m] Failed to start [0;1;39mpvrinit.service[0m.
See 'systemctl status pvrinit.service' for details.
[[0;1;31mFAILED[0m] Failed to start [0;1;39mPowerVR consumer services[0m.
See 'systemctl status rc.pvr.service' for details.
[[0;1;38;5;185mDEPEND[0m] Dependency failed for [0;1;39mWeston Wayland Compositor[0m.
[[0;32m  OK  [0m] Started [0;1;39mLogin Service[0m.
[[0;32m  OK  [0m] Created slice [0;1;39msystem-weston.slice[0m.
[[0;32m  OK  [0m] Reached target [0;1;39mNetwork[0m.
[[0;32m  OK  [0m] Reached target [0;1;39mHost and Network Name Lookups[0m.
[[0;32m  OK  [0m] Reached target [0;1;39mHardware activated USB gadget[0m.
         Starting [0;1;39mAvahi mDNS/DNS-SD Stack[0m...
         Starting [0;1;39mset_default_governor.service[0m...
         Starting [0;1;39mPermit User Sessions[0m...
[[0;32m  OK  [0m] Star[   14.970202] rd 0-7: Disabling EAS, schedutil is mandatory
ted [0;1;39mXinetd A Powerful Replacement For Inetd[0m.
[[0;32m  OK  [0m] Started [0;1;39mPermit User Sessions[0m.
[[0;32m  OK  [0m] Started [0;1;39mset_default_governor.service[0m.
[[0;32m  OK  [0m] Started [0;1;39mAvahi mDNS/DNS-SD Stack[0m.
[[0;32m  OK  [0m] Started [0;1;39mGetty on tty1[0m.
[[0;32m  OK  [0m] Started [0;1;39mSerial Getty on ttySC0[0m.
[[0;32m  OK  [0m] Reached target [0;1;39mLogin Prompts[0m.
[[0;32m  OK  [0m] Reached target [0;1;39mMulti-User System[0m.
         Starting [0;1;39mUpdate UTMP about System Runlevel Changes[0m...
[[0;32m  OK  [0m] Started [0;1;39mUpdate UTMP about System Runlevel Changes[0m.

Poky (Yocto Project Reference Distro) 3.1.11 salvator-x ttySC0

salvator-x login: 
salvator-x login: root
[   17.005370] audit: type=1006 audit(1703064537.648:2): pid=540 uid=0 old-auid=4294967295 auid=0 tty=(none) old-ses=4294967295 ses=1 res=1
7[r[999;999H[6n8root@salvator-x:~# 
root@salvator-x:~# 
root@salvator-x:~# 
root@salvator-x:~# 
root@salvator-x:~# 
root@salvator-x:~# 
root@salvator-x:~# 
root@salvator-x:~# 
root@salvator-x:~# 
----------Prepare----------


root@salvator-x:~# find /sys/devices/platform/soc/ee0e0100.usb/ -name 'sd*'
/sys/devices/platform/soc/ee0e0100.usb/usb3/3-1/3-1:1.0/host1/target1:0:0/1:0:0:0/block/sda
/sys/devices/platform/soc/ee0e0100.usb/usb3/3-1/3-1:1.0/host1/target1:0:0/1:0:0:0/block/sda/sda1
root@salvator-x:~# 
root@salvator-x:~# dd if=/dev/urandom of=testdata bs=10M count=1
1+0 records in
1+0 records out
10485760 bytes (10 MB, 10 MiB) copied, 0.332277 s, 31.6 MB/s
root@salvator-x:~# 
root@salvator-x:~# mkdir -p /mnt/usb
root@salvator-x:~# 
root@salvator-x:~# mount /dev/sda1 /mnt/usb
[   28.124662] EXT4-fs (sda1): mounted filesystem with ordered data mode. Opts: (null)
root@salvator-x:~# 
root@salvator-x:~# cp testdata /mnt/usb/
root@salvator-x:~# 
root@salvator-x:~# umount /mnt/usb
root@salvator-x:~# 
root@salvator-x:~# find /sys/devices/platform/soc/ee0e0100.usb/ -name 'sd*'
/sys/devices/platform/soc/ee0e0100.usb/usb3/3-1/3-1:1.0/host1/target1:0:0/1:0:0:0/block/sda
/sys/devices/platform/soc/ee0e0100.usb/usb3/3-1/3-1:1.0/host1/target1:0:0/1:0:0:0/block/sda/sda1
root@salvator-x:~# 
root@salvator-x:~# i2cset -f -y 7 0x30 0x20 0x0f
root@salvator-x:~# 

Switch SW23 off and input 'yes' to continue:
Input 'yes' to continue: 

root@salvator-x:~# echo N > /sys/module/printk/parameters/console_suspend
root@salvator-x:~# 
root@salvator-x:~# mount /dev/sda1 /mnt/usb
[   41.663467] EXT4-fs (sda1): mounted filesystem with ordered data mode. Opts: (null)
root@salvator-x:~# [   41.950084] SDHI0 VccQ: disabling
[   41.953466] SDHI3 VccQ: disabling

root@salvator-x:~# cp /mnt/usb/testdata testdata_from_usb &
[1] 563
root@salvator-x:~# 
root@salvator-x:~# echo mem > /sys/power/state
[   43.246243] PM: suspend entry (deep)
[   43.442527] Filesystems sync: 0.192 seconds
[   43.448128] Freezing user space processes ... (elapsed 0.030 seconds) done.
[   43.485414] OOM killer disabled.
[   43.488654] Freezing remaining freezable tasks ... (elapsed 0.001 seconds) done.
[   43.899080] ravb e6800000.ethernet eth0: Link is Down
[   43.914355] Disabling non-boot CPUs ...
[   43.918816] CPU1: shutdown
[   43.921527] psci: CPU1 killed (polled 0 ms)
[   43.927400] CPU2: shutdown
[   43.930127] psci: CPU2 killed (polled 0 ms)
[   43.935635] CPU3: shutdown
[   43.938367] psci: CPU3 killed (polled 0 ms)
[   43.944241] CPU4: shutdown
[   43.946972] psci: CPU4 killed (polled 0 ms)
[   43.952573] CPU5: shutdown
[   43.955311] psci: CPU5 killed (polled 0 ms)
[   43.960703] CPU6: shutdown
[   43.963428] psci: CPU6 killed (polled 0 ms)
[   43.968939] CPU7: shutdown
[   43.971755] psci: CPU7 killed (polled 0 ms)
 
 Switch power switch: 

NOTICE:  BL2: R-Car Gen3 Initial Program Loader(CA57) Rev.4.0.0
NOTICE:  BL2: PRR is R-Car H3 Ver.3.0
NOTICE:  BL2: Board is Salvator-XS Rev.1.0
NOTICE:  BL2: Boot device is HyperFlash(160MHz)
NOTICE:  BL2: LCM state is CM
NOTICE:  AVS setting succeeded. DVFS_SetVID=0x53
NOTICE:  BL2: DDR3200(rev.0.42)
NOTICE:  BL2: [WARM_BOOT]
NOTICE:  BL2: DRAM Split is 4ch(DDR f)
NOTICE:  BL2: QoS is default setting(rev.0.11)
NOTICE:  BL2: DRAM refresh interval 1.95 usec
NOTICE:  BL2: Periodic Write DQ Training
NOTICE:  BL2: CH0: 400000000 - 47fffffff, 2 GiB
NOTICE:  BL2: CH1: 500000000 - 57fffffff, 2 GiB
NOTICE:  BL2: CH2: 600000000 - 67fffffff, 2 GiB
NOTICE:  BL2: CH3: 700000000 - 77fffffff, 2 GiB
NOTICE:  BL2: Lossy Decomp areas
NOTICE:       Entry 0: DCMPAREACRAx:0x80000540 DCMPAREACRBx:0x570
NOTICE:       Entry 1: DCMPAREACRAx:0x40000000 DCMPAREACRBx:0x0
NOTICE:       Entry 2: DCMPAREACRAx:0x20000000 DCMPAREACRBx:0x0
NOTICE:  BL2: FDT at 0xe6327f70
NOTICE:  BL2: v2.9(release):9cdb21f75
NOTICE:  BL2: Built : 05:25:39, Dec 19 2023
NOTICE:  BL2: Normal boot
[   43.977025] Enabling non-boot CPUs ...
[   43.981063] Detected PIPT I-cache on CPU1
[   43.981116] CPU1: Booted secondary processor 0x0000000001 [0x411fd073]
[   43.981617] CPU1 is up
[   43.994668] Detected PIPT I-cache on CPU2
[   43.994691] CPU2: Booted secondary processor 0x0000000002 [0x411fd073]
[   43.994964] CPU2 is up
[   44.007982] Detected PIPT I-cache on CPU3
[   44.008005] CPU3: Booted secondary processor 0x0000000003 [0x411fd073]
[   44.008290] CPU3 is up
[   44.021353] Detected VIPT I-cache on CPU4
[   44.021406] CPU4: Booted secondary processor 0x0000000100 [0x410fd034]
[   44.022322] CPU4 is up
[   44.035333] Detected VIPT I-cache on CPU5
[   44.035366] CPU5: Booted secondary processor 0x0000000101 [0x410fd034]
[   44.035945] CPU5 is up
[   44.048950] Detected VIPT I-cache on CPU6
[   44.048983] CPU6: Booted secondary processor 0x0000000102 [0x410fd034]
[   44.049568] CPU6 is up
[   44.062580] Detected VIPT I-cache on CPU7
[   44.062613] CPU7: Booted secondary processor 0x0000000103 [0x410fd034]
[   44.063332] CPU7 is up
[   44.135997] xhci-hcd ee000000.usb: xHC error in resume, USBSTS 0x401, Reinit
[   44.143061] usb usb7: root hub lost power or was reset
[   44.148185] usb usb8: root hub lost power or was reset
[   44.204986] Micrel KSZ9031 Gigabit PHY e6800000.ethernet-ffffffff:00: attached PHY driver [Micrel KSZ9031 Gigabit PHY] (mii_bus:phy_addr=e6800000.ethernet-ffffffff:00, irq=183)
[   44.319992] usb usb4: root hub lost power or was reset
[   44.325287] usb usb1: root hub lost power or was reset
[   44.411893] usb usb5: root hub lost power or was reset
[   44.417059] usb usb2: root hub lost power or was reset
[   44.503979] usb usb6: root hub lost power or was reset
[   44.509263] usb usb3: root hub lost power or was reset
[   44.623979] usb usb10: root hub lost power or was reset
[   44.629234] usb usb9: root hub lost power or was reset
[   44.641969] ata1: link resume succeeded after 1 retries
[   44.753481] ata1: SATA link down (SStatus 0 SControl 300)
[   44.753893] usb 3-1: reset high-speed USB device number 2 using ehci-platform
[   44.932700] OOM killer enabled.
[   44.936569] Restarting tasks ... done.
root@salvator-x:~# [   44.942221] PM: suspend exit
[   52.285971] ravb e6800000.ethernet eth0: Link is Up - 1Gbps/Full - flow control off

[1]+  Done                    cp /mnt/usb/testdata testdata_from_usb
root@salvator-x:~# echo "Wake up sucessfully"
Wake up sucessfully
root@salvator-x:~# 
root@salvator-x:~# wait
root@salvator-x:~# 
root@salvator-x:~# sync
root@salvator-x:~# 
root@salvator-x:~# cmp testdata testdata_from_usb
root@salvator-x:~# 
root@salvator-x:~# umount /mnt/usb
root@salvator-x:~# 
 
#### Result: OK ####
