
------------ BOARD -------------


Please press switch to restart board 

[F 00:00:10
NOTICE:  BL2: R-Car Gen3 Initial Program Loader(CA57) Rev.3.0.3
NOTICE:  BL2: PRR is R-Car H3 Ver.3.0
NOTICE:  BL2: Board is Salvator-XS Rev.1.1
NOTICE:  BL2: Boot device is HyperFlash(160MHz)
NOTICE:  BL2: LCM state is CM
NOTICE:  AVS setting succeeded. DVFS_SetVID=0x53
NOTICE:  BL2: DDR3200(rev.0.41)
NOTICE:  BL2: [COLD_BOOT]
NOTICE:  BL2: DRAM Split is 4ch(DDR f)
NOTICE:  BL2: QoS is default setting(rev.0.11)
NOTICE:  BL2: DRAM refresh interval 1.95 usec
NOTICE:  BL2: Periodic Write DQ Training
NOTICE:  BL2: CH0: 400000000 - 47fffffff, 2 GiB
NOTICE:  BL2: CH1: 500000000 - 57fffffff, 2 GiB
NOTICE:  BL2: CH2: 600000000 - 67fffffff, 2 GiB
NOTICE:  BL2: CH3: 700000000 - 77fffffff, 2 GiB
NOTICE:  BL2: FDT at 0xe632cdf0
NOTICE:  BL2: v2.9(release):v2.9.0
NOTICE:  BL2: Built : 08:54:53, Dec 14 2023
NOTICE:  BL2: Normal boot
NOTICE:  BL2: dst=0xe632a700 src=0x8180000 len=512(0x200)
NOTICE:  BL2: dst=0x43f00000 src=0x8180400 len=6144(0x1800)
NOTICE:  rcar_file_len: len: 0x0003e000
NOTICE:  BL2: dst=0x44000000 src=0x81c0000 len=253952(0x3e000)
NOTICE:  rcar_file_len: len: 0x00200000
NOTICE:  BL2: dst=0x44100000 src=0x8200000 len=2097152(0x200000)
NOTICE:  rcar_file_len: len: 0x00100000
NOTICE:  BL2: dst=0x50000000 src=0x8640000 len=1048576(0x100000)
NOTICE:  BL2: Booting BL31


U-Boot 2023.04 (Dec 14 2023 - 08:54:38 +0000)

CPU:   Renesas Electronics R8A7795 rev 3.0
Model: Renesas Salvator-XS board rev 1.1
DRAM:  1.9 GiB (effective 7.9 GiB)
Core:  83 devices, 21 uclasses, devicetree: fit
Flash: 0 Bytes
MMC:   mmc@ee100000: 0, mmc@ee140000: 1, mmc@ee160000: 2
Loading Environment from MMC... OK
In:    serial@e6e88000
Out:   serial@e6e88000
Err:   serial@e6e88000
Net:   eth0: ethernet@e6800000
Hit any key to stop autoboot:  2  1  0 
ethernet@e6800000 Waiting for PHY auto negotiation to complete............ done
Using ethernet@e6800000 device
TFTP from server 192.168.10.98; our IP address is 192.168.10.132
Filename 'thuannguyen/h3/boot/Image'.
Load address: 0x48080000
Loading: *#################################################################
	 #################################################################
	 #################################################################
	 #################################################################
	 #################################################################
	 #################################################################
	 #################################################################
	 #################################################################
	 #################################################################
	 #################################################################
	 #################################################################
	 #################################################################
	 #################################################################
	 #################################################################
	 #################################################################
	 #################################################################
	 #################################################################
	 #################################################################
	 #################################################################
	 #################################################################
	 #################################################################
	 #################################################################
	 #################################################################
	 #################################################################
	 #################################################################
	 #################################################################
	 #################################################################
	 #################################################################
	 #################################################################
	 #################################################################
	 #################################################################
	 #################################################################
	 #################################################################
	 #################################################################
	 #################################################################
	 #################################################################
	 #################################################################
	 #################################################################
	 #################################################################
	 #################################################################
	 #################################################################
	 #################################################################
	 #################################################################
	 #################################################################
	 #################################################################
	 #################################################################
	 #################################################################
	 #################################################################
	 #################################################################
	 #################################################################
	 #################################################################
	 #################################################################
	 #################################
	 5 MiB/s
done
Bytes transferred = 50092544 (2fc5a00 hex)
Using ethernet@e6800000 device
TFTP from server 192.168.10.98; our IP address is 192.168.10.132
Filename 'thuannguyen/h3/boot/r8a77951-salvator-xs.dtb'.
Load address: 0x48000000
Loading: *#######
	 5.9 MiB/s
done
Bytes transferred = 98527 (180df hex)
Moving Image from 0x48080000 to 0x48200000, end=4bcf0000
## Flattened Device Tree blob at 48000000
   Booting using the fdt blob at 0x48000000
Working FDT set to 48000000
   Loading Device Tree to 0000000057fe4000, end 0000000057fff0de ... OK
Working FDT set to 57fe4000
Overlap found: 0x500000000..0x57fffffff / 0x500000000..0x53fffffff
Overlap found: 0x600000000..0x67fffffff / 0x600000000..0x63fffffff
Overlap found: 0x700000000..0x77fffffff / 0x700000000..0x73fffffff

Starting kernel ...

[    0.000000] Booting Linux on physical CPU 0x0000000000 [0x411fd073]
[    0.000000] Linux version 6.7.0-arm64-renesas (thuan.nguyen-hong@banvien) (aarch64-poky-linux-gcc (GCC) 10.3.0, GNU ld (GNU Binutils) 2.36.1.20210703) #1 SMP PREEMPT Wed Jan 10 04:34:56 UTC 2024
[    0.000000] KASLR disabled due to lack of seed
[    0.000000] Machine model: Renesas Salvator-X 2nd version board based on r8a77951
[    0.000000] efi: UEFI not found.
[    0.000000] OF: reserved mem: 0x0000000044100000..0x0000000047dfffff (62464 KiB) nomap non-reusable optee_core@44100000
[    0.000000] OF: reserved mem: 0x0000000047e00000..0x0000000047efffff (1024 KiB) nomap non-reusable optee_shm@47e00000
[    0.000000] NUMA: No NUMA configuration found
[    0.000000] NUMA: Faking a node at [mem 0x0000000048000000-0x000000077fffffff]
[    0.000000] NUMA: NODE_DATA [mem 0x77efa4600-0x77efa6fff]
[    0.000000] Zone ranges:
[    0.000000]   DMA      [mem 0x0000000048000000-0x00000000ffffffff]
[    0.000000]   DMA32    empty
[    0.000000]   Normal   [mem 0x0000000100000000-0x000000077fffffff]
[    0.000000] Movable zone start for each node
[    0.000000] Early memory node ranges
[    0.000000]   node   0: [mem 0x0000000048000000-0x00000000bfffffff]
[    0.000000]   node   0: [mem 0x0000000500000000-0x000000057fffffff]
[    0.000000]   node   0: [mem 0x0000000600000000-0x000000067fffffff]
[    0.000000]   node   0: [mem 0x0000000700000000-0x000000077fffffff]
[    0.000000] Initmem setup node 0 [mem 0x0000000048000000-0x000000077fffffff]
[    0.000000] cma: Reserved 128 MiB at 0x00000000b8000000 on node -1
[    0.000000] psci: probing for conduit method from DT.
[    0.000000] psci: PSCIv1.1 detected in firmware.
[    0.000000] psci: Using standard PSCI v0.2 function IDs
[    0.000000] psci: Trusted OS migration not required
[    0.000000] psci: SMC Calling Convention v1.2
[    0.000000] percpu: Embedded 32 pages/cpu s91872 r8192 d31008 u131072
[    0.000000] Detected PIPT I-cache on CPU0
[    0.000000] CPU features: detected: Spectre-v2
[    0.000000] CPU features: detected: Spectre-v3a
[    0.000000] CPU features: detected: Spectre-BHB
[    0.000000] CPU features: detected: ARM erratum 1742098
[    0.000000] CPU features: detected: ARM errata 1165522, 1319367, or 1530923
[    0.000000] alternatives: applying boot alternatives
[    0.000000] Kernel command line: rw root=/dev/nfs nfsroot=192.168.10.98:/data/tftpboot/thuannguyen/h3/rootfs,nfsvers=4 ip=192.168.10.132
[    0.000000] Dentry cache hash table entries: 1048576 (order: 11, 8388608 bytes, linear)
[    0.000000] Inode-cache hash table entries: 524288 (order: 10, 4194304 bytes, linear)
[    0.000000] Fallback order for Node 0: 0 
[    0.000000] Built 1 zonelists, mobility grouping on.  Total pages: 2032128
[    0.000000] Policy zone: Normal
[    0.000000] mem auto-init: stack:off, heap alloc:off, heap free:off
[    0.000000] software IO TLB: area num 8.
[    0.000000] software IO TLB: mapped [mem 0x00000000b4000000-0x00000000b8000000] (64MB)
[    0.000000] Memory: 7840620K/8257536K available (19392K kernel code, 5846K rwdata, 12656K rodata, 10880K init, 11378K bss, 285844K reserved, 131072K cma-reserved)
[    0.000000] SLUB: HWalign=64, Order=0-3, MinObjects=0, CPUs=8, Nodes=1
[    0.000000] trace event string verifier disabled
[    0.000000] Running RCU self tests
[    0.000000] Running RCU synchronous self tests
[    0.000000] rcu: Preemptible hierarchical RCU implementation.
[    0.000000] rcu: 	RCU event tracing is enabled.
[    0.000000] rcu: 	RCU lockdep checking is enabled.
[    0.000000] 	Trampoline variant of Tasks RCU enabled.
[    0.000000] 	Tracing variant of Tasks RCU enabled.
[    0.000000] rcu: RCU calculated value of scheduler-enlistment delay is 25 jiffies.
[    0.000000] Running RCU synchronous self tests
[    0.000000] NR_IRQS: 64, nr_irqs: 64, preallocated irqs: 0
[    0.000000] GIC: Adjusting CPU interface base to 0x00000000f102f000
[    0.000000] Root IRQ handler: gic_handle_irq
[    0.000000] GIC: Using split EOI/Deactivate mode
[    0.000000] rcu: srcu_init: Setting srcu_struct sizes based on contention.
[    0.000000] arch_timer: cp15 timer(s) running at 8.32MHz (phys).
[    0.000000] clocksource: arch_sys_counter: mask: 0xffffffffffffff max_cycles: 0x1eb398c07, max_idle_ns: 440795202503 ns
[    0.000000] sched_clock: 56 bits at 8MHz, resolution 120ns, wraps every 2199023255503ns
[    0.000619] Console: colour dummy device 80x25
[    0.000656] printk: legacy console [tty0] enabled
[    0.003098] Lock dependency validator: Copyright (c) 2006 Red Hat, Inc., Ingo Molnar
[    0.003156] ... MAX_LOCKDEP_SUBCLASSES:  8
[    0.003189] ... MAX_LOCK_DEPTH:          48
[    0.003221] ... MAX_LOCKDEP_KEYS:        8192
[    0.003255] ... CLASSHASH_SIZE:          4096
[    0.003288] ... MAX_LOCKDEP_ENTRIES:     32768
[    0.003322] ... MAX_LOCKDEP_CHAINS:      65536
[    0.003355] ... CHAINHASH_SIZE:          32768
[    0.003389]  memory used by lock dependency info: 6493 kB
[    0.003428]  memory used for stack traces: 4224 kB
[    0.003463]  per task-struct memory footprint: 1920 bytes
[    0.003639] Calibrating delay loop (skipped), value calculated using timer frequency.. 16.64 BogoMIPS (lpj=33280)
[    0.003721] pid_max: default: 32768 minimum: 301
[    0.003956] LSM: initializing lsm=capability,integrity
[    0.004213] Mount-cache hash table entries: 16384 (order: 5, 131072 bytes, linear)
[    0.004302] Mountpoint-cache hash table entries: 16384 (order: 5, 131072 bytes, linear)
[    0.005847] Running RCU synchronous self tests
[    0.005908] Running RCU synchronous self tests
[    0.020334] RCU Tasks: Setting shift to 3 and lim to 1 rcu_task_cb_adjust=1.
[    0.020557] RCU Tasks Trace: Setting shift to 3 and lim to 1 rcu_task_cb_adjust=1.
[    0.020820] Running RCU Tasks wait API self tests
[    0.124446] Running RCU Tasks Trace wait API self tests
[    0.124975] rcu: Hierarchical SRCU implementation.
[    0.125020] rcu: 	Max phase no-delay instances is 1000.
[    0.127453] Detected Renesas R-Car Gen3 r8a7795 ES3.0
[    0.129800] EFI services will not be available.
[    0.130781] smp: Bringing up secondary CPUs ...
[    0.132255] Detected PIPT I-cache on CPU1
[    0.132390] CPU1: Booted secondary processor 0x0000000001 [0x411fd073]
[    0.137237] Detected PIPT I-cache on CPU2
[    0.137326] CPU2: Booted secondary processor 0x0000000002 [0x411fd073]
[    0.141309] Detected PIPT I-cache on CPU3
[    0.141399] CPU3: Booted secondary processor 0x0000000003 [0x411fd073]
[    0.142822] CPU features: detected: ARM erratum 845719
[    0.142840] Detected VIPT I-cache on CPU4
[    0.142982] CPU4: Booted secondary processor 0x0000000100 [0x410fd034]
[    0.145244] Detected VIPT I-cache on CPU5
[    0.145352] CPU5: Booted secondary processor 0x0000000101 [0x410fd034]
[    0.146693] Detected VIPT I-cache on CPU6
[    0.146801] CPU6: Booted secondary processor 0x0000000102 [0x410fd034]
[    0.148141] Detected VIPT I-cache on CPU7
[    0.148253] CPU7: Booted secondary processor 0x0000000103 [0x410fd034]
[    0.148606] smp: Brought up 1 node, 8 CPUs
[    0.149158] SMP: Total of 8 processors activated.
[    0.149197] CPU features: detected: 32-bit EL0 Support
[    0.149236] CPU features: detected: 32-bit EL1 Support
[    0.149278] CPU features: detected: CRC32 instructions
[    0.149519] CPU: All CPU(s) started at EL2
[    0.149579] alternatives: applying system-wide alternatives
[    0.152617] Callback from call_rcu_tasks_trace() invoked.
[    0.153700] devtmpfs: initialized
[    0.202062] Running RCU synchronous self tests
[    0.202167] Running RCU synchronous self tests
[    0.202396] clocksource: jiffies: mask: 0xffffffff max_cycles: 0xffffffff, max_idle_ns: 7645041785100000 ns
[    0.202488] futex hash table entries: 2048 (order: 6, 262144 bytes, linear)
[    0.205748] pinctrl core: initialized pinctrl subsystem
[    0.210136] DMI not present or invalid.
[    0.212038] NET: Registered PF_NETLINK/PF_ROUTE protocol family
[    0.214277] DMA: preallocated 1024 KiB GFP_KERNEL pool for atomic allocations
[    0.214601] DMA: preallocated 1024 KiB GFP_KERNEL|GFP_DMA pool for atomic allocations
[    0.215285] DMA: preallocated 1024 KiB GFP_KERNEL|GFP_DMA32 pool for atomic allocations
[    0.215460] audit: initializing netlink subsys (disabled)
[    0.215867] audit: type=2000 audit(0.212:1): state=initialized audit_enabled=0 res=1
[    0.218844] thermal_sys: Registered thermal governor 'step_wise'
[    0.218856] thermal_sys: Registered thermal governor 'power_allocator'
[    0.219095] cpuidle: using governor menu
[    0.219537] hw-breakpoint: found 6 breakpoint and 4 watchpoint registers.
[    0.219958] ASID allocator initialised with 65536 entries
[    0.224514] Serial: AMBA PL011 UART driver
[    0.247687] platform soc: Fixed dependency cycle(s) with /soc/interrupt-controller@f1010000
[    0.257703] platform e6060000.pinctrl: Fixed dependency cycle(s) with /soc/pinctrl@e6060000/scif_clk
[    0.258975] sh-pfc e6060000.pinctrl: r8a77951_pfc support registered
[    0.345145] platform fea80000.csi2: Fixed dependency cycle(s) with /soc/video@e6ef7000/ports/port@1/endpoint@0
[    0.345276] platform fea80000.csi2: Fixed dependency cycle(s) with /soc/video@e6ef6000/ports/port@1/endpoint@0
[    0.345394] platform fea80000.csi2: Fixed dependency cycle(s) with /soc/video@e6ef5000/ports/port@1/endpoint@0
[    0.345508] platform fea80000.csi2: Fixed dependency cycle(s) with /soc/video@e6ef4000/ports/port@1/endpoint@0
[    0.345629] platform fea80000.csi2: Fixed dependency cycle(s) with /soc/video@e6ef3000/ports/port@1/endpoint@0
[    0.345749] platform fea80000.csi2: Fixed dependency cycle(s) with /soc/video@e6ef2000/ports/port@1/endpoint@0
[    0.345871] platform fea80000.csi2: Fixed dependency cycle(s) with /soc/video@e6ef1000/ports/port@1/endpoint@0
[    0.346011] platform fea80000.csi2: Fixed dependency cycle(s) with /soc/video@e6ef0000/ports/port@1/endpoint@0
[    0.347135] platform feaa0000.csi2: Fixed dependency cycle(s) with /soc/video@e6ef3000/ports/port@1/endpoint@2
[    0.347334] platform feaa0000.csi2: Fixed dependency cycle(s) with /soc/video@e6ef2000/ports/port@1/endpoint@2
[    0.347530] platform feaa0000.csi2: Fixed dependency cycle(s) with /soc/video@e6ef1000/ports/port@1/endpoint@2
[    0.347725] platform feaa0000.csi2: Fixed dependency cycle(s) with /soc/video@e6ef0000/ports/port@1/endpoint@2
[    0.348760] platform fead0000.hdmi: Fixed dependency cycle(s) with /soc/sound@ec500000/ports/port@1/endpoint
[    0.349821] platform feae0000.hdmi: Fixed dependency cycle(s) with /soc/sound@ec500000/ports/port@2/endpoint
[    0.351042] platform feb00000.display: Fixed dependency cycle(s) with /soc/hdmi@feae0000/ports/port@0/endpoint
[    0.351202] platform feb00000.display: Fixed dependency cycle(s) with /soc/hdmi@fead0000/ports/port@0/endpoint
[    0.356005] platform hdmi0-out: Fixed dependency cycle(s) with /soc/hdmi@fead0000/ports/port@1/endpoint
[    0.356875] platform hdmi1-out: Fixed dependency cycle(s) with /soc/hdmi@feae0000/ports/port@1/endpoint
[    0.366593] platform vga-encoder: Fixed dependency cycle(s) with /vga/port/endpoint
[    0.366800] platform vga-encoder: Fixed dependency cycle(s) with /soc/display@feb00000/ports/port@0/endpoint
[    0.369127] Modules: 17680 pages in range for non-PLT usage
[    0.369137] Modules: 509200 pages in range for PLT usage
[    0.370841] HugeTLB: registered 1.00 GiB page size, pre-allocated 0 pages
[    0.370935] HugeTLB: 0 KiB vmemmap can be freed for a 1.00 GiB page
[    0.370984] HugeTLB: registered 32.0 MiB page size, pre-allocated 0 pages
[    0.371034] HugeTLB: 0 KiB vmemmap can be freed for a 32.0 MiB page
[    0.371082] HugeTLB: registered 2.00 MiB page size, pre-allocated 0 pages
[    0.371131] HugeTLB: 0 KiB vmemmap can be freed for a 2.00 MiB page
[    0.371178] HugeTLB: registered 64.0 KiB page size, pre-allocated 0 pages
[    0.371227] HugeTLB: 0 KiB vmemmap can be freed for a 64.0 KiB page
[    0.376764] ACPI: Interpreter disabled.
[    0.392538] iommu: Default domain type: Translated
[    0.392592] iommu: DMA domain TLB invalidation policy: strict mode
[    0.393598] SCSI subsystem initialized
[    0.394525] usbcore: registered new interface driver usbfs
[    0.394653] usbcore: registered new interface driver hub
[    0.394791] usbcore: registered new device driver usb
[    0.399828] i2c-sh_mobile e60b0000.i2c: I2C adapter 7, bus speed 400000 Hz
[    0.400807] mc: Linux media interface: v0.10
[    0.400961] videodev: Linux video capture interface: v2.00
[    0.401170] pps_core: LinuxPPS API ver. 1 registered
[    0.401213] pps_core: Software ver. 5.3.6 - Copyright 2005-2007 Rodolfo Giometti <giometti@linux.it>
[    0.401300] PTP clock support registered
[    0.402400] EDAC MC: Ver: 3.0.0
[    0.404475] scmi_core: SCMI protocol bus registered
[    0.408367] FPGA manager framework
[    0.408733] Advanced Linux Sound Architecture Driver Initialized.
[    0.411522] vgaarb: loaded
[    0.413530] clocksource: Switched to clocksource arch_sys_counter
[    0.414768] VFS: Disk quotas dquot_6.6.0
[    0.414876] VFS: Dquot-cache hash table entries: 512 (order 0, 4096 bytes)
[    0.415429] pnp: PnP ACPI: disabled
[    0.434787] NET: Registered PF_INET protocol family
[    0.435224] IP idents hash table entries: 131072 (order: 8, 1048576 bytes, linear)
[    0.439315] tcp_listen_portaddr_hash hash table entries: 4096 (order: 6, 294912 bytes, linear)
[    0.440065] Table-perturb hash table entries: 65536 (order: 6, 262144 bytes, linear)
[    0.440160] TCP established hash table entries: 65536 (order: 7, 524288 bytes, linear)
[    0.440613] TCP bind hash table entries: 65536 (order: 11, 9437184 bytes, vmalloc hugepage)
[    0.441716] Callback from call_rcu_tasks() invoked.
[    0.456141] TCP: Hash tables configured (established 65536 bind 65536)
[    0.456684] UDP hash table entries: 4096 (order: 7, 655360 bytes, linear)
[    0.457963] UDP-Lite hash table entries: 4096 (order: 7, 655360 bytes, linear)
[    0.459377] NET: Registered PF_UNIX/PF_LOCAL protocol family
[    0.460788] RPC: Registered named UNIX socket transport module.
[    0.460859] RPC: Registered udp transport module.
[    0.460898] RPC: Registered tcp transport module.
[    0.460937] RPC: Registered tcp-with-tls transport module.
[    0.460979] RPC: Registered tcp NFSv4.1 backchannel transport module.
[    0.461046] PCI: CLS 0 bytes, default 64
[    0.466388] kvm [1]: IPA Size Limit: 40 bits
[    0.471943] kvm [1]: vgic interrupt IRQ9
[    0.472046] kvm [1]: Hyp mode initialized successfully
[    0.476085] Initialise system trusted keyrings
[    0.476606] workingset: timestamp_bits=42 max_order=21 bucket_order=0
[    0.477488] squashfs: version 4.0 (2009/01/31) Phillip Lougher
[    0.478221] NFS: Registering the id_resolver key type
[    0.478310] Key type id_resolver registered
[    0.478362] Key type id_legacy registered
[    0.478433] nfs4filelayout_init: NFSv4 File Layout Driver Registering...
[    0.478506] nfs4flexfilelayout_init: NFSv4 Flexfile Layout Driver Registering...
[    0.478880] 9p: Installing v9fs 9p2000 file system support
[    0.508018] Key type asymmetric registered
[    0.508091] Asymmetric key parser 'x509' registered
[    0.508249] Block layer SCSI generic (bsg) driver version 0.4 loaded (major 242)
[    0.508332] io scheduler mq-deadline registered
[    0.508372] io scheduler kyber registered
[    0.508546] io scheduler bfq registered
[    0.568750] gpio_rcar e6050000.gpio: driving 16 GPIOs
[    0.569731] gpio_rcar e6051000.gpio: driving 29 GPIOs
[    0.570605] gpio_rcar e6052000.gpio: driving 15 GPIOs
[    0.571463] gpio_rcar e6053000.gpio: driving 16 GPIOs
[    0.572321] gpio_rcar e6054000.gpio: driving 18 GPIOs
[    0.573126] gpio_rcar e6055000.gpio: driving 26 GPIOs
[    0.573980] gpio_rcar e6055400.gpio: driving 32 GPIOs
[    0.574794] gpio_rcar e6055800.gpio: driving 4 GPIOs
[    0.585043] rcar-pcie fe000000.pcie: host bridge /soc/pcie@fe000000 ranges:
[    0.585184] rcar-pcie fe000000.pcie:       IO 0x00fe100000..0x00fe1fffff -> 0x0000000000
[    0.585343] rcar-pcie fe000000.pcie:      MEM 0x00fe200000..0x00fe3fffff -> 0x00fe200000
[    0.585458] rcar-pcie fe000000.pcie:      MEM 0x0030000000..0x0037ffffff -> 0x0030000000
[    0.585626] rcar-pcie fe000000.pcie:      MEM 0x0038000000..0x003fffffff -> 0x0038000000
[    0.585728] rcar-pcie fe000000.pcie:   IB MEM 0x0000000000..0x00ffffffff -> 0x0000000000
[    0.638103] rcar-pcie fe000000.pcie: PCIe link down
[    0.638686] rcar-pcie ee800000.pcie: host bridge /soc/pcie@ee800000 ranges:
[    0.638816] rcar-pcie ee800000.pcie:       IO 0x00ee900000..0x00ee9fffff -> 0x0000000000
[    0.638931] rcar-pcie ee800000.pcie:      MEM 0x00eea00000..0x00eebfffff -> 0x00eea00000
[    0.639044] rcar-pcie ee800000.pcie:      MEM 0x00c0000000..0x00c7ffffff -> 0x00c0000000
[    0.639132] rcar-pcie ee800000.pcie:      MEM 0x00c8000000..0x00cfffffff -> 0x00c8000000
[    0.639231] rcar-pcie ee800000.pcie:   IB MEM 0x0000000000..0x00ffffffff -> 0x0000000000
[    0.691596] rcar-pcie ee800000.pcie: PCIe link down
[    0.702538] EINJ: ACPI disabled.
[    0.831493] Serial: 8250/16550 driver, 2 ports, IRQ sharing enabled
[    0.843782] msm_serial: driver initialized
[    0.845218] SuperH (H)SCI(F) driver initialized
[    0.847224] e6550000.serial: ttySC1 at MMIO 0xe6550000 (irq = 28, base_baud = 0) is a hscif
[    0.849678] e6e88000.serial: ttySC0 at MMIO 0xe6e88000 (irq = 29, base_baud = 0) is a scif
[    0.849891] printk: legacy console [ttySC0] enabled
[    2.405467] STM32 USART driver initialized
[    2.446339] loop: module loaded
[    2.449973] at24 7-0050: supply vcc not found, using dummy regulator
[    2.457656] at24 7-0050: 128 byte br24t01 EEPROM, writable, 8 bytes/write
[    2.468934] megasas: 07.727.03.00-rc1
[    2.498771] tun: Universal TUN/TAP device driver, 1.6
[    2.507447] thunder_xcv, ver 1.0
[    2.510808] thunder_bgx, ver 1.0
[    2.514134] nicpf, ver 1.0
[    2.521767] hns3: Hisilicon Ethernet Network Driver for Hip08 Family - version
[    2.529064] hns3: Copyright (c) 2017 Huawei Corporation.
[    2.534567] hclge is initializing
[    2.538009] e1000: Intel(R) PRO/1000 Network Driver
[    2.542944] e1000: Copyright (c) 1999-2006 Intel Corporation.
[    2.548800] e1000e: Intel(R) PRO/1000 Network Driver
[    2.553815] e1000e: Copyright(c) 1999 - 2015 Intel Corporation.
[    2.559845] igb: Intel(R) Gigabit Ethernet Network Driver
[    2.565296] igb: Copyright (c) 2007-2014 Intel Corporation.
[    2.570975] igbvf: Intel(R) Gigabit Virtual Function Network Driver
[    2.577304] igbvf: Copyright (c) 2009 - 2012 Intel Corporation.
[    2.584625] sky2: driver version 1.30
[    2.594066] VFIO - User Level meta-driver version: 0.3
[    2.608125] ehci-platform ee0c0100.usb: EHCI Host Controller
[    2.608125] ehci-platform ee0a0100.usb: EHCI Host Controller
[    2.608405] ehci-platform ee0c0100.usb: new USB bus registered, assigned bus number 1
[    2.609423] ohci-platform ee0c0000.usb: Generic Platform OHCI controller
[    2.609452] ohci-platform ee0c0000.usb: new USB bus registered, assigned bus number 2
[    2.609855] ohci-platform ee0a0000.usb: Generic Platform OHCI controller
[    2.609905] ohci-platform ee0c0000.usb: irq 31, io mem 0xee0c0000
[    2.609910] ohci-platform ee0a0000.usb: new USB bus registered, assigned bus number 3
[    2.610247] ohci-platform ee0a0000.usb: irq 30, io mem 0xee0a0000
[    2.611214] xhci-renesas-hcd ee000000.usb: xHCI Host Controller
[    2.611286] xhci-renesas-hcd ee000000.usb: new USB bus registered, assigned bus number 4
[    2.611634] xhci-renesas-hcd ee000000.usb: Direct firmware load for r8a779x_usb3_v3.dlmem failed with error -2
[    2.611706] xhci-renesas-hcd ee000000.usb: can't setup: -2
[    2.611718] xhci-renesas-hcd ee000000.usb: USB bus 4 deregistered
[    2.611800] xhci-renesas-hcd: probe of ee000000.usb failed with error -2
[    2.613170] usbcore: registered new interface driver usb-storage
[    2.613901] ehci-platform ee0a0100.usb: new USB bus registered, assigned bus number 4
[    2.619115] renesas_usbhs e659c000.usb: host probed
[    2.619159] renesas_usbhs e659c000.usb: no transceiver found
[    2.619683] renesas_usbhs e659c000.usb: gadget probed
[    2.619753] ehci-platform ee0c0100.usb: irq 31, io mem 0xee0c0100
[    2.627540] ehci-platform ee0a0100.usb: irq 30, io mem 0xee0a0100
[    2.633556] ehci-platform ee0c0100.usb: USB 2.0 started, EHCI 1.10
[    2.633773] ehci-platform ee0e0100.usb: EHCI Host Controller
[    2.634392] renesas_usbhs e659c000.usb: probed
[    2.637595] hub 1-0:1.0: USB hub found
[    2.637686] ohci-platform ee0e0000.usb: Generic Platform OHCI controller
[    2.637831] hub 1-0:1.0: 1 port detected
[    2.639882] ehci-platform ee0e0100.usb: new USB bus registered, assigned bus number 5
[    2.639926] ohci-platform ee0e0000.usb: new USB bus registered, assigned bus number 6
[    2.640007] ehci-platform ee0e0100.usb: irq 15, io mem 0xee0e0100
[    2.640204] ohci-platform ee0e0000.usb: irq 15, io mem 0xee0e0000
[    2.653577] ehci-platform ee0e0100.usb: USB 2.0 started, EHCI 1.10
[    2.657582] renesas_usb3 ee020000.usb: probed with phy
[    2.664412] hub 5-0:1.0: USB hub found
[    2.673557] ehci-platform ee0a0100.usb: USB 2.0 started, EHCI 1.10
[    2.674843] hub 5-0:1.0: 1 port detected
[    2.676434] i2c_dev: i2c /dev entries driver
[    2.685755] i2c 2-0010: Fixed dependency cycle(s) with /soc/sound@ec500000/ports/port@0/endpoint
[    2.851553] i2c 2-0010: Fixed dependency cycle(s) with /soc/sound@ec500000
[    2.859854] cs2000-cp 2-004f: operating in static mode
[    2.860624] hub 4-0:1.0: USB hub found
[    2.868973] hub 4-0:1.0: 1 port detected
[    2.875368] hub 3-0:1.0: USB hub found
[    2.879275] hub 3-0:1.0: 1 port detected
[    2.881607] cs2000-cp 2-004f: revision - C1
[    2.885457] hub 6-0:1.0: USB hub found
[    2.887625] i2c-rcar e6510000.i2c: probed
[    2.891249] hub 6-0:1.0: 1 port detected
[    2.897143] pca953x 4-0020: supply vcc not found, using dummy regulator
[    2.901218] hub 2-0:1.0: USB hub found
[    2.906334] pca953x 4-0020: using no AI
[    2.909629] hub 2-0:1.0: 1 port detected
[    2.915623] i2c 4-0070: Fixed dependency cycle(s) with /soc/csi2@fea80000/ports/port@0/endpoint
[    2.926795] i2c 4-0070: Fixed dependency cycle(s) with /soc/csi2@feaa0000/ports/port@0/endpoint
[    2.935628] i2c 4-0070: Fixed dependency cycle(s) with /hdmi-in/port/endpoint
[    2.942870] i2c 4-0070: Fixed dependency cycle(s) with /cvbs-in/port/endpoint
[    2.960449] i2c-rcar e66d8000.i2c: probed
[    2.967391] adv748x 4-0070: Endpoint /soc/i2c@e66d8000/video-receiver@70/ports/port@7/endpoint on port 7
[    2.977036] adv748x 4-0070: Endpoint /soc/i2c@e66d8000/video-receiver@70/ports/port@8/endpoint on port 8
[    2.986651] adv748x 4-0070: Endpoint /soc/i2c@e66d8000/video-receiver@70/ports/port@a/endpoint on port 10
[    2.996361] adv748x 4-0070: Endpoint /soc/i2c@e66d8000/video-receiver@70/ports/port@b/endpoint on port 11
[    3.006678] adv748x 4-0070: chip found @ 0xe0 revision 2143
[    3.060933] rcar-csi2 fea80000.csi2: 1 lanes found
[    3.067789] rcar-csi2 feaa0000.csi2: 4 lanes found
[    3.085409] rcar-vin e6ef0000.video: Device registered as video0
[    3.091837] rcar-vin e6ef1000.video: Device registered as video1
[    3.098214] rcar-vin e6ef2000.video: Device registered as video2
[    3.104592] rcar-vin e6ef3000.video: Device registered as video3
[    3.110975] rcar-vin e6ef4000.video: Device registered as video4
[    3.117339] rcar-vin e6ef5000.video: Device registered as video5
[    3.123693] rcar-vin e6ef6000.video: Device registered as video6
[    3.130074] rcar-vin e6ef7000.video: Device registered as video7
[    3.156506] rcar_gen3_thermal e6198000.thermal: Sensor 0: Loaded 1 trip points
[    3.168043] rcar_gen3_thermal e6198000.thermal: Sensor 1: Loaded 1 trip points
[    3.179892] rcar_gen3_thermal e6198000.thermal: Sensor 2: Loaded 2 trip points
[    3.207795] sdhci: Secure Digital Host Controller Interface driver
[    3.214065] sdhci: Copyright(c) Pierre Ossman
[    3.221288] Synopsys Designware Multimedia Card Interface Driver
[    3.231333] sdhci-pltfm: SDHCI platform and OF driver helper
[    3.246272] ledtrig-cpu: registered to indicate activity on CPUs
[    3.255818] SMCCC: SOC_ID: ARCH_SOC_ID not implemented, skipping ....
[    3.263779] ccree e6601000.crypto: ARM CryptoCell 630P Driver: HW version 0xAF400001/0xDCC63000, Driver version 5.0
[    3.275006] ccree e6601000.crypto: ARM ccree device initialized
[    3.284408] usbcore: registered new interface driver usbhid
[    3.290064] usbhid: USB HID core driver
[    3.327267] hw perfevents: enabled with armv8_cortex_a53 PMU driver, 7 counters available
[    3.337938] hw perfevents: enabled with armv8_cortex_a57 PMU driver, 7 counters available
[    3.353812] optee: probing for conduit method.
[    3.358335] optee: revision 3.17 (f9e55014)
[    3.359405] optee: dynamic shared memory is enabled
[    3.369172] optee: initialized driver
[    3.408820] NET: Registered PF_PACKET protocol family
[    3.413985] can: controller area network core
[    3.418519] NET: Registered PF_CAN protocol family
[    3.423575] 9pnet: Installing 9P2000 support
[    3.428051] Key type dns_resolver registered
[    3.459819] registered taskstats version 1
[    3.464492] Loading compiled-in X.509 certificates
[    3.554160] renesas_irqc e61c0000.interrupt-controller: driving 6 irqs
[    3.597864] stackdepot: allocating hash table of 524288 entries via kvcalloc
[    3.614716] rcar-dw-hdmi fead0000.hdmi: Detected HDMI TX controller v2.01a with HDCP (DWC HDMI 2.0 TX PHY)
[    3.626460] rcar-dw-hdmi fead0000.hdmi: registered DesignWare HDMI I2C bus driver
[    3.645280] rcar-dw-hdmi feae0000.hdmi: Detected HDMI TX controller v2.01a with HDCP (DWC HDMI 2.0 TX PHY)
[    3.656694] rcar-dw-hdmi feae0000.hdmi: registered DesignWare HDMI I2C bus driver
[    3.700305] renesas_usbhs e6590000.usb: host probed
[    3.705298] renesas_usbhs e6590000.usb: no transceiver found
[    3.711495] renesas_usbhs e6590000.usb: gadget probed
[    3.716890] renesas_usbhs e6590000.usb: probed
[    3.721767] ehci-platform ee080100.usb: EHCI Host Controller
[    3.725714] ohci-platform ee080000.usb: Generic Platform OHCI controller
[    3.727592] ehci-platform ee080100.usb: new USB bus registered, assigned bus number 7
[    3.734202] ohci-platform ee080000.usb: new USB bus registered, assigned bus number 8
[    3.742135] ehci-platform ee080100.usb: irq 94, io mem 0xee080100
[    3.750015] ohci-platform ee080000.usb: irq 94, io mem 0xee080000
[    3.769574] ehci-platform ee080100.usb: USB 2.0 started, EHCI 1.10
[    3.777683] hub 7-0:1.0: USB hub found
[    3.781572] hub 7-0:1.0: 1 port detected
[    3.785578] cpufreq: cpufreq_online: CPU0: Running at unlisted initial frequency: 1497600 KHz, changing to: 1500000 KHz
[    3.797430] cpu cpu0: EM: created perf domain
[    3.806904] cpufreq: cpufreq_online: CPU4: Running at unlisted initial frequency: 1198080 KHz, changing to: 1200000 KHz
[    3.818362] cpu cpu4: EM: created perf domain
[    3.853400] hub 8-0:1.0: USB hub found
[    3.857296] hub 8-0:1.0: 1 port detected
[    4.099190] input: keys as /devices/platform/keys/input/input0
[    4.219755] Trying to probe devices needed for running init ...
[   14.309022] rcar-dmac e6700000.dma-controller: deferred probe timeout, ignoring dependency
[   14.331344] rcar-dmac e7300000.dma-controller: deferred probe timeout, ignoring dependency
[   14.352713] rcar-dmac e7310000.dma-controller: deferred probe timeout, ignoring dependency
[   14.374971] rcar-dmac ec700000.dma-controller: deferred probe timeout, ignoring dependency
[   14.396675] rcar-dmac ec720000.dma-controller: deferred probe timeout, ignoring dependency
[   14.426932] sata_rcar ee300000.sata: deferred probe timeout, ignoring dependency
[   14.437696] scsi host0: sata_rcar
[   14.441794] ata1: SATA max UDMA/133 irq 186 lpm-pol 0
[   14.451077] ravb e6800000.ethernet: deferred probe timeout, ignoring dependency
[   14.467601] ravb e6800000.ethernet eth0: Base address at 0xe6800000, 2e:09:0a:06:d4:ee, IRQ 187.
[   14.503784] rcar-fcp fe950000.fcp: deferred probe timeout, ignoring dependency
[   14.513740] rcar-fcp fe951000.fcp: deferred probe timeout, ignoring dependency
[   14.523642] rcar-fcp fe96f000.fcp: deferred probe timeout, ignoring dependency
[   14.533546] rcar-fcp fe92f000.fcp: deferred probe timeout, ignoring dependency
[   14.543367] rcar-fcp fe9af000.fcp: deferred probe timeout, ignoring dependency
[   14.553202] rcar-fcp fe9bf000.fcp: deferred probe timeout, ignoring dependency
[   14.563014] rcar-fcp fea27000.fcp: deferred probe timeout, ignoring dependency
[   14.572724] rcar-fcp fea2f000.fcp: deferred probe timeout, ignoring dependency
[   14.582476] rcar-fcp fea37000.fcp: deferred probe timeout, ignoring dependency
[   14.593160] rcar_fdp1 fe940000.fdp1: Device registered as /dev/video8
[   14.603402] rcar_fdp1 fe944000.fdp1: Device registered as /dev/video9
[   14.616717] renesas_sdhi_internal_dmac ee100000.mmc: deferred probe timeout, ignoring dependency
[   14.625714] renesas_sdhi_internal_dmac ee160000.mmc: deferred probe timeout, ignoring dependency
[   14.626295] renesas_sdhi_internal_dmac ee100000.mmc: Got CD GPIO
[   14.634541] renesas_sdhi_internal_dmac ee140000.mmc: deferred probe timeout, ignoring dependency
[   14.635089] renesas_sdhi_internal_dmac ee160000.mmc: Got CD GPIO
[   14.635172] renesas_sdhi_internal_dmac ee160000.mmc: Got WP GPIO
[   14.640644] renesas_sdhi_internal_dmac ee100000.mmc: Got WP GPIO
[   14.674315] rcar_sound ec500000.sound: probed
[   14.686956] renesas_sdhi_internal_dmac ee160000.mmc: mmc2 base at 0x00000000ee160000, max clock rate 200 MHz
[   14.697699] renesas_sdhi_internal_dmac ee140000.mmc: mmc0 base at 0x00000000ee140000, max clock rate 200 MHz
[   14.721418] renesas_sdhi_internal_dmac ee100000.mmc: mmc1 base at 0x00000000ee100000, max clock rate 200 MHz
[   14.770060] mmc0: new HS400 MMC card at address 0001
[   14.777702] mmcblk0: mmc0:0001 BGSD4R 29.1 GiB
[   14.788872]  mmcblk0: p1 p2
[   14.791036] hdmi-audio-codec hdmi-audio-codec.4.auto: ASoC: sink widget TX overwritten
[   14.793420] mmcblk0boot0: mmc0:0001 BGSD4R 31.9 MiB
[   14.799704] hdmi-audio-codec hdmi-audio-codec.4.auto: ASoC: sink widget Capture overwritten
[   14.807746] mmcblk0boot1: mmc0:0001 BGSD4R 31.9 MiB
[   14.812957] hdmi-audio-codec hdmi-audio-codec.4.auto: ASoC: source widget RX overwritten
[   14.829770] mmcblk0rpmb: mmc0:0001 BGSD4R 4.00 MiB, chardev (509:0)
[   14.847775] [drm] Initialized rcar-du 1.0.0 20130110 for feb00000.display on minor 0
[   14.855638] rcar-du feb00000.display: [drm] Device feb00000.display probed
[   14.861715] ata1: link resume succeeded after 1 retries
[   14.911889] Console: switching to colour frame buffer device 128x48
[   14.939792] rcar-du feb00000.display: [drm] fb0: rcar-dudrmfb frame buffer device
[   14.970296] ata1: SATA link down (SStatus 0 SControl 300)
[   15.053107] Micrel KSZ9031 Gigabit PHY e6800000.ethernet-ffffffff:00: attached PHY driver (mii_bus:phy_addr=e6800000.ethernet-ffffffff:00, irq=193)
[   22.258383] ravb e6800000.ethernet eth0: Link is Up - 1Gbps/Full - flow control off
[   22.289562] IP-Config: Guessing netmask 255.255.255.0
[   22.294860] IP-Config: Complete:
[   22.298293]      device=eth0, hwaddr=2e:09:0a:06:d4:ee, ipaddr=192.168.10.132, mask=255.255.255.0, gw=255.255.255.255
[   22.309115]      host=192.168.10.132, domain=, nis-domain=(none)
[   22.315469]      bootserver=255.255.255.255, rootserver=192.168.10.98, rootpath=
[   22.317716] clk: Disabling unused clocks
[   22.330218] ALSA device list:
[   22.333503]   #0: rcar-sound
[   23.404280] VFS: Mounted root (nfs4 filesystem) on device 0:24.
[   23.411158] devtmpfs: mounted
[   23.420434] Freeing unused kernel memory: 10880K
[   23.429790] Run /sbin/init as init process
[   23.788878] systemd[1]: System time before build time, advancing clock.
[   23.905090] systemd[1]: systemd 234 running in system mode. (+PAM -AUDIT -SELINUX +IMA -APPARMOR +SMACK +SYSVINIT +UTMP -LIBCRYPTSETUP -GCRYPT -GNUTLS +ACL +XZ -LZ4 -SECCOMP +BLKID -ELFUTILS +KMOD -IDN2 -IDN default-hierarchy=hybrid)
[   23.931120] systemd[1]: Detected architecture arm64.

Welcome to [1mPoky (Yocto Project Reference Distro) 2.4.1 (rocko)[0m!

[   23.969081] systemd[1]: Set hostname to <salvator-x>.
[   26.734892] random: crng init done
[   26.742927] systemd[1]: Reached target Remote File Systems.
[[0;32m  OK  [0m] Reached target Remote File Systems.
[   26.771513] systemd[1]: Created slice User and Session Slice.
[[0;32m  OK  [0m] Created slice User and Session Slice.
[   26.794335] systemd[1]: Listening on Journal Audit Socket.
[[0;32m  OK  [0m] Listening on Journal Audit Socket.
[   26.820113] systemd[1]: Listening on /dev/initctl Compatibility Named Pipe.
[[0;32m  OK  [0m] Listening on /dev/initctl Compatibility Named Pipe.
[   26.845766] systemd[1]: Reached target Swap.
[[0;32m  OK  [0m] Reached target Swap.
[   26.867837] systemd[1]: Listening on Journal Socket.
[[0;32m  OK  [0m] Listening on Journal Socket.
[   26.890230] systemd[1]: Listening on Network Service Netlink Socket.
[[0;32m  OK  [0m] Listening on Network Service Netlink Socket.
[[0;32m  OK  [0m] Created slice System Slice.
         Mounting Huge Pages File System...
         Starting Create list of required stâ€¦ce nodes for the current kernel...
         Mounting POSIX Message Queue File System...
         Starting Apply Kernel Variables...
         Mounting Kernel Configuration File System...
[[0;32m  OK  [0m] Started Dispatch Password Requests to Console Directory Watch.
[[0;32m  OK  [0m] Created slice system-getty.slice.
[[0;32m  OK  [0m] Created slice system-serial\x2dgetty.slice.
[[0;32m  OK  [0m] Listening on udev Control Socket.
[[0;32m  OK  [0m] Started Forward Password Requests to Wall Directory Watch.
[[0;32m  OK  [0m] Reached target Paths.
         Mounting Temporary Directory (/tmp)...
[[0;32m  OK  [0m] Listening on udev Kernel Socket.
         Mounting Kernel Debug File System...
[[0;32m  OK  [0m] Reached target Slices.
[[0;32m  OK  [0m] Listening on Journal Socket (/dev/log).
         Starting Journal Service...
         Starting Remount Root and Kernel File Systems...
[[0;32m  OK  [0m] Mounted Kernel Debug File System.
[[0;32m  OK  [0m] Mounted Kernel Configuration File System.
[[0;32m  OK  [0m] Mounted POSIX Message Queue File System.
[[0;32m  OK  [0m] Mounted Huge Pages File System.
[[0;32m  OK  [0m] Mounted Temporary Directory (/tmp).
[[0;32m  OK  [0m] Started Create list of required staâ€¦vice nodes for the current kernel.
[[0;32m  OK  [0m] Started Apply Kernel Variables.
[[0;32m  OK  [0m] Started Remount Root and Kernel File Systems.
         Starting udev Coldplug all Devices...
         Starting Create Static Device Nodes in /dev...
[[0;32m  OK  [0m] Started Journal Service.
         Starting Flush Journal to Persistent Storage...
[[0;32m  OK  [0m] Started Create Static Device Nodes in /dev.
[[0;32m  OK  [0m] Reached target Local File Systems (Pre).
         Mounting /var/volatile...
         Starting udev Kernel Device Manager...
[[0;32m  OK  [0m] Mounted /var/volatile.
[   27.898262] systemd-journald[269]: Received request to flush runtime journal from PID 1
         Starting Load/Save Random Seed...
[[0;32m  OK  [0m] Reached target Local File Systems.
[[0;32m  OK  [0m] Started Flush Journal to Persistent Storage.
         Starting Create Volatile Files and Directories...
[[0;32m  OK  [0m] Started udev Kernel Device Manager.
[[0;32m  OK  [0m] Started Load/Save Random Seed.
[[0;32m  OK  [0m] Started Create Volatile Files and Directories.
         Starting Update UTMP about System Boot/Shutdown...
[[0;32m  OK  [0m] Started Update UTMP about System Boot/Shutdown.
[   29.228061] module rng_core: .gnu.linkonce.this_module section size must match the kernel's built struct module size at run time
[[0;32m  OK  [0m] Started udev Coldplug all Devices.
[[0;32m  OK  [0m] Found device /dev/ttySC0.
[[0;32m  OK  [0m] Created slice system-systemd\x2dbacklight.slice.
         Starting Load/Save Screen Backlightâ€¦ightness of backlight:backlight...
[   29.855657] module crct10dif_ce: .gnu.linkonce.this_module section size must match the kernel's built struct module size at run time
[[0;32m  OK  [0m] Started Load/Save Screen Backlight Brightness of backlight:backlight.
[   29.964044] rcar_sound ec500000.sound: Can't update kctrl when idle
[[0;32m  OK  [0m] Reached target Sound Card.
[[0;32m  OK  [0m] Reached target System Initialization.
[[0;32m  OK  [0m] Listening on RPCbind Server Activation Socket.
[[0;32m  OK  [0m] Started dnf makecache timer.
[[0;32m  OK  [0m] Started dnf-automatic-notifyonly timer.
         Starting sshd.socket.
[[0;32m  OK  [0m] Listening on D-Bus System Message Bus Socket.
[[0;32m  OK  [0m] Started dnf-automatic-download timer.
         Starting Network Service...
[[0;32m  OK  [0m] Started Daily rotation of log files.
[[0;32m  OK  [0m] Started Daily Cleanup of Temporary Directories.
         Starting Console System Startup Logging...
[[0;32m  OK  [0m] Listening on Avahi mDNS/DNS-SD Stack Activation Socket.
[[0;32m  OK  [0m] Started dnf-automatic-install timer.
[[0;32m  OK  [0m] Reached target Timers.
[[0;32m  OK  [0m] Listening on sshd.socket.
[[0;32m  OK  [0m] Started Console System Startup Logging.
[[0;32m  OK  [0m] Reached target Sockets.
[[0;32m  OK  [0m] Reached target Basic System.
[[0;32m  OK  [0m] Started Periodic Command Scheduler.
[[0;32m  OK  [0m] Started optee services.
[[0;32m  OK  [0m] Reached target Containers.
         Starting Telephony service...
         Starting Avahi mDNS/DNS-SD Stack...
[[0;32m  OK  [0m] Started Job spooling tools.
         Starting bind.service...
[[0;32m  OK  [0m] Started D-Bus System Message Bus.
[[0;32m  OK  [0m] Started Avahi mDNS/DNS-SD Stack.
[[0;32m  OK  [0m] Started Telephony service.
[   31.227924] module rfkill: .gnu.linkonce.this_module section size must match the kernel's built struct module size at run time
[[0;32m  OK  [0m] Started Weston Wayland compositor.
         Starting Save/Restore Sound Card State...
         Starting Login Service...
[   31.321124] rcar_sound ec500000.sound: Can't update kctrl when idle
[[0;32m  OK  [0m] Started Network Service.
[[0;32m  OK  [0m] Started Save/Restore Sound Card State.
[[0;32m  OK  [0m] Reached target Network.
         Starting Network Name Resolution...
         Starting Berkeley Internet Name Domain (DNS)...
         Starting Permit User Sessions...
         Starting Xinetd A Powerful Replacement For Inetd...
[[0;32m  OK  [0m] Started Login Service.
[[0;32m  OK  [0m] Started Permit User Sessions.
[[0;32m  OK  [0m] Started Xinetd A Powerful Replacement For Inetd.
[[0;32m  OK  [0m] Started Network Name Resolution.
[[0;32m  OK  [0m] Started bind.service.
[[0;32m  OK  [0m] Created slice User Slice of root.
[[0;32m  OK  [0m] Started Getty on tty1.
[[0;32m  OK  [0m] Started Serial Getty on ttySC0.
[[0;32m  OK  [0m] Reached target Login Prompts.
[[0;1;31mFAILED[0m] Failed to start Berkeley Internet Name Domain (DNS).
See 'systemctl status named.service' for details.
         Starting User Manager for UID 0...
[[0;32m  OK  [0m] Reached target Host and Network Name Lookups.
[[0;32m  OK  [0m] Reached target Multi-User System.
         Starting Update UTMP ab[   31.969667] audit: type=1006 audit(1516156421.176:2): pid=483 uid=0 old-auid=4294967295 auid=0 tty=(none) old-ses=4294967295 ses=1 res=1
out System Runlevel Changes...
[   31.993740] audit: type=1300 audit(1516156421.176:2): arch=c00000b7 syscall=64 success=yes exit=1 a0=8 a1=ffffc142c6b8 a2=1 a3=0 items=0 ppid=1 pid=483 auid=0 uid=0 gid=0 euid=0 suid=0 fsuid=0 egid=0 sgid=0 fsgid=0 tty=(none) ses=1 comm="(systemd)" exe="/lib/systemd/systemd" key=(null)
[[0;32m  OK  [0m] Started Sess[   32.033922] audit: type=1327 audit(1516156421.176:2): proctitle="(systemd)"
ion c1 of user root.
[[0;32m  OK  [0m] Started Update UTMP about System Runlevel Changes.
[[0;32m  OK  [0m] Started User Manager for UID 0.

Poky (Yocto Project Reference Distro) 2.4.1 salvator-x ttySC0

salvator-x login: 
Poky (Yocto Project Reference Distro) 2.4.1 salvator-x ttySC0

salvator-x login: root
Last login: Wed Jan 17 02:33:40 UTC 2018 on tty2
7[r[999;999H[6n8root@salvator-x:~# 
root@salvator-x:~# 
root@salvator-x:~# 
root@salvator-x:~# 
root@salvator-x:~# 
root@salvator-x:~# 
root@salvator-x:~# 
root@salvator-x:~# 
root@salvator-x:~# 
root@salvator-x:~# zcat /proc/config.gz | grep SERIAL_SH_SCI_DMA
# CONFIG_SERIAL_SH_SCI_DMA is not set
root@salvator-x:~# 
root@salvator-x:~# dmesg | grep scif
[    0.257703] platform e6060000.pinctrl: Fixed dependency cycle(s) with /soc/pinctrl@e6060000/scif_clk
[    0.847224] e6550000.serial: ttySC1 at MMIO 0xe6550000 (irq = 28, base_baud = 0) is a hscif
[    0.849678] e6e88000.serial: ttySC0 at MMIO 0xe6e88000 (irq = 29, base_baud = 0) is a scif
root@salvator-x:~# 
stty -F /dev/ttyUSB2 speed 38400 cs8 -cstopb
38400

cat /dev/ttyUSB2


---------- BOARD -----------

root@salvator-x:~# stty -F /dev/ttySC1 speed 38400 cs8 -cstopb
9600
root@salvator-x:~# 
root@salvator-x:~# i2cset -f -y 7 0x30 0x20 0x0f
root@salvator-x:~# 

Switch SW23 off and input 'yes' to continue:
Input 'yes' to continue: 

root@salvator-x:~# echo N > /sys/module/printk/parameters/console_suspend
root@salvator-x:~# 
root@salvator-x:~# cat ~/file_1MB.dat > /dev/ttySC1 & echo mem > /sys/power/stat e
[1] 504
[   88.737668] PM: suspend entry (deep)
[   88.742920] Filesystems sync: 0.001 seconds
[   88.810795] Freezing user space processes
[   88.819544] Freezing user space processes completed (elapsed 0.003 seconds)
[   88.827064] OOM killer disabled.
10000110110101101010111111111111101101010101001101010101011010101010000000000101

11001011000110000011000011010011001101001010001010101101010010110101001101010100

11101010110000010010100101010101010000000000001011011101001010101010101011001010

[   88.830694] Freezing remaining freezable tasks
[   88.837907] Freezing remaining freezable tasks completed (elapsed 0.002 seconds)
10000110110101101010111111111111101101010101001101010101011010101010000000000101

11001011000110000011000011010011001101001010001010101101010010110101001101010100

11101010110000010010100101010101010000000000001011011101001010101010101011001010

[   88.891146] ravb e6800000.ethernet eth0: Link is Down
10000110110101101010111111111111101101010101001101010101011010101010000000000101

11001011000110000011000011010011001101001010001010101101010010110101001101010100

11101010110000010010100101010101010000000000001011011101001010101010101011001010

10000110110101101010111111111111101101010101001101010101011010101010000000000101

11001011000110000011000011010011001101001010001010101101010010110101001101010100

11101010110000010010100101010101010000000000001011011101001010101010101011001010

10000110110101101010111111111111101101010101001101010101011010101010000000000101

11001011000110000011000011010011001101001010001010101101010010110101001101010100

[   89.127028] Disabling non-boot CPUs ...
[   89.136583] psci: CPU1 killed (polled 0 ms)
[   89.145836] psci: CPU2 killed (polled 0 ms)
[   89.153440] psci: CPU3 killed (polled 0 ms)
[   89.162432] psci: CPU4 killed (polled 0 ms)
[   89.171084] psci: CPU5 killed (polled 0 ms)
[   89.181655] psci: CPU6 killed (polled 4 ms)
[   89.200799] psci: CPU7 killed (polled 0 ms)
 
 Switch power switch: 

NOTICE:  BL2: R-Car Gen3 Initial Program Loader(CA57) Rev.3.0.3
NOTICE:  BL2: PRR is R-Car H3 Ver.3.0
NOTICE:  BL2: Board is Salvator-XS Rev.1.1
NOTICE:  BL2: Boot device is HyperFlash(160MHz)
NOTICE:  BL2: LCM state is CM
NOTICE:  AVS setting succeeded. DVFS_SetVID=0x53
NOTICE:  BL2: DDR3200(rev.0.41)
NOTICE:  BL2: [WARM_BOOT]
NOTICE:  BL2: DRAM Split is 4ch(DDR f)
NOTICE:  BL2: QoS is default setting(rev.0.11)
NOTICE:  BL2: DRAM refresh interval 1.95 usec
NOTICE:  BL2: Periodic Write DQ Training
NOTICE:  BL2: CH0: 400000000 - 47fffffff, 2 GiB
NOTICE:  BL2: CH1: 500000000 - 57fffffff, 2 GiB
NOTICE:  BL2: CH2: 600000000 - 67fffffff, 2 GiB
NOTICE:  BL2: CH3: 700000000 - 77fffffff, 2 GiB
NOTICE:  BL2: FDT at 0xe632cdf0
NOTICE:  BL2: v2.9(release):v2.9.0
NOTICE:  BL2: Built : 08:54:53, Dec 14 2023
NOTICE:  BL2: Normal boot
[   89.206501] Enabling non-boot CPUs ...
[   89.211279] Detected PIPT I-cache on CPU1
[   89.211374] CPU1: Booted secondary processor 0x0000000001 [0x411fd073]
[   89.215141] CPU1 is up
[   89.227411] Detected PIPT I-cache on CPU2
[   89.227472] CPU2: Booted secondary processor 0x0000000002 [0x411fd073]
[   89.229165] CPU2 is up
[   89.242444] Detected PIPT I-cache on CPU3
[   89.242506] CPU3: Booted secondary processor 0x0000000003 [0x411fd073]
[   89.244162] CPU3 is up
[   89.257615] Detected VIPT I-cache on CPU4
[   89.257724] CPU4: Booted secondary processor 0x0000000100 [0x410fd034]
[   89.262322] cpufreq: cpufreq_online: CPU4: Running at unlisted initial frequency: 1010880 KHz, changing to: 1200000 KHz
[   89.287846] CPU4 is up
[   89.290528] Detected VIPT I-cache on CPU5
[   89.290636] CPU5: Booted secondary processor 0x0000000101 [0x410fd034]
[   89.293819] CPU5 is up
[   89.307119] Detected VIPT I-cache on CPU6
[   89.307211] CPU6: Booted secondary processor 0x0000000102 [0x410fd034]
[   89.310371] CPU6 is up
[   89.323667] Detected VIPT I-cache on CPU7
[   89.323756] CPU7: Booted secondary processor 0x0000000103 [0x410fd034]
[   89.328516] CPU7 is up
111010101100000100101001010101010100000000000010110111010010 10101010101011001010

10000110110101101010111111111111101101010101001101010101011010101010000000000101

11001011000110000011000011010011001101001010001010101101010010110101001101010100

[   89.495630] usb usb2: root hub lost power or was reset
[   89.501100] usb usb1: root hub lost power or was reset
11101010110000010010100101010101010000000000001011011101001010101010101011001010

10000110110101101010111111111111101101010101001101010101011010101010000000000101

11001011000110000011000011010011001101001010001010101101010010110101001101010100

11101010110000010010100101010101010000000000001011011101001010101010101011001010

10000110110101101010111111111111101101010101001101010101011010101010000000000101

11001011000110000011000011010011001101001010001010101101010010110101001101010100

11101010110000010010100101010101010000000000001011011101001010101010101011001010

[   89.587564] usb usb3: root hub lost power or was reset
[   89.592932] usb usb4: root hub lost power or was reset
10000110110101101010111111111111101101010101001101010101011010101010000000000101

11001011000110000011000011010011001101001010001010101101010010110101001101010100

11101010110000010010100101010101010000000000001011011101001010101010101011001010

[   89.679626] usb usb6: root hub lost power or was reset
[   89.684909] usb usb5: root hub lost power or was reset
10000110110101101010111111111111101101010101001101010101011010101010000000000101

11001011000110000011000011010011001101001010001010101101010010110101001101010100

11101010110000010010100101010101010000000000001011011101001010101010101011001010

[   89.775595] usb usb8: root hub lost power or was reset
[   89.780884] usb usb7: root hub lost power or was reset
10000110110101101010111111111111101101010101001101010101011010101010000000000101

11001011000110000011000011010011001101001010001010101101010010110101001101010100

11101010110000010010100101010101010000000000001011011101001010101010101011001010

10000110110101101010111111111111101101010101001101010101011010101010000000000101

11001011000110000011000011010011001101001010001010101101010010110101001101010100

11101010110000010010100101010101010000000000001011011101001010101010101011001010

[   89.845333] Micrel KSZ9031 Gigabit PHY e6800000.ethernet-ffffffff:00: attached PHY driver (mii_bus:phy_addr=e6800000.ethernet-ffffffff:00, irq=193)
10000110110101101010111111111111101101010101001101010101011010101010000000000101

11001011000110000011000011010011001101001010001010101101010010110101001101010100

11101010110000010010100101010101010000000000001011011101001010101010101011001010

[   89.926928] OOM killer enabled.
[   89.931181] Restarting tasks ... done.
[   89.943108] random: crng reseeded on system resumption
root@salvator-x:[   89.954851] PM: suspend exit
~# 10000110110101101010111111111111101101010101001101010101011010101010000000000101

11001011000110000011000011010011001101001010001010101101010010110101001101010100

11101010110000010010100101010101010000000000001011011101001010101010101011001010

10000110110101101010111111111111101101010101001101010101011010101010000000000101

11001011000110000011000011010011001101001010001010101101010010110101001101010100

11101010110000010010100101010101010000000000001011011101001010101010101011001010

10000110110101101010111111111111101101010101001101010101011010101010000000000101

11001011000110000011000011010011001101001010001010101101010010110101001101010100

11101010110000010010100101010101010000000000001011011101001010101010101011001010

10000110110101101010111111111111101101010101001101010101011010101010000000000101

11001011000110000011000011010011001101001010001010101101010010110101001101010100

11101010110000010010100101010101010000000000001011011101001010101010101011001010

[   90.197520] ata1: link resume succeeded after 1 retries
1000011011010110101011111111111110110101010000110110101101010111111111111101101010101001101010101011010101010000000000101







11001011000110000011000011010011001101001010001010101101010010110101001101010100







11101010110000010010100101010101010000000000001011011101001010101010101011001010







10000110110101101010111111111111101101010101001101010101011010101010000000000101







11001011000110000011000011010011001101001010001010101101010010110101001101010100







11101010110000010010100101010101010000000000001011011101001010101010101011001010







[   90.310094] ata1: SATA link down (SStatus 0 SControl 300)
10000110110101101010111111111111101101010101001101010101011010101010000000000101







11001011000110000011000011010011001101001010001010101101010010110101001101010100







11101010110000010010100101010101010000000000001011011101001010101010101011001010







100001101101011010101111111111111011010101010011010101010110101010100000000010101010101011001010







10000110110101101010111111111111101101010101001101010101011010101010000000000101







11001011000110000011000011010011001101001010001010101101010010110101001101010100







11101010110000010010100101010101010000000000001011011101001010101010101011001010







10000110110101101010111111111111101101010101001101010101011010101010000000000101







11001011000110000011000011010011001101001010001010101101010010110101001101010100







11101010110000010010100101010101010000000000001011011101001010101010101011001010







10000110110101101010111111111111101101010101001101010101011010101010000000000101







11001011000110000011000011010011001101001010001010101101010010110101001101010100







11101010110000010010100101010101010000000000001011011101001010101010101011001010







10000110110101101010111111111111101101010101001101010101011010101010000000000101







11001011000110000011000011010011001101001010001010101101010010110101001101010100







11101010110000010010100101010101010000000000001011011101001010101010101011001010







10000110110101101010111111111111101101010101001101010101011010101010000000000101







11001011000110000011000011010011001101001010001010101101010010110101001101010100







11101010110000010010100101010101010000000000001011011101001010101010101011001010







10000110110101101010111111111111101101010101001101010101011010101010000000000101







11001011000110000011000011010011001101001010001010101101010010110101001101010100







11101010110000010010100101010101010000000000001011011101001010101010101011001010







10000110110101101010111111111111101101010101001101010101011010101010000000000101







11001011000110000011000011010011001101001010001010101101010010110101001101010100







111010101100000100101001101001101010101011010101010000000000101

11001011000110000011000011010011001101001010001010101101010010110101001101010100

11101010110000010010100101010101010000000000001011011101001010101010101011001010

10000110110101101010111111111111101101010101001101010101011010101010000000000101

11001011000110000011000011010011001101001010001010101101010010110101001101010100

111010101100000100101001010101010100000000000010110111010010101010101010110010101010101010000000000001011011101001010101010101011001010







10000110110101101010111111111111101101010101001101010101011010101010000000000101







11001011000110000011000011010011001101001010001010101101010010110101001101010100







11101010110000010010100101010101010000000000001011011101001010101010101011001010







10000110110101101010111111111111101101010101001101010101011010101010000000000101







11001011000110000011000011010011001101001010001010101101010010110101001101010100







11101010110000010010100101010101010000000000001011011101001010101010101011001010







10000110110101101010111111111111101101010101001101010101011010101010000000000101







11001011000110000011000011010011001101001010001010101101010010110101001101010100







11101010110000010010100101010101010000000000001011011101001010101010101011001010







10000110110101101010111111111111101101010101001101010101011010101010000000000101







11001011000110000011000011010011001101001010001010101101010010110101001101010100







11101010110000010010100101010101010000000000001011011101001010101010101011001010







10000110110101101010111111111111101101010101001101010101011010101010000000000101







11001011000110000011000011010011001101001010001010101101010010110101001101010100







11101010110000010010100101010101010000000000001011011101001010101010101011001010







1000011011010110101011111111111110110101010000110110101101010111111111111101101010101001101010101011010101010000000000101































11001011000110000011000010

10000110110101101010111111111111101101010101001101010101011010101010000000000101

11001011000110000011000011010011001101001010001010101101010010110101001101010100

11101010110000010010100101010101010000000000001011011101001010101010101011001010

10000110110101101010111111111111101101010101001101010101011010101010000000000101

11001011000110000011000011010011001101001010001010101101010010110101001101010100

11101010110000010010100101010101010000000000001011011101001010101010101011001010

10000110110101101010111111111111101101010101001101010101011010101010000000000101

11001011000110000011000011010011001101001010001010101101010010110101001101010100

11101010110000010010100101010101010000000000001011011101001010101010101011001010

10000110110101101010111111111111101101010101001101010101011010101010000000000101

11001011000110000011000011010011001101001010001010101101010010110101001101010100

11101010110000010010100101010101010000000000001011011101001010101010101011001010

10000110110101101010111111111111101101010101001101010101011010101010000000000101

11001011000110000011000011010011001101001010001010101101010010110101001101010100

11101010110000010010100101010101010000000000001011011101001010101010101011001010

10000110110101101010111111111111101101010101001101010101011010101010000000000101

11001011000110000011000011010011001101001010001010101101010010110101001101010100

11101010110000010010100101010101010000000000001011011101001010101010101011001010

10000110110101101010111111111111101101010101001101010101011010101010000000000101

1100101100011000001100001101001100110100101000101010110101001011101001100110100101000101010110101001011010100110101010101001101010100

11101010110000010010100101010101010000000000001011011101001010101010101011001010

10000110110101101010111111111111101101010101001101010101011010101010000000000101

11001011000110000011000011010011001101001010001010101101010010110101001101010100

11101010110000010010100101010101010000000000001011011101001010101010101011001010

10000110110101101010111111111111101101010101001101010101011010101010000000000101

11001011000110000011000011010011001101001010001010101101010010110101001101010100

11101010110000010010100101010101010000000000001011011101001010101010101011001010

10000110110101101010111111111111101101010101001101010101011010101010000000000101

11001011000110000011000011010011001101001010001010101101010010110101001101010100

11101010110000010010100101010101010000000000001011011101001010101010101011001010

10000110110101101010111111111111101101010101001101010101011010101010000000000101

11001011000110000011000011010011001101001010001010101101010010110101001101010100

11101010110000010010100101010101010000000000001011011101001010101010101011001010

10000110110101101010111111111111101101010101001101010101011010101010000000000101

11001011000110000011000011010011001101001010001010101101010010110101001101010100

11101010110000010010100101010101010000000000001011011101001010101010101011001010

10000110110101101010111111111111101101010101001101010101011010101010000000000101

11001011000110000011000011010011001101001010001010101101010010110101001101010100

11101010110000010010100101010101010000000000001011011101001010101010101011001010

10000110110101101010111111111111101101010101001101010101011010101010000000000101

11001011000110000011000011010011001101001010001010101101010010110101001101010100

11101010110000010010100101010101010000000000001011011101001010101010101011001010

10000110110101101010111111111111101101010101001101010101011010101010000000000101

11001011000110000011000011010011001101001010001010101101010010110101001101010100

11101010110000010010100101010101010000000000001011011101001010101010101011001010

10000110110101101010111111111111101101010101001101010101011010101010000000000101

11001011000110000011000011010011001101001010001010101101010010110101001101010100

11101010110000010010100101010101010000000000001011011101001010101010101011001010

10000110110101101010111111111111101101010101001101010101011010101010000000000101

11001011000110000011000011010011001101001010001010101101010010110101001101010100

11101010110000010010100101010101010000000000001011011101001010101010101011001010

10000110110101101010111111111111101101010101001101010101011010101010000000000101

11001011000110000011000011010011001101001010001010101101010010110101001101010100

11101010110000010010100101010101010000000000001011011101001010101010101011001010

10000110110101101010111111111111101101010101001101010101011010101010000000000101

11001011000110000011000011010011001101001010001010101101010010110101001101010100

11101010110000010010100101010101010000000000001011011101001010101010101011001010

10000110110101101010111111111111101101010101001101010101011010101010000000000101

11001011000110000011000011010011001101001010001010101101010010110101001101010100

11101010110000010010100101010101010000000000001011011101001010101010101011001010

10000110110101101010111111111111101101010101001101010101011010101010000000000101

11001011000110000011000011010011001101001010001010101101010010110101001101010100

11101010110000010010100101010101010000000000001011011101001010101010101011001010

10000110110101101010111111111111101101010101001101010101011010101010000000000101

11001011000110000011000011010011001101001010001010101101010010110101001101010100

11101010110000010010100101010101010000000000001011011101001010101010101011001010

10000110110101101010111111111111101101010101001101010101011010101010000000000101

11001011000110000011000011010011001101001010001010101101010010110101001101010100

11101010110000010010100101010101010000000000001011011101001010101010101011001010

10000110110101101010111111111111101101010101001101010101011010101010000000000101

11001011000110000011000011010011001101001010001010101101010010110101001101010100

11101010110000010010100101010101010000000000001011011101001010101010101011001010

10000110110101101010111111111111101101010101001101010101011010101010000000000101

11001011000110000011000011010011001101001010001010101101010010110101001101010100

11101010110000010010100101010101010000000000001011011101001010101010101011001010

10000110110101101010111111111111101101010101001101010101011010101010000000000101

11001011000110000011000011010011001101001010001010101101010010110101001101010100

11101010110000010010100101010101010000000000001011011101001010101010101011001010

10000110110101101010111111111111101101010101001101010101011010101010000000000101

11001011000110000011000011010011001101001010001010101101010010110101001101010100

11101010110000010010100101010101010000000000001011011101001010101010101011001010

10000110110101101010111111111111101101010101001101010101011010101010000000000101

11001011000110000011000011010011001101001010001010101101010010110101001101010100

11101010110000010010100101010101010000000000001011011101001010101010101011001010

10000110110101101010111111111111101101010101001101010101011010101010000000000101

11001011000110000011000011010011001101001010001010101101010010110101001101010100

11101010110000010010100101010101010000000000001011011101001010101010101011001010

10000110110101101010111111111111101101010101001101010101011010101010000000000101

11001011000110000011000011010011001101001010001010101101010010110101001101010100

11101010110000010010100101010101010000000000001011011101001010101010101011001010

10000110110101101010111111111111101101010101001101010101011010101010000000000101

11001011000110000011000011010011001101001010001010101101010010110101001101010100

11101010110000010010100101010101010000000000001011011101001010101010101011001010

10000110110101101010111111111111101101010101001101010101011010101010000000000101

11001011000110000011000011010011001101001010001010101101010010110101001101010100

11101010110000010010100101010101010000000000001011011101001010101010101011001010

10000110110101101010111111111111101101010101001101010101011010101010000000000101

11001011000110000011000011010011001101001010001010101101010010110101001101010100

11101010110000010010100101010101010000000000001011011101001010101010101011001010

10000110110101101010111111111111101101010101001101010101011010101010000000000101

11001011000110000011000011010011001101001010001010101101010010110101001101010100

11101010110000010010100101010101010000000000001011011101001010101010101011001010

10000110110101101010111111111111101101010101001101010101011010101010000000000101

11001011000110000011000011010011001101001010001010101101010010110101001101010100

11101010110000010010100101010101010000000000001011011101001010101010101011001010

10000110110101101010111111111111101101010101001101010101011010101010000000000101

11001011000110000011000011010011001101001010001010101101010010110101001101010100

11101010110000010010100101010101010000000000001011011101001010101010101011001010

10000110110101101010111111111111101101010101001101010101011010101010000000000101

11001011000110000011000011010011001101001010001010101101010010110101001101010100

11101010110000010010100101010101010000000000001011011101001010101010101011001010

10000110110101101010111111111111101101010101001101010101011010101010000000000101

11001011000110000011000011010011001101001010001010101101010010110101001101010100

11101010110000010010100101010101010000000000001011011101001010101010101011001010

10000110110101101010111111111111101101010101001101010101011010101010000000000101

11001011000110000011000011010011001101001010001010101101010010110101001101010100

11101010110000010010100101010101010000000000001011011101001010101010101011001010

10000110110101101010111111111111101101010101001101010101011010101010000000000101

11001011000110000011000011010011001101001010001010101101010010110101001101010100

11101010110000010010100101010101010000000000001011011101001010101010101011001010

10000110110101101010111111111111101101010101001101010101011010101010000000000101

11001011000110000011000011010011001101001010001010101101010010110101001101010100

11101010110000010010100101010101010000000000001011011101001010101010101011001010

10000110110101101010111111111111101101010101001101010101011010101010000000000101

11001011000110000011000011010011001101001010001010101101010010110101001101010100

11101010110000010010100101010101010000000000001011011101001010101010101011001010

10000110110101101010111111111111101101010101001101010101011010101010000000000101

11001011000110000011000011010011001101001010001010101101010010110101001101010100

11101010110000010010100101010101010000000000001011011101001010101010101011001010

10000110110101101010111111111111101101010101001101010101011010101010000000000101

11001011000110000011000011010011001101001010001010101101010010110101001101010100

11101010110000010010100101010101010000000000001011011101001010101010101011001010

10000110110101101010111111111111101101010101001101010101011010101010000000000101

11001011000110000011000011010011001101001010001010101101010010110101001101010100

11101010110000010010100101010101010000000000001011011101001010101010101011001010

10000110110101101010111111111111101101010101001101010101011010101010000000000101

11001011000110000011000011010011001101001010001010101101010010110101001101010100

11101010110000010010100101010101010000000000001011011101001010101010101011001010

10000110110101101010111111111111101101010101001101010101011010101010000000000101

11001011000110000011000011010011001101001010001010101101010010110101001101010100

11101010110000010010100101010101010000000000001011011101001010101010101011001010

10000110110101101010111111111111101101010101001101010101011010101010000000000101

11001011000110000011000011010011001101001010001010101101010010110101001101010100

11101010110000010010100101010101010000000000001011011101001010101010101011001010

10000110110101101010111111111111101101010101001101010101011010101010000000000101

11001011000110000011000011010011001101001010001010101101010010110101001101010100

11101010110000010010100101010101010000000000001011011101001010101010101011001010

10000110110101101010111111111111101101010101001101010101011010101010000000000101

11001011000110000011000011010011001101001010001010101101010010110101001101010100

11101010110000010010100101010101010000000000001011011101001010101010101011001010

10000110110101101010111111111111101101010101001101010101011010101010000000000101

11001011000110000011000011010011001101001010001010101101010010110101001101010100

11101010110000010010100101010101010000000000001011011101001010101010101011001010

10000110110101101010111111111111101101010101001101010101011010101010000000000101

11001011000110000011000011010011001101001010001010101101010010110101001101010100

11101010110000010010100101010101010000000000001011011101001010101010101011001010

10000110110101101010111111111111101101010101001101010101011010101010000000000101

11001011000110000011000011010011001101001010001010101101010010110101001101010100

11101010110000010010100101010101010000000000001011011101001010101010101011001010

10000110110101101010111111111111101101010101001101010101011010101010000000000101

11001011000110000011000011010011001101001010001010101101010010110101001101010100

11101010110000010010100101010101010000000000001011011101001010101010101011001010

10000110110101101010111111111111101101010101001101010101011010101010000000000101

11001011000110000011000011010011001101001010001010101101010010110101001101010100

11101010110000010010100101010101010000000000001011011101001010101010101011001010

10000110110101101010111111111111101101010101001101010101011010101010000000000101

11001011000110000011000011010011001101001010001010101101010010110101001101010100

11101010110000010010100101010101010000000000001011011101001010101010101011001010

10000110110101101010111111111111101101010101001101010101011010101010000000000101

11001011000110000011000011010011001101001010001010101101010010110101001101010100

11101010110000010010100101010101010000000000001011011101001010101010101011001010

10000110110101101010111111111111101101010101001101010101011010101010000000000101

11001011000110000011000011010011001101001010001010101101010010110101001101010100

11101010110000010010100101010101010000000000001011011101001010101010101011001010

10000110110101101010111111111111101101010101001101010101011010101010000000000101

11001011000110000011000011010011001101001010001010101101010010110101001101010100

11101010110000010010100101010101010000000000001011011101001010101010101011001010

10000110110101101010111111111111101101010101001101010101011010101010000000000101

11001011000110000011000011010011001101001010001010101101010010110101001101010100

11101010110000010010100101010101010000000000001011011101001010101010101011001010

10000110110101101010111111111111101101010101001101010101011010101010000000000101

11001011000110000011000011010011001101001010001010101101010010110101001101010100

11101010110000010010100101010101010000000000001011011101001010101010101011001010

10000110110101101010111111111111101101010101001101010101011010101010000000000101

11001011000110000011000011010011001101001010001010101101010010110101001101010100

11101010110000010010100101010101010000000000001011011101001010101010101011001010

10000110110101101010111111111111101101010101001101010101011010101010000000000101

11001011000110000011000011010011001101001010001010101101010010110101001101010100

11101010110000010010100101010101010000000000001011011101001010101010101011001010

10000110110101101010111111111111101101010101001101010101011010101010000000000101

11001011000110000011000011010011001101001010001010101101010010110101001101010100

11101010110000010010100101010101010000000000001011011101001010101010101011001010

10000110110101101010111111111111101101010101001101010101011010101010000000000101

11001011000110000011000011010011001101001010001010101101010010110101001101010100

11101010110000010010100101010101010000000000001011011101001010101010101011001010

10000110110101101010111111111111101101010101001101010101011010101010000000000101

11001011000110000011000011010011001101001010001010101101010010110101001101010100

11101010110000010010100101010101010000000000001011011101001010101010101011001010

10000110110101101010111111111111101101010101001101010101011010101010000000000101

11001011000110000011000011010011001101001010001010101101010010110101001101010100

11101010110000010010100101010101010000000000001011011101001010101010101011001010

10000110110101101010111111111111101101010101001101010101011010101010000000000101

11001011000110000011000011010011001101001010001010101101010010110101001101010100

11101010110000010010100101010101010000000000001011011101001010101010101011001010

10000110110101101010111111111111101101010101001101010101011010101010000000000101

11001011000110000011000011010011001101001010001010101101010010110101001101010100

11101010110000010010100101010101010000000000001011011101001010101010101011001010

10000110110101101010111111111111101101010101001101010101011010101010000000000101

11001011000110000011000011010011001101001010001010101101010010110101001101010100

11101010110000010010100101010101010000000000001011011101001010101010101011001010

10000110110101101010111111111111101101010101001101010101011010101010000000000101

11001011000110000011000011010011001101001010001010101101010010110101001101010100

11101010110000010010100101010101010000000000001011011101001010101010101011001010

10000110110101101010111111111111101101010101001101010101011010101010000000000101

11001011000110000011000011010011001101001010001010101101010010110101001101010100

11101010110000010010100101010101010000000000001011011101001010101010101011001010

10000110110101101010111111111111101101010101001101010101011010101010000000000101

11001011000110000011000011010011001101001010001010101101010010110101001101010100

11101010110000010010100101010101010000000000001011011101001010101010101011001010

10000110110101101010111111111111101101010101001101010101011010101010000000000101

11001011000110000011000011010011001101001010001010101101010010110101001101010100

11101010110000010010100101010101010000000000001011011101001010101010101011001010

10000110110101101010111111111111101101010101001101010101011010101010000000000101

11001011000110000011000011010011001101001010001010101101010010110101001101010100

11101010110000010010100101010101010000000000001011011101001010101010101011001010

10000110110101101010111111111111101101010101001101010101011010101010000000000101

11001011000110000011000011010011001101001010001010101101010010110101001101010100

11101010110000010010100101010101010000000000001011011101001010101010101011001010

10000110110101101010111111111111101101010101001101010101011010101010000000000101

11001011000110000011000011010011001101001010001010101101010010110101001101010100

11101010110000010010100101010101010000000000001011011101001010101010101011001010

10000110110101101010111111111111101101010101001101010101011010101010000000000101

11001011000110000011000011010011001101001010001010101101010010110101001101010100

11101010110000010010100101010101010000000000001011011101001010101010101011001010

10000110110101101010111111111111101101010101001101010101011010101010000000000101

11001011000110000011000011010011001101001010001010101101010010110101001101010100

[   96.447881] ravb e6800000.ethernet eth0: Link is Up - 1Gbps/Full - flow control off
11101010110000010010100101010101010000000000001011011101001010101010101011001010

10000110110101101010111111111111101101010101001101010101011010101010000000000101

11001011000110000011000011010011001101001010001010101101010010110101001101010100

11101010110000010010100101010101010000000000001011011101001010101010101011001010

10000110110101101010111111111111101101010101001101010101011010101010000000000101

11001011000110000011000011010011001101001010001010101101010010110101001101010100

11101010110000010010100101010101010000000000001011011101001010101010101011001010

10000110110101101010111111111111101101010101001101010101011010101010000000000101

11001011000110000011000011010011001101001010001010101101010010110101001101010100

11101010110000010010100101010101010000000000001011011101001010101010101011001010

10000110110101101010111111111111101101010101001101010101011010101010000000000101

11001011000110000011000011010011001101001010001010101101010010110101001101010100

11101010110000010010100101010101010000000000001011011101001010101010101011001010

10000110110101101010111111111111101101010101001101010101011010101010000000000101

11001011000110000011000011010011001101001010001010101101010010110101001101010100

11101010110000010010100101010101010000000000001011011101001010101010101011001010

10000110110101101010111111111111101101010101001101010101011010101010000000000101

11001011000110000011000011010011001101001010001010101101010010110101001101010100

11101010110000010010100101010101010000000000001011011101001010101010101011001010

10000110110101101010111111111111101101010101001101010101011010101010000000000101

11001011000110000011000011010011001101001010001010101101010010110101001101010100

11101010110000010010100101010101010000000000001011011101001010101010101011001010

10000110110101101010111111111111101101010101001101010101011010101010000000000101

11001011000110000011000011010011001101001010001010101101010010110101001101010100

11101010110000010010100101010101010000000000001011011101001010101010101011001010

10000110110101101010111111111111101101010101001101010101011010101010000000000101

11001011000110000011000011010011001101001010001010101101010010110101001101010100

11101010110000010010100101010101010000000000001011011101001010101010101011001010

10000110110101101010111111111111101101010101001101010101011010101010000000000101

11001011000110000011000011010011001101001010001010101101010010110101001101010100

11101010110000010010100101010101010000000000001011011101001010101010101011001010

10000110110101101010111111111111101101010101001101010101011010101010000000000101

11001011000110000011000011010011001101001010001010101101010010110101001101010100

11101010110000010010100101010101010000000000001011011101001010101010101011001010

10000110110101101010111111111111101101010101001101010101011010101010000000000101

11001011000110000011000011010011001101001010001010101101010010110101001101010100

11101010110000010010100101010101010000000000001011011101001010101010101011001010

10000110110101101010111111111111101101010101001101010101011010101010000000000101

11001011000110000011000011010011001101001010001010101101010010110101001101010100

11101010110000010010100101010101010000000000001011011101001010101010101011001010

10000110110101101010111111111111101101010101001101010101011010101010000000000101

11001011000110000011000011010011001101001010001010101101010010110101001101010100

11101010110000010010100101010101010000000000001011011101001010101010101011001010

10000110110101101010111111111111101101010101001101010101011010101010000000000101

11001011000110000011000011010011001101001010001010101101010010110101001101010100

11101010110000010010100101010101010000000000001011011101001010101010101011001010

10000110110101101010111111111111101101010101001101010101011010101010000000000101

11001011000110000011000011010011001101001010001010101101010010110101001101010100

11101010110000010010100101010101010000000000001011011101001010101010101011001010

10000110110101101010111111111111101101010101001101010101011010101010000000000101

11001011000110000011000011010011001101001010001010101101010010110101001101010100

11101010110000010010100101010101010000000000001011011101001010101010101011001010

10000110110101101010111111111111101101010101001101010101011010101010000000000101

11001011000110000011000011010011001101001010001010101101010010110101001101010100

11101010110000010010100101010101010000000000001011011101001010101010101011001010

10000110110101101010111111111111101101010101001101010101011010101010000000000101

11001011000110000011000011010011001101001010001010101101010010110101001101010100

11101010110000010010100101010101010000000000001011011101001010101010101011001010

10000110110101101010111111111111101101010101001101010101011010101010000000000101

11001011000110000011000011010011001101001010001010101101010010110101001101010100

11101010110000010010100101010101010000000000001011011101001010101010101011001010

10000110110101101010111111111111101101010101001101010101011010101010000000000101

11001011000110000011000011010011001101001010001010101101010010110101001101010100

11101010110000010010100101010101010000000000001011011101001010101010101011001010

10000110110101101010111111111111101101010101001101010101011010101010000000000101

11001011000110000011000011010011001101001010001010101101010010110101001101010100

11101010110000010010100101010101010000000000001011011101001010101010101011001010

10000110110101101010111111111111101101010101001101010101011010101010000000000101

11001011000110000011000011010011001101001010001010101101010010110101001101010100

11101010110000010010100101010101010000000000001011011101001010101010101011001010

10000110110101101010111111111111101101010101001101010101011010101010000000000101

11001011000110000011000011010011001101001010001010101101010010110101001101010100

11101010110000010010100101010101010000000000001011011101001010101010101011001010

10000110110101101010111111111111101101010101001101010101011010101010000000000101

11001011000110000011000011010011001101001010001010101101010010110101001101010100

11101010110000010010100101010101010000000000001011011101001010101010101011001010

10000110110101101010111111111111101101010101001101010101011010101010000000000101

11001011000110000011000011010011001101001010001010101101010010110101001101010100

11101010110000010010100101010101010000000000001011011101001010101010101011001010

10000110110101101010111111111111101101010101001101010101011010101010000000000101

11001011000110000011000011010011001101001010001010101101010010110101001101010100

11101010110000010010100101010101010000000000001011011101001010101010101011001010

10000110110101101010111111111111101101010101001101010101011010101010000000000101

11001011000110000011000011010011001101001010001010101101010010110101001101010100

11101010110000010010100101010101010000000000001011011101001010101010101011001010

10000110110101101010111111111111101101010101001101010101011010101010000000000101

11001011000110000011000011010011001101001010001010101101010010110101001101010100

11101010110000010010100101010101010000000000001011011101001010101010101011001010

10000110110101101010111111111111101101010101001101010101011010101010000000000101

11001011000110000011000011010011001101001010001010101101010010110101001101010100

11101010110000010010100101010101010000000000001011011101001010101010101011001010

10000110110101101010111111111111101101010101001101010101011010101010000000000101

11001011000110000011000011010011001101001010001010101101010010110101001101010100

11101010110000010010100101010101010000000000001011011101001010101010101011001010

10000110110101101010111111111111101101010101001101010101011010101010000000000101

11001011000110000011000011010011001101001010001010101101010010110101001101010100

11101010110000010010100101010101010000000000001011011101001010101010101011001010

10000110110101101010111111111111101101010101001101010101011010101010000000000101

11001011000110000011000011010011001101001010001010101101010010110101001101010100

11101010110000010010100101010101010000000000001011011101001010101010101011001010

10000110110101101010111111111111101101010101001101010101011010101010000000000101

11001011000110000011000011010011001101001010001010101101010010110101001101010100

11101010110000010010100101010101010000000000001011011101001010101010101011001010

10000110110101101010111111111111101101010101001101010101011010101010000000000101

11001011000110000011000011010011001101001010001010101101010010110101001101010100

11101010110000010010100101010101010000000000001011011101001010101010101011001010

10000110110101101010111111111111101101010101001101010101011010101010000000000101

11001011000110000011000011010011001101001010001010101101010010110101001101010100

11101010110000010010100101010101010000000000001011011101001010101010101011001010

10000110110101101010111111111111101101010101001101010101011010101010000000000101

11001011000110000011000011010011001101001010001010101101010010110101001101010100

11101010110000010010100101010101010000000000001011011101001010101010101011001010

10000110110101101010111111111111101101010101001101010101011010101010000000000101

11001011000110000011000011010011001101001010001010101101010010110101001101010100

11101010110000010010100101010101010000000000001011011101001010101010101011001010

10000110110101101010111111111111101101010101001101010101011010101010000000000101

11001011000110000011000011010011001101001010001010101101010010110101001101010100

11101010110000010010100101010101010000000000001011011101001010101010101011001010

10000110110101101010111111111111101101010101001101010101011010101010000000000101

11001011000110000011000011010011001101001010001010101101010010110101001101010100

11101010110000010010100101010101010000000000001011011101001010101010101011001010

10000110110101101010111111111111101101010101001101010101011010101010000000000101

11001011000110000011000011010011001101001010001010101101010010110101001101010100

11101010110000010010100101010101010000000000001011011101001010101010101011001010

10000110110101101010111111111111101101010101001101010101011010101010000000000101

11001011000110000011000011010011001101001010001010101101010010110101001101010100

11101010110000010010100101010101010000000000001011011101001010101010101011001010

10000110110101101010111111111111101101010101001101010101011010101010000000000101

11001011000110000011000011010011001101001010001010101101010010110101001101010100

11101010110000010010100101010101010000000000001011011101001010101010101011001010

10000110110101101010111111111111101101010101001101010101011010101010000000000101

11001011000110000011000011010011001101001010001010101101010010110101001101010100

11101010110000010010100101010101010000000000001011011101001010101010101011001010

10000110110101101010111111111111101101010101001101010101011010101010000000000101

11001011000110000011000011010011001101001010001010101101010010110101001101010100

11101010110000010010100101010101010000000000001011011101001010101010101011001010

10000110110101101010111111111111101101010101001101010101011010101010000000000101

11001011000110000011000011010011001101001010001010101101010010110101001101010100

11101010110000010010100101010101010000000000001011011101001010101010101011001010

10000110110101101010111111111111101101010101001101010101011010101010000000000101

11001011000110000011000011010011001101001010001010101101010010110101001101010100

11101010110000010010100101010101010000000000001011011101001010101010101011001010

10000110110101101010111111111111101101010101001101010101011010101010000000000101

11001011000110000011000011010011001101001010001010101101010010110101001101010100

11101010110000010010100101010101010000000000001011011101001010101010101011001010

10000110110101101010111111111111101101010101001101010101011010101010000000000101

11001011000110000011000011010011001101001010001010101101010010110101001101010100

11101010110000010010100101010101010000000000001011011101001010101010101011001010

10000110110101101010111111111111101101010101001101010101011010101010000000000101

11001011000110000011000011010011001101001010001010101101010010110101001101010100

11101010110000010010100101010101010000000000001011011101001010101010101011001010

10000110110101101010111111111111101101010101001101010101011010101010000000000101

11001011000110000011000011010011001101001010001010101101010010110101001101010100

11101010110000010010100101010101010000000000001011011101001010101010101011001010

10000110110101101010111111111111101101010101001101010101011010101010000000000101

11001011000110000011000011010011001101001010001010101101010010110101001101010100

11101010110000010010100101010101010000000000001011011101001010101010101011001010

10000110110101101010111111111111101101010101001101010101011010101010000000000101

11001011000110000011000011010011001101001010001010101101010010110101001101010100

11101010110000010010100101010101010000000000001011011101001010101010101011001010

10000110110101101010111111111111101101010101001101010101011010101010000000000101

11001011000110000011000011010011001101001010001010101101010010110101001101010100

11101010110000010010100101010101010000000000001011011101001010101010101011001010

10000110110101101010111111111111101101010101001101010101011010101010000000000101

11001011000110000011000011010011001101001010001010101101010010110101001101010100

11101010110000010010100101010101010000000000001011011101001010101010101011001010

10000110110101101010111111111111101101010101001101010101011010101010000000000101

11001011000110000011000011010011001101001010001010101101010010110101001101010100

11101010110000010010100101010101010000000000001011011101001010101010101011001010

10000110110101101010111111111111101101010101001101010101011010101010000000000101

11001011000110000011000011010011001101001010001010101101010010110101001101010100

11101010110000010010100101010101010000000000001011011101001010101010101011001010

10000110110101101010111111111111101101010101001101010101011010101010000000000101

11001011000110000011000011010011001101001010001010101101010010110101001101010100

11101010110000010010100101010101010000000000001011011101001010101010101011001010

10000110110101101010111111111111101101010101001101010101011010101010000000000101

11001011000110000011000011010011001101001010001010101101010010110101001101010100

11101010110000010010100101010101010000000000001011011101001010101010101011001010

10000110110101101010111111111111101101010101001101010101011010101010000000000101

11001011000110000011000011010011001101001010001010101101010010110101001101010100

11101010110000010010100101010101010000000000001011011101001010101010101011001010

10000110110101101010111111111111101101010101001101010101011010101010000000000101

11001011000110000011000011010011001101001010001010101101010010110101001101010100

11101010110000010010100101010101010000000000001011011101001010101010101011001010

10000110110101101010111111111111101101010101001101010101011010101010000000000101

11001011000110000011000011010011001101001010001010101101010010110101001101010100

11101010110000010010100101010101010000000000001011011101001010101010101011001010

10000110110101101010111111111111101101010101001101010101011010101010000000000101

11001011000110000011000011010011001101001010001010101101010010110101001101010100

11101010110000010010100101010101010000000000001011011101001010101010101011001010

10000110110101101010111111111111101101010101001101010101011010101010000000000101

11001011000110000011000011010011001101001010001010101101010010110101001101010100

11101010110000010010100101010101010000000000001011011101001010101010101011001010

10000110110101101010111111111111101101010101001101010101011010101010000000000101

11001011000110000011000011010011001101001010001010101101010010110101001101010100

11101010110000010010100101010101010000000000001011011101001010101010101011001010

10000110110101101010111111111111101101010101001101010101011010101010000000000101

11001011000110000011000011010011001101001010001010101101010010110101001101010100

11101010110000010010100101010101010000000000001011011101001010101010101011001010

10000110110101101010111111111111101101010101001101010101011010101010000000000101

11001011000110000011000011010011001101001010001010101101010010110101001101010100

11101010110000010010100101010101010000000000001011011101001010101010101011001010

10000110110101101010111111111111101101010101001101010101011010101010000000000101

11001011000110000011000011010011001101001010001010101101010010110101001101010100

11101010110000010010100101010101010000000000001011011101001010101010101011001010

10000110110101101010111111111111101101010101001101010101011010101010000000000101

11001011000110000011000011010011001101001010001010101101010010110101001101010100

11101010110000010010100101010101010000000000001011011101001010101010101011001010

10000110110101101010111111111111101101010101001101010101011010101010000000000101


root@salvator-x:~# 11001011000110000011000011010011001101001010001010101101010010110101001101010100

11101010110000010010100101010101010000000000001011011101001010101010101011001010

10000110110101101010111111111111101101010101001101010101011010101010000000000101

11001011000110000011000011010011001101001010001010101101010010110101001101010100

11101010110000010010100101010101010000000000001011011101001010101010101011001010

10000110110101101010111111111111101101010101001101010101011010101010000000000101

11001011000110000011000011010011001101001010001010101101010010110101001101010100

11101010110000010010100101010101010000000000001011011101001010101010101011001010

10000110110101101010111111111111101101010101001101010101011010101010000000000101

11001011000110000011000011010011001101001010001010101101010010110101001101010100

11101010110000010010100101010101010000000000001011011101001010101010101011001010

10000110110101101010111111111111101101010101001101010101011010101010000000000101

11001011000110000011000011010011001101001010001010101101010010110101001101010100

11101010110000010010100101010101010000000000001011011101001010101010101011001010

10000110110101101010111111111111101101010101001101010101011010101010000000000101

11001011000110000011000011010011001101001010001010101101010010110101001101010100

11101010110000010010100101010101010000000000001011011101001010101010101011001010

10000110110101101010111111111111101101010101001101010101011010101010000000000101

11001011000110000011000011010011001101001010001010101101010010110101001101010100

