
------------ BOARD -------------


Please press switch to restart board 

[F 00:00:10
[F 00:00:09
[F 00:00:08
NOTICE:  BL2: R-Car Gen3 Initial Program Loader(CA57) Rev.3.0.3
NOTICE:  BL2: PRR is R-Car H3 Ver.3.0
NOTICE:  BL2: Board is Salvator-XS Rev.1.1
NOTICE:  BL2: Boot device is HyperFlash(160MHz)
NOTICE:  BL2: LCM state is CM
NOTICE:  AVS setting succeeded. DVFS_SetVID=0x53
NOTICE:  BL2: DDR3200(rev.0.41)
NOTICE:  BL2: [COLD_BOOT]
NOTICE:  BL2: DRAM Split is 4ch(DDR f)
NOTICE:  BL2: QoS is default setting(rev.0.11)
NOTICE:  BL2: DRAM refresh interval 1.95 usec
NOTICE:  BL2: Periodic Write DQ Training
NOTICE:  BL2: CH0: 400000000 - 47fffffff, 2 GiB
NOTICE:  BL2: CH1: 500000000 - 57fffffff, 2 GiB
NOTICE:  BL2: CH2: 600000000 - 67fffffff, 2 GiB
NOTICE:  BL2: CH3: 700000000 - 77fffffff, 2 GiB
NOTICE:  BL2: FDT at 0xe632cdf0
NOTICE:  BL2: v2.9(release):v2.9.0
NOTICE:  BL2: Built : 08:54:53, Dec 14 2023
NOTICE:  BL2: Normal boot
NOTICE:  BL2: dst=0xe632a700 src=0x8180000 len=512(0x200)
NOTICE:  BL2: dst=0x43f00000 src=0x8180400 len=6144(0x1800)
NOTICE:  rcar_file_len: len: 0x0003e000
NOTICE:  BL2: dst=0x44000000 src=0x81c0000 len=253952(0x3e000)
NOTICE:  rcar_file_len: len: 0x00200000
NOTICE:  BL2: dst=0x44100000 src=0x8200000 len=2097152(0x200000)
NOTICE:  rcar_file_len: len: 0x00100000
NOTICE:  BL2: dst=0x50000000 src=0x8640000 len=1048576(0x100000)
NOTICE:  BL2: Booting BL31


U-Boot 2023.04 (Dec 14 2023 - 08:54:38 +0000)

CPU:   Renesas Electronics R8A7795 rev 3.0
Model: Renesas Salvator-XS board rev 1.1
DRAM:  1.9 GiB (effective 7.9 GiB)
Core:  83 devices, 21 uclasses, devicetree: fit
Flash: 0 Bytes
MMC:   mmc@ee100000: 0, mmc@ee140000: 1, mmc@ee160000: 2
Loading Environment from MMC... OK
In:    serial@e6e88000
Out:   serial@e6e88000
Err:   serial@e6e88000
Net:   eth0: ethernet@e6800000
Hit any key to stop autoboot:  2  1  0 
ethernet@e6800000 Waiting for PHY auto negotiation to complete.......... done
Using ethernet@e6800000 device
TFTP from server 192.168.10.98; our IP address is 192.168.10.132
Filename 'thuannguyen/h3/boot/Image'.
Load address: 0x48080000
Loading: *#################################################################
	 #################################################################
	 #################################################################
	 #################################################################
	 #################################################################
	 #################################################################
	 #################################################################
	 #################################################################
	 #################################################################
	 #################################################################
	 #################################################################
	 #################################################################
	 #################################################################
	 #################################################################
	 #################################################################
	 #################################################################
	 #################################################################
	 #################################################################
	 #################################################################
	 #################################################################
	 #################################################################
	 #################################################################
	 #################################################################
	 #################################################################
	 #################################################################
	 #################################################################
	 #################################################################
	 #################################################################
	 #################################################################
	 #################################################################
	 #################################################################
	 #################################################################
	 #################################################################
	 #################################################################
	 #################################################################
	 #################################################################
	 #################################################################
	 #################################################################
	 #################################################################
	 #################################################################
	 #################################################################
	 #################################################################
	 #################################################################
	 #################################################################
	 #################################################################
	 #################################################################
	 #################################################################
	 #################################################################
	 #################################################################
	 #################################################################
	 #################################################################
	 #################################################################
	 #################################
	 5 MiB/s
done
Bytes transferred = 50092544 (2fc5a00 hex)
Using ethernet@e6800000 device
TFTP from server 192.168.10.98; our IP address is 192.168.10.132
Filename 'thuannguyen/h3/boot/r8a77951-salvator-xs.dtb'.
Load address: 0x48000000
Loading: *#######
	 6.3 MiB/s
done
Bytes transferred = 98527 (180df hex)
Moving Image from 0x48080000 to 0x48200000, end=4bcf0000
## Flattened Device Tree blob at 48000000
   Booting using the fdt blob at 0x48000000
Working FDT set to 48000000
   Loading Device Tree to 0000000057fe4000, end 0000000057fff0de ... OK
Working FDT set to 57fe4000
Overlap found: 0x500000000..0x57fffffff / 0x500000000..0x53fffffff
Overlap found: 0x600000000..0x67fffffff / 0x600000000..0x63fffffff
Overlap found: 0x700000000..0x77fffffff / 0x700000000..0x73fffffff

Starting kernel ...

[    0.000000] Booting Linux on physical CPU 0x0000000000 [0x411fd073]
[    0.000000] Linux version 6.7.0-arm64-renesas-dirty (thuan.nguyen-hong@banvien) (aarch64-poky-linux-gcc (GCC) 10.3.0, GNU ld (GNU Binutils) 2.36.1.20210703) #1 SMP PREEMPT Wed Jan 10 04:42:35 UTC 2024
[    0.000000] KASLR disabled due to lack of seed
[    0.000000] Machine model: Renesas Salvator-X 2nd version board based on r8a77951
[    0.000000] efi: UEFI not found.
[    0.000000] OF: reserved mem: 0x0000000044100000..0x0000000047dfffff (62464 KiB) nomap non-reusable optee_core@44100000
[    0.000000] OF: reserved mem: 0x0000000047e00000..0x0000000047efffff (1024 KiB) nomap non-reusable optee_shm@47e00000
[    0.000000] NUMA: No NUMA configuration found
[    0.000000] NUMA: Faking a node at [mem 0x0000000048000000-0x000000077fffffff]
[    0.000000] NUMA: NODE_DATA [mem 0x77efa4600-0x77efa6fff]
[    0.000000] Zone ranges:
[    0.000000]   DMA      [mem 0x0000000048000000-0x00000000ffffffff]
[    0.000000]   DMA32    empty
[    0.000000]   Normal   [mem 0x0000000100000000-0x000000077fffffff]
[    0.000000] Movable zone start for each node
[    0.000000] Early memory node ranges
[    0.000000]   node   0: [mem 0x0000000048000000-0x00000000bfffffff]
[    0.000000]   node   0: [mem 0x0000000500000000-0x000000057fffffff]
[    0.000000]   node   0: [mem 0x0000000600000000-0x000000067fffffff]
[    0.000000]   node   0: [mem 0x0000000700000000-0x000000077fffffff]
[    0.000000] Initmem setup node 0 [mem 0x0000000048000000-0x000000077fffffff]
[    0.000000] cma: Reserved 128 MiB at 0x00000000b8000000 on node -1
[    0.000000] psci: probing for conduit method from DT.
[    0.000000] psci: PSCIv1.1 detected in firmware.
[    0.000000] psci: Using standard PSCI v0.2 function IDs
[    0.000000] psci: Trusted OS migration not required
[    0.000000] psci: SMC Calling Convention v1.2
[    0.000000] percpu: Embedded 32 pages/cpu s91872 r8192 d31008 u131072
[    0.000000] Detected PIPT I-cache on CPU0
[    0.000000] CPU features: detected: Spectre-v2
[    0.000000] CPU features: detected: Spectre-v3a
[    0.000000] CPU features: detected: Spectre-BHB
[    0.000000] CPU features: detected: ARM erratum 1742098
[    0.000000] CPU features: detected: ARM errata 1165522, 1319367, or 1530923
[    0.000000] alternatives: applying boot alternatives
[    0.000000] Kernel command line: rw root=/dev/nfs nfsroot=192.168.10.98:/data/tftpboot/thuannguyen/h3/rootfs,nfsvers=4 ip=192.168.10.132
[    0.000000] Dentry cache hash table entries: 1048576 (order: 11, 8388608 bytes, linear)
[    0.000000] Inode-cache hash table entries: 524288 (order: 10, 4194304 bytes, linear)
[    0.000000] Fallback order for Node 0: 0 
[    0.000000] Built 1 zonelists, mobility grouping on.  Total pages: 2032128
[    0.000000] Policy zone: Normal
[    0.000000] mem auto-init: stack:off, heap alloc:off, heap free:off
[    0.000000] software IO TLB: area num 8.
[    0.000000] software IO TLB: mapped [mem 0x00000000b4000000-0x00000000b8000000] (64MB)
[    0.000000] Memory: 7840620K/8257536K available (19392K kernel code, 5846K rwdata, 12656K rodata, 10880K init, 11383K bss, 285844K reserved, 131072K cma-reserved)
[    0.000000] SLUB: HWalign=64, Order=0-3, MinObjects=0, CPUs=8, Nodes=1
[    0.000000] trace event string verifier disabled
[    0.000000] Running RCU self tests
[    0.000000] Running RCU synchronous self tests
[    0.000000] rcu: Preemptible hierarchical RCU implementation.
[    0.000000] rcu: 	RCU event tracing is enabled.
[    0.000000] rcu: 	RCU lockdep checking is enabled.
[    0.000000] 	Trampoline variant of Tasks RCU enabled.
[    0.000000] 	Tracing variant of Tasks RCU enabled.
[    0.000000] rcu: RCU calculated value of scheduler-enlistment delay is 25 jiffies.
[    0.000000] Running RCU synchronous self tests
[    0.000000] NR_IRQS: 64, nr_irqs: 64, preallocated irqs: 0
[    0.000000] GIC: Adjusting CPU interface base to 0x00000000f102f000
[    0.000000] Root IRQ handler: gic_handle_irq
[    0.000000] GIC: Using split EOI/Deactivate mode
[    0.000000] rcu: srcu_init: Setting srcu_struct sizes based on contention.
[    0.000000] arch_timer: cp15 timer(s) running at 8.32MHz (phys).
[    0.000000] clocksource: arch_sys_counter: mask: 0xffffffffffffff max_cycles: 0x1eb398c07, max_idle_ns: 440795202503 ns
[    0.000000] sched_clock: 56 bits at 8MHz, resolution 120ns, wraps every 2199023255503ns
[    0.000618] Console: colour dummy device 80x25
[    0.000652] printk: legacy console [tty0] enabled
[    0.003102] Lock dependency validator: Copyright (c) 2006 Red Hat, Inc., Ingo Molnar
[    0.003160] ... MAX_LOCKDEP_SUBCLASSES:  8
[    0.003193] ... MAX_LOCK_DEPTH:          48
[    0.003226] ... MAX_LOCKDEP_KEYS:        8192
[    0.003261] ... CLASSHASH_SIZE:          4096
[    0.003295] ... MAX_LOCKDEP_ENTRIES:     32768
[    0.003328] ... MAX_LOCKDEP_CHAINS:      65536
[    0.003363] ... CHAINHASH_SIZE:          32768
[    0.003397]  memory used by lock dependency info: 6493 kB
[    0.003436]  memory used for stack traces: 4224 kB
[    0.003472]  per task-struct memory footprint: 1920 bytes
[    0.003649] Calibrating delay loop (skipped), value calculated using timer frequency.. 16.64 BogoMIPS (lpj=33280)
[    0.003731] pid_max: default: 32768 minimum: 301
[    0.003972] LSM: initializing lsm=capability,integrity
[    0.004227] Mount-cache hash table entries: 16384 (order: 5, 131072 bytes, linear)
[    0.004315] Mountpoint-cache hash table entries: 16384 (order: 5, 131072 bytes, linear)
[    0.005860] Running RCU synchronous self tests
[    0.005923] Running RCU synchronous self tests
[    0.016314] RCU Tasks: Setting shift to 3 and lim to 1 rcu_task_cb_adjust=1.
[    0.016539] RCU Tasks Trace: Setting shift to 3 and lim to 1 rcu_task_cb_adjust=1.
[    0.016807] Running RCU Tasks wait API self tests
[    0.120423] Running RCU Tasks Trace wait API self tests
[    0.120938] rcu: Hierarchical SRCU implementation.
[    0.120984] rcu: 	Max phase no-delay instances is 1000.
[    0.123456] Detected Renesas R-Car Gen3 r8a7795 ES3.0
[    0.125874] EFI services will not be available.
[    0.126829] smp: Bringing up secondary CPUs ...
[    0.133387] Detected PIPT I-cache on CPU1
[    0.133514] CPU1: Booted secondary processor 0x0000000001 [0x411fd073]
[    0.135138] Detected PIPT I-cache on CPU2
[    0.135223] CPU2: Booted secondary processor 0x0000000002 [0x411fd073]
[    0.140993] Detected PIPT I-cache on CPU3
[    0.141081] CPU3: Booted secondary processor 0x0000000003 [0x411fd073]
[    0.142497] CPU features: detected: ARM erratum 845719
[    0.142514] Detected VIPT I-cache on CPU4
[    0.142653] CPU4: Booted secondary processor 0x0000000100 [0x410fd034]
[    0.144055] Detected VIPT I-cache on CPU5
[    0.144161] CPU5: Booted secondary processor 0x0000000101 [0x410fd034]
[    0.145575] Detected VIPT I-cache on CPU6
[    0.145684] CPU6: Booted secondary processor 0x0000000102 [0x410fd034]
[    0.147035] Detected VIPT I-cache on CPU7
[    0.147149] CPU7: Booted secondary processor 0x0000000103 [0x410fd034]
[    0.147480] smp: Brought up 1 node, 8 CPUs
[    0.148045] SMP: Total of 8 processors activated.
[    0.148086] CPU features: detected: 32-bit EL0 Support
[    0.148126] CPU features: detected: 32-bit EL1 Support
[    0.148168] CPU features: detected: CRC32 instructions
[    0.148385] CPU: All CPU(s) started at EL2
[    0.148443] alternatives: applying system-wide alternatives
[    0.152537] devtmpfs: initialized
[    0.153213] Callback from call_rcu_tasks_trace() invoked.
[    0.200675] Running RCU synchronous self tests
[    0.200778] Running RCU synchronous self tests
[    0.201009] clocksource: jiffies: mask: 0xffffffff max_cycles: 0xffffffff, max_idle_ns: 7645041785100000 ns
[    0.201103] futex hash table entries: 2048 (order: 6, 262144 bytes, linear)
[    0.204330] pinctrl core: initialized pinctrl subsystem
[    0.208809] DMI not present or invalid.
[    0.210707] NET: Registered PF_NETLINK/PF_ROUTE protocol family
[    0.212919] DMA: preallocated 1024 KiB GFP_KERNEL pool for atomic allocations
[    0.213238] DMA: preallocated 1024 KiB GFP_KERNEL|GFP_DMA pool for atomic allocations
[    0.213953] DMA: preallocated 1024 KiB GFP_KERNEL|GFP_DMA32 pool for atomic allocations
[    0.214132] audit: initializing netlink subsys (disabled)
[    0.214542] audit: type=2000 audit(0.212:1): state=initialized audit_enabled=0 res=1
[    0.217540] thermal_sys: Registered thermal governor 'step_wise'
[    0.217552] thermal_sys: Registered thermal governor 'power_allocator'
[    0.217793] cpuidle: using governor menu
[    0.218240] hw-breakpoint: found 6 breakpoint and 4 watchpoint registers.
[    0.218671] ASID allocator initialised with 65536 entries
[    0.223250] Serial: AMBA PL011 UART driver
[    0.246544] platform soc: Fixed dependency cycle(s) with /soc/interrupt-controller@f1010000
[    0.256517] platform e6060000.pinctrl: Fixed dependency cycle(s) with /soc/pinctrl@e6060000/scif_clk
[    0.257804] sh-pfc e6060000.pinctrl: r8a77951_pfc support registered
[    0.344213] platform fea80000.csi2: Fixed dependency cycle(s) with /soc/video@e6ef7000/ports/port@1/endpoint@0
[    0.344344] platform fea80000.csi2: Fixed dependency cycle(s) with /soc/video@e6ef6000/ports/port@1/endpoint@0
[    0.344461] platform fea80000.csi2: Fixed dependency cycle(s) with /soc/video@e6ef5000/ports/port@1/endpoint@0
[    0.344576] platform fea80000.csi2: Fixed dependency cycle(s) with /soc/video@e6ef4000/ports/port@1/endpoint@0
[    0.344696] platform fea80000.csi2: Fixed dependency cycle(s) with /soc/video@e6ef3000/ports/port@1/endpoint@0
[    0.344818] platform fea80000.csi2: Fixed dependency cycle(s) with /soc/video@e6ef2000/ports/port@1/endpoint@0
[    0.344937] platform fea80000.csi2: Fixed dependency cycle(s) with /soc/video@e6ef1000/ports/port@1/endpoint@0
[    0.345058] platform fea80000.csi2: Fixed dependency cycle(s) with /soc/video@e6ef0000/ports/port@1/endpoint@0
[    0.346202] platform feaa0000.csi2: Fixed dependency cycle(s) with /soc/video@e6ef3000/ports/port@1/endpoint@2
[    0.346402] platform feaa0000.csi2: Fixed dependency cycle(s) with /soc/video@e6ef2000/ports/port@1/endpoint@2
[    0.346598] platform feaa0000.csi2: Fixed dependency cycle(s) with /soc/video@e6ef1000/ports/port@1/endpoint@2
[    0.346794] platform feaa0000.csi2: Fixed dependency cycle(s) with /soc/video@e6ef0000/ports/port@1/endpoint@2
[    0.347839] platform fead0000.hdmi: Fixed dependency cycle(s) with /soc/sound@ec500000/ports/port@1/endpoint
[    0.348906] platform feae0000.hdmi: Fixed dependency cycle(s) with /soc/sound@ec500000/ports/port@2/endpoint
[    0.350132] platform feb00000.display: Fixed dependency cycle(s) with /soc/hdmi@feae0000/ports/port@0/endpoint
[    0.350292] platform feb00000.display: Fixed dependency cycle(s) with /soc/hdmi@fead0000/ports/port@0/endpoint
[    0.355123] platform hdmi0-out: Fixed dependency cycle(s) with /soc/hdmi@fead0000/ports/port@1/endpoint
[    0.355997] platform hdmi1-out: Fixed dependency cycle(s) with /soc/hdmi@feae0000/ports/port@1/endpoint
[    0.365699] platform vga-encoder: Fixed dependency cycle(s) with /vga/port/endpoint
[    0.365906] platform vga-encoder: Fixed dependency cycle(s) with /soc/display@feb00000/ports/port@0/endpoint
[    0.368275] Modules: 17680 pages in range for non-PLT usage
[    0.368285] Modules: 509200 pages in range for PLT usage
[    0.370030] HugeTLB: registered 1.00 GiB page size, pre-allocated 0 pages
[    0.370150] HugeTLB: 0 KiB vmemmap can be freed for a 1.00 GiB page
[    0.370199] HugeTLB: registered 32.0 MiB page size, pre-allocated 0 pages
[    0.370248] HugeTLB: 0 KiB vmemmap can be freed for a 32.0 MiB page
[    0.370295] HugeTLB: registered 2.00 MiB page size, pre-allocated 0 pages
[    0.370343] HugeTLB: 0 KiB vmemmap can be freed for a 2.00 MiB page
[    0.370390] HugeTLB: registered 64.0 KiB page size, pre-allocated 0 pages
[    0.370438] HugeTLB: 0 KiB vmemmap can be freed for a 64.0 KiB page
[    0.375772] ACPI: Interpreter disabled.
[    0.391663] iommu: Default domain type: Translated
[    0.391721] iommu: DMA domain TLB invalidation policy: strict mode
[    0.392736] SCSI subsystem initialized
[    0.393638] usbcore: registered new interface driver usbfs
[    0.393800] usbcore: registered new interface driver hub
[    0.393940] usbcore: registered new device driver usb
[    0.399062] i2c-sh_mobile e60b0000.i2c: I2C adapter 7, bus speed 400000 Hz
[    0.400033] mc: Linux media interface: v0.10
[    0.400187] videodev: Linux video capture interface: v2.00
[    0.400399] pps_core: LinuxPPS API ver. 1 registered
[    0.400442] pps_core: Software ver. 5.3.6 - Copyright 2005-2007 Rodolfo Giometti <giometti@linux.it>
[    0.400530] PTP clock support registered
[    0.401296] EDAC MC: Ver: 3.0.0
[    0.403149] scmi_core: SCMI protocol bus registered
[    0.407123] FPGA manager framework
[    0.407491] Advanced Linux Sound Architecture Driver Initialized.
[    0.410169] vgaarb: loaded
[    0.412166] clocksource: Switched to clocksource arch_sys_counter
[    0.413498] VFS: Disk quotas dquot_6.6.0
[    0.413607] VFS: Dquot-cache hash table entries: 512 (order 0, 4096 bytes)
[    0.414164] pnp: PnP ACPI: disabled
[    0.433434] NET: Registered PF_INET protocol family
[    0.433890] IP idents hash table entries: 131072 (order: 8, 1048576 bytes, linear)
[    0.438073] tcp_listen_portaddr_hash hash table entries: 4096 (order: 6, 294912 bytes, linear)
[    0.438807] Table-perturb hash table entries: 65536 (order: 6, 262144 bytes, linear)
[    0.438901] TCP established hash table entries: 65536 (order: 7, 524288 bytes, linear)
[    0.439353] TCP bind hash table entries: 65536 (order: 11, 9437184 bytes, vmalloc hugepage)
[    0.440808] Callback from call_rcu_tasks() invoked.
[    0.454911] TCP: Hash tables configured (established 65536 bind 65536)
[    0.455405] UDP hash table entries: 4096 (order: 7, 655360 bytes, linear)
[    0.456676] UDP-Lite hash table entries: 4096 (order: 7, 655360 bytes, linear)
[    0.458072] NET: Registered PF_UNIX/PF_LOCAL protocol family
[    0.459421] RPC: Registered named UNIX socket transport module.
[    0.459490] RPC: Registered udp transport module.
[    0.459530] RPC: Registered tcp transport module.
[    0.459568] RPC: Registered tcp-with-tls transport module.
[    0.459611] RPC: Registered tcp NFSv4.1 backchannel transport module.
[    0.459678] PCI: CLS 0 bytes, default 64
[    0.465052] kvm [1]: IPA Size Limit: 40 bits
[    0.470598] kvm [1]: vgic interrupt IRQ9
[    0.470702] kvm [1]: Hyp mode initialized successfully
[    0.474829] Initialise system trusted keyrings
[    0.475403] workingset: timestamp_bits=42 max_order=21 bucket_order=0
[    0.476331] squashfs: version 4.0 (2009/01/31) Phillip Lougher
[    0.477018] NFS: Registering the id_resolver key type
[    0.477107] Key type id_resolver registered
[    0.477161] Key type id_legacy registered
[    0.477234] nfs4filelayout_init: NFSv4 File Layout Driver Registering...
[    0.477308] nfs4flexfilelayout_init: NFSv4 Flexfile Layout Driver Registering...
[    0.477690] 9p: Installing v9fs 9p2000 file system support
[    0.506770] Key type asymmetric registered
[    0.506846] Asymmetric key parser 'x509' registered
[    0.507003] Block layer SCSI generic (bsg) driver version 0.4 loaded (major 242)
[    0.507084] io scheduler mq-deadline registered
[    0.507127] io scheduler kyber registered
[    0.507314] io scheduler bfq registered
[    0.567677] gpio_rcar e6050000.gpio: driving 16 GPIOs
[    0.568649] gpio_rcar e6051000.gpio: driving 29 GPIOs
[    0.569510] gpio_rcar e6052000.gpio: driving 15 GPIOs
[    0.570371] gpio_rcar e6053000.gpio: driving 16 GPIOs
[    0.571211] gpio_rcar e6054000.gpio: driving 18 GPIOs
[    0.572072] gpio_rcar e6055000.gpio: driving 26 GPIOs
[    0.572985] gpio_rcar e6055400.gpio: driving 32 GPIOs
[    0.573829] gpio_rcar e6055800.gpio: driving 4 GPIOs
[    0.584012] rcar-pcie fe000000.pcie: host bridge /soc/pcie@fe000000 ranges:
[    0.584182] rcar-pcie fe000000.pcie:       IO 0x00fe100000..0x00fe1fffff -> 0x0000000000
[    0.584339] rcar-pcie fe000000.pcie:      MEM 0x00fe200000..0x00fe3fffff -> 0x00fe200000
[    0.584464] rcar-pcie fe000000.pcie:      MEM 0x0030000000..0x0037ffffff -> 0x0030000000
[    0.584555] rcar-pcie fe000000.pcie:      MEM 0x0038000000..0x003fffffff -> 0x0038000000
[    0.584657] rcar-pcie fe000000.pcie:   IB MEM 0x0000000000..0x00ffffffff -> 0x0000000000
[    0.637014] rcar-pcie fe000000.pcie: PCIe link down
[    0.637603] rcar-pcie ee800000.pcie: host bridge /soc/pcie@ee800000 ranges:
[    0.637732] rcar-pcie ee800000.pcie:       IO 0x00ee900000..0x00ee9fffff -> 0x0000000000
[    0.637848] rcar-pcie ee800000.pcie:      MEM 0x00eea00000..0x00eebfffff -> 0x00eea00000
[    0.637961] rcar-pcie ee800000.pcie:      MEM 0x00c0000000..0x00c7ffffff -> 0x00c0000000
[    0.638050] rcar-pcie ee800000.pcie:      MEM 0x00c8000000..0x00cfffffff -> 0x00c8000000
[    0.638150] rcar-pcie ee800000.pcie:   IB MEM 0x0000000000..0x00ffffffff -> 0x0000000000
[    0.690466] rcar-pcie ee800000.pcie: PCIe link down
[    0.701361] EINJ: ACPI disabled.
[    0.830769] Serial: 8250/16550 driver, 2 ports, IRQ sharing enabled
[    0.842479] msm_serial: driver initialized
[    0.843948] SuperH (H)SCI(F) driver initialized
[    0.845920] e6e68000.serial: ttySC1 at MMIO 0xe6e68000 (irq = 28, base_baud = 0) is a scif
[    0.848111] e6e88000.serial: ttySC0 at MMIO 0xe6e88000 (irq = 29, base_baud = 0) is a scif
[    0.848481] printk: legacy console [ttySC0] enabled
[    2.404554] STM32 USART driver initialized
[    2.446247] loop: module loaded
[    2.449894] at24 7-0050: supply vcc not found, using dummy regulator
[    2.457482] at24 7-0050: 128 byte br24t01 EEPROM, writable, 8 bytes/write
[    2.468796] megasas: 07.727.03.00-rc1
[    2.498458] tun: Universal TUN/TAP device driver, 1.6
[    2.507232] thunder_xcv, ver 1.0
[    2.510589] thunder_bgx, ver 1.0
[    2.513922] nicpf, ver 1.0
[    2.521619] hns3: Hisilicon Ethernet Network Driver for Hip08 Family - version
[    2.528922] hns3: Copyright (c) 2017 Huawei Corporation.
[    2.534410] hclge is initializing
[    2.537853] e1000: Intel(R) PRO/1000 Network Driver
[    2.542784] e1000: Copyright (c) 1999-2006 Intel Corporation.
[    2.548639] e1000e: Intel(R) PRO/1000 Network Driver
[    2.553654] e1000e: Copyright(c) 1999 - 2015 Intel Corporation.
[    2.559690] igb: Intel(R) Gigabit Ethernet Network Driver
[    2.565142] igb: Copyright (c) 2007-2014 Intel Corporation.
[    2.570821] igbvf: Intel(R) Gigabit Virtual Function Network Driver
[    2.577145] igbvf: Copyright (c) 2009 - 2012 Intel Corporation.
[    2.584513] sky2: driver version 1.30
[    2.593852] VFIO - User Level meta-driver version: 0.3
[    2.607973] ehci-platform ee0c0100.usb: EHCI Host Controller
[    2.607973] ehci-platform ee0a0100.usb: EHCI Host Controller
[    2.608244] ehci-platform ee0c0100.usb: new USB bus registered, assigned bus number 1
[    2.609729] ohci-platform ee0c0000.usb: Generic Platform OHCI controller
[    2.609783] ohci-platform ee0c0000.usb: new USB bus registered, assigned bus number 2
[    2.609939] ohci-platform ee0a0000.usb: Generic Platform OHCI controller
[    2.609986] ohci-platform ee0a0000.usb: new USB bus registered, assigned bus number 3
[    2.610428] ohci-platform ee0c0000.usb: irq 30, io mem 0xee0c0000
[    2.610483] ohci-platform ee0a0000.usb: irq 31, io mem 0xee0a0000
[    2.611037] xhci-renesas-hcd ee000000.usb: xHCI Host Controller
[    2.611112] xhci-renesas-hcd ee000000.usb: new USB bus registered, assigned bus number 4
[    2.611451] xhci-renesas-hcd ee000000.usb: Direct firmware load for r8a779x_usb3_v3.dlmem failed with error -2
[    2.611521] xhci-renesas-hcd ee000000.usb: can't setup: -2
[    2.611533] xhci-renesas-hcd ee000000.usb: USB bus 4 deregistered
[    2.611610] xhci-renesas-hcd: probe of ee000000.usb failed with error -2
[    2.613048] usbcore: registered new interface driver usb-storage
[    2.613787] ehci-platform ee0a0100.usb: new USB bus registered, assigned bus number 4
[    2.619102] renesas_usbhs e659c000.usb: host probed
[    2.619148] renesas_usbhs e659c000.usb: no transceiver found
[    2.619619] ehci-platform ee0c0100.usb: irq 30, io mem 0xee0c0100
[    2.619703] renesas_usbhs e659c000.usb: gadget probed
[    2.619951] renesas_usbhs e659c000.usb: probed
[    2.622632] renesas_usb3 ee020000.usb: probed with phy
[    2.627377] ehci-platform ee0a0100.usb: irq 31, io mem 0xee0a0100
[    2.630096] i2c_dev: i2c /dev entries driver
[    2.636261] ohci-platform ee0e0000.usb: Generic Platform OHCI controller
[    2.636354] ehci-platform ee0e0100.usb: EHCI Host Controller
[    2.636409] ehci-platform ee0e0100.usb: new USB bus registered, assigned bus number 5
[    2.636591] ehci-platform ee0e0100.usb: irq 15, io mem 0xee0e0100
[    2.639457] i2c 2-0010: Fixed dependency cycle(s) with /soc/sound@ec500000/ports/port@0/endpoint
[    2.639585] i2c 2-0010: Fixed dependency cycle(s) with /soc/sound@ec500000
[    2.640803] cs2000-cp 2-004f: operating in static mode
[    2.648251] ehci-platform ee0c0100.usb: USB 2.0 started, EHCI 1.10
[    2.648636] ohci-platform ee0e0000.usb: new USB bus registered, assigned bus number 6
[    2.650113] cs2000-cp 2-004f: revision - C1
[    2.650353] i2c-rcar e6510000.i2c: probed
[    2.652401] pca953x 4-0020: supply vcc not found, using dummy regulator
[    2.652907] pca953x 4-0020: using no AI
[    2.655039] i2c 4-0070: Fixed dependency cycle(s) with /soc/csi2@fea80000/ports/port@0/endpoint
[    2.655442] i2c 4-0070: Fixed dependency cycle(s) with /soc/csi2@feaa0000/ports/port@0/endpoint
[    2.655493] i2c 4-0070: Fixed dependency cycle(s) with /hdmi-in/port/endpoint
[    2.655527] i2c 4-0070: Fixed dependency cycle(s) with /cvbs-in/port/endpoint
[    2.658690] hub 1-0:1.0: USB hub found
[    2.662883] ohci-platform ee0e0000.usb: irq 15, io mem 0xee0e0000
[    2.664198] ehci-platform ee0e0100.usb: USB 2.0 started, EHCI 1.10
[    2.666030] i2c-rcar e66d8000.i2c: probed
[    2.668686] adv748x 4-0070: Endpoint /soc/i2c@e66d8000/video-receiver@70/ports/port@7/endpoint on port 7
[    2.668775] hub 1-0:1.0: 1 port detected
[    2.672511] hub 5-0:1.0: USB hub found
[    2.672641] hub 5-0:1.0: 1 port detected
[    2.682757] ehci-platform ee0a0100.usb: USB 2.0 started, EHCI 1.10
[    2.682795] adv748x 4-0070: Endpoint /soc/i2c@e66d8000/video-receiver@70/ports/port@8/endpoint on port 8
[    2.694409] hub 4-0:1.0: USB hub found
[    2.698302] adv748x 4-0070: Endpoint /soc/i2c@e66d8000/video-receiver@70/ports/port@a/endpoint on port 10
[    2.704466] hub 4-0:1.0: 1 port detected
[    2.711153] adv748x 4-0070: Endpoint /soc/i2c@e66d8000/video-receiver@70/ports/port@b/endpoint on port 11
[    2.719148] hub 2-0:1.0: USB hub found
[    2.725629] adv748x 4-0070: chip found @ 0xe0 revision 2143
[    2.729963] hub 2-0:1.0: 1 port detected
[    2.783431] rcar-csi2 fea80000.csi2: 1 lanes found
[    2.790556] hub 3-0:1.0: USB hub found
[    2.795710] rcar-csi2 feaa0000.csi2: 4 lanes found
[    2.802462] hub 3-0:1.0: 1 port detected
[    2.822227] rcar-vin e6ef0000.video: Device registered as video0
[    2.831422] hub 6-0:1.0: USB hub found
[    2.833225] rcar-vin e6ef1000.video: Device registered as video1
[    2.837038] hub 6-0:1.0: 1 port detected
[    2.843906] rcar-vin e6ef2000.video: Device registered as video2
[    3.021790] rcar-vin e6ef3000.video: Device registered as video3
[    3.028281] rcar-vin e6ef4000.video: Device registered as video4
[    3.034669] rcar-vin e6ef5000.video: Device registered as video5
[    3.041033] rcar-vin e6ef6000.video: Device registered as video6
[    3.047388] rcar-vin e6ef7000.video: Device registered as video7
[    3.074225] rcar_gen3_thermal e6198000.thermal: Sensor 0: Loaded 1 trip points
[    3.086060] rcar_gen3_thermal e6198000.thermal: Sensor 1: Loaded 1 trip points
[    3.097907] rcar_gen3_thermal e6198000.thermal: Sensor 2: Loaded 2 trip points
[    3.125595] sdhci: Secure Digital Host Controller Interface driver
[    3.131854] sdhci: Copyright(c) Pierre Ossman
[    3.139117] Synopsys Designware Multimedia Card Interface Driver
[    3.149193] sdhci-pltfm: SDHCI platform and OF driver helper
[    3.164075] ledtrig-cpu: registered to indicate activity on CPUs
[    3.173633] SMCCC: SOC_ID: ARCH_SOC_ID not implemented, skipping ....
[    3.181602] ccree e6601000.crypto: ARM CryptoCell 630P Driver: HW version 0xAF400001/0xDCC63000, Driver version 5.0
[    3.192843] ccree e6601000.crypto: ARM ccree device initialized
[    3.202268] usbcore: registered new interface driver usbhid
[    3.207921] usbhid: USB HID core driver
[    3.245119] hw perfevents: enabled with armv8_cortex_a53 PMU driver, 7 counters available
[    3.255747] hw perfevents: enabled with armv8_cortex_a57 PMU driver, 7 counters available
[    3.271583] optee: probing for conduit method.
[    3.276105] optee: revision 3.17 (f9e55014)
[    3.277193] optee: dynamic shared memory is enabled
[    3.286979] optee: initialized driver
[    3.329061] NET: Registered PF_PACKET protocol family
[    3.334253] can: controller area network core
[    3.338786] NET: Registered PF_CAN protocol family
[    3.343937] 9pnet: Installing 9P2000 support
[    3.348403] Key type dns_resolver registered
[    3.380087] registered taskstats version 1
[    3.384758] Loading compiled-in X.509 certificates
[    3.474857] renesas_irqc e61c0000.interrupt-controller: driving 6 irqs
[    3.527461] rcar-dw-hdmi fead0000.hdmi: Detected HDMI TX controller v2.01a with HDCP (DWC HDMI 2.0 TX PHY)
[    3.539081] rcar-dw-hdmi fead0000.hdmi: registered DesignWare HDMI I2C bus driver
[    3.557437] rcar-dw-hdmi feae0000.hdmi: Detected HDMI TX controller v2.01a with HDCP (DWC HDMI 2.0 TX PHY)
[    3.568875] rcar-dw-hdmi feae0000.hdmi: registered DesignWare HDMI I2C bus driver
[    3.612429] renesas_usbhs e6590000.usb: host probed
[    3.617428] renesas_usbhs e6590000.usb: no transceiver found
[    3.623581] renesas_usbhs e6590000.usb: gadget probed
[    3.628990] renesas_usbhs e6590000.usb: probed
[    3.636290] ohci-platform ee080000.usb: Generic Platform OHCI controller
[    3.636331] ehci-platform ee080100.usb: EHCI Host Controller
[    3.643153] ohci-platform ee080000.usb: new USB bus registered, assigned bus number 7
[    3.648736] ehci-platform ee080100.usb: new USB bus registered, assigned bus number 8
[    3.656743] ohci-platform ee080000.usb: irq 94, io mem 0xee080000
[    3.664559] ehci-platform ee080100.usb: irq 94, io mem 0xee080100
[    3.692215] ehci-platform ee080100.usb: USB 2.0 started, EHCI 1.10
[    3.698277] cpufreq: cpufreq_online: CPU0: Running at unlisted initial frequency: 1497600 KHz, changing to: 1500000 KHz
[    3.700090] hub 8-0:1.0: USB hub found
[    3.710204] cpu cpu0: EM: created perf domain
[    3.713080] hub 8-0:1.0: 1 port detected
[    3.722785] cpufreq: cpufreq_online: CPU4: Running at unlisted initial frequency: 1198080 KHz, changing to: 1200000 KHz
[    3.734166] cpu cpu4: EM: created perf domain
[    3.764239] hub 7-0:1.0: USB hub found
[    3.768189] hub 7-0:1.0: 1 port detected
[    4.013599] input: keys as /devices/platform/keys/input/input0
[    4.130443] Trying to probe devices needed for running init ...
[   14.051516] rcar-dmac e6700000.dma-controller: deferred probe timeout, ignoring dependency
[   14.074957] rcar-dmac e7300000.dma-controller: deferred probe timeout, ignoring dependency
[   14.097701] rcar-dmac e7310000.dma-controller: deferred probe timeout, ignoring dependency
[   14.119686] rcar-dmac ec700000.dma-controller: deferred probe timeout, ignoring dependency
[   14.141789] rcar-dmac ec720000.dma-controller: deferred probe timeout, ignoring dependency
[   14.171353] sata_rcar ee300000.sata: deferred probe timeout, ignoring dependency
[   14.181902] scsi host0: sata_rcar
[   14.186133] ata1: SATA max UDMA/133 irq 186 lpm-pol 0
[   14.195086] ravb e6800000.ethernet: deferred probe timeout, ignoring dependency
[   14.211716] ravb e6800000.ethernet eth0: Base address at 0xe6800000, 2e:09:0a:06:d4:ee, IRQ 187.
[   14.247455] rcar-fcp fe950000.fcp: deferred probe timeout, ignoring dependency
[   14.257529] rcar-fcp fe951000.fcp: deferred probe timeout, ignoring dependency
[   14.267414] rcar-fcp fe96f000.fcp: deferred probe timeout, ignoring dependency
[   14.277251] rcar-fcp fe92f000.fcp: deferred probe timeout, ignoring dependency
[   14.287087] rcar-fcp fe9af000.fcp: deferred probe timeout, ignoring dependency
[   14.296924] rcar-fcp fe9bf000.fcp: deferred probe timeout, ignoring dependency
[   14.306701] rcar-fcp fea27000.fcp: deferred probe timeout, ignoring dependency
[   14.316526] rcar-fcp fea2f000.fcp: deferred probe timeout, ignoring dependency
[   14.326270] rcar-fcp fea37000.fcp: deferred probe timeout, ignoring dependency
[   14.337061] rcar_fdp1 fe940000.fdp1: Device registered as /dev/video8
[   14.347347] rcar_fdp1 fe944000.fdp1: Device registered as /dev/video9
[   14.360750] renesas_sdhi_internal_dmac ee100000.mmc: deferred probe timeout, ignoring dependency
[   14.369700] renesas_sdhi_internal_dmac ee160000.mmc: deferred probe timeout, ignoring dependency
[   14.370270] renesas_sdhi_internal_dmac ee100000.mmc: Got CD GPIO
[   14.378543] renesas_sdhi_internal_dmac ee140000.mmc: deferred probe timeout, ignoring dependency
[   14.379043] renesas_sdhi_internal_dmac ee160000.mmc: Got CD GPIO
[   14.379125] renesas_sdhi_internal_dmac ee160000.mmc: Got WP GPIO
[   14.384636] renesas_sdhi_internal_dmac ee100000.mmc: Got WP GPIO
[   14.420562] rcar_sound ec500000.sound: probed
[   14.431772] renesas_sdhi_internal_dmac ee160000.mmc: mmc2 base at 0x00000000ee160000, max clock rate 200 MHz
[   14.441058] renesas_sdhi_internal_dmac ee140000.mmc: mmc0 base at 0x00000000ee140000, max clock rate 200 MHz
[   14.465367] renesas_sdhi_internal_dmac ee100000.mmc: mmc1 base at 0x00000000ee100000, max clock rate 200 MHz
[   14.524088] mmc0: new HS400 MMC card at address 0001
[   14.531087] hdmi-audio-codec hdmi-audio-codec.4.auto: ASoC: sink widget TX overwritten
[   14.531684] mmcblk0: mmc0:0001 BGSD4R 29.1 GiB
[   14.539096] hdmi-audio-codec hdmi-audio-codec.4.auto: ASoC: sink widget Capture overwritten
[   14.549743]  mmcblk0: p1 p2
[   14.551929] hdmi-audio-codec hdmi-audio-codec.4.auto: ASoC: source widget RX overwritten
[   14.556287] mmcblk0boot0: mmc0:0001 BGSD4R 31.9 MiB
[   14.571612] mmcblk0boot1: mmc0:0001 BGSD4R 31.9 MiB
[   14.580062] mmcblk0rpmb: mmc0:0001 BGSD4R 4.00 MiB, chardev (509:0)
[   14.590880] [drm] Initialized rcar-du 1.0.0 20130110 for feb00000.display on minor 0
[   14.598739] rcar-du feb00000.display: [drm] Device feb00000.display probed
[   14.608377] ata1: link resume succeeded after 1 retries
[   14.652749] Console: switching to colour frame buffer device 128x48
[   14.677610] rcar-du feb00000.display: [drm] fb0: rcar-dudrmfb frame buffer device
[   14.720998] ata1: SATA link down (SStatus 0 SControl 300)
[   14.803788] Micrel KSZ9031 Gigabit PHY e6800000.ethernet-ffffffff:00: attached PHY driver (mii_bus:phy_addr=e6800000.ethernet-ffffffff:00, irq=193)
[   24.167705] ravb e6800000.ethernet eth0: Link is Up - 1Gbps/Full - flow control off
[   24.188207] IP-Config: Guessing netmask 255.255.255.0
[   24.193462] IP-Config: Complete:
[   24.196832]      device=eth0, hwaddr=2e:09:0a:06:d4:ee, ipaddr=192.168.10.132, mask=255.255.255.0, gw=255.255.255.255
[   24.207669]      host=192.168.10.132, domain=, nis-domain=(none)
[   24.213986]      bootserver=255.255.255.255, rootserver=192.168.10.98, rootpath=
[   24.216267] clk: Disabling unused clocks
[   24.228733] ALSA device list:
[   24.231912]   #0: rcar-sound
[   25.271803] VFS: Mounted root (nfs4 filesystem) on device 0:24.
[   25.278670] devtmpfs: mounted
[   25.287875] Freeing unused kernel memory: 10880K
[   25.304452] Run /sbin/init as init process
[   25.655220] systemd[1]: System time before build time, advancing clock.
[   25.745109] systemd[1]: systemd 234 running in system mode. (+PAM -AUDIT -SELINUX +IMA -APPARMOR +SMACK +SYSVINIT +UTMP -LIBCRYPTSETUP -GCRYPT -GNUTLS +ACL +XZ -LZ4 -SECCOMP +BLKID -ELFUTILS +KMOD -IDN2 -IDN default-hierarchy=hybrid)
[   25.771435] systemd[1]: Detected architecture arm64.

Welcome to [1mPoky (Yocto Project Reference Distro) 2.4.1 (rocko)[0m!

[   25.802454] systemd[1]: Set hostname to <salvator-x>.
[   30.141044] random: crng init done
[   30.147255] systemd[1]: Started Forward Password Requests to Wall Directory Watch.
[[0;32m  OK  [0m] Started Forward Password Requests to Wall Directory Watch.
[   30.172672] systemd[1]: Listening on udev Kernel Socket.
[[0;32m  OK  [0m] Listening on udev Kernel Socket.
[   30.202275] systemd[1]: Created slice User and Session Slice.
[[0;32m  OK  [0m] Created slice User and Session Slice.
[   30.225997] systemd[1]: Listening on Journal Socket.
[[0;32m  OK  [0m] Listening on Journal Socket.
[   30.248480] systemd[1]: Reached target Swap.
[[0;32m  OK  [0m] Reached target Swap.
[   30.270764] systemd[1]: Created slice System Slice.
[[0;32m  OK  [0m] Created slice System Slice.
[   30.295080] systemd[1]: Created slice system-serial\x2dgetty.slice.
[[0;32m  OK  [0m] Created slice system-serial\x2dgetty.slice.
[[0;32m  OK  [0m] Listening on Journal Audit Socket.
[[0;32m  OK  [0m] Listening on Network Service Netlink Socket.
         Mounting Huge Pages File System...
         Starting Remount Root and Kernel File Systems...
[[0;32m  OK  [0m] Listening on udev Control Socket.
[[0;32m  OK  [0m] Listening on Journal Socket (/dev/log).
         Starting Journal Service...
         Mounting Kernel Debug File System...
[[0;32m  OK  [0m] Reached target Remote File Systems.
         Mounting Temporary Directory (/tmp)...
         Mounting POSIX Message Queue File System...
[[0;32m  OK  [0m] Reached target Slices.
[[0;32m  OK  [0m] Listening on /dev/initctl Compatibility Named Pipe.
[[0;32m  OK  [0m] Started Dispatch Password Requests to Console Directory Watch.
[[0;32m  OK  [0m] Reached target Paths.
         Mounting Kernel Configuration File System...
         Starting Apply Kernel Variables...
[[0;32m  OK  [0m] Created slice system-getty.slice.
[[0;32m  OK  [0m] Mounted Kernel Debug File System.
[   30.756875] systemd[1]: Mounted Kernel Configuration File System.
[[0;32m  OK  [0m] Mounted Kernel Configuration File System.
[   30.784884] systemd[1]: Mounted POSIX Message Queue File System.
[[0;32m  OK  [0m] Mounted POSIX Message Queue File System.
[   30.812822] systemd[1]: Mounted Huge Pages File System.
[[0;32m  OK  [0m] Mounted Huge Pages File System.
[   30.836941] systemd[1]: Mounted Temporary Directory (/tmp).
[[0;32m  OK  [0m] Mounted Temporary Directory (/tmp).
[   30.865046] systemd[1]: Started Journal Service.
[[0;32m  OK  [0m] Started Journal Service.
[[0;32m  OK  [0m] Started Remount Root and Kernel File Systems.
[[0;32m  OK  [0m] Started Apply Kernel Variables.
         Starting Create Static Device Nodes in /dev...
         Starting udev Coldplug all Devices...
         Starting Flush Journal to Persistent Storage...
[   31.060671] systemd-journald[265]: Received request to flush runtime journal from PID 1
[[0;32m  OK  [0m] Started Flush Journal to Persistent Storage.
[[0;32m  OK  [0m] Started Create Static Device Nodes in /dev.
         Starting udev Kernel Device Manager...
[[0;32m  OK  [0m] Reached target Local File Systems (Pre).
         Mounting /var/volatile...
[[0;32m  OK  [0m] Mounted /var/volatile.
         Starting Load/Save Random Seed...
[[0;32m  OK  [0m] Reached target Local File Systems.
         Starting Create Volatile Files and Directories...
[[0;32m  OK  [0m] Started udev Kernel Device Manager.
[[0;32m  OK  [0m] Started Load/Save Random Seed.
[[0;32m  OK  [0m] Started Create Volatile Files and Directories.
         Starting Update UTMP about System Boot/Shutdown...
[[0;32m  OK  [0m] Started Update UTMP about System Boot/Shutdown.
[[0;32m  OK  [0m] Started udev Coldplug all Devices.
[[0;32m  OK  [0m] Found device /dev/ttySC0.
[[0;32m  OK  [0m] Created slice system-systemd\x2dbacklight.slice.
         Starting Load/Save Screen Backlightâ€¦ightness of backlight:backlight...
[[0;32m  OK  [0m] Started Load/Save Screen Backlight Brightness of backlight:backlight.
[   33.267188] rcar_sound ec500000.sound: Can't update kctrl when idle
[[0;32m  OK  [0m] Reached target System Initialization.
[[0;32m  OK  [0m] Listening on D-Bus System Message Bus Socket.
[[0;32m  OK  [0m] Listening on Avahi mDNS/DNS-SD Stack Activation Socket.
[[0;32m  OK  [0m] Started Daily Cleanup of Temporary Directories.
[[0;32m  OK  [0m] Listening on RPCbind Server Activation Socket.
[[0;32m  OK  [0m] Started dnf makecache timer.
[[0;32m  OK  [0m] Started dnf-automatic-install timer.
[[0;32m  OK  [0m] Started dnf-automatic-download timer.
[[0;32m  OK  [0m] Started Daily rotation of log files.
         Starting Console System Startup Logging...
         Starting Network Service...
         Starting sshd.socket.
[[0;32m  OK  [0m] Started dnf-automatic-notifyonly timer.
[[0;32m  OK  [0m] Reached target Timers.
[[0;32m  OK  [0m] Reached target Sound Card.
[[0;32m  OK  [0m] Started Console System Startup Logging.
[[0;32m  OK  [0m] Listening on sshd.socket.
[[0;32m  OK  [0m] Reached target Sockets.
[[0;32m  OK  [0m] Reached target Basic System.
[[0;32m  OK  [0m] Started optee services.
         Starting Avahi mDNS/DNS-SD Stack...
[[0;32m  OK  [0m] Started Job spooling tools.
[[0;32m  OK  [0m] Reached target Containers.
         Starting Login Service...
         Starting Telephony service...
[[0;32m  OK  [0m] Started Periodic Command Scheduler.
         Starting bind.service...
[[0;32m  OK  [0m] Started D-Bus System Message Bus.
[[0;32m  OK  [0m] Started Avahi mDNS/DNS-SD Stack.
[[0;32m  OK  [0m] Started Telephony service.
[[0;32m  OK  [0m] Started Weston Wayland compositor.
         Starting Save/Restore Sound Card State...
[[0;32m  OK  [0m] Started Network Service.
[[0;32m  OK  [0m] Reached target Netwo[   34.565486] rcar_sound ec500000.sound: Can't update kctrl when idle
rk.
         Starting Network Name Resolution...
         Starting Berkeley Internet Name Domain (DNS)...
         Starting Xinetd A Powerful Replacement For Inetd...
         Starting Permit User Sessions...
[[0;32m  OK  [0m] Started bind.service.
[[0;32m  OK  [0m] Started Save/Restore Sound Card State.
[[0;32m  OK  [0m] Started Xinetd A Powerful Replacement For Inetd.
[[0;32m  OK  [0m] Started Permit User Sessions.
[[0;32m  OK  [0m] Started Network Name Resolution.
[[0;32m  OK  [0m] Started Login Service.
[[0;1;31mFAILED[0m] Failed to start Berkeley Internet Name Domain (DNS).
See 'systemctl status named.service' for details.
[[0;32m  OK  [0m] Created slice User Slice of root.
         Starting User Manager for UID 0...
[[0;32m  OK  [0m] Reached target Host and Network Name Lookups.
[[0;32m  OK  [0m] Started Getty on tty1.
[   35.113165] audit: type=1006 audit(1516156422.456:2): pid=483 uid=0 old-auid=4294967295 auid=0 tty=(none) old-ses=4294967295 ses=1 res=1
[[0;32m  OK  [0m] Started Serial Getty[   35.136524] audit: type=1300 audit(1516156422.456:2): arch=c00000b7 syscall=64 success=yes exit=1 a0=8 a1=ffffe5a97458 a2=1 a3=0 items=0 ppid=1 pid=483 auid=0 uid=0 gid=0 euid=0 suid=0 fsuid=0 egid=0 sgid=0 fsgid=0 tty=(none) ses=1 comm="(systemd)" exe="/lib/systemd/systemd" key=(null)
 on ttySC0.
[   35.176616] audit: type=1327 audit(1516156422.456:2): proctitle="(systemd)"
[[0;32m  OK  [0m] Reached target Login Prompts.
[[0;32m  OK  [0m] Reached target Multi-User System.
         Starting Update UTMP about System Runlevel Changes...
[[0;32m  OK  [0m] Started Session c1 of user root.
[[0;32m  OK  [0m] Started User Manager for UID 0.
[[0;32m  OK  [0m] Started Update UTMP about System Runlevel Changes.

Poky (Yocto Project Reference Distro) 2.4.1 salvator-x ttySC0

salvator-x login: 
Poky (Yocto Project Reference Distro) 2.4.1 salvator-x ttySC0

salvator-x login: root
Last login: Wed Jan 17 02:33:42 UTC 2018 on tty2
7[r[999;999H[6n8root@salvator-x:~# 
root@salvator-x:~# 
root@salvator-x:~# 
root@salvator-x:~# 
root@salvator-x:~# 
root@salvator-x:~# 
root@salvator-x:~# 
root@salvator-x:~# 
root@salvator-x:~# 
root@salvator-x:~# zcat /proc/config.gz | grep SERIAL_SH_SCI_DMA
CONFIG_SERIAL_SH_SCI_DMA=y
root@salvator-x:~# 
root@salvator-x:~# dmesg | grep scif
[    0.256517] platform e6060000.pinctrl: Fixed dependency cycle(s) with /soc/pinctrl@e6060000/scif_clk
[    0.845920] e6e68000.serial: ttySC1 at MMIO 0xe6e68000 (irq = 28, base_baud = 0) is a scif
[    0.848111] e6e88000.serial: ttySC0 at MMIO 0xe6e88000 (irq = 29, base_baud = 0) is a scif
root@salvator-x:~# 
stty -F /dev/ttyUSB2 speed 38400 cs8 -cstopb
38400

cat /dev/ttyUSB2


---------- BOARD -----------

root@salvator-x:~# stty -F /dev/ttySC1 speed 38400 cs8 -cstopb
9600
root@salvator-x:~# 
root@salvator-x:~# i2cset -f -y 7 0x30 0x20 0x0f
root@salvator-x:~# 

Switch SW23 off and input 'yes' to continue:
Input 'yes' to continue: 

root@salvator-x:~# echo N > /sys/module/printk/parameters/console_suspend
root@salvator-x:~# 
root@salvator-x:~# cat ~/file_1MB.dat > /dev/ttySC1 & echo mem > /sys/power/stat e
[1] 507
[   90.033120] PM: suspend entry (deep)
[   90.038299] Filesystems sync: 0.001 seconds
10000110110101101010111111111111101101010101001101010101011010101010000000000101

11001011000110000011000011010011001101001010001010101101010010110101001101010100

11101010110000010010100101010101010000000000001011011101001010101010101011001010

[   90.118471] Freezing user space processes
[   90.126862] Freezing user space processes completed (elapsed 0.003 seconds)
[   90.134428] OOM killer disabled.
[   90.137764] Freezing remaining freezable tasks
[   90.144663] Freezing remaining freezable tasks completed (elapsed 0.002 seconds)
10000110110101101010111111111111101101010101001101010101011010101010000000000101

11001011000110000011000011010011001101001010001010101101010010110101001101010100

11101010110000010010100101010101010000000000001011011101001010101010101011001010

[   90.201140] ravb e6800000.ethernet eth0: Link is Down
10000110110101101010111111111111101101010101001101010101011010101010000000000101

11001011000110000011000011010011001101001010001010101101010010110101001101010100

11101010110000010010100101010101010000000000001011011101001010101010101011001010

10000110110101101010111111111111101101010101001101010101011010101010000000000101

11001011000110000011000011010011001101001010001010101101010010110101001101010100

11101010110000010010100101010101010000000000001011011101001010101010101011001010

10000110110101101010111111111111101101010101001101010101011010101010000000000101

11001011000110000011000011010011001101001010001010101101010010110101001101010100

[   90.414454] Disabling non-boot CPUs ...
[   90.424213] psci: CPU1 killed (polled 0 ms)
[   90.434616] psci: CPU2 killed (polled 0 ms)
[   90.443508] psci: CPU3 killed (polled 0 ms)
[   90.452435] psci: CPU4 killed (polled 0 ms)
[   90.460998] psci: CPU5 killed (polled 0 ms)
[   90.469791] psci: CPU6 killed (polled 0 ms)
[   90.488303] psci: CPU7 killed (polled 4 ms)
 
 Switch power switch: 

NOTICE:  BL2: R-Car Gen3 Initial Program Loader(CA57) Rev.3.0.3
NOTICE:  BL2: PRR is R-Car H3 Ver.3.0
NOTICE:  BL2: Board is Salvator-XS Rev.1.1
NOTICE:  BL2: Boot device is HyperFlash(160MHz)
NOTICE:  BL2: LCM state is CM
NOTICE:  AVS setting succeeded. DVFS_SetVID=0x53
NOTICE:  BL2: DDR3200(rev.0.41)
NOTICE:  BL2: [WARM_BOOT]
NOTICE:  BL2: DRAM Split is 4ch(DDR f)
NOTICE:  BL2: QoS is default setting(rev.0.11)
NOTICE:  BL2: DRAM refresh interval 1.95 usec
NOTICE:  BL2: Periodic Write DQ Training
NOTICE:  BL2: CH0: 400000000 - 47fffffff, 2 GiB
NOTICE:  BL2: CH1: 500000000 - 57fffffff, 2 GiB
NOTICE:  BL2: CH2: 600000000 - 67fffffff, 2 GiB
NOTICE:  BL2: CH3: 700000000 - 77fffffff, 2 GiB
NOTICE:  BL2: FDT at 0xe632cdf0
NOTICE:  BL2: v2.9(release):v2.9.0
NOTICE:  BL2: Built : 08:54:53, Dec 14 2023
NOTICE:  BL2: Normal boot
[   90.494983] Enabling non-boot CPUs ...
[   90.499461] Detected PIPT I-cache on CPU1
[   90.499553] CPU1: Booted secondary processor 0x0000000001 [0x411fd073]
[   90.503337] CPU1 is up
[   90.516658] Detected PIPT I-cache on CPU2
[   90.516719] CPU2: Booted secondary processor 0x0000000002 [0x411fd073]
[   90.518419] CPU2 is up
[   90.531731] Detected PIPT I-cache on CPU3
[   90.531791] CPU3: Booted secondary processor 0x0000000003 [0x411fd073]
[   90.533449] CPU3 is up
[   90.546768] Detected VIPT I-cache on CPU4
[   90.546872] CPU4: Booted secondary processor 0x0000000100 [0x410fd034]
[   90.551687] cpufreq: cpufreq_online: CPU4: Running at unlisted initial frequency: 1010880 KHz, changing to: 1200000 KHz
[   90.577366] CPU4 is up
[   90.580005] Detected VIPT I-cache on CPU5
[   90.580112] CPU5: Booted secondary processor 0x0000000101 [0x410fd034]
[   90.583244] CPU5 is up
[   90.596589] Detected VIPT I-cache on CPU6
[   90.596677] CPU6: Booted secondary processor 0x0000000102 [0x410fd034]
[   90.599756] CPU6 is up
[   90.613065] Detected VIPT I-cache on CPU7
[   90.613153] CPU7: Booted secondary processor 0x0000000103 [0x410fd034]
[   90.617660] CPU7 is up
11101010110000010010100101010 10000110110101101010111111111111101101010101001101010101011010101010000000000101

11001011000110000011000011010011001101001010001010101101010010110101001101010100

11101010110000010010100101010101010000000000001011011101001010101010101011001010

[   90.782541] usb usb2: root hub lost power or was reset
[   90.788204] usb usb1: root 10000110110101101010111111111111101101010101001101010101011010101010000000000101
hub lo
s11001011000110000011000011010011001101001010001010101101010010110101001101010100
t p
owe11101010110000010010100101010101010000000000001011011101001010101010101011001010
r 
or was reset
10000110110101101010111111111111101101010101001101010101011010101010000000000101

11001011000110000011000011010011001101001010001010101101010010110101001101010100

11101010110000010010100101010101010000000000001011011101001010101010101011001010

[   90.878261] usb usb3: root hub lost power or was reset
[   90.883651] usb usb4: root hub lost power or was reset
10000110110101101010111111111111101101010101001101010101011010101010000000000101

11001011000110000011000011010011001101001010001010101101010010110101001101010100

11101010110000010010100101010101010000000000001011011101001010101010101011001010

[   90.970090] usb usb6: root hub lost power or was reset
10000110110101101010111111111111101101010101001101010101011010101010000000000101

11001011000110000011000011010011001101001010001010101101010010110101001101010100

11101010110000010010100101010101010000000000001011011101001010101010101011001010

[   90.975538] usb usb5: root hub lost power or was reset
[   91.066153] usb usb7: root hub lost power or was reset
[   91.071679] usb usb8: root hub lost power or was reset
10000110110101101010111111111111101101010101001101010101011010101010000000000101

11001011000110000011000011010011001101001010001010101101010010110101001101010100

11101010110000010010100101010101010000000000001011011101001010101010101011001010

10000110110101101010111111111111101101010101001101010101011010101010000000000101

11001011000110000011000011010011001101001010001010101101010010110101001101010100

11101010110000010010100101010101010000000000001011011101001010101010101011001010

[   91.152160] Micrel KSZ9031 Gigabit PHY e6800000.ethernet-ffffffff:00: attached PHY driver (mii_bus:phy_addr=e6800000.ethernet-ffffffff:00, irq=193)
10000110110101101010111111111111101101010101001101010101011010101010000000000101

11001011000110000011000011010011001101001010001010101101010010110101001101010100

11101010110000010010100101010101010000000000001011011101001010101010101011001010

[   91.182395] ttySC ttySC1: 1 input overrun(s)
[   91.220074] OOM killer enabled.
[   91.228258] Restarting tasks ... done.
[   91.248158] random: crng reseeded on system resumption
[   91.258577] PM: suspend exit
root@salvator-x:~# 10000110110101101010111111111111101101010101001101010101011010101010000000000101

11001011000110000011000011010011001101001010001010101101010010110101001101010100

11101010110000010010100101010101010000000000001011011101001010101010101011001010

10000110110101101010111111111111101101010101001101010101011010101010000000000101

11001011000110000011000011010011001101001010001010101101010010110101001101010100

11101010110000010010100101010101010000000000001011011101001010101010101011001010

10000110110101101010111111111111101101010101001101010101011010101010000000000101

11001011000110000011000011010011001101001010001010101101010010110101001101010100

11101010110000010010100101010101010000000000001011011101001010101010101011001010

10000110110101101010111111111111101101010101001101010101011010101010000000000101

11001011000110000011000011010011001101001010001010101101010010110101001101010100

11101010110000010010100101010101010000000000001011011101001010101010101011001010

10000110110101101010111111111111101101010101001101010101011010101010000000000101

[   91.488279] ata1: link resume succeeded after 1 retries
11001011000110000011000011010011001101001010001010101101010010110101001101010100

11101010110000010010100101010101010000000000001011011101001010101010101011001010

10000110110101101010111111111111101101010101001101010101011010101010000000000101

11001011000110000011000011010011001101001010001010101101010010110101001101010100

11101010110000010010100101010101010000000000001011011101001010101010101011001010

10000110110101101010111111111111101101010101001101010101011010101010000000000101

[   91.600792] ata1: SATA link down (SStatus 0 SControl 300)
11001011000110000011000011010011001101001010001010101101010010110101001101010100

11101010110000010010100101010101010000000000001011011101001010101010101011001010

10000110110101101010111111111111101101010101001101010101011010101010000000000101

11001011000110000011000011010011001101001010001010101101010010110101001101010100

11101010110000010010100101010101010000000000001011011101001010101010101011001010

10000110110101101010111111111111101101010101001101010101011010101010000000000101

11001011000110000011000011010011001101001010001010101101010010110101001101010100

11101010110000010010100101010101010000000000001011011101001010101010101011001010

10000110110101101010111111111111101101010101001101010101011010101010000000000101

11001011000110000011000011010011001101001010001010101101010010110101001101010100

11101010110000010010100101010101010000000000001011011101001010101010101011001010

10000110110101101010111111111111101101010101001101010101011010101010000000000101

11001011000110000011000011010011001101001010001010101101010010110101001101010100

11101010110000010010100101010101010000000000001011011101001010101010101011001010

10000110110101101010111111111111101101010101001101010101011010101010000000000101

11001011000110000011000011010011001101001010001010101101010010110101001101010100

11101010110000010010100101010101010000000000001011011101001010101010101011001010

10000110110101101010111111111111101101010101001101010101011010101010000000000101

11001011000110000011000011010011001101001010001010101101010010110101001101010100

11101010110000010010100101010101010000000000001011011101001010101010101011001010

10000110110101101010111111111111101101010101001101010101011010101010000000000101

11001011000110000011000011010011001101001010001010101101010010110101001101010100

11101010110000010010100101010101010000000000001011011101001010101010101011001010

10000110110101101010111111111111101101010101001101010101011010101010000000000101

11001011000110000011000011010011001101001010001010101101010010110101001101010100

11101010110000010010100101010101010000000000001011011101001010101010101011001010

10000110110101101010111111111111101101010101001101010101011010101010000000000101

11001011000110000011000011010011001101001010001010101101010010110101001101010100

11101010110000010010100101010101010000000000001011011101001010101010101011001010

10000110110101101010111111111111101101010101001101010101011010101010000000000101

11001011000110000011000011010011001101001010001010101101010010110101001101010100

11101010110000010010100101010101010000000000001011011101001010101010101011001010

10000110110101101011010001010101101010010110101001101010100







11101010110000010010100101010101010000000000001011011101001010101010101011001010







10000110110101101010111111111111101101010101001101010101011010101010000000000101







11001011000110000011000011010011001101001010001010101101010010110101001101010100







11101010110000010010100101010101010000000000001011011101001010101010101011001010







10000110110101101010111111111111101101010101001101010101011010101010000000000101







11001011000110000011000011010011001101001010001010101101010010110101001101010100







11101010110000010010100101010101010010000110110101101010111111111111101101010101001101010101011010101010000000000101







11001011000110000011000011010011001101001010001010101101010010110101001101010100







11101010110000010010100101010101010000000000001011011101001010101010101011001010







10000110110101101010111111111111101101010101001101010101011010101010000000000101







11001011000110000011000011010011001101001010001010101101010010110101001101010100







11101010110000010010100101010101010000000000001011011101001010101010101011001010







10000110110101101010111111111111101101010101001101010101011010101010000000000101







11001011000110000011000011010011001101001010001010101101010010110101001101010100







11101010110000010010100101010101010000000000001011011101001010101010101011001010







10000110110101101010111111111111101101010101001101010101011010101010000000000101







11001011000110000011000011010011001101001010001010101101010010110101001101010100







11101010110000010010100101010101010000000000001011011101001010101010101011001010







10000110110101101010111111111111101101010101001101010101011010101010000000000101







11001011000110000011000011010011001101001010001010101101010010110101001101010100







11101010110000010010100101010101010000000000001011011101001010101010101011001010







10000110110101101010111111111111101101010101001101010101011010101010000000000101







10111111111111101101010101001101010101011010101010000000000101

11001011000110000011000011010011001101001010001010101101010010110101001101010100

11101010110000010010100101010101010000000000001011011101001010101010101011001010

10000110110101101010111111111111101101010101001101010101011010101010000000000101

11001011000110000011000011010011001101001010001010101101010010110101001101010100

11101010110000010010100101010101010000000000001011011101001010101010101011001010

10000110110101101010111111111111101101010101001101010101011010101010000000000101

11001011000110000011000011010011001101001010001010101101010010110101001101010100

11101010110000010010100101010101010000000000001011011101001010101010101011001010

10000110110101101010111111111111101101010101001101010101011010101010000000000101

11001011000110000011000011010011001101001010001010101101010010110101001101010100

11101010110000010010100101010101010000000000001011011101001010101010101011001010

10000110110101101010111111111111101101010101001101010101011010101010000000000101

11001011000110000011000011010011001101001010001010101101010010110101001101010100

11101010110000010010100101010101010000000000001011011101001010101010101011001010

10000110110101101010111111111111101101010101001101010101011010101010000000000101

11001011000110000011000011010011001101001010001010101101010010110101001101010100

11101010110000010010100101010101010000000000001011011101001010101010101011001010

10000110110101101010111111111111101101010101001101010101011010101010000000000101

11001011000110000011000011010011001101001010001010101101010010110101001101010100

11101010110000010010100101010101010000000000001011011101001010101010101011001010

10000110110101101010111111111111101101010101001101010101011010101010000000000101

11001011000110000011000011010011001101001010001010101101010010110101001101010100

11101010110000010010100101010101010000000000001011011101001010101010101011001010

10000110110101101010111111111111101101010101001101010101011010101010000000000101

1100101100011000001100001101001100110100101001011000110000011000011010011001101001010001010101101010010110101001101010100







11101010110000010010100101010101010000000000001011011101001010101010101011001010







1000011011010110101011111111111110110101L‚ŠŠ‚Š‚‚Š‚Š‚‚‚Š‚Š‚Š‚ŠŠ‚Š‚Š‚‚Š‚ŠŠ‚Š‚Š‚‚ŠŠ‚Š‚Š‚Š‚‚j





11101010110000010010100101010101010000000000001011011101001010101010101011001010







10000110110101101010111111111111101101010101001101010101011010101010000000000101







11001011000110000011000011010011001101001010001010101101010010110101001101010100







11101010110000010010100101010101010000000000001011011101001010101010101011001010







10000110110101101010111111111111101101010101001101010101011010101010000000000101







11001011000110000011000011010011001101001010001010101101010010110101001101010100







11101010110000010010100101010101010000000000001011011101001010101010101011001010







10000110110101101010111111111111101101010101001101010101011010101010000000000101







11001011000110000011000011010011001101001010001010101101010010110101001101010100







11101010110000010010100101010101010000000000001011011101001010101010101011001010







10000110110101101010111111111111101101010101001101010101011010101010000000000101







11001011000110000011000011010011001101001010001010101101010010110101001101010100







11101010110000010010100101010101010000000000001011011101001010101010101011001010







10000110110101101010111111111111101101010101001101010101011010101010000000000101







11001011000110000011000011010011001101001010001010101101010010110101001101010100







11101010110000010010100101010101010000000000001011011101001010101010101011001010







10000110110101101010111111111111101101010101001101010101011010101010000000000101







11001011000110000011000011010011001101001010001010101101010010110101001101010100







111010101100000100110001010101101010010110101001101010100

11101010110000010010100101010101010000000000001011011101001010101010101011001010

10000110110101101010111111111111101101010101001101010101011010101010000000000101

11001011000110000011000011010011001101001010001010101101010010110101001101010100

11101010110000010010100101010101010000000000001011011101001010101010101011001010

10000110110101101010111111111111101101010101001101010101011010101010000000000101

11001011000110000011000011010011001101001010001010101101010010110101001101010100

11101010110000010010100101010101010000000000001011011101001010101010101011001010

10000110110101101010111111111111101101010101001101010101011010101010000000000101

11001011000110000011000011010011001101001010001010101101010010110101001101010100

11101010110000010010100101010101010000000000001011011101001010101010101011001010

10000110110101101010111111111111101101010101001101010101011010101010000000000101

11001011000110000011000011010011001101001010001010101101010010110101001101010100

11101010110000010010100101010101010000000000001011011101001010101010101011001010

10000110110101101010111111111111101101010101001101010101011010101010000000000101

11001011000110000011000011010011001101001010001010101101010010110101001101010100

11101010110000010010100101010101010000000000001011011101001010101010101011001010

10000110110101101010111111111111101101010101001101010101011010101010000000000101

11001011000110000011000011010011001101001010001010101101010010110101001101010100

11101010110000010010100101010101010000000000001011011101001010101010101011001010

10000110110101101010111111111111101101010101001101010101011010101010000000000101

11001011000110000011000011010011001101001010001010101101010010110101001101010100

11101010110000010010100101010101010000000000001011011101001010101010101011001010

10000110110101101010111111111111101101010101001101010101011010101010000000000101

11001011000110000011000011010011001101001010001010101101010010110101001101010100

11101010110000010010100101010101010000000000001011011101001010101010101011001010

10000110110101101010111111111111101101010101001101010101011010101010000000000101

11001011000110000011000011010011001101001010001010101101010010110101001101010100

11101010110000010010100101010101010000000000001011011101001010101010101011001010

10000110110101101010111111111111101101010101001101010101011010101010000000000101

11001011000110000011000011010011001101001010001010101101010010110101001101010100

11101010110000010010100101010101010000000000001011011101001010101010101011001010

10000110110101101010111111111111101101010101001101010101011010101010000000000101

11001011000110000011000011010011001101001010001010101101010010110101001101010100

11101010110000010010100101010101010000000000001011011101001010101010101011001010

10000110110101101010111111111111101101010101001101010101011010101010000000000101

11001011000110000011000011010011001101001010001010101101010010110101001101010100

11101010110000010010100101010101010000000000001011011101001010101010101011001010

10000110110101101010111111111111101101010101001101010101011010101010000000000101

11001011000110000011000011010011001101001010001010101101010010110101001101010100

11101010110000010010100101010101010000000000001011011101001010101010101011001010

10000110110101101010111111111111101101010101001101010101011010101010000000000101

11001011000110000011000011010011001101001010001010101101010010110101001101010100

11101010110000010010100101010101010000000000001011011101001010101010101011001010

10000110110101101010111111111111101101010101001101010101011010101010000000000101

11001011000110000011000011010011001101001010001010101101010010110101001101010100

11101010110000010010100101010101010000000000001011011101001010101010101011001010

10000110110101101010111111111111101101010101001101010101011010101010000000000101

11001011000110000011000011010011001101001010001010101101010010110101001101010100

11101010110000010010100101010101010000000000001011011101001010101010101011001010

10000110110101101010111111111111101101010101001101010101011010101010000000000101

11001011000110000011000011010011001101001010001010101101010010110101001101010100

11101010110000010010100101010101010000000000001011011101001010101010101011001010

10000110110101101010111111111111101101010101001101010101011010101010000000000101

11001011000110000011000011010011001101001010001010101101010010110101001101010100

11101010110000010010100101010101010000000000001011011101001010101010101011001010

10000110110101101010111111111111101101010101001101010101011010101010000000000101

11001011000110000011000011010011001101001010001010101101010010110101001101010100

11101010110000010010100101010101010000000000001011011101001010101010101011001010

10000110110101101010111111111111101101010101001101010101011010101010000000000101

11001011000110000011000011010011001101001010001010101101010010110101001101010100

11101010110000010010100101010101010000000000001011011101001010101010101011001010

10000110110101101010111111111111101101010101001101010101011010101010000000000101

11001011000110000011000011010011001101001010001010101101010010110101001101010100

11101010110000010010100101010101010000000000001011011101001010101010101011001010

10000110110101101010111111111111101101010101001101010101011010101010000000000101

11001011000110000011000011010011001101001010001010101101010010110101001101010100

11101010110000010010100101010101010000000000001011011101001010101010101011001010

10000110110101101010111111111111101101010101001101010101011010101010000000000101

11001011000110000011000011010011001101001010001010101101010010110101001101010100

11101010110000010010100101010101010000000000001011011101001010101010101011001010

10000110110101101010111111111111101101010101001101010101011010101010000000000101

11001011000110000011000011010011001101001010001010101101010010110101001101010100

11101010110000010010100101010101010000000000001011011101001010101010101011001010

10000110110101101010111111111111101101010101001101010101011010101010000000000101

11001011000110000011000011010011001101001010001010101101010010110101001101010100

11101010110000010010100101010101010000000000001011011101001010101010101011001010

10000110110101101010111111111111101101010101001101010101011010101010000000000101

11001011000110000011000011010011001101001010001010101101010010110101001101010100

11101010110000010010100101010101010000000000001011011101001010101010101011001010

10000110110101101010111111111111101101010101001101010101011010101010000000000101

11001011000110000011000011010011001101001010001010101101010010110101001101010100

11101010110000010010100101010101010000000000001011011101001010101010101011001010

10000110110101101010111111111111101101010101001101010101011010101010000000000101

11001011000110000011000011010011001101001010001010101101010010110101001101010100

11101010110000010010100101010101010000000000001011011101001010101010101011001010

10000110110101101010111111111111101101010101001101010101011010101010000000000101

11001011000110000011000011010011001101001010001010101101010010110101001101010100

11101010110000010010100101010101010000000000001011011101001010101010101011001010

10000110110101101010111111111111101101010101001101010101011010101010000000000101

11001011000110000011000011010011001101001010001010101101010010110101001101010100

11101010110000010010100101010101010000000000001011011101001010101010101011001010

10000110110101101010111111111111101101010101001101010101011010101010000000000101

11001011000110000011000011010011001101001010001010101101010010110101001101010100

11101010110000010010100101010101010000000000001011011101001010101010101011001010

10000110110101101010111111111111101101010101001101010101011010101010000000000101

11001011000110000011000011010011001101001010001010101101010010110101001101010100

11101010110000010010100101010101010000000000001011011101001010101010101011001010

10000110110101101010111111111111101101010101001101010101011010101010000000000101

11001011000110000011000011010011001101001010001010101101010010110101001101010100

11101010110000010010100101010101010000000000001011011101001010101010101011001010

10000110110101101010111111111111101101010101001101010101011010101010000000000101

11001011000110000011000011010011001101001010001010101101010010110101001101010100

11101010110000010010100101010101010000000000001011011101001010101010101011001010

10000110110101101010111111111111101101010101001101010101011010101010000000000101

11001011000110000011000011010011001101001010001010101101010010110101001101010100

11101010110000010010100101010101010000000000001011011101001010101010101011001010

10000110110101101010111111111111101101010101001101010101011010101010000000000101

11001011000110000011000011010011001101001010001010101101010010110101001101010100

11101010110000010010100101010101010000000000001011011101001010101010101011001010

10000110110101101010111111111111101101010101001101010101011010101010000000000101

11001011000110000011000011010011001101001010001010101101010010110101001101010100

11101010110000010010100101010101010000000000001011011101001010101010101011001010

10000110110101101010111111111111101101010101001101010101011010101010000000000101

11001011000110000011000011010011001101001010001010101101010010110101001101010100

11101010110000010010100101010101010000000000001011011101001010101010101011001010

10000110110101101010111111111111101101010101001101010101011010101010000000000101

11001011000110000011000011010011001101001010001010101101010010110101001101010100

11101010110000010010100101010101010000000000001011011101001010101010101011001010

10000110110101101010111111111111101101010101001101010101011010101010000000000101

11001011000110000011000011010011001101001010001010101101010010110101001101010100

11101010110000010010100101010101010000000000001011011101001010101010101011001010

10000110110101101010111111111111101101010101001101010101011010101010000000000101

11001011000110000011000011010011001101001010001010101101010010110101001101010100

11101010110000010010100101010101010000000000001011011101001010101010101011001010

10000110110101101010111111111111101101010101001101010101011010101010000000000101

11001011000110000011000011010011001101001010001010101101010010110101001101010100

11101010110000010010100101010101010000000000001011011101001010101010101011001010

10000110110101101010111111111111101101010101001101010101011010101010000000000101

11001011000110000011000011010011001101001010001010101101010010110101001101010100

11101010110000010010100101010101010000000000001011011101001010101010101011001010

10000110110101101010111111111111101101010101001101010101011010101010000000000101

11001011000110000011000011010011001101001010001010101101010010110101001101010100

11101010110000010010100101010101010000000000001011011101001010101010101011001010

10000110110101101010111111111111101101010101001101010101011010101010000000000101

11001011000110000011000011010011001101001010001010101101010010110101001101010100

11101010110000010010100101010101010000000000001011011101001010101010101011001010

10000110110101101010111111111111101101010101001101010101011010101010000000000101

11001011000110000011000011010011001101001010001010101101010010110101001101010100

11101010110000010010100101010101010000000000001011011101001010101010101011001010

10000110110101101010111111111111101101010101001101010101011010101010000000000101

11001011000110000011000011010011001101001010001010101101010010110101001101010100

11101010110000010010100101010101010000000000001011011101001010101010101011001010

10000110110101101010111111111111101101010101001101010101011010101010000000000101

11001011000110000011000011010011001101001010001010101101010010110101001101010100

11101010110000010010100101010101010000000000001011011101001010101010101011001010

10000110110101101010111111111111101101010101001101010101011010101010000000000101

11001011000110000011000011010011001101001010001010101101010010110101001101010100

11101010110000010010100101010101010000000000001011011101001010101010101011001010

10000110110101101010111111111111101101010101001101010101011010101010000000000101

11001011000110000011000011010011001101001010001010101101010010110101001101010100

11101010110000010010100101010101010000000000001011011101001010101010101011001010

10000110110101101010111111111111101101010101001101010101011010101010000000000101

11001011000110000011000011010011001101001010001010101101010010110101001101010100

11101010110000010010100101010101010000000000001011011101001010101010101011001010

10000110110101101010111111111111101101010101001101010101011010101010000000000101

11001011000110000011000011010011001101001010001010101101010010110101001101010100

11101010110000010010100101010101010000000000001011011101001010101010101011001010

10000110110101101010111111111111101101010101001101010101011010101010000000000101

11001011000110000011000011010011001101001010001010101101010010110101001101010100

11101010110000010010100101010101010000000000001011011101001010101010101011001010

10000110110101101010111111111111101101010101001101010101011010101010000000000101

11001011000110000011000011010011001101001010001010101101010010110101001101010100

11101010110000010010100101010101010000000000001011011101001010101010101011001010

10000110110101101010111111111111101101010101001101010101011010101010000000000101

11001011000110000011000011010011001101001010001010101101010010110101001101010100

11101010110000010010100101010101010000000000001011011101001010101010101011001010

10000110110101101010111111111111101101010101001101010101011010101010000000000101

11001011000110000011000011010011001101001010001010101101010010110101001101010100

11101010110000010010100101010101010000000000001011011101001010101010101011001010

10000110110101101010111111111111101101010101001101010101011010101010000000000101

11001011000110000011000011010011001101001010001010101101010010110101001101010100

11101010110000010010100101010101010000000000001011011101001010101010101011001010

10000110110101101010111111111111101101010101001101010101011010101010000000000101

11001011000110000011000011010011001101001010001010101101010010110101001101010100

11101010110000010010100101010101010000000000001011011101001010101010101011001010

10000110110101101010111111111111101101010101001101010101011010101010000000000101

11001011000110000011000011010011001101001010001010101101010010110101001101010100

11101010110000010010100101010101010000000000001011011101001010101010101011001010

10000110110101101010111111111111101101010101001101010101011010101010000000000101

11001011000110000011000011010011001101001010001010101101010010110101001101010100

11101010110000010010100101010101010000000000001011011101001010101010101011001010

10000110110101101010111111111111101101010101001101010101011010101010000000000101

11001011000110000011000011010011001101001010001010101101010010110101001101010100

11101010110000010010100101010101010000000000001011011101001010101010101011001010

10000110110101101010111111111111101101010101001101010101011010101010000000000101

11001011000110000011000011010011001101001010001010101101010010110101001101010100

11101010110000010010100101010101010000000000001011011101001010101010101011001010

10000110110101101010111111111111101101010101001101010101011010101010000000000101

11001011000110000011000011010011001101001010001010101101010010110101001101010100

11101010110000010010100101010101010000000000001011011101001010101010101011001010

10000110110101101010111111111111101101010101001101010101011010101010000000000101

11001011000110000011000011010011001101001010001010101101010010110101001101010100

11101010110000010010100101010101010000000000001011011101001010101010101011001010

10000110110101101010111111111111101101010101001101010101011010101010000000000101

11001011000110000011000011010011001101001010001010101101010010110101001101010100

11101010110000010010100101010101010000000000001011011101001010101010101011001010

10000110110101101010111111111111101101010101001101010101011010101010000000000101

11001011000110000011000011010011001101001010001010101101010010110101001101010100

11101010110000010010100101010101010000000000001011011101001010101010101011001010

10000110110101101010111111111111101101010101001101010101011010101010000000000101

11001011000110000011000011010011001101001010001010101101010010110101001101010100

11101010110000010010100101010101010000000000001011011101001010101010101011001010

10000110110101101010111111111111101101010101001101010101011010101010000000000101

11001011000110000011000011010011001101001010001010101101010010110101001101010100

11101010110000010010100101010101010000000000001011011101001010101010101011001010

10000110110101101010111111111111101101010101001101010101011010101010000000000101

11001011000110000011000011010011001101001010001010101101010010110101001101010100

11101010110000010010100101010101010000000000001011011101001010101010101011001010

10000110110101101010111111111111101101010101001101010101011010101010000000000101

11001011000110000011000011010011001101001010001010101101010010110101001101010100

11101010110000010010100101010101010000000000001011011101001010101010101011001010

10000110110101101010111111111111101101010101001101010101011010101010000000000101

11001011000110000011000011010011001101001010001010101101010010110101001101010100

11101010110000010010100101010101010000000000001011011101001010101010101011001010

10000110110101101010111111111111101101010101001101010101011010101010000000000101

11001011000110000011000011010011001101001010001010101101010010110101001101010100

11101010110000010010100101010101010000000000001011011101001010101010101011001010

10000110110101101010111111111111101101010101001101010101011010101010000000000101

11001011000110000011000011010011001101001010001010101101010010110101001101010100

11101010110000010010100101010101010000000000001011011101001010101010101011001010

10000110110101101010111111111111101101010101001101010101011010101010000000000101

11001011000110000011000011010011001101001010001010101101010010110101001101010100

11101010110000010010100101010101010000000000001011011101001010101010101011001010

10000110110101101010111111111111101101010101001101010101011010101010000000000101

11001011000110000011000011010011001101001010001010101101010010110101001101010100

11101010110000010010100101010101010000000000001011011101001010101010101011001010

10000110110101101010111111111111101101010101001101010101011010101010000000000101

11001011000110000011000011010011001101001010001010101101010010110101001101010100

11101010110000010010100101010101010000000000001011011101001010101010101011001010

10000110110101101010111111111111101101010101001101010101011010101010000000000101

11001011000110000011000011010011001101001010001010101101010010110101001101010100

11101010110000010010100101010101010000000000001011011101001010101010101011001010

10000110110101101010111111111111101101010101001101010101011010101010000000000101

11001011000110000011000011010011001101001010001010101101010010110101001101010100

11101010110000010010100101010101010000000000001011011101001010101010101011001010

10000110110101101010111111111111101101010101001101010101011010101010000000000101

11001011000110000011000011010011001101001010001010101101010010110101001101010100

11101010110000010010100101010101010000000000001011011101001010101010101011001010

10000110110101101010111111111111101101010101001101010101011010101010000000000101

11001011000110000011000011010011001101001010001010101101010010110101001101010100

11101010110000010010100101010101010000000000001011011101001010101010101011001010

10000110110101101010111111111111101101010101001101010101011010101010000000000101

11001011000110000011000011010011001101001010001010101101010010110101001101010100

11101010110000010010100101010101010000000000001011011101001010101010101011001010

10000110110101101010111111111111101101010101001101010101011010101010000000000101

11001011000110000011000011010011001101001010001010101101010010110101001101010100

11101010110000010010100101010101010000000000001011011101001010101010101011001010

10000110110101101010111111111111101101010101001101010101011010101010000000000101

11001011000110000011000011010011001101001010001010101101010010110101001101010100

11101010110000010010100101010101010000000000001011011101001010101010101011001010

10000110110101101010111111111111101101010101001101010101011010101010000000000101

11001011000110000011000011010011001101001010001010101101010010110101001101010100

11101010110000010010100101010101010000000000001011011101001010101010101011001010

10000110110101101010111111111111101101010101001101010101011010101010000000000101

11001011000110000011000011010011001101001010001010101101010010110101001101010100

11101010110000010010100101010101010000000000001011011101001010101010101011001010

10000110110101101010111111111111101101010101001101010101011010101010000000000101

11001011000110000011000011010011001101001010001010101101010010110101001101010100

11101010110000010010100101010101010000000000001011011101001010101010101011001010

10000110110101101010111111111111101101010101001101010101011010101010000000000101

11001011000110000011000011010011001101001010001010101101010010110101001101010100

11101010110000010010100101010101010000000000001011011101001010101010101011001010

10000110110101101010111111111111101101010101001101010101011010101010000000000101

[   99.503180] ravb e6800000.ethernet eth0: Link is Up - 1Gbps/Full - flow control off
11001011000110000011000011010011001101001010001010101101010010110101001101010100

11101010110000010010100101010101010000000000001011011101001010101010101011001010

10000110110101101010111111111111101101010101001101010101011010101010000000000101

11001011000110000011000011010011001101001010001010101101010010110101001101010100

11101010110000010010100101010101010000000000001011011101001010101010101011001010

10000110110101101010111111111111101101010101001101010101011010101010000000000101

11001011000110000011000011010011001101001010001010101101010010110101001101010100

11101010110000010010100101010101010000000000001011011101001010101010101011001010

10000110110101101010111111111111101101010101001101010101011010101010000000000101

11001011000110000011000011010011001101001010001010101101010010110101001101010100

11101010110000010010100101010101010000000000001011011101001010101010101011001010

10000110110101101010111111111111101101010101001101010101011010101010000000000101

11001011000110000011000011010011001101001010001010101101010010110101001101010100

11101010110000010010100101010101010000000000001011011101001010101010101011001010

10000110110101101010111111111111101101010101001101010101011010101010000000000101

11001011000110000011000011010011001101001010001010101101010010110101001101010100

11101010110000010010100101010101010000000000001011011101001010101010101011001010

10000110110101101010111111111111101101010101001101010101011010101010000000000101

11001011000110000011000011010011001101001010001010101101010010110101001101010100

11101010110000010010100101010101010000000000001011011101001010101010101011001010

10000110110101101010111111111111101101010101001101010101011010101010000000000101

11001011000110000011000011010011001101001010001010101101010010110101001101010100

11101010110000010010100101010101010000000000001011011101001010101010101011001010

10000110110101101010111111111111101101010101001101010101011010101010000000000101

11001011000110000011000011010011001101001010001010101101010010110101001101010100

11101010110000010010100101010101010000000000001011011101001010101010101011001010

10000110110101101010111111111111101101010101001101010101011010101010000000000101

11001011000110000011000011010011001101001010001010101101010010110101001101010100

11101010110000010010100101010101010000000000001011011101001010101010101011001010

10000110110101101010111111111111101101010101001101010101011010101010000000000101

11001011000110000011000011010011001101001010001010101101010010110101001101010100

11101010110000010010100101010101010000000000001011011101001010101010101011001010

10000110110101101010111111111111101101010101001101010101011010101010000000000101

11001011000110000011000011010011001101001010001010101101010010110101001101010100

11101010110000010010100101010101010000000000001011011101001010101010101011001010

10000110110101101010111111111111101101010101001101010101011010101010000000000101

11001011000110000011000011010011001101001010001010101101010010110101001101010100

11101010110000010010100101010101010000000000001011011101001010101010101011001010

10000110110101101010111111111111101101010101001101010101011010101010000000000101

11001011000110000011000011010011001101001010001010101101010010110101001101010100

11101010110000010010100101010101010000000000001011011101001010101010101011001010

10000110110101101010111111111111101101010101001101010101011010101010000000000101

11001011000110000011000011010011001101001010001010101101010010110101001101010100

11101010110000010010100101010101010000000000001011011101001010101010101011001010

10000110110101101010111111111111101101010101001101010101011010101010000000000101

11001011000110000011000011010011001101001010001010101101010010110101001101010100

11101010110000010010100101010101010000000000001011011101001010101010101011001010

10000110110101101010111111111111101101010101001101010101011010101010000000000101

11001011000110000011000011010011001101001010001010101101010010110101001101010100

11101010110000010010100101010101010000000000001011011101001010101010101011001010

10000110110101101010111111111111101101010101001101010101011010101010000000000101

11001011000110000011000011010011001101001010001010101101010010110101001101010100

11101010110000010010100101010101010000000000001011011101001010101010101011001010

10000110110101101010111111111111101101010101001101010101011010101010000000000101

11001011000110000011000011010011001101001010001010101101010010110101001101010100

11101010110000010010100101010101010000000000001011011101001010101010101011001010

10000110110101101010111111111111101101010101001101010101011010101010000000000101

11001011000110000011000011010011001101001010001010101101010010110101001101010100

11101010110000010010100101010101010000000000001011011101001010101010101011001010

10000110110101101010111111111111101101010101001101010101011010101010000000000101

11001011000110000011000011010011001101001010001010101101010010110101001101010100

11101010110000010010100101010101010000000000001011011101001010101010101011001010

10000110110101101010111111111111101101010101001101010101011010101010000000000101

11001011000110000011000011010011001101001010001010101101010010110101001101010100

11101010110000010010100101010101010000000000001011011101001010101010101011001010

10000110110101101010111111111111101101010101001101010101011010101010000000000101

11001011000110000011000011010011001101001010001010101101010010110101001101010100

11101010110000010010100101010101010000000000001011011101001010101010101011001010

10000110110101101010111111111111101101010101001101010101011010101010000000000101

11001011000110000011000011010011001101001010001010101101010010110101001101010100

11101010110000010010100101010101010000000000001011011101001010101010101011001010

10000110110101101010111111111111101101010101001101010101011010101010000000000101

11001011000110000011000011010011001101001010001010101101010010110101001101010100

11101010110000010010100101010101010000000000001011011101001010101010101011001010

10000110110101101010111111111111101101010101001101010101011010101010000000000101

11001011000110000011000011010011001101001010001010101101010010110101001101010100

11101010110000010010100101010101010000000000001011011101001010101010101011001010

10000110110101101010111111111111101101010101001101010101011010101010000000000101

11001011000110000011000011010011001101001010001010101101010010110101001101010100

11101010110000010010100101010101010000000000001011011101001010101010101011001010

10000110110101101010111111111111101101010101001101010101011010101010000000000101

11001011000110000011000011010011001101001010001010101101010010110101001101010100

11101010110000010010100101010101010000000000001011011101001010101010101011001010

10000110110101101010111111111111101101010101001101010101011010101010000000000101

11001011000110000011000011010011001101001010001010101101010010110101001101010100

11101010110000010010100101010101010000000000001011011101001010101010101011001010

10000110110101101010111111111111101101010101001101010101011010101010000000000101

11001011000110000011000011010011001101001010001010101101010010110101001101010100

11101010110000010010100101010101010000000000001011011101001010101010101011001010

10000110110101101010111111111111101101010101001101010101011010101010000000000101

11001011000110000011000011010011001101001010001010101101010010110101001101010100

11101010110000010010100101010101010000000000001011011101001010101010101011001010

10000110110101101010111111111111101101010101001101010101011010101010000000000101

11001011000110000011000011010011001101001010001010101101010010110101001101010100

11101010110000010010100101010101010000000000001011011101001010101010101011001010

10000110110101101010111111111111101101010101001101010101011010101010000000000101

11001011000110000011000011010011001101001010001010101101010010110101001101010100

11101010110000010010100101010101010000000000001011011101001010101010101011001010

10000110110101101010111111111111101101010101001101010101011010101010000000000101

11001011000110000011000011010011001101001010001010101101010010110101001101010100

11101010110000010010100101010101010000000000001011011101001010101010101011001010

10000110110101101010111111111111101101010101001101010101011010101010000000000101

11001011000110000011000011010011001101001010001010101101010010110101001101010100

11101010110000010010100101010101010000000000001011011101001010101010101011001010

10000110110101101010111111111111101101010101001101010101011010101010000000000101

11001011000110000011000011010011001101001010001010101101010010110101001101010100

11101010110000010010100101010101010000000000001011011101001010101010101011001010

10000110110101101010111111111111101101010101001101010101011010101010000000000101

11001011000110000011000011010011001101001010001010101101010010110101001101010100

11101010110000010010100101010101010000000000001011011101001010101010101011001010

10000110110101101010111111111111101101010101001101010101011010101010000000000101

11001011000110000011000011010011001101001010001010101101010010110101001101010100

11101010110000010010100101010101010000000000001011011101001010101010101011001010

10000110110101101010111111111111101101010101001101010101011010101010000000000101

11001011000110000011000011010011001101001010001010101101010010110101001101010100

11101010110000010010100101010101010000000000001011011101001010101010101011001010

10000110110101101010111111111111101101010101001101010101011010101010000000000101

11001011000110000011000011010011001101001010001010101101010010110101001101010100

11101010110000010010100101010101010000000000001011011101001010101010101011001010

10000110110101101010111111111111101101010101001101010101011010101010000000000101

11001011000110000011000011010011001101001010001010101101010010110101001101010100

11101010110000010010100101010101010000000000001011011101001010101010101011001010

10000110110101101010111111111111101101010101001101010101011010101010000000000101

11001011000110000011000011010011001101001010001010101101010010110101001101010100

11101010110000010010100101010101010000000000001011011101001010101010101011001010

10000110110101101010111111111111101101010101001101010101011010101010000000000101

11001011000110000011000011010011001101001010001010101101010010110101001101010100

11101010110000010010100101010101010000000000001011011101001010101010101011001010

10000110110101101010111111111111101101010101001101010101011010101010000000000101

11001011000110000011000011010011001101001010001010101101010010110101001101010100

11101010110000010010100101010101010000000000001011011101001010101010101011001010

10000110110101101010111111111111101101010101001101010101011010101010000000000101

11001011000110000011000011010011001101001010001010101101010010110101001101010100

11101010110000010010100101010101010000000000001011011101001010101010101011001010

10000110110101101010111111111111101101010101001101010101011010101010000000000101

11001011000110000011000011010011001101001010001010101101010010110101001101010100

11101010110000010010100101010101010000000000001011011101001010101010101011001010

10000110110101101010111111111111101101010101001101010101011010101010000000000101

11001011000110000011000011010011001101001010001010101101010010110101001101010100

11101010110000010010100101010101010000000000001011011101001010101010101011001010

10000110110101101010111111111111101101010101001101010101011010101010000000000101

11001011000110000011000011010011001101001010001010101101010010110101001101010100

11101010110000010010100101010101010000000000001011011101001010101010101011001010

10000110110101101010111111111111101101010101001101010101011010101010000000000101

11001011000110000011000011010011001101001010001010101101010010110101001101010100

11101010110000010010100101010101010000000000001011011101001010101010101011001010

10000110110101101010111111111111101101010101001101010101011010101010000000000101

11001011000110000011000011010011001101001010001010101101010010110101001101010100

11101010110000010010100101010101010000000000001011011101001010101010101011001010

10000110110101101010111111111111101101010101001101010101011010101010000000000101

11001011000110000011000011010011001101001010001010101101010010110101001101010100

