
----------- BOARD ------------

root@salvator-x:~# mount -t tmpfs -o size=700M tmpfs /tmp
root@salvator-x:~# 
root@salvator-x:~# dd if=/dev/zero of=/tmp/tmp.img bs=1M count=650
650+0 records in
650+0 records out
681574400 bytes (682 MB, 650 MiB) copied, 3.13509 s, 217 MB/s
root@salvator-x:~# 
root@salvator-x:~# mkfs.ext3 -L storage /tmp/tmp.img
mke2fs 1.47.0 (5-Feb-2023)
Discarding device blocks:      0/166400             done                            
Creating filesystem with 166400 4k blocks and 41664 inodes
Filesystem UUID: 4ccc341a-62d6-4ac0-8a36-52ebb3d0b3f1
Superblock backups stored on blocks: 
	32768, 98304, 163840

Allocating group tables: 0/6   done                            
Writing inode tables: 0/6   done                            
Creating journal (4096 blocks): done
Writing superblocks and filesystem accounting information: 0/6   done

root@salvator-x:~# 
root@salvator-x:~# modprobe g_mass_storage file=/tmp/tmp.img
[  386.626900] Mass Storage Function, version: 2009/09/11
[  386.632811] LUN: removable file: (no medium)
[  386.637762] LUN: file: /tmp/tmp.img
[  386.641387] Number of LUNs=1
[  386.645663] g_mass_storage gadget: Mass Storage Gadget, version: 2009/09/11
[  386.652735] g_mass_storage gadget: userspace failed to provide iSerialNumber
[  386.659871] g_mass_storage gadget: g_mass_storage ready
root@salvator-x:~# 
root@salvator-x:~# cat /sys/devices/platform/soc/e6590000.usb/udc/e6590000.usb/state
configured
root@salvator-x:~# 
---------- HOST-PC -----------

dmesg
[100160.347579] usb 1-1.3: new high-speed USB device number 102 using xhci_hcd
[100160.452287] usb 1-1.3: New USB device found, idVendor=0525, idProduct=a4a5, bcdDevice= 5.10
[100160.452305] usb 1-1.3: New USB device strings: Mfr=3, Product=4, SerialNumber=0
[100160.452313] usb 1-1.3: Product: Mass Storage Gadget
[100160.452320] usb 1-1.3: Manufacturer: Linux 5.10.218-yocto-standard with renesas_usbhs_udc
[100160.457936] usb-storage 1-1.3:1.0: USB Mass Storage device detected
[100160.458397] usb-storage 1-1.3:1.0: Quirks match for vid 0525 pid a4a5: 10000
[100160.458507] scsi host2: usb-storage 1-1.3:1.0
[100161.484691] scsi 2:0:0:0: Direct-Access     Linux    File-Stor Gadget 0510 PQ: 0 ANSI: 2
[100161.485023] sd 2:0:0:0: Attached scsi generic sg1 type 0
[100161.485477] sd 2:0:0:0: Power-on or device reset occurred
[100161.486200] sd 2:0:0:0: [sdc] 1331200 512-byte logical blocks: (682 MB/650 MiB)
[100161.594454] sd 2:0:0:0: [sdc] Write Protect is off
[100161.594459] sd 2:0:0:0: [sdc] Mode Sense: 0f 00 00 00
[100161.702711] sd 2:0:0:0: [sdc] Write cache: enabled, read cache: enabled, doesn't support DPO or FUA
[100162.030989] sd 2:0:0:0: [sdc] Attached SCSI disk
[100162.410085] EXT4-fs (sdc): mounting ext3 file system using the ext4 subsystem
[100162.418272] EXT4-fs (sdc): mounted filesystem with ordered data mode. Opts: (null). Quota mode: none.

df -h
Filesystem      Size  Used Avail Use% Mounted on
udev            3,8G     0  3,8G   0% /dev
tmpfs           784M  2,4M  781M   1% /run
/dev/nvme0n1p4  458G  305G  130G  71% /
tmpfs           3,9G     0  3,9G   0% /dev/shm
tmpfs           5,0M  8,0K  5,0M   1% /run/lock
tmpfs           3,9G     0  3,9G   0% /sys/fs/cgroup
/dev/loop0      128K  128K     0 100% /snap/bare/5
/dev/loop3       64M   64M     0 100% /snap/core20/2182
/dev/loop1       56M   56M     0 100% /snap/core18/2829
/dev/loop2       64M   64M     0 100% /snap/core20/2318
/dev/loop4       75M   75M     0 100% /snap/core22/1439
/dev/loop5       75M   75M     0 100% /snap/core22/1380
/dev/loop8      506M  506M     0 100% /snap/gnome-42-2204/176
/dev/loop12      12M   12M     0 100% /snap/nmap/3470
/dev/loop10      92M   92M     0 100% /snap/gtk-common-themes/1535
/dev/loop11     350M  350M     0 100% /snap/gnome-3-38-2004/143
/dev/loop7      497M  497M     0 100% /snap/gnome-42-2204/141
/dev/loop6      384K  384K     0 100% /snap/device-tree-compiler/91
/dev/loop9      9,8M  9,8M     0 100% /snap/htop/4407
/dev/loop14      41M   41M     0 100% /snap/snapd/20290
/dev/loop17      13M   13M     0 100% /snap/snap-store/1113
/dev/loop13     347M  347M     0 100% /snap/gnome-3-38-2004/119
/dev/loop15      13M   13M     0 100% /snap/snap-store/959
/dev/loop16      12M   12M     0 100% /snap/nmap/3514
/dev/loop18      39M   39M     0 100% /snap/snapd/21759
/dev/nvme0n1p1  3,7G  210M  3,3G   6% /boot
/dev/nvme0n1p2  3,9G  6,1M  3,9G   1% /boot/efi
tmpfs           784M   28K  784M   1% /run/user/1000
/dev/sdb        968M  601M  317M  66% /home/rvc/mnt/usb
/dev/sdc        624M   44K  591M   1% /media/rvc/storage

sudo time dd if=/dev/zero of=./file-600M bs=600M count=1 oflag=direct
1+0 records in
1+0 records out
629145600 bytes (629 MB, 600 MiB) copied, 0,666578 s, 944 MB/s
0.00user 0.69system 0:00.71elapsed 97%CPU (0avgtext+0avgdata 616928maxresident)k
160inputs+1228800outputs (2major+153690minor)pagefaults 0swaps

-------------- READ --------------
sudo time dd if=./file-600M of=/media/rvc/storage/file-600M_from_nfs bs=1M count=600 oflag=direct
600+0 records in
600+0 records out
629145600 bytes (629 MB, 600 MiB) copied, 28,0933 s, 22,4 MB/s
0.01user 1.78system 0:28.09elapsed 6%CPU (0avgtext+0avgdata 3580maxresident)k
26240inputs+1228800outputs (1major+349minor)pagefaults 0swaps

-------------- WRITE --------------
sudo time dd if=/media/rvc/storage/file-600M_from_nfs of=./file-600M_from_usb bs=1M count=600 oflag=direct
600+0 records in
600+0 records out
629145600 bytes (629 MB, 600 MiB) copied, 23,4443 s, 26,8 MB/s
0.01user 1.56system 0:23.44elapsed 6%CPU (0avgtext+0avgdata 3528maxresident)k
1228728inputs+1228800outputs (0major+351minor)pagefaults 0swaps

sudo umount /media/rvc/storage

----------- BOARD ------------

root@salvator-x:~# rmmod g_mass_storage
root@salvator-x:~# 
root@salvator-x:~# rm -rf /tmp/tmp.img
root@salvator-x:~# 

---------- HOST-PC -----------

dmesg
[100218.221716] usb 1-1.3: USB disconnect, device number 102
[100218.255172] sd 2:0:0:0: [sdc] Synchronizing SCSI cache
[100218.255203] sd 2:0:0:0: [sdc] Synchronize Cache(10) failed: Result: hostbyte=DID_NO_CONNECT driverbyte=DRIVER_OK

 
#### Result: OK ####
