root@salvator-x:~#          Stopping¦         Stopping Session c2 of User root...
[  OK  ] Removed slice Slice /system/modprobe.
[  OK  ] Stopped target Graphical Interface.
[  OK  ] Stopped target Host and Network Name Lookups.
[  OK  ] Stopped target RPC Port Mapper.
[  OK  ] Stopped target Sound Card.
[  OK  ] Stopped target System Time Set.
[  OK  ] Stopped target Timer Units.
[  OK  ] Stopped Daily Cleanup of Temporary Directories.
[  OK  ] Stopped target Hardware activated USB gadget.
         Stopping Save/Restore Sound Card State...
         Stopping Load/Save OS Random Seed...
         Stopping Weston Wayland Compositor...
[  OK  ] Stopped Serial Getty on ttySC0.
[  OK  ] Stopped Weston Wayland Compositor.
[  OK  ] Stopped Save/Restore Sound Card State.
[  OK  ] Stopped Load/Save OS Random Seed.
[  OK  ] Stopped Session c1 of User root.
[  OK  ] Stopped Session c2 of User root.
[  OK  ] Removed slice Slice /system/serial-getty.
[  OK  ] Removed slice Slice /system/weston.
[  OK  ] Stopped target Multi-User System.
[  OK  ] Stopped target Login Prompts.
         Stopping Avahi mDNS/DNS-SD Stack...
         Stopping Kernel Logging Service...
         Stopping System Logging Service...
         Stopping Getty on tty1...
         Stopping optee services...
         Stopping PowerVR consumer services...
         Stopping set_default_governor.service...
         Stopping User Login Management...
         Stopping User Manager for UID 0...
[  OK  ] Stopped Avahi mDNS/DNS-SD Stack.
[  OK  ] Stopped Kernel Logging Service.
[  OK  ] Stopped System Logging Service.
[  OK  ] Stopped Getty on tty1.
[  OK  ] Stopped User Manager for UID 0.
[  OK  ] Stopped optee services.
[  OK  ] Stopped PowerVR consumer services.
[  OK  ] Stopped set_default_governor.service.
[  OK  ] Removed slice Slice /system/getty.
         Stopping pvrinit.service...
         Stopping Permit User Sessions...
         Stopping User Runtime Directory /run/user/0...
[  OK  ] Stopped User Login Management.
[  OK  ] Unmounted /run/user/0.
[  OK  ] Stopped pvrinit.service.
[  OK  ] Stopped Permit User Sessions.
[  OK  ] Stopped User Runtime Directory /run/user/0.
[  OK  ] Removed slice User Slice of UID 0.
[  OK  ] Stopped target Network.
[  OK  ] Stopped target Remote File Systems.
         Stopping D-Bus System Message Bus...
         Stopping Network Configuration...
[  OK  ] Stopped Network Configuration.
[  OK  ] Stopped D-Bus System Message Bus.
[  OK  ] Stopped target Basic System.
[  OK  ] Stopped target Preparation for Network.
[  OK  ] Stopped target Path Units.
[  OK  ] Stopped Dispatch Password Requests to Console Directory Watch.
[  OK  ] Stopped Forward Password Requests to Wall Directory Watch.
[  OK  ] Stopped target Slice Units.
[  OK  ] Removed slice User and Session Slice.
[  OK  ] Stopped target Socket Units.
[  OK  ] Closed Avahi mDNS/DNS-SD Stack Activation Socket.
[  OK  ] Closed D-Bus System Message Bus Socket.
[  OK  ] Closed dropbear.socket.
[  OK  ] Stopped target System Initialization.
[  OK  ] Closed Syslog Socket.
[  OK  ] Closed Network Service Netlink Socket.
         Stopping Network Name Resolution...
         Stopping Network Time Synchronization...
[  OK  ] Stopped Update is Completed.
[  OK  ] Stopped Rebuild Dynamic Linker Cache.
[  OK  ] Stopped Rebuild Journal Catalog.
[  OK  ] Stopped Network Name Resolution.
[  OK  ] Stopped Network Time Synchronization.
[  OK  ] Stopped Apply Kernel Variables.
[  OK  ] Stopped Load Kernel Modules.
[  OK  ] Stopped Create Volatile Files and Directories.
[  OK  ] Stopped target Local File Systems.
         Unmounting Temporary Directory /tmp...
         Unmounting /var/volatile...
[  OK  ] Unmounted /var/volatile.
[  OK  ] Unmounted Temporary Directory /tmp.
[  OK  ] Stopped target Preparation for Local File Systems.
[  OK  ] Stopped target Swaps.
[  OK  ] Reached target Unmount All Filesystems.
[  OK  ] Stopped Create Static Device Nodes in /dev.
[  OK  ] Stopped Create System Users.
[  OK  ] Stopped Remount Root and Kernel File Systems.
[  OK  ] Stopped Create Static Device Nodes in /dev gracefully.
[  OK  ] Reached target System Shutdown.
[  OK  ] Reached target Late Shutdown Services.
[  OK  ] Finished System Reboot.
[  OK  ] Reached target System Reboot.
[   71.888958] watchdog: watchdog0: watchdog did not stop!
[   71.913210] systemd-shutdown[1]: Using hardware watchdog 'Renesas WDT Watchdog', version 0, device /dev/watchdog0
[   71.923652] systemd-shutdown[1]: Watchdog running with a timeout of 1min.
[   71.981733] systemd-shutdown[1]: Syncing filesystems and block devices.
[   71.988629] systemd-shutdown[1]: Sending SIGTERM to remaining processes...
[   72.027885] systemd-journald[353]: Received SIGTERM from PID 1 (systemd-shutdow).
[   72.036400] audit: type=1335 audit(1720066627.468:3): pid=353 uid=0 auid=4294967295 tty=(none) ses=4294967295 comm="systemd-journal" exe="/usr/lib/systemd/systemd-journald" nl-mcgrp=1 op=disconnect res=1
[   72.055279] systemd-shutdown[1]: Sending SIGKILL to remaining processes...
[   72.090464] systemd-shutdown[1]: Unmounting file systems.
[   72.096500] systemd-shutdown[1]: All filesystems unmounted.
[   72.102131] systemd-shutdown[1]: Deactivating swaps.
[   72.107654] systemd-shutdown[1]: All swaps deactivated.
[   72.112914] systemd-shutdown[1]: Detaching loop devices.
[   72.125116] systemd-shutdown[1]: All loop devices detached.
[   72.130739] systemd-shutdown[1]: Stopping MD devices.
[   72.140785] systemd-shutdown[1]: All MD devices stopped.
[   72.146137] systemd-shutdown[1]: Detaching DM devices.
[   72.156453] systemd-shutdown[1]: All DM devices detached.
[   72.161889] systemd-shutdown[1]: All filesystems, swaps, loop devices, MD devices and DM devices detached.
[   72.176632] systemd-shutdown[1]: Syncing filesystems and block devices.
[   72.183378] systemd-shutdown[1]: Rebooting.
[   72.216170] reboot: Restarting system
NOTICE:  BL2: R-Car Gen3 Initial Program Loader(CA57) Rev.4.0.0
NOTICE:  BL2: PRR is R-Car H3 Ver.3.0
NOTICE:  BL2: Board is Salvator-XS Rev.1.0
NOTICE:  BL2: Boot device is HyperFlash(160MHz)
NOTICE:  BL2: LCM state is CM
NOTICE:  AVS setting succeeded. DVFS_SetVID=0x53
NOTICE:  BL2: DDR3200(rev.0.42)
NOTICE:  BL2: [COLD_BOOT]
NOTICE:  BL2: DRAM Split is 4ch(DDR f)
NOTICE:  BL2: QoS is default setting(rev.0.11)
NOTICE:  BL2: DRAM refresh interval 1.95 usec
NOTICE:  BL2: Periodic Write DQ Training
NOTICE:  BL2: CH0: 400000000 - 47fffffff, 2 GiB
NOTICE:  BL2: CH1: 500000000 - 57fffffff, 2 GiB
NOTICE:  BL2: CH2: 600000000 - 67fffffff, 2 GiB
NOTICE:  BL2: CH3: 700000000 - 77fffffff, 2 GiB
NOTICE:  BL2: Lossy Decomp areas
NOTICE:       Entry 0: DCMPAREACRAx:0x80000540 DCMPAREACRBx:0x570
NOTICE:       Entry 1: DCMPAREACRAx:0x40000000 DCMPAREACRBx:0x0
NOTICE:       Entry 2: DCMPAREACRAx:0x20000000 DCMPAREACRBx:0x0
NOTICE:  BL2: FDT at 0xe6326f78
NOTICE:  BL2: v2.9(release):9cdb21f75-dirty
NOTICE:  BL2: Built : 02:52:22, Jul 10 2024
NOTICE:  BL2: Normal boot
NOTICE:  BL2: dst=0xe6326800 src=0x8180000 len=512(0x200)
NOTICE:  BL2: dst=0x43f00000 src=0x8180400 len=6144(0x1800)
NOTICE:  rcar_file_len: len: 0x0003e000
NOTICE:  BL2: dst=0x44000000 src=0x81c0000 len=253952(0x3e000)
NOTICE:  rcar_file_len: len: 0x00200000
NOTICE:  BL2: dst=0x44100000 src=0x8200000 len=2097152(0x200000)
NOTICE:  rcar_file_len: len: 0x00100000
NOTICE:  BL2: dst=0x50000000 src=0x8640000 len=1048576(0x100000)
NOTICE:  BL2: Booting BL31


U-Boot 2020.10 (Jul 04 2024 - 05:20:46 +0000)

CPU: Renesas Electronics R8A7795 rev 3.0
Model: Renesas Salvator-X 2nd version board based on r8a77951
DRAM:  7.9 GiB
RAM Configuration:
Bank #0: 0x048000000 - 0x0bfffffff, 1.9 GiB
Bank #1: 0x500000000 - 0x57fffffff, 2 GiB
Bank #2: 0x600000000 - 0x67fffffff, 2 GiB
Bank #3: 0x700000000 - 0x77fffffff, 2 GiB

MMC:   sd@ee100000: 0, sd@ee140000: 1, sd@ee160000: 2
Loading Environment from MMC... OK
In:    serial@e6e88000
Out:   serial@e6e88000
Err:   serial@e6e88000
Net:   eth0: ethernet@e6800000
Hit any key to stop autoboot:  0
ethernet@e6800000 Waiting for PHY auto negotiation to complete.......... done
Using ethernet@e6800000 device
TFTP from server 192.168.8.8; our IP address is 192.168.8.59
Filename 'long.trinh-tien/H3_full/Image'.
Load address: 0x48080000
Loading: #################################################################
         #################################################################
         #################################################################
         #################################################################
         #################################################################
         #################################################################
         #################################################################
         #################################################################
         #################################################################
         #################################################################
         #################################################################
         #################################################################
         #################################################################
         #################################################################
         #################################################################
         #################################################################
         #################################################################
         #################################################################
         #################################################################
         #################################################################
         #################################################################
         #################################################################
         #################################################################
         #################################################################
         #################################################################
         #################################################################
         #################################################################
         #################################################################
         #################################################################
         #################################################################
         #################################################################
         #################################################################
         #################################################################
         #################################################################
         #################################################################
         ######################
         2.4 MiB/s
done
Bytes transferred = 33714688 (2027200 hex)
Using ethernet@e6800000 device
TFTP from server 192.168.8.8; our IP address is 192.168.8.59
Filename 'long.trinh-tien/H3_full/r8a77951-salvator-xs.dtb'.
Load address: 0x48000000
Loading: #######
         2.4 MiB/s
done
Bytes transferred = 90876 (162fc hex)
Moving Image from 0x48080000 to 0x48200000, end=4a2b0000
## Flattened Device Tree blob at 48000000
   Booting using the fdt blob at 0x48000000
   Using Device Tree in place at 0000000048000000, end 00000000480192fb

Starting kernel ...

[    0.000000] Booting Linux on physical CPU 0x0000000000 [0x411fd073]
[    0.000000] Linux version 5.10.218-yocto-standard (oe-user@oe-host) (aarch64-poky-linux-gcc (GCC) 13.2.0, GNU ld (GNU Binutils) 2.42.0.20240216) #1 SMP PREEMPT Thu Jul 4 04:03:05 UTC 2024
[    0.000000] Machine model: Renesas Salvator-X 2nd version board based on r8a77951
[    0.000000] efi: UEFI not found.
[    0.000000] Reserved memory: created CMA memory pool at 0x0000000057000000, size 16 MiB
[    0.000000] OF: reserved mem: initialized node linux,adsp@57000000, compatible id shared-dma-pool
[    0.000000] Reserved memory: created CMA memory pool at 0x0000000058000000, size 384 MiB
[    0.000000] OF: reserved mem: initialized node linux,cma@58000000, compatible id shared-dma-pool
[    0.000000] Reserved memory: created CMA memory pool at 0x0000000070000000, size 256 MiB
[    0.000000] OF: reserved mem: initialized node linux,multimedia@70000000, compatible id shared-dma-pool
[    0.000000] NUMA: No NUMA configuration found
[    0.000000] NUMA: Faking a node at [mem 0x0000000048000000-0x000000077fffffff]
[    0.000000] NUMA: NODE_DATA [mem 0x77efd9b00-0x77efdbfff]
[    0.000000] Zone ranges:
[    0.000000]   DMA      [mem 0x0000000048000000-0x000000007fffffff]
[    0.000000]   DMA32    [mem 0x0000000080000000-0x00000000ffffffff]
[    0.000000]   Normal   [mem 0x0000000100000000-0x000000077fffffff]
[    0.000000] Movable zone start for each node
[    0.000000] Early memory node ranges
[    0.000000]   node   0: [mem 0x0000000048000000-0x0000000053ffffff]
[    0.000000]   node   0: [mem 0x0000000054000000-0x0000000056ffffff]
[    0.000000]   node   0: [mem 0x0000000057000000-0x00000000bfffffff]
[    0.000000]   node   0: [mem 0x0000000500000000-0x000000057fffffff]
[    0.000000]   node   0: [mem 0x0000000600000000-0x000000067fffffff]
[    0.000000]   node   0: [mem 0x0000000700000000-0x000000077fffffff]
[    0.000000] Initmem setup node 0 [mem 0x0000000048000000-0x000000077fffffff]
[    0.000000] psci: probing for conduit method from DT.
[    0.000000] psci: PSCIv1.1 detected in firmware.
[    0.000000] psci: Using standard PSCI v0.2 function IDs
[    0.000000] psci: Trusted OS resident on physical CPU 0x0
[    0.000000] psci: SMC Calling Convention v1.2
[    0.000000] percpu: Embedded 23 pages/cpu s56984 r8192 d29032 u94208
[    0.000000] Detected PIPT I-cache on CPU0
[    0.000000] CPU features: detected: EL2 vector hardening
[    0.000000] CPU features: detected: Spectre-v2
[    0.000000] CPU features: detected: ARM errata 1165522, 1319367, or 1530923
[    0.000000] CPU features: detected: Spectre-BHB
[    0.000000] CPU features: detected: ARM erratum 1742098
[    0.000000] Built 1 zonelists, mobility grouping on.  Total pages: 2032128
[    0.000000] Policy zone: Normal
[    0.000000] Kernel command line: rw root=/dev/nfs nfsroot=192.168.8.8:/tftpboot/long.trinh-tien/H3_full/rootfs,nfsvers=4 ip=192.168.8.20 baudrate=115200
[    0.000000] Dentry cache hash table entries: 1048576 (order: 11, 8388608 bytes, linear)
[    0.000000] Inode-cache hash table entries: 524288 (order: 10, 4194304 bytes, linear)
[    0.000000] mem auto-init: stack:all(zero), heap alloc:off, heap free:off
[    0.000000] software IO TLB: mapped [mem 0x0000000050000000-0x0000000054000000] (64MB)
[    0.000000] Memory: 7276516K/8257536K available (15552K kernel code, 2844K rwdata, 8256K rodata, 6144K init, 524K bss, 309276K reserved, 671744K cma-reserved)
[    0.000000] SLUB: HWalign=64, Order=0-3, MinObjects=0, CPUs=8, Nodes=1
[    0.000000] rcu: Preemptible hierarchical RCU implementation.
[    0.000000] rcu:     RCU event tracing is enabled.
[    0.000000] rcu:     RCU restricting CPUs from NR_CPUS=256 to nr_cpu_ids=8.
[    0.000000]  Trampoline variant of Tasks RCU enabled.
[    0.000000] rcu: RCU calculated value of scheduler-enlistment delay is 25 jiffies.
[    0.000000] rcu: Adjusting geometry for rcu_fanout_leaf=16, nr_cpu_ids=8
[    0.000000] NR_IRQS: 64, nr_irqs: 64, preallocated irqs: 0
[    0.000000] arch_timer: cp15 timer(s) running at 8.32MHz (virt).
[    0.000000] clocksource: arch_sys_counter: mask: 0xffffffffffffff max_cycles: 0x1eb398c07, max_idle_ns: 440795202503 ns
[    0.000003] sched_clock: 56 bits at 8MHz, resolution 120ns, wraps every 2199023255503ns
[    0.000216] Console: colour dummy device 80x25
[    0.000418] printk: console [tty0] enabled
[    0.000490] Calibrating delay loop (skipped), value calculated using timer frequency.. 16.64 BogoMIPS (lpj=33280)
[    0.000505] pid_max: default: 32768 minimum: 301
[    0.000562] LSM: Security Framework initializing
[    0.000648] Mount-cache hash table entries: 16384 (order: 5, 131072 bytes, linear)
[    0.000699] Mountpoint-cache hash table entries: 16384 (order: 5, 131072 bytes, linear)
[    0.002126] rcu: Hierarchical SRCU implementation.
[    0.003745] Detected Renesas R-Car Gen3 r8a7795 ES3.0
[    0.005881] EFI services will not be available.
[    0.006231] smp: Bringing up secondary CPUs ...
[    0.006683] Detected PIPT I-cache on CPU1
[    0.006731] CPU1: Booted secondary processor 0x0000000001 [0x411fd073]
[    0.007219] Detected PIPT I-cache on CPU2
[    0.007246] CPU2: Booted secondary processor 0x0000000002 [0x411fd073]
[    0.007673] Detected PIPT I-cache on CPU3
[    0.007694] CPU3: Booted secondary processor 0x0000000003 [0x411fd073]
[    0.008151] CPU features: detected: ARM erratum 845719
[    0.008163] Detected VIPT I-cache on CPU4
[    0.008209] CPU4: Booted secondary processor 0x0000000100 [0x410fd034]
[    0.008692] Detected VIPT I-cache on CPU5
[    0.008719] CPU5: Booted secondary processor 0x0000000101 [0x410fd034]
[    0.009152] Detected VIPT I-cache on CPU6
[    0.009179] CPU6: Booted secondary processor 0x0000000102 [0x410fd034]
[    0.009612] Detected VIPT I-cache on CPU7
[    0.009639] CPU7: Booted secondary processor 0x0000000103 [0x410fd034]
[    0.009722] smp: Brought up 1 node, 8 CPUs
[    0.009785] SMP: Total of 8 processors activated.
[    0.009792] CPU features: detected: 32-bit EL0 Support
[    0.009799] CPU features: detected: CRC32 instructions
[    0.009806] CPU features: detected: 32-bit EL1 Support
[    0.022909] CPU: All CPU(s) started at EL1
[    0.022962] alternatives: patching kernel code
[    0.024191] devtmpfs: initialized
[    0.030764] KASLR disabled due to lack of seed
[    0.030912] clocksource: jiffies: mask: 0xffffffff max_cycles: 0xffffffff, max_idle_ns: 7645041785100000 ns
[    0.030933] futex hash table entries: 2048 (order: 5, 131072 bytes, linear)
[    0.041176] pinctrl core: initialized pinctrl subsystem
[    0.042655] DMI not present or invalid.
[    0.043135] NET: Registered protocol family 16
[    0.044040] DMA: preallocated 1024 KiB GFP_KERNEL pool for atomic allocations
[    0.044240] DMA: preallocated 1024 KiB GFP_KERNEL|GFP_DMA pool for atomic allocations
[    0.044524] DMA: preallocated 1024 KiB GFP_KERNEL|GFP_DMA32 pool for atomic allocations
[    0.044565] audit: initializing netlink subsys (disabled)
[    0.044743] audit: type=2000 audit(0.044:1): state=initialized audit_enabled=0 res=1
[    0.045894] thermal_sys: Registered thermal governor 'power_allocator'
[    0.046404] cpuidle: using governor menu
[    0.046546] hw-breakpoint: found 6 breakpoint and 4 watchpoint registers.
[    0.046666] ASID allocator initialised with 65536 entries
[    0.047965] Serial: AMBA PL011 UART driver
[    0.091313] sh-pfc e6060000.pinctrl: r8a77951_pfc support registered
[    0.105770] HugeTLB registered 1.00 GiB page size, pre-allocated 0 pages
[    0.105782] HugeTLB registered 32.0 MiB page size, pre-allocated 0 pages
[    0.105790] HugeTLB registered 2.00 MiB page size, pre-allocated 0 pages
[    0.105796] HugeTLB registered 64.0 KiB page size, pre-allocated 0 pages
[    0.106747] cryptd: max_cpu_qlen set to 1000
[    0.108996] ACPI: Interpreter disabled.
[    0.113118] rcar-avs: use avs value: 0
[    0.113133] rcar-avs: cpu@0 is running with: opp_table0
[    0.113143] rcar-avs: cpu@1 is running with: opp_table0
[    0.113152] rcar-avs: cpu@2 is running with: opp_table0
[    0.113160] rcar-avs: cpu@3 is running with: opp_table0
[    0.113243] rcar-avs: gsx@fd000000 is running with: gsx_opp_table0
[    0.114631] iommu: Default domain type: Translated
[    0.115215] ipmmu-vmsa e67b0000.iommu: IPMMU context 0 is reserved
[    0.116186] vgaarb: loaded
[    0.116389] SCSI subsystem initialized
[    0.116630] usbcore: registered new interface driver usbfs
[    0.116656] usbcore: registered new interface driver hub
[    0.116680] usbcore: registered new device driver usb
[    0.120397] i2c-sh_mobile e60b0000.i2c: I2C adapter 7, bus speed 400000 Hz
[    0.120957] mc: Linux media interface: v0.10
[    0.120978] videodev: Linux video capture interface: v2.00
[    0.121031] pps_core: LinuxPPS API ver. 1 registered
[    0.121038] pps_core: Software ver. 5.3.6 - Copyright 2005-2007 Rodolfo Giometti <giometti@linux.it>
[    0.121052] PTP clock support registered
[    0.121218] EDAC MC: Ver: 3.0.0
[    0.123135] FPGA manager framework
[    0.123191] Advanced Linux Sound Architecture Driver Initialized.
[    0.123716] clocksource: Switched to clocksource arch_sys_counter
[    0.123870] VFS: Disk quotas dquot_6.6.0
[    0.123913] VFS: Dquot-cache hash table entries: 512 (order 0, 4096 bytes)
[    0.124041] pnp: PnP ACPI: disabled
[    0.127376] NET: Registered protocol family 2
[    0.127792] IP idents hash table entries: 131072 (order: 8, 1048576 bytes, linear)
[    0.130011] tcp_listen_portaddr_hash hash table entries: 4096 (order: 4, 65536 bytes, linear)
[    0.130089] TCP established hash table entries: 65536 (order: 7, 524288 bytes, linear)
[    0.130371] TCP bind hash table entries: 65536 (order: 8, 1048576 bytes, linear)
[    0.130962] TCP: Hash tables configured (established 65536 bind 65536)
[    0.131078] UDP hash table entries: 4096 (order: 5, 131072 bytes, linear)
[    0.131190] UDP-Lite hash table entries: 4096 (order: 5, 131072 bytes, linear)
[    0.131405] NET: Registered protocol family 1
[    0.131762] RPC: Registered named UNIX socket transport module.
[    0.131772] RPC: Registered udp transport module.
[    0.131778] RPC: Registered tcp transport module.
[    0.131783] RPC: Registered tcp NFSv4.1 backchannel transport module.
[    0.131795] PCI: CLS 0 bytes, default 64
[    0.132643] hw perfevents: enabled with armv8_cortex_a53 PMU driver, 7 counters available
[    0.132906] hw perfevents: enabled with armv8_cortex_a57 PMU driver, 7 counters available
[    0.133525] kvm [1]: HYP mode not available
[    0.136438] Initialise system trusted keyrings
[    0.136561] workingset: timestamp_bits=42 max_order=21 bucket_order=0
[    0.139535] squashfs: version 4.0 (2009/01/31) Phillip Lougher
[    0.139976] NFS: Registering the id_resolver key type
[    0.140003] Key type id_resolver registered
[    0.140010] Key type id_legacy registered
[    0.140064] nfs4filelayout_init: NFSv4 File Layout Driver Registering...
[    0.140073] nfs4flexfilelayout_init: NFSv4 Flexfile Layout Driver Registering...
[    0.140177] 9p: Installing v9fs 9p2000 file system support
[    0.166628] Key type asymmetric registered
[    0.166638] Asymmetric key parser 'x509' registered
[    0.166666] Block layer SCSI generic (bsg) driver version 0.4 loaded (major 243)
[    0.166676] io scheduler mq-deadline registered
[    0.166685] io scheduler kyber registered
[    0.182376] gpio_rcar e6050000.gpio: driving 16 GPIOs
[    0.182659] gpio_rcar e6051000.gpio: driving 29 GPIOs
[    0.182925] gpio_rcar e6052000.gpio: driving 15 GPIOs
[    0.183213] gpio_rcar e6053000.gpio: driving 16 GPIOs
[    0.183460] gpio_rcar e6054000.gpio: driving 18 GPIOs
[    0.183724] gpio_rcar e6055000.gpio: driving 26 GPIOs
[    0.184009] gpio_rcar e6055400.gpio: driving 32 GPIOs
[    0.184306] gpio_rcar e6055800.gpio: driving 4 GPIOs
[    0.187189] rcar-pcie fe000000.pcie: host bridge /soc/pcie@fe000000 ranges:
[    0.187217] rcar-pcie fe000000.pcie:       IO 0x00fe100000..0x00fe1fffff -> 0x0000000000
[    0.187240] rcar-pcie fe000000.pcie:      MEM 0x00fe200000..0x00fe3fffff -> 0x00fe200000
[    0.187258] rcar-pcie fe000000.pcie:      MEM 0x0030000000..0x0037ffffff -> 0x0030000000
[    0.187272] rcar-pcie fe000000.pcie:      MEM 0x0038000000..0x003fffffff -> 0x0038000000
[    0.187288] rcar-pcie fe000000.pcie:   IB MEM 0x0040000000..0x007fffffff -> 0x0040000000
[    0.187332] rcar-pcie fe000000.pcie: no pcie3v3 regulator found
[    0.187342] rcar-pcie fe000000.pcie: no pcie1v8 regulator found
[    0.251441] rcar-pcie fe000000.pcie: PCIe link down
[    0.251627] rcar-pcie ee800000.pcie: host bridge /soc/pcie@ee800000 ranges:
[    0.251649] rcar-pcie ee800000.pcie:       IO 0x00ee900000..0x00ee9fffff -> 0x0000000000
[    0.251670] rcar-pcie ee800000.pcie:      MEM 0x00eea00000..0x00eebfffff -> 0x00eea00000
[    0.251687] rcar-pcie ee800000.pcie:      MEM 0x00c0000000..0x00c7ffffff -> 0x00c0000000
[    0.251701] rcar-pcie ee800000.pcie:      MEM 0x00c8000000..0x00cfffffff -> 0x00c8000000
[    0.251732] rcar-pcie ee800000.pcie:   IB MEM 0x0040000000..0x007fffffff -> 0x0040000000
[    0.251765] rcar-pcie ee800000.pcie: no pcie3v3 regulator found
[    0.251774] rcar-pcie ee800000.pcie: no pcie1v8 regulator found
[    0.319414] rcar-pcie ee800000.pcie: PCIe link down
[    0.321847] EINJ: ACPI disabled.
[    0.355294] Serial: 8250/16550 driver, 4 ports, IRQ sharing enabled
[    0.357694] SuperH (H)SCI(F) driver initialized
[    0.358126] e6550000.serial: ttySC1 at MMIO 0xe6550000 (irq = 42, base_baud = 0) is a hscif
[    0.358862] e6e88000.serial: ttySC0 at MMIO 0xe6e88000 (irq = 128, base_baud = 0) is a scif
[    1.564841] printk: console [ttySC0] enabled
[    1.570187] msm_serial: driver initialized
[    1.580554] rcar-dw-hdmi fead0000.hdmi: Detected HDMI TX controller v2.01a with HDCP (DWC HDMI 2.0 TX PHY)
[    1.590448] rcar-dw-hdmi fead0000.hdmi: registered DesignWare HDMI I2C bus driver
[    1.598662] rcar-dw-hdmi feae0000.hdmi: Detected HDMI TX controller v2.01a with HDCP (DWC HDMI 2.0 TX PHY)
[    1.608515] rcar-dw-hdmi feae0000.hdmi: registered DesignWare HDMI I2C bus driver
[    1.623857] loop: module loaded
[    1.628374] megasas: 07.714.04.00-rc1
[    1.634096] scsi host0: sata_rcar
[    1.637569] ata1: SATA max UDMA/133 irq 181
[    1.646791] tun: Universal TUN/TAP device driver, 1.6
[    1.652751] thunder_xcv, ver 1.0
[    1.656008] thunder_bgx, ver 1.0
[    1.659246] nicpf, ver 1.0
[    1.663349] hclge is initializing
[    1.666684] hns3: Hisilicon Ethernet Network Driver for Hip08 Family - version
[    1.673908] hns3: Copyright (c) 2017 Huawei Corporation.
[    1.679246] e1000: Intel(R) PRO/1000 Network Driver
[    1.684126] e1000: Copyright (c) 1999-2006 Intel Corporation.
[    1.689892] e1000e: Intel(R) PRO/1000 Network Driver
[    1.694857] e1000e: Copyright(c) 1999 - 2015 Intel Corporation.
[    1.700796] igb: Intel(R) Gigabit Ethernet Network Driver
[    1.706199] igb: Copyright (c) 2007-2014 Intel Corporation.
[    1.711792] igbvf: Intel(R) Gigabit Virtual Function Network Driver
[    1.718059] igbvf: Copyright (c) 2009 - 2012 Intel Corporation.
[    1.724386] sky2: driver version 1.30
[    1.732087] ravb e6800000.ethernet eth0: Base address at 0xe6800000, 2e:09:0a:03:84:d9, IRQ 125.
[    1.742337] VFIO - User Level meta-driver version: 0.3
[    1.749451] ehci_hcd: USB 2.0 'Enhanced' Host Controller (EHCI) Driver
[    1.755988] ehci-pci: EHCI PCI platform driver
[    1.760449] ehci-platform: EHCI generic platform driver
[    1.766055] ehci-platform ee0a0100.usb: EHCI Host Controller
[    1.771740] ehci-platform ee0a0100.usb: new USB bus registered, assigned bus number 1
[    1.779659] ehci-platform ee0a0100.usb: irq 175, io mem 0xee0a0100
[    1.799725] ehci-platform ee0a0100.usb: USB 2.0 started, EHCI 1.10
[    1.806240] hub 1-0:1.0: USB hub found
[    1.810014] hub 1-0:1.0: 1 port detected
[    1.814406] ehci-platform ee0c0100.usb: EHCI Host Controller
[    1.820078] ehci-platform ee0c0100.usb: new USB bus registered, assigned bus number 2
[    1.827962] ehci-platform ee0c0100.usb: irq 176, io mem 0xee0c0100
[    1.847721] ehci-platform ee0c0100.usb: USB 2.0 started, EHCI 1.10
[    1.854163] hub 2-0:1.0: USB hub found
[    1.857931] hub 2-0:1.0: 1 port detected
[    1.887758] ehci-platform ee0e0100.usb: EHCI Host Controller
[    1.893431] ehci-platform ee0e0100.usb: new USB bus registered, assigned bus number 3
[    1.901302] ehci-platform ee0e0100.usb: irq 177, io mem 0xee0e0100
[    1.919720] ehci-platform ee0e0100.usb: USB 2.0 started, EHCI 1.10
[    1.926145] hub 3-0:1.0: USB hub found
[    1.929915] hub 3-0:1.0: 1 port detected
[    1.934275] ehci-orion: EHCI orion driver
[    1.938521] ehci-exynos: EHCI Exynos driver
[    1.942818] ohci_hcd: USB 1.1 'Open' Host Controller (OHCI) Driver
[    1.949016] ohci-pci: OHCI PCI platform driver
[    1.953495] ohci-platform: OHCI generic platform driver
[    1.959021] ohci-platform ee0a0000.usb: Generic Platform OHCI controller
[    1.965738] ohci-platform ee0a0000.usb: new USB bus registered, assigned bus number 4
[    1.973619] ohci-platform ee0a0000.usb: irq 175, io mem 0xee0a0000
[    2.055730] ata1: link resume succeeded after 1 retries
[    2.069980] hub 4-0:1.0: USB hub found
[    2.073753] hub 4-0:1.0: 1 port detected
[    2.078070] ohci-platform ee0c0000.usb: Generic Platform OHCI controller
[    2.084783] ohci-platform ee0c0000.usb: new USB bus registered, assigned bus number 5
[    2.092652] ohci-platform ee0c0000.usb: irq 176, io mem 0xee0c0000
[    2.167240] ata1: SATA link down (SStatus 0 SControl 300)
[    2.185964] hub 5-0:1.0: USB hub found
[    2.189732] hub 5-0:1.0: 1 port detected
[    2.194051] ohci-platform ee0e0000.usb: Generic Platform OHCI controller
[    2.200764] ohci-platform ee0e0000.usb: new USB bus registered, assigned bus number 6
[    2.208632] ohci-platform ee0e0000.usb: irq 177, io mem 0xee0e0000
[    2.301972] hub 6-0:1.0: USB hub found
[    2.305737] hub 6-0:1.0: 1 port detected
[    2.310059] ohci-exynos: OHCI Exynos driver
[    2.314877] xhci-hcd ee000000.usb: xHCI Host Controller
[    2.320114] xhci-hcd ee000000.usb: new USB bus registered, assigned bus number 7
[    2.343367] xhci-hcd ee000000.usb: hcc params 0x014051ce hci version 0x100 quirks 0x0000000000830410
[    2.352538] xhci-hcd ee000000.usb: irq 172, io mem 0xee000000
[    2.358401] xhci-hcd ee000000.usb: xHCI Host Controller
[    2.363633] xhci-hcd ee000000.usb: new USB bus registered, assigned bus number 8
[    2.371035] xhci-hcd ee000000.usb: Host supports USB 3.0 SuperSpeed
[    2.377581] hub 7-0:1.0: USB hub found
[    2.381349] hub 7-0:1.0: 1 port detected
[    2.385436] usb usb8: We don't know the algorithms for LPM for this host, disabling LPM.
[    2.393776] hub 8-0:1.0: USB hub found
[    2.397545] hub 8-0:1.0: 1 port detected
[    2.402323] usbcore: registered new interface driver usb-storage
[    2.410009] renesas_usbhs e6590000.usb: host probed
[    2.414900] renesas_usbhs e6590000.usb: no transceiver found
[    2.420623] renesas_usbhs e6590000.usb: gadget probed
[    2.425834] renesas_usbhs e6590000.usb: probed
[    2.430718] renesas_usbhs e659c000.usb: host probed
[    2.435611] renesas_usbhs e659c000.usb: no transceiver found
[    2.441324] renesas_usbhs e659c000.usb: gadget probed
[    2.446527] renesas_usbhs e659c000.usb: probed
[    2.453424] i2c /dev entries driver
[    2.468192] cs2000-cp 2-004f: revision - C1
[    2.472434] i2c-rcar e6510000.i2c: probed
[    2.477266] pca953x 4-0020: supply vcc not found, using dummy regulator
[    2.483965] pca953x 4-0020: using no AI
[    2.488613] gpio-355 (PCIE/SATA switch): hogged as output/low
[    2.500944] i2c-rcar e66d8000.i2c: probed
[    2.506251] adv748x 4-0070: Endpoint /soc/i2c@e66d8000/video-receiver@70/port@7/endpoint on port 7
[    2.515232] adv748x 4-0070: Endpoint /soc/i2c@e66d8000/video-receiver@70/port@8/endpoint on port 8
[    2.524203] adv748x 4-0070: Endpoint /soc/i2c@e66d8000/video-receiver@70/port@a/endpoint on port 10
[    2.533265] adv748x 4-0070: Endpoint /soc/i2c@e66d8000/video-receiver@70/port@b/endpoint on port 11
[    2.542651] adv748x 4-0070: chip found @ 0xe0 revision 2143
[    2.596100] rcar-csi2 fea80000.csi2: 1 lanes found
[    2.601228] rcar-csi2 feaa0000.csi2: 4 lanes found
[    2.610756] rcar-vin e6ef0000.video: Device registered as video0
[    2.616836] rcar-vin e6ef1000.video: Device registered as video1
[    2.622903] rcar-vin e6ef2000.video: Device registered as video2
[    2.628966] rcar-vin e6ef3000.video: Device registered as video3
[    2.635032] rcar-vin e6ef4000.video: Device registered as video4
[    2.641112] rcar-vin e6ef5000.video: Device registered as video5
[    2.647190] rcar-vin e6ef6000.video: Device registered as video6
[    2.653264] rcar-vin e6ef7000.video: Device registered as video7
[    2.660040] usbcore: registered new interface driver uvcvideo
[    2.665790] USB Video Class driver (1.1.1)
[    2.671939] rcar_gen3_thermal e6198000.thermal: is using pseudo fixed FUSE values
[    2.684086] rcar_gen3_thermal e6198000.thermal: TSC0: Loaded 1 trip points
[    2.695337] rcar_gen3_thermal e6198000.thermal: TSC1: Loaded 1 trip points
[    2.706485] rcar_gen3_thermal e6198000.thermal: TSC2: Loaded 3 trip points
[    2.718581] sdhci: Secure Digital Host Controller Interface driver
[    2.724774] sdhci: Copyright(c) Pierre Ossman
[    2.730014] renesas_sdhi_internal_dmac ee100000.mmc: Got CD GPIO
[    2.736044] renesas_sdhi_internal_dmac ee100000.mmc: Got WP GPIO
[    2.744182] renesas_sdhi_internal_dmac ee140000.mmc: Adding to iommu group 0
[    2.751267] renesas_sdhi_internal_dmac ee140000.mmc: Using IPMMU context 1
[    2.807192] renesas_sdhi_internal_dmac ee140000.mmc: mmc0 base at 0x00000000ee140000, max clock rate 200 MHz
[    2.817765] renesas_sdhi_internal_dmac ee160000.mmc: Got CD GPIO
[    2.823820] renesas_sdhi_internal_dmac ee160000.mmc: Got WP GPIO
[    2.832516] Synopsys Designware Multimedia Card Interface Driver
[    2.839823] sdhci-pltfm: SDHCI platform and OF driver helper
[    2.848504] ledtrig-cpu: registered to indicate activity on CPUs
[    2.855355] SMCCC: SOC_ID: ARCH_SOC_ID not implemented, skipping ....
[    2.862372] usbcore: registered new interface driver usbhid
[    2.867950] usbhid: USB HID core driver
[    2.875494] optee: probing for conduit method.
[    2.879958] optee: revision 3.22 (314ecf9d)
[    2.880490] optee driver R-Car Rev.1.0.11
[    2.889068] optee: dynamic shared memory is enabled
[    2.894213] optee: initialized driver
[    2.902132] mmc0: new HS400 MMC card at address 0001
[    2.907948] mmcblk0: mmc0:0001 BGSD3R 29.1 GiB
[    2.910559] rcar_sound ec500000.sound: probed
[    2.912880] mmcblk0boot0: mmc0:0001 BGSD3R partition 1 16.0 MiB
[    2.917495] rcar_adsp_sound adsp_sound: probed
[    2.923169] mmcblk0boot1: mmc0:0001 BGSD3R partition 2 16.0 MiB
[    2.927865] NET: Registered protocol family 17
[    2.933253] mmcblk0rpmb: mmc0:0001 BGSD3R partition 3 4.00 MiB, chardev (509:0)
[    2.937703] 9pnet: Installing 9P2000 support
[    2.948252]  mmcblk0: p1 p2 p3 p4 p5 p6 p7 p8 p9 p10 p11 p12 p13 p14 p15 p16 p17 p18
[    2.949232] Key type dns_resolver registered
[    2.961600] registered taskstats version 1
[    2.965719] Loading compiled-in X.509 certificates
[    2.980355] thermal emergency: set temperature to 110 celsius
[    2.986305] thermal emergency: shutdown target cpus 1-7
[    2.991532] thermal emergency: freq scaled target cpus 0
[    2.997201] renesas_irqc e61c0000.interrupt-controller: driving 6 irqs
[    3.051744] ehci-platform ee080100.usb: EHCI Host Controller
[    3.057436] ehci-platform ee080100.usb: new USB bus registered, assigned bus number 9
[    3.065339] ehci-platform ee080100.usb: irq 174, io mem 0xee080100
[    3.083724] ehci-platform ee080100.usb: USB 2.0 started, EHCI 1.10
[    3.090248] hub 9-0:1.0: USB hub found
[    3.094017] hub 9-0:1.0: 1 port detected
[    3.098943] ohci-platform ee080000.usb: Generic Platform OHCI controller
[    3.105662] ohci-platform ee080000.usb: new USB bus registered, assigned bus number 10
[    3.113632] ohci-platform ee080000.usb: irq 174, io mem 0xee080000
[    3.210204] hub 10-0:1.0: USB hub found
[    3.214061] hub 10-0:1.0: 1 port detected
[    3.219219] cpu cpu0: EM: created perf domain
[    3.224171] cpu cpu4: EM: created perf domain
[    3.231133] renesas_sdhi_internal_dmac ee100000.mmc: Got CD GPIO
[    3.237197] renesas_sdhi_internal_dmac ee100000.mmc: Got WP GPIO
[    3.292186] renesas_sdhi_internal_dmac ee100000.mmc: mmc1 base at 0x00000000ee100000, max clock rate 200 MHz
[    3.304110] renesas_sdhi_internal_dmac ee160000.mmc: Got CD GPIO
[    3.310160] renesas_sdhi_internal_dmac ee160000.mmc: Got WP GPIO
[    3.365100] renesas_sdhi_internal_dmac ee160000.mmc: mmc2 base at 0x00000000ee160000, max clock rate 200 MHz
[    3.385801] [drm] Initialized rcar-du 1.0.0 20130110 for feb00000.display on minor 0
[    3.393581] [drm] Device feb00000.display probed
[    3.441775] Console: switching to colour frame buffer device 128x48
[    3.464974] rcar-du feb00000.display: [drm] fb0: rcar-dudrmfb frame buffer device
[    3.474536] input: keys as /devices/platform/keys/input/input0
[    3.555255] Micrel KSZ9031 Gigabit PHY e6800000.ethernet-ffffffff:00: attached PHY driver [Micrel KSZ9031 Gigabit PHY] (mii_bus:phy_addr=e6800000.ethernet-ffffffff:00, irq=183)
[   10.214497] ravb e6800000.ethernet eth0: Link is Up - 1Gbps/Full - flow control off
[   10.239772] IP-Config: Guessing netmask 255.255.255.0
[   10.244934] IP-Config: Complete:
[   10.248244]      device=eth0, hwaddr=2e:09:0a:03:84:d9, ipaddr=192.168.8.20, mask=255.255.255.0, gw=255.255.255.255
[   10.258874]      host=192.168.8.20, domain=, nis-domain=(none)
[   10.264828]      bootserver=255.255.255.255, rootserver=192.168.8.8, rootpath=
[   10.265078] clk: Disabling unused clocks
[   10.277324] ALSA device list:
[   10.280364]   #0: rcar-sound
[   11.336235] VFS: Mounted root (nfs4 filesystem) on device 0:22.
[   11.343684] devtmpfs: mounted
[   11.350362] Freeing unused kernel memory: 6144K
[   11.379848] Run /sbin/init as init process
[   11.696643] systemd[1]: System time before build time, advancing clock.
[   11.769857] NET: Registered protocol family 10
[   11.779418] Segment Routing with IPv6
[   11.822440] systemd[1]: systemd 255.4^ running in system mode (+PAM -AUDIT -SELINUX -APPARMOR +IMA -SMACK +SECCOMP -GCRYPT -GNUTLS -OPENSSL +ACL +BLKID -CURL -ELFUTILS -FIDO2 -IDN2 -IDN -IPTC +KMOD -LIBCRYPTSETUP +LIBFDISK -PCRE2 -PWQUALITY -P11KIT -QRENCODE -TPM2 -BZIP2 -LZ4 -XZ -ZLIB +ZSTD -BPF_FRAMEWORK -XKBCOMMON +UTMP +SYSVINIT default-hierarchy=unified)
[   11.866618] systemd[1]: Detected architecture arm64.

Welcome to Poky (Yocto Project Reference Distro) 5.0 (scarthgap)!

[   11.897666] systemd[1]: Hostname set to <salvator-x>.
[   12.015949] systemd-sysv-generator[340]: SysV service '/etc/init.d/umountnfs.sh' lacks a native systemd unit file. ~ Automatically generating a unit file for compatibility. Please update package to include a native systemd unit file, in order to make it safe, robust and future-proof. ! This compatibility logic is deprecated, expect removal soon. !
[   12.070766] systemd-sysv-generator[340]: SysV service '/etc/init.d/set_default_governor.sh' lacks a native systemd unit file. ~ Automatically generating a unit file for compatibility. Please update package to include a native systemd unit file, in order to make it safe, robust and future-proof. ! This compatibility logic is deprecated, expect removal soon. !
[   12.125346] systemd-sysv-generator[340]: SysV service '/etc/init.d/umountfs' lacks a native systemd unit file. ~ Automatically generating a unit file for compatibility. Please update package to include a native systemd unit file, in order to make it safe, robust and future-proof. ! This compatibility logic is deprecated, expect removal soon. !
[   12.168632] systemd-sysv-generator[340]: SysV service '/etc/init.d/save-rtc.sh' lacks a native systemd unit file. ~ Automatically generating a unit file for compatibility. Please update package to include a native systemd unit file, in order to make it safe, robust and future-proof. ! This compatibility logic is deprecated, expect removal soon. !
[   12.207916] systemd-sysv-generator[340]: SysV service '/etc/init.d/reboot' lacks a native systemd unit file. ~ Automatically generating a unit file for compatibility. Please update package to include a native systemd unit file, in order to make it safe, robust and future-proof. ! This compatibility logic is deprecated, expect removal soon. !
[   12.243528] systemd-sysv-generator[340]: SysV service '/etc/init.d/halt' lacks a native systemd unit file. ~ Automatically generating a unit file for compatibility. Please update package to include a native systemd unit file, in order to make it safe, robust and future-proof. ! This compatibility logic is deprecated, expect removal soon. !
[   12.278604] systemd-sysv-generator[340]: SysV service '/etc/init.d/sendsigs' lacks a native systemd unit file. ~ Automatically generating a unit file for compatibility. Please update package to include a native systemd unit file, in order to make it safe, robust and future-proof. ! This compatibility logic is deprecated, expect removal soon. !
[   12.315666] systemd-sysv-generator[340]: SysV service '/etc/init.d/single' lacks a native systemd unit file. ~ Automatically generating a unit file for compatibility. Please update package to include a native systemd unit file, in order to make it safe, robust and future-proof. ! This compatibility logic is deprecated, expect removal soon. !
[   12.351428] systemd-sysv-generator[340]: SysV service '/etc/init.d/pvrinit' lacks a native systemd unit file. ~ Automatically generating a unit file for compatibility. Please update package to include a native systemd unit file, in order to make it safe, robust and future-proof. ! This compatibility logic is deprecated, expect removal soon. !
[   12.395928] systemd-sysv-generator[340]: SysV service '/etc/init.d/dropbear' lacks a native systemd unit file. ~ Automatically generating a unit file for compatibility. Please update package to include a native systemd unit file, in order to make it safe, robust and future-proof. ! This compatibility logic is deprecated, expect removal soon. !
[   13.551686] systemd[1]: Queued start job for default target Graphical Interface.
[   13.603614] systemd[1]: Created slice Slice /system/getty.
[  OK  ] Created slice Slice /system/getty.
[   13.634572] systemd[1]: Created slice Slice /system/modprobe.
[  OK  ] Created slice Slice /system/modprobe.
[   13.666841] systemd[1]: Created slice Slice /system/serial-getty.
[  OK  ] Created slice Slice /system/serial-getty.
[   13.697737] systemd[1]: Created slice User and Session Slice.
[  OK  ] Created slice User and Session Slice.
[   13.728451] systemd[1]: Started Dispatch Password Requests to Console Directory Watch.
[  OK  ] Started Dispatch Password Requests to Console Directory Watch.
[   13.760241] systemd[1]: Started Forward Password Requests to Wall Directory Watch.
[  OK  ] Started Forward Password Requests to Wall Directory Watch.
[   13.792167] systemd[1]: Reached target Path Units.
[  OK  ] Reached target Path Units.
[   13.819939] systemd[1]: Reached target Remote File Systems.
[  OK  ] Reached target Remote File Systems.
[   13.847914] systemd[1]: Reached target Slice Units.
[  OK  ] Reached target Slice Units.
[   13.875963] systemd[1]: Reached target Swaps.
[  OK  ] Reached target Swaps.
[   13.902482] systemd[1]: Listening on RPCbind Server Activation Socket.
[  OK  ] Listening on RPCbind Server Activation Socket.
[   13.932111] systemd[1]: Reached target RPC Port Mapper.
[  OK  ] Reached target RPC Port Mapper.
[   13.965928] systemd[1]: Listening on Syslog Socket.
[  OK  ] Listening on Syslog Socket.
[   13.992546] systemd[1]: Listening on initctl Compatibility Named Pipe.
[  OK  ] Listening on initctl Compatibility Named Pipe.
[   14.022958] systemd[1]: Listening on Journal Audit Socket.
[  OK  ] Listening on Journal Audit Socket.
[   14.048886] systemd[1]: Listening on Journal Socket (/dev/log).
[  OK  ] Listening on Journal Socket (/dev/log).
[   14.076978] systemd[1]: Listening on Journal Socket.
[  OK  ] Listening on Journal Socket.
[   14.106675] systemd[1]: Listening on Network Service Netlink Socket.
[  OK  ] Listening on Network Service Netlink Socket.
[   14.141931] systemd[1]: Listening on udev Control Socket.
[  OK  ] Listening on udev Control Socket.
[   14.168922] systemd[1]: Listening on udev Kernel Socket.
[  OK  ] Listening on udev Kernel Socket.
[   14.198232] systemd[1]: Listening on User Database Manager Socket.
[  OK  ] Listening on User Database Manager Socket.
[   14.232247] systemd[1]: Mounting Huge Pages File System...
         Mounting Huge Pages File System...
[   14.261071] systemd[1]: Mounting POSIX Message Queue File System...
         Mounting POSIX Message Queue File System...
[   14.292948] systemd[1]: Mounting Kernel Debug File System...
         Mounting Kernel Debug File System...
[   14.316573] systemd[1]: Kernel Trace File System was skipped because of an unmet condition check (ConditionPathExists=/sys/kernel/tracing).
[   14.346962] systemd[1]: Mounting Temporary Directory /tmp...
         Mounting Temporary Directory /tmp...
[   14.373562] systemd[1]: Create List of Static Device Nodes was skipped because of an unmet condition check (ConditionFileNotEmpty=/lib/modules/5.10.218-yocto-standard/modules.devname).
[   14.405286] systemd[1]: Starting Load Kernel Module configfs...
         Starting Load Kernel Module configfs...
[   14.433782] systemd[1]: Starting Load Kernel Module drm...
         Starting Load Kernel Module drm...
[   14.461862] systemd[1]: Starting Load Kernel Module fuse...
         Starting Load Kernel Module fuse...
[   14.499964] systemd[1]: Starting RPC Bind...
         Starting RPC Bind...
[   14.521631] systemd[1]: File System Check on Root Device was skipped because of an unmet condition check (ConditionPathIsReadWrite=!/).
[   14.543459] systemd[1]: systemd-journald.service: unit configures an IP firewall, but the local system does not support BPF/cgroup firewalling.
[   14.563056] systemd[1]: systemd-journald.service: (This warning is only shown for the first unit using IP firewalling.)
[   14.578413] systemd[1]: Starting Journal Service...
         Starting Journal Service...
[   14.614606] systemd[1]: Starting Load Kernel Modules...
         Starting Load Kernel Modules...
[   14.643074] systemd[1]: Starting Generate network units from Kernel command line...
         Starting Generate network units from Kernel command line...
[   14.668778] systemd-journald[351]: Collecting audit messages is enabled.
[   14.670956] systemd[1]: Starting Remount Root and Kernel File Systems...
         Starting Remount Root and Kernel File Systems...
[   14.699149] vspm: loading out-of-tree module taints kernel.
[   14.722636] systemd[1]: Starting Create Static Device Nodes in /dev gracefully...
         Starting Create Static Device Nodes in /dev gracefully...
[   14.754880] systemd[1]: Starting Coldplug All udev Devices...
         Starting Coldplug All udev Devices...
[   14.780083] systemd[1]: Started RPC Bind.
[  OK  ] Started RPC Bind.
[   14.800369] systemd[1]: Started Journal Service.
[  OK  ] Started Journal Service.
[  OK  ] Mounted Huge Pages File System.
[  OK  ] Mounted POSIX Message Queue File System.
[  OK  ] Mounted Kernel Debug File System.
[  OK  ] Mounted Temporary Directory /tmp.
[  OK  ] Finished Load Kernel Module configfs.
[  OK  ] Finished Load Kernel Module drm.
[  OK  ] Finished Load Kernel Module fuse.
[  OK  ] Finished Load Kernel Modules.
[FAILED] Failed to start Generate network units from Kernel command line.
See 'systemctl status systemd-network-generator.service' for details.
[  OK  ] Finished Remount Root and Kernel File Systems.
[  OK  ] Finished Create Static Device Nodes in /dev gracefully.
[  OK  ] Reached target Preparation for Network.
         Mounting Kernel Configuration File System...
         Starting Flush Journal to Persistent Storage...
         Starting Apply Kernel Variables...
         Starting Create Static Device Nodes in /dev...
[  OK  ] Mounted Kernel Configuration File System.
[   15.148929] systemd-journald[351]: Received client request to flush runtime journal.
[  OK  ] Finished Flush Journal to Persistent Storage.
[  OK  ] Finished Apply Kernel Variables.
[  OK  ] Finished Create Static Device Nodes in /dev.
[  OK  ] Reached target Preparation for Local File Systems.
         Mounting /var/volatile...
         Starting Rule-based Manager for Device Events [   15.315745] random: crng init done
and Files...
[  OK  ] Mounted /var/volatile.
         Starting Load/Save OS Random Seed...
[  OK  ] Reached target Local File Systems.
         Starting Create Volatile Files and Directories...
[  OK  ] Finished Load/Save OS Random Seed.
[  OK  ] Started Rule-based Manager for Device Events and Files.
         Starting Network Configuration...
[  OK  ] Finished Coldplug All udev Devices.
[   15.614824] ravb_streaming/searching for ravb interface
[   15.621118] ravb_streaming/init: start(eth0)
[   15.648137] ravb_streaming/init: success
[   15.660005] ravb-mch ec5a0100.avb-mch: probe: start
[   15.691650] ravb-mch ec5a0100.avb-mch: probe: success
[  OK  ] Finished Create Volatile Files and Directories.
[   15.924266] adsp ec800000.adsp: assigned reserved memory node linux,adsp@57000000
[   15.941529] adsp ec800000.adsp: virt_addr=000000005c6e1caa phy_addr=0x57000000 size=16777216
[   15.953700] XF-IPC: ADSP rate set to 532480000
[   15.982750] XF-FW: received firmware (202922 bytes)
[   15.989759] XF-IPC: fill firmware area: 57100000[200884]
[   15.996818] XF-IPC: fill firmware area: ece80000[1992]
[   16.003540] XF: proxy-0 debug interface created
[   16.009340] XF-IPC: DSP start-up sequence completed
[   16.015778] XF: Xtensa DSP Proxy driver registered
[   16.021450] XF: client-1 created: 00000000a17d2d7d
[   16.031773] ADSP base thread has been started.
[   16.037909] ADSP base was created
[  OK  ] Created slice Slice /system/weston.
[  OK  ] Reached target Hardware activated USB gadget.
         Starting Load Kernel Module fuse...
[   16.162156] rcar_sound ec500000.sound: Can't update kctrl when idle
         Starting Generate network units from Kernel command line...
         Starting Network Name Resolution...
         Starting Network Time Synchronization...
         Starting Record System Boot/Shutdown in UTMP...
         Starting User Database Manager...
[  OK  ] Finished Load Kernel Module fuse.
[FAILED] Failed to start Generate network units from Kernel command line.
See 'systemctl status systemd-network-generator.service' for details.
[  OK  ] Started User Database Manager.
[  OK  ] Finished Record System Boot/Shutdown in UTMP.
         Starting Load Kernel Module fuse...
         Starting Generate network units from Kernel command line...
         Starting Virtual Console Setup...
[  OK  ] Finished Load Kernel Module fuse.
[FAILED] Failed to start Generate network units from Kernel command line.
See 'systemctl status systemd-network-generator.service' for details.
[  OK  ] Started Network Name Resolution.
[  OK  ] Reached target Host and Network Name Lookups.
[  OK  ] Started Network Time Synchronization.
[  OK  ] Reached target System Time Set.
[  OK  ] Started Network Configuration.
[  OK  ] Reached target Network.
[  OK  ] Finished Virtual Console Setup.
[  OK  ] Reached target System Initialization.
[  OK  ] Started Daily Cleanup of Temporary Directories.
[  OK  ] Reached target Timer Units.
[  OK  ] Listening on Avahi mDNS/DNS-SD Stack Activation Socket.
[  OK  ] Listening on D-Bus System Message Bus Socket.
[  OK  ] Listening on dropbear.socket.
[  OK  ] Reached target Socket Units.
[  OK  ] Reached target Basic System.
         Starting Save/Restore Sound Card State...
         Starting Avahi mDNS/DNS-SD Stack...
[   17.005543] rcar_sound ec500000.sound: Can't update kctrl when idle
[  OK  ] Started Kernel Logging Service.
[  OK  ] Started System Logging Service.
         Starting D-Bus System Message Bus...
[  OK  ] Started optee services.
         Starting pvrinit.service...
         Starting PowerVR consumer services...
         Starting User Login Management...
         Starting Permit User Sessions...
[  OK  ] Finished Save/Restore Sound Card State.
[  OK  ] Reached target Sound Card.
[  OK  ] Started D-Bus System Message Bus.
[   17.277046] PVR_K:  587: Read BVNC 4.46.6.62 from HW device registers
[   17.286364] PVR_K:  587: RGX Device registered with BVNC 4.46.6.62
[   17.295508] pvrsrvkm fd000000.gsx: Found 4 OPP points.
[   17.303058] pvrsrvkm fd000000.gsx: opp[1/4]: (200000000 Hz, 830000 uV)
[   17.310453] pvrsrvkm fd000000.gsx: opp[2/4]: (300000000 Hz, 830000 uV)
[   17.317898] pvrsrvkm fd000000.gsx: opp[3/4]: (400000000 Hz, 830000 uV)
[   17.325165] pvrsrvkm fd000000.gsx: opp[4/4]: (600000000 Hz, 830000 uV)
[   17.325185] DVFS : Changed GPU clock to 600000000 [Hz]
[  OK  ] Finished Permit User Sessions.
[   17.343135] PVR_K:  587: RGX Firmware image 'rgx.fw.4.46.6.62' loaded
[  OK  ] Started Getty on tty1.
[   17.362538] PVR_K:  587: Shader binary image 'rgx.sh.4.46.6.62' loaded
[   17.372119] [drm] Initialized pvr 1.15.6052913 20170530 for fd000000.gsx on minor 1
[  OK  ] Started Serial Getty on ttySC0.
[  OK  ] Reached target Login Prompts.
[  OK  ] Started Avahi mDNS/DNS-SD Stack.
[  OK  ] Started User Login Management.
[  OK  ] Started pvrinit.service.
[  OK  ] Finished PowerVR consumer services.
         Starting set_default_governor.service...
[   17.582313] rd 0-7: Disabling EAS, schedutil is mandatory
[  OK  ] Started set_default_governor.service.
[  OK  ] Reached target Multi-User System.
[  OK  ] Reached target Graphical Interface.
         Starting Record Runlevel Change in UTMP...
[  OK  ] Started Weston Wayland Compositor.
[  OK  ] Finished Record Runlevel Change in UTMP.
[   17.983714] audit: type=1006 audit(1720066575.280:2): pid=622 uid=0 old-auid=4294967295 auid=0 tty=(none) old-ses=4294967295 ses=1 res=1

Poky (Yocto Project Reference Distro) 5.0 salvator-x ttySC0

salvator-x login: root

WARNING: Poky is a reference Yocto Project distribution that should be used for
testing and development purposes only. It is recommended that you create your
own distribution for production use.

root@salvator-x:~# modprobe -a mmngr mmngrbuf
[   27.237013] rgnmm_drv mmngr: assigned reserved memory node linux,multimedia@70000000
root@salvator-x:~# cd v4l2-TP/
root@salvator-x:~/v4l2-TP# ls
Gen3_vsp2_tp       Gen3_vsp2_tp_macro   README.md    vsp2driver_tp-rcar-gen3
Gen3_vsp2_tp_data  Gen3_vsp2_tp_script  v4l2_tp_yvu  wpf-compose-IT
root@salvator-x:~/v4l2-TP# [   41.951865] SDHI0 VccQ: disabling
[   41.955204] SDHI3 VccQ: disabling

root@salvator-x:~/v4l2-TP# cd Gen3_vsp2_tp
root@salvator-x:~/v4l2-TP/Gen3_vsp2_tp# ls
Makefile        cmdSystem.c    cmdVspm.c  main.c     rdCommand.c  rdWrapper.c  readme.txt     vsp2_tp
cmdStopWatch.c  cmdSystem.o    config.h   main.o     rdCommand.h  rdWrapper.h  usrCmd
cmdStopWatch.o  cmdTemplate.c  drivers    media-ctl  rdCommand.o  rdWrapper.o  v4l2-subdev.h
root@salvator-x:~/v4l2-TP/Gen3_vsp2_tp# cp ../Gen3_vsp2_tp_data/* ./
cp: -r not specified; omitting directory '../Gen3_vsp2_tp_data/srcData'
root@salvator-x:~/v4l2-TP/Gen3_vsp2_tp# cp -r ../Gen3_vsp2_tp_data/* ./
root@salvator-x:~/v4l2-TP/Gen3_vsp2_tp# cp -r ../Gen3_vsp2_tp_macro/* ./
root@salvator-x:~/v4l2-TP/Gen3_vsp2_tp# chmod +x vsp2_tp
root@salvator-x:~/v4l2-TP/Gen3_vsp2_tp# ./vsp2_tp

## ./vsp2_tp for H3 start ( Build : Jul 14 2024 05:43:37 ) ...


>
macrun ^C
## catch signal( 2 ) -->  end !!


root@salvator-x:~/v4l2-TP/Gen3_vsp2_tp# ./vsp2_tp

## ./vsp2_tp for H3 start ( Build : Jul 14 2024 05:43:37 ) ...


>
mac run totalTest.mac
## ===================

##  'totalTest.mac' exec !!

## ===================

## success ##


MACRO>

MACRO> tt result count reset

OK    : 0

ERROR : 0

SKIP  : 0

## success ##


MACRO> tt result count start

## test result count start

## success ##


MACRO> sys rm -f ./dstData/*

## success ##


MACRO>

MACRO> tt chkmn all

@@ ----------------------------------------------

@@ Check Media = 0.0.0.1

@@ ----------------------------------------------

media       : /dev/media1

get name    : fe920000.vsp

expect name : fe920000.vsp

[R] 0.0.0.1     [ OK ]

@@ ----------------------------------------------

@@ Check Media = 0.0.0.2

@@ ----------------------------------------------

media       : /dev/media2

get name    : fe960000.vsp

expect name : fe960000.vsp

[R] 0.0.0.2     [ OK ]

@@ ----------------------------------------------

@@ Check Media = 0.0.0.3

@@ ----------------------------------------------

media       : /dev/media3

get name    : fe9a0000.vsp

expect name : fe9a0000.vsp

[R] 0.0.0.3     [ OK ]

@@ ----------------------------------------------

@@ Check Media = 0.0.0.4

@@ ----------------------------------------------

media       : /dev/media4

get name    : fe9b0000.vsp

expect name : fe9b0000.vsp

[R] 0.0.0.4     [ OK ]

## success ##


MACRO>

MACRO> tt media 1


driver name is [fe920000.vsp]



- dev rpf.0   = /dev/video8

- dev rpf.1   = /dev/video9

- dev rpf.2   = /dev/video10

- dev rpf.3   = /dev/video11

- dev rpf.4   = /dev/video12

- dev wpf.0   = /dev/video13



- bru   = /dev/v4l-subdev6

- lut   = /dev/v4l-subdev7

- clu   = /dev/v4l-subdev8

- hgo   = /dev/v4l-subdev9

- rpf.0 = /dev/v4l-subdev10

- rpf.1 = /dev/v4l-subdev11

- rpf.2 = /dev/v4l-subdev12

- rpf.3 = /dev/v4l-subdev13

- rpf.4 = /dev/v4l-subdev14

- wpf.0 = /dev/v4l-subdev15


## change media ##

  soc:vsp2@vspmvspb0  ->  fe920000.vsp


## success ##


MACRO> tt all

[R] ---------------------------------------------

[R] tt all / start Thu Jul 04 04:18:22 2024

[R] Current Media : [ fe920000.vsp ]

[R] ---------------------------------------------



@@ ----------------------------------------------

@@ test name = rpf

@@ ----------------------------------------------

@@ ----------------------------------------------

@@ RPF = 1.1.1.1

@@ ----------------------------------------------

device open = /dev/video8

device open = /dev/video13

Input  File = 1280_720_420sp.yuv

Output File = nothing


----------------------

TotalTime           =   80.31 ms

   > ProcessingTime =    1.67 ms

     WaitTime       =    1.47 ms

     DevOpenTime    =    1.49 ms

     DevCloseTime   =    0.42 ms

     ReadTime       =    6.32 ms

     WriteTime      =    0.00 ms

     CheckSumTime   =   63.31 ms

     OtherTime      =    7.08 ms

----------------------

[R] 1.1.1.1     [ OK ]

@@ ----------------------------------------------

@@ RPF = 1.1.1.2

@@ ----------------------------------------------

device open = /dev/video8

device open = /dev/video13

Input  File = 1280_720_ARGB32.argb

Output File = nothing


----------------------

TotalTime           =   51.90 ms

   > ProcessingTime =    1.45 ms

     WaitTime       =    1.27 ms

     DevOpenTime    =    1.14 ms

     DevCloseTime   =    0.41 ms

     ReadTime       =    8.96 ms

     WriteTime      =    0.00 ms

     CheckSumTime   =   33.54 ms

     OtherTime      =    6.41 ms

----------------------

[R] 1.1.1.2     [ OK ]

@@ ----------------------------------------------

@@ RPF = 1.1.1.3

@@ ----------------------------------------------

device open = /dev/video8

device open = /dev/video13

Input  File = 1280_720_ARGB32.argb

Output File = nothing


----------------------

TotalTime           =   66.11 ms

   > ProcessingTime =    1.46 ms

     WaitTime       =    1.26 ms

     DevOpenTime    =    1.34 ms

     DevCloseTime   =    0.48 ms

     ReadTime       =    8.84 ms

     WriteTime      =    0.00 ms

     CheckSumTime   =   47.69 ms

     OtherTime      =    6.30 ms

----------------------

[R] 1.1.1.3     [ OK ]

@@ ----------------------------------------------

@@ RPF = 1.1.1.4

@@ ----------------------------------------------

device open = /dev/video8

device open = /dev/video13

Input  File = 1280_720_ARGB32.argb

Output File = nothing


----------------------

TotalTime           =   25.86 ms

   > ProcessingTime =    1.43 ms

     WaitTime       =    1.28 ms

     DevOpenTime    =    1.17 ms

     DevCloseTime   =    0.45 ms

     ReadTime       =    3.64 ms

     WriteTime      =    0.00 ms

     CheckSumTime   =   13.77 ms

     OtherTime      =    5.40 ms

----------------------

[R] 1.1.1.4     [ OK ]

@@ ----------------------------------------------

@@ RPF = 1.1.1.5

@@ ----------------------------------------------

device open = /dev/video8

device open = /dev/video13

Input  File = 1280_720_ARGB32.argb

Output File = nothing


----------------------

TotalTime           =   25.89 ms

   > ProcessingTime =    1.44 ms

     WaitTime       =    1.29 ms

     DevOpenTime    =    1.16 ms

     DevCloseTime   =    0.46 ms

     ReadTime       =    3.61 ms

     WriteTime      =    0.00 ms

     CheckSumTime   =   13.78 ms

     OtherTime      =    5.44 ms

----------------------

[R] 1.1.1.5     [ OK ]

@@ ----------------------------------------------

@@ RPF = 1.1.1.6

@@ ----------------------------------------------

device open = /dev/video8

device open = /dev/video13

Input  File = 1280_720_ARGB32.argb

Output File = nothing


----------------------

TotalTime           =   25.90 ms

   > ProcessingTime =    1.43 ms

     WaitTime       =    1.29 ms

     DevOpenTime    =    1.17 ms

     DevCloseTime   =    0.46 ms

     ReadTime       =    3.60 ms

     WriteTime      =    0.00 ms

     CheckSumTime   =   13.77 ms

     OtherTime      =    5.48 ms

----------------------

[R] 1.1.1.6     [ OK ]

@@ ----------------------------------------------

@@ RPF = 1.1.1.7

@@ ----------------------------------------------

device open = /dev/video8

device open = /dev/video13

Input  File = 1280_720_ARGB32.argb

Output File = nothing


----------------------

TotalTime           =   25.82 ms

   > ProcessingTime =    1.44 ms

     WaitTime       =    1.29 ms

     DevOpenTime    =    1.14 ms

     DevCloseTime   =    0.45 ms

     ReadTime       =    3.57 ms

     WriteTime      =    0.00 ms

     CheckSumTime   =   13.77 ms

     OtherTime      =    5.45 ms

----------------------

[R] 1.1.1.7     [ OK ]

@@ ----------------------------------------------

@@ RPF = 1.1.1.8

@@ ----------------------------------------------

device open = /dev/video8

device open = /dev/video13

Input  File = 1280_720_ARGB32.argb

Output File = nothing


----------------------

TotalTime           =   32.95 ms

   > ProcessingTime =    1.43 ms

     WaitTime       =    1.28 ms

     DevOpenTime    =    1.18 ms

     DevCloseTime   =    0.45 ms

     ReadTime       =    3.59 ms

     WriteTime      =    0.00 ms

     CheckSumTime   =   20.59 ms

     OtherTime      =    5.71 ms

----------------------

[R] 1.1.1.8     [ OK ]

@@ ----------------------------------------------

@@ RPF = 1.1.1.9

@@ ----------------------------------------------

device open = /dev/video8

device open = /dev/video13

Input  File = 1280_720_ARGB32.argb

Output File = nothing


----------------------

TotalTime           =   68.65 ms

   > ProcessingTime =    1.45 ms

     WaitTime       =    1.27 ms

     DevOpenTime    =    1.16 ms

     DevCloseTime   =    0.38 ms

     ReadTime       =    5.87 ms

     WriteTime      =    0.00 ms

     CheckSumTime   =   53.20 ms

     OtherTime      =    6.60 ms

----------------------

[R] 1.1.1.9     [ OK ]

@@ ----------------------------------------------

@@ RPF = 1.1.1.10

@@ ----------------------------------------------

device open = /dev/video8

device open = /dev/video13

Input  File = 1280_720_ARGB32.argb

Output File = nothing


----------------------

TotalTime           =   39.75 ms

   > ProcessingTime =    1.43 ms

     WaitTime       =    1.29 ms

     DevOpenTime    =    1.16 ms

     DevCloseTime   =    0.44 ms

     ReadTime       =    3.33 ms

     WriteTime      =    0.00 ms

     CheckSumTime   =   27.44 ms

     OtherTime      =    5.95 ms

----------------------

[R] 1.1.1.10    [ OK ]

@@ ----------------------------------------------

@@ RPF = 1.1.1.11

@@ ----------------------------------------------

device open = /dev/video8

device open = /dev/video13

Input  File = 1280_720_ARGB32.argb

Output File = nothing


----------------------

TotalTime           =   40.03 ms

   > ProcessingTime =    1.44 ms

     WaitTime       =    1.29 ms

     DevOpenTime    =    1.15 ms

     DevCloseTime   =    0.44 ms

     ReadTime       =    3.55 ms

     WriteTime      =    0.00 ms

     CheckSumTime   =   27.45 ms

     OtherTime      =    6.00 ms

----------------------

[R] 1.1.1.11    [ OK ]

@@ ----------------------------------------------

@@ RPF = 1.1.1.12

@@ ----------------------------------------------

device open = /dev/video8

device open = /dev/video13

Input  File = 1280_720_ARGB32.argb

Output File = nothing


----------------------

TotalTime           =   39.98 ms

   > ProcessingTime =    1.45 ms

     WaitTime       =    1.30 ms

     DevOpenTime    =    1.13 ms

     DevCloseTime   =    0.43 ms

     ReadTime       =    3.55 ms

     WriteTime      =    0.00 ms

     CheckSumTime   =   27.44 ms

     OtherTime      =    5.97 ms

----------------------

[R] 1.1.1.12    [ OK ]

@@ ----------------------------------------------

@@ RPF = 1.1.1.13

@@ ----------------------------------------------

device open = /dev/video8

device open = /dev/video13

Input  File = 1280_720_ARGB32.argb

Output File = nothing


----------------------

TotalTime           =   40.02 ms

   > ProcessingTime =    1.42 ms

     WaitTime       =    1.29 ms

     DevOpenTime    =    1.14 ms

     DevCloseTime   =    0.47 ms

     ReadTime       =    3.55 ms

     WriteTime      =    0.00 ms

     CheckSumTime   =   27.43 ms

     OtherTime      =    6.01 ms

----------------------

[R] 1.1.1.13    [ OK ]

@@ ----------------------------------------------

@@ RPF = 1.1.1.14

@@ ----------------------------------------------

device open = /dev/video8

device open = /dev/video13

Input  File = 1280_720_ARGB32.argb

Output File = nothing


----------------------

TotalTime           =   77.36 ms

   > ProcessingTime =    1.46 ms

     WaitTime       =    1.27 ms

     DevOpenTime    =    1.13 ms

     DevCloseTime   =    0.40 ms

     ReadTime       =    5.93 ms

     WriteTime      =    0.00 ms

     CheckSumTime   =   61.52 ms

     OtherTime      =    6.92 ms

----------------------

[R] 1.1.1.14    [ OK ]

@@ ----------------------------------------------

@@ RPF = 1.1.1.15

@@ ----------------------------------------------

device open = /dev/video8

device open = /dev/video13

Input  File = 1280_720_ARGB32.argb

Output File = nothing


----------------------

TotalTime           =   40.11 ms

   > ProcessingTime =    1.43 ms

     WaitTime       =    1.29 ms

     DevOpenTime    =    1.15 ms

     DevCloseTime   =    0.45 ms

     ReadTime       =    3.63 ms

     WriteTime      =    0.00 ms

     CheckSumTime   =   27.46 ms

     OtherTime      =    6.01 ms

----------------------

[R] 1.1.1.15    [ OK ]

@@ ----------------------------------------------

@@ RPF = 1.1.1.16

@@ ----------------------------------------------

device open = /dev/video8

device open = /dev/video13

Input  File = 1280_720_ARGB32.argb

Output File = nothing


----------------------

TotalTime           =   25.82 ms

   > ProcessingTime =    1.43 ms

     WaitTime       =    1.28 ms

     DevOpenTime    =    1.11 ms

     DevCloseTime   =    0.44 ms

     ReadTime       =    3.59 ms

     WriteTime      =    0.00 ms

     CheckSumTime   =   13.79 ms

     OtherTime      =    5.46 ms

----------------------

[R] 1.1.1.16    [ OK ]

@@ ----------------------------------------------

@@ RPF = 1.1.1.17

@@ ----------------------------------------------

device open = /dev/video8

device open = /dev/video13

Input  File = 1280_720_ARGB32.argb

Output File = nothing


----------------------

TotalTime           =   25.94 ms

   > ProcessingTime =    1.43 ms

     WaitTime       =    1.28 ms

     DevOpenTime    =    1.19 ms

     DevCloseTime   =    0.46 ms

     ReadTime       =    3.69 ms

     WriteTime      =    0.00 ms

     CheckSumTime   =   13.77 ms

     OtherTime      =    5.41 ms

----------------------

[R] 1.1.1.17    [ OK ]

@@ ----------------------------------------------

@@ RPF = 1.1.1.18

@@ ----------------------------------------------

device open = /dev/video8

device open = /dev/video13

Input  File = 1280_720_ARGB32.argb

Output File = nothing


----------------------

TotalTime           =   25.87 ms

   > ProcessingTime =    1.44 ms

     WaitTime       =    1.29 ms

     DevOpenTime    =    1.13 ms

     DevCloseTime   =    0.45 ms

     ReadTime       =    3.69 ms

     WriteTime      =    0.00 ms

     CheckSumTime   =   13.77 ms

     OtherTime      =    5.39 ms

----------------------

[R] 1.1.1.18    [ OK ]

@@ ----------------------------------------------

@@ RPF = 1.1.1.19

@@ ----------------------------------------------

device open = /dev/video8

device open = /dev/video13

Input  File = 1280_720_ARGB32.argb

Output File = nothing


----------------------

TotalTime           =   25.89 ms

   > ProcessingTime =    1.43 ms

     WaitTime       =    1.28 ms

     DevOpenTime    =    1.15 ms

     DevCloseTime   =    0.45 ms

     ReadTime       =    3.69 ms

     WriteTime      =    0.00 ms

     CheckSumTime   =   13.79 ms

     OtherTime      =    5.38 ms

----------------------

[R] 1.1.1.19    [ OK ]

@@ ----------------------------------------------

@@ RPF = 1.1.1.20

@@ ----------------------------------------------

device open = /dev/video8

device open = /dev/video13

Input  File = 1280_720_ARGB32.argb

Output File = nothing


----------------------

TotalTime           =   22.55 ms

   > ProcessingTime =    1.45 ms

     WaitTime       =    1.30 ms

     DevOpenTime    =    1.14 ms

     DevCloseTime   =    0.45 ms

     ReadTime       =    3.70 ms

     WriteTime      =    0.00 ms

     CheckSumTime   =   10.31 ms

     OtherTime      =    5.50 ms

----------------------

[R] 1.1.1.20    [ OK ]

@@ ----------------------------------------------

@@ RPF = 1.1.1.21

@@ ----------------------------------------------

device open = /dev/video8

device open = /dev/video13

Input  File = 1280_720_ARGB32.argb

Output File = nothing


----------------------

TotalTime           =   22.64 ms

   > ProcessingTime =    1.44 ms

     WaitTime       =    1.29 ms

     DevOpenTime    =    1.17 ms

     DevCloseTime   =    0.44 ms

     ReadTime       =    3.73 ms

     WriteTime      =    0.00 ms

     CheckSumTime   =   10.36 ms

     OtherTime      =    5.49 ms

----------------------

[R] 1.1.1.21    [ OK ]

@@ ----------------------------------------------

@@ RPF = 1.1.1.22

@@ ----------------------------------------------

device open = /dev/video8

device open = /dev/video13

Input  File = 1280_720_ARGB32.argb

Output File = nothing


----------------------

TotalTime           =   69.31 ms

   > ProcessingTime =    1.44 ms

     WaitTime       =    1.27 ms

     DevOpenTime    =    1.10 ms

     DevCloseTime   =    0.38 ms

     ReadTime       =    5.91 ms

     WriteTime      =    0.00 ms

     CheckSumTime   =   53.46 ms

     OtherTime      =    7.02 ms

----------------------

[R] 1.1.1.22    [ OK ]

@@ ----------------------------------------------

@@ RPF = 1.1.1.23

@@ ----------------------------------------------

device open = /dev/video8

device open = /dev/video13

Input  File = 1280_720_ARGB32.argb

Output File = nothing


----------------------

TotalTime           =   25.98 ms

   > ProcessingTime =    1.43 ms

     WaitTime       =    1.29 ms

     DevOpenTime    =    1.07 ms

     DevCloseTime   =    0.46 ms

     ReadTime       =    3.70 ms

     WriteTime      =    0.00 ms

     CheckSumTime   =   13.77 ms

     OtherTime      =    5.55 ms

----------------------

[R] 1.1.1.23    [ OK ]

@@ ----------------------------------------------

@@ RPF = 1.1.1.24

@@ ----------------------------------------------

device open = /dev/video8

device open = /dev/video13

Input  File = 1280_720_ARGB32.argb

Output File = nothing


----------------------

TotalTime           =   22.97 ms

   > ProcessingTime =    1.63 ms

     WaitTime       =    1.48 ms

     DevOpenTime    =    1.25 ms

     DevCloseTime   =    0.53 ms

     ReadTime       =    3.60 ms

     WriteTime      =    0.00 ms

     CheckSumTime   =   10.36 ms

     OtherTime      =    5.59 ms

----------------------

[R] 1.1.1.24    [ OK ]

@@ ----------------------------------------------

@@ RPF = 1.1.1.25

@@ ----------------------------------------------

device open = /dev/video8

device open = /dev/video13

Input  File = 1280_720_ARGB32.argb

Output File = nothing


----------------------

TotalTime           =   22.96 ms

   > ProcessingTime =    1.63 ms

     WaitTime       =    1.48 ms

     DevOpenTime    =    1.14 ms

     DevCloseTime   =    0.50 ms

     ReadTime       =    3.75 ms

     WriteTime      =    0.00 ms

     CheckSumTime   =   10.37 ms

     OtherTime      =    5.58 ms

----------------------

[R] 1.1.1.25    [ OK ]

@@ ----------------------------------------------

@@ RPF = 1.1.1.26

@@ ----------------------------------------------

device open = /dev/video8

device open = /dev/video13

Input  File = 1280_720_ARGB32.argb

Output File = nothing


----------------------

TotalTime           =   26.47 ms

   > ProcessingTime =    1.64 ms

     WaitTime       =    1.47 ms

     DevOpenTime    =    1.14 ms

     DevCloseTime   =    0.51 ms

     ReadTime       =    3.69 ms

     WriteTime      =    0.00 ms

     CheckSumTime   =   13.78 ms

     OtherTime      =    5.72 ms

----------------------

[R] 1.1.1.26    [ OK ]

@@ ----------------------------------------------

@@ RPF = 1.1.1.27

@@ ----------------------------------------------

device open = /dev/video8

device open = /dev/video13

Input  File = 1280_720_ARGB32.argb

Output File = nothing


----------------------

TotalTime           =   62.03 ms

   > ProcessingTime =    1.74 ms

     WaitTime       =    1.55 ms

     DevOpenTime    =    1.46 ms

     DevCloseTime   =    0.48 ms

     ReadTime       =    5.75 ms

     WriteTime      =    0.00 ms

     CheckSumTime   =   45.64 ms

     OtherTime      =    6.96 ms

----------------------

[R] 1.1.1.27    [ OK ]

@@ ----------------------------------------------

@@ RPF = 1.1.1.28

@@ ----------------------------------------------

device open = /dev/video8

device open = /dev/video13

Input  File = 1280_720_ARGB32.argb

Output File = nothing


----------------------

TotalTime           =   33.79 ms

   > ProcessingTime =    1.63 ms

     WaitTime       =    1.48 ms

     DevOpenTime    =    1.20 ms

     DevCloseTime   =    0.57 ms

     ReadTime       =    3.66 ms

     WriteTime      =    0.00 ms

     CheckSumTime   =   20.63 ms

     OtherTime      =    6.11 ms

----------------------

[R] 1.1.1.28    [ OK ]

@@ ----------------------------------------------

@@ RPF = 1.1.1.29

@@ ----------------------------------------------

device open = /dev/video8

device open = /dev/video13

Input  File = 1280_720_ARGB32.argb

Output File = nothing


----------------------

TotalTime           =   33.79 ms

   > ProcessingTime =    1.73 ms

     WaitTime       =    1.58 ms

     DevOpenTime    =    1.14 ms

     DevCloseTime   =    0.56 ms

     ReadTime       =    3.61 ms

     WriteTime      =    0.00 ms

     CheckSumTime   =   20.61 ms

     OtherTime      =    6.13 ms

----------------------

[R] 1.1.1.29    [ OK ]

## success ##


@@ SUCCESS !! / test name = rpf



@@ ----------------------------------------------

@@ test name = wpf

@@ ----------------------------------------------

@@ ----------------------------------------------

@@ WPF = 1.1.2.1

@@ ----------------------------------------------

device open = /dev/video8

device open = /dev/video13

Input  File = 1280_720_420sp.yuv

Output File = nothing


----------------------

TotalTime           =   39.45 ms

   > ProcessingTime =    1.61 ms

     WaitTime       =    1.47 ms

     DevOpenTime    =    1.05 ms

     DevCloseTime   =    0.54 ms

     ReadTime       =    3.12 ms

     WriteTime      =    0.00 ms

     CheckSumTime   =   27.44 ms

     OtherTime      =    5.69 ms

----------------------

[R] 1.1.2.1     [ OK ]

@@ ----------------------------------------------

@@ WPF = 1.1.2.2

@@ ----------------------------------------------

device open = /dev/video8

device open = /dev/video13

Input  File = 1280_720_ARGB32.argb

Output File = nothing


----------------------

TotalTime           =   50.09 ms

   > ProcessingTime =    1.61 ms

     WaitTime       =    1.44 ms

     DevOpenTime    =    1.10 ms

     DevCloseTime   =    0.61 ms

     ReadTime       =    6.46 ms

     WriteTime      =    0.00 ms

     CheckSumTime   =   33.61 ms

     OtherTime      =    6.70 ms

----------------------

[R] 1.1.2.2     [ OK ]

@@ ----------------------------------------------

@@ WPF = 1.1.2.3

@@ ----------------------------------------------

device open = /dev/video8

device open = /dev/video13

Input  File = 1280_720_ARGB32.argb

Output File = nothing


----------------------

TotalTime           =   61.04 ms

   > ProcessingTime =    1.65 ms

     WaitTime       =    1.46 ms

     DevOpenTime    =    1.15 ms

     DevCloseTime   =    0.46 ms

     ReadTime       =    6.37 ms

     WriteTime      =    0.00 ms

     CheckSumTime   =   44.97 ms

     OtherTime      =    6.44 ms

----------------------

[R] 1.1.2.3     [ OK ]

@@ ----------------------------------------------

@@ WPF = 1.1.2.4

@@ ----------------------------------------------

device open = /dev/video8

device open = /dev/video13

Input  File = 1280_720_ARGB32.argb

Output File = nothing


----------------------

TotalTime           =   25.98 ms

   > ProcessingTime =    1.43 ms

     WaitTime       =    1.29 ms

     DevOpenTime    =    1.20 ms

     DevCloseTime   =    0.46 ms

     ReadTime       =    3.66 ms

     WriteTime      =    0.00 ms

     CheckSumTime   =   13.80 ms

     OtherTime      =    5.44 ms

----------------------

[R] 1.1.2.4     [ OK ]

@@ ----------------------------------------------

@@ WPF = 1.1.2.5

@@ ----------------------------------------------

device open = /dev/video8

device open = /dev/video13

Input  File = 1280_720_ARGB32.argb

Output File = nothing


----------------------

TotalTime           =   26.41 ms

   > ProcessingTime =    1.64 ms

     WaitTime       =    1.49 ms

     DevOpenTime    =    1.19 ms

     DevCloseTime   =    0.59 ms

     ReadTime       =    3.66 ms

     WriteTime      =    0.00 ms

     CheckSumTime   =   13.78 ms

     OtherTime      =    5.55 ms

----------------------

[R] 1.1.2.5     [ OK ]

@@ ----------------------------------------------

@@ WPF = 1.1.2.6

@@ ----------------------------------------------

device open = /dev/video8

device open = /dev/video13

Input  File = 1280_720_ARGB32.argb

Output File = nothing


----------------------

TotalTime           =   25.94 ms

   > ProcessingTime =    1.55 ms

     WaitTime       =    1.40 ms

     DevOpenTime    =    1.04 ms

     DevCloseTime   =    0.45 ms

     ReadTime       =    3.67 ms

     WriteTime      =    0.00 ms

     CheckSumTime   =   13.78 ms

     OtherTime      =    5.46 ms

----------------------

[R] 1.1.2.6     [ OK ]

@@ ----------------------------------------------

@@ WPF = 1.1.2.7

@@ ----------------------------------------------

device open = /dev/video8

device open = /dev/video13

Input  File = 1280_720_ARGB32.argb

Output File = nothing


----------------------

TotalTime           =   26.06 ms

   > ProcessingTime =    1.54 ms

     WaitTime       =    1.39 ms

     DevOpenTime    =    1.14 ms

     DevCloseTime   =    0.46 ms

     ReadTime       =    3.66 ms

     WriteTime      =    0.00 ms

     CheckSumTime   =   13.77 ms

     OtherTime      =    5.49 ms

----------------------

[R] 1.1.2.7     [ OK ]

@@ ----------------------------------------------

@@ WPF = 1.1.2.8

@@ ----------------------------------------------

device open = /dev/video8

device open = /dev/video13

Input  File = 1280_720_ARGB32.argb

Output File = nothing


----------------------

TotalTime           =   33.05 ms

   > ProcessingTime =    1.53 ms

     WaitTime       =    1.38 ms

     DevOpenTime    =    1.10 ms

     DevCloseTime   =    0.43 ms

     ReadTime       =    3.70 ms

     WriteTime      =    0.00 ms

     CheckSumTime   =   20.60 ms

     OtherTime      =    5.68 ms

----------------------

[R] 1.1.2.8     [ OK ]

@@ ----------------------------------------------

@@ WPF = 1.1.2.9

@@ ----------------------------------------------

device open = /dev/video8

device open = /dev/video13

Input  File = 1280_720_ARGB32.argb

Output File = nothing


----------------------

TotalTime           =   32.79 ms

   > ProcessingTime =    1.50 ms

     WaitTime       =    1.38 ms

     DevOpenTime    =    1.10 ms

     DevCloseTime   =    0.44 ms

     ReadTime       =    3.45 ms

     WriteTime      =    0.00 ms

     CheckSumTime   =   20.60 ms

     OtherTime      =    5.70 ms

----------------------

[R] 1.1.2.9     [ OK ]

@@ ----------------------------------------------

@@ WPF = 1.1.2.10

@@ ----------------------------------------------

device open = /dev/video8

device open = /dev/video13

Input  File = 1280_720_ARGB32.argb

Output File = nothing


----------------------

TotalTime           =   40.35 ms

   > ProcessingTime =    1.54 ms

     WaitTime       =    1.39 ms

     DevOpenTime    =    1.13 ms

     DevCloseTime   =    0.47 ms

     ReadTime       =    3.73 ms

     WriteTime      =    0.00 ms

     CheckSumTime   =   27.44 ms

     OtherTime      =    6.03 ms

----------------------

[R] 1.1.2.10    [ OK ]

@@ ----------------------------------------------

@@ WPF = 1.1.2.11

@@ ----------------------------------------------

device open = /dev/video8

device open = /dev/video13

Input  File = 1280_720_ARGB32.argb

Output File = nothing


----------------------

TotalTime           =   40.12 ms

   > ProcessingTime =    1.55 ms

     WaitTime       =    1.39 ms

     DevOpenTime    =    1.10 ms

     DevCloseTime   =    0.44 ms

     ReadTime       =    3.61 ms

     WriteTime      =    0.00 ms

     CheckSumTime   =   27.43 ms

     OtherTime      =    5.99 ms

----------------------

[R] 1.1.2.11    [ OK ]

@@ ----------------------------------------------

@@ WPF = 1.1.2.12

@@ ----------------------------------------------

device open = /dev/video8

device open = /dev/video13

Input  File = 1280_720_ARGB32.argb

Output File = nothing


----------------------

TotalTime           =   40.16 ms

   > ProcessingTime =    1.53 ms

     WaitTime       =    1.38 ms

     DevOpenTime    =    1.08 ms

     DevCloseTime   =    0.44 ms

     ReadTime       =    3.67 ms

     WriteTime      =    0.00 ms

     CheckSumTime   =   27.44 ms

     OtherTime      =    5.99 ms

----------------------

[R] 1.1.2.12    [ OK ]

@@ ----------------------------------------------

@@ WPF = 1.1.2.13

@@ ----------------------------------------------

device open = /dev/video8

device open = /dev/video13

Input  File = 1280_720_ARGB32.argb

Output File = nothing


----------------------

TotalTime           =   40.01 ms

   > ProcessingTime =    1.54 ms

     WaitTime       =    1.39 ms

     DevOpenTime    =    1.09 ms

     DevCloseTime   =    0.44 ms

     ReadTime       =    3.45 ms

     WriteTime      =    0.00 ms

     CheckSumTime   =   27.46 ms

     OtherTime      =    6.02 ms

----------------------

[R] 1.1.2.13    [ OK ]

@@ ----------------------------------------------

@@ WPF = 1.1.2.14

@@ ----------------------------------------------

device open = /dev/video8

device open = /dev/video13

Input  File = 1280_720_ARGB32.argb

Output File = nothing


----------------------

TotalTime           =   74.98 ms

   > ProcessingTime =    1.62 ms

     WaitTime       =    1.43 ms

     DevOpenTime    =    1.19 ms

     DevCloseTime   =    0.77 ms

     ReadTime       =    5.87 ms

     WriteTime      =    0.00 ms

     CheckSumTime   =   58.61 ms

     OtherTime      =    6.93 ms

----------------------

[R] 1.1.2.14    [ OK ]

@@ ----------------------------------------------

@@ WPF = 1.1.2.15

@@ ----------------------------------------------

device open = /dev/video8

device open = /dev/video13

Input  File = 1280_720_ARGB32.argb

Output File = nothing


----------------------

TotalTime           =   40.41 ms

   > ProcessingTime =    1.55 ms

     WaitTime       =    1.40 ms

     DevOpenTime    =    1.18 ms

     DevCloseTime   =    0.58 ms

     ReadTime       =    3.67 ms

     WriteTime      =    0.00 ms

     CheckSumTime   =   27.45 ms

     OtherTime      =    5.98 ms

----------------------

[R] 1.1.2.15    [ OK ]

@@ ----------------------------------------------

@@ WPF = 1.1.2.16

@@ ----------------------------------------------

device open = /dev/video8

device open = /dev/video13

Input  File = 1280_720_ARGB32.argb

Output File = nothing


----------------------

TotalTime           =   26.03 ms

   > ProcessingTime =    1.54 ms

     WaitTime       =    1.38 ms

     DevOpenTime    =    1.13 ms

     DevCloseTime   =    0.45 ms

     ReadTime       =    3.65 ms

     WriteTime      =    0.00 ms

     CheckSumTime   =   13.78 ms

     OtherTime      =    5.47 ms

----------------------

[R] 1.1.2.16    [ OK ]

@@ ----------------------------------------------

@@ WPF = 1.1.2.17

@@ ----------------------------------------------

device open = /dev/video8

device open = /dev/video13

Input  File = 1280_720_ARGB32.argb

Output File = nothing


----------------------

TotalTime           =   25.83 ms

   > ProcessingTime =    1.55 ms

     WaitTime       =    1.40 ms

     DevOpenTime    =    1.05 ms

     DevCloseTime   =    0.45 ms

     ReadTime       =    3.63 ms

     WriteTime      =    0.00 ms

     CheckSumTime   =   13.78 ms

     OtherTime      =    5.38 ms

----------------------

[R] 1.1.2.17    [ OK ]

@@ ----------------------------------------------

@@ WPF = 1.1.2.18

@@ ----------------------------------------------

device open = /dev/video8

device open = /dev/video13

Input  File = 1280_720_ARGB32.argb

Output File = nothing


----------------------

TotalTime           =   25.94 ms

   > ProcessingTime =    1.52 ms

     WaitTime       =    1.37 ms

     DevOpenTime    =    1.16 ms

     DevCloseTime   =    0.44 ms

     ReadTime       =    3.65 ms

     WriteTime      =    0.00 ms

     CheckSumTime   =   13.77 ms

     OtherTime      =    5.40 ms

----------------------

[R] 1.1.2.18    [ OK ]

@@ ----------------------------------------------

@@ WPF = 1.1.2.19

@@ ----------------------------------------------

device open = /dev/video8

device open = /dev/video13

Input  File = 1280_720_ARGB32.argb

Output File = nothing


----------------------

TotalTime           =   61.58 ms

   > ProcessingTime =    1.72 ms

     WaitTime       =    1.54 ms

     DevOpenTime    =    1.18 ms

     DevCloseTime   =    0.47 ms

     ReadTime       =    5.89 ms

     WriteTime      =    0.00 ms

     CheckSumTime   =   45.87 ms

     OtherTime      =    6.46 ms

----------------------

[R] 1.1.2.19    [ OK ]

@@ ----------------------------------------------

@@ WPF = 1.1.2.20

@@ ----------------------------------------------

device open = /dev/video8

device open = /dev/video13

Input  File = 1280_720_ARGB32.argb

Output File = nothing


----------------------

TotalTime           =   22.59 ms

   > ProcessingTime =    1.63 ms

     WaitTime       =    1.49 ms

     DevOpenTime    =    1.09 ms

     DevCloseTime   =    0.56 ms

     ReadTime       =    3.49 ms

     WriteTime      =    0.00 ms

     CheckSumTime   =   10.36 ms

     OtherTime      =    5.46 ms

----------------------

[R] 1.1.2.20    [ OK ]

@@ ----------------------------------------------

@@ WPF = 1.1.2.21

@@ ----------------------------------------------

device open = /dev/video8

device open = /dev/video13

Input  File = 1280_720_ARGB32.argb

Output File = nothing


----------------------

TotalTime           =   22.58 ms

   > ProcessingTime =    1.55 ms

     WaitTime       =    1.40 ms

     DevOpenTime    =    1.06 ms

     DevCloseTime   =    0.45 ms

     ReadTime       =    3.70 ms

     WriteTime      =    0.00 ms

     CheckSumTime   =   10.30 ms

     OtherTime      =    5.52 ms

----------------------

[R] 1.1.2.21    [ OK ]

@@ ----------------------------------------------

@@ WPF = 1.1.2.22

@@ ----------------------------------------------

device open = /dev/video8

device open = /dev/video13

Input  File = 1280_720_ARGB32.argb

Output File = nothing


----------------------

TotalTime           =   26.21 ms

   > ProcessingTime =    1.54 ms

     WaitTime       =    1.39 ms

     DevOpenTime    =    1.04 ms

     DevCloseTime   =    0.54 ms

     ReadTime       =    3.73 ms

     WriteTime      =    0.00 ms

     CheckSumTime   =   13.76 ms

     OtherTime      =    5.61 ms

----------------------

[R] 1.1.2.22    [ OK ]

@@ ----------------------------------------------

@@ WPF = 1.1.2.23

@@ ----------------------------------------------

device open = /dev/video8

device open = /dev/video13

Input  File = 1280_720_ARGB32.argb

Output File = nothing


----------------------

TotalTime           =   62.92 ms

   > ProcessingTime =    1.62 ms

     WaitTime       =    1.44 ms

     DevOpenTime    =    1.18 ms

     DevCloseTime   =    0.46 ms

     ReadTime       =    5.96 ms

     WriteTime      =    0.00 ms

     CheckSumTime   =   46.98 ms

     OtherTime      =    6.72 ms

----------------------

[R] 1.1.2.23    [ OK ]

@@ ----------------------------------------------

@@ WPF = 1.1.2.24

@@ ----------------------------------------------

device open = /dev/video8

device open = /dev/video13

Input  File = 1280_720_ARGB32.argb

Output File = nothing


----------------------

TotalTime           =   22.89 ms

   > ProcessingTime =    1.62 ms

     WaitTime       =    1.47 ms

     DevOpenTime    =    1.09 ms

     DevCloseTime   =    0.55 ms

     ReadTime       =    3.70 ms

     WriteTime      =    0.00 ms

     CheckSumTime   =   10.36 ms

     OtherTime      =    5.57 ms

----------------------

[R] 1.1.2.24    [ OK ]

@@ ----------------------------------------------

@@ WPF = 1.1.2.25

@@ ----------------------------------------------

device open = /dev/video8

device open = /dev/video13

Input  File = 1280_720_ARGB32.argb

Output File = nothing


----------------------

TotalTime           =   22.56 ms

   > ProcessingTime =    1.55 ms

     WaitTime       =    1.40 ms

     DevOpenTime    =    1.04 ms

     DevCloseTime   =    0.44 ms

     ReadTime       =    3.61 ms

     WriteTime      =    0.00 ms

     CheckSumTime   =   10.36 ms

     OtherTime      =    5.56 ms

----------------------

[R] 1.1.2.25    [ OK ]

@@ ----------------------------------------------

@@ WPF = 1.1.2.26

@@ ----------------------------------------------

device open = /dev/video8

device open = /dev/video13

Input  File = 1280_720_ARGB32.argb

Output File = nothing


----------------------

TotalTime           =   26.78 ms

   > ProcessingTime =    1.74 ms

     WaitTime       =    1.59 ms

     DevOpenTime    =    1.27 ms

     DevCloseTime   =    0.58 ms

     ReadTime       =    3.64 ms

     WriteTime      =    0.00 ms

     CheckSumTime   =   13.77 ms

     OtherTime      =    5.79 ms

----------------------

[R] 1.1.2.26    [ OK ]

@@ ----------------------------------------------

@@ WPF = 1.1.2.27

@@ ----------------------------------------------

device open = /dev/video8

device open = /dev/video13

Input  File = 1280_720_ARGB32.argb

Output File = nothing


----------------------

TotalTime           =   62.43 ms

   > ProcessingTime =    1.72 ms

     WaitTime       =    1.54 ms

     DevOpenTime    =    1.19 ms

     DevCloseTime   =    0.46 ms

     ReadTime       =    5.92 ms

     WriteTime      =    0.00 ms

     CheckSumTime   =   46.28 ms

     OtherTime      =    6.85 ms

----------------------

[R] 1.1.2.27    [ OK ]

@@ ----------------------------------------------

@@ WPF = 1.1.2.28

@@ ----------------------------------------------

device open = /dev/video8

device open = /dev/video13

Input  File = 1280_720_ARGB32.argb

Output File = nothing


----------------------

TotalTime           =   33.47 ms

   > ProcessingTime =    1.54 ms

     WaitTime       =    1.39 ms

     DevOpenTime    =    0.99 ms

     DevCloseTime   =    0.55 ms

     ReadTime       =    3.72 ms

     WriteTime      =    0.00 ms

     CheckSumTime   =   20.61 ms

     OtherTime      =    6.08 ms

----------------------

[R] 1.1.2.28    [ OK ]

@@ ----------------------------------------------

@@ WPF = 1.1.2.29

@@ ----------------------------------------------

device open = /dev/video8

device open = /dev/video13

Input  File = 1280_720_ARGB32.argb

Output File = nothing


----------------------

TotalTime           =   33.70 ms

   > ProcessingTime =    1.55 ms

     WaitTime       =    1.40 ms

     DevOpenTime    =    1.38 ms

     DevCloseTime   =    0.46 ms

     ReadTime       =    3.66 ms

     WriteTime      =    0.00 ms

     CheckSumTime   =   20.61 ms

     OtherTime      =    6.05 ms

----------------------

[R] 1.1.2.29    [ OK ]

## success ##


@@ SUCCESS !! / test name = wpf



@@ ----------------------------------------------

@@ test name = uds

@@ ----------------------------------------------

[R] 1.3.1.1     [ SKIP ]( uds case 1 )( Device name is nothing. )

[R] 1.3.1.2     [ SKIP ]( uds case 2 )( Device name is nothing. )

[R] 1.3.2.1     [ SKIP ]( uds case 3 )( Device name is nothing. )

## success ##


@@ SUCCESS !! / test name = uds



@@ ----------------------------------------------

@@ test name = bru

@@ ----------------------------------------------

@@ ----------------------------------------------

@@ BRU = 1.2.2.1

@@ ----------------------------------------------

device open = /dev/video8

device open = /dev/video9

device open = /dev/video13

Input  File = 1280_720_ARGB32.argb

Input  File = 640_480_ARGB32.argb

Output File = nothing


----------------------

TotalTime           =   47.17 ms

   > ProcessingTime =    1.66 ms

     WaitTime       =    1.45 ms

     DevOpenTime    =    1.20 ms

     DevCloseTime   =    0.53 ms

     ReadTime       =    7.83 ms

     WriteTime      =    0.00 ms

     CheckSumTime   =   27.37 ms

     OtherTime      =    8.58 ms

----------------------

[R] 1.2.2.1     [ OK ]

@@ ----------------------------------------------

@@ BRU = 1.2.2.2

@@ ----------------------------------------------

device open = /dev/video8

device open = /dev/video9

device open = /dev/video13

Input  File = 1280_720_ARGB32.argb

Input  File = 640_480_ARGB32.argb

Output File = nothing


----------------------

TotalTime           =   46.14 ms

   > ProcessingTime =    1.76 ms

     WaitTime       =    1.54 ms

     DevOpenTime    =    1.16 ms

     DevCloseTime   =    0.61 ms

     ReadTime       =    6.54 ms

     WriteTime      =    0.00 ms

     CheckSumTime   =   27.45 ms

     OtherTime      =    8.62 ms

----------------------

[R] 1.2.2.2     [ OK ]

@@ ----------------------------------------------

@@ BRU = 1.2.3.1

@@ ----------------------------------------------

device open = /dev/video8

device open = /dev/video9

device open = /dev/video13

Input  File = 1280_720_ARGB32.argb

Input  File = 640_480_ARGB32.argb

Output File = nothing


----------------------

TotalTime           =   77.08 ms

   > ProcessingTime =    1.87 ms

     WaitTime       =    1.62 ms

     DevOpenTime    =    1.44 ms

     DevCloseTime   =    0.55 ms

     ReadTime       =    8.23 ms

     WriteTime      =    0.00 ms

     CheckSumTime   =   55.05 ms

     OtherTime      =    9.94 ms

----------------------

[R] 1.2.3.1     [ OK ]

@@ ----------------------------------------------

@@ BRU = 1.2.3.2

@@ ----------------------------------------------

device open = /dev/video8

device open = /dev/video9

device open = /dev/video13

Input  File = 1280_720_ARGB32.argb

Input  File = 640_480_ARGB32.argb

Output File = nothing


----------------------

TotalTime           =   44.74 ms

   > ProcessingTime =    1.67 ms

