NOTICE:  BL2: R-Car Gen3 Initial Program Loader(CA57) Rev.4.0.0
NOTICE:  BL2: PRR is R-Car M3 Ver.3.0
NOTICE:  BL2: Board is Salvator-XS Rev.1.0
NOTICE:  BL2: Boot device is HyperFlash(160MHz)
NOTICE:  BL2: LCM state is CM
NOTICE:  AVS setting succeeded. DVFS_SetVID=0x53
NOTICE:  BL2: DDR3200(rev.0.42)
NOTICE:  BL2: [COLD_BOOT]
NOTICE:  BL2: DRAM Split is 2ch
NOTICE:  BL2: QoS is default setting(rev.0.04)
NOTICE:  BL2: DRAM refresh interval 1.95 usec
NOTICE:  BL2: Periodic Write DQ Training
NOTICE:  BL2: CH0: 400000000 - 4ffffffff, 4 GiB
NOTICE:  BL2: CH2: 600000000 - 6ffffffff, 4 GiB
NOTICE:  BL2: Lossy Decomp areas
NOTICE:       Entry 0: DCMPAREACRAx:0x80000540 DCMPAREACRBx:0x570
NOTICE:       Entry 1: DCMPAREACRAx:0x40000000 DCMPAREACRBx:0x0
NOTICE:       Entry 2: DCMPAREACRAx:0x20000000 DCMPAREACRBx:0x0
NOTICE:  BL2: FDT at 0xe6325f78
NOTICE:  BL2: v2.9(release):9cdb21f75-dirty
NOTICE:  BL2: Built : 02:47:03, Jul  1 2024
NOTICE:  BL2: Normal boot
NOTICE:  BL2: dst=0xe6325800 src=0x8180000 len=512(0x200)
NOTICE:  BL2: dst=0x43f00000 src=0x8180400 len=6144(0x1800)
NOTICE:  rcar_file_len: len: 0x0003e000
NOTICE:  BL2: dst=0x44000000 src=0x81c0000 len=253952(0x3e000)
NOTICE:  rcar_file_len: len: 0x00200000
NOTICE:  BL2: dst=0x44100000 src=0x8200000 len=2097152(0x200000)
NOTICE:  rcar_file_len: len: 0x00100000
NOTICE:  BL2: dst=0x50000000 src=0x8640000 len=1048576(0x100000)
NOTICE:  BL2: Booting BL31


U-Boot 2020.10 (Jul 01 2024 - 02:47:18 +0000)

CPU: Renesas Electronics R8A7796 rev 3.0
Model: Renesas Salvator-X 2nd version board based on r8a77961
DRAM:  7.9 GiB
RAM Configuration:
Bank #0: 0x048000000 - 0x0bfffffff, 1.9 GiB
Bank #1: 0x480000000 - 0x4ffffffff, 2 GiB
Bank #2: 0x600000000 - 0x6ffffffff, 4 GiB

MMC:   mmc@ee100000: 0, mmc@ee140000: 1, mmc@ee160000: 2
Loading Environment from MMC... OK
In:    serial@e6e88000
Out:   serial@e6e88000
Err:   serial@e6e88000
Net:   eth0: ethernet@e6800000
Hit any key to stop autoboot:  0
=> pr
DA_bootargs=rw root=/dev/nfs nfsroot=192.168.8.8:/tftpboot/m3/rootfs,nfsvers=4 ip=192.168.8.50
LONG_bootargs=rw root=/dev/nfs nfsroot=192.168.8.8:/tftpboot/long.trinh-tien/M3_full/rootfs,nfsvers=4 ip=192.168.8.20 baudrate=115200
TRINH_bootargs=rw root=/dev/nfs nfsroot=192.168.8.8:/tftpboot/trinh.nguyen-tan/2024/M3/rootfs,nfsvers=4 ip=192.168.8.10
baudrate=115200
bootargs=root=/dev/nfs nfsroot=192.168.8.8:/tftpboot/HVN/QuocHB/M3/rootfs,nfsvers=4 ip=192.168.8.31
bootcmd=run bootcmd_LONG_tftp
bootcmd_DA_tftp=setenv bootargs ${DA_bootargs} ; tftp 0x48080000 m3/Image ; tftp 0x48000000 m3/${dtb};booti 0x48080000 - 0x48000000
bootcmd_LONG_tftp=setenv bootargs ${LONG_bootargs} ; tftp 0x48080000 long.trinh-tien/Image_USB3F_memleak_deadlock ; tftp 0x48000000 long.trinh-tien/M3_full/${dtb};booti 0x48080000 - 0x48000000
bootcmd_TRINH_tftp=setenv bootargs ${TRINH_bootargs} ; tftp 0x48080000 trinh.nguyen-tan/2024/M3/Image ; tftp 0x48000000 trinh.nguyen-tan/2024/M3/${dtb};booti 0x48080000 - 0x48000000
bootcmd_tftp=tftp 0x48080000 HVN/QuocHB/M3/rootfs/boot/Image;tftp 0x48000000 HVN/QuocHB/M3/rootfs/boot/${dtb};booti 0x48080000 - 0x48000000
bootdelay=2
booti_cmd=booti 0x48080000 - 0x48000000
bootm_size=0x10000000
dtb=r8a77961-salvator-xs.dtb
ethact=ethernet@e6800000
ethaddr=2E:09:0A:03:99:2E
fdtcontroladdr=bbef0f80
ipaddr=192.168.8.31
loadaddr=0x58000000
nfs_rootfs=phunt/M3/rootfs
platform=r8a7796
serverip=192.168.8.8
stderr=serial@e6e88000
stdin=serial@e6e88000
stdout=serial@e6e88000
tftp_dir=/tftpboot
usb_pgood_delay=2000
usbboot=fatload usb 0:1 0x48080000 Image; fatload usb 0:1 0x48000000 r8a77961-salvator-xs.dtb; booti 0x48080000 - 0x48000000
ver=U-Boot 2020.10 (Jul 01 2024 - 02:47:18 +0000)

Environment size: 1709/131068 bytes
=> boot
ethernet@e6800000 Waiting for PHY auto negotiation to complete........ done
Using ethernet@e6800000 device
TFTP from server 192.168.8.8; our IP address is 192.168.8.31
Filename 'long.trinh-tien/Image_USB3F_memleak_deadlock'.
Load address: 0x48080000
Loading: #################################################################
         #################################################################
         #################################################################
         #################################################################
         #################################################################
         #################################################################
         #################################################################
         #################################################################
         #################################################################
         #################################################################
         #################################################################
         #################################################################
         #################################################################
         #################################################################
         #################################################################
         #################################################################
         #################################################################
         #################################################################
         #################################################################
         #################################################################
         #################################################################
         #################################################################
         #################################################################
         #################################################################
         #################################################################
         #################################################################
         #################################################################
         #################################################################
         #################################################################
         #################################################################
         #################################################################
         #################################################################
         #################################################################
         #################################################################
         #################################################################
         #################################################################
         #################################################################
         #################################################################
         #################################################################
         #################################################################
         #################################################################
         #################################################################
         #################################################################
         ######################################
         4.2 MiB/s
done
Bytes transferred = 41576960 (27a6a00 hex)
Using ethernet@e6800000 device
TFTP from server 192.168.8.8; our IP address is 192.168.8.31
Filename 'long.trinh-tien/M3_full/r8a77961-salvator-xs.dtb'.
Load address: 0x48000000
Loading: ######
         7.4 MiB/s
done
Bytes transferred = 77800 (12fe8 hex)
Moving Image from 0x48080000 to 0x48200000, end=4ba50000
## Flattened Device Tree blob at 48000000
   Booting using the fdt blob at 0x48000000
   Loading Device Tree to 0000000053fea000, end 0000000053ffffe7 ... OK

Starting kernel ...

[    0.000000] Booting Linux on physical CPU 0x0000000000 [0x411fd073]
[    0.000000] Linux version 5.10.218-yocto-standard-00832-ga6b0abad730d (long.trinh-tien@banvien) (aarch64-poky-linux-gcc (GCC) 13.2.0, GNU ld (GNU Binutils) 2.42.0.20240216) #3 SMP PREEMPT Fri Jul 26 04:07:16 UTC 2024
[    0.000000] Machine model: Renesas Salvator-X 2nd version board based on r8a77961
[    0.000000] efi: UEFI not found.
[    0.000000] Reserved memory: created CMA memory pool at 0x0000000057000000, size 16 MiB
[    0.000000] OF: reserved mem: initialized node linux,adsp@57000000, compatible id shared-dma-pool
[    0.000000] Reserved memory: created CMA memory pool at 0x0000000058000000, size 384 MiB
[    0.000000] OF: reserved mem: initialized node linux,cma@58000000, compatible id shared-dma-pool
[    0.000000] Reserved memory: created CMA memory pool at 0x0000000070000000, size 256 MiB
[    0.000000] OF: reserved mem: initialized node linux,multimedia@70000000, compatible id shared-dma-pool
[    0.000000] NUMA: No NUMA configuration found
[    0.000000] NUMA: Faking a node at [mem 0x0000000048000000-0x00000006ffffffff]
[    0.000000] NUMA: NODE_DATA [mem 0x6fefd9a00-0x6fefdbfff]
[    0.000000] Zone ranges:
[    0.000000]   DMA      [mem 0x0000000048000000-0x00000000ffffffff]
[    0.000000]   DMA32    empty
[    0.000000]   Normal   [mem 0x0000000100000000-0x00000006ffffffff]
[    0.000000] Movable zone start for each node
[    0.000000] Early memory node ranges
[    0.000000]   node   0: [mem 0x0000000048000000-0x0000000053ffffff]
[    0.000000]   node   0: [mem 0x0000000054000000-0x0000000056ffffff]
[    0.000000]   node   0: [mem 0x0000000057000000-0x00000000bfffffff]
[    0.000000]   node   0: [mem 0x0000000480000000-0x00000004ffffffff]
[    0.000000]   node   0: [mem 0x0000000600000000-0x00000006ffffffff]
[    0.000000] Initmem setup node 0 [mem 0x0000000048000000-0x00000006ffffffff]
[    0.000000] psci: probing for conduit method from DT.
[    0.000000] psci: PSCIv1.1 detected in firmware.
[    0.000000] psci: Using standard PSCI v0.2 function IDs
[    0.000000] psci: Trusted OS resident on physical CPU 0x0
[    0.000000] psci: SMC Calling Convention v1.2
[    0.000000] percpu: Embedded 33 pages/cpu s96592 r8192 d30384 u135168
[    0.000000] Detected PIPT I-cache on CPU0
[    0.000000] CPU features: detected: EL2 vector hardening
[    0.000000] CPU features: detected: Spectre-v2
[    0.000000] CPU features: detected: ARM errata 1165522, 1319367, or 1530923
[    0.000000] CPU features: detected: Spectre-BHB
[    0.000000] CPU features: detected: ARM erratum 1742098
[    0.000000] Built 1 zonelists, mobility grouping on.  Total pages: 2032128
[    0.000000] Policy zone: Normal
[    0.000000] Kernel command line: rw root=/dev/nfs nfsroot=192.168.8.8:/tftpboot/long.trinh-tien/M3_full/rootfs,nfsvers=4 ip=192.168.8.20 baudrate=115200
[    0.000000] Dentry cache hash table entries: 1048576 (order: 11, 8388608 bytes, linear)
[    0.000000] Inode-cache hash table entries: 524288 (order: 10, 4194304 bytes, linear)
[    0.000000] mem auto-init: stack:all(zero), heap alloc:off, heap free:off
[    0.000000] software IO TLB: mapped [mem 0x00000000bc000000-0x00000000c0000000] (64MB)
[    0.000000] Memory: 7252276K/8257536K available (17920K kernel code, 4186K rwdata, 9156K rodata, 9216K init, 16986K bss, 333516K reserved, 671744K cma-reserved)
[    0.000000] SLUB: HWalign=64, Order=0-3, MinObjects=0, CPUs=6, Nodes=1
[    0.000000] ftrace: allocating 58866 entries in 230 pages
[    0.000000] ftrace: allocated 230 pages with 5 groups
[    0.000000] Running RCU self tests
[    0.000000] rcu: Preemptible hierarchical RCU implementation.
[    0.000000] rcu:     RCU event tracing is enabled.
[    0.000000] rcu:     RCU lockdep checking is enabled.
[    0.000000] rcu:     RCU restricting CPUs from NR_CPUS=256 to nr_cpu_ids=6.
[    0.000000]  Trampoline variant of Tasks RCU enabled.
[    0.000000]  Rude variant of Tasks RCU enabled.
[    0.000000] rcu: RCU calculated value of scheduler-enlistment delay is 25 jiffies.
[    0.000000] rcu: Adjusting geometry for rcu_fanout_leaf=16, nr_cpu_ids=6
[    0.000000] NR_IRQS: 64, nr_irqs: 64, preallocated irqs: 0
[    0.000000] arch_timer: cp15 timer(s) running at 8.32MHz (virt).
[    0.000000] clocksource: arch_sys_counter: mask: 0xffffffffffffff max_cycles: 0x1eb398c07, max_idle_ns: 440795202503 ns
[    0.000005] sched_clock: 56 bits at 8MHz, resolution 120ns, wraps every 2199023255503ns
[    0.000486] Console: colour dummy device 80x25
[    0.002523] printk: console [tty0] enabled
[    0.002568] Lock dependency validator: Copyright (c) 2006 Red Hat, Inc., Ingo Molnar
[    0.002615] ... MAX_LOCKDEP_SUBCLASSES:  8
[    0.002643] ... MAX_LOCK_DEPTH:          48
[    0.002673] ... MAX_LOCKDEP_KEYS:        8192
[    0.002703] ... CLASSHASH_SIZE:          4096
[    0.002733] ... MAX_LOCKDEP_ENTRIES:     32768
[    0.002763] ... MAX_LOCKDEP_CHAINS:      65536
[    0.002792] ... CHAINHASH_SIZE:          32768
[    0.002823]  memory used by lock dependency info: 6365 kB
[    0.002857]  memory used for stack traces: 4224 kB
[    0.002889]  per task-struct memory footprint: 1920 bytes
[    0.003130] Calibrating delay loop (skipped), value calculated using timer frequency.. 16.64 BogoMIPS (lpj=33280)
[    0.003202] pid_max: default: 32768 minimum: 301
[    0.003611] LSM: Security Framework initializing
[    0.004040] Mount-cache hash table entries: 16384 (order: 5, 131072 bytes, linear)
[    0.004145] Mountpoint-cache hash table entries: 16384 (order: 5, 131072 bytes, linear)
[    0.010680] rcu: Hierarchical SRCU implementation.
[    0.013186] Detected Renesas R-Car Gen3 r8a77961 ES3.0
[    0.026715] EFI services will not be available.
[    0.027875] smp: Bringing up secondary CPUs ...
[    0.029879] Detected PIPT I-cache on CPU1
[    0.029959] CPU1: Booted secondary processor 0x0000000001 [0x411fd073]
[    0.031944] CPU features: detected: ARM erratum 845719
[    0.031966] Detected VIPT I-cache on CPU2
[    0.032054] CPU2: Booted secondary processor 0x0000000100 [0x410fd034]
[    0.033989] Detected VIPT I-cache on CPU3
[    0.034031] CPU3: Booted secondary processor 0x0000000101 [0x410fd034]
[    0.035775] Detected VIPT I-cache on CPU4
[    0.035817] CPU4: Booted secondary processor 0x0000000102 [0x410fd034]
[    0.037673] Detected VIPT I-cache on CPU5
[    0.037716] CPU5: Booted secondary processor 0x0000000103 [0x410fd034]
[    0.038097] smp: Brought up 1 node, 6 CPUs
[    0.038467] SMP: Total of 6 processors activated.
[    0.038504] CPU features: detected: 32-bit EL0 Support
[    0.038542] CPU features: detected: CRC32 instructions
[    0.038579] CPU features: detected: 32-bit EL1 Support
[    0.063611] CPU: All CPU(s) started at EL1
[    0.063745] alternatives: patching kernel code
[    0.067628] devtmpfs: initialized
[    0.138676] KASLR disabled due to lack of seed
[    0.140257] clocksource: jiffies: mask: 0xffffffff max_cycles: 0xffffffff, max_idle_ns: 7645041785100000 ns
[    0.140351] futex hash table entries: 2048 (order: 6, 262144 bytes, linear)
[    0.150534] pinctrl core: initialized pinctrl subsystem
[    0.155814] DMI not present or invalid.
[    0.157485] NET: Registered protocol family 16
[    0.160737] DMA: preallocated 1024 KiB GFP_KERNEL pool for atomic allocations
[    0.161039] DMA: preallocated 1024 KiB GFP_KERNEL|GFP_DMA pool for atomic allocations
[    0.161718] DMA: preallocated 1024 KiB GFP_KERNEL|GFP_DMA32 pool for atomic allocations
[    0.161946] audit: initializing netlink subsys (disabled)
[    0.162529] audit: type=2000 audit(0.152:1): state=initialized audit_enabled=0 res=1
[    0.166159] thermal_sys: Registered thermal governor 'power_allocator'
[    0.168055] cpuidle: using governor menu
[    0.168747] hw-breakpoint: found 6 breakpoint and 4 watchpoint registers.
[    0.169094] ASID allocator initialised with 65536 entries
[    0.174008] Serial: AMBA PL011 UART driver
[    0.358773] sh-pfc e6060000.pinctrl: r8a77961_pfc support registered
[    0.434935] HugeTLB registered 1.00 GiB page size, pre-allocated 0 pages
[    0.434990] HugeTLB registered 32.0 MiB page size, pre-allocated 0 pages
[    0.435036] HugeTLB registered 2.00 MiB page size, pre-allocated 0 pages
[    0.435080] HugeTLB registered 64.0 KiB page size, pre-allocated 0 pages
[    0.439349] cryptd: max_cpu_qlen set to 1000
[    0.449039] ACPI: Interpreter disabled.
[    0.461190] rcar-avs: use avs value: 0
[    0.461261] rcar-avs: cpu@0 is running with: opp_table0
[    0.461313] rcar-avs: cpu@1 is running with: opp_table0
[    0.461451] rcar-avs: gsx@fd000000 is running with: gsx_opp_table0
[    0.468373] iommu: Default domain type: Translated
[    0.469743] ipmmu-vmsa e67b0000.iommu: IPMMU context 0 is reserved
[    0.475759] vgaarb: loaded
[    0.477480] SCSI subsystem initialized
[    0.478913] usbcore: registered new interface driver usbfs
[    0.479573] usbcore: registered new interface driver hub
[    0.479775] usbcore: registered new device driver usb
[    0.495721] i2c-sh_mobile e60b0000.i2c: I2C adapter 7, bus speed 400000 Hz
[    0.498127] mc: Linux media interface: v0.10
[    0.498269] videodev: Linux video capture interface: v2.00
[    0.498597] pps_core: LinuxPPS API ver. 1 registered
[    0.498636] pps_core: Software ver. 5.3.6 - Copyright 2005-2007 Rodolfo Giometti <giometti@linux.it>
[    0.498736] PTP clock support registered
[    0.499486] EDAC MC: Ver: 3.0.0
[    0.506049] FPGA manager framework
[    0.506485] Advanced Linux Sound Architecture Driver Initialized.
[    0.509271] clocksource: Switched to clocksource arch_sys_counter
[    1.183415] VFS: Disk quotas dquot_6.6.0
[    1.183742] VFS: Dquot-cache hash table entries: 512 (order 0, 4096 bytes)
[    1.184962] pnp: PnP ACPI: disabled
[    1.209860] NET: Registered protocol family 2
[    1.210504] IP idents hash table entries: 131072 (order: 8, 1048576 bytes, linear)
[    1.214368] tcp_listen_portaddr_hash hash table entries: 4096 (order: 6, 327680 bytes, linear)
[    1.215069] TCP established hash table entries: 65536 (order: 7, 524288 bytes, linear)
[    1.216839] TCP bind hash table entries: 65536 (order: 10, 4718592 bytes, vmalloc)
[    1.224897] TCP: Hash tables configured (established 65536 bind 65536)
[    1.225685] UDP hash table entries: 4096 (order: 7, 655360 bytes, linear)
[    1.226875] UDP-Lite hash table entries: 4096 (order: 7, 655360 bytes, linear)
[    1.228533] NET: Registered protocol family 1
[    1.230526] RPC: Registered named UNIX socket transport module.
[    1.230601] RPC: Registered udp transport module.
[    1.230637] RPC: Registered tcp transport module.
[    1.230671] RPC: Registered tcp NFSv4.1 backchannel transport module.
[    1.230730] PCI: CLS 0 bytes, default 64
[    1.234018] hw perfevents: enabled with armv8_cortex_a53 PMU driver, 7 counters available
[    1.234951] hw perfevents: enabled with armv8_cortex_a57 PMU driver, 7 counters available
[    1.235900] kvm [1]: HYP mode not available
[    1.248976] Initialise system trusted keyrings
[    1.249635] workingset: timestamp_bits=42 max_order=21 bucket_order=0
[    1.281718] squashfs: version 4.0 (2009/01/31) Phillip Lougher
[    1.284164] NFS: Registering the id_resolver key type
[    1.284287] Key type id_resolver registered
[    1.284339] Key type id_legacy registered
[    1.284777] nfs4filelayout_init: NFSv4 File Layout Driver Registering...
[    1.284852] nfs4flexfilelayout_init: NFSv4 Flexfile Layout Driver Registering...
[    1.285510] 9p: Installing v9fs 9p2000 file system support
[    1.312950] Key type asymmetric registered
[    1.313051] Asymmetric key parser 'x509' registered
[    1.313296] Block layer SCSI generic (bsg) driver version 0.4 loaded (major 243)
[    1.313378] io scheduler mq-deadline registered
[    1.313421] io scheduler kyber registered
[    1.363976] gpio_rcar e6050000.gpio: driving 16 GPIOs
[    1.366070] gpio_rcar e6051000.gpio: driving 29 GPIOs
[    1.368881] gpio_rcar e6052000.gpio: driving 15 GPIOs
[    1.370465] gpio_rcar e6053000.gpio: driving 16 GPIOs
[    1.371862] gpio_rcar e6054000.gpio: driving 18 GPIOs
[    1.373241] gpio_rcar e6055000.gpio: driving 26 GPIOs
[    1.374708] gpio_rcar e6055400.gpio: driving 32 GPIOs
[    1.376108] gpio_rcar e6055800.gpio: driving 4 GPIOs
[    1.388083] rcar-pcie fe000000.pcie: host bridge /soc/pcie@fe000000 ranges:
[    1.388212] rcar-pcie fe000000.pcie:       IO 0x00fe100000..0x00fe1fffff -> 0x0000000000
[    1.388376] rcar-pcie fe000000.pcie:      MEM 0x00fe200000..0x00fe3fffff -> 0x00fe200000
[    1.388490] rcar-pcie fe000000.pcie:      MEM 0x0030000000..0x0037ffffff -> 0x0030000000
[    1.388581] rcar-pcie fe000000.pcie:      MEM 0x0038000000..0x003fffffff -> 0x0038000000
[    1.388679] rcar-pcie fe000000.pcie:   IB MEM 0x0040000000..0x00bfffffff -> 0x0040000000
[    1.388831] rcar-pcie fe000000.pcie: no pcie3v3 regulator found
[    1.388901] rcar-pcie fe000000.pcie: no pcie1v8 regulator found
[    1.457138] rcar-pcie fe000000.pcie: PCIe link down
[    1.458382] rcar-pcie ee800000.pcie: host bridge /soc/pcie@ee800000 ranges:
[    1.458497] rcar-pcie ee800000.pcie:       IO 0x00ee900000..0x00ee9fffff -> 0x0000000000
[    1.458609] rcar-pcie ee800000.pcie:      MEM 0x00eea00000..0x00eebfffff -> 0x00eea00000
[    1.458715] rcar-pcie ee800000.pcie:      MEM 0x00c0000000..0x00c7ffffff -> 0x00c0000000
[    1.458800] rcar-pcie ee800000.pcie:      MEM 0x00c8000000..0x00cfffffff -> 0x00c8000000
[    1.458894] rcar-pcie ee800000.pcie:   IB MEM 0x0040000000..0x00bfffffff -> 0x0040000000
[    1.459029] rcar-pcie ee800000.pcie: no pcie3v3 regulator found
[    1.459091] rcar-pcie ee800000.pcie: no pcie1v8 regulator found
[    1.525464] rcar-pcie ee800000.pcie: PCIe link down
[    1.534798] EINJ: ACPI disabled.
[    1.676666] Serial: 8250/16550 driver, 4 ports, IRQ sharing enabled
[    1.686903] SuperH (H)SCI(F) driver initialized
[    1.688327] e6550000.serial: ttySC1 at MMIO 0xe6550000 (irq = 40, base_baud = 0) is a hscif
[    1.692579] e6e88000.serial: ttySC0 at MMIO 0xe6e88000 (irq = 123, base_baud = 0) is a scif
[    2.942047] printk: console [ttySC0] enabled
[    2.951383] msm_serial: driver initialized
[    2.970691] rcar-dw-hdmi fead0000.hdmi: Detected HDMI TX controller v2.01a with HDCP (DWC HDMI 2.0 TX PHY)
[    2.981506] rcar-dw-hdmi fead0000.hdmi: registered DesignWare HDMI I2C bus driver
[    3.035911] loop: module loaded
[    3.043707] megasas: 07.714.04.00-rc1
[    3.070950] tun: Universal TUN/TAP device driver, 1.6
[    3.079193] thunder_xcv, ver 1.0
[    3.082996] thunder_bgx, ver 1.0
[    3.086655] nicpf, ver 1.0
[    3.094271] hclge is initializing
[    3.097848] hns3: Hisilicon Ethernet Network Driver for Hip08 Family - version
[    3.105131] hns3: Copyright (c) 2017 Huawei Corporation.
[    3.110634] e1000: Intel(R) PRO/1000 Network Driver
[    3.115562] e1000: Copyright (c) 1999-2006 Intel Corporation.
[    3.121522] e1000e: Intel(R) PRO/1000 Network Driver
[    3.126531] e1000e: Copyright(c) 1999 - 2015 Intel Corporation.
[    3.132627] igb: Intel(R) Gigabit Ethernet Network Driver
[    3.138073] igb: Copyright (c) 2007-2014 Intel Corporation.
[    3.143775] igbvf: Intel(R) Gigabit Virtual Function Network Driver
[    3.150088] igbvf: Copyright (c) 2009 - 2012 Intel Corporation.
[    3.157596] sky2: driver version 1.30
[    3.176987] ravb e6800000.ethernet eth0: Base address at 0xe6800000, 2e:09:0a:03:99:2e, IRQ 120.
[    3.191506] VFIO - User Level meta-driver version: 0.3
[    3.203807] ehci_hcd: USB 2.0 'Enhanced' Host Controller (EHCI) Driver
[    3.210411] ehci-pci: EHCI PCI platform driver
[    3.214992] ehci-platform: EHCI generic platform driver
[    3.222335] ehci-platform ee0a0100.usb: EHCI Host Controller
[    3.228237] ehci-platform ee0a0100.usb: new USB bus registered, assigned bus number 1
[    3.236504] ehci-platform ee0a0100.usb: irq 170, io mem 0xee0a0100
[    3.261296] ehci-platform ee0a0100.usb: USB 2.0 started, EHCI 1.10
[    3.270165] hub 1-0:1.0: USB hub found
[    3.274139] hub 1-0:1.0: 1 port detected
[    3.280943] ehci-orion: EHCI orion driver
[    3.285812] ehci-exynos: EHCI Exynos driver
[    3.290507] ohci_hcd: USB 1.1 'Open' Host Controller (OHCI) Driver
[    3.296798] ohci-pci: OHCI PCI platform driver
[    3.301526] ohci-platform: OHCI generic platform driver
[    3.308532] ohci-platform ee0a0000.usb: Generic Platform OHCI controller
[    3.315363] ohci-platform ee0a0000.usb: new USB bus registered, assigned bus number 2
[    3.323567] ohci-platform ee0a0000.usb: irq 170, io mem 0xee0a0000
[    3.421575] hub 2-0:1.0: USB hub found
[    3.425483] hub 2-0:1.0: 1 port detected
[    3.431843] ohci-exynos: OHCI Exynos driver
[    3.437007] usbcore: registered new interface driver usb-storage
[    3.448465] renesas_usbhs e6590000.usb: host probed
[    3.453450] renesas_usbhs e6590000.usb: no transceiver found
[    3.459874] renesas_usbhs e6590000.usb: gadget probed
[    3.465303] renesas_usbhs e6590000.usb: probed
[    3.474700] renesas_usb3 ee020000.usb: probed with phy
[    3.488725] i2c /dev entries driver
[    3.519677] cs2000-cp 2-004f: revision - C1
[    3.524163] i2c-rcar e6510000.i2c: probed
[    3.532645] pca953x 4-0020: supply vcc not found, using dummy regulator
[    3.540186] pca953x 4-0020: using no AI
[    3.556363] i2c-rcar e66d8000.i2c: probed
[    3.565206] adv748x 4-0070: Endpoint /soc/i2c@e66d8000/video-receiver@70/port@7/endpoint on port 7
[    3.574347] adv748x 4-0070: Endpoint /soc/i2c@e66d8000/video-receiver@70/port@8/endpoint on port 8
[    3.583399] adv748x 4-0070: Endpoint /soc/i2c@e66d8000/video-receiver@70/port@a/endpoint on port 10
[    3.592553] adv748x 4-0070: Endpoint /soc/i2c@e66d8000/video-receiver@70/port@b/endpoint on port 11
[    3.602336] adv748x 4-0070: chip found @ 0xe0 revision 2143
[    3.679716] rcar-csi2 fea80000.csi2: 1 lanes found
[    3.686915] rcar-csi2 feaa0000.csi2: 4 lanes found
[    3.712202] rcar-vin e6ef0000.video: Device registered as video0
[    3.718938] rcar-vin e6ef1000.video: Device registered as video1
[    3.725743] rcar-vin e6ef2000.video: Device registered as video2
[    3.732208] rcar-vin e6ef3000.video: Device registered as video3
[    3.739256] rcar-vin e6ef4000.video: Device registered as video4
[    3.745688] rcar-vin e6ef5000.video: Device registered as video5
[    3.752150] rcar-vin e6ef6000.video: Device registered as video6
[    3.758616] rcar-vin e6ef7000.video: Device registered as video7
[    3.773821] rcar_gen3_thermal e6198000.thermal: is using pseudo fixed FUSE values
[    3.786805] rcar_gen3_thermal e6198000.thermal: TSC0: Loaded 1 trip points
[    3.798943] rcar_gen3_thermal e6198000.thermal: TSC1: Loaded 1 trip points
[    3.810806] rcar_gen3_thermal e6198000.thermal: TSC2: Loaded 3 trip points
[    3.837872] sdhci: Secure Digital Host Controller Interface driver
[    3.844131] sdhci: Copyright(c) Pierre Ossman
[    3.851766] renesas_sdhi_internal_dmac ee100000.mmc: Got CD GPIO
[    3.857968] renesas_sdhi_internal_dmac ee100000.mmc: Got WP GPIO
[    3.871888] renesas_sdhi_internal_dmac ee140000.mmc: Adding to iommu group 0
[    3.879203] renesas_sdhi_internal_dmac ee140000.mmc: Using IPMMU context 1
[    3.938434] renesas_sdhi_internal_dmac ee140000.mmc: mmc0 base at 0x00000000ee140000, max clock rate 200 MHz
[    3.952232] renesas_sdhi_internal_dmac ee160000.mmc: Got CD GPIO
[    3.958501] renesas_sdhi_internal_dmac ee160000.mmc: Got WP GPIO
[    3.972840] Synopsys Designware Multimedia Card Interface Driver
[    3.984541] sdhci-pltfm: SDHCI platform and OF driver helper
[    3.996529] ledtrig-cpu: registered to indicate activity on CPUs
[    4.005879] SMCCC: SOC_ID: ARCH_SOC_ID not implemented, skipping ....
[    4.014871] usbcore: registered new interface driver usbhid
[    4.020546] usbhid: USB HID core driver
[    4.037269] optee: probing for conduit method.
[    4.041880] optee: revision 3.22 (314ecf9d)
[    4.043461] optee driver R-Car Rev.1.0.11
[    4.050651] mmc0: new HS400 MMC card at address 0001
[    4.052614] optee: dynamic shared memory is enabled
[    4.060214] mmcblk0: mmc0:0001 BGSD4R 29.1 GiB
[    4.062673] optee: initialized driver
[    4.067943] mmcblk0boot0: mmc0:0001 BGSD4R partition 1 31.9 MiB
[    4.077702] mmcblk0boot1: mmc0:0001 BGSD4R partition 2 31.9 MiB
[    4.084409] mmcblk0rpmb: mmc0:0001 BGSD4R partition 3 4.00 MiB, chardev (508:0)
[    4.097015]  mmcblk0: p1
[    4.100580] rcar_sound ec500000.sound: probed
[    4.108364] NET: Registered protocol family 17
[    4.113697] 9pnet: Installing 9P2000 support
[    4.118249] Key type dns_resolver registered
[    4.123317] registered taskstats version 1
[    4.127500] Loading compiled-in X.509 certificates
[    4.133238] kmemleak: Kernel memory leak detector initialized (mem pool available: 11756)
[    4.133354] kmemleak: Automatic memory scanning thread started
[    4.209338] thermal emergency: set temperature to 110 celsius
[    4.215470] thermal emergency: shutdown target cpus 1-5
[    4.220743] thermal emergency: freq scaled target cpus 0
[    4.228029] renesas_irqc e61c0000.interrupt-controller: driving 6 irqs
[    4.313418] ehci-platform ee080100.usb: EHCI Host Controller
[    4.319340] ehci-platform ee080100.usb: new USB bus registered, assigned bus number 3
[    4.327537] ehci-platform ee080100.usb: irq 169, io mem 0xee080100
[    4.349311] ehci-platform ee080100.usb: USB 2.0 started, EHCI 1.10
[    4.358267] hub 3-0:1.0: USB hub found
[    4.362249] hub 3-0:1.0: 1 port detected
[    4.371350] ohci-platform ee080000.usb: Generic Platform OHCI controller
[    4.378259] ohci-platform ee080000.usb: new USB bus registered, assigned bus number 4
[    4.386445] ohci-platform ee080000.usb: irq 169, io mem 0xee080000
[    4.481688] hub 4-0:1.0: USB hub found
[    4.485593] hub 4-0:1.0: 1 port detected
[    4.499023] cpu cpu0: EM: created perf domain
[    4.508272] cpu cpu2: EM: created perf domain
[    4.522854] renesas_sdhi_internal_dmac ee100000.mmc: Got CD GPIO
[    4.529078] renesas_sdhi_internal_dmac ee100000.mmc: Got WP GPIO
[    4.587243] renesas_sdhi_internal_dmac ee100000.mmc: mmc1 base at 0x00000000ee100000, max clock rate 200 MHz
[    4.605086] renesas_sdhi_internal_dmac ee160000.mmc: Got CD GPIO
[    4.611382] renesas_sdhi_internal_dmac ee160000.mmc: Got WP GPIO
[    4.667862] renesas_sdhi_internal_dmac ee160000.mmc: mmc2 base at 0x00000000ee160000, max clock rate 200 MHz
[    4.700215] [drm] Initialized rcar-du 1.0.0 20130110 for feb00000.display on minor 0
[    4.708552] [drm] Device feb00000.display probed
[    4.758820] Console: switching to colour frame buffer device 128x48
[    4.782127] rcar-du feb00000.display: [drm] fb0: rcar-dudrmfb frame buffer device
[    4.807698] input: keys as /devices/platform/keys/input/input0
[    4.906899] Micrel KSZ9031 Gigabit PHY e6800000.ethernet-ffffffff:00: attached PHY driver [Micrel KSZ9031 Gigabit PHY] (mii_bus:phy_addr=e6800000.ethernet-ffffffff:00, irq=175)
[   11.439606] ravb e6800000.ethernet eth0: Link is Up - 1Gbps/Full - flow control off
[   11.461512] IP-Config: Guessing netmask 255.255.255.0
[   11.466815] IP-Config: Complete:
[   11.470250]      device=eth0, hwaddr=2e:09:0a:03:99:2e, ipaddr=192.168.8.20, mask=255.255.255.0, gw=255.255.255.255
[   11.481094]      host=192.168.8.20, domain=, nis-domain=(none)
[   11.487184]      bootserver=255.255.255.255, rootserver=192.168.8.8, rootpath=
[   11.489394] clk: Disabling unused clocks
[   11.504605] ALSA device list:
[   11.508508]   No soundcards found.
[   12.635340] VFS: Mounted root (nfs4 filesystem) on device 0:23.
[   12.646961] devtmpfs: mounted
[   12.711486] Freeing unused kernel memory: 9216K
[   12.745685] Run /sbin/init as init process
[   13.659228] systemd[1]: System time before build time, advancing clock.
[   13.836523] systemd[1]: systemd 255.4^ running in system mode (+PAM -AUDIT -SELINUX -APPARMOR +IMA -SMACK +SECCOMP -GCRYPT -GNUTLS -OPENSSL +ACL +BLKID -CURL -ELFUTILS -FIDO2 -IDN2 -IDN -IPTC +KMOD -LIBCRYPTSETUP +LIBFDISK -PCRE2 -PWQUALITY -P11KIT -QRENCODE -TPM2 -BZIP2 -LZ4 -XZ -ZLIB +ZSTD -BPF_FRAMEWORK -XKBCOMMON +UTMP +SYSVINIT default-hierarchy=unified)
[   13.881362] systemd[1]: Detected architecture arm64.

Welcome to Poky (Yocto Project Reference Distro) 5.0 (scarthgap)!

[   13.925979] systemd[1]: Hostname set to <salvator-x>.
[   14.280861] systemd-sysv-generator[298]: SysV service '/etc/init.d/umountnfs.sh' lacks a native systemd unit file. ~ Automatically generating a unit file for compatibility. Please update package to include a native systemd unit file, in order to make it safe, robust and future-proof. ! This compatibility logic is deprecated, expect removal soon. !
[   14.342583] systemd-sysv-generator[298]: SysV service '/etc/init.d/set_default_governor.sh' lacks a native systemd unit file. ~ Automatically generating a unit file for compatibility. Please update package to include a native systemd unit file, in order to make it safe, robust and future-proof. ! This compatibility logic is deprecated, expect removal soon. !
[   14.389228] systemd-sysv-generator[298]: SysV service '/etc/init.d/umountfs' lacks a native systemd unit file. ~ Automatically generating a unit file for compatibility. Please update package to include a native systemd unit file, in order to make it safe, robust and future-proof. ! This compatibility logic is deprecated, expect removal soon. !
[   14.433042] systemd-sysv-generator[298]: SysV service '/etc/init.d/save-rtc.sh' lacks a native systemd unit file. ~ Automatically generating a unit file for compatibility. Please update package to include a native systemd unit file, in order to make it safe, robust and future-proof. ! This compatibility logic is deprecated, expect removal soon. !
[   14.473038] systemd-sysv-generator[298]: SysV service '/etc/init.d/reboot' lacks a native systemd unit file. ~ Automatically generating a unit file for compatibility. Please update package to include a native systemd unit file, in order to make it safe, robust and future-proof. ! This compatibility logic is deprecated, expect removal soon. !
[   14.509386] systemd-sysv-generator[298]: SysV service '/etc/init.d/halt' lacks a native systemd unit file. ~ Automatically generating a unit file for compatibility. Please update package to include a native systemd unit file, in order to make it safe, robust and future-proof. ! This compatibility logic is deprecated, expect removal soon. !
[   14.545207] systemd-sysv-generator[298]: SysV service '/etc/init.d/sendsigs' lacks a native systemd unit file. ~ Automatically generating a unit file for compatibility. Please update package to include a native systemd unit file, in order to make it safe, robust and future-proof. ! This compatibility logic is deprecated, expect removal soon. !
[   14.582813] systemd-sysv-generator[298]: SysV service '/etc/init.d/single' lacks a native systemd unit file. ~ Automatically generating a unit file for compatibility. Please update package to include a native systemd unit file, in order to make it safe, robust and future-proof. ! This compatibility logic is deprecated, expect removal soon. !
[   14.618250] systemd-sysv-generator[298]: SysV service '/etc/init.d/pvrinit' lacks a native systemd unit file. ~ Automatically generating a unit file for compatibility. Please update package to include a native systemd unit file, in order to make it safe, robust and future-proof. ! This compatibility logic is deprecated, expect removal soon. !
[   14.662364] systemd-sysv-generator[298]: SysV service '/etc/init.d/dropbear' lacks a native systemd unit file. ~ Automatically generating a unit file for compatibility. Please update package to include a native systemd unit file, in order to make it safe, robust and future-proof. ! This compatibility logic is deprecated, expect removal soon. !
[   15.289976] systemd[1]: Binding to IPv6 address not available since kernel does not support IPv6.
[   15.300956] systemd[1]: Binding to IPv6 address not available since kernel does not support IPv6.
[   15.869741] systemd[1]: Queued start job for default target Graphical Interface.
[   15.989559] systemd[1]: Created slice Slice /system/getty.
[  OK  ] Created slice Slice /system/getty.
[   16.025452] systemd[1]: Created slice Slice /system/modprobe.
[  OK  ] Created slice Slice /system/modprobe.
[   16.061508] systemd[1]: Created slice Slice /system/serial-getty.
[  OK  ] Created slice Slice /system/serial-getty.
[   16.093311] systemd[1]: Created slice User and Session Slice.
[  OK  ] Created slice User and Session Slice.
[   16.119808] systemd[1]: Started Dispatch Password Requests to Console Directory Watch.
[  OK  ] Started Dispatch Password Requests to Console Directory Watch.
[   16.151348] systemd[1]: Started Forward Password Requests to Wall Directory Watch.
[  OK  ] Started Forward Password Requests to Wall Directory Watch.
[   16.186311] systemd[1]: Reached target Path Units.
[  OK  ] Reached target Path Units.
[   16.209909] systemd[1]: Reached target Remote File Systems.
[  OK  ] Reached target Remote File Systems.
[   16.237869] systemd[1]: Reached target Slice Units.
[  OK  ] Reached target Slice Units.
[   16.265890] systemd[1]: Reached target Swaps.
[  OK  ] Reached target Swaps.
[   16.301188] systemd[1]: Listening on RPCbind Server Activation Socket.
[  OK  ] Listening on RPCbind Server Activation Socket.
[   16.334224] systemd[1]: Reached target RPC Port Mapper.
[  OK  ] Reached target RPC Port Mapper.
[   16.370886] systemd[1]: Listening on Syslog Socket.
[  OK  ] Listening on Syslog Socket.
[   16.400506] systemd[1]: Listening on initctl Compatibility Named Pipe.
[  OK  ] Listening on initctl Compatibility Named Pipe.
[   16.438656] systemd[1]: Listening on Journal Audit Socket.
[  OK  ] Listening on Journal Audit Socket.
[   16.469626] systemd[1]: Listening on Journal Socket (/dev/log).
[  OK  ] Listening on Journal Socket (/dev/log).
[   16.502368] systemd[1]: Listening on Journal Socket.
[  OK  ] Listening on Journal Socket.
[   16.535130] systemd[1]: Listening on Network Service Netlink Socket.
[  OK  ] Listening on Network Service Netlink Socket.
[   16.575867] systemd[1]: Listening on udev Control Socket.
[  OK  ] Listening on udev Control Socket.
[   16.606395] systemd[1]: Listening on udev Kernel Socket.
[  OK  ] Listening on udev Kernel Socket.
[   16.638935] systemd[1]: Listening on User Database Manager Socket.
[  OK  ] Listening on User Database Manager Socket.
[   16.707164] systemd[1]: Mounting Huge Pages File System...
         Mounting Huge Pages File System...
[   16.758934] systemd[1]: Mounting POSIX Message Queue File System...
         Mounting POSIX Message Queue File System...
[   16.809868] systemd[1]: Mounting Kernel Debug File System...
         Mounting Kernel Debug File System...
[   16.858309] systemd[1]: Mounting Kernel Trace File System...
         Mounting Kernel Trace File System...
[   16.900508] systemd[1]: Mounting Temporary Directory /tmp...
         Mounting Temporary Dir[   16.910209] systemd[1]: Create List of Static Device Nodes was skipped because of an unmet condition check (ConditionFileNotEmpty=/lib/modules/5.10.218-yocto-standard-00832-ga6b0abad730d/modules.devname).
ectory /tmp...
[   16.944488] systemd[1]: Starting Load Kernel Module configfs...
         Starting Load Kernel Module configfs...
[   16.983403] systemd[1]: Starting Load Kernel Module drm...
         Starting Load Kernel Module drm...
[   17.008962] systemd[1]: Starting Load Kernel Module fuse...
         Starting Load Kernel Module fuse...
[   17.044956] systemd[1]: Starting RPC Bind...
         Starting RPC B[   17.060200] systemd[1]: File System Check on Root Device was skipped because of an unmet condition check (ConditionPathIsReadWrite=!/).
ind...
[   17.076653] systemd[1]: systemd-journald.service: unit configures an IP firewall, but the local system does not support BPF/cgroup firewalling.
[   17.091274] systemd[1]: systemd-journald.service: (This warning is only shown for the first unit using IP firewalling.)
[   17.114282] systemd[1]: Starting Journal Service...
         Starting Journal Service...
[   17.169207] systemd[1]: Starting Load Kernel Modules...
         Starting Load Kernel Modules...
[   17.207491] systemd[1]: Starting Generate network units from Kernel command line...
         Starting Generate network units from Kernel command line...
[   17.248138] systemd[1]: Starting Remount Root and Kernel File Systems...
         Starting Remount Root and Kernel File Systems...
[   17.296144] systemd[1]: Starting Create Static Device Nodes in /dev gracefully...
         Starting Create Static Device Nodes in /dev gracefully...
[   17.348738] systemd[1]: Starting Coldplug All udev Devices...
         Starting Coldplug All udev Dev[   17.362524] systemd-journald[310]: Collecting audit messages is enabled.
ices...
[   17.408482] systemd[1]: Mounted Huge Pages File System.
[  OK  ] Mounted Huge Pages File System.
[   17.442595] systemd[1]: Mounted POSIX Message Queue File System.
[  OK  ] Mounted POSIX Message Queue File System.
[   17.488397] systemd[1]: Started RPC Bind.
[  OK  ] Started RPC Bind.
[   17.516429] systemd[1]: Mounted Kernel Debug File System.
[  OK  ] Mounted Kernel Debug File System.
[   17.551670] systemd[1]: Mounted Kernel Trace File System.
[  OK  ] Mounted Kernel Trace File System.
[   17.581047] systemd[1]: Mounted Temporary Directory /tmp.
[  OK  ] Mounted Temporary Directory /tmp.
[   17.614604] systemd[1]: modprobe@configfs.service: Deactivated successfully.
[   17.635816] systemd[1]: Finished Load Kernel Module configfs.
[  OK  ] Finished Load Kernel Module configfs.
[   17.669670] systemd[1]: modprobe@drm.service: Deactivated successfully.
[   17.683125] systemd[1]: Finished Load Kernel Module drm.
[  OK  ] Finished Load Kernel Module drm.
[   17.718140] systemd[1]: modprobe@fuse.service: Deactivated successfully.
[   17.731650] systemd[1]: Finished Load Kernel Module fuse.
[  OK  ] Finished Load Kernel Module fuse.
[   17.757616] systemd[1]: Started Journal Service.
[  OK  ] Started Journal Service.
[  OK  ] Finished Load Kernel Modules.
[FAILED] Failed to start Generate network units from Kernel command line.
See 'systemctl status systemd-network-generator.service' for details.
[  OK  ] Finished Remount Root and Kernel File Systems.
[  OK  ] Finished Create Static Device Nodes in /dev gracefully.
[  OK  ] Reached target Preparation for Network.
         Mounting Kernel Configuration File System...
         Starting Flush Journal to Persistent Storage...
         Starting Apply Kernel Variables...
         Starting Create Static Device Nodes in /dev...
[  OK  ] Mounted Kernel Configuration File System.
[   18.206242] systemd-journald[310]: Received client request to flush runtime journal.
[  OK  ] Finished Flush Journal to Persistent Storage.
[  OK  ] Finished Apply Kernel Variables.
[  OK  ] Finished Create Static Device Nodes in /dev.
[  OK  ] Reached target Preparation for Local File Systems.
         Mounting /var/volatile...
         Starting Rule-based Manager for Device Events and Files...
[  OK  ] Mounted /var/volatile.
         Starting Load/Save OS Random Seed...
[  OK  ] Reached target Local File Systems.
         Starting Create Volatile Files and Directories...
[  OK  ] Started Rule-based Manager for Device Events and Files.
         Starting Network Configuration...
         Starting User Database Manager...
[  OK  ] Finished Create Volatile Files and Directories.
         Starting Network Name Resolution...
         Starting Network Time Synchronization...
         Starting Record System Boot/Shutdown in UTMP...
[  OK  ] Started User Database Manager.
[  OK  ] Finished Record System Boot/Shutdown in UTMP.
[   19.885445] random: crng init done
[  OK  ] Finished Load/Save OS Random Seed.
[  OK  ] Started Network Configuration.
[  OK  ] Started Network Time Synchronization.
[  OK  ] Reached target System Time Set.
[  OK  ] Started Network Name Resolution.
[  OK  ] Reached target Network.
[  OK  ] Reached target Host and Network Name Lookups.
[  OK  ] Finished Coldplug All udev Devices.
[  OK  ] Reached target System Initialization.
[  OK  ] Started Daily Cleanup of Temporary Directories.
[  OK  ] Reached target Timer Units.
[  OK  ] Listening on Avahi mDNS/DNS-SD Stack Activation Socket.
[  OK  ] Listening on D-Bus System Message Bus Socket.
[  OK  ] Listening on dropbear.socket.
[  OK  ] Reached target Socket Units.
[  OK  ] Reached target Basic System.
         Starting Avahi mDNS/DNS-SD Stack...
[  OK  ] Started Kernel Logging Service.
[  OK  ] Started System Logging Service.
         Starting D-Bus System Message Bus...
[  OK  ] Started optee services.
         Starting pvrinit.service...
         Starting PowerVR consumer services...
         Starting User Login Management...
         Starting Permit User Sessions...
[  OK  ] Finished Permit User Sessions.
[  OK  ] Started Getty on tty1.
[  OK  ] Started Serial Getty on ttySC0.
[  OK  ] Reached target Login Prompts.
[  OK  ] Started D-Bus System Message Bus.
[  OK  ] Started Avahi mDNS/DNS-SD Stack.
[  OK  ] Started User Login Management.
[FAILED] Failed to start pvrinit.service.
See 'systemctl status pvrinit.service' for details.
[FAILED] Failed to start PowerVR consumer services.
See 'systemctl status rc.pvr.service' for details.
         Starting set_default_governor.service...
[  OK  ] Reached target Hardware activated USB gadget.
[   23.711264] rd 0-5: Disabling EAS, schedutil is mandatory
[  OK  ] Started set_default_governor.service.
[  OK  ] Reached target Multi-User System.
[  OK  ] Reached target Graphical Interface.
         Starting Record Runlevel Change in UTMP...
[  OK  ] Created slice Slice /system/weston.
[  OK  ] Started Weston Wayland Compositor.
[  OK  ] Finished Record Runlevel Change in UTMP.
[   24.955889] audit: type=1006 audit(1721975059.883:2): pid=470 uid=0 old-auid=4294967295 auid=0 tty=(none) old-ses=4294967295 ses=1 res=1

Poky (Yocto Project Reference Distro) 5.0 salvator-x ttySC0

salvator-x login: [   41.962958] SDHI0 VccQ: disabling
[   41.966622] SDHI3 VccQ: disabling
root

WARNING: Poky is a reference Yocto Project distribution that should be used for
testing and development purposes only. It is recommended that you create your
own distribution for production use.
------------------BOARD------------------
[   93.183454] audit: type=1006 audit(1721975128.111:3): pid=485 uid=0 old-auid=4294967295 auid=0 tty=(none) old-ses=4294967295 ses=2 res=1
root@salvator-x:~# insmod qos.ko
[  595.159231] QoS: install v2.07
[  595.170596] QoS Driver is Successfully loaded
root@salvator-x:~# insmod renesas_usb3.ko
[  635.668310] renesas_usb3 ee020000.usb: probed with phy
root@salvator-x:~# modprobe g_printer
[  687.039020] printer gadget: printer ready
root@salvator-x:~#
root@salvator-x:~/rch3m3m3ne3d3_linux_qos_v310/Reference# qos_tp setall m3_Ver30_infotainment_v01_195.csv
QoS : setall success!
root@salvator-x:~/rch3m3m3ne3d3_linux_qos_v310/Reference# qos_tp switch
root@salvator-x:~/rch3m3m3ne3d3_linux_qos_v310/Reference# dd if=/dev/zero of=/tmp/tmp.img bs=1M count=1000
1000+0 records in
1000+0 records out
1048576000 bytes (1.0 GB, 1000 MiB) copied, 5.11994 s, 205 MB/s
root@salvator-x:~/rch3m3m3ne3d3_linux_qos_v310/Reference# mkfs.ext3 -L storage /tmp/tmp.img
mke2fs 1.47.0 (5-Feb-2023)
Discarding device blocks: done
Creating filesystem with 256000 4k blocks and 64000 inodes
Filesystem UUID: 0251eb3f-fbc1-4056-bc26-ab12350c785a
Superblock backups stored on blocks:
        32768, 98304, 163840, 229376

Allocating group tables: done
Writing inode tables: done
Creating journal (4096 blocks): done
Writing superblocks and filesystem accounting information: done

root@salvator-x:~/rch3m3m3ne3d3_linux_qos_v310/Reference#



------------------HOST PC------------------


rvc@L410730-CL011:~/Downloads$ dd if=/dev/urandom of=./file-600m bs=1M count=600
600+0 records in
600+0 records out
629145600 bytes (629 MB, 600 MiB) copied, 2,17781 s, 289 MB/s
rvc@L410730-CL011:~/Downloads$ sudo mkdir -p /mnt/usb
rvc@L410730-CL011:~/Downloads$


------------------TC 7------------------

------------------BOARD------------------

root@salvator-x:~/rch3m3m3ne3d3_linux_qos_v310/Reference# modprobe g_mass_storage file=/tmp/tmp.img removable=1
[ 1747.937438] Mass Storage Function, version: 2009/09/11
[ 1747.942822] LUN: removable file: (no medium)
[ 1747.947822] LUN: removable file: /tmp/tmp.img
[ 1747.952304] Number of LUNs=1
[ 1747.957107] g_mass_storage gadget: Mass Storage Gadget, version: 2009/09/11
[ 1747.964776] g_mass_storage gadget: userspace failed to provide iSerialNumber
[ 1747.971925] g_mass_storage gadget: g_mass_storage ready
root@salvator-x:~/rch3m3m3ne3d3_linux_qos_v310/Reference# echo 1 > /sys/kernel/debug/usb/ee020000.usb/b_device
root@salvator-x:~/rch3m3m3ne3d3_linux_qos_v310/Reference# cat /sys/devices/platform/soc/ee020000.usb/udc/ee020000.usb/state
configured
root@salvator-x:~/rch3m3m3ne3d3_linux_qos_v310/Reference#


------------------HOST PC------------------


rvc@L410730-CL011:~/Downloads$ dmesg|tail
[273858.906496] scsi 2:0:0:0: Direct-Access     Linux    File-Stor Gadget 0510 PQ: 0 ANSI: 2
[273858.906686] sd 2:0:0:0: Attached scsi generic sg1 type 0
[273858.907226] sd 2:0:0:0: Power-on or device reset occurred
[273858.907770] sd 2:0:0:0: [sdc] 2048000 512-byte logical blocks: (1.05 GB/1000 MiB)
[273859.015885] sd 2:0:0:0: [sdc] Write Protect is off
[273859.015889] sd 2:0:0:0: [sdc] Mode Sense: 0f 00 00 00
[273859.123929] sd 2:0:0:0: [sdc] Write cache: enabled, read cache: enabled, doesn't support DPO or FUA
[273859.556229] sd 2:0:0:0: [sdc] Attached SCSI disk
[273859.948027] EXT4-fs (sdc): mounting ext3 file system using the ext4 subsystem
[273859.952710] EXT4-fs (sdc): mounted filesystem with ordered data mode. Opts: (null). Quota mode: none.
rvc@L410730-CL011:~/Downloads$ sudo mount /dev/sdc /mnt/usb
rvc@L410730-CL011:~/Downloads$ sudo time dd if=./file-600m of=/mnt/usb/file-600m_from_nfs bs=1M count=600 oflag=direct
600+0 records in
600+0 records out
629145600 bytes (629 MB, 600 MiB) copied, 7,01862 s, 89,6 MB/s
0.00user 1.69system 0:07.01elapsed 24%CPU (0avgtext+0avgdata 3580maxresident)k
179120inputs+1228800outputs (0major+351minor)pagefaults 0swaps
rvc@L410730-CL011:~/Downloads$

------------------TC 8------------------

------------------HOST PC------------------
rvc@L410730-CL011:~/Downloads$ sudo time dd if=/mnt/usb/file-600m_from_nfs of=./file-600m_from_usb bs=1M count=600 iflag=direct
600+0 records in
600+0 records out
629145600 bytes (629 MB, 600 MiB) copied, 6,06964 s, 104 MB/s
0.01user 1.58system 0:06.07elapsed 26%CPU (0avgtext+0avgdata 3380maxresident)k
1228800inputs+1228800outputs (0major+346minor)pagefaults 0swaps
rvc@L410730-CL011:~/Downloads$

------------------TC 9------------------

------------------BOARD------------------

root@salvator-x:~/rch3m3m3ne3d3_linux_qos_v310/Reference# modprobe -r g_mass_storage
root@salvator-x:~/rch3m3m3ne3d3_linux_qos_v310/Reference# modprobe g_ncm
[ 2282.301098] using random self ethernet address
[ 2282.305770] using random host ethernet address
[ 2282.318468] usb0: HOST MAC de:e8:12:26:e8:7f
[ 2282.323172] usb0: MAC 6a:c6:d5:19:96:b1
[ 2282.329322] g_ncm gadget: NCM Gadget
[ 2282.333457] g_ncm gadget: g_ncm ready
root@salvator-x:~/rch3m3m3ne3d3_linux_qos_v310/Reference# ifconfig usb0 192.168.7.2 up
root@salvator-x:~/rch3m3m3ne3d3_linux_qos_v310/Reference# iperf3 -c 192.168.7.3 -u -b 300M
Connecting to host 192.168.7.3, port 5201
[  5] local 192.168.7.2 port 38380 connected to 192.168.7.3 port 5201
[ ID] Interval           Transfer     Bitrate         Total Datagrams
[  5]   0.00-1.00   sec  21.7 MBytes   182 Mbits/sec  15728
[  5]   1.00-2.00   sec  21.9 MBytes   184 Mbits/sec  15890
[  5]   2.00-3.00   sec  22.0 MBytes   184 Mbits/sec  15916
[  5]   3.00-4.00   sec  22.0 MBytes   184 Mbits/sec  15898
[  5]   4.00-5.00   sec  21.9 MBytes   184 Mbits/sec  15885
[  5]   5.00-6.00   sec  23.6 MBytes   198 Mbits/sec  17123
[  5]   6.00-7.00   sec  23.7 MBytes   199 Mbits/sec  17181
[  5]   7.00-8.00   sec  23.2 MBytes   195 Mbits/sec  16801
[  5]   8.00-9.00   sec  21.9 MBytes   184 Mbits/sec  15882
[  5]   9.00-10.02  sec  21.9 MBytes   180 Mbits/sec  15886
- - - - - - - - - - - - - - - - - - - - - - - - -
[ ID] Interval           Transfer     Bitrate         Jitter    Lost/Total Datagrams
[  5]   0.00-10.02  sec   224 MBytes   187 Mbits/sec  0.000 ms  0/162190 (0%)  sender
[  5]   0.00-10.07  sec   224 MBytes   187 Mbits/sec  0.074 ms  0/162190 (0%)  receiver

iperf Done.


------------------HOST PC------------------

rvc@L410730-CL011:~/Downloads$ dmesg |tail
[274135.012707] sd 2:0:0:0: [sdc] Synchronizing SCSI cache
[274135.012871] sd 2:0:0:0: [sdc] Synchronize Cache(10) failed: Result: hostbyte=DID_NO_CONNECT driverbyte=DRIVER_OK
[274147.137073] usb 2-2: new SuperSpeed USB device number 75 using xhci_hcd
[274147.157650] usb 2-2: New USB device found, idVendor=0525, idProduct=a4a1, bcdDevice= 5.10
[274147.157671] usb 2-2: New USB device strings: Mfr=1, Product=2, SerialNumber=0
[274147.157681] usb 2-2: Product: NCM Gadget
[274147.157688] usb 2-2: Manufacturer: Linux 5.10.218-yocto-standard with renesas_usb3
[274147.182161] cdc_ncm 2-2:1.0: MAC-Address: de:e8:12:26:e8:7f
[274147.182455] cdc_ncm 2-2:1.0 usb0: register 'cdc_ncm' at usb-0000:00:14.0-2, CDC NCM, de:e8:12:26:e8:7f
[274147.208373] cdc_ncm 2-2:1.0 enxdee81226e87f: renamed from usb0
rvc@L410730-CL011:~/Downloads$ sudo ifconfig enxdee81226e87f 192.168.7.3 up
rvc@L410730-CL011:~/Downloads$ iperf3 -s
-----------------------------------------------------------
Server listening on 5201
-----------------------------------------------------------
Accepted connection from 192.168.7.2, port 60854
[  5] local 192.168.7.3 port 5201 connected to 192.168.7.2 port 38380
[ ID] Interval           Transfer     Bitrate         Jitter    Lost/Total Datagrams
[  5]   0.00-1.00   sec  20.8 MBytes   174 Mbits/sec  0.067 ms  0/15059 (0%)
[  5]   1.00-2.00   sec  21.9 MBytes   184 Mbits/sec  0.108 ms  0/15880 (0%)
[  5]   2.00-3.00   sec  22.0 MBytes   185 Mbits/sec  0.065 ms  0/15932 (0%)
[  5]   3.00-4.00   sec  22.0 MBytes   184 Mbits/sec  0.070 ms  0/15898 (0%)
[  5]   4.00-5.00   sec  21.9 MBytes   184 Mbits/sec  0.068 ms  0/15883 (0%)
[  5]   5.00-6.00   sec  23.5 MBytes   197 Mbits/sec  0.077 ms  0/17034 (0%)
[  5]   6.00-7.00   sec  23.8 MBytes   200 Mbits/sec  0.057 ms  0/17227 (0%)
[  5]   7.00-8.00   sec  23.3 MBytes   195 Mbits/sec  0.074 ms  0/16839 (0%)
[  5]   8.00-9.00   sec  21.9 MBytes   184 Mbits/sec  0.076 ms  0/15880 (0%)
[  5]   9.00-10.00  sec  21.9 MBytes   184 Mbits/sec  0.060 ms  0/15890 (0%)
[  5]  10.00-10.07  sec   945 KBytes   116 Mbits/sec  0.074 ms  0/668 (0%)
- - - - - - - - - - - - - - - - - - - - - - - - -
[ ID] Interval           Transfer     Bitrate         Jitter    Lost/Total Datagrams
[  5]   0.00-10.07  sec   224 MBytes   187 Mbits/sec  0.074 ms  0/162190 (0%)  receiver
-----------------------------------------------------------
Server listening on 5201
-----------------------------------------------------------


------------------TC 10------------------

------------------BOARD------------------

root@salvator-x:~/rch3m3m3ne3d3_linux_qos_v310/Reference# iperf3 -s
-----------------------------------------------------------
Server listening on 5201 (test #1)
-----------------------------------------------------------
Accepted connection from 192.168.7.3, port 39410
[  5] local 192.168.7.2 port 5201 connected to 192.168.7.3 port 60979
[ ID] Interval           Transfer     Bitrate         Jitter    Lost/Total Datagrams
[  5]   0.00-1.00   sec  22.2 MBytes   186 Mbits/sec  0.222 ms  9619/25719 (37%)
[  5]   1.00-2.00   sec  16.7 MBytes   140 Mbits/sec  0.093 ms  13747/25821 (53%)
[  5]   2.00-3.00   sec  16.5 MBytes   138 Mbits/sec  0.065 ms  13991/25922 (54%)
[  5]   3.00-4.00   sec  16.2 MBytes   136 Mbits/sec  0.070 ms  14155/25855 (55%)
[  5]   4.00-5.00   sec  16.7 MBytes   140 Mbits/sec  0.069 ms  13900/25995 (53%)
[  5]   5.00-6.00   sec  16.5 MBytes   138 Mbits/sec  0.135 ms  13892/25845 (54%)
[  5]   6.00-7.00   sec  16.7 MBytes   140 Mbits/sec  0.086 ms  13874/25968 (53%)
[  5]   7.00-8.00   sec  15.7 MBytes   132 Mbits/sec  0.139 ms  14412/25817 (56%)
[  5]   8.00-9.00   sec  15.7 MBytes   131 Mbits/sec  0.097 ms  14442/25788 (56%)
[  5]   9.00-10.00  sec  15.6 MBytes   131 Mbits/sec  0.053 ms  14706/26007 (57%)
[  5]  10.00-10.00  sec  4.24 KBytes  20.6 Mbits/sec  0.148 ms  0/3 (0%)
- - - - - - - - - - - - - - - - - - - - - - - - -
[ ID] Interval           Transfer     Bitrate         Jitter    Lost/Total Datagrams
[  5]   0.00-10.00  sec   168 MBytes   141 Mbits/sec  0.148 ms  136738/258740 (53%)  receiver
-----------------------------------------------------------
Server listening on 5201 (test #2)
-----------------------------------------------------------


------------------HOST PC------------------

rvc@L410730-CL011:~/Downloads$ iperf3 -c 192.168.7.2 -u -b 300M
Connecting to host 192.168.7.2, port 5201
[  5] local 192.168.7.3 port 60979 connected to 192.168.7.2 port 5201
[ ID] Interval           Transfer     Bitrate         Total Datagrams
[  5]   0.00-1.00   sec  35.8 MBytes   300 Mbits/sec  25893
[  5]   1.00-2.00   sec  35.7 MBytes   300 Mbits/sec  25887
[  5]   2.00-3.00   sec  35.8 MBytes   300 Mbits/sec  25900
[  5]   3.00-4.00   sec  35.8 MBytes   300 Mbits/sec  25896
[  5]   4.00-5.00   sec  35.8 MBytes   300 Mbits/sec  25902
[  5]   5.00-6.00   sec  35.8 MBytes   300 Mbits/sec  25895
[  5]   6.00-7.00   sec  35.8 MBytes   300 Mbits/sec  25897
[  5]   7.00-8.00   sec  35.8 MBytes   300 Mbits/sec  25895
[  5]   8.00-9.00   sec  35.8 MBytes   300 Mbits/sec  25898
[  5]   9.00-10.00  sec  35.8 MBytes   300 Mbits/sec  25910
- - - - - - - - - - - - - - - - - - - - - - - - -
[ ID] Interval           Transfer     Bitrate         Jitter    Lost/Total Datagrams
[  5]   0.00-10.00  sec   358 MBytes   300 Mbits/sec  0.000 ms  0/258973 (0%)  sender
[  5]   0.00-10.00  sec   168 MBytes   141 Mbits/sec  0.148 ms  136738/258740 (53%)  receiver

iperf Done.

------------------TC 11------------------

------------------BOARD------------------

root@salvator-x:~/rch3m3m3ne3d3_linux_qos_v310/Reference# modprobe g_ncm -r
root@salvator-x:~/rch3m3m3ne3d3_linux_qos_v310/Reference# mount -t tmpfs -o size=1500M tmpfs /tmp
root@salvator-x:~/rch3m3m3ne3d3_linux_qos_v310/Reference# dd if=/dev/zero of=/tmp/tmp.img bs=1M count=1000
1000+0 records in
1000+0 records out
1048576000 bytes (1.0 GB, 1000 MiB) copied, 5.10123 s, 206 MB/s
root@salvator-x:~/rch3m3m3ne3d3_linux_qos_v310/Reference# mkfs.ext3 -L storage /tmp/tmp.img
mke2fs 1.47.0 (5-Feb-2023)
Discarding device blocks: done
Creating filesystem with 256000 4k blocks and 64000 inodes
Filesystem UUID: 7f345a7f-7eb4-4da9-a23a-89e1d31457e9
Superblock backups stored on blocks:
        32768, 98304, 163840, 229376

Allocating group tables: done
Writing inode tables: done
Creating journal (4096 blocks): done
Writing superblocks and filesystem accounting information: done

root@salvator-x:~/rch3m3m3ne3d3_linux_qos_v310/Reference# modprobe g_mass_storage file=/tmp/tmp.img removable=1
[ 2739.834581] Mass Storage Function, version: 2009/09/11
[ 2739.840662] LUN: removable file: (no medium)
[ 2739.845770] LUN: removable file: /tmp/tmp.img
[ 2739.850488] Number of LUNs=1
[ 2739.854144] g_mass_storage gadget: Mass Storage Gadget, version: 2009/09/11
[ 2739.861221] g_mass_storage gadget: userspace failed to provide iSerialNumber
[ 2739.868370] g_mass_storage gadget: g_mass_storage ready
root@salvator-x:~/rch3m3m3ne3d3_linux_qos_v310/Reference# echo 1 > /sys/kernel/debug/usb/ee020000.usb/b_device
root@salvator-x:~/rch3m3m3ne3d3_linux_qos_v310/Reference# cat /sys/devices/platform/soc/ee020000.usb/udc/ee020000.usb/state
configured
root@salvator-x:~/rch3m3m3ne3d3_linux_qos_v310/Reference#
root@salvator-x:~/rch3m3m3ne3d3_linux_qos_v310/Reference# cd
------EXECUTE BELOW COMMAND WHILE RUNNING 'time dd' COMMAND ON HOST------
root@salvator-x:~# top -b -d 1 -n 10 > aaa.txt
root@salvator-x:~# grep -w file-storage aaa.txt
  712     2 root     RW       0   0%  12% [file-storage]
  712     2 root     RW       0   0%  13% [file-storage]
  712     2 root     RW       0   0%  13% [file-storage]
  712     2 root     SW       0   0%  13% [file-storage]
  712     2 root     SW       0   0%   2% [file-storage]
  712     2 root     SW       0   0%   0% [file-storage]
  712     2 root     SW       0   0%   0% [file-storage]
  712     2 root     SW       0   0%   0% [file-storage]
  712     2 root     SW       0   0%   0% [file-storage]
  712     2 root     SW       0   0%   0% [file-storage]
root@salvator-x:~#


------------------HOST PC------------------

rvc@L410730-CL011:~/Downloads$ sudo time dd if=/dev/sdb  of=/dev/zero bs=64M count=10 skip=1 iflag=direct
10+0 records in
10+0 records out
671088640 bytes (671 MB, 640 MiB) copied, 4,62467 s, 145 MB/s
0.00user 0.16system 0:04.63elapsed 3%CPU (0avgtext+0avgdata 68120maxresident)k
1310736inputs+0outputs (1major+16479minor)pagefaults 0swaps
rvc@L410730-CL011:~/Downloads$


------------------TC 12------------------

------------------BOARD------------------

root@salvator-x:~# top -b -d 1 -n 10 > bbb.txt
root@salvator-x:~# grep -w file-storage bbb.txt
  712     2 root     SW       0   0%   6% [file-storage]
  712     2 root     RW       0   0%   4% [file-storage]
  712     2 root     RW       0   0%   5% [file-storage]
  712     2 root     SW       0   0%   5% [file-storage]
  712     2 root     SW       0   0%   4% [file-storage]
  712     2 root     SW       0   0%   2% [file-storage]
  712     2 root     SW       0   0%   0% [file-storage]
  712     2 root     SW       0   0%   0% [file-storage]
  712     2 root     SW       0   0%   0% [file-storage]
  712     2 root     SW       0   0%   0% [file-storage]
root@salvator-x:~#

------------------HOST PC------------------

rvc@L410730-CL011:~/Downloads$ sudo time dd if=/dev/zero of=/dev/sdb bs=64M count=10 seek=1 oflag=direct
10+0 records in
10+0 records out
671088640 bytes (671 MB, 640 MiB) copied, 5,53399 s, 121 MB/s
0.00user 0.26system 0:05.55elapsed 4%CPU (0avgtext+0avgdata 68148maxresident)k
0inputs+1310720outputs (0major+16479minor)pagefaults 0swaps
rvc@L410730-CL011:~/Downloads$


------------------TC 13------------------

------------------BOARD------------------

root@salvator-x:~# mount -t tmpfs -o size=1000M tmpfs /tmp
root@salvator-x:~# dd if=/dev/zero of=/tmp/tmp.img bs=1M count=1000
1000+0 records in
1000+0 records out
1048576000 bytes (1.0 GB, 1000 MiB) copied, 16.8332 s, 62.3 MB/s
root@salvator-x:~# mkfs.ext3 -L storage /tmp/tmp.img
mke2fs 1.47.0 (5-Feb-2023)
Discarding device blocks: done
Creating filesystem with 256000 4k blocks and 64000 inodes
Filesystem UUID: b6d16dfd-e0c2-476b-bab9-d3baa194c694
Superblock backups stored on blocks:
        32768, 98304, 163840, 229376

Allocating group tables: done
Writing inode tables: done
Creating journal (4096 blocks): done
Writing superblocks and filesystem accounting information: done

root@salvator-x:~# modprobe g_mass_storage file=/tmp/tmp.img
root@salvator-x:~# modprobe -r g_mass_storage
root@salvator-x:~# modprobe g_mass_storage file=/tmp/tmp.img
[ 8462.123272] Mass Storage Function, version: 2009/09/11
[ 8462.128918] LUN: removable file: (no medium)
[ 8462.149297] LUN: file: /tmp/tmp.img
[ 8462.157585] Number of LUNs=1
[ 8462.174743] g_mass_storage gadget: Mass Storage Gadget, version: 2009/09/11
[ 8462.186464] g_mass_storage gadget: userspace failed to provide iSerialNumber
[ 8462.198145] g_mass_storage gadget: g_mass_storage ready
root@salvator-x:~# echo 1 > /sys/kernel/debug/usb/ee020000.usb/b_device
root@salvator-x:~# cat /sys/devices/platform/soc/ee020000.usb/udc/ee020000.usb/state
configured
root@salvator-x:~#


------------------HOST PC------------------


rvc@L410730-CL011:~/Downloads$ dmesg |tail
[282951.019660] scsi 2:0:0:0: Direct-Access     Linux    File-Stor Gadget 0510 PQ: 0 ANSI: 2
[282951.020546] sd 2:0:0:0: Attached scsi generic sg1 type 0
[282951.021315] sd 2:0:0:0: Power-on or device reset occurred
[282951.022463] sd 2:0:0:0: [sdc] 2048000 512-byte logical blocks: (1.05 GB/1000 MiB)
[282951.129964] sd 2:0:0:0: [sdc] Write Protect is off
[282951.129969] sd 2:0:0:0: [sdc] Mode Sense: 0f 00 00 00
[282951.237749] sd 2:0:0:0: [sdc] Write cache: enabled, read cache: enabled, doesn't support DPO or FUA
[282951.677474] sd 2:0:0:0: [sdc] Attached SCSI removable disk
[282951.977517] EXT4-fs (sdc): mounting ext3 file system using the ext4 subsystem
[282951.981943] EXT4-fs (sdc): mounted filesystem with ordered data mode. Opts: (null). Quota mode: none.
rvc@L410730-CL011:~/Downloads$ sudo mount /dev/sdc /mnt/usb
[sudo] password for rvc:
rvc@L410730-CL011:~/Downloads$ sudo dd if=/dev/urandom of=/mnt/usb/file-600m bs=1M count=600
600+0 records in
600+0 records out
629145600 bytes (629 MB, 600 MiB) copied, 2,22382 s, 283 MB/s
rvc@L410730-CL011:~/Downloads$


------------------BOARD------------------

root@salvator-x:~# trace-cmd record -p function_graph -l renesas_usb3_irq sleep 1
  plugin 'function_graph'
CPU0 data recorded at offset=0x1b5000
    59143 bytes in size (270336 uncompressed)
CPU1 data recorded at offset=0x1c4000
    0 bytes in size (0 uncompressed)
CPU2 data recorded at offset=0x1c4000
    0 bytes in size (0 uncompressed)
CPU3 data recorded at offset=0x1c4000
    0 bytes in size (0 uncompressed)
CPU4 data recorded at offset=0x1c4000
    0 bytes in size (0 uncompressed)
CPU5 data recorded at offset=0x1c4000
    0 bytes in size (0 uncompressed)

root@salvator-x:~# trace-cmd report
cpus=6
       trace-cmd-559   [000]   293.877341: funcgraph_entry:      + 37.620 us  |  renesas_usb3_irq();
       trace-cmd-559   [000]   293.877424: funcgraph_entry:      + 18.509 us  |  renesas_usb3_irq();
       trace-cmd-559   [000]   293.877485: funcgraph_entry:      + 13.221 us  |  renesas_usb3_irq();
       trace-cmd-559   [000]   293.877557: funcgraph_entry:      + 15.625 us  |  renesas_usb3_irq();
       trace-cmd-559   [000]   293.877902: funcgraph_entry:      + 24.639 us  |  renesas_usb3_irq();
       trace-cmd-559   [000]   293.877970: funcgraph_entry:      + 16.827 us  |  renesas_usb3_irq();
       trace-cmd-559   [000]   293.878043: funcgraph_entry:      + 10.697 us  |  renesas_usb3_irq();
       trace-cmd-559   [000]   293.878286: funcgraph_entry:      + 19.591 us  |  renesas_usb3_irq();
       trace-cmd-559   [000]   293.878387: funcgraph_entry:      + 41.586 us  |  renesas_usb3_irq();
       trace-cmd-559   [000]   293.878477: funcgraph_entry:      + 31.731 us  |  renesas_usb3_irq();
       trace-cmd-559   [000]   293.878555: funcgraph_entry:      + 18.750 us  |  renesas_usb3_irq();
       trace-cmd-559   [000]   293.878648: funcgraph_entry:      + 29.687 us  |  renesas_usb3_irq();
       trace-cmd-559   [000]   293.878720: funcgraph_entry:      + 30.890 us  |  renesas_usb3_irq();
          <idle>-0     [000]   293.878823: funcgraph_entry:      + 12.139 us  |  renesas_usb3_irq();
          <idle>-0     [000]   293.878943: funcgraph_entry:      + 15.144 us  |  renesas_usb3_irq();
          <idle>-0     [000]   293.878995: funcgraph_entry:      + 15.024 us  |  renesas_usb3_irq();
          <idle>-0     [000]   293.879077: funcgraph_entry:      + 13.462 us  |  renesas_usb3_irq();
          <idle>-0     [000]   293.879473: funcgraph_entry:      + 16.106 us  |  renesas_usb3_irq();
          <idle>-0     [000]   293.879562: funcgraph_entry:      + 33.894 us  |  renesas_usb3_irq();
          <idle>-0     [000]   293.879644: funcgraph_entry:      + 15.986 us  |  renesas_usb3_irq();
          <idle>-0     [000]   293.879770: funcgraph_entry:      + 34.134 us  |  renesas_usb3_irq();
          <idle>-0     [000]   293.879831: funcgraph_entry:      + 15.265 us  |  renesas_usb3_irq();
          <idle>-0     [000]   293.879913: funcgraph_entry:      + 12.500 us  |  renesas_usb3_irq();
          <idle>-0     [000]   293.880125: funcgraph_entry:      + 15.145 us  |  renesas_usb3_irq();
          <idle>-0     [000]   293.880174: funcgraph_entry:      + 15.265 us  |  renesas_usb3_irq();
          <idle>-0     [000]   293.880237: funcgraph_entry:      + 11.418 us  |  renesas_usb3_irq();
          <idle>-0     [000]   293.880510: funcgraph_entry:      + 13.822 us  |  renesas_usb3_irq();
          <idle>-0     [000]   293.880601: funcgraph_entry:      + 33.774 us  |  renesas_usb3_irq();
          <idle>-0     [000]   293.880684: funcgraph_entry:      + 19.471 us  |  renesas_usb3_irq();
          <idle>-0     [000]   293.880800: funcgraph_entry:      + 35.937 us  |  renesas_usb3_irq();
          <idle>-0     [000]   293.880921: funcgraph_entry:      + 35.697 us  |  renesas_usb3_irq();
          <idle>-0     [000]   293.881033: funcgraph_entry:      + 33.173 us  |  renesas_usb3_irq();
          <idle>-0     [000]   293.881151: funcgraph_entry:      + 36.659 us  |  renesas_usb3_irq();
          <idle>-0     [000]   293.881265: funcgraph_entry:      + 35.937 us  |  renesas_usb3_irq();
          <idle>-0     [000]   293.881365: funcgraph_entry:      + 36.418 us  |  renesas_usb3_irq();
          <idle>-0     [000]   293.881451: funcgraph_entry:      + 22.356 us  |  renesas_usb3_irq();
          <idle>-0     [000]   293.881561: funcgraph_entry:      + 31.490 us  |  renesas_usb3_irq();
          <idle>-0     [000]   293.881672: funcgraph_entry:      + 36.779 us  |  renesas_usb3_irq();
          <idle>-0     [000]   293.881786: funcgraph_entry:      + 35.937 us  |  renesas_usb3_irq();
          <idle>-0     [000]   293.881907: funcgraph_entry:      + 34.856 us  |  renesas_usb3_irq();
          <idle>-0     [000]   293.882026: funcgraph_entry:      + 36.178 us  |  renesas_usb3_irq();
          <idle>-0     [000]   293.882149: funcgraph_entry:      + 35.097 us  |  renesas_usb3_irq();
          <idle>-0     [000]   293.882233: funcgraph_entry:      + 27.284 us  |  renesas_usb3_irq();
          <idle>-0     [000]   293.882309: funcgraph_entry:      + 27.283 us  |  renesas_usb3_irq();
          <idle>-0     [000]   293.882385: funcgraph_entry:      + 25.241 us  |  renesas_usb3_irq();
          <idle>-0     [000]   293.882461: funcgraph_entry:      + 29.928 us  |  renesas_usb3_irq();
          <idle>-0     [000]   293.882569: funcgraph_entry:      + 39.664 us  |  renesas_usb3_irq();
          <idle>-0     [000]   293.882687: funcgraph_entry:      + 34.255 us  |  renesas_usb3_irq();
          <idle>-0     [000]   293.882799: funcgraph_entry:      + 31.730 us  |  renesas_usb3_irq();
          <idle>-0     [000]   293.882844: funcgraph_entry:      + 11.298 us  |  renesas_usb3_irq();
          <idle>-0     [000]   293.882920: funcgraph_entry:      + 12.620 us  |  renesas_usb3_irq();
          <idle>-0     [000]   293.883262: funcgraph_entry:      + 15.866 us  |  renesas_usb3_irq();
          <idle>-0     [000]   293.883316: funcgraph_entry:      + 14.663 us  |  renesas_usb3_irq();
          <idle>-0     [000]   293.883383: funcgraph_entry:      + 11.058 us  |  renesas_usb3_irq();
          <idle>-0     [000]   293.883766: funcgraph_entry:      + 17.789 us  |  renesas_usb3_irq();
          <idle>-0     [000]   293.883860: funcgraph_entry:      + 33.173 us  |  renesas_usb3_irq();
          <idle>-0     [000]   293.883978: funcgraph_entry:      + 34.135 us  |  renesas_usb3_irq();
          <idle>-0     [000]   293.884086: funcgraph_entry:      + 34.976 us  |  renesas_usb3_irq();
          <idle>-0     [000]   293.884168: funcgraph_entry:      + 30.048 us  |  renesas_usb3_irq();
          <idle>-0     [000]   293.884246: funcgraph_entry:      + 14.784 us  |  renesas_usb3_irq();
          <idle>-0     [000]   293.884330: funcgraph_entry:      + 24.039 us  |  renesas_usb3_irq();
          <idle>-0     [000]   293.884401: funcgraph_entry:      + 26.562 us  |  renesas_usb3_irq();
          <idle>-0     [000]   293.884474: funcgraph_entry:      + 18.149 us  |  renesas_usb3_irq();
          <idle>-0     [000]   293.884600: funcgraph_entry:      + 33.533 us  |  renesas_usb3_irq();
          <idle>-0     [000]   293.884714: funcgraph_entry:      + 34.495 us  |  renesas_usb3_irq();
          <idle>-0     [000]   293.884830: funcgraph_entry:      + 24.158 us  |  renesas_usb3_irq();
          <idle>-0     [000]   293.885091: funcgraph_entry:      + 13.702 us  |  renesas_usb3_irq();
          <idle>-0     [000]   293.885580: funcgraph_entry:      + 15.144 us  |  renesas_usb3_irq();
          <idle>-0     [000]   293.885640: funcgraph_entry:      + 15.985 us  |  renesas_usb3_irq();
          <idle>-0     [000]   293.885706: funcgraph_entry:      + 13.582 us  |  renesas_usb3_irq();
          <idle>-0     [000]   293.887326: funcgraph_entry:      + 22.596 us  |  renesas_usb3_irq();
          <idle>-0     [000]   293.887457: funcgraph_entry:      + 42.668 us  |  renesas_usb3_irq();
          <idle>-0     [000]   293.887550: funcgraph_entry:      + 20.553 us  |  renesas_usb3_irq();
          <idle>-0     [000]   293.887645: funcgraph_entry:      + 28.605 us  |  renesas_usb3_irq();
          <idle>-0     [000]   293.887727: funcgraph_entry:      + 26.683 us  |  renesas_usb3_irq();
          <idle>-0     [000]   293.887802: funcgraph_entry:      + 20.673 us  |  renesas_usb3_irq();
   kworker/u12:7-284   [000]   293.887889: funcgraph_entry:      + 30.408 us  |  renesas_usb3_irq();
   kworker/u12:7-284   [000]   293.887966: funcgraph_entry:      + 27.164 us  |  renesas_usb3_irq();
   kworker/u12:7-284   [000]   293.888043: funcgraph_entry:      + 30.409 us  |  renesas_usb3_irq();
          <idle>-0     [000]   293.888135: funcgraph_entry:      + 19.351 us  |  renesas_usb3_irq();
          <idle>-0     [000]   293.888216: funcgraph_entry:      + 26.563 us  |  renesas_usb3_irq();
          <idle>-0     [000]   293.888290: funcgraph_entry:      + 26.562 us  |  renesas_usb3_irq();
   kworker/u12:7-284   [000]   293.888364: funcgraph_entry:      + 18.750 us  |  renesas_usb3_irq();
          <idle>-0     [000]   293.888459: funcgraph_entry:      + 18.509 us  |  renesas_usb3_irq();
          <idle>-0     [000]   293.888544: funcgraph_entry:      + 25.721 us  |  renesas_usb3_irq();
          <idle>-0     [000]   293.888617: funcgraph_entry:      + 27.404 us  |  renesas_usb3_irq();
          <idle>-0     [000]   293.888691: funcgraph_entry:      + 25.721 us  |  renesas_usb3_irq();
          <idle>-0     [000]   293.888766: funcgraph_entry:      + 15.144 us  |  renesas_usb3_irq();
          <idle>-0     [000]   293.888847: funcgraph_entry:      + 23.438 us  |  renesas_usb3_irq();
          <idle>-0     [000]   293.889002: funcgraph_entry:      + 40.144 us  |  renesas_usb3_irq();
          <idle>-0     [000]   293.889091: funcgraph_entry:      + 20.673 us  |  renesas_usb3_irq();
          <idle>-0     [000]   293.889178: funcgraph_entry:      + 25.240 us  |  renesas_usb3_irq();
          <idle>-0     [000]   293.889252: funcgraph_entry:      + 26.322 us  |  renesas_usb3_irq();
          <idle>-0     [000]   293.889324: funcgraph_entry:      + 25.000 us  |  renesas_usb3_irq();
          <idle>-0     [000]   293.889407: funcgraph_entry:      + 25.601 us  |  renesas_usb3_irq();
          <idle>-0     [000]   293.889484: funcgraph_entry:      + 16.106 us  |  renesas_usb3_irq();
          <idle>-0     [000]   293.889599: funcgraph_entry:      + 33.653 us  |  renesas_usb3_irq();
          <idle>-0     [000]   293.889719: funcgraph_entry:      + 36.058 us  |  renesas_usb3_irq();
          <idle>-0     [000]   293.889836: funcgraph_entry:      + 29.808 us  |  renesas_usb3_irq();
          <idle>-0     [000]   293.889950: funcgraph_entry:      + 31.491 us  |  renesas_usb3_irq();
          <idle>-0     [000]   293.890067: funcgraph_entry:      + 35.576 us  |  renesas_usb3_irq();
          <idle>-0     [000]   293.890185: funcgraph_entry:      + 34.615 us  |  renesas_usb3_irq();
          <idle>-0     [000]   293.890303: funcgraph_entry:      + 34.615 us  |  renesas_usb3_irq();
          <idle>-0     [000]   293.890418: funcgraph_entry:      + 32.933 us  |  renesas_usb3_irq();
          <idle>-0     [000]   293.890535: funcgraph_entry:      + 35.457 us  |  renesas_usb3_irq();
          <idle>-0     [000]   293.890648: funcgraph_entry:      + 31.971 us  |  renesas_usb3_irq();
          <idle>-0     [000]   293.890769: funcgraph_entry:      + 35.457 us  |  renesas_usb3_irq();
          <idle>-0     [000]   293.890863: funcgraph_entry:      + 32.091 us  |  renesas_usb3_irq();
          <idle>-0     [000]   293.890975: funcgraph_entry:      + 31.611 us  |  renesas_usb3_irq();
          <idle>-0     [000]   293.891090: funcgraph_entry:      + 36.057 us  |  renesas_usb3_irq();
          <idle>-0     [000]   293.891208: funcgraph_entry:      + 32.452 us  |  renesas_usb3_irq();
          <idle>-0     [000]   293.891322: funcgraph_entry:      + 34.496 us  |  renesas_usb3_irq();
          <idle>-0     [000]   293.891439: funcgraph_entry:      + 35.336 us  |  renesas_usb3_irq();
          <idle>-0     [000]   293.891561: funcgraph_entry:      + 39.904 us  |  renesas_usb3_irq();
          <idle>-0     [000]   293.891673: funcgraph_entry:      + 30.048 us  |  renesas_usb3_irq();
          <idle>-0     [000]   293.891791: funcgraph_entry:      + 31.851 us  |  renesas_usb3_irq();
          <idle>-0     [000]   293.891904: funcgraph_entry:      + 34.135 us  |  renesas_usb3_irq();
          <idle>-0     [000]   293.892020: funcgraph_entry:      + 35.577 us  |  renesas_usb3_irq();
          <idle>-0     [000]   293.892139: funcgraph_entry:      + 37.860 us  |  renesas_usb3_irq();
   kworker/u12:7-284   [000]   293.892267: funcgraph_entry:      + 45.433 us  |  renesas_usb3_irq();
          <idle>-0     [000]   293.892396: funcgraph_entry:      + 25.481 us  |  renesas_usb3_irq();
          <idle>-0     [000]   293.892676: funcgraph_entry:      + 46.634 us  |  renesas_usb3_irq();
     ksoftirqd/0-11    [000]   293.892795: funcgraph_entry:      + 23.557 us  |  renesas_usb3_irq();
    file-storage-544   [000]   293.893083: funcgraph_entry:      + 24.880 us  |  renesas_usb3_irq();
    file-storage-544   [000]   293.893286: funcgraph_entry:      + 35.216 us  |  renesas_usb3_irq();
    file-storage-544   [000]   293.893370: funcgraph_entry:      + 17.067 us  |  renesas_usb3_irq();
          <idle>-0     [000]   293.893502: funcgraph_entry:      + 34.615 us  |  renesas_usb3_irq();
    file-storage-544   [000]   293.893592: funcgraph_entry:      + 15.505 us  |  renesas_usb3_irq();
    file-storage-544   [000]   293.893753: funcgraph_entry:      + 19.231 us  |  renesas_usb3_irq();
    file-storage-544   [000]   293.893836: funcgraph_entry:      + 16.826 us  |  renesas_usb3_irq();
    file-storage-544   [000]   293.893931: funcgraph_entry:      + 15.625 us  |  renesas_usb3_irq();
    file-storage-544   [000]   293.894019: funcgraph_entry:      + 15.385 us  |  renesas_usb3_irq();
          <idle>-0     [000]   293.894152: funcgraph_entry:      + 33.413 us  |  renesas_usb3_irq();
    file-storage-544   [000]   293.894233: funcgraph_entry:      + 17.428 us  |  renesas_usb3_irq();
    file-storage-544   [000]   293.894361: funcgraph_entry:      + 15.144 us  |  renesas_usb3_irq();
    file-storage-544   [000]   293.894454: funcgraph_entry:        9.495 us   |  renesas_usb3_irq();
          <idle>-0     [000]   293.895204: funcgraph_entry:      + 17.067 us  |  renesas_usb3_irq();
    file-storage-544   [000]   293.895994: funcgraph_entry:      + 25.481 us  |  renesas_usb3_irq();
    file-storage-544   [000]   293.896118: funcgraph_entry:      + 20.432 us  |  renesas_usb3_irq();
    file-storage-544   [000]   293.896334: funcgraph_entry:      + 19.952 us  |  renesas_usb3_irq();
    file-storage-544   [000]   293.896617: funcgraph_entry:      + 20.913 us  |  renesas_usb3_irq();
    file-storage-544   [000]   293.896829: funcgraph_entry:      + 21.514 us  |  renesas_usb3_irq();
    file-storage-544   [000]   293.897972: funcgraph_entry:      + 26.442 us  |  renesas_usb3_irq();
    file-storage-544   [000]   293.898409: funcgraph_entry:      + 20.793 us  |  renesas_usb3_irq();
    file-storage-544   [000]   293.898662: funcgraph_entry:      + 20.313 us  |  renesas_usb3_irq();
    file-storage-544   [000]   293.898933: funcgraph_entry:      + 18.269 us  |  renesas_usb3_irq();
    file-storage-544   [000]   293.899379: funcgraph_entry:      + 22.476 us  |  renesas_usb3_irq();
    file-storage-544   [000]   293.899641: funcgraph_entry:      + 20.193 us  |  renesas_usb3_irq();
    file-storage-544   [000]   293.899890: funcgraph_entry:      + 21.515 us  |  renesas_usb3_irq();
    file-storage-544   [000]   293.900155: funcgraph_entry:      + 19.592 us  |  renesas_usb3_irq();
    file-storage-544   [000]   293.900413: funcgraph_entry:      + 19.832 us  |  renesas_usb3_irq();
          <idle>-0     [000]   293.900803: funcgraph_entry:      + 44.111 us  |  renesas_usb3_irq();
    file-storage-544   [000]   293.900927: funcgraph_entry:      + 24.158 us  |  renesas_usb3_irq();
          <idle>-0     [000]   293.901139: funcgraph_entry:      + 37.861 us  |  renesas_usb3_irq();
    file-storage-544   [000]   293.901252: funcgraph_entry:      + 19.111 us  |  renesas_usb3_irq();
    file-storage-544   [000]   293.901312: funcgraph_entry:      + 12.019 us  |  renesas_usb3_irq();
    file-storage-544   [000]   293.901423: funcgraph_entry:        8.894 us   |  renesas_usb3_irq();
          <idle>-0     [000]   293.901933: funcgraph_entry:      + 15.385 us  |  renesas_usb3_irq();
          <idle>-0     [000]   293.902075: funcgraph_entry:      + 15.144 us  |  renesas_usb3_irq();
    file-storage-544   [000]   293.902133: funcgraph_entry:        8.774 us   |  renesas_usb3_irq();
          <idle>-0     [000]   293.902628: funcgraph_entry:      + 15.024 us  |  renesas_usb3_irq();
          <idle>-0     [000]   293.902686: funcgraph_entry:      + 14.784 us  |  renesas_usb3_irq();
    file-storage-544   [000]   293.902742: funcgraph_entry:        8.413 us   |  renesas_usb3_irq();
          <idle>-0     [000]   293.902976: funcgraph_entry:      + 14.423 us  |  renesas_usb3_irq();
          <idle>-0     [000]   293.903024: funcgraph_entry:      + 14.664 us  |  renesas_usb3_irq();
    file-storage-544   [000]   293.903093: funcgraph_entry:        8.293 us   |  renesas_usb3_irq();
          <idle>-0     [000]   293.903273: funcgraph_entry:      + 14.663 us  |  renesas_usb3_irq();
          <idle>-0     [000]   293.903362: funcgraph_entry:      + 35.457 us  |  renesas_usb3_irq();
    file-storage-544   [000]   293.903448: funcgraph_entry:      + 21.153 us  |  renesas_usb3_irq();
    file-storage-544   [000]   293.903575: funcgraph_entry:      + 29.207 us  |  renesas_usb3_irq();
    file-storage-544   [000]   293.903652: funcgraph_entry:      + 15.866 us  |  renesas_usb3_irq();
    file-storage-544   [000]   293.903786: funcgraph_entry:      + 32.693 us  |  renesas_usb3_irq();
    file-storage-544   [000]   293.903869: funcgraph_entry:      + 18.149 us  |  renesas_usb3_irq();
    file-storage-544   [000]   293.904007: funcgraph_entry:      + 17.668 us  |  renesas_usb3_irq();
    file-storage-544   [000]   293.904095: funcgraph_entry:      + 17.909 us  |  renesas_usb3_irq();
    file-storage-544   [000]   293.904190: funcgraph_entry:      + 17.428 us  |  renesas_usb3_irq();
    file-storage-544   [000]   293.904281: funcgraph_entry:      + 16.947 us  |  renesas_usb3_irq();
    file-storage-544   [000]   293.904377: funcgraph_entry:      + 17.548 us  |  renesas_usb3_irq();
    file-storage-544   [000]   293.904439: funcgraph_entry:      + 11.057 us  |  renesas_usb3_irq();
    file-storage-544   [000]   293.904530: funcgraph_entry:        8.413 us   |  renesas_usb3_irq();
          <idle>-0     [000]   293.904729: funcgraph_entry:      + 18.750 us  |  renesas_usb3_irq();
          <idle>-0     [000]   293.904789: funcgraph_entry:      + 15.024 us  |  renesas_usb3_irq();
    file-storage-544   [000]   293.904982: funcgraph_entry:      + 12.380 us  |  renesas_usb3_irq();
          <idle>-0     [000]   293.905264: funcgraph_entry:      + 16.466 us  |  renesas_usb3_irq();
          <idle>-0     [000]   293.905359: funcgraph_entry:      + 31.971 us  |  renesas_usb3_irq();
    file-storage-544   [000]   293.905443: funcgraph_entry:      + 17.908 us  |  renesas_usb3_irq();
    file-storage-544   [000]   293.905567: funcgraph_entry:      + 16.346 us  |  renesas_usb3_irq();
          <idle>-0     [000]   293.905683: funcgraph_entry:      + 34.856 us  |  renesas_usb3_irq();
    file-storage-544   [000]   293.905798: funcgraph_entry:      + 29.327 us  |  renesas_usb3_irq();
          <idle>-0     [000]   293.905917: funcgraph_entry:      + 32.212 us  |  renesas_usb3_irq();
    file-storage-544   [000]   293.906031: funcgraph_entry:      + 18.389 us  |  renesas_usb3_irq();
          <idle>-0     [000]   293.906146: funcgraph_entry:      + 35.937 us  |  renesas_usb3_irq();
          <idle>-0     [000]   293.906270: funcgraph_entry:      + 32.933 us  |  renesas_usb3_irq();
    file-storage-544   [000]   293.906380: funcgraph_entry:      + 16.707 us  |  renesas_usb3_irq();
    file-storage-544   [000]   293.906493: funcgraph_entry:      + 15.505 us  |  renesas_usb3_irq();
    file-storage-544   [000]   293.906589: funcgraph_entry:        9.015 us   |  renesas_usb3_irq();
          <idle>-0     [000]   293.906889: funcgraph_entry:      + 15.384 us  |  renesas_usb3_irq();
          <idle>-0     [000]   293.906955: funcgraph_entry:      + 15.625 us  |  renesas_usb3_irq();
    file-storage-544   [000]   293.907027: funcgraph_entry:        9.375 us   |  renesas_usb3_irq();
          <idle>-0     [000]   293.907251: funcgraph_entry:      + 14.302 us  |  renesas_usb3_irq();
          <idle>-0     [000]   293.907340: funcgraph_entry:      + 32.452 us  |  renesas_usb3_irq();
    file-storage-544   [000]   293.907420: funcgraph_entry:      + 16.827 us  |  renesas_usb3_irq();
    file-storage-544   [000]   293.907548: funcgraph_entry:      + 14.904 us  |  renesas_usb3_irq();
    file-storage-544   [000]   293.907633: funcgraph_entry:      + 16.346 us  |  renesas_usb3_irq();
    file-storage-544   [000]   293.907729: funcgraph_entry:      + 16.827 us  |  renesas_usb3_irq();
    file-storage-544   [000]   293.907821: funcgraph_entry:      + 15.265 us  |  renesas_usb3_irq();
    file-storage-544   [000]   293.907917: funcgraph_entry:      + 15.265 us  |  renesas_usb3_irq();
          <idle>-0     [000]   293.908046: funcgraph_entry:      + 34.616 us  |  renesas_usb3_irq();
    file-storage-544   [000]   293.908128: funcgraph_entry:      + 16.587 us  |  renesas_usb3_irq();
          <idle>-0     [000]   293.908263: funcgraph_entry:      + 31.851 us  |  renesas_usb3_irq();
    file-storage-544   [000]   293.908352: funcgraph_entry:      + 16.226 us  |  renesas_usb3_irq();
    file-storage-544   [000]   293.908470: funcgraph_entry:        8.895 us   |  renesas_usb3_irq();
          <idle>-0     [000]   293.908711: funcgraph_entry:      + 15.144 us  |  renesas_usb3_irq();
          <idle>-0     [000]   293.908776: funcgraph_entry:      + 14.783 us  |  renesas_usb3_irq();
    file-storage-544   [000]   293.908870: funcgraph_entry:        9.616 us   |  renesas_usb3_irq();
          <idle>-0     [000]   293.909076: funcgraph_entry:      + 16.226 us  |  renesas_usb3_irq();
          <idle>-0     [000]   293.909129: funcgraph_entry:      + 15.145 us  |  renesas_usb3_irq();
    file-storage-544   [000]   293.909186: funcgraph_entry:        8.654 us   |  renesas_usb3_irq();
          <idle>-0     [000]   293.909282: funcgraph_entry:      + 14.063 us  |  renesas_usb3_irq();
          <idle>-0     [000]   293.909330: funcgraph_entry:      + 14.544 us  |  renesas_usb3_irq();
    file-storage-544   [000]   293.909386: funcgraph_entry:        8.173 us   |  renesas_usb3_irq();
          <idle>-0     [000]   293.909834: funcgraph_entry:      + 14.303 us  |  renesas_usb3_irq();
          <idle>-0     [000]   293.909980: funcgraph_entry:      + 33.413 us  |  renesas_usb3_irq();
    file-storage-544   [000]   293.910063: funcgraph_entry:      + 16.707 us  |  renesas_usb3_irq();
    file-storage-544   [000]   293.910190: funcgraph_entry:      + 15.985 us  |  renesas_usb3_irq();
    file-storage-544   [000]   293.910308: funcgraph_entry:        8.534 us   |  renesas_usb3_irq();
          <idle>-0     [000]   293.910633: funcgraph_entry:      + 19.592 us  |  renesas_usb3_irq();
          <idle>-0     [000]   293.910771: funcgraph_entry:      + 15.145 us  |  renesas_usb3_irq();
    file-storage-544   [000]   293.910839: funcgraph_entry:        9.135 us   |  renesas_usb3_irq();
          <idle>-0     [000]   293.911274: funcgraph_entry:      + 14.183 us  |  renesas_usb3_irq();
          <idle>-0     [000]   293.911379: funcgraph_entry:      + 30.289 us  |  renesas_usb3_irq();
    file-storage-544   [000]   293.911458: funcgraph_entry:      + 17.548 us  |  renesas_usb3_irq();
    file-storage-544   [000]   293.911589: funcgraph_entry:      + 15.625 us  |  renesas_usb3_irq();
    file-storage-544   [000]   293.911670: funcgraph_entry:      + 18.390 us  |  renesas_usb3_irq();
    file-storage-544   [000]   293.911767: funcgraph_entry:      + 15.625 us  |  renesas_usb3_irq();
    file-storage-544   [000]   293.911856: funcgraph_entry:      + 14.904 us  |  renesas_usb3_irq();
    file-storage-544   [000]   293.911954: funcgraph_entry:      + 17.308 us  |  renesas_usb3_irq();
          <idle>-0     [000]   293.912082: funcgraph_entry:      + 35.938 us  |  renesas_usb3_irq();
    file-storage-544   [000]   293.912166: funcgraph_entry:      + 16.106 us  |  renesas_usb3_irq();
    file-storage-544   [000]   293.912305: funcgraph_entry:      + 31.971 us  |  renesas_usb3_irq();
    file-storage-544   [000]   293.912385: funcgraph_entry:      + 15.625 us  |  renesas_usb3_irq();
    file-storage-544   [000]   293.912502: funcgraph_entry:        9.014 us   |  renesas_usb3_irq();
          <idle>-0     [000]   293.912649: funcgraph_entry:      + 15.385 us  |  renesas_usb3_irq();
          <idle>-0     [000]   293.912765: funcgraph_entry:      + 15.746 us  |  renesas_usb3_irq();
    file-storage-544   [000]   293.912876: funcgraph_entry:      + 10.337 us  |  renesas_usb3_irq();
          <idle>-0     [000]   293.913065: funcgraph_entry:      + 14.303 us  |  renesas_usb3_irq();
          <idle>-0     [000]   293.913154: funcgraph_entry:      + 31.971 us  |  renesas_usb3_irq();
    file-storage-544   [000]   293.913236: funcgraph_entry:      + 16.106 us  |  renesas_usb3_irq();
    file-storage-544   [000]   293.913370: funcgraph_entry:      + 16.587 us  |  renesas_usb3_irq();
    file-storage-544   [000]   293.913493: funcgraph_entry:      + 27.524 us  |  renesas_usb3_irq();
          <idle>-0     [000]   293.913607: funcgraph_entry:      + 35.337 us  |  renesas_usb3_irq();
    file-storage-544   [000]   293.913717: funcgraph_entry:      + 18.630 us  |  renesas_usb3_irq();
    file-storage-544   [000]   293.913808: funcgraph_entry:      + 18.269 us  |  renesas_usb3_irq();
          <idle>-0     [000]   293.913956: funcgraph_entry:      + 33.053 us  |  renesas_usb3_irq();
          <idle>-0     [000]   293.914076: funcgraph_entry:      + 33.293 us  |  renesas_usb3_irq();
    file-storage-544   [000]   293.914185: funcgraph_entry:      + 27.164 us  |  renesas_usb3_irq();
          <idle>-0     [000]   293.914308: funcgraph_entry:      + 34.254 us  |  renesas_usb3_irq();
    file-storage-544   [000]   293.914420: funcgraph_entry:      + 28.726 us  |  renesas_usb3_irq();
          <idle>-0     [000]   293.914532: funcgraph_entry:      + 32.812 us  |  renesas_usb3_irq();
    file-storage-544   [000]   293.914643: funcgraph_entry:      + 30.409 us  |  renesas_usb3_irq();
    file-storage-544   [000]   293.914752: funcgraph_entry:      + 17.788 us  |  renesas_usb3_irq();
          <idle>-0     [000]   293.914866: funcgraph_entry:      + 32.572 us  |  renesas_usb3_irq();
          <idle>-0     [000]   293.914985: funcgraph_entry:      + 33.173 us  |  renesas_usb3_irq();
    file-storage-544   [000]   293.915100: funcgraph_entry:      + 17.668 us  |  renesas_usb3_irq();
    file-storage-544   [000]   293.915189: funcgraph_entry:      + 12.861 us  |  renesas_usb3_irq();
    file-storage-544   [000]   293.915277: funcgraph_entry:        8.293 us   |  renesas_usb3_irq();
          <idle>-0     [000]   293.915646: funcgraph_entry:      + 16.346 us  |  renesas_usb3_irq();
          <idle>-0     [000]   293.915735: funcgraph_entry:      + 14.784 us  |  renesas_usb3_irq();
    file-storage-544   [000]   293.915802: funcgraph_entry:        9.375 us   |  renesas_usb3_irq();
          <idle>-0     [000]   293.916171: funcgraph_entry:      + 14.544 us  |  renesas_usb3_irq();
          <idle>-0     [000]   293.916318: funcgraph_entry:      + 31.370 us  |  renesas_usb3_irq();
    file-storage-544   [000]   293.916397: funcgraph_entry:      + 15.865 us  |  renesas_usb3_irq();
    file-storage-544   [000]   293.916524: funcgraph_entry:      + 15.865 us  |  renesas_usb3_irq();
    file-storage-544   [000]   293.916583: funcgraph_entry:      + 12.019 us  |  renesas_usb3_irq();
    file-storage-544   [000]   293.916677: funcgraph_entry:        8.413 us   |  renesas_usb3_irq();
          <idle>-0     [000]   293.916801: funcgraph_entry:      + 15.264 us  |  renesas_usb3_irq();
          <idle>-0     [000]   293.917064: funcgraph_entry:      + 19.351 us  |  renesas_usb3_irq();
    file-storage-544   [000]   293.917136: funcgraph_entry:        9.375 us   |  renesas_usb3_irq();
          <idle>-0     [000]   293.917251: funcgraph_entry:      + 14.904 us  |  renesas_usb3_irq();
          <idle>-0     [000]   293.917344: funcgraph_entry:      + 33.053 us  |  renesas_usb3_irq();
    file-storage-544   [000]   293.917426: funcgraph_entry:      + 17.669 us  |  renesas_usb3_irq();
    file-storage-544   [000]   293.917556: funcgraph_entry:      + 18.149 us  |  renesas_usb3_irq();
    file-storage-544   [000]   293.917651: funcgraph_entry:      + 16.707 us  |  renesas_usb3_irq();
    file-storage-544   [000]   293.917737: funcgraph_entry:      + 17.307 us  |  renesas_usb3_irq();
    file-storage-544   [000]   293.917831: funcgraph_entry:      + 15.505 us  |  renesas_usb3_irq();
    file-storage-544   [000]   293.917925: funcgraph_entry:      + 16.106 us  |  renesas_usb3_irq();
    file-storage-544   [000]   293.917983: funcgraph_entry:        9.735 us   |  renesas_usb3_irq();
    file-storage-544   [000]   293.918072: funcgraph_entry:        8.053 us   |  renesas_usb3_irq();
          <idle>-0     [000]   293.918242: funcgraph_entry:      + 15.384 us  |  renesas_usb3_irq();
          <idle>-0     [000]   293.918295: funcgraph_entry:      + 15.264 us  |  renesas_usb3_irq();
    file-storage-544   [000]   293.918354: funcgraph_entry:        8.293 us   |  renesas_usb3_irq();
          <idle>-0     [000]   293.918676: funcgraph_entry:      + 14.423 us  |  renesas_usb3_irq();
          <idle>-0     [000]   293.918772: funcgraph_entry:      + 30.048 us  |  renesas_usb3_irq();
    file-storage-544   [000]   293.918850: funcgraph_entry:      + 15.985 us  |  renesas_usb3_irq();
    file-storage-544   [000]   293.918980: funcgraph_entry:      + 17.909 us  |  renesas_usb3_irq();
    file-storage-544   [000]   293.919040: funcgraph_entry:      + 12.019 us  |  renesas_usb3_irq();
    file-storage-544   [000]   293.919130: funcgraph_entry:        8.533 us   |  renesas_usb3_irq();
          <idle>-0     [000]   293.919369: funcgraph_entry:      + 15.986 us  |  renesas_usb3_irq();
          <idle>-0     [000]   293.919421: funcgraph_entry:      + 14.543 us  |  renesas_usb3_irq();
    file-storage-544   [000]   293.919493: funcgraph_entry:        9.616 us   |  renesas_usb3_irq();
          <idle>-0     [000]   293.919625: funcgraph_entry:      + 14.423 us  |  renesas_usb3_irq();
          <idle>-0     [000]   293.919714: funcgraph_entry:      + 32.091 us  |  renesas_usb3_irq();
    file-storage-544   [000]   293.919795: funcgraph_entry:      + 16.947 us  |  renesas_usb3_irq();
    file-storage-544   [000]   293.919952: funcgraph_entry:      + 16.226 us  |  renesas_usb3_irq();
    file-storage-544   [000]   293.920031: funcgraph_entry:      + 17.068 us  |  renesas_usb3_irq();
    file-storage-544   [000]   293.920126: funcgraph_entry:      + 15.024 us  |  renesas_usb3_irq();
    file-storage-544   [000]   293.920212: funcgraph_entry:      + 16.827 us  |  renesas_usb3_irq();
    file-storage-544   [000]   293.920312: funcgraph_entry:      + 15.385 us  |  renesas_usb3_irq();
          <idle>-0     [000]   293.920439: funcgraph_entry:      + 34.615 us  |  renesas_usb3_irq();
    file-storage-544   [000]   293.920521: funcgraph_entry:      + 15.985 us  |  renesas_usb3_irq();
    file-storage-544   [000]   293.920647: funcgraph_entry:      + 29.207 us  |  renesas_usb3_irq();
    file-storage-544   [000]   293.920725: funcgraph_entry:      + 14.904 us  |  renesas_usb3_irq();
    file-storage-544   [000]   293.920879: funcgraph_entry:      + 10.697 us  |  renesas_usb3_irq();
          <idle>-0     [000]   293.921004: funcgraph_entry:      + 14.784 us  |  renesas_usb3_irq();
          <idle>-0     [000]   293.921057: funcgraph_entry:      + 14.904 us  |  renesas_usb3_irq();
    file-storage-544   [000]   293.921117: funcgraph_entry:        9.135 us   |  renesas_usb3_irq();
          <idle>-0     [000]   293.921238: funcgraph_entry:      + 13.943 us  |  renesas_usb3_irq();
          <idle>-0     [000]   293.921326: funcgraph_entry:      + 33.894 us  |  renesas_usb3_irq();
    file-storage-544   [000]   293.921407: funcgraph_entry:      + 16.466 us  |  renesas_usb3_irq();
    file-storage-544   [000]   293.921537: funcgraph_entry:      + 15.384 us  |  renesas_usb3_irq();
    file-storage-544   [000]   293.921594: funcgraph_entry:      + 12.259 us  |  renesas_usb3_irq();
    file-storage-544   [000]   293.921687: funcgraph_entry:        8.654 us   |  renesas_usb3_irq();
          <idle>-0     [000]   293.921877: funcgraph_entry:      + 15.505 us  |  renesas_usb3_irq();
          <idle>-0     [000]   293.921950: funcgraph_entry:      + 15.625 us  |  renesas_usb3_irq();
    file-storage-544   [000]   293.922008: funcgraph_entry:        8.294 us   |  renesas_usb3_irq();
          <idle>-0     [000]   293.922248: funcgraph_entry:      + 14.664 us  |  renesas_usb3_irq();
