
----------- BOARD ------------

root@salvator-x:~# mount -t tmpfs -o size=700M tmpfs /tmp
root@salvator-x:~# 
root@salvator-x:~# dd if=/dev/zero of=/tmp/tmp.img bs=1M count=650
650+0 records in
650+0 records out
681574400 bytes (682 MB, 650 MiB) copied, 3.11784 s, 219 MB/s
root@salvator-x:~# 
root@salvator-x:~# mkfs.ext3 -L storage /tmp/tmp.img
mke2fs 1.47.0 (5-Feb-2023)
Discarding device blocks:      0/166400             done                            
Creating filesystem with 166400 4k blocks and 41664 inodes
Filesystem UUID: 44dd0ef6-14ad-4c31-a4d1-ffb8aecc7037
Superblock backups stored on blocks: 
	32768, 98304, 163840

Allocating group tables: 0/6   done                            
Writing inode tables: 0/6   done                            
Creating journal (4096 blocks): done
Writing superblocks and filesystem accounting information: 0/6   done

root@salvator-x:~# 
root@salvator-x:~# modprobe g_mass_storage file=/tmp/tmp.img
root@salvator-x:~# 
root@salvator-x:~# rmmod g_mass_storage
root@salvator-x:~# 
root@salvator-x:~# modprobe g_mass_storage file=/tmp/tmp.img
[ 3624.029173] Mass Storage Function, version: 2009/09/11
[ 3624.037133] LUN: removable file: (no medium)
[ 3624.044862] LUN: file: /tmp/tmp.img
[ 3624.049093] Number of LUNs=1
[ 3624.053290] g_mass_storage gadget: Mass Storage Gadget, version: 2009/09/11
[ 3624.060952] g_mass_storage gadget: userspace failed to provide iSerialNumber
[ 3624.068695] g_mass_storage gadget: g_mass_storage ready
root@salvator-x:~# 
root@salvator-x:~# cat /sys/devices/platform/soc/e659c000.usb/udc/e659c000.usb/s tate
configured
root@salvator-x:~# 
---------- HOST-PC -----------

dmesg
[32645.511846] usb 2-1-port3: Cannot enable. Maybe the USB cable is bad?
[32646.684383] usb 2-1-port3: Cannot enable. Maybe the USB cable is bad?
[32647.859330] usb 2-1-port3: Cannot enable. Maybe the USB cable is bad?
[32649.120829] usb 2-1-port3: Cannot enable. Maybe the USB cable is bad?
[32650.295997] usb 2-1-port3: Cannot enable. Maybe the USB cable is bad?
[32651.463607] usb 2-1-port3: Cannot enable. Maybe the USB cable is bad?
[32653.980675] usb 2-1-port3: Cannot enable. Maybe the USB cable is bad?
[32655.164350] usb 2-1-port3: Cannot enable. Maybe the USB cable is bad?
[32655.497908] usb 1-2: USB disconnect, device number 35
[32655.498987] blk_update_request: I/O error, dev sdm, sector 0 op 0x1:(WRITE) flags 0x800 phys_seg 0 prio class 0
[32655.524401] sd 12:0:0:0: [sdm] Synchronizing SCSI cache
[32655.524435] sd 12:0:0:0: [sdm] Synchronize Cache(10) failed: Result: hostbyte=DID_NO_CONNECT driverbyte=DRIVER_OK
[32655.534470] Buffer I/O error on dev sdm, logical block 484, lost sync page write
[32655.534483] JBD2: Error -5 detected when updating journal superblock for sdm-8.
[32655.534486] Aborting journal on device sdm-8.
[32655.534489] Buffer I/O error on dev sdm, logical block 484, lost sync page write
[32655.534492] JBD2: Error -5 detected when updating journal superblock for sdm-8.
[32655.534546] EXT4-fs error (device sdm): ext4_put_super:1204: comm umount: Couldn't clean up the journal
[32655.534554] EXT4-fs (sdm): Remounting filesystem read-only
[32656.330105] usb 2-1-port3: Cannot enable. Maybe the USB cable is bad?
[32656.444345] usb 1-2: new high-speed USB device number 36 using xhci_hcd
[32656.597955] usb 1-2: New USB device found, idVendor=0525, idProduct=a4a5, bcdDevice= 5.10
[32656.597959] usb 1-2: New USB device strings: Mfr=3, Product=4, SerialNumber=0
[32656.597962] usb 1-2: Product: Mass Storage Gadget
[32656.597963] usb 1-2: Manufacturer: Linux 5.10.218-yocto-standard with renesas_usbhs_udc
[32656.599969] usb-storage 1-2:1.0: USB Mass Storage device detected
[32656.600204] usb-storage 1-2:1.0: Quirks match for vid 0525 pid a4a5: 10000
[32656.600267] scsi host12: usb-storage 1-2:1.0
[32657.613768] scsi 12:0:0:0: Direct-Access     Linux    File-Stor Gadget 0510 PQ: 0 ANSI: 2
[32657.614619] sd 12:0:0:0: Attached scsi generic sg1 type 0
[32657.615176] sd 12:0:0:0: Power-on or device reset occurred
[32657.616060] sd 12:0:0:0: [sdm] 1331200 512-byte logical blocks: (682 MB/650 MiB)
[32657.721115] usb 2-1-port3: Cannot enable. Maybe the USB cable is bad?
[32657.721925] sd 12:0:0:0: [sdm] Write Protect is off
[32657.721929] sd 12:0:0:0: [sdm] Mode Sense: 0f 00 00 00
[32657.830307] sd 12:0:0:0: [sdm] Write cache: enabled, read cache: enabled, doesn't support DPO or FUA
[32658.155071] sd 12:0:0:0: [sdm] Attached SCSI disk
[32658.937490] EXT4-fs (sdm): mounting ext3 file system using the ext4 subsystem
[32658.946630] EXT4-fs (sdm): mounted filesystem with ordered data mode. Opts: (null). Quota mode: none.
[32659.298419] usb 2-1-port3: Cannot enable. Maybe the USB cable is bad?
[32660.458133] usb 2-1-port3: Cannot enable. Maybe the USB cable is bad?
[32661.704824] usb 2-1-port3: Cannot enable. Maybe the USB cable is bad?

df -h
Filesystem      Size  Used Avail Use% Mounted on
udev            3,8G     0  3,8G   0% /dev
tmpfs           784M  2,5M  781M   1% /run
/dev/nvme0n1p4  458G  310G  124G  72% /
tmpfs           3,9G     0  3,9G   0% /dev/shm
tmpfs           5,0M  4,0K  5,0M   1% /run/lock
tmpfs           3,9G     0  3,9G   0% /sys/fs/cgroup
/dev/loop0      128K  128K     0 100% /snap/bare/5
/dev/loop2       75M   75M     0 100% /snap/core22/1439
/dev/loop3       12M   12M     0 100% /snap/nmap/3514
/dev/loop1       64M   64M     0 100% /snap/core20/2182
/dev/loop6      384K  384K     0 100% /snap/device-tree-compiler/91
/dev/loop5       92M   92M     0 100% /snap/gtk-common-themes/1535
/dev/loop4      350M  350M     0 100% /snap/gnome-3-38-2004/143
/dev/loop10     9,8M  9,8M     0 100% /snap/htop/4407
/dev/loop7       12M   12M     0 100% /snap/nmap/3470
/dev/loop9      347M  347M     0 100% /snap/gnome-3-38-2004/119
/dev/loop13      75M   75M     0 100% /snap/core22/1564
/dev/loop11      64M   64M     0 100% /snap/core20/2318
/dev/loop12     497M  497M     0 100% /snap/gnome-42-2204/141
/dev/loop14      56M   56M     0 100% /snap/core18/2829
/dev/loop8      506M  506M     0 100% /snap/gnome-42-2204/176
/dev/loop15      13M   13M     0 100% /snap/snap-store/959
/dev/loop17      13M   13M     0 100% /snap/snap-store/1113
/dev/loop18      41M   41M     0 100% /snap/snapd/20290
/dev/loop16      39M   39M     0 100% /snap/snapd/21759
/dev/nvme0n1p1  3,7G  210M  3,3G   6% /boot
/dev/nvme0n1p2  3,9G  6,1M  3,9G   1% /boot/efi
tmpfs           784M   24K  784M   1% /run/user/1000
/dev/sdi        318M  101M  201M  34% /media/test_USB2F
/dev/sdm        624M   44K  591M   1% /media/rvc/storage

sudo time dd if=/dev/zero of=./file-600M bs=600M count=1 oflag=direct
1+0 records in
1+0 records out
629145600 bytes (629 MB, 600 MiB) copied, 0,701841 s, 896 MB/s
0.00user 0.76system 0:00.82elapsed 92%CPU (0avgtext+0avgdata 616864maxresident)k
8inputs+1228800outputs (0major+153693minor)pagefaults 0swaps

-------------- READ --------------
sudo time dd if=./file-600M of=/media/rvc/storage/file-600M_from_nfs bs=1M count=600 oflag=direct
29360128 bytes (29 MB, 28 MiB) copied, 1 s, 29,0 MB/s56623104 bytes (57 MB, 54 MiB) copied, 2 s, 28,1 MB/s83886080 bytes (84 MB, 80 MiB) copied, 3 s, 27,9 MB/s113246208 bytes (113 MB, 108 MiB) copied, 4 s, 28,1 MB/s139460608 bytes (139 MB, 133 MiB) copied, 5 s, 27,7 MB/s164626432 bytes (165 MB, 157 MiB) copied, 6 s, 27,3 MB/s189792256 bytes (190 MB, 181 MiB) copied, 7 s, 27,1 MB/s216006656 bytes (216 MB, 206 MiB) copied, 8 s, 26,9 MB/s242221056 bytes (242 MB, 231 MiB) copied, 9 s, 26,9 MB/s270532608 bytes (271 MB, 258 MiB) copied, 10 s, 27,0 MB/s297795584 bytes (298 MB, 284 MiB) copied, 11 s, 27,0 MB/s324009984 bytes (324 MB, 309 MiB) copied, 12 s, 27,0 MB/s351272960 bytes (351 MB, 335 MiB) copied, 13 s, 27,0 MB/s379584512 bytes (380 MB, 362 MiB) copied, 14 s, 27,0 MB/s405798912 bytes (406 MB, 387 MiB) copied, 15 s, 27,0 MB/s433061888 bytes (433 MB, 413 MiB) copied, 16 s, 27,0 MB/s459276288 bytes (459 MB, 438 MiB) copied, 17 s, 27,0 MB/s484442112 bytes (484 MB, 462 MiB) copied, 18 s, 26,9 MB/s510656512 bytes (511 MB, 487 MiB) copied, 19 s, 26,8 MB/s534773760 bytes (535 MB, 510 MiB) copied, 20 s, 26,7 MB/s560988160 bytes (561 MB, 535 MiB) copied, 21 s, 26,7 MB/s587202560 bytes (587 MB, 560 MiB) copied, 22 s, 26,7 MB/s614465536 bytes (614 MB, 586 MiB) copied, 23 s, 26,7 MB/s
600+0 records in
600+0 records out
629145600 bytes (629 MB, 600 MiB) copied, 23,5527 s, 26,7 MB/s
0.00user 1.83system 0:23.55elapsed 7%CPU (0avgtext+0avgdata 3556maxresident)k
315776inputs+1228800outputs (0major+349minor)pagefaults 0swaps

SPEED = 26.7 MB/s

-------------- WRITE --------------
sudo time dd if=/media/rvc/storage/file-600M_from_nfs of=./file-600M_from_usb bs=1M count=600 iflag=direct
600+0 records in
600+0 records out
629145600 bytes (629 MB, 600 MiB) copied, 20,0853 s, 31,3 MB/s
0.01user 1.76system 0:20.16elapsed 8%CPU (0avgtext+0avgdata 3556maxresident)k
1228800inputs+1228800outputs (0major+348minor)pagefaults 0swaps

SPEED = 31.3 MB/s
Read speed
26.7
Write speed
31.3

 
#### Result: NG ####
