
------------ BOARD -------------


Please press switch to restart board 

[F 00:00:10
[F 00:00:09
[F 00:00:08
NOTICE:  BL2: R-Car Gen3 Initial Program Loader(CA57) Rev.3.0.0
NOTICE:  BL2: PRR is R-Car H3 Ver.3.0
NOTICE:  BL2: Board is Salvator-XS Rev.1.0
NOTICE:  BL2: Boot device is HyperFlash(160MHz)
NOTICE:  BL2: LCM state is CM
NOTICE:  AVS setting succeeded. DVFS_SetVID=0x53
NOTICE:  BL2: DDR3200(rev.0.41)
NOTICE:  BL2: [COLD_BOOT]
NOTICE:  BL2: DRAM Split is 4ch(DDR f)
NOTICE:  BL2: QoS is default setting(rev.0.11)
NOTICE:  BL2: DRAM refresh interval 1.95 usec
NOTICE:  BL2: Periodic Write DQ Training
NOTICE:  BL2: CH0: 400000000 - 47fffffff, 2 GiB
NOTICE:  BL2: CH1: 500000000 - 57fffffff, 2 GiB
NOTICE:  BL2: CH2: 600000000 - 67fffffff, 2 GiB
NOTICE:  BL2: CH3: 700000000 - 77fffffff, 2 GiB
NOTICE:  BL2: FDT at 0xe6325e70
NOTICE:  BL2: v2.6(release):v2.6
NOTICE:  BL2: Built : 09:11:03, May 18 2022
NOTICE:  BL2: Normal boot
NOTICE:  BL2: dst=0xe6325700 src=0x8180000 len=512(0x200)
NOTICE:  BL2: dst=0x43f00000 src=0x8180400 len=6144(0x1800)
NOTICE:  rcar_file_len: len: 0x0003e000
NOTICE:  BL2: dst=0x44000000 src=0x81c0000 len=253952(0x3e000)
NOTICE:  rcar_file_len: len: 0x00200000
NOTICE:  BL2: dst=0x44100000 src=0x8200000 len=2097152(0x200000)
NOTICE:  rcar_file_len: len: 0x00100000
NOTICE:  BL2: dst=0x50000000 src=0x8640000 len=1048576(0x100000)
NOTICE:  BL2: Booting BL31


U-Boot 2021.07 (Jul 17 2021 - 09:21:24 +0700)

CPU: Renesas Electronics R8A7795 rev 3.0
Model: Renesas Salvator-X board based on r8a77950
DRAM:  7.9 GiB
Flash: 0 Bytes
MMC:   sd@ee100000: 0, sd@ee140000: 1, sd@ee160000: 2
Loading Environment from MMC... OK
In:    serial@e6e88000
Out:   serial@e6e88000
Err:   serial@e6e88000
Net:   eth0: ethernet@e6800000
Auto-update from TFTP: failed, env. variable 'updatefile' not found
Hit any key to stop autoboot:  2  1  0 
ethernet@e6800000 Waiting for PHY auto negotiation to complete.......... done
Using ethernet@e6800000 device
TFTP from server 192.168.10.98; our IP address is 192.168.10.132
Filename 'thuannguyen/h3/boot/Image'.
Load address: 0x48080000
Loading: *#################################################################
	 #################################################################
	 #################################################################
	 #################################################################
	 #################################################################
	 #################################################################
	 #################################################################
	 #################################################################
	 #################################################################
	 #################################################################
	 #################################################################
	 #################################################################
	 #################################################################
	 #################################################################
	 #################################################################
	 #################################################################
	 #################################################################
	 #################################################################
	 #################################################################
	 #################################################################
	 #################################################################
	 #################################################################
	 #################################################################
	 #################################################################
	 #################################################################
	 #################################################################
	 #################################################################
	 #################################################################
	 #################################################################
	 #################################################################
	 #################################################################
	 #################################################################
	 #################################################################
	 #################################################################
	 #################################################################
	 #################################################################
	 #################################################################
	 #################################################################
	 #################################################################
	 #################################################################
	 #################################################################
	 #################################################################
	 #################################################################
	 #################################################################
	 #################################################################
	 #################################################################
	 #################################################################
	 #################################################################
	 #################################################################
	 #################################################################
	 #################################################################
	 #################################################################
	 #################################################################
	 #################################################################
	 #################################################################
	 #################################################################
	 #################################################################
	 ############
	 5.3 MiB/s
done
Bytes transferred = 54561280 (3408a00 hex)
Using ethernet@e6800000 device
TFTP from server 192.168.10.98; our IP address is 192.168.10.132
Filename 'thuannguyen/h3/boot/r8a77951-salvator-xs.dtb'.
Load address: 0x48000000
Loading: *#######
	 7.3 MiB/s
done
Bytes transferred = 99355 (1841b hex)
Moving Image from 0x48080000 to 0x48200000, end=4c4e0000
## Flattened Device Tree blob at 48000000
   Booting using the fdt blob at 0x48000000
   Loading Device Tree to 0000000057fe4000, end 0000000057fff41a ... OK
Overlap found: 0x500000000..0x57fffffff / 0x500000000..0x53fffffff
Overlap found: 0x600000000..0x67fffffff / 0x600000000..0x63fffffff
Overlap found: 0x700000000..0x77fffffff / 0x700000000..0x73fffffff

Starting kernel ...

[    0.000000] Booting Linux on physical CPU 0x0000000000 [0x411fd073]
[    0.000000] Linux version 6.7.0-rc2-arm64-renesas-dirty (thuan.nguyen-hong@lab-soc.banvien.com.vn) (aarch64-poky-linux-gcc (GCC) 10.3.0, GNU ld (GNU Binutils) 2.36.1.20210703) #1 SMP PREEMPT Fri Nov 24 04:05:46 UTC 2023
[    0.000000] KASLR disabled due to lack of seed
[    0.000000] Machine model: Renesas Salvator-X 2nd version board based on r8a77951
[    0.000000] efi: UEFI not found.
[    0.000000] OF: reserved mem: 0x0000000044100000..0x0000000047dfffff (62464 KiB) nomap non-reusable optee_core@44100000
[    0.000000] OF: reserved mem: 0x0000000047e00000..0x0000000047efffff (1024 KiB) nomap non-reusable optee_shm@47e00000
[    0.000000] NUMA: No NUMA configuration found
[    0.000000] NUMA: Faking a node at [mem 0x0000000048000000-0x000000077fffffff]
[    0.000000] NUMA: NODE_DATA [mem 0x77efa4600-0x77efa6fff]
[    0.000000] Zone ranges:
[    0.000000]   DMA      [mem 0x0000000048000000-0x00000000ffffffff]
[    0.000000]   DMA32    empty
[    0.000000]   Normal   [mem 0x0000000100000000-0x000000077fffffff]
[    0.000000] Movable zone start for each node
[    0.000000] Early memory node ranges
[    0.000000]   node   0: [mem 0x0000000048000000-0x00000000bfffffff]
[    0.000000]   node   0: [mem 0x0000000500000000-0x000000057fffffff]
[    0.000000]   node   0: [mem 0x0000000600000000-0x000000067fffffff]
[    0.000000]   node   0: [mem 0x0000000700000000-0x000000077fffffff]
[    0.000000] Initmem setup node 0 [mem 0x0000000048000000-0x000000077fffffff]
[    0.000000] cma: Reserved 128 MiB at 0x00000000b8000000 on node -1
[    0.000000] psci: probing for conduit method from DT.
[    0.000000] psci: PSCIv1.1 detected in firmware.
[    0.000000] psci: Using standard PSCI v0.2 function IDs
[    0.000000] psci: Trusted OS migration not required
[    0.000000] psci: SMC Calling Convention v1.2
[    0.000000] percpu: Embedded 33 pages/cpu s96096 r8192 d30880 u135168
[    0.000000] Detected PIPT I-cache on CPU0
[    0.000000] CPU features: detected: Spectre-v2
[    0.000000] CPU features: detected: Spectre-v3a
[    0.000000] CPU features: detected: Spectre-BHB
[    0.000000] CPU features: detected: ARM erratum 1742098
[    0.000000] CPU features: detected: ARM errata 1165522, 1319367, or 1530923
[    0.000000] alternatives: applying boot alternatives
[    0.000000] Kernel command line: rw root=/dev/nfs nfsroot=192.168.10.98:/data/tftpboot/thuannguyen/h3/rootfs,nfsvers=4 ip=192.168.10.132
[    0.000000] Dentry cache hash table entries: 1048576 (order: 11, 8388608 bytes, linear)
[    0.000000] Inode-cache hash table entries: 524288 (order: 10, 4194304 bytes, linear)
[    0.000000] Fallback order for Node 0: 0 
[    0.000000] Built 1 zonelists, mobility grouping on.  Total pages: 2032128
[    0.000000] Policy zone: Normal
[    0.000000] mem auto-init: stack:off, heap alloc:off, heap free:off
[    0.000000] stackdepot: allocating hash table via alloc_large_system_hash
[    0.000000] stackdepot hash table entries: 524288 (order: 10, 4194304 bytes, linear)
[    0.000000] software IO TLB: area num 8.
[    0.000000] software IO TLB: mapped [mem 0x00000000b4000000-0x00000000b8000000] (64MB)
[    0.000000] Memory: 7828360K/8257536K available (20800K kernel code, 6050K rwdata, 12864K rodata, 13440K init, 15140K bss, 298104K reserved, 131072K cma-reserved)
[    0.000000] SLUB: HWalign=64, Order=0-3, MinObjects=0, CPUs=8, Nodes=1
[    0.000000] ftrace: allocating 70493 entries in 276 pages
[    0.000000] ftrace: allocated 276 pages with 3 groups
[    0.000000] trace event string verifier disabled
[    0.000000] Running RCU self tests
[    0.000000] Running RCU synchronous self tests
[    0.000000] rcu: Preemptible hierarchical RCU implementation.
[    0.000000] rcu: 	RCU event tracing is enabled.
[    0.000000] rcu: 	RCU lockdep checking is enabled.
[    0.000000] 	Trampoline variant of Tasks RCU enabled.
[    0.000000] 	Rude variant of Tasks RCU enabled.
[    0.000000] 	Tracing variant of Tasks RCU enabled.
[    0.000000] rcu: RCU calculated value of scheduler-enlistment delay is 25 jiffies.
[    0.000000] Running RCU synchronous self tests
[    0.000000] NR_IRQS: 64, nr_irqs: 64, preallocated irqs: 0
[    0.000000] GIC: Adjusting CPU interface base to 0x00000000f102f000
[    0.000000] Root IRQ handler: gic_handle_irq
[    0.000000] GIC: Using split EOI/Deactivate mode
[    0.000000] rcu: srcu_init: Setting srcu_struct sizes based on contention.
[    0.000000] arch_timer: cp15 timer(s) running at 8.32MHz (phys).
[    0.000000] clocksource: arch_sys_counter: mask: 0xffffffffffffff max_cycles: 0x1eb398c07, max_idle_ns: 440795202503 ns
[    0.000000] sched_clock: 56 bits at 8MHz, resolution 120ns, wraps every 2199023255503ns
[    0.001020] Console: colour dummy device 80x25
[    0.001058] printk: legacy console [tty0] enabled
[    0.003710] Lock dependency validator: Copyright (c) 2006 Red Hat, Inc., Ingo Molnar
[    0.003768] ... MAX_LOCKDEP_SUBCLASSES:  8
[    0.003801] ... MAX_LOCK_DEPTH:          48
[    0.003834] ... MAX_LOCKDEP_KEYS:        8192
[    0.003965] ... CLASSHASH_SIZE:          4096
[    0.004001] ... MAX_LOCKDEP_ENTRIES:     32768
[    0.004035] ... MAX_LOCKDEP_CHAINS:      65536
[    0.004069] ... CHAINHASH_SIZE:          32768
[    0.004103]  memory used by lock dependency info: 6493 kB
[    0.004142]  memory used for stack traces: 4224 kB
[    0.004178]  per task-struct memory footprint: 1920 bytes
[    0.004503] Calibrating delay loop (skipped), value calculated using timer frequency.. 16.64 BogoMIPS (lpj=33280)
[    0.004583] pid_max: default: 32768 minimum: 301
[    0.005121] LSM: initializing lsm=capability,integrity
[    0.005717] Mount-cache hash table entries: 16384 (order: 5, 131072 bytes, linear)
[    0.005810] Mountpoint-cache hash table entries: 16384 (order: 5, 131072 bytes, linear)
[    0.009117] Running RCU synchronous self tests
[    0.009179] Running RCU synchronous self tests
[    0.016553] RCU Tasks: Setting shift to 3 and lim to 1 rcu_task_cb_adjust=1.
[    0.016848] RCU Tasks Rude: Setting shift to 3 and lim to 1 rcu_task_cb_adjust=1.
[    0.017215] RCU Tasks Trace: Setting shift to 3 and lim to 1 rcu_task_cb_adjust=1.
[    0.017537] Running RCU Tasks wait API self tests
[    0.020262] Running RCU Tasks Rude wait API self tests
[    0.020588] Running RCU Tasks Trace wait API self tests
[    0.024220] rcu: Hierarchical SRCU implementation.
[    0.024266] rcu: 	Max phase no-delay instances is 1000.
[    0.026896] Detected Renesas R-Car Gen3 r8a7795 ES3.0
[    0.028337] Callback from call_rcu_tasks_trace() invoked.
[    0.030184] EFI services will not be available.
[    0.031725] smp: Bringing up secondary CPUs ...
[    0.033918] Detected PIPT I-cache on CPU1
[    0.034058] CPU1: Booted secondary processor 0x0000000001 [0x411fd073]
[    0.036079] Detected PIPT I-cache on CPU2
[    0.036166] CPU2: Booted secondary processor 0x0000000002 [0x411fd073]
[    0.038212] Detected PIPT I-cache on CPU3
[    0.038301] CPU3: Booted secondary processor 0x0000000003 [0x411fd073]
[    0.040133] CPU features: detected: ARM erratum 845719
[    0.040153] Detected VIPT I-cache on CPU4
[    0.040301] CPU4: Booted secondary processor 0x0000000100 [0x410fd034]
[    0.042229] Detected VIPT I-cache on CPU5
[    0.042337] CPU5: Booted secondary processor 0x0000000101 [0x410fd034]
[    0.044210] Detected VIPT I-cache on CPU6
[    0.044321] CPU6: Booted secondary processor 0x0000000102 [0x410fd034]
[    0.046192] Detected VIPT I-cache on CPU7
[    0.046305] CPU7: Booted secondary processor 0x0000000103 [0x410fd034]
[    0.046644] smp: Brought up 1 node, 8 CPUs
[    0.047202] SMP: Total of 8 processors activated.
[    0.047242] CPU features: detected: 32-bit EL0 Support
[    0.047281] CPU features: detected: 32-bit EL1 Support
[    0.047323] CPU features: detected: CRC32 instructions
[    0.059842] CPU: All CPU(s) started at EL2
[    0.059930] alternatives: applying system-wide alternatives
[    0.068806] devtmpfs: initialized
[    0.140318] Callback from call_rcu_tasks_rude() invoked.
[    0.207218] Running RCU synchronous self tests
[    0.207332] Running RCU synchronous self tests
[    0.207601] clocksource: jiffies: mask: 0xffffffff max_cycles: 0xffffffff, max_idle_ns: 7645041785100000 ns
[    0.207705] futex hash table entries: 2048 (order: 6, 262144 bytes, linear)
[    0.211837] pinctrl core: initialized pinctrl subsystem
[    0.219662] DMI not present or invalid.
[    0.222977] NET: Registered PF_NETLINK/PF_ROUTE protocol family
[    0.226489] DMA: preallocated 1024 KiB GFP_KERNEL pool for atomic allocations
[    0.226913] DMA: preallocated 1024 KiB GFP_KERNEL|GFP_DMA pool for atomic allocations
[    0.227692] DMA: preallocated 1024 KiB GFP_KERNEL|GFP_DMA32 pool for atomic allocations
[    0.227983] audit: initializing netlink subsys (disabled)
[    0.228577] audit: type=2000 audit(0.212:1): state=initialized audit_enabled=0 res=1
[    0.234382] thermal_sys: Registered thermal governor 'step_wise'
[    0.234396] thermal_sys: Registered thermal governor 'power_allocator'
[    0.234813] cpuidle: using governor menu
[    0.235891] hw-breakpoint: found 6 breakpoint and 4 watchpoint registers.
[    0.236396] ASID allocator initialised with 65536 entries
[    0.245710] Callback from call_rcu_tasks() invoked.
[    0.246610] Serial: AMBA PL011 UART driver
[    0.274470] platform soc: Fixed dependency cycle(s) with /soc/interrupt-controller@f1010000
[    0.286597] platform e6060000.pinctrl: Fixed dependency cycle(s) with /soc/pinctrl@e6060000/scif_clk
[    0.289171] sh-pfc e6060000.pinctrl: r8a77951_pfc support registered
[    0.415301] platform fea80000.csi2: Fixed dependency cycle(s) with /soc/video@e6ef7000/ports/port@1/endpoint@0
[    0.415441] platform fea80000.csi2: Fixed dependency cycle(s) with /soc/video@e6ef6000/ports/port@1/endpoint@0
[    0.415560] platform fea80000.csi2: Fixed dependency cycle(s) with /soc/video@e6ef5000/ports/port@1/endpoint@0
[    0.415679] platform fea80000.csi2: Fixed dependency cycle(s) with /soc/video@e6ef4000/ports/port@1/endpoint@0
[    0.415803] platform fea80000.csi2: Fixed dependency cycle(s) with /soc/video@e6ef3000/ports/port@1/endpoint@0
[    0.415927] platform fea80000.csi2: Fixed dependency cycle(s) with /soc/video@e6ef2000/ports/port@1/endpoint@0
[    0.416050] platform fea80000.csi2: Fixed dependency cycle(s) with /soc/video@e6ef1000/ports/port@1/endpoint@0
[    0.416173] platform fea80000.csi2: Fixed dependency cycle(s) with /soc/video@e6ef0000/ports/port@1/endpoint@0
[    0.417681] platform feaa0000.csi2: Fixed dependency cycle(s) with /soc/video@e6ef3000/ports/port@1/endpoint@2
[    0.417888] platform feaa0000.csi2: Fixed dependency cycle(s) with /soc/video@e6ef2000/ports/port@1/endpoint@2
[    0.418090] platform feaa0000.csi2: Fixed dependency cycle(s) with /soc/video@e6ef1000/ports/port@1/endpoint@2
[    0.418291] platform feaa0000.csi2: Fixed dependency cycle(s) with /soc/video@e6ef0000/ports/port@1/endpoint@2
[    0.419710] platform fead0000.hdmi: Fixed dependency cycle(s) with /soc/sound@ec500000/ports/port@1/endpoint
[    0.421217] platform feae0000.hdmi: Fixed dependency cycle(s) with /soc/sound@ec500000/ports/port@2/endpoint
[    0.422930] platform feb00000.display: Fixed dependency cycle(s) with /soc/hdmi@feae0000/ports/port@0/endpoint
[    0.423095] platform feb00000.display: Fixed dependency cycle(s) with /soc/hdmi@fead0000/ports/port@0/endpoint
[    0.429479] platform hdmi0-out: Fixed dependency cycle(s) with /soc/hdmi@fead0000/ports/port@1/endpoint
[    0.430535] platform hdmi1-out: Fixed dependency cycle(s) with /soc/hdmi@feae0000/ports/port@1/endpoint
[    0.444762] platform vga-encoder: Fixed dependency cycle(s) with /vga/port/endpoint
[    0.444982] platform vga-encoder: Fixed dependency cycle(s) with /soc/display@feb00000/ports/port@0/endpoint
[    0.448958] Modules: 15648 pages in range for non-PLT usage
[    0.448969] Modules: 507168 pages in range for PLT usage
[    0.452306] HugeTLB: registered 1.00 GiB page size, pre-allocated 0 pages
[    0.452402] HugeTLB: 0 KiB vmemmap can be freed for a 1.00 GiB page
[    0.452451] HugeTLB: registered 32.0 MiB page size, pre-allocated 0 pages
[    0.452501] HugeTLB: 0 KiB vmemmap can be freed for a 32.0 MiB page
[    0.452549] HugeTLB: registered 2.00 MiB page size, pre-allocated 0 pages
[    0.452597] HugeTLB: 0 KiB vmemmap can be freed for a 2.00 MiB page
[    0.452644] HugeTLB: registered 64.0 KiB page size, pre-allocated 0 pages
[    0.452693] HugeTLB: 0 KiB vmemmap can be freed for a 64.0 KiB page
[    0.461353] ACPI: Interpreter disabled.
[    0.484952] iommu: Default domain type: Translated
[    0.485016] iommu: DMA domain TLB invalidation policy: strict mode
[    0.487906] SCSI subsystem initialized
[    0.489869] usbcore: registered new interface driver usbfs
[    0.490088] usbcore: registered new interface driver hub
[    0.490375] usbcore: registered new device driver usb
[    0.498096] i2c-sh_mobile e60b0000.i2c: I2C adapter 7, bus speed 400000 Hz
[    0.500185] mc: Linux media interface: v0.10
[    0.500472] videodev: Linux video capture interface: v2.00
[    0.500906] pps_core: LinuxPPS API ver. 1 registered
[    0.500949] pps_core: Software ver. 5.3.6 - Copyright 2005-2007 Rodolfo Giometti <giometti@linux.it>
[    0.501080] PTP clock support registered
[    0.502153] EDAC MC: Ver: 3.0.0
[    0.505023] scmi_core: SCMI protocol bus registered
[    0.510178] FPGA manager framework
[    0.511036] Advanced Linux Sound Architecture Driver Initialized.
[    0.515796] vgaarb: loaded
[    0.518633] clocksource: Switched to clocksource arch_sys_counter
[    0.521913] VFS: Disk quotas dquot_6.6.0
[    0.522349] VFS: Dquot-cache hash table entries: 512 (order 0, 4096 bytes)
[    0.523969] pnp: PnP ACPI: disabled
[    0.557232] NET: Registered PF_INET protocol family
[    0.557844] IP idents hash table entries: 131072 (order: 8, 1048576 bytes, linear)
[    0.563079] tcp_listen_portaddr_hash hash table entries: 4096 (order: 6, 294912 bytes, linear)
[    0.563666] Table-perturb hash table entries: 65536 (order: 6, 262144 bytes, linear)
[    0.563766] TCP established hash table entries: 65536 (order: 7, 524288 bytes, linear)
[    0.564296] TCP bind hash table entries: 65536 (order: 11, 9437184 bytes, vmalloc hugepage)
[    0.579801] TCP: Hash tables configured (established 65536 bind 65536)
[    0.580489] UDP hash table entries: 4096 (order: 7, 655360 bytes, linear)
[    0.581756] UDP-Lite hash table entries: 4096 (order: 7, 655360 bytes, linear)
[    0.583566] NET: Registered PF_UNIX/PF_LOCAL protocol family
[    0.585873] RPC: Registered named UNIX socket transport module.
[    0.585950] RPC: Registered udp transport module.
[    0.585990] RPC: Registered tcp transport module.
[    0.586030] RPC: Registered tcp-with-tls transport module.
[    0.586072] RPC: Registered tcp NFSv4.1 backchannel transport module.
[    0.586142] PCI: CLS 0 bytes, default 64
[    0.591798] kvm [1]: IPA Size Limit: 40 bits
[    0.600381] kvm [1]: vgic interrupt IRQ9
[    0.600496] kvm [1]: Hyp mode initialized successfully
[    0.608406] Initialise system trusted keyrings
[    0.609108] workingset: timestamp_bits=42 max_order=21 bucket_order=0
[    0.611714] squashfs: version 4.0 (2009/01/31) Phillip Lougher
[    0.613226] NFS: Registering the id_resolver key type
[    0.613352] Key type id_resolver registered
[    0.613409] Key type id_legacy registered
[    0.613581] nfs4filelayout_init: NFSv4 File Layout Driver Registering...
[    0.613655] nfs4flexfilelayout_init: NFSv4 Flexfile Layout Driver Registering...
[    0.614353] 9p: Installing v9fs 9p2000 file system support
[    0.644269] Key type asymmetric registered
[    0.644349] Asymmetric key parser 'x509' registered
[    0.644657] Block layer SCSI generic (bsg) driver version 0.4 loaded (major 242)
[    0.644742] io scheduler mq-deadline registered
[    0.644785] io scheduler kyber registered
[    0.645112] io scheduler bfq registered
[    0.720808] gpio_rcar e6050000.gpio: driving 16 GPIOs
[    0.722425] gpio_rcar e6051000.gpio: driving 29 GPIOs
[    0.723959] gpio_rcar e6052000.gpio: driving 15 GPIOs
[    0.725476] gpio_rcar e6053000.gpio: driving 16 GPIOs
[    0.726980] gpio_rcar e6054000.gpio: driving 18 GPIOs
[    0.728463] gpio_rcar e6055000.gpio: driving 26 GPIOs
[    0.729882] gpio_rcar e6055400.gpio: driving 32 GPIOs
[    0.731379] gpio_rcar e6055800.gpio: driving 4 GPIOs
[    0.745246] rcar-pcie fe000000.pcie: host bridge /soc/pcie@fe000000 ranges:
[    0.745407] rcar-pcie fe000000.pcie:       IO 0x00fe100000..0x00fe1fffff -> 0x0000000000
[    0.745586] rcar-pcie fe000000.pcie:      MEM 0x00fe200000..0x00fe3fffff -> 0x00fe200000
[    0.745712] rcar-pcie fe000000.pcie:      MEM 0x0030000000..0x0037ffffff -> 0x0030000000
[    0.745812] rcar-pcie fe000000.pcie:      MEM 0x0038000000..0x003fffffff -> 0x0038000000
[    0.745924] rcar-pcie fe000000.pcie:   IB MEM 0x0000000000..0x00ffffffff -> 0x0000000000
[    0.798795] rcar-pcie fe000000.pcie: PCIe link down
[    0.799847] rcar-pcie ee800000.pcie: host bridge /soc/pcie@ee800000 ranges:
[    0.799988] rcar-pcie ee800000.pcie:       IO 0x00ee900000..0x00ee9fffff -> 0x0000000000
[    0.800140] rcar-pcie ee800000.pcie:      MEM 0x00eea00000..0x00eebfffff -> 0x00eea00000
[    0.800265] rcar-pcie ee800000.pcie:      MEM 0x00c0000000..0x00c7ffffff -> 0x00c0000000
[    0.800370] rcar-pcie ee800000.pcie:      MEM 0x00c8000000..0x00cfffffff -> 0x00c8000000
[    0.800489] rcar-pcie ee800000.pcie:   IB MEM 0x0000000000..0x00ffffffff -> 0x0000000000
[    0.853486] rcar-pcie ee800000.pcie: PCIe link down
[    0.867539] EINJ: ACPI disabled.
[    1.085645] Serial: 8250/16550 driver, 2 ports, IRQ sharing enabled
[    1.101227] msm_serial: driver initialized
[    1.103079] SuperH (H)SCI(F) driver initialized
[    1.106112] e6550000.serial: ttySC1 at MMIO 0xe6550000 (irq = 76, base_baud = 0) is a hscif
[    1.110392] e6e88000.serial: ttySC0 at MMIO 0xe6e88000 (irq = 77, base_baud = 0) is a scif
[    1.110829] printk: legacy console [ttySC0] enabled
[    2.717857] STM32 USART driver initialized
[    2.785292] loop: module loaded
[    2.789230] at24 7-0050: supply vcc not found, using dummy regulator
[    2.797481] at24 7-0050: 128 byte br24t01 EEPROM, writable, 8 bytes/write
[    2.810516] megasas: 07.727.03.00-rc1
[    2.824858] SPI driver spidev has no spi_device_id for maker,slavedev
[    2.841652] spi_sh_msiof e6c10000.spi: DMA available
[    2.868745] tun: Universal TUN/TAP device driver, 1.6
[    2.878744] thunder_xcv, ver 1.0
[    2.882147] thunder_bgx, ver 1.0
[    2.885557] nicpf, ver 1.0
[    2.894597] hns3: Hisilicon Ethernet Network Driver for Hip08 Family - version
[    2.901893] hns3: Copyright (c) 2017 Huawei Corporation.
[    2.907507] hclge is initializing
[    2.911121] e1000: Intel(R) PRO/1000 Network Driver
[    2.916054] e1000: Copyright (c) 1999-2006 Intel Corporation.
[    2.922010] e1000e: Intel(R) PRO/1000 Network Driver
[    2.927027] e1000e: Copyright(c) 1999 - 2015 Intel Corporation.
[    2.933136] igb: Intel(R) Gigabit Ethernet Network Driver
[    2.938590] igb: Copyright (c) 2007-2014 Intel Corporation.
[    2.944349] igbvf: Intel(R) Gigabit Virtual Function Network Driver
[    2.950676] igbvf: Copyright (c) 2009 - 2012 Intel Corporation.
[    2.958350] sky2: driver version 1.30
[    2.969603] VFIO - User Level meta-driver version: 0.3
[    2.986440] ehci-platform ee0c0100.usb: EHCI Host Controller
[    2.986547] ehci-platform ee0a0100.usb: EHCI Host Controller
[    2.988614] ohci-platform ee0c0000.usb: Generic Platform OHCI controller
[    2.989125] ohci-platform ee0a0000.usb: Generic Platform OHCI controller
[    2.989194] ohci-platform ee0c0000.usb: new USB bus registered, assigned bus number 1
[    2.989240] ohci-platform ee0a0000.usb: new USB bus registered, assigned bus number 2
[    2.990117] ohci-platform ee0c0000.usb: irq 79, io mem 0xee0c0000
[    2.990251] ohci-platform ee0a0000.usb: irq 80, io mem 0xee0a0000
[    2.990971] xhci-renesas-hcd ee000000.usb: xHCI Host Controller
[    2.991120] xhci-renesas-hcd ee000000.usb: new USB bus registered, assigned bus number 3
[    2.991633] xhci-renesas-hcd ee000000.usb: Direct firmware load for r8a779x_usb3_v3.dlmem failed with error -2
[    2.991716] xhci-renesas-hcd ee000000.usb: can't setup: -2
[    2.991738] xhci-renesas-hcd ee000000.usb: USB bus 3 deregistered
[    2.991900] xhci-renesas-hcd: probe of ee000000.usb failed with error -2
[    2.992230] ehci-platform ee0c0100.usb: new USB bus registered, assigned bus number 3
[    2.993752] usbcore: registered new interface driver usb-storage
[    2.997908] ehci-platform ee0a0100.usb: new USB bus registered, assigned bus number 4
[    3.001648] renesas_usbhs e659c000.usb: host probed
[    3.001705] renesas_usbhs e659c000.usb: no transceiver found
[    3.002665] renesas_usbhs e659c000.usb: gadget probed
[    3.003000] renesas_usbhs e659c000.usb: probed
[    3.005257] ehci-platform ee0c0100.usb: irq 79, io mem 0xee0c0100
[    3.007521] renesas_usb3 ee020000.usb: probed with phy
[    3.011604] ehci-platform ee0a0100.usb: irq 80, io mem 0xee0a0100
[    3.014819] ohci-platform ee0e0000.usb: Generic Platform OHCI controller
[    3.014933] ohci-platform ee0e0000.usb: new USB bus registered, assigned bus number 5
[    3.015443] ohci-platform ee0e0000.usb: irq 15, io mem 0xee0e0000
[    3.016951] i2c_dev: i2c /dev entries driver
[    3.018810] ehci-platform ee0e0100.usb: EHCI Host Controller
[    3.018876] ehci-platform ee0e0100.usb: new USB bus registered, assigned bus number 6
[    3.019163] ehci-platform ee0e0100.usb: irq 15, io mem 0xee0e0100
[    3.029342] i2c 2-0010: Fixed dependency cycle(s) with /soc/sound@ec500000/ports/port@0/endpoint
[    3.038731] ehci-platform ee0c0100.usb: USB 2.0 started, EHCI 1.10
[    3.039354] i2c 2-0010: Fixed dependency cycle(s) with /soc/sound@ec500000
[    3.058664] ehci-platform ee0a0100.usb: USB 2.0 started, EHCI 1.10
[    3.064990] hub 3-0:1.0: USB hub found
[    3.065571] cs2000-cp 2-004f: operating in static mode
[    3.074507] cs2000-cp 2-004f: revision - C1
[    3.074654] ehci-platform ee0e0100.usb: USB 2.0 started, EHCI 1.10
[    3.075228] hub 3-0:1.0: 1 port detected
[    3.082000] i2c-rcar e6510000.i2c: probed
[    3.094493] hub 6-0:1.0: USB hub found
[    3.099309] pca953x 4-0020: supply vcc not found, using dummy regulator
[    3.103792] hub 6-0:1.0: 1 port detected
[    3.109507] pca953x 4-0020: using no AI
[    3.118367] hub 4-0:1.0: USB hub found
[    3.122420] i2c 4-0070: Fixed dependency cycle(s) with /soc/csi2@fea80000/ports/port@0/endpoint
[    3.123942] hub 4-0:1.0: 1 port detected
[    3.130286] i2c 4-0070: Fixed dependency cycle(s) with /soc/csi2@feaa0000/ports/port@0/endpoint
[    3.286336] i2c 4-0070: Fixed dependency cycle(s) with /hdmi-in/port/endpoint
[    3.293598] i2c 4-0070: Fixed dependency cycle(s) with /cvbs-in/port/endpoint
[    3.301867] hub 1-0:1.0: USB hub found
[    3.305812] hub 1-0:1.0: 1 port detected
[    3.313067] i2c-rcar e66d8000.i2c: probed
[    3.315823] hub 2-0:1.0: USB hub found
[    3.321032] adv748x 4-0070: Endpoint /soc/i2c@e66d8000/video-receiver@70/ports/port@7/endpoint on port 7
[    3.321286] hub 2-0:1.0: 1 port detected
[    3.330644] adv748x 4-0070: Endpoint /soc/i2c@e66d8000/video-receiver@70/ports/port@8/endpoint on port 8
[    3.341413] hub 5-0:1.0: USB hub found
[    3.344079] adv748x 4-0070: Endpoint /soc/i2c@e66d8000/video-receiver@70/ports/port@a/endpoint on port 10
[    3.348075] hub 5-0:1.0: 1 port detected
[    3.357457] adv748x 4-0070: Endpoint /soc/i2c@e66d8000/video-receiver@70/ports/port@b/endpoint on port 11
[    3.372021] adv748x 4-0070: chip found @ 0xe0 revision 2143
[    3.429834] rcar-csi2 fea80000.csi2: 1 lanes found
[    3.438964] rcar-csi2 feaa0000.csi2: 4 lanes found
[    3.465010] rcar-vin e6ef0000.video: Device registered as video0
[    3.472048] rcar-vin e6ef1000.video: Device registered as video1
[    3.478800] rcar-vin e6ef2000.video: Device registered as video2
[    3.485435] rcar-vin e6ef3000.video: Device registered as video3
[    3.492064] rcar-vin e6ef4000.video: Device registered as video4
[    3.498687] rcar-vin e6ef5000.video: Device registered as video5
[    3.505320] rcar-vin e6ef6000.video: Device registered as video6
[    3.511955] rcar-vin e6ef7000.video: Device registered as video7
[    3.542662] rcar_gen3_thermal e6198000.thermal: No calibration values fused, fallback to driver values
[    3.557666] rcar_gen3_thermal e6198000.thermal: Sensor 0: Loaded 1 trip points
[    3.569623] rcar_gen3_thermal e6198000.thermal: Sensor 1: Loaded 1 trip points
[    3.581649] rcar_gen3_thermal e6198000.thermal: Sensor 2: Loaded 2 trip points
[    3.616714] sdhci: Secure Digital Host Controller Interface driver
[    3.622986] sdhci: Copyright(c) Pierre Ossman
[    3.630934] Synopsys Designware Multimedia Card Interface Driver
[    3.641758] sdhci-pltfm: SDHCI platform and OF driver helper
[    3.657676] ledtrig-cpu: registered to indicate activity on CPUs
[    3.667981] SMCCC: SOC_ID: ARCH_SOC_ID not implemented, skipping ....
[    3.676744] ccree e6601000.crypto: ARM CryptoCell 630P Driver: HW version 0xAF400001/0xDCC63000, Driver version 5.0
[    3.688579] ccree e6601000.crypto: ARM ccree device initialized
[    3.699537] usbcore: registered new interface driver usbhid
[    3.705219] usbhid: USB HID core driver
[    3.746379] hw perfevents: enabled with armv8_cortex_a53 PMU driver, 7 counters available
[    3.759459] hw perfevents: enabled with armv8_cortex_a57 PMU driver, 7 counters available
[    3.776869] optee: probing for conduit method.
[    3.781394] optee: revision 3.17 (f9e55014)
[    3.782920] optee: dynamic shared memory is enabled
[    3.793091] optee: initialized driver
[    3.798715] usb 2-1: new low-speed USB device number 2 using ohci-platform
[    3.843767] NET: Registered PF_PACKET protocol family
[    3.848922] can: controller area network core
[    3.853722] NET: Registered PF_CAN protocol family
[    3.859003] 9pnet: Installing 9P2000 support
[    3.863553] Key type dns_resolver registered
[    3.941162] registered taskstats version 1
[    3.948013] Loading compiled-in X.509 certificates
[    4.015360] kmemleak: Kernel memory leak detector initialized (mem pool available: 15397)
[    4.015373] kmemleak: Automatic memory scanning thread started
[    4.058993] input: USB Optical Mouse as /devices/platform/soc/ee0a0000.usb/usb2/2-1/2-1:1.0/0003:04B3:310C.0001/input/input0
[    4.071949] hid-generic 0003:04B3:310C.0001: input: USB HID v1.11 Mouse [USB Optical Mouse] on usb-ee0a0000.usb-1/input0
[    4.123906] renesas_irqc e61c0000.interrupt-controller: driving 6 irqs
[    4.178283] rcar-dw-hdmi fead0000.hdmi: Detected HDMI TX controller v2.01a with HDCP (DWC HDMI 2.0 TX PHY)
[    4.191297] rcar-dw-hdmi fead0000.hdmi: registered DesignWare HDMI I2C bus driver
[    4.213552] rcar-dw-hdmi feae0000.hdmi: Detected HDMI TX controller v2.01a with HDCP (DWC HDMI 2.0 TX PHY)
[    4.225628] rcar-dw-hdmi feae0000.hdmi: registered DesignWare HDMI I2C bus driver
[    4.277415] renesas_usbhs e6590000.usb: host probed
[    4.282444] renesas_usbhs e6590000.usb: no transceiver found
[    4.289127] renesas_usbhs e6590000.usb: gadget probed
[    4.294775] renesas_usbhs e6590000.usb: probed
[    4.298747] ehci-platform ee080100.usb: EHCI Host Controller
[    4.305274] ehci-platform ee080100.usb: new USB bus registered, assigned bus number 7
[    4.306697] ohci-platform ee080000.usb: Generic Platform OHCI controller
[    4.313533] ehci-platform ee080100.usb: irq 143, io mem 0xee080100
[    4.320052] ohci-platform ee080000.usb: new USB bus registered, assigned bus number 8
[    4.334518] ohci-platform ee080000.usb: irq 143, io mem 0xee080000
[    4.342659] ehci-platform ee080100.usb: USB 2.0 started, EHCI 1.10
[    4.352181] hub 7-0:1.0: USB hub found
[    4.356130] hub 7-0:1.0: 1 port detected
[    4.372980] cpufreq: cpufreq_online: CPU0: Running at unlisted initial frequency: 1497600 KHz, changing to: 1500000 KHz
[    4.385517] cpu cpu0: EM: created perf domain
[    4.397316] cpufreq: cpufreq_online: CPU4: Running at unlisted initial frequency: 1198080 KHz, changing to: 1200000 KHz
[    4.409071] cpu cpu4: EM: created perf domain
[    4.431721] hub 8-0:1.0: USB hub found
[    4.435684] hub 8-0:1.0: 1 port detected
[    4.711899] input: keys as /devices/platform/keys/input/input1
[    4.837482] Trying to probe devices needed for running init ...
[   14.829991] rcar-dmac ec700000.dma-controller: deferred probe timeout, ignoring dependency
[   14.861027] rcar-dmac ec720000.dma-controller: deferred probe timeout, ignoring dependency
[   14.901172] sata_rcar ee300000.sata: deferred probe timeout, ignoring dependency
[   14.913848] scsi host0: sata_rcar
[   14.918745] ata1: SATA max UDMA/133 irq 187 lpm-pol 0
[   14.928910] ravb e6800000.ethernet: deferred probe timeout, ignoring dependency
[   14.952064] ravb e6800000.ethernet eth0: Base address at 0xe6800000, 2e:09:0a:03:84:e0, IRQ 188.
[   14.991113] rcar-fcp fe950000.fcp: deferred probe timeout, ignoring dependency
[   15.001662] rcar-fcp fe951000.fcp: deferred probe timeout, ignoring dependency
[   15.011979] rcar-fcp fe96f000.fcp: deferred probe timeout, ignoring dependency
[   15.022185] rcar-fcp fe92f000.fcp: deferred probe timeout, ignoring dependency
[   15.032346] rcar-fcp fe9af000.fcp: deferred probe timeout, ignoring dependency
[   15.042544] rcar-fcp fe9bf000.fcp: deferred probe timeout, ignoring dependency
[   15.052787] rcar-fcp fea27000.fcp: deferred probe timeout, ignoring dependency
[   15.062802] rcar-fcp fea2f000.fcp: deferred probe timeout, ignoring dependency
[   15.072942] rcar-fcp fea37000.fcp: deferred probe timeout, ignoring dependency
[   15.084639] rcar_fdp1 fe940000.fdp1: Device registered as /dev/video8
[   15.095457] rcar_fdp1 fe944000.fdp1: Device registered as /dev/video9
[   15.109547] renesas_sdhi_internal_dmac ee100000.mmc: deferred probe timeout, ignoring dependency
[   15.112932] renesas_sdhi_internal_dmac ee160000.mmc: deferred probe timeout, ignoring dependency
[   15.116486] renesas_sdhi_internal_dmac ee140000.mmc: deferred probe timeout, ignoring dependency
[   15.119473] renesas_sdhi_internal_dmac ee100000.mmc: Got CD GPIO
[   15.128148] renesas_sdhi_internal_dmac ee160000.mmc: Got CD GPIO
[   15.136124] renesas_sdhi_internal_dmac ee100000.mmc: Got WP GPIO
[   15.136879] rcar_sound ec500000.sound: probed
[   15.142177] renesas_sdhi_internal_dmac ee160000.mmc: Got WP GPIO
[   15.167554] renesas_sdhi_internal_dmac ee140000.mmc: mmc0 base at 0x00000000ee140000, max clock rate 200 MHz
[   15.200143] renesas_sdhi_internal_dmac ee100000.mmc: mmc1 base at 0x00000000ee100000, max clock rate 200 MHz
[   15.224174] renesas_sdhi_internal_dmac ee160000.mmc: mmc2 base at 0x00000000ee160000, max clock rate 200 MHz
[   15.245148] mmc0: new HS400 MMC card at address 0001
[   15.254789] mmcblk0: mmc0:0001 BGSD3R 29.1 GiB
[   15.268894]  mmcblk0: p1 p2
[   15.275022] mmcblk0boot0: mmc0:0001 BGSD3R 16.0 MiB
[   15.281445] hdmi-audio-codec hdmi-audio-codec.4.auto: ASoC: sink widget TX overwritten
[   15.286927] mmcblk0boot1: mmc0:0001 BGSD3R 16.0 MiB
[   15.289563] hdmi-audio-codec hdmi-audio-codec.4.auto: ASoC: sink widget Capture overwritten
[   15.300269] mmcblk0rpmb: mmc0:0001 BGSD3R 4.00 MiB, chardev (509:0)
[   15.302667] hdmi-audio-codec hdmi-audio-codec.4.auto: ASoC: source widget RX overwritten
[   15.342684] ata1: link resume succeeded after 1 retries
[   15.347975] [drm] Initialized rcar-du 1.0.0 20130110 for feb00000.display on minor 0
[   15.347991] rcar-du feb00000.display: [drm] Device feb00000.display probed
[   15.407750] Console: switching to colour frame buffer device 128x48
[   15.433590] rcar-du feb00000.display: [drm] fb0: rcar-dudrmfb frame buffer device
[   15.468807] ata1: SATA link down (SStatus 0 SControl 300)
[   15.562090] Micrel KSZ9031 Gigabit PHY e6800000.ethernet-ffffffff:00: attached PHY driver (mii_bus:phy_addr=e6800000.ethernet-ffffffff:00, irq=194)
[   23.879902] ravb e6800000.ethernet eth0: Link is Up - 1Gbps/Full - flow control off
[   23.902662] IP-Config: Guessing netmask 255.255.255.0
[   23.907915] IP-Config: Complete:
[   23.911281]      device=eth0, hwaddr=2e:09:0a:03:84:e0, ipaddr=192.168.10.132, mask=255.255.255.0, gw=255.255.255.255
[   23.922088]      host=192.168.10.132, domain=, nis-domain=(none)
[   23.928383]      bootserver=255.255.255.255, rootserver=192.168.10.98, rootpath=
[   23.931411] clk: Disabling unused clocks
[   23.943795] ALSA device list:
[   23.946896]   #0: rcar-sound
[   25.023241] VFS: Mounted root (nfs4 filesystem) on device 0:24.
[   25.030399] devtmpfs: mounted
[   25.079680] Freeing unused kernel memory: 13440K
[   25.094899] Run /sbin/init as init process
[   25.466259] systemd[1]: System time before build time, advancing clock.
[   25.633235] systemd[1]: systemd 234 running in system mode. (+PAM -AUDIT -SELINUX +IMA -APPARMOR +SMACK +SYSVINIT +UTMP -LIBCRYPTSETUP -GCRYPT -GNUTLS +ACL +XZ -LZ4 -SECCOMP +BLKID -ELFUTILS +KMOD -IDN2 -IDN default-hierarchy=hybrid)
[   25.659889] systemd[1]: Detected architecture arm64.

Welcome to [1mPoky (Yocto Project Reference Distro) 2.4.1 (rocko)[0m!

[   25.698126] systemd[1]: Set hostname to <salvator-x>.
[   29.631343] random: crng init done
[   29.647614] systemd[1]: Created slice System Slice.
[[0;32m  OK  [0m] Created slice System Slice.
[   29.671462] systemd[1]: Listening on udev Kernel Socket.
[[0;32m  OK  [0m] Listening on udev Kernel Socket.
[   29.699608] systemd[1]: Listening on Network Service Netlink Socket.
[[0;32m  OK  [0m] Listening on Network Service Netlink Socket.
[   29.726951] systemd[1]: Reached target Swap.
[[0;32m  OK  [0m] Reached target Swap.
[   29.780631] systemd[1]: Mounting Temporary Directory (/tmp)...
         Mounting Temporary Directory (/tmp)...
[   29.805419] systemd[1]: Listening on Journal Socket (/dev/log).
[[0;32m  OK  [0m] Listening on Journal Socket (/dev/log).
[   29.831789] systemd[1]: Created slice User and Session Slice.
[[0;32m  OK  [0m] Created slice User and Session Slice.
[[0;32m  OK  [0m] Listening on udev Control Socket.
[[0;32m  OK  [0m] Started Dispatch Password Requests to Console Directory Watch.
[[0;32m  OK  [0m] Started Forward Password Requests to Wall Directory Watch.
[[0;32m  OK  [0m] Reached target Paths.
[[0;32m  OK  [0m] Created slice system-getty.slice.
[[0;32m  OK  [0m] Reached target Slices.
         Mounting Kernel Debug File System...
[[0;32m  OK  [0m] Created slice system-serial\x2dgetty.slice.
[[0;32m  OK  [0m] Listening on /dev/initctl Compatibility Named Pipe.
[[0;32m  OK  [0m] Listening on Journal Socket.
         Starting Create list of required stâ€¦ce nodes for the current kernel...
         Starting Remount Root and Kernel File Systems...
[[0;32m  OK  [0m] Listening on Journal Audit Socket.
         Starting Journal Service...
         Starting Apply Kernel Variables...
         Mounting Kernel Configuration File System...
         Mounting Huge Pages File System...
[[0;32m  OK  [0m] Reached target Remote File Systems.
         Mounting POSIX Message Queue File System...
[[0;32m  OK  [0m] Mounted Kernel Debug File System.
[[0;32m  OK  [0m] Mounted Kernel Configuration File System.
[[0;32m  OK  [0m] Mounted POSIX Message Queue File System.
[[0;32m  OK  [0m] Mounted Huge Pages File System.
[[0;32m  OK  [0m] Mounted Temporary Directory (/tmp).
[[0;32m  OK  [0m] Started Create list of required staâ€¦vice nodes for the current kernel.
[[0;32m  OK  [0m] Started Remount Root and Kernel File Systems.
[[0;32m  OK  [0m] Started Apply Kernel Variables.
         Starting udev Coldplug all Devices...
[   30.640840] systemd[1]: Starting Create Static Device Nodes in /dev...
         Starting Create Static Device Nodes in /dev...
[   30.697719] systemd[1]: Started Journal Service.
[[0;32m  OK  [0m] Started Journal Service.
         Starting Flush Journal to Persistent Storage...
[[0;32m  OK  [0m] Started Create Static Device Nodes in /dev.
         Starting udev Kernel Device Manager...
[[0;32m  OK  [0m] Reached target Local File Systems (Pre).
         Mounting /var/volatile...
[[0;32m  OK  [0m] Mounted /var/volatile.
[[0;32m  OK  [0m] Reached target Local File Systems.
         Starting Load/Save Random Seed...
[[0;32m  OK  [0m] Started udev Kernel Device Manager.
[   31.110465] systemd-journald[271]: Received request to flush runtime journal from PID 1
[[0;32m  OK  [0m] Started Flush Journal to Persistent Storage.
[[0;32m  OK  [0m] Started Load/Save Random Seed.
         Starting Create Volatile Files and Directories...
[[0;32m  OK  [0m] Started Create Volatile Files and Directories.
         Starting Update UTMP about System Boot/Shutdown...
[[0;32m  OK  [0m] Started Update UTMP about System Boot/Shutdown.
[[0;32m  OK  [0m] Started udev Coldplug all Devices.
[[0;32m  OK  [0m] Found device /dev/ttySC0.
[[0;32m  OK  [0m] Created slice system-systemd\x2dbacklight.slice.
         Starting Load/Save Screen Backlightâ€¦ightness of backlight:backlight...
[[0;32m  OK  [0m] Started Load/Save Screen Backlight Brightness of backlight:backlight.
[   34.693176] rcar_sound ec500000.sound: Can't update kctrl when idle
[[0;32m  OK  [0m] Reached target Sound Card.
[[0;32m  OK  [0m] Reached target System Initialization.
[[0;32m  OK  [0m] Listening on RPCbind Server Activation Socket.
[[0;32m  OK  [0m] Started dnf makecache timer.
         Starting Network Service...
         Starting sshd.socket.
[[0;32m  OK  [0m] Started Daily rotation of log files.
         Starting Console System Startup Logging...
[[0;32m  OK  [0m] Listening on Avahi mDNS/DNS-SD Stack Activation Socket.
[[0;32m  OK  [0m] Started dnf-automatic-install timer.
[[0;32m  OK  [0m] Listening on D-Bus System Message Bus Socket.
[[0;32m  OK  [0m] Started dnf-automatic-notifyonly timer.
[[0;32m  OK  [0m] Started dnf-automatic-download timer.
[[0;32m  OK  [0m] Started Daily Cleanup of Temporary Directories.
[[0;32m  OK  [0m] Reached target Timers.
[[0;32m  OK  [0m] Started Network Service.
[[0;32m  OK  [0m] Listening on sshd.socket.
[[0;32m  OK  [0m] Started Console System Startup Logging.
[[0;32m  OK  [0m] Reached target Sockets.
[[0;32m  OK  [0m] Reached target Basic System.
         Starting Login Service...
[[0;32m  OK  [0m] Started D-Bus System Message Bus.
[[0;32m  OK  [0m] Started Weston Wayland compositor.
         Starting Avahi mDNS/DNS-SD Stack...
[[0;32m  OK  [0m] Started optee services.
         Starting bind.service...
         Starting Telephony service...
[[0;32m  OK  [0m] Reached target Containers.
[[0;32m  OK  [0m] Started Periodic Command Scheduler.
[[0;32m  OK  [0m] Started Job spooling tools.
         Starting Save/Restore Sound Card State...
[[0;32m  OK  [0m] Reached target Network.
         Starting Permit User Sessions...
[   36.311484] rcar_sound ec500000.sound: Can't update kctrl when idle
         Starting Network Name Resolution...
         Starting Berkeley Internet Name Domain (DNS)...
         Starting Xinetd A Powerful Replacement For Inetd...
[[0;32m  OK  [0m] Started Save/Restore Sound Card State.
[[0;32m  OK  [0m] Started Permit User Sessions.
[[0;32m  OK  [0m] Started Xinetd A Powerful Replacement For Inetd.
[   36.680250] Bluetooth: Core ver 2.22
[   36.688459] NET: Registered PF_BLUETOOTH protocol family
[   36.697985] Bluetooth: HCI device and connection manager initialized
[   36.706684] Bluetooth: HCI socket layer initialized
[   36.714747] Bluetooth: L2CAP socket layer initialized
[   36.723753] Bluetooth: SCO socket layer initialized
[[0;32m  OK  [0m] Started Network Name Resolution.
[[0;32m  OK  [0m] Started Avahi mDNS/DNS-SD Stack.
[[0;32m  OK  [0m] Started Telephony service.
[[0;32m  OK  [0m] Started Login Service.
[[0;32m  OK  [0m] Listening on Load/Save RF Kill Switch Status /dev/rfkill Watch.
[[0;32m  OK  [0m] Started Getty on tty1.
[[0;32m  OK  [0m] Started Serial Getty on ttySC0.
[[0;32m  OK  [0m] Reached target Login Prompts.
[[0;1;31mFAILED[0m] Failed to start Berkeley Internet Name Domain (DNS).
See 'systemctl status named.service' for details.
[[0;32m  OK  [0m] Started bind.service.
[[0;32m  OK  [0m] Created slice User Slice of root.
[[0;32m  OK  [0m] Reached target Host and Network Name Lookups.
[[0;32m  OK  [0m] Reached target Multi-User System.
         Starting Update UTMP about System Runlevel Changes...
[[0;32m  OK  [0m] Started Session c1 of user root.
         Starting User Manager for UID 0...
[[0;32m  OK  [[   37.539094] audit: type=1006 audit(1516156425.072:2): pid=496 uid=0 old-auid=4294967295 auid=0 tty=(none) old-ses=4294967295 ses=1 res=1
0m] Started Update UTMP about System Runlevel Changes.
[   37.562540] audit: type=1300 audit(1516156425.072:2): arch=c00000b7 syscall=64 success=yes exit=1 a0=8 a1=fffff86b1758 a2=1 a3=0 items=0 ppid=1 pid=496 auid=0 uid=0 gid=0 euid=0 suid=0 fsuid=0 egid=0 sgid=0 fsgid=0 tty=(none) ses=1 comm="(systemd)" exe="/lib/systemd/systemd" key=(null)
[   37.599095] audit: type=1327 audit(1516156425.072:2): proctitle="(systemd)"
[[0;32m  OK  [0m] Started User Manager for UID 0.

Poky (Yocto Project Reference Distro) 2.4.1 salvator-x ttySC0

salvator-x login: 
Poky (Yocto Project Reference Distro) 2.4.1 salvator-x ttySC0

salvator-x login: root
Last login: Wed Jan 17 02:33:43 UTC 2018 on tty2
7[r[999;999H[6n8root@salvator-x:~# 
root@salvator-x:~# 
root@salvator-x:~# 
root@salvator-x:~# 
root@salvator-x:~# 
root@salvator-x:~# 
root@salvator-x:~# 
root@salvator-x:~# 
root@salvator-x:~# 