NOTICE:  BL2: R-Car Gen3 Initial Program Loader(CA57) Rev.4.0.0
NOTICE:  BL2: PRR is R-Car M3 Ver.1.1 / Ver.1.2
NOTICE:  BL2: Board is Salvator-XS Rev.1.0
NOTICE:  BL2: Boot device is HyperFlash(160MHz)
NOTICE:  BL2: LCM state is CM
NOTICE:  AVS setting succeeded. DVFS_SetVID=0x53
NOTICE:  BL2: DDR3200(rev.0.42)
NOTICE:  BL2: [COLD_BOOT]
NOTICE:  BL2: DRAM Split is 2ch
NOTICE:  BL2: QoS is default setting(rev.0.04)
NOTICE:  BL2: DRAM refresh interval 1.95 usec
NOTICE:  BL2: Periodic Write DQ Training
NOTICE:  BL2: CH0: 400000000 - 47fffffff, 2 GiB
NOTICE:  BL2: CH2: 600000000 - 67fffffff, 2 GiB
NOTICE:  BL2: Lossy Decomp areas
NOTICE:       Entry 0: DCMPAREACRAx:0x80000540 DCMPAREACRBx:0x570
NOTICE:       Entry 1: DCMPAREACRAx:0x40000000 DCMPAREACRBx:0x0
NOTICE:       Entry 2: DCMPAREACRAx:0x20000000 DCMPAREACRBx:0x0
NOTICE:  BL2: FDT at 0xe6325f78
NOTICE:  BL2: v2.9(release):9cdb21f75-dirty
NOTICE:  BL2: Built : 09:24:53, Jul 23 2024
NOTICE:  BL2: Normal boot
NOTICE:  BL2: dst=0xe6325800 src=0x8180000 len=512(0x200)
NOTICE:  BL2: dst=0x43f00000 src=0x8180400 len=6144(0x1800)
NOTICE:  rcar_file_len: len: 0x0003e000
NOTICE:  BL2: dst=0x44000000 src=0x81c0000 len=253952(0x3e000)
NOTICE:  rcar_file_len: len: 0x00200000
NOTICE:  BL2: dst=0x44100000 src=0x8200000 len=2097152(0x200000)
NOTICE:  rcar_file_len: len: 0x00100000
NOTICE:  BL2: dst=0x50000000 src=0x8640000 len=1048576(0x100000)
NOTICE:  BL2: Booting BL31


U-Boot 2020.10 (Aug 06 2024 - 13:13:28 +0000)

CPU: Renesas Electronics R8A7796 rev 1.1/rev 1.2
Model: Renesas Salvator-X 2nd version board based on r8a77960
DRAM:  3.9 GiB
RAM Configuration:
Bank #0: 0x048000000 - 0x0bfffffff, 1.9 GiB
Bank #1: 0x600000000 - 0x67fffffff, 2 GiB

MMC:   sd@ee100000: 0, sd@ee140000: 1, sd@ee160000: 2
Loading Environment from MMC... OK
In:    serial@e6e88000
Out:   serial@e6e88000
Err:   serial@e6e88000
Net:   eth0: ethernet@e6800000
Hit any key to stop autoboot:  2  1  0 
ethernet@e6800000 Waiting for PHY auto negotiation to complete............. done
Using ethernet@e6800000 device
TFTP from server 192.168.8.8; our IP address is 192.168.8.59
Filename 'long.trinh-tien/Image_USB3F_memleak_deadlock_2'.
Load address: 0x48080000
Loading: *#################################################################
	 #################################################################
	 #################################################################
	 #################################################################
	 #################################################################
	 #################################################################
	 #################################################################
	 #################################################################
	 #################################################################
	 #################################################################
	 #################################################################
	 #################################################################
	 #################################################################
	 #################################################################
	 #################################################################
	 #################################################################
	 #################################################################
	 #################################################################
	 #################################################################
	 #################################################################
	 #################################################################
	 #################################################################
	 #################################################################
	 #################################################################
	 #################################################################
	 #################################################################
	 #################################################################
	 #################################################################
	 #################################################################
	 #################################################################
	 #################################################################
	 #################################################################
	 #################################################################
	 #################################################################
	 #################################################################
	 #################################################################
	 #################################################################
	 #################################################################
	 #################################################################
	 #################################################################
	 #################################################################
	 #################################################################
	 #################################################################
	 ######################################
	 3 MiB/s
done
Bytes transferred = 41576960 (27a6a00 hex)
Using ethernet@e6800000 device
TFTP from server 192.168.8.8; our IP address is 192.168.8.59
Filename 'long.trinh-tien/M3_full/r8a77960-salvator-xs.dtb'.
Load address: 0x48000000
Loading: *######
	 2.5 MiB/s
done
Bytes transferred = 81461 (13e35 hex)
Moving Image from 0x48080000 to 0x48200000, end=4ba50000
## Flattened Device Tree blob at 48000000
   Booting using the fdt blob at 0x48000000
   Loading Device Tree to 0000000053fe9000, end 0000000053fffe34 ... OK

Starting kernel ...

[    0.000000] Booting Linux on physical CPU 0x0000000000 [0x411fd073]
[    0.000000] Linux version 5.10.218-yocto-standard (long.trinh-tien@banvien) (aarch64-poky-linux-gcc (GCC) 13.2.0, GNU ld (GNU Binutils) 2.42.0.20240216) #4 SMP PREEMPT Fri Jul 26 07:57:09 UTC 2024
[    0.000000] Machine model: Renesas Salvator-X 2nd version board based on r8a77960
[    0.000000] efi: UEFI not found.
[    0.000000] Reserved memory: created CMA memory pool at 0x0000000057000000, size 16 MiB
[    0.000000] OF: reserved mem: initialized node linux,adsp@57000000, compatible id shared-dma-pool
[    0.000000] Reserved memory: created CMA memory pool at 0x0000000058000000, size 384 MiB
[    0.000000] OF: reserved mem: initialized node linux,cma@58000000, compatible id shared-dma-pool
[    0.000000] Reserved memory: created CMA memory pool at 0x0000000070000000, size 256 MiB
[    0.000000] OF: reserved mem: initialized node linux,multimedia@70000000, compatible id shared-dma-pool
[    0.000000] NUMA: No NUMA configuration found
[    0.000000] NUMA: Faking a node at [mem 0x0000000048000000-0x000000067fffffff]
[    0.000000] NUMA: NODE_DATA [mem 0x67f7d7a00-0x67f7d9fff]
[    0.000000] Zone ranges:
[    0.000000]   DMA      [mem 0x0000000048000000-0x00000000ffffffff]
[    0.000000]   DMA32    empty
[    0.000000]   Normal   [mem 0x0000000100000000-0x000000067fffffff]
[    0.000000] Movable zone start for each node
[    0.000000] Early memory node ranges
[    0.000000]   node   0: [mem 0x0000000048000000-0x0000000053ffffff]
[    0.000000]   node   0: [mem 0x0000000054000000-0x0000000056ffffff]
[    0.000000]   node   0: [mem 0x0000000057000000-0x00000000bfffffff]
[    0.000000]   node   0: [mem 0x0000000600000000-0x000000067fffffff]
[    0.000000] Initmem setup node 0 [mem 0x0000000048000000-0x000000067fffffff]
[    0.000000] psci: probing for conduit method from DT.
[    0.000000] psci: PSCIv1.1 detected in firmware.
[    0.000000] psci: Using standard PSCI v0.2 function IDs
[    0.000000] psci: Trusted OS resident on physical CPU 0x0
[    0.000000] psci: SMC Calling Convention v1.2
[    0.000000] percpu: Embedded 33 pages/cpu s96592 r8192 d30384 u135168
[    0.000000] Detected PIPT I-cache on CPU0
[    0.000000] CPU features: detected: EL2 vector hardening
[    0.000000] CPU features: detected: Spectre-v2
[    0.000000] CPU features: detected: ARM errata 1165522, 1319367, or 1530923
[    0.000000] CPU features: detected: Spectre-BHB
[    0.000000] CPU features: detected: ARM erratum 1742098
[    0.000000] Built 1 zonelists, mobility grouping on.  Total pages: 999936
[    0.000000] Policy zone: Normal
[    0.000000] Kernel command line: rw root=/dev/nfs nfsroot=192.168.8.8:/tftpboot/long.trinh-tien/rootfs_wt_yocto,nfsvers=4 ip=192.168.8.120 baudrate=115200
[    0.000000] Dentry cache hash table entries: 524288 (order: 10, 4194304 bytes, linear)
[    0.000000] Inode-cache hash table entries: 262144 (order: 9, 2097152 bytes, linear)
[    0.000000] mem auto-init: stack:all(zero), heap alloc:off, heap free:off
[    0.000000] software IO TLB: mapped [mem 0x00000000bc000000-0x00000000c0000000] (64MB)
[    0.000000] Memory: 3137840K/4063232K available (17920K kernel code, 4186K rwdata, 9156K rodata, 9216K init, 16986K bss, 253648K reserved, 671744K cma-reserved)
[    0.000000] SLUB: HWalign=64, Order=0-3, MinObjects=0, CPUs=6, Nodes=1
[    0.000000] ftrace: allocating 58866 entries in 230 pages
[    0.000000] ftrace: allocated 230 pages with 5 groups
[    0.000000] Running RCU self tests
[    0.000000] rcu: Preemptible hierarchical RCU implementation.
[    0.000000] rcu: 	RCU event tracing is enabled.
[    0.000000] rcu: 	RCU lockdep checking is enabled.
[    0.000000] rcu: 	RCU restricting CPUs from NR_CPUS=256 to nr_cpu_ids=6.
[    0.000000] 	Trampoline variant of Tasks RCU enabled.
[    0.000000] 	Rude variant of Tasks RCU enabled.
[    0.000000] rcu: RCU calculated value of scheduler-enlistment delay is 25 jiffies.
[    0.000000] rcu: Adjusting geometry for rcu_fanout_leaf=16, nr_cpu_ids=6
[    0.000000] NR_IRQS: 64, nr_irqs: 64, preallocated irqs: 0
[    0.000000] arch_timer: cp15 timer(s) running at 8.32MHz (virt).
[    0.000000] clocksource: arch_sys_counter: mask: 0xffffffffffffff max_cycles: 0x1eb398c07, max_idle_ns: 440795202503 ns
[    0.000004] sched_clock: 56 bits at 8MHz, resolution 120ns, wraps every 2199023255503ns
[    0.000466] Console: colour dummy device 80x25
[    0.002463] printk: console [tty0] enabled
[    0.002509] Lock dependency validator: Copyright (c) 2006 Red Hat, Inc., Ingo Molnar
[    0.002555] ... MAX_LOCKDEP_SUBCLASSES:  8
[    0.002584] ... MAX_LOCK_DEPTH:          48
[    0.002613] ... MAX_LOCKDEP_KEYS:        8192
[    0.002643] ... CLASSHASH_SIZE:          4096
[    0.002672] ... MAX_LOCKDEP_ENTRIES:     32768
[    0.002702] ... MAX_LOCKDEP_CHAINS:      65536
[    0.002732] ... CHAINHASH_SIZE:          32768
[    0.002762]  memory used by lock dependency info: 6365 kB
[    0.002797]  memory used for stack traces: 4224 kB
[    0.002828]  per task-struct memory footprint: 1920 bytes
[    0.003061] Calibrating delay loop (skipped), value calculated using timer frequency.. 16.64 BogoMIPS (lpj=33280)
[    0.003134] pid_max: default: 32768 minimum: 301
[    0.003538] LSM: Security Framework initializing
[    0.003926] Mount-cache hash table entries: 8192 (order: 4, 65536 bytes, linear)
[    0.004009] Mountpoint-cache hash table entries: 8192 (order: 4, 65536 bytes, linear)
[    0.010375] rcu: Hierarchical SRCU implementation.
[    0.012877] Detected Renesas R-Car Gen3 r8a7796 ES1.1/ES1.2
[    0.015405] EFI services will not be available.
[    0.016677] smp: Bringing up secondary CPUs ...
[    0.018395] Detected PIPT I-cache on CPU1
[    0.018474] CPU1: Booted secondary processor 0x0000000001 [0x411fd073]
[    0.020414] CPU features: detected: ARM erratum 845719
[    0.020436] Detected VIPT I-cache on CPU2
[    0.020519] CPU2: Booted secondary processor 0x0000000100 [0x410fd034]
[    0.022435] Detected VIPT I-cache on CPU3
[    0.022477] CPU3: Booted secondary processor 0x0000000101 [0x410fd034]
[    0.024224] Detected VIPT I-cache on CPU4
[    0.024266] CPU4: Booted secondary processor 0x0000000102 [0x410fd034]
[    0.026016] Detected VIPT I-cache on CPU5
[    0.026059] CPU5: Booted secondary processor 0x0000000103 [0x410fd034]
[    0.026438] smp: Brought up 1 node, 6 CPUs
[    0.026805] SMP: Total of 6 processors activated.
[    0.026841] CPU features: detected: 32-bit EL0 Support
[    0.026879] CPU features: detected: CRC32 instructions
[    0.026916] CPU features: detected: 32-bit EL1 Support
[    0.051322] CPU: All CPU(s) started at EL1
[    0.051455] alternatives: patching kernel code
[    0.055287] devtmpfs: initialized
[    0.129071] KASLR disabled due to lack of seed
[    0.130731] clocksource: jiffies: mask: 0xffffffff max_cycles: 0xffffffff, max_idle_ns: 7645041785100000 ns
[    0.130828] futex hash table entries: 2048 (order: 6, 262144 bytes, linear)
[    0.140380] pinctrl core: initialized pinctrl subsystem
[    0.145540] DMI not present or invalid.
[    0.147202] NET: Registered protocol family 16
[    0.150502] DMA: preallocated 512 KiB GFP_KERNEL pool for atomic allocations
[    0.150719] DMA: preallocated 512 KiB GFP_KERNEL|GFP_DMA pool for atomic allocations
[    0.151168] DMA: preallocated 512 KiB GFP_KERNEL|GFP_DMA32 pool for atomic allocations
[    0.151380] audit: initializing netlink subsys (disabled)
[    0.151948] audit: type=2000 audit(0.148:1): state=initialized audit_enabled=0 res=1
[    0.155645] thermal_sys: Registered thermal governor 'power_allocator'
[    0.157454] cpuidle: using governor menu
[    0.158144] hw-breakpoint: found 6 breakpoint and 4 watchpoint registers.
[    0.158488] ASID allocator initialised with 65536 entries
[    0.163081] Serial: AMBA PL011 UART driver
[    0.355109] sh-pfc e6060000.pinctrl: r8a77960_pfc support registered
[    0.431547] HugeTLB registered 1.00 GiB page size, pre-allocated 0 pages
[    0.431603] HugeTLB registered 32.0 MiB page size, pre-allocated 0 pages
[    0.431649] HugeTLB registered 2.00 MiB page size, pre-allocated 0 pages
[    0.431694] HugeTLB registered 64.0 KiB page size, pre-allocated 0 pages
[    0.437071] cryptd: max_cpu_qlen set to 1000
[    0.447295] ACPI: Interpreter disabled.
[    0.459603] rcar-avs: use avs value: 0
[    0.459668] rcar-avs: cpu@0 is running with: opp_table0
[    0.459718] rcar-avs: cpu@1 is running with: opp_table0
[    0.459862] rcar-avs: gsx@fd000000 is running with: gsx_opp_table0
[    0.466717] iommu: Default domain type: Translated 
[    0.468042] ipmmu-vmsa e67b0000.iommu: IPMMU context 0 is reserved
[    0.473701] vgaarb: loaded
[    0.475751] SCSI subsystem initialized
[    0.477198] usbcore: registered new interface driver usbfs
[    0.477383] usbcore: registered new interface driver hub
[    0.477554] usbcore: registered new device driver usb
[    0.494113] i2c-sh_mobile e60b0000.i2c: I2C adapter 7, bus speed 400000 Hz
[    0.496550] mc: Linux media interface: v0.10
[    0.496693] videodev: Linux video capture interface: v2.00
[    0.497019] pps_core: LinuxPPS API ver. 1 registered
[    0.497059] pps_core: Software ver. 5.3.6 - Copyright 2005-2007 Rodolfo Giometti <giometti@linux.it>
[    0.497159] PTP clock support registered
[    0.497867] EDAC MC: Ver: 3.0.0
[    0.504272] FPGA manager framework
[    0.504720] Advanced Linux Sound Architecture Driver Initialized.
[    0.507564] clocksource: Switched to clocksource arch_sys_counter
[    1.182349] VFS: Disk quotas dquot_6.6.0
[    1.182676] VFS: Dquot-cache hash table entries: 512 (order 0, 4096 bytes)
[    1.183986] pnp: PnP ACPI: disabled
[    1.205218] NET: Registered protocol family 2
[    1.205679] IP idents hash table entries: 65536 (order: 7, 524288 bytes, linear)
[    1.208287] tcp_listen_portaddr_hash hash table entries: 2048 (order: 5, 163840 bytes, linear)
[    1.208694] TCP established hash table entries: 32768 (order: 6, 262144 bytes, linear)
[    1.209390] TCP bind hash table entries: 32768 (order: 9, 2359296 bytes, linear)
[    1.213417] TCP: Hash tables configured (established 32768 bind 32768)
[    1.213910] UDP hash table entries: 2048 (order: 6, 327680 bytes, linear)
[    1.214541] UDP-Lite hash table entries: 2048 (order: 6, 327680 bytes, linear)
[    1.215686] NET: Registered protocol family 1
[    1.217550] RPC: Registered named UNIX socket transport module.
[    1.217618] RPC: Registered udp transport module.
[    1.217654] RPC: Registered tcp transport module.
[    1.217689] RPC: Registered tcp NFSv4.1 backchannel transport module.
[    1.217746] PCI: CLS 0 bytes, default 64
[    1.221243] hw perfevents: enabled with armv8_cortex_a53 PMU driver, 7 counters available
[    1.222146] hw perfevents: enabled with armv8_cortex_a57 PMU driver, 7 counters available
[    1.223084] kvm [1]: HYP mode not available
[    1.236183] Initialise system trusted keyrings
[    1.236772] workingset: timestamp_bits=42 max_order=20 bucket_order=0
[    1.269123] squashfs: version 4.0 (2009/01/31) Phillip Lougher
[    1.271465] NFS: Registering the id_resolver key type
[    1.271746] Key type id_resolver registered
[    1.271799] Key type id_legacy registered
[    1.272284] nfs4filelayout_init: NFSv4 File Layout Driver Registering...
[    1.272354] nfs4flexfilelayout_init: NFSv4 Flexfile Layout Driver Registering...
[    1.272884] 9p: Installing v9fs 9p2000 file system support
[    1.300143] Key type asymmetric registered
[    1.300237] Asymmetric key parser 'x509' registered
[    1.300412] Block layer SCSI generic (bsg) driver version 0.4 loaded (major 243)
[    1.300491] io scheduler mq-deadline registered
[    1.300532] io scheduler kyber registered
[    1.353177] gpio_rcar e6050000.gpio: driving 16 GPIOs
[    1.354913] gpio_rcar e6051000.gpio: driving 29 GPIOs
[    1.356640] gpio_rcar e6052000.gpio: driving 15 GPIOs
[    1.358324] gpio_rcar e6053000.gpio: driving 16 GPIOs
[    1.360019] gpio_rcar e6054000.gpio: driving 18 GPIOs
[    1.361478] gpio_rcar e6055000.gpio: driving 26 GPIOs
[    1.363078] gpio_rcar e6055400.gpio: driving 32 GPIOs
[    1.364516] gpio_rcar e6055800.gpio: driving 4 GPIOs
[    1.376516] rcar-pcie fe000000.pcie: host bridge /soc/pcie@fe000000 ranges:
[    1.376642] rcar-pcie fe000000.pcie:       IO 0x00fe100000..0x00fe1fffff -> 0x0000000000
[    1.376805] rcar-pcie fe000000.pcie:      MEM 0x00fe200000..0x00fe3fffff -> 0x00fe200000
[    1.376913] rcar-pcie fe000000.pcie:      MEM 0x0030000000..0x0037ffffff -> 0x0030000000
[    1.376998] rcar-pcie fe000000.pcie:      MEM 0x0038000000..0x003fffffff -> 0x0038000000
[    1.377100] rcar-pcie fe000000.pcie:   IB MEM 0x0040000000..0x00bfffffff -> 0x0040000000
[    1.377254] rcar-pcie fe000000.pcie: no pcie3v3 regulator found
[    1.377316] rcar-pcie fe000000.pcie: no pcie1v8 regulator found
[    1.535580] rcar-pcie fe000000.pcie: PCIe link down
[    1.536797] rcar-pcie ee800000.pcie: host bridge /soc/pcie@ee800000 ranges:
[    1.536915] rcar-pcie ee800000.pcie:       IO 0x00ee900000..0x00ee9fffff -> 0x0000000000
[    1.537028] rcar-pcie ee800000.pcie:      MEM 0x00eea00000..0x00eebfffff -> 0x00eea00000
[    1.537133] rcar-pcie ee800000.pcie:      MEM 0x00c0000000..0x00c7ffffff -> 0x00c0000000
[    1.537219] rcar-pcie ee800000.pcie:      MEM 0x00c8000000..0x00cfffffff -> 0x00c8000000
[    1.537315] rcar-pcie ee800000.pcie:   IB MEM 0x0040000000..0x00bfffffff -> 0x0040000000
[    1.537448] rcar-pcie ee800000.pcie: no pcie3v3 regulator found
[    1.537509] rcar-pcie ee800000.pcie: no pcie1v8 regulator found
[    1.695609] rcar-pcie ee800000.pcie: PCIe link down
[    1.713423] EINJ: ACPI disabled.
[    1.878087] Serial: 8250/16550 driver, 4 ports, IRQ sharing enabled
[    1.888103] SuperH (H)SCI(F) driver initialized
[    1.889518] e6550000.serial: ttySC1 at MMIO 0xe6550000 (irq = 40, base_baud = 0) is a hscif
[    1.893190] e6e88000.serial: ttySC0 at MMIO 0xe6e88000 (irq = 123, base_baud = 0) is a scif
[    3.133829] printk: console [ttySC0] enabled
[    3.143129] msm_serial: driver initialized
[    3.165432] rcar-dw-hdmi fead0000.hdmi: Detected HDMI TX controller v2.01a with HDCP (DWC HDMI 2.0 TX PHY)
[    3.176391] rcar-dw-hdmi fead0000.hdmi: registered DesignWare HDMI I2C bus driver
[    3.230460] loop: module loaded
[    3.238249] megasas: 07.714.04.00-rc1
[    3.265757] tun: Universal TUN/TAP device driver, 1.6
[    3.273999] thunder_xcv, ver 1.0
[    3.277700] thunder_bgx, ver 1.0
[    3.281307] nicpf, ver 1.0
[    3.289051] hclge is initializing
[    3.292541] hns3: Hisilicon Ethernet Network Driver for Hip08 Family - version
[    3.299828] hns3: Copyright (c) 2017 Huawei Corporation.
[    3.305356] e1000: Intel(R) PRO/1000 Network Driver
[    3.310283] e1000: Copyright (c) 1999-2006 Intel Corporation.
[    3.316215] e1000e: Intel(R) PRO/1000 Network Driver
[    3.321220] e1000e: Copyright(c) 1999 - 2015 Intel Corporation.
[    3.327321] igb: Intel(R) Gigabit Ethernet Network Driver
[    3.332776] igb: Copyright (c) 2007-2014 Intel Corporation.
[    3.338490] igbvf: Intel(R) Gigabit Virtual Function Network Driver
[    3.344805] igbvf: Copyright (c) 2009 - 2012 Intel Corporation.
[    3.352348] sky2: driver version 1.30
[    3.371735] ravb e6800000.ethernet eth0: Base address at 0xe6800000, 2e:09:0a:02:e8:56, IRQ 120.
[    3.386192] VFIO - User Level meta-driver version: 0.3
[    3.398707] ehci_hcd: USB 2.0 'Enhanced' Host Controller (EHCI) Driver
[    3.405559] ehci-pci: EHCI PCI platform driver
[    3.410138] ehci-platform: EHCI generic platform driver
[    3.417533] ehci-platform ee0a0100.usb: EHCI Host Controller
[    3.423432] ehci-platform ee0a0100.usb: new USB bus registered, assigned bus number 1
[    3.431764] ehci-platform ee0a0100.usb: irq 170, io mem 0xee0a0100
[    3.451586] ehci-platform ee0a0100.usb: USB 2.0 started, EHCI 1.10
[    3.460535] hub 1-0:1.0: USB hub found
[    3.464505] hub 1-0:1.0: 1 port detected
[    3.471234] ehci-orion: EHCI orion driver
[    3.476033] ehci-exynos: EHCI Exynos driver
[    3.480850] ohci_hcd: USB 1.1 'Open' Host Controller (OHCI) Driver
[    3.487138] ohci-pci: OHCI PCI platform driver
[    3.491838] ohci-platform: OHCI generic platform driver
[    3.498743] ohci-platform ee0a0000.usb: Generic Platform OHCI controller
[    3.505589] ohci-platform ee0a0000.usb: new USB bus registered, assigned bus number 2
[    3.513943] ohci-platform ee0a0000.usb: irq 170, io mem 0xee0a0000
[    3.611731] hub 2-0:1.0: USB hub found
[    3.615643] hub 2-0:1.0: 1 port detected
[    3.622016] ohci-exynos: OHCI Exynos driver
[    3.627151] usbcore: registered new interface driver usb-storage
[    3.638727] renesas_usbhs e6590000.usb: host probed
[    3.643709] renesas_usbhs e6590000.usb: no transceiver found
[    3.650101] renesas_usbhs e6590000.usb: gadget probed
[    3.655611] renesas_usbhs e6590000.usb: probed
[    3.665439] renesas_usb3 ee020000.usb: probed with phy
[    3.679329] i2c /dev entries driver
[    3.710440] cs2000-cp 2-004f: revision - C1
[    3.714961] i2c-rcar e6510000.i2c: probed
[    3.723493] pca953x 4-0020: supply vcc not found, using dummy regulator
[    3.731102] pca953x 4-0020: using no AI
[    3.747348] i2c-rcar e66d8000.i2c: probed
[    3.756382] adv748x 4-0070: Endpoint /soc/i2c@e66d8000/video-receiver@70/port@7/endpoint on port 7
[    3.765511] adv748x 4-0070: Endpoint /soc/i2c@e66d8000/video-receiver@70/port@8/endpoint on port 8
[    3.774558] adv748x 4-0070: Endpoint /soc/i2c@e66d8000/video-receiver@70/port@a/endpoint on port 10
[    3.783709] adv748x 4-0070: Endpoint /soc/i2c@e66d8000/video-receiver@70/port@b/endpoint on port 11
[    3.793468] adv748x 4-0070: chip found @ 0xe0 revision 2143
[    3.869327] rcar-csi2 fea80000.csi2: 1 lanes found
[    3.875949] rcar-csi2 feaa0000.csi2: 4 lanes found
[    3.901625] rcar-vin e6ef0000.video: Device registered as video0
[    3.909196] rcar-vin e6ef1000.video: Device registered as video1
[    3.915692] rcar-vin e6ef2000.video: Device registered as video2
[    3.922287] rcar-vin e6ef3000.video: Device registered as video3
[    3.928770] rcar-vin e6ef4000.video: Device registered as video4
[    3.935209] rcar-vin e6ef5000.video: Device registered as video5
[    3.941665] rcar-vin e6ef6000.video: Device registered as video6
[    3.948130] rcar-vin e6ef7000.video: Device registered as video7
[    3.963444] rcar_gen3_thermal e6198000.thermal: is using pseudo fixed FUSE values
[    3.976034] rcar_gen3_thermal e6198000.thermal: TSC0: Loaded 1 trip points
[    3.987831] rcar_gen3_thermal e6198000.thermal: TSC1: Loaded 1 trip points
[    3.999740] rcar_gen3_thermal e6198000.thermal: TSC2: Loaded 3 trip points
[    4.026609] sdhci: Secure Digital Host Controller Interface driver
[    4.033023] sdhci: Copyright(c) Pierre Ossman
[    4.040420] renesas_sdhi_internal_dmac ee100000.mmc: Got CD GPIO
[    4.046599] renesas_sdhi_internal_dmac ee100000.mmc: Got WP GPIO
[    4.057919] renesas_sdhi_internal_dmac ee140000.mmc: Adding to iommu group 0
[    4.065225] renesas_sdhi_internal_dmac ee140000.mmc: Using IPMMU context 1
[    4.124242] renesas_sdhi_internal_dmac ee140000.mmc: mmc0 base at 0x00000000ee140000, max clock rate 200 MHz
[    4.138071] renesas_sdhi_internal_dmac ee160000.mmc: Got CD GPIO
[    4.144313] renesas_sdhi_internal_dmac ee160000.mmc: Got WP GPIO
[    4.153730] Synopsys Designware Multimedia Card Interface Driver
[    4.164031] sdhci-pltfm: SDHCI platform and OF driver helper
[    4.176261] ledtrig-cpu: registered to indicate activity on CPUs
[    4.185890] SMCCC: SOC_ID: ARCH_SOC_ID not implemented, skipping ....
[    4.195132] usbcore: registered new interface driver usbhid
[    4.200772] usbhid: USB HID core driver
[    4.212824] mmc0: new HS200 MMC card at address 0001
[    4.217465] optee: probing for conduit method.
[    4.221213] mmcblk0: mmc0:0001 BGSD3R 29.1 GiB 
[    4.222380] optee: revision 3.22 (314ecf9d)
[    4.228166] optee driver R-Car Rev.1.0.11
[    4.228363] mmcblk0boot0: mmc0:0001 BGSD3R partition 1 16.0 MiB
[    4.233125] optee: dynamic shared memory is enabled
[    4.237805] mmcblk0boot1: mmc0:0001 BGSD3R partition 2 16.0 MiB
[    4.243291] optee: initialized driver
[    4.247988] mmcblk0rpmb: mmc0:0001 BGSD3R partition 3 4.00 MiB, chardev (508:0)
[    4.269203]  mmcblk0: p1 p2
[    4.283675] rcar_sound ec500000.sound: probed
[    4.291106] NET: Registered protocol family 17
[    4.296142] 9pnet: Installing 9P2000 support
[    4.300899] Key type dns_resolver registered
[    4.305924] registered taskstats version 1
[    4.310097] Loading compiled-in X.509 certificates
[    4.316038] kmemleak: Kernel memory leak detector initialized (mem pool available: 13808)
[    4.316068] kmemleak: Automatic memory scanning thread started
[    4.392236] thermal emergency: set temperature to 110 celsius
[    4.398357] thermal emergency: shutdown target cpus 1-5
[    4.403631] thermal emergency: freq scaled target cpus 0
[    4.410827] renesas_irqc e61c0000.interrupt-controller: driving 6 irqs
[    4.491699] ehci-platform ee080100.usb: EHCI Host Controller
[    4.497676] ehci-platform ee080100.usb: new USB bus registered, assigned bus number 3
[    4.505863] ehci-platform ee080100.usb: irq 169, io mem 0xee080100
[    4.527607] ehci-platform ee080100.usb: USB 2.0 started, EHCI 1.10
[    4.536682] hub 3-0:1.0: USB hub found
[    4.540659] hub 3-0:1.0: 1 port detected
[    4.549717] ohci-platform ee080000.usb: Generic Platform OHCI controller
[    4.556551] ohci-platform ee080000.usb: new USB bus registered, assigned bus number 4
[    4.564740] ohci-platform ee080000.usb: irq 169, io mem 0xee080000
[    4.659978] hub 4-0:1.0: USB hub found
[    4.663886] hub 4-0:1.0: 1 port detected
[    4.677221] cpu cpu0: EM: created perf domain
[    4.686533] cpu cpu2: EM: created perf domain
[    4.700676] renesas_sdhi_internal_dmac ee100000.mmc: Got CD GPIO
[    4.706918] renesas_sdhi_internal_dmac ee100000.mmc: Got WP GPIO
[    4.761643] renesas_sdhi_internal_dmac ee100000.mmc: mmc1 base at 0x00000000ee100000, max clock rate 200 MHz
[    4.779283] renesas_sdhi_internal_dmac ee160000.mmc: Got CD GPIO
[    4.785628] renesas_sdhi_internal_dmac ee160000.mmc: Got WP GPIO
[    4.842060] renesas_sdhi_internal_dmac ee160000.mmc: mmc2 base at 0x00000000ee160000, max clock rate 200 MHz
[    4.872792] [drm] Initialized rcar-du 1.0.0 20130110 for feb00000.display on minor 0
[    4.880629] [drm] Device feb00000.display probed
[    4.930445] Console: switching to colour frame buffer device 128x48
[    4.953684] rcar-du feb00000.display: [drm] fb0: rcar-dudrmfb frame buffer device
[    4.980127] input: keys as /devices/platform/keys/input/input0
[    5.076843] Micrel KSZ9031 Gigabit PHY e6800000.ethernet-ffffffff:00: attached PHY driver [Micrel KSZ9031 Gigabit PHY] (mii_bus:phy_addr=e6800000.ethernet-ffffffff:00, irq=175)
[   11.956452] ravb e6800000.ethernet eth0: Link is Up - 1Gbps/Full - flow control off
[   11.983688] IP-Config: Guessing netmask 255.255.255.0
[   11.988994] IP-Config: Complete:
[   11.992422]      device=eth0, hwaddr=2e:09:0a:02:e8:56, ipaddr=192.168.8.120, mask=255.255.255.0, gw=255.255.255.255
[   12.003361]      host=192.168.8.120, domain=, nis-domain=(none)
[   12.009551]      bootserver=255.255.255.255, rootserver=192.168.8.8, rootpath=
[   12.012070] clk: Disabling unused clocks
[   12.025881] ALSA device list:
[   12.029286]   No soundcards found.
[   13.141443] VFS: Mounted root (nfs4 filesystem) on device 0:23.
[   13.154287] devtmpfs: mounted
[   13.215960] Freeing unused kernel memory: 9216K
[   13.232269] Run /sbin/init as init process
[   14.550512] systemd[1]: System time before build time, advancing clock.
[   15.152070] random: crng init done
[   16.836289] NET: Registered protocol family 10
[   16.852065] Segment Routing with IPv6
[   16.998714] systemd[1]: systemd 255.4^ running in system mode (+PAM -AUDIT -SELINUX -APPARMOR +IMA -SMACK +SECCOMP -GCRYPT -GNUTLS -OPENSSL +ACL +BLKID -CURL -ELFUTILS -FIDO2 -IDN2 -IDN -IPTC +KMOD -LIBCRYPTSETUP +LIBFDISK -PCRE2 -PWQUALITY -P11KIT -QRENCODE -TPM2 -BZIP2 -LZ4 -XZ -ZLIB +ZSTD -BPF_FRAMEWORK -XKBCOMMON +UTMP +SYSVINIT default-hierarchy=unified)
[   17.041064] systemd[1]: Detected architecture arm64.

Welcome to Poky (Yocto Project Reference Distro) 5.0 (scarthgap)!


[   17.093044] systemd[1]: Hostname set to <salvator-x>.
[   17.533578] systemd-sysv-generator[299]: SysV service '/etc/init.d/umountnfs.sh' lacks a native systemd unit file. ~ Automatically generating a unit file for compatibility. Please update package to include a native systemd unit file, in order to make it safe, robust and future-proof. ! This compatibility logic is deprecated, expect removal soon. !
[   17.590927] systemd-sysv-generator[299]: SysV service '/etc/init.d/set_default_governor.sh' lacks a native systemd unit file. ~ Automatically generating a unit file for compatibility. Please update package to include a native systemd unit file, in order to make it safe, robust and future-proof. ! This compatibility logic is deprecated, expect removal soon. !
[   17.636065] systemd-sysv-generator[299]: SysV service '/etc/init.d/umountfs' lacks a native systemd unit file. ~ Automatically generating a unit file for compatibility. Please update package to include a native systemd unit file, in order to make it safe, robust and future-proof. ! This compatibility logic is deprecated, expect removal soon. !
[   17.677304] systemd-sysv-generator[299]: SysV service '/etc/init.d/save-rtc.sh' lacks a native systemd unit file. ~ Automatically generating a unit file for compatibility. Please update package to include a native systemd unit file, in order to make it safe, robust and future-proof. ! This compatibility logic is deprecated, expect removal soon. !
[   17.717473] systemd-sysv-generator[299]: SysV service '/etc/init.d/reboot' lacks a native systemd unit file. ~ Automatically generating a unit file for compatibility. Please update package to include a native systemd unit file, in order to make it safe, robust and future-proof. ! This compatibility logic is deprecated, expect removal soon. !
[   17.753678] systemd-sysv-generator[299]: SysV service '/etc/init.d/halt' lacks a native systemd unit file. ~ Automatically generating a unit file for compatibility. Please update package to include a native systemd unit file, in order to make it safe, robust and future-proof. ! This compatibility logic is deprecated, expect removal soon. !
[   17.789189] systemd-sysv-generator[299]: SysV service '/etc/init.d/sendsigs' lacks a native systemd unit file. ~ Automatically generating a unit file for compatibility. Please update package to include a native systemd unit file, in order to make it safe, robust and future-proof. ! This compatibility logic is deprecated, expect removal soon. !
[   17.827634] systemd-sysv-generator[299]: SysV service '/etc/init.d/single' lacks a native systemd unit file. ~ Automatically generating a unit file for compatibility. Please update package to include a native systemd unit file, in order to make it safe, robust and future-proof. ! This compatibility logic is deprecated, expect removal soon. !
[   19.719186] systemd[1]: Queued start job for default target Multi-User System.
[   19.867900] systemd[1]: Created slice Slice /system/getty.
[  OK  ] Created slice Slice /system/getty.

[   19.907736] systemd[1]: Created slice Slice /system/modprobe.
[  OK  ] Created slice Slice /system/modprobe.

[   19.947343] systemd[1]: Created slice Slice /system/serial-getty.
[  OK  ] Created slice Slice /system/serial-getty.

[   19.979534] systemd[1]: Created slice User and Session Slice.
[  OK  ] Created slice User and Session Slice.

[   20.005430] systemd[1]: Started Dispatch Password Requests to Console Directory Watch.
[  OK  ] Started Dispatch Password Requests to Console Directory Watch.

[   20.037566] systemd[1]: Started Forward Password Requests to Wall Directory Watch.
[  OK  ] Started Forward Password Requests to Wall Directory Watch.

[   20.068533] systemd[1]: Reached target Path Units.
[  OK  ] Reached target Path Units.

[   20.096282] systemd[1]: Reached target Remote File Systems.
[  OK  ] Reached target Remote File Systems.

[   20.124164] systemd[1]: Reached target Slice Units.
[  OK  ] Reached target Slice Units.

[   20.152253] systemd[1]: Reached target Swaps.
[  OK  ] Reached target Swaps.

[   20.191979] systemd[1]: Listening on Syslog Socket.
[  OK  ] Listening on Syslog Socket.

[   20.223200] systemd[1]: Listening on initctl Compatibility Named Pipe.
[  OK  ] Listening on initctl Compatibility Named Pipe.

[   20.261210] systemd[1]: Listening on Journal Audit Socket.
[  OK  ] Listening on Journal Audit Socket.

[   20.291745] systemd[1]: Listening on Journal Socket (/dev/log).
[  OK  ] Listening on Journal Socket (/dev/log).

[   20.324440] systemd[1]: Listening on Journal Socket.
[  OK  ] Listening on Journal Socket.

[   20.357812] systemd[1]: Listening on Network Service Netlink Socket.
[  OK  ] Listening on Network Service Netlink Socket.

[   20.399762] systemd[1]: Listening on udev Control Socket.
[  OK  ] Listening on udev Control Socket.

[   20.432190] systemd[1]: Listening on udev Kernel Socket.
[  OK  ] Listening on udev Kernel Socket.

[   20.465853] systemd[1]: Listening on User Database Manager Socket.
[  OK  ] Listening on User Database Manager Socket.

[   20.538491] systemd[1]: Mounting Huge Pages File System...
         Mounting Huge Pages File System...

[   20.588877] systemd[1]: Mounting POSIX Message Queue File System...
         Mounting POSIX Message Queue File System...

[   20.636992] systemd[1]: Mounting Kernel Debug File System...
         Mounting Kernel Debug File System...

[   20.688375] systemd[1]: Mounting Kernel Trace File System...
         Mounting Kernel Trace File System...

[   20.732801] systemd[1]: Mounting Temporary Directory /tmp...
         Mounting Temporary Directory /tmp...

[   20.780999] systemd[1]: Starting Create List of Static Device Nodes...
         Starting Create List of Static Device Nodes...

[   20.828442] systemd[1]: Starting Load Kernel Module configfs...
         Starting Load Kernel Module configfs...

[   20.868043] systemd[1]: Starting Load Kernel Module drm...
         Starting Load Kernel Module drm...

[   20.908843] systemd[1]: Starting Load Kernel Module fuse...
         Starting Load Kernel M[   20.919341] systemd[1]: File System Check on Root Device was skipped because of an unmet condition check (ConditionPathIsReadWrite=!/).
odule fuse...

[   20.936471] systemd[1]: systemd-journald.service: unit configures an IP firewall, but the local system does not support BPF/cgroup firewalling.
[   20.951984] systemd[1]: systemd-journald.service: (This warning is only shown for the first unit using IP firewalling.)
[   20.975835] systemd[1]: Starting Journal Service...
         Starting Journal Service...

[   21.039431] systemd[1]: Starting Load Kernel Modules...
         Starting Load Kernel Modules...

[   21.098639] systemd[1]: Starting Generate network units from Kernel command line...
         Starting Generate network units from Kernel command line...

[   21.168207] systemd[1]: Starting Remount Root and Kernel File Systems...
         Starting Remount Root and Kernel File Systems...

[   21.243500] systemd[1]: Starting Coldplug All udev Devices...
         Starting Coldplug All udev Devices...

[   21.292207] systemd[1]: Mounted Huge Pages File System.
[  OK  ] Mounted Huge Pages File System.

[   21.323282] systemd[1]: Mounted POSIX Message Queue File System.
[  OK  ] Mounted POSIX Message Queue File System.

[   21.362801] systemd[1]: Mounted Kernel Debug File System.
[   21.365661] systemd-journald[311]: Collecting audit messages is enabled.
[  OK  ] Mounted Kernel Debug File System.

[   21.382356] fuse: init (API version 7.32)
[   21.391294] systemd[1]: Mounted Kernel Trace File System.
[  OK  ] Mounted Kernel Trace File System.

[   21.412751] systemd[1]: Mounted Temporary Directory /tmp.
[  OK  ] Mounted Temporary Directory /tmp.

[   21.464023] systemd[1]: Finished Create List of Static Device Nodes.
[  OK  ] Finished Create List of Static Device Nodes.

[   21.514491] systemd[1]: modprobe@configfs.service: Deactivated successfully.
[   21.536786] systemd[1]: Finished Load Kernel Module configfs.
[  OK  ] Finished Load Kernel Module configfs.

[   21.586911] systemd[1]: modprobe@drm.service: Deactivated successfully.
[   21.599242] systemd[1]: Finished Load Kernel Module drm.
[  OK  ] Finished Load Kernel Module drm.

[   21.625863] systemd[1]: modprobe@fuse.service: Deactivated successfully.
[   21.636047] systemd[1]: Finished Load Kernel Module fuse.
[  OK  ] Finished Load Kernel Module fuse.

[   21.665859] systemd[1]: Finished Load Kernel Modules.
[  OK  ] Finished Load Kernel Modules.

[   21.694563] systemd[1]: systemd-network-generator.service: Main process exited, code=exited, status=1/FAILURE
[   21.713133] systemd[1]: systemd-network-generator.service: Failed with result 'exit-code'.
[   21.728619] systemd[1]: Failed to start Generate network units from Kernel command line.
[[0;1;31mFAILED] Failed to start Generate network units from Kernel command line.

See 'systemctl status systemd-network-generator.service' for details.

[   21.781129] systemd[1]: Started Journal Service.
[  OK  ] Started Journal Service.

[  OK  ] Finished Remount Root and Kernel File Systems.

[  OK  ] Reached target Preparation for Network.

         Mounting FUSE Control File System...

         Mounting Kernel Configuration File System...

         Starting Flush Journal to Persistent Storage...

         Starting Apply Kernel Variables...

         Starting Create Static Device Nodes in /dev gracefully...

[  OK  ] Mounted FUSE Control File System.

[  OK  ] Mounted Kernel Configuration File System.

[   22.164068] systemd-journald[311]: Received client request to flush runtime journal.
[  OK  ] Finished Flush Journal to Persistent Storage.

[  OK  ] Finished Apply Kernel Variables.

[  OK  ] Finished Create Static Device Nodes in /dev gracefully.

         Starting Create Static Device Nodes in /dev...

[  OK  ] Finished Create Static Device Nodes in /dev.

[  OK  ] Reached target Preparation for Local File Systems.

         Mounting /var/volatile...

         Starting Rule-based Manager for Device Events and Files...

[  OK  ] Mounted /var/volatile.

         Starting Load/Save OS Random Seed...

[  OK  ] Reached target Local File Systems.

         Starting Create Volatile Files and Directories...

[  OK  ] Finished Load/Save OS Random Seed.

[  OK  ] Started Rule-based Manager for Device Events and Files.

         Starting Network Configuration...

         Starting User Database Manager...

[  OK  ] Finished Create Volatile Files and Directories.

         Starting Network Name Resolution...

         Starting Network Time Synchronization...

         Starting Record System Boot/Shutdown in UTMP...

[  OK  ] Started User Database Manager.

[  OK  ] Finished Record System Boot/Shutdown in UTMP.

[  OK  ] Listening on Load/Save RF Kill Switch Status /dev/rfkill Watch.

[  OK  ] Started Network Name Resolution.

[  OK  ] Reached target Host and Network Name Lookups.

[  OK  ] Started Network Time Synchronization.

[  OK  ] Reached target System Time Set.

[   25.933722] cfg80211: Loading compiled-in X.509 certificates for regulatory database
[   26.035115] cfg80211: Loaded X.509 cert 'wens: 61c038651aabdcf94bd0ac7ff06c7248db18c600'
[   26.044885] cfg80211: Loaded X.509 cert 'sforshee: 00b28ddf47aef9cea7'
[   26.057672] platform regulatory.0: Direct firmware load for regulatory.db failed with error -2
[   26.067996] cfg80211: failed to load regulatory.db
[  OK  ] Finished Coldplug All udev Devices.

[  OK  ] Started Network Configuration.

[  OK  ] Reached target Network.

[  OK  ] Reached target System Initialization.

[  OK  ] Started Daily Cleanup of Temporary Directories.

[  OK  ] Reached target Timer Units.

[  OK  ] Listening on D-Bus System Message Bus Socket.

[  OK  ] Reached target Socket Units.

[  OK  ] Reached target Basic System.

[  OK  ] Started Kernel Logging Service.

[  OK  ] Started System Logging Service.

         Starting D-Bus System Message Bus...

[  OK  ] Started optee services.

         Starting set_default_governor.service...

         Starting User Login Management...

         Starting Permit User Sessions...

[  OK  ] Finished Permit User Sessions.

[  OK  ] Started Getty on tty1.

[  OK  ] Started Serial Getty on ttySC0.

[  OK  ] Reached target Login Prompts.

[   27.540631] rd 0-5: Disabling EAS, schedutil is mandatory
[  OK  ] Started D-Bus System Message Bus.

[  OK  ] Started set_default_governor.service.

[   27.831377] pwm-backlight: probe of backlight failed with error -16
[  OK  ] Started User Login Management.

[  OK  ] Reached target Multi-User System.

[  OK  ] Reached target Hardware activated USB gadget.

         Starting Record Runlevel Change in UTMP...

[   28.107940] at24 7-0050: supply vcc not found, using dummy regulator
[   28.139805] at24 7-0050: 128 byte br24t01 EEPROM, writable, 8 bytes/write
[  OK  ] Finished Record Runlevel Change in UTMP.

[   28.727262] ccree e6601000.crypto: ARM CryptoCell 630P Driver: HW version 0xAF400001/0xDCC63000, Driver version 5.0
[   28.933573] ccree e6601000.crypto: ARM ccree device initialized


Poky (Yocto Project Reference Distro) 5.0 salvator-x ttySC0

salvator-x login: 

salvator-x login: root


WARNING: Poky is a reference Yocto Project distribution that should be used for
testing and development purposes only. It is recommended that you create your
own distribution for production use.

[   30.949594] audit: type=1006 audit(1724134758.964:2): pid=507 uid=0 old-auid=4294967295 auid=0 tty=(none) old-ses=4294967295 ses=1 res=1
7[r[999;999H[6n8root@salvator-x:~# 
root@salvator-x:~# 
root@salvator-x:~# 
root@salvator-x:~# 
root@salvator-x:~# 
root@salvator-x:~# 
root@salvator-x:~# 
root@salvator-x:~# 
root@salvator-x:~# 
root@salvator-x:~# lsmod
Module                  Size  Used by
crct10dif_ce           20480  1
dw_hdmi_cec            16384  0
ccree                 159744  0
max9611                16384  0
gpio_bd9571mwv         16384  0
at24                   24576  0
authenc                16384  1 ccree
libdes                 24576  1 ccree
optee_rng              16384  0
pwm_bl                 16384  0
rng_core               24576  1 optee_rng
cfg80211              872448  0
rfkill                 36864  2 cfg80211
uio_pdrv_genirq        16384  0
fuse                  143360  1
ipv6                  577536  20
root@salvator-x:~# 
root@salvator-x:~# modprobe g_printer
[   39.313410] printer gadget: printer ready
root@salvator-x:~# ----------- BOARD ------------

root@salvator-x:~# modprobe g_ncm
[  147.530813] using random self ethernet address
[  147.536441] using random host ethernet address
[  147.545686] usb0: HOST MAC 66:da:c2:0c:5a:34
[  147.551272] usb0: MAC 62:b7:7a:93:ab:70
[  147.556846] g_ncm gadget: NCM Gadget
[  147.561356] g_ncm gadget: g_ncm ready
root@salvator-x:~# 
root@salvator-x:~# cat /sys/devices/platform/soc/ee020000.usb/udc/ee020000.usb/s tate
configured
root@salvator-x:~# 
root@salvator-x:~# ip a |grep usb
3: usb0: <BROADCAST,MULTICAST> mtu 1500 qdisc noop qlen 1000
root@salvator-x:~# 
root@salvator-x:~# ifconfig usb0 192.168.0.2 up
root@salvator-x:~# 

---------- HOST-PC -----------
[709571.315124] cdc_ncm 2-2:1.0 enx66dac20c5a34: renamed from usb0
dmesg 2>&1 |grep 'renamed from usb0'

sudo ifconfig enx66dac20c5a34 192.168.0.3 up
enx00e0006095bd: flags=4163<UP,BROADCAST,RUNNING,MULTICAST>  mtu 1500
        inet 192.168.8.8  netmask 255.255.255.0  broadcast 192.168.8.255
        ether 00:e0:00:60:95:bd  txqueuelen 1000  (Ethernet)
        RX packets 65765245  bytes 25044732704 (25.0 GB)
        RX errors 0  dropped 1352020  overruns 0  frame 0
        TX packets 69156422  bytes 89560631554 (89.5 GB)
        TX errors 0  dropped 0 overruns 0  carrier 0  collisions 0

enx66dac20c5a34: flags=4163<UP,BROADCAST,RUNNING,MULTICAST>  mtu 1500
        inet 192.168.0.3  netmask 255.255.255.0  broadcast 192.168.0.255
        inet6 fe80::80ad:fedf:75aa:dab8  prefixlen 64  scopeid 0x20<link>
        ether 66:da:c2:0c:5a:34  txqueuelen 1000  (Ethernet)
        RX packets 3  bytes 224 (224.0 B)
        RX errors 0  dropped 0  overruns 0  frame 0
        TX packets 2  bytes 443 (443.0 B)
        TX errors 0  dropped 0 overruns 0  carrier 0  collisions 0

lo: flags=73<UP,LOOPBACK,RUNNING>  mtu 65536
        inet 127.0.0.1  netmask 255.0.0.0
        inet6 ::1  prefixlen 128  scopeid 0x10<host>
        loop  txqueuelen 1000  (Local Loopback)
        RX packets 2106642  bytes 631785050 (631.7 MB)
        RX errors 0  dropped 0  overruns 0  frame 0
        TX packets 2106642  bytes 631785050 (631.7 MB)
        TX errors 0  dropped 0 overruns 0  carrier 0  collisions 0

wlp59s0: flags=4163<UP,BROADCAST,RUNNING,MULTICAST>  mtu 1500
        inet 192.168.4.12  netmask 255.255.248.0  broadcast 192.168.7.255
        inet6 fe80::2885:7f4a:87f8:ff15  prefixlen 64  scopeid 0x20<link>
        ether 38:ba:f8:7b:f4:c6  txqueuelen 1000  (Ethernet)
        RX packets 13673043  bytes 13339057735 (13.3 GB)
        RX errors 0  dropped 0  overruns 0  frame 0
        TX packets 10019317  bytes 8437483892 (8.4 GB)
        TX errors 0  dropped 0 overruns 0  carrier 0  collisions 0

PING 192.168.0.2 (192.168.0.2) 56(84) bytes of data.
64 bytes from 192.168.0.2: icmp_seq=1 ttl=64 time=4.71 ms
64 bytes from 192.168.0.2: icmp_seq=2 ttl=64 time=2.22 ms
64 bytes from 192.168.0.2: icmp_seq=3 ttl=64 time=1.89 ms
64 bytes from 192.168.0.2: icmp_seq=4 ttl=64 time=1.99 ms

--- 192.168.0.2 ping statistics ---
4 packets transmitted, 4 received, 0% packet loss, time 3004ms
rtt min/avg/max/mdev = 1.886/2.700/4.706/1.164 ms


---------- HOST-PC -----------

root@salvator-x:~# rmmod g_ncm
root@salvator-x:~# 
 
#### Result: OK ####
