----------- BOARD ------------

root@salvator-x:~# mount -t tmpfs -o size=400M tmpfs /tmp
root@salvator-x:~# 
root@salvator-x:~# dd if=/dev/zero of=/tmp/tmp.img bs=1M count=350
350+0 records in
350+0 records out
367001600 bytes (367 MB, 350 MiB) copied, 1.77132 s, 207 MB/s
root@salvator-x:~# 
root@salvator-x:~# mkfs.ext3 -L storage /tmp/tmp.img
mke2fs 1.47.0 (5-Feb-2023)
Discarding device blocks:      0/358400             done                            
Creating filesystem with 358400 1k blocks and 89760 inodes
Filesystem UUID: 348639cb-02b0-473a-bf10-181f6250d4e6
Superblock backups stored on blocks: 
	8193, 24577, 40961, 57345, 73729, 204801, 221185

Allocating group tables:  0/44     done                            
Writing inode tables:  0/44     done                            
Creating journal (8192 blocks): done
Writing superblocks and filesystem accounting information:  0/44     done

root@salvator-x:~# 
root@salvator-x:~# modprobe g_mass_storage file=/tmp/tmp.img
[   64.423492] Mass Storage Function, version: 2009/09/11
[   64.429564] LUN: removable file: (no medium)
[   64.435048] LUN: file: /tmp/tmp.img
[   64.439402] Number of LUNs=1
[   64.443063] g_mass_storage gadget: Mass Storage Gadget, version: 2009/09/11
[   64.450738] g_mass_storage gadget: userspace failed to provide iSerialNumber
[   64.458064] g_mass_storage gadget: g_mass_storage ready
root@salvator-x:~# 
root@salvator-x:~# cat /sys/devices/platform/soc/ee020000.usb/udc/ee020000.usb/s tate
configured
root@salvator-x:~# 
---------- HOST-PC -----------

dmesg
[13892.101552] usb 2-2: USB disconnect, device number 31
[13898.085030] usb 2-2: new SuperSpeed USB device number 32 using xhci_hcd
[13898.105729] usb 2-2: New USB device found, idVendor=0525, idProduct=a4a5, bcdDevice= 5.10
[13898.105737] usb 2-2: New USB device strings: Mfr=3, Product=4, SerialNumber=0
[13898.105741] usb 2-2: Product: Mass Storage Gadget
[13898.105744] usb 2-2: Manufacturer: Linux 5.10.218-yocto-standard with renesas_usb3
[13898.108988] usb-storage 2-2:1.0: USB Mass Storage device detected
[13898.109429] usb-storage 2-2:1.0: Quirks match for vid 0525 pid a4a5: 10000
[13898.109530] scsi host4: usb-storage 2-2:1.0
[13899.123237] scsi 4:0:0:0: Direct-Access     Linux    File-Stor Gadget 0510 PQ: 0 ANSI: 2
[13899.123760] sd 4:0:0:0: Attached scsi generic sg1 type 0
[13899.123932] sd 4:0:0:0: Power-on or device reset occurred
[13899.124269] sd 4:0:0:0: [sde] 716800 512-byte logical blocks: (367 MB/350 MiB)
[13899.124573] sd 4:0:0:0: [sde] Write Protect is off
[13899.124578] sd 4:0:0:0: [sde] Mode Sense: 0f 00 00 00
[13899.124921] sd 4:0:0:0: [sde] Write cache: enabled, read cache: enabled, doesn't support DPO or FUA
[13899.128416] sd 4:0:0:0: [sde] Attached SCSI disk
[13899.398316] EXT4-fs (sde): mounting ext3 file system using the ext4 subsystem
[13899.404857] EXT4-fs (sde): mounted filesystem with ordered data mode. Opts: (null). Quota mode: none.

df -h
Filesystem      Size  Used Avail Use% Mounted on
udev            3,8G     0  3,8G   0% /dev
tmpfs           784M  2,3M  781M   1% /run
/dev/nvme0n1p4  458G  389G   46G  90% /
tmpfs           3,9G     0  3,9G   0% /dev/shm
tmpfs           5,0M  8,0K  5,0M   1% /run/lock
tmpfs           3,9G     0  3,9G   0% /sys/fs/cgroup
/dev/loop0      128K  128K     0 100% /snap/bare/5
/dev/loop2      384K  384K     0 100% /snap/device-tree-compiler/91
/dev/loop1       64M   64M     0 100% /snap/core20/2318
/dev/loop3      350M  350M     0 100% /snap/gnome-3-38-2004/143
/dev/loop4       64M   64M     0 100% /snap/core20/2182
/dev/loop5       75M   75M     0 100% /snap/core22/1439
/dev/loop6       56M   56M     0 100% /snap/core18/2829
/dev/loop7       92M   92M     0 100% /snap/gtk-common-themes/1535
/dev/loop13      12M   12M     0 100% /snap/nmap/3470
/dev/loop14      75M   75M     0 100% /snap/core22/1380
/dev/loop12     9,8M  9,8M     0 100% /snap/htop/4407
/dev/loop10     497M  497M     0 100% /snap/gnome-42-2204/141
/dev/loop16      12M   12M     0 100% /snap/nmap/3514
/dev/loop15      41M   41M     0 100% /snap/snapd/20290
/dev/loop11     506M  506M     0 100% /snap/gnome-42-2204/176
/dev/loop17      13M   13M     0 100% /snap/snap-store/959
/dev/loop9       13M   13M     0 100% /snap/snap-store/1113
/dev/loop18      39M   39M     0 100% /snap/snapd/21759
/dev/loop8      347M  347M     0 100% /snap/gnome-3-38-2004/119
/dev/nvme0n1p1  3,7G  210M  3,3G   6% /boot
/dev/nvme0n1p2  3,9G  6,1M  3,9G   1% /boot/efi
tmpfs           784M   20K  784M   1% /run/user/1000
/dev/sdd        318M   47K  301M   1% /media/test_USB3F
/dev/sde        318M   47K  301M   1% /media/rvc/storage

dd if=/dev/urandom of=./file-10M bs=1M count=10
10+0 records in
10+0 records out
10485760 bytes (10 MB, 10 MiB) copied, 0,0412669 s, 254 MB/s

sudo cp ./file-10M_from_host /media/rvc/storage

md5sum ./file-10M /media/rvc/storage/file-10M
72269c9e6f53c0cfb61fb4a47bff78d0  ./file-10M
72269c9e6f53c0cfb61fb4a47bff78d0  /media/rvc/storage/file-10M

sudo umount /media/rvc/storage

----------- BOARD ------------

root@salvator-x:~# rmmod g_mass_storage
root@salvator-x:~# 
root@salvator-x:~# rm -rf /tmp/tmp.img
root@salvator-x:~# 

---------- HOST-PC -----------

dmesg
[13903.901213] usb 2-2: USB disconnect, device number 32
[13903.932913] sd 4:0:0:0: [sde] Synchronizing SCSI cache
[13903.932967] sd 4:0:0:0: [sde] Synchronize Cache(10) failed: Result: hostbyte=DID_NO_CONNECT driverbyte=DRIVER_OK

 
#### Result: OK ####
