----------- BOARD ------------

root@salvator-x:~# modprobe g_ncm
[  157.984068] using random self ethernet address
[  157.988671] using random host ethernet address
[  158.001334] usb0: HOST MAC 36:a6:58:80:3b:c1
[  158.011010] usb0: MAC 42:50:2a:24:28:33
[  158.016406] g_ncm gadget: NCM Gadget
[  158.020563] g_ncm gadget: g_ncm ready
root@salvator-x:~# 
root@salvator-x:~# cat /sys/devices/platform/soc/ee020000.usb/udc/ee020000.usb/s tate
configured
root@salvator-x:~# 
root@salvator-x:~# ip a |grep usb
3: usb0: <BROADCAST,MULTICAST> mtu 1500 qdisc noop qlen 1000
root@salvator-x:~# 
root@salvator-x:~# ifconfig usb0 192.168.0.2 up
root@salvator-x:~# 

---------- HOST-PC -----------
[14533.180023] cdc_ncm 2-2:1.0 enx36a658803bc1: renamed from usb0
dmesg 2>&1 |grep 'renamed from usb0'

sudo ifconfig enx36a658803bc1 192.168.0.3 up
enx00e0006095bd: flags=4163<UP,BROADCAST,RUNNING,MULTICAST>  mtu 1500
        inet 192.168.8.8  netmask 255.255.255.0  broadcast 192.168.8.255
        ether 00:e0:00:60:95:bd  txqueuelen 1000  (Ethernet)
        RX packets 3415792  bytes 421105300 (421.1 MB)
        RX errors 0  dropped 14527  overruns 0  frame 0
        TX packets 5022317  bytes 6829127738 (6.8 GB)
        TX errors 0  dropped 0 overruns 0  carrier 0  collisions 0

enx36a658803bc1: flags=4163<UP,BROADCAST,RUNNING,MULTICAST>  mtu 1500
        inet 192.168.0.3  netmask 255.255.255.0  broadcast 192.168.0.255
        inet6 fe80::c8cc:2bf0:ffd3:cb7c  prefixlen 64  scopeid 0x20<link>
        ether 36:a6:58:80:3b:c1  txqueuelen 1000  (Ethernet)
        RX packets 2  bytes 148 (148.0 B)
        RX errors 0  dropped 0  overruns 0  frame 0
        TX packets 2  bytes 443 (443.0 B)
        TX errors 0  dropped 0 overruns 0  carrier 0  collisions 0

lo: flags=73<UP,LOOPBACK,RUNNING>  mtu 65536
        inet 127.0.0.1  netmask 255.0.0.0
        inet6 ::1  prefixlen 128  scopeid 0x10<host>
        loop  txqueuelen 1000  (Local Loopback)
        RX packets 230030  bytes 73449675 (73.4 MB)
        RX errors 0  dropped 0  overruns 0  frame 0
        TX packets 230030  bytes 73449675 (73.4 MB)
        TX errors 0  dropped 0 overruns 0  carrier 0  collisions 0

wlp59s0: flags=4163<UP,BROADCAST,RUNNING,MULTICAST>  mtu 1500
        inet 192.168.4.12  netmask 255.255.248.0  broadcast 192.168.7.255
        inet6 fe80::2885:7f4a:87f8:ff15  prefixlen 64  scopeid 0x20<link>
        ether 38:ba:f8:7b:f4:c6  txqueuelen 1000  (Ethernet)
        RX packets 1548087  bytes 1564527110 (1.5 GB)
        RX errors 0  dropped 0  overruns 0  frame 0
        TX packets 2310546  bytes 2726825072 (2.7 GB)
        TX errors 0  dropped 0 overruns 0  carrier 0  collisions 0

PING 192.168.0.2 (192.168.0.2) 56(84) bytes of data.
64 bytes from 192.168.0.2: icmp_seq=1 ttl=64 time=5.01 ms
64 bytes from 192.168.0.2: icmp_seq=2 ttl=64 time=2.51 ms
64 bytes from 192.168.0.2: icmp_seq=3 ttl=64 time=2.02 ms
64 bytes from 192.168.0.2: icmp_seq=4 ttl=64 time=2.16 ms

--- 192.168.0.2 ping statistics ---
4 packets transmitted, 4 received, 0% packet loss, time 3004ms
rtt min/avg/max/mdev = 2.023/2.923/5.005/1.214 ms


---------- HOST-PC -----------

root@salvator-x:~# rmmod g_ncm
root@salvator-x:~# 
 
#### Result: OK ####
