----------- BOARD ------------

root@salvator-x:~# modprobe g_ncm
[  174.526140] using random self ethernet address
[  174.531346] using random host ethernet address
[  174.542832] usb0: HOST MAC 12:ed:45:5d:4c:5f
[  174.547952] usb0: MAC 72:c8:ef:ba:c9:94
[  174.556819] g_ncm gadget: NCM Gadget
[  174.563318] g_ncm gadget: g_ncm ready
root@salvator-x:~# 
root@salvator-x:~# cat /sys/devices/platform/soc/ee020000.usb/udc/ee020000.usb/s tate
configured
root@salvator-x:~# 
root@salvator-x:~# ip a |grep usb
5: usb0: <BROADCAST,MULTICAST> mtu 1500 qdisc noop qlen 1000
root@salvator-x:~# 
root@salvator-x:~# ifconfig usb0 192.168.0.2 up
root@salvator-x:~# 

---------- HOST-PC -----------
[14549.669755] cdc_ncm 2-2:1.0 enx12ed455d4c5f: renamed from usb0
dmesg 2>&1 |grep 'renamed from usb0'

sudo ifconfig enx12ed455d4c5f 192.168.0.3 up
enx00e0006095bd: flags=4163<UP,BROADCAST,RUNNING,MULTICAST>  mtu 1500
        inet 192.168.8.8  netmask 255.255.255.0  broadcast 192.168.8.255
        ether 00:e0:00:60:95:bd  txqueuelen 1000  (Ethernet)
        RX packets 3415872  bytes 421115424 (421.1 MB)
        RX errors 0  dropped 14543  overruns 0  frame 0
        TX packets 5022364  bytes 6829139100 (6.8 GB)
        TX errors 0  dropped 0 overruns 0  carrier 0  collisions 0

enx12ed455d4c5f: flags=4163<UP,BROADCAST,RUNNING,MULTICAST>  mtu 1500
        inet 192.168.0.3  netmask 255.255.255.0  broadcast 192.168.0.255
        inet6 fe80::7eba:6106:c6de:fbcd  prefixlen 64  scopeid 0x20<link>
        ether 12:ed:45:5d:4c:5f  txqueuelen 1000  (Ethernet)
        RX packets 2  bytes 148 (148.0 B)
        RX errors 0  dropped 0  overruns 0  frame 0
        TX packets 2  bytes 443 (443.0 B)
        TX errors 0  dropped 0 overruns 0  carrier 0  collisions 0

lo: flags=73<UP,LOOPBACK,RUNNING>  mtu 65536
        inet 127.0.0.1  netmask 255.0.0.0
        inet6 ::1  prefixlen 128  scopeid 0x10<host>
        loop  txqueuelen 1000  (Local Loopback)
        RX packets 230893  bytes 73732362 (73.7 MB)
        RX errors 0  dropped 0  overruns 0  frame 0
        TX packets 230893  bytes 73732362 (73.7 MB)
        TX errors 0  dropped 0 overruns 0  carrier 0  collisions 0

wlp59s0: flags=4163<UP,BROADCAST,RUNNING,MULTICAST>  mtu 1500
        inet 192.168.4.12  netmask 255.255.248.0  broadcast 192.168.7.255
        inet6 fe80::2885:7f4a:87f8:ff15  prefixlen 64  scopeid 0x20<link>
        ether 38:ba:f8:7b:f4:c6  txqueuelen 1000  (Ethernet)
        RX packets 1548805  bytes 1564625459 (1.5 GB)
        RX errors 0  dropped 0  overruns 0  frame 0
        TX packets 2311303  bytes 2727165889 (2.7 GB)
        TX errors 0  dropped 0 overruns 0  carrier 0  collisions 0



---------- BOARD -----------

root@salvator-x:~# iperf3 -c 192.168.0.3
Connecting to host 192.168.0.3, port 5201
[  5] local 192.168.0.2 port 34480 connected to 192.168.0.3 port 5201
[ ID] Interval           Transfer     Bitrate         Retr  Cwnd
[  5]   0.00-1.00   sec  29.6 MBytes   248 Mbits/sec    0    395 KBytes       
[  5]   1.00-2.00   sec  30.5 MBytes   256 Mbits/sec    0    711 KBytes       
[  5]   2.00-3.00   sec  30.4 MBytes   255 Mbits/sec    0    894 KBytes       
[  5]   3.00-4.00   sec  31.5 MBytes   264 Mbits/sec    0   1.02 MBytes       
[  5]   4.00-5.00   sec  29.6 MBytes   249 Mbits/sec    0   1.51 MBytes       
[  5]   5.00-6.00   sec  31.9 MBytes   267 Mbits/sec    0   1.70 MBytes       
[  5]   6.00-7.00   sec  28.6 MBytes   240 Mbits/sec    0   1.83 MBytes       
[  5]   7.00-8.00   sec  30.4 MBytes   255 Mbits/sec    0   2.07 MBytes       
[  5]   8.00-9.00   sec  30.2 MBytes   254 Mbits/sec    0   2.19 MBytes       
[  5]   9.00-10.03  sec  27.2 MBytes   223 Mbits/sec    0   2.19 MBytes       
- - - - - - - - - - - - - - - - - - - - - - - - -
[ ID] Interval           Transfer     Bitrate         Retr
[  5]   0.00-10.03  sec   301 MBytes   252 Mbits/sec    0             sender
[  5]   0.00-10.07  sec   301 MBytes   251 Mbits/sec                  receiver

iperf Done.
root@salvator-x:~# sh: 1: : not found
iperf3: interrupt - the server has terminated


---------- HOST-PC -----------
iperf3 -s &
-----------------------------------------------------------
Server listening on 5201
-----------------------------------------------------------
Accepted connection from 192.168.0.2, port 34472
[ 10] local 192.168.0.3 port 5201 connected to 192.168.0.2 port 34480
[ ID] Interval           Transfer     Bitrate
[ 10]   0.00-1.00   sec  28.4 MBytes   238 Mbits/sec                  
[ 10]   1.00-2.00   sec  30.6 MBytes   257 Mbits/sec                  
[ 10]   2.00-3.00   sec  30.4 MBytes   255 Mbits/sec                  
[ 10]   3.00-4.00   sec  30.6 MBytes   256 Mbits/sec                  
[ 10]   4.00-5.00   sec  30.9 MBytes   260 Mbits/sec                  
[ 10]   5.00-6.00   sec  30.4 MBytes   255 Mbits/sec                  
[ 10]   6.00-7.00   sec  30.4 MBytes   255 Mbits/sec                  
[ 10]   7.00-8.00   sec  30.6 MBytes   257 Mbits/sec                  
[ 10]   8.00-9.00   sec  30.3 MBytes   254 Mbits/sec                  
[ 10]   9.00-10.00  sec  27.3 MBytes   229 Mbits/sec                  
[ 10]  10.00-10.07  sec  1.32 MBytes   157 Mbits/sec                  
- - - - - - - - - - - - - - - - - - - - - - - - -
[ ID] Interval           Transfer     Bitrate
[ 10]   0.00-10.07  sec   301 MBytes   251 Mbits/sec                  receiver
-----------------------------------------------------------
Server listening on 5201
-----------------------------------------------------------


root@salvator-x:~# rmmod g_ncm
root@salvator-x:~# 
 
#### Result: OK ####
