----------- BOARD ------------

root@salvator-x:~# modprobe g_ncm
[  197.070947] using random self ethernet address
[  197.077816] using random host ethernet address
[  197.091914] usb0: HOST MAC 66:9f:d0:7f:8f:78
[  197.098725] usb0: MAC f2:38:e6:2a:27:11
[  197.105642] g_ncm gadget: NCM Gadget
[  197.110176] g_ncm gadget: g_ncm ready
root@salvator-x:~# 
root@salvator-x:~# cat /sys/devices/platform/soc/ee020000.usb/udc/ee020000.usb/state
configured
root@salvator-x:~# 
root@salvator-x:~# ip a |grep usb
3: usb0: <BROADCAST,MULTICAST> mtu 1500 qdisc noop qlen 1000
root@salvator-x:~# 
root@salvator-x:~# ifconfig usb0 192.168.0.2 up
root@salvator-x:~# 

---------- HOST-PC -----------
[76844.615858] cdc_ncm 2-1.4:1.0 enx669fd07f8f78: renamed from usb0
dmesg 2>&1 |grep 'renamed from usb0'

sudo ifconfig enx669fd07f8f78 192.168.0.3 up
enx00e0006095bd: flags=4163<UP,BROADCAST,RUNNING,MULTICAST>  mtu 1500
        inet 192.168.8.8  netmask 255.255.255.0  broadcast 192.168.8.255
        ether 00:e0:00:60:95:bd  txqueuelen 1000  (Ethernet)
        RX packets 6201359  bytes 670806048 (670.8 MB)
        RX errors 0  dropped 88086  overruns 0  frame 0
        TX packets 8097456  bytes 11306598931 (11.3 GB)
        TX errors 0  dropped 0 overruns 0  carrier 0  collisions 0

enx669fd07f8f78: flags=4163<UP,BROADCAST,RUNNING,MULTICAST>  mtu 1500
        inet 192.168.0.3  netmask 255.255.255.0  broadcast 192.168.0.255
        inet6 fe80::75d6:50da:a466:a9a4  prefixlen 64  scopeid 0x20<link>
        ether 66:9f:d0:7f:8f:78  txqueuelen 1000  (Ethernet)
        RX packets 2  bytes 152 (152.0 B)
        RX errors 0  dropped 0  overruns 0  frame 0
        TX packets 2  bytes 443 (443.0 B)
        TX errors 0  dropped 0 overruns 0  carrier 0  collisions 0

lo: flags=73<UP,LOOPBACK,RUNNING>  mtu 65536
        inet 127.0.0.1  netmask 255.0.0.0
        inet6 ::1  prefixlen 128  scopeid 0x10<host>
        loop  txqueuelen 1000  (Local Loopback)
        RX packets 352120  bytes 98680587 (98.6 MB)
        RX errors 0  dropped 0  overruns 0  frame 0
        TX packets 352120  bytes 98680587 (98.6 MB)
        TX errors 0  dropped 0 overruns 0  carrier 0  collisions 0

wlp59s0: flags=4163<UP,BROADCAST,RUNNING,MULTICAST>  mtu 1500
        inet 192.168.4.12  netmask 255.255.248.0  broadcast 192.168.7.255
        inet6 fe80::2885:7f4a:87f8:ff15  prefixlen 64  scopeid 0x20<link>
        ether 38:ba:f8:7b:f4:c6  txqueuelen 1000  (Ethernet)
        RX packets 2213874  bytes 2240435470 (2.2 GB)
        RX errors 0  dropped 0  overruns 0  frame 0
        TX packets 1038453  bytes 412939932 (412.9 MB)
        TX errors 0  dropped 0 overruns 0  carrier 0  collisions 0

PING 192.168.0.2 (192.168.0.2) 56(84) bytes of data.
64 bytes from 192.168.0.2: icmp_seq=1 ttl=64 time=4.56 ms
64 bytes from 192.168.0.2: icmp_seq=2 ttl=64 time=1.88 ms
64 bytes from 192.168.0.2: icmp_seq=3 ttl=64 time=1.93 ms
64 bytes from 192.168.0.2: icmp_seq=4 ttl=64 time=1.85 ms

--- 192.168.0.2 ping statistics ---
4 packets transmitted, 4 received, 0% packet loss, time 3005ms
rtt min/avg/max/mdev = 1.853/2.555/4.560/1.157 ms


---------- HOST-PC -----------

root@salvator-x:~# rmmod g_ncm
root@salvator-x:~# 
 
#### Result: OK ####
