----------- BOARD ------------

root@salvator-x:~# modprobe g_serial
[   76.661522] g_serial gadget: Gadget Serial v2.4
[   76.666551] g_serial gadget: g_serial ready
root@salvator-x:~# 
root@salvator-x:~# cat /sys/devices/platform/soc/ee020000.usb/udc/ee020000.usb/state
not attached
root@salvator-x:~# 
root@salvator-x:~# mount -t debugfs none /sys/kernel/debug/
mount: /sys/kernel/debug: none already mounted or mount point busy.
       dmesg(1) may have more information after failed mount system call.
root@salvator-x:~# 
root@salvator-x:~# echo 1 > /sys/kernel/debug/usb/ee020000.usb/b_device
root@salvator-x:~# 
root@salvator-x:~# cat /sys/devices/platform/soc/ee020000.usb/udc/ee020000.usb/state
configured
root@salvator-x:~# 
root@salvator-x:~# ls /dev/ttyGS0
/dev/ttyGS0
root@salvator-x:~# 

---------- HOST-PC -----------

dmesg
[76727.176922] usb 2-1.4: new SuperSpeed USB device number 71 using xhci_hcd
[76727.199053] usb 2-1.4: New USB device found, idVendor=0525, idProduct=a4a7, bcdDevice= 5.10
[76727.199071] usb 2-1.4: New USB device strings: Mfr=1, Product=2, SerialNumber=0
[76727.199079] usb 2-1.4: Product: Gadget Serial v2.4
[76727.199085] usb 2-1.4: Manufacturer: Linux 5.10.218-yocto-standard with renesas_usb3
[76727.205892] cdc_acm 2-1.4:2.0: ttyACM0: USB ACM device

ls /dev/ttyACM0
/dev/ttyACM0

----------- BOARD ------------

root@salvator-x:~# cat > /dev/ttyGS0
abcd...
123456
^C
root@salvator-x:~# 
root@salvator-x:~# 

---------- HOST-PC -----------

cat /dev/ttyACM0
abcd...
123456

root@salvator-x:~# rmmod g_serial
root@salvator-x:~# 
 
#### Result: OK ####
