NOTICE:  BL2: R-Car Gen3 Initial Program Loader(CA53) Rev.3.0.3
NOTICE:  BL2: PRR is R-Car E3 Ver.1.1
NOTICE:  BL2: PLL1 nonSSCG Clock select
NOTICE:  BL2: Board is Ebisu-4D Rev.1.0
NOTICE:  BL2: Boot device is HyperFlash(150MHz)
NOTICE:  BL2: LCM state is CM
NOTICE:  BL2: DDR1856(rev.0.12)
NOTICE:  BL2: [COLD_BOOT]
NOTICE:  BL2: DRAM Split is OFF
NOTICE:  BL2: QoS is default setting(rev.0.05)
NOTICE:  BL2: DRAM refresh interval 3.9 usec
NOTICE:  BL2: CH0: 400000000 - 47fffffff, 2 GiB
NOTICE:  BL2: FDT at 0xe6316c20
NOTICE:  BL2: v2.9(release):v2.9.0
NOTICE:  BL2: Built : 06:42:13, Dec 18 2023
NOTICE:  BL2: Normal boot
NOTICE:  BL2: dst=0xe6316500 src=0x8180000 len=512(0x200)
NOTICE:  BL2: dst=0x43f00000 src=0x8180400 len=6144(0x1800)
NOTICE:  rcar_file_len: len: 0x0003e000
NOTICE:  BL2: dst=0x44000000 src=0x81c0000 len=253952(0x3e000)
NOTICE:  rcar_file_len: len: 0x00200000
NOTICE:  BL2: dst=0x44100000 src=0x8200000 len=2097152(0x200000)
NOTICE:  rcar_file_len: len: 0x00100000
NOTICE:  BL2: dst=0x50000000 src=0x8640000 len=1048576(0x100000)
NOTICE:  BL2: Booting BL31


U-Boot 2023.04 (Dec 18 2023 - 06:41:43 +0000)

CPU:   Renesas Electronics R8A77990 rev 1.1
Model: Renesas Ebisu-4D board rev 1.0
DRAM:  896 MiB
Core:  73 devices, 22 uclasses, devicetree: separate
Flash: 0 Bytes
MMC:   mmc@ee100000: 1, mmc@ee120000: 2, mmc@ee160000: 0
Loading Environment from MMC... OK
In:    serial@e6e88000
Out:   serial@e6e88000
Err:   serial@e6e88000
Net:   eth0: ethernet@e6800000
Hit any key to stop autoboot:  0
ethernet@e6800000 Waiting for PHY auto negotiation to complete.......... done
Using ethernet@e6800000 device
TFTP from server 192.168.8.8; our IP address is 192.168.8.59
Filename 'long.trinh-tien/E3_full/Image'.
Load address: 0x48080000
Loading: #################################################################
         #################################################################
         #################################################################
         #################################################################
         #################################################################
         #################################################################
         #################################################################
         #################################################################
         #################################################################
         #################################################################
         #################################################################
         #################################################################
         #################################################################
         #################################################################
         #################################################################
         #################################################################
         #################################################################
         #################################################################
         #################################################################
         #################################################################
         #################################################################
         #################################################################
         #################################################################
         #################################################################
         #################################################################
         #################################################################
         #################################################################
         #################################################################
         #################################################################
         #################################################################
         #################################################################
         #################################################################
         #################################################################
         #################################################################
         #################################################################
         ######################
         858.4 KiB/s
done
Bytes transferred = 33712640 (2026a00 hex)
Using ethernet@e6800000 device
TFTP from server 192.168.8.8; our IP address is 192.168.8.59
Filename 'long.trinh-tien/E3_full/r8a77990-ebisu-4d.dtb'.
Load address: 0x48000000
Loading: ####
         911.1 KiB/s
done
Bytes transferred = 56930 (de62 hex)
Moving Image from 0x48080000 to 0x48200000, end=4a2b0000
## Flattened Device Tree blob at 48000000
   Booting using the fdt blob at 0x48000000
Working FDT set to 48000000
   Loading Device Tree to 0000000053fef000, end 0000000053fffe61 ... OK
Working FDT set to 53fef000

Starting kernel ...

[    0.000000] Booting Linux on physical CPU 0x0000000000 [0x410fd034]
[    0.000000] Linux version 5.10.218-yocto-standard (oe-user@oe-host) (aarch64-poky-linux-gcc (GCC) 13.2.0, GNU ld (GNU Binutils) 2.42.0.20240216) #1 SMP PREEMPT Sat Jun 29 06:16:20 UTC 2024
[    0.000000] Machine model: Renesas Ebisu-4D board based on r8a77990
[    0.000000] efi: UEFI not found.
[    0.000000] Reserved memory: created CMA memory pool at 0x0000000057000000, size 16 MiB
[    0.000000] OF: reserved mem: initialized node linux,adsp@57000000, compatible id shared-dma-pool
[    0.000000] Reserved memory: created CMA memory pool at 0x0000000058000000, size 256 MiB
[    0.000000] OF: reserved mem: initialized node linux,cma@58000000, compatible id shared-dma-pool
[    0.000000] Reserved memory: created CMA memory pool at 0x0000000068000000, size 64 MiB
[    0.000000] OF: reserved mem: initialized node linux,multimedia@68000000, compatible id shared-dma-pool
[    0.000000] NUMA: No NUMA configuration found
[    0.000000] NUMA: Faking a node at [mem 0x0000000048000000-0x000000007fffffff]
[    0.000000] NUMA: NODE_DATA [mem 0x7fe13b00-0x7fe15fff]
[    0.000000] Zone ranges:
[    0.000000]   DMA      [mem 0x0000000048000000-0x000000007fffffff]
[    0.000000]   DMA32    empty
[    0.000000]   Normal   empty
[    0.000000] Movable zone start for each node
[    0.000000] Early memory node ranges
[    0.000000]   node   0: [mem 0x0000000048000000-0x0000000053ffffff]
[    0.000000]   node   0: [mem 0x0000000054000000-0x0000000056ffffff]
[    0.000000]   node   0: [mem 0x0000000057000000-0x000000007fffffff]
[    0.000000] Initmem setup node 0 [mem 0x0000000048000000-0x000000007fffffff]
[    0.000000] psci: probing for conduit method from DT.
[    0.000000] psci: PSCIv1.1 detected in firmware.
[    0.000000] psci: Using standard PSCI v0.2 function IDs
[    0.000000] psci: Trusted OS migration not required
[    0.000000] psci: SMC Calling Convention v1.2
[    0.000000] percpu: Embedded 23 pages/cpu s56984 r8192 d29032 u94208
[    0.000000] Detected VIPT I-cache on CPU0
[    0.000000] CPU features: detected: ARM erratum 845719
[    0.000000] Built 1 zonelists, mobility grouping on.  Total pages: 225792
[    0.000000] Policy zone: DMA
[    0.000000] Kernel command line: rw root=/dev/nfs nfsroot=192.168.8.8:/tftpboot/long.trinh-tien/E3_full/rootfs,nfsvers=4 ip=192.168.8.20 baudrate=115200
[    0.000000] Dentry cache hash table entries: 131072 (order: 8, 1048576 bytes, linear)
[    0.000000] Inode-cache hash table entries: 65536 (order: 7, 524288 bytes, linear)
[    0.000000] mem auto-init: stack:all(zero), heap alloc:off, heap free:off
[    0.000000] Memory: 470684K/917504K available (15552K kernel code, 2842K rwdata, 8248K rodata, 6144K init, 518K bss, 102756K reserved, 344064K cma-reserved)
[    0.000000] SLUB: HWalign=64, Order=0-3, MinObjects=0, CPUs=2, Nodes=1
[    0.000000] rcu: Preemptible hierarchical RCU implementation.
[    0.000000] rcu:     RCU event tracing is enabled.
[    0.000000] rcu:     RCU restricting CPUs from NR_CPUS=256 to nr_cpu_ids=2.
[    0.000000]  Trampoline variant of Tasks RCU enabled.
[    0.000000] rcu: RCU calculated value of scheduler-enlistment delay is 25 jiffies.
[    0.000000] rcu: Adjusting geometry for rcu_fanout_leaf=16, nr_cpu_ids=2
[    0.000000] NR_IRQS: 64, nr_irqs: 64, preallocated irqs: 0
[    0.000000] arch_timer: cp15 timer(s) running at 24.00MHz (virt).
[    0.000000] clocksource: arch_sys_counter: mask: 0xffffffffffffff max_cycles: 0x588fe9dc0, max_idle_ns: 440795202592 ns
[    0.000006] sched_clock: 56 bits at 24MHz, resolution 41ns, wraps every 4398046511097ns
[    0.000384] Console: colour dummy device 80x25
[    0.000762] printk: console [tty0] enabled
[    0.000928] Calibrating delay loop (skipped), value calculated using timer frequency.. 48.00 BogoMIPS (lpj=96000)
[    0.000958] pid_max: default: 32768 minimum: 301
[    0.001045] LSM: Security Framework initializing
[    0.001132] Mount-cache hash table entries: 2048 (order: 2, 16384 bytes, linear)
[    0.001151] Mountpoint-cache hash table entries: 2048 (order: 2, 16384 bytes, linear)
[    0.003072] rcu: Hierarchical SRCU implementation.
[    0.005041] Detected Renesas R-Car Gen3 r8a77990 ES1.1
[    0.006788] EFI services will not be available.
[    0.007282] smp: Bringing up secondary CPUs ...
[    0.007990] Detected VIPT I-cache on CPU1
[    0.008107] CPU1: Booted secondary processor 0x0000000001 [0x410fd034]
[    0.008265] smp: Brought up 1 node, 2 CPUs
[    0.008310] SMP: Total of 2 processors activated.
[    0.008325] CPU features: detected: 32-bit EL0 Support
[    0.008337] CPU features: detected: CRC32 instructions
[    0.008350] CPU features: detected: 32-bit EL1 Support
[    0.019378] CPU: All CPU(s) started at EL1
[    0.019458] alternatives: patching kernel code
[    0.021028] devtmpfs: initialized
[    0.029949] KASLR disabled due to lack of seed
[    0.030265] clocksource: jiffies: mask: 0xffffffff max_cycles: 0xffffffff, max_idle_ns: 7645041785100000 ns
[    0.030307] futex hash table entries: 512 (order: 3, 32768 bytes, linear)
[    0.040686] pinctrl core: initialized pinctrl subsystem
[    0.042886] DMI not present or invalid.
[    0.043821] NET: Registered protocol family 16
[    0.045798] DMA: preallocated 128 KiB GFP_KERNEL pool for atomic allocations
[    0.045959] DMA: preallocated 128 KiB GFP_KERNEL|GFP_DMA pool for atomic allocations
[    0.046074] DMA: preallocated 128 KiB GFP_KERNEL|GFP_DMA32 pool for atomic allocations
[    0.046229] audit: initializing netlink subsys (disabled)
[    0.046648] audit: type=2000 audit(0.044:1): state=initialized audit_enabled=0 res=1
[    0.048352] thermal_sys: Registered thermal governor 'power_allocator'
[    0.048978] cpuidle: using governor menu
[    0.049298] hw-breakpoint: found 6 breakpoint and 4 watchpoint registers.
[    0.049407] ASID allocator initialised with 65536 entries
[    0.051449] Serial: AMBA PL011 UART driver
[    0.099463] sh-pfc e6060000.pinctrl: r8a77990_pfc support registered
[    0.117047] HugeTLB registered 1.00 GiB page size, pre-allocated 0 pages
[    0.117097] HugeTLB registered 32.0 MiB page size, pre-allocated 0 pages
[    0.117110] HugeTLB registered 2.00 MiB page size, pre-allocated 0 pages
[    0.117121] HugeTLB registered 64.0 KiB page size, pre-allocated 0 pages
[    0.118521] cryptd: max_cpu_qlen set to 1000
[    0.122057] ACPI: Interpreter disabled.
[    0.127711] rcar_avs_init: cannot find compatible dts node
[    0.130671] iommu: Default domain type: Translated
[    0.131742] ipmmu-vmsa e67b0000.iommu: IPMMU context 0 is reserved
[    0.134116] vgaarb: loaded
[    0.134612] SCSI subsystem initialized
[    0.135262] usbcore: registered new interface driver usbfs
[    0.135322] usbcore: registered new interface driver hub
[    0.135363] usbcore: registered new device driver usb
[    0.138983] i2c-sh_mobile e60b0000.i2c: I2C adapter 7, bus speed 400000 Hz
[    0.140160] mc: Linux media interface: v0.10
[    0.140221] videodev: Linux video capture interface: v2.00
[    0.140352] pps_core: LinuxPPS API ver. 1 registered
[    0.140363] pps_core: Software ver. 5.3.6 - Copyright 2005-2007 Rodolfo Giometti <giometti@linux.it>
[    0.140386] PTP clock support registered
[    0.140851] EDAC MC: Ver: 3.0.0
[    0.144630] FPGA manager framework
[    0.144781] Advanced Linux Sound Architecture Driver Initialized.
[    0.146294] clocksource: Switched to clocksource arch_sys_counter
[    0.146665] VFS: Disk quotas dquot_6.6.0
[    0.146749] VFS: Dquot-cache hash table entries: 512 (order 0, 4096 bytes)
[    0.147008] pnp: PnP ACPI: disabled
[    0.152722] NET: Registered protocol family 2
[    0.152955] IP idents hash table entries: 16384 (order: 5, 131072 bytes, linear)
[    0.153762] tcp_listen_portaddr_hash hash table entries: 512 (order: 1, 8192 bytes, linear)
[    0.153822] TCP established hash table entries: 8192 (order: 4, 65536 bytes, linear)
[    0.153968] TCP bind hash table entries: 8192 (order: 5, 131072 bytes, linear)
[    0.154138] TCP: Hash tables configured (established 8192 bind 8192)
[    0.154409] UDP hash table entries: 512 (order: 2, 16384 bytes, linear)
[    0.154449] UDP-Lite hash table entries: 512 (order: 2, 16384 bytes, linear)
[    0.154705] NET: Registered protocol family 1
[    0.155490] RPC: Registered named UNIX socket transport module.
[    0.155528] RPC: Registered udp transport module.
[    0.155539] RPC: Registered tcp transport module.
[    0.155548] RPC: Registered tcp NFSv4.1 backchannel transport module.
[    0.155577] PCI: CLS 0 bytes, default 64
[    0.156655] hw perfevents: enabled with armv8_cortex_a53 PMU driver, 7 counters available
[    0.157508] kvm [1]: HYP mode not available
[    0.161660] Initialise system trusted keyrings
[    0.162084] workingset: timestamp_bits=42 max_order=18 bucket_order=0
[    0.168010] squashfs: version 4.0 (2009/01/31) Phillip Lougher
[    0.168994] NFS: Registering the id_resolver key type
[    0.169073] Key type id_resolver registered
[    0.169083] Key type id_legacy registered
[    0.169180] nfs4filelayout_init: NFSv4 File Layout Driver Registering...
[    0.169195] nfs4flexfilelayout_init: NFSv4 Flexfile Layout Driver Registering...
[    0.169516] 9p: Installing v9fs 9p2000 file system support
[    0.205761] Key type asymmetric registered
[    0.205812] Asymmetric key parser 'x509' registered
[    0.205914] Block layer SCSI generic (bsg) driver version 0.4 loaded (major 243)
[    0.205933] io scheduler mq-deadline registered
[    0.205949] io scheduler kyber registered
[    0.221868] gpio_rcar e6050000.gpio: driving 18 GPIOs
[    0.223137] gpio_rcar e6051000.gpio: driving 23 GPIOs
[    0.224008] gpio_rcar e6052000.gpio: driving 26 GPIOs
[    0.224872] gpio_rcar e6053000.gpio: driving 16 GPIOs
[    0.225708] gpio_rcar e6054000.gpio: driving 11 GPIOs
[    0.226801] gpio_rcar e6055000.gpio: driving 20 GPIOs
[    0.227778] gpio_rcar e6055400.gpio: driving 18 GPIOs
[    0.233188] rcar-pcie fe000000.pcie: host bridge /soc/pcie@fe000000 ranges:
[    0.233264] rcar-pcie fe000000.pcie:       IO 0x00fe100000..0x00fe1fffff -> 0x0000000000
[    0.233321] rcar-pcie fe000000.pcie:      MEM 0x00fe200000..0x00fe3fffff -> 0x00fe200000
[    0.233348] rcar-pcie fe000000.pcie:      MEM 0x0030000000..0x0037ffffff -> 0x0030000000
[    0.233370] rcar-pcie fe000000.pcie:      MEM 0x0038000000..0x003fffffff -> 0x0038000000
[    0.233396] rcar-pcie fe000000.pcie:   IB MEM 0x0040000000..0x00bfffffff -> 0x0040000000
[    0.233476] rcar-pcie fe000000.pcie: no pcie3v3 regulator found
[    0.233492] rcar-pcie fe000000.pcie: no pcie1v8 regulator found
[    0.286285] rcar-pcie fe000000.pcie: PCIe link down
[    0.290125] EINJ: ACPI disabled.
[    0.338174] Serial: 8250/16550 driver, 4 ports, IRQ sharing enabled
[    0.343015] SuperH (H)SCI(F) driver initialized
[    0.343937] e6e88000.serial: ttySC0 at MMIO 0xe6e88000 (irq = 119, base_baud = 0) is a scif
[    1.314420] printk: console [ttySC0] enabled
[    1.321405] msm_serial: driver initialized
[    1.347985] loop: module loaded
[    1.354084] megasas: 07.714.04.00-rc1
[    1.369585] tun: Universal TUN/TAP device driver, 1.6
[    1.376730] thunder_xcv, ver 1.0
[    1.380149] thunder_bgx, ver 1.0
[    1.383450] nicpf, ver 1.0
[    1.389010] hclge is initializing
[    1.392523] hns3: Hisilicon Ethernet Network Driver for Hip08 Family - version
[    1.399787] hns3: Copyright (c) 2017 Huawei Corporation.
[    1.405277] e1000: Intel(R) PRO/1000 Network Driver
[    1.410177] e1000: Copyright (c) 1999-2006 Intel Corporation.
[    1.416004] e1000e: Intel(R) PRO/1000 Network Driver
[    1.420987] e1000e: Copyright(c) 1999 - 2015 Intel Corporation.
[    1.426959] igb: Intel(R) Gigabit Ethernet Network Driver
[    1.432378] igb: Copyright (c) 2007-2014 Intel Corporation.
[    1.438013] igbvf: Intel(R) Gigabit Virtual Function Network Driver
[    1.444302] igbvf: Copyright (c) 2009 - 2012 Intel Corporation.
[    1.451441] sky2: driver version 1.30
[    1.460945] ravb e6800000.ethernet eth0: Base address at 0xe6800000, 2e:09:0a:03:87:d5, IRQ 114.
[    1.473008] VFIO - User Level meta-driver version: 0.3
[    1.482718] ehci_hcd: USB 2.0 'Enhanced' Host Controller (EHCI) Driver
[    1.489345] ehci-pci: EHCI PCI platform driver
[    1.493863] ehci-platform: EHCI generic platform driver
[    1.500176] ehci-orion: EHCI orion driver
[    1.504806] ehci-exynos: EHCI Exynos driver
[    1.509397] ohci_hcd: USB 1.1 'Open' Host Controller (OHCI) Driver
[    1.515664] ohci-pci: OHCI PCI platform driver
[    1.520261] ohci-platform: OHCI generic platform driver
[    1.526503] ohci-exynos: OHCI Exynos driver
[    1.532407] xhci-hcd ee000000.usb: xHCI Host Controller
[    1.537774] xhci-hcd ee000000.usb: new USB bus registered, assigned bus number 1
[    1.560218] xhci-hcd ee000000.usb: hcc params 0x014051ce hci version 0x100 quirks 0x0000000000830410
[    1.569475] xhci-hcd ee000000.usb: irq 140, io mem 0xee000000
[    1.575475] xhci-hcd ee000000.usb: xHCI Host Controller
[    1.580752] xhci-hcd ee000000.usb: new USB bus registered, assigned bus number 2
[    1.588191] xhci-hcd ee000000.usb: Host supports USB 3.0 SuperSpeed
[    1.595414] hub 1-0:1.0: USB hub found
[    1.599238] hub 1-0:1.0: 1 port detected
[    1.603579] usb usb2: We don't know the algorithms for LPM for this host, disabling LPM.
[    1.612352] hub 2-0:1.0: USB hub found
[    1.616162] hub 2-0:1.0: 1 port detected
[    1.622025] usbcore: registered new interface driver usb-storage
[    1.631978] renesas_usbhs e6590000.usb: host probed
[    1.636987] renesas_usbhs e6590000.usb: no transceiver found
[    1.642857] renesas_usbhs e6590000.usb: gadget probed
[    1.648132] renesas_usbhs e6590000.usb: probed
[    1.657984] i2c /dev entries driver
[    1.667893] pca953x 0-0020: supply vcc not found, using dummy regulator
[    1.674819] pca953x 0-0020: using no AI
[    1.682888] adv7511 0-0039: supply avdd not found, using dummy regulator
[    1.689899] adv7511 0-0039: supply dvdd not found, using dummy regulator
[    1.696910] adv7511 0-0039: supply pvdd not found, using dummy regulator
[    1.703701] adv7511 0-0039: supply bgvdd not found, using dummy regulator
[    1.710650] adv7511 0-0039: supply dvdd-3v not found, using dummy regulator
[    1.728952] i2c-rcar e6500000.i2c: probed
[    1.743443] cs2000-cp 3-004f: revision - C1
[    1.747884] i2c-rcar e66d0000.i2c: probed
[    1.754739] adv748x 0-0070: Endpoint /soc/i2c@e6500000/video-receiver@70/port@7/endpoint on port 7
[    1.763806] adv748x 0-0070: Endpoint /soc/i2c@e6500000/video-receiver@70/port@8/endpoint on port 8
[    1.772814] adv748x 0-0070: Endpoint /soc/i2c@e6500000/video-receiver@70/port@a/endpoint on port 10
[    1.782977] adv748x 0-0070: chip found @ 0xe0 revision 2143
[    1.880024] rcar-csi2 feaa0000.csi2: 2 lanes found
[    1.890516] rcar-vin e6ef4000.video: Device registered as video0
[    1.896744] rcar-vin e6ef5000.video: Device registered as video1
[    1.904281] usbcore: registered new interface driver uvcvideo
[    1.910463] USB Video Class driver (1.1.1)
[    1.921442] rcar_thermal e6190000.thermal: 1 sensor probed
[    1.935751] cpu cpu0: EM: invalid perf. state: -22
[    1.947488] sdhci: Secure Digital Host Controller Interface driver
[    1.953771] sdhci: Copyright(c) Pierre Ossman
[    1.960578] renesas_sdhi_internal_dmac ee100000.mmc: Got CD GPIO
[    1.966761] renesas_sdhi_internal_dmac ee100000.mmc: Got WP GPIO
[    1.976090] renesas_sdhi_internal_dmac ee120000.mmc: Got CD GPIO
[    1.987491] renesas_sdhi_internal_dmac ee160000.mmc: Adding to iommu group 0
[    1.994717] renesas_sdhi_internal_dmac ee160000.mmc: Using IPMMU context 1
[    2.051759] renesas_sdhi_internal_dmac ee160000.mmc: mmc0 base at 0x00000000ee160000, max clock rate 200 MHz
[    2.063700] Synopsys Designware Multimedia Card Interface Driver
[    2.073671] sdhci-pltfm: SDHCI platform and OF driver helper
[    2.084382] ledtrig-cpu: registered to indicate activity on CPUs
[    2.093010] SMCCC: SOC_ID: ARCH_SOC_ID not implemented, skipping ....
[    2.101462] usbcore: registered new interface driver usbhid
[    2.107203] usbhid: USB HID core driver
[    2.120764] optee: probing for conduit method.
[    2.125377] optee: revision 4.0 (2a5b1d12)
[    2.125849] optee driver R-Car Rev.1.0.11
[    2.134719] optee: dynamic shared memory is enabled
[    2.140416] optee: initialized driver
[    2.160697] rcar_sound ec500000.sound: probed
[    2.166745] rcar_adsp_sound adsp_sound: probed
[    2.172126] NET: Registered protocol family 17
[    2.176985] 9pnet: Installing 9P2000 support
[    2.181484] Key type dns_resolver registered
[    2.187036] registered taskstats version 1
[    2.191248] Loading compiled-in X.509 certificates
[    2.198605] mmc0: new HS400 MMC card at address 0001
[    2.205206] mmcblk0: mmc0:0001 DG4032 29.1 GiB
[    2.210599] mmcblk0boot0: mmc0:0001 DG4032 partition 1 4.00 MiB
[    2.212061] thermal emergency: set temperature to 110 celsius
[    2.217260] mmcblk0boot1: mmc0:0001 DG4032 partition 2 4.00 MiB
[    2.222730] thermal emergency: shutdown target cpus 1
[    2.233601] thermal emergency: freq scaled target cpus 0
[    2.233695] mmcblk0rpmb: mmc0:0001 DG4032 partition 3 4.00 MiB, chardev (509:0)
[    2.239669] renesas_irqc e61c0000.interrupt-controller: driving 6 irqs
[    2.283848]  mmcblk0: p1 p2
[    2.306354] ehci-platform ee080100.usb: EHCI Host Controller
[    2.312216] ehci-platform ee080100.usb: new USB bus registered, assigned bus number 3
[    2.320254] ehci-platform ee080100.usb: irq 142, io mem 0xee080100
[    2.342385] ehci-platform ee080100.usb: USB 2.0 started, EHCI 1.10
[    2.349828] hub 3-0:1.0: USB hub found
[    2.353685] hub 3-0:1.0: 1 port detected
[    2.361318] ohci-platform ee080000.usb: Generic Platform OHCI controller
[    2.368411] ohci-platform ee080000.usb: new USB bus registered, assigned bus number 4
[    2.376485] ohci-platform ee080000.usb: irq 142, io mem 0xee080000
[    2.473323] hub 4-0:1.0: USB hub found
[    2.477193] hub 4-0:1.0: 1 port detected
[    2.486008] renesas_sdhi_internal_dmac ee100000.mmc: Got CD GPIO
[    2.492359] renesas_sdhi_internal_dmac ee100000.mmc: Got WP GPIO
[    2.548212] renesas_sdhi_internal_dmac ee100000.mmc: mmc1 base at 0x00000000ee100000, max clock rate 200 MHz
[    2.563134] renesas_sdhi_internal_dmac ee120000.mmc: Got CD GPIO
[    2.619134] renesas_sdhi_internal_dmac ee120000.mmc: mmc2 base at 0x00000000ee120000, max clock rate 200 MHz
[    2.654172] [drm] Initialized rcar-du 1.0.0 20130110 for feb00000.display on minor 0
[    2.662199] [drm] Device feb00000.display probed
[    2.713613] Console: switching to colour frame buffer device 128x48
[    2.736082] rcar-du feb00000.display: [drm] fb0: rcar-dudrmfb frame buffer device
[    2.817868] ravb e6800000.ethernet eth0: limited PHY to 100Mbit/s
[    2.824248] Micrel KSZ9031 Gigabit PHY e6800000.ethernet-ffffffff:00: attached PHY driver [Micrel KSZ9031 Gigabit PHY] (mii_bus:phy_addr=e6800000.ethernet-ffffffff:00, irq=147)
[    4.399651] ravb e6800000.ethernet eth0: Link is Up - 100Mbps/Full - flow control off
[    4.422322] IP-Config: Guessing netmask 255.255.255.0
[    4.427521] IP-Config: Complete:
[    4.430838]      device=eth0, hwaddr=2e:09:0a:03:87:d5, ipaddr=192.168.8.20, mask=255.255.255.0, gw=255.255.255.255
[    4.441497]      host=192.168.8.20, domain=, nis-domain=(none)
[    4.447463]      bootserver=255.255.255.255, rootserver=192.168.8.8, rootpath=
[    4.447767] clk: Disabling unused clocks
[    4.459727] ALSA device list:
[    4.462801]   #0: rcar-sound
[    4.532264] VFS: Mounted root (nfs4 filesystem) on device 0:22.
[    4.541330] devtmpfs: mounted
[    4.548151] Freeing unused kernel memory: 6144K
[    4.558547] Run /sbin/init as init process
[    5.671202] systemd[1]: System time before build time, advancing clock.
[    5.884062] NET: Registered protocol family 10
[    5.893322] Segment Routing with IPv6
[    6.003407] systemd[1]: systemd 255.4^ running in system mode (+PAM -AUDIT -SELINUX -APPARMOR +IMA -SMACK +SECCOMP -GCRYPT -GNUTLS -OPENSSL +ACL +BLKID -CURL -ELFUTILS -FIDO2 -IDN2 -IDN -IPTC +KMOD -LIBCRYPTSETUP +LIBFDISK -PCRE2 -PWQUALITY -P11KIT -QRENCODE -TPM2 -BZIP2 -LZ4 -XZ -ZLIB +ZSTD -BPF_FRAMEWORK -XKBCOMMON +UTMP +SYSVINIT default-hierarchy=unified)
[    6.048086] systemd[1]: Detected architecture arm64.

Welcome to Poky (Yocto Project Reference Distro) 5.0 (scarthgap)!

[    6.101685] systemd[1]: Hostname set to <ebisu>.
[    6.294448] random: crng init done
[    6.511001] systemd-sysv-generator[244]: SysV service '/etc/init.d/umountnfs.sh' lacks a native systemd unit file. ~ Automatically generating a unit file for compatibility. Please update package to include a native systemd unit file, in order to make it safe, robust and future-proof. ! This compatibility logic is deprecated, expect removal soon. !
[    6.590756] systemd-sysv-generator[244]: SysV service '/etc/init.d/set_default_governor.sh' lacks a native systemd unit file. ~ Automatically generating a unit file for compatibility. Please update package to include a native systemd unit file, in order to make it safe, robust and future-proof. ! This compatibility logic is deprecated, expect removal soon. !
[    6.665087] systemd-sysv-generator[244]: SysV service '/etc/init.d/umountfs' lacks a native systemd unit file. ~ Automatically generating a unit file for compatibility. Please update package to include a native systemd unit file, in order to make it safe, robust and future-proof. ! This compatibility logic is deprecated, expect removal soon. !
[    6.734479] systemd-sysv-generator[244]: SysV service '/etc/init.d/save-rtc.sh' lacks a native systemd unit file. ~ Automatically generating a unit file for compatibility. Please update package to include a native systemd unit file, in order to make it safe, robust and future-proof. ! This compatibility logic is deprecated, expect removal soon. !
[    6.795548] systemd-sysv-generator[244]: SysV service '/etc/init.d/reboot' lacks a native systemd unit file. ~ Automatically generating a unit file for compatibility. Please update package to include a native systemd unit file, in order to make it safe, robust and future-proof. ! This compatibility logic is deprecated, expect removal soon. !
[    6.847593] systemd-sysv-generator[244]: SysV service '/etc/init.d/halt' lacks a native systemd unit file. ~ Automatically generating a unit file for compatibility. Please update package to include a native systemd unit file, in order to make it safe, robust and future-proof. ! This compatibility logic is deprecated, expect removal soon. !
[    6.894676] systemd-sysv-generator[244]: SysV service '/etc/init.d/sendsigs' lacks a native systemd unit file. ~ Automatically generating a unit file for compatibility. Please update package to include a native systemd unit file, in order to make it safe, robust and future-proof. ! This compatibility logic is deprecated, expect removal soon. !
[    6.946664] systemd-sysv-generator[244]: SysV service '/etc/init.d/single' lacks a native systemd unit file. ~ Automatically generating a unit file for compatibility. Please update package to include a native systemd unit file, in order to make it safe, robust and future-proof. ! This compatibility logic is deprecated, expect removal soon. !
[    6.994267] systemd-sysv-generator[244]: SysV service '/etc/init.d/pvrinit' lacks a native systemd unit file. ~ Automatically generating a unit file for compatibility. Please update package to include a native systemd unit file, in order to make it safe, robust and future-proof. ! This compatibility logic is deprecated, expect removal soon. !
[    7.061305] systemd-sysv-generator[244]: SysV service '/etc/init.d/dropbear' lacks a native systemd unit file. ~ Automatically generating a unit file for compatibility. Please update package to include a native systemd unit file, in order to make it safe, robust and future-proof. ! This compatibility logic is deprecated, expect removal soon. !
[    8.993835] systemd[1]: Queued start job for default target Graphical Interface.
[    9.108544] systemd[1]: Created slice Slice /system/getty.
[  OK  ] Created slice Slice /system/getty.
[    9.142019] systemd[1]: Created slice Slice /system/modprobe.
[  OK  ] Created slice Slice /system/modprobe.
[    9.174614] systemd[1]: Created slice Slice /system/serial-getty.
[  OK  ] Created slice Slice /system/serial-getty.
[    9.205111] systemd[1]: Created slice User and Session Slice.
[  OK  ] Created slice User and Session Slice.
[    9.235541] systemd[1]: Started Dispatch Password Requests to Console Directory Watch.
[  OK  ] Started Dispatch Password Requests to Console Directory Watch.
[    9.271369] systemd[1]: Started Forward Password Requests to Wall Directory Watch.
[  OK  ] Started Forward Password Requests to Wall Directory Watch.
[    9.303089] systemd[1]: Reached target Path Units.
[  OK  ] Reached target Path Units.
[    9.330804] systemd[1]: Reached target Remote File Systems.
[  OK  ] Reached target Remote File Systems.
[    9.358770] systemd[1]: Reached target Slice Units.
[  OK  ] Reached target Slice Units.
[    9.386779] systemd[1]: Reached target Swaps.
[  OK  ] Reached target Swaps.
[    9.414959] systemd[1]: Listening on RPCbind Server Activation Socket.
[  OK  ] Listening on RPCbind Server Activation Socket.
[    9.446831] systemd[1]: Reached target RPC Port Mapper.
[  OK  ] Reached target RPC Port Mapper.
[    9.484656] systemd[1]: Listening on Syslog Socket.
[  OK  ] Listening on Syslog Socket.
[    9.511577] systemd[1]: Listening on initctl Compatibility Named Pipe.
[  OK  ] Listening on initctl Compatibility Named Pipe.
[    9.547486] systemd[1]: Listening on Journal Audit Socket.
[  OK  ] Listening on Journal Audit Socket.
[    9.575981] systemd[1]: Listening on Journal Socket (/dev/log).
[  OK  ] Listening on Journal Socket (/dev/log).
[    9.604194] systemd[1]: Listening on Journal Socket.
[  OK  ] Listening on Journal Socket.
[    9.634754] systemd[1]: Listening on Network Service Netlink Socket.
[  OK  ] Listening on Network Service Netlink Socket.
[    9.672744] systemd[1]: Listening on udev Control Socket.
[  OK  ] Listening on udev Control Socket.
[    9.700006] systemd[1]: Listening on udev Kernel Socket.
[  OK  ] Listening on udev Kernel Socket.
[    9.730548] systemd[1]: Listening on User Database Manager Socket.
[  OK  ] Listening on User Database Manager Socket.
[    9.773633] systemd[1]: Mounting Huge Pages File System...
         Mounting Huge Pages File System...
[    9.806540] systemd[1]: Mounting POSIX Message Queue File System...
         Mounting POSIX Message Queue File System...
[    9.837894] systemd[1]: Mounting Kernel Debug File System...
         Mounting Kernel Debug File System...
[    9.875422] systemd[1]: Kernel Trace File System was skipped because of an unmet condition check (ConditionPathExists=/sys/kernel/tracing).
[    9.923439] systemd[1]: Mounting Temporary Directory /tmp...
         Mounting Temporary Directory /tmp...
[    9.945932] systemd[1]: Create List of Static Device Nodes was skipped because of an unmet condition check (ConditionFileNotEmpty=/lib/modules/5.10.218-yocto-standard/modules.devname).
[    9.984837] systemd[1]: Starting Load Kernel Module configfs...
         Starting Load Kernel Module configfs...
[   10.024645] systemd[1]: Starting Load Kernel Module drm...
         Starting Load Kernel Module drm...
[   10.065716] systemd[1]: Starting Load Kernel Module fuse...
         Starting Load Kernel Module fuse...
[   10.140054] systemd[1]: Starting RPC Bind...
         Starting RPC Bind...
[   10.165756] systemd[1]: File System Check on Root Device was skipped because of an unmet condition check (ConditionPathIsReadWrite=!/).
[   10.188304] systemd[1]: systemd-journald.service: unit configures an IP firewall, but the local system does not support BPF/cgroup firewalling.
[   10.209855] systemd[1]: systemd-journald.service: (This warning is only shown for the first unit using IP firewalling.)
[   10.236709] systemd[1]: Starting Journal Service...
         Starting Journal Service...
[   10.321388] systemd[1]: Starting Load Kernel Modules...
         Starting Load Kernel Modules...
[   10.415993] systemd[1]: Starting Generate network units from Kernel command line...
         Starting Generate network units from Kernel command line...
[   10.476290] systemd[1]: Starting Remount Root and Kernel File Systems...
         Starting Remount Root and Kernel File Systems...
[   10.545987] systemd[1]: Starting Create Static Device Nodes in /dev gracefully...
         Starting Create Static Device Nodes in /dev gracefully...
[   10.619541] systemd-journald[255]: Collecting audit messages is enabled.
[   10.657056] vspm: loading out-of-tree module taints kernel.
[   10.684045] systemd[1]: Starting Coldplug All udev Devices...
         Starting Coldplug All udev Devices...
[   10.728123] systemd[1]: Started RPC Bind.
[  OK  ] Started RPC Bind.
[   10.760724] systemd[1]: Mounted Huge Pages File System.
[  OK  ] Mounted    10.773426] systemd[1]: Mounted POSIX Message Queue File System.
1;39mHuge Pages File System.
[  OK  ] Mounted POSIX Message Queue File System.
[   10.825116] systemd[1]: Mounted Kernel Debug File System.
[  OK  ] Mounted Kernel Debug File System.
[   10.938897] systemd[1]: Mounted Temporary Directory /tmp.
[  OK  ] Mounted Temporary Directory /tmp.
[   11.009003] systemd[1]: modprobe@configfs.service: Deactivated successfully.
[   11.061641] systemd[1]: Finished Load Kernel Module configfs.
[  OK  ] Finished Load Kernel Module configfs.
[   11.092058] systemd[1]: Started Journal Service.
[  OK  ] Started Journal Service.
[  OK  ] Finished Load Kernel Module drm.
[  OK  ] Finished Load Kernel Module fuse.
[  OK  ] Finished Load Kernel Modules.
[FAILED] Failed to start Generate network units from Kernel command line.
See 'systemctl status systemd-network-generator.service' for details.
[  OK  ] Finished Remount Root and Kernel File Systems.
[  OK  ] Finished Create Static Device Nodes in /dev gracefully.
[  OK  ] Reached target Preparation for Network.
         Mounting Kernel Configuration File System...
         Starting Flush Journal to Persistent Storage...
         Starting Apply Kernel Variables...
         Starting Create Static Device Nodes in /dev...
[  OK  ] Mounted Kernel Configuration File System.
[   11.768766] systemd-journald[255]: Received client request to flush runtime journal.
[  OK  ] Finished Flush Journal to Persistent Storage.
[  OK  ] Finished Create Static Device Nodes in /dev.
[  OK  ] Reached target Preparation for Local File Systems.
         Mounting /var/volatile...
         Starting Rule-based Manager for Device Events and Files...
[  OK  ] Finished Apply Kernel Variables.
[  OK  ] Mounted /var/volatile.
         Starting Load/Save OS Random Seed...
[  OK  ] Reached target Local File Systems.
         Starting Create Volatile Files and Directories...
[  OK  ] Finished Load/Save OS Random Seed.
[  OK  ] Finished Coldplug All udev Devices.
[  OK  ] Started Rule-based Manager for Device Events and Files.
         Starting Network Configuration...
         Starting User Database Manager...
[  OK  ] Finished Create Volatile Files and Directories.
         Starting Network Name Resolution...
[   13.497647] ravb_streaming/searching for ravb interface
         Starting Network Time Synchronization...
[   13.548861] ravb_streaming/init: start(eth0)
         Starting Record System Boot/Shutdown in UTMP...
[  OK  ] Started User Database Manager.
[   13.841055] ravb_streaming/init: successwn in UTMP.

[   13.900351] ravb-mch ec5a0100.avb-mch: probe: start
[   13.958770] ravb-mch ec5a0100.avb-mch: probe: success
[  OK  ] Started Network Configuration.
[  OK  ] Started Network Name Resolution.
[  OK  ] Reached target Network.
[  OK  ] Reached target Host and Network Name Lookups.
[  OK  ] Started Network Time Synchronization.
[  OK  ] Reached target System Initialization.
[  OK  ] Started Daily Cleanup of Temporary Directories.
[  OK  ] Reached target System Time Set.
[  OK  ] Reached target Timer Units.
[  OK  ] Listening on Avahi mDNS/DNS-SD Stack Activation Socket.
[  OK  ] Listening on D-Bus System Message Bus Socket.
[  OK  ] Listening on dropbear.socket.
[  OK  ] Reached target Socket Units.
[  OK  ] Reached target Basic System.
         Starting Avahi mDNS/DNS-SD Stack...
[  OK  ] Started Kernel Logging Service.
[  OK  ] Started System Logging Service.
         Starting D-Bus System Message Bus...
[  OK  ] Started optee services.
         Starting pvrinit.service...
         Starting PowerVR consumer services...
         Starting User Login Management...
         Starting Permit User Sessions...
[  OK  ] Started D-Bus System Message Bus.
[  OK  ] Finished Permit User Sessions.
[  OK  ] Started Getty on tty1.
[  OK  ] Started Serial Getty on ttySC0.
[  OK  ] Reached target Login Prompts.
[  OK  ] Started Avahi mDNS/DNS-SD Stack.
[   17.342753] PVR_K:  365: Read BVNC 22.67.54.30 from HW device registers
[   17.358680] PVR_K:  365: RGX Device registered with BVNC 22.67.54.30
[   17.379204] pvrsrvkm fd000000.gsx: Found 2 OPP points.
[   17.396863] pvrsrvkm fd000000.gsx: opp[1/2]: (300000000 Hz, 820000 uV)
[   17.406787] pvrsrvkm fd000000.gsx: opp[2/2]: (600000000 Hz, 820000 uV)
[   17.448805] PVR_K:  365: RGX Firmware image 'rgx.fw.22.67.54.30' loaded
[   17.510974] PVR_K:  365: Shader binary image 'rgx.sh.22.67.54.30' loaded
[   17.531083] [drm] Initialized pvr 1.15.6052913 20170530 for fd000000.gsx on minor 1
[  OK  ] Started pvrinit.service.
         Starting set_default_governor.service...
[  OK  ] Started User Login Management.
[  OK  ] Started set_default_governor.service.
[  OK  ] Finished PowerVR consumer services.
[  OK  ] Reached target Multi-User System.
[  OK  ] Reached target Graphical Interface.
         Starting Record Runlevel Change in UTMP...
[  OK  ] Finished Record Runlevel Change in UTMP.
[   18.731602] adsp ec800000.adsp: assigned reserved memory node linux,adsp@57000000
[   18.835478] adsp ec800000.adsp: virt_addr=000000001c3f8e12 phy_addr=0x57000000 size=16777216
[   18.862892] XF-IPC: failed to get adsp local memory itcm0
[   18.874122] adsp: probe of ec800000.adsp failed with error -2
[   18.885675] XF: IPC layer initialization failed: -19

Poky (Yocto Project Reference Distro) 5.0 ebisu ttySC0

ebisu login: [   19.953827] rcar_sound ec500000.sound: Can't update kctrl when idle
[   20.429354] rcar_sound ec500000.sound: Can't update kctrl when idle
[   20.463657] audit: type=1006 audit(1721276651.083:2): pid=441 uid=0 old-auid=4294967295 auid=0 tty=(none) old-ses=4294967295 ses=1 res=1
[   35.810349] SDHI0 VccQ: disabling
[   35.813709] SDHI1 VccQ: disabling
root

WARNING: Poky is a reference Yocto Project distribution that should be used for
testing and development purposes only. It is recommended that you create your
own distribution for production use.

root@ebisu:~# modprobe -a mmngr mmngrbuf
[   55.841119] rgnmm_drv mmngr: assigned reserved memory node linux,multimedia@68000000
root@ebisu:~# cd v4l2-TP/Gen3_vsp2_tp
root@ebisu:~/v4l2-TP/Gen3_vsp2_tp# ls
Makefile        dstData                          dstData_ThuJul404:24:21UTC2024  rdWrapper.c          totalTest_other.mac
cmdStopWatch.c  dstData_ThuJul1803:39:11UTC2024  dstData_ThuJul404:25:49UTC2024  rdWrapper.h          usrCmd
cmdStopWatch.o  dstData_ThuJul1803:39:55UTC2024  dstData_ThuJul404:27:16UTC2024  rdWrapper.o          v4l2-subdev.h
cmdSystem.c     dstData_ThuJul1803:40:03UTC2024  main.c                          readme.txt           vsp2_tp
cmdSystem.o     dstData_ThuJul1803:40:12UTC2024  main.o                          srcData              vsp2_tp.log
cmdTemplate.c   dstData_ThuJul1803:45:27UTC2024  media-ctl                       test7111_stress.mac  vsp2_tp_e3
cmdVspm.c       dstData_ThuJul1803:46:11UTC2024  rdCommand.c                     test_loop.mac
config.h        dstData_ThuJul1803:46:20UTC2024  rdCommand.h                     totalTest.mac
drivers         dstData_ThuJul1803:46:28UTC2024  rdCommand.o                     totalTestQuick.mac
root@ebisu:~/v4l2-TP/Gen3_vsp2_tp# ./vsp2_tp_e3

## ./vsp2_tp_e3 for E3 start ( Build : Jul 18 2024 04:13:33 ) ...


>
mac run totalTest_other.mac
## ===================

##  'totalTest_other.mac' exec !!

## ===================

## success ##


MACRO>

MACRO> tt result count reset

OK    : 0

ERROR : 0

SKIP  : 0

## success ##


MACRO> tt result count start

## test result count start

## success ##


MACRO> sys rm -f ./dstData/*

## success ##


MACRO>

MACRO> tt chkmn all

@@ ----------------------------------------------

@@ Check Media = 0.0.0.1

@@ ----------------------------------------------

media       : /dev/media1

get name    : fe960000.vsp

expect name : fe960000.vsp

[R] 0.0.0.1     [ OK ]

@@ ----------------------------------------------

@@ Check Media = 0.0.0.3

@@ ----------------------------------------------

media       : /dev/media2

get name    : fe9a0000.vsp

expect name : fe9a0000.vsp

[R] 0.0.0.3     [ OK ]

## success ##


MACRO>

MACRO> tt media 1


driver name is [fe960000.vsp]



- dev rpf.0   = /dev/video2

- dev rpf.1   = /dev/video3

- dev rpf.2   = /dev/video4

- dev rpf.3   = /dev/video5

- dev rpf.4   = /dev/video6

- dev wpf.0   = /dev/video7



- bru   = /dev/v4l-subdev4

- lut   = /dev/v4l-subdev5

- clu   = /dev/v4l-subdev6

- hgo   = /dev/v4l-subdev7

- rpf.0 = /dev/v4l-subdev8

- rpf.1 = /dev/v4l-subdev9

- rpf.2 = /dev/v4l-subdev10

- rpf.3 = /dev/v4l-subdev11

- rpf.4 = /dev/v4l-subdev12

- wpf.0 = /dev/v4l-subdev13


## change media ##

  soc:vsp2@vspmvspb0  ->  fe960000.vsp


## success ##


MACRO> tt all

[R] ---------------------------------------------

[R] tt all / start Thu Jul 18 04:25:50 2024

[R] Current Media : [ fe960000.vsp ]

[R] ---------------------------------------------



@@ ----------------------------------------------

@@ test name = rpf

@@ ----------------------------------------------

@@ ----------------------------------------------

@@ RPF = 1.1.1.1

@@ ----------------------------------------------

device open = /dev/video2

device open = /dev/video7

Input  File = 1280_720_420sp.yuv

Output File = nothing


----------------------

TotalTime           =  328.84 ms

   > ProcessingTime =    3.96 ms

     WaitTime       =    3.71 ms

     DevOpenTime    =    1.32 ms

     DevCloseTime   =    0.62 ms

     ReadTime       =  128.38 ms

     WriteTime      =    0.00 ms

     CheckSumTime   =  182.33 ms

     OtherTime      =   12.22 ms

----------------------

[R] 1.1.1.1     [ OK ]

@@ ----------------------------------------------

@@ RPF = 1.1.1.2

@@ ----------------------------------------------

device open = /dev/video2

device open = /dev/video7

Input  File = 1280_720_ARGB32.argb

Output File = nothing


----------------------

TotalTime           =  387.66 ms

   > ProcessingTime =    3.89 ms

     WaitTime       =    3.65 ms

     DevOpenTime    =    1.67 ms

     DevCloseTime   =    0.63 ms

     ReadTime       =  327.23 ms

     WriteTime      =    0.00 ms

     CheckSumTime   =   45.70 ms

     OtherTime      =    8.54 ms

----------------------

[R] 1.1.1.2     [ OK ]

@@ ----------------------------------------------

@@ RPF = 1.1.1.3

@@ ----------------------------------------------

device open = /dev/video2

device open = /dev/video7

Input  File = 1280_720_ARGB32.argb

Output File = nothing


----------------------

TotalTime           =  117.95 ms

   > ProcessingTime =    3.98 ms

     WaitTime       =    3.67 ms

     DevOpenTime    =    1.61 ms

     DevCloseTime   =    0.68 ms

     ReadTime       =   11.19 ms

     WriteTime      =    0.00 ms

     CheckSumTime   =   91.29 ms

     OtherTime      =    9.20 ms

----------------------

[R] 1.1.1.3     [ OK ]

@@ ----------------------------------------------

@@ RPF = 1.1.1.4

@@ ----------------------------------------------

device open = /dev/video2

device open = /dev/video7

Input  File = 1280_720_ARGB32.argb

Output File = nothing


----------------------

TotalTime           =  114.34 ms

   > ProcessingTime =    3.97 ms

     WaitTime       =    3.67 ms

     DevOpenTime    =    1.51 ms

     DevCloseTime   =    0.60 ms

     ReadTime       =    8.01 ms

     WriteTime      =    0.00 ms

     CheckSumTime   =   91.30 ms

     OtherTime      =    8.96 ms

----------------------

[R] 1.1.1.4     [ OK ]

@@ ----------------------------------------------

@@ RPF = 1.1.1.5

@@ ----------------------------------------------

device open = /dev/video2

device open = /dev/video7

Input  File = 1280_720_ARGB32.argb

Output File = nothing


----------------------

TotalTime           =  114.50 ms

   > ProcessingTime =    3.97 ms

     WaitTime       =    3.68 ms

     DevOpenTime    =    1.46 ms

     DevCloseTime   =    0.61 ms

     ReadTime       =    8.15 ms

     WriteTime      =    0.00 ms

     CheckSumTime   =   91.29 ms

     OtherTime      =    9.01 ms

----------------------

[R] 1.1.1.5     [ OK ]

@@ ----------------------------------------------

@@ RPF = 1.1.1.6

@@ ----------------------------------------------

device open = /dev/video2

device open = /dev/video7

Input  File = 1280_720_ARGB32.argb

Output File = nothing


----------------------

TotalTime           =  114.12 ms

   > ProcessingTime =    4.00 ms

     WaitTime       =    3.68 ms

     DevOpenTime    =    1.34 ms

     DevCloseTime   =    0.62 ms

     ReadTime       =    7.96 ms

     WriteTime      =    0.00 ms

     CheckSumTime   =   91.23 ms

     OtherTime      =    8.98 ms

----------------------

[R] 1.1.1.6     [ OK ]

@@ ----------------------------------------------

@@ RPF = 1.1.1.7

@@ ----------------------------------------------

device open = /dev/video2

device open = /dev/video7

Input  File = 1280_720_ARGB32.argb

Output File = nothing


----------------------

TotalTime           =  114.48 ms

   > ProcessingTime =    3.99 ms

     WaitTime       =    3.68 ms

     DevOpenTime    =    1.46 ms

     DevCloseTime   =    0.65 ms

     ReadTime       =    8.03 ms

     WriteTime      =    0.00 ms

     CheckSumTime   =   91.29 ms

     OtherTime      =    9.05 ms

----------------------

[R] 1.1.1.7     [ OK ]

@@ ----------------------------------------------

@@ RPF = 1.1.1.8

@@ ----------------------------------------------

device open = /dev/video2

device open = /dev/video7

Input  File = 1280_720_ARGB32.argb

Output File = nothing


----------------------

TotalTime           =  160.14 ms

   > ProcessingTime =    3.96 ms

     WaitTime       =    3.67 ms

     DevOpenTime    =    1.41 ms

     DevCloseTime   =    0.61 ms

     ReadTime       =    8.05 ms

     WriteTime      =    0.00 ms

     CheckSumTime   =  136.78 ms

     OtherTime      =    9.32 ms

----------------------

[R] 1.1.1.8     [ OK ]

@@ ----------------------------------------------

@@ RPF = 1.1.1.9

@@ ----------------------------------------------

device open = /dev/video2

device open = /dev/video7

Input  File = 1280_720_ARGB32.argb

Output File = nothing


----------------------

TotalTime           =  160.64 ms

   > ProcessingTime =    4.01 ms

     WaitTime       =    3.67 ms

     DevOpenTime    =    1.60 ms

     DevCloseTime   =    0.61 ms

     ReadTime       =    7.95 ms

     WriteTime      =    0.00 ms

     CheckSumTime   =  137.01 ms

     OtherTime      =    9.47 ms

----------------------

[R] 1.1.1.9     [ OK ]

@@ ----------------------------------------------

@@ RPF = 1.1.1.10

@@ ----------------------------------------------

device open = /dev/video2

device open = /dev/video7

Input  File = 1280_720_ARGB32.argb

Output File = nothing


----------------------

TotalTime           =  206.04 ms

   > ProcessingTime =    3.98 ms

     WaitTime       =    3.68 ms

     DevOpenTime    =    1.38 ms

     DevCloseTime   =    0.71 ms

     ReadTime       =    8.02 ms

     WriteTime      =    0.00 ms

     CheckSumTime   =  182.41 ms

     OtherTime      =    9.55 ms

----------------------

[R] 1.1.1.10    [ OK ]

@@ ----------------------------------------------

@@ RPF = 1.1.1.11

@@ ----------------------------------------------

device open = /dev/video2

device open = /dev/video7

Input  File = 1280_720_ARGB32.argb

Output File = nothing


----------------------

TotalTime           =  206.37 ms

   > ProcessingTime =    3.99 ms

     WaitTime       =    3.69 ms

     DevOpenTime    =    1.39 ms

     DevCloseTime   =    0.63 ms

     ReadTime       =    8.11 ms

     WriteTime      =    0.00 ms

     CheckSumTime   =  182.58 ms

     OtherTime      =    9.68 ms

----------------------

[R] 1.1.1.11    [ OK ]

@@ ----------------------------------------------

@@ RPF = 1.1.1.12

@@ ----------------------------------------------

device open = /dev/video2

device open = /dev/video7

Input  File = 1280_720_ARGB32.argb

Output File = nothing


----------------------

TotalTime           =  206.08 ms

   > ProcessingTime =    3.93 ms

     WaitTime       =    3.66 ms

     DevOpenTime    =    1.57 ms

     DevCloseTime   =    0.62 ms

     ReadTime       =    8.04 ms

     WriteTime      =    0.00 ms

     CheckSumTime   =  182.28 ms

     OtherTime      =    9.64 ms

----------------------

[R] 1.1.1.12    [ OK ]

@@ ----------------------------------------------

@@ RPF = 1.1.1.13

@@ ----------------------------------------------

device open = /dev/video2

device open = /dev/video7

Input  File = 1280_720_ARGB32.argb

Output File = nothing


----------------------

TotalTime           =  205.97 ms

   > ProcessingTime =    3.99 ms

     WaitTime       =    3.68 ms

     DevOpenTime    =    1.27 ms

     DevCloseTime   =    0.73 ms

     ReadTime       =    7.95 ms

     WriteTime      =    0.00 ms

     CheckSumTime   =  182.36 ms

     OtherTime      =    9.68 ms

----------------------

[R] 1.1.1.13    [ OK ]

@@ ----------------------------------------------

@@ RPF = 1.1.1.14

@@ ----------------------------------------------

device open = /dev/video2

device open = /dev/video7

Input  File = 1280_720_ARGB32.argb

Output File = nothing


----------------------

TotalTime           =  206.20 ms

   > ProcessingTime =    3.99 ms

     WaitTime       =    3.68 ms

     DevOpenTime    =    1.55 ms

     DevCloseTime   =    0.64 ms

     ReadTime       =    8.00 ms

     WriteTime      =    0.00 ms

     CheckSumTime   =  182.42 ms

     OtherTime      =    9.60 ms

----------------------

[R] 1.1.1.14    [ OK ]

@@ ----------------------------------------------

@@ RPF = 1.1.1.15

@@ ----------------------------------------------

device open = /dev/video2

device open = /dev/video7

Input  File = 1280_720_ARGB32.argb

Output File = nothing


----------------------

TotalTime           =  206.26 ms

   > ProcessingTime =    3.95 ms

     WaitTime       =    3.68 ms

     DevOpenTime    =    1.58 ms

     DevCloseTime   =    0.61 ms

     ReadTime       =    8.12 ms

     WriteTime      =    0.00 ms

     CheckSumTime   =  182.39 ms

     OtherTime      =    9.62 ms

----------------------

[R] 1.1.1.15    [ OK ]

@@ ----------------------------------------------

@@ RPF = 1.1.1.16

@@ ----------------------------------------------

device open = /dev/video2

device open = /dev/video7

Input  File = 1280_720_ARGB32.argb

Output File = nothing


----------------------

TotalTime           =  114.24 ms

   > ProcessingTime =    3.98 ms

     WaitTime       =    3.68 ms

     DevOpenTime    =    1.61 ms

     DevCloseTime   =    0.61 ms

     ReadTime       =    7.94 ms

     WriteTime      =    0.00 ms

     CheckSumTime   =   91.24 ms

     OtherTime      =    8.86 ms

----------------------

[R] 1.1.1.16    [ OK ]

@@ ----------------------------------------------

@@ RPF = 1.1.1.17

@@ ----------------------------------------------

device open = /dev/video2

device open = /dev/video7

Input  File = 1280_720_ARGB32.argb

Output File = nothing


----------------------

TotalTime           =  114.65 ms

   > ProcessingTime =    3.95 ms

     WaitTime       =    3.65 ms

     DevOpenTime    =    1.30 ms

     DevCloseTime   =    0.69 ms

     ReadTime       =    8.02 ms

     WriteTime      =    0.00 ms

     CheckSumTime   =   91.44 ms

     OtherTime      =    9.25 ms

----------------------

[R] 1.1.1.17    [ OK ]

@@ ----------------------------------------------

@@ RPF = 1.1.1.18

@@ ----------------------------------------------

device open = /dev/video2

device open = /dev/video7

Input  File = 1280_720_ARGB32.argb

Output File = nothing


----------------------

TotalTime           =  114.47 ms

   > ProcessingTime =    3.96 ms

     WaitTime       =    3.67 ms

     DevOpenTime    =    1.57 ms

     DevCloseTime   =    0.61 ms

     ReadTime       =    8.06 ms

     WriteTime      =    0.00 ms

     CheckSumTime   =   91.27 ms

     OtherTime      =    9.00 ms

----------------------

[R] 1.1.1.18    [ OK ]

@@ ----------------------------------------------

@@ RPF = 1.1.1.19

@@ ----------------------------------------------

device open = /dev/video2

device open = /dev/video7

Input  File = 1280_720_ARGB32.argb

Output File = nothing


----------------------

TotalTime           =  114.37 ms

   > ProcessingTime =    3.96 ms

     WaitTime       =    3.65 ms

     DevOpenTime    =    1.61 ms

     DevCloseTime   =    0.60 ms

     ReadTime       =    7.95 ms

     WriteTime      =    0.00 ms

     CheckSumTime   =   91.37 ms

     OtherTime      =    8.87 ms

----------------------

[R] 1.1.1.19    [ OK ]

@@ ----------------------------------------------

@@ RPF = 1.1.1.20

@@ ----------------------------------------------

device open = /dev/video2

device open = /dev/video7

Input  File = 1280_720_ARGB32.argb

Output File = nothing


----------------------

TotalTime           =   91.42 ms

   > ProcessingTime =    3.99 ms

     WaitTime       =    3.67 ms

     DevOpenTime    =    1.64 ms

     DevCloseTime   =    0.59 ms

     ReadTime       =    7.96 ms

     WriteTime      =    0.00 ms

     CheckSumTime   =   68.48 ms

     OtherTime      =    8.77 ms

----------------------

[R] 1.1.1.20    [ OK ]

@@ ----------------------------------------------

@@ RPF = 1.1.1.21

@@ ----------------------------------------------

device open = /dev/video2

device open = /dev/video7

Input  File = 1280_720_ARGB32.argb

Output File = nothing


----------------------

TotalTime           =   91.82 ms

   > ProcessingTime =    4.03 ms

     WaitTime       =    3.73 ms

     DevOpenTime    =    1.74 ms

     DevCloseTime   =    0.62 ms

     ReadTime       =    7.93 ms

     WriteTime      =    0.00 ms

     CheckSumTime   =   68.52 ms

     OtherTime      =    8.98 ms

----------------------

[R] 1.1.1.21    [ OK ]

@@ ----------------------------------------------

@@ RPF = 1.1.1.22

@@ ----------------------------------------------

device open = /dev/video2

device open = /dev/video7

Input  File = 1280_720_ARGB32.argb

Output File = nothing


----------------------

TotalTime           =  114.30 ms

   > ProcessingTime =    4.02 ms

     WaitTime       =    3.71 ms

     DevOpenTime    =    1.64 ms

     DevCloseTime   =    0.60 ms

     ReadTime       =    7.91 ms

     WriteTime      =    0.00 ms

     CheckSumTime   =   91.22 ms

     OtherTime      =    8.91 ms

----------------------

[R] 1.1.1.22    [ OK ]

@@ ----------------------------------------------

@@ RPF = 1.1.1.23

@@ ----------------------------------------------

device open = /dev/video2

device open = /dev/video7

Input  File = 1280_720_ARGB32.argb

Output File = nothing


----------------------

TotalTime           =  138.35 ms

   > ProcessingTime =    3.99 ms

     WaitTime       =    3.68 ms

     DevOpenTime    =    1.38 ms

     DevCloseTime   =    0.70 ms

     ReadTime       =    8.03 ms

     WriteTime      =    0.00 ms

     CheckSumTime   =  114.93 ms

     OtherTime      =    9.31 ms

----------------------

[R] 1.1.1.23    [ OK ]

@@ ----------------------------------------------

@@ RPF = 1.1.1.24

@@ ----------------------------------------------

device open = /dev/video2

device open = /dev/video7

Input  File = 1280_720_ARGB32.argb

Output File = nothing


----------------------

TotalTime           =   92.53 ms

   > ProcessingTime =    3.97 ms

     WaitTime       =    3.67 ms

     DevOpenTime    =    1.59 ms

     DevCloseTime   =    0.61 ms

     ReadTime       =    8.28 ms

     WriteTime      =    0.00 ms

     CheckSumTime   =   68.62 ms

     OtherTime      =    9.46 ms

----------------------

[R] 1.1.1.24    [ OK ]

@@ ----------------------------------------------

@@ RPF = 1.1.1.25

@@ ----------------------------------------------

device open = /dev/video2

device open = /dev/video7

Input  File = 1280_720_ARGB32.argb

Output File = nothing


----------------------

TotalTime           =   91.10 ms

   > ProcessingTime =    3.99 ms

     WaitTime       =    3.68 ms

     DevOpenTime    =    1.54 ms

     DevCloseTime   =    0.59 ms

     ReadTime       =    7.99 ms

     WriteTime      =    0.00 ms

     CheckSumTime   =   68.47 ms

     OtherTime      =    8.52 ms

----------------------

[R] 1.1.1.25    [ OK ]

@@ ----------------------------------------------

@@ RPF = 1.1.1.26

@@ ----------------------------------------------

device open = /dev/video2

device open = /dev/video7

Input  File = 1280_720_ARGB32.argb

Output File = nothing


----------------------

TotalTime           =  114.68 ms

   > ProcessingTime =    3.98 ms

     WaitTime       =    3.67 ms

     DevOpenTime    =    1.44 ms

     DevCloseTime   =    0.69 ms

     ReadTime       =    7.93 ms

     WriteTime      =    0.00 ms

     CheckSumTime   =   91.33 ms

     OtherTime      =    9.31 ms

----------------------

[R] 1.1.1.26    [ OK ]

@@ ----------------------------------------------

@@ RPF = 1.1.1.27

@@ ----------------------------------------------

device open = /dev/video2

device open = /dev/video7

Input  File = 1280_720_ARGB32.argb

Output File = nothing


----------------------

TotalTime           =  114.70 ms

   > ProcessingTime =    3.99 ms

     WaitTime       =    3.68 ms

     DevOpenTime    =    1.35 ms

     DevCloseTime   =    0.61 ms

     ReadTime       =    8.11 ms

     WriteTime      =    0.00 ms

     CheckSumTime   =   91.34 ms

     OtherTime      =    9.31 ms

----------------------

[R] 1.1.1.27    [ OK ]

@@ ----------------------------------------------

@@ RPF = 1.1.1.28

@@ ----------------------------------------------

device open = /dev/video2

device open = /dev/video7

Input  File = 1280_720_ARGB32.argb

Output File = nothing


----------------------

TotalTime           =  160.29 ms

   > ProcessingTime =    3.91 ms

     WaitTime       =    3.67 ms

     DevOpenTime    =    1.39 ms

     DevCloseTime   =    0.70 ms

     ReadTime       =    8.02 ms

     WriteTime      =    0.00 ms

     CheckSumTime   =  136.77 ms

     OtherTime      =    9.51 ms

----------------------

[R] 1.1.1.28    [ OK ]

@@ ----------------------------------------------

@@ RPF = 1.1.1.29

@@ ----------------------------------------------

device open = /dev/video2

device open = /dev/video7

Input  File = 1280_720_ARGB32.argb

Output File = nothing


----------------------

TotalTime           =  161.21 ms

   > ProcessingTime =    4.00 ms

     WaitTime       =    3.68 ms

     DevOpenTime    =    1.49 ms

     DevCloseTime   =    0.61 ms

     ReadTime       =    8.26 ms

     WriteTime      =    0.00 ms

     CheckSumTime   =  136.98 ms

     OtherTime      =    9.87 ms

----------------------

[R] 1.1.1.29    [ OK ]

## success ##


@@ SUCCESS !! / test name = rpf



@@ ----------------------------------------------

@@ test name = wpf

@@ ----------------------------------------------

@@ ----------------------------------------------

@@ WPF = 1.1.2.1

@@ ----------------------------------------------

device open = /dev/video2

device open = /dev/video7

Input  File = 1280_720_420sp.yuv

Output File = nothing


----------------------

TotalTime           =  203.53 ms

   > ProcessingTime =    3.95 ms

     WaitTime       =    3.67 ms

     DevOpenTime    =    1.65 ms

     DevCloseTime   =    0.62 ms

     ReadTime       =    5.92 ms

     WriteTime      =    0.00 ms

     CheckSumTime   =  182.39 ms

     OtherTime      =    9.01 ms

----------------------

[R] 1.1.2.1     [ OK ]

@@ ----------------------------------------------

@@ WPF = 1.1.2.2

@@ ----------------------------------------------

device open = /dev/video2

device open = /dev/video7

Input  File = 1280_720_ARGB32.argb

Output File = nothing


----------------------

TotalTime           =   68.03 ms

   > ProcessingTime =    3.98 ms

     WaitTime       =    3.68 ms

     DevOpenTime    =    1.65 ms

     DevCloseTime   =    0.63 ms

     ReadTime       =    7.94 ms

     WriteTime      =    0.00 ms

     CheckSumTime   =   45.82 ms

     OtherTime      =    8.00 ms

----------------------

[R] 1.1.2.2     [ OK ]

@@ ----------------------------------------------

@@ WPF = 1.1.2.3

@@ ----------------------------------------------

device open = /dev/video2

device open = /dev/video7

Input  File = 1280_720_ARGB32.argb

Output File = nothing


----------------------

TotalTime           =  114.74 ms

   > ProcessingTime =    4.17 ms

     WaitTime       =    3.67 ms

     DevOpenTime    =    1.73 ms

     DevCloseTime   =    0.60 ms

     ReadTime       =    7.87 ms

     WriteTime      =    0.00 ms

     CheckSumTime   =   91.29 ms

     OtherTime      =    9.07 ms

----------------------

[R] 1.1.2.3     [ OK ]

@@ ----------------------------------------------

@@ WPF = 1.1.2.4

@@ ----------------------------------------------

device open = /dev/video2

device open = /dev/video7

Input  File = 1280_720_ARGB32.argb

Output File = nothing


----------------------

TotalTime           =  114.05 ms

   > ProcessingTime =    3.99 ms

     WaitTime       =    3.68 ms

     DevOpenTime    =    1.31 ms

     DevCloseTime   =    0.61 ms

     ReadTime       =    7.98 ms

     WriteTime      =    0.00 ms

     CheckSumTime   =   91.23 ms

     OtherTime      =    8.92 ms

----------------------

[R] 1.1.2.4     [ OK ]

@@ ----------------------------------------------

@@ WPF = 1.1.2.5

@@ ----------------------------------------------

device open = /dev/video2

device open = /dev/video7

Input  File = 1280_720_ARGB32.argb

Output File = nothing


----------------------

TotalTime           =  114.61 ms

   > ProcessingTime =    3.99 ms

     WaitTime       =    3.69 ms

     DevOpenTime    =    1.47 ms

     DevCloseTime   =    0.61 ms

     ReadTime       =    8.06 ms

     WriteTime      =    0.00 ms

     CheckSumTime   =   91.40 ms

     OtherTime      =    9.08 ms

----------------------

[R] 1.1.2.5     [ OK ]

@@ ----------------------------------------------

@@ WPF = 1.1.2.6

@@ ----------------------------------------------

device open = /dev/video2

device open = /dev/video7

Input  File = 1280_720_ARGB32.argb

Output File = nothing


----------------------

TotalTime           =  114.70 ms

   > ProcessingTime =    4.15 ms

     WaitTime       =    3.87 ms

     DevOpenTime    =    1.25 ms

     DevCloseTime   =    0.74 ms

     ReadTime       =    8.08 ms

     WriteTime      =    0.00 ms

     CheckSumTime   =   91.26 ms

     OtherTime      =    9.23 ms

----------------------

[R] 1.1.2.6     [ OK ]

@@ ----------------------------------------------

@@ WPF = 1.1.2.7

@@ ----------------------------------------------

device open = /dev/video2

device open = /dev/video7

Input  File = 1280_720_ARGB32.argb

Output File = nothing


----------------------

TotalTime           =  114.55 ms

   > ProcessingTime =    3.95 ms

     WaitTime       =    3.68 ms

     DevOpenTime    =    1.64 ms

     DevCloseTime   =    0.61 ms

     ReadTime       =    8.15 ms

     WriteTime      =    0.00 ms

     CheckSumTime   =   91.30 ms

     OtherTime      =    8.91 ms

----------------------

[R] 1.1.2.7     [ OK ]

@@ ----------------------------------------------

@@ WPF = 1.1.2.8

@@ ----------------------------------------------

device open = /dev/video2

device open = /dev/video7

Input  File = 1280_720_ARGB32.argb

Output File = nothing


----------------------

TotalTime           =  160.07 ms

   > ProcessingTime =    3.99 ms

     WaitTime       =    3.68 ms

     DevOpenTime    =    1.56 ms

     DevCloseTime   =    0.63 ms

     ReadTime       =    7.91 ms

     WriteTime      =    0.00 ms

     CheckSumTime   =  136.79 ms

     OtherTime      =    9.20 ms

----------------------

[R] 1.1.2.8     [ OK ]

@@ ----------------------------------------------

@@ WPF = 1.1.2.9

@@ ----------------------------------------------

device open = /dev/video2

device open = /dev/video7

Input  File = 1280_720_ARGB32.argb

Output File = nothing


----------------------

TotalTime           =  160.60 ms

   > ProcessingTime =    4.19 ms

     WaitTime       =    3.66 ms

     DevOpenTime    =    1.60 ms

     DevCloseTime   =    0.61 ms

     ReadTime       =    7.84 ms

     WriteTime      =    0.00 ms

     CheckSumTime   =  136.94 ms

     OtherTime      =    9.42 ms

----------------------

[R] 1.1.2.9     [ OK ]

@@ ----------------------------------------------

@@ WPF = 1.1.2.10

@@ ----------------------------------------------

device open = /dev/video2

device open = /dev/video7

Input  File = 1280_720_ARGB32.argb

Output File = nothing


----------------------

TotalTime           =  206.12 ms

   > ProcessingTime =    4.13 ms

     WaitTime       =    3.85 ms

     DevOpenTime    =    1.26 ms

     DevCloseTime   =    0.63 ms

     ReadTime       =    8.15 ms

     WriteTime      =    0.00 ms

     CheckSumTime   =  182.34 ms

     OtherTime      =    9.61 ms

----------------------

[R] 1.1.2.10    [ OK ]

@@ ----------------------------------------------

@@ WPF = 1.1.2.11

@@ ----------------------------------------------

device open = /dev/video2

device open = /dev/video7

Input  File = 1280_720_ARGB32.argb

Output File = nothing


----------------------

TotalTime           =  206.72 ms

   > ProcessingTime =    3.97 ms

     WaitTime       =    3.70 ms

     DevOpenTime    =    1.55 ms

     DevCloseTime   =    0.62 ms

     ReadTime       =    8.25 ms

     WriteTime      =    0.00 ms

     CheckSumTime   =  182.48 ms

     OtherTime      =    9.85 ms

----------------------

[R] 1.1.2.11    [ OK ]

@@ ----------------------------------------------

@@ WPF = 1.1.2.12

@@ ----------------------------------------------

device open = /dev/video2

device open = /dev/video7

Input  File = 1280_720_ARGB32.argb

Output File = nothing


----------------------

TotalTime           =  206.30 ms

   > ProcessingTime =    4.04 ms

     WaitTime       =    3.74 ms

     DevOpenTime    =    1.76 ms

     DevCloseTime   =    0.61 ms

     ReadTime       =    7.90 ms

     WriteTime      =    0.00 ms

     CheckSumTime   =  182.44 ms

     OtherTime      =    9.55 ms

----------------------

[R] 1.1.2.12    [ OK ]

@@ ----------------------------------------------

@@ WPF = 1.1.2.13

@@ ----------------------------------------------

device open = /dev/video2

device open = /dev/video7

Input  File = 1280_720_ARGB32.argb

Output File = nothing


----------------------

TotalTime           =  206.24 ms

   > ProcessingTime =    3.99 ms

     WaitTime       =    3.68 ms

     DevOpenTime    =    1.47 ms

     DevCloseTime   =    0.63 ms

     ReadTime       =    7.96 ms

     WriteTime      =    0.00 ms

     CheckSumTime   =  182.52 ms

     OtherTime      =    9.67 ms

----------------------

[R] 1.1.2.13    [ OK ]

@@ ----------------------------------------------

@@ WPF = 1.1.2.14

@@ ----------------------------------------------

device open = /dev/video2

device open = /dev/video7

Input  File = 1280_720_ARGB32.argb

Output File = nothing


----------------------

TotalTime           =  206.46 ms

   > ProcessingTime =    4.16 ms

     WaitTime       =    3.87 ms

     DevOpenTime    =    1.52 ms

     DevCloseTime   =    0.76 ms

     ReadTime       =    8.10 ms

     WriteTime      =    0.00 ms

     CheckSumTime   =  182.28 ms

     OtherTime      =    9.65 ms

----------------------

[R] 1.1.2.14    [ OK ]

@@ ----------------------------------------------

@@ WPF = 1.1.2.15

@@ ----------------------------------------------

device open = /dev/video2

device open = /dev/video7

Input  File = 1280_720_ARGB32.argb

Output File = nothing


----------------------

TotalTime           =  206.46 ms

   > ProcessingTime =    4.20 ms

     WaitTime       =    3.67 ms

     DevOpenTime    =    1.65 ms

     DevCloseTime   =    0.61 ms

     ReadTime       =    7.96 ms

     WriteTime      =    0.00 ms

     CheckSumTime   =  182.43 ms

     OtherTime      =    9.61 ms

----------------------

[R] 1.1.2.15    [ OK ]

@@ ----------------------------------------------

@@ WPF = 1.1.2.16

@@ ----------------------------------------------

device open = /dev/video2

device open = /dev/video7

Input  File = 1280_720_ARGB32.argb

Output File = nothing


----------------------

TotalTime           =  114.68 ms

   > ProcessingTime =    4.01 ms

     WaitTime       =    3.71 ms

     DevOpenTime    =    1.46 ms

     DevCloseTime   =    0.63 ms

     ReadTime       =    8.07 ms

     WriteTime      =    0.00 ms

     CheckSumTime   =   91.33 ms

     OtherTime      =    9.19 ms

----------------------

[R] 1.1.2.16    [ OK ]

@@ ----------------------------------------------

@@ WPF = 1.1.2.17

@@ ----------------------------------------------

device open = /dev/video2

device open = /dev/video7

Input  File = 1280_720_ARGB32.argb

Output File = nothing


----------------------

TotalTime           =  114.37 ms

   > ProcessingTime =    3.98 ms

     WaitTime       =    3.67 ms

     DevOpenTime    =    1.49 ms

     DevCloseTime   =    0.63 ms

     ReadTime       =    7.97 ms

     WriteTime      =    0.00 ms

     CheckSumTime   =   91.23 ms

     OtherTime      =    9.07 ms

----------------------

[R] 1.1.2.17    [ OK ]

@@ ----------------------------------------------

@@ WPF = 1.1.2.18

@@ ----------------------------------------------

device open = /dev/video2

device open = /dev/video7

Input  File = 1280_720_ARGB32.argb

Output File = nothing


----------------------

TotalTime           =  114.35 ms

   > ProcessingTime =    3.96 ms

     WaitTime       =    3.68 ms

     DevOpenTime    =    1.29 ms

     DevCloseTime   =    0.62 ms

     ReadTime       =    8.11 ms

     WriteTime      =    0.00 ms

     CheckSumTime   =   91.31 ms

     OtherTime      =    9.06 ms

----------------------

[R] 1.1.2.18    [ OK ]

@@ ----------------------------------------------

@@ WPF = 1.1.2.19

@@ ----------------------------------------------

device open = /dev/video2

device open = /dev/video7

Input  File = 1280_720_ARGB32.argb

Output File = nothing


----------------------

TotalTime           =  114.52 ms

   > ProcessingTime =    4.17 ms

     WaitTime       =    3.67 ms

     DevOpenTime    =    1.74 ms

     DevCloseTime   =    0.60 ms

     ReadTime       =    7.94 ms

     WriteTime      =    0.00 ms

     CheckSumTime   =   91.21 ms

     OtherTime      =    8.85 ms

----------------------

[R] 1.1.2.19    [ OK ]

@@ ----------------------------------------------

@@ WPF = 1.1.2.20

@@ ----------------------------------------------

device open = /dev/video2

device open = /dev/video7

Input  File = 1280_720_ARGB32.argb

Output File = nothing


----------------------

TotalTime           =   91.76 ms

   > ProcessingTime =    3.98 ms

     WaitTime       =    3.68 ms

     DevOpenTime    =    1.72 ms

     DevCloseTime   =    0.61 ms

     ReadTime       =    8.04 ms

     WriteTime      =    0.00 ms

     CheckSumTime   =   68.50 ms

     OtherTime      =    8.91 ms

----------------------

[R] 1.1.2.20    [ OK ]

@@ ----------------------------------------------

@@ WPF = 1.1.2.21

@@ ----------------------------------------------

device open = /dev/video2

device open = /dev/video7

Input  File = 1280_720_ARGB32.argb

Output File = nothing


----------------------

TotalTime           =   91.31 ms

   > ProcessingTime =    4.00 ms

     WaitTime       =    3.69 ms

     DevOpenTime    =    1.61 ms

     DevCloseTime   =    0.61 ms

     ReadTime       =    7.95 ms

     WriteTime      =    0.00 ms

     CheckSumTime   =   68.47 ms

     OtherTime      =    8.67 ms

----------------------

[R] 1.1.2.21    [ OK ]

@@ ----------------------------------------------

@@ WPF = 1.1.2.22

@@ ----------------------------------------------

device open = /dev/video2

device open = /dev/video7

Input  File = 1280_720_ARGB32.argb

Output File = nothing


----------------------

TotalTime           =  114.66 ms

   > ProcessingTime =    3.99 ms

     WaitTime       =    3.68 ms

     DevOpenTime    =    1.60 ms

     DevCloseTime   =    0.61 ms

     ReadTime       =    7.90 ms

     WriteTime      =    0.00 ms

     CheckSumTime   =   91.30 ms

     OtherTime      =    9.26 ms

----------------------

[R] 1.1.2.22    [ OK ]

@@ ----------------------------------------------

@@ WPF = 1.1.2.23

@@ ----------------------------------------------

device open = /dev/video2

device open = /dev/video7

Input  File = 1280_720_ARGB32.argb

Output File = nothing


----------------------

TotalTime           =  114.55 ms

   > ProcessingTime =    3.98 ms

     WaitTime       =    3.67 ms

     DevOpenTime    =    1.58 ms

     DevCloseTime   =    0.70 ms

     ReadTime       =    7.95 ms

     WriteTime      =    0.00 ms

     CheckSumTime   =   91.35 ms

     OtherTime      =    8.98 ms

----------------------

[R] 1.1.2.23    [ OK ]

@@ ----------------------------------------------

@@ WPF = 1.1.2.24

@@ ----------------------------------------------

device open = /dev/video2

device open = /dev/video7

Input  File = 1280_720_ARGB32.argb

Output File = nothing


----------------------

TotalTime           =   91.53 ms

   > ProcessingTime =    3.98 ms

     WaitTime       =    3.68 ms

     DevOpenTime    =    1.59 ms

     DevCloseTime   =    0.69 ms

     ReadTime       =    8.08 ms

     WriteTime      =    0.00 ms

     CheckSumTime   =   68.56 ms

     OtherTime      =    8.63 ms

----------------------

[R] 1.1.2.24    [ OK ]

@@ ----------------------------------------------

@@ WPF = 1.1.2.25

@@ ----------------------------------------------

device open = /dev/video2

device open = /dev/video7

Input  File = 1280_720_ARGB32.argb

Output File = nothing


----------------------

TotalTime           =   91.19 ms

   > ProcessingTime =    3.94 ms

     WaitTime       =    3.67 ms

     DevOpenTime    =    1.60 ms

     DevCloseTime   =    0.67 ms

     ReadTime       =    7.97 ms

     WriteTime      =    0.00 ms

     CheckSumTime   =   68.52 ms

     OtherTime      =    8.49 ms

----------------------

[R] 1.1.2.25    [ OK ]

@@ ----------------------------------------------

@@ WPF = 1.1.2.26

@@ ----------------------------------------------

device open = /dev/video2

device open = /dev/video7

Input  File = 1280_720_ARGB32.argb

Output File = nothing


----------------------

TotalTime           =  114.66 ms

   > ProcessingTime =    3.99 ms

     WaitTime       =    3.69 ms

     DevOpenTime    =    1.34 ms

     DevCloseTime   =    0.61 ms

     ReadTime       =    8.09 ms

     WriteTime      =    0.00 ms

     CheckSumTime   =   91.30 ms

     OtherTime      =    9.32 ms

----------------------

[R] 1.1.2.26    [ OK ]

@@ ----------------------------------------------

@@ WPF = 1.1.2.27

@@ ----------------------------------------------

device open = /dev/video2

device open = /dev/video7

Input  File = 1280_720_ARGB32.argb

Output File = nothing


----------------------

TotalTime           =  114.67 ms

   > ProcessingTime =    3.96 ms

     WaitTime       =    3.68 ms

     DevOpenTime    =    1.64 ms

     DevCloseTime   =    0.60 ms

     ReadTime       =    8.09 ms

     WriteTime      =    0.00 ms

     CheckSumTime   =   91.23 ms

     OtherTime      =    9.15 ms

----------------------

[R] 1.1.2.27    [ OK ]

@@ ----------------------------------------------

@@ WPF = 1.1.2.28

@@ ----------------------------------------------

device open = /dev/video2

device open = /dev/video7

Input  File = 1280_720_ARGB32.argb

Output File = nothing


----------------------

TotalTime           =  161.23 ms

   > ProcessingTime =    4.19 ms

     WaitTime       =    3.67 ms

     DevOpenTime    =    1.68 ms

     DevCloseTime   =    0.71 ms

     ReadTime       =    8.00 ms

     WriteTime      =    0.00 ms

     CheckSumTime   =  136.90 ms

     OtherTime      =    9.74 ms

----------------------

[R] 1.1.2.28    [ OK ]

@@ ----------------------------------------------

@@ WPF = 1.1.2.29

@@ ----------------------------------------------

device open = /dev/video2

device open = /dev/video7

Input  File = 1280_720_ARGB32.argb

Output File = nothing


----------------------

TotalTime           =  160.59 ms

   > ProcessingTime =    3.96 ms

     WaitTime       =    3.67 ms

     DevOpenTime    =    1.55 ms

     DevCloseTime   =    0.61 ms

     ReadTime       =    8.04 ms

     WriteTime      =    0.00 ms

     CheckSumTime   =  136.80 ms

     OtherTime      =    9.64 ms

----------------------

[R] 1.1.2.29    [ OK ]

## success ##


@@ SUCCESS !! / test name = wpf



@@ ----------------------------------------------

@@ test name = uds

@@ ----------------------------------------------

[R] 1.3.1.1     [ SKIP ]( uds case 1 )( Device name is nothing. )

[R] 1.3.1.2     [ SKIP ]( uds case 2 )( Device name is nothing. )

[R] 1.3.2.1     [ SKIP ]( uds case 3 )( Device name is nothing. )

## success ##


@@ SUCCESS !! / test name = uds



@@ ----------------------------------------------

@@ test name = bru

@@ ----------------------------------------------

@@ ----------------------------------------------

@@ BRU = 1.2.2.1

@@ ----------------------------------------------

device open = /dev/video2

device open = /dev/video3

device open = /dev/video7

Input  File = 1280_720_ARGB32.argb

Input  File = 640_480_ARGB32.argb

Output File = nothing


----------------------

TotalTime           =  323.08 ms

   > ProcessingTime =    4.05 ms

     WaitTime       =    3.73 ms

     DevOpenTime    =    1.34 ms

     DevCloseTime   =    0.73 ms

     ReadTime       =  121.13 ms

     WriteTime      =    0.00 ms

     CheckSumTime   =  182.34 ms

     OtherTime      =   13.50 ms

----------------------

[R] 1.2.2.1     [ OK ]

@@ ----------------------------------------------

@@ BRU = 1.2.2.2

@@ ----------------------------------------------

device open = /dev/video2

device open = /dev/video3

device open = /dev/video7

Input  File = 1280_720_ARGB32.argb

Input  File = 640_480_ARGB32.argb

Output File = nothing


----------------------

TotalTime           =  216.20 ms

   > ProcessingTime =    4.13 ms

     WaitTime       =    3.73 ms

     DevOpenTime    =    1.62 ms

     DevCloseTime   =    0.72 ms

     ReadTime       =   13.67 ms

     WriteTime      =    0.00 ms

     CheckSumTime   =  182.42 ms

     OtherTime      =   13.64 ms

----------------------

[R] 1.2.2.2     [ OK ]

@@ ----------------------------------------------

@@ BRU = 1.2.3.1

@@ ----------------------------------------------

device open = /dev/video2

device open = /dev/video3

device open = /dev/video7

Input  File = 1280_720_ARGB32.argb

Input  File = 640_480_ARGB32.argb

Output File = nothing


----------------------

TotalTime           =  213.55 ms

   > ProcessingTime =    4.14 ms

     WaitTime       =    3.76 ms

     DevOpenTime    =    1.94 ms

     DevCloseTime   =    0.80 ms

     ReadTime       =   11.29 ms

     WriteTime      =    0.00 ms

     CheckSumTime   =  182.33 ms

     OtherTime      =   13.06 ms

----------------------

[R] 1.2.3.1     [ OK ]

@@ ----------------------------------------------

@@ BRU = 1.2.3.2

@@ ----------------------------------------------

device open = /dev/video2

device open = /dev/video3

device open = /dev/video7

Input  File = 1280_720_ARGB32.argb

Input  File = 640_480_ARGB32.argb

Output File = nothing


----------------------

TotalTime           =  213.47 ms

   > ProcessingTime =    4.23 ms

     WaitTime       =    3.81 ms

     DevOpenTime    =    1.73 ms

     DevCloseTime   =    0.73 ms

     ReadTime       =   11.01 ms

     WriteTime      =    0.00 ms

     CheckSumTime   =  182.23 ms

     OtherTime      =   13.54 ms

----------------------

[R] 1.2.3.2     [ OK ]

@@ ----------------------------------------------

@@ BRU = 1.2.4.1

@@ ----------------------------------------------

device open = /dev/video2

device open = /dev/video3

device open = /dev/video7

Input  File = 1280_720_420sp.yuv

Input  File = 640_480_420sp.yuv

Output File = nothing


----------------------

TotalTime           =  135.53 ms

   > ProcessingTime =    4.04 ms

     WaitTime       =    3.73 ms

     DevOpenTime    =    1.71 ms

     DevCloseTime   =    0.71 ms

     ReadTime       =   50.14 ms

     WriteTime      =    0.00 ms

     CheckSumTime   =   68.74 ms

     OtherTime      =   10.19 ms

----------------------

[R] 1.2.4.1     [ OK ]

@@ ----------------------------------------------

@@ BRU = 1.2.4.2

@@ ----------------------------------------------

device open = /dev/video2

device open = /dev/video3

device open = /dev/video7

Input  File = 1280_720_420sp.yuv

Input  File = 640_480_420sp.yuv

Output File = nothing


----------------------

TotalTime           =   92.51 ms

   > ProcessingTime =    4.13 ms

     WaitTime       =    3.78 ms

     DevOpenTime    =    1.68 ms

     DevCloseTime   =    0.71 ms

     ReadTime       =    7.29 ms

     WriteTime      =    0.00 ms

     CheckSumTime   =   68.49 ms

     OtherTime      =   10.21 ms

----------------------

[R] 1.2.4.2     [ OK ]

@@ ----------------------------------------------

@@ BRU = 1.2.4.3

@@ ----------------------------------------------

device open = /dev/video2

device open = /dev/video3

device open = /dev/video7

Input  File = 1280_720_420sp.yuv

Input  File = 640_480_420sp.yuv

Output File = nothing


----------------------

TotalTime           =   90.24 ms

   > ProcessingTime =    4.12 ms

     WaitTime       =    3.76 ms

     DevOpenTime    =    1.74 ms

     DevCloseTime   =    0.71 ms

     ReadTime       =    4.97 ms

     WriteTime      =    0.00 ms

     CheckSumTime   =   68.60 ms

     OtherTime      =   10.11 ms

----------------------

[R] 1.2.4.3     [ OK ]

@@ ----------------------------------------------

@@ BRU = 1.2.5.1

@@ ----------------------------------------------

device open = /dev/video2

device open = /dev/video3

device open = /dev/video7

Input  File = 1280_720_ARGB32.argb

Input  File = alpha_x80#640_480_ARGB32.argb

Output File = nothing


----------------------

TotalTime           =  323.25 ms

   > ProcessingTime =    4.04 ms

     WaitTime       =    3.73 ms

     DevOpenTime    =    1.73 ms

     DevCloseTime   =    0.73 ms

     ReadTime       =  120.17 ms

     WriteTime      =    0.00 ms

     CheckSumTime   =  183.21 ms

     OtherTime      =   13.37 ms

----------------------

[R] 1.2.5.1     [ OK ]

@@ ----------------------------------------------

@@ BRU = 1.2.5.2

@@ ----------------------------------------------

device open = /dev/video2

device open = /dev/video3

device open = /dev/video7

Input  File = 1280_720_ARGB32.argb

Input  File = alpha_xFF#640_480_ARGB32.argb

Output File = nothing


----------------------

TotalTime           =  330.47 ms

   > ProcessingTime =    4.04 ms

     WaitTime       =    3.73 ms

     DevOpenTime    =    1.83 ms

     DevCloseTime   =    0.84 ms

     ReadTime       =  127.94 ms

     WriteTime      =    0.00 ms

     CheckSumTime   =  182.31 ms

     OtherTime      =   13.52 ms

----------------------

[R] 1.2.5.2     [ OK ]

@@ ----------------------------------------------

@@ BRU = 1.2.5.3

@@ ----------------------------------------------

device open = /dev/video2

device open = /dev/video3

device open = /dev/video7

Input  File = 1280_720_ARGB32.argb

Input  File = alpha_x00#640_480_ARGB32.argb

Output File = nothing


----------------------

TotalTime           =  347.12 ms

   > ProcessingTime =    6.12 ms

     WaitTime       =    5.52 ms

     DevOpenTime    =    1.67 ms

     DevCloseTime   =    0.88 ms

     ReadTime       =  138.22 ms

     WriteTime      =    0.00 ms

     CheckSumTime   =  186.00 ms

     OtherTime      =   14.23 ms

----------------------

[R] 1.2.5.3     [ OK ]

@@ ----------------------------------------------

@@ BRU = 1.2.5.4

@@ ----------------------------------------------

device open = /dev/video2

device open = /dev/video3

device open = /dev/video7

Input  File = 1280_720_ARGB32.argb

Input  File = alpha_x80#640_480_ARGB32.argb

Output File = nothing


----------------------

TotalTime           =  285.08 ms

   > ProcessingTime =    4.07 ms

     WaitTime       =    3.76 ms

     DevOpenTime    =    1.68 ms

     DevCloseTime   =    0.74 ms

     ReadTime       =   13.58 ms

     WriteTime      =    0.00 ms

     CheckSumTime   =  182.41 ms

     OtherTime      =   82.61 ms

----------------------

[R] 1.2.5.4     [ OK ]

@@ ----------------------------------------------

@@ BRU = 1.2.5.5

@@ ----------------------------------------------

device open = /dev/video2

device open = /dev/video3

device open = /dev/video7

Input  File = 1280_720_ARGB32.argb

Input  File = alpha_xFF#640_480_ARGB32.argb

Output File = nothing


----------------------

TotalTime           =  285.08 ms

   > ProcessingTime =    4.21 ms

     WaitTime       =    3.89 ms

     DevOpenTime    =    1.66 ms

     DevCloseTime   =    0.76 ms

     ReadTime       =   13.51 ms

     WriteTime      =    0.00 ms

     CheckSumTime   =  182.39 ms

     OtherTime      =   82.55 ms

----------------------

[R] 1.2.5.5     [ OK ]

@@ ----------------------------------------------

@@ BRU = 1.2.5.6

@@ ----------------------------------------------

device open = /dev/video2

device open = /dev/video3

device open = /dev/video7

Input  File = 1280_720_ARGB32.argb

Input  File = alpha_x00#640_480_ARGB32.argb

Output File = nothing


----------------------

TotalTime           =  284.94 ms

   > ProcessingTime =    4.05 ms

     WaitTime       =    3.74 ms

     DevOpenTime    =    1.64 ms

     DevCloseTime   =    0.74 ms

     ReadTime       =   13.55 ms

     WriteTime      =    0.00 ms

     CheckSumTime   =  182.36 ms

     OtherTime      =   82.59 ms

----------------------

[R] 1.2.5.6     [ OK ]

@@ ----------------------------------------------

@@ BRU = 1.2.6.1

@@ ----------------------------------------------

device open = /dev/video2

device open = /dev/video3

device open = /dev/video7

Input  File = 1280_720_ARGB32.argb

Input  File = alpha_x80#640_480_ARGB32.argb

Output File = nothing


----------------------

TotalTime           =  213.41 ms

   > ProcessingTime =    4.09 ms

     WaitTime       =    3.74 ms

     DevOpenTime    =    1.64 ms

     DevCloseTime   =    0.72 ms

     ReadTime       =   11.29 ms

     WriteTime      =    0.00 ms

     CheckSumTime   =  182.35 ms

     OtherTime      =   13.31 ms

----------------------

[R] 1.2.6.1     [ OK ]

@@ ----------------------------------------------

@@ BRU = 1.2.6.2

@@ ----------------------------------------------

device open = /dev/video2

device open = /dev/video3

device open = /dev/video7

Input  File = 1280_720_ARGB32.argb

Input  File = alpha_x80#640_480_ARGB32.argb

Output File = nothing


----------------------

TotalTime           =  213.50 ms

   > ProcessingTime =    4.15 ms

     WaitTime       =    3.76 ms

     DevOpenTime    =    1.60 ms

     DevCloseTime   =    0.72 ms

     ReadTime       =   11.12 ms

     WriteTime      =    0.00 ms

     CheckSumTime   =  182.45 ms

     OtherTime      =   13.45 ms

----------------------

[R] 1.2.6.2     [ OK ]

@@ ----------------------------------------------

@@ BRU = 1.2.6.3

@@ ----------------------------------------------

device open = /dev/video2

device open = /dev/video3

device open = /dev/video7

Input  File = 1280_720_ARGB32.argb

Input  File = alpha_x00#640_480_ARGB32.argb

Output File = nothing


----------------------

TotalTime           =  213.49 ms

   > ProcessingTime =    4.10 ms

     WaitTime       =    3.75 ms

     DevOpenTime    =    1.72 ms

     DevCloseTime   =    0.73 ms

     ReadTime       =   11.34 ms

     WriteTime      =    0.00 ms

     CheckSumTime   =  182.33 ms

     OtherTime      =   13.28 ms

----------------------

[R] 1.2.6.3     [ OK ]

@@ ----------------------------------------------

@@ BRU = 1.2.6.4

@@ ----------------------------------------------

device open = /dev/video2

device open = /dev/video3

device open = /dev/video7

Input  File = 1280_720_ARGB32.argb

Input  File = alpha_x80#640_480_ARGB32.argb

Output File = nothing


----------------------

TotalTime           =  282.71 ms

   > ProcessingTime =    4.05 ms

     WaitTime       =    3.74 ms

     DevOpenTime    =    1.70 ms

     DevCloseTime   =    0.73 ms

     ReadTime       =   11.18 ms

     WriteTime      =    0.00 ms

     CheckSumTime   =  182.36 ms

     OtherTime      =   82.69 ms

----------------------

[R] 1.2.6.4     [ OK ]

@@ ----------------------------------------------

@@ BRU = 1.2.6.5

@@ ----------------------------------------------

device open = /dev/video2

device open = /dev/video3

device open = /dev/video7

Input  File = 1280_720_ARGB32.argb

Input  File = alpha_x80#640_480_ARGB32.argb

Output File = nothing


----------------------

TotalTime           =  282.35 ms

   > ProcessingTime =    4.26 ms

     WaitTime       =    3.95 ms

     DevOpenTime    =    1.47 ms

     DevCloseTime   =    0.72 ms

     ReadTime       =   11.42 ms

     WriteTime      =    0.00 ms

     CheckSumTime   =  182.23 ms

     OtherTime      =   82.25 ms

----------------------

[R] 1.2.6.5     [ OK ]

@@ ----------------------------------------------

@@ BRU = 1.2.6.6

@@ ----------------------------------------------

device open = /dev/video2

device open = /dev/video3

device open = /dev/video7

Input  File = 1280_720_ARGB32.argb

Input  File = alpha_x00#640_480_ARGB32.argb

Output File = nothing


----------------------

TotalTime           =  282.48 ms

   > ProcessingTime =    4.25 ms

     WaitTime       =    3.94 ms

     DevOpenTime    =    1.47 ms

     DevCloseTime   =    0.81 ms

     ReadTime       =   11.38 ms

     WriteTime      =    0.00 ms

     CheckSumTime   =  182.23 ms

     OtherTime      =   82.34 ms

----------------------

[R] 1.2.6.6     [ OK ]

## success ##


@@ SUCCESS !! / test name = bru



@@ ----------------------------------------------

@@ test name = mbru

@@ ----------------------------------------------

@@ ----------------------------------------------

@@ MBRU = 1.2.1.1

@@ ----------------------------------------------

device open = /dev/video2

device open = /dev/video7

Input  File = 1280_720_ARGB32.argb

Output File = nothing


----------------------

TotalTime           =  206.82 ms

   > ProcessingTime =    3.99 ms

     WaitTime       =    3.69 ms

     DevOpenTime    =    1.38 ms

     DevCloseTime   =    0.73 ms

     ReadTime       =    8.02 ms

     WriteTime      =    0.00 ms

     CheckSumTime   =  182.53 ms

     OtherTime      =   10.18 ms

----------------------

[R] 1.2.1.1     [ OK ]

@@ ----------------------------------------------

@@ MBRU = 1.2.1.2

@@ ----------------------------------------------

device open = /dev/video2

device open = /dev/video3

device open = /dev/video7

Input  File = 1280_720_ARGB32.argb

Input  File = 800_600_ARGB32.argb

Output File = nothing


----------------------

TotalTime           =  383.72 ms

   > ProcessingTime =    4.11 ms

     WaitTime       =    3.80 ms

     DevOpenTime    =    1.65 ms

     DevCloseTime   =    0.73 ms

     ReadTime       =  181.17 ms

     WriteTime      =    0.00 ms

     CheckSumTime   =  182.32 ms

     OtherTime      =   13.74 ms

----------------------

[R] 1.2.1.2     [ OK ]

@@ ----------------------------------------------

@@ MBRU = 1.2.1.3

@@ ----------------------------------------------

device open = /dev/video2

device open = /dev/video3

device open = /dev/video4

device open = /dev/video7

Input  File = 1280_720_ARGB32.argb

Input  File = 800_600_ARGB32.argb

Input  File = 640_480_ARGB32.argb

Output File = nothing


----------------------

TotalTime           =  223.60 ms

   > ProcessingTime =    4.29 ms

     WaitTime       =    3.82 ms

     DevOpenTime    =    1.90 ms

     DevCloseTime   =    0.80 ms

     ReadTime       =   18.36 ms

     WriteTime      =    0.00 ms

     CheckSumTime   =  182.28 ms

     OtherTime      =   15.97 ms

----------------------

[R] 1.2.1.3     [ OK ]

@@ ----------------------------------------------

@@ MBRU = 1.2.1.4

@@ ----------------------------------------------

device open = /dev/video2

device open = /dev/video3

device open = /dev/video4

device open = /dev/video5

device open = /dev/video7

Input  File = 1280_720_ARGB32.argb

Input  File = 800_600_ARGB32.argb

Input  File = 640_480_ARGB32.argb

Input  File = 400_200_ARGB32.argb

Output File = nothing


----------------------

TotalTime           =  264.30 ms

   > ProcessingTime =    4.39 ms

     WaitTime       =    3.86 ms

     DevOpenTime    =    1.94 ms

     DevCloseTime   =    0.90 ms

     ReadTime       =   57.09 ms

     WriteTime      =    0.00 ms

     CheckSumTime   =  182.39 ms

     OtherTime      =   17.60 ms

----------------------

[R] 1.2.1.4     [ OK ]

@@ ----------------------------------------------

@@ MBRU = 1.2.1.5

@@ ----------------------------------------------

device open = /dev/video2

device open = /dev/video3

device open = /dev/video4

device open = /dev/video5

device open = /dev/video6

device open = /dev/video7

Input  File = 1280_720_ARGB32.argb

Input  File = 800_600_ARGB32.argb

Input  File = 640_480_ARGB32.argb

Input  File = 400_200_ARGB32.argb

Input  File = 100_50_ARGB32.argb

Output File = nothing


----------------------

TotalTime           =  245.71 ms

