NOTICE:  BL2: R-Car Gen3 Initial Program Loader(CA57) Rev.4.0.0
NOTICE:  BL2: PRR is R-Car H3 Ver.3.0
NOTICE:  BL2: Board is Salvator-XS Rev.1.0
NOTICE:  BL2: Boot device is HyperFlash(160MHz)
NOTICE:  BL2: LCM state is CM
NOTICE:  AVS setting succeeded. DVFS_SetVID=0x53
NOTICE:  BL2: DDR3200(rev.0.42)
NOTICE:  BL2: [COLD_BOOT]
NOTICE:  BL2: DRAM Split is 4ch(DDR f)
NOTICE:  BL2: QoS is default setting(rev.0.11)
NOTICE:  BL2: DRAM refresh interval 1.95 usec
NOTICE:  BL2: Periodic Write DQ Training
NOTICE:  BL2: CH0: 400000000 - 47fffffff, 2 GiB
NOTICE:  BL2: CH1: 500000000 - 57fffffff, 2 GiB
NOTICE:  BL2: CH2: 600000000 - 67fffffff, 2 GiB
NOTICE:  BL2: CH3: 700000000 - 77fffffff, 2 GiB
NOTICE:  BL2: Lossy Decomp areas
NOTICE:       Entry 0: DCMPAREACRAx:0x80000540 DCMPAREACRBx:0x570
NOTICE:       Entry 1: DCMPAREACRAx:0x40000000 DCMPAREACRBx:0x0
NOTICE:       Entry 2: DCMPAREACRAx:0x20000000 DCMPAREACRBx:0x0
NOTICE:  BL2: FDT at 0xe6327f70
NOTICE:  BL2: v2.9(release):9cdb21f75
NOTICE:  BL2: Built : 03:23:42, Jan  8 2024
NOTICE:  BL2: Normal boot
NOTICE:  BL2: dst=0xe6327800 src=0x8180000 len=512(0x200)
NOTICE:  BL2: dst=0x43f00000 src=0x8180400 len=6144(0x1800)
NOTICE:  rcar_file_len: len: 0x0003e000
NOTICE:  BL2: dst=0x44000000 src=0x81c0000 len=253952(0x3e000)
NOTICE:  rcar_file_len: len: 0x00200000
NOTICE:  BL2: dst=0x44100000 src=0x8200000 len=2097152(0x200000)
NOTICE:  rcar_file_len: len: 0x00100000
NOTICE:  BL2: dst=0x50000000 src=0x8640000 len=1048576(0x100000)
NOTICE:  BL2: Booting BL31


U-Boot 2020.10 (Dec 20 2023 - 10:10:22 +0000)

CPU: Renesas Electronics R8A7795 rev 3.0
Model: Renesas Salvator-X 2nd version board based on r8a77951
DRAM:  7.9 GiB
RAM Configuration:
Bank #0: 0x048000000 - 0x0bfffffff, 1.9 GiB
Bank #1: 0x500000000 - 0x57fffffff, 2 GiB
Bank #2: 0x600000000 - 0x67fffffff, 2 GiB
Bank #3: 0x700000000 - 0x77fffffff, 2 GiB

MMC:   sd@ee100000: 0, sd@ee140000: 1, sd@ee160000: 2
Loading Environment from MMC... OK
In:    serial@e6e88000
Out:   serial@e6e88000
Err:   serial@e6e88000
Net:   eth0: ethernet@e6800000
Hit any key to stop autoboot:  2  1  0 
ethernet@e6800000 Waiting for PHY auto negotiation to complete......... done
Using ethernet@e6800000 device
TFTP from server 192.168.10.98; our IP address is 192.168.10.104
Filename 'BV/PT3/boot_USB3H/Image'.
Load address: 0x48080000
Loading: *#################################################################
	 #################################################################
	 #################################################################
	 #################################################################
	 #################################################################
	 #################################################################
	 #################################################################
	 #################################################################
	 #################################################################
	 #################################################################
	 #################################################################
	 #################################################################
	 #################################################################
	 #################################################################
	 #################################################################
	 #################################################################
	 #################################################################
	 #################################################################
	 #################################################################
	 #################################################################
	 #################################################################
	 #################################################################
	 #################################################################
	 #################################################################
	 #################################################################
	 #################################################################
	 #################################################################
	 #################################################################
	 #################################################################
	 #################################################################
	 #################################################################
	 #################################################################
	 #################################################################
	 #################################################################
	 ##############################################
	 3.9 MiB/s
done
Bytes transferred = 33112576 (1f94200 hex)
Using ethernet@e6800000 device
TFTP from server 192.168.10.98; our IP address is 192.168.10.104
Filename 'BV/PT3/boot_USB3H/r8a779m1-salvator-xs.dtb'.
Load address: 0x48000000
Loading: *#######
	 5.4 MiB/s
done
Bytes transferred = 91297 (164a1 hex)
Moving Image from 0x48080000 to 0x48200000, end=4a220000
## Flattened Device Tree blob at 48000000
   Booting using the fdt blob at 0x48000000
   Loading Device Tree to 0000000053fe6000, end 0000000053fff4a0 ... OK

Starting kernel ...

[    0.000000] Booting Linux on physical CPU 0x0000000000 [0x411fd073]
[    0.000000] Linux version 5.10.194-yocto-standard (thuan.nguyen-hong@banvien) (aarch64-poky-linux-gcc (GCC) 9.3.0, GNU ld (GNU Binutils) 2.34.0.20200220) #13 SMP PREEMPT Sat Feb 3 10:27:40 UTC 2024
[    0.000000] Machine model: Renesas Salvator-X 2nd version board based on r8a779m1
[    0.000000] efi: UEFI not found.
[    0.000000] Reserved memory: created CMA memory pool at 0x0000000057000000, size 16 MiB
[    0.000000] OF: reserved mem: initialized node linux,adsp@57000000, compatible id shared-dma-pool
[    0.000000] Reserved memory: created CMA memory pool at 0x0000000058000000, size 384 MiB
[    0.000000] OF: reserved mem: initialized node linux,cma@58000000, compatible id shared-dma-pool
[    0.000000] Reserved memory: created CMA memory pool at 0x0000000070000000, size 256 MiB
[    0.000000] OF: reserved mem: initialized node linux,multimedia@70000000, compatible id shared-dma-pool
[    0.000000] NUMA: No NUMA configuration found
[    0.000000] NUMA: Faking a node at [mem 0x0000000048000000-0x000000077fffffff]
[    0.000000] NUMA: NODE_DATA [mem 0x77efd9b00-0x77efdbfff]
[    0.000000] Zone ranges:
[    0.000000]   DMA      [mem 0x0000000048000000-0x000000007fffffff]
[    0.000000]   DMA32    [mem 0x0000000080000000-0x00000000ffffffff]
[    0.000000]   Normal   [mem 0x0000000100000000-0x000000077fffffff]
[    0.000000] Movable zone start for each node
[    0.000000] Early memory node ranges
[    0.000000]   node   0: [mem 0x0000000048000000-0x0000000053ffffff]
[    0.000000]   node   0: [mem 0x0000000054000000-0x0000000056ffffff]
[    0.000000]   node   0: [mem 0x0000000057000000-0x00000000bfffffff]
[    0.000000]   node   0: [mem 0x0000000500000000-0x000000057fffffff]
[    0.000000]   node   0: [mem 0x0000000600000000-0x000000067fffffff]
[    0.000000]   node   0: [mem 0x0000000700000000-0x000000077fffffff]
[    0.000000] Initmem setup node 0 [mem 0x0000000048000000-0x000000077fffffff]
[    0.000000] psci: probing for conduit method from DT.
[    0.000000] psci: PSCIv1.1 detected in firmware.
[    0.000000] psci: Using standard PSCI v0.2 function IDs
[    0.000000] psci: Trusted OS resident on physical CPU 0x0
[    0.000000] psci: SMC Calling Convention v1.2
[    0.000000] percpu: Embedded 23 pages/cpu s56984 r8192 d29032 u94208
[    0.000000] Detected PIPT I-cache on CPU0
[    0.000000] CPU features: detected: EL2 vector hardening
[    0.000000] CPU features: detected: Spectre-v2
[    0.000000] CPU features: detected: ARM errata 1165522, 1319367, or 1530923
[    0.000000] CPU features: detected: Spectre-BHB
[    0.000000] CPU features: detected: ARM erratum 1742098
[    0.000000] Built 1 zonelists, mobility grouping on.  Total pages: 2032128
[    0.000000] Policy zone: Normal
[    0.000000] Kernel command line: rw root=/dev/nfs nfsroot=192.168.10.98:/data/tftpboot/BV/PT3/rootfs_H3e,nfsvers=4 ip=192.168.10.104
[    0.000000] Dentry cache hash table entries: 1048576 (order: 11, 8388608 bytes, linear)
[    0.000000] Inode-cache hash table entries: 524288 (order: 10, 4194304 bytes, linear)
[    0.000000] mem auto-init: stack:off, heap alloc:off, heap free:off
[    0.000000] software IO TLB: mapped [mem 0x000000004ffe6000-0x0000000053fe6000] (64MB)
[    0.000000] Memory: 7277092K/8257536K available (15104K kernel code, 2832K rwdata, 8204K rodata, 6080K init, 519K bss, 308700K reserved, 671744K cma-reserved)
[    0.000000] SLUB: HWalign=64, Order=0-3, MinObjects=0, CPUs=8, Nodes=1
[    0.000000] rcu: Preemptible hierarchical RCU implementation.
[    0.000000] rcu: 	RCU event tracing is enabled.
[    0.000000] rcu: 	RCU restricting CPUs from NR_CPUS=256 to nr_cpu_ids=8.
[    0.000000] 	Trampoline variant of Tasks RCU enabled.
[    0.000000] rcu: RCU calculated value of scheduler-enlistment delay is 25 jiffies.
[    0.000000] rcu: Adjusting geometry for rcu_fanout_leaf=16, nr_cpu_ids=8
[    0.000000] NR_IRQS: 64, nr_irqs: 64, preallocated irqs: 0
[    0.000000] arch_timer: cp15 timer(s) running at 8.32MHz (virt).
[    0.000000] clocksource: arch_sys_counter: mask: 0xffffffffffffff max_cycles: 0x1eb398c07, max_idle_ns: 440795202503 ns
[    0.000002] sched_clock: 56 bits at 8MHz, resolution 120ns, wraps every 2199023255503ns
[    0.000206] Console: colour dummy device 80x25
[    0.000413] printk: console [tty0] enabled
[    0.000482] Calibrating delay loop (skipped), value calculated using timer frequency.. 16.64 BogoMIPS (lpj=33280)
[    0.000498] pid_max: default: 32768 minimum: 301
[    0.000557] LSM: Security Framework initializing
[    0.000643] Mount-cache hash table entries: 16384 (order: 5, 131072 bytes, linear)
[    0.000694] Mountpoint-cache hash table entries: 16384 (order: 5, 131072 bytes, linear)
[    0.002147] rcu: Hierarchical SRCU implementation.
[    0.003743] Detected Renesas R-Car Gen3 r8a7795 ES3.0
[    0.005905] EFI services will not be available.
[    0.006239] smp: Bringing up secondary CPUs ...
[    0.006700] Detected PIPT I-cache on CPU1
[    0.006748] CPU1: Booted secondary processor 0x0000000001 [0x411fd073]
[    0.007232] Detected PIPT I-cache on CPU2
[    0.007256] CPU2: Booted secondary processor 0x0000000002 [0x411fd073]
[    0.007678] Detected PIPT I-cache on CPU3
[    0.007700] CPU3: Booted secondary processor 0x0000000003 [0x411fd073]
[    0.008158] CPU features: detected: ARM erratum 845719
[    0.008170] Detected VIPT I-cache on CPU4
[    0.008218] CPU4: Booted secondary processor 0x0000000100 [0x410fd034]
[    0.008701] Detected VIPT I-cache on CPU5
[    0.008728] CPU5: Booted secondary processor 0x0000000101 [0x410fd034]
[    0.009175] Detected VIPT I-cache on CPU6
[    0.009202] CPU6: Booted secondary processor 0x0000000102 [0x410fd034]
[    0.009644] Detected VIPT I-cache on CPU7
[    0.009671] CPU7: Booted secondary processor 0x0000000103 [0x410fd034]
[    0.009751] smp: Brought up 1 node, 8 CPUs
[    0.009813] SMP: Total of 8 processors activated.
[    0.009821] CPU features: detected: 32-bit EL0 Support
[    0.009828] CPU features: detected: CRC32 instructions
[    0.009836] CPU features: detected: 32-bit EL1 Support
[    0.022997] CPU: All CPU(s) started at EL1
[    0.023049] alternatives: patching kernel code
[    0.024194] devtmpfs: initialized
[    0.030948] KASLR disabled due to lack of seed
[    0.031101] clocksource: jiffies: mask: 0xffffffff max_cycles: 0xffffffff, max_idle_ns: 7645041785100000 ns
[    0.031121] futex hash table entries: 2048 (order: 5, 131072 bytes, linear)
[    0.039742] pinctrl core: initialized pinctrl subsystem
[    0.041278] DMI not present or invalid.
[    0.041785] NET: Registered protocol family 16
[    0.042729] DMA: preallocated 1024 KiB GFP_KERNEL pool for atomic allocations
[    0.042908] DMA: preallocated 1024 KiB GFP_KERNEL|GFP_DMA pool for atomic allocations
[    0.043197] DMA: preallocated 1024 KiB GFP_KERNEL|GFP_DMA32 pool for atomic allocations
[    0.043238] audit: initializing netlink subsys (disabled)
[    0.043392] audit: type=2000 audit(0.040:1): state=initialized audit_enabled=0 res=1
[    0.044574] thermal_sys: Registered thermal governor 'power_allocator'
[    0.045110] cpuidle: using governor menu
[    0.045284] hw-breakpoint: found 6 breakpoint and 4 watchpoint registers.
[    0.045407] ASID allocator initialised with 65536 entries
[    0.046703] Serial: AMBA PL011 UART driver
[    0.089292] sh-pfc e6060000.pinctrl: r8a77951_pfc support registered
[    0.103970] HugeTLB registered 1.00 GiB page size, pre-allocated 0 pages
[    0.103989] HugeTLB registered 32.0 MiB page size, pre-allocated 0 pages
[    0.103997] HugeTLB registered 2.00 MiB page size, pre-allocated 0 pages
[    0.104004] HugeTLB registered 64.0 KiB page size, pre-allocated 0 pages
[    0.104967] cryptd: max_cpu_qlen set to 1000
[    0.107224] ACPI: Interpreter disabled.
[    0.111080] rcar-avs: use avs value: 0
[    0.111100] rcar-avs: cpu@0 is running with: opp_table0
[    0.111109] rcar-avs: cpu@1 is running with: opp_table0
[    0.111118] rcar-avs: cpu@2 is running with: opp_table0
[    0.111127] rcar-avs: cpu@3 is running with: opp_table0
[    0.111211] rcar-avs: gsx@fd000000 is running with: gsx_opp_table0
[    0.112637] iommu: Default domain type: Translated 
[    0.113218] ipmmu-vmsa e67b0000.iommu: IPMMU context 0 is reserved
[    0.114237] vgaarb: loaded
[    0.114433] SCSI subsystem initialized
[    0.114676] usbcore: registered new interface driver usbfs
[    0.114706] usbcore: registered new interface driver hub
[    0.114732] usbcore: registered new device driver usb
[    0.118205] i2c-sh_mobile e60b0000.i2c: I2C adapter 7, bus speed 400000 Hz
[    0.118737] mc: Linux media interface: v0.10
[    0.118760] videodev: Linux video capture interface: v2.00
[    0.118805] pps_core: LinuxPPS API ver. 1 registered
[    0.118813] pps_core: Software ver. 5.3.6 - Copyright 2005-2007 Rodolfo Giometti <giometti@linux.it>
[    0.118826] PTP clock support registered
[    0.118992] EDAC MC: Ver: 3.0.0
[    0.120981] FPGA manager framework
[    0.121044] Advanced Linux Sound Architecture Driver Initialized.
[    0.121601] clocksource: Switched to clocksource arch_sys_counter
[    0.121750] VFS: Disk quotas dquot_6.6.0
[    0.121793] VFS: Dquot-cache hash table entries: 512 (order 0, 4096 bytes)
[    0.121928] pnp: PnP ACPI: disabled
[    0.125421] NET: Registered protocol family 2
[    0.125835] IP idents hash table entries: 131072 (order: 8, 1048576 bytes, linear)
[    0.128100] tcp_listen_portaddr_hash hash table entries: 4096 (order: 4, 65536 bytes, linear)
[    0.128178] TCP established hash table entries: 65536 (order: 7, 524288 bytes, linear)
[    0.128463] TCP bind hash table entries: 65536 (order: 8, 1048576 bytes, linear)
[    0.129047] TCP: Hash tables configured (established 65536 bind 65536)
[    0.129170] UDP hash table entries: 4096 (order: 5, 131072 bytes, linear)
[    0.129285] UDP-Lite hash table entries: 4096 (order: 5, 131072 bytes, linear)
[    0.129499] NET: Registered protocol family 1
[    0.129864] RPC: Registered named UNIX socket transport module.
[    0.129875] RPC: Registered udp transport module.
[    0.129881] RPC: Registered tcp transport module.
[    0.129886] RPC: Registered tcp NFSv4.1 backchannel transport module.
[    0.129899] PCI: CLS 0 bytes, default 64
[    0.130856] hw perfevents: enabled with armv8_cortex_a53 PMU driver, 7 counters available
[    0.131131] hw perfevents: enabled with armv8_cortex_a57 PMU driver, 7 counters available
[    0.131768] kvm [1]: HYP mode not available
[    0.134553] Initialise system trusted keyrings
[    0.134682] workingset: timestamp_bits=42 max_order=21 bucket_order=0
[    0.137757] squashfs: version 4.0 (2009/01/31) Phillip Lougher
[    0.138165] NFS: Registering the id_resolver key type
[    0.138195] Key type id_resolver registered
[    0.138202] Key type id_legacy registered
[    0.138254] nfs4filelayout_init: NFSv4 File Layout Driver Registering...
[    0.138263] nfs4flexfilelayout_init: NFSv4 Flexfile Layout Driver Registering...
[    0.138369] 9p: Installing v9fs 9p2000 file system support
[    0.164715] Key type asymmetric registered
[    0.164726] Asymmetric key parser 'x509' registered
[    0.164757] Block layer SCSI generic (bsg) driver version 0.4 loaded (major 243)
[    0.164768] io scheduler mq-deadline registered
[    0.164777] io scheduler kyber registered
[    0.181006] gpio_rcar e6050000.gpio: driving 16 GPIOs
[    0.181327] gpio_rcar e6051000.gpio: driving 29 GPIOs
[    0.181623] gpio_rcar e6052000.gpio: driving 15 GPIOs
[    0.181896] gpio_rcar e6053000.gpio: driving 16 GPIOs
[    0.182164] gpio_rcar e6054000.gpio: driving 18 GPIOs
[    0.182436] gpio_rcar e6055000.gpio: driving 26 GPIOs
[    0.182715] gpio_rcar e6055400.gpio: driving 32 GPIOs
[    0.182986] gpio_rcar e6055800.gpio: driving 4 GPIOs
[    0.185886] rcar-pcie fe000000.pcie: host bridge /soc/pcie@fe000000 ranges:
[    0.185916] rcar-pcie fe000000.pcie:       IO 0x00fe100000..0x00fe1fffff -> 0x0000000000
[    0.185938] rcar-pcie fe000000.pcie:      MEM 0x00fe200000..0x00fe3fffff -> 0x00fe200000
[    0.185956] rcar-pcie fe000000.pcie:      MEM 0x0030000000..0x0037ffffff -> 0x0030000000
[    0.185970] rcar-pcie fe000000.pcie:      MEM 0x0038000000..0x003fffffff -> 0x0038000000
[    0.185987] rcar-pcie fe000000.pcie:   IB MEM 0x0040000000..0x007fffffff -> 0x0040000000
[    0.186033] rcar-pcie fe000000.pcie: no pcie3v3 regulator found
[    0.186044] rcar-pcie fe000000.pcie: no pcie1v8 regulator found
[    0.253302] rcar-pcie fe000000.pcie: PCIe link down
[    0.253487] rcar-pcie ee800000.pcie: host bridge /soc/pcie@ee800000 ranges:
[    0.253511] rcar-pcie ee800000.pcie:       IO 0x00ee900000..0x00ee9fffff -> 0x0000000000
[    0.253532] rcar-pcie ee800000.pcie:      MEM 0x00eea00000..0x00eebfffff -> 0x00eea00000
[    0.253551] rcar-pcie ee800000.pcie:      MEM 0x00c0000000..0x00c7ffffff -> 0x00c0000000
[    0.253565] rcar-pcie ee800000.pcie:      MEM 0x00c8000000..0x00cfffffff -> 0x00c8000000
[    0.253582] rcar-pcie ee800000.pcie:   IB MEM 0x0040000000..0x007fffffff -> 0x0040000000
[    0.253630] rcar-pcie ee800000.pcie: no pcie3v3 regulator found
[    0.253642] rcar-pcie ee800000.pcie: no pcie1v8 regulator found
[    0.413601] rcar-pcie ee800000.pcie: PCIe link down
[    0.416065] EINJ: ACPI disabled.
[    0.449854] Serial: 8250/16550 driver, 4 ports, IRQ sharing enabled
[    0.452259] SuperH (H)SCI(F) driver initialized
[    0.452687] e6550000.serial: ttySC1 at MMIO 0xe6550000 (irq = 42, base_baud = 0) is a hscif
[    0.453421] e6e88000.serial: ttySC0 at MMIO 0xe6e88000 (irq = 128, base_baud = 0) is a scif
[    1.658114] printk: console [ttySC0] enabled
[    1.663508] msm_serial: driver initialized
[    1.673871] rcar-dw-hdmi fead0000.hdmi: Detected HDMI TX controller v2.01a with HDCP (DWC HDMI 2.0 TX PHY)
[    1.683771] rcar-dw-hdmi fead0000.hdmi: registered DesignWare HDMI I2C bus driver
[    1.692017] rcar-dw-hdmi feae0000.hdmi: Detected HDMI TX controller v2.01a with HDCP (DWC HDMI 2.0 TX PHY)
[    1.701881] rcar-dw-hdmi feae0000.hdmi: registered DesignWare HDMI I2C bus driver
[    1.717428] loop: module loaded
[    1.722028] megasas: 07.714.04.00-rc1
[    1.727747] scsi host0: sata_rcar
[    1.731222] ata1: SATA max UDMA/133 irq 181
[    1.740653] tun: Universal TUN/TAP device driver, 1.6
[    1.746598] thunder_xcv, ver 1.0
[    1.749855] thunder_bgx, ver 1.0
[    1.753096] nicpf, ver 1.0
[    1.757222] hclge is initializing
[    1.760556] hns3: Hisilicon Ethernet Network Driver for Hip08 Family - version
[    1.767779] hns3: Copyright (c) 2017 Huawei Corporation.
[    1.773117] e1000: Intel(R) PRO/1000 Network Driver
[    1.777996] e1000: Copyright (c) 1999-2006 Intel Corporation.
[    1.783763] e1000e: Intel(R) PRO/1000 Network Driver
[    1.788728] e1000e: Copyright(c) 1999 - 2015 Intel Corporation.
[    1.794671] igb: Intel(R) Gigabit Ethernet Network Driver
[    1.800069] igb: Copyright (c) 2007-2014 Intel Corporation.
[    1.805657] igbvf: Intel(R) Gigabit Virtual Function Network Driver
[    1.811923] igbvf: Copyright (c) 2009 - 2012 Intel Corporation.
[    1.818258] sky2: driver version 1.30
[    1.825850] ravb e6800000.ethernet eth0: Base address at 0xe6800000, 2e:09:0a:03:84:20, IRQ 125.
[    1.836079] VFIO - User Level meta-driver version: 0.3
[    1.843207] ehci_hcd: USB 2.0 'Enhanced' Host Controller (EHCI) Driver
[    1.849745] ehci-pci: EHCI PCI platform driver
[    1.854206] ehci-platform: EHCI generic platform driver
[    1.859811] ehci-platform ee0a0100.usb: EHCI Host Controller
[    1.865490] ehci-platform ee0a0100.usb: new USB bus registered, assigned bus number 1
[    1.873400] ehci-platform ee0a0100.usb: irq 175, io mem 0xee0a0100
[    1.893611] ehci-platform ee0a0100.usb: USB 2.0 started, EHCI 1.10
[    1.900150] hub 1-0:1.0: USB hub found
[    1.903947] hub 1-0:1.0: 1 port detected
[    1.908358] ehci-platform ee0c0100.usb: EHCI Host Controller
[    1.914033] ehci-platform ee0c0100.usb: new USB bus registered, assigned bus number 2
[    1.921944] ehci-platform ee0c0100.usb: irq 176, io mem 0xee0c0100
[    1.941610] ehci-platform ee0c0100.usb: USB 2.0 started, EHCI 1.10
[    1.948075] hub 2-0:1.0: USB hub found
[    1.951847] hub 2-0:1.0: 1 port detected
[    1.981648] ehci-platform ee0e0100.usb: EHCI Host Controller
[    1.987321] ehci-platform ee0e0100.usb: new USB bus registered, assigned bus number 3
[    1.995209] ehci-platform ee0e0100.usb: irq 177, io mem 0xee0e0100
[    2.013606] ehci-platform ee0e0100.usb: USB 2.0 started, EHCI 1.10
[    2.020047] hub 3-0:1.0: USB hub found
[    2.023815] hub 3-0:1.0: 1 port detected
[    2.028190] ehci-orion: EHCI orion driver
[    2.032452] ehci-exynos: EHCI Exynos driver
[    2.036753] ohci_hcd: USB 1.1 'Open' Host Controller (OHCI) Driver
[    2.042965] ohci-pci: OHCI PCI platform driver
[    2.047449] ohci-platform: OHCI generic platform driver
[    2.052983] ohci-platform ee0a0000.usb: Generic Platform OHCI controller
[    2.059698] ohci-platform ee0a0000.usb: new USB bus registered, assigned bus number 4
[    2.067573] ohci-platform ee0a0000.usb: irq 175, io mem 0xee0a0000
[    2.149606] ata1: link resume succeeded after 1 retries
[    2.163883] hub 4-0:1.0: USB hub found
[    2.167658] hub 4-0:1.0: 1 port detected
[    2.171988] ohci-platform ee0c0000.usb: Generic Platform OHCI controller
[    2.178703] ohci-platform ee0c0000.usb: new USB bus registered, assigned bus number 5
[    2.186574] ohci-platform ee0c0000.usb: irq 176, io mem 0xee0c0000
[    2.261042] ata1: SATA link down (SStatus 0 SControl 300)
[    2.279869] hub 5-0:1.0: USB hub found
[    2.283642] hub 5-0:1.0: 1 port detected
[    2.287970] ohci-platform ee0e0000.usb: Generic Platform OHCI controller
[    2.294684] ohci-platform ee0e0000.usb: new USB bus registered, assigned bus number 6
[    2.302552] ohci-platform ee0e0000.usb: irq 177, io mem 0xee0e0000
[    2.395878] hub 6-0:1.0: USB hub found
[    2.399645] hub 6-0:1.0: 1 port detected
[    2.403991] ohci-exynos: OHCI Exynos driver
[    2.408436] usbcore: registered new interface driver usb-storage
[    2.416103] renesas_usbhs e6590000.usb: host probed
[    2.420995] renesas_usbhs e6590000.usb: no transceiver found
[    2.426717] renesas_usbhs e6590000.usb: gadget probed
[    2.431934] renesas_usbhs e6590000.usb: probed
[    2.436824] renesas_usbhs e659c000.usb: host probed
[    2.441726] renesas_usbhs e659c000.usb: no transceiver found
[    2.447440] renesas_usbhs e659c000.usb: gadget probed
[    2.452642] renesas_usbhs e659c000.usb: probed
[    2.459570] i2c /dev entries driver
[    2.474091] cs2000-cp 2-004f: revision - C1
[    2.478341] i2c-rcar e6510000.i2c: probed
[    2.483170] pca953x 4-0020: supply vcc not found, using dummy regulator
[    2.489874] pca953x 4-0020: using no AI
[    2.494513] gpio-355 (PCIE/SATA switch): hogged as output/low
[    2.506785] i2c-rcar e66d8000.i2c: probed
[    2.512036] adv748x 4-0070: Endpoint /soc/i2c@e66d8000/video-receiver@70/port@7/endpoint on port 7
[    2.521044] adv748x 4-0070: Endpoint /soc/i2c@e66d8000/video-receiver@70/port@8/endpoint on port 8
[    2.530026] adv748x 4-0070: Endpoint /soc/i2c@e66d8000/video-receiver@70/port@a/endpoint on port 10
[    2.539092] adv748x 4-0070: Endpoint /soc/i2c@e66d8000/video-receiver@70/port@b/endpoint on port 11
[    2.548500] adv748x 4-0070: chip found @ 0xe0 revision 2143
[    2.602194] rcar-csi2 fea80000.csi2: 1 lanes found
[    2.607331] rcar-csi2 feaa0000.csi2: 4 lanes found
[    2.616911] rcar-vin e6ef0000.video: Device registered as video0
[    2.622995] rcar-vin e6ef1000.video: Device registered as video1
[    2.629069] rcar-vin e6ef2000.video: Device registered as video2
[    2.635134] rcar-vin e6ef3000.video: Device registered as video3
[    2.641206] rcar-vin e6ef4000.video: Device registered as video4
[    2.647282] rcar-vin e6ef5000.video: Device registered as video5
[    2.653369] rcar-vin e6ef6000.video: Device registered as video6
[    2.659449] rcar-vin e6ef7000.video: Device registered as video7
[    2.668195] rcar_gen3_thermal e6198000.thermal: is using pseudo fixed FUSE values
[    2.680404] rcar_gen3_thermal e6198000.thermal: TSC0: Loaded 1 trip points
[    2.691652] rcar_gen3_thermal e6198000.thermal: TSC1: Loaded 1 trip points
[    2.702807] rcar_gen3_thermal e6198000.thermal: TSC2: Loaded 3 trip points
[    2.714900] sdhci: Secure Digital Host Controller Interface driver
[    2.721100] sdhci: Copyright(c) Pierre Ossman
[    2.726283] Synopsys Designware Multimedia Card Interface Driver
[    2.726591] renesas_sdhi_internal_dmac ee140000.mmc: Adding to iommu group 0
[    2.726723] renesas_sdhi_internal_dmac ee100000.mmc: Got CD GPIO
[    2.726726] renesas_sdhi_internal_dmac ee160000.mmc: Got CD GPIO
[    2.726743] renesas_sdhi_internal_dmac ee100000.mmc: Got WP GPIO
[    2.726748] renesas_sdhi_internal_dmac ee160000.mmc: Got WP GPIO
[    2.733661] sdhci-pltfm: SDHCI platform and OF driver helper
[    2.739382] renesas_sdhi_internal_dmac ee140000.mmc: Using IPMMU context 1
[    2.776692] ledtrig-cpu: registered to indicate activity on CPUs
[    2.783710] SMCCC: SOC_ID: ARCH_SOC_ID not implemented, skipping ....
[    2.790723] usbcore: registered new interface driver usbhid
[    2.796298] usbhid: USB HID core driver
[    2.803920] optee: probing for conduit method.
[    2.808389] optee: revision 3.22 (314ecf9d)
[    2.808915] optee driver R-Car Rev.1.0.11
[    2.817339] optee: dynamic shared memory is enabled
[    2.822479] optee: initialized driver
[    2.824948] renesas_sdhi_internal_dmac ee140000.mmc: mmc0 base at 0x00000000ee140000, max clock rate 200 MHz
[    2.836808] rcar_sound ec500000.sound: probed
[    2.841869] NET: Registered protocol family 17
[    2.846427] 9pnet: Installing 9P2000 support
[    2.850746] Key type dns_resolver registered
[    2.855275] registered taskstats version 1
[    2.859390] Loading compiled-in X.509 certificates
[    2.874047] thermal emergency: set temperature to 110 celsius
[    2.879991] thermal emergency: shutdown target cpus 1-7
[    2.885219] thermal emergency: freq scaled target cpus 0
[    2.890898] renesas_irqc e61c0000.interrupt-controller: driving 6 irqs
[    2.909303] mmc0: new HS400 MMC card at address 0001
[    2.915006] mmcblk0: mmc0:0001 BGSD3R 29.1 GiB 
[    2.919924] mmcblk0boot0: mmc0:0001 BGSD3R partition 1 16.0 MiB
[    2.926222] mmcblk0boot1: mmc0:0001 BGSD3R partition 2 16.0 MiB
[    2.932392] mmcblk0rpmb: mmc0:0001 BGSD3R partition 3 4.00 MiB, chardev (509:0)
[    2.937649] ehci-platform ee080100.usb: EHCI Host Controller
[    2.941447]  mmcblk0: p1
[    2.945384] ehci-platform ee080100.usb: new USB bus registered, assigned bus number 7
[    2.955819] ehci-platform ee080100.usb: irq 174, io mem 0xee080100
[    2.977720] ehci-platform ee080100.usb: USB 2.0 started, EHCI 1.10
[    2.984369] hub 7-0:1.0: USB hub found
[    2.988141] hub 7-0:1.0: 1 port detected
[    2.993639] ohci-platform ee080000.usb: Generic Platform OHCI controller
[    3.000361] ohci-platform ee080000.usb: new USB bus registered, assigned bus number 8
[    3.008250] ohci-platform ee080000.usb: irq 174, io mem 0xee080000
[    3.104183] hub 8-0:1.0: USB hub found
[    3.107957] hub 8-0:1.0: 1 port detected
[    3.113299] cpu cpu0: EM: created perf domain
[    3.118345] cpu cpu4: EM: created perf domain
[    3.126167] renesas_sdhi_internal_dmac ee100000.mmc: Got CD GPIO
[    3.126786] renesas_sdhi_internal_dmac ee160000.mmc: Got CD GPIO
[    3.132204] renesas_sdhi_internal_dmac ee100000.mmc: Got WP GPIO
[    3.139910] renesas_sdhi_internal_dmac ee160000.mmc: Got WP GPIO
[    3.152087] [drm] Initialized rcar-du 1.0.0 20130110 for feb00000.display on minor 0
[    3.159852] [drm] Device feb00000.display probed
[    3.192825] renesas_sdhi_internal_dmac ee100000.mmc: mmc1 base at 0x00000000ee100000, max clock rate 200 MHz
[    3.199878] renesas_sdhi_internal_dmac ee160000.mmc: mmc2 base at 0x00000000ee160000, max clock rate 200 MHz
[    3.201666] Console: switching to colour frame buffer device 128x48
[    3.245376] rcar-du feb00000.display: [drm] fb0: rcar-dudrmfb frame buffer device
[    3.257458] input: keys as /devices/platform/keys/input/input0
[    3.337341] Micrel KSZ9031 Gigabit PHY e6800000.ethernet-ffffffff:00: attached PHY driver [Micrel KSZ9031 Gigabit PHY] (mii_bus:phy_addr=e6800000.ethernet-ffffffff:00, irq=183)
[   12.223062] ravb e6800000.ethernet eth0: Link is Up - 1Gbps/Full - flow control off
[   12.253643] IP-Config: Guessing netmask 255.255.255.0
[   12.258810] IP-Config: Complete:
[   12.262123]      device=eth0, hwaddr=2e:09:0a:03:84:20, ipaddr=192.168.10.104, mask=255.255.255.0, gw=255.255.255.255
[   12.272931]      host=192.168.10.104, domain=, nis-domain=(none)
[   12.279062]      bootserver=255.255.255.255, rootserver=192.168.10.98, rootpath=
[   12.279672] ALSA device list:
[   12.290293]   No soundcards found.
[   12.428997] VFS: Mounted root (nfs4 filesystem) on device 0:22.
[   12.435982] devtmpfs: mounted
[   12.442600] Freeing unused kernel memory: 6080K
[   12.469734] Run /sbin/init as init process
[   12.631472] systemd[1]: System time before build time, advancing clock.
[   13.035823] NET: Registered protocol family 10
[   13.044568] Segment Routing with IPv6
[   13.061631] random: crng init done
[   13.080907] systemd[1]: systemd 244 running in system mode. (+PAM -AUDIT -SELINUX +IMA -APPARMOR -SMACK +SYSVINIT +UTMP -LIBCRYPTSETUP -GCRYPT -GNUTLS +ACL +XZ -LZ4 -SECCOMP +BLKID -ELFUTILS +KMOD -IDN2 -IDN -PCRE2 default-hierarchy=hybrid)
[   13.109552] systemd[1]: Detected architecture arm64.

Welcome to [1mPoky (Yocto Project Reference Distro) 3.1.11 (dunfell)[0m!

[   13.144034] systemd[1]: Set hostname to <salvator-x>.
[   13.939985] systemd[1]: system-getty.slice: unit configures an IP firewall, but the local system does not support BPF/cgroup firewalling.
[   13.960761] systemd[1]: (This warning is only shown for the first unit using IP firewalling.)
[   13.975440] systemd[1]: Created slice system-getty.slice.
[[0;32m  OK  [0m] Created slice [0;1;39msystem-getty.slice[0m.
[   13.998621] systemd[1]: Created slice system-serial\x2dgetty.slice.
[[0;32m  OK  [0m] Created slice [0;1;39msystem-serial\x2dgetty.slice[0m.
[   14.022676] systemd[1]: Created slice User and Session Slice.
[[0;32m  OK  [0m] Created slice [0;1;39mUser and Session Slice[0m.
[   14.046060] systemd[1]: Started Dispatch Password Requests to Console Directory Watch.
[[0;32m  OK  [0m] Started [0;1;39mDispatch Password â€¦ts to Console Directory Watch[0m.
[   14.073934] systemd[1]: Started Forward Password Requests to Wall Directory Watch.
[[0;32m  OK  [0m] Started [0;1;39mForward Password Râ€¦uests to Wall Directory Watch[0m.
[   14.101916] systemd[1]: Reached target Paths.
[[0;32m  OK  [0m] Reached target [0;1;39mPaths[0m.
[   14.125781] systemd[1]: Reached target Remote File Systems.
[[0;32m  OK  [0m] Reached target [0;1;39mRemote File Systems[0m.
[   14.149757] systemd[1]: Reached target Slices.
[[0;32m  OK  [0m] Reached target [0;1;39mSlices[0m.
[   14.173778] systemd[1]: Reached target Swap.
[[0;32m  OK  [0m] Reached target [0;1;39mSwap[0m.
[   14.200582] systemd[1]: Listening on RPCbind Server Activation Socket.
[[0;32m  OK  [0m] Listening on [0;1;39mRPCbind Server Activation Socket[0m.
[   14.229834] systemd[1]: Reached target RPC Port Mapper.
[[0;32m  OK  [0m] Reached target [0;1;39mRPC Port Mapper[0m.
[   14.254155] systemd[1]: Listening on initctl Compatibility Named Pipe.
[[0;32m  OK  [0m] Listening on [0;1;39minitctl Compatibility Named Pipe[0m.
[   14.283947] systemd[1]: Listening on Journal Audit Socket.
[[0;32m  OK  [0m] Listening on [0;1;39mJournal Audit Socket[0m.
[   14.311114] systemd[1]: Listening on Journal Socket (/dev/log).
[[0;32m  OK  [0m] Listening on [0;1;39mJournal Socket (/dev/log)[0m.
[   14.338437] systemd[1]: Listening on Journal Socket.
[[0;32m  OK  [0m] Listening on [0;1;39mJournal Socket[0m.
[   14.363365] systemd[1]: Listening on Network Service Netlink Socket.
[[0;32m  OK  [0m] Listening on [0;1;39mNetwork Service Netlink Socket[0m.
[   14.392641] systemd[1]: Listening on udev Control Socket.
[[0;32m  OK  [0m] Listening on [0;1;39mudev Control Socket[0m.
[   14.418272] systemd[1]: Listening on udev Kernel Socket.
[[0;32m  OK  [0m] Listening on [0;1;39mudev Kernel Socket[0m.
[   14.447272] systemd[1]: Mounting Huge Pages File System...
         Mounting [0;1;39mHuge Pages File System[0m...
[   14.474874] systemd[1]: Mounting POSIX Message Queue File System...
         Mounting [0;1;39mPOSIX Message Queue File System[0m...
[   14.506985] systemd[1]: Mounting Kernel Debug File System...
         Mounting [0;1;39mKernel Debug File System[0m...
[   14.537929] systemd[1]: Mounting Temporary Directory (/tmp)...
         Mounting [0;1;39mTemporary Directory (/tmp)[0m...
[   14.568144] systemd[1]: Starting Create list of static device nodes for the current kernel...
         Starting [0;1;39mCreate list of stâ€¦odes for the current kernel[0m...
[   14.602957] systemd[1]: Starting Start psplash boot splash screen...
         Starting [0;1;39mStart psplash boot splash screen[0m...
[   14.636535] systemd[1]: Starting RPC Bind...
         Starting [0;1;39mRPC Bind[0m...
[   14.666510] systemd[1]: Condition check resulted in File System Check on Root Device being skipped.
[   14.683450] systemd[1]: Starting Journal Service...
         Starting [0;1;39mJournal Service[0m...
[   14.710261] systemd[1]: Starting Load Kernel Modules...
         Starting [0;1;39mLoad Kernel Modules[0m...
[   14.734328] systemd[1]: Starting Remount Root and Kernel File Systems...
         Starting [0;1;39mRemount Root and Kernel File Systems[0m...
[   14.763255] systemd[1]: Starting udev Coldplug all Devices...
         Starting [0;1;39mudev Coldplug all Devices[0m...
[   14.786327] systemd[1]: Started Start psplash boot splash screen.
[[0;32m  OK  [0m] Started [0;1;39mStart psplash boot splash screen[0m.
[   14.810460] systemd[1]: Started RPC Bind.
[[0;32m  OK  [0m] Started [0;1;39mRPC Bind[0m.
[   14.830371] systemd[1]: Started Journal Service.
[[0;32m  OK  [0m] Started [0;1;39mJournal Service[0m.
[[0;32m  OK  [0m] Mounted [0;1;39mHuge Pages File System[0m.
[[0;32m  OK  [0m] Mounted [0;1;39mPOSIX Message Queue File System[0m.
[[0;32m  OK  [0m] Mounted [0;1;39mKernel Debug File System[0m.
[[0;32m  OK  [0m] Mounted [0;1;39mTemporary Directory (/tmp)[0m.
[[0;32m  OK  [0m] Started [0;1;39mCreate list of staâ€¦ nodes for the current kernel[0m.
[[0;32m  OK  [0m] Started [0;1;39mLoad Kernel Modules[0m.
[[0;32m  OK  [0m] Started [0;1;39mRemount Root and Kernel File Systems[0m.
         Mounting [0;1;39mKernel Configuration File System[0m...
[[0;32m  OK  [0m] Started [0;1;39mStart psplash-systâ€¦progress communication helper[0m.
         Starting [0;1;39mFlush Journal to Persistent Storage[0m...
         Starting [0;1;39mApply Kernel Variables[0m...
[   15.057043] systemd-journald[334]: Received client request to flush runtime journal.
         Starting [0;1;39mCreate Static Device Nodes in /dev[0m...
[[0;32m  OK  [0m] Mounted [0;1;39mKernel Configuration File System[0m.
[[0;32m  OK  [0m] Started [0;1;39mFlush Journal to Persistent Storage[0m.
[[0;32m  OK  [0m] Started [0;1;39mApply Kernel Variables[0m.
[[0;32m  OK  [0m] Started [0;1;39mCreate Static Device Nodes in /dev[0m.
[[0;32m  OK  [0m] Reached target [0;1;39mLocal File Systems (Pre)[0m.
         Mounting [0;1;39m/var/volatile[0m...
         Starting [0;1;39mudev Kernel Device Manager[0m...
[[0;32m  OK  [0m] Started [0;1;39mudev Coldplug all Devices[0m.
[[0;32m  OK  [0m] Mounted [0;1;39m/var/volatile[0m.
         Starting [0;1;39mLoad/Save Random Seed[0m...
[[0;32m  OK  [0m] Reached target [0;1;39mLocal File Systems[0m.
         Starting [0;1;39mCreate Volatile Files and Directories[0m...
[[0;32m  OK  [0m] Started [0;1;39mudev Kernel Device Manager[0m.
[[0;32m  OK  [0m] Started [0;1;39mLoad/Save Random Seed[0m.
         Starting [0;1;39mNetwork Service[0m...
[[0;32m  OK  [0m] Started [0;1;39mCreate Volatile Files and Directories[0m.
         Starting [0;1;39mNetwork Time Synchronization[0m...
         Starting [0;1;39mUpdate UTMP about System Boot/Shutdown[0m...
[[0;32m  OK  [0m] Started [0;1;39mNetwork Service[0m.
         Starting [0;1;39mNetwork Name Resolution[0m...
[[0;32m  OK  [0m] Started [0;1;39mUpdate UTMP about System Boot/Shutdown[0m.
[[0;32m  OK  [0m] Started [0;1;39mNetwork Time Synchronization[0m.
[   15.600566] pwm-backlight: probe of backlight failed with error -16
[[0;32m  OK  [0m] Reached target [0;1;39mSystem Initialization[0m.
[[0;32m  OK  [0m] Started [0;1;39mDaily Clean[   15.640906] at24 7-0050: supply vcc not found, using dummy regulator
up of Temporary Director[   15.649512] at24 7-0050: 128 byte br24t01 EEPROM, writable, 8 bytes/write
ies[0m.
[[0;32m  OK  [0m] Reached target [0;1;39mSystem Time Set[0m.
[[0;32m  OK  [0m] Reached target [0;1;39mSystem Time Synchronized[0m.
[[0;32m  OK  [0m] Reached target [0;1;39mTimers[0m.
[[0;32m  OK  [0m] Reached target [0;1;39mHardware activated USB gadget[0m.
[[0;32m  OK  [0m] Listening on [0;1;39mAvahi mDNS/DNS-SD Stack Activation Socket[0m.
[[0;32m  OK  [0m] Listening on [0;1;39mD-Bus System Message Bus Socket[0m.
[[0;32m  OK  [0m] Listening on [0;1;39mdropbear.socket[0m.
[   15.836095] renesas_usb3 ee020000.usb: probed with phy
[[0;32m  OK  [0m] Reac[   15.851170] ccree e6601000.crypto: ARM CryptoCell 630P Driver: HW version 0xAF400001/0xDCC63000, Driver version 5.0
hed target [0;1;39mSockets[0m.
[[0;32m  OK  [0m] Reached target [0;1;39mBasic System[0m.
[   15.887221] ccree e6601000.crypto: ARM ccree device initialized
[   15.896285] xhci-hcd ee000000.usb: xHCI Host Controller
[[0;32m  OK  [[   15.902229] xhci-hcd ee000000.usb: new USB bus registered, assigned bus number 9
0m] Started [0;1;39mD-Bus System Message Bus[0m.
[   15.930867] xhci-hcd ee000000.usb: hcc params 0x014051ce hci version 0x100 quirks 0x0000000000830410
[[0;32m  OK  [[   15.940565] xhci-hcd ee000000.usb: irq 172, io mem 0xee000000
0m] Started [0;[   15.947898] xhci-hcd ee000000.usb: xHCI Host Controller
1;39moptee servi[   15.954296] xhci-hcd ee000000.usb: new USB bus registered, assigned bus number 10
ces[0m.
[   15.963179] xhci-hcd ee000000.usb: Host supports USB 3.0 SuperSpeed
[   15.970690] hub 9-0:1.0: USB hub found
[   15.974933] hub 9-0:1.0: 1 port detected
[   15.981751] usb usb10: We don't know the algorithms for LPM for this host, disabling LPM.
[   15.990361] hub 10-0:1.0: USB hub found
[   15.994224] hub 10-0:1.0: 1 port detected
         Starting [0;1;39mpvrinit.service[0m...
         Starting [0;1;39mPowerVR consumer services[0m...
         Starting [0;1;39mLogin Service[0m...
[[0;32m  OK  [0m] Started [0;1;39mNetwork Name Resolution[0m.
[[0;1;31mFAILED[0m] Failed to start [0;1;39mpvrinit.service[0m.
See 'systemctl status pvrinit.service' for details.
[[0;1;31mFAILED[0m] Failed to start [0;1;39mPowerVR consumer services[0m.
See 'systemctl status rc.pvr.service' for details.
[[0;1;38;5;185mDEPEND[0m] Dependency failed for [0;1;39mWeston Wayland Compositor[0m.
[[0;32m  OK  [0m] Created slice [0;1;39msystem-weston.slice[0m.
[[0;32m  OK  [0m] Reached target [0;1;39mNetwork[0m.
[[0;32m  OK  [0m] Reached target [0;1;39mHost and Network Name Lookups[0m.
         Starting [0;1;39mAvahi mDNS/DNS-SD Stack[0m...
         Starting [0;1;39mset_default_governor.service[0m...
         Starting [0;1;39mPermit User Sessions[0m...
[[0;32m  OK  [0m] Started [0;1;39mXinetd A Powerful Replacement For Inetd[0m.
[[0;32m  OK  [0m] Star[   16.381986] rd 0-7: Disabling EAS, schedutil is mandatory
ted [0;1;39mPermit User Sessions[0m.
[[0;32m  OK  [0m] Started [0;1;39mLogin Service[0m.
[[0;32m  OK  [0m] Started [0;1;39mAvahi mDNS/DNS-SD Stack[0m.
[[0;32m  OK  [0m] Started [0;1;39mset_default_governor.service[0m.
[[0;32m  OK  [0m] Started [0;1;39mGetty on tty1[0m.
[[0;32m  OK  [0m] Started [0;1;39mSerial Getty on ttySC0[0m.
[[0;32m  OK  [0m] Reached target [0;1;39mLogin Prompts[0m.
[[0;32m  OK  [0m] Reached target [0;1;39mMulti-User System[0m.
         Starting [0;1;39mUpdate UTMP about System Runlevel Changes[0m...
[[0;32m  OK  [0m] Started [0;1;39mUpdate UTMP about System Runlevel Changes[0m.
[   17.178108] usb 10-1: new SuperSpeed Gen 1 USB device number 2 using xhci-hcd
[   17.217409] usb-storage 10-1:1.0: USB Mass Storage device detected
[   17.223981] scsi host1: usb-storage 10-1:1.0


Poky (Yocto Project Reference Distro) 3.1.11 salvator-x ttySC0

salvator-x login: 

salvator-x login: root

[   18.185754] audit: type=1006 audit(1703064537.552:2): pid=513 uid=0 old-auid=4294967295 auid=0 tty=(none) old-ses=4294967295 ses=1 res=1
[   18.242504] scsi 1:0:0:0: Direct-Access     Samsung  Portable SSD T5  0    PQ: 0 ANSI: 6
[   18.251358] sd 1:0:0:0: [sda] 488397168 512-byte logical blocks: (250 GB/233 GiB)
[   18.259743] sd 1:0:0:0: [sda] Write Protect is off
[   18.265311] sd 1:0:0:0: [sda] Write cache: enabled, read cache: enabled, doesn't support DPO or FUA
[   18.304904]  sda: sda1
[   18.309838] sd 1:0:0:0: [sda] Attached SCSI disk
7[r[999;999H[6n8root@salvator-x:~# 
root@salvator-x:~# 
root@salvator-x:~# 
root@salvator-x:~# 
root@salvator-x:~# 
root@salvator-x:~# 
root@salvator-x:~# 
root@salvator-x:~# 
root@salvator-x:~# 
root@salvator-x:~# find /sys/devices/platform/soc/ee000000.usb/ -name product -p 
rint0 | xargs -0 grep "Portable"
/sys/devices/platform/soc/ee000000.usb/usb10/10-1/product:Portable SSD T5
root@salvator-x:~# 
root@salvator-x:~# find /sys/devices/platform/soc/ee000000.usb/ -name 'sd*'
/sys/devices/platform/soc/ee000000.usb/usb10/10-1/10-1:1.0/host1/target1:0:0/1:0:0:0/block/sda
/sys/devices/platform/soc/ee000000.usb/usb10/10-1/10-1:1.0/host1/target1:0:0/1:0:0:0/block/sda/sda1
root@salvator-x:~# 
root@salvator-x:~# dd if=/dev/sda1 of=/dev/null bs=64M count=10 iflag=direct
10+0 records in
10+0 records out
671088640 bytes (671 MB, 640 MiB) copied, 2.76241 s, 243 MB/s
root@salvator-x:~# 
root@salvator-x:~# dd if=/dev/zero of=/dev/sda1 bs=64M count=10 oflag=direct
[   43.997806] SDHI0 VccQ: disabling
[   44.001234] SDHI3 VccQ: disabling
10+0 records in
10+0 records out
671088640 bytes (671 MB, 640 MiB) copied, 2.74267 s, 245 MB/s
root@salvator-x:~# 
 
#### Result: OK ####
