NOTICE:  BL2: R-Car Gen3 Initial Program Loader(CA57) Rev.4.0.0
NOTICE:  BL2: PRR is R-Car H3 Ver.3.0
NOTICE:  BL2: Board is Salvator-XS Rev.1.0
NOTICE:  BL2: Boot device is HyperFlash(160MHz)
NOTICE:  BL2: LCM state is CM
NOTICE:  AVS setting succeeded. DVFS_SetVID=0x53
NOTICE:  BL2: DDR3200(rev.0.42)
NOTICE:  BL2: [COLD_BOOT]
NOTICE:  BL2: DRAM Split is 4ch(DDR f)
NOTICE:  BL2: QoS is default setting(rev.0.11)
NOTICE:  BL2: DRAM refresh interval 1.95 usec
NOTICE:  BL2: Periodic Write DQ Training
NOTICE:  BL2: CH0: 400000000 - 47fffffff, 2 GiB
NOTICE:  BL2: CH1: 500000000 - 57fffffff, 2 GiB
NOTICE:  BL2: CH2: 600000000 - 67fffffff, 2 GiB
NOTICE:  BL2: CH3: 700000000 - 77fffffff, 2 GiB
NOTICE:  BL2: Lossy Decomp areas
NOTICE:       Entry 0: DCMPAREACRAx:0x80000540 DCMPAREACRBx:0x570
NOTICE:       Entry 1: DCMPAREACRAx:0x40000000 DCMPAREACRBx:0x0
NOTICE:       Entry 2: DCMPAREACRAx:0x20000000 DCMPAREACRBx:0x0
NOTICE:  BL2: FDT at 0xe6327f70
NOTICE:  BL2: v2.9(release):9cdb21f75
NOTICE:  BL2: Built : 03:23:42, Jan  8 2024
NOTICE:  BL2: Normal boot
NOTICE:  BL2: dst=0xe6327800 src=0x8180000 len=512(0x200)
NOTICE:  BL2: dst=0x43f00000 src=0x8180400 len=6144(0x1800)
NOTICE:  rcar_file_len: len: 0x0003e000
NOTICE:  BL2: dst=0x44000000 src=0x81c0000 len=253952(0x3e000)
NOTICE:  rcar_file_len: len: 0x00200000
NOTICE:  BL2: dst=0x44100000 src=0x8200000 len=2097152(0x200000)
NOTICE:  rcar_file_len: len: 0x00100000
NOTICE:  BL2: dst=0x50000000 src=0x8640000 len=1048576(0x100000)
NOTICE:  BL2: Booting BL31


U-Boot 2020.10 (Dec 20 2023 - 10:10:22 +0000)

CPU: Renesas Electronics R8A7795 rev 3.0
Model: Renesas Salvator-X 2nd version board based on r8a77951
DRAM:  7.9 GiB
RAM Configuration:
Bank #0: 0x048000000 - 0x0bfffffff, 1.9 GiB
Bank #1: 0x500000000 - 0x57fffffff, 2 GiB
Bank #2: 0x600000000 - 0x67fffffff, 2 GiB
Bank #3: 0x700000000 - 0x77fffffff, 2 GiB

MMC:   sd@ee100000: 0, sd@ee140000: 1, sd@ee160000: 2
Loading Environment from MMC... OK
In:    serial@e6e88000
Out:   serial@e6e88000
Err:   serial@e6e88000
Net:   eth0: ethernet@e6800000
Hit any key to stop autoboot:  2  1  0 
ethernet@e6800000 Waiting for PHY auto negotiation to complete.......... done
Using ethernet@e6800000 device
TFTP from server 192.168.10.98; our IP address is 192.168.10.104
Filename 'BV/PT3/boot_USB3H/Image'.
Load address: 0x48080000
Loading: *#################################################################
	 #################################################################
	 #################################################################
	 #################################################################
	 #################################################################
	 #################################################################
	 #################################################################
	 #################################################################
	 #################################################################
	 #################################################################
	 #################################################################
	 #################################################################
	 #################################################################
	 #################################################################
	 #################################################################
	 #################################################################
	 #################################################################
	 #################################################################
	 #################################################################
	 #################################################################
	 #################################################################
	 #################################################################
	 #################################################################
	 #################################################################
	 #################################################################
	 #################################################################
	 #################################################################
	 #################################################################
	 #################################################################
	 #################################################################
	 #################################################################
	 #################################################################
	 #################################################################
	 #################################################################
	 ##############################################
	 2.5 MiB/s
done
Bytes transferred = 33112576 (1f94200 hex)
Using ethernet@e6800000 device
TFTP from server 192.168.10.98; our IP address is 192.168.10.104
Filename 'BV/PT3/boot_USB3H/r8a77951-salvator-xs.dtb'.
Load address: 0x48000000
Loading: *#######
	 5.1 MiB/s
done
Bytes transferred = 90876 (162fc hex)
Moving Image from 0x48080000 to 0x48200000, end=4a220000
## Flattened Device Tree blob at 48000000
   Booting using the fdt blob at 0x48000000
   Loading Device Tree to 0000000053fe6000, end 0000000053fff2fb ... OK

Starting kernel ...

[    0.000000] Booting Linux on physical CPU 0x0000000000 [0x411fd073]
[    0.000000] Linux version 5.10.194-yocto-standard (thuan.nguyen-hong@banvien) (aarch64-poky-linux-gcc (GCC) 9.3.0, GNU ld (GNU Binutils) 2.34.0.20200220) #13 SMP PREEMPT Sat Feb 3 10:27:40 UTC 2024
[    0.000000] Machine model: Renesas Salvator-X 2nd version board based on r8a77951
[    0.000000] efi: UEFI not found.
[    0.000000] Reserved memory: created CMA memory pool at 0x0000000057000000, size 16 MiB
[    0.000000] OF: reserved mem: initialized node linux,adsp@57000000, compatible id shared-dma-pool
[    0.000000] Reserved memory: created CMA memory pool at 0x0000000058000000, size 384 MiB
[    0.000000] OF: reserved mem: initialized node linux,cma@58000000, compatible id shared-dma-pool
[    0.000000] Reserved memory: created CMA memory pool at 0x0000000070000000, size 256 MiB
[    0.000000] OF: reserved mem: initialized node linux,multimedia@70000000, compatible id shared-dma-pool
[    0.000000] NUMA: No NUMA configuration found
[    0.000000] NUMA: Faking a node at [mem 0x0000000048000000-0x000000077fffffff]
[    0.000000] NUMA: NODE_DATA [mem 0x77efdab00-0x77efdcfff]
[    0.000000] Zone ranges:
[    0.000000]   DMA      [mem 0x0000000048000000-0x000000007fffffff]
[    0.000000]   DMA32    [mem 0x0000000080000000-0x00000000ffffffff]
[    0.000000]   Normal   [mem 0x0000000100000000-0x000000077fffffff]
[    0.000000] Movable zone start for each node
[    0.000000] Early memory node ranges
[    0.000000]   node   0: [mem 0x0000000048000000-0x0000000053ffffff]
[    0.000000]   node   0: [mem 0x0000000054000000-0x0000000056ffffff]
[    0.000000]   node   0: [mem 0x0000000057000000-0x00000000bfffffff]
[    0.000000]   node   0: [mem 0x0000000500000000-0x000000057fffffff]
[    0.000000]   node   0: [mem 0x0000000600000000-0x000000067fffffff]
[    0.000000]   node   0: [mem 0x0000000700000000-0x000000077fffffff]
[    0.000000] Initmem setup node 0 [mem 0x0000000048000000-0x000000077fffffff]
[    0.000000] psci: probing for conduit method from DT.
[    0.000000] psci: PSCIv1.1 detected in firmware.
[    0.000000] psci: Using standard PSCI v0.2 function IDs
[    0.000000] psci: Trusted OS resident on physical CPU 0x0
[    0.000000] psci: SMC Calling Convention v1.2
[    0.000000] percpu: Embedded 23 pages/cpu s56984 r8192 d29032 u94208
[    0.000000] Detected PIPT I-cache on CPU0
[    0.000000] CPU features: detected: EL2 vector hardening
[    0.000000] CPU features: detected: Spectre-v2
[    0.000000] CPU features: detected: ARM errata 1165522, 1319367, or 1530923
[    0.000000] CPU features: detected: Spectre-BHB
[    0.000000] CPU features: detected: ARM erratum 1742098
[    0.000000] Built 1 zonelists, mobility grouping on.  Total pages: 2032128
[    0.000000] Policy zone: Normal
[    0.000000] Kernel command line: rw root=/dev/nfs nfsroot=192.168.10.98:/data/tftpboot/BV/PT3/rootfs_H3,nfsvers=4 ip=192.168.10.104
[    0.000000] Dentry cache hash table entries: 1048576 (order: 11, 8388608 bytes, linear)
[    0.000000] Inode-cache hash table entries: 524288 (order: 10, 4194304 bytes, linear)
[    0.000000] mem auto-init: stack:off, heap alloc:off, heap free:off
[    0.000000] software IO TLB: mapped [mem 0x000000004ffe6000-0x0000000053fe6000] (64MB)
[    0.000000] Memory: 7277096K/8257536K available (15104K kernel code, 2832K rwdata, 8204K rodata, 6080K init, 519K bss, 308696K reserved, 671744K cma-reserved)
[    0.000000] SLUB: HWalign=64, Order=0-3, MinObjects=0, CPUs=8, Nodes=1
[    0.000000] rcu: Preemptible hierarchical RCU implementation.
[    0.000000] rcu: 	RCU event tracing is enabled.
[    0.000000] rcu: 	RCU restricting CPUs from NR_CPUS=256 to nr_cpu_ids=8.
[    0.000000] 	Trampoline variant of Tasks RCU enabled.
[    0.000000] rcu: RCU calculated value of scheduler-enlistment delay is 25 jiffies.
[    0.000000] rcu: Adjusting geometry for rcu_fanout_leaf=16, nr_cpu_ids=8
[    0.000000] NR_IRQS: 64, nr_irqs: 64, preallocated irqs: 0
[    0.000000] arch_timer: cp15 timer(s) running at 8.32MHz (virt).
[    0.000000] clocksource: arch_sys_counter: mask: 0xffffffffffffff max_cycles: 0x1eb398c07, max_idle_ns: 440795202503 ns
[    0.000002] sched_clock: 56 bits at 8MHz, resolution 120ns, wraps every 2199023255503ns
[    0.000209] Console: colour dummy device 80x25
[    0.000416] printk: console [tty0] enabled
[    0.000493] Calibrating delay loop (skipped), value calculated using timer frequency.. 16.64 BogoMIPS (lpj=33280)
[    0.000508] pid_max: default: 32768 minimum: 301
[    0.000565] LSM: Security Framework initializing
[    0.000654] Mount-cache hash table entries: 16384 (order: 5, 131072 bytes, linear)
[    0.000705] Mountpoint-cache hash table entries: 16384 (order: 5, 131072 bytes, linear)
[    0.002161] rcu: Hierarchical SRCU implementation.
[    0.003759] Detected Renesas R-Car Gen3 r8a7795 ES3.0
[    0.005916] EFI services will not be available.
[    0.006251] smp: Bringing up secondary CPUs ...
[    0.006709] Detected PIPT I-cache on CPU1
[    0.006758] CPU1: Booted secondary processor 0x0000000001 [0x411fd073]
[    0.007243] Detected PIPT I-cache on CPU2
[    0.007267] CPU2: Booted secondary processor 0x0000000002 [0x411fd073]
[    0.007694] Detected PIPT I-cache on CPU3
[    0.007715] CPU3: Booted secondary processor 0x0000000003 [0x411fd073]
[    0.008182] CPU features: detected: ARM erratum 845719
[    0.008195] Detected VIPT I-cache on CPU4
[    0.008243] CPU4: Booted secondary processor 0x0000000100 [0x410fd034]
[    0.008719] Detected VIPT I-cache on CPU5
[    0.008746] CPU5: Booted secondary processor 0x0000000101 [0x410fd034]
[    0.009186] Detected VIPT I-cache on CPU6
[    0.009213] CPU6: Booted secondary processor 0x0000000102 [0x410fd034]
[    0.009650] Detected VIPT I-cache on CPU7
[    0.009677] CPU7: Booted secondary processor 0x0000000103 [0x410fd034]
[    0.009756] smp: Brought up 1 node, 8 CPUs
[    0.009820] SMP: Total of 8 processors activated.
[    0.009827] CPU features: detected: 32-bit EL0 Support
[    0.009834] CPU features: detected: CRC32 instructions
[    0.009841] CPU features: detected: 32-bit EL1 Support
[    0.023006] CPU: All CPU(s) started at EL1
[    0.023059] alternatives: patching kernel code
[    0.024208] devtmpfs: initialized
[    0.030936] KASLR disabled due to lack of seed
[    0.031087] clocksource: jiffies: mask: 0xffffffff max_cycles: 0xffffffff, max_idle_ns: 7645041785100000 ns
[    0.031107] futex hash table entries: 2048 (order: 5, 131072 bytes, linear)
[    0.039727] pinctrl core: initialized pinctrl subsystem
[    0.041214] DMI not present or invalid.
[    0.041716] NET: Registered protocol family 16
[    0.042643] DMA: preallocated 1024 KiB GFP_KERNEL pool for atomic allocations
[    0.042843] DMA: preallocated 1024 KiB GFP_KERNEL|GFP_DMA pool for atomic allocations
[    0.043132] DMA: preallocated 1024 KiB GFP_KERNEL|GFP_DMA32 pool for atomic allocations
[    0.043170] audit: initializing netlink subsys (disabled)
[    0.043318] audit: type=2000 audit(0.040:1): state=initialized audit_enabled=0 res=1
[    0.044505] thermal_sys: Registered thermal governor 'power_allocator'
[    0.045021] cpuidle: using governor menu
[    0.045190] hw-breakpoint: found 6 breakpoint and 4 watchpoint registers.
[    0.045312] ASID allocator initialised with 65536 entries
[    0.046600] Serial: AMBA PL011 UART driver
[    0.089133] sh-pfc e6060000.pinctrl: r8a77951_pfc support registered
[    0.103758] HugeTLB registered 1.00 GiB page size, pre-allocated 0 pages
[    0.103776] HugeTLB registered 32.0 MiB page size, pre-allocated 0 pages
[    0.103783] HugeTLB registered 2.00 MiB page size, pre-allocated 0 pages
[    0.103790] HugeTLB registered 64.0 KiB page size, pre-allocated 0 pages
[    0.104750] cryptd: max_cpu_qlen set to 1000
[    0.106999] ACPI: Interpreter disabled.
[    0.110821] rcar-avs: use avs value: 0
[    0.110837] rcar-avs: cpu@0 is running with: opp_table0
[    0.110847] rcar-avs: cpu@1 is running with: opp_table0
[    0.110857] rcar-avs: cpu@2 is running with: opp_table0
[    0.110865] rcar-avs: cpu@3 is running with: opp_table0
[    0.110949] rcar-avs: gsx@fd000000 is running with: gsx_opp_table0
[    0.112400] iommu: Default domain type: Translated 
[    0.112983] ipmmu-vmsa e67b0000.iommu: IPMMU context 0 is reserved
[    0.113952] vgaarb: loaded
[    0.114159] SCSI subsystem initialized
[    0.114409] usbcore: registered new interface driver usbfs
[    0.114435] usbcore: registered new interface driver hub
[    0.114460] usbcore: registered new device driver usb
[    0.117985] i2c-sh_mobile e60b0000.i2c: I2C adapter 7, bus speed 400000 Hz
[    0.118525] mc: Linux media interface: v0.10
[    0.118547] videodev: Linux video capture interface: v2.00
[    0.118595] pps_core: LinuxPPS API ver. 1 registered
[    0.118603] pps_core: Software ver. 5.3.6 - Copyright 2005-2007 Rodolfo Giometti <giometti@linux.it>
[    0.118617] PTP clock support registered
[    0.118787] EDAC MC: Ver: 3.0.0
[    0.120737] FPGA manager framework
[    0.120802] Advanced Linux Sound Architecture Driver Initialized.
[    0.121389] clocksource: Switched to clocksource arch_sys_counter
[    0.121529] VFS: Disk quotas dquot_6.6.0
[    0.121570] VFS: Dquot-cache hash table entries: 512 (order 0, 4096 bytes)
[    0.121694] pnp: PnP ACPI: disabled
[    0.125256] NET: Registered protocol family 2
[    0.125678] IP idents hash table entries: 131072 (order: 8, 1048576 bytes, linear)
[    0.127935] tcp_listen_portaddr_hash hash table entries: 4096 (order: 4, 65536 bytes, linear)
[    0.128012] TCP established hash table entries: 65536 (order: 7, 524288 bytes, linear)
[    0.128298] TCP bind hash table entries: 65536 (order: 8, 1048576 bytes, linear)
[    0.128881] TCP: Hash tables configured (established 65536 bind 65536)
[    0.129006] UDP hash table entries: 4096 (order: 5, 131072 bytes, linear)
[    0.129120] UDP-Lite hash table entries: 4096 (order: 5, 131072 bytes, linear)
[    0.129344] NET: Registered protocol family 1
[    0.129712] RPC: Registered named UNIX socket transport module.
[    0.129723] RPC: Registered udp transport module.
[    0.129729] RPC: Registered tcp transport module.
[    0.129735] RPC: Registered tcp NFSv4.1 backchannel transport module.
[    0.129747] PCI: CLS 0 bytes, default 64
[    0.130663] hw perfevents: enabled with armv8_cortex_a53 PMU driver, 7 counters available
[    0.130941] hw perfevents: enabled with armv8_cortex_a57 PMU driver, 7 counters available
[    0.131564] kvm [1]: HYP mode not available
[    0.134441] Initialise system trusted keyrings
[    0.134589] workingset: timestamp_bits=42 max_order=21 bucket_order=0
[    0.137675] squashfs: version 4.0 (2009/01/31) Phillip Lougher
[    0.138094] NFS: Registering the id_resolver key type
[    0.138121] Key type id_resolver registered
[    0.138128] Key type id_legacy registered
[    0.138180] nfs4filelayout_init: NFSv4 File Layout Driver Registering...
[    0.138189] nfs4flexfilelayout_init: NFSv4 Flexfile Layout Driver Registering...
[    0.138283] 9p: Installing v9fs 9p2000 file system support
[    0.163887] Key type asymmetric registered
[    0.163899] Asymmetric key parser 'x509' registered
[    0.163928] Block layer SCSI generic (bsg) driver version 0.4 loaded (major 243)
[    0.163939] io scheduler mq-deadline registered
[    0.163950] io scheduler kyber registered
[    0.180062] gpio_rcar e6050000.gpio: driving 16 GPIOs
[    0.180332] gpio_rcar e6051000.gpio: driving 29 GPIOs
[    0.180596] gpio_rcar e6052000.gpio: driving 15 GPIOs
[    0.180928] gpio_rcar e6053000.gpio: driving 16 GPIOs
[    0.181286] gpio_rcar e6054000.gpio: driving 18 GPIOs
[    0.181597] gpio_rcar e6055000.gpio: driving 26 GPIOs
[    0.181856] gpio_rcar e6055400.gpio: driving 32 GPIOs
[    0.182164] gpio_rcar e6055800.gpio: driving 4 GPIOs
[    0.185213] rcar-pcie fe000000.pcie: host bridge /soc/pcie@fe000000 ranges:
[    0.185242] rcar-pcie fe000000.pcie:       IO 0x00fe100000..0x00fe1fffff -> 0x0000000000
[    0.185264] rcar-pcie fe000000.pcie:      MEM 0x00fe200000..0x00fe3fffff -> 0x00fe200000
[    0.185282] rcar-pcie fe000000.pcie:      MEM 0x0030000000..0x0037ffffff -> 0x0030000000
[    0.185296] rcar-pcie fe000000.pcie:      MEM 0x0038000000..0x003fffffff -> 0x0038000000
[    0.185314] rcar-pcie fe000000.pcie:   IB MEM 0x0040000000..0x007fffffff -> 0x0040000000
[    0.185359] rcar-pcie fe000000.pcie: no pcie3v3 regulator found
[    0.185370] rcar-pcie fe000000.pcie: no pcie1v8 regulator found
[    0.253099] rcar-pcie fe000000.pcie: PCIe link down
[    0.253262] rcar-pcie ee800000.pcie: host bridge /soc/pcie@ee800000 ranges:
[    0.253285] rcar-pcie ee800000.pcie:       IO 0x00ee900000..0x00ee9fffff -> 0x0000000000
[    0.253304] rcar-pcie ee800000.pcie:      MEM 0x00eea00000..0x00eebfffff -> 0x00eea00000
[    0.253321] rcar-pcie ee800000.pcie:      MEM 0x00c0000000..0x00c7ffffff -> 0x00c0000000
[    0.253335] rcar-pcie ee800000.pcie:      MEM 0x00c8000000..0x00cfffffff -> 0x00c8000000
[    0.253352] rcar-pcie ee800000.pcie:   IB MEM 0x0040000000..0x007fffffff -> 0x0040000000
[    0.253397] rcar-pcie ee800000.pcie: no pcie3v3 regulator found
[    0.253408] rcar-pcie ee800000.pcie: no pcie1v8 regulator found
[    0.413389] rcar-pcie ee800000.pcie: PCIe link down
[    0.415823] EINJ: ACPI disabled.
[    0.449012] Serial: 8250/16550 driver, 4 ports, IRQ sharing enabled
[    0.451474] SuperH (H)SCI(F) driver initialized
[    0.451898] e6550000.serial: ttySC1 at MMIO 0xe6550000 (irq = 42, base_baud = 0) is a hscif
[    0.452622] e6e88000.serial: ttySC0 at MMIO 0xe6e88000 (irq = 128, base_baud = 0) is a scif
[    1.657172] printk: console [ttySC0] enabled
[    1.662527] msm_serial: driver initialized
[    1.672843] rcar-dw-hdmi fead0000.hdmi: Detected HDMI TX controller v2.01a with HDCP (DWC HDMI 2.0 TX PHY)
[    1.682743] rcar-dw-hdmi fead0000.hdmi: registered DesignWare HDMI I2C bus driver
[    1.690988] rcar-dw-hdmi feae0000.hdmi: Detected HDMI TX controller v2.01a with HDCP (DWC HDMI 2.0 TX PHY)
[    1.700842] rcar-dw-hdmi feae0000.hdmi: registered DesignWare HDMI I2C bus driver
[    1.716268] loop: module loaded
[    1.720844] megasas: 07.714.04.00-rc1
[    1.726582] scsi host0: sata_rcar
[    1.730059] ata1: SATA max UDMA/133 irq 181
[    1.739457] tun: Universal TUN/TAP device driver, 1.6
[    1.745436] thunder_xcv, ver 1.0
[    1.748684] thunder_bgx, ver 1.0
[    1.751932] nicpf, ver 1.0
[    1.756061] hclge is initializing
[    1.759399] hns3: Hisilicon Ethernet Network Driver for Hip08 Family - version
[    1.766624] hns3: Copyright (c) 2017 Huawei Corporation.
[    1.771960] e1000: Intel(R) PRO/1000 Network Driver
[    1.776841] e1000: Copyright (c) 1999-2006 Intel Corporation.
[    1.782613] e1000e: Intel(R) PRO/1000 Network Driver
[    1.787583] e1000e: Copyright(c) 1999 - 2015 Intel Corporation.
[    1.793523] igb: Intel(R) Gigabit Ethernet Network Driver
[    1.798923] igb: Copyright (c) 2007-2014 Intel Corporation.
[    1.804510] igbvf: Intel(R) Gigabit Virtual Function Network Driver
[    1.810782] igbvf: Copyright (c) 2009 - 2012 Intel Corporation.
[    1.817123] sky2: driver version 1.30
[    1.824649] ravb e6800000.ethernet eth0: Base address at 0xe6800000, 2e:09:0a:03:84:20, IRQ 125.
[    1.834866] VFIO - User Level meta-driver version: 0.3
[    1.842078] ehci_hcd: USB 2.0 'Enhanced' Host Controller (EHCI) Driver
[    1.848620] ehci-pci: EHCI PCI platform driver
[    1.853085] ehci-platform: EHCI generic platform driver
[    1.858708] ehci-platform ee0a0100.usb: EHCI Host Controller
[    1.864390] ehci-platform ee0a0100.usb: new USB bus registered, assigned bus number 1
[    1.872312] ehci-platform ee0a0100.usb: irq 175, io mem 0xee0a0100
[    1.893393] ehci-platform ee0a0100.usb: USB 2.0 started, EHCI 1.10
[    1.899931] hub 1-0:1.0: USB hub found
[    1.903706] hub 1-0:1.0: 1 port detected
[    1.908139] ehci-platform ee0c0100.usb: EHCI Host Controller
[    1.913812] ehci-platform ee0c0100.usb: new USB bus registered, assigned bus number 2
[    1.921714] ehci-platform ee0c0100.usb: irq 176, io mem 0xee0c0100
[    1.941400] ehci-platform ee0c0100.usb: USB 2.0 started, EHCI 1.10
[    1.947856] hub 2-0:1.0: USB hub found
[    1.951624] hub 2-0:1.0: 1 port detected
[    1.981433] ehci-platform ee0e0100.usb: EHCI Host Controller
[    1.987108] ehci-platform ee0e0100.usb: new USB bus registered, assigned bus number 3
[    1.994978] ehci-platform ee0e0100.usb: irq 177, io mem 0xee0e0100
[    2.013395] ehci-platform ee0e0100.usb: USB 2.0 started, EHCI 1.10
[    2.019826] hub 3-0:1.0: USB hub found
[    2.023593] hub 3-0:1.0: 1 port detected
[    2.027976] ehci-orion: EHCI orion driver
[    2.032226] ehci-exynos: EHCI Exynos driver
[    2.036529] ohci_hcd: USB 1.1 'Open' Host Controller (OHCI) Driver
[    2.042726] ohci-pci: OHCI PCI platform driver
[    2.047210] ohci-platform: OHCI generic platform driver
[    2.052743] ohci-platform ee0a0000.usb: Generic Platform OHCI controller
[    2.059463] ohci-platform ee0a0000.usb: new USB bus registered, assigned bus number 4
[    2.067340] ohci-platform ee0a0000.usb: irq 175, io mem 0xee0a0000
[    2.149403] ata1: link resume succeeded after 1 retries
[    2.163661] hub 4-0:1.0: USB hub found
[    2.167433] hub 4-0:1.0: 1 port detected
[    2.171765] ohci-platform ee0c0000.usb: Generic Platform OHCI controller
[    2.178479] ohci-platform ee0c0000.usb: new USB bus registered, assigned bus number 5
[    2.186355] ohci-platform ee0c0000.usb: irq 176, io mem 0xee0c0000
[    2.260829] ata1: SATA link down (SStatus 0 SControl 300)
[    2.279656] hub 5-0:1.0: USB hub found
[    2.283426] hub 5-0:1.0: 1 port detected
[    2.287750] ohci-platform ee0e0000.usb: Generic Platform OHCI controller
[    2.294466] ohci-platform ee0e0000.usb: new USB bus registered, assigned bus number 6
[    2.302334] ohci-platform ee0e0000.usb: irq 177, io mem 0xee0e0000
[    2.395657] hub 6-0:1.0: USB hub found
[    2.399424] hub 6-0:1.0: 1 port detected
[    2.403762] ohci-exynos: OHCI Exynos driver
[    2.408204] usbcore: registered new interface driver usb-storage
[    2.415878] renesas_usbhs e6590000.usb: host probed
[    2.420769] renesas_usbhs e6590000.usb: no transceiver found
[    2.426492] renesas_usbhs e6590000.usb: gadget probed
[    2.431706] renesas_usbhs e6590000.usb: probed
[    2.436585] renesas_usbhs e659c000.usb: host probed
[    2.441483] renesas_usbhs e659c000.usb: no transceiver found
[    2.447199] renesas_usbhs e659c000.usb: gadget probed
[    2.452393] renesas_usbhs e659c000.usb: probed
[    2.459306] i2c /dev entries driver
[    2.473865] cs2000-cp 2-004f: revision - C1
[    2.478111] i2c-rcar e6510000.i2c: probed
[    2.482963] pca953x 4-0020: supply vcc not found, using dummy regulator
[    2.489665] pca953x 4-0020: using no AI
[    2.494311] gpio-355 (PCIE/SATA switch): hogged as output/low
[    2.506599] i2c-rcar e66d8000.i2c: probed
[    2.511908] adv748x 4-0070: Endpoint /soc/i2c@e66d8000/video-receiver@70/port@7/endpoint on port 7
[    2.520897] adv748x 4-0070: Endpoint /soc/i2c@e66d8000/video-receiver@70/port@8/endpoint on port 8
[    2.529869] adv748x 4-0070: Endpoint /soc/i2c@e66d8000/video-receiver@70/port@a/endpoint on port 10
[    2.538933] adv748x 4-0070: Endpoint /soc/i2c@e66d8000/video-receiver@70/port@b/endpoint on port 11
[    2.548321] adv748x 4-0070: chip found @ 0xe0 revision 2143
[    2.601694] rcar-csi2 fea80000.csi2: 1 lanes found
[    2.606806] rcar-csi2 feaa0000.csi2: 4 lanes found
[    2.616455] rcar-vin e6ef0000.video: Device registered as video0
[    2.622538] rcar-vin e6ef1000.video: Device registered as video1
[    2.628609] rcar-vin e6ef2000.video: Device registered as video2
[    2.634683] rcar-vin e6ef3000.video: Device registered as video3
[    2.640756] rcar-vin e6ef4000.video: Device registered as video4
[    2.646833] rcar-vin e6ef5000.video: Device registered as video5
[    2.652915] rcar-vin e6ef6000.video: Device registered as video6
[    2.658990] rcar-vin e6ef7000.video: Device registered as video7
[    2.667714] rcar_gen3_thermal e6198000.thermal: is using pseudo fixed FUSE values
[    2.679862] rcar_gen3_thermal e6198000.thermal: TSC0: Loaded 1 trip points
[    2.691129] rcar_gen3_thermal e6198000.thermal: TSC1: Loaded 1 trip points
[    2.702287] rcar_gen3_thermal e6198000.thermal: TSC2: Loaded 3 trip points
[    2.714331] sdhci: Secure Digital Host Controller Interface driver
[    2.720528] sdhci: Copyright(c) Pierre Ossman
[    2.725697] Synopsys Designware Multimedia Card Interface Driver
[    2.726006] renesas_sdhi_internal_dmac ee140000.mmc: Adding to iommu group 0
[    2.726020] renesas_sdhi_internal_dmac ee100000.mmc: Got CD GPIO
[    2.726037] renesas_sdhi_internal_dmac ee100000.mmc: Got WP GPIO
[    2.726327] renesas_sdhi_internal_dmac ee160000.mmc: Got CD GPIO
[    2.726355] renesas_sdhi_internal_dmac ee160000.mmc: Got WP GPIO
[    2.733039] sdhci-pltfm: SDHCI platform and OF driver helper
[    2.738780] renesas_sdhi_internal_dmac ee140000.mmc: Using IPMMU context 1
[    2.775888] ledtrig-cpu: registered to indicate activity on CPUs
[    2.782933] SMCCC: SOC_ID: ARCH_SOC_ID not implemented, skipping ....
[    2.789957] usbcore: registered new interface driver usbhid
[    2.795534] usbhid: USB HID core driver
[    2.803147] optee: probing for conduit method.
[    2.807614] optee: revision 3.22 (314ecf9d)
[    2.808132] optee driver R-Car Rev.1.0.11
[    2.816619] optee: dynamic shared memory is enabled
[    2.821767] optee: initialized driver
[    2.824297] renesas_sdhi_internal_dmac ee140000.mmc: mmc0 base at 0x00000000ee140000, max clock rate 200 MHz
[    2.835920] rcar_sound ec500000.sound: probed
[    2.840973] NET: Registered protocol family 17
[    2.845532] 9pnet: Installing 9P2000 support
[    2.849855] Key type dns_resolver registered
[    2.854382] registered taskstats version 1
[    2.858498] Loading compiled-in X.509 certificates
[    2.873088] thermal emergency: set temperature to 110 celsius
[    2.879043] thermal emergency: shutdown target cpus 1-7
[    2.884271] thermal emergency: freq scaled target cpus 0
[    2.889939] renesas_irqc e61c0000.interrupt-controller: driving 6 irqs
[    2.903475] mmc0: new HS400 MMC card at address 0001
[    2.909164] mmcblk0: mmc0:0001 BGSD3R 29.1 GiB 
[    2.914103] mmcblk0boot0: mmc0:0001 BGSD3R partition 1 16.0 MiB
[    2.920402] mmcblk0boot1: mmc0:0001 BGSD3R partition 2 16.0 MiB
[    2.926553] mmcblk0rpmb: mmc0:0001 BGSD3R partition 3 4.00 MiB, chardev (509:0)
[    2.935613]  mmcblk0: p1
[    2.937440] ehci-platform ee080100.usb: EHCI Host Controller
[    2.943838] ehci-platform ee080100.usb: new USB bus registered, assigned bus number 7
[    2.951760] ehci-platform ee080100.usb: irq 174, io mem 0xee080100
[    2.973397] ehci-platform ee080100.usb: USB 2.0 started, EHCI 1.10
[    2.980027] hub 7-0:1.0: USB hub found
[    2.983799] hub 7-0:1.0: 1 port detected
[    2.989272] ohci-platform ee080000.usb: Generic Platform OHCI controller
[    2.996000] ohci-platform ee080000.usb: new USB bus registered, assigned bus number 8
[    3.003890] ohci-platform ee080000.usb: irq 174, io mem 0xee080000
[    3.099956] hub 8-0:1.0: USB hub found
[    3.103736] hub 8-0:1.0: 1 port detected
[    3.108985] cpu cpu0: EM: created perf domain
[    3.113925] cpu cpu4: EM: created perf domain
[    3.121794] renesas_sdhi_internal_dmac ee100000.mmc: Got CD GPIO
[    3.125089] renesas_sdhi_internal_dmac ee160000.mmc: Got CD GPIO
[    3.127900] renesas_sdhi_internal_dmac ee100000.mmc: Got WP GPIO
[    3.128308] [drm] Initialized rcar-du 1.0.0 20130110 for feb00000.display on minor 0
[    3.128310] [drm] Device feb00000.display probed
[    3.133969] renesas_sdhi_internal_dmac ee160000.mmc: Got WP GPIO
[    3.188912] renesas_sdhi_internal_dmac ee100000.mmc: mmc1 base at 0x00000000ee100000, max clock rate 200 MHz
[    3.198526] Console: switching to colour frame buffer device 128x48
[    3.207812] renesas_sdhi_internal_dmac ee160000.mmc: mmc2 base at 0x00000000ee160000, max clock rate 200 MHz
[    3.239675] rcar-du feb00000.display: [drm] fb0: rcar-dudrmfb frame buffer device
[    3.252077] input: keys as /devices/platform/keys/input/input0
[    3.332899] Micrel KSZ9031 Gigabit PHY e6800000.ethernet-ffffffff:00: attached PHY driver [Micrel KSZ9031 Gigabit PHY] (mii_bus:phy_addr=e6800000.ethernet-ffffffff:00, irq=183)
[   10.758793] ravb e6800000.ethernet eth0: Link is Up - 1Gbps/Full - flow control off
[   10.785431] IP-Config: Guessing netmask 255.255.255.0
[   10.790591] IP-Config: Complete:
[   10.793903]      device=eth0, hwaddr=2e:09:0a:03:84:20, ipaddr=192.168.10.104, mask=255.255.255.0, gw=255.255.255.255
[   10.804712]      host=192.168.10.104, domain=, nis-domain=(none)
[   10.810840]      bootserver=255.255.255.255, rootserver=192.168.10.98, rootpath=
[   10.811473] ALSA device list:
[   10.822081]   No soundcards found.
[   11.879634] VFS: Mounted root (nfs4 filesystem) on device 0:22.
[   11.886484] devtmpfs: mounted
[   11.892336] Freeing unused kernel memory: 6080K
[   11.917505] Run /sbin/init as init process
[   12.083178] systemd[1]: System time before build time, advancing clock.
[   12.463258] NET: Registered protocol family 10
[   12.469312] Segment Routing with IPv6
[   12.491744] systemd[1]: systemd 244 running in system mode. (+PAM -AUDIT -SELINUX +IMA -APPARMOR -SMACK +SYSVINIT +UTMP -LIBCRYPTSETUP -GCRYPT -GNUTLS +ACL +XZ -LZ4 -SECCOMP +BLKID -ELFUTILS +KMOD -IDN2 -IDN -PCRE2 default-hierarchy=hybrid)
[   12.515218] systemd[1]: Detected architecture arm64.

Welcome to [1mPoky (Yocto Project Reference Distro) 3.1.11 (dunfell)[0m!

[   12.542896] systemd[1]: Set hostname to <salvator-x>.
[   12.957501] random: crng init done
[   13.308857] systemd[1]: system-getty.slice: unit configures an IP firewall, but the local system does not support BPF/cgroup firewalling.
[   13.329968] systemd[1]: (This warning is only shown for the first unit using IP firewalling.)
[   13.344961] systemd[1]: Created slice system-getty.slice.
[[0;32m  OK  [0m] Created slice [0;1;39msystem-getty.slice[0m.
[   13.374657] systemd[1]: Created slice system-serial\x2dgetty.slice.
[[0;32m  OK  [0m] Created slice [0;1;39msystem-serial\x2dgetty.slice[0m.
[   13.398571] systemd[1]: Created slice User and Session Slice.
[[0;32m  OK  [0m] Created slice [0;1;39mUser and Session Slice[0m.
[   13.421900] systemd[1]: Started Dispatch Password Requests to Console Directory Watch.
[[0;32m  OK  [0m] Started [0;1;39mDispatch Password â€¦ts to Console Directory Watch[0m.
[   13.449834] systemd[1]: Started Forward Password Requests to Wall Directory Watch.
[[0;32m  OK  [0m] Started [0;1;39mForward Password Râ€¦uests to Wall Directory Watch[0m.
[   13.477697] systemd[1]: Reached target Paths.
[[0;32m  OK  [0m] Reached target [0;1;39mPaths[0m.
[   13.501567] systemd[1]: Reached target Remote File Systems.
[[0;32m  OK  [0m] Reached target [0;1;39mRemote File Systems[0m.
[   13.525544] systemd[1]: Reached target Slices.
[[0;32m  OK  [0m] Reached target [0;1;39mSlices[0m.
[   13.549565] systemd[1]: Reached target Swap.
[[0;32m  OK  [0m] Reached target [0;1;39mSwap[0m.
[   13.575900] systemd[1]: Listening on RPCbind Server Activation Socket.
[[0;32m  OK  [0m] Listening on [0;1;39mRPCbind Server Activation Socket[0m.
[   13.605618] systemd[1]: Reached target RPC Port Mapper.
[[0;32m  OK  [0m] Reached target [0;1;39mRPC Port Mapper[0m.
[   13.629896] systemd[1]: Listening on initctl Compatibility Named Pipe.
[[0;32m  OK  [0m] Listening on [0;1;39minitctl Compatibility Named Pipe[0m.
[   13.659228] systemd[1]: Listening on Journal Audit Socket.
[[0;32m  OK  [0m] Listening on [0;1;39mJournal Audit Socket[0m.
[   13.687207] systemd[1]: Listening on Journal Socket (/dev/log).
[[0;32m  OK  [0m] Listening on [0;1;39mJournal Socket (/dev/log)[0m.
[   13.714239] systemd[1]: Listening on Journal Socket.
[[0;32m  OK  [0m] Listening on [0;1;39mJournal Socket[0m.
[   13.739443] systemd[1]: Listening on Network Service Netlink Socket.
[[0;32m  OK  [0m] Listening on [0;1;39mNetwork Service Netlink Socket[0m.
[   13.767626] systemd[1]: Listening on udev Control Socket.
[[0;32m  OK  [0m] Listening on [0;1;39mudev Control Socket[0m.
[   13.794092] systemd[1]: Listening on udev Kernel Socket.
[[0;32m  OK  [0m] Listening on [0;1;39mudev Kernel Socket[0m.
[   13.823059] systemd[1]: Mounting Huge Pages File System...
         Mounting [0;1;39mHuge Pages File System[0m...
[   13.850658] systemd[1]: Mounting POSIX Message Queue File System...
         Mounting [0;1;39mPOSIX Message Queue File System[0m...
[   13.882694] systemd[1]: Mounting Kernel Debug File System...
         Mounting [0;1;39mKernel Debug File System[0m...
[   13.912708] systemd[1]: Mounting Temporary Directory (/tmp)...
         Mounting [0;1;39mTemporary Directory (/tmp)[0m...
[   13.943259] systemd[1]: Starting Create list of static device nodes for the current kernel...
         Starting [0;1;39mCreate list of stâ€¦odes for the current kernel[0m...
[   13.978698] systemd[1]: Starting Start psplash boot splash screen...
         Starting [0;1;39mStart psplash boot splash screen[0m...
[   14.012351] systemd[1]: Starting RPC Bind...
         Starting [0;1;39mRPC Bind[0m...
[   14.034263] systemd[1]: Condition check resulted in File System Check on Root Device being skipped.
[   14.047121] systemd[1]: Starting Journal Service...
         Starting [0;1;39mJournal Service[0m...
[   14.077000] systemd[1]: Starting Load Kernel Modules...
         Starting [0;1;39mLoad Kernel Modules[0m...
[   14.102121] systemd[1]: Starting Remount Root and Kernel File Systems...
         Starting [0;1;39mRemount Root and Kernel File Systems[0m...
[   14.130679] systemd[1]: Starting udev Coldplug all Devices...
         Starting [0;1;39mudev Coldplug all Devices[0m...
[   14.155170] systemd[1]: Started Start psplash boot splash screen.
[[0;32m  OK  [0m] Started [0;1;39mStart psplash boot splash screen[0m.
[   14.178245] systemd[1]: Started RPC Bind.
[[0;32m  OK  [0m] Started [0;1;39mRPC Bind[0m.
[   14.198140] systemd[1]: Started Journal Service.
[[0;32m  OK  [0m] Started [0;1;39mJournal Service[0m.
[[0;32m  OK  [0m] Mounted [0;1;39mHuge Pages File System[0m.
[[0;32m  OK  [0m] Mounted [0;1;39mPOSIX Message Queue File System[0m.
[[0;32m  OK  [0m] Mounted [0;1;39mKernel Debug File System[0m.
[[0;32m  OK  [0m] Mounted [0;1;39mTemporary Directory (/tmp)[0m.
[[0;32m  OK  [0m] Started [0;1;39mCreate list of staâ€¦ nodes for the current kernel[0m.
[[0;32m  OK  [0m] Started [0;1;39mLoad Kernel Modules[0m.
[[0;32m  OK  [0m] Started [0;1;39mRemount Root and Kernel File Systems[0m.
         Mounting [0;1;39mKernel Configuration File System[0m...
[[0;32m  OK  [0m] Started [0;1;39mStart psplash-systâ€¦progress communication helper[0m.
         Starting [0;1;39mFlush Journal to Persistent Storage[0m...
[   14.430255] systemd-journald[364]: Received client request to flush runtime journal.
         Starting [0;1;39mApply Kernel Variables[0m...
         Starting [0;1;39mCreate Static Device Nodes in /dev[0m...
[[0;32m  OK  [0m] Mounted [0;1;39mKernel Configuration File System[0m.
[[0;32m  OK  [0m] Started [0;1;39mFlush Journal to Persistent Storage[0m.
[[0;32m  OK  [0m] Started [0;1;39mApply Kernel Variables[0m.
[[0;32m  OK  [0m] Started [0;1;39mCreate Static Device Nodes in /dev[0m.
[[0;32m  OK  [0m] Reached target [0;1;39mLocal File Systems (Pre)[0m.
         Mounting [0;1;39m/var/volatile[0m...
         Starting [0;1;39mudev Kernel Device Manager[0m...
[[0;32m  OK  [0m] Started [0;1;39mudev Coldplug all Devices[0m.
[[0;32m  OK  [0m] Mounted [0;1;39m/var/volatile[0m.
         Starting [0;1;39mLoad/Save Random Seed[0m...
[[0;32m  OK  [0m] Reached target [0;1;39mLocal File Systems[0m.
         Starting [0;1;39mCreate Volatile Files and Directories[0m...
[[0;32m  OK  [0m] Started [0;1;39mudev Kernel Device Manager[0m.
[[0;32m  OK  [0m] Started [0;1;39mLoad/Save Random Seed[0m.
         Starting [0;1;39mNetwork Service[0m...
[[0;32m  OK  [0m] Started [0;1;39mCreate Volatile Files and Directories[0m.
         Starting [0;1;39mNetwork Time Synchronization[0m...
         Starting [0;1;39mUpdate UTMP about System Boot/Shutdown[0m...
[[0;32m  OK  [0m] Started [0;1;39mNetwork Service[0m.
         Starting [0;1;39mNetwork Name Resolution[0m...
[[0;32m  OK  [0m] Started [0;1;39mUpdate UTMP about System Boot/Shutdown[0m.
[   14.986135] pwm-backlight: probe of backlight failed with error -16
[[0;32m  OK  [0m] Reached target [0;1;39mHardware activated USB gadget[0m.
[   15.059014] at24 7-0050: supply vcc not found, using dummy regulator
[   15.066220] at24 7-0050: 128 byte br24t01 EEPROM, writable, 8 bytes/write
[[0;32m  OK  [0m] Started [0;1;39mNetwork Time Synchronization[0m.
[[0;32m  OK  [0m] Reached target [0;1;39mSystem Initialization[0m.
[[0;32m  OK  [0m] Started [0;1;39mDaily Cleanup of Temporary Directories[0m.
[[0;32m  OK  [0m] Reached target [0;1;39mSystem Time Set[0m.
[[0;32m  OK  [0m] Reached target [0;1;39mSystem Time Synchronized[0m.
[[0;32m  OK  [0m] Reached target [0;1;39mTimers[0m.
[[0;32m  OK  [0m] Listening on [0;1;39mAvahi mDNS/DNS-SD Stack Activation Socket[0m.
[   15.198615] renesas_usb3 ee020000.usb: probed with phy
[[0;32m  OK  [0m] Listening on [0;1;39mD-Bus System Message Bus Socket[0m.
[[0;32m  OK  [0m] Listening on [0;1;39mdropbear.socket[0m.
[   15.254708] ccree e6601000.crypto: ARM CryptoCell 630P Driver: HW version 0xAF400001/0xDCC63000, Driver version 5.0
[[0;32m  OK  [0m] Reached target [0;1;39mSockets[0m.
[   15.274826] xhci-hcd ee000000.usb: xHCI Host Controller
[   15.283508] xhci-hcd ee000000.usb: new USB bus registered, assigned bus number 9
[[0;32m  OK  [0m] Reac[   15.298880] ccree e6601000.crypto: ARM ccree device initialized
hed target [0;1;39mBasic System[   15.307402] xhci-hcd ee000000.usb: hcc params 0x014051ce hci version 0x100 quirks 0x0000000000830410
[0m.
[   15.318054] xhci-hcd ee000000.usb: irq 172, io mem 0xee000000
[   15.324451] xhci-hcd ee000000.usb: xHCI Host Controller
[   15.329780] xhci-hcd ee000000.usb: new USB bus registered, assigned bus number 10
[   15.337364] xhci-hcd ee000000.usb: Host supports USB 3.0 SuperSpeed
[   15.344471] hub 9-0:1.0: USB hub found
[   15.351045] hub 9-0:1.0: 1 port detected
[   15.361112] usb usb10: We don't know the algorithms for LPM for this host, disabling LPM.
[[0;32m  OK  [0m] Star[   15.370632] hub 10-0:1.0: USB hub found
ted [0;1;39mD-Bus System Messag[   15.377544] hub 10-0:1.0: 1 port detected
e Bus[0m.
[[0;32m  OK  [0m] Started [0;1;39moptee services[0m.
         Starting [0;1;39mpvrinit.service[0m...
         Starting [0;1;39mPowerVR consumer services[0m...
         Starting [0;1;39mLogin Service[0m...
[[0;32m  OK  [0m] Started [0;1;39mNetwork Name Resolution[0m.
[[0;1;31mFAILED[0m] Failed to start [0;1;39mPowerVR consumer services[0m.
See 'systemctl status rc.pvr.service' for details.
[[0;1;38;5;185mDEPEND[0m] Dependency failed for [0;1;39mWeston Wayland Compositor[0m.
[[0;1;31mFAILED[0m] Failed to start [0;1;39mpvrinit.service[0m.
See 'systemctl status pvrinit.service' for details.
[[0;32m  OK  [0m] Created slice [0;1;39msystem-weston.slice[0m.
[[0;32m  OK  [0m] Reached target [0;1;39mNetwork[0m.
[[0;32m  OK  [0m] Reached target [0;1;39mHost and Network Name Lookups[0m.
         Starting [0;1;39mAvahi mDNS/DNS-SD Stack[0m...
         Starting [0;1;39mset_default_governor.service[0m...
         Starting [0;1;39mPermit User Sessions[0m...
[[0;32m  OK  [0m] Started [0;1;39mXinetd A Powerful Replacement For Inetd[0m.
[[0;32m  OK  [0m] Started [0;1;39mPermit User Sessions[0m.
[   15.849735] rd 0-7: Disabling EAS, schedutil is mandatory
[[0;32m  OK  [0m] Started [0;1;39mLogin Service[0m.
[[0;32m  OK  [0m] Started [0;1;39mAvahi mDNS/DNS-SD Stack[0m.
[[0;32m  OK  [0m] Started [0;1;39mGetty on tty1[0m.
[[0;32m  OK  [0m] Started [0;1;39mSerial Getty on ttySC0[0m.
[[0;32m  OK  [0m] Reached target [0;1;39mLogin Prompts[0m.
[[0;32m  OK  [0m] Started [0;1;39mset_default_governor.service[0m.
[[0;32m  OK  [0m] Reached target [0;1;39mMulti-User System[0m.
         Starting [0;1;39mUpdate UTMP about System Runlevel Changes[0m...
[[0;32m  OK  [0m] Started [0;1;39mUpdate UTMP about System Runlevel Changes[0m.
[   16.617812] usb 10-1: new SuperSpeed Gen 1 USB device number 2 using xhci-hcd
[   16.657969] usb-storage 10-1:1.0: USB Mass Storage device detected
[   16.658420] scsi host1: usb-storage 10-1:1.0


Poky (Yocto Project Reference Distro) 3.1.11 salvator-x ttySC0

salvator-x login: 

salvator-x login: root

[   17.667195] scsi 1:0:0:0: Direct-Access     Samsung  Portable SSD T5  0    PQ: 0 ANSI: 6
[   17.676151] sd 1:0:0:0: [sda] 488397168 512-byte logical blocks: (250 GB/233 GiB)
[   17.684593] sd 1:0:0:0: [sda] Write Protect is off
[   17.690265] sd 1:0:0:0: [sda] Write cache: enabled, read cache: enabled, doesn't support DPO or FUA
[   17.740797]  sda: sda1
[   17.745756] sd 1:0:0:0: [sda] Attached SCSI disk
[   17.762553] audit: type=1006 audit(1703064537.676:2): pid=537 uid=0 old-auid=4294967295 auid=0 tty=(none) old-ses=4294967295 ses=1 res=1
7[r[999;999H[6n8root@salvator-x:~# 
root@salvator-x:~# 
root@salvator-x:~# 
root@salvator-x:~# 
root@salvator-x:~# 
root@salvator-x:~# 
root@salvator-x:~# 
root@salvator-x:~# 
root@salvator-x:~# 
root@salvator-x:~# find /sys/devices/platform/soc/ee000000.usb/ -name product -p 
rint0 | xargs -0 grep "Portable"
/sys/devices/platform/soc/ee000000.usb/usb10/10-1/product:Portable SSD T5
root@salvator-x:~# 
root@salvator-x:~# find /sys/devices/platform/soc/ee000000.usb/ -name 'sd*'
/sys/devices/platform/soc/ee000000.usb/usb10/10-1/10-1:1.0/host1/target1:0:0/1:0:0:0/block/sda
/sys/devices/platform/soc/ee000000.usb/usb10/10-1/10-1:1.0/host1/target1:0:0/1:0:0:0/block/sda/sda1
root@salvator-x:~# 
root@salvator-x:~# dd if=/dev/sda1 of=/dev/null bs=64M count=10 iflag=direct
[   41.949595] SDHI0 VccQ: disabling
[   41.953005] SDHI3 VccQ: disabling
10+0 records in
10+0 records out
671088640 bytes (671 MB, 640 MiB) copied, 3.13132 s, 214 MB/s
root@salvator-x:~# 
root@salvator-x:~# dd if=/dev/zero of=/dev/sda1 bs=64M count=10 oflag=direct
10+0 records in
10+0 records out
671088640 bytes (671 MB, 640 MiB) copied, 3.15997 s, 212 MB/s
root@salvator-x:~# 
 
#### Result: OK ####
