NOTICE:  BL2: R-Car Gen3 Initial Program Loader(CA57) Rev.4.0.0
NOTICE:  BL2: PRR is R-Car H3 Ver.3.0
NOTICE:  BL2: Board is Salvator-XS Rev.1.0
NOTICE:  BL2: Boot device is HyperFlash(160MHz)
NOTICE:  BL2: LCM state is CM
NOTICE:  AVS setting succeeded. DVFS_SetVID=0x53
NOTICE:  BL2: DDR3200(rev.0.42)
NOTICE:  BL2: [COLD_BOOT]
NOTICE:  BL2: DRAM Split is 4ch(DDR f)
NOTICE:  BL2: QoS is default setting(rev.0.11)
NOTICE:  BL2: DRAM refresh interval 1.95 usec
NOTICE:  BL2: Periodic Write DQ Training
NOTICE:  BL2: CH0: 400000000 - 47fffffff, 2 GiB
NOTICE:  BL2: CH1: 500000000 - 57fffffff, 2 GiB
NOTICE:  BL2: CH2: 600000000 - 67fffffff, 2 GiB
NOTICE:  BL2: CH3: 700000000 - 77fffffff, 2 GiB
NOTICE:  BL2: Lossy Decomp areas
NOTICE:       Entry 0: DCMPAREACRAx:0x80000540 DCMPAREACRBx:0x570
NOTICE:       Entry 1: DCMPAREACRAx:0x40000000 DCMPAREACRBx:0x0
NOTICE:       Entry 2: DCMPAREACRAx:0x20000000 DCMPAREACRBx:0x0
NOTICE:  BL2: FDT at 0xe6327f70
NOTICE:  BL2: v2.9(release):9cdb21f75
NOTICE:  BL2: Built : 03:23:42, Jan  8 2024
NOTICE:  BL2: Normal boot
NOTICE:  BL2: dst=0xe6327800 src=0x8180000 len=512(0x200)
NOTICE:  BL2: dst=0x43f00000 src=0x8180400 len=6144(0x1800)
NOTICE:  rcar_file_len: len: 0x0003e000
NOTICE:  BL2: dst=0x44000000 src=0x81c0000 len=253952(0x3e000)
NOTICE:  rcar_file_len: len: 0x00200000
NOTICE:  BL2: dst=0x44100000 src=0x8200000 len=2097152(0x200000)
NOTICE:  rcar_file_len: len: 0x00100000
NOTICE:  BL2: dst=0x50000000 src=0x8640000 len=1048576(0x100000)
NOTICE:  BL2: Booting BL31


U-Boot 2020.10 (Dec 20 2023 - 10:10:22 +0000)

CPU: Renesas Electronics R8A7795 rev 3.0
Model: Renesas Salvator-X 2nd version board based on r8a77951
DRAM:  7.9 GiB
RAM Configuration:
Bank #0: 0x048000000 - 0x0bfffffff, 1.9 GiB
Bank #1: 0x500000000 - 0x57fffffff, 2 GiB
Bank #2: 0x600000000 - 0x67fffffff, 2 GiB
Bank #3: 0x700000000 - 0x77fffffff, 2 GiB

MMC:   sd@ee100000: 0, sd@ee140000: 1, sd@ee160000: 2
Loading Environment from MMC... OK
In:    serial@e6e88000
Out:   serial@e6e88000
Err:   serial@e6e88000
Net:   eth0: ethernet@e6800000
Hit any key to stop autoboot:  2  1  0 
ethernet@e6800000 Waiting for PHY auto negotiation to complete............ done
Using ethernet@e6800000 device
TFTP from server 192.168.10.98; our IP address is 192.168.10.104
Filename 'BV/PT3/boot_USB3H/Image'.
Load address: 0x48080000
Loading: *#################################################################
	 #################################################################
	 #################################################################
	 #################################################################
	 #################################################################
	 #################################################################
	 #################################################################
	 #################################################################
	 #################################################################
	 #################################################################
	 #################################################################
	 #################################################################
	 #################################################################
	 #################################################################
	 #################################################################
	 #################################################################
	 #################################################################
	 #################################################################
	 #################################################################
	 #################################################################
	 #################################################################
	 #################################################################
	 #################################################################
	 #################################################################
	 #################################################################
	 #################################################################
	 #################################################################
	 #################################################################
	 #################################################################
	 #################################################################
	 #################################################################
	 #################################################################
	 #################################################################
	 #################################################################
	 ##############################################
	 4 MiB/s
done
Bytes transferred = 33112576 (1f94200 hex)
Using ethernet@e6800000 device
TFTP from server 192.168.10.98; our IP address is 192.168.10.104
Filename 'BV/PT3/boot_USB3H/r8a77951-salvator-xs.dtb'.
Load address: 0x48000000
Loading: *#######
	 5.8 MiB/s
done
Bytes transferred = 90876 (162fc hex)
Moving Image from 0x48080000 to 0x48200000, end=4a220000
## Flattened Device Tree blob at 48000000
   Booting using the fdt blob at 0x48000000
   Loading Device Tree to 0000000053fe6000, end 0000000053fff2fb ... OK

Starting kernel ...

[    0.000000] Booting Linux on physical CPU 0x0000000000 [0x411fd073]
[    0.000000] Linux version 5.10.194-yocto-standard (thuan.nguyen-hong@banvien) (aarch64-poky-linux-gcc (GCC) 9.3.0, GNU ld (GNU Binutils) 2.34.0.20200220) #13 SMP PREEMPT Sat Feb 3 10:27:40 UTC 2024
[    0.000000] Machine model: Renesas Salvator-X 2nd version board based on r8a77951
[    0.000000] efi: UEFI not found.
[    0.000000] Reserved memory: created CMA memory pool at 0x0000000057000000, size 16 MiB
[    0.000000] OF: reserved mem: initialized node linux,adsp@57000000, compatible id shared-dma-pool
[    0.000000] Reserved memory: created CMA memory pool at 0x0000000058000000, size 384 MiB
[    0.000000] OF: reserved mem: initialized node linux,cma@58000000, compatible id shared-dma-pool
[    0.000000] Reserved memory: created CMA memory pool at 0x0000000070000000, size 256 MiB
[    0.000000] OF: reserved mem: initialized node linux,multimedia@70000000, compatible id shared-dma-pool
[    0.000000] NUMA: No NUMA configuration found
[    0.000000] NUMA: Faking a node at [mem 0x0000000048000000-0x000000077fffffff]
[    0.000000] NUMA: NODE_DATA [mem 0x77efdab00-0x77efdcfff]
[    0.000000] Zone ranges:
[    0.000000]   DMA      [mem 0x0000000048000000-0x000000007fffffff]
[    0.000000]   DMA32    [mem 0x0000000080000000-0x00000000ffffffff]
[    0.000000]   Normal   [mem 0x0000000100000000-0x000000077fffffff]
[    0.000000] Movable zone start for each node
[    0.000000] Early memory node ranges
[    0.000000]   node   0: [mem 0x0000000048000000-0x0000000053ffffff]
[    0.000000]   node   0: [mem 0x0000000054000000-0x0000000056ffffff]
[    0.000000]   node   0: [mem 0x0000000057000000-0x00000000bfffffff]
[    0.000000]   node   0: [mem 0x0000000500000000-0x000000057fffffff]
[    0.000000]   node   0: [mem 0x0000000600000000-0x000000067fffffff]
[    0.000000]   node   0: [mem 0x0000000700000000-0x000000077fffffff]
[    0.000000] Initmem setup node 0 [mem 0x0000000048000000-0x000000077fffffff]
[    0.000000] psci: probing for conduit method from DT.
[    0.000000] psci: PSCIv1.1 detected in firmware.
[    0.000000] psci: Using standard PSCI v0.2 function IDs
[    0.000000] psci: Trusted OS resident on physical CPU 0x0
[    0.000000] psci: SMC Calling Convention v1.2
[    0.000000] percpu: Embedded 23 pages/cpu s56984 r8192 d29032 u94208
[    0.000000] Detected PIPT I-cache on CPU0
[    0.000000] CPU features: detected: EL2 vector hardening
[    0.000000] CPU features: detected: Spectre-v2
[    0.000000] CPU features: detected: ARM errata 1165522, 1319367, or 1530923
[    0.000000] CPU features: detected: Spectre-BHB
[    0.000000] CPU features: detected: ARM erratum 1742098
[    0.000000] Built 1 zonelists, mobility grouping on.  Total pages: 2032128
[    0.000000] Policy zone: Normal
[    0.000000] Kernel command line: rw root=/dev/nfs nfsroot=192.168.10.98:/data/tftpboot/BV/PT3/rootfs_H3,nfsvers=4 ip=192.168.10.104
[    0.000000] Dentry cache hash table entries: 1048576 (order: 11, 8388608 bytes, linear)
[    0.000000] Inode-cache hash table entries: 524288 (order: 10, 4194304 bytes, linear)
[    0.000000] mem auto-init: stack:off, heap alloc:off, heap free:off
[    0.000000] software IO TLB: mapped [mem 0x000000004ffe6000-0x0000000053fe6000] (64MB)
[    0.000000] Memory: 7277096K/8257536K available (15104K kernel code, 2832K rwdata, 8204K rodata, 6080K init, 519K bss, 308696K reserved, 671744K cma-reserved)
[    0.000000] SLUB: HWalign=64, Order=0-3, MinObjects=0, CPUs=8, Nodes=1
[    0.000000] rcu: Preemptible hierarchical RCU implementation.
[    0.000000] rcu: 	RCU event tracing is enabled.
[    0.000000] rcu: 	RCU restricting CPUs from NR_CPUS=256 to nr_cpu_ids=8.
[    0.000000] 	Trampoline variant of Tasks RCU enabled.
[    0.000000] rcu: RCU calculated value of scheduler-enlistment delay is 25 jiffies.
[    0.000000] rcu: Adjusting geometry for rcu_fanout_leaf=16, nr_cpu_ids=8
[    0.000000] NR_IRQS: 64, nr_irqs: 64, preallocated irqs: 0
[    0.000000] arch_timer: cp15 timer(s) running at 8.32MHz (virt).
[    0.000000] clocksource: arch_sys_counter: mask: 0xffffffffffffff max_cycles: 0x1eb398c07, max_idle_ns: 440795202503 ns
[    0.000003] sched_clock: 56 bits at 8MHz, resolution 120ns, wraps every 2199023255503ns
[    0.000208] Console: colour dummy device 80x25
[    0.000414] printk: console [tty0] enabled
[    0.000487] Calibrating delay loop (skipped), value calculated using timer frequency.. 16.64 BogoMIPS (lpj=33280)
[    0.000503] pid_max: default: 32768 minimum: 301
[    0.000560] LSM: Security Framework initializing
[    0.000647] Mount-cache hash table entries: 16384 (order: 5, 131072 bytes, linear)
[    0.000698] Mountpoint-cache hash table entries: 16384 (order: 5, 131072 bytes, linear)
[    0.002158] rcu: Hierarchical SRCU implementation.
[    0.003766] Detected Renesas R-Car Gen3 r8a7795 ES3.0
[    0.005904] EFI services will not be available.
[    0.006252] smp: Bringing up secondary CPUs ...
[    0.006708] Detected PIPT I-cache on CPU1
[    0.006757] CPU1: Booted secondary processor 0x0000000001 [0x411fd073]
[    0.007242] Detected PIPT I-cache on CPU2
[    0.007266] CPU2: Booted secondary processor 0x0000000002 [0x411fd073]
[    0.007692] Detected PIPT I-cache on CPU3
[    0.007713] CPU3: Booted secondary processor 0x0000000003 [0x411fd073]
[    0.008178] CPU features: detected: ARM erratum 845719
[    0.008191] Detected VIPT I-cache on CPU4
[    0.008238] CPU4: Booted secondary processor 0x0000000100 [0x410fd034]
[    0.008719] Detected VIPT I-cache on CPU5
[    0.008746] CPU5: Booted secondary processor 0x0000000101 [0x410fd034]
[    0.009182] Detected VIPT I-cache on CPU6
[    0.009209] CPU6: Booted secondary processor 0x0000000102 [0x410fd034]
[    0.009646] Detected VIPT I-cache on CPU7
[    0.009674] CPU7: Booted secondary processor 0x0000000103 [0x410fd034]
[    0.009753] smp: Brought up 1 node, 8 CPUs
[    0.009815] SMP: Total of 8 processors activated.
[    0.009823] CPU features: detected: 32-bit EL0 Support
[    0.009830] CPU features: detected: CRC32 instructions
[    0.009837] CPU features: detected: 32-bit EL1 Support
[    0.023023] CPU: All CPU(s) started at EL1
[    0.023075] alternatives: patching kernel code
[    0.024246] devtmpfs: initialized
[    0.030996] KASLR disabled due to lack of seed
[    0.031143] clocksource: jiffies: mask: 0xffffffff max_cycles: 0xffffffff, max_idle_ns: 7645041785100000 ns
[    0.031164] futex hash table entries: 2048 (order: 5, 131072 bytes, linear)
[    0.039821] pinctrl core: initialized pinctrl subsystem
[    0.041326] DMI not present or invalid.
[    0.041830] NET: Registered protocol family 16
[    0.042772] DMA: preallocated 1024 KiB GFP_KERNEL pool for atomic allocations
[    0.042967] DMA: preallocated 1024 KiB GFP_KERNEL|GFP_DMA pool for atomic allocations
[    0.043257] DMA: preallocated 1024 KiB GFP_KERNEL|GFP_DMA32 pool for atomic allocations
[    0.043296] audit: initializing netlink subsys (disabled)
[    0.043482] audit: type=2000 audit(0.040:1): state=initialized audit_enabled=0 res=1
[    0.044662] thermal_sys: Registered thermal governor 'power_allocator'
[    0.045184] cpuidle: using governor menu
[    0.045352] hw-breakpoint: found 6 breakpoint and 4 watchpoint registers.
[    0.045475] ASID allocator initialised with 65536 entries
[    0.046779] Serial: AMBA PL011 UART driver
[    0.089299] sh-pfc e6060000.pinctrl: r8a77951_pfc support registered
[    0.103946] HugeTLB registered 1.00 GiB page size, pre-allocated 0 pages
[    0.103960] HugeTLB registered 32.0 MiB page size, pre-allocated 0 pages
[    0.103968] HugeTLB registered 2.00 MiB page size, pre-allocated 0 pages
[    0.103975] HugeTLB registered 64.0 KiB page size, pre-allocated 0 pages
[    0.104952] cryptd: max_cpu_qlen set to 1000
[    0.107230] ACPI: Interpreter disabled.
[    0.111100] rcar-avs: use avs value: 0
[    0.111116] rcar-avs: cpu@0 is running with: opp_table0
[    0.111126] rcar-avs: cpu@1 is running with: opp_table0
[    0.111136] rcar-avs: cpu@2 is running with: opp_table0
[    0.111144] rcar-avs: cpu@3 is running with: opp_table0
[    0.111227] rcar-avs: gsx@fd000000 is running with: gsx_opp_table0
[    0.112674] iommu: Default domain type: Translated 
[    0.113242] ipmmu-vmsa e67b0000.iommu: IPMMU context 0 is reserved
[    0.114243] vgaarb: loaded
[    0.114438] SCSI subsystem initialized
[    0.114691] usbcore: registered new interface driver usbfs
[    0.114722] usbcore: registered new interface driver hub
[    0.114748] usbcore: registered new device driver usb
[    0.118270] i2c-sh_mobile e60b0000.i2c: I2C adapter 7, bus speed 400000 Hz
[    0.118802] mc: Linux media interface: v0.10
[    0.118825] videodev: Linux video capture interface: v2.00
[    0.118872] pps_core: LinuxPPS API ver. 1 registered
[    0.118878] pps_core: Software ver. 5.3.6 - Copyright 2005-2007 Rodolfo Giometti <giometti@linux.it>
[    0.118892] PTP clock support registered
[    0.119066] EDAC MC: Ver: 3.0.0
[    0.121059] FPGA manager framework
[    0.121119] Advanced Linux Sound Architecture Driver Initialized.
[    0.121696] clocksource: Switched to clocksource arch_sys_counter
[    0.121840] VFS: Disk quotas dquot_6.6.0
[    0.121885] VFS: Dquot-cache hash table entries: 512 (order 0, 4096 bytes)
[    0.122014] pnp: PnP ACPI: disabled
[    0.125508] NET: Registered protocol family 2
[    0.125927] IP idents hash table entries: 131072 (order: 8, 1048576 bytes, linear)
[    0.128186] tcp_listen_portaddr_hash hash table entries: 4096 (order: 4, 65536 bytes, linear)
[    0.128262] TCP established hash table entries: 65536 (order: 7, 524288 bytes, linear)
[    0.128549] TCP bind hash table entries: 65536 (order: 8, 1048576 bytes, linear)
[    0.129137] TCP: Hash tables configured (established 65536 bind 65536)
[    0.129256] UDP hash table entries: 4096 (order: 5, 131072 bytes, linear)
[    0.129371] UDP-Lite hash table entries: 4096 (order: 5, 131072 bytes, linear)
[    0.129589] NET: Registered protocol family 1
[    0.129962] RPC: Registered named UNIX socket transport module.
[    0.129973] RPC: Registered udp transport module.
[    0.129978] RPC: Registered tcp transport module.
[    0.129984] RPC: Registered tcp NFSv4.1 backchannel transport module.
[    0.129996] PCI: CLS 0 bytes, default 64
[    0.130944] hw perfevents: enabled with armv8_cortex_a53 PMU driver, 7 counters available
[    0.131212] hw perfevents: enabled with armv8_cortex_a57 PMU driver, 7 counters available
[    0.131833] kvm [1]: HYP mode not available
[    0.134757] Initialise system trusted keyrings
[    0.134898] workingset: timestamp_bits=42 max_order=21 bucket_order=0
[    0.137988] squashfs: version 4.0 (2009/01/31) Phillip Lougher
[    0.138392] NFS: Registering the id_resolver key type
[    0.138424] Key type id_resolver registered
[    0.138430] Key type id_legacy registered
[    0.138484] nfs4filelayout_init: NFSv4 File Layout Driver Registering...
[    0.138493] nfs4flexfilelayout_init: NFSv4 Flexfile Layout Driver Registering...
[    0.138598] 9p: Installing v9fs 9p2000 file system support
[    0.165215] Key type asymmetric registered
[    0.165227] Asymmetric key parser 'x509' registered
[    0.165257] Block layer SCSI generic (bsg) driver version 0.4 loaded (major 243)
[    0.165268] io scheduler mq-deadline registered
[    0.165277] io scheduler kyber registered
[    0.181383] gpio_rcar e6050000.gpio: driving 16 GPIOs
[    0.181673] gpio_rcar e6051000.gpio: driving 29 GPIOs
[    0.181945] gpio_rcar e6052000.gpio: driving 15 GPIOs
[    0.182234] gpio_rcar e6053000.gpio: driving 16 GPIOs
[    0.182484] gpio_rcar e6054000.gpio: driving 18 GPIOs
[    0.182741] gpio_rcar e6055000.gpio: driving 26 GPIOs
[    0.183032] gpio_rcar e6055400.gpio: driving 32 GPIOs
[    0.183363] gpio_rcar e6055800.gpio: driving 4 GPIOs
[    0.186468] rcar-pcie fe000000.pcie: host bridge /soc/pcie@fe000000 ranges:
[    0.186498] rcar-pcie fe000000.pcie:       IO 0x00fe100000..0x00fe1fffff -> 0x0000000000
[    0.186520] rcar-pcie fe000000.pcie:      MEM 0x00fe200000..0x00fe3fffff -> 0x00fe200000
[    0.186538] rcar-pcie fe000000.pcie:      MEM 0x0030000000..0x0037ffffff -> 0x0030000000
[    0.186553] rcar-pcie fe000000.pcie:      MEM 0x0038000000..0x003fffffff -> 0x0038000000
[    0.186569] rcar-pcie fe000000.pcie:   IB MEM 0x0040000000..0x007fffffff -> 0x0040000000
[    0.186620] rcar-pcie fe000000.pcie: no pcie3v3 regulator found
[    0.186631] rcar-pcie fe000000.pcie: no pcie1v8 regulator found
[    0.253402] rcar-pcie fe000000.pcie: PCIe link down
[    0.253593] rcar-pcie ee800000.pcie: host bridge /soc/pcie@ee800000 ranges:
[    0.253617] rcar-pcie ee800000.pcie:       IO 0x00ee900000..0x00ee9fffff -> 0x0000000000
[    0.253638] rcar-pcie ee800000.pcie:      MEM 0x00eea00000..0x00eebfffff -> 0x00eea00000
[    0.253656] rcar-pcie ee800000.pcie:      MEM 0x00c0000000..0x00c7ffffff -> 0x00c0000000
[    0.253669] rcar-pcie ee800000.pcie:      MEM 0x00c8000000..0x00cfffffff -> 0x00c8000000
[    0.253702] rcar-pcie ee800000.pcie:   IB MEM 0x0040000000..0x007fffffff -> 0x0040000000
[    0.253735] rcar-pcie ee800000.pcie: no pcie3v3 regulator found
[    0.253745] rcar-pcie ee800000.pcie: no pcie1v8 regulator found
[    0.413687] rcar-pcie ee800000.pcie: PCIe link down
[    0.416142] EINJ: ACPI disabled.
[    0.449595] Serial: 8250/16550 driver, 4 ports, IRQ sharing enabled
[    0.452068] SuperH (H)SCI(F) driver initialized
[    0.452490] e6550000.serial: ttySC1 at MMIO 0xe6550000 (irq = 42, base_baud = 0) is a hscif
[    0.453230] e6e88000.serial: ttySC0 at MMIO 0xe6e88000 (irq = 128, base_baud = 0) is a scif
[    1.657779] printk: console [ttySC0] enabled
[    1.663139] msm_serial: driver initialized
[    1.673595] rcar-dw-hdmi fead0000.hdmi: Detected HDMI TX controller v2.01a with HDCP (DWC HDMI 2.0 TX PHY)
[    1.683658] rcar-dw-hdmi fead0000.hdmi: registered DesignWare HDMI I2C bus driver
[    1.691937] rcar-dw-hdmi feae0000.hdmi: Detected HDMI TX controller v2.01a with HDCP (DWC HDMI 2.0 TX PHY)
[    1.701821] rcar-dw-hdmi feae0000.hdmi: registered DesignWare HDMI I2C bus driver
[    1.717343] loop: module loaded
[    1.721937] megasas: 07.714.04.00-rc1
[    1.727672] scsi host0: sata_rcar
[    1.731153] ata1: SATA max UDMA/133 irq 181
[    1.740568] tun: Universal TUN/TAP device driver, 1.6
[    1.746527] thunder_xcv, ver 1.0
[    1.749782] thunder_bgx, ver 1.0
[    1.753026] nicpf, ver 1.0
[    1.757152] hclge is initializing
[    1.760490] hns3: Hisilicon Ethernet Network Driver for Hip08 Family - version
[    1.767712] hns3: Copyright (c) 2017 Huawei Corporation.
[    1.773063] e1000: Intel(R) PRO/1000 Network Driver
[    1.777943] e1000: Copyright (c) 1999-2006 Intel Corporation.
[    1.783710] e1000e: Intel(R) PRO/1000 Network Driver
[    1.788675] e1000e: Copyright(c) 1999 - 2015 Intel Corporation.
[    1.794619] igb: Intel(R) Gigabit Ethernet Network Driver
[    1.800018] igb: Copyright (c) 2007-2014 Intel Corporation.
[    1.805607] igbvf: Intel(R) Gigabit Virtual Function Network Driver
[    1.811875] igbvf: Copyright (c) 2009 - 2012 Intel Corporation.
[    1.818210] sky2: driver version 1.30
[    1.825792] ravb e6800000.ethernet eth0: Base address at 0xe6800000, 2e:09:0a:03:84:20, IRQ 125.
[    1.836044] VFIO - User Level meta-driver version: 0.3
[    1.843219] ehci_hcd: USB 2.0 'Enhanced' Host Controller (EHCI) Driver
[    1.849765] ehci-pci: EHCI PCI platform driver
[    1.854228] ehci-platform: EHCI generic platform driver
[    1.859852] ehci-platform ee0a0100.usb: EHCI Host Controller
[    1.865536] ehci-platform ee0a0100.usb: new USB bus registered, assigned bus number 1
[    1.873461] ehci-platform ee0a0100.usb: irq 175, io mem 0xee0a0100
[    1.893697] ehci-platform ee0a0100.usb: USB 2.0 started, EHCI 1.10
[    1.900232] hub 1-0:1.0: USB hub found
[    1.904010] hub 1-0:1.0: 1 port detected
[    1.908414] ehci-platform ee0c0100.usb: EHCI Host Controller
[    1.914090] ehci-platform ee0c0100.usb: new USB bus registered, assigned bus number 2
[    1.921997] ehci-platform ee0c0100.usb: irq 176, io mem 0xee0c0100
[    1.941695] ehci-platform ee0c0100.usb: USB 2.0 started, EHCI 1.10
[    1.948248] hub 2-0:1.0: USB hub found
[    1.952021] hub 2-0:1.0: 1 port detected
[    1.981698] ehci-platform ee0e0100.usb: EHCI Host Controller
[    1.987375] ehci-platform ee0e0100.usb: new USB bus registered, assigned bus number 3
[    1.995286] ehci-platform ee0e0100.usb: irq 177, io mem 0xee0e0100
[    2.013693] ehci-platform ee0e0100.usb: USB 2.0 started, EHCI 1.10
[    2.020155] hub 3-0:1.0: USB hub found
[    2.023928] hub 3-0:1.0: 1 port detected
[    2.028335] ehci-orion: EHCI orion driver
[    2.032606] ehci-exynos: EHCI Exynos driver
[    2.036906] ohci_hcd: USB 1.1 'Open' Host Controller (OHCI) Driver
[    2.043107] ohci-pci: OHCI PCI platform driver
[    2.047590] ohci-platform: OHCI generic platform driver
[    2.053134] ohci-platform ee0a0000.usb: Generic Platform OHCI controller
[    2.059858] ohci-platform ee0a0000.usb: new USB bus registered, assigned bus number 4
[    2.067738] ohci-platform ee0a0000.usb: irq 175, io mem 0xee0a0000
[    2.149692] ata1: link resume succeeded after 1 retries
[    2.163975] hub 4-0:1.0: USB hub found
[    2.167746] hub 4-0:1.0: 1 port detected
[    2.172088] ohci-platform ee0c0000.usb: Generic Platform OHCI controller
[    2.178807] ohci-platform ee0c0000.usb: new USB bus registered, assigned bus number 5
[    2.186678] ohci-platform ee0c0000.usb: irq 176, io mem 0xee0c0000
[    2.261127] ata1: SATA link down (SStatus 0 SControl 300)
[    2.279957] hub 5-0:1.0: USB hub found
[    2.283726] hub 5-0:1.0: 1 port detected
[    2.288057] ohci-platform ee0e0000.usb: Generic Platform OHCI controller
[    2.294771] ohci-platform ee0e0000.usb: new USB bus registered, assigned bus number 6
[    2.302640] ohci-platform ee0e0000.usb: irq 177, io mem 0xee0e0000
[    2.395953] hub 6-0:1.0: USB hub found
[    2.399721] hub 6-0:1.0: 1 port detected
[    2.404072] ohci-exynos: OHCI Exynos driver
[    2.408527] usbcore: registered new interface driver usb-storage
[    2.416204] renesas_usbhs e6590000.usb: host probed
[    2.421096] renesas_usbhs e6590000.usb: no transceiver found
[    2.426821] renesas_usbhs e6590000.usb: gadget probed
[    2.432036] renesas_usbhs e6590000.usb: probed
[    2.436935] renesas_usbhs e659c000.usb: host probed
[    2.441833] renesas_usbhs e659c000.usb: no transceiver found
[    2.447548] renesas_usbhs e659c000.usb: gadget probed
[    2.452747] renesas_usbhs e659c000.usb: probed
[    2.459678] i2c /dev entries driver
[    2.474221] cs2000-cp 2-004f: revision - C1
[    2.478474] i2c-rcar e6510000.i2c: probed
[    2.483289] pca953x 4-0020: supply vcc not found, using dummy regulator
[    2.489991] pca953x 4-0020: using no AI
[    2.494638] gpio-355 (PCIE/SATA switch): hogged as output/low
[    2.506895] i2c-rcar e66d8000.i2c: probed
[    2.512186] adv748x 4-0070: Endpoint /soc/i2c@e66d8000/video-receiver@70/port@7/endpoint on port 7
[    2.521169] adv748x 4-0070: Endpoint /soc/i2c@e66d8000/video-receiver@70/port@8/endpoint on port 8
[    2.530142] adv748x 4-0070: Endpoint /soc/i2c@e66d8000/video-receiver@70/port@a/endpoint on port 10
[    2.539207] adv748x 4-0070: Endpoint /soc/i2c@e66d8000/video-receiver@70/port@b/endpoint on port 11
[    2.548587] adv748x 4-0070: chip found @ 0xe0 revision 2143
[    2.602219] rcar-csi2 fea80000.csi2: 1 lanes found
[    2.607354] rcar-csi2 feaa0000.csi2: 4 lanes found
[    2.616962] rcar-vin e6ef0000.video: Device registered as video0
[    2.623051] rcar-vin e6ef1000.video: Device registered as video1
[    2.629133] rcar-vin e6ef2000.video: Device registered as video2
[    2.635208] rcar-vin e6ef3000.video: Device registered as video3
[    2.641286] rcar-vin e6ef4000.video: Device registered as video4
[    2.647363] rcar-vin e6ef5000.video: Device registered as video5
[    2.653436] rcar-vin e6ef6000.video: Device registered as video6
[    2.659521] rcar-vin e6ef7000.video: Device registered as video7
[    2.668192] rcar_gen3_thermal e6198000.thermal: is using pseudo fixed FUSE values
[    2.680357] rcar_gen3_thermal e6198000.thermal: TSC0: Loaded 1 trip points
[    2.691599] rcar_gen3_thermal e6198000.thermal: TSC1: Loaded 1 trip points
[    2.702752] rcar_gen3_thermal e6198000.thermal: TSC2: Loaded 3 trip points
[    2.714861] sdhci: Secure Digital Host Controller Interface driver
[    2.721063] sdhci: Copyright(c) Pierre Ossman
[    2.726269] Synopsys Designware Multimedia Card Interface Driver
[    2.726603] renesas_sdhi_internal_dmac ee140000.mmc: Adding to iommu group 0
[    2.726842] renesas_sdhi_internal_dmac ee160000.mmc: Got CD GPIO
[    2.726862] renesas_sdhi_internal_dmac ee160000.mmc: Got WP GPIO
[    2.726881] renesas_sdhi_internal_dmac ee100000.mmc: Got CD GPIO
[    2.726909] renesas_sdhi_internal_dmac ee100000.mmc: Got WP GPIO
[    2.733633] sdhci-pltfm: SDHCI platform and OF driver helper
[    2.739365] renesas_sdhi_internal_dmac ee140000.mmc: Using IPMMU context 1
[    2.776775] ledtrig-cpu: registered to indicate activity on CPUs
[    2.783811] SMCCC: SOC_ID: ARCH_SOC_ID not implemented, skipping ....
[    2.790842] usbcore: registered new interface driver usbhid
[    2.796420] usbhid: USB HID core driver
[    2.804030] optee: probing for conduit method.
[    2.808496] optee: revision 3.22 (314ecf9d)
[    2.808675] optee driver R-Car Rev.1.0.11
[    2.817280] optee: dynamic shared memory is enabled
[    2.822431] optee: initialized driver
[    2.824880] renesas_sdhi_internal_dmac ee140000.mmc: mmc0 base at 0x00000000ee140000, max clock rate 200 MHz
[    2.839147] rcar_sound ec500000.sound: probed
[    2.844229] NET: Registered protocol family 17
[    2.848786] 9pnet: Installing 9P2000 support
[    2.853118] Key type dns_resolver registered
[    2.857649] registered taskstats version 1
[    2.861761] Loading compiled-in X.509 certificates
[    2.876405] thermal emergency: set temperature to 110 celsius
[    2.882356] thermal emergency: shutdown target cpus 1-7
[    2.887587] thermal emergency: freq scaled target cpus 0
[    2.893265] renesas_irqc e61c0000.interrupt-controller: driving 6 irqs
[    2.906090] mmc0: new HS400 MMC card at address 0001
[    2.911770] mmcblk0: mmc0:0001 BGSD3R 29.1 GiB 
[    2.916709] mmcblk0boot0: mmc0:0001 BGSD3R partition 1 16.0 MiB
[    2.923015] mmcblk0boot1: mmc0:0001 BGSD3R partition 2 16.0 MiB
[    2.929029] mmcblk0rpmb: mmc0:0001 BGSD3R partition 3 4.00 MiB, chardev (509:0)
[    2.937735] ehci-platform ee080100.usb: EHCI Host Controller
[    2.937754]  mmcblk0: p1
[    2.943426] ehci-platform ee080100.usb: new USB bus registered, assigned bus number 7
[    2.953852] ehci-platform ee080100.usb: irq 174, io mem 0xee080100
[    2.973796] ehci-platform ee080100.usb: USB 2.0 started, EHCI 1.10
[    2.980459] hub 7-0:1.0: USB hub found
[    2.984234] hub 7-0:1.0: 1 port detected
[    2.989757] ohci-platform ee080000.usb: Generic Platform OHCI controller
[    2.996484] ohci-platform ee080000.usb: new USB bus registered, assigned bus number 8
[    3.004372] ohci-platform ee080000.usb: irq 174, io mem 0xee080000
[    3.100318] hub 8-0:1.0: USB hub found
[    3.104093] hub 8-0:1.0: 1 port detected
[    3.109342] cpu cpu0: EM: created perf domain
[    3.114340] cpu cpu4: EM: created perf domain
[    3.124030] renesas_sdhi_internal_dmac ee160000.mmc: Got CD GPIO
[    3.124876] renesas_sdhi_internal_dmac ee100000.mmc: Got CD GPIO
[    3.127243] [drm] Initialized rcar-du 1.0.0 20130110 for feb00000.display on minor 0
[    3.127247] [drm] Device feb00000.display probed
[    3.130155] renesas_sdhi_internal_dmac ee160000.mmc: Got WP GPIO
[    3.136188] renesas_sdhi_internal_dmac ee100000.mmc: Got WP GPIO
[    3.193030] renesas_sdhi_internal_dmac ee160000.mmc: mmc2 base at 0x00000000ee160000, max clock rate 200 MHz
[    3.197543] Console: switching to colour frame buffer device 128x48
[    3.208019] renesas_sdhi_internal_dmac ee100000.mmc: mmc1 base at 0x00000000ee100000, max clock rate 200 MHz
[    3.243287] rcar-du feb00000.display: [drm] fb0: rcar-dudrmfb frame buffer device
[    3.255737] input: keys as /devices/platform/keys/input/input0
[    3.337174] Micrel KSZ9031 Gigabit PHY e6800000.ethernet-ffffffff:00: attached PHY driver [Micrel KSZ9031 Gigabit PHY] (mii_bus:phy_addr=e6800000.ethernet-ffffffff:00, irq=183)
[   10.526044] ravb e6800000.ethernet eth0: Link is Up - 1Gbps/Full - flow control off
[   10.553731] IP-Config: Guessing netmask 255.255.255.0
[   10.558892] IP-Config: Complete:
[   10.562204]      device=eth0, hwaddr=2e:09:0a:03:84:20, ipaddr=192.168.10.104, mask=255.255.255.0, gw=255.255.255.255
[   10.573015]      host=192.168.10.104, domain=, nis-domain=(none)
[   10.579143]      bootserver=255.255.255.255, rootserver=192.168.10.98, rootpath=
[   10.579764] ALSA device list:
[   10.590383]   No soundcards found.
[   11.658304] VFS: Mounted root (nfs4 filesystem) on device 0:22.
[   11.664853] devtmpfs: mounted
[   11.671090] Freeing unused kernel memory: 6080K
[   11.697877] Run /sbin/init as init process
[   11.894343] systemd[1]: System time before build time, advancing clock.
[   12.324763] NET: Registered protocol family 10
[   12.334414] Segment Routing with IPv6
[   12.367778] systemd[1]: systemd 244 running in system mode. (+PAM -AUDIT -SELINUX +IMA -APPARMOR -SMACK +SYSVINIT +UTMP -LIBCRYPTSETUP -GCRYPT -GNUTLS +ACL +XZ -LZ4 -SECCOMP +BLKID -ELFUTILS +KMOD -IDN2 -IDN -PCRE2 default-hierarchy=hybrid)
[   12.398166] systemd[1]: Detected architecture arm64.

Welcome to [1mPoky (Yocto Project Reference Distro) 3.1.11 (dunfell)[0m!

[   12.432321] systemd[1]: Set hostname to <salvator-x>.
[   12.737748] random: crng init done
[   13.232220] systemd[1]: system-getty.slice: unit configures an IP firewall, but the local system does not support BPF/cgroup firewalling.
[   13.253329] systemd[1]: (This warning is only shown for the first unit using IP firewalling.)
[   13.268367] systemd[1]: Created slice system-getty.slice.
[[0;32m  OK  [0m] Created slice [0;1;39msystem-getty.slice[0m.
[   13.295512] systemd[1]: Created slice system-serial\x2dgetty.slice.
[[0;32m  OK  [0m] Created slice [0;1;39msystem-serial\x2dgetty.slice[0m.
[   13.323404] systemd[1]: Created slice User and Session Slice.
[[0;32m  OK  [0m] Created slice [0;1;39mUser and Session Slice[0m.
[   13.350314] systemd[1]: Started Dispatch Password Requests to Console Directory Watch.
[[0;32m  OK  [0m] Started [0;1;39mDispatch Password â€¦ts to Console Directory Watch[0m.
[   13.382159] systemd[1]: Started Forward Password Requests to Wall Directory Watch.
[[0;32m  OK  [0m] Started [0;1;39mForward Password Râ€¦uests to Wall Directory Watch[0m.
[   13.410026] systemd[1]: Reached target Paths.
[[0;32m  OK  [0m] Reached target [0;1;39mPaths[0m.
[   13.433887] systemd[1]: Reached target Remote File Systems.
[[0;32m  OK  [0m] Reached target [0;1;39mRemote File Systems[0m.
[   13.457848] systemd[1]: Reached target Slices.
[[0;32m  OK  [0m] Reached target [0;1;39mSlices[0m.
[   13.481841] systemd[1]: Reached target Swap.
[[0;32m  OK  [0m] Reached target [0;1;39mSwap[0m.
[   13.508954] systemd[1]: Listening on RPCbind Server Activation Socket.
[[0;32m  OK  [0m] Listening on [0;1;39mRPCbind Server Activation Socket[0m.
[   13.537972] systemd[1]: Reached target RPC Port Mapper.
[[0;32m  OK  [0m] Reached target [0;1;39mRPC Port Mapper[0m.
[   13.562338] systemd[1]: Listening on initctl Compatibility Named Pipe.
[[0;32m  OK  [0m] Listening on [0;1;39minitctl Compatibility Named Pipe[0m.
[   13.592149] systemd[1]: Listening on Journal Audit Socket.
[[0;32m  OK  [0m] Listening on [0;1;39mJournal Audit Socket[0m.
[   13.619568] systemd[1]: Listening on Journal Socket (/dev/log).
[[0;32m  OK  [0m] Listening on [0;1;39mJournal Socket (/dev/log)[0m.
[   13.646637] systemd[1]: Listening on Journal Socket.
[[0;32m  OK  [0m] Listening on [0;1;39mJournal Socket[0m.
[   13.672249] systemd[1]: Listening on Network Service Netlink Socket.
[[0;32m  OK  [0m] Listening on [0;1;39mNetwork Service Netlink Socket[0m.
[   13.700131] systemd[1]: Listening on udev Control Socket.
[[0;32m  OK  [0m] Listening on [0;1;39mudev Control Socket[0m.
[   13.726470] systemd[1]: Listening on udev Kernel Socket.
[[0;32m  OK  [0m] Listening on [0;1;39mudev Kernel Socket[0m.
[   13.755821] systemd[1]: Mounting Huge Pages File System...
         Mounting [0;1;39mHuge Pages File System[0m...
[   13.783179] systemd[1]: Mounting POSIX Message Queue File System...
         Mounting [0;1;39mPOSIX Message Queue File System[0m...
[   13.815050] systemd[1]: Mounting Kernel Debug File System...
         Mounting [0;1;39mKernel Debug File System[0m...
[   13.846406] systemd[1]: Mounting Temporary Directory (/tmp)...
         Mounting [0;1;39mTemporary Directory (/tmp)[0m...
[   13.875938] systemd[1]: Starting Create list of static device nodes for the current kernel...
         Starting [0;1;39mCreate list of stâ€¦odes for the current kernel[0m...
[   13.910774] systemd[1]: Starting Start psplash boot splash screen...
         Starting [0;1;39mStart psplash boot splash screen[0m...
[   13.945167] systemd[1]: Starting RPC Bind...
         Starting [0;1;39mRPC Bind[0m...
[   13.968736] systemd[1]: Condition check resulted in File System Check on Root Device being skipped.
[   13.983924] systemd[1]: Starting Journal Service...
         Starting [0;1;39mJournal Service[0m...
[   14.009327] systemd[1]: Starting Load Kernel Modules...
         Starting [0;1;39mLoad Kernel Modules[0m...
[   14.034273] systemd[1]: Starting Remount Root and Kernel File Systems...
         Starting [0;1;39mRemount Root and Kernel File Systems[0m...
[   14.060749] systemd[1]: Starting udev Coldplug all Devices...
         Starting [0;1;39mudev Coldplug all Devices[0m...
[   14.088909] systemd[1]: Started Start psplash boot splash screen.
[[0;32m  OK  [0m] Started [0;1;39mStart psplash boot splash screen[0m.
[   14.114124] systemd[1]: Started RPC Bind.
[[0;32m  OK  [0m] Started [0;1;39mRPC Bind[0m.
[   14.134399] systemd[1]: Started Journal Service.
[[0;32m  OK  [0m] Started [0;1;39mJournal Service[0m.
[[0;32m  OK  [0m] Mounted [0;1;39mHuge Pages File System[0m.
[[0;32m  OK  [0m] Mounted [0;1;39mPOSIX Message Queue File System[0m.
[[0;32m  OK  [0m] Mounted [0;1;39mKernel Debug File System[0m.
[[0;32m  OK  [0m] Mounted [0;1;39mTemporary Directory (/tmp)[0m.
[[0;32m  OK  [0m] Started [0;1;39mCreate list of staâ€¦ nodes for the current kernel[0m.
[[0;32m  OK  [0m] Started [0;1;39mLoad Kernel Modules[0m.
[[0;32m  OK  [0m] Started [0;1;39mRemount Root and Kernel File Systems[0m.
         Mounting [0;1;39mKernel Configuration File System[0m...
[[0;32m  OK  [0m] Started [0;1;39mStart psplash-systâ€¦progress communication helper[0m.
         Starting [0;1;39mFlush Journal to Persistent Storage[0m...
         Starting [0;1;39mApply Kernel Variables[0m...
[   14.364865] systemd-journald[357]: Received client request to flush runtime journal.
         Starting [0;1;39mCreate Static Device Nodes in /dev[0m...
[[0;32m  OK  [0m] Mounted [0;1;39mKernel Configuration File System[0m.
[[0;32m  OK  [0m] Started [0;1;39mFlush Journal to Persistent Storage[0m.
[[0;32m  OK  [0m] Started [0;1;39mApply Kernel Variables[0m.
[[0;32m  OK  [0m] Started [0;1;39mCreate Static Device Nodes in /dev[0m.
[[0;32m  OK  [0m] Reached target [0;1;39mLocal File Systems (Pre)[0m.
         Mounting [0;1;39m/var/volatile[0m...
         Starting [0;1;39mudev Kernel Device Manager[0m...
[[0;32m  OK  [0m] Started [0;1;39mudev Coldplug all Devices[0m.
[[0;32m  OK  [0m] Mounted [0;1;39m/var/volatile[0m.
         Starting [0;1;39mLoad/Save Random Seed[0m...
[[0;32m  OK  [0m] Reached target [0;1;39mLocal File Systems[0m.
         Starting [0;1;39mCreate Volatile Files and Directories[0m...
[[0;32m  OK  [0m] Started [0;1;39mLoad/Save Random Seed[0m.
[[0;32m  OK  [0m] Started [0;1;39mudev Kernel Device Manager[0m.
         Starting [0;1;39mNetwork Service[0m...
[[0;32m  OK  [0m] Started [0;1;39mCreate Volatile Files and Directories[0m.
[[0;32m  OK  [0m] Started [0;1;39mNetwork Service[0m.
         Starting [0;1;39mNetwork Name Resolution[0m...
         Starting [0;1;39mNetwork Time Synchronization[0m...
         Starting [0;1;39mUpdate UTMP about System Boot/Shutdown[0m...
[[0;32m  OK  [0m] Started [0;1;39mUpdate UTMP about System Boot/Shutdown[0m.
[   14.931945] pwm-backlight: probe of backlight failed with error -16
[[0;32m  OK  [0m] Reached target [0;1;39mHardware activated USB gadget[0m.
[   14.994294] at24 7-0050: supply vcc not found, using dummy regulator
[   15.007095] at24 7-0050: 128 byte br24t01 EEPROM, writable, 8 bytes/write
[[0;32m  OK  [0m] Started [0;1;39mNetwork Name Resolution[0m.
[[0;32m  OK  [0m] Reached target [0;1;39mNetwork[0m.
[[0;32m  OK  [0m] Reached target [0;1;39mHost and Network Name Lookups[0m.
[[0;32m  OK  [0m] Started [0;1;39mNetwork Time Synchronization[0m.
[[0;32m  OK  [0m] Reached target [0;1;39mSystem Initialization[0m.
[   15.129566] renesas_usb3 ee020000.usb: probed with phy
[[0;32m  OK  [0m] Started [0;1;39mDaily Cleanup of Temporary Directories[0m.
[   15.155904] ccree e6601000.crypto: ARM CryptoCell 630P Driver: HW version 0xAF400001/0xDCC63000, Driver version 5.0
[[0;32m  OK  [0m] Reached target [0;1;39mSystem Time Set[0m.
[[0;32m  OK  [0m] Reached target [0;1;39mSystem Time Synchronized[0m.
[[0;32m  OK  [0m] Reached target [0;1;39mTimers[0m.
[[0;32m  OK  [0m] Listening on [0;1;39mAvahi mDNS/DNS-SD Stack Activation Socket[0m.
[   15.224943] ccree e6601000.crypto: ARM ccree device initialized
[   15.238295] xhci-hcd ee000000.usb: xHCI Host Controller
[[0;32m  OK  [0m] Listening on[   15.245356] xhci-hcd ee000000.usb: new USB bus registered, assigned bus number 9
 [0;1;39mD-Bus System Message Bus Socket[0m.
[   15.270637] xhci-hcd ee000000.usb: hcc params 0x014051ce hci version 0x100 quirks 0x0000000000830410
[[0;32m  OK  [0m] List[   15.280856] xhci-hcd ee000000.usb: irq 172, io mem 0xee000000
ening on [0;1;3[   15.288511] xhci-hcd ee000000.usb: xHCI Host Controller
9mdropbear.socke[   15.295083] xhci-hcd ee000000.usb: new USB bus registered, assigned bus number 10
t[0m.
[   15.303653] xhci-hcd ee000000.usb: Host supports USB 3.0 SuperSpeed
[   15.311214] hub 9-0:1.0: USB hub found
[   15.315039] hub 9-0:1.0: 1 port detected
[   15.320436] usb usb10: We don't know the algorithms for LPM for this host, disabling LPM.
[[0;32m  OK  [[   15.329611] hub 10-0:1.0: USB hub found
0m] Reached targ[   15.334322] hub 10-0:1.0: 1 port detected
et [0;1;39mSockets[0m.
[[0;32m  OK  [0m] Reached target [0;1;39mBasic System[0m.
         Starting [0;1;39mAvahi mDNS/DNS-SD Stack[0m...
[[0;32m  OK  [0m] Started [0;1;39mD-Bus System Message Bus[0m.
[[0;32m  OK  [0m] Started [0;1;39moptee services[0m.
         Starting [0;1;39mpvrinit.service[0m...
         Starting [0;1;39mPowerVR consumer services[0m...
         Starting [0;1;39mLogin Service[0m...
         Starting [0;1;39mPermit User Sessions[0m...
[[0;32m  OK  [0m] Started [0;1;39mXinetd A Powerful Replacement For Inetd[0m.
[[0;1;31mFAILED[0m] Failed to start [0;1;39mpvrinit.service[0m.
See 'systemctl status pvrinit.service' for details.
[[0;1;31mFAILED[0m] Failed to start [0;1;39mPowerVR consumer services[0m.
See 'systemctl status rc.pvr.service' for details.
[[0;32m  OK  [0m] Started [0;1;39mPermit User Sessions[0m.
[[0;32m  OK  [0m] Started [0;1;39mAvahi mDNS/DNS-SD Stack[0m.
[[0;32m  OK  [0m] Started [0;1;39mLogin Service[0m.
[[0;32m  OK  [0m] Created slice [0;1;39msystem-weston.slice[0m.
[[0;32m  OK  [0m] Started [0;1;39mGetty on tty1[0m.
         Starting [0;1;39mPowerVR consumer services[0m...
[[0;32m  OK  [0m] Started [0;1;39mSerial Getty on ttySC0[0m.
[[0;32m  OK  [0m] Reached target [0;1;39mLogin Prompts[0m.
         Starting [0;1;39mset_default_governor.service[0m...
[[0;1;31mFAILED[0m] Failed to start [0;1;39mPowerVR consumer services[0m.
See 'systemctl status rc.pvr.service' for details.
[[0;1;38;5;185mDEPEND[0m] Dependency failed fo[   15.970065] rd 0-7: Disabling EAS, schedutil is mandatory
r [0;1;39mWeston Wayland Compositor[0m.
[[0;32m  OK  [0m] Started [0;1;39mset_default_governor.service[0m.
[[0;32m  OK  [0m] Reached target [0;1;39mMulti-User System[0m.
         Starting [0;1;39mUpdate UTMP about System Runlevel Changes[0m...
[[0;32m  OK  [0m] Started [0;1;39mUpdate UTMP about System Runlevel Changes[0m.
[   16.486118] usb 10-1: new SuperSpeed Gen 1 USB device number 2 using xhci-hcd
[   16.525477] usb-storage 10-1:1.0: USB Mass Storage device detected
[   16.532298] scsi host1: usb-storage 10-1:1.0


Poky (Yocto Project Reference Distro) 3.1.11 salvator-x ttySC0

salvator-x login: 

salvator-x login: [   17.567267] scsi 1:0:0:0: Direct-Access     Samsung  Portable SSD T5  0    PQ: 0 ANSI: 6
[   17.577022] sd 1:0:0:0: [sda] 488397168 512-byte logical blocks: (250 GB/233 GiB)
[   17.585446] sd 1:0:0:0: [sda] Write Protect is off
[   17.591084] sd 1:0:0:0: [sda] Write cache: enabled, read cache: enabled, doesn't support DPO or FUA
root

[   17.628297]  sda: sda1
[   17.633571] sd 1:0:0:0: [sda] Attached SCSI disk
[   17.763579] audit: type=1006 audit(1703064537.864:2): pid=545 uid=0 old-auid=4294967295 auid=0 tty=(none) old-ses=4294967295 ses=1 res=1
7[r[999;999H[6n8root@salvator-x:~# 
root@salvator-x:~# 
root@salvator-x:~# 
root@salvator-x:~# 
root@salvator-x:~# 
root@salvator-x:~# 
root@salvator-x:~# 
root@salvator-x:~# 
root@salvator-x:~# 
root@salvator-x:~# find /sys/devices/platform/soc/ee000000.usb/ -name product -p 
rint0 | xargs -0 grep "Portable"
/sys/devices/platform/soc/ee000000.usb/usb10/10-1/product:Portable SSD T5
root@salvator-x:~# 
root@salvator-x:~# find /sys/devices/platform/soc/ee000000.usb/ -name 'sd*'
/sys/devices/platform/soc/ee000000.usb/usb10/10-1/10-1:1.0/host1/target1:0:0/1:0:0:0/block/sda
/sys/devices/platform/soc/ee000000.usb/usb10/10-1/10-1:1.0/host1/target1:0:0/1:0:0:0/block/sda/sda1
root@salvator-x:~# 
root@salvator-x:~# dd if=/dev/sda1  of=/dev/null bs=64M count=40 iflag=direct &  
top -b -d 1 -n 10 > aaa.txt
[1] 559
[   41.949859] SDHI0 VccQ: disabling
[   41.953291] SDHI3 VccQ: disabling
root@salvator-x:~# 
root@salvator-x:~# export pid=$!
root@salvator-x:~# 
root@salvator-x:~# echo $pid
559
root@salvator-x:~# 
root@salvator-x:~# wait $pid
40+0 records in
40+0 records out
2684354560 bytes (2.7 GB, 2.5 GiB) copied, 14.6249 s, 184 MB/s
[1]+  Done                    dd if=/dev/sda1 of=/dev/null bs=64M count=40 iflag=direct
root@salvator-x:~# 
root@salvator-x:~# grep $pid aaa.txt
  559   551 root     R    67512   1%   1% dd if=/dev/sda1 of=/dev/null bs=64M count=40 iflag=direct
  559   551 root     D    67512   1%   0% dd if=/dev/sda1 of=/dev/null bs=64M count=40 iflag=direct
  559   551 root     D    67512   1%   0% dd if=/dev/sda1 of=/dev/null bs=64M count=40 iflag=direct
  559   551 root     D    67512   1%   0% dd if=/dev/sda1 of=/dev/null bs=64M count=40 iflag=direct
  559   551 root     D    67512   1%   0% dd if=/dev/sda1 of=/dev/null bs=64M count=40 iflag=direct
  559   551 root     D    67512   1%   0% dd if=/dev/sda1 of=/dev/null bs=64M count=40 iflag=direct
  559   551 root     D    67512   1%   0% dd if=/dev/sda1 of=/dev/null bs=64M count=40 iflag=direct
  559   551 root     D    67512   1%   0% dd if=/dev/sda1 of=/dev/null bs=64M count=40 iflag=direct
  559   551 root     D    67512   1%   0% dd if=/dev/sda1 of=/dev/null bs=64M count=40 iflag=direct
  559   551 root     D    67512   1%   0% dd if=/dev/sda1 of=/dev/null bs=64M count=40 iflag=direct
root@salvator-x:~# 
root@salvator-x:~# dd if=/dev/zero of=/dev/sda1 bs=64M count=40 oflag=direct & t 
op -b -d 1 -n 10 > aaa.txt
[1] 562
root@salvator-x:~# 
root@salvator-x:~# export pid=$!
root@salvator-x:~# 
root@salvator-x:~# echo $pid
562
root@salvator-x:~# 
root@salvator-x:~# wait $pid
40+0 records in
40+0 records out
2684354560 bytes (2.7 GB, 2.5 GiB) copied, 13.4946 s, 199 MB/s
[1]+  Done                    dd if=/dev/zero of=/dev/sda1 bs=64M count=40 oflag=direct
root@salvator-x:~# 
root@salvator-x:~# grep $pid aaa.txt
  562   551 root     D    67512   1%   0% dd if=/dev/zero of=/dev/sda1 bs=64M count=40 oflag=direct
  562   551 root     D    67512   1%   1% dd if=/dev/zero of=/dev/sda1 bs=64M count=40 oflag=direct
  562   551 root     D    67512   1%   1% dd if=/dev/zero of=/dev/sda1 bs=64M count=40 oflag=direct
  562   551 root     D    67512   1%   1% dd if=/dev/zero of=/dev/sda1 bs=64M count=40 oflag=direct
  562   551 root     D    67512   1%   1% dd if=/dev/zero of=/dev/sda1 bs=64M count=40 oflag=direct
  562   551 root     D    67512   1%   1% dd if=/dev/zero of=/dev/sda1 bs=64M count=40 oflag=direct
  562   551 root     D    67512   1%   0% dd if=/dev/zero of=/dev/sda1 bs=64M count=40 oflag=direct
  562   551 root     D    67512   1%   0% dd if=/dev/zero of=/dev/sda1 bs=64M count=40 oflag=direct
  562   551 root     D    67512   1%   1% dd if=/dev/zero of=/dev/sda1 bs=64M count=40 oflag=direct
  562   551 root     D    67512   1%   0% dd if=/dev/zero of=/dev/sda1 bs=64M count=40 oflag=direct
root@salvator-x:~# 
 
#### Result: OK ####
