NOTICE:  BL2: R-Car Gen3 Initial Program Loader(CA57) Rev.4.0.0
NOTICE:  BL2: PRR is R-Car H3 Ver.3.0
NOTICE:  BL2: Board is Salvator-XS Rev.1.0
NOTICE:  BL2: Boot device is HyperFlash(160MHz)
NOTICE:  BL2: LCM state is CM
NOTICE:  AVS setting succeeded. DVFS_SetVID=0x53
NOTICE:  BL2: DDR3200(rev.0.42)
NOTICE:  BL2: [COLD_BOOT]
NOTICE:  BL2: DRAM Split is 4ch(DDR f)
NOTICE:  BL2: QoS is default setting(rev.0.11)
NOTICE:  BL2: DRAM refresh interval 1.95 usec
NOTICE:  BL2: Periodic Write DQ Training
NOTICE:  BL2: CH0: 400000000 - 47fffffff, 2 GiB
NOTICE:  BL2: CH1: 500000000 - 57fffffff, 2 GiB
NOTICE:  BL2: CH2: 600000000 - 67fffffff, 2 GiB
NOTICE:  BL2: CH3: 700000000 - 77fffffff, 2 GiB
NOTICE:  BL2: Lossy Decomp areas
NOTICE:       Entry 0: DCMPAREACRAx:0x80000540 DCMPAREACRBx:0x570
NOTICE:       Entry 1: DCMPAREACRAx:0x40000000 DCMPAREACRBx:0x0
NOTICE:       Entry 2: DCMPAREACRAx:0x20000000 DCMPAREACRBx:0x0
NOTICE:  BL2: FDT at 0xe6327f70
NOTICE:  BL2: v2.9(release):9cdb21f75
NOTICE:  BL2: Built : 03:23:42, Jan  8 2024
NOTICE:  BL2: Normal boot
NOTICE:  BL2: dst=0xe6327800 src=0x8180000 len=512(0x200)
NOTICE:  BL2: dst=0x43f00000 src=0x8180400 len=6144(0x1800)
NOTICE:  rcar_file_len: len: 0x0003e000
NOTICE:  BL2: dst=0x44000000 src=0x81c0000 len=253952(0x3e000)
NOTICE:  rcar_file_len: len: 0x00200000
NOTICE:  BL2: dst=0x44100000 src=0x8200000 len=2097152(0x200000)
NOTICE:  rcar_file_len: len: 0x00100000
NOTICE:  BL2: dst=0x50000000 src=0x8640000 len=1048576(0x100000)
NOTICE:  BL2: Booting BL31


U-Boot 2020.10 (Dec 20 2023 - 10:10:22 +0000)

CPU: Renesas Electronics R8A7795 rev 3.0
Model: Renesas Salvator-X 2nd version board based on r8a77951
DRAM:  7.9 GiB
RAM Configuration:
Bank #0: 0x048000000 - 0x0bfffffff, 1.9 GiB
Bank #1: 0x500000000 - 0x57fffffff, 2 GiB
Bank #2: 0x600000000 - 0x67fffffff, 2 GiB
Bank #3: 0x700000000 - 0x77fffffff, 2 GiB

MMC:   sd@ee100000: 0, sd@ee140000: 1, sd@ee160000: 2
Loading Environment from MMC... OK
In:    serial@e6e88000
Out:   serial@e6e88000
Err:   serial@e6e88000
Net:   eth0: ethernet@e6800000
Hit any key to stop autoboot:  2  1  0 
ethernet@e6800000 Waiting for PHY auto negotiation to complete.......... done
Using ethernet@e6800000 device
TFTP from server 192.168.10.98; our IP address is 192.168.10.104
Filename 'BV/PT3/boot_USB3H/Image'.
Load address: 0x48080000
Loading: *#################################################################
	 #################################################################
	 #################################################################
	 #################################################################
	 #################################################################
	 #################################################################
	 #################################################################
	 #################################################################
	 #################################################################
	 #################################################################
	 #################################################################
	 #################################################################
	 #################################################################
	 #################################################################
	 #################################################################
	 #################################################################
	 #################################################################
	 #################################################################
	 #################################################################
	 #################################################################
	 #################################################################
	 #################################################################
	 #################################################################
	 #################################################################
	 #################################################################
	 #################################################################
	 #################################################################
	 #################################################################
	 #################################################################
	 #################################################################
	 #################################################################
	 #################################################################
	 #################################################################
	 #################################################################
	 ##############################################
	 3.8 MiB/s
done
Bytes transferred = 33112576 (1f94200 hex)
Using ethernet@e6800000 device
TFTP from server 192.168.10.98; our IP address is 192.168.10.104
Filename 'BV/PT3/boot_USB3H/r8a77951-salvator-xs.dtb'.
Load address: 0x48000000
Loading: *#######
	 5.4 MiB/s
done
Bytes transferred = 90876 (162fc hex)
Moving Image from 0x48080000 to 0x48200000, end=4a220000
## Flattened Device Tree blob at 48000000
   Booting using the fdt blob at 0x48000000
   Loading Device Tree to 0000000053fe6000, end 0000000053fff2fb ... OK

Starting kernel ...

[    0.000000] Booting Linux on physical CPU 0x0000000000 [0x411fd073]
[    0.000000] Linux version 5.10.194-yocto-standard (thuan.nguyen-hong@banvien) (aarch64-poky-linux-gcc (GCC) 9.3.0, GNU ld (GNU Binutils) 2.34.0.20200220) #13 SMP PREEMPT Sat Feb 3 10:27:40 UTC 2024
[    0.000000] Machine model: Renesas Salvator-X 2nd version board based on r8a77951
[    0.000000] efi: UEFI not found.
[    0.000000] Reserved memory: created CMA memory pool at 0x0000000057000000, size 16 MiB
[    0.000000] OF: reserved mem: initialized node linux,adsp@57000000, compatible id shared-dma-pool
[    0.000000] Reserved memory: created CMA memory pool at 0x0000000058000000, size 384 MiB
[    0.000000] OF: reserved mem: initialized node linux,cma@58000000, compatible id shared-dma-pool
[    0.000000] Reserved memory: created CMA memory pool at 0x0000000070000000, size 256 MiB
[    0.000000] OF: reserved mem: initialized node linux,multimedia@70000000, compatible id shared-dma-pool
[    0.000000] NUMA: No NUMA configuration found
[    0.000000] NUMA: Faking a node at [mem 0x0000000048000000-0x000000077fffffff]
[    0.000000] NUMA: NODE_DATA [mem 0x77efdab00-0x77efdcfff]
[    0.000000] Zone ranges:
[    0.000000]   DMA      [mem 0x0000000048000000-0x000000007fffffff]
[    0.000000]   DMA32    [mem 0x0000000080000000-0x00000000ffffffff]
[    0.000000]   Normal   [mem 0x0000000100000000-0x000000077fffffff]
[    0.000000] Movable zone start for each node
[    0.000000] Early memory node ranges
[    0.000000]   node   0: [mem 0x0000000048000000-0x0000000053ffffff]
[    0.000000]   node   0: [mem 0x0000000054000000-0x0000000056ffffff]
[    0.000000]   node   0: [mem 0x0000000057000000-0x00000000bfffffff]
[    0.000000]   node   0: [mem 0x0000000500000000-0x000000057fffffff]
[    0.000000]   node   0: [mem 0x0000000600000000-0x000000067fffffff]
[    0.000000]   node   0: [mem 0x0000000700000000-0x000000077fffffff]
[    0.000000] Initmem setup node 0 [mem 0x0000000048000000-0x000000077fffffff]
[    0.000000] psci: probing for conduit method from DT.
[    0.000000] psci: PSCIv1.1 detected in firmware.
[    0.000000] psci: Using standard PSCI v0.2 function IDs
[    0.000000] psci: Trusted OS resident on physical CPU 0x0
[    0.000000] psci: SMC Calling Convention v1.2
[    0.000000] percpu: Embedded 23 pages/cpu s56984 r8192 d29032 u94208
[    0.000000] Detected PIPT I-cache on CPU0
[    0.000000] CPU features: detected: EL2 vector hardening
[    0.000000] CPU features: detected: Spectre-v2
[    0.000000] CPU features: detected: ARM errata 1165522, 1319367, or 1530923
[    0.000000] CPU features: detected: Spectre-BHB
[    0.000000] CPU features: detected: ARM erratum 1742098
[    0.000000] Built 1 zonelists, mobility grouping on.  Total pages: 2032128
[    0.000000] Policy zone: Normal
[    0.000000] Kernel command line: rw root=/dev/nfs nfsroot=192.168.10.98:/data/tftpboot/BV/PT3/rootfs_H3,nfsvers=4 ip=192.168.10.104
[    0.000000] Dentry cache hash table entries: 1048576 (order: 11, 8388608 bytes, linear)
[    0.000000] Inode-cache hash table entries: 524288 (order: 10, 4194304 bytes, linear)
[    0.000000] mem auto-init: stack:off, heap alloc:off, heap free:off
[    0.000000] software IO TLB: mapped [mem 0x000000004ffe6000-0x0000000053fe6000] (64MB)
[    0.000000] Memory: 7277096K/8257536K available (15104K kernel code, 2832K rwdata, 8204K rodata, 6080K init, 519K bss, 308696K reserved, 671744K cma-reserved)
[    0.000000] SLUB: HWalign=64, Order=0-3, MinObjects=0, CPUs=8, Nodes=1
[    0.000000] rcu: Preemptible hierarchical RCU implementation.
[    0.000000] rcu: 	RCU event tracing is enabled.
[    0.000000] rcu: 	RCU restricting CPUs from NR_CPUS=256 to nr_cpu_ids=8.
[    0.000000] 	Trampoline variant of Tasks RCU enabled.
[    0.000000] rcu: RCU calculated value of scheduler-enlistment delay is 25 jiffies.
[    0.000000] rcu: Adjusting geometry for rcu_fanout_leaf=16, nr_cpu_ids=8
[    0.000000] NR_IRQS: 64, nr_irqs: 64, preallocated irqs: 0
[    0.000000] arch_timer: cp15 timer(s) running at 8.32MHz (virt).
[    0.000000] clocksource: arch_sys_counter: mask: 0xffffffffffffff max_cycles: 0x1eb398c07, max_idle_ns: 440795202503 ns
[    0.000003] sched_clock: 56 bits at 8MHz, resolution 120ns, wraps every 2199023255503ns
[    0.000207] Console: colour dummy device 80x25
[    0.000415] printk: console [tty0] enabled
[    0.000489] Calibrating delay loop (skipped), value calculated using timer frequency.. 16.64 BogoMIPS (lpj=33280)
[    0.000505] pid_max: default: 32768 minimum: 301
[    0.000564] LSM: Security Framework initializing
[    0.000651] Mount-cache hash table entries: 16384 (order: 5, 131072 bytes, linear)
[    0.000703] Mountpoint-cache hash table entries: 16384 (order: 5, 131072 bytes, linear)
[    0.002167] rcu: Hierarchical SRCU implementation.
[    0.003767] Detected Renesas R-Car Gen3 r8a7795 ES3.0
[    0.005923] EFI services will not be available.
[    0.006267] smp: Bringing up secondary CPUs ...
[    0.006724] Detected PIPT I-cache on CPU1
[    0.006772] CPU1: Booted secondary processor 0x0000000001 [0x411fd073]
[    0.007265] Detected PIPT I-cache on CPU2
[    0.007289] CPU2: Booted secondary processor 0x0000000002 [0x411fd073]
[    0.007716] Detected PIPT I-cache on CPU3
[    0.007737] CPU3: Booted secondary processor 0x0000000003 [0x411fd073]
[    0.008197] CPU features: detected: ARM erratum 845719
[    0.008210] Detected VIPT I-cache on CPU4
[    0.008257] CPU4: Booted secondary processor 0x0000000100 [0x410fd034]
[    0.008736] Detected VIPT I-cache on CPU5
[    0.008763] CPU5: Booted secondary processor 0x0000000101 [0x410fd034]
[    0.009199] Detected VIPT I-cache on CPU6
[    0.009226] CPU6: Booted secondary processor 0x0000000102 [0x410fd034]
[    0.009665] Detected VIPT I-cache on CPU7
[    0.009693] CPU7: Booted secondary processor 0x0000000103 [0x410fd034]
[    0.009772] smp: Brought up 1 node, 8 CPUs
[    0.009834] SMP: Total of 8 processors activated.
[    0.009843] CPU features: detected: 32-bit EL0 Support
[    0.009850] CPU features: detected: CRC32 instructions
[    0.009857] CPU features: detected: 32-bit EL1 Support
[    0.023044] CPU: All CPU(s) started at EL1
[    0.023099] alternatives: patching kernel code
[    0.024251] devtmpfs: initialized
[    0.030999] KASLR disabled due to lack of seed
[    0.031151] clocksource: jiffies: mask: 0xffffffff max_cycles: 0xffffffff, max_idle_ns: 7645041785100000 ns
[    0.031171] futex hash table entries: 2048 (order: 5, 131072 bytes, linear)
[    0.039838] pinctrl core: initialized pinctrl subsystem
[    0.041337] DMI not present or invalid.
[    0.041837] NET: Registered protocol family 16
[    0.042777] DMA: preallocated 1024 KiB GFP_KERNEL pool for atomic allocations
[    0.042974] DMA: preallocated 1024 KiB GFP_KERNEL|GFP_DMA pool for atomic allocations
[    0.043264] DMA: preallocated 1024 KiB GFP_KERNEL|GFP_DMA32 pool for atomic allocations
[    0.043301] audit: initializing netlink subsys (disabled)
[    0.043479] audit: type=2000 audit(0.040:1): state=initialized audit_enabled=0 res=1
[    0.044630] thermal_sys: Registered thermal governor 'power_allocator'
[    0.045149] cpuidle: using governor menu
[    0.045317] hw-breakpoint: found 6 breakpoint and 4 watchpoint registers.
[    0.045441] ASID allocator initialised with 65536 entries
[    0.046749] Serial: AMBA PL011 UART driver
[    0.089326] sh-pfc e6060000.pinctrl: r8a77951_pfc support registered
[    0.104029] HugeTLB registered 1.00 GiB page size, pre-allocated 0 pages
[    0.104042] HugeTLB registered 32.0 MiB page size, pre-allocated 0 pages
[    0.104050] HugeTLB registered 2.00 MiB page size, pre-allocated 0 pages
[    0.104058] HugeTLB registered 64.0 KiB page size, pre-allocated 0 pages
[    0.105018] cryptd: max_cpu_qlen set to 1000
[    0.107283] ACPI: Interpreter disabled.
[    0.111139] rcar-avs: use avs value: 0
[    0.111155] rcar-avs: cpu@0 is running with: opp_table0
[    0.111164] rcar-avs: cpu@1 is running with: opp_table0
[    0.111174] rcar-avs: cpu@2 is running with: opp_table0
[    0.111183] rcar-avs: cpu@3 is running with: opp_table0
[    0.111263] rcar-avs: gsx@fd000000 is running with: gsx_opp_table0
[    0.112706] iommu: Default domain type: Translated 
[    0.113288] ipmmu-vmsa e67b0000.iommu: IPMMU context 0 is reserved
[    0.114291] vgaarb: loaded
[    0.114484] SCSI subsystem initialized
[    0.114741] usbcore: registered new interface driver usbfs
[    0.114772] usbcore: registered new interface driver hub
[    0.114799] usbcore: registered new device driver usb
[    0.118328] i2c-sh_mobile e60b0000.i2c: I2C adapter 7, bus speed 400000 Hz
[    0.118866] mc: Linux media interface: v0.10
[    0.118888] videodev: Linux video capture interface: v2.00
[    0.118936] pps_core: LinuxPPS API ver. 1 registered
[    0.118943] pps_core: Software ver. 5.3.6 - Copyright 2005-2007 Rodolfo Giometti <giometti@linux.it>
[    0.118957] PTP clock support registered
[    0.119127] EDAC MC: Ver: 3.0.0
[    0.121123] FPGA manager framework
[    0.121183] Advanced Linux Sound Architecture Driver Initialized.
[    0.121755] clocksource: Switched to clocksource arch_sys_counter
[    0.121909] VFS: Disk quotas dquot_6.6.0
[    0.121952] VFS: Dquot-cache hash table entries: 512 (order 0, 4096 bytes)
[    0.122084] pnp: PnP ACPI: disabled
[    0.125475] NET: Registered protocol family 2
[    0.125905] IP idents hash table entries: 131072 (order: 8, 1048576 bytes, linear)
[    0.128170] tcp_listen_portaddr_hash hash table entries: 4096 (order: 4, 65536 bytes, linear)
[    0.128249] TCP established hash table entries: 65536 (order: 7, 524288 bytes, linear)
[    0.128532] TCP bind hash table entries: 65536 (order: 8, 1048576 bytes, linear)
[    0.129121] TCP: Hash tables configured (established 65536 bind 65536)
[    0.129239] UDP hash table entries: 4096 (order: 5, 131072 bytes, linear)
[    0.129354] UDP-Lite hash table entries: 4096 (order: 5, 131072 bytes, linear)
[    0.129577] NET: Registered protocol family 1
[    0.129964] RPC: Registered named UNIX socket transport module.
[    0.129974] RPC: Registered udp transport module.
[    0.129980] RPC: Registered tcp transport module.
[    0.129985] RPC: Registered tcp NFSv4.1 backchannel transport module.
[    0.129998] PCI: CLS 0 bytes, default 64
[    0.130926] hw perfevents: enabled with armv8_cortex_a53 PMU driver, 7 counters available
[    0.131201] hw perfevents: enabled with armv8_cortex_a57 PMU driver, 7 counters available
[    0.131846] kvm [1]: HYP mode not available
[    0.134773] Initialise system trusted keyrings
[    0.134895] workingset: timestamp_bits=42 max_order=21 bucket_order=0
[    0.137993] squashfs: version 4.0 (2009/01/31) Phillip Lougher
[    0.138391] NFS: Registering the id_resolver key type
[    0.138420] Key type id_resolver registered
[    0.138427] Key type id_legacy registered
[    0.138480] nfs4filelayout_init: NFSv4 File Layout Driver Registering...
[    0.138490] nfs4flexfilelayout_init: NFSv4 Flexfile Layout Driver Registering...
[    0.138598] 9p: Installing v9fs 9p2000 file system support
[    0.163660] Key type asymmetric registered
[    0.163672] Asymmetric key parser 'x509' registered
[    0.163702] Block layer SCSI generic (bsg) driver version 0.4 loaded (major 243)
[    0.163712] io scheduler mq-deadline registered
[    0.163722] io scheduler kyber registered
[    0.179883] gpio_rcar e6050000.gpio: driving 16 GPIOs
[    0.180210] gpio_rcar e6051000.gpio: driving 29 GPIOs
[    0.180491] gpio_rcar e6052000.gpio: driving 15 GPIOs
[    0.180761] gpio_rcar e6053000.gpio: driving 16 GPIOs
[    0.181030] gpio_rcar e6054000.gpio: driving 18 GPIOs
[    0.181301] gpio_rcar e6055000.gpio: driving 26 GPIOs
[    0.181585] gpio_rcar e6055400.gpio: driving 32 GPIOs
[    0.181873] gpio_rcar e6055800.gpio: driving 4 GPIOs
[    0.184787] rcar-pcie fe000000.pcie: host bridge /soc/pcie@fe000000 ranges:
[    0.184818] rcar-pcie fe000000.pcie:       IO 0x00fe100000..0x00fe1fffff -> 0x0000000000
[    0.184840] rcar-pcie fe000000.pcie:      MEM 0x00fe200000..0x00fe3fffff -> 0x00fe200000
[    0.184859] rcar-pcie fe000000.pcie:      MEM 0x0030000000..0x0037ffffff -> 0x0030000000
[    0.184873] rcar-pcie fe000000.pcie:      MEM 0x0038000000..0x003fffffff -> 0x0038000000
[    0.184890] rcar-pcie fe000000.pcie:   IB MEM 0x0040000000..0x007fffffff -> 0x0040000000
[    0.184936] rcar-pcie fe000000.pcie: no pcie3v3 regulator found
[    0.184947] rcar-pcie fe000000.pcie: no pcie1v8 regulator found
[    0.249453] rcar-pcie fe000000.pcie: PCIe link down
[    0.249633] rcar-pcie ee800000.pcie: host bridge /soc/pcie@ee800000 ranges:
[    0.249657] rcar-pcie ee800000.pcie:       IO 0x00ee900000..0x00ee9fffff -> 0x0000000000
[    0.249678] rcar-pcie ee800000.pcie:      MEM 0x00eea00000..0x00eebfffff -> 0x00eea00000
[    0.249696] rcar-pcie ee800000.pcie:      MEM 0x00c0000000..0x00c7ffffff -> 0x00c0000000
[    0.249710] rcar-pcie ee800000.pcie:      MEM 0x00c8000000..0x00cfffffff -> 0x00c8000000
[    0.249727] rcar-pcie ee800000.pcie:   IB MEM 0x0040000000..0x007fffffff -> 0x0040000000
[    0.249773] rcar-pcie ee800000.pcie: no pcie3v3 regulator found
[    0.249784] rcar-pcie ee800000.pcie: no pcie1v8 regulator found
[    0.409748] rcar-pcie ee800000.pcie: PCIe link down
[    0.412244] EINJ: ACPI disabled.
[    0.446290] Serial: 8250/16550 driver, 4 ports, IRQ sharing enabled
[    0.448715] SuperH (H)SCI(F) driver initialized
[    0.449154] e6550000.serial: ttySC1 at MMIO 0xe6550000 (irq = 42, base_baud = 0) is a hscif
[    0.449917] e6e88000.serial: ttySC0 at MMIO 0xe6e88000 (irq = 128, base_baud = 0) is a scif
[    1.654498] printk: console [ttySC0] enabled
[    1.659919] msm_serial: driver initialized
[    1.670257] rcar-dw-hdmi fead0000.hdmi: Detected HDMI TX controller v2.01a with HDCP (DWC HDMI 2.0 TX PHY)
[    1.680159] rcar-dw-hdmi fead0000.hdmi: registered DesignWare HDMI I2C bus driver
[    1.688393] rcar-dw-hdmi feae0000.hdmi: Detected HDMI TX controller v2.01a with HDCP (DWC HDMI 2.0 TX PHY)
[    1.698253] rcar-dw-hdmi feae0000.hdmi: registered DesignWare HDMI I2C bus driver
[    1.713759] loop: module loaded
[    1.718346] megasas: 07.714.04.00-rc1
[    1.724081] scsi host0: sata_rcar
[    1.727571] ata1: SATA max UDMA/133 irq 181
[    1.736910] tun: Universal TUN/TAP device driver, 1.6
[    1.742882] thunder_xcv, ver 1.0
[    1.746146] thunder_bgx, ver 1.0
[    1.749387] nicpf, ver 1.0
[    1.753531] hclge is initializing
[    1.756866] hns3: Hisilicon Ethernet Network Driver for Hip08 Family - version
[    1.764089] hns3: Copyright (c) 2017 Huawei Corporation.
[    1.769424] e1000: Intel(R) PRO/1000 Network Driver
[    1.774307] e1000: Copyright (c) 1999-2006 Intel Corporation.
[    1.780075] e1000e: Intel(R) PRO/1000 Network Driver
[    1.785040] e1000e: Copyright(c) 1999 - 2015 Intel Corporation.
[    1.790978] igb: Intel(R) Gigabit Ethernet Network Driver
[    1.796377] igb: Copyright (c) 2007-2014 Intel Corporation.
[    1.801965] igbvf: Intel(R) Gigabit Virtual Function Network Driver
[    1.808232] igbvf: Copyright (c) 2009 - 2012 Intel Corporation.
[    1.814563] sky2: driver version 1.30
[    1.822169] ravb e6800000.ethernet eth0: Base address at 0xe6800000, 2e:09:0a:03:84:20, IRQ 125.
[    1.832399] VFIO - User Level meta-driver version: 0.3
[    1.839543] ehci_hcd: USB 2.0 'Enhanced' Host Controller (EHCI) Driver
[    1.846081] ehci-pci: EHCI PCI platform driver
[    1.850543] ehci-platform: EHCI generic platform driver
[    1.856148] ehci-platform ee0a0100.usb: EHCI Host Controller
[    1.861830] ehci-platform ee0a0100.usb: new USB bus registered, assigned bus number 1
[    1.869754] ehci-platform ee0a0100.usb: irq 175, io mem 0xee0a0100
[    1.889753] ehci-platform ee0a0100.usb: USB 2.0 started, EHCI 1.10
[    1.896288] hub 1-0:1.0: USB hub found
[    1.900058] hub 1-0:1.0: 1 port detected
[    1.904487] ehci-platform ee0c0100.usb: EHCI Host Controller
[    1.910160] ehci-platform ee0c0100.usb: new USB bus registered, assigned bus number 2
[    1.918067] ehci-platform ee0c0100.usb: irq 176, io mem 0xee0c0100
[    1.937754] ehci-platform ee0c0100.usb: USB 2.0 started, EHCI 1.10
[    1.944302] hub 2-0:1.0: USB hub found
[    1.948071] hub 2-0:1.0: 1 port detected
[    1.977761] ehci-platform ee0e0100.usb: EHCI Host Controller
[    1.983440] ehci-platform ee0e0100.usb: new USB bus registered, assigned bus number 3
[    1.991354] ehci-platform ee0e0100.usb: irq 177, io mem 0xee0e0100
[    2.009754] ehci-platform ee0e0100.usb: USB 2.0 started, EHCI 1.10
[    2.016218] hub 3-0:1.0: USB hub found
[    2.019986] hub 3-0:1.0: 1 port detected
[    2.024379] ehci-orion: EHCI orion driver
[    2.028659] ehci-exynos: EHCI Exynos driver
[    2.032963] ohci_hcd: USB 1.1 'Open' Host Controller (OHCI) Driver
[    2.039179] ohci-pci: OHCI PCI platform driver
[    2.043664] ohci-platform: OHCI generic platform driver
[    2.049210] ohci-platform ee0a0000.usb: Generic Platform OHCI controller
[    2.055931] ohci-platform ee0a0000.usb: new USB bus registered, assigned bus number 4
[    2.063807] ohci-platform ee0a0000.usb: irq 175, io mem 0xee0a0000
[    2.145763] ata1: link resume succeeded after 1 retries
[    2.160037] hub 4-0:1.0: USB hub found
[    2.163808] hub 4-0:1.0: 1 port detected
[    2.168137] ohci-platform ee0c0000.usb: Generic Platform OHCI controller
[    2.174850] ohci-platform ee0c0000.usb: new USB bus registered, assigned bus number 5
[    2.182719] ohci-platform ee0c0000.usb: irq 176, io mem 0xee0c0000
[    2.257279] ata1: SATA link down (SStatus 0 SControl 300)
[    2.276020] hub 5-0:1.0: USB hub found
[    2.279790] hub 5-0:1.0: 1 port detected
[    2.284108] ohci-platform ee0e0000.usb: Generic Platform OHCI controller
[    2.290821] ohci-platform ee0e0000.usb: new USB bus registered, assigned bus number 6
[    2.298694] ohci-platform ee0e0000.usb: irq 177, io mem 0xee0e0000
[    2.392016] hub 6-0:1.0: USB hub found
[    2.395784] hub 6-0:1.0: 1 port detected
[    2.400119] ohci-exynos: OHCI Exynos driver
[    2.404547] usbcore: registered new interface driver usb-storage
[    2.412240] renesas_usbhs e6590000.usb: host probed
[    2.417130] renesas_usbhs e6590000.usb: no transceiver found
[    2.422859] renesas_usbhs e6590000.usb: gadget probed
[    2.428076] renesas_usbhs e6590000.usb: probed
[    2.432969] renesas_usbhs e659c000.usb: host probed
[    2.437864] renesas_usbhs e659c000.usb: no transceiver found
[    2.443579] renesas_usbhs e659c000.usb: gadget probed
[    2.448771] renesas_usbhs e659c000.usb: probed
[    2.455689] i2c /dev entries driver
[    2.470276] cs2000-cp 2-004f: revision - C1
[    2.474523] i2c-rcar e6510000.i2c: probed
[    2.479352] pca953x 4-0020: supply vcc not found, using dummy regulator
[    2.486051] pca953x 4-0020: using no AI
[    2.490704] gpio-355 (PCIE/SATA switch): hogged as output/low
[    2.502983] i2c-rcar e66d8000.i2c: probed
[    2.508282] adv748x 4-0070: Endpoint /soc/i2c@e66d8000/video-receiver@70/port@7/endpoint on port 7
[    2.517267] adv748x 4-0070: Endpoint /soc/i2c@e66d8000/video-receiver@70/port@8/endpoint on port 8
[    2.526240] adv748x 4-0070: Endpoint /soc/i2c@e66d8000/video-receiver@70/port@a/endpoint on port 10
[    2.535304] adv748x 4-0070: Endpoint /soc/i2c@e66d8000/video-receiver@70/port@b/endpoint on port 11
[    2.544687] adv748x 4-0070: chip found @ 0xe0 revision 2143
[    2.598304] rcar-csi2 fea80000.csi2: 1 lanes found
[    2.603439] rcar-csi2 feaa0000.csi2: 4 lanes found
[    2.613035] rcar-vin e6ef0000.video: Device registered as video0
[    2.619116] rcar-vin e6ef1000.video: Device registered as video1
[    2.625196] rcar-vin e6ef2000.video: Device registered as video2
[    2.631288] rcar-vin e6ef3000.video: Device registered as video3
[    2.637365] rcar-vin e6ef4000.video: Device registered as video4
[    2.643443] rcar-vin e6ef5000.video: Device registered as video5
[    2.649519] rcar-vin e6ef6000.video: Device registered as video6
[    2.655596] rcar-vin e6ef7000.video: Device registered as video7
[    2.664265] rcar_gen3_thermal e6198000.thermal: is using pseudo fixed FUSE values
[    2.676463] rcar_gen3_thermal e6198000.thermal: TSC0: Loaded 1 trip points
[    2.687695] rcar_gen3_thermal e6198000.thermal: TSC1: Loaded 1 trip points
[    2.698835] rcar_gen3_thermal e6198000.thermal: TSC2: Loaded 3 trip points
[    2.710928] sdhci: Secure Digital Host Controller Interface driver
[    2.717121] sdhci: Copyright(c) Pierre Ossman
[    2.722296] Synopsys Designware Multimedia Card Interface Driver
[    2.722591] renesas_sdhi_internal_dmac ee140000.mmc: Adding to iommu group 0
[    2.722707] renesas_sdhi_internal_dmac ee100000.mmc: Got CD GPIO
[    2.722711] renesas_sdhi_internal_dmac ee160000.mmc: Got CD GPIO
[    2.722727] renesas_sdhi_internal_dmac ee100000.mmc: Got WP GPIO
[    2.722732] renesas_sdhi_internal_dmac ee160000.mmc: Got WP GPIO
[    2.729666] sdhci-pltfm: SDHCI platform and OF driver helper
[    2.735389] renesas_sdhi_internal_dmac ee140000.mmc: Using IPMMU context 1
[    2.772753] ledtrig-cpu: registered to indicate activity on CPUs
[    2.779793] SMCCC: SOC_ID: ARCH_SOC_ID not implemented, skipping ....
[    2.786817] usbcore: registered new interface driver usbhid
[    2.792394] usbhid: USB HID core driver
[    2.800014] optee: probing for conduit method.
[    2.804482] optee: revision 3.22 (314ecf9d)
[    2.804649] optee driver R-Car Rev.1.0.11
[    2.813053] optee: dynamic shared memory is enabled
[    2.818205] optee: initialized driver
[    2.820915] renesas_sdhi_internal_dmac ee140000.mmc: mmc0 base at 0x00000000ee140000, max clock rate 200 MHz
[    2.833228] rcar_sound ec500000.sound: probed
[    2.838282] NET: Registered protocol family 17
[    2.842844] 9pnet: Installing 9P2000 support
[    2.847162] Key type dns_resolver registered
[    2.851678] registered taskstats version 1
[    2.855786] Loading compiled-in X.509 certificates
[    2.870496] thermal emergency: set temperature to 110 celsius
[    2.876441] thermal emergency: shutdown target cpus 1-7
[    2.881668] thermal emergency: freq scaled target cpus 0
[    2.887361] renesas_irqc e61c0000.interrupt-controller: driving 6 irqs
[    2.904136] mmc0: new HS400 MMC card at address 0001
[    2.909774] mmcblk0: mmc0:0001 BGSD3R 29.1 GiB 
[    2.914710] mmcblk0boot0: mmc0:0001 BGSD3R partition 1 16.0 MiB
[    2.921023] mmcblk0boot1: mmc0:0001 BGSD3R partition 2 16.0 MiB
[    2.927153] mmcblk0rpmb: mmc0:0001 BGSD3R partition 3 4.00 MiB, chardev (509:0)
[    2.935982]  mmcblk0: p1
[    2.941781] ehci-platform ee080100.usb: EHCI Host Controller
[    2.947468] ehci-platform ee080100.usb: new USB bus registered, assigned bus number 7
[    2.955372] ehci-platform ee080100.usb: irq 174, io mem 0xee080100
[    2.973756] ehci-platform ee080100.usb: USB 2.0 started, EHCI 1.10
[    2.980415] hub 7-0:1.0: USB hub found
[    2.984188] hub 7-0:1.0: 1 port detected
[    2.989696] ohci-platform ee080000.usb: Generic Platform OHCI controller
[    2.996419] ohci-platform ee080000.usb: new USB bus registered, assigned bus number 8
[    3.004328] ohci-platform ee080000.usb: irq 174, io mem 0xee080000
[    3.100325] hub 8-0:1.0: USB hub found
[    3.104099] hub 8-0:1.0: 1 port detected
[    3.109375] cpu cpu0: EM: created perf domain
[    3.114291] cpu cpu4: EM: created perf domain
[    3.123727] renesas_sdhi_internal_dmac ee160000.mmc: Got CD GPIO
[    3.123764] renesas_sdhi_internal_dmac ee100000.mmc: Got CD GPIO
[    3.126310] [drm] Initialized rcar-du 1.0.0 20130110 for feb00000.display on minor 0
[    3.126313] [drm] Device feb00000.display probed
[    3.129784] renesas_sdhi_internal_dmac ee160000.mmc: Got WP GPIO
[    3.135818] renesas_sdhi_internal_dmac ee100000.mmc: Got WP GPIO
[    3.191342] renesas_sdhi_internal_dmac ee160000.mmc: mmc2 base at 0x00000000ee160000, max clock rate 200 MHz
[    3.198804] Console: switching to colour frame buffer device 128x48
[    3.207062] renesas_sdhi_internal_dmac ee100000.mmc: mmc1 base at 0x00000000ee100000, max clock rate 200 MHz
[    3.242683] rcar-du feb00000.display: [drm] fb0: rcar-dudrmfb frame buffer device
[    3.255212] input: keys as /devices/platform/keys/input/input0
[    3.337191] Micrel KSZ9031 Gigabit PHY e6800000.ethernet-ffffffff:00: attached PHY driver [Micrel KSZ9031 Gigabit PHY] (mii_bus:phy_addr=e6800000.ethernet-ffffffff:00, irq=183)
[   10.252221] ravb e6800000.ethernet eth0: Link is Up - 1Gbps/Full - flow control off
[   10.277791] IP-Config: Guessing netmask 255.255.255.0
[   10.282951] IP-Config: Complete:
[   10.286264]      device=eth0, hwaddr=2e:09:0a:03:84:20, ipaddr=192.168.10.104, mask=255.255.255.0, gw=255.255.255.255
[   10.297074]      host=192.168.10.104, domain=, nis-domain=(none)
[   10.303233]      bootserver=255.255.255.255, rootserver=192.168.10.98, rootpath=
[   10.303857] ALSA device list:
[   10.314468]   No soundcards found.
[   11.367242] VFS: Mounted root (nfs4 filesystem) on device 0:22.
[   11.374396] devtmpfs: mounted
[   11.380997] Freeing unused kernel memory: 6080K
[   11.413908] Run /sbin/init as init process
[   11.611463] systemd[1]: System time before build time, advancing clock.
[   11.956446] NET: Registered protocol family 10
[   11.964731] Segment Routing with IPv6
[   11.990379] systemd[1]: systemd 244 running in system mode. (+PAM -AUDIT -SELINUX +IMA -APPARMOR -SMACK +SYSVINIT +UTMP -LIBCRYPTSETUP -GCRYPT -GNUTLS +ACL +XZ -LZ4 -SECCOMP +BLKID -ELFUTILS +KMOD -IDN2 -IDN -PCRE2 default-hierarchy=hybrid)
[   12.018018] systemd[1]: Detected architecture arm64.

Welcome to [1mPoky (Yocto Project Reference Distro) 3.1.11 (dunfell)[0m!

[   12.051752] systemd[1]: Set hostname to <salvator-x>.
[   12.885305] random: systemd: uninitialized urandom read (16 bytes read)
[   12.896559] systemd[1]: system-getty.slice: unit configures an IP firewall, but the local system does not support BPF/cgroup firewalling.
[   12.913807] random: crng init done
[   12.917605] systemd[1]: (This warning is only shown for the first unit using IP firewalling.)
[   12.937310] systemd[1]: Created slice system-getty.slice.
[[0;32m  OK  [0m] Created slice [0;1;39msystem-getty.slice[0m.
[   12.958781] systemd[1]: Created slice system-serial\x2dgetty.slice.
[[0;32m  OK  [0m] Created slice [0;1;39msystem-serial\x2dgetty.slice[0m.
[   12.982608] systemd[1]: Created slice User and Session Slice.
[[0;32m  OK  [0m] Created slice [0;1;39mUser and Session Slice[0m.
[   13.006233] systemd[1]: Started Dispatch Password Requests to Console Directory Watch.
[[0;32m  OK  [0m] Started [0;1;39mDispatch Password â€¦ts to Console Directory Watch[0m.
[   13.034112] systemd[1]: Started Forward Password Requests to Wall Directory Watch.
[[0;32m  OK  [0m] Started [0;1;39mForward Password Râ€¦uests to Wall Directory Watch[0m.
[   13.062077] systemd[1]: Reached target Paths.
[[0;32m  OK  [0m] Reached target [0;1;39mPaths[0m.
[   13.085927] systemd[1]: Reached target Remote File Systems.
[[0;32m  OK  [0m] Reached target [0;1;39mRemote File Systems[0m.
[   13.109899] systemd[1]: Reached target Slices.
[[0;32m  OK  [0m] Reached target [0;1;39mSlices[0m.
[   13.133930] systemd[1]: Reached target Swap.
[[0;32m  OK  [0m] Reached target [0;1;39mSwap[0m.
[   13.160711] systemd[1]: Listening on RPCbind Server Activation Socket.
[[0;32m  OK  [0m] Listening on [0;1;39mRPCbind Server Activation Socket[0m.
[   13.190000] systemd[1]: Reached target RPC Port Mapper.
[[0;32m  OK  [0m] Reached target [0;1;39mRPC Port Mapper[0m.
[   13.214278] systemd[1]: Listening on initctl Compatibility Named Pipe.
[[0;32m  OK  [0m] Listening on [0;1;39minitctl Compatibility Named Pipe[0m.
[   13.244152] systemd[1]: Listening on Journal Audit Socket.
[[0;32m  OK  [0m] Listening on [0;1;39mJournal Audit Socket[0m.
[   13.271765] systemd[1]: Listening on Journal Socket (/dev/log).
[[0;32m  OK  [0m] Listening on [0;1;39mJournal Socket (/dev/log)[0m.
[   13.298594] systemd[1]: Listening on Journal Socket.
[[0;32m  OK  [0m] Listening on [0;1;39mJournal Socket[0m.
[   13.323689] systemd[1]: Listening on Network Service Netlink Socket.
[[0;32m  OK  [0m] Listening on [0;1;39mNetwork Service Netlink Socket[0m.
[   13.352562] systemd[1]: Listening on udev Control Socket.
[[0;32m  OK  [0m] Listening on [0;1;39mudev Control Socket[0m.
[   13.378402] systemd[1]: Listening on udev Kernel Socket.
[[0;32m  OK  [0m] Listening on [0;1;39mudev Kernel Socket[0m.
[   13.407419] systemd[1]: Mounting Huge Pages File System...
         Mounting [0;1;39mHuge Pages File System[0m...
[   13.435173] systemd[1]: Mounting POSIX Message Queue File System...
         Mounting [0;1;39mPOSIX Message Queue File System[0m...
[   13.467120] systemd[1]: Mounting Kernel Debug File System...
         Mounting [0;1;39mKernel Debug File System[0m...
[   13.497065] systemd[1]: Mounting Temporary Directory (/tmp)...
         Mounting [0;1;39mTemporary Directory (/tmp)[0m...
[   13.527976] systemd[1]: Starting Create list of static device nodes for the current kernel...
         Starting [0;1;39mCreate list of stâ€¦odes for the current kernel[0m...
[   13.563057] systemd[1]: Starting Start psplash boot splash screen...
         Starting [0;1;39mStart psplash boot splash screen[0m...
[   13.596938] systemd[1]: Starting RPC Bind...
         Starting [0;1;39mRPC Bind[0m...
[   13.621029] systemd[1]: Condition check resulted in File System Check on Root Device being skipped.
[   13.635675] systemd[1]: Starting Journal Service...
         Starting [0;1;39mJournal Service[0m...
[   13.662711] systemd[1]: Starting Load Kernel Modules...
         Starting [0;1;39mLoad Kernel Modules[0m...
[   13.686971] systemd[1]: Starting Remount Root and Kernel File Systems...
         Starting [0;1;39mRemount Root and Kernel File Systems[0m...
[   13.714773] systemd[1]: Starting udev Coldplug all Devices...
         Starting [0;1;39mudev Coldplug all Devices[0m...
[   13.741147] systemd[1]: Started Start psplash boot splash screen.
[[0;32m  OK  [0m] Started [0;1;39mStart psplash boot splash screen[0m.
[   13.766221] systemd[1]: Started RPC Bind.
[[0;32m  OK  [0m] Started [0;1;39mRPC Bind[0m.
[   13.786509] systemd[1]: Started Journal Service.
[[0;32m  OK  [0m] Started [0;1;39mJournal Service[0m.
[[0;32m  OK  [0m] Mounted [0;1;39mHuge Pages File System[0m.
[[0;32m  OK  [0m] Mounted [0;1;39mPOSIX Message Queue File System[0m.
[[0;32m  OK  [0m] Mounted [0;1;39mKernel Debug File System[0m.
[[0;32m  OK  [0m] Mounted [0;1;39mTemporary Directory (/tmp)[0m.
[[0;32m  OK  [0m] Started [0;1;39mCreate list of staâ€¦ nodes for the current kernel[0m.
[[0;32m  OK  [0m] Started [0;1;39mLoad Kernel Modules[0m.
[[0;32m  OK  [0m] Started [0;1;39mRemount Root and Kernel File Systems[0m.
         Mounting [0;1;39mKernel Configuration File System[0m...
[[0;32m  OK  [0m] Started [0;1;39mStart psplash-systâ€¦progress communication helper[0m.
         Starting [0;1;39mFlush Journal to Persistent Storage[0m...
[   14.019700] systemd-journald[340]: Received client request to flush runtime journal.
         Starting [0;1;39mApply Kernel Variables[0m...
         Starting [0;1;39mCreate Static Device Nodes in /dev[0m...
[[0;32m  OK  [0m] Mounted [0;1;39mKernel Configuration File System[0m.
[[0;32m  OK  [0m] Started [0;1;39mFlush Journal to Persistent Storage[0m.
[[0;32m  OK  [0m] Started [0;1;39mApply Kernel Variables[0m.
[[0;32m  OK  [0m] Started [0;1;39mCreate Static Device Nodes in /dev[0m.
[[0;32m  OK  [0m] Reached target [0;1;39mLocal File Systems (Pre)[0m.
         Mounting [0;1;39m/var/volatile[0m...
         Starting [0;1;39mudev Kernel Device Manager[0m...
[[0;32m  OK  [0m] Started [0;1;39mudev Coldplug all Devices[0m.
[[0;32m  OK  [0m] Mounted [0;1;39m/var/volatile[0m.
         Starting [0;1;39mLoad/Save Random Seed[0m...
[[0;32m  OK  [0m] Reached target [0;1;39mLocal File Systems[0m.
         Starting [0;1;39mCreate Volatile Files and Directories[0m...
[[0;32m  OK  [0m] Started [0;1;39mLoad/Save Random Seed[0m.
[[0;32m  OK  [0m] Started [0;1;39mudev Kernel Device Manager[0m.
         Starting [0;1;39mNetwork Service[0m...
[[0;32m  OK  [0m] Started [0;1;39mCreate Volatile Files and Directories[0m.
         Starting [0;1;39mNetwork Time Synchronization[0m...
         Starting [0;1;39mUpdate UTMP about System Boot/Shutdown[0m...
[[0;32m  OK  [0m] Started [0;1;39mNetwork Service[0m.
         Starting [0;1;39mNetwork Name Resolution[0m...
[[0;32m  OK  [0m] Started [0;1;39mUpdate UTMP about System Boot/Shutdown[0m.
[[0;32m  OK  [0m] Started [0;1;39mNetwork Time Synchronization[0m.
[[0;32m  OK  [0m] Reached target [0;1;39mSystem Initialization[0m.
[[0;32m  OK  [0m] Started [0;1;39mDaily Cleanup of Temporary Directories[0m.
[[0;32m  OK  [0m] Reached target [0;1;39mSystem Time Set[0m.
[[0;32m  OK  [0m] Reached target [0;1;39mSyst[   14.665568] pwm-backlight: probe of backlight failed with error -16
em Time Synchronized[0m.
[[0;32m  OK  [0m] Reached target [0;1;39mTimers[0m.
[   14.699283] at24 7-0050: supply vcc not found, using dummy regulator
[   14.708369] at24 7-0050: 128 byte br24t01 EEPROM, writable, 8 bytes/write
[[0;32m  OK  [0m] Listening on [0;1;39mAvahi mDNS/DNS-SD Stack Activation Socket[0m.
[[0;32m  OK  [0m] Listening on [0;1;39mD-Bus System Message Bus Socket[0m.
[[0;32m  OK  [0m] Listening on [0;1;39mdropbear.socket[0m.
[[0;32m  OK  [0m] Reached target [0;1;39mSockets[0m.
[[0;32m  OK  [0m] Reached target [0;1;39mBasic System[0m.
[   14.819603] ccree e6601000.crypto: ARM CryptoCell 630P Driver: HW version 0xAF400001/0xDCC63000, Driver version 5.0
[[0;32m  OK  [0m] Started [0;1;39mD-Bus System Message Bus[0m.
[   14.847440] renesas_usb3 ee020000.usb: probed with phy
[[0;32m  OK  [0m] Started [0;1;39moptee services[0m.
[   14.868992] ccree e6601000.crypto: ARM ccree device initialized
         Starting [0;1;39mpvrinit.service[0m...
         Starting [0;1;39mPowerVR consumer services[0m...
         Starting [0;1;39mLogin Service[0m...
[[0;32m  OK  [0m] Started [0;1;39mNetwork Name Resolution[0m.
[   14.992632] xhci-hcd ee000000.usb: xHCI Host Controller
[   14.998200] xhci-hcd ee000000.usb: new USB bus registered, assigned bus number 9
[   15.021707] xhci-hcd ee000000.usb: hcc params 0x014051ce hci version 0x100 quirks 0x0000000000830410
[   15.030948] xhci-hcd ee000000.usb: irq 172, io mem 0xee000000
[   15.036910] xhci-hcd ee000000.usb: xHCI Host Controller
[   15.042197] xhci-hcd ee000000.usb: new USB bus registered, assigned bus number 10
[   15.049723] xhci-hcd ee000000.usb: Host supports USB 3.0 SuperSpeed
[[0;32m  OK  [0m] Crea[   15.057042] hub 9-0:1.0: USB hub found
ted slice [0;1;39msystem-weston[   15.063391] hub 9-0:1.0: 1 port detected
.slice[0m.
[   15.074028] usb usb10: We don't know the algorithms for LPM for this host, disabling LPM.
[   15.082766] hub 10-0:1.0: USB hub found
[[0;32m  OK  [0m] Reac[   15.088276] hub 10-0:1.0: 1 port detected
hed target [0;1;39mNetwork[0m.
[[0;32m  OK  [0m] Reached target [0;1;39mHost and Network Name Lookups[0m.
[[0;32m  OK  [0m] Reached target [0;1;39mHardware activated USB gadget[0m.
         Starting [0;1;39mAvahi mDNS/DNS-SD Stack[0m...
         Starting [0;1;39mPermit User Sessions[0m...
[[0;32m  OK  [0m] Started [0;1;39mXinetd A Powerful Replacement For Inetd[0m.
[[0;1;31mFAILED[0m] Failed to start [0;1;39mpvrinit.service[0m.
See 'systemctl status pvrinit.service' for details.
[[0;1;31mFAILED[0m] Failed to start [0;1;39mPowerVR consumer services[0m.
See 'systemctl status rc.pvr.service' for details.
[[0;1;38;5;185mDEPEND[0m] Dependency failed for [0;1;39mWeston Wayland Compositor[0m.
[[0;32m  OK  [0m] Started [0;1;39mPermit User Sessions[0m.
[[0;32m  OK  [0m] Started [0;1;39mLogin Service[0m.
[[0;32m  OK  [0m] Started [0;1;39mAvahi mDNS/DNS-SD Stack[0m.
[[0;32m  OK  [0m] Started [0;1;39mGetty on tty1[0m.
[[0;32m  OK  [0m] Started [0;1;39mSerial Getty on ttySC0[0m.
[[0;32m  OK  [0m] Reached target [0;1;39mLogin Prompts[0m.
         Starting [0;1;39mset_default_governor.service[0m...
[   15.538506] rd 0-7: Disabling EAS, schedutil is mandatory
[[0;32m  OK  [0m] Started [0;1;39mset_default_governor.service[0m.
[[0;32m  OK  [0m] Reached target [0;1;39mMulti-User System[0m.
         Starting [0;1;39mUpdate UTMP about System Runlevel Changes[0m...
[[0;32m  OK  [0m] Started [0;1;39mUpdate UTMP about System Runlevel Changes[0m.
[   15.662448] usb 10-1: new SuperSpeed Gen 1 USB device number 2 using xhci-hcd
[   15.695361] usb-storage 10-1:1.0: USB Mass Storage device detected
[   15.702082] scsi host1: usb-storage 10-1:1.0


Poky (Yocto Project Reference Distro) 3.1.11 salvator-x ttySC0

salvator-x login: [   16.735671] scsi 1:0:0:0: Direct-Access     SanDisk  Ultra            1.00 PQ: 0 ANSI: 6
[   16.745454] sd 1:0:0:0: [sda] 121307136 512-byte logical blocks: (62.1 GB/57.8 GiB)
[   16.754564] sd 1:0:0:0: [sda] Write Protect is off
[   16.760092] sd 1:0:0:0: [sda] Write cache: disabled, read cache: enabled, doesn't support DPO or FUA
[   16.822001]  sda: sda1
[   16.827723] sd 1:0:0:0: [sda] Attached SCSI removable disk


salvator-x login: root

[   17.661436] audit: type=1006 audit(1703064538.044:2): pid=521 uid=0 old-auid=4294967295 auid=0 tty=(none) old-ses=4294967295 ses=1 res=1
7[r[999;999H[6n8root@salvator-x:~# 
root@salvator-x:~# 
root@salvator-x:~# 
root@salvator-x:~# 
root@salvator-x:~# 
root@salvator-x:~# 
root@salvator-x:~# 
root@salvator-x:~# 
root@salvator-x:~# 
root@salvator-x:~# find /sys/devices/platform/soc/ee000000.usb/ -name 'sd*'
/sys/devices/platform/soc/ee000000.usb/usb10/10-1/10-1:1.0/host1/target1:0:0/1:0:0:0/block/sda
/sys/devices/platform/soc/ee000000.usb/usb10/10-1/10-1:1.0/host1/target1:0:0/1:0:0:0/block/sda/sda1
root@salvator-x:~# 
root@salvator-x:~# cd ~/usb3h_test
root@salvator-x:~/usb3h_test# 
root@salvator-x:~/usb3h_test# mkdir -p /mnt/usbfm
root@salvator-x:~/usb3h_test# 
root@salvator-x:~/usb3h_test# mount /dev/sda1 /mnt/usbfm
mount: /mnt/usbfm: wrong fs type, bad option, bad superblock on /dev/sda1, missing codepage or helper program, or other error.
root@salvator-x:~/usb3h_test# 
root@salvator-x:~/usb3h_test# taskset -c 0 ./fm2.sh &
[1] 534
root@salvator-x:~/usb3h_test# 
root@salvator-x:~/usb3h_test# 1+0 records in
1+0 records out
10485760 bytes (10 MB, 10 MiB) copied, 0.240574 s, 43.6 MB/s
1+0 records in
1+0 records out
10485760 bytes (10 MB, 10 MiB) copied, 0.0126917 s, 826 MB/s
taskset -c 1 ./fm2_2.sh & taskset -c 2 ./fm2_3.sh &
& taskset -c 3 ./fm1.sh
[2] 542
[3] 543
1+0 records in
1+0 records out
10485760 bytes (10 MB, 10 MiB) copied, 0.238537 s, 44.0 MB/s
0+0 records in
0+0 records out
0 bytes copied, 0.0184143 s, 0.0 kB/s
10+0 records in
10+0 records out
10485760 bytes (10 MB, 10 MiB) copied, 0.399447 s, 26.3 MB/s
1+0 records in
1+0 records out
1+0 records in
1+0 records out
10485760 bytes (10 MB, 10 MiB) copied, 0.364897 s, 28.7 MB/s10485760 bytes (10 MB, 10 MiB) copied, 0.364902 s, 28.7 MB/s

0+0 records in
0+0 records out
0 bytes copied, 0.00873594 s, 0.0 kB/s
0+0 records in
0+0 records out
0 bytes copied, 0.00885144 s, 0.0 kB/s
1+0 records in
1+0 records out
10485760 bytes (10 MB, 10 MiB) copied, 0.34034 s, 30.8 MB/s
0+0 records in
0+0 records out
0 bytes copied, 0.00228305 s, 0.0 kB/s
10+0 records in
10+0 records out
10485760 bytes (10 MB, 10 MiB) copied, 0.416491 s, 25.2 MB/s
1+0 records in
1+0 records out
10485760 bytes (10 MB, 10 MiB) copied, 0.17145 s, 61.2 MB/s
1+0 records in
1+0 records out
10485760 bytes (10 MB, 10 MiB) copied, 0.0173773 s, 603 MB/s
1+0 records in
1+0 records out
10485760 bytes (10 MB, 10 MiB) copied, 0.508938 s, 20.6 MB/s
0+0 records in
0+0 records out
0 bytes copied, 0.0197288 s, 0.0 kB/s
10+0 records in
10+0 records out
10485760 bytes (10 MB, 10 MiB) copied, 0.383165 s, 27.4 MB/s
1+0 records in
1+0 records out
10485760 bytes (10 MB, 10 MiB) copied, 0.359828 s, 29.1 MB/s
10+0 records in
10+0 records out
10485760 bytes (10 MB, 10 MiB) copied, 0.487039 s, 21.5 MB/s
1+0 records in
1+0 records out
10485760 bytes (10 MB, 10 MiB) copied, 0.649114 s, 16.2 MB/s
0+0 records in
0+0 records out
0 bytes copied, 0.00527332 s, 0.0 kB/s
0+0 records in
0+0 records out
0 bytes copied, 0.294005 s, 0.0 kB/s
[   41.949839] SDHI0 VccQ: disabling
[   41.953283] SDHI3 VccQ: disabling
1+0 records in
1+0 records out
10485760 bytes (10 MB, 10 MiB) copied, 0.214602 s, 48.9 MB/s
0+0 records in
0+0 records out
0 bytes copied, 0.0178657 s, 0.0 kB/s
1+0 records in
1+0 records out
10485760 bytes (10 MB, 10 MiB) copied, 0.386593 s, 27.1 MB/s
1+0 records in
1+0 records out
10485760 bytes (10 MB, 10 MiB) copied, 0.0137744 s, 761 MB/s
10+0 records in
10+0 records out
10485760 bytes (10 MB, 10 MiB) copied, 0.786124 s, 13.3 MB/s
1+0 records in
1+0 records out
10485760 bytes (10 MB, 10 MiB) copied, 0.526824 s, 19.9 MB/s
0+0 records in
0+0 records out
0 bytes copied, 0.00667993 s, 0.0 kB/s
1+0 records in
1+0 records out
10485760 bytes (10 MB, 10 MiB) copied, 0.245605 s, 42.7 MB/s
1+0 records in
1+0 records out
10485760 bytes (10 MB, 10 MiB) copied, 0.246984 s, 42.5 MB/s
0+0 records in
0+0 records out
0 bytes copied, 0.0104252 s, 0.0 kB/s
0+0 records in
0+0 records out
0 bytes copied, 0.0186851 s, 0.0 kB/s
1+0 records in
1+0 records out
10485760 bytes (10 MB, 10 MiB) copied, 0.43915 s, 23.9 MB/s
10+0 records in
10+0 records out
10485760 bytes (10 MB, 10 MiB) copied, 0.741736 s, 14.1 MB/s
0+0 records in
0+0 records out
0 bytes copied, 0.00833317 s, 0.0 kB/s
1+0 records in
1+0 records out
10485760 bytes (10 MB, 10 MiB) copied, 0.173721 s, 60.4 MB/s
1+0 records in
1+0 records out
10485760 bytes (10 MB, 10 MiB) copied, 0.0161623 s, 649 MB/s
1+0 records in
1+0 records out
10485760 bytes (10 MB, 10 MiB) copied, 0.351052 s, 29.9 MB/s
0+0 records in
0+0 records out
0 bytes copied, 0.0173703 s, 0.0 kB/s
1+0 records in
1+0 records out
10485760 bytes (10 MB, 10 MiB) copied, 0.202812 s, 51.7 MB/s
1+0 records in
1+0 records out
10485760 bytes (10 MB, 10 MiB) copied, 0.0572155 s, 183 MB/s
1+0 records in
1+0 records out
10485760 bytes (10 MB, 10 MiB) copied, 0.56106 s, 18.7 MB/s
10+0 records in
10+0 records out
10485760 bytes (10 MB, 10 MiB) copied, 0.837319 s, 12.5 MB/s
0+0 records in
0+0 records out
0 bytes copied, 0.016965 s, 0.0 kB/s
5 sec passed by  fm2
1+0 records in
1+0 records out
1+0 records in
1+0 records out
10485760 bytes (10 MB, 10 MiB) copied, 0.286813 s, 36.6 MB/s10485760 bytes (10 MB, 10 MiB) copied, 0.286835 s, 36.6 MB/s

0+0 records in
0+0 records out
0 bytes copied, 0.00786731 s, 0.0 kB/s
0+0 records in
0+0 records out
0 bytes copied, 0.0157867 s, 0.0 kB/s
1+0 records in
1+0 records out
10485760 bytes (10 MB, 10 MiB) copied, 0.234639 s, 44.7 MB/s
0+0 records in
0+0 records out
0 bytes copied, 0.00602801 s, 0.0 kB/s
10+0 records in
10+0 records out
10485760 bytes (10 MB, 10 MiB) copied, 0.874921 s, 12.0 MB/s
1+0 records in
1+0 records out
10485760 bytes (10 MB, 10 MiB) copied, 0.359048 s, 29.2 MB/s
1+0 records in
1+0 records out
10485760 bytes (10 MB, 10 MiB) copied, 0.0138941 s, 755 MB/s
5 sec passed by  fm2_2
5 sec passed by  fm1
1+0 records in
1+0 records out
10485760 bytes (10 MB, 10 MiB) copied, 0.490342 s, 21.4 MB/s
0+0 records in
0+0 records out
0 bytes copied, 0.0202683 s, 0.0 kB/s
5 sec passed by  fm2_3
1+0 records in
1+0 records out
10485760 bytes (10 MB, 10 MiB) copied, 0.223889 s, 46.8 MB/s
1+0 records in
1+0 records out
10485760 bytes (10 MB, 10 MiB) copied, 0.014585 s, 719 MB/s
1+0 records in
1+0 records out
10485760 bytes (10 MB, 10 MiB) copied, 0.439942 s, 23.8 MB/s
0+0 records in
0+0 records out
0 bytes copied, 0.00711478 s, 0.0 kB/s
10+0 records in
10+0 records out
10485760 bytes (10 MB, 10 MiB) copied, 0.797637 s, 13.1 MB/s
1+0 records in
1+0 records out
1+0 records in
1+0 records out
10485760 bytes (10 MB, 10 MiB) copied, 0.309479 s, 33.9 MB/s10485760 bytes (10 MB, 10 MiB) copied, 0.309475 s, 33.9 MB/s

0+0 records in
0+0 records out
0 bytes copied, 0.014849 s, 0.0 kB/s
0+0 records in
0+0 records out
0 bytes copied, 0.0169462 s, 0.0 kB/s
1+0 records in
1+0 records out
1+0 records in
1+0 records out
10485760 bytes (10 MB, 10 MiB) copied, 0.265863 s, 39.4 MB/s10485760 bytes (10 MB, 10 MiB) copied, 0.269778 s, 38.9 MB/s

1+0 records in
1+0 records out
10485760 bytes (10 MB, 10 MiB) copied, 0.0198108 s, 529 MB/s
1+0 records in
1+0 records out
10485760 bytes (10 MB, 10 MiB) copied, 0.0254109 s, 413 MB/s
1+0 records in
1+0 records out
10485760 bytes (10 MB, 10 MiB) copied, 0.741315 s, 14.1 MB/s
0+0 records in
0+0 records out
0 bytes copied, 0.0120216 s, 0.0 kB/s
10+0 records in
10+0 records out
10485760 bytes (10 MB, 10 MiB) copied, 0.782821 s, 13.4 MB/s
1+0 records in
1+0 records out
10485760 bytes (10 MB, 10 MiB) copied, 0.183779 s, 57.1 MB/s
1+0 records in
1+0 records out
10485760 bytes (10 MB, 10 MiB) copied, 0.0153782 s, 682 MB/s
1+0 records in
1+0 records out
10485760 bytes (10 MB, 10 MiB) copied, 0.385758 s, 27.2 MB/s
0+0 records in
0+0 records out
0 bytes copied, 0.0158231 s, 0.0 kB/s
1+0 records in
1+0 records out
10485760 bytes (10 MB, 10 MiB) copied, 0.254796 s, 41.2 MB/s
1+0 records in
1+0 records out
10485760 bytes (10 MB, 10 MiB) copied, 0.0138697 s, 756 MB/s
1+0 records in
1+0 records out
10485760 bytes (10 MB, 10 MiB) copied, 0.452822 s, 23.2 MB/s
10+0 records in
10+0 records out
10485760 bytes (10 MB, 10 MiB) copied, 0.910721 s, 11.5 MB/s
1+0 records in
1+0 records out
10485760 bytes (10 MB, 10 MiB) copied, 0.240315 s, 43.6 MB/s
1+0 records in
1+0 records out
10485760 bytes (10 MB, 10 MiB) copied, 0.0157905 s, 664 MB/s
1+0 records in
1+0 records out
10485760 bytes (10 MB, 10 MiB) copied, 0.289933 s, 36.2 MB/s
1+0 records in
1+0 records out
10485760 bytes (10 MB, 10 MiB) copied, 0.5129 s, 20.4 MB/s
0+0 records in
0+0 records out
0 bytes copied, 0.0143125 s, 0.0 kB/s
1+0 records in
1+0 records out
10485760 bytes (10 MB, 10 MiB) copied, 0.246873 s, 42.5 MB/s
1+0 records in
1+0 records out
10485760 bytes (10 MB, 10 MiB) copied, 0.0271412 s, 386 MB/s
1+0 records in
1+0 records out
10485760 bytes (10 MB, 10 MiB) copied, 0.594005 s, 17.7 MB/s
0+0 records in
0+0 records out
0 bytes copied, 0.00678029 s, 0.0 kB/s
10 sec passed by  fm2
10+0 records in
10+0 records out
10485760 bytes (10 MB, 10 MiB) copied, 0.916779 s, 11.4 MB/s
1+0 records in
1+0 records out
10485760 bytes (10 MB, 10 MiB) copied, 0.191419 s, 54.8 MB/s
1+0 records in
1+0 records out
10485760 bytes (10 MB, 10 MiB) copied, 0.013576 s, 772 MB/s
1+0 records in
1+0 records out
10485760 bytes (10 MB, 10 MiB) copied, 0.320824 s, 32.7 MB/s
0+0 records in
0+0 records out
0 bytes copied, 0.0206183 s, 0.0 kB/s
1+0 records in
1+0 records out
10485760 bytes (10 MB, 10 MiB) copied, 0.259001 s, 40.5 MB/s
1+0 records in
1+0 records out
10485760 bytes (10 MB, 10 MiB) copied, 0.443106 s, 23.7 MB/s
0+0 records in
0+0 records out
0 bytes copied, 0.016291 s, 0.0 kB/s
0+0 records in
0+0 records out
0 bytes copied, 0.213118 s, 0.0 kB/s
10 sec passed by  fm2_3
10+0 records in
10+0 records out
10485760 bytes (10 MB, 10 MiB) copied, 0.88245 s, 11.9 MB/s
1+0 records in
1+0 records out
10485760 bytes (10 MB, 10 MiB) copied, 0.297009 s, 35.3 MB/s
0+0 records in
0+0 records out
0 bytes copied, 0.0198683 s, 0.0 kB/s
10 sec passed by  fm2_2
1+0 records in
1+0 records out
10485760 bytes (10 MB, 10 MiB) copied, 0.280877 s, 37.3 MB/s
1+0 records in
1+0 records out
10485760 bytes (10 MB, 10 MiB) copied, 0.0174822 s, 600 MB/s
1+0 records in
1+0 records out
10485760 bytes (10 MB, 10 MiB) copied, 0.501122 s, 20.9 MB/s
0+0 records in
0+0 records out
0 bytes copied, 0.0118546 s, 0.0 kB/s
10+0 records in
10+0 records out
10485760 bytes (10 MB, 10 MiB) copied, 0.85861 s, 12.2 MB/s
11 sec passed by  fm1
1+0 records in
1+0 records out
1+0 records in
1+0 records out
10485760 bytes (10 MB, 10 MiB) copied, 0.359362 s, 29.2 MB/s
10485760 bytes (10 MB, 10 MiB) copied, 0.359352 s, 29.2 MB/s
0+0 records in
0+0 records out
0 bytes copied, 0.00919627 s, 0.0 kB/s
0+0 records in
0+0 records out
0 bytes copied, 0.00935036 s, 0.0 kB/s
1+0 records in
1+0 records out
10485760 bytes (10 MB, 10 MiB) copied, 0.301468 s, 34.8 MB/s
0+0 records in
0+0 records out
0 bytes copied, 0.0104805 s, 0.0 kB/s
1+0 records in
1+0 records out
10485760 bytes (10 MB, 10 MiB) copied, 0.268992 s, 39.0 MB/s
1+0 records in
1+0 records out
10485760 bytes (10 MB, 10 MiB) copied, 0.0136326 s, 769 MB/s
1+0 records in
1+0 records out
10485760 bytes (10 MB, 10 MiB) copied, 0.481976 s, 21.8 MB/s
0+0 records in
0+0 records out
0 bytes copied, 0.013635 s, 0.0 kB/s
10+0 records in
10+0 records out
10485760 bytes (10 MB, 10 MiB) copied, 0.815753 s, 12.9 MB/s
1+0 records in
1+0 records out
10485760 bytes (10 MB, 10 MiB) copied, 0.205666 s, 51.0 MB/s
1+0 records in
1+0 records out
10485760 bytes (10 MB, 10 MiB) copied, 0.037501 s, 280 MB/s
1+0 records in
1+0 records out
10485760 bytes (10 MB, 10 MiB) copied, 0.408751 s, 25.7 MB/s
0+0 records in
0+0 records out
0 bytes copied, 0.000759495 s, 0.0 kB/s
1+0 records in
1+0 records out
10485760 bytes (10 MB, 10 MiB) copied, 0.238449 s, 44.0 MB/s
1+0 records in
1+0 records out
10485760 bytes (10 MB, 10 MiB) copied, 0.253309 s, 41.4 MB/s
0+0 records in
0+0 records out
0 bytes copied, 0.0045887 s, 0.0 kB/s
0+0 records in
0+0 records out
0 bytes copied, 0.0301559 s, 0.0 kB/s
10+0 records in
10+0 records out
10485760 bytes (10 MB, 10 MiB) copied, 0.821047 s, 12.8 MB/s
1+0 records in
1+0 records out
10485760 bytes (10 MB, 10 MiB) copied, 0.322696 s, 32.5 MB/s
1+0 records in
1+0 records out
10485760 bytes (10 MB, 10 MiB) copied, 0.239702 s, 43.7 MB/s
1+0 records in
1+0 records out
10485760 bytes (10 MB, 10 MiB) copied, 0.0171379 s, 612 MB/s
1+0 records in
1+0 records out
10485760 bytes (10 MB, 10 MiB) copied, 0.319089 s, 32.9 MB/s
1+0 records in
1+0 records out
10485760 bytes (10 MB, 10 MiB) copied, 0.484845 s, 21.6 MB/s
0+0 records in
0+0 records out
0 bytes copied, 0.0373214 s, 0.0 kB/s
1+0 records in
1+0 records out
10485760 bytes (10 MB, 10 MiB) copied, 0.348178 s, 30.1 MB/s
10+0 records in
10+0 records out
10485760 bytes (10 MB, 10 MiB) copied, 0.919855 s, 11.4 MB/s
1+0 records in
1+0 records out
10485760 bytes (10 MB, 10 MiB) copied, 0.578682 s, 18.1 MB/s
0+0 records in
0+0 records out
0 bytes copied, 0.00169327 s, 0.0 kB/s
0+0 records in
0+0 records out
0 bytes copied, 0.23832 s, 0.0 kB/s
15 sec passed by  fm2
1+0 records in
1+0 records out
10485760 bytes (10 MB, 10 MiB) copied, 0.208451 s, 50.3 MB/s
0+0 records in
0+0 records out
0 bytes copied, 0.0158898 s, 0.0 kB/s
1+0 records in
1+0 records out
10485760 bytes (10 MB, 10 MiB) copied, 0.360516 s, 29.1 MB/s
10+0 records in
10+0 records out
10485760 bytes (10 MB, 10 MiB) copied, 0.760307 s, 13.8 MB/s
1+0 records in
1+0 records out
10485760 bytes (10 MB, 10 MiB) copied, 0.0207782 s, 505 MB/s
1+0 records in
1+0 records out
10485760 bytes (10 MB, 10 MiB) copied, 0.520898 s, 20.1 MB/s
0+0 records in
0+0 records out
0 bytes copied, 0.000714664 s, 0.0 kB/s
1+0 records in
1+0 records out
1+0 records in
1+0 records out
10485760 bytes (10 MB, 10 MiB) copied, 0.244141 s, 42.9 MB/s10485760 bytes (10 MB, 10 MiB) copied, 0.24415 s, 42.9 MB/s

0+0 records in
0+0 records out
0 bytes copied, 0.0122209 s, 0.0 kB/s
0+0 records in
0+0 records out
0 bytes copied, 0.0201483 s, 0.0 kB/s
15 sec passed by  fm2_2
15 sec passed by  fm2_3
1+0 records in
1+0 records out
10485760 bytes (10 MB, 10 MiB) copied, 0.400978 s, 26.2 MB/s
10+0 records in
10+0 records out
10485760 bytes (10 MB, 10 MiB) copied, 0.683797 s, 15.3 MB/s
0+0 records in
0+0 records out
0 bytes copied, 0.0154095 s, 0.0 kB/s
1+0 records in
1+0 records out
10485760 bytes (10 MB, 10 MiB) copied, 0.24044 s, 43.6 MB/s
1+0 records in
1+0 records out
10485760 bytes (10 MB, 10 MiB) copied, 0.241861 s, 43.4 MB/s
0+0 records in
0+0 records out
0 bytes copied, 0.00889014 s, 0.0 kB/s
0+0 records in
0+0 records out
0 bytes copied, 0.0177785 s, 0.0 kB/s
10+0 records in
10+0 records out
10485760 bytes (10 MB, 10 MiB) copied, 0.653772 s, 16.0 MB/s
1+0 records in
1+0 records out
10485760 bytes (10 MB, 10 MiB) copied, 0.426072 s, 24.6 MB/s
16 sec passed by  fm1
0+0 records in
0+0 records out
0 bytes copied, 0.0115706 s, 0.0 kB/s
1+0 records in
1+0 records out
10485760 bytes (10 MB, 10 MiB) copied, 0.201996 s, 51.9 MB/s
1+0 records in
1+0 records out
10485760 bytes (10 MB, 10 MiB) copied, 0.0161135 s, 651 MB/s
1+0 records in
1+0 records out
10485760 bytes (10 MB, 10 MiB) copied, 0.372882 s, 28.1 MB/s
0+0 records in
0+0 records out
0 bytes copied, 0.0271834 s, 0.0 kB/s
1+0 records in
1+0 records out
10485760 bytes (10 MB, 10 MiB) copied, 0.266834 s, 39.3 MB/s
1+0 records in
1+0 records out
10485760 bytes (10 MB, 10 MiB) copied, 0.602371 s, 17.4 MB/s
10+0 records in
10+0 records out
10485760 bytes (10 MB, 10 MiB) copied, 0.963865 s, 10.9 MB/s
0+0 records in
0+0 records out
0 bytes copied, 0.342456 s, 0.0 kB/s
0+0 records in
0+0 records out
0 bytes copied, 0.0179856 s, 0.0 kB/s
1+0 records in
1+0 records out
10485760 bytes (10 MB, 10 MiB) copied, 0.214757 s, 48.8 MB/s
0+0 records in
0+0 records out
0 bytes copied, 0.0196049 s, 0.0 kB/s
1+0 records in
1+0 records out
10485760 bytes (10 MB, 10 MiB) copied, 0.284841 s, 36.8 MB/s
1+0 records in
1+0 records out
10485760 bytes (10 MB, 10 MiB) copied, 0.65137 s, 16.1 MB/s
10+0 records in
10+0 records out
10485760 bytes (10 MB, 10 MiB) copied, 0.896723 s, 11.7 MB/s
0+0 records in
0+0 records out
0 bytes copied, 0.0148537 s, 0.0 kB/s
0+0 records in
0+0 records out
0 bytes copied, 0.365703 s, 0.0 kB/s
1+0 records in
1+0 records out
10485760 bytes (10 MB, 10 MiB) copied, 0.197 s, 53.2 MB/s
0+0 records in
0+0 records out
0 bytes copied, 0.01961 s, 0.0 kB/s
1+0 records in
1+0 records out
10485760 bytes (10 MB, 10 MiB) copied, 0.305285 s, 34.3 MB/s
1+0 records in
1+0 records out
10485760 bytes (10 MB, 10 MiB) copied, 0.749979 s, 14.0 MB/s
10+0 records in
10+0 records out
10485760 bytes (10 MB, 10 MiB) copied, 0.892781 s, 11.7 MB/s
0+0 records in
0+0 records out
0 bytes copied, 0.00733666 s, 0.0 kB/s
0+0 records in
0+0 records out
0 bytes copied, 0.430934 s, 0.0 kB/s
20 sec passed by  fm2
1+0 records in
1+0 records out
10485760 bytes (10 MB, 10 MiB) copied, 0.198175 s, 52.9 MB/s
0+0 records in
0+0 records out
0 bytes copied, 0.0173472 s, 0.0 kB/s
1+0 records in
1+0 records out
10485760 bytes (10 MB, 10 MiB) copied, 0.315533 s, 33.2 MB/s
10+0 records in
10+0 records out
10485760 bytes (10 MB, 10 MiB) copied, 0.702141 s, 14.9 MB/s
1+0 records in
1+0 records out
10485760 bytes (10 MB, 10 MiB) copied, 0.506355 s, 20.7 MB/s
0+0 records in
0+0 records out
0 bytes copied, 0.00781214 s, 0.0 kB/s
0+0 records in
0+0 records out
0 bytes copied, 0.185345 s, 0.0 kB/s
20 sec passed by  fm2_3
20 sec passed by  fm1
1+0 records in
1+0 records out
10485760 bytes (10 MB, 10 MiB) copied, 0.216256 s, 48.5 MB/s
0+0 records in
0+0 records out
0 bytes copied, 0.0198816 s, 0.0 kB/s
20 sec passed by  fm2_2
1+0 records in
1+0 records out
10485760 bytes (10 MB, 10 MiB) copied, 0.173218 s, 60.5 MB/s
1+0 records in
1+0 records out
10485760 bytes (10 MB, 10 MiB) copied, 0.452173 s, 23.2 MB/s
0+0 records in
0+0 records out
0 bytes copied, 0.00525661 s, 0.0 kB/s
0+0 records in
0+0 records out
0 bytes copied, 0.287201 s, 0.0 kB/s
1+0 records in
1+0 records out
10485760 bytes (10 MB, 10 MiB) copied, 0.288717 s, 36.3 MB/s
10+0 records in
10+0 records out
10485760 bytes (10 MB, 10 MiB) copied, 0.923563 s, 11.4 MB/s
0+0 records in
0+0 records out
0 bytes copied, 0.0113903 s, 0.0 kB/s
1+0 records in
1+0 records out
10485760 bytes (10 MB, 10 MiB) copied, 0.22575 s, 46.4 MB/s
1+0 records in
1+0 records out
10485760 bytes (10 MB, 10 MiB) copied, 0.0277834 s, 377 MB/s
1+0 records in
1+0 records out
10485760 bytes (10 MB, 10 MiB) copied, 0.383847 s, 27.3 MB/s
0+0 records in
0+0 records out
0 bytes copied, 0.000660938 s, 0.0 kB/s
1+0 records in
1+0 records out
10485760 bytes (10 MB, 10 MiB) copied, 0.28727 s, 36.5 MB/s
1+0 records in
1+0 records out
10485760 bytes (10 MB, 10 MiB) copied, 0.293186 s, 35.8 MB/s
0+0 records in
0+0 records out
0 bytes copied, 0.00930625 s, 0.0 kB/s
0+0 records in
0+0 records out
0 bytes copied, 0.033902 s, 0.0 kB/s
10+0 records in
10+0 records out
10485760 bytes (10 MB, 10 MiB) copied, 0.938629 s, 11.2 MB/s
1+0 records in
1+0 records out
10485760 bytes (10 MB, 10 MiB) copied, 0.243707 s, 43.0 MB/s
0+0 records in
0+0 records out
0 bytes copied, 0.0111273 s, 0.0 kB/s
1+0 records in
1+0 records out
10485760 bytes (10 MB, 10 MiB) copied, 0.225793 s, 46.4 MB/s
1+0 records in
1+0 records out
10485760 bytes (10 MB, 10 MiB) copied, 0.489952 s, 21.4 MB/s
0+0 records in
0+0 records out
0 bytes copied, 0.00771587 s, 0.0 kB/s
0+0 records in
0+0 records out
0 bytes copied, 0.272228 s, 0.0 kB/s
1+0 records in
1+0 records out
10485760 bytes (10 MB, 10 MiB) copied, 0.312561 s, 33.5 MB/s
0+0 records in
0+0 records out
0 bytes copied, 0.00475841 s, 0.0 kB/s
10+0 records in
10+0 records out
10485760 bytes (10 MB, 10 MiB) copied, 0.916073 s, 11.4 MB/s
1+0 records in
1+0 records out
10485760 bytes (10 MB, 10 MiB) copied, 0.194719 s, 53.9 MB/s
1+0 records in
1+0 records out
10485760 bytes (10 MB, 10 MiB) copied, 0.19597 s, 53.5 MB/s
0+0 records in
0+0 records out
0 bytes copied, 0.0110088 s, 0.0 kB/s
0+0 records in
0+0 records out
0 bytes copied, 0.0147851 s, 0.0 kB/s
1+0 records in
1+0 records out
1+0 records in
1+0 records out
10485760 bytes (10 MB, 10 MiB) copied, 0.31836 s, 32.9 MB/s10485760 bytes (10 MB, 10 MiB) copied, 0.318902 s, 32.9 MB/s

1+0 records in
1+0 records out
1+0 records in
1+0 records out
10485760 bytes (10 MB, 10 MiB) copied, 0.0494841 s, 212 MB/s10485760 bytes (10 MB, 10 MiB) copied, 0.0199525 s, 526 MB/s

10+0 records in
10+0 records out
10485760 bytes (10 MB, 10 MiB) copied, 0.588132 s, 17.8 MB/s
1+0 records in
1+0 records out
10485760 bytes (10 MB, 10 MiB) copied, 0.576493 s, 18.2 MB/s
0+0 records in
0+0 records out
0 bytes copied, 0.0115886 s, 0.0 kB/s
1+0 records in
1+0 records out
10485760 bytes (10 MB, 10 MiB) copied, 0.180275 s, 58.2 MB/s
1+0 records in
1+0 records out
10485760 bytes (10 MB, 10 MiB) copied, 0.523062 s, 20.0 MB/s
0+0 records in
0+0 records out
0 bytes copied, 0.337882 s, 0.0 kB/s
0+0 records in
0+0 records out
0 bytes copied, 0.0139889 s, 0.0 kB/s
1+0 records in
1+0 records out
10485760 bytes (10 MB, 10 MiB) copied, 0.36989 s, 28.3 MB/s
0+0 records in
0+0 records out
0 bytes copied, 0.00814928 s, 0.0 kB/s
10+0 records in
10+0 records out
10485760 bytes (10 MB, 10 MiB) copied, 0.907107 s, 11.6 MB/s
25 sec passed by  fm2
1+0 records in
1+0 records out
10485760 bytes (10 MB, 10 MiB) copied, 0.224642 s, 46.7 MB/s
1+0 records in
1+0 records out
10485760 bytes (10 MB, 10 MiB) copied, 0.225865 s, 46.4 MB/s
0+0 records in
0+0 records out
0 bytes copied, 0.0107327 s, 0.0 kB/s
0+0 records in
0+0 records out
0 bytes copied, 0.0148087 s, 0.0 kB/s
10+0 records in
10+0 records out
10485760 bytes (10 MB, 10 MiB) copied, 0.5106 s, 20.5 MB/s
1+0 records in
1+0 records out
1+0 records in
1+0 records out
10485760 bytes (10 MB, 10 MiB) copied, 0.293241 s, 35.8 MB/s10485760 bytes (10 MB, 10 MiB) copied, 0.274274 s, 38.2 MB/s

1+0 records in
1+0 records out
10485760 bytes (10 MB, 10 MiB) copied, 0.0153633 s, 683 MB/s
25 sec passed by  fm2_3
25 sec passed by  fm1
1+0 records in
1+0 records out
10485760 bytes (10 MB, 10 MiB) copied, 0.0636102 s, 165 MB/s
1+0 records in
1+0 records out
10485760 bytes (10 MB, 10 MiB) copied, 0.684814 s, 15.3 MB/s
0+0 records in
0+0 records out
0 bytes copied, 0.0303411 s, 0.0 kB/s
25 sec passed by  fm2_2
1+0 records in
1+0 records out
10485760 bytes (10 MB, 10 MiB) copied, 0.319954 s, 32.8 MB/s
10+0 records in
10+0 records out
10485760 bytes (10 MB, 10 MiB) copied, 0.846585 s, 12.4 MB/s
1+0 records in
1+0 records out
10485760 bytes (10 MB, 10 MiB) copied, 0.540199 s, 19.4 MB/s
0+0 records in
0+0 records out
0 bytes copied, 0.141245 s, 0.0 kB/s
0+0 records in
0+0 records out
0 bytes copied, 0.00362788 s, 0.0 kB/s
1+0 records in
1+0 records out
10485760 bytes (10 MB, 10 MiB) copied, 0.225866 s, 46.4 MB/s
0+0 records in
0+0 records out
0 bytes copied, 0.0172066 s, 0.0 kB/s
1+0 records in
1+0 records out
10485760 bytes (10 MB, 10 MiB) copied, 0.265346 s, 39.5 MB/s
10+0 records in
10+0 records out
10485760 bytes (10 MB, 10 MiB) copied, 0.774181 s, 13.5 MB/s
1+0 records in
1+0 records out
10485760 bytes (10 MB, 10 MiB) copied, 0.574662 s, 18.2 MB/s
0+0 records in
0+0 records out
0 bytes copied, 0.0120906 s, 0.0 kB/s
0+0 records in
0+0 records out
0 bytes copied, 0.289286 s, 0.0 kB/s
1+0 records in
1+0 records out
10485760 bytes (10 MB, 10 MiB) copied, 0.202282 s, 51.8 MB/s
0+0 records in
0+0 records out
0 bytes copied, 0.0169701 s, 0.0 kB/s
1+0 records in
1+0 records out
10485760 bytes (10 MB, 10 MiB) copied, 0.332419 s, 31.5 MB/s
1+0 records in
1+0 records out
10485760 bytes (10 MB, 10 MiB) copied, 0.688217 s, 15.2 MB/s
10+0 records in
10+0 records out
10485760 bytes (10 MB, 10 MiB) copied, 0.899459 s, 11.7 MB/s
0+0 records in
0+0 records out
0 bytes copied, 0.0120718 s, 0.0 kB/s
0+0 records in
0+0 records out
0 bytes copied, 0.361483 s, 0.0 kB/s
1+0 records in
1+0 records out
10485760 bytes (10 MB, 10 MiB) copied, 0.22507 s, 46.6 MB/s
0+0 records in
0+0 records out
0 bytes copied, 0.0168988 s, 0.0 kB/s
1+0 records in
1+0 records out
10485760 bytes (10 MB, 10 MiB) copied, 0.234547 s, 44.7 MB/s
1+0 records in
1+0 records out
10485760 bytes (10 MB, 10 MiB) copied, 0.0145516 s, 721 MB/s
1+0 records in
1+0 records out
10485760 bytes (10 MB, 10 MiB) copied, 0.483383 s, 21.7 MB/s
1+0 records in
1+0 records out
10485760 bytes (10 MB, 10 MiB) copied, 0.080191 s, 131 MB/s
10+0 records in
10+0 records out
10485760 bytes (10 MB, 10 MiB) copied, 0.9778 s, 10.7 MB/s
1+0 records in
1+0 records out
1+0 records in
1+0 records out
10485760 bytes (10 MB, 10 MiB) copied, 0.288034 s, 36.4 MB/s10485760 bytes (10 MB, 10 MiB) copied, 0.288029 s, 36.4 MB/s

0+0 records in
0+0 records out
0 bytes copied, 0.0232119 s, 0.0 kB/s
0+0 records in
0+0 records out
0 bytes copied, 0.0254403 s, 0.0 kB/s
1+0 records in
1+0 records out
1+0 records in
1+0 records out
10485760 bytes (10 MB, 10 MiB) copied, 0.290773 s, 36.1 MB/s
10485760 bytes (10 MB, 10 MiB) copied, 0.294919 s, 35.6 MB/s
1+0 records in
1+0 records out
10485760 bytes (10 MB, 10 MiB) copied, 0.0155243 s, 675 MB/s
1+0 records in
1+0 records out
10485760 bytes (10 MB, 10 MiB) copied, 0.0286833 s, 366 MB/s
1+0 records in
1+0 records out
10485760 bytes (10 MB, 10 MiB) copied, 0.808324 s, 13.0 MB/s
0+0 records in
0+0 records out
0 bytes copied, 0.0150114 s, 0.0 kB/s
10+0 records in
10+0 records out
10485760 bytes (10 MB, 10 MiB) copied, 0.84959 s, 12.3 MB/s
30 sec passed by  fm2
1+0 records in
1+0 records out
1+0 records in
1+0 records out
10485760 bytes (10 MB, 10 MiB) copied, 0.31436 s, 33.4 MB/s10485760 bytes (10 MB, 10 MiB) copied, 0.314354 s, 33.4 MB/s

0+0 records in
0+0 records out
0 bytes copied, 0.00921022 s, 0.0 kB/s
0+0 records in
0+0 records out
0 bytes copied, 0.0169274 s, 0.0 kB/s
30 sec passed by  fm2_3
30 sec passed by  fm2_2
1+0 records in
1+0 records out
1+0 records in
1+0 records out
10485760 bytes (10 MB, 10 MiB) copied, 0.405081 s, 25.9 MB/s10485760 bytes (10 MB, 10 MiB) copied, 0.428181 s, 24.5 MB/s

10+0 records in
10+0 records out
10485760 bytes (10 MB, 10 MiB) copied, 0.747263 s, 14.0 MB/s
0+0 records in
0+0 records out
0 bytes copied, 0.00776106 s, 0.0 kB/s
0+0 records in
0+0 records out
0 bytes copied, 0.00839135 s, 0.0 kB/s
30 sec passed by  fm1
1+0 records in
1+0 records out
10485760 bytes (10 MB, 10 MiB) copied, 0.200297 s, 52.4 MB/s
0+0 records in
0+0 records out
0 bytes copied, 0.0155078 s, 0.0 kB/s
1+0 records in
1+0 records out
10485760 bytes (10 MB, 10 MiB) copied, 0.255234 s, 41.1 MB/s
1+0 records in
1+0 records out
10485760 bytes (10 MB, 10 MiB) copied, 0.445145 s, 23.6 MB/s
0+0 records in
0+0 records out
0 bytes copied, 0.230464 s, 0.0 kB/s
0+0 records in
0+0 records out
0 bytes copied, 0.00261274 s, 0.0 kB/s
10+0 records in
10+0 records out
10485760 bytes (10 MB, 10 MiB) copied, 0.878658 s, 11.9 MB/s
1+0 records in
1+0 records out
10485760 bytes (10 MB, 10 MiB) copied, 0.255967 s, 41.0 MB/s
0+0 records in
0+0 records out
0 bytes copied, 0.0186179 s, 0.0 kB/s
1+0 records in
1+0 records out
10485760 bytes (10 MB, 10 MiB) copied, 0.298241 s, 35.2 MB/s
1+0 records in
1+0 records out
10485760 bytes (10 MB, 10 MiB) copied, 0.0192731 s, 544 MB/s
1+0 records in
1+0 records out
10485760 bytes (10 MB, 10 MiB) copied, 0.523172 s, 20.0 MB/s
0+0 records in
0+0 records out
0 bytes copied, 0.0141651 s, 0.0 kB/s
10+0 records in
10+0 records out
10485760 bytes (10 MB, 10 MiB) copied, 0.89265 s, 11.7 MB/s
1+0 records in
1+0 records out
10485760 bytes (10 MB, 10 MiB) copied, 0.374251 s, 28.0 MB/s
1+0 records in
1+0 records out
10485760 bytes (10 MB, 10 MiB) copied, 0.371788 s, 28.2 MB/s
0+0 records in
0+0 records out
0 bytes copied, 0.0186883 s, 0.0 kB/s
0+0 records in
0+0 records out
0 bytes copied, 0.0218091 s, 0.0 kB/s
1+0 records in
1+0 records out
1+0 records in
1+0 records out
10485760 bytes (10 MB, 10 MiB) copied, 0.30367 s, 34.5 MB/s10485760 bytes (10 MB, 10 MiB) copied, 0.308279 s, 34.0 MB/s

1+0 records in
1+0 records out
10485760 bytes (10 MB, 10 MiB) copied, 0.0171585 s, 611 MB/s
1+0 records in
1+0 records out
10485760 bytes (10 MB, 10 MiB) copied, 0.0325403 s, 322 MB/s
1+0 records in
1+0 records out
10485760 bytes (10 MB, 10 MiB) copied, 0.679153 s, 15.4 MB/s
0+0 records in
0+0 records out
0 bytes copied, 0.0152595 s, 0.0 kB/s
10+0 records in
10+0 records out
10485760 bytes (10 MB, 10 MiB) copied, 0.990988 s, 10.6 MB/s
1+0 records in
1+0 records out
1+0 records in
1+0 records out
10485760 bytes (10 MB, 10 MiB) copied, 0.285062 s, 36.8 MB/s
10485760 bytes (10 MB, 10 MiB) copied, 0.285057 s, 36.8 MB/s
0+0 records in
0+0 records out
0 bytes copied, 0.0104359 s, 0.0 kB/s
0+0 records in
0+0 records out
0 bytes copied, 0.0141493 s, 0.0 kB/s
1+0 records in
1+0 records out
1+0 records in
1+0 records out
10485760 bytes (10 MB, 10 MiB) copied, 0.275308 s, 38.1 MB/s10485760 bytes (10 MB, 10 MiB) copied, 0.273585 s, 38.3 MB/s

1+0 records in
1+0 records out
10485760 bytes (10 MB, 10 MiB) copied, 0.0185514 s, 565 MB/s
1+0 records in
1+0 records out
10485760 bytes (10 MB, 10 MiB) copied, 0.0445977 s, 235 MB/s
1+0 records in
1+0 records out
10485760 bytes (10 MB, 10 MiB) copied, 0.773789 s, 13.6 MB/s
1+0 records in
1+0 records out
10485760 bytes (10 MB, 10 MiB) copied, 0.105106 s, 99.8 MB/s
35 sec passed by  fm2
10+0 records in
10+0 records out
10485760 bytes (10 MB, 10 MiB) copied, 1.03241 s, 10.2 MB/s
1+0 records in
1+0 records out
1+0 records in
1+0 records out
10485760 bytes (10 MB, 10 MiB) copied, 0.260432 s, 40.3 MB/s10485760 bytes (10 MB, 10 MiB) copied, 0.260437 s, 40.3 MB/s

0+0 records in
0+0 records out
0 bytes copied, 0.00738594 s, 0.0 kB/s
0+0 records in
0+0 records out
0 bytes copied, 0.00762993 s, 0.0 kB/s
1+0 records in
1+0 records out
10485760 bytes (10 MB, 10 MiB) copied, 0.188303 s, 55.7 MB/s
0+0 records in
0+0 records out
0 bytes copied, 0.013191 s, 0.0 kB/s
1+0 records in
1+0 records out
10485760 bytes (10 MB, 10 MiB) copied, 0.225335 s, 46.5 MB/s
1+0 records in
1+0 records out
10485760 bytes (10 MB, 10 MiB) copied, 0.227056 s, 46.2 MB/s
0+0 records in
0+0 records out
0 bytes copied, 0.0123837 s, 0.0 kB/s
0+0 records in
0+0 records out
0 bytes copied, 0.0161054 s, 0.0 kB/s
1+0 records in
1+0 records out
10485760 bytes (10 MB, 10 MiB) copied, 0.279059 s, 37.6 MB/s
10+0 records in
10+0 records out
10485760 bytes (10 MB, 10 MiB) copied, 0.725604 s, 14.5 MB/s
0+0 records in
0+0 records out
0 bytes copied, 0.0134696 s, 0.0 kB/s
1+0 records in
1+0 records out
10485760 bytes (10 MB, 10 MiB) copied, 0.252638 s, 41.5 MB/s
1+0 records in
1+0 records out
10485760 bytes (10 MB, 10 MiB) copied, 0.254202 s, 41.2 MB/s
0+0 records in
0+0 records out
0 bytes copied, 0.011391 s, 0.0 kB/s
0+0 records in
0+0 records out
0 bytes copied, 0.0198061 s, 0.0 kB/s
35 sec passed by  fm2_2
35 sec passed by  fm2_3
1+0 records in
1+0 records out
10485760 bytes (10 MB, 10 MiB) copied, 0.41552 s, 25.2 MB/s
10+0 records in
10+0 records out
10485760 bytes (10 MB, 10 MiB) copied, 0.689498 s, 15.2 MB/s
0+0 records in
0+0 records out
0 bytes copied, 0.0109587 s, 0.0 kB/s
35 sec passed by  fm1
1+0 records in
1+0 records out
10485760 bytes (10 MB, 10 MiB) copied, 0.250437 s, 41.9 MB/s
1+0 records in
1+0 records out
10485760 bytes (10 MB, 10 MiB) copied, 0.513352 s, 20.4 MB/s
0+0 records in
0+0 records out
0 bytes copied, 0.251399 s, 0.0 kB/s
0+0 records in
0+0 records out
0 bytes copied, 0.0130734 s, 0.0 kB/s
10+0 records in
10+0 records out
10485760 bytes (10 MB, 10 MiB) copied, 0.793269 s, 13.2 MB/s
1+0 records in
1+0 records out
10485760 bytes (10 MB, 10 MiB) copied, 0.381736 s, 27.5 MB/s
0+0 records in
0+0 records out
0 bytes copied, 0.0081863 s, 0.0 kB/s
1+0 records in
1+0 records out
1+0 records in
1+0 records out
10485760 bytes (10 MB, 10 MiB) copied, 0.223131 s, 47.0 MB/s10485760 bytes (10 MB, 10 MiB) copied, 0.22314 s, 47.0 MB/s

0+0 records in
0+0 records out
0 bytes copied, 0.0112887 s, 0.0 kB/s
0+0 records in
0+0 records out
0 bytes copied, 0.0153478 s, 0.0 kB/s
10+0 records in
10+0 records out
10485760 bytes (10 MB, 10 MiB) copied, 0.574611 s, 18.2 MB/s
1+0 records in
1+0 records out
10485760 bytes (10 MB, 10 MiB) copied, 0.313067 s, 33.5 MB/s
0+0 records in
0+0 records out
0 bytes copied, 0.0107686 s, 0.0 kB/s
1+0 records in
1+0 records out
10485760 bytes (10 MB, 10 MiB) copied, 0.289681 s, 36.2 MB/s
1+0 records in
1+0 records out
10485760 bytes (10 MB, 10 MiB) copied, 0.566927 s, 18.5 MB/s
0+0 records in
0+0 records out
0 bytes copied, 0.00221166 s, 0.0 kB/s
0+0 records in
0+0 records out
0 bytes copied, 0.292025 s, 0.0 kB/s
10+0 records in
10+0 records out
10485760 bytes (10 MB, 10 MiB) copied, 0.780292 s, 13.4 MB/s
1+0 records in
1+0 records out
10485760 bytes (10 MB, 10 MiB) copied, 0.248369 s, 42.2 MB/s
0+0 records in
0+0 records out
0 bytes copied, 0.0165706 s, 0.0 kB/s
1+0 records in
1+0 records out
1+0 records in
1+0 records out
10485760 bytes (10 MB, 10 MiB) copied, 0.286771 s, 36.6 MB/s
10485760 bytes (10 MB, 10 MiB) copied, 0.286765 s, 36.6 MB/s
0+0 records in
0+0 records out
0 bytes copied, 0.00784736 s, 0.0 kB/s
0+0 records in
0+0 records out
0 bytes copied, 0.0134524 s, 0.0 kB/s
10+0 records in
10+0 records out
10485760 bytes (10 MB, 10 MiB) copied, 0.659913 s, 15.9 MB/s
1+0 records in
1+0 records out
10485760 bytes (10 MB, 10 MiB) copied, 0.404591 s, 25.9 MB/s
0+0 records in
0+0 records out
0 bytes copied, 0.00431214 s, 0.0 kB/s
40 sec passed by  fm2
1+0 records in
1+0 records out
10485760 bytes (10 MB, 10 MiB) copied, 0.224978 s, 46.6 MB/s
1+0 records in
1+0 records out
10485760 bytes (10 MB, 10 MiB) copied, 0.62268 s, 16.8 MB/s
0+0 records in
0+0 records out
0 bytes copied, 0.0104269 s, 0.0 kB/s
0+0 records in
0+0 records out
0 bytes copied, 0.0186954 s, 0.0 kB/s
10+0 records in
10+0 records out
10485760 bytes (10 MB, 10 MiB) copied, 0.696123 s, 15.1 MB/s
1+0 records in
1+0 records out
10485760 bytes (10 MB, 10 MiB) copied, 0.434254 s, 24.1 MB/s
0+0 records in
0+0 records out
0 bytes copied, 0.0155965 s, 0.0 kB/s
1+0 records in
1+0 records out
10485760 bytes (10 MB, 10 MiB) copied, 0.216903 s, 48.3 MB/s
1+0 records in
1+0 records out
10485760 bytes (10 MB, 10 MiB) copied, 0.219145 s, 47.8 MB/s
0+0 records in
0+0 records out
0 bytes copied, 0.0199684 s, 0.0 kB/s
0+0 records in
0+0 records out
0 bytes copied, 0.0209458 s, 0.0 kB/s
1+0 records in
1+0 records out
10485760 bytes (10 MB, 10 MiB) copied, 0.276272 s, 38.0 MB/s
10+0 records in
10+0 records out
10485760 bytes (10 MB, 10 MiB) copied, 0.616654 s, 17.0 MB/s
1+0 records in
1+0 records out
10485760 bytes (10 MB, 10 MiB) copied, 0.459516 s, 22.8 MB/s
40 sec passed by  fm1
1+0 records in
1+0 records out
10485760 bytes (10 MB, 10 MiB) copied, 0.197105 s, 53.2 MB/s
1+0 records in
1+0 records out
10485760 bytes (10 MB, 10 MiB) copied, 0.0220055 s, 477 MB/s
40 sec passed by  fm2_3
40 sec passed by  fm2_2
1+0 records in
1+0 records out
10485760 bytes (10 MB, 10 MiB) copied, 0.678779 s, 15.4 MB/s
0+0 records in
0+0 records out
0 bytes copied, 0.00669928 s, 0.0 kB/s
1+0 records in
1+0 records out
1+0 records in
1+0 records out
10485760 bytes (10 MB, 10 MiB) copied, 0.246948 s, 42.5 MB/s
10485760 bytes (10 MB, 10 MiB) copied, 0.246958 s, 42.5 MB/s
0+0 records in
0+0 records out
0 bytes copied, 0.00808353 s, 0.0 kB/s
0+0 records in
0+0 records out
0 bytes copied, 0.0239977 s, 0.0 kB/s
10+0 records in
10+0 records out
10485760 bytes (10 MB, 10 MiB) copied, 0.820668 s, 12.8 MB/s
1+0 records in
1+0 records out
10485760 bytes (10 MB, 10 MiB) copied, 0.372377 s, 28.2 MB/s
0+0 records in
0+0 records out
0 bytes copied, 0.0135208 s, 0.0 kB/s
1+0 records in
1+0 records out
1+0 records in
1+0 records out
10485760 bytes (10 MB, 10 MiB) copied, 0.308081 s, 34.0 MB/s10485760 bytes (10 MB, 10 MiB) copied, 0.308091 s, 34.0 MB/s

0+0 records in
0+0 records out
0 bytes copied, 0.00757861 s, 0.0 kB/s
0+0 records in
0+0 records out
0 bytes copied, 0.0134822 s, 0.0 kB/s
10+0 records in
10+0 records out
10485760 bytes (10 MB, 10 MiB) copied, 0.656285 s, 16.0 MB/s
1+0 records in
1+0 records out
10485760 bytes (10 MB, 10 MiB) copied, 0.311898 s, 33.6 MB/s
0+0 records in
0+0 records out
0 bytes copied, 0.00908425 s, 0.0 kB/s
1+0 records in
1+0 records out
10485760 bytes (10 MB, 10 MiB) copied, 0.270011 s, 38.8 MB/s
1+0 records in
1+0 records out
10485760 bytes (10 MB, 10 MiB) copied, 0.654073 s, 16.0 MB/s
0+0 records in
0+0 records out
0 bytes copied, 0.402996 s, 0.0 kB/s
0+0 records in
0+0 records out
0 bytes copied, 0.0435334 s, 0.0 kB/s
10+0 records in
10+0 records out
10485760 bytes (10 MB, 10 MiB) copied, 0.935353 s, 11.2 MB/s
1+0 records in
1+0 records out
10485760 bytes (10 MB, 10 MiB) copied, 0.330994 s, 31.7 MB/s
0+0 records in
0+0 records out
0 bytes copied, 0.0148728 s, 0.0 kB/s
1+0 records in
1+0 records out
10485760 bytes (10 MB, 10 MiB) copied, 0.221217 s, 47.4 MB/s
1+0 records in
1+0 records out
10485760 bytes (10 MB, 10 MiB) copied, 0.222671 s, 47.1 MB/s
0+0 records in
0+0 records out
0 bytes copied, 0.0112506 s, 0.0 kB/s
0+0 records in
0+0 records out
0 bytes copied, 0.0143983 s, 0.0 kB/s
10+0 records in
10+0 records out
10485760 bytes (10 MB, 10 MiB) copied, 0.566703 s, 18.5 MB/s
1+0 records in
1+0 records out
10485760 bytes (10 MB, 10 MiB) copied, 0.297429 s, 35.3 MB/s
0+0 records in
0+0 records out
0 bytes copied, 0.0107956 s, 0.0 kB/s
1+0 records in
1+0 records out
10485760 bytes (10 MB, 10 MiB) copied, 0.24547 s, 42.7 MB/s
1+0 records in
1+0 records out
10485760 bytes (10 MB, 10 MiB) copied, 0.0149722 s, 700 MB/s
1+0 records in
1+0 records out
10485760 bytes (10 MB, 10 MiB) copied, 0.389871 s, 26.9 MB/s
0+0 records in
0+0 records out
0 bytes copied, 0.0200522 s, 0.0 kB/s
1+0 records in
1+0 records out
10485760 bytes (10 MB, 10 MiB) copied, 0.384897 s, 27.2 MB/s
10+0 records in
10+0 records out
10485760 bytes (10 MB, 10 MiB) copied, 0.773074 s, 13.6 MB/s
1+0 records in
1+0 records out
10485760 bytes (10 MB, 10 MiB) copied, 0.663466 s, 15.8 MB/s
0+0 records in
0+0 records out
0 bytes copied, 0.00512199 s, 0.0 kB/s
0+0 records in
0+0 records out
0 bytes copied, 0.281373 s, 0.0 kB/s
45 sec passed by  fm2
1+0 records in
1+0 records out
10485760 bytes (10 MB, 10 MiB) copied, 0.238406 s, 44.0 MB/s
0+0 records in
0+0 records out
0 bytes copied, 0.0747733 s, 0.0 kB/s
10+0 records in
10+0 records out
10485760 bytes (10 MB, 10 MiB) copied, 0.73224 s, 14.3 MB/s
1+0 records in
1+0 records out
10485760 bytes (10 MB, 10 MiB) copied, 0.240381 s, 43.6 MB/s
45 sec passed by  fm1
1+0 records in
1+0 records out
10485760 bytes (10 MB, 10 MiB) copied, 0.030004 s, 349 MB/s
45 sec passed by  fm2_3
1+0 records in
1+0 records out
10485760 bytes (10 MB, 10 MiB) copied, 0.477818 s, 21.9 MB/s
0+0 records in
0+0 records out
0 bytes copied, 0.00661815 s, 0.0 kB/s
1+0 records in
1+0 records out
1+0 records in
1+0 records out
10485760 bytes (10 MB, 10 MiB) copied, 0.167081 s, 62.8 MB/s10485760 bytes (10 MB, 10 MiB) copied, 0.167072 s, 62.8 MB/s

0+0 records in
0+0 records out
0 bytes copied, 0.0102853 s, 0.0 kB/s
0+0 records in
0+0 records out
0 bytes copied, 0.0152043 s, 0.0 kB/s
45 sec passed by  fm2_2
1+0 records in
1+0 records out
10485760 bytes (10 MB, 10 MiB) copied, 0.402881 s, 26.0 MB/s
10+0 records in
10+0 records out
10485760 bytes (10 MB, 10 MiB) copied, 0.788288 s, 13.3 MB/s
0+0 records in
0+0 records out
0 bytes copied, 0.0154361 s, 0.0 kB/s
1+0 records in
1+0 records out
1+0 records in
1+0 records out
10485760 bytes (10 MB, 10 MiB) copied, 0.320376 s, 32.7 MB/s10485760 bytes (10 MB, 10 MiB) copied, 0.320369 s, 32.7 MB/s

0+0 records in
0+0 records out
0 bytes copied, 0.0105419 s, 0.0 kB/s
0+0 records in
0+0 records out
0 bytes copied, 0.0178554 s, 0.0 kB/s
1+0 records in
1+0 records out
1+0 records in
1+0 records out
10485760 bytes (10 MB, 10 MiB) copied, 0.409548 s, 25.6 MB/s
10485760 bytes (10 MB, 10 MiB) copied, 0.414184 s, 25.3 MB/s
1+0 records in
1+0 records out
10485760 bytes (10 MB, 10 MiB) copied, 0.0180135 s, 582 MB/s
1+0 records in
1+0 records out
10485760 bytes (10 MB, 10 MiB) copied, 0.0214483 s, 489 MB/s
10+0 records in
10+0 records out
10485760 bytes (10 MB, 10 MiB) copied, 0.812409 s, 12.9 MB/s
1+0 records in
1+0 records out
10485760 bytes (10 MB, 10 MiB) copied, 0.75948 s, 13.8 MB/s
0+0 records in
0+0 records out
0 bytes copied, 0.00492476 s, 0.0 kB/s
1+0 records in
1+0 records out
10485760 bytes (10 MB, 10 MiB) copied, 0.277772 s, 37.7 MB/s
1+0 records in
1+0 records out
10485760 bytes (10 MB, 10 MiB) copied, 0.289076 s, 36.3 MB/s
0+0 records in
0+0 records out
0 bytes copied, 0.00818053 s, 0.0 kB/s
0+0 records in
0+0 records out
0 bytes copied, 0.0144796 s, 0.0 kB/s
10+0 records in
10+0 records out
10485760 bytes (10 MB, 10 MiB) copied, 0.790088 s, 13.3 MB/s
1+0 records in
1+0 records out
10485760 bytes (10 MB, 10 MiB) copied, 0.310187 s, 33.8 MB/s
0+0 records in
0+0 records out
0 bytes copied, 0.018709 s, 0.0 kB/s
1+0 records in
1+0 records out
1+0 records in
1+0 records out
10485760 bytes (10 MB, 10 MiB) copied, 0.31999 s, 32.8 MB/s
10485760 bytes (10 MB, 10 MiB) copied, 0.31997 s, 32.8 MB/s
0+0 records in
0+0 records out
0 bytes copied, 0.00808233 s, 0.0 kB/s
0+0 records in
0+0 records out
0 bytes copied, 0.0167601 s, 0.0 kB/s
1+0 records in
1+0 records out
10485760 bytes (10 MB, 10 MiB) copied, 0.30317 s, 34.6 MB/s
10+0 records in
10+0 records out
10485760 bytes (10 MB, 10 MiB) copied, 0.660929 s, 15.9 MB/s
0+0 records in
0+0 records out
0 bytes copied, 0.0111779 s, 0.0 kB/s
1+0 records in
1+0 records out
10485760 bytes (10 MB, 10 MiB) copied, 0.192985 s, 54.3 MB/s
1+0 records in
1+0 records out
10485760 bytes (10 MB, 10 MiB) copied, 0.0299374 s, 350 MB/s
1+0 records in
1+0 records out
10485760 bytes (10 MB, 10 MiB) copied, 0.363961 s, 28.8 MB/s
0+0 records in
0+0 records out
0 bytes copied, 0.0134055 s, 0.0 kB/s
1+0 records in
1+0 records out
10485760 bytes (10 MB, 10 MiB) copied, 0.219654 s, 47.7 MB/s
1+0 records in
1+0 records out
10485760 bytes (10 MB, 10 MiB) copied, 0.0614662 s, 171 MB/s
1+0 records in
1+0 records out
10485760 bytes (10 MB, 10 MiB) copied, 0.547477 s, 19.2 MB/s
0+0 records in
0+0 records out
0 bytes copied, 0.0623046 s, 0.0 kB/s
50 sec passed by  fm2
10+0 records in
10+0 records out
10485760 bytes (10 MB, 10 MiB) copied, 1.02909 s, 10.2 MB/s
1+0 records in
1+0 records out
10485760 bytes (10 MB, 10 MiB) copied, 0.268068 s, 39.1 MB/s
0+0 records in
0+0 records out
0 bytes copied, 0.0188392 s, 0.0 kB/s
1+0 records in
1+0 records out
10485760 bytes (10 MB, 10 MiB) copied, 0.218478 s, 48.0 MB/s
1+0 records in
1+0 records out
10485760 bytes (10 MB, 10 MiB) copied, 0.434038 s, 24.2 MB/s
0+0 records in
0+0 records out
0 bytes copied, 0.000335577 s, 0.0 kB/s
0+0 records in
0+0 records out
0 bytes copied, 0.24122 s, 0.0 kB/s
50 sec passed by  fm2_3
10+0 records in
10+0 records out
10485760 bytes (10 MB, 10 MiB) copied, 0.827308 s, 12.7 MB/s
1+0 records in
1+0 records out
10485760 bytes (10 MB, 10 MiB) copied, 0.34951 s, 30.0 MB/s
0+0 records in
0+0 records out
0 bytes copied, 0.0148132 s, 0.0 kB/s
50 sec passed by  fm2_2
50 sec passed by  fm1
1+0 records in
1+0 records out
10485760 bytes (10 MB, 10 MiB) copied, 0.263708 s, 39.8 MB/s
1+0 records in
1+0 records out
10485760 bytes (10 MB, 10 MiB) copied, 0.482528 s, 21.7 MB/s
0+0 records in
0+0 records out
0 bytes copied, 0.22292 s, 0.0 kB/s
0+0 records in
0+0 records out
0 bytes copied, 0.0043012 s, 0.0 kB/s
1+0 records in
1+0 records out
10485760 bytes (10 MB, 10 MiB) copied, 0.165509 s, 63.4 MB/s
0+0 records in
0+0 records out
0 bytes copied, 0.018372 s, 0.0 kB/s
10+0 records in
10+0 records out
10485760 bytes (10 MB, 10 MiB) copied, 0.665212 s, 15.8 MB/s
1+0 records in
1+0 records out
10485760 bytes (10 MB, 10 MiB) copied, 0.154504 s, 67.9 MB/s
1+0 records in
1+0 records out
10485760 bytes (10 MB, 10 MiB) copied, 0.0246606 s, 425 MB/s
1+0 records in
1+0 records out
10485760 bytes (10 MB, 10 MiB) copied, 0.347218 s, 30.2 MB/s
0+0 records in
0+0 records out
0 bytes copied, 0.0194361 s, 0.0 kB/s
1+0 records in
1+0 records out
10485760 bytes (10 MB, 10 MiB) copied, 0.309779 s, 33.8 MB/s
10+0 records in
10+0 records out
10485760 bytes (10 MB, 10 MiB) copied, 0.959872 s, 10.9 MB/s
1+0 records in
1+0 records out
10485760 bytes (10 MB, 10 MiB) copied, 0.632133 s, 16.6 MB/s
0+0 records in
0+0 records out
0 bytes copied, 0.0110464 s, 0.0 kB/s
0+0 records in
0+0 records out
0 bytes copied, 0.303995 s, 0.0 kB/s
1+0 records in
1+0 records out
10485760 bytes (10 MB, 10 MiB) copied, 0.173009 s, 60.6 MB/s
0+0 records in
0+0 records out
0 bytes copied, 0.0176262 s, 0.0 kB/s
1+0 records in
1+0 records out
10485760 bytes (10 MB, 10 MiB) copied, 0.254547 s, 41.2 MB/s
1+0 records in
1+0 records out
10485760 bytes (10 MB, 10 MiB) copied, 0.0145982 s, 718 MB/s
1+0 records in
1+0 records out
10485760 bytes (10 MB, 10 MiB) copied, 0.415431 s, 25.2 MB/s
0+0 records in
0+0 records out
0 bytes copied, 0.000607572 s, 0.0 kB/s
1+0 records in
1+0 records out
10485760 bytes (10 MB, 10 MiB) copied, 0.229068 s, 45.8 MB/s
1+0 records in
1+0 records out
10485760 bytes (10 MB, 10 MiB) copied, 0.0139647 s, 751 MB/s
10+0 records in
10+0 records out
10485760 bytes (10 MB, 10 MiB) copied, 0.822354 s, 12.8 MB/s
1+0 records in
1+0 records out
10485760 bytes (10 MB, 10 MiB) copied, 0.367941 s, 28.5 MB/s
0+0 records in
0+0 records out
0 bytes copied, 0.0202632 s, 0.0 kB/s
1+0 records in
1+0 records out
10485760 bytes (10 MB, 10 MiB) copied, 0.294548 s, 35.6 MB/s
1+0 records in
1+0 records out
10485760 bytes (10 MB, 10 MiB) copied, 0.533335 s, 19.7 MB/s
0+0 records in
0+0 records out
0 bytes copied, 0.248239 s, 0.0 kB/s
0+0 records in
0+0 records out
0 bytes copied, 0.00683305 s, 0.0 kB/s
10+0 records in
10+0 records out
10485760 bytes (10 MB, 10 MiB) copied, 0.906812 s, 11.6 MB/s
1+0 records in
1+0 records out
10485760 bytes (10 MB, 10 MiB) copied, 0.315611 s, 33.2 MB/s
0+0 records in
0+0 records out
0 bytes copied, 0.0146124 s, 0.0 kB/s
1+0 records in
1+0 records out
10485760 bytes (10 MB, 10 MiB) copied, 0.255539 s, 41.0 MB/s
1+0 records in
1+0 records out
10485760 bytes (10 MB, 10 MiB) copied, 0.495933 s, 21.1 MB/s
0+0 records in
0+0 records out
0 bytes copied, 0.00603714 s, 0.0 kB/s
0+0 records in
0+0 records out
0 bytes copied, 0.248671 s, 0.0 kB/s
55 sec passed by  fm2
1+0 records in
1+0 records out
10485760 bytes (10 MB, 10 MiB) copied, 0.339299 s, 30.9 MB/s
0+0 records in
0+0 records out
0 bytes copied, 0.0158958 s, 0.0 kB/s
10+0 records in
10+0 records out
10485760 bytes (10 MB, 10 MiB) copied, 0.99806 s, 10.5 MB/s
1+0 records in
1+0 records out
10485760 bytes (10 MB, 10 MiB) copied, 0.206919 s, 50.7 MB/s
1+0 records in
1+0 records out
10485760 bytes (10 MB, 10 MiB) copied, 0.527837 s, 19.9 MB/s
0+0 records in
0+0 records out
0+0 records in
0+0 records out
0 bytes copied, 0.323305 s, 0.0 kB/s0 bytes copied, 0.00888666 s, 0.0 kB/s

55 sec passed by  fm2_3
1+0 records in
1+0 records out
10485760 bytes (10 MB, 10 MiB) copied, 0.389105 s, 26.9 MB/s
0+0 records in
0+0 records out
0 bytes copied, 0.00341346 s, 0.0 kB/s
55 sec passed by  fm2_2
10+0 records in
10+0 records out
10485760 bytes (10 MB, 10 MiB) copied, 0.857251 s, 12.2 MB/s
1+0 records in
1+0 records out
10485760 bytes (10 MB, 10 MiB) copied, 0.149277 s, 70.2 MB/s
56 sec passed by  fm1
1+0 records in
1+0 records out
10485760 bytes (10 MB, 10 MiB) copied, 0.0149649 s, 701 MB/s
1+0 records in
1+0 records out
10485760 bytes (10 MB, 10 MiB) copied, 0.259329 s, 40.4 MB/s
1+0 records in
1+0 records out
10485760 bytes (10 MB, 10 MiB) copied, 0.0871948 s, 120 MB/s
1+0 records in
1+0 records out
1+0 records in
1+0 records out
10485760 bytes (10 MB, 10 MiB) copied, 0.319942 s, 32.8 MB/s
10485760 bytes (10 MB, 10 MiB) copied, 0.319937 s, 32.8 MB/s
0+0 records in
0+0 records out
0 bytes copied, 0.0128498 s, 0.0 kB/s
0+0 records in
0+0 records out
0 bytes copied, 0.0229018 s, 0.0 kB/s
1+0 records in
1+0 records out
10485760 bytes (10 MB, 10 MiB) copied, 0.313682 s, 33.4 MB/s
10+0 records in
10+0 records out
10485760 bytes (10 MB, 10 MiB) copied, 0.700783 s, 15.0 MB/s
0+0 records in
0+0 records out
0 bytes copied, 0.0150292 s, 0.0 kB/s
1+0 records in
1+0 records out
10485760 bytes (10 MB, 10 MiB) copied, 0.321105 s, 32.7 MB/s
1+0 records in
1+0 records out
10485760 bytes (10 MB, 10 MiB) copied, 0.574407 s, 18.3 MB/s
0+0 records in
0+0 records out
0 bytes copied, 0.00691575 s, 0.0 kB/s
0+0 records in
0+0 records out
0 bytes copied, 0.203319 s, 0.0 kB/s
1+0 records in
1+0 records out
10485760 bytes (10 MB, 10 MiB) copied, 0.384421 s, 27.3 MB/s
10+0 records in
10+0 records out
10485760 bytes (10 MB, 10 MiB) copied, 0.972171 s, 10.8 MB/s
0+0 records in
0+0 records out
0 bytes copied, 0.00953486 s, 0.0 kB/s
1+0 records in
1+0 records out
10485760 bytes (10 MB, 10 MiB) copied, 0.160087 s, 65.5 MB/s
1+0 records in
1+0 records out
10485760 bytes (10 MB, 10 MiB) copied, 0.0160579 s, 653 MB/s
1+0 records in
1+0 records out
10485760 bytes (10 MB, 10 MiB) copied, 0.381236 s, 27.5 MB/s
0+0 records in
0+0 records out
0 bytes copied, 0.0127234 s, 0.0 kB/s
1+0 records in
1+0 records out
10485760 bytes (10 MB, 10 MiB) copied, 0.33704 s, 31.1 MB/s
1+0 records in
1+0 records out
10485760 bytes (10 MB, 10 MiB) copied, 0.707815 s, 14.8 MB/s
10+0 records in
10+0 records out
10485760 bytes (10 MB, 10 MiB) copied, 0.926074 s, 11.3 MB/s
0+0 records in
0+0 records out
0 bytes copied, 0.00698173 s, 0.0 kB/s
0+0 records in
0+0 records out
0 bytes copied, 0.370657 s, 0.0 kB/s
1+0 records in
1+0 records out
10485760 bytes (10 MB, 10 MiB) copied, 0.238296 s, 44.0 MB/s
0+0 records in
0+0 records out
0 bytes copied, 0.0174379 s, 0.0 kB/s
1+0 records in
1+0 records out
10485760 bytes (10 MB, 10 MiB) copied, 0.235606 s, 44.5 MB/s
1+0 records in
1+0 records out
10485760 bytes (10 MB, 10 MiB) copied, 0.0310906 s, 337 MB/s
1+0 records in
1+0 records out
10485760 bytes (10 MB, 10 MiB) copied, 0.389162 s, 26.9 MB/s
1+0 records in
1+0 records out
10485760 bytes (10 MB, 10 MiB) copied, 0.107541 s, 97.5 MB/s
60 sec passed by  fm2
10+0 records in
10+0 records out
10485760 bytes (10 MB, 10 MiB) copied, 0.93393 s, 11.2 MB/s
1+0 records in
1+0 records out
1+0 records in
1+0 records out
10485760 bytes (10 MB, 10 MiB) copied, 0.310355 s, 33.8 MB/s
10485760 bytes (10 MB, 10 MiB) copied, 0.31035 s, 33.8 MB/s
0+0 records in
0+0 records out
0 bytes copied, 0.00784784 s, 0.0 kB/s
0+0 records in
0+0 records out
0 bytes copied, 0.00875481 s, 0.0 kB/s
1+0 records in
1+0 records out
10485760 bytes (10 MB, 10 MiB) copied, 0.213275 s, 49.2 MB/s
1+0 records in
1+0 records out
10485760 bytes (10 MB, 10 MiB) copied, 0.102772 s, 102 MB/s
1+0 records in
1+0 records out
10485760 bytes (10 MB, 10 MiB) copied, 0.204047 s, 51.4 MB/s
1+0 records in
1+0 records out
10485760 bytes (10 MB, 10 MiB) copied, 0.205072 s, 51.1 MB/s
0+0 records in
0+0 records out
0 bytes copied, 0.010022 s, 0.0 kB/s
0+0 records in
0+0 records out
0 bytes copied, 0.0291316 s, 0.0 kB/s
60 sec passed by  fm2_2
60 sec passed by  fm2_3
10+0 records in
10+0 records out
10485760 bytes (10 MB, 10 MiB) copied, 0.775139 s, 13.5 MB/s
1+0 records in
1+0 records out
10485760 bytes (10 MB, 10 MiB) copied, 0.351475 s, 29.8 MB/s
0+0 records in
0+0 records out
0 bytes copied, 0.01814 s, 0.0 kB/s
1+0 records in
1+0 records out
1+0 records in
1+0 records out
10485760 bytes (10 MB, 10 MiB) copied, 0.322854 s, 32.5 MB/s10485760 bytes (10 MB, 10 MiB) copied, 0.322849 s, 32.5 MB/s

0+0 records in
0+0 records out
0 bytes copied, 0.0188769 s, 0.0 kB/s
0+0 records in
0+0 records out
0 bytes copied, 0.0288609 s, 0.0 kB/s
1+0 records in
1+0 records out
10485760 bytes (10 MB, 10 MiB) copied, 0.287917 s, 36.4 MB/s
10+0 records in
10+0 records out
10485760 bytes (10 MB, 10 MiB) copied, 0.663383 s, 15.8 MB/s
0+0 records in
0+0 records out
0 bytes copied, 0.0120341 s, 0.0 kB/s
61 sec passed by  fm1
1+0 records in
1+0 records out
10485760 bytes (10 MB, 10 MiB) copied, 0.174316 s, 60.2 MB/s
1+0 records in
1+0 records out
10485760 bytes (10 MB, 10 MiB) copied, 0.307195 s, 34.1 MB/s
0+0 records in
0+0 records out
0 bytes copied, 0.00967404 s, 0.0 kB/s
0+0 records in
0+0 records out
0 bytes copied, 0.151142 s, 0.0 kB/s
1+0 records in
1+0 records out
10485760 bytes (10 MB, 10 MiB) copied, 0.208154 s, 50.4 MB/s
0+0 records in
0+0 records out
0 bytes copied, 0.000598317 s, 0.0 kB/s
10+0 records in
10+0 records out
10485760 bytes (10 MB, 10 MiB) copied, 0.724817 s, 14.5 MB/s
1+0 records in
1+0 records out
1+0 records in
1+0 records out
10485760 bytes (10 MB, 10 MiB) copied, 0.378589 s, 27.7 MB/s
10485760 bytes (10 MB, 10 MiB) copied, 0.378594 s, 27.7 MB/s
0+0 records in
0+0 records out
0 bytes copied, 0.0178905 s, 0.0 kB/s
0+0 records in
0+0 records out
0 bytes copied, 0.0218274 s, 0.0 kB/s
1+0 records in
1+0 records out
1+0 records in
1+0 records out
10485760 bytes (10 MB, 10 MiB) copied, 0.350253 s, 29.9 MB/s
10485760 bytes (10 MB, 10 MiB) copied, 0.366956 s, 28.6 MB/s
10+0 records in
10+0 records out
10485760 bytes (10 MB, 10 MiB) copied, 0.416039 s, 25.2 MB/s
1+0 records in
1+0 records out
10485760 bytes (10 MB, 10 MiB) copied, 0.02057 s, 510 MB/s
1+0 records in
1+0 records out
10485760 bytes (10 MB, 10 MiB) copied, 0.0352288 s, 298 MB/s
1+0 records in
1+0 records out
10485760 bytes (10 MB, 10 MiB) copied, 0.681966 s, 15.4 MB/s
0+0 records in
0+0 records out
0 bytes copied, 0.0147663 s, 0.0 kB/s
1+0 records in
1+0 records out
10485760 bytes (10 MB, 10 MiB) copied, 0.261703 s, 40.1 MB/s
1+0 records in
1+0 records out
10485760 bytes (10 MB, 10 MiB) copied, 0.0311547 s, 337 MB/s
1+0 records in
1+0 records out
10485760 bytes (10 MB, 10 MiB) copied, 0.510953 s, 20.5 MB/s
0+0 records in
0+0 records out
0 bytes copied, 0.0199982 s, 0.0 kB/s
10+0 records in
10+0 records out
10485760 bytes (10 MB, 10 MiB) copied, 0.879458 s, 11.9 MB/s
1+0 records in
1+0 records out
10485760 bytes (10 MB, 10 MiB) copied, 0.181961 s, 57.6 MB/s
1+0 records in
1+0 records out
10485760 bytes (10 MB, 10 MiB) copied, 0.183417 s, 57.2 MB/s
0+0 records in
0+0 records out
0 bytes copied, 0.00793942 s, 0.0 kB/s
0+0 records in
0+0 records out
0 bytes copied, 0.0142035 s, 0.0 kB/s
1+0 records in
1+0 records out
10485760 bytes (10 MB, 10 MiB) copied, 0.237255 s, 44.2 MB/s
0+0 records in
0+0 records out
0 bytes copied, 0.00376382 s, 0.0 kB/s
65 sec passed by  fm2
1+0 records in
1+0 records out
10485760 bytes (10 MB, 10 MiB) copied, 0.290416 s, 36.1 MB/s
1+0 records in
1+0 records out
10485760 bytes (10 MB, 10 MiB) copied, 0.310364 s, 33.8 MB/s
0+0 records in
0+0 records out
0 bytes copied, 0.0111109 s, 0.0 kB/s
0+0 records in
0+0 records out
0 bytes copied, 0.0141639 s, 0.0 kB/s
10+0 records in
10+0 records out
10485760 bytes (10 MB, 10 MiB) copied, 0.713161 s, 14.7 MB/s
1+0 records in
1+0 records out
10485760 bytes (10 MB, 10 MiB) copied, 0.189674 s, 55.3 MB/s
0+0 records in
0+0 records out
0 bytes copied, 0.0326022 s, 0.0 kB/s
1+0 records in
1+0 records out
1+0 records in
1+0 records out
10485760 bytes (10 MB, 10 MiB) copied, 0.29042 s, 36.1 MB/s10485760 bytes (10 MB, 10 MiB) copied, 0.290425 s, 36.1 MB/s

0+0 records in
0+0 records out
0 bytes copied, 0.00889231 s, 0.0 kB/s
0+0 records in
0+0 records out
0 bytes copied, 0.0161118 s, 0.0 kB/s
10+0 records in
10+0 records out
10485760 bytes (10 MB, 10 MiB) copied, 0.648155 s, 16.2 MB/s
1+0 records in
1+0 records out
10485760 bytes (10 MB, 10 MiB) copied, 0.340752 s, 30.8 MB/s
0+0 records in
0+0 records out
0 bytes copied, 0.00974123 s, 0.0 kB/s
1+0 records in
1+0 records out
10485760 bytes (10 MB, 10 MiB) copied, 0.173438 s, 60.5 MB/s
1+0 records in
1+0 records out
10485760 bytes (10 MB, 10 MiB) copied, 0.173594 s, 60.4 MB/s
0+0 records in
0+0 records out
0 bytes copied, 0.00707813 s, 0.0 kB/s
0+0 records in
0+0 records out
0 bytes copied, 0.0113047 s, 0.0 kB/s
65 sec passed by  fm2_3
65 sec passed by  fm2_2
10+0 records in
10+0 records out
10485760 bytes (10 MB, 10 MiB) copied, 0.498553 s, 21.0 MB/s
1+0 records in
1+0 records out
10485760 bytes (10 MB, 10 MiB) copied, 0.317849 s, 33.0 MB/s
0+0 records in
0+0 records out
0 bytes copied, 0.00908041 s, 0.0 kB/s
65 sec passed by  fm1
1+0 records in
1+0 records out
10485760 bytes (10 MB, 10 MiB) copied, 0.173468 s, 60.4 MB/s
1+0 records in
1+0 records out
10485760 bytes (10 MB, 10 MiB) copied, 0.0166901 s, 628 MB/s
1+0 records in
1+0 records out
10485760 bytes (10 MB, 10 MiB) copied, 0.367661 s, 28.5 MB/s
0+0 records in
0+0 records out
0 bytes copied, 0.01864 s, 0.0 kB/s
1+0 records in
1+0 records out
10485760 bytes (10 MB, 10 MiB) copied, 0.299693 s, 35.0 MB/s
1+0 records in
1+0 records out
10485760 bytes (10 MB, 10 MiB) copied, 0.637907 s, 16.4 MB/s
10+0 records in
10+0 records out
10485760 bytes (10 MB, 10 MiB) copied, 0.890865 s, 11.8 MB/s
0+0 records in
0+0 records out
0 bytes copied, 0.0114903 s, 0.0 kB/s
0+0 records in
0+0 records out
0 bytes copied, 0.342462 s, 0.0 kB/s
1+0 records in
1+0 records out
10485760 bytes (10 MB, 10 MiB) copied, 0.192121 s, 54.6 MB/s
0+0 records in
0+0 records out
0 bytes copied, 0.015516 s, 0.0 kB/s
1+0 records in
1+0 records out
10485760 bytes (10 MB, 10 MiB) copied, 0.38445 s, 27.3 MB/s
10+0 records in
10+0 records out
10485760 bytes (10 MB, 10 MiB) copied, 0.759337 s, 13.8 MB/s
1+0 records in
1+0 records out
