
------------ BOARD -------------


Please press switch to restart board 

[F 00:00:10
[F 00:00:09
[F 00:00:08
[F 00:00:07
[F 00:00:06
NOTICE:  BL2: R-Car Gen3 Initial Program Loader(CA53) Rev.4.0.0
NOTICE:  BL2: PRR is R-Car E3 Ver.1.1
NOTICE:  BL2: PLL1 nonSSCG Clock select
NOTICE:  BL2: Board is Ebisu-4D Rev.1.0
NOTICE:  BL2: Boot device is HyperFlash(150MHz)
NOTICE:  BL2: LCM state is CM
NOTICE:  BL2: DDR1856(rev.0.12)
NOTICE:  BL2: [COLD_BOOT]
NOTICE:  BL2: DRAM Split is OFF
NOTICE:  BL2: QoS is default setting(rev.0.05)
NOTICE:  BL2: DRAM refresh interval 3.9 usec
NOTICE:  BL2: CH0: 400000000 - 47fffffff, 2 GiB
NOTICE:  BL2: Lossy Decomp areas
NOTICE:       Entry 0: DCMPAREACRAx:0x80000540 DCMPAREACRBx:0x570
NOTICE:       Entry 1: DCMPAREACRAx:0x40000000 DCMPAREACRBx:0x0
NOTICE:       Entry 2: DCMPAREACRAx:0x20000000 DCMPAREACRBx:0x0
NOTICE:  BL2: FDT at 0xe6315d20
NOTICE:  BL2: v2.9(release):9cdb21f75
NOTICE:  BL2: Built : 07:51:46, Jan 13 2024
NOTICE:  BL2: Normal boot
NOTICE:  BL2: dst=0xe6315600 src=0x8180000 len=512(0x200)
NOTICE:  BL2: dst=0x43f00000 src=0x8180400 len=6144(0x1800)
NOTICE:  rcar_file_len: len: 0x0003e000
NOTICE:  BL2: dst=0x44000000 src=0x81c0000 len=253952(0x3e000)
NOTICE:  rcar_file_len: len: 0x00200000
NOTICE:  BL2: dst=0x44100000 src=0x8200000 len=2097152(0x200000)
NOTICE:  rcar_file_len: len: 0x00100000
NOTICE:  BL2: dst=0x50000000 src=0x8640000 len=1048576(0x100000)
NOTICE:  BL2: Booting BL31


U-Boot 2020.10 (Dec 19 2023 - 20:14:43 +0000)

CPU: Renesas Electronics R8A77990 rev 1.1
Model: Renesas Ebisu board based on r8a77990
DRAM:  1.9 GiB
RAM Configuration:
Bank #0: 0x048000000 - 0x0bfffffff, 1.9 GiB

MMC:   sd@ee100000: 0, sd@ee120000: 1, sd@ee160000: 2
Loading Environment from MMC... OK
In:    serial@e6e88000
Out:   serial@e6e88000
Err:   serial@e6e88000
Net:   eth0: ethernet@e6800000
Hit any key to stop autoboot:  2  1  0 
ethernet@e6800000 Waiting for PHY auto negotiation to complete............ done
Using ethernet@e6800000 device
TFTP from server 192.168.10.98; our IP address is 192.168.10.106
Filename 'BV/PT3/boot_USB3H/Image'.
Load address: 0x48080000
Loading: *#################################################################
	 #################################################################
	 #################################################################
	 #################################################################
	 #################################################################
	 #################################################################
	 #################################################################
	 #################################################################
	 #################################################################
	 #################################################################
	 #################################################################
	 #################################################################
	 #################################################################
	 #################################################################
	 #################################################################
	 #################################################################
	 #################################################################
	 #################################################################
	 #################################################################
	 #################################################################
	 #################################################################
	 #################################################################
	 #################################################################
	 #################################################################
	 #################################################################
	 #################################################################
	 #################################################################
	 #################################################################
	 #################################################################
	 #################################################################
	 #################################################################
	 #################################################################
	 #################################################################
	 #################################################################
	 ##############################################
	 3.9 MiB/s
done
Bytes transferred = 33112576 (1f94200 hex)
Using ethernet@e6800000 device
TFTP from server 192.168.10.98; our IP address is 192.168.10.106
Filename 'BV/PT3/boot_USB3H/r8a77990-ebisu-4d.dtb'.
Load address: 0x48000000
Loading: *####
	 4.9 MiB/s
done
Bytes transferred = 56930 (de62 hex)
Moving Image from 0x48080000 to 0x48200000, end=4a220000
## Flattened Device Tree blob at 48000000
   Booting using the fdt blob at 0x48000000
   Loading Device Tree to 0000000053fef000, end 0000000053fffe61 ... OK

Starting kernel ...

[    0.000000] Booting Linux on physical CPU 0x0000000000 [0x410fd034]
[    0.000000] Linux version 5.10.194-yocto-standard (thuan.nguyen-hong@banvien) (aarch64-poky-linux-gcc (GCC) 9.3.0, GNU ld (GNU Binutils) 2.34.0.20200220) #13 SMP PREEMPT Sat Feb 3 10:27:40 UTC 2024
[    0.000000] Machine model: Renesas Ebisu-4D board based on r8a77990
[    0.000000] efi: UEFI not found.
[    0.000000] Reserved memory: created CMA memory pool at 0x0000000057000000, size 16 MiB
[    0.000000] OF: reserved mem: initialized node linux,adsp@57000000, compatible id shared-dma-pool
[    0.000000] Reserved memory: created CMA memory pool at 0x0000000058000000, size 256 MiB
[    0.000000] OF: reserved mem: initialized node linux,cma@58000000, compatible id shared-dma-pool
[    0.000000] Reserved memory: created CMA memory pool at 0x0000000068000000, size 64 MiB
[    0.000000] OF: reserved mem: initialized node linux,multimedia@68000000, compatible id shared-dma-pool
[    0.000000] NUMA: No NUMA configuration found
[    0.000000] NUMA: Faking a node at [mem 0x0000000048000000-0x00000000bfffffff]
[    0.000000] NUMA: NODE_DATA [mem 0xbfc13b00-0xbfc15fff]
[    0.000000] Zone ranges:
[    0.000000]   DMA      [mem 0x0000000048000000-0x00000000bfffffff]
[    0.000000]   DMA32    empty
[    0.000000]   Normal   empty
[    0.000000] Movable zone start for each node
[    0.000000] Early memory node ranges
[    0.000000]   node   0: [mem 0x0000000048000000-0x0000000053ffffff]
[    0.000000]   node   0: [mem 0x0000000054000000-0x0000000056ffffff]
[    0.000000]   node   0: [mem 0x0000000057000000-0x00000000bfffffff]
[    0.000000] Initmem setup node 0 [mem 0x0000000048000000-0x00000000bfffffff]
[    0.000000] psci: probing for conduit method from DT.
[    0.000000] psci: PSCIv1.1 detected in firmware.
[    0.000000] psci: Using standard PSCI v0.2 function IDs
[    0.000000] psci: Trusted OS resident on physical CPU 0x0
[    0.000000] psci: SMC Calling Convention v1.2
[    0.000000] percpu: Embedded 23 pages/cpu s56984 r8192 d29032 u94208
[    0.000000] Detected VIPT I-cache on CPU0
[    0.000000] CPU features: detected: ARM erratum 845719
[    0.000000] Built 1 zonelists, mobility grouping on.  Total pages: 483840
[    0.000000] Policy zone: DMA
[    0.000000] Kernel command line: rw root=/dev/nfs nfsroot=192.168.10.98:/data/tftpboot/BV/PT3/rootfs_E3,nfsvers=4 ip=192.168.10.106
[    0.000000] Dentry cache hash table entries: 262144 (order: 9, 2097152 bytes, linear)
[    0.000000] Inode-cache hash table entries: 131072 (order: 8, 1048576 bytes, linear)
[    0.000000] mem auto-init: stack:off, heap alloc:off, heap free:off
[    0.000000] Memory: 1499868K/1966080K available (15104K kernel code, 2832K rwdata, 8204K rodata, 6080K init, 519K bss, 122148K reserved, 344064K cma-reserved)
[    0.000000] SLUB: HWalign=64, Order=0-3, MinObjects=0, CPUs=2, Nodes=1
[    0.000000] rcu: Preemptible hierarchical RCU implementation.
[    0.000000] rcu: 	RCU event tracing is enabled.
[    0.000000] rcu: 	RCU restricting CPUs from NR_CPUS=256 to nr_cpu_ids=2.
[    0.000000] 	Trampoline variant of Tasks RCU enabled.
[    0.000000] rcu: RCU calculated value of scheduler-enlistment delay is 25 jiffies.
[    0.000000] rcu: Adjusting geometry for rcu_fanout_leaf=16, nr_cpu_ids=2
[    0.000000] NR_IRQS: 64, nr_irqs: 64, preallocated irqs: 0
[    0.000000] arch_timer: cp15 timer(s) running at 24.00MHz (virt).
[    0.000000] clocksource: arch_sys_counter: mask: 0xffffffffffffff max_cycles: 0x588fe9dc0, max_idle_ns: 440795202592 ns
[    0.000005] sched_clock: 56 bits at 24MHz, resolution 41ns, wraps every 4398046511097ns
[    0.000395] Console: colour dummy device 80x25
[    0.000800] printk: console [tty0] enabled
[    0.000966] Calibrating delay loop (skipped), value calculated using timer frequency.. 48.00 BogoMIPS (lpj=96000)
[    0.000995] pid_max: default: 32768 minimum: 301
[    0.001088] LSM: Security Framework initializing
[    0.001178] Mount-cache hash table entries: 4096 (order: 3, 32768 bytes, linear)
[    0.001202] Mountpoint-cache hash table entries: 4096 (order: 3, 32768 bytes, linear)
[    0.003165] rcu: Hierarchical SRCU implementation.
[    0.005233] Detected Renesas R-Car Gen3 r8a77990 ES1.1
[    0.007102] EFI services will not be available.
[    0.007614] smp: Bringing up secondary CPUs ...
[    0.008429] Detected VIPT I-cache on CPU1
[    0.008543] CPU1: Booted secondary processor 0x0000000001 [0x410fd034]
[    0.008705] smp: Brought up 1 node, 2 CPUs
[    0.008756] SMP: Total of 2 processors activated.
[    0.008770] CPU features: detected: 32-bit EL0 Support
[    0.008785] CPU features: detected: CRC32 instructions
[    0.008797] CPU features: detected: 32-bit EL1 Support
[    0.019807] CPU: All CPU(s) started at EL1
[    0.019889] alternatives: patching kernel code
[    0.021526] devtmpfs: initialized
[    0.030470] KASLR disabled due to lack of seed
[    0.030801] clocksource: jiffies: mask: 0xffffffff max_cycles: 0xffffffff, max_idle_ns: 7645041785100000 ns
[    0.030843] futex hash table entries: 512 (order: 3, 32768 bytes, linear)
[    0.041253] pinctrl core: initialized pinctrl subsystem
[    0.043521] DMI not present or invalid.
[    0.044493] NET: Registered protocol family 16
[    0.046578] DMA: preallocated 256 KiB GFP_KERNEL pool for atomic allocations
[    0.046782] DMA: preallocated 256 KiB GFP_KERNEL|GFP_DMA pool for atomic allocations
[    0.046956] DMA: preallocated 256 KiB GFP_KERNEL|GFP_DMA32 pool for atomic allocations
[    0.047116] audit: initializing netlink subsys (disabled)
[    0.047544] audit: type=2000 audit(0.044:1): state=initialized audit_enabled=0 res=1
[    0.049412] thermal_sys: Registered thermal governor 'power_allocator'
[    0.049996] cpuidle: using governor menu
[    0.050361] hw-breakpoint: found 6 breakpoint and 4 watchpoint registers.
[    0.050496] ASID allocator initialised with 65536 entries
[    0.052626] Serial: AMBA PL011 UART driver
[    0.101649] sh-pfc e6060000.pinctrl: r8a77990_pfc support registered
[    0.119981] HugeTLB registered 1.00 GiB page size, pre-allocated 0 pages
[    0.120034] HugeTLB registered 32.0 MiB page size, pre-allocated 0 pages
[    0.120047] HugeTLB registered 2.00 MiB page size, pre-allocated 0 pages
[    0.120059] HugeTLB registered 64.0 KiB page size, pre-allocated 0 pages
[    0.121636] cryptd: max_cpu_qlen set to 1000
[    0.125038] ACPI: Interpreter disabled.
[    0.130843] rcar_avs_init: cannot find compatible dts node
[    0.133788] iommu: Default domain type: Translated 
[    0.134953] ipmmu-vmsa e67b0000.iommu: IPMMU context 0 is reserved
[    0.137285] vgaarb: loaded
[    0.137872] SCSI subsystem initialized
[    0.138557] usbcore: registered new interface driver usbfs
[    0.138622] usbcore: registered new interface driver hub
[    0.138670] usbcore: registered new device driver usb
[    0.142392] i2c-sh_mobile e60b0000.i2c: I2C adapter 7, bus speed 400000 Hz
[    0.143605] mc: Linux media interface: v0.10
[    0.143670] videodev: Linux video capture interface: v2.00
[    0.143803] pps_core: LinuxPPS API ver. 1 registered
[    0.143816] pps_core: Software ver. 5.3.6 - Copyright 2005-2007 Rodolfo Giometti <giometti@linux.it>
[    0.143841] PTP clock support registered
[    0.144312] EDAC MC: Ver: 3.0.0
[    0.148299] FPGA manager framework
[    0.148461] Advanced Linux Sound Architecture Driver Initialized.
[    0.149953] clocksource: Switched to clocksource arch_sys_counter
[    0.150501] VFS: Disk quotas dquot_6.6.0
[    0.150597] VFS: Dquot-cache hash table entries: 512 (order 0, 4096 bytes)
[    0.150858] pnp: PnP ACPI: disabled
[    0.156595] NET: Registered protocol family 2
[    0.156885] IP idents hash table entries: 32768 (order: 6, 262144 bytes, linear)
[    0.158021] tcp_listen_portaddr_hash hash table entries: 1024 (order: 2, 16384 bytes, linear)
[    0.158104] TCP established hash table entries: 16384 (order: 5, 131072 bytes, linear)
[    0.158312] TCP bind hash table entries: 16384 (order: 6, 262144 bytes, linear)
[    0.158642] TCP: Hash tables configured (established 16384 bind 16384)
[    0.158860] UDP hash table entries: 1024 (order: 3, 32768 bytes, linear)
[    0.158927] UDP-Lite hash table entries: 1024 (order: 3, 32768 bytes, linear)
[    0.159214] NET: Registered protocol family 1
[    0.160033] RPC: Registered named UNIX socket transport module.
[    0.160074] RPC: Registered udp transport module.
[    0.160085] RPC: Registered tcp transport module.
[    0.160095] RPC: Registered tcp NFSv4.1 backchannel transport module.
[    0.160123] PCI: CLS 0 bytes, default 64
[    0.161304] hw perfevents: enabled with armv8_cortex_a53 PMU driver, 7 counters available
[    0.162254] kvm [1]: HYP mode not available
[    0.166495] Initialise system trusted keyrings
[    0.166941] workingset: timestamp_bits=42 max_order=19 bucket_order=0
[    0.173026] squashfs: version 4.0 (2009/01/31) Phillip Lougher
[    0.174158] NFS: Registering the id_resolver key type
[    0.174282] Key type id_resolver registered
[    0.174293] Key type id_legacy registered
[    0.174391] nfs4filelayout_init: NFSv4 File Layout Driver Registering...
[    0.174407] nfs4flexfilelayout_init: NFSv4 Flexfile Layout Driver Registering...
[    0.174735] 9p: Installing v9fs 9p2000 file system support
[    0.211247] Key type asymmetric registered
[    0.211301] Asymmetric key parser 'x509' registered
[    0.211412] Block layer SCSI generic (bsg) driver version 0.4 loaded (major 243)
[    0.211431] io scheduler mq-deadline registered
[    0.211447] io scheduler kyber registered
[    0.228581] gpio_rcar e6050000.gpio: driving 18 GPIOs
[    0.229678] gpio_rcar e6051000.gpio: driving 23 GPIOs
[    0.230888] gpio_rcar e6052000.gpio: driving 26 GPIOs
[    0.231885] gpio_rcar e6053000.gpio: driving 16 GPIOs
[    0.232747] gpio_rcar e6054000.gpio: driving 11 GPIOs
[    0.233504] gpio_rcar e6055000.gpio: driving 20 GPIOs
[    0.234368] gpio_rcar e6055400.gpio: driving 18 GPIOs
[    0.240488] rcar-pcie fe000000.pcie: host bridge /soc/pcie@fe000000 ranges:
[    0.240572] rcar-pcie fe000000.pcie:       IO 0x00fe100000..0x00fe1fffff -> 0x0000000000
[    0.240608] rcar-pcie fe000000.pcie:      MEM 0x00fe200000..0x00fe3fffff -> 0x00fe200000
[    0.240637] rcar-pcie fe000000.pcie:      MEM 0x0030000000..0x0037ffffff -> 0x0030000000
[    0.240659] rcar-pcie fe000000.pcie:      MEM 0x0038000000..0x003fffffff -> 0x0038000000
[    0.240687] rcar-pcie fe000000.pcie:   IB MEM 0x0040000000..0x00bfffffff -> 0x0040000000
[    0.240786] rcar-pcie fe000000.pcie: no pcie3v3 regulator found
[    0.240805] rcar-pcie fe000000.pcie: no pcie1v8 regulator found
[    0.293289] rcar-pcie fe000000.pcie: PCIe link down
[    0.297303] EINJ: ACPI disabled.
[    0.349146] Serial: 8250/16550 driver, 4 ports, IRQ sharing enabled
[    0.354202] SuperH (H)SCI(F) driver initialized
[    0.355164] e6e88000.serial: ttySC0 at MMIO 0xe6e88000 (irq = 119, base_baud = 0) is a scif
[    1.325868] printk: console [ttySC0] enabled
[    1.332859] msm_serial: driver initialized
[    1.359788] loop: module loaded
[    1.366006] megasas: 07.714.04.00-rc1
[    1.381871] tun: Universal TUN/TAP device driver, 1.6
[    1.389245] thunder_xcv, ver 1.0
[    1.392633] thunder_bgx, ver 1.0
[    1.395915] nicpf, ver 1.0
[    1.401522] hclge is initializing
[    1.404996] hns3: Hisilicon Ethernet Network Driver for Hip08 Family - version
[    1.412256] hns3: Copyright (c) 2017 Huawei Corporation.
[    1.417739] e1000: Intel(R) PRO/1000 Network Driver
[    1.422637] e1000: Copyright (c) 1999-2006 Intel Corporation.
[    1.428457] e1000e: Intel(R) PRO/1000 Network Driver
[    1.433439] e1000e: Copyright(c) 1999 - 2015 Intel Corporation.
[    1.439440] igb: Intel(R) Gigabit Ethernet Network Driver
[    1.444858] igb: Copyright (c) 2007-2014 Intel Corporation.
[    1.450484] igbvf: Intel(R) Gigabit Virtual Function Network Driver
[    1.456773] igbvf: Copyright (c) 2009 - 2012 Intel Corporation.
[    1.463879] sky2: driver version 1.30
[    1.473426] ravb e6800000.ethernet eth0: Base address at 0xe6800000, 2e:09:0a:03:87:d4, IRQ 114.
[    1.485483] VFIO - User Level meta-driver version: 0.3
[    1.495363] ehci_hcd: USB 2.0 'Enhanced' Host Controller (EHCI) Driver
[    1.502034] ehci-pci: EHCI PCI platform driver
[    1.506584] ehci-platform: EHCI generic platform driver
[    1.512888] ehci-orion: EHCI orion driver
[    1.517516] ehci-exynos: EHCI Exynos driver
[    1.522145] ohci_hcd: USB 1.1 'Open' Host Controller (OHCI) Driver
[    1.528422] ohci-pci: OHCI PCI platform driver
[    1.533002] ohci-platform: OHCI generic platform driver
[    1.539262] ohci-exynos: OHCI Exynos driver
[    1.544169] usbcore: registered new interface driver usb-storage
[    1.553784] renesas_usbhs e6590000.usb: host probed
[    1.558806] renesas_usbhs e6590000.usb: no transceiver found
[    1.564685] renesas_usbhs e6590000.usb: gadget probed
[    1.569988] renesas_usbhs e6590000.usb: probed
[    1.580084] i2c /dev entries driver
[    1.590222] pca953x 0-0020: supply vcc not found, using dummy regulator
[    1.597115] pca953x 0-0020: using no AI
[    1.605046] adv7511 0-0039: supply avdd not found, using dummy regulator
[    1.612117] adv7511 0-0039: supply dvdd not found, using dummy regulator
[    1.618904] adv7511 0-0039: supply pvdd not found, using dummy regulator
[    1.625686] adv7511 0-0039: supply bgvdd not found, using dummy regulator
[    1.632536] adv7511 0-0039: supply dvdd-3v not found, using dummy regulator
[    1.650508] i2c-rcar e6500000.i2c: probed
[    1.664895] cs2000-cp 3-004f: revision - C1
[    1.669338] i2c-rcar e66d0000.i2c: probed
[    1.676106] adv748x 0-0070: Endpoint /soc/i2c@e6500000/video-receiver@70/port@7/endpoint on port 7
[    1.685193] adv748x 0-0070: Endpoint /soc/i2c@e6500000/video-receiver@70/port@8/endpoint on port 8
[    1.694199] adv748x 0-0070: Endpoint /soc/i2c@e6500000/video-receiver@70/port@a/endpoint on port 10
[    1.704381] adv748x 0-0070: chip found @ 0xe0 revision 2143
[    1.801865] rcar-csi2 feaa0000.csi2: 2 lanes found
[    1.812511] rcar-vin e6ef4000.video: Device registered as video0
[    1.818746] rcar-vin e6ef5000.video: Device registered as video1
[    1.832787] rcar_thermal e6190000.thermal: 1 sensor probed
[    1.846763] cpu cpu0: EM: invalid perf. state: -22
[    1.858527] sdhci: Secure Digital Host Controller Interface driver
[    1.864821] sdhci: Copyright(c) Pierre Ossman
[    1.871124] Synopsys Designware Multimedia Card Interface Driver
[    1.871530] renesas_sdhi_internal_dmac ee100000.mmc: Got CD GPIO
[    1.880353] sdhci-pltfm: SDHCI platform and OF driver helper
[    1.884655] renesas_sdhi_internal_dmac ee120000.mmc: Got CD GPIO
[    1.894501] renesas_sdhi_internal_dmac ee100000.mmc: Got WP GPIO
[    1.901268] ledtrig-cpu: registered to indicate activity on CPUs
[    1.902959] renesas_sdhi_internal_dmac ee160000.mmc: Adding to iommu group 0
[    1.910138] SMCCC: SOC_ID: ARCH_SOC_ID not implemented, skipping ....
[    1.914539] renesas_sdhi_internal_dmac ee160000.mmc: Using IPMMU context 1
[    1.930743] usbcore: registered new interface driver usbhid
[    1.936397] usbhid: USB HID core driver
[    1.949436] optee: probing for conduit method.
[    1.954040] optee: revision 3.22 (314ecf9d)
[    1.954498] optee driver R-Car Rev.1.0.11
[    1.963162] optee: dynamic shared memory is enabled
[    1.968643] optee: initialized driver
[    1.981285] renesas_sdhi_internal_dmac ee160000.mmc: mmc0 base at 0x00000000ee160000, max clock rate 200 MHz
[    1.988718] rcar_sound ec500000.sound: probed
[    1.996861] NET: Registered protocol family 17
[    2.001755] 9pnet: Installing 9P2000 support
[    2.006194] Key type dns_resolver registered
[    2.011183] registered taskstats version 1
[    2.015424] Loading compiled-in X.509 certificates
[    2.032823] thermal emergency: set temperature to 110 celsius
[    2.038880] thermal emergency: shutdown target cpus 1
[    2.043960] thermal emergency: freq scaled target cpus 0
[    2.050366] renesas_irqc e61c0000.interrupt-controller: driving 6 irqs
[    2.102216] mmc0: new HS400 MMC card at address 0001
[    2.108564] mmcblk0: mmc0:0001 DG4032 29.1 GiB 
[    2.113617] mmcblk0boot0: mmc0:0001 DG4032 partition 1 4.00 MiB
[    2.114035] ehci-platform ee080100.usb: EHCI Host Controller
[    2.120054] mmcblk0boot1: mmc0:0001 DG4032 partition 2 4.00 MiB
[    2.125418] ehci-platform ee080100.usb: new USB bus registered, assigned bus number 1
[    2.131518] mmcblk0rpmb: mmc0:0001 DG4032 partition 3 4.00 MiB, chardev (509:0)
[    2.139228] ehci-platform ee080100.usb: irq 142, io mem 0xee080100
[    2.153496]  mmcblk0: p1
[    2.165993] ehci-platform ee080100.usb: USB 2.0 started, EHCI 1.10
[    2.173084] hub 1-0:1.0: USB hub found
[    2.176950] hub 1-0:1.0: 1 port detected
[    2.184289] ohci-platform ee080000.usb: Generic Platform OHCI controller
[    2.191111] ohci-platform ee080000.usb: new USB bus registered, assigned bus number 2
[    2.199140] ohci-platform ee080000.usb: irq 142, io mem 0xee080000
[    2.292899] hub 2-0:1.0: USB hub found
[    2.296763] hub 2-0:1.0: 1 port detected
[    2.308632] renesas_sdhi_internal_dmac ee120000.mmc: Got CD GPIO
[    2.311493] renesas_sdhi_internal_dmac ee100000.mmc: Got CD GPIO
[    2.322167] renesas_sdhi_internal_dmac ee100000.mmc: Got WP GPIO
[    2.343025] [drm] Initialized rcar-du 1.0.0 20130110 for feb00000.display on minor 0
[    2.351006] [drm] Device feb00000.display probed
[    2.362820] renesas_sdhi_internal_dmac ee120000.mmc: mmc2 base at 0x00000000ee120000, max clock rate 200 MHz
[    2.374556] renesas_sdhi_internal_dmac ee100000.mmc: mmc1 base at 0x00000000ee100000, max clock rate 200 MHz
[    2.400003] Console: switching to colour frame buffer device 128x48
[    2.442517] rcar-du feb00000.display: [drm] fb0: rcar-dudrmfb frame buffer device
[    2.529637] ravb e6800000.ethernet eth0: limited PHY to 100Mbit/s
[    2.535964] Micrel KSZ9031 Gigabit PHY e6800000.ethernet-ffffffff:00: attached PHY driver [Micrel KSZ9031 Gigabit PHY] (mii_bus:phy_addr=e6800000.ethernet-ffffffff:00, irq=147)
[    4.111476] ravb e6800000.ethernet eth0: Link is Up - 100Mbps/Full - flow control off
[    4.137989] IP-Config: Guessing netmask 255.255.255.0
[    4.143201] IP-Config: Complete:
[    4.146521]      device=eth0, hwaddr=2e:09:0a:03:87:d4, ipaddr=192.168.10.106, mask=255.255.255.0, gw=255.255.255.255
[    4.157367]      host=192.168.10.106, domain=, nis-domain=(none)
[    4.163510]      bootserver=255.255.255.255, rootserver=192.168.10.98, rootpath=
[    4.164110] ALSA device list:
[    4.174805]   No soundcards found.
[    4.221328] VFS: Mounted root (nfs4 filesystem) on device 0:22.
[    4.229298] devtmpfs: mounted
[    4.236074] Freeing unused kernel memory: 6080K
[    4.250078] Run /sbin/init as init process
[    4.884629] systemd[1]: System time before build time, advancing clock.
[    5.598078] random: crng init done
[    7.033385] NET: Registered protocol family 10
[    7.043751] Segment Routing with IPv6
[    7.110091] systemd[1]: systemd 244 running in system mode. (+PAM -AUDIT -SELINUX +IMA -APPARMOR -SMACK +SYSVINIT +UTMP -LIBCRYPTSETUP -GCRYPT -GNUTLS +ACL +XZ -LZ4 -SECCOMP +BLKID -ELFUTILS +KMOD -IDN2 -IDN -PCRE2 default-hierarchy=hybrid)
[    7.140827] systemd[1]: Detected architecture arm64.

Welcome to [1mPoky (Yocto Project Reference Distro) 3.1.11 (dunfell)[0m!

[    7.181726] systemd[1]: Set hostname to <ebisu>.
[    8.489352] systemd[1]: system-getty.slice: unit configures an IP firewall, but the local system does not support BPF/cgroup firewalling.
[    8.510452] systemd[1]: (This warning is only shown for the first unit using IP firewalling.)
[    8.527290] systemd[1]: Created slice system-getty.slice.
[[0;32m  OK  [0m] Created slice [0;1;39msystem-getty.slice[0m.
[    8.552420] systemd[1]: Created slice system-serial\x2dgetty.slice.
[[0;32m  OK  [0m] Created slice [0;1;39msystem-serial\x2dgetty.slice[0m.
[    8.580335] systemd[1]: Created slice User and Session Slice.
[[0;32m  OK  [0m] Created slice [0;1;39mUser and Session Slice[0m.
[    8.606924] systemd[1]: Started Dispatch Password Requests to Console Directory Watch.
[[0;32m  OK  [0m] Started [0;1;39mDispatch Password â€¦ts to Console Directory Watch[0m.
[    8.638869] systemd[1]: Started Forward Password Requests to Wall Directory Watch.
[[0;32m  OK  [0m] Started [0;1;39mForward Password Râ€¦uests to Wall Directory Watch[0m.
[    8.670529] systemd[1]: Reached target Paths.
[[0;32m  OK  [0m] Reached target [0;1;39mPaths[0m.
[    8.694400] systemd[1]: Reached target Remote File Systems.
[[0;32m  OK  [0m] Reached target [0;1;39mRemote File Systems[0m.
[    8.718365] systemd[1]: Reached target Slices.
[[0;32m  OK  [0m] Reached target [0;1;39mSlices[0m.
[    8.742397] systemd[1]: Reached target Swap.
[[0;32m  OK  [0m] Reached target [0;1;39mSwap[0m.
[    8.770117] systemd[1]: Listening on RPCbind Server Activation Socket.
[[0;32m  OK  [0m] Listening on [0;1;39mRPCbind Server Activation Socket[0m.
[    8.798358] systemd[1]: Reached target RPC Port Mapper.
[[0;32m  OK  [0m] Reached target [0;1;39mRPC Port Mapper[0m.
[    8.823012] systemd[1]: Listening on initctl Compatibility Named Pipe.
[[0;32m  OK  [0m] Listening on [0;1;39minitctl Compatibility Named Pipe[0m.
[    8.852809] systemd[1]: Listening on Journal Audit Socket.
[[0;32m  OK  [0m] Listening on [0;1;39mJournal Audit Socket[0m.
[    8.880470] systemd[1]: Listening on Journal Socket (/dev/log).
[[0;32m  OK  [0m] Listening on [0;1;39mJournal Socket (/dev/log)[0m.
[    8.907411] systemd[1]: Listening on Journal Socket.
[[0;32m  OK  [0m] Listening on [0;1;39mJournal Socket[0m.
[    8.932902] systemd[1]: Listening on Network Service Netlink Socket.
[[0;32m  OK  [0m] Listening on [0;1;39mNetwork Service Netlink Socket[0m.
[    8.961641] systemd[1]: Listening on udev Control Socket.
[[0;32m  OK  [0m] Listening on [0;1;39mudev Control Socket[0m.
[    8.987131] systemd[1]: Listening on udev Kernel Socket.
[[0;32m  OK  [0m] Listening on [0;1;39mudev Kernel Socket[0m.
[    9.018615] systemd[1]: Mounting Huge Pages File System...
         Mounting [0;1;39mHuge Pages File System[0m...
[    9.052069] systemd[1]: Mounting POSIX Message Queue File System...
         Mounting [0;1;39mPOSIX Message Queue File System[0m...
[    9.084641] systemd[1]: Mounting Kernel Debug File System...
         Mounting [0;1;39mKernel Debug File System[0m...
[    9.122915] systemd[1]: Mounting Temporary Directory (/tmp)...
         Mounting [0;1;39mTemporary Directory (/tmp)[0m...
[    9.155743] systemd[1]: Starting Create list of static device nodes for the current kernel...
         Starting [0;1;39mCreate list of stâ€¦odes for the current kernel[0m...
[    9.194326] systemd[1]: Starting Start psplash boot splash screen...
         Starting [0;1;39mStart psplash boot splash screen[0m...
[    9.244320] systemd[1]: Starting RPC Bind...
         Starting [0;1;39mRPC Bind[0m...
[    9.272932] systemd[1]: Condition check resulted in File System Check on Root Device being skipped.
[    9.291133] systemd[1]: Starting Journal Service...
         Starting [0;1;39mJournal Service[0m...
[    9.370534] systemd[1]: Starting Load Kernel Modules...
         Starting [0;1;39mLoad Kernel Modules[0m...
[    9.392455] systemd[1]: Starting Remount Root and Kernel File Systems...
         Starting [0;1;39mRemount Root and Kernel File Systems[0m...
[    9.447908] systemd[1]: Starting udev Coldplug all Devices...
         Starting [0;1;39mudev Coldplug all Devices[0m...
[    9.495957] systemd[1]: Started Start psplash boot splash screen.
[[0;32m  OK  [0m] Started [0;1;39mStart psplash boot splash screen[0m.
[    9.563558] systemd[1]: Started RPC Bind.
[[0;32m  OK  [0m] Started [0;1;39mRPC Bind[0m.
[    9.590877] systemd[1]: Mounted Huge Pages File System.
[[0;32m  OK  [0m] Mounted [0;1;39mHuge Pages File System[0m.
[    9.652953] systemd[1]: Mounted POSIX Message Queue File System.
[[0;32m  OK  [0m] Mounted [0;1;39mPOSIX Message Queue File System[0m.
[    9.694191] systemd[1]: Mounted Kernel Debug File System.
[[0;32m  OK  [0m] Mounted [0;1;39mKernel Debug File System[0m.
[    9.725451] systemd[1]: Mounted Temporary Directory (/tmp).
[[0;32m  OK  [0m] Mounted [0;1;39mTemporary Directory (/tmp)[0m.
[    9.758555] systemd[1]: Started Create list of static device nodes for the current kernel.
[[0;32m  OK  [0m] Started [0;1;39mCreate list of staâ€¦ nodes for the current kernel[0m.
[    9.794666] systemd[1]: Started Load Kernel Modules.
[[0;32m  OK  [0m] Started [0;1;39mLoad Kernel Modules[0m.
[    9.811870] systemd[1]: Started Journal Service.
[[0;32m  OK  [0m] Started [0;1;39mJournal Service[0m.
[[0;32m  OK  [0m] Started [0;1;39mRemount Root and Kernel File Systems[0m.
         Mounting [0;1;39mKernel Configuration File System[0m...
[[0;32m  OK  [0m] Started [0;1;39mStart psplash-systâ€¦progress communication helper[0m.
         Starting [0;1;39mFlush Journal to Persistent Storage[0m...
         Starting [0;1;39mApply Kernel Variables[0m...
         Starting [0;1;39mCreate Static Device Nodes in /dev[0m...
[   10.057151] systemd-journald[244]: Received client request to flush runtime journal.
[[0;32m  OK  [0m] Mounted [0;1;39mKernel Configuration File System[0m.
[[0;32m  OK  [0m] Started [0;1;39mFlush Journal to Persistent Storage[0m.
[[0;32m  OK  [0m] Started [0;1;39mApply Kernel Variables[0m.
[[0;32m  OK  [0m] Started [0;1;39mCreate Static Device Nodes in /dev[0m.
[[0;32m  OK  [0m] Reached target [0;1;39mLocal File Systems (Pre)[0m.
         Mounting [0;1;39m/var/volatile[0m...
         Starting [0;1;39mudev Kernel Device Manager[0m...
[[0;32m  OK  [0m] Mounted [0;1;39m/var/volatile[0m.
         Starting [0;1;39mLoad/Save Random Seed[0m...
[[0;32m  OK  [0m] Reached target [0;1;39mLocal File Systems[0m.
         Starting [0;1;39mCreate Volatile Files and Directories[0m...
[[0;32m  OK  [0m] Started [0;1;39mLoad/Save Random Seed[0m.
[[0;32m  OK  [0m] Started [0;1;39mudev Kernel Device Manager[0m.
         Starting [0;1;39mNetwork Service[0m...
[[0;32m  OK  [0m] Started [0;1;39mudev Coldplug all Devices[0m.
[[0;32m  OK  [0m] Started [0;1;39mCreate Volatile Files and Directories[0m.
         Starting [0;1;39mNetwork Time Synchronization[0m...
         Starting [0;1;39mUpdate UTMP about System Boot/Shutdown[0m...
[[0;32m  OK  [0m] Started [0;1;39mUpdate UTMP about System Boot/Shutdown[0m.
[[0;32m  OK  [0m] Started [0;1;39mNetwork Service[0m.
         Starting [0;1;39mNetwork Name Resolution[0m...
[[0;32m  OK  [0m] Started [0;1;39mNetwork Time Synchronization[0m.
[[0;32m  OK  [0m] Reached target [0;1;39mSystem Initialization[0m.
[[0;32m  OK  [0m] Started [0;1;39mDaily Cleanup of Temporary Directories[0m.
[[0;32m  OK  [0m] Reached target [0;1;39mSystem Time Set[0m.
[[0;32m  OK  [0m] Reached target [0;1;39mSystem Time Synchronized[0m.
[[0;32m  OK  [0m] Reached target [0;1;39mTimers[0m.
[[0;32m  OK  [0m] Listening on [0;1;39mAvahi mDNS/DNS-SD Stack Activation Socket[0m.
[[0;32m  OK  [0m] Listening on [0;1;39mD-Bus System Message Bus Socket[0m.
[[0;32m  OK  [0m] Listening on [0;1;39mdropbear.socket[0m.
[[0;32m  OK  [0m] Reached target [0;1;39mSockets[0m.
[[0;32m  OK  [0m] Reached target [0;1;39mBasic System[0m.
[[0;32m  OK  [0m] Started [0;1;39mD-Bus System Message Bus[0m.
[[0;32m  OK  [0m] Started [0;1;39moptee services[0m.
         Starting [0;1;39mpvrinit.service[0m...
         Starting [0;1;39mPowerVR consumer services[0m...
         Starting [0;1;39mLogin Service[0m...
[[0;32m  OK  [0m] Started [0;1;39mNetwork Name Resolution[0m.
[[0;32m  OK  [0m] Reached target [0;1;39mNetwork[0m.
[[0;32m  OK  [0m] Reached target [0;1;39mHost and Network Name Lookups[0m.
         Starting [0;1;39mAvahi mDNS/DNS-SD Stack[0m...
         Starting [0;1;39mPermit User Sessions[0m...
[[0;32m  OK  [0m] Started [0;1;39mXinetd A Powerful Replacement For Inetd[0m.
[[0;32m  OK  [0m] Started [0;1;39mAvahi mDNS/DNS-SD Stack[0m.
[[0;32m  OK  [0m] Started [0;1;39mPermit User Sessions[0m.
[[0;32m  OK  [0m] Started [0;1;39mGetty on tty1[0m.
[[0;32m  OK  [0m] Started [0;1;39mSerial Getty on ttySC0[0m.
[[0;32m  OK  [0m] Reached target [0;1;39mLogin Prompts[0m.
[[0;32m  OK  [0m] Started [0;1;39mLogin Service[0m.
[[0;32m  OK  [0m] Reached target [0;1;39mHardware activated USB gadget[0m.
[   14.307247] CAN device driver interface
[   14.670413] rcar_canfd e66c0000.can: can_clk rate is 20000000
[   14.806176] rcar_canfd e66c0000.can: device registered (channel 0)
[   14.851190] rcar_canfd e66c0000.can: global operational state (clk 0, fdmode 1)
[   15.090981] ccree e6601000.crypto: ARM CryptoCell 630P Driver: HW version 0xAF400001/0xDCC63000, Driver version 5.0
[   15.274709] renesas_usb3 ee020000.usb: probed
[[0;32m  OK  [0m] Created slice [0;1;39msystem-weston.slice[0m.
[   15.451817] ccree e6601000.crypto: ARM ccree device initialized
[   15.674483] xhci-hcd ee000000.usb: xHCI Host Controller
[   15.681020] xhci-hcd ee000000.usb: new USB bus registered, assigned bus number 3
[   15.725155] xhci-hcd ee000000.usb: hcc params 0x014051ce hci version 0x100 quirks 0x0000000000830410
[   15.734965] xhci-hcd ee000000.usb: irq 140, io mem 0xee000000
[   15.777051] xhci-hcd ee000000.usb: xHCI Host Controller
[   15.793238] xhci-hcd ee000000.usb: new USB bus registered, assigned bus number 4
[   15.806950] xhci-hcd ee000000.usb: Host supports USB 3.0 SuperSpeed
[   15.818366] hub 3-0:1.0: USB hub found
[   15.822259] hub 3-0:1.0: 1 port detected
[   15.834651] usb usb4: We don't know the algorithms for LPM for this host, disabling LPM.
[   15.891863] hub 4-0:1.0: USB hub found
[   15.929679] hub 4-0:1.0: 1 port detected
[[0;32m  OK  [0m] Created slice [0;1;39msystem-systemd\x2dbacklight.slice[0m.
         Starting [0;1;39mLoad/Save Screen â€¦ness of backlight:backlight[0m...
[[0;32m  OK  [0m] Started [0;1;39mLoad/Save Screen Bâ€¦htness of backlight:backlight[0m.
[   16.494608] usb 4-1: new SuperSpeed Gen 1 USB device number 2 using xhci-hcd
[   16.534254] usb-storage 4-1:1.0: USB Mass Storage device detected
[   16.541823] scsi host0: usb-storage 4-1:1.0
[[0;1;31mFAILED[0m] Failed to start [0;1;39mPowerVR consumer services[0m.
See 'systemctl status rc.pvr.service' for details.
[[0;1;38;5;185mDEPEND[0m] Dependency failed for [0;1;39mWeston Wayland Compositor[0m.
[[0;1;31mFAILED[0m] Failed to start [0;1;39mpvrinit.service[0m.
See 'systemctl status pvrinit.service' for details.
         Starting [0;1;39mset_default_governor.service[0m...
[[0;32m  OK  [0m] Started [0;1;39mset_default_governor.service[0m.
[[0;32m  OK  [0m] Reached target [0;1;39mMulti-User System[0m.
         Starting [0;1;39mUpdate UTMP about System Runlevel Changes[0m...
[[0;32m  OK  [0m] Started [0;1;39mUpdate UTMP about System Runlevel Changes[0m.
[   17.567580] scsi 0:0:0:0: Direct-Access     SanDisk  Extreme Pro      0    PQ: 0 ANSI: 6
[   17.582820] sd 0:0:0:0: [sda] 250085376 512-byte logical blocks: (128 GB/119 GiB)
[   17.591710] sd 0:0:0:0: [sda] Write Protect is off
[   17.597822] sd 0:0:0:0: [sda] Write cache: enabled, read cache: enabled, doesn't support DPO or FUA
[   17.622164]  sda: sda1
[   17.630153] sd 0:0:0:0: [sda] Attached SCSI removable disk

Poky (Yocto Project Reference Distro) 3.1.11 ebisu ttySC0

ebisu login: 
ebisu login: root
[   18.763072] audit: type=1006 audit(1703014374.876:2): pid=392 uid=0 old-auid=4294967295 auid=0 tty=(none) old-ses=4294967295 ses=1 res=1
7[r[999;999H[6n8root@ebisu:~# 
root@ebisu:~# 
root@ebisu:~# [   35.806104] SDHI0 VccQ: disabling
[   35.809521] SDHI1 VccQ: disabling

root@ebisu:~# 
root@ebisu:~# 
root@ebisu:~# 
root@ebisu:~# 
root@ebisu:~# 
root@ebisu:~# 
root@ebisu:~# find /sys/devices/platform/soc/ee000000.usb/ -name 'sd*'
/sys/devices/platform/soc/ee000000.usb/usb4/4-1/4-1:1.0/host0/target0:0:0/0:0:0:0/block/sda
/sys/devices/platform/soc/ee000000.usb/usb4/4-1/4-1:1.0/host0/target0:0:0/0:0:0:0/block/sda/sda1
root@ebisu:~# 
root@ebisu:~# stress-ng --cpu 2 --io 4 --vm 2 --vm-bytes 20M --timeout 3600s &
[1] 403
root@ebisu:~# stress-ng: info:  [403] dispatching hogs: 2 cpu, 4 io, 2 vm

root@ebisu:~# dd if=/dev/urandom of=testdata bs=1024K count=10
10+0 records in
10+0 records out
10485760 bytes (10 MB, 10 MiB) copied, 1.14273 s, 9.2 MB/s
root@ebisu:~# 
root@ebisu:~# cp testdata testdata_aaa &
[2] 415
root@ebisu:~# 
root@ebisu:~# dd if=testdata_aaa of=/dev/sda1 bs=1024K count=10
10+0 records in
10+0 records out
10485760 bytes (10 MB, 10 MiB) copied, 0.744131 s, 14.1 MB/s
root@ebisu:~# 
[2]+  Done                    cp testdata testdata_aaa
root@ebisu:~# dd if=/dev/sda1 of=testdata_bbb bs=1024K count=10
10+0 records in
10+0 records out
10485760 bytes (10 MB, 10 MiB) copied, 1.04044 s, 10.1 MB/s
root@ebisu:~# 
root@ebisu:~# mv testdata_bbb testdata_aaa
root@ebisu:~# 
root@ebisu:~# dd if=testdata_aaa of=/dev/sda1 bs=1024K count=10
10+0 records in
10+0 records out
10485760 bytes (10 MB, 10 MiB) copied, 2.05996 s, 5.1 MB/s
root@ebisu:~# 
root@ebisu:~# dd if=/dev/sda1 of=testdata_bbb bs=1024K count=10
10+0 records in
10+0 records out
10485760 bytes (10 MB, 10 MiB) copied, 1.02496 s, 10.2 MB/s
root@ebisu:~# 
root@ebisu:~# mv testdata_bbb testdata_aaa
root@ebisu:~# 
root@ebisu:~# dd if=testdata_aaa of=/dev/sda1 bs=1024K count=10
10+0 records in
10+0 records out
10485760 bytes (10 MB, 10 MiB) copied, 2.23632 s, 4.7 MB/s
root@ebisu:~# 
root@ebisu:~# dd if=/dev/sda1 of=testdata_bbb bs=1024K count=10
10+0 records in
10+0 records out
10485760 bytes (10 MB, 10 MiB) copied, 1.02699 s, 10.2 MB/s
root@ebisu:~# 
root@ebisu:~# mv testdata_bbb testdata_aaa
root@ebisu:~# 
root@ebisu:~# dd if=testdata_aaa of=/dev/sda1 bs=1024K count=10
10+0 records in
10+0 records out
10485760 bytes (10 MB, 10 MiB) copied, 2.41992 s, 4.3 MB/s
root@ebisu:~# 
root@ebisu:~# dd if=/dev/sda1 of=testdata_bbb bs=1024K count=10
10+0 records in
10+0 records out
10485760 bytes (10 MB, 10 MiB) copied, 1.07299 s, 9.8 MB/s
root@ebisu:~# 
root@ebisu:~# mv testdata_bbb testdata_aaa
root@ebisu:~# 
root@ebisu:~# dd if=testdata_aaa of=/dev/sda1 bs=1024K count=10
10+0 records in
10+0 records out
10485760 bytes (10 MB, 10 MiB) copied, 1.87024 s, 5.6 MB/s
root@ebisu:~# 
root@ebisu:~# dd if=/dev/sda1 of=testdata_bbb bs=1024K count=10
10+0 records in
10+0 records out
10485760 bytes (10 MB, 10 MiB) copied, 1.05649 s, 9.9 MB/s
root@ebisu:~# 
root@ebisu:~# mv testdata_bbb testdata_aaa
root@ebisu:~# 
root@ebisu:~# dd if=testdata_aaa of=/dev/sda1 bs=1024K count=10
10+0 records in
10+0 records out
10485760 bytes (10 MB, 10 MiB) copied, 2.36488 s, 4.4 MB/s
root@ebisu:~# 
root@ebisu:~# dd if=/dev/sda1 of=testdata_bbb bs=1024K count=10
10+0 records in
10+0 records out
10485760 bytes (10 MB, 10 MiB) copied, 1.0636 s, 9.9 MB/s
root@ebisu:~# 
root@ebisu:~# mv testdata_bbb testdata_aaa
root@ebisu:~# 
root@ebisu:~# dd if=testdata_aaa of=/dev/sda1 bs=1024K count=10
10+0 records in
10+0 records out
10485760 bytes (10 MB, 10 MiB) copied, 1.9769 s, 5.3 MB/s
root@ebisu:~# 
root@ebisu:~# dd if=/dev/sda1 of=testdata_bbb bs=1024K count=10
10+0 records in
10+0 records out
10485760 bytes (10 MB, 10 MiB) copied, 1.07224 s, 9.8 MB/s
root@ebisu:~# 
root@ebisu:~# mv testdata_bbb testdata_aaa
root@ebisu:~# 
root@ebisu:~# dd if=testdata_aaa of=/dev/sda1 bs=1024K count=10
10+0 records in
10+0 records out
10485760 bytes (10 MB, 10 MiB) copied, 1.83755 s, 5.7 MB/s
root@ebisu:~# 
root@ebisu:~# dd if=/dev/sda1 of=testdata_bbb bs=1024K count=10
10+0 records in
10+0 records out
10485760 bytes (10 MB, 10 MiB) copied, 1.01816 s, 10.3 MB/s
root@ebisu:~# 
root@ebisu:~# mv testdata_bbb testdata_aaa
root@ebisu:~# 
root@ebisu:~# dd if=testdata_aaa of=/dev/sda1 bs=1024K count=10
10+0 records in
10+0 records out
10485760 bytes (10 MB, 10 MiB) copied, 2.26866 s, 4.6 MB/s
root@ebisu:~# 
root@ebisu:~# dd if=/dev/sda1 of=testdata_bbb bs=1024K count=10
10+0 records in
10+0 records out
10485760 bytes (10 MB, 10 MiB) copied, 1.06898 s, 9.8 MB/s
root@ebisu:~# 
root@ebisu:~# mv testdata_bbb testdata_aaa
root@ebisu:~# 
root@ebisu:~# dd if=testdata_aaa of=/dev/sda1 bs=1024K count=10
10+0 records in
10+0 records out
10485760 bytes (10 MB, 10 MiB) copied, 1.93111 s, 5.4 MB/s
root@ebisu:~# 
root@ebisu:~# dd if=/dev/sda1 of=testdata_bbb bs=1024K count=10
10+0 records in
10+0 records out
10485760 bytes (10 MB, 10 MiB) copied, 1.01924 s, 10.3 MB/s
root@ebisu:~# 
root@ebisu:~# mv testdata_bbb testdata_aaa
root@ebisu:~# 
root@ebisu:~# dd if=testdata_aaa of=/dev/sda1 bs=1024K count=10
10+0 records in
10+0 records out
10485760 bytes (10 MB, 10 MiB) copied, 2.30192 s, 4.6 MB/s
root@ebisu:~# 
root@ebisu:~# dd if=/dev/sda1 of=testdata_bbb bs=1024K count=10
10+0 records in
10+0 records out
10485760 bytes (10 MB, 10 MiB) copied, 1.05874 s, 9.9 MB/s
root@ebisu:~# 
root@ebisu:~# mv testdata_bbb testdata_aaa
root@ebisu:~# 
root@ebisu:~# dd if=testdata_aaa of=/dev/sda1 bs=1024K count=10
10+0 records in
10+0 records out
10485760 bytes (10 MB, 10 MiB) copied, 2.17691 s, 4.8 MB/s
root@ebisu:~# 
root@ebisu:~# dd if=/dev/sda1 of=testdata_bbb bs=1024K count=10
10+0 records in
10+0 records out
10485760 bytes (10 MB, 10 MiB) copied, 1.02887 s, 10.2 MB/s
root@ebisu:~# 
root@ebisu:~# mv testdata_bbb testdata_aaa
root@ebisu:~# 
root@ebisu:~# dd if=testdata_aaa of=/dev/sda1 bs=1024K count=10
10+0 records in
10+0 records out
10485760 bytes (10 MB, 10 MiB) copied, 2.05382 s, 5.1 MB/s
root@ebisu:~# 
root@ebisu:~# dd if=/dev/sda1 of=testdata_bbb bs=1024K count=10
10+0 records in
10+0 records out
10485760 bytes (10 MB, 10 MiB) copied, 1.01594 s, 10.3 MB/s
root@ebisu:~# 
root@ebisu:~# mv testdata_bbb testdata_aaa
root@ebisu:~# 
root@ebisu:~# dd if=testdata_aaa of=/dev/sda1 bs=1024K count=10
10+0 records in
10+0 records out
10485760 bytes (10 MB, 10 MiB) copied, 2.20842 s, 4.7 MB/s
root@ebisu:~# 
root@ebisu:~# dd if=/dev/sda1 of=testdata_bbb bs=1024K count=10
10+0 records in
10+0 records out
10485760 bytes (10 MB, 10 MiB) copied, 1.03839 s, 10.1 MB/s
root@ebisu:~# 
root@ebisu:~# mv testdata_bbb testdata_aaa
root@ebisu:~# 
root@ebisu:~# dd if=testdata_aaa of=/dev/sda1 bs=1024K count=10
10+0 records in
10+0 records out
10485760 bytes (10 MB, 10 MiB) copied, 2.18075 s, 4.8 MB/s
root@ebisu:~# 
root@ebisu:~# dd if=/dev/sda1 of=testdata_bbb bs=1024K count=10
10+0 records in
10+0 records out
10485760 bytes (10 MB, 10 MiB) copied, 1.04015 s, 10.1 MB/s
root@ebisu:~# 
root@ebisu:~# mv testdata_bbb testdata_aaa
root@ebisu:~# 
root@ebisu:~# dd if=testdata_aaa of=/dev/sda1 bs=1024K count=10
10+0 records in
10+0 records out
10485760 bytes (10 MB, 10 MiB) copied, 2.46837 s, 4.2 MB/s
root@ebisu:~# 
root@ebisu:~# dd if=/dev/sda1 of=testdata_bbb bs=1024K count=10
10+0 records in
10+0 records out
10485760 bytes (10 MB, 10 MiB) copied, 1.02182 s, 10.3 MB/s
root@ebisu:~# 
root@ebisu:~# mv testdata_bbb testdata_aaa
root@ebisu:~# 
root@ebisu:~# dd if=testdata_aaa of=/dev/sda1 bs=1024K count=10
10+0 records in
10+0 records out
10485760 bytes (10 MB, 10 MiB) copied, 2.4537 s, 4.3 MB/s
root@ebisu:~# 
root@ebisu:~# dd if=/dev/sda1 of=testdata_bbb bs=1024K count=10
10+0 records in
10+0 records out
10485760 bytes (10 MB, 10 MiB) copied, 1.02209 s, 10.3 MB/s
root@ebisu:~# 
root@ebisu:~# mv testdata_bbb testdata_aaa
root@ebisu:~# 
root@ebisu:~# dd if=testdata_aaa of=/dev/sda1 bs=1024K count=10
10+0 records in
10+0 records out
10485760 bytes (10 MB, 10 MiB) copied, 2.44792 s, 4.3 MB/s
root@ebisu:~# 
root@ebisu:~# dd if=/dev/sda1 of=testdata_bbb bs=1024K count=10
10+0 records in
10+0 records out
10485760 bytes (10 MB, 10 MiB) copied, 1.05069 s, 10.0 MB/s
root@ebisu:~# 
root@ebisu:~# mv testdata_bbb testdata_aaa
root@ebisu:~# 
root@ebisu:~# dd if=testdata_aaa of=/dev/sda1 bs=1024K count=10
10+0 records in
10+0 records out
10485760 bytes (10 MB, 10 MiB) copied, 2.17603 s, 4.8 MB/s
root@ebisu:~# 
root@ebisu:~# dd if=/dev/sda1 of=testdata_bbb bs=1024K count=10
10+0 records in
10+0 records out
10485760 bytes (10 MB, 10 MiB) copied, 1.01609 s, 10.3 MB/s
root@ebisu:~# 
root@ebisu:~# mv testdata_bbb testdata_aaa
root@ebisu:~# 
root@ebisu:~# dd if=testdata_aaa of=/dev/sda1 bs=1024K count=10
10+0 records in
10+0 records out
10485760 bytes (10 MB, 10 MiB) copied, 2.37024 s, 4.4 MB/s
root@ebisu:~# 
root@ebisu:~# dd if=/dev/sda1 of=testdata_bbb bs=1024K count=10
10+0 records in
10+0 records out
10485760 bytes (10 MB, 10 MiB) copied, 1.06457 s, 9.8 MB/s
root@ebisu:~# 
root@ebisu:~# mv testdata_bbb testdata_aaa
root@ebisu:~# 
root@ebisu:~# dd if=testdata_aaa of=/dev/sda1 bs=1024K count=10
10+0 records in
10+0 records out
10485760 bytes (10 MB, 10 MiB) copied, 2.23941 s, 4.7 MB/s
root@ebisu:~# 
root@ebisu:~# dd if=/dev/sda1 of=testdata_bbb bs=1024K count=10
10+0 records in
10+0 records out
10485760 bytes (10 MB, 10 MiB) copied, 1.03234 s, 10.2 MB/s
root@ebisu:~# 
root@ebisu:~# mv testdata_bbb testdata_aaa
root@ebisu:~# 
root@ebisu:~# dd if=testdata_aaa of=/dev/sda1 bs=1024K count=10
10+0 records in
10+0 records out
10485760 bytes (10 MB, 10 MiB) copied, 2.61803 s, 4.0 MB/s
root@ebisu:~# 
root@ebisu:~# dd if=/dev/sda1 of=testdata_bbb bs=1024K count=10
10+0 records in
10+0 records out
10485760 bytes (10 MB, 10 MiB) copied, 1.03443 s, 10.1 MB/s
root@ebisu:~# 
root@ebisu:~# mv testdata_bbb testdata_aaa
root@ebisu:~# 
root@ebisu:~# dd if=testdata_aaa of=/dev/sda1 bs=1024K count=10
10+0 records in
10+0 records out
10485760 bytes (10 MB, 10 MiB) copied, 2.70638 s, 3.9 MB/s
root@ebisu:~# 
root@ebisu:~# dd if=/dev/sda1 of=testdata_bbb bs=1024K count=10
10+0 records in
10+0 records out
10485760 bytes (10 MB, 10 MiB) copied, 1.04732 s, 10.0 MB/s
root@ebisu:~# 
root@ebisu:~# mv testdata_bbb testdata_aaa
root@ebisu:~# 
root@ebisu:~# dd if=testdata_aaa of=/dev/sda1 bs=1024K count=10
10+0 records in
10+0 records out
10485760 bytes (10 MB, 10 MiB) copied, 2.19983 s, 4.8 MB/s
root@ebisu:~# 
root@ebisu:~# dd if=/dev/sda1 of=testdata_bbb bs=1024K count=10
10+0 records in
10+0 records out
10485760 bytes (10 MB, 10 MiB) copied, 1.04103 s, 10.1 MB/s
root@ebisu:~# 
root@ebisu:~# mv testdata_bbb testdata_aaa
root@ebisu:~# 
root@ebisu:~# dd if=testdata_aaa of=/dev/sda1 bs=1024K count=10
10+0 records in
10+0 records out
10485760 bytes (10 MB, 10 MiB) copied, 2.21986 s, 4.7 MB/s
root@ebisu:~# 
root@ebisu:~# dd if=/dev/sda1 of=testdata_bbb bs=1024K count=10
10+0 records in
10+0 records out
10485760 bytes (10 MB, 10 MiB) copied, 1.04401 s, 10.0 MB/s
root@ebisu:~# 
root@ebisu:~# mv testdata_bbb testdata_aaa
root@ebisu:~# 
root@ebisu:~# dd if=testdata_aaa of=/dev/sda1 bs=1024K count=10
10+0 records in
10+0 records out
10485760 bytes (10 MB, 10 MiB) copied, 2.45507 s, 4.3 MB/s
root@ebisu:~# 
root@ebisu:~# dd if=/dev/sda1 of=testdata_bbb bs=1024K count=10
10+0 records in
10+0 records out
10485760 bytes (10 MB, 10 MiB) copied, 1.02613 s, 10.2 MB/s
root@ebisu:~# 
root@ebisu:~# mv testdata_bbb testdata_aaa
root@ebisu:~# 
root@ebisu:~# dd if=testdata_aaa of=/dev/sda1 bs=1024K count=10
10+0 records in
10+0 records out
10485760 bytes (10 MB, 10 MiB) copied, 2.31226 s, 4.5 MB/s
root@ebisu:~# 
root@ebisu:~# dd if=/dev/sda1 of=testdata_bbb bs=1024K count=10
10+0 records in
10+0 records out
10485760 bytes (10 MB, 10 MiB) copied, 1.10032 s, 9.5 MB/s
root@ebisu:~# 
root@ebisu:~# mv testdata_bbb testdata_aaa
root@ebisu:~# 
root@ebisu:~# dd if=testdata_aaa of=/dev/sda1 bs=1024K count=10
10+0 records in
10+0 records out
10485760 bytes (10 MB, 10 MiB) copied, 2.23315 s, 4.7 MB/s
root@ebisu:~# 
root@ebisu:~# dd if=/dev/sda1 of=testdata_bbb bs=1024K count=10
10+0 records in
10+0 records out
10485760 bytes (10 MB, 10 MiB) copied, 1.02401 s, 10.2 MB/s
root@ebisu:~# 
root@ebisu:~# mv testdata_bbb testdata_aaa
root@ebisu:~# 
root@ebisu:~# dd if=testdata_aaa of=/dev/sda1 bs=1024K count=10
10+0 records in
10+0 records out
10485760 bytes (10 MB, 10 MiB) copied, 2.20781 s, 4.7 MB/s
root@ebisu:~# 
root@ebisu:~# dd if=/dev/sda1 of=testdata_bbb bs=1024K count=10
10+0 records in
10+0 records out
10485760 bytes (10 MB, 10 MiB) copied, 1.0123 s, 10.4 MB/s
root@ebisu:~# 
root@ebisu:~# mv testdata_bbb testdata_aaa
root@ebisu:~# 
root@ebisu:~# dd if=testdata_aaa of=/dev/sda1 bs=1024K count=10
10+0 records in
10+0 records out
10485760 bytes (10 MB, 10 MiB) copied, 2.27211 s, 4.6 MB/s
root@ebisu:~# 
root@ebisu:~# dd if=/dev/sda1 of=testdata_bbb bs=1024K count=10
10+0 records in
10+0 records out
10485760 bytes (10 MB, 10 MiB) copied, 1.0317 s, 10.2 MB/s
root@ebisu:~# 
root@ebisu:~# mv testdata_bbb testdata_aaa
root@ebisu:~# 
root@ebisu:~# dd if=testdata_aaa of=/dev/sda1 bs=1024K count=10
10+0 records in
10+0 records out
10485760 bytes (10 MB, 10 MiB) copied, 2.25484 s, 4.7 MB/s
root@ebisu:~# 
root@ebisu:~# dd if=/dev/sda1 of=testdata_bbb bs=1024K count=10
10+0 records in
10+0 records out
10485760 bytes (10 MB, 10 MiB) copied, 1.01614 s, 10.3 MB/s
root@ebisu:~# 
root@ebisu:~# mv testdata_bbb testdata_aaa
root@ebisu:~# 
root@ebisu:~# dd if=testdata_aaa of=/dev/sda1 bs=1024K count=10
10+0 records in
10+0 records out
10485760 bytes (10 MB, 10 MiB) copied, 2.60053 s, 4.0 MB/s
root@ebisu:~# 
root@ebisu:~# dd if=/dev/sda1 of=testdata_bbb bs=1024K count=10
10+0 records in
10+0 records out
10485760 bytes (10 MB, 10 MiB) copied, 1.02755 s, 10.2 MB/s
root@ebisu:~# 
root@ebisu:~# mv testdata_bbb testdata_aaa
root@ebisu:~# 
root@ebisu:~# dd if=testdata_aaa of=/dev/sda1 bs=1024K count=10
10+0 records in
10+0 records out
10485760 bytes (10 MB, 10 MiB) copied, 2.09171 s, 5.0 MB/s
root@ebisu:~# 
root@ebisu:~# dd if=/dev/sda1 of=testdata_bbb bs=1024K count=10
10+0 records in
10+0 records out
10485760 bytes (10 MB, 10 MiB) copied, 1.05212 s, 10.0 MB/s
root@ebisu:~# 
root@ebisu:~# mv testdata_bbb testdata_aaa
root@ebisu:~# 
root@ebisu:~# dd if=testdata_aaa of=/dev/sda1 bs=1024K count=10
10+0 records in
10+0 records out
10485760 bytes (10 MB, 10 MiB) copied, 2.47177 s, 4.2 MB/s
root@ebisu:~# 
root@ebisu:~# dd if=/dev/sda1 of=testdata_bbb bs=1024K count=10
10+0 records in
10+0 records out
10485760 bytes (10 MB, 10 MiB) copied, 1.00848 s, 10.4 MB/s
root@ebisu:~# 
root@ebisu:~# mv testdata_bbb testdata_aaa
root@ebisu:~# 
root@ebisu:~# dd if=testdata_aaa of=/dev/sda1 bs=1024K count=10
10+0 records in
10+0 records out
10485760 bytes (10 MB, 10 MiB) copied, 2.02288 s, 5.2 MB/s
root@ebisu:~# 
root@ebisu:~# dd if=/dev/sda1 of=testdata_bbb bs=1024K count=10
10+0 records in
10+0 records out
10485760 bytes (10 MB, 10 MiB) copied, 0.99912 s, 10.5 MB/s
root@ebisu:~# 
root@ebisu:~# mv testdata_bbb testdata_aaa
root@ebisu:~# 
root@ebisu:~# dd if=testdata_aaa of=/dev/sda1 bs=1024K count=10
10+0 records in
10+0 records out
10485760 bytes (10 MB, 10 MiB) copied, 1.84338 s, 5.7 MB/s
root@ebisu:~# 
root@ebisu:~# dd if=/dev/sda1 of=testdata_bbb bs=1024K count=10
10+0 records in
10+0 records out
10485760 bytes (10 MB, 10 MiB) copied, 1.03273 s, 10.2 MB/s
root@ebisu:~# 
root@ebisu:~# mv testdata_bbb testdata_aaa
root@ebisu:~# 
root@ebisu:~# dd if=testdata_aaa of=/dev/sda1 bs=1024K count=10
10+0 records in
10+0 records out
10485760 bytes (10 MB, 10 MiB) copied, 2.4368 s, 4.3 MB/s
root@ebisu:~# 
root@ebisu:~# dd if=/dev/sda1 of=testdata_bbb bs=1024K count=10
10+0 records in
10+0 records out
10485760 bytes (10 MB, 10 MiB) copied, 1.06101 s, 9.9 MB/s
root@ebisu:~# 
root@ebisu:~# mv testdata_bbb testdata_aaa
root@ebisu:~# 
root@ebisu:~# dd if=testdata_aaa of=/dev/sda1 bs=1024K count=10
10+0 records in
10+0 records out
10485760 bytes (10 MB, 10 MiB) copied, 2.01198 s, 5.2 MB/s
root@ebisu:~# 
root@ebisu:~# dd if=/dev/sda1 of=testdata_bbb bs=1024K count=10
10+0 records in
10+0 records out
10485760 bytes (10 MB, 10 MiB) copied, 1.04963 s, 10.0 MB/s
root@ebisu:~# 
root@ebisu:~# mv testdata_bbb testdata_aaa
root@ebisu:~# 
root@ebisu:~# dd if=testdata_aaa of=/dev/sda1 bs=1024K count=10
10+0 records in
10+0 records out
10485760 bytes (10 MB, 10 MiB) copied, 2.02014 s, 5.2 MB/s
root@ebisu:~# 
root@ebisu:~# dd if=/dev/sda1 of=testdata_bbb bs=1024K count=10
10+0 records in
10+0 records out
10485760 bytes (10 MB, 10 MiB) copied, 1.03544 s, 10.1 MB/s
root@ebisu:~# 
root@ebisu:~# mv testdata_bbb testdata_aaa
root@ebisu:~# 
root@ebisu:~# dd if=testdata_aaa of=/dev/sda1 bs=1024K count=10
10+0 records in
10+0 records out
10485760 bytes (10 MB, 10 MiB) copied, 2.16798 s, 4.8 MB/s
root@ebisu:~# 
root@ebisu:~# dd if=/dev/sda1 of=testdata_bbb bs=1024K count=10
10+0 records in
10+0 records out
10485760 bytes (10 MB, 10 MiB) copied, 1.02464 s, 10.2 MB/s
root@ebisu:~# 
root@ebisu:~# mv testdata_bbb testdata_aaa
root@ebisu:~# 
root@ebisu:~# dd if=testdata_aaa of=/dev/sda1 bs=1024K count=10
10+0 records in
10+0 records out
10485760 bytes (10 MB, 10 MiB) copied, 1.94409 s, 5.4 MB/s
root@ebisu:~# 
root@ebisu:~# dd if=/dev/sda1 of=testdata_bbb bs=1024K count=10
10+0 records in
10+0 records out
10485760 bytes (10 MB, 10 MiB) copied, 1.03861 s, 10.1 MB/s
root@ebisu:~# 
root@ebisu:~# mv testdata_bbb testdata_aaa
root@ebisu:~# 
root@ebisu:~# dd if=testdata_aaa of=/dev/sda1 bs=1024K count=10
10+0 records in
10+0 records out
10485760 bytes (10 MB, 10 MiB) copied, 2.33618 s, 4.5 MB/s
root@ebisu:~# 
root@ebisu:~# dd if=/dev/sda1 of=testdata_bbb bs=1024K count=10
10+0 records in
10+0 records out
10485760 bytes (10 MB, 10 MiB) copied, 1.03237 s, 10.2 MB/s
root@ebisu:~# 
root@ebisu:~# mv testdata_bbb testdata_aaa
root@ebisu:~# 
root@ebisu:~# dd if=testdata_aaa of=/dev/sda1 bs=1024K count=10
10+0 records in
10+0 records out
10485760 bytes (10 MB, 10 MiB) copied, 2.22853 s, 4.7 MB/s
root@ebisu:~# 
root@ebisu:~# dd if=/dev/sda1 of=testdata_bbb bs=1024K count=10
10+0 records in
10+0 records out
10485760 bytes (10 MB, 10 MiB) copied, 1.05094 s, 10.0 MB/s
root@ebisu:~# 
root@ebisu:~# mv testdata_bbb testdata_aaa
root@ebisu:~# 
root@ebisu:~# dd if=testdata_aaa of=/dev/sda1 bs=1024K count=10
10+0 records in
10+0 records out
10485760 bytes (10 MB, 10 MiB) copied, 1.31605 s, 8.0 MB/s
root@ebisu:~# 
root@ebisu:~# dd if=/dev/sda1 of=testdata_bbb bs=1024K count=10
10+0 records in
10+0 records out
10485760 bytes (10 MB, 10 MiB) copied, 1.01972 s, 10.3 MB/s
root@ebisu:~# 
root@ebisu:~# mv testdata_bbb testdata_aaa
root@ebisu:~# 
root@ebisu:~# dd if=testdata_aaa of=/dev/sda1 bs=1024K count=10
10+0 records in
10+0 records out
10485760 bytes (10 MB, 10 MiB) copied, 2.33967 s, 4.5 MB/s
root@ebisu:~# 
root@ebisu:~# dd if=/dev/sda1 of=testdata_bbb bs=1024K count=10
10+0 records in
10+0 records out
10485760 bytes (10 MB, 10 MiB) copied, 1.01514 s, 10.3 MB/s
root@ebisu:~# 
root@ebisu:~# mv testdata_bbb testdata_aaa
root@ebisu:~# 
root@ebisu:~# dd if=testdata_aaa of=/dev/sda1 bs=1024K count=10
10+0 records in
10+0 records out
10485760 bytes (10 MB, 10 MiB) copied, 2.20776 s, 4.7 MB/s
root@ebisu:~# 
root@ebisu:~# dd if=/dev/sda1 of=testdata_bbb bs=1024K count=10
10+0 records in
10+0 records out
10485760 bytes (10 MB, 10 MiB) copied, 1.06079 s, 9.9 MB/s
root@ebisu:~# 
root@ebisu:~# mv testdata_bbb testdata_aaa
root@ebisu:~# 
root@ebisu:~# dd if=testdata_aaa of=/dev/sda1 bs=1024K count=10
10+0 records in
10+0 records out
10485760 bytes (10 MB, 10 MiB) copied, 1.6958 s, 6.2 MB/s
root@ebisu:~# 
root@ebisu:~# dd if=/dev/sda1 of=testdata_bbb bs=1024K count=10
10+0 records in
10+0 records out
10485760 bytes (10 MB, 10 MiB) copied, 1.05545 s, 9.9 MB/s
root@ebisu:~# 
root@ebisu:~# mv testdata_bbb testdata_aaa
root@ebisu:~# 
root@ebisu:~# dd if=testdata_aaa of=/dev/sda1 bs=1024K count=10
10+0 records in
10+0 records out
10485760 bytes (10 MB, 10 MiB) copied, 2.28371 s, 4.6 MB/s
root@ebisu:~# 
root@ebisu:~# dd if=/dev/sda1 of=testdata_bbb bs=1024K count=10
10+0 records in
10+0 records out
10485760 bytes (10 MB, 10 MiB) copied, 1.00564 s, 10.4 MB/s
root@ebisu:~# 
root@ebisu:~# mv testdata_bbb testdata_aaa
root@ebisu:~# 
root@ebisu:~# dd if=testdata_aaa of=/dev/sda1 bs=1024K count=10
10+0 records in
10+0 records out
10485760 bytes (10 MB, 10 MiB) copied, 2.64462 s, 4.0 MB/s
root@ebisu:~# 
root@ebisu:~# dd if=/dev/sda1 of=testdata_bbb bs=1024K count=10
10+0 records in
10+0 records out
10485760 bytes (10 MB, 10 MiB) copied, 1.04059 s, 10.1 MB/s
root@ebisu:~# 
root@ebisu:~# mv testdata_bbb testdata_aaa
root@ebisu:~# 
root@ebisu:~# dd if=testdata_aaa of=/dev/sda1 bs=1024K count=10
10+0 records in
10+0 records out
10485760 bytes (10 MB, 10 MiB) copied, 1.78391 s, 5.9 MB/s
root@ebisu:~# 
root@ebisu:~# dd if=/dev/sda1 of=testdata_bbb bs=1024K count=10
10+0 records in
10+0 records out
10485760 bytes (10 MB, 10 MiB) copied, 1.0328 s, 10.2 MB/s
root@ebisu:~# 
root@ebisu:~# mv testdata_bbb testdata_aaa
root@ebisu:~# 
root@ebisu:~# dd if=testdata_aaa of=/dev/sda1 bs=1024K count=10
10+0 records in
10+0 records out
10485760 bytes (10 MB, 10 MiB) copied, 2.83637 s, 3.7 MB/s
root@ebisu:~# 
root@ebisu:~# dd if=/dev/sda1 of=testdata_bbb bs=1024K count=10
10+0 records in
10+0 records out
10485760 bytes (10 MB, 10 MiB) copied, 1.08593 s, 9.7 MB/s
root@ebisu:~# 
root@ebisu:~# mv testdata_bbb testdata_aaa
root@ebisu:~# 
root@ebisu:~# dd if=testdata_aaa of=/dev/sda1 bs=1024K count=10
10+0 records in
10+0 records out
10485760 bytes (10 MB, 10 MiB) copied, 2.24398 s, 4.7 MB/s
root@ebisu:~# 
root@ebisu:~# dd if=/dev/sda1 of=testdata_bbb bs=1024K count=10
10+0 records in
10+0 records out
10485760 bytes (10 MB, 10 MiB) copied, 1.03211 s, 10.2 MB/s
root@ebisu:~# 
root@ebisu:~# mv testdata_bbb testdata_aaa
root@ebisu:~# 
root@ebisu:~# dd if=testdata_aaa of=/dev/sda1 bs=1024K count=10
10+0 records in
10+0 records out
10485760 bytes (10 MB, 10 MiB) copied, 2.47591 s, 4.2 MB/s
root@ebisu:~# 
root@ebisu:~# dd if=/dev/sda1 of=testdata_bbb bs=1024K count=10
10+0 records in
10+0 records out
10485760 bytes (10 MB, 10 MiB) copied, 1.01673 s, 10.3 MB/s
root@ebisu:~# 
root@ebisu:~# mv testdata_bbb testdata_aaa
root@ebisu:~# 
root@ebisu:~# dd if=testdata_aaa of=/dev/sda1 bs=1024K count=10
10+0 records in
10+0 records out
10485760 bytes (10 MB, 10 MiB) copied, 2.09016 s, 5.0 MB/s
root@ebisu:~# 
root@ebisu:~# dd if=/dev/sda1 of=testdata_bbb bs=1024K count=10
10+0 records in
10+0 records out
10485760 bytes (10 MB, 10 MiB) copied, 1.00493 s, 10.4 MB/s
root@ebisu:~# 
root@ebisu:~# mv testdata_bbb testdata_aaa
root@ebisu:~# 
root@ebisu:~# dd if=testdata_aaa of=/dev/sda1 bs=1024K count=10
10+0 records in
10+0 records out
10485760 bytes (10 MB, 10 MiB) copied, 2.02238 s, 5.2 MB/s
root@ebisu:~# 
root@ebisu:~# dd if=/dev/sda1 of=testdata_bbb bs=1024K count=10
10+0 records in
10+0 records out
10485760 bytes (10 MB, 10 MiB) copied, 1.07035 s, 9.8 MB/s
root@ebisu:~# 
root@ebisu:~# mv testdata_bbb testdata_aaa
root@ebisu:~# 
root@ebisu:~# dd if=testdata_aaa of=/dev/sda1 bs=1024K count=10
10+0 records in
10+0 records out
10485760 bytes (10 MB, 10 MiB) copied, 1.95199 s, 5.4 MB/s
root@ebisu:~# 
root@ebisu:~# dd if=/dev/sda1 of=testdata_bbb bs=1024K count=10
10+0 records in
10+0 records out
10485760 bytes (10 MB, 10 MiB) copied, 1.05374 s, 10.0 MB/s
root@ebisu:~# 
root@ebisu:~# mv testdata_bbb testdata_aaa
root@ebisu:~# 
root@ebisu:~# dd if=testdata_aaa of=/dev/sda1 bs=1024K count=10
10+0 records in
10+0 records out
10485760 bytes (10 MB, 10 MiB) copied, 2.1235 s, 4.9 MB/s
root@ebisu:~# 
root@ebisu:~# dd if=/dev/sda1 of=testdata_bbb bs=1024K count=10
10+0 records in
10+0 records out
10485760 bytes (10 MB, 10 MiB) copied, 1.04826 s, 10.0 MB/s
root@ebisu:~# 
root@ebisu:~# mv testdata_bbb testdata_aaa
root@ebisu:~# 
root@ebisu:~# dd if=testdata_aaa of=/dev/sda1 bs=1024K count=10
10+0 records in
10+0 records out
10485760 bytes (10 MB, 10 MiB) copied, 2.45945 s, 4.3 MB/s
root@ebisu:~# 
root@ebisu:~# dd if=/dev/sda1 of=testdata_bbb bs=1024K count=10
10+0 records in
10+0 records out
10485760 bytes (10 MB, 10 MiB) copied, 1.01951 s, 10.3 MB/s
root@ebisu:~# 
root@ebisu:~# mv testdata_bbb testdata_aaa
root@ebisu:~# 
root@ebisu:~# dd if=testdata_aaa of=/dev/sda1 bs=1024K count=10
10+0 records in
10+0 records out
10485760 bytes (10 MB, 10 MiB) copied, 2.59162 s, 4.0 MB/s
root@ebisu:~# 
root@ebisu:~# dd if=/dev/sda1 of=testdata_bbb bs=1024K count=10
10+0 records in
10+0 records out
10485760 bytes (10 MB, 10 MiB) copied, 1.08785 s, 9.6 MB/s
root@ebisu:~# 
root@ebisu:~# mv testdata_bbb testdata_aaa
root@ebisu:~# 
root@ebisu:~# dd if=testdata_aaa of=/dev/sda1 bs=1024K count=10
10+0 records in
10+0 records out
10485760 bytes (10 MB, 10 MiB) copied, 2.05369 s, 5.1 MB/s
root@ebisu:~# 
root@ebisu:~# dd if=/dev/sda1 of=testdata_bbb bs=1024K count=10
10+0 records in
10+0 records out
10485760 bytes (10 MB, 10 MiB) copied, 1.04558 s, 10.0 MB/s
root@ebisu:~# 
root@ebisu:~# mv testdata_bbb testdata_aaa
root@ebisu:~# 
root@ebisu:~# dd if=testdata_aaa of=/dev/sda1 bs=1024K count=10
10+0 records in
10+0 records out
10485760 bytes (10 MB, 10 MiB) copied, 1.84453 s, 5.7 MB/s
root@ebisu:~# 
root@ebisu:~# dd if=/dev/sda1 of=testdata_bbb bs=1024K count=10
10+0 records in
10+0 records out
10485760 bytes (10 MB, 10 MiB) copied, 1.05277 s, 10.0 MB/s
root@ebisu:~# 
root@ebisu:~# mv testdata_bbb testdata_aaa
root@ebisu:~# 
root@ebisu:~# dd if=testdata_aaa of=/dev/sda1 bs=1024K count=10
10+0 records in
10+0 records out
10485760 bytes (10 MB, 10 MiB) copied, 2.25372 s, 4.7 MB/s
root@ebisu:~# 
root@ebisu:~# dd if=/dev/sda1 of=testdata_bbb bs=1024K count=10
10+0 records in
10+0 records out
10485760 bytes (10 MB, 10 MiB) copied, 1.03735 s, 10.1 MB/s
root@ebisu:~# 
root@ebisu:~# mv testdata_bbb testdata_aaa
root@ebisu:~# 
root@ebisu:~# dd if=testdata_aaa of=/dev/sda1 bs=1024K count=10
10+0 records in
10+0 records out
10485760 bytes (10 MB, 10 MiB) copied, 2.33959 s, 4.5 MB/s
root@ebisu:~# 
root@ebisu:~# dd if=/dev/sda1 of=testdata_bbb bs=1024K count=10
10+0 records in
10+0 records out
10485760 bytes (10 MB, 10 MiB) copied, 1.09622 s, 9.6 MB/s
root@ebisu:~# 
root@ebisu:~# mv testdata_bbb testdata_aaa
root@ebisu:~# 
root@ebisu:~# dd if=testdata_aaa of=/dev/sda1 bs=1024K count=10
10+0 records in
10+0 records out
10485760 bytes (10 MB, 10 MiB) copied, 1.95988 s, 5.4 MB/s
root@ebisu:~# 
root@ebisu:~# dd if=/dev/sda1 of=testdata_bbb bs=1024K count=10
10+0 records in
10+0 records out
10485760 bytes (10 MB, 10 MiB) copied, 1.05627 s, 9.9 MB/s
root@ebisu:~# 
root@ebisu:~# mv testdata_bbb testdata_aaa
root@ebisu:~# 
root@ebisu:~# dd if=testdata_aaa of=/dev/sda1 bs=1024K count=10
10+0 records in
10+0 records out
10485760 bytes (10 MB, 10 MiB) copied, 1.89274 s, 5.5 MB/s
root@ebisu:~# 
root@ebisu:~# dd if=/dev/sda1 of=testdata_bbb bs=1024K count=10
10+0 records in
10+0 records out
10485760 bytes (10 MB, 10 MiB) copied, 1.0251 s, 10.2 MB/s
root@ebisu:~# 
root@ebisu:~# mv testdata_bbb testdata_aaa
root@ebisu:~# 
root@ebisu:~# dd if=testdata_aaa of=/dev/sda1 bs=1024K count=10
10+0 records in
10+0 records out
10485760 bytes (10 MB, 10 MiB) copied, 2.21809 s, 4.7 MB/s
root@ebisu:~# 
root@ebisu:~# dd if=/dev/sda1 of=testdata_bbb bs=1024K count=10
10+0 records in
10+0 records out
10485760 bytes (10 MB, 10 MiB) copied, 1.03487 s, 10.1 MB/s
root@ebisu:~# 
root@ebisu:~# mv testdata_bbb testdata_aaa
root@ebisu:~# 
root@ebisu:~# dd if=testdata_aaa of=/dev/sda1 bs=1024K count=10
10+0 records in
10+0 records out
10485760 bytes (10 MB, 10 MiB) copied, 2.24686 s, 4.7 MB/s
root@ebisu:~# 
root@ebisu:~# dd if=/dev/sda1 of=testdata_bbb bs=1024K count=10
10+0 records in
10+0 records out
10485760 bytes (10 MB, 10 MiB) copied, 1.03631 s, 10.1 MB/s
root@ebisu:~# 
root@ebisu:~# mv testdata_bbb testdata_aaa
root@ebisu:~# 
root@ebisu:~# dd if=testdata_aaa of=/dev/sda1 bs=1024K count=10
10+0 records in
10+0 records out
10485760 bytes (10 MB, 10 MiB) copied, 2.20439 s, 4.8 MB/s
root@ebisu:~# 
root@ebisu:~# dd if=/dev/sda1 of=testdata_bbb bs=1024K count=10
10+0 records in
10+0 records out
10485760 bytes (10 MB, 10 MiB) copied, 1.04052 s, 10.1 MB/s
root@ebisu:~# 
root@ebisu:~# mv testdata_bbb testdata_aaa
root@ebisu:~# 
root@ebisu:~# dd if=testdata_aaa of=/dev/sda1 bs=1024K count=10
10+0 records in
10+0 records out
10485760 bytes (10 MB, 10 MiB) copied, 2.6358 s, 4.0 MB/s
root@ebisu:~# 
root@ebisu:~# dd if=/dev/sda1 of=testdata_bbb bs=1024K count=10
10+0 records in
10+0 records out
10485760 bytes (10 MB, 10 MiB) copied, 1.03761 s, 10.1 MB/s
root@ebisu:~# 
root@ebisu:~# mv testdata_bbb testdata_aaa
root@ebisu:~# 
root@ebisu:~# dd if=testdata_aaa of=/dev/sda1 bs=1024K count=10
10+0 records in
10+0 records out
10485760 bytes (10 MB, 10 MiB) copied, 2.339 s, 4.5 MB/s
root@ebisu:~# 
root@ebisu:~# dd if=/dev/sda1 of=testdata_bbb bs=1024K count=10
10+0 records in
10+0 records out
10485760 bytes (10 MB, 10 MiB) copied, 1.0293 s, 10.2 MB/s
root@ebisu:~# 
root@ebisu:~# mv testdata_bbb testdata_aaa
root@ebisu:~# 
root@ebisu:~# dd if=testdata_aaa of=/dev/sda1 bs=1024K count=10
10+0 records in
10+0 records out
10485760 bytes (10 MB, 10 MiB) copied, 2.21988 s, 4.7 MB/s
root@ebisu:~# 
root@ebisu:~# dd if=/dev/sda1 of=testdata_bbb bs=1024K count=10
10+0 records in
10+0 records out
10485760 bytes (10 MB, 10 MiB) copied, 1.01994 s, 10.3 MB/s
root@ebisu:~# 
root@ebisu:~# mv testdata_bbb testdata_aaa
root@ebisu:~# 
root@ebisu:~# dd if=testdata_aaa of=/dev/sda1 bs=1024K count=10
10+0 records in
10+0 records out
10485760 bytes (10 MB, 10 MiB) copied, 2.14382 s, 4.9 MB/s
root@ebisu:~# 
root@ebisu:~# dd if=/dev/sda1 of=testdata_bbb bs=1024K count=10
10+0 records in
10+0 records out
10485760 bytes (10 MB, 10 MiB) copied, 0.999944 s, 10.5 MB/s
root@ebisu:~# 
root@ebisu:~# mv testdata_bbb testdata_aaa
root@ebisu:~# 
root@ebisu:~# dd if=testdata_aaa of=/dev/sda1 bs=1024K count=10
10+0 records in
10+0 records out
10485760 bytes (10 MB, 10 MiB) copied, 1.98079 s, 5.3 MB/s
root@ebisu:~# 
root@ebisu:~# dd if=/dev/sda1 of=testdata_bbb bs=1024K count=10
10+0 records in
10+0 records out
10485760 bytes (10 MB, 10 MiB) copied, 1.02865 s, 10.2 MB/s
root@ebisu:~# 
root@ebisu:~# mv testdata_bbb testdata_aaa
root@ebisu:~# 
root@ebisu:~# dd if=testdata_aaa of=/dev/sda1 bs=1024K count=10
10+0 records in
10+0 records out
10485760 bytes (10 MB, 10 MiB) copied, 1.89518 s, 5.5 MB/s
root@ebisu:~# 
root@ebisu:~# dd if=/dev/sda1 of=testdata_bbb bs=1024K count=10
10+0 records in
10+0 records out
10485760 bytes (10 MB, 10 MiB) copied, 1.03627 s, 10.1 MB/s
root@ebisu:~# 
root@ebisu:~# mv testdata_bbb testdata_aaa
root@ebisu:~# 
root@ebisu:~# dd if=testdata_aaa of=/dev/sda1 bs=1024K count=10
10+0 records in
10+0 records out
10485760 bytes (10 MB, 10 MiB) copied, 2.26933 s, 4.6 MB/s
root@ebisu:~# 
root@ebisu:~# dd if=/dev/sda1 of=testdata_bbb bs=1024K count=10
10+0 records in
10+0 records out
10485760 bytes (10 MB, 10 MiB) copied, 1.04564 s, 10.0 MB/s
root@ebisu:~# 
root@ebisu:~# mv testdata_bbb testdata_aaa
root@ebisu:~# 
root@ebisu:~# dd if=testdata_aaa of=/dev/sda1 bs=1024K count=10
10+0 records in
10+0 records out
10485760 bytes (10 MB, 10 MiB) copied, 2.14853 s, 4.9 MB/s
root@ebisu:~# 
root@ebisu:~# dd if=/dev/sda1 of=testdata_bbb bs=1024K count=10
10+0 records in
10+0 records out
10485760 bytes (10 MB, 10 MiB) copied, 1.03592 s, 10.1 MB/s
root@ebisu:~# 
root@ebisu:~# mv testdata_bbb testdata_aaa
root@ebisu:~# 
root@ebisu:~# dd if=testdata_aaa of=/dev/sda1 bs=1024K count=10
10+0 records in
10+0 records out
10485760 bytes (10 MB, 10 MiB) copied, 1.80918 s, 5.8 MB/s
root@ebisu:~# 
root@ebisu:~# dd if=/dev/sda1 of=testdata_bbb bs=1024K count=10
10+0 records in
10+0 records out
10485760 bytes (10 MB, 10 MiB) copied, 1.00519 s, 10.4 MB/s
root@ebisu:~# 
root@ebisu:~# mv testdata_bbb testdata_aaa
root@ebisu:~# 
root@ebisu:~# dd if=testdata_aaa of=/dev/sda1 bs=1024K count=10
10+0 records in
10+0 records out
10485760 bytes (10 MB, 10 MiB) copied, 2.20354 s, 4.8 MB/s
root@ebisu:~# 
root@ebisu:~# dd if=/dev/sda1 of=testdata_bbb bs=1024K count=10
10+0 records in
10+0 records out
10485760 bytes (10 MB, 10 MiB) copied, 1.01205 s, 10.4 MB/s
root@ebisu:~# 
root@ebisu:~# mv testdata_bbb testdata_aaa
root@ebisu:~# 
root@ebisu:~# dd if=testdata_aaa of=/dev/sda1 bs=1024K count=10
10+0 records in
10+0 records out
10485760 bytes (10 MB, 10 MiB) copied, 1.39289 s, 7.5 MB/s
root@ebisu:~# 
root@ebisu:~# dd if=/dev/sda1 of=testdata_bbb bs=1024K count=10
10+0 records in
10+0 records out
10485760 bytes (10 MB, 10 MiB) copied, 1.04085 s, 10.1 MB/s
root@ebisu:~# 
root@ebisu:~# mv testdata_bbb testdata_aaa
root@ebisu:~# 
root@ebisu:~# dd if=testdata_aaa of=/dev/sda1 bs=1024K count=10
10+0 records in
10+0 records out
10485760 bytes (10 MB, 10 MiB) copied, 2.29205 s, 4.6 MB/s
root@ebisu:~# 
root@ebisu:~# dd if=/dev/sda1 of=testdata_bbb bs=1024K count=10
10+0 records in
10+0 records out
10485760 bytes (10 MB, 10 MiB) copied, 1.06558 s, 9.8 MB/s
root@ebisu:~# 
root@ebisu:~# mv testdata_bbb testdata_aaa
root@ebisu:~# 
root@ebisu:~# dd if=testdata_aaa of=/dev/sda1 bs=1024K count=10
10+0 records in
10+0 records out
10485760 bytes (10 MB, 10 MiB) copied, 1.82991 s, 5.7 MB/s
root@ebisu:~# 
root@ebisu:~# dd if=/dev/sda1 of=testdata_bbb bs=1024K count=10
10+0 records in
10+0 records out
10485760 bytes (10 MB, 10 MiB) copied, 1.05548 s, 9.9 MB/s
root@ebisu:~# 
root@ebisu:~# mv testdata_bbb testdata_aaa
root@ebisu:~# 
root@ebisu:~# dd if=testdata_aaa of=/dev/sda1 bs=1024K count=10
10+0 records in
10+0 records out
10485760 bytes (10 MB, 10 MiB) copied, 2.25567 s, 4.6 MB/s
root@ebisu:~# 
root@ebisu:~# dd if=/dev/sda1 of=testdata_bbb bs=1024K count=10
10+0 records in
10+0 records out
10485760 bytes (10 MB, 10 MiB) copied, 1.03348 s, 10.1 MB/s
root@ebisu:~# 
root@ebisu:~# mv testdata_bbb testdata_aaa
root@ebisu:~# 
root@ebisu:~# dd if=testdata_aaa of=/dev/sda1 bs=1024K count=10
10+0 records in
10+0 records out
10485760 bytes (10 MB, 10 MiB) copied, 2.1331 s, 4.9 MB/s
root@ebisu:~# 
root@ebisu:~# dd if=/dev/sda1 of=testdata_bbb bs=1024K count=10
10+0 records in
10+0 records out
10485760 bytes (10 MB, 10 MiB) copied, 1.05609 s, 9.9 MB/s
root@ebisu:~# 
root@ebisu:~# mv testdata_bbb testdata_aaa
root@ebisu:~# 
root@ebisu:~# dd if=testdata_aaa of=/dev/sda1 bs=1024K count=10
10+0 records in
10+0 records out
10485760 bytes (10 MB, 10 MiB) copied, 1.82769 s, 5.7 MB/s
root@ebisu:~# 
root@ebisu:~# dd if=/dev/sda1 of=testdata_bbb bs=1024K count=10
10+0 records in
10+0 records out
10485760 bytes (10 MB, 10 MiB) copied, 1.0462 s, 10.0 MB/s
root@ebisu:~# 
root@ebisu:~# mv testdata_bbb testdata_aaa
root@ebisu:~# 
root@ebisu:~# dd if=testdata_aaa of=/dev/sda1 bs=1024K count=10
10+0 records in
10+0 records out
10485760 bytes (10 MB, 10 MiB) copied, 2.35929 s, 4.4 MB/s
root@ebisu:~# 
root@ebisu:~# dd if=/dev/sda1 of=testdata_bbb bs=1024K count=10
10+0 records in
10+0 records out
10485760 bytes (10 MB, 10 MiB) copied, 1.04059 s, 10.1 MB/s
root@ebisu:~# 
root@ebisu:~# mv testdata_bbb testdata_aaa
root@ebisu:~# 
root@ebisu:~# dd if=testdata_aaa of=/dev/sda1 bs=1024K count=10
10+0 records in
10+0 records out
10485760 bytes (10 MB, 10 MiB) copied, 2.10455 s, 5.0 MB/s
root@ebisu:~# 
root@ebisu:~# dd if=/dev/sda1 of=testdata_bbb bs=1024K count=10
10+0 records in
10+0 records out
10485760 bytes (10 MB, 10 MiB) copied, 1.05799 s, 9.9 MB/s
root@ebisu:~# 
root@ebisu:~# mv testdata_bbb testdata_aaa
root@ebisu:~# 
root@ebisu:~# dd if=testdata_aaa of=/dev/sda1 bs=1024K count=10
10+0 records in
10+0 records out
10485760 bytes (10 MB, 10 MiB) copied, 2.04215 s, 5.1 MB/s
root@ebisu:~# 
root@ebisu:~# dd if=/dev/sda1 of=testdata_bbb bs=1024K count=10
10+0 records in
10+0 records out
10485760 bytes (10 MB, 10 MiB) copied, 1.05454 s, 9.9 MB/s
root@ebisu:~# 
root@ebisu:~# mv testdata_bbb testdata_aaa
root@ebisu:~# 
root@ebisu:~# dd if=testdata_aaa of=/dev/sda1 bs=1024K count=10
10+0 records in
10+0 records out
10485760 bytes (10 MB, 10 MiB) copied, 1.80359 s, 5.8 MB/s
root@ebisu:~# 
root@ebisu:~# dd if=/dev/sda1 of=testdata_bbb bs=1024K count=10
10+0 records in
10+0 records out
10485760 bytes (10 MB, 10 MiB) copied, 1.02811 s, 10.2 MB/s
root@ebisu:~# 
root@ebisu:~# mv testdata_bbb testdata_aaa
root@ebisu:~# 
root@ebisu:~# dd if=testdata_aaa of=/dev/sda1 bs=1024K count=10
10+0 records in
10+0 records out
10485760 bytes (10 MB, 10 MiB) copied, 2.49276 s, 4.2 MB/s
root@ebisu:~# 
root@ebisu:~# dd if=/dev/sda1 of=testdata_bbb bs=1024K count=10
10+0 records in
10+0 records out
10485760 bytes (10 MB, 10 MiB) copied, 1.01053 s, 10.4 MB/s
root@ebisu:~# 
root@ebisu:~# mv testdata_bbb testdata_aaa
root@ebisu:~# 
root@ebisu:~# dd if=testdata_aaa of=/dev/sda1 bs=1024K count=10
10+0 records in
10+0 records out
10485760 bytes (10 MB, 10 MiB) copied, 2.34696 s, 4.5 MB/s
root@ebisu:~# 
root@ebisu:~# dd if=/dev/sda1 of=testdata_bbb bs=1024K count=10
10+0 records in
10+0 records out
10485760 bytes (10 MB, 10 MiB) copied, 1.02579 s, 10.2 MB/s
root@ebisu:~# 
root@ebisu:~# mv testdata_bbb testdata_aaa
root@ebisu:~# 
root@ebisu:~# dd if=testdata_aaa of=/dev/sda1 bs=1024K count=10
10+0 records in
10+0 records out
10485760 bytes (10 MB, 10 MiB) copied, 2.2356 s, 4.7 MB/s
root@ebisu:~# 
root@ebisu:~# dd if=/dev/sda1 of=testdata_bbb bs=1024K count=10
10+0 records in
10+0 records out
10485760 bytes (10 MB, 10 MiB) copied, 1.02068 s, 10.3 MB/s
root@ebisu:~# 
root@ebisu:~# mv testdata_bbb testdata_aaa
root@ebisu:~# 
root@ebisu:~# dd if=testdata_aaa of=/dev/sda1 bs=1024K count=10
10+0 records in
10+0 records out
10485760 bytes (10 MB, 10 MiB) copied, 2.12959 s, 4.9 MB/s
root@ebisu:~# 
root@ebisu:~# dd if=/dev/sda1 of=testdata_bbb bs=1024K count=10
10+0 records in
10+0 records out
10485760 bytes (10 MB, 10 MiB) copied, 1.03753 s, 10.1 MB/s
root@ebisu:~# 
root@ebisu:~# mv testdata_bbb testdata_aaa
root@ebisu:~# 
root@ebisu:~# dd if=testdata_aaa of=/dev/sda1 bs=1024K count=10
10+0 records in
10+0 records out
10485760 bytes (10 MB, 10 MiB) copied, 1.83234 s, 5.7 MB/s
root@ebisu:~# 
root@ebisu:~# dd if=/dev/sda1 of=testdata_bbb bs=1024K count=10
10+0 records in
10+0 records out
10485760 bytes (10 MB, 10 MiB) copied, 1.02451 s, 10.2 MB/s
root@ebisu:~# 
root@ebisu:~# mv testdata_bbb testdata_aaa
root@ebisu:~# 
root@ebisu:~# dd if=testdata_aaa of=/dev/sda1 bs=1024K count=10
10+0 records in
10+0 records out
10485760 bytes (10 MB, 10 MiB) copied, 2.50801 s, 4.2 MB/s
root@ebisu:~# 
root@ebisu:~# dd if=/dev/sda1 of=testdata_bbb bs=1024K count=10
10+0 records in
10+0 records out
10485760 bytes (10 MB, 10 MiB) copied, 1.0251 s, 10.2 MB/s
root@ebisu:~# 
root@ebisu:~# mv testdata_bbb testdata_aaa
root@ebisu:~# 
root@ebisu:~# dd if=testdata_aaa of=/dev/sda1 bs=1024K count=10
10+0 records in
10+0 records out
10485760 bytes (10 MB, 10 MiB) copied, 1.88753 s, 5.6 MB/s
root@ebisu:~# 
root@ebisu:~# dd if=/dev/sda1 of=testdata_bbb bs=1024K count=10
10+0 records in
10+0 records out
10485760 bytes (10 MB, 10 MiB) copied, 1.02083 s, 10.3 MB/s
root@ebisu:~# 
root@ebisu:~# mv testdata_bbb testdata_aaa
root@ebisu:~# 
root@ebisu:~# dd if=testdata_aaa of=/dev/sda1 bs=1024K count=10
10+0 records in
10+0 records out
10485760 bytes (10 MB, 10 MiB) copied, 1.86994 s, 5.6 MB/s
root@ebisu:~# 
root@ebisu:~# dd if=/dev/sda1 of=testdata_bbb bs=1024K count=10
10+0 records in
10+0 records out
10485760 bytes (10 MB, 10 MiB) copied, 1.09604 s, 9.6 MB/s
root@ebisu:~# 
root@ebisu:~# mv testdata_bbb testdata_aaa
root@ebisu:~# 
root@ebisu:~# dd if=testdata_aaa of=/dev/sda1 bs=1024K count=10
10+0 records in
10+0 records out
10485760 bytes (10 MB, 10 MiB) copied, 2.01944 s, 5.2 MB/s
root@ebisu:~# 
root@ebisu:~# dd if=/dev/sda1 of=testdata_bbb bs=1024K count=10
10+0 records in
10+0 records out
10485760 bytes (10 MB, 10 MiB) copied, 1.01354 s, 10.3 MB/s
root@ebisu:~# 
root@ebisu:~# mv testdata_bbb testdata_aaa
root@ebisu:~# 
root@ebisu:~# dd if=testdata_aaa of=/dev/sda1 bs=1024K count=10
10+0 records in
10+0 records out
10485760 bytes (10 MB, 10 MiB) copied, 2.50843 s, 4.2 MB/s
root@ebisu:~# 
root@ebisu:~# dd if=/dev/sda1 of=testdata_bbb bs=1024K count=10
10+0 records in
10+0 records out
10485760 bytes (10 MB, 10 MiB) copied, 1.05587 s, 9.9 MB/s
root@ebisu:~# 
root@ebisu:~# mv testdata_bbb testdata_aaa
root@ebisu:~# 
root@ebisu:~# dd if=testdata_aaa of=/dev/sda1 bs=1024K count=10
10+0 records in
10+0 records out
10485760 bytes (10 MB, 10 MiB) copied, 2.14159 s, 4.9 MB/s
root@ebisu:~# 
root@ebisu:~# dd if=/dev/sda1 of=testdata_bbb bs=1024K count=10
10+0 records in
10+0 records out
10485760 bytes (10 MB, 10 MiB) copied, 1.07244 s, 9.8 MB/s
root@ebisu:~# 
root@ebisu:~# mv testdata_bbb testdata_aaa
root@ebisu:~# 
root@ebisu:~# dd if=testdata_aaa of=/dev/sda1 bs=1024K count=10
10+0 records in
10+0 records out
10485760 bytes (10 MB, 10 MiB) copied, 2.29384 s, 4.6 MB/s
root@ebisu:~# 
root@ebisu:~# dd if=/dev/sda1 of=testdata_bbb bs=1024K count=10
10+0 records in
10+0 records out
10485760 bytes (10 MB, 10 MiB) copied, 1.02105 s, 10.3 MB/s
root@ebisu:~# 
root@ebisu:~# mv testdata_bbb testdata_aaa
root@ebisu:~# 
root@ebisu:~# dd if=testdata_aaa of=/dev/sda1 bs=1024K count=10
10+0 records in
10+0 records out
10485760 bytes (10 MB, 10 MiB) copied, 2.4959 s, 4.2 MB/s
root@ebisu:~# 
root@ebisu:~# dd if=/dev/sda1 of=testdata_bbb bs=1024K count=10
10+0 records in
10+0 records out
10485760 bytes (10 MB, 10 MiB) copied, 1.07431 s, 9.8 MB/s
root@ebisu:~# 
root@ebisu:~# mv testdata_bbb testdata_aaa
root@ebisu:~# 
root@ebisu:~# dd if=testdata_aaa of=/dev/sda1 bs=1024K count=10
10+0 records in
10+0 records out
10485760 bytes (10 MB, 10 MiB) copied, 2.01019 s, 5.2 MB/s
root@ebisu:~# 
root@ebisu:~# dd if=/dev/sda1 of=testdata_bbb bs=1024K count=10
10+0 records in
10+0 records out
10485760 bytes (10 MB, 10 MiB) copied, 1.0245 s, 10.2 MB/s
root@ebisu:~# 
root@ebisu:~# mv testdata_bbb testdata_aaa
root@ebisu:~# 
root@ebisu:~# dd if=testdata_aaa of=/dev/sda1 bs=1024K count=10
10+0 records in
10+0 records out
10485760 bytes (10 MB, 10 MiB) copied, 2.1602 s, 4.9 MB/s
root@ebisu:~# 
root@ebisu:~# dd if=/dev/sda1 of=testdata_bbb bs=1024K count=10
10+0 records in
10+0 records out
10485760 bytes (10 MB, 10 MiB) copied, 1.06525 s, 9.8 MB/s
root@ebisu:~# 
root@ebisu:~# mv testdata_bbb testdata_aaa
root@ebisu:~# 
root@ebisu:~# dd if=testdata_aaa of=/dev/sda1 bs=1024K count=10
10+0 records in
10+0 records out
10485760 bytes (10 MB, 10 MiB) copied, 1.80399 s, 5.8 MB/s
root@ebisu:~# 
root@ebisu:~# dd if=/dev/sda1 of=testdata_bbb bs=1024K count=10
10+0 records in
10+0 records out
10485760 bytes (10 MB, 10 MiB) copied, 1.05013 s, 10.0 MB/s
root@ebisu:~# 
root@ebisu:~# mv testdata_bbb testdata_aaa
root@ebisu:~# 
root@ebisu:~# dd if=testdata_aaa of=/dev/sda1 bs=1024K count=10
10+0 records in
10+0 records out
10485760 bytes (10 MB, 10 MiB) copied, 2.26047 s, 4.6 MB/s
root@ebisu:~# 
root@ebisu:~# dd if=/dev/sda1 of=testdata_bbb bs=1024K count=10
10+0 records in
10+0 records out
10485760 bytes (10 MB, 10 MiB) copied, 1.02483 s, 10.2 MB/s
root@ebisu:~# 
root@ebisu:~# mv testdata_bbb testdata_aaa
root@ebisu:~# 
root@ebisu:~# dd if=testdata_aaa of=/dev/sda1 bs=1024K count=10
10+0 records in
10+0 records out
10485760 bytes (10 MB, 10 MiB) copied, 2.45425 s, 4.3 MB/s
root@ebisu:~# 
root@ebisu:~# dd if=/dev/sda1 of=testdata_bbb bs=1024K count=10
10+0 records in
10+0 records out
10485760 bytes (10 MB, 10 MiB) copied, 1.07672 s, 9.7 MB/s
root@ebisu:~# 
root@ebisu:~# mv testdata_bbb testdata_aaa
root@ebisu:~# 
root@ebisu:~# dd if=testdata_aaa of=/dev/sda1 bs=1024K count=10
10+0 records in
10+0 records out
10485760 bytes (10 MB, 10 MiB) copied, 2.18574 s, 4.8 MB/s
root@ebisu:~# 
root@ebisu:~# dd if=/dev/sda1 of=testdata_bbb bs=1024K count=10
10+0 records in
10+0 records out
10485760 bytes (10 MB, 10 MiB) copied, 1.02695 s, 10.2 MB/s
root@ebisu:~# 
root@ebisu:~# mv testdata_bbb testdata_aaa
root@ebisu:~# 
root@ebisu:~# dd if=testdata_aaa of=/dev/sda1 bs=1024K count=10
10+0 records in
10+0 records out
10485760 bytes (10 MB, 10 MiB) copied, 1.7907 s, 5.9 MB/s
root@ebisu:~# 
root@ebisu:~# dd if=/dev/sda1 of=testdata_bbb bs=1024K count=10
10+0 records in
10+0 records out
10485760 bytes (10 MB, 10 MiB) copied, 1.04421 s, 10.0 MB/s
root@ebisu:~# 
root@ebisu:~# mv testdata_bbb testdata_aaa
root@ebisu:~# 
root@ebisu:~# dd if=testdata_aaa of=/dev/sda1 bs=1024K count=10
10+0 records in
10+0 records out
10485760 bytes (10 MB, 10 MiB) copied, 2.25884 s, 4.6 MB/s
root@ebisu:~# 
root@ebisu:~# dd if=/dev/sda1 of=testdata_bbb bs=1024K count=10
10+0 records in
10+0 records out
10485760 bytes (10 MB, 10 MiB) copied, 1.00894 s, 10.4 MB/s
root@ebisu:~# 
root@ebisu:~# mv testdata_bbb testdata_aaa
root@ebisu:~# 
root@ebisu:~# dd if=testdata_aaa of=/dev/sda1 bs=1024K count=10
10+0 records in
10+0 records out
10485760 bytes (10 MB, 10 MiB) copied, 2.11493 s, 5.0 MB/s
root@ebisu:~# 
root@ebisu:~# dd if=/dev/sda1 of=testdata_bbb bs=1024K count=10
10+0 records in
10+0 records out
10485760 bytes (10 MB, 10 MiB) copied, 1.07284 s, 9.8 MB/s
root@ebisu:~# 
root@ebisu:~# mv testdata_bbb testdata_aaa
root@ebisu:~# 
root@ebisu:~# dd if=testdata_aaa of=/dev/sda1 bs=1024K count=10
10+0 records in
10+0 records out
10485760 bytes (10 MB, 10 MiB) copied, 2.08094 s, 5.0 MB/s
root@ebisu:~# 
root@ebisu:~# dd if=/dev/sda1 of=testdata_bbb bs=1024K count=10
10+0 records in
10+0 records out
10485760 bytes (10 MB, 10 MiB) copied, 1.01482 s, 10.3 MB/s
root@ebisu:~# 
root@ebisu:~# mv testdata_bbb testdata_aaa
root@ebisu:~# 
root@ebisu:~# dd if=testdata_aaa of=/dev/sda1 bs=1024K count=10
10+0 records in
10+0 records out
10485760 bytes (10 MB, 10 MiB) copied, 1.93404 s, 5.4 MB/s
root@ebisu:~# 
root@ebisu:~# dd if=/dev/sda1 of=testdata_bbb bs=1024K count=10
10+0 records in
10+0 records out
10485760 bytes (10 MB, 10 MiB) copied, 1.03237 s, 10.2 MB/s
root@ebisu:~# 
root@ebisu:~# mv testdata_bbb testdata_aaa
root@ebisu:~# 
root@ebisu:~# dd if=testdata_aaa of=/dev/sda1 bs=1024K count=10
10+0 records in
10+0 records out
10485760 bytes (10 MB, 10 MiB) copied, 2.42809 s, 4.3 MB/s
root@ebisu:~# 
root@ebisu:~# dd if=/dev/sda1 of=testdata_bbb bs=1024K count=10
10+0 records in
10+0 records out
10485760 bytes (10 MB, 10 MiB) copied, 1.07545 s, 9.8 MB/s
root@ebisu:~# 
root@ebisu:~# mv testdata_bbb testdata_aaa
root@ebisu:~# 
root@ebisu:~# dd if=testdata_aaa of=/dev/sda1 bs=1024K count=10
10+0 records in
10+0 records out
10485760 bytes (10 MB, 10 MiB) copied, 2.6051 s, 4.0 MB/s
root@ebisu:~# 
root@ebisu:~# dd if=/dev/sda1 of=testdata_bbb bs=1024K count=10
10+0 records in
10+0 records out
10485760 bytes (10 MB, 10 MiB) copied, 1.04924 s, 10.0 MB/s
root@ebisu:~# 
root@ebisu:~# mv testdata_bbb testdata_aaa
root@ebisu:~# 
root@ebisu:~# dd if=testdata_aaa of=/dev/sda1 bs=1024K count=10
10+0 records in
10+0 records out
10485760 bytes (10 MB, 10 MiB) copied, 1.90435 s, 5.5 MB/s
root@ebisu:~# 
root@ebisu:~# dd if=/dev/sda1 of=testdata_bbb bs=1024K count=10
10+0 records in
10+0 records out
10485760 bytes (10 MB, 10 MiB) copied, 1.03999 s, 10.1 MB/s
root@ebisu:~# 
root@ebisu:~# mv testdata_bbb testdata_aaa
root@ebisu:~# 
root@ebisu:~# dd if=testdata_aaa of=/dev/sda1 bs=1024K count=10
10+0 records in
10+0 records out
10485760 bytes (10 MB, 10 MiB) copied, 2.3765 s, 4.4 MB/s
root@ebisu:~# 
root@ebisu:~# dd if=/dev/sda1 of=testdata_bbb bs=1024K count=10
10+0 records in
10+0 records out
10485760 bytes (10 MB, 10 MiB) copied, 1.03681 s, 10.1 MB/s
root@ebisu:~# 
root@ebisu:~# mv testdata_bbb testdata_aaa
root@ebisu:~# 
root@ebisu:~# dd if=testdata_aaa of=/dev/sda1 bs=1024K count=10
10+0 records in
10+0 records out
10485760 bytes (10 MB, 10 MiB) copied, 1.94552 s, 5.4 MB/s
root@ebisu:~# 
root@ebisu:~# dd if=/dev/sda1 of=testdata_bbb bs=1024K count=10
10+0 records in
10+0 records out
10485760 bytes (10 MB, 10 MiB) copied, 1.09268 s, 9.6 MB/s
root@ebisu:~# 
root@ebisu:~# mv testdata_bbb testdata_aaa
root@ebisu:~# 
root@ebisu:~# dd if=testdata_aaa of=/dev/sda1 bs=1024K count=10
10+0 records in
10+0 records out
10485760 bytes (10 MB, 10 MiB) copied, 2.21549 s, 4.7 MB/s
root@ebisu:~# 
root@ebisu:~# dd if=/dev/sda1 of=testdata_bbb bs=1024K count=10
10+0 records in
10+0 records out
10485760 bytes (10 MB, 10 MiB) copied, 1.03199 s, 10.2 MB/s
root@ebisu:~# 
root@ebisu:~# mv testdata_bbb testdata_aaa
root@ebisu:~# 
root@ebisu:~# dd if=testdata_aaa of=/dev/sda1 bs=1024K count=10
10+0 records in
10+0 records out
10485760 bytes (10 MB, 10 MiB) copied, 2.06801 s, 5.1 MB/s
root@ebisu:~# 
root@ebisu:~# dd if=/dev/sda1 of=testdata_bbb bs=1024K count=10
10+0 records in
10+0 records out
10485760 bytes (10 MB, 10 MiB) copied, 1.04022 s, 10.1 MB/s
root@ebisu:~# 
root@ebisu:~# mv testdata_bbb testdata_aaa
root@ebisu:~# 
root@ebisu:~# dd if=testdata_aaa of=/dev/sda1 bs=1024K count=10
10+0 records in
10+0 records out
10485760 bytes (10 MB, 10 MiB) copied, 2.18762 s, 4.8 MB/s
root@ebisu:~# 
root@ebisu:~# dd if=/dev/sda1 of=testdata_bbb bs=1024K count=10
10+0 records in
10+0 records out
10485760 bytes (10 MB, 10 MiB) copied, 1.03989 s, 10.1 MB/s
root@ebisu:~# 
root@ebisu:~# mv testdata_bbb testdata_aaa
root@ebisu:~# 
root@ebisu:~# dd if=testdata_aaa of=/dev/sda1 bs=1024K count=10
10+0 records in
10+0 records out
10485760 bytes (10 MB, 10 MiB) copied, 1.66153 s, 6.3 MB/s
root@ebisu:~# 
root@ebisu:~# dd if=/dev/sda1 of=testdata_bbb bs=1024K count=10
10+0 records in
10+0 records out
10485760 bytes (10 MB, 10 MiB) copied, 1.03276 s, 10.2 MB/s
root@ebisu:~# 
root@ebisu:~# mv testdata_bbb testdata_aaa
root@ebisu:~# 
root@ebisu:~# dd if=testdata_aaa of=/dev/sda1 bs=1024K count=10
10+0 records in
10+0 records out
10485760 bytes (10 MB, 10 MiB) copied, 2.43252 s, 4.3 MB/s
root@ebisu:~# 
root@ebisu:~# dd if=/dev/sda1 of=testdata_bbb bs=1024K count=10
10+0 records in
10+0 records out
10485760 bytes (10 MB, 10 MiB) copied, 1.03038 s, 10.2 MB/s
root@ebisu:~# 
root@ebisu:~# mv testdata_bbb testdata_aaa
root@ebisu:~# 
root@ebisu:~# dd if=testdata_aaa of=/dev/sda1 bs=1024K count=10
10+0 records in
10+0 records out
10485760 bytes (10 MB, 10 MiB) copied, 1.89617 s, 5.5 MB/s
root@ebisu:~# 
root@ebisu:~# dd if=/dev/sda1 of=testdata_bbb bs=1024K count=10
10+0 records in
10+0 records out
10485760 bytes (10 MB, 10 MiB) copied, 1.04397 s, 10.0 MB/s
root@ebisu:~# 
root@ebisu:~# mv testdata_bbb testdata_aaa
root@ebisu:~# 
root@ebisu:~# dd if=testdata_aaa of=/dev/sda1 bs=1024K count=10
10+0 records in
10+0 records out
10485760 bytes (10 MB, 10 MiB) copied, 2.61103 s, 4.0 MB/s
root@ebisu:~# 
root@ebisu:~# dd if=/dev/sda1 of=testdata_bbb bs=1024K count=10
10+0 records in
10+0 records out
10485760 bytes (10 MB, 10 MiB) copied, 1.02541 s, 10.2 MB/s
root@ebisu:~# 
root@ebisu:~# mv testdata_bbb testdata_aaa
root@ebisu:~# 
root@ebisu:~# dd if=testdata_aaa of=/dev/sda1 bs=1024K count=10
10+0 records in
10+0 records out
10485760 bytes (10 MB, 10 MiB) copied, 2.23271 s, 4.7 MB/s
root@ebisu:~# 
root@ebisu:~# dd if=/dev/sda1 of=testdata_bbb bs=1024K count=10
10+0 records in
10+0 records out
10485760 bytes (10 MB, 10 MiB) copied, 1.01676 s, 10.3 MB/s
root@ebisu:~# 
root@ebisu:~# mv testdata_bbb testdata_aaa
root@ebisu:~# 
root@ebisu:~# dd if=testdata_aaa of=/dev/sda1 bs=1024K count=10
10+0 records in
10+0 records out
10485760 bytes (10 MB, 10 MiB) copied, 2.19587 s, 4.8 MB/s
root@ebisu:~# 
root@ebisu:~# dd if=/dev/sda1 of=testdata_bbb bs=1024K count=10
10+0 records in
10+0 records out
10485760 bytes (10 MB, 10 MiB) copied, 1.08433 s, 9.7 MB/s
root@ebisu:~# 
root@ebisu:~# mv testdata_bbb testdata_aaa
root@ebisu:~# 
root@ebisu:~# dd if=testdata_aaa of=/dev/sda1 bs=1024K count=10
10+0 records in
10+0 records out
10485760 bytes (10 MB, 10 MiB) copied, 2.01192 s, 5.2 MB/s
root@ebisu:~# 
root@ebisu:~# dd if=/dev/sda1 of=testdata_bbb bs=1024K count=10
10+0 records in
10+0 records out
10485760 bytes (10 MB, 10 MiB) copied, 1.05836 s, 9.9 MB/s
root@ebisu:~# 
root@ebisu:~# mv testdata_bbb testdata_aaa
root@ebisu:~# 
root@ebisu:~# dd if=testdata_aaa of=/dev/sda1 bs=1024K count=10
10+0 records in
10+0 records out
10485760 bytes (10 MB, 10 MiB) copied, 2.35 s, 4.5 MB/s
root@ebisu:~# 
root@ebisu:~# dd if=/dev/sda1 of=testdata_bbb bs=1024K count=10
10+0 records in
10+0 records out
10485760 bytes (10 MB, 10 MiB) copied, 1.03753 s, 10.1 MB/s
root@ebisu:~# 
root@ebisu:~# mv testdata_bbb testdata_aaa
root@ebisu:~# 
root@ebisu:~# dd if=testdata_aaa of=/dev/sda1 bs=1024K count=10
10+0 records in
10+0 records out
10485760 bytes (10 MB, 10 MiB) copied, 2.63517 s, 4.0 MB/s
root@ebisu:~# 
root@ebisu:~# dd if=/dev/sda1 of=testdata_bbb bs=1024K count=10
10+0 records in
10+0 records out
10485760 bytes (10 MB, 10 MiB) copied, 1.09212 s, 9.6 MB/s
root@ebisu:~# 
root@ebisu:~# mv testdata_bbb testdata_aaa
root@ebisu:~# 
root@ebisu:~# dd if=testdata_aaa of=/dev/sda1 bs=1024K count=10
10+0 records in
10+0 records out
10485760 bytes (10 MB, 10 MiB) copied, 1.97938 s, 5.3 MB/s
root@ebisu:~# 
root@ebisu:~# dd if=/dev/sda1 of=testdata_bbb bs=1024K count=10
10+0 records in
10+0 records out
10485760 bytes (10 MB, 10 MiB) copied, 1.01016 s, 10.4 MB/s
root@ebisu:~# 
root@ebisu:~# mv testdata_bbb testdata_aaa
root@ebisu:~# 
root@ebisu:~# dd if=testdata_aaa of=/dev/sda1 bs=1024K count=10
10+0 records in
10+0 records out
10485760 bytes (10 MB, 10 MiB) copied, 2.39534 s, 4.4 MB/s
root@ebisu:~# 
root@ebisu:~# dd if=/dev/sda1 of=testdata_bbb bs=1024K count=10
10+0 records in
10+0 records out
10485760 bytes (10 MB, 10 MiB) copied, 1.11687 s, 9.4 MB/s
root@ebisu:~# 
root@ebisu:~# mv testdata_bbb testdata_aaa
root@ebisu:~# 
root@ebisu:~# dd if=testdata_aaa of=/dev/sda1 bs=1024K count=10
10+0 records in
10+0 records out
10485760 bytes (10 MB, 10 MiB) copied, 1.72798 s, 6.1 MB/s
root@ebisu:~# 
root@ebisu:~# dd if=/dev/sda1 of=testdata_bbb bs=1024K count=10
10+0 records in
10+0 records out
10485760 bytes (10 MB, 10 MiB) copied, 1.08228 s, 9.7 MB/s
root@ebisu:~# 
root@ebisu:~# mv testdata_bbb testdata_aaa
root@ebisu:~# 
root@ebisu:~# dd if=testdata_aaa of=/dev/sda1 bs=1024K count=10
10+0 records in
10+0 records out
10485760 bytes (10 MB, 10 MiB) copied, 2.09919 s, 5.0 MB/s
root@ebisu:~# 
root@ebisu:~# dd if=/dev/sda1 of=testdata_bbb bs=1024K count=10
10+0 records in
10+0 records out
10485760 bytes (10 MB, 10 MiB) copied, 1.02248 s, 10.3 MB/s
root@ebisu:~# 
root@ebisu:~# mv testdata_bbb testdata_aaa
root@ebisu:~# 
root@ebisu:~# dd if=testdata_aaa of=/dev/sda1 bs=1024K count=10
10+0 records in
10+0 records out
10485760 bytes (10 MB, 10 MiB) copied, 2.07168 s, 5.1 MB/s
root@ebisu:~# 
root@ebisu:~# dd if=/dev/sda1 of=testdata_bbb bs=1024K count=10
10+0 records in
10+0 records out
10485760 bytes (10 MB, 10 MiB) copied, 1.03865 s, 10.1 MB/s
root@ebisu:~# 
root@ebisu:~# mv testdata_bbb testdata_aaa
root@ebisu:~# 
root@ebisu:~# dd if=testdata_aaa of=/dev/sda1 bs=1024K count=10
10+0 records in
10+0 records out
10485760 bytes (10 MB, 10 MiB) copied, 2.06838 s, 5.1 MB/s
root@ebisu:~# 
root@ebisu:~# dd if=/dev/sda1 of=testdata_bbb bs=1024K count=10
10+0 records in
10+0 records out
10485760 bytes (10 MB, 10 MiB) copied, 1.03287 s, 10.2 MB/s
root@ebisu:~# 
root@ebisu:~# mv testdata_bbb testdata_aaa
root@ebisu:~# 
root@ebisu:~# dd if=testdata_aaa of=/dev/sda1 bs=1024K count=10
10+0 records in
10+0 records out
10485760 bytes (10 MB, 10 MiB) copied, 2.13577 s, 4.9 MB/s
root@ebisu:~# 
root@ebisu:~# dd if=/dev/sda1 of=testdata_bbb bs=1024K count=10
10+0 records in
10+0 records out
10485760 bytes (10 MB, 10 MiB) copied, 1.0145 s, 10.3 MB/s
root@ebisu:~# 
root@ebisu:~# mv testdata_bbb testdata_aaa
root@ebisu:~# 
root@ebisu:~# dd if=testdata_aaa of=/dev/sda1 bs=1024K count=10
10+0 records in
10+0 records out
10485760 bytes (10 MB, 10 MiB) copied, 2.52918 s, 4.1 MB/s
root@ebisu:~# 
root@ebisu:~# dd if=/dev/sda1 of=testdata_bbb bs=1024K count=10
10+0 records in
10+0 records out
10485760 bytes (10 MB, 10 MiB) copied, 1.02995 s, 10.2 MB/s
root@ebisu:~# 
root@ebisu:~# mv testdata_bbb testdata_aaa
root@ebisu:~# 
root@ebisu:~# dd if=testdata_aaa of=/dev/sda1 bs=1024K count=10
10+0 records in
10+0 records out
10485760 bytes (10 MB, 10 MiB) copied, 2.65514 s, 3.9 MB/s
root@ebisu:~# 
root@ebisu:~# dd if=/dev/sda1 of=testdata_bbb bs=1024K count=10
10+0 records in
10+0 records out
10485760 bytes (10 MB, 10 MiB) copied, 1.03296 s, 10.2 MB/s
root@ebisu:~# 
root@ebisu:~# mv testdata_bbb testdata_aaa
root@ebisu:~# 
root@ebisu:~# dd if=testdata_aaa of=/dev/sda1 bs=1024K count=10
10+0 records in
10+0 records out
10485760 bytes (10 MB, 10 MiB) copied, 2.43186 s, 4.3 MB/s
root@ebisu:~# 
root@ebisu:~# dd if=/dev/sda1 of=testdata_bbb bs=1024K count=10
10+0 records in
10+0 records out
10485760 bytes (10 MB, 10 MiB) copied, 1.04462 s, 10.0 MB/s
root@ebisu:~# 
root@ebisu:~# mv testdata_bbb testdata_aaa
root@ebisu:~# 
root@ebisu:~# dd if=testdata_aaa of=/dev/sda1 bs=1024K count=10
10+0 records in
10+0 records out
10485760 bytes (10 MB, 10 MiB) copied, 1.80135 s, 5.8 MB/s
root@ebisu:~# 
root@ebisu:~# dd if=/dev/sda1 of=testdata_bbb bs=1024K count=10
10+0 records in
10+0 records out
10485760 bytes (10 MB, 10 MiB) copied, 1.03838 s, 10.1 MB/s
root@ebisu:~# 
root@ebisu:~# mv testdata_bbb testdata_aaa
root@ebisu:~# 
root@ebisu:~# dd if=testdata_aaa of=/dev/sda1 bs=1024K count=10
10+0 records in
10+0 records out
10485760 bytes (10 MB, 10 MiB) copied, 1.95635 s, 5.4 MB/s
root@ebisu:~# 
root@ebisu:~# dd if=/dev/sda1 of=testdata_bbb bs=1024K count=10
10+0 records in
10+0 records out
10485760 bytes (10 MB, 10 MiB) copied, 1.03832 s, 10.1 MB/s
root@ebisu:~# 
root@ebisu:~# mv testdata_bbb testdata_aaa
root@ebisu:~# 
root@ebisu:~# dd if=testdata_aaa of=/dev/sda1 bs=1024K count=10
10+0 records in
10+0 records out
10485760 bytes (10 MB, 10 MiB) copied, 2.316 s, 4.5 MB/s
root@ebisu:~# 
root@ebisu:~# dd if=/dev/sda1 of=testdata_bbb bs=1024K count=10
10+0 records in
10+0 records out
10485760 bytes (10 MB, 10 MiB) copied, 1.05441 s, 9.9 MB/s
root@ebisu:~# 
root@ebisu:~# mv testdata_bbb testdata_aaa
root@ebisu:~# 
root@ebisu:~# dd if=testdata_aaa of=/dev/sda1 bs=1024K count=10
10+0 records in
10+0 records out
10485760 bytes (10 MB, 10 MiB) copied, 1.60851 s, 6.5 MB/s
root@ebisu:~# 
root@ebisu:~# dd if=/dev/sda1 of=testdata_bbb bs=1024K count=10
10+0 records in
10+0 records out
10485760 bytes (10 MB, 10 MiB) copied, 1.02804 s, 10.2 MB/s
root@ebisu:~# 
root@ebisu:~# mv testdata_bbb testdata_aaa
root@ebisu:~# 
root@ebisu:~# dd if=testdata_aaa of=/dev/sda1 bs=1024K count=10
10+0 records in
10+0 records out
10485760 bytes (10 MB, 10 MiB) copied, 1.89556 s, 5.5 MB/s
root@ebisu:~# 
root@ebisu:~# dd if=/dev/sda1 of=testdata_bbb bs=1024K count=10
10+0 records in
10+0 records out
10485760 bytes (10 MB, 10 MiB) copied, 1.02154 s, 10.3 MB/s
root@ebisu:~# 
root@ebisu:~# mv testdata_bbb testdata_aaa
root@ebisu:~# 
root@ebisu:~# dd if=testdata_aaa of=/dev/sda1 bs=1024K count=10
10+0 records in
10+0 records out
10485760 bytes (10 MB, 10 MiB) copied, 2.42925 s, 4.3 MB/s
root@ebisu:~# 
root@ebisu:~# dd if=/dev/sda1 of=testdata_bbb bs=1024K count=10
10+0 records in
10+0 records out
10485760 bytes (10 MB, 10 MiB) copied, 1.02023 s, 10.3 MB/s
root@ebisu:~# 
root@ebisu:~# mv testdata_bbb testdata_aaa
root@ebisu:~# 
root@ebisu:~# dd if=testdata_aaa of=/dev/sda1 bs=1024K count=10
10+0 records in
10+0 records out
10485760 bytes (10 MB, 10 MiB) copied, 2.87655 s, 3.6 MB/s
root@ebisu:~# 
root@ebisu:~# dd if=/dev/sda1 of=testdata_bbb bs=1024K count=10
10+0 records in
10+0 records out
10485760 bytes (10 MB, 10 MiB) copied, 1.14979 s, 9.1 MB/s
root@ebisu:~# 
root@ebisu:~# mv testdata_bbb testdata_aaa
root@ebisu:~# 
root@ebisu:~# dd if=testdata_aaa of=/dev/sda1 bs=1024K count=10
10+0 records in
10+0 records out
10485760 bytes (10 MB, 10 MiB) copied, 1.85 s, 5.7 MB/s
root@ebisu:~# 
root@ebisu:~# dd if=/dev/sda1 of=testdata_bbb bs=1024K count=10
10+0 records in
10+0 records out
10485760 bytes (10 MB, 10 MiB) copied, 1.04661 s, 10.0 MB/s
root@ebisu:~# 
root@ebisu:~# mv testdata_bbb testdata_aaa
root@ebisu:~# 
root@ebisu:~# dd if=testdata_aaa of=/dev/sda1 bs=1024K count=10
10+0 records in
10+0 records out
10485760 bytes (10 MB, 10 MiB) copied, 2.37211 s, 4.4 MB/s
root@ebisu:~# 
root@ebisu:~# dd if=/dev/sda1 of=testdata_bbb bs=1024K count=10
10+0 records in
10+0 records out
10485760 bytes (10 MB, 10 MiB) copied, 1.01709 s, 10.3 MB/s
root@ebisu:~# 
root@ebisu:~# mv testdata_bbb testdata_aaa
root@ebisu:~# 
root@ebisu:~# dd if=testdata_aaa of=/dev/sda1 bs=1024K count=10
10+0 records in
10+0 records out
10485760 bytes (10 MB, 10 MiB) copied, 2.1239 s, 4.9 MB/s
root@ebisu:~# 
root@ebisu:~# dd if=/dev/sda1 of=testdata_bbb bs=1024K count=10
10+0 records in
10+0 records out
10485760 bytes (10 MB, 10 MiB) copied, 1.0395 s, 10.1 MB/s
root@ebisu:~# 
root@ebisu:~# mv testdata_bbb testdata_aaa
root@ebisu:~# 
root@ebisu:~# dd if=testdata_aaa of=/dev/sda1 bs=1024K count=10
10+0 records in
