NOTICE:  BL2: R-Car Gen3 Initial Program Loader(CA57) Rev.4.0.0
NOTICE:  BL2: PRR is R-Car H3 Ver.3.0
NOTICE:  BL2: Board is Salvator-XS Rev.1.0
NOTICE:  BL2: Boot device is HyperFlash(160MHz)
NOTICE:  BL2: LCM state is CM
NOTICE:  AVS setting succeeded. DVFS_SetVID=0x53
NOTICE:  BL2: DDR3200(rev.0.42)
NOTICE:  BL2: [COLD_BOOT]
NOTICE:  BL2: DRAM Split is 4ch(DDR f)
NOTICE:  BL2: QoS is default setting(rev.0.11)
NOTICE:  BL2: DRAM refresh interval 1.95 usec
NOTICE:  BL2: Periodic Write DQ Training
NOTICE:  BL2: CH0: 400000000 - 47fffffff, 2 GiB
NOTICE:  BL2: CH1: 500000000 - 57fffffff, 2 GiB
NOTICE:  BL2: CH2: 600000000 - 67fffffff, 2 GiB
NOTICE:  BL2: CH3: 700000000 - 77fffffff, 2 GiB
NOTICE:  BL2: Lossy Decomp areas
NOTICE:       Entry 0: DCMPAREACRAx:0x80000540 DCMPAREACRBx:0x570
NOTICE:       Entry 1: DCMPAREACRAx:0x40000000 DCMPAREACRBx:0x0
NOTICE:       Entry 2: DCMPAREACRAx:0x20000000 DCMPAREACRBx:0x0
NOTICE:  BL2: FDT at 0xe6327f70
NOTICE:  BL2: v2.9(release):9cdb21f75
NOTICE:  BL2: Built : 03:23:42, Jan  8 2024
NOTICE:  BL2: Normal boot
NOTICE:  BL2: dst=0xe6327800 src=0x8180000 len=512(0x200)
NOTICE:  BL2: dst=0x43f00000 src=0x8180400 len=6144(0x1800)
NOTICE:  rcar_file_len: len: 0x0003e000
NOTICE:  BL2: dst=0x44000000 src=0x81c0000 len=253952(0x3e000)
NOTICE:  rcar_file_len: len: 0x00200000
NOTICE:  BL2: dst=0x44100000 src=0x8200000 len=2097152(0x200000)
NOTICE:  rcar_file_len: len: 0x00100000
NOTICE:  BL2: dst=0x50000000 src=0x8640000 len=1048576(0x100000)
NOTICE:  BL2: Booting BL31


U-Boot 2020.10 (Dec 20 2023 - 10:10:22 +0000)

CPU: Renesas Electronics R8A7795 rev 3.0
Model: Renesas Salvator-X 2nd version board based on r8a77951
DRAM:  7.9 GiB
RAM Configuration:
Bank #0: 0x048000000 - 0x0bfffffff, 1.9 GiB
Bank #1: 0x500000000 - 0x57fffffff, 2 GiB
Bank #2: 0x600000000 - 0x67fffffff, 2 GiB
Bank #3: 0x700000000 - 0x77fffffff, 2 GiB

MMC:   sd@ee100000: 0, sd@ee140000: 1, sd@ee160000: 2
Loading Environment from MMC... OK
In:    serial@e6e88000
Out:   serial@e6e88000
Err:   serial@e6e88000
Net:   eth0: ethernet@e6800000
Hit any key to stop autoboot:  2  1  0 
ethernet@e6800000 Waiting for PHY auto negotiation to complete.......... done
Using ethernet@e6800000 device
TFTP from server 192.168.10.98; our IP address is 192.168.10.104
Filename 'BV/PT3/boot_USB3H/Image'.
Load address: 0x48080000
Loading: *#################################################################
	 #################################################################
	 #################################################################
	 #################################################################
	 #################################################################
	 #################################################################
	 #################################################################
	 #################################################################
	 #################################################################
	 #################################################################
	 #################################################################
	 #################################################################
	 #################################################################
	 #################################################################
	 #################################################################
	 #################################################################
	 #################################################################
	 #################################################################
	 #################################################################
	 #################################################################
	 #################################################################
	 #################################################################
	 #################################################################
	 #################################################################
	 #################################################################
	 #################################################################
	 #################################################################
	 #################################################################
	 #################################################################
	 #################################################################
	 #################################################################
	 #################################################################
	 #################################################################
	 #################################################################
	 ##############################################
	 4 MiB/s
done
Bytes transferred = 33112576 (1f94200 hex)
Using ethernet@e6800000 device
TFTP from server 192.168.10.98; our IP address is 192.168.10.104
Filename 'BV/PT3/boot_USB3H/r8a77951-salvator-xs.dtb'.
Load address: 0x48000000
Loading: *#######
	 5.4 MiB/s
done
Bytes transferred = 90876 (162fc hex)
Moving Image from 0x48080000 to 0x48200000, end=4a220000
## Flattened Device Tree blob at 48000000
   Booting using the fdt blob at 0x48000000
   Loading Device Tree to 0000000053fe6000, end 0000000053fff2fb ... OK

Starting kernel ...

[    0.000000] Booting Linux on physical CPU 0x0000000000 [0x411fd073]
[    0.000000] Linux version 5.10.194-yocto-standard (thuan.nguyen-hong@banvien) (aarch64-poky-linux-gcc (GCC) 9.3.0, GNU ld (GNU Binutils) 2.34.0.20200220) #13 SMP PREEMPT Sat Feb 3 10:27:40 UTC 2024
[    0.000000] Machine model: Renesas Salvator-X 2nd version board based on r8a77951
[    0.000000] efi: UEFI not found.
[    0.000000] Reserved memory: created CMA memory pool at 0x0000000057000000, size 16 MiB
[    0.000000] OF: reserved mem: initialized node linux,adsp@57000000, compatible id shared-dma-pool
[    0.000000] Reserved memory: created CMA memory pool at 0x0000000058000000, size 384 MiB
[    0.000000] OF: reserved mem: initialized node linux,cma@58000000, compatible id shared-dma-pool
[    0.000000] Reserved memory: created CMA memory pool at 0x0000000070000000, size 256 MiB
[    0.000000] OF: reserved mem: initialized node linux,multimedia@70000000, compatible id shared-dma-pool
[    0.000000] NUMA: No NUMA configuration found
[    0.000000] NUMA: Faking a node at [mem 0x0000000048000000-0x000000077fffffff]
[    0.000000] NUMA: NODE_DATA [mem 0x77efdab00-0x77efdcfff]
[    0.000000] Zone ranges:
[    0.000000]   DMA      [mem 0x0000000048000000-0x000000007fffffff]
[    0.000000]   DMA32    [mem 0x0000000080000000-0x00000000ffffffff]
[    0.000000]   Normal   [mem 0x0000000100000000-0x000000077fffffff]
[    0.000000] Movable zone start for each node
[    0.000000] Early memory node ranges
[    0.000000]   node   0: [mem 0x0000000048000000-0x0000000053ffffff]
[    0.000000]   node   0: [mem 0x0000000054000000-0x0000000056ffffff]
[    0.000000]   node   0: [mem 0x0000000057000000-0x00000000bfffffff]
[    0.000000]   node   0: [mem 0x0000000500000000-0x000000057fffffff]
[    0.000000]   node   0: [mem 0x0000000600000000-0x000000067fffffff]
[    0.000000]   node   0: [mem 0x0000000700000000-0x000000077fffffff]
[    0.000000] Initmem setup node 0 [mem 0x0000000048000000-0x000000077fffffff]
[    0.000000] psci: probing for conduit method from DT.
[    0.000000] psci: PSCIv1.1 detected in firmware.
[    0.000000] psci: Using standard PSCI v0.2 function IDs
[    0.000000] psci: Trusted OS resident on physical CPU 0x0
[    0.000000] psci: SMC Calling Convention v1.2
[    0.000000] percpu: Embedded 23 pages/cpu s56984 r8192 d29032 u94208
[    0.000000] Detected PIPT I-cache on CPU0
[    0.000000] CPU features: detected: EL2 vector hardening
[    0.000000] CPU features: detected: Spectre-v2
[    0.000000] CPU features: detected: ARM errata 1165522, 1319367, or 1530923
[    0.000000] CPU features: detected: Spectre-BHB
[    0.000000] CPU features: detected: ARM erratum 1742098
[    0.000000] Built 1 zonelists, mobility grouping on.  Total pages: 2032128
[    0.000000] Policy zone: Normal
[    0.000000] Kernel command line: rw root=/dev/nfs nfsroot=192.168.10.98:/data/tftpboot/BV/PT3/rootfs_H3,nfsvers=4 ip=192.168.10.104
[    0.000000] Dentry cache hash table entries: 1048576 (order: 11, 8388608 bytes, linear)
[    0.000000] Inode-cache hash table entries: 524288 (order: 10, 4194304 bytes, linear)
[    0.000000] mem auto-init: stack:off, heap alloc:off, heap free:off
[    0.000000] software IO TLB: mapped [mem 0x000000004ffe6000-0x0000000053fe6000] (64MB)
[    0.000000] Memory: 7277096K/8257536K available (15104K kernel code, 2832K rwdata, 8204K rodata, 6080K init, 519K bss, 308696K reserved, 671744K cma-reserved)
[    0.000000] SLUB: HWalign=64, Order=0-3, MinObjects=0, CPUs=8, Nodes=1
[    0.000000] rcu: Preemptible hierarchical RCU implementation.
[    0.000000] rcu: 	RCU event tracing is enabled.
[    0.000000] rcu: 	RCU restricting CPUs from NR_CPUS=256 to nr_cpu_ids=8.
[    0.000000] 	Trampoline variant of Tasks RCU enabled.
[    0.000000] rcu: RCU calculated value of scheduler-enlistment delay is 25 jiffies.
[    0.000000] rcu: Adjusting geometry for rcu_fanout_leaf=16, nr_cpu_ids=8
[    0.000000] NR_IRQS: 64, nr_irqs: 64, preallocated irqs: 0
[    0.000000] arch_timer: cp15 timer(s) running at 8.32MHz (virt).
[    0.000000] clocksource: arch_sys_counter: mask: 0xffffffffffffff max_cycles: 0x1eb398c07, max_idle_ns: 440795202503 ns
[    0.000003] sched_clock: 56 bits at 8MHz, resolution 120ns, wraps every 2199023255503ns
[    0.000208] Console: colour dummy device 80x25
[    0.000414] printk: console [tty0] enabled
[    0.000489] Calibrating delay loop (skipped), value calculated using timer frequency.. 16.64 BogoMIPS (lpj=33280)
[    0.000505] pid_max: default: 32768 minimum: 301
[    0.000564] LSM: Security Framework initializing
[    0.000651] Mount-cache hash table entries: 16384 (order: 5, 131072 bytes, linear)
[    0.000702] Mountpoint-cache hash table entries: 16384 (order: 5, 131072 bytes, linear)
[    0.002154] rcu: Hierarchical SRCU implementation.
[    0.003733] Detected Renesas R-Car Gen3 r8a7795 ES3.0
[    0.005874] EFI services will not be available.
[    0.006220] smp: Bringing up secondary CPUs ...
[    0.006675] Detected PIPT I-cache on CPU1
[    0.006723] CPU1: Booted secondary processor 0x0000000001 [0x411fd073]
[    0.007221] Detected PIPT I-cache on CPU2
[    0.007245] CPU2: Booted secondary processor 0x0000000002 [0x411fd073]
[    0.007670] Detected PIPT I-cache on CPU3
[    0.007691] CPU3: Booted secondary processor 0x0000000003 [0x411fd073]
[    0.008149] CPU features: detected: ARM erratum 845719
[    0.008161] Detected VIPT I-cache on CPU4
[    0.008208] CPU4: Booted secondary processor 0x0000000100 [0x410fd034]
[    0.008691] Detected VIPT I-cache on CPU5
[    0.008717] CPU5: Booted secondary processor 0x0000000101 [0x410fd034]
[    0.009156] Detected VIPT I-cache on CPU6
[    0.009183] CPU6: Booted secondary processor 0x0000000102 [0x410fd034]
[    0.009624] Detected VIPT I-cache on CPU7
[    0.009651] CPU7: Booted secondary processor 0x0000000103 [0x410fd034]
[    0.009730] smp: Brought up 1 node, 8 CPUs
[    0.009792] SMP: Total of 8 processors activated.
[    0.009800] CPU features: detected: 32-bit EL0 Support
[    0.009808] CPU features: detected: CRC32 instructions
[    0.009815] CPU features: detected: 32-bit EL1 Support
[    0.022976] CPU: All CPU(s) started at EL1
[    0.023029] alternatives: patching kernel code
[    0.024172] devtmpfs: initialized
[    0.030916] KASLR disabled due to lack of seed
[    0.031068] clocksource: jiffies: mask: 0xffffffff max_cycles: 0xffffffff, max_idle_ns: 7645041785100000 ns
[    0.031089] futex hash table entries: 2048 (order: 5, 131072 bytes, linear)
[    0.039726] pinctrl core: initialized pinctrl subsystem
[    0.041244] DMI not present or invalid.
[    0.041746] NET: Registered protocol family 16
[    0.042680] DMA: preallocated 1024 KiB GFP_KERNEL pool for atomic allocations
[    0.042880] DMA: preallocated 1024 KiB GFP_KERNEL|GFP_DMA pool for atomic allocations
[    0.043171] DMA: preallocated 1024 KiB GFP_KERNEL|GFP_DMA32 pool for atomic allocations
[    0.043210] audit: initializing netlink subsys (disabled)
[    0.043390] audit: type=2000 audit(0.040:1): state=initialized audit_enabled=0 res=1
[    0.044552] thermal_sys: Registered thermal governor 'power_allocator'
[    0.045069] cpuidle: using governor menu
[    0.045237] hw-breakpoint: found 6 breakpoint and 4 watchpoint registers.
[    0.045362] ASID allocator initialised with 65536 entries
[    0.046655] Serial: AMBA PL011 UART driver
[    0.089152] sh-pfc e6060000.pinctrl: r8a77951_pfc support registered
[    0.103831] HugeTLB registered 1.00 GiB page size, pre-allocated 0 pages
[    0.103845] HugeTLB registered 32.0 MiB page size, pre-allocated 0 pages
[    0.103853] HugeTLB registered 2.00 MiB page size, pre-allocated 0 pages
[    0.103859] HugeTLB registered 64.0 KiB page size, pre-allocated 0 pages
[    0.104812] cryptd: max_cpu_qlen set to 1000
[    0.107075] ACPI: Interpreter disabled.
[    0.110876] rcar-avs: use avs value: 0
[    0.110893] rcar-avs: cpu@0 is running with: opp_table0
[    0.110902] rcar-avs: cpu@1 is running with: opp_table0
[    0.110911] rcar-avs: cpu@2 is running with: opp_table0
[    0.110920] rcar-avs: cpu@3 is running with: opp_table0
[    0.111003] rcar-avs: gsx@fd000000 is running with: gsx_opp_table0
[    0.112460] iommu: Default domain type: Translated 
[    0.113046] ipmmu-vmsa e67b0000.iommu: IPMMU context 0 is reserved
[    0.114041] vgaarb: loaded
[    0.114234] SCSI subsystem initialized
[    0.114483] usbcore: registered new interface driver usbfs
[    0.114512] usbcore: registered new interface driver hub
[    0.114539] usbcore: registered new device driver usb
[    0.118039] i2c-sh_mobile e60b0000.i2c: I2C adapter 7, bus speed 400000 Hz
[    0.118580] mc: Linux media interface: v0.10
[    0.118601] videodev: Linux video capture interface: v2.00
[    0.118648] pps_core: LinuxPPS API ver. 1 registered
[    0.118656] pps_core: Software ver. 5.3.6 - Copyright 2005-2007 Rodolfo Giometti <giometti@linux.it>
[    0.118670] PTP clock support registered
[    0.118841] EDAC MC: Ver: 3.0.0
[    0.120829] FPGA manager framework
[    0.120890] Advanced Linux Sound Architecture Driver Initialized.
[    0.121472] clocksource: Switched to clocksource arch_sys_counter
[    0.121614] VFS: Disk quotas dquot_6.6.0
[    0.121659] VFS: Dquot-cache hash table entries: 512 (order 0, 4096 bytes)
[    0.121789] pnp: PnP ACPI: disabled
[    0.125229] NET: Registered protocol family 2
[    0.125649] IP idents hash table entries: 131072 (order: 8, 1048576 bytes, linear)
[    0.127907] tcp_listen_portaddr_hash hash table entries: 4096 (order: 4, 65536 bytes, linear)
[    0.127987] TCP established hash table entries: 65536 (order: 7, 524288 bytes, linear)
[    0.128270] TCP bind hash table entries: 65536 (order: 8, 1048576 bytes, linear)
[    0.128862] TCP: Hash tables configured (established 65536 bind 65536)
[    0.128983] UDP hash table entries: 4096 (order: 5, 131072 bytes, linear)
[    0.129097] UDP-Lite hash table entries: 4096 (order: 5, 131072 bytes, linear)
[    0.129319] NET: Registered protocol family 1
[    0.129682] RPC: Registered named UNIX socket transport module.
[    0.129693] RPC: Registered udp transport module.
[    0.129699] RPC: Registered tcp transport module.
[    0.129704] RPC: Registered tcp NFSv4.1 backchannel transport module.
[    0.129717] PCI: CLS 0 bytes, default 64
[    0.130641] hw perfevents: enabled with armv8_cortex_a53 PMU driver, 7 counters available
[    0.130913] hw perfevents: enabled with armv8_cortex_a57 PMU driver, 7 counters available
[    0.131541] kvm [1]: HYP mode not available
[    0.134473] Initialise system trusted keyrings
[    0.134608] workingset: timestamp_bits=42 max_order=21 bucket_order=0
[    0.137709] squashfs: version 4.0 (2009/01/31) Phillip Lougher
[    0.138099] NFS: Registering the id_resolver key type
[    0.138133] Key type id_resolver registered
[    0.138140] Key type id_legacy registered
[    0.138194] nfs4filelayout_init: NFSv4 File Layout Driver Registering...
[    0.138203] nfs4flexfilelayout_init: NFSv4 Flexfile Layout Driver Registering...
[    0.138306] 9p: Installing v9fs 9p2000 file system support
[    0.164619] Key type asymmetric registered
[    0.164632] Asymmetric key parser 'x509' registered
[    0.164666] Block layer SCSI generic (bsg) driver version 0.4 loaded (major 243)
[    0.164677] io scheduler mq-deadline registered
[    0.164686] io scheduler kyber registered
[    0.180773] gpio_rcar e6050000.gpio: driving 16 GPIOs
[    0.181052] gpio_rcar e6051000.gpio: driving 29 GPIOs
[    0.181311] gpio_rcar e6052000.gpio: driving 15 GPIOs
[    0.181668] gpio_rcar e6053000.gpio: driving 16 GPIOs
[    0.181928] gpio_rcar e6054000.gpio: driving 18 GPIOs
[    0.182189] gpio_rcar e6055000.gpio: driving 26 GPIOs
[    0.182468] gpio_rcar e6055400.gpio: driving 32 GPIOs
[    0.182767] gpio_rcar e6055800.gpio: driving 4 GPIOs
[    0.185714] rcar-pcie fe000000.pcie: host bridge /soc/pcie@fe000000 ranges:
[    0.185743] rcar-pcie fe000000.pcie:       IO 0x00fe100000..0x00fe1fffff -> 0x0000000000
[    0.185765] rcar-pcie fe000000.pcie:      MEM 0x00fe200000..0x00fe3fffff -> 0x00fe200000
[    0.185784] rcar-pcie fe000000.pcie:      MEM 0x0030000000..0x0037ffffff -> 0x0030000000
[    0.185797] rcar-pcie fe000000.pcie:      MEM 0x0038000000..0x003fffffff -> 0x0038000000
[    0.185815] rcar-pcie fe000000.pcie:   IB MEM 0x0040000000..0x007fffffff -> 0x0040000000
[    0.185860] rcar-pcie fe000000.pcie: no pcie3v3 regulator found
[    0.185871] rcar-pcie fe000000.pcie: no pcie1v8 regulator found
[    0.253172] rcar-pcie fe000000.pcie: PCIe link down
[    0.253365] rcar-pcie ee800000.pcie: host bridge /soc/pcie@ee800000 ranges:
[    0.253391] rcar-pcie ee800000.pcie:       IO 0x00ee900000..0x00ee9fffff -> 0x0000000000
[    0.253411] rcar-pcie ee800000.pcie:      MEM 0x00eea00000..0x00eebfffff -> 0x00eea00000
[    0.253429] rcar-pcie ee800000.pcie:      MEM 0x00c0000000..0x00c7ffffff -> 0x00c0000000
[    0.253442] rcar-pcie ee800000.pcie:      MEM 0x00c8000000..0x00cfffffff -> 0x00c8000000
[    0.253473] rcar-pcie ee800000.pcie:   IB MEM 0x0040000000..0x007fffffff -> 0x0040000000
[    0.253508] rcar-pcie ee800000.pcie: no pcie3v3 regulator found
[    0.253518] rcar-pcie ee800000.pcie: no pcie1v8 regulator found
[    0.413462] rcar-pcie ee800000.pcie: PCIe link down
[    0.415923] EINJ: ACPI disabled.
[    0.449227] Serial: 8250/16550 driver, 4 ports, IRQ sharing enabled
[    0.451680] SuperH (H)SCI(F) driver initialized
[    0.452117] e6550000.serial: ttySC1 at MMIO 0xe6550000 (irq = 42, base_baud = 0) is a hscif
[    0.452849] e6e88000.serial: ttySC0 at MMIO 0xe6e88000 (irq = 128, base_baud = 0) is a scif
[    1.657406] printk: console [ttySC0] enabled
[    1.662760] msm_serial: driver initialized
[    1.673078] rcar-dw-hdmi fead0000.hdmi: Detected HDMI TX controller v2.01a with HDCP (DWC HDMI 2.0 TX PHY)
[    1.682989] rcar-dw-hdmi fead0000.hdmi: registered DesignWare HDMI I2C bus driver
[    1.691213] rcar-dw-hdmi feae0000.hdmi: Detected HDMI TX controller v2.01a with HDCP (DWC HDMI 2.0 TX PHY)
[    1.701072] rcar-dw-hdmi feae0000.hdmi: registered DesignWare HDMI I2C bus driver
[    1.716543] loop: module loaded
[    1.721110] megasas: 07.714.04.00-rc1
[    1.726853] scsi host0: sata_rcar
[    1.730328] ata1: SATA max UDMA/133 irq 181
[    1.739736] tun: Universal TUN/TAP device driver, 1.6
[    1.745705] thunder_xcv, ver 1.0
[    1.748952] thunder_bgx, ver 1.0
[    1.752206] nicpf, ver 1.0
[    1.756330] hclge is initializing
[    1.759664] hns3: Hisilicon Ethernet Network Driver for Hip08 Family - version
[    1.766887] hns3: Copyright (c) 2017 Huawei Corporation.
[    1.772223] e1000: Intel(R) PRO/1000 Network Driver
[    1.777102] e1000: Copyright (c) 1999-2006 Intel Corporation.
[    1.782872] e1000e: Intel(R) PRO/1000 Network Driver
[    1.787837] e1000e: Copyright(c) 1999 - 2015 Intel Corporation.
[    1.793776] igb: Intel(R) Gigabit Ethernet Network Driver
[    1.799175] igb: Copyright (c) 2007-2014 Intel Corporation.
[    1.804761] igbvf: Intel(R) Gigabit Virtual Function Network Driver
[    1.811028] igbvf: Copyright (c) 2009 - 2012 Intel Corporation.
[    1.817354] sky2: driver version 1.30
[    1.824983] ravb e6800000.ethernet eth0: Base address at 0xe6800000, 2e:09:0a:03:84:20, IRQ 125.
[    1.835336] VFIO - User Level meta-driver version: 0.3
[    1.842468] ehci_hcd: USB 2.0 'Enhanced' Host Controller (EHCI) Driver
[    1.849006] ehci-pci: EHCI PCI platform driver
[    1.853475] ehci-platform: EHCI generic platform driver
[    1.859085] ehci-platform ee0a0100.usb: EHCI Host Controller
[    1.864771] ehci-platform ee0a0100.usb: new USB bus registered, assigned bus number 1
[    1.872692] ehci-platform ee0a0100.usb: irq 175, io mem 0xee0a0100
[    1.893473] ehci-platform ee0a0100.usb: USB 2.0 started, EHCI 1.10
[    1.899994] hub 1-0:1.0: USB hub found
[    1.903763] hub 1-0:1.0: 1 port detected
[    1.908156] ehci-platform ee0c0100.usb: EHCI Host Controller
[    1.913832] ehci-platform ee0c0100.usb: new USB bus registered, assigned bus number 2
[    1.921721] ehci-platform ee0c0100.usb: irq 176, io mem 0xee0c0100
[    1.941470] ehci-platform ee0c0100.usb: USB 2.0 started, EHCI 1.10
[    1.947956] hub 2-0:1.0: USB hub found
[    1.951724] hub 2-0:1.0: 1 port detected
[    1.981506] ehci-platform ee0e0100.usb: EHCI Host Controller
[    1.987182] ehci-platform ee0e0100.usb: new USB bus registered, assigned bus number 3
[    1.995063] ehci-platform ee0e0100.usb: irq 177, io mem 0xee0e0100
[    2.013469] ehci-platform ee0e0100.usb: USB 2.0 started, EHCI 1.10
[    2.019912] hub 3-0:1.0: USB hub found
[    2.023679] hub 3-0:1.0: 1 port detected
[    2.028044] ehci-orion: EHCI orion driver
[    2.032299] ehci-exynos: EHCI Exynos driver
[    2.036601] ohci_hcd: USB 1.1 'Open' Host Controller (OHCI) Driver
[    2.042797] ohci-pci: OHCI PCI platform driver
[    2.047280] ohci-platform: OHCI generic platform driver
[    2.052819] ohci-platform ee0a0000.usb: Generic Platform OHCI controller
[    2.059539] ohci-platform ee0a0000.usb: new USB bus registered, assigned bus number 4
[    2.067417] ohci-platform ee0a0000.usb: irq 175, io mem 0xee0a0000
[    2.149467] ata1: link resume succeeded after 1 retries
[    2.163747] hub 4-0:1.0: USB hub found
[    2.167518] hub 4-0:1.0: 1 port detected
[    2.171850] ohci-platform ee0c0000.usb: Generic Platform OHCI controller
[    2.178566] ohci-platform ee0c0000.usb: new USB bus registered, assigned bus number 5
[    2.186436] ohci-platform ee0c0000.usb: irq 176, io mem 0xee0c0000
[    2.260901] ata1: SATA link down (SStatus 0 SControl 300)
[    2.279729] hub 5-0:1.0: USB hub found
[    2.283498] hub 5-0:1.0: 1 port detected
[    2.287829] ohci-platform ee0e0000.usb: Generic Platform OHCI controller
[    2.294543] ohci-platform ee0e0000.usb: new USB bus registered, assigned bus number 6
[    2.302409] ohci-platform ee0e0000.usb: irq 177, io mem 0xee0e0000
[    2.395731] hub 6-0:1.0: USB hub found
[    2.399503] hub 6-0:1.0: 1 port detected
[    2.403837] ohci-exynos: OHCI Exynos driver
[    2.408278] usbcore: registered new interface driver usb-storage
[    2.415945] renesas_usbhs e6590000.usb: host probed
[    2.420836] renesas_usbhs e6590000.usb: no transceiver found
[    2.426557] renesas_usbhs e6590000.usb: gadget probed
[    2.431773] renesas_usbhs e6590000.usb: probed
[    2.436665] renesas_usbhs e659c000.usb: host probed
[    2.441561] renesas_usbhs e659c000.usb: no transceiver found
[    2.447279] renesas_usbhs e659c000.usb: gadget probed
[    2.452477] renesas_usbhs e659c000.usb: probed
[    2.459374] i2c /dev entries driver
[    2.473910] cs2000-cp 2-004f: revision - C1
[    2.478153] i2c-rcar e6510000.i2c: probed
[    2.482975] pca953x 4-0020: supply vcc not found, using dummy regulator
[    2.489680] pca953x 4-0020: using no AI
[    2.494327] gpio-355 (PCIE/SATA switch): hogged as output/low
[    2.506581] i2c-rcar e66d8000.i2c: probed
[    2.511873] adv748x 4-0070: Endpoint /soc/i2c@e66d8000/video-receiver@70/port@7/endpoint on port 7
[    2.520857] adv748x 4-0070: Endpoint /soc/i2c@e66d8000/video-receiver@70/port@8/endpoint on port 8
[    2.529829] adv748x 4-0070: Endpoint /soc/i2c@e66d8000/video-receiver@70/port@a/endpoint on port 10
[    2.538893] adv748x 4-0070: Endpoint /soc/i2c@e66d8000/video-receiver@70/port@b/endpoint on port 11
[    2.548292] adv748x 4-0070: chip found @ 0xe0 revision 2143
[    2.601871] rcar-csi2 fea80000.csi2: 1 lanes found
[    2.607004] rcar-csi2 feaa0000.csi2: 4 lanes found
[    2.616562] rcar-vin e6ef0000.video: Device registered as video0
[    2.622642] rcar-vin e6ef1000.video: Device registered as video1
[    2.628714] rcar-vin e6ef2000.video: Device registered as video2
[    2.634783] rcar-vin e6ef3000.video: Device registered as video3
[    2.640852] rcar-vin e6ef4000.video: Device registered as video4
[    2.646937] rcar-vin e6ef5000.video: Device registered as video5
[    2.653017] rcar-vin e6ef6000.video: Device registered as video6
[    2.659094] rcar-vin e6ef7000.video: Device registered as video7
[    2.667798] rcar_gen3_thermal e6198000.thermal: is using pseudo fixed FUSE values
[    2.679999] rcar_gen3_thermal e6198000.thermal: TSC0: Loaded 1 trip points
[    2.691248] rcar_gen3_thermal e6198000.thermal: TSC1: Loaded 1 trip points
[    2.702394] rcar_gen3_thermal e6198000.thermal: TSC2: Loaded 3 trip points
[    2.714441] sdhci: Secure Digital Host Controller Interface driver
[    2.720640] sdhci: Copyright(c) Pierre Ossman
[    2.725827] Synopsys Designware Multimedia Card Interface Driver
[    2.726521] renesas_sdhi_internal_dmac ee140000.mmc: Adding to iommu group 0
[    2.726563] renesas_sdhi_internal_dmac ee160000.mmc: Got CD GPIO
[    2.726585] renesas_sdhi_internal_dmac ee160000.mmc: Got WP GPIO
[    2.726610] renesas_sdhi_internal_dmac ee100000.mmc: Got CD GPIO
[    2.726708] renesas_sdhi_internal_dmac ee100000.mmc: Got WP GPIO
[    2.733178] sdhci-pltfm: SDHCI platform and OF driver helper
[    2.738966] renesas_sdhi_internal_dmac ee140000.mmc: Using IPMMU context 1
[    2.775560] ledtrig-cpu: registered to indicate activity on CPUs
[    2.782472] SMCCC: SOC_ID: ARCH_SOC_ID not implemented, skipping ....
[    2.789501] usbcore: registered new interface driver usbhid
[    2.795075] usbhid: USB HID core driver
[    2.802658] optee: probing for conduit method.
[    2.807124] optee: revision 3.22 (314ecf9d)
[    2.807428] optee driver R-Car Rev.1.0.11
[    2.815966] optee: dynamic shared memory is enabled
[    2.821114] optee: initialized driver
[    2.824778] renesas_sdhi_internal_dmac ee140000.mmc: mmc0 base at 0x00000000ee140000, max clock rate 200 MHz
[    2.846499] rcar_sound ec500000.sound: probed
[    2.851544] NET: Registered protocol family 17
[    2.856108] 9pnet: Installing 9P2000 support
[    2.860428] Key type dns_resolver registered
[    2.865073] registered taskstats version 1
[    2.869187] Loading compiled-in X.509 certificates
[    2.883828] thermal emergency: set temperature to 110 celsius
[    2.889790] thermal emergency: shutdown target cpus 1-7
[    2.894066] mmc0: new HS400 MMC card at address 0001
[    2.895018] thermal emergency: freq scaled target cpus 0
[    2.900806] mmcblk0: mmc0:0001 BGSD3R 29.1 GiB 
[    2.905664] renesas_irqc e61c0000.interrupt-controller: driving 6 irqs
[    2.910214] mmcblk0boot0: mmc0:0001 BGSD3R partition 1 16.0 MiB
[    2.922668] mmcblk0boot1: mmc0:0001 BGSD3R partition 2 16.0 MiB
[    2.928772] mmcblk0rpmb: mmc0:0001 BGSD3R partition 3 4.00 MiB, chardev (509:0)
[    2.937497]  mmcblk0: p1
[    2.957493] ehci-platform ee080100.usb: EHCI Host Controller
[    2.963184] ehci-platform ee080100.usb: new USB bus registered, assigned bus number 7
[    2.971071] ehci-platform ee080100.usb: irq 174, io mem 0xee080100
[    2.989471] ehci-platform ee080100.usb: USB 2.0 started, EHCI 1.10
[    2.995980] hub 7-0:1.0: USB hub found
[    2.999749] hub 7-0:1.0: 1 port detected
[    3.004799] ohci-platform ee080000.usb: Generic Platform OHCI controller
[    3.011523] ohci-platform ee080000.usb: new USB bus registered, assigned bus number 8
[    3.019421] ohci-platform ee080000.usb: irq 174, io mem 0xee080000
[    3.115842] hub 8-0:1.0: USB hub found
[    3.119614] hub 8-0:1.0: 1 port detected
[    3.124738] cpu cpu0: EM: created perf domain
[    3.129675] cpu cpu4: EM: created perf domain
[    3.139135] renesas_sdhi_internal_dmac ee160000.mmc: Got CD GPIO
[    3.139945] renesas_sdhi_internal_dmac ee100000.mmc: Got CD GPIO
[    3.142229] [drm] Initialized rcar-du 1.0.0 20130110 for feb00000.display on minor 0
[    3.142233] [drm] Device feb00000.display probed
[    3.145248] renesas_sdhi_internal_dmac ee160000.mmc: Got WP GPIO
[    3.151276] renesas_sdhi_internal_dmac ee100000.mmc: Got WP GPIO
[    3.208270] renesas_sdhi_internal_dmac ee160000.mmc: mmc2 base at 0x00000000ee160000, max clock rate 200 MHz
[    3.215702] Console: switching to colour frame buffer device 128x48
[    3.222062] renesas_sdhi_internal_dmac ee100000.mmc: mmc1 base at 0x00000000ee100000, max clock rate 200 MHz
[    3.256758] rcar-du feb00000.display: [drm] fb0: rcar-dudrmfb frame buffer device
[    3.269353] input: keys as /devices/platform/keys/input/input0
[    3.348858] Micrel KSZ9031 Gigabit PHY e6800000.ethernet-ffffffff:00: attached PHY driver [Micrel KSZ9031 Gigabit PHY] (mii_bus:phy_addr=e6800000.ethernet-ffffffff:00, irq=183)
[    9.917176] ravb e6800000.ethernet eth0: Link is Up - 1Gbps/Full - flow control off
[    9.937495] IP-Config: Guessing netmask 255.255.255.0
[    9.942653] IP-Config: Complete:
[    9.945964]      device=eth0, hwaddr=2e:09:0a:03:84:20, ipaddr=192.168.10.104, mask=255.255.255.0, gw=255.255.255.255
[    9.956774]      host=192.168.10.104, domain=, nis-domain=(none)
[    9.962906]      bootserver=255.255.255.255, rootserver=192.168.10.98, rootpath=
[    9.963510] ALSA device list:
[    9.974122]   No soundcards found.
[   10.993993] VFS: Mounted root (nfs4 filesystem) on device 0:22.
[   11.000594] devtmpfs: mounted
[   11.006784] Freeing unused kernel memory: 6080K
[   11.041725] Run /sbin/init as init process
[   11.216755] systemd[1]: System time before build time, advancing clock.
[   11.645534] random: crng init done
[   11.672090] NET: Registered protocol family 10
[   11.681938] Segment Routing with IPv6
[   11.718027] systemd[1]: systemd 244 running in system mode. (+PAM -AUDIT -SELINUX +IMA -APPARMOR -SMACK +SYSVINIT +UTMP -LIBCRYPTSETUP -GCRYPT -GNUTLS +ACL +XZ -LZ4 -SECCOMP +BLKID -ELFUTILS +KMOD -IDN2 -IDN -PCRE2 default-hierarchy=hybrid)
[   11.748393] systemd[1]: Detected architecture arm64.

Welcome to [1mPoky (Yocto Project Reference Distro) 3.1.11 (dunfell)[0m!

[   11.783366] systemd[1]: Set hostname to <salvator-x>.
[   12.449171] systemd[1]: system-getty.slice: unit configures an IP firewall, but the local system does not support BPF/cgroup firewalling.
[   12.470288] systemd[1]: (This warning is only shown for the first unit using IP firewalling.)
[   12.484746] systemd[1]: Created slice system-getty.slice.
[[0;32m  OK  [0m] Created slice [0;1;39msystem-getty.slice[0m.
[   12.510564] systemd[1]: Created slice system-serial\x2dgetty.slice.
[[0;32m  OK  [0m] Created slice [0;1;39msystem-serial\x2dgetty.slice[0m.
[   12.534302] systemd[1]: Created slice User and Session Slice.
[[0;32m  OK  [0m] Created slice [0;1;39mUser and Session Slice[0m.
[   12.557953] systemd[1]: Started Dispatch Password Requests to Console Directory Watch.
[[0;32m  OK  [0m] Started [0;1;39mDispatch Password â€¦ts to Console Directory Watch[0m.
[   12.585808] systemd[1]: Started Forward Password Requests to Wall Directory Watch.
[[0;32m  OK  [0m] Started [0;1;39mForward Password Râ€¦uests to Wall Directory Watch[0m.
[   12.613783] systemd[1]: Reached target Paths.
[[0;32m  OK  [0m] Reached target [0;1;39mPaths[0m.
[   12.637644] systemd[1]: Reached target Remote File Systems.
[[0;32m  OK  [0m] Reached target [0;1;39mRemote File Systems[0m.
[   12.661611] systemd[1]: Reached target Slices.
[[0;32m  OK  [0m] Reached target [0;1;39mSlices[0m.
[   12.685638] systemd[1]: Reached target Swap.
[[0;32m  OK  [0m] Reached target [0;1;39mSwap[0m.
[   12.712106] systemd[1]: Listening on RPCbind Server Activation Socket.
[[0;32m  OK  [0m] Listening on [0;1;39mRPCbind Server Activation Socket[0m.
[   12.741670] systemd[1]: Reached target RPC Port Mapper.
[[0;32m  OK  [0m] Reached target [0;1;39mRPC Port Mapper[0m.
[   12.765949] systemd[1]: Listening on initctl Compatibility Named Pipe.
[[0;32m  OK  [0m] Listening on [0;1;39minitctl Compatibility Named Pipe[0m.
[   12.795553] systemd[1]: Listening on Journal Audit Socket.
[[0;32m  OK  [0m] Listening on [0;1;39mJournal Audit Socket[0m.
[   12.823611] systemd[1]: Listening on Journal Socket (/dev/log).
[[0;32m  OK  [0m] Listening on [0;1;39mJournal Socket (/dev/log)[0m.
[   12.850359] systemd[1]: Listening on Journal Socket.
[[0;32m  OK  [0m] Listening on [0;1;39mJournal Socket[0m.
[   12.875393] systemd[1]: Listening on Network Service Netlink Socket.
[[0;32m  OK  [0m] Listening on [0;1;39mNetwork Service Netlink Socket[0m.
[   12.904162] systemd[1]: Listening on udev Control Socket.
[[0;32m  OK  [0m] Listening on [0;1;39mudev Control Socket[0m.
[   12.930126] systemd[1]: Listening on udev Kernel Socket.
[[0;32m  OK  [0m] Listening on [0;1;39mudev Kernel Socket[0m.
[   12.958999] systemd[1]: Mounting Huge Pages File System...
         Mounting [0;1;39mHuge Pages File System[0m...
[   12.986926] systemd[1]: Mounting POSIX Message Queue File System...
         Mounting [0;1;39mPOSIX Message Queue File System[0m...
[   13.018811] systemd[1]: Mounting Kernel Debug File System...
         Mounting [0;1;39mKernel Debug File System[0m...
[   13.049088] systemd[1]: Mounting Temporary Directory (/tmp)...
         Mounting [0;1;39mTemporary Directory (/tmp)[0m...
[   13.080021] systemd[1]: Starting Create list of static device nodes for the current kernel...
         Starting [0;1;39mCreate list of stâ€¦odes for the current kernel[0m...
[   13.114697] systemd[1]: Starting Start psplash boot splash screen...
         Starting [0;1;39mStart psplash boot splash screen[0m...
[   13.148716] systemd[1]: Starting RPC Bind...
         Starting [0;1;39mRPC Bind[0m...
[   13.186244] systemd[1]: Condition check resulted in File System Check on Root Device being skipped.
[   13.200488] systemd[1]: Starting Journal Service...
         Starting [0;1;39mJournal Service[0m...
[   13.225271] systemd[1]: Starting Load Kernel Modules...
         Starting [0;1;39mLoad Kernel Modules[0m...
[   13.250194] systemd[1]: Starting Remount Root and Kernel File Systems...
         Starting [0;1;39mRemount Root and Kernel File Systems[0m...
[   13.278350] systemd[1]: Starting udev Coldplug all Devices...
         Starting [0;1;39mudev Coldplug all Devices[0m...
[   13.304758] systemd[1]: Started Start psplash boot splash screen.
[[0;32m  OK  [0m] Started [0;1;39mStart psplash boot splash screen[0m.
[   13.330063] systemd[1]: Started RPC Bind.
[[0;32m  OK  [0m] Started [0;1;39mRPC Bind[0m.
[   13.354273] systemd[1]: Started Journal Service.
[[0;32m  OK  [0m] Started [0;1;39mJournal Service[0m.
[[0;32m  OK  [0m] Mounted [0;1;39mHuge Pages File System[0m.
[[0;32m  OK  [0m] Mounted [0;1;39mPOSIX Message Queue File System[0m.
[[0;32m  OK  [0m] Mounted [0;1;39mKernel Debug File System[0m.
[[0;32m  OK  [0m] Mounted [0;1;39mTemporary Directory (/tmp)[0m.
[[0;32m  OK  [0m] Started [0;1;39mCreate list of staâ€¦ nodes for the current kernel[0m.
[[0;32m  OK  [0m] Started [0;1;39mLoad Kernel Modules[0m.
[[0;32m  OK  [0m] Started [0;1;39mRemount Root and Kernel File Systems[0m.
         Mounting [0;1;39mKernel Configuration File System[0m...
[[0;32m  OK  [0m] Started [0;1;39mStart psplash-systâ€¦progress communication helper[0m.
         Starting [0;1;39mFlush Journal to Persistent Storage[0m...
[   13.569909] systemd-journald[349]: Received client request to flush runtime journal.
         Starting [0;1;39mApply Kernel Variables[0m...
         Starting [0;1;39mCreate Static Device Nodes in /dev[0m...
[[0;32m  OK  [0m] Mounted [0;1;39mKernel Configuration File System[0m.
[[0;32m  OK  [0m] Started [0;1;39mFlush Journal to Persistent Storage[0m.
[[0;32m  OK  [0m] Started [0;1;39mApply Kernel Variables[0m.
[[0;32m  OK  [0m] Started [0;1;39mCreate Static Device Nodes in /dev[0m.
[[0;32m  OK  [0m] Reached target [0;1;39mLocal File Systems (Pre)[0m.
         Mounting [0;1;39m/var/volatile[0m...
         Starting [0;1;39mudev Kernel Device Manager[0m...
[[0;32m  OK  [0m] Mounted [0;1;39m/var/volatile[0m.
[[0;32m  OK  [0m] Started [0;1;39mudev Coldplug all Devices[0m.
         Starting [0;1;39mLoad/Save Random Seed[0m...
[[0;32m  OK  [0m] Reached target [0;1;39mLocal File Systems[0m.
         Starting [0;1;39mCreate Volatile Files and Directories[0m...
[[0;32m  OK  [0m] Started [0;1;39mLoad/Save Random Seed[0m.
[[0;32m  OK  [0m] Started [0;1;39mudev Kernel Device Manager[0m.
         Starting [0;1;39mNetwork Service[0m...
[[0;32m  OK  [0m] Started [0;1;39mCreate Volatile Files and Directories[0m.
[[0;32m  OK  [0m] Started [0;1;39mNetwork Service[0m.
         Starting [0;1;39mNetwork Name Resolution[0m...
         Starting [0;1;39mNetwork Time Synchronization[0m...
         Starting [0;1;39mUpdate UTMP about System Boot/Shutdown[0m...
[   14.125293] pwm-backlight: probe of backlight failed with error -16
[[0;32m  OK  [0m] Started [0;1;39mUpdate UTMP about System Boot/Shutdown[0m.
[   14.198302] at24 7-0050: supply vcc not found, using dummy regulator
[[0;32m  OK  [0m] Reached target [0;1;39mHardware activated U[   14.209196] at24 7-0050: 128 byte br24t01 EEPROM, writable, 8 bytes/write
SB gadget[0m.
[[0;32m  OK  [0m] Started [0;1;39mNetwork Time Synchronization[0m.
[[0;32m  OK  [0m] Started [0;1;39mNetwork Name Resolution[0m.
[[0;32m  OK  [0m] Reached target [0;1;39mNetwork[0m.
[[0;32m  OK  [0m] Reached target [0;1;39mHost and Network Name Lookups[0m.
[[0;32m  OK  [0m] Reached target [0;1;39mSystem Initialization[0m.
[[0;32m  OK  [0m] Started [0;1;39mDaily Cleanup of Temporary Directories[0m.
[[0;32m  OK  [0m] Reached target [0;1;39mSystem Time Set[0m.
[[0;32m  OK  [0m] Reac[   14.371367] renesas_usb3 ee020000.usb: probed with phy
hed target [0;1;39mSystem Time Synchronized[0m.
[   14.384778] ccree e6601000.crypto: ARM CryptoCell 630P Driver: HW version 0xAF400001/0xDCC63000, Driver version 5.0
[[0;32m  OK  [0m] Reached target [0;1;39mTimers[0m.
[[0;32m  OK  [0m] Listening on [0;1;39mAvahi mDNS/DNS-SD Stack Activation Socket[0m.
[   14.431803] ccree e6601000.crypto: ARM ccree device initialized
[[0;32m  OK  [0m] Listening on [0;1;39mD-Bus System Message Bus Socket[0m.
[   14.464293] xhci-hcd ee000000.usb: xHCI Host Controller
[   14.469714] xhci-hcd ee000000.usb: new USB bus registered, assigned bus number 9
[[0;32m  OK  [0m] Listening on [0;1;39mdropbear.socket[0m.
[[0;32m  OK  [0m] Reached target [0;1;39mSockets[0m.[   14.493741] xhci-hcd ee000000.usb: hcc params 0x014051ce hci version 0x100 quirks 0x0000000000830410

[   14.504337] xhci-hcd ee000000.usb: irq 172, io mem 0xee000000
[   14.510348] xhci-hcd ee000000.usb: xHCI Host Controller
[   14.515633] xhci-hcd ee000000.usb: new USB bus registered, assigned bus number 10
[   14.523150] xhci-hcd ee000000.usb: Host supports USB 3.0 SuperSpeed
[   14.530136] hub 9-0:1.0: USB hub found
[   14.533947] hub 9-0:1.0: 1 port detected
[   14.541424] usb usb10: We don't know the algorithms for LPM for this host, disabling LPM.
[[0;32m  OK  [[   14.550065] hub 10-0:1.0: USB hub found
0m] Reached targ[   14.555321] hub 10-0:1.0: 1 port detected
et [0;1;39mBasic System[0m.
         Starting [0;1;39mAvahi mDNS/DNS-SD Stack[0m...
[[0;32m  OK  [0m] Started [0;1;39mD-Bus System Message Bus[0m.
[[0;32m  OK  [0m] Started [0;1;39moptee services[0m.
         Starting [0;1;39mpvrinit.service[0m...
         Starting [0;1;39mPowerVR consumer services[0m...
         Starting [0;1;39mLogin Service[0m...
         Starting [0;1;39mPermit User Sessions[0m...
[[0;32m  OK  [0m] Started [0;1;39mXinetd A Powerful Replacement For Inetd[0m.
[[0;32m  OK  [0m] Started [0;1;39mPermit User Sessions[0m.
[[0;1;31mFAILED[0m] Failed to start [0;1;39mpvrinit.service[0m.
See 'systemctl status pvrinit.service' for details.
[[0;1;31mFAILED[0m] Failed to start [0;1;39mPowerVR consumer services[0m.
See 'systemctl status rc.pvr.service' for details.
[[0;32m  OK  [0m] Started [0;1;39mAvahi mDNS/DNS-SD Stack[0m.
[[0;32m  OK  [0m] Started [0;1;39mLogin Service[0m.
[[0;32m  OK  [0m] Created slice [0;1;39msystem-weston.slice[0m.
[[0;32m  OK  [0m] Started [0;1;39mGetty on tty1[0m.
         Starting [0;1;39mPowerVR consumer services[0m...
[[0;32m  OK  [0m] Started [0;1;39mSerial Getty on ttySC0[0m.
[[0;32m  OK  [0m] Reached target [0;1;39mLogin Prompts[0m.
         Starting [0;1;39mset_default_governor.service[0m...
[   15.122029] usb 10-1: new SuperSpeed Gen 1 USB device number 2 using xhci-hcd
[[0;1;31mFAILED[0m] Failed to start [0;1;39mPowerVR consumer services[0m.
See 'systemctl status rc.pvr.service' for details.
[   15.159324] usb-storage 10-1:1.0: USB Mass Storage device detected
[   15.161737] rd 0-7: Disabling EAS, schedutil is mandatory
[   15.166431] scsi host1: usb-storage 10-1:1.0
[[0;1;38;5;185mDEPEND[0m] Dependency failed for [0;1;39mWeston Wayland Compositor[0m.
[[0;32m  OK  [0m] Started [0;1;39mset_default_governor.service[0m.
[[0;32m  OK  [0m] Reached target [0;1;39mMulti-User System[0m.
         Starting [0;1;39mUpdate UTMP about System Runlevel Changes[0m...
[[0;32m  OK  [0m] Started [0;1;39mUpdate UTMP about System Runlevel Changes[0m.
[   16.191447] scsi 1:0:0:0: Direct-Access     SanDisk  Ultra            1.00 PQ: 0 ANSI: 6
[   16.201722] sd 1:0:0:0: [sda] 121307136 512-byte logical blocks: (62.1 GB/57.8 GiB)
[   16.211183] sd 1:0:0:0: [sda] Write Protect is off
[   16.216781] sd 1:0:0:0: [sda] Write cache: disabled, read cache: enabled, doesn't support DPO or FUA
[   16.262531]  sda: sda1
[   16.267825] sd 1:0:0:0: [sda] Attached SCSI removable disk


Poky (Yocto Project Reference Distro) 3.1.11 salvator-x ttySC0

salvator-x login: 

salvator-x login: root

[   17.168696] audit: type=1006 audit(1703064537.948:2): pid=538 uid=0 old-auid=4294967295 auid=0 tty=(none) old-ses=4294967295 ses=1 res=1
7[r[999;999H[6n8root@salvator-x:~# 
root@salvator-x:~# 
root@salvator-x:~# 
root@salvator-x:~# 
root@salvator-x:~# 
root@salvator-x:~# 
root@salvator-x:~# 
root@salvator-x:~# 
root@salvator-x:~# 
root@salvator-x:~# find /sys/devices/platform/soc/ee000000.usb/ -name 'sd*'
/sys/devices/platform/soc/ee000000.usb/usb10/10-1/10-1:1.0/host1/target1:0:0/1:0:0:0/block/sda
/sys/devices/platform/soc/ee000000.usb/usb10/10-1/10-1:1.0/host1/target1:0:0/1:0:0:0/block/sda/sda1
root@salvator-x:~# 
root@salvator-x:~# stress-ng --cpu 4 --io 4 --vm 2 --vm-bytes 20M --timeout 3600 
s &
[1] 549
root@salvator-x:~# stress-ng: info:  [549] dispatching hogs: 4 cpu, 4 io, 2 vm

root@salvator-x:~# dd if=/dev/urandom of=testdata bs=1024K count=10
10+0 records in
10+0 records out
10485760 bytes (10 MB, 10 MiB) copied, 0.26197 s, 40.0 MB/s
root@salvator-x:~# 
root@salvator-x:~# cp testdata testdata_aaa &
[2] 565
root@salvator-x:~# 
root@salvator-x:~# dd if=testdata_aaa of=/dev/sda1 bs=1024K count=10
10+0 records in
10+0 records out
10485760 bytes (10 MB, 10 MiB) copied, 0.343452 s, 30.5 MB/s
[2]+  Done                    cp testdata testdata_aaa
root@salvator-x:~# 
root@salvator-x:~# dd if=/dev/sda1 of=testdata_bbb bs=1024K count=10
10+0 records in
10+0 records out
10485760 bytes (10 MB, 10 MiB) copied, 0.346411 s, 30.3 MB/s
root@salvator-x:~# 
root@salvator-x:~# mv testdata_bbb testdata_aaa
root@salvator-x:~# [   41.949586] SDHI0 VccQ: disabling
[   41.953024] SDHI3 VccQ: disabling

root@salvator-x:~# dd if=testdata_aaa of=/dev/sda1 bs=1024K count=10
10+0 records in
10+0 records out
10485760 bytes (10 MB, 10 MiB) copied, 0.525394 s, 20.0 MB/s
root@salvator-x:~# 
root@salvator-x:~# dd if=/dev/sda1 of=testdata_bbb bs=1024K count=10
10+0 records in
10+0 records out
10485760 bytes (10 MB, 10 MiB) copied, 0.328363 s, 31.9 MB/s
root@salvator-x:~# 
root@salvator-x:~# mv testdata_bbb testdata_aaa
root@salvator-x:~# 
root@salvator-x:~# dd if=testdata_aaa of=/dev/sda1 bs=1024K count=10
10+0 records in
10+0 records out
10485760 bytes (10 MB, 10 MiB) copied, 0.351741 s, 29.8 MB/s
root@salvator-x:~# 
root@salvator-x:~# dd if=/dev/sda1 of=testdata_bbb bs=1024K count=10
10+0 records in
10+0 records out
10485760 bytes (10 MB, 10 MiB) copied, 0.326877 s, 32.1 MB/s
root@salvator-x:~# 
root@salvator-x:~# mv testdata_bbb testdata_aaa
root@salvator-x:~# 
root@salvator-x:~# dd if=testdata_aaa of=/dev/sda1 bs=1024K count=10
10+0 records in
10+0 records out
10485760 bytes (10 MB, 10 MiB) copied, 5.64896 s, 1.9 MB/s
root@salvator-x:~# 
root@salvator-x:~# dd if=/dev/sda1 of=testdata_bbb bs=1024K count=10
10+0 records in
10+0 records out
10485760 bytes (10 MB, 10 MiB) copied, 0.317457 s, 33.0 MB/s
root@salvator-x:~# 
root@salvator-x:~# mv testdata_bbb testdata_aaa
root@salvator-x:~# 
root@salvator-x:~# dd if=testdata_aaa of=/dev/sda1 bs=1024K count=10
10+0 records in
10+0 records out
10485760 bytes (10 MB, 10 MiB) copied, 0.764276 s, 13.7 MB/s
root@salvator-x:~# 
root@salvator-x:~# dd if=/dev/sda1 of=testdata_bbb bs=1024K count=10
10+0 records in
10+0 records out
10485760 bytes (10 MB, 10 MiB) copied, 0.293649 s, 35.7 MB/s
root@salvator-x:~# 
root@salvator-x:~# mv testdata_bbb testdata_aaa
root@salvator-x:~# 
root@salvator-x:~# dd if=testdata_aaa of=/dev/sda1 bs=1024K count=10
10+0 records in
10+0 records out
10485760 bytes (10 MB, 10 MiB) copied, 0.626493 s, 16.7 MB/s
root@salvator-x:~# 
root@salvator-x:~# dd if=/dev/sda1 of=testdata_bbb bs=1024K count=10
10+0 records in
10+0 records out
10485760 bytes (10 MB, 10 MiB) copied, 0.338452 s, 31.0 MB/s
root@salvator-x:~# 
root@salvator-x:~# mv testdata_bbb testdata_aaa
root@salvator-x:~# 
root@salvator-x:~# dd if=testdata_aaa of=/dev/sda1 bs=1024K count=10
10+0 records in
10+0 records out
10485760 bytes (10 MB, 10 MiB) copied, 0.942788 s, 11.1 MB/s
root@salvator-x:~# 
root@salvator-x:~# dd if=/dev/sda1 of=testdata_bbb bs=1024K count=10
10+0 records in
10+0 records out
10485760 bytes (10 MB, 10 MiB) copied, 0.329658 s, 31.8 MB/s
root@salvator-x:~# 
root@salvator-x:~# mv testdata_bbb testdata_aaa
root@salvator-x:~# 
root@salvator-x:~# dd if=testdata_aaa of=/dev/sda1 bs=1024K count=10
10+0 records in
10+0 records out
10485760 bytes (10 MB, 10 MiB) copied, 0.634775 s, 16.5 MB/s
root@salvator-x:~# 
root@salvator-x:~# dd if=/dev/sda1 of=testdata_bbb bs=1024K count=10
10+0 records in
10+0 records out
10485760 bytes (10 MB, 10 MiB) copied, 0.288725 s, 36.3 MB/s
root@salvator-x:~# 
root@salvator-x:~# mv testdata_bbb testdata_aaa
root@salvator-x:~# 
root@salvator-x:~# dd if=testdata_aaa of=/dev/sda1 bs=1024K count=10
10+0 records in
10+0 records out
10485760 bytes (10 MB, 10 MiB) copied, 0.717036 s, 14.6 MB/s
root@salvator-x:~# 
root@salvator-x:~# dd if=/dev/sda1 of=testdata_bbb bs=1024K count=10
10+0 records in
10+0 records out
10485760 bytes (10 MB, 10 MiB) copied, 0.301695 s, 34.8 MB/s
root@salvator-x:~# 
root@salvator-x:~# mv testdata_bbb testdata_aaa
root@salvator-x:~# 
root@salvator-x:~# dd if=testdata_aaa of=/dev/sda1 bs=1024K count=10
10+0 records in
10+0 records out
10485760 bytes (10 MB, 10 MiB) copied, 0.280662 s, 37.4 MB/s
root@salvator-x:~# 
root@salvator-x:~# dd if=/dev/sda1 of=testdata_bbb bs=1024K count=10
10+0 records in
10+0 records out
10485760 bytes (10 MB, 10 MiB) copied, 0.312971 s, 33.5 MB/s
root@salvator-x:~# 
root@salvator-x:~# mv testdata_bbb testdata_aaa
root@salvator-x:~# 
root@salvator-x:~# dd if=testdata_aaa of=/dev/sda1 bs=1024K count=10
10+0 records in
10+0 records out
10485760 bytes (10 MB, 10 MiB) copied, 0.50048 s, 21.0 MB/s
root@salvator-x:~# 
root@salvator-x:~# dd if=/dev/sda1 of=testdata_bbb bs=1024K count=10
10+0 records in
10+0 records out
10485760 bytes (10 MB, 10 MiB) copied, 0.302913 s, 34.6 MB/s
root@salvator-x:~# 
root@salvator-x:~# mv testdata_bbb testdata_aaa
root@salvator-x:~# 
root@salvator-x:~# dd if=testdata_aaa of=/dev/sda1 bs=1024K count=10
10+0 records in
10+0 records out
10485760 bytes (10 MB, 10 MiB) copied, 0.31015 s, 33.8 MB/s
root@salvator-x:~# 
root@salvator-x:~# dd if=/dev/sda1 of=testdata_bbb bs=1024K count=10
10+0 records in
10+0 records out
10485760 bytes (10 MB, 10 MiB) copied, 0.323096 s, 32.5 MB/s
root@salvator-x:~# 
root@salvator-x:~# mv testdata_bbb testdata_aaa
root@salvator-x:~# 
root@salvator-x:~# dd if=testdata_aaa of=/dev/sda1 bs=1024K count=10
10+0 records in
10+0 records out
10485760 bytes (10 MB, 10 MiB) copied, 0.304808 s, 34.4 MB/s
root@salvator-x:~# 
root@salvator-x:~# dd if=/dev/sda1 of=testdata_bbb bs=1024K count=10
10+0 records in
10+0 records out
10485760 bytes (10 MB, 10 MiB) copied, 0.32576 s, 32.2 MB/s
root@salvator-x:~# 
root@salvator-x:~# mv testdata_bbb testdata_aaa
root@salvator-x:~# 
root@salvator-x:~# dd if=testdata_aaa of=/dev/sda1 bs=1024K count=10
10+0 records in
10+0 records out
10485760 bytes (10 MB, 10 MiB) copied, 0.441637 s, 23.7 MB/s
root@salvator-x:~# 
root@salvator-x:~# dd if=/dev/sda1 of=testdata_bbb bs=1024K count=10
10+0 records in
10+0 records out
10485760 bytes (10 MB, 10 MiB) copied, 0.305556 s, 34.3 MB/s
root@salvator-x:~# 
root@salvator-x:~# mv testdata_bbb testdata_aaa
root@salvator-x:~# 
root@salvator-x:~# dd if=testdata_aaa of=/dev/sda1 bs=1024K count=10
10+0 records in
10+0 records out
10485760 bytes (10 MB, 10 MiB) copied, 0.365808 s, 28.7 MB/s
root@salvator-x:~# 
root@salvator-x:~# dd if=/dev/sda1 of=testdata_bbb bs=1024K count=10
10+0 records in
10+0 records out
10485760 bytes (10 MB, 10 MiB) copied, 0.325356 s, 32.2 MB/s
root@salvator-x:~# 
root@salvator-x:~# mv testdata_bbb testdata_aaa
root@salvator-x:~# 
root@salvator-x:~# dd if=testdata_aaa of=/dev/sda1 bs=1024K count=10
10+0 records in
10+0 records out
10485760 bytes (10 MB, 10 MiB) copied, 0.350002 s, 30.0 MB/s
root@salvator-x:~# 
root@salvator-x:~# dd if=/dev/sda1 of=testdata_bbb bs=1024K count=10
10+0 records in
10+0 records out
10485760 bytes (10 MB, 10 MiB) copied, 0.342025 s, 30.7 MB/s
root@salvator-x:~# 
root@salvator-x:~# mv testdata_bbb testdata_aaa
root@salvator-x:~# 
root@salvator-x:~# dd if=testdata_aaa of=/dev/sda1 bs=1024K count=10
10+0 records in
10+0 records out
10485760 bytes (10 MB, 10 MiB) copied, 0.272101 s, 38.5 MB/s
root@salvator-x:~# 
root@salvator-x:~# dd if=/dev/sda1 of=testdata_bbb bs=1024K count=10
10+0 records in
10+0 records out
10485760 bytes (10 MB, 10 MiB) copied, 0.315192 s, 33.3 MB/s
root@salvator-x:~# 
root@salvator-x:~# mv testdata_bbb testdata_aaa
root@salvator-x:~# 
root@salvator-x:~# dd if=testdata_aaa of=/dev/sda1 bs=1024K count=10
10+0 records in
10+0 records out
10485760 bytes (10 MB, 10 MiB) copied, 0.348643 s, 30.1 MB/s
root@salvator-x:~# 
root@salvator-x:~# dd if=/dev/sda1 of=testdata_bbb bs=1024K count=10
10+0 records in
10+0 records out
10485760 bytes (10 MB, 10 MiB) copied, 0.319887 s, 32.8 MB/s
root@salvator-x:~# 
root@salvator-x:~# mv testdata_bbb testdata_aaa
root@salvator-x:~# 
root@salvator-x:~# dd if=testdata_aaa of=/dev/sda1 bs=1024K count=10
10+0 records in
10+0 records out
10485760 bytes (10 MB, 10 MiB) copied, 0.344598 s, 30.4 MB/s
root@salvator-x:~# 
root@salvator-x:~# dd if=/dev/sda1 of=testdata_bbb bs=1024K count=10
10+0 records in
10+0 records out
10485760 bytes (10 MB, 10 MiB) copied, 0.329985 s, 31.8 MB/s
root@salvator-x:~# 
root@salvator-x:~# mv testdata_bbb testdata_aaa
root@salvator-x:~# 
root@salvator-x:~# dd if=testdata_aaa of=/dev/sda1 bs=1024K count=10
10+0 records in
10+0 records out
10485760 bytes (10 MB, 10 MiB) copied, 0.459265 s, 22.8 MB/s
root@salvator-x:~# 
root@salvator-x:~# dd if=/dev/sda1 of=testdata_bbb bs=1024K count=10
10+0 records in
10+0 records out
10485760 bytes (10 MB, 10 MiB) copied, 0.301985 s, 34.7 MB/s
root@salvator-x:~# 
root@salvator-x:~# mv testdata_bbb testdata_aaa
root@salvator-x:~# 
root@salvator-x:~# dd if=testdata_aaa of=/dev/sda1 bs=1024K count=10
10+0 records in
10+0 records out
10485760 bytes (10 MB, 10 MiB) copied, 0.381787 s, 27.5 MB/s
root@salvator-x:~# 
root@salvator-x:~# dd if=/dev/sda1 of=testdata_bbb bs=1024K count=10
10+0 records in
10+0 records out
10485760 bytes (10 MB, 10 MiB) copied, 0.323076 s, 32.5 MB/s
root@salvator-x:~# 
root@salvator-x:~# mv testdata_bbb testdata_aaa
root@salvator-x:~# 
root@salvator-x:~# dd if=testdata_aaa of=/dev/sda1 bs=1024K count=10
10+0 records in
10+0 records out
10485760 bytes (10 MB, 10 MiB) copied, 0.367522 s, 28.5 MB/s
root@salvator-x:~# 
root@salvator-x:~# dd if=/dev/sda1 of=testdata_bbb bs=1024K count=10
10+0 records in
10+0 records out
10485760 bytes (10 MB, 10 MiB) copied, 0.291198 s, 36.0 MB/s
root@salvator-x:~# 
root@salvator-x:~# mv testdata_bbb testdata_aaa
root@salvator-x:~# 
root@salvator-x:~# dd if=testdata_aaa of=/dev/sda1 bs=1024K count=10
10+0 records in
10+0 records out
10485760 bytes (10 MB, 10 MiB) copied, 0.46584 s, 22.5 MB/s
root@salvator-x:~# 
root@salvator-x:~# dd if=/dev/sda1 of=testdata_bbb bs=1024K count=10
10+0 records in
10+0 records out
10485760 bytes (10 MB, 10 MiB) copied, 0.332449 s, 31.5 MB/s
root@salvator-x:~# 
root@salvator-x:~# mv testdata_bbb testdata_aaa
root@salvator-x:~# 
root@salvator-x:~# dd if=testdata_aaa of=/dev/sda1 bs=1024K count=10
10+0 records in
10+0 records out
10485760 bytes (10 MB, 10 MiB) copied, 0.33678 s, 31.1 MB/s
root@salvator-x:~# 
root@salvator-x:~# dd if=/dev/sda1 of=testdata_bbb bs=1024K count=10
10+0 records in
10+0 records out
10485760 bytes (10 MB, 10 MiB) copied, 0.310523 s, 33.8 MB/s
root@salvator-x:~# 
root@salvator-x:~# mv testdata_bbb testdata_aaa
root@salvator-x:~# 
root@salvator-x:~# dd if=testdata_aaa of=/dev/sda1 bs=1024K count=10
10+0 records in
10+0 records out
10485760 bytes (10 MB, 10 MiB) copied, 0.304234 s, 34.5 MB/s
root@salvator-x:~# 
root@salvator-x:~# dd if=/dev/sda1 of=testdata_bbb bs=1024K count=10
10+0 records in
10+0 records out
10485760 bytes (10 MB, 10 MiB) copied, 0.345076 s, 30.4 MB/s
root@salvator-x:~# 
root@salvator-x:~# mv testdata_bbb testdata_aaa
root@salvator-x:~# 
root@salvator-x:~# dd if=testdata_aaa of=/dev/sda1 bs=1024K count=10
10+0 records in
10+0 records out
10485760 bytes (10 MB, 10 MiB) copied, 0.43076 s, 24.3 MB/s
root@salvator-x:~# 
root@salvator-x:~# dd if=/dev/sda1 of=testdata_bbb bs=1024K count=10
10+0 records in
10+0 records out
10485760 bytes (10 MB, 10 MiB) copied, 0.351649 s, 29.8 MB/s
root@salvator-x:~# 
root@salvator-x:~# mv testdata_bbb testdata_aaa
root@salvator-x:~# 
root@salvator-x:~# dd if=testdata_aaa of=/dev/sda1 bs=1024K count=10
10+0 records in
10+0 records out
10485760 bytes (10 MB, 10 MiB) copied, 0.416123 s, 25.2 MB/s
root@salvator-x:~# 
root@salvator-x:~# dd if=/dev/sda1 of=testdata_bbb bs=1024K count=10
10+0 records in
10+0 records out
10485760 bytes (10 MB, 10 MiB) copied, 0.260509 s, 40.3 MB/s
root@salvator-x:~# 
root@salvator-x:~# mv testdata_bbb testdata_aaa
root@salvator-x:~# 
root@salvator-x:~# dd if=testdata_aaa of=/dev/sda1 bs=1024K count=10
10+0 records in
10+0 records out
10485760 bytes (10 MB, 10 MiB) copied, 0.321654 s, 32.6 MB/s
root@salvator-x:~# 
root@salvator-x:~# dd if=/dev/sda1 of=testdata_bbb bs=1024K count=10
10+0 records in
10+0 records out
10485760 bytes (10 MB, 10 MiB) copied, 0.268054 s, 39.1 MB/s
root@salvator-x:~# 
root@salvator-x:~# mv testdata_bbb testdata_aaa
root@salvator-x:~# 
root@salvator-x:~# dd if=testdata_aaa of=/dev/sda1 bs=1024K count=10
10+0 records in
10+0 records out
10485760 bytes (10 MB, 10 MiB) copied, 0.523255 s, 20.0 MB/s
root@salvator-x:~# 
root@salvator-x:~# dd if=/dev/sda1 of=testdata_bbb bs=1024K count=10
10+0 records in
10+0 records out
10485760 bytes (10 MB, 10 MiB) copied, 0.290792 s, 36.1 MB/s
root@salvator-x:~# 
root@salvator-x:~# mv testdata_bbb testdata_aaa
root@salvator-x:~# 
root@salvator-x:~# dd if=testdata_aaa of=/dev/sda1 bs=1024K count=10
10+0 records in
10+0 records out
10485760 bytes (10 MB, 10 MiB) copied, 0.304666 s, 34.4 MB/s
root@salvator-x:~# 
root@salvator-x:~# dd if=/dev/sda1 of=testdata_bbb bs=1024K count=10
10+0 records in
10+0 records out
10485760 bytes (10 MB, 10 MiB) copied, 0.296015 s, 35.4 MB/s
root@salvator-x:~# 
root@salvator-x:~# mv testdata_bbb testdata_aaa
root@salvator-x:~# 
root@salvator-x:~# dd if=testdata_aaa of=/dev/sda1 bs=1024K count=10
10+0 records in
10+0 records out
10485760 bytes (10 MB, 10 MiB) copied, 0.465127 s, 22.5 MB/s
root@salvator-x:~# 
root@salvator-x:~# dd if=/dev/sda1 of=testdata_bbb bs=1024K count=10
10+0 records in
10+0 records out
10485760 bytes (10 MB, 10 MiB) copied, 0.322152 s, 32.5 MB/s
root@salvator-x:~# 
root@salvator-x:~# mv testdata_bbb testdata_aaa
root@salvator-x:~# 
root@salvator-x:~# dd if=testdata_aaa of=/dev/sda1 bs=1024K count=10
10+0 records in
10+0 records out
10485760 bytes (10 MB, 10 MiB) copied, 0.40459 s, 25.9 MB/s
root@salvator-x:~# 
root@salvator-x:~# dd if=/dev/sda1 of=testdata_bbb bs=1024K count=10
10+0 records in
10+0 records out
10485760 bytes (10 MB, 10 MiB) copied, 0.301714 s, 34.8 MB/s
root@salvator-x:~# 
root@salvator-x:~# mv testdata_bbb testdata_aaa
root@salvator-x:~# 
root@salvator-x:~# dd if=testdata_aaa of=/dev/sda1 bs=1024K count=10
10+0 records in
10+0 records out
10485760 bytes (10 MB, 10 MiB) copied, 0.385876 s, 27.2 MB/s
root@salvator-x:~# 
root@salvator-x:~# dd if=/dev/sda1 of=testdata_bbb bs=1024K count=10
10+0 records in
10+0 records out
10485760 bytes (10 MB, 10 MiB) copied, 0.447768 s, 23.4 MB/s
root@salvator-x:~# 
root@salvator-x:~# mv testdata_bbb testdata_aaa
root@salvator-x:~# 
root@salvator-x:~# dd if=testdata_aaa of=/dev/sda1 bs=1024K count=10
10+0 records in
10+0 records out
10485760 bytes (10 MB, 10 MiB) copied, 0.568417 s, 18.4 MB/s
root@salvator-x:~# 
root@salvator-x:~# dd if=/dev/sda1 of=testdata_bbb bs=1024K count=10
10+0 records in
10+0 records out
10485760 bytes (10 MB, 10 MiB) copied, 0.31847 s, 32.9 MB/s
root@salvator-x:~# 
root@salvator-x:~# mv testdata_bbb testdata_aaa
root@salvator-x:~# 
root@salvator-x:~# dd if=testdata_aaa of=/dev/sda1 bs=1024K count=10
10+0 records in
10+0 records out
10485760 bytes (10 MB, 10 MiB) copied, 0.397333 s, 26.4 MB/s
root@salvator-x:~# 
root@salvator-x:~# dd if=/dev/sda1 of=testdata_bbb bs=1024K count=10
10+0 records in
10+0 records out
10485760 bytes (10 MB, 10 MiB) copied, 0.293839 s, 35.7 MB/s
root@salvator-x:~# 
root@salvator-x:~# mv testdata_bbb testdata_aaa
root@salvator-x:~# 
root@salvator-x:~# dd if=testdata_aaa of=/dev/sda1 bs=1024K count=10
10+0 records in
10+0 records out
10485760 bytes (10 MB, 10 MiB) copied, 0.446133 s, 23.5 MB/s
root@salvator-x:~# 
root@salvator-x:~# dd if=/dev/sda1 of=testdata_bbb bs=1024K count=10
10+0 records in
10+0 records out
10485760 bytes (10 MB, 10 MiB) copied, 0.309915 s, 33.8 MB/s
root@salvator-x:~# 
root@salvator-x:~# mv testdata_bbb testdata_aaa
root@salvator-x:~# 
root@salvator-x:~# dd if=testdata_aaa of=/dev/sda1 bs=1024K count=10
10+0 records in
10+0 records out
10485760 bytes (10 MB, 10 MiB) copied, 0.413122 s, 25.4 MB/s
root@salvator-x:~# 
root@salvator-x:~# dd if=/dev/sda1 of=testdata_bbb bs=1024K count=10
10+0 records in
10+0 records out
10485760 bytes (10 MB, 10 MiB) copied, 0.30879 s, 34.0 MB/s
root@salvator-x:~# 
root@salvator-x:~# mv testdata_bbb testdata_aaa
root@salvator-x:~# 
root@salvator-x:~# dd if=testdata_aaa of=/dev/sda1 bs=1024K count=10
10+0 records in
10+0 records out
10485760 bytes (10 MB, 10 MiB) copied, 0.294937 s, 35.6 MB/s
root@salvator-x:~# 
root@salvator-x:~# dd if=/dev/sda1 of=testdata_bbb bs=1024K count=10
10+0 records in
10+0 records out
10485760 bytes (10 MB, 10 MiB) copied, 0.33406 s, 31.4 MB/s
root@salvator-x:~# 
root@salvator-x:~# mv testdata_bbb testdata_aaa
root@salvator-x:~# 
root@salvator-x:~# dd if=testdata_aaa of=/dev/sda1 bs=1024K count=10
10+0 records in
10+0 records out
10485760 bytes (10 MB, 10 MiB) copied, 0.497184 s, 21.1 MB/s
root@salvator-x:~# 
root@salvator-x:~# dd if=/dev/sda1 of=testdata_bbb bs=1024K count=10
10+0 records in
10+0 records out
10485760 bytes (10 MB, 10 MiB) copied, 0.343229 s, 30.6 MB/s
root@salvator-x:~# 
root@salvator-x:~# mv testdata_bbb testdata_aaa
root@salvator-x:~# 
root@salvator-x:~# dd if=testdata_aaa of=/dev/sda1 bs=1024K count=10
10+0 records in
10+0 records out
10485760 bytes (10 MB, 10 MiB) copied, 0.34854 s, 30.1 MB/s
root@salvator-x:~# 
root@salvator-x:~# dd if=/dev/sda1 of=testdata_bbb bs=1024K count=10
10+0 records in
10+0 records out
10485760 bytes (10 MB, 10 MiB) copied, 0.275952 s, 38.0 MB/s
root@salvator-x:~# 
root@salvator-x:~# mv testdata_bbb testdata_aaa
root@salvator-x:~# 
root@salvator-x:~# dd if=testdata_aaa of=/dev/sda1 bs=1024K count=10
10+0 records in
10+0 records out
10485760 bytes (10 MB, 10 MiB) copied, 0.341039 s, 30.7 MB/s
root@salvator-x:~# 
root@salvator-x:~# dd if=/dev/sda1 of=testdata_bbb bs=1024K count=10
10+0 records in
10+0 records out
10485760 bytes (10 MB, 10 MiB) copied, 0.302743 s, 34.6 MB/s
root@salvator-x:~# 
root@salvator-x:~# mv testdata_bbb testdata_aaa
root@salvator-x:~# 
root@salvator-x:~# dd if=testdata_aaa of=/dev/sda1 bs=1024K count=10
10+0 records in
10+0 records out
10485760 bytes (10 MB, 10 MiB) copied, 0.583294 s, 18.0 MB/s
root@salvator-x:~# 
root@salvator-x:~# dd if=/dev/sda1 of=testdata_bbb bs=1024K count=10
10+0 records in
10+0 records out
10485760 bytes (10 MB, 10 MiB) copied, 0.322633 s, 32.5 MB/s
root@salvator-x:~# 
root@salvator-x:~# mv testdata_bbb testdata_aaa
root@salvator-x:~# 
root@salvator-x:~# dd if=testdata_aaa of=/dev/sda1 bs=1024K count=10
10+0 records in
10+0 records out
10485760 bytes (10 MB, 10 MiB) copied, 0.269426 s, 38.9 MB/s
root@salvator-x:~# 
root@salvator-x:~# dd if=/dev/sda1 of=testdata_bbb bs=1024K count=10
10+0 records in
10+0 records out
10485760 bytes (10 MB, 10 MiB) copied, 0.319508 s, 32.8 MB/s
root@salvator-x:~# 
root@salvator-x:~# mv testdata_bbb testdata_aaa
root@salvator-x:~# 
root@salvator-x:~# dd if=testdata_aaa of=/dev/sda1 bs=1024K count=10
10+0 records in
10+0 records out
10485760 bytes (10 MB, 10 MiB) copied, 0.32999 s, 31.8 MB/s
root@salvator-x:~# 
root@salvator-x:~# dd if=/dev/sda1 of=testdata_bbb bs=1024K count=10
10+0 records in
10+0 records out
10485760 bytes (10 MB, 10 MiB) copied, 0.297282 s, 35.3 MB/s
root@salvator-x:~# 
root@salvator-x:~# mv testdata_bbb testdata_aaa
root@salvator-x:~# 
root@salvator-x:~# dd if=testdata_aaa of=/dev/sda1 bs=1024K count=10
10+0 records in
10+0 records out
10485760 bytes (10 MB, 10 MiB) copied, 0.354279 s, 29.6 MB/s
root@salvator-x:~# 
root@salvator-x:~# dd if=/dev/sda1 of=testdata_bbb bs=1024K count=10
10+0 records in
10+0 records out
10485760 bytes (10 MB, 10 MiB) copied, 0.299522 s, 35.0 MB/s
root@salvator-x:~# 
root@salvator-x:~# mv testdata_bbb testdata_aaa
root@salvator-x:~# 
root@salvator-x:~# dd if=testdata_aaa of=/dev/sda1 bs=1024K count=10
10+0 records in
10+0 records out
10485760 bytes (10 MB, 10 MiB) copied, 0.420103 s, 25.0 MB/s
root@salvator-x:~# 
root@salvator-x:~# dd if=/dev/sda1 of=testdata_bbb bs=1024K count=10
10+0 records in
10+0 records out
10485760 bytes (10 MB, 10 MiB) copied, 0.319519 s, 32.8 MB/s
root@salvator-x:~# 
root@salvator-x:~# mv testdata_bbb testdata_aaa
root@salvator-x:~# 
root@salvator-x:~# dd if=testdata_aaa of=/dev/sda1 bs=1024K count=10
10+0 records in
10+0 records out
10485760 bytes (10 MB, 10 MiB) copied, 0.350015 s, 30.0 MB/s
root@salvator-x:~# 
root@salvator-x:~# dd if=/dev/sda1 of=testdata_bbb bs=1024K count=10
10+0 records in
10+0 records out
10485760 bytes (10 MB, 10 MiB) copied, 0.323598 s, 32.4 MB/s
root@salvator-x:~# 
root@salvator-x:~# mv testdata_bbb testdata_aaa
root@salvator-x:~# 
root@salvator-x:~# dd if=testdata_aaa of=/dev/sda1 bs=1024K count=10
10+0 records in
10+0 records out
10485760 bytes (10 MB, 10 MiB) copied, 0.281336 s, 37.3 MB/s
root@salvator-x:~# 
root@salvator-x:~# dd if=/dev/sda1 of=testdata_bbb bs=1024K count=10
10+0 records in
10+0 records out
10485760 bytes (10 MB, 10 MiB) copied, 0.317343 s, 33.0 MB/s
root@salvator-x:~# 
root@salvator-x:~# mv testdata_bbb testdata_aaa
root@salvator-x:~# 
root@salvator-x:~# dd if=testdata_aaa of=/dev/sda1 bs=1024K count=10
10+0 records in
10+0 records out
10485760 bytes (10 MB, 10 MiB) copied, 0.351285 s, 29.8 MB/s
root@salvator-x:~# 
root@salvator-x:~# dd if=/dev/sda1 of=testdata_bbb bs=1024K count=10
10+0 records in
10+0 records out
10485760 bytes (10 MB, 10 MiB) copied, 0.316364 s, 33.1 MB/s
root@salvator-x:~# 
root@salvator-x:~# mv testdata_bbb testdata_aaa
root@salvator-x:~# 
root@salvator-x:~# dd if=testdata_aaa of=/dev/sda1 bs=1024K count=10
10+0 records in
10+0 records out
10485760 bytes (10 MB, 10 MiB) copied, 0.374519 s, 28.0 MB/s
root@salvator-x:~# 
root@salvator-x:~# dd if=/dev/sda1 of=testdata_bbb bs=1024K count=10
10+0 records in
10+0 records out
10485760 bytes (10 MB, 10 MiB) copied, 0.327079 s, 32.1 MB/s
root@salvator-x:~# 
root@salvator-x:~# mv testdata_bbb testdata_aaa
root@salvator-x:~# 
root@salvator-x:~# dd if=testdata_aaa of=/dev/sda1 bs=1024K count=10
10+0 records in
10+0 records out
10485760 bytes (10 MB, 10 MiB) copied, 0.31437 s, 33.4 MB/s
root@salvator-x:~# 
root@salvator-x:~# dd if=/dev/sda1 of=testdata_bbb bs=1024K count=10
10+0 records in
10+0 records out
10485760 bytes (10 MB, 10 MiB) copied, 0.330917 s, 31.7 MB/s
root@salvator-x:~# 
root@salvator-x:~# mv testdata_bbb testdata_aaa
root@salvator-x:~# 
root@salvator-x:~# dd if=testdata_aaa of=/dev/sda1 bs=1024K count=10
10+0 records in
10+0 records out
10485760 bytes (10 MB, 10 MiB) copied, 0.342479 s, 30.6 MB/s
root@salvator-x:~# 
root@salvator-x:~# dd if=/dev/sda1 of=testdata_bbb bs=1024K count=10
10+0 records in
10+0 records out
10485760 bytes (10 MB, 10 MiB) copied, 0.338998 s, 30.9 MB/s
root@salvator-x:~# 
root@salvator-x:~# mv testdata_bbb testdata_aaa
root@salvator-x:~# 
root@salvator-x:~# dd if=testdata_aaa of=/dev/sda1 bs=1024K count=10
10+0 records in
10+0 records out
10485760 bytes (10 MB, 10 MiB) copied, 0.402018 s, 26.1 MB/s
root@salvator-x:~# 
root@salvator-x:~# dd if=/dev/sda1 of=testdata_bbb bs=1024K count=10
10+0 records in
10+0 records out
10485760 bytes (10 MB, 10 MiB) copied, 0.31488 s, 33.3 MB/s
root@salvator-x:~# 
root@salvator-x:~# mv testdata_bbb testdata_aaa
root@salvator-x:~# 
root@salvator-x:~# dd if=testdata_aaa of=/dev/sda1 bs=1024K count=10
10+0 records in
10+0 records out
10485760 bytes (10 MB, 10 MiB) copied, 0.305362 s, 34.3 MB/s
root@salvator-x:~# 
root@salvator-x:~# dd if=/dev/sda1 of=testdata_bbb bs=1024K count=10
10+0 records in
10+0 records out
10485760 bytes (10 MB, 10 MiB) copied, 0.348707 s, 30.1 MB/s
root@salvator-x:~# 
root@salvator-x:~# mv testdata_bbb testdata_aaa
root@salvator-x:~# 
root@salvator-x:~# dd if=testdata_aaa of=/dev/sda1 bs=1024K count=10
10+0 records in
10+0 records out
10485760 bytes (10 MB, 10 MiB) copied, 0.457346 s, 22.9 MB/s
root@salvator-x:~# 
root@salvator-x:~# dd if=/dev/sda1 of=testdata_bbb bs=1024K count=10
10+0 records in
10+0 records out
10485760 bytes (10 MB, 10 MiB) copied, 0.303908 s, 34.5 MB/s
root@salvator-x:~# 
root@salvator-x:~# mv testdata_bbb testdata_aaa
root@salvator-x:~# 
root@salvator-x:~# dd if=testdata_aaa of=/dev/sda1 bs=1024K count=10
10+0 records in
10+0 records out
10485760 bytes (10 MB, 10 MiB) copied, 0.540932 s, 19.4 MB/s
root@salvator-x:~# 
root@salvator-x:~# dd if=/dev/sda1 of=testdata_bbb bs=1024K count=10
10+0 records in
10+0 records out
10485760 bytes (10 MB, 10 MiB) copied, 0.30268 s, 34.6 MB/s
root@salvator-x:~# 
root@salvator-x:~# mv testdata_bbb testdata_aaa
root@salvator-x:~# 
root@salvator-x:~# dd if=testdata_aaa of=/dev/sda1 bs=1024K count=10
10+0 records in
10+0 records out
10485760 bytes (10 MB, 10 MiB) copied, 0.316479 s, 33.1 MB/s
root@salvator-x:~# 
root@salvator-x:~# dd if=/dev/sda1 of=testdata_bbb bs=1024K count=10
10+0 records in
10+0 records out
10485760 bytes (10 MB, 10 MiB) copied, 0.305787 s, 34.3 MB/s
root@salvator-x:~# 
root@salvator-x:~# mv testdata_bbb testdata_aaa
root@salvator-x:~# 
root@salvator-x:~# dd if=testdata_aaa of=/dev/sda1 bs=1024K count=10
10+0 records in
10+0 records out
10485760 bytes (10 MB, 10 MiB) copied, 0.349468 s, 30.0 MB/s
root@salvator-x:~# 
root@salvator-x:~# dd if=/dev/sda1 of=testdata_bbb bs=1024K count=10
10+0 records in
10+0 records out
10485760 bytes (10 MB, 10 MiB) copied, 0.291005 s, 36.0 MB/s
root@salvator-x:~# 
root@salvator-x:~# mv testdata_bbb testdata_aaa
root@salvator-x:~# 
root@salvator-x:~# dd if=testdata_aaa of=/dev/sda1 bs=1024K count=10
10+0 records in
10+0 records out
10485760 bytes (10 MB, 10 MiB) copied, 0.516229 s, 20.3 MB/s
root@salvator-x:~# 
root@salvator-x:~# dd if=/dev/sda1 of=testdata_bbb bs=1024K count=10
10+0 records in
10+0 records out
10485760 bytes (10 MB, 10 MiB) copied, 0.303739 s, 34.5 MB/s
root@salvator-x:~# 
root@salvator-x:~# mv testdata_bbb testdata_aaa
root@salvator-x:~# 
root@salvator-x:~# dd if=testdata_aaa of=/dev/sda1 bs=1024K count=10
10+0 records in
10+0 records out
10485760 bytes (10 MB, 10 MiB) copied, 0.323408 s, 32.4 MB/s
root@salvator-x:~# 
root@salvator-x:~# dd if=/dev/sda1 of=testdata_bbb bs=1024K count=10
10+0 records in
10+0 records out
10485760 bytes (10 MB, 10 MiB) copied, 0.265117 s, 39.6 MB/s
root@salvator-x:~# 
root@salvator-x:~# mv testdata_bbb testdata_aaa
root@salvator-x:~# 
root@salvator-x:~# dd if=testdata_aaa of=/dev/sda1 bs=1024K count=10
10+0 records in
10+0 records out
10485760 bytes (10 MB, 10 MiB) copied, 0.466632 s, 22.5 MB/s
root@salvator-x:~# 
root@salvator-x:~# dd if=/dev/sda1 of=testdata_bbb bs=1024K count=10
10+0 records in
10+0 records out
10485760 bytes (10 MB, 10 MiB) copied, 0.326478 s, 32.1 MB/s
root@salvator-x:~# 
root@salvator-x:~# mv testdata_bbb testdata_aaa
root@salvator-x:~# 
root@salvator-x:~# dd if=testdata_aaa of=/dev/sda1 bs=1024K count=10
10+0 records in
10+0 records out
10485760 bytes (10 MB, 10 MiB) copied, 0.382869 s, 27.4 MB/s
root@salvator-x:~# 
root@salvator-x:~# dd if=/dev/sda1 of=testdata_bbb bs=1024K count=10
10+0 records in
10+0 records out
10485760 bytes (10 MB, 10 MiB) copied, 0.318098 s, 33.0 MB/s
root@salvator-x:~# 
root@salvator-x:~# mv testdata_bbb testdata_aaa
root@salvator-x:~# 
root@salvator-x:~# dd if=testdata_aaa of=/dev/sda1 bs=1024K count=10
10+0 records in
10+0 records out
10485760 bytes (10 MB, 10 MiB) copied, 0.328376 s, 31.9 MB/s
root@salvator-x:~# 
root@salvator-x:~# dd if=/dev/sda1 of=testdata_bbb bs=1024K count=10
10+0 records in
10+0 records out
10485760 bytes (10 MB, 10 MiB) copied, 0.335039 s, 31.3 MB/s
root@salvator-x:~# 
root@salvator-x:~# mv testdata_bbb testdata_aaa
root@salvator-x:~# 
root@salvator-x:~# dd if=testdata_aaa of=/dev/sda1 bs=1024K count=10
10+0 records in
10+0 records out
10485760 bytes (10 MB, 10 MiB) copied, 0.35635 s, 29.4 MB/s
root@salvator-x:~# 
root@salvator-x:~# dd if=/dev/sda1 of=testdata_bbb bs=1024K count=10
10+0 records in
10+0 records out
10485760 bytes (10 MB, 10 MiB) copied, 0.363826 s, 28.8 MB/s
root@salvator-x:~# 
root@salvator-x:~# mv testdata_bbb testdata_aaa
root@salvator-x:~# 
root@salvator-x:~# dd if=testdata_aaa of=/dev/sda1 bs=1024K count=10
10+0 records in
10+0 records out
10485760 bytes (10 MB, 10 MiB) copied, 0.329727 s, 31.8 MB/s
root@salvator-x:~# 
root@salvator-x:~# dd if=/dev/sda1 of=testdata_bbb bs=1024K count=10
10+0 records in
10+0 records out
10485760 bytes (10 MB, 10 MiB) copied, 0.303766 s, 34.5 MB/s
root@salvator-x:~# 
root@salvator-x:~# mv testdata_bbb testdata_aaa
root@salvator-x:~# 
root@salvator-x:~# dd if=testdata_aaa of=/dev/sda1 bs=1024K count=10
10+0 records in
10+0 records out
10485760 bytes (10 MB, 10 MiB) copied, 1.8585 s, 5.6 MB/s
root@salvator-x:~# 
root@salvator-x:~# dd if=/dev/sda1 of=testdata_bbb bs=1024K count=10
10+0 records in
10+0 records out
10485760 bytes (10 MB, 10 MiB) copied, 0.34254 s, 30.6 MB/s
root@salvator-x:~# 
root@salvator-x:~# mv testdata_bbb testdata_aaa
root@salvator-x:~# 
root@salvator-x:~# dd if=testdata_aaa of=/dev/sda1 bs=1024K count=10
10+0 records in
10+0 records out
10485760 bytes (10 MB, 10 MiB) copied, 0.356898 s, 29.4 MB/s
root@salvator-x:~# 
root@salvator-x:~# dd if=/dev/sda1 of=testdata_bbb bs=1024K count=10
10+0 records in
10+0 records out
10485760 bytes (10 MB, 10 MiB) copied, 0.31281 s, 33.5 MB/s
root@salvator-x:~# 
root@salvator-x:~# mv testdata_bbb testdata_aaa
root@salvator-x:~# 
root@salvator-x:~# dd if=testdata_aaa of=/dev/sda1 bs=1024K count=10
10+0 records in
10+0 records out
10485760 bytes (10 MB, 10 MiB) copied, 0.494092 s, 21.2 MB/s
root@salvator-x:~# 
root@salvator-x:~# dd if=/dev/sda1 of=testdata_bbb bs=1024K count=10
10+0 records in
10+0 records out
10485760 bytes (10 MB, 10 MiB) copied, 0.365263 s, 28.7 MB/s
root@salvator-x:~# 
root@salvator-x:~# mv testdata_bbb testdata_aaa
root@salvator-x:~# 
root@salvator-x:~# dd if=testdata_aaa of=/dev/sda1 bs=1024K count=10
10+0 records in
10+0 records out
10485760 bytes (10 MB, 10 MiB) copied, 0.300484 s, 34.9 MB/s
root@salvator-x:~# 
root@salvator-x:~# dd if=/dev/sda1 of=testdata_bbb bs=1024K count=10
10+0 records in
10+0 records out
10485760 bytes (10 MB, 10 MiB) copied, 0.282731 s, 37.1 MB/s
root@salvator-x:~# 
root@salvator-x:~# mv testdata_bbb testdata_aaa
root@salvator-x:~# 
root@salvator-x:~# dd if=testdata_aaa of=/dev/sda1 bs=1024K count=10
10+0 records in
10+0 records out
10485760 bytes (10 MB, 10 MiB) copied, 0.36197 s, 29.0 MB/s
root@salvator-x:~# 
root@salvator-x:~# dd if=/dev/sda1 of=testdata_bbb bs=1024K count=10
10+0 records in
10+0 records out
10485760 bytes (10 MB, 10 MiB) copied, 0.300011 s, 35.0 MB/s
root@salvator-x:~# 
root@salvator-x:~# mv testdata_bbb testdata_aaa
root@salvator-x:~# 
root@salvator-x:~# dd if=testdata_aaa of=/dev/sda1 bs=1024K count=10
10+0 records in
10+0 records out
10485760 bytes (10 MB, 10 MiB) copied, 0.306971 s, 34.2 MB/s
root@salvator-x:~# 
root@salvator-x:~# dd if=/dev/sda1 of=testdata_bbb bs=1024K count=10
10+0 records in
10+0 records out
10485760 bytes (10 MB, 10 MiB) copied, 0.338563 s, 31.0 MB/s
root@salvator-x:~# 
root@salvator-x:~# mv testdata_bbb testdata_aaa
root@salvator-x:~# 
root@salvator-x:~# dd if=testdata_aaa of=/dev/sda1 bs=1024K count=10
10+0 records in
10+0 records out
10485760 bytes (10 MB, 10 MiB) copied, 0.340421 s, 30.8 MB/s
root@salvator-x:~# 
root@salvator-x:~# dd if=/dev/sda1 of=testdata_bbb bs=1024K count=10
10+0 records in
10+0 records out
10485760 bytes (10 MB, 10 MiB) copied, 0.287254 s, 36.5 MB/s
root@salvator-x:~# 
root@salvator-x:~# mv testdata_bbb testdata_aaa
root@salvator-x:~# 
root@salvator-x:~# dd if=testdata_aaa of=/dev/sda1 bs=1024K count=10
10+0 records in
10+0 records out
10485760 bytes (10 MB, 10 MiB) copied, 0.540322 s, 19.4 MB/s
root@salvator-x:~# 
root@salvator-x:~# dd if=/dev/sda1 of=testdata_bbb bs=1024K count=10
10+0 records in
10+0 records out
10485760 bytes (10 MB, 10 MiB) copied, 0.317782 s, 33.0 MB/s
root@salvator-x:~# 
root@salvator-x:~# mv testdata_bbb testdata_aaa
root@salvator-x:~# 
root@salvator-x:~# dd if=testdata_aaa of=/dev/sda1 bs=1024K count=10
10+0 records in
10+0 records out
10485760 bytes (10 MB, 10 MiB) copied, 0.345398 s, 30.4 MB/s
root@salvator-x:~# 
root@salvator-x:~# dd if=/dev/sda1 of=testdata_bbb bs=1024K count=10
10+0 records in
10+0 records out
10485760 bytes (10 MB, 10 MiB) copied, 0.280679 s, 37.4 MB/s
root@salvator-x:~# 
root@salvator-x:~# mv testdata_bbb testdata_aaa
root@salvator-x:~# 
root@salvator-x:~# dd if=testdata_aaa of=/dev/sda1 bs=1024K count=10
10+0 records in
10+0 records out
10485760 bytes (10 MB, 10 MiB) copied, 0.424214 s, 24.7 MB/s
root@salvator-x:~# 
root@salvator-x:~# dd if=/dev/sda1 of=testdata_bbb bs=1024K count=10
10+0 records in
10+0 records out
10485760 bytes (10 MB, 10 MiB) copied, 0.310767 s, 33.7 MB/s
root@salvator-x:~# 
root@salvator-x:~# mv testdata_bbb testdata_aaa
root@salvator-x:~# 
root@salvator-x:~# dd if=testdata_aaa of=/dev/sda1 bs=1024K count=10
10+0 records in
10+0 records out
10485760 bytes (10 MB, 10 MiB) copied, 0.264558 s, 39.6 MB/s
root@salvator-x:~# 
root@salvator-x:~# dd if=/dev/sda1 of=testdata_bbb bs=1024K count=10
10+0 records in
10+0 records out
10485760 bytes (10 MB, 10 MiB) copied, 0.327521 s, 32.0 MB/s
root@salvator-x:~# 
root@salvator-x:~# mv testdata_bbb testdata_aaa
root@salvator-x:~# 
root@salvator-x:~# dd if=testdata_aaa of=/dev/sda1 bs=1024K count=10
10+0 records in
10+0 records out
10485760 bytes (10 MB, 10 MiB) copied, 0.334684 s, 31.3 MB/s
root@salvator-x:~# 
root@salvator-x:~# dd if=/dev/sda1 of=testdata_bbb bs=1024K count=10
10+0 records in
10+0 records out
10485760 bytes (10 MB, 10 MiB) copied, 0.26106 s, 40.2 MB/s
root@salvator-x:~# 
root@salvator-x:~# mv testdata_bbb testdata_aaa
root@salvator-x:~# 
root@salvator-x:~# dd if=testdata_aaa of=/dev/sda1 bs=1024K count=10
10+0 records in
10+0 records out
10485760 bytes (10 MB, 10 MiB) copied, 0.38758 s, 27.1 MB/s
root@salvator-x:~# 
root@salvator-x:~# dd if=/dev/sda1 of=testdata_bbb bs=1024K count=10
10+0 records in
10+0 records out
10485760 bytes (10 MB, 10 MiB) copied, 0.323003 s, 32.5 MB/s
root@salvator-x:~# 
root@salvator-x:~# mv testdata_bbb testdata_aaa
root@salvator-x:~# 
root@salvator-x:~# dd if=testdata_aaa of=/dev/sda1 bs=1024K count=10
10+0 records in
10+0 records out
10485760 bytes (10 MB, 10 MiB) copied, 0.389091 s, 26.9 MB/s
root@salvator-x:~# 
root@salvator-x:~# dd if=/dev/sda1 of=testdata_bbb bs=1024K count=10
10+0 records in
10+0 records out
10485760 bytes (10 MB, 10 MiB) copied, 0.322366 s, 32.5 MB/s
root@salvator-x:~# 
root@salvator-x:~# mv testdata_bbb testdata_aaa
root@salvator-x:~# 
root@salvator-x:~# dd if=testdata_aaa of=/dev/sda1 bs=1024K count=10
10+0 records in
10+0 records out
10485760 bytes (10 MB, 10 MiB) copied, 0.345327 s, 30.4 MB/s
root@salvator-x:~# 
root@salvator-x:~# dd if=/dev/sda1 of=testdata_bbb bs=1024K count=10
10+0 records in
10+0 records out
10485760 bytes (10 MB, 10 MiB) copied, 0.321597 s, 32.6 MB/s
root@salvator-x:~# 
root@salvator-x:~# mv testdata_bbb testdata_aaa
root@salvator-x:~# 
root@salvator-x:~# dd if=testdata_aaa of=/dev/sda1 bs=1024K count=10
10+0 records in
10+0 records out
10485760 bytes (10 MB, 10 MiB) copied, 0.325954 s, 32.2 MB/s
root@salvator-x:~# 
root@salvator-x:~# dd if=/dev/sda1 of=testdata_bbb bs=1024K count=10
10+0 records in
10+0 records out
10485760 bytes (10 MB, 10 MiB) copied, 0.317213 s, 33.1 MB/s
root@salvator-x:~# 
root@salvator-x:~# mv testdata_bbb testdata_aaa
root@salvator-x:~# 
root@salvator-x:~# dd if=testdata_aaa of=/dev/sda1 bs=1024K count=10
10+0 records in
10+0 records out
10485760 bytes (10 MB, 10 MiB) copied, 0.340969 s, 30.8 MB/s
root@salvator-x:~# 
root@salvator-x:~# dd if=/dev/sda1 of=testdata_bbb bs=1024K count=10
10+0 records in
10+0 records out
10485760 bytes (10 MB, 10 MiB) copied, 0.319974 s, 32.8 MB/s
root@salvator-x:~# 
root@salvator-x:~# mv testdata_bbb testdata_aaa
root@salvator-x:~# 
root@salvator-x:~# dd if=testdata_aaa of=/dev/sda1 bs=1024K count=10
10+0 records in
10+0 records out
10485760 bytes (10 MB, 10 MiB) copied, 0.373025 s, 28.1 MB/s
root@salvator-x:~# 
root@salvator-x:~# dd if=/dev/sda1 of=testdata_bbb bs=1024K count=10
10+0 records in
10+0 records out
10485760 bytes (10 MB, 10 MiB) copied, 0.274108 s, 38.3 MB/s
root@salvator-x:~# 
root@salvator-x:~# mv testdata_bbb testdata_aaa
root@salvator-x:~# 
root@salvator-x:~# dd if=testdata_aaa of=/dev/sda1 bs=1024K count=10
10+0 records in
10+0 records out
10485760 bytes (10 MB, 10 MiB) copied, 0.486764 s, 21.5 MB/s
root@salvator-x:~# 
root@salvator-x:~# dd if=/dev/sda1 of=testdata_bbb bs=1024K count=10
10+0 records in
10+0 records out
10485760 bytes (10 MB, 10 MiB) copied, 0.323934 s, 32.4 MB/s
root@salvator-x:~# 
root@salvator-x:~# mv testdata_bbb testdata_aaa
root@salvator-x:~# 
root@salvator-x:~# dd if=testdata_aaa of=/dev/sda1 bs=1024K count=10
10+0 records in
10+0 records out
10485760 bytes (10 MB, 10 MiB) copied, 0.299344 s, 35.0 MB/s
root@salvator-x:~# 
root@salvator-x:~# dd if=/dev/sda1 of=testdata_bbb bs=1024K count=10
10+0 records in
10+0 records out
10485760 bytes (10 MB, 10 MiB) copied, 0.303273 s, 34.6 MB/s
root@salvator-x:~# 
root@salvator-x:~# mv testdata_bbb testdata_aaa
root@salvator-x:~# 
root@salvator-x:~# dd if=testdata_aaa of=/dev/sda1 bs=1024K count=10
10+0 records in
10+0 records out
10485760 bytes (10 MB, 10 MiB) copied, 0.333521 s, 31.4 MB/s
root@salvator-x:~# 
root@salvator-x:~# dd if=/dev/sda1 of=testdata_bbb bs=1024K count=10
10+0 records in
10+0 records out
10485760 bytes (10 MB, 10 MiB) copied, 0.2914 s, 36.0 MB/s
root@salvator-x:~# 
root@salvator-x:~# mv testdata_bbb testdata_aaa
root@salvator-x:~# 
root@salvator-x:~# dd if=testdata_aaa of=/dev/sda1 bs=1024K count=10
10+0 records in
10+0 records out
10485760 bytes (10 MB, 10 MiB) copied, 0.353887 s, 29.6 MB/s
root@salvator-x:~# 
root@salvator-x:~# dd if=/dev/sda1 of=testdata_bbb bs=1024K count=10
10+0 records in
10+0 records out
10485760 bytes (10 MB, 10 MiB) copied, 0.322709 s, 32.5 MB/s
root@salvator-x:~# 
root@salvator-x:~# mv testdata_bbb testdata_aaa
root@salvator-x:~# 
root@salvator-x:~# dd if=testdata_aaa of=/dev/sda1 bs=1024K count=10
10+0 records in
10+0 records out
10485760 bytes (10 MB, 10 MiB) copied, 0.555031 s, 18.9 MB/s
root@salvator-x:~# 
root@salvator-x:~# dd if=/dev/sda1 of=testdata_bbb bs=1024K count=10
10+0 records in
10+0 records out
10485760 bytes (10 MB, 10 MiB) copied, 0.321997 s, 32.6 MB/s
root@salvator-x:~# 
root@salvator-x:~# mv testdata_bbb testdata_aaa
root@salvator-x:~# 
root@salvator-x:~# dd if=testdata_aaa of=/dev/sda1 bs=1024K count=10
10+0 records in
10+0 records out
10485760 bytes (10 MB, 10 MiB) copied, 0.521461 s, 20.1 MB/s
root@salvator-x:~# 
root@salvator-x:~# dd if=/dev/sda1 of=testdata_bbb bs=1024K count=10
10+0 records in
10+0 records out
10485760 bytes (10 MB, 10 MiB) copied, 0.28355 s, 37.0 MB/s
root@salvator-x:~# 
root@salvator-x:~# mv testdata_bbb testdata_aaa
root@salvator-x:~# 
root@salvator-x:~# dd if=testdata_aaa of=/dev/sda1 bs=1024K count=10
10+0 records in
10+0 records out
10485760 bytes (10 MB, 10 MiB) copied, 0.262345 s, 40.0 MB/s
root@salvator-x:~# 
root@salvator-x:~# dd if=/dev/sda1 of=testdata_bbb bs=1024K count=10
10+0 records in
10+0 records out
10485760 bytes (10 MB, 10 MiB) copied, 0.290347 s, 36.1 MB/s
root@salvator-x:~# 
root@salvator-x:~# mv testdata_bbb testdata_aaa
root@salvator-x:~# 
root@salvator-x:~# dd if=testdata_aaa of=/dev/sda1 bs=1024K count=10
10+0 records in
10+0 records out
10485760 bytes (10 MB, 10 MiB) copied, 0.373942 s, 28.0 MB/s
root@salvator-x:~# 
root@salvator-x:~# dd if=/dev/sda1 of=testdata_bbb bs=1024K count=10
10+0 records in
10+0 records out
10485760 bytes (10 MB, 10 MiB) copied, 0.305476 s, 34.3 MB/s
root@salvator-x:~# 
root@salvator-x:~# mv testdata_bbb testdata_aaa
root@salvator-x:~# 
root@salvator-x:~# dd if=testdata_aaa of=/dev/sda1 bs=1024K count=10
10+0 records in
10+0 records out
10485760 bytes (10 MB, 10 MiB) copied, 0.512163 s, 20.5 MB/s
root@salvator-x:~# 
root@salvator-x:~# dd if=/dev/sda1 of=testdata_bbb bs=1024K count=10
10+0 records in
10+0 records out
10485760 bytes (10 MB, 10 MiB) copied, 0.354267 s, 29.6 MB/s
root@salvator-x:~# 
root@salvator-x:~# mv testdata_bbb testdata_aaa
root@salvator-x:~# 
root@salvator-x:~# dd if=testdata_aaa of=/dev/sda1 bs=1024K count=10
10+0 records in
10+0 records out
10485760 bytes (10 MB, 10 MiB) copied, 0.543529 s, 19.3 MB/s
root@salvator-x:~# 
root@salvator-x:~# dd if=/dev/sda1 of=testdata_bbb bs=1024K count=10
10+0 records in
10+0 records out
10485760 bytes (10 MB, 10 MiB) copied, 0.309187 s, 33.9 MB/s
root@salvator-x:~# 
root@salvator-x:~# mv testdata_bbb testdata_aaa
root@salvator-x:~# 
root@salvator-x:~# dd if=testdata_aaa of=/dev/sda1 bs=1024K count=10
10+0 records in
10+0 records out
10485760 bytes (10 MB, 10 MiB) copied, 0.313231 s, 33.5 MB/s
root@salvator-x:~# 
root@salvator-x:~# dd if=/dev/sda1 of=testdata_bbb bs=1024K count=10
10+0 records in
10+0 records out
10485760 bytes (10 MB, 10 MiB) copied, 0.317056 s, 33.1 MB/s
root@salvator-x:~# 
root@salvator-x:~# mv testdata_bbb testdata_aaa
root@salvator-x:~# 
root@salvator-x:~# dd if=testdata_aaa of=/dev/sda1 bs=1024K count=10
10+0 records in
10+0 records out
10485760 bytes (10 MB, 10 MiB) copied, 0.442173 s, 23.7 MB/s
root@salvator-x:~# 
root@salvator-x:~# dd if=/dev/sda1 of=testdata_bbb bs=1024K count=10
10+0 records in
10+0 records out
10485760 bytes (10 MB, 10 MiB) copied, 0.338266 s, 31.0 MB/s
root@salvator-x:~# 
root@salvator-x:~# mv testdata_bbb testdata_aaa
root@salvator-x:~# 
root@salvator-x:~# dd if=testdata_aaa of=/dev/sda1 bs=1024K count=10
10+0 records in
10+0 records out
10485760 bytes (10 MB, 10 MiB) copied, 0.568878 s, 18.4 MB/s
root@salvator-x:~# 
root@salvator-x:~# dd if=/dev/sda1 of=testdata_bbb bs=1024K count=10
10+0 records in
10+0 records out
10485760 bytes (10 MB, 10 MiB) copied, 0.313131 s, 33.5 MB/s
root@salvator-x:~# 
root@salvator-x:~# mv testdata_bbb testdata_aaa
root@salvator-x:~# 
root@salvator-x:~# dd if=testdata_aaa of=/dev/sda1 bs=1024K count=10
10+0 records in
10+0 records out
10485760 bytes (10 MB, 10 MiB) copied, 0.361479 s, 29.0 MB/s
root@salvator-x:~# 
root@salvator-x:~# dd if=/dev/sda1 of=testdata_bbb bs=1024K count=10
10+0 records in
10+0 records out
10485760 bytes (10 MB, 10 MiB) copied, 0.282569 s, 37.1 MB/s
root@salvator-x:~# 
root@salvator-x:~# mv testdata_bbb testdata_aaa
root@salvator-x:~# 
root@salvator-x:~# dd if=testdata_aaa of=/dev/sda1 bs=1024K count=10
10+0 records in
10+0 records out
10485760 bytes (10 MB, 10 MiB) copied, 0.298264 s, 35.2 MB/s
root@salvator-x:~# 
root@salvator-x:~# dd if=/dev/sda1 of=testdata_bbb bs=1024K count=10
10+0 records in
10+0 records out
10485760 bytes (10 MB, 10 MiB) copied, 0.272526 s, 38.5 MB/s
root@salvator-x:~# 
root@salvator-x:~# mv testdata_bbb testdata_aaa
root@salvator-x:~# 
root@salvator-x:~# dd if=testdata_aaa of=/dev/sda1 bs=1024K count=10
10+0 records in
10+0 records out
10485760 bytes (10 MB, 10 MiB) copied, 0.29226 s, 35.9 MB/s
root@salvator-x:~# 
root@salvator-x:~# dd if=/dev/sda1 of=testdata_bbb bs=1024K count=10
10+0 records in
10+0 records out
10485760 bytes (10 MB, 10 MiB) copied, 0.311892 s, 33.6 MB/s
root@salvator-x:~# 
root@salvator-x:~# mv testdata_bbb testdata_aaa
root@salvator-x:~# 
root@salvator-x:~# dd if=testdata_aaa of=/dev/sda1 bs=1024K count=10
10+0 records in
10+0 records out
10485760 bytes (10 MB, 10 MiB) copied, 0.548992 s, 19.1 MB/s
root@salvator-x:~# 
root@salvator-x:~# dd if=/dev/sda1 of=testdata_bbb bs=1024K count=10
10+0 records in
10+0 records out
10485760 bytes (10 MB, 10 MiB) copied, 0.356721 s, 29.4 MB/s
root@salvator-x:~# 
root@salvator-x:~# mv testdata_bbb testdata_aaa
root@salvator-x:~# 
root@salvator-x:~# dd if=testdata_aaa of=/dev/sda1 bs=1024K count=10
10+0 records in
10+0 records out
10485760 bytes (10 MB, 10 MiB) copied, 0.368974 s, 28.4 MB/s
root@salvator-x:~# 
root@salvator-x:~# dd if=/dev/sda1 of=testdata_bbb bs=1024K count=10
10+0 records in
10+0 records out
10485760 bytes (10 MB, 10 MiB) copied, 0.293701 s, 35.7 MB/s
root@salvator-x:~# 
root@salvator-x:~# mv testdata_bbb testdata_aaa
root@salvator-x:~# 
root@salvator-x:~# dd if=testdata_aaa of=/dev/sda1 bs=1024K count=10
10+0 records in
10+0 records out
10485760 bytes (10 MB, 10 MiB) copied, 0.334081 s, 31.4 MB/s
root@salvator-x:~# 
root@salvator-x:~# dd if=/dev/sda1 of=testdata_bbb bs=1024K count=10
10+0 records in
10+0 records out
10485760 bytes (10 MB, 10 MiB) copied, 0.289076 s, 36.3 MB/s
root@salvator-x:~# 
root@salvator-x:~# mv testdata_bbb testdata_aaa
root@salvator-x:~# 
root@salvator-x:~# dd if=testdata_aaa of=/dev/sda1 bs=1024K count=10
10+0 records in
10+0 records out
10485760 bytes (10 MB, 10 MiB) copied, 0.341484 s, 30.7 MB/s
root@salvator-x:~# 
root@salvator-x:~# dd if=/dev/sda1 of=testdata_bbb bs=1024K count=10
10+0 records in
10+0 records out
10485760 bytes (10 MB, 10 MiB) copied, 0.308194 s, 34.0 MB/s
root@salvator-x:~# 
root@salvator-x:~# mv testdata_bbb testdata_aaa
root@salvator-x:~# 
root@salvator-x:~# dd if=testdata_aaa of=/dev/sda1 bs=1024K count=10
10+0 records in
10+0 records out
10485760 bytes (10 MB, 10 MiB) copied, 0.328612 s, 31.9 MB/s
root@salvator-x:~# 
root@salvator-x:~# dd if=/dev/sda1 of=testdata_bbb bs=1024K count=10
10+0 records in
10+0 records out
10485760 bytes (10 MB, 10 MiB) copied, 0.310881 s, 33.7 MB/s
root@salvator-x:~# 
root@salvator-x:~# mv testdata_bbb testdata_aaa
root@salvator-x:~# 
root@salvator-x:~# dd if=testdata_aaa of=/dev/sda1 bs=1024K count=10
10+0 records in
10+0 records out
10485760 bytes (10 MB, 10 MiB) copied, 0.372238 s, 28.2 MB/s
root@salvator-x:~# 
root@salvator-x:~# dd if=/dev/sda1 of=testdata_bbb bs=1024K count=10
10+0 records in
10+0 records out
10485760 bytes (10 MB, 10 MiB) copied, 0.295586 s, 35.5 MB/s
root@salvator-x:~# 
root@salvator-x:~# mv testdata_bbb testdata_aaa
root@salvator-x:~# 
root@salvator-x:~# dd if=testdata_aaa of=/dev/sda1 bs=1024K count=10
10+0 records in
10+0 records out
10485760 bytes (10 MB, 10 MiB) copied, 0.441313 s, 23.8 MB/s
root@salvator-x:~# 
root@salvator-x:~# dd if=/dev/sda1 of=testdata_bbb bs=1024K count=10
10+0 records in
10+0 records out
10485760 bytes (10 MB, 10 MiB) copied, 0.310922 s, 33.7 MB/s
root@salvator-x:~# 
root@salvator-x:~# mv testdata_bbb testdata_aaa
root@salvator-x:~# 
root@salvator-x:~# dd if=testdata_aaa of=/dev/sda1 bs=1024K count=10
10+0 records in
10+0 records out
10485760 bytes (10 MB, 10 MiB) copied, 0.36779 s, 28.5 MB/s
root@salvator-x:~# 
root@salvator-x:~# dd if=/dev/sda1 of=testdata_bbb bs=1024K count=10
10+0 records in
10+0 records out
10485760 bytes (10 MB, 10 MiB) copied, 0.311024 s, 33.7 MB/s
root@salvator-x:~# 
root@salvator-x:~# mv testdata_bbb testdata_aaa
root@salvator-x:~# 
root@salvator-x:~# dd if=testdata_aaa of=/dev/sda1 bs=1024K count=10
10+0 records in
10+0 records out
10485760 bytes (10 MB, 10 MiB) copied, 0.33381 s, 31.4 MB/s
root@salvator-x:~# 
root@salvator-x:~# dd if=/dev/sda1 of=testdata_bbb bs=1024K count=10
10+0 records in
10+0 records out
10485760 bytes (10 MB, 10 MiB) copied, 0.293967 s, 35.7 MB/s
root@salvator-x:~# 
root@salvator-x:~# mv testdata_bbb testdata_aaa
root@salvator-x:~# 
root@salvator-x:~# dd if=testdata_aaa of=/dev/sda1 bs=1024K count=10
10+0 records in
10+0 records out
10485760 bytes (10 MB, 10 MiB) copied, 0.428317 s, 24.5 MB/s
root@salvator-x:~# 
root@salvator-x:~# dd if=/dev/sda1 of=testdata_bbb bs=1024K count=10
10+0 records in
10+0 records out
10485760 bytes (10 MB, 10 MiB) copied, 0.305662 s, 34.3 MB/s
root@salvator-x:~# 
root@salvator-x:~# mv testdata_bbb testdata_aaa
root@salvator-x:~# 
root@salvator-x:~# dd if=testdata_aaa of=/dev/sda1 bs=1024K count=10
10+0 records in
10+0 records out
10485760 bytes (10 MB, 10 MiB) copied, 0.255948 s, 41.0 MB/s
root@salvator-x:~# 
root@salvator-x:~# dd if=/dev/sda1 of=testdata_bbb bs=1024K count=10
10+0 records in
10+0 records out
10485760 bytes (10 MB, 10 MiB) copied, 0.295538 s, 35.5 MB/s
root@salvator-x:~# 
root@salvator-x:~# mv testdata_bbb testdata_aaa
root@salvator-x:~# 
root@salvator-x:~# dd if=testdata_aaa of=/dev/sda1 bs=1024K count=10
10+0 records in
10+0 records out
10485760 bytes (10 MB, 10 MiB) copied, 0.314352 s, 33.4 MB/s
root@salvator-x:~# 
root@salvator-x:~# dd if=/dev/sda1 of=testdata_bbb bs=1024K count=10
10+0 records in
10+0 records out
10485760 bytes (10 MB, 10 MiB) copied, 0.298066 s, 35.2 MB/s
root@salvator-x:~# 
root@salvator-x:~# mv testdata_bbb testdata_aaa
root@salvator-x:~# 
root@salvator-x:~# dd if=testdata_aaa of=/dev/sda1 bs=1024K count=10
10+0 records in
10+0 records out
10485760 bytes (10 MB, 10 MiB) copied, 0.345122 s, 30.4 MB/s
root@salvator-x:~# 
root@salvator-x:~# dd if=/dev/sda1 of=testdata_bbb bs=1024K count=10
10+0 records in
10+0 records out
10485760 bytes (10 MB, 10 MiB) copied, 0.314503 s, 33.3 MB/s
root@salvator-x:~# 
root@salvator-x:~# mv testdata_bbb testdata_aaa
root@salvator-x:~# 
root@salvator-x:~# dd if=testdata_aaa of=/dev/sda1 bs=1024K count=10
10+0 records in
10+0 records out
10485760 bytes (10 MB, 10 MiB) copied, 0.410142 s, 25.6 MB/s
root@salvator-x:~# 
root@salvator-x:~# dd if=/dev/sda1 of=testdata_bbb bs=1024K count=10
10+0 records in
10+0 records out
10485760 bytes (10 MB, 10 MiB) copied, 0.29286 s, 35.8 MB/s
root@salvator-x:~# 
root@salvator-x:~# mv testdata_bbb testdata_aaa
root@salvator-x:~# 
root@salvator-x:~# dd if=testdata_aaa of=/dev/sda1 bs=1024K count=10
10+0 records in
10+0 records out
10485760 bytes (10 MB, 10 MiB) copied, 0.386123 s, 27.2 MB/s
root@salvator-x:~# 
root@salvator-x:~# dd if=/dev/sda1 of=testdata_bbb bs=1024K count=10
10+0 records in
10+0 records out
10485760 bytes (10 MB, 10 MiB) copied, 0.317492 s, 33.0 MB/s
root@salvator-x:~# 
root@salvator-x:~# mv testdata_bbb testdata_aaa
root@salvator-x:~# 
root@salvator-x:~# dd if=testdata_aaa of=/dev/sda1 bs=1024K count=10
10+0 records in
10+0 records out
10485760 bytes (10 MB, 10 MiB) copied, 0.678061 s, 15.5 MB/s
root@salvator-x:~# 
root@salvator-x:~# dd if=/dev/sda1 of=testdata_bbb bs=1024K count=10
10+0 records in
10+0 records out
10485760 bytes (10 MB, 10 MiB) copied, 0.316348 s, 33.1 MB/s
root@salvator-x:~# 
root@salvator-x:~# mv testdata_bbb testdata_aaa
root@salvator-x:~# 
root@salvator-x:~# dd if=testdata_aaa of=/dev/sda1 bs=1024K count=10
10+0 records in
10+0 records out
10485760 bytes (10 MB, 10 MiB) copied, 0.327755 s, 32.0 MB/s
root@salvator-x:~# 
root@salvator-x:~# dd if=/dev/sda1 of=testdata_bbb bs=1024K count=10
10+0 records in
10+0 records out
10485760 bytes (10 MB, 10 MiB) copied, 0.274389 s, 38.2 MB/s
root@salvator-x:~# 
root@salvator-x:~# mv testdata_bbb testdata_aaa
root@salvator-x:~# 
root@salvator-x:~# dd if=testdata_aaa of=/dev/sda1 bs=1024K count=10
10+0 records in
10+0 records out
10485760 bytes (10 MB, 10 MiB) copied, 0.346456 s, 30.3 MB/s
root@salvator-x:~# 
root@salvator-x:~# dd if=/dev/sda1 of=testdata_bbb bs=1024K count=10
10+0 records in
10+0 records out
10485760 bytes (10 MB, 10 MiB) copied, 0.289646 s, 36.2 MB/s
root@salvator-x:~# 
root@salvator-x:~# mv testdata_bbb testdata_aaa
root@salvator-x:~# 
root@salvator-x:~# dd if=testdata_aaa of=/dev/sda1 bs=1024K count=10
10+0 records in
10+0 records out
10485760 bytes (10 MB, 10 MiB) copied, 0.318545 s, 32.9 MB/s
root@salvator-x:~# 
root@salvator-x:~# dd if=/dev/sda1 of=testdata_bbb bs=1024K count=10
10+0 records in
10+0 records out
10485760 bytes (10 MB, 10 MiB) copied, 0.296839 s, 35.3 MB/s
root@salvator-x:~# 
root@salvator-x:~# mv testdata_bbb testdata_aaa
root@salvator-x:~# 
root@salvator-x:~# dd if=testdata_aaa of=/dev/sda1 bs=1024K count=10
10+0 records in
10+0 records out
10485760 bytes (10 MB, 10 MiB) copied, 0.333427 s, 31.4 MB/s
root@salvator-x:~# 
root@salvator-x:~# dd if=/dev/sda1 of=testdata_bbb bs=1024K count=10
10+0 records in
10+0 records out
10485760 bytes (10 MB, 10 MiB) copied, 0.305391 s, 34.3 MB/s
root@salvator-x:~# 
root@salvator-x:~# mv testdata_bbb testdata_aaa
root@salvator-x:~# 
root@salvator-x:~# dd if=testdata_aaa of=/dev/sda1 bs=1024K count=10
10+0 records in
10+0 records out
10485760 bytes (10 MB, 10 MiB) copied, 0.344993 s, 30.4 MB/s
root@salvator-x:~# 
root@salvator-x:~# dd if=/dev/sda1 of=testdata_bbb bs=1024K count=10
10+0 records in
10+0 records out
10485760 bytes (10 MB, 10 MiB) copied, 0.330458 s, 31.7 MB/s
root@salvator-x:~# 
root@salvator-x:~# mv testdata_bbb testdata_aaa
root@salvator-x:~# 
root@salvator-x:~# dd if=testdata_aaa of=/dev/sda1 bs=1024K count=10
10+0 records in
10+0 records out
10485760 bytes (10 MB, 10 MiB) copied, 0.294022 s, 35.7 MB/s
root@salvator-x:~# 
root@salvator-x:~# dd if=/dev/sda1 of=testdata_bbb bs=1024K count=10
10+0 records in
10+0 records out
10485760 bytes (10 MB, 10 MiB) copied, 0.278654 s, 37.6 MB/s
root@salvator-x:~# 
root@salvator-x:~# mv testdata_bbb testdata_aaa
root@salvator-x:~# 
root@salvator-x:~# dd if=testdata_aaa of=/dev/sda1 bs=1024K count=10
10+0 records in
10+0 records out
10485760 bytes (10 MB, 10 MiB) copied, 0.380865 s, 27.5 MB/s
root@salvator-x:~# 
root@salvator-x:~# dd if=/dev/sda1 of=testdata_bbb bs=1024K count=10
10+0 records in
10+0 records out
10485760 bytes (10 MB, 10 MiB) copied, 0.286762 s, 36.6 MB/s
root@salvator-x:~# 
root@salvator-x:~# mv testdata_bbb testdata_aaa
root@salvator-x:~# 
root@salvator-x:~# dd if=testdata_aaa of=/dev/sda1 bs=1024K count=10
10+0 records in
10+0 records out
10485760 bytes (10 MB, 10 MiB) copied, 0.314877 s, 33.3 MB/s
root@salvator-x:~# 
root@salvator-x:~# dd if=/dev/sda1 of=testdata_bbb bs=1024K count=10
10+0 records in
10+0 records out
10485760 bytes (10 MB, 10 MiB) copied, 0.325658 s, 32.2 MB/s
root@salvator-x:~# 
root@salvator-x:~# mv testdata_bbb testdata_aaa
root@salvator-x:~# 
root@salvator-x:~# dd if=testdata_aaa of=/dev/sda1 bs=1024K count=10
10+0 records in
10+0 records out
10485760 bytes (10 MB, 10 MiB) copied, 0.422182 s, 24.8 MB/s
root@salvator-x:~# 
root@salvator-x:~# dd if=/dev/sda1 of=testdata_bbb bs=1024K count=10
10+0 records in
10+0 records out
10485760 bytes (10 MB, 10 MiB) copied, 0.334634 s, 31.3 MB/s
root@salvator-x:~# 
root@salvator-x:~# mv testdata_bbb testdata_aaa
root@salvator-x:~# 
root@salvator-x:~# dd if=testdata_aaa of=/dev/sda1 bs=1024K count=10
10+0 records in
10+0 records out
10485760 bytes (10 MB, 10 MiB) copied, 0.505847 s, 20.7 MB/s
root@salvator-x:~# 
root@salvator-x:~# dd if=/dev/sda1 of=testdata_bbb bs=1024K count=10
10+0 records in
10+0 records out
10485760 bytes (10 MB, 10 MiB) copied, 0.30618 s, 34.2 MB/s
root@salvator-x:~# 
root@salvator-x:~# mv testdata_bbb testdata_aaa
root@salvator-x:~# 
root@salvator-x:~# dd if=testdata_aaa of=/dev/sda1 bs=1024K count=10
10+0 records in
10+0 records out
10485760 bytes (10 MB, 10 MiB) copied, 0.331451 s, 31.6 MB/s
root@salvator-x:~# 
root@salvator-x:~# dd if=/dev/sda1 of=testdata_bbb bs=1024K count=10
10+0 records in
10+0 records out
10485760 bytes (10 MB, 10 MiB) copied, 0.350087 s, 30.0 MB/s
root@salvator-x:~# 
root@salvator-x:~# mv testdata_bbb testdata_aaa
root@salvator-x:~# 
root@salvator-x:~# dd if=testdata_aaa of=/dev/sda1 bs=1024K count=10
10+0 records in
10+0 records out
10485760 bytes (10 MB, 10 MiB) copied, 0.539534 s, 19.4 MB/s
root@salvator-x:~# 
root@salvator-x:~# dd if=/dev/sda1 of=testdata_bbb bs=1024K count=10
10+0 records in
10+0 records out
10485760 bytes (10 MB, 10 MiB) copied, 0.305929 s, 34.3 MB/s
root@salvator-x:~# 
root@salvator-x:~# mv testdata_bbb testdata_aaa
root@salvator-x:~# 
root@salvator-x:~# dd if=testdata_aaa of=/dev/sda1 bs=1024K count=10
10+0 records in
10+0 records out
10485760 bytes (10 MB, 10 MiB) copied, 0.362357 s, 28.9 MB/s
root@salvator-x:~# 
root@salvator-x:~# dd if=/dev/sda1 of=testdata_bbb bs=1024K count=10
10+0 records in
10+0 records out
10485760 bytes (10 MB, 10 MiB) copied, 0.318073 s, 33.0 MB/s
root@salvator-x:~# 
root@salvator-x:~# mv testdata_bbb testdata_aaa
root@salvator-x:~# 
root@salvator-x:~# dd if=testdata_aaa of=/dev/sda1 bs=1024K count=10
10+0 records in
10+0 records out
10485760 bytes (10 MB, 10 MiB) copied, 0.323674 s, 32.4 MB/s
root@salvator-x:~# 
root@salvator-x:~# dd if=/dev/sda1 of=testdata_bbb bs=1024K count=10
10+0 records in
10+0 records out
10485760 bytes (10 MB, 10 MiB) copied, 0.326186 s, 32.1 MB/s
root@salvator-x:~# 
root@salvator-x:~# mv testdata_bbb testdata_aaa
root@salvator-x:~# 
