NOTICE:  BL2: R-Car Gen3 Initial Program Loader(CA57) Rev.4.0.0
NOTICE:  BL2: PRR is R-Car H3 Ver.3.0
NOTICE:  BL2: Board is Salvator-XS Rev.1.0
NOTICE:  BL2: Boot device is HyperFlash(160MHz)
NOTICE:  BL2: LCM state is CM
NOTICE:  AVS setting succeeded. DVFS_SetVID=0x53
NOTICE:  BL2: DDR3200(rev.0.42)
NOTICE:  BL2: [COLD_BOOT]
NOTICE:  BL2: DRAM Split is 4ch(DDR f)
NOTICE:  BL2: QoS is default setting(rev.0.11)
NOTICE:  BL2: DRAM refresh interval 1.95 usec
NOTICE:  BL2: Periodic Write DQ Training
NOTICE:  BL2: CH0: 400000000 - 47fffffff, 2 GiB
NOTICE:  BL2: CH1: 500000000 - 57fffffff, 2 GiB
NOTICE:  BL2: CH2: 600000000 - 67fffffff, 2 GiB
NOTICE:  BL2: CH3: 700000000 - 77fffffff, 2 GiB
NOTICE:  BL2: Lossy Decomp areas
NOTICE:       Entry 0: DCMPAREACRAx:0x80000540 DCMPAREACRBx:0x570
NOTICE:       Entry 1: DCMPAREACRAx:0x40000000 DCMPAREACRBx:0x0
NOTICE:       Entry 2: DCMPAREACRAx:0x20000000 DCMPAREACRBx:0x0
NOTICE:  BL2: FDT at 0xe6327f70
NOTICE:  BL2: v2.9(release):9cdb21f75
NOTICE:  BL2: Built : 03:23:42, Jan  8 2024
NOTICE:  BL2: Normal boot
NOTICE:  BL2: dst=0xe6327800 src=0x8180000 len=512(0x200)
NOTICE:  BL2: dst=0x43f00000 src=0x8180400 len=6144(0x1800)
NOTICE:  rcar_file_len: len: 0x0003e000
NOTICE:  BL2: dst=0x44000000 src=0x81c0000 len=253952(0x3e000)
NOTICE:  rcar_file_len: len: 0x00200000
NOTICE:  BL2: dst=0x44100000 src=0x8200000 len=2097152(0x200000)
NOTICE:  rcar_file_len: len: 0x00100000
NOTICE:  BL2: dst=0x50000000 src=0x8640000 len=1048576(0x100000)
NOTICE:  BL2: Booting BL31


U-Boot 2020.10 (Dec 20 2023 - 10:10:22 +0000)

CPU: Renesas Electronics R8A7795 rev 3.0
Model: Renesas Salvator-X 2nd version board based on r8a77951
DRAM:  7.9 GiB
RAM Configuration:
Bank #0: 0x048000000 - 0x0bfffffff, 1.9 GiB
Bank #1: 0x500000000 - 0x57fffffff, 2 GiB
Bank #2: 0x600000000 - 0x67fffffff, 2 GiB
Bank #3: 0x700000000 - 0x77fffffff, 2 GiB

MMC:   sd@ee100000: 0, sd@ee140000: 1, sd@ee160000: 2
Loading Environment from MMC... OK
In:    serial@e6e88000
Out:   serial@e6e88000
Err:   serial@e6e88000
Net:   eth0: ethernet@e6800000
Hit any key to stop autoboot:  2  1  0 
ethernet@e6800000 Waiting for PHY auto negotiation to complete......... done
Using ethernet@e6800000 device
TFTP from server 192.168.10.98; our IP address is 192.168.10.104
Filename 'BV/PT3/boot_USB3H/Image'.
Load address: 0x48080000
Loading: *#################################################################
	 #################################################################
	 #################################################################
	 #################################################################
	 #################################################################
	 #################################################################
	 #################################################################
	 #################################################################
	 #################################################################
	 #################################################################
	 #################################################################
	 #################################################################
	 #################################################################
	 #################################################################
	 #################################################################
	 #################################################################
	 #################################################################
	 #################################################################
	 #################################################################
	 #################################################################
	 #################################################################
	 #################################################################
	 #################################################################
	 #################################################################
	 #################################################################
	 #################################################################
	 #################################################################
	 #################################################################
	 #################################################################
	 #################################################################
	 #################################################################
	 #################################################################
	 #################################################################
	 #################################################################
	 ##############################################
	 4 MiB/s
done
Bytes transferred = 33112576 (1f94200 hex)
Using ethernet@e6800000 device
TFTP from server 192.168.10.98; our IP address is 192.168.10.104
Filename 'BV/PT3/boot_USB3H/r8a779m1-salvator-xs.dtb'.
Load address: 0x48000000
Loading: *#######
	 5.8 MiB/s
done
Bytes transferred = 91297 (164a1 hex)
Moving Image from 0x48080000 to 0x48200000, end=4a220000
## Flattened Device Tree blob at 48000000
   Booting using the fdt blob at 0x48000000
   Loading Device Tree to 0000000053fe6000, end 0000000053fff4a0 ... OK

Starting kernel ...

[    0.000000] Booting Linux on physical CPU 0x0000000000 [0x411fd073]
[    0.000000] Linux version 5.10.194-yocto-standard (thuan.nguyen-hong@banvien) (aarch64-poky-linux-gcc (GCC) 9.3.0, GNU ld (GNU Binutils) 2.34.0.20200220) #13 SMP PREEMPT Sat Feb 3 10:27:40 UTC 2024
[    0.000000] Machine model: Renesas Salvator-X 2nd version board based on r8a779m1
[    0.000000] efi: UEFI not found.
[    0.000000] Reserved memory: created CMA memory pool at 0x0000000057000000, size 16 MiB
[    0.000000] OF: reserved mem: initialized node linux,adsp@57000000, compatible id shared-dma-pool
[    0.000000] Reserved memory: created CMA memory pool at 0x0000000058000000, size 384 MiB
[    0.000000] OF: reserved mem: initialized node linux,cma@58000000, compatible id shared-dma-pool
[    0.000000] Reserved memory: created CMA memory pool at 0x0000000070000000, size 256 MiB
[    0.000000] OF: reserved mem: initialized node linux,multimedia@70000000, compatible id shared-dma-pool
[    0.000000] NUMA: No NUMA configuration found
[    0.000000] NUMA: Faking a node at [mem 0x0000000048000000-0x000000077fffffff]
[    0.000000] NUMA: NODE_DATA [mem 0x77efd9b00-0x77efdbfff]
[    0.000000] Zone ranges:
[    0.000000]   DMA      [mem 0x0000000048000000-0x000000007fffffff]
[    0.000000]   DMA32    [mem 0x0000000080000000-0x00000000ffffffff]
[    0.000000]   Normal   [mem 0x0000000100000000-0x000000077fffffff]
[    0.000000] Movable zone start for each node
[    0.000000] Early memory node ranges
[    0.000000]   node   0: [mem 0x0000000048000000-0x0000000053ffffff]
[    0.000000]   node   0: [mem 0x0000000054000000-0x0000000056ffffff]
[    0.000000]   node   0: [mem 0x0000000057000000-0x00000000bfffffff]
[    0.000000]   node   0: [mem 0x0000000500000000-0x000000057fffffff]
[    0.000000]   node   0: [mem 0x0000000600000000-0x000000067fffffff]
[    0.000000]   node   0: [mem 0x0000000700000000-0x000000077fffffff]
[    0.000000] Initmem setup node 0 [mem 0x0000000048000000-0x000000077fffffff]
[    0.000000] psci: probing for conduit method from DT.
[    0.000000] psci: PSCIv1.1 detected in firmware.
[    0.000000] psci: Using standard PSCI v0.2 function IDs
[    0.000000] psci: Trusted OS resident on physical CPU 0x0
[    0.000000] psci: SMC Calling Convention v1.2
[    0.000000] percpu: Embedded 23 pages/cpu s56984 r8192 d29032 u94208
[    0.000000] Detected PIPT I-cache on CPU0
[    0.000000] CPU features: detected: EL2 vector hardening
[    0.000000] CPU features: detected: Spectre-v2
[    0.000000] CPU features: detected: ARM errata 1165522, 1319367, or 1530923
[    0.000000] CPU features: detected: Spectre-BHB
[    0.000000] CPU features: detected: ARM erratum 1742098
[    0.000000] Built 1 zonelists, mobility grouping on.  Total pages: 2032128
[    0.000000] Policy zone: Normal
[    0.000000] Kernel command line: rw root=/dev/nfs nfsroot=192.168.10.98:/data/tftpboot/BV/PT3/rootfs_H3e,nfsvers=4 ip=192.168.10.104
[    0.000000] Dentry cache hash table entries: 1048576 (order: 11, 8388608 bytes, linear)
[    0.000000] Inode-cache hash table entries: 524288 (order: 10, 4194304 bytes, linear)
[    0.000000] mem auto-init: stack:off, heap alloc:off, heap free:off
[    0.000000] software IO TLB: mapped [mem 0x000000004ffe6000-0x0000000053fe6000] (64MB)
[    0.000000] Memory: 7277092K/8257536K available (15104K kernel code, 2832K rwdata, 8204K rodata, 6080K init, 519K bss, 308700K reserved, 671744K cma-reserved)
[    0.000000] SLUB: HWalign=64, Order=0-3, MinObjects=0, CPUs=8, Nodes=1
[    0.000000] rcu: Preemptible hierarchical RCU implementation.
[    0.000000] rcu: 	RCU event tracing is enabled.
[    0.000000] rcu: 	RCU restricting CPUs from NR_CPUS=256 to nr_cpu_ids=8.
[    0.000000] 	Trampoline variant of Tasks RCU enabled.
[    0.000000] rcu: RCU calculated value of scheduler-enlistment delay is 25 jiffies.
[    0.000000] rcu: Adjusting geometry for rcu_fanout_leaf=16, nr_cpu_ids=8
[    0.000000] NR_IRQS: 64, nr_irqs: 64, preallocated irqs: 0
[    0.000000] arch_timer: cp15 timer(s) running at 8.32MHz (virt).
[    0.000000] clocksource: arch_sys_counter: mask: 0xffffffffffffff max_cycles: 0x1eb398c07, max_idle_ns: 440795202503 ns
[    0.000003] sched_clock: 56 bits at 8MHz, resolution 120ns, wraps every 2199023255503ns
[    0.000207] Console: colour dummy device 80x25
[    0.000415] printk: console [tty0] enabled
[    0.000492] Calibrating delay loop (skipped), value calculated using timer frequency.. 16.64 BogoMIPS (lpj=33280)
[    0.000506] pid_max: default: 32768 minimum: 301
[    0.000565] LSM: Security Framework initializing
[    0.000652] Mount-cache hash table entries: 16384 (order: 5, 131072 bytes, linear)
[    0.000703] Mountpoint-cache hash table entries: 16384 (order: 5, 131072 bytes, linear)
[    0.002167] rcu: Hierarchical SRCU implementation.
[    0.003781] Detected Renesas R-Car Gen3 r8a7795 ES3.0
[    0.005910] EFI services will not be available.
[    0.006258] smp: Bringing up secondary CPUs ...
[    0.006721] Detected PIPT I-cache on CPU1
[    0.006767] CPU1: Booted secondary processor 0x0000000001 [0x411fd073]
[    0.007253] Detected PIPT I-cache on CPU2
[    0.007277] CPU2: Booted secondary processor 0x0000000002 [0x411fd073]
[    0.007703] Detected PIPT I-cache on CPU3
[    0.007725] CPU3: Booted secondary processor 0x0000000003 [0x411fd073]
[    0.008193] CPU features: detected: ARM erratum 845719
[    0.008205] Detected VIPT I-cache on CPU4
[    0.008250] CPU4: Booted secondary processor 0x0000000100 [0x410fd034]
[    0.008725] Detected VIPT I-cache on CPU5
[    0.008752] CPU5: Booted secondary processor 0x0000000101 [0x410fd034]
[    0.009197] Detected VIPT I-cache on CPU6
[    0.009224] CPU6: Booted secondary processor 0x0000000102 [0x410fd034]
[    0.009661] Detected VIPT I-cache on CPU7
[    0.009689] CPU7: Booted secondary processor 0x0000000103 [0x410fd034]
[    0.009769] smp: Brought up 1 node, 8 CPUs
[    0.009833] SMP: Total of 8 processors activated.
[    0.009841] CPU features: detected: 32-bit EL0 Support
[    0.009849] CPU features: detected: CRC32 instructions
[    0.009855] CPU features: detected: 32-bit EL1 Support
[    0.023014] CPU: All CPU(s) started at EL1
[    0.023064] alternatives: patching kernel code
[    0.024212] devtmpfs: initialized
[    0.030970] KASLR disabled due to lack of seed
[    0.031119] clocksource: jiffies: mask: 0xffffffff max_cycles: 0xffffffff, max_idle_ns: 7645041785100000 ns
[    0.031140] futex hash table entries: 2048 (order: 5, 131072 bytes, linear)
[    0.039761] pinctrl core: initialized pinctrl subsystem
[    0.041289] DMI not present or invalid.
[    0.041798] NET: Registered protocol family 16
[    0.042751] DMA: preallocated 1024 KiB GFP_KERNEL pool for atomic allocations
[    0.042931] DMA: preallocated 1024 KiB GFP_KERNEL|GFP_DMA pool for atomic allocations
[    0.043218] DMA: preallocated 1024 KiB GFP_KERNEL|GFP_DMA32 pool for atomic allocations
[    0.043259] audit: initializing netlink subsys (disabled)
[    0.043441] audit: type=2000 audit(0.040:1): state=initialized audit_enabled=0 res=1
[    0.044614] thermal_sys: Registered thermal governor 'power_allocator'
[    0.045137] cpuidle: using governor menu
[    0.045305] hw-breakpoint: found 6 breakpoint and 4 watchpoint registers.
[    0.045430] ASID allocator initialised with 65536 entries
[    0.046736] Serial: AMBA PL011 UART driver
[    0.089311] sh-pfc e6060000.pinctrl: r8a77951_pfc support registered
[    0.104011] HugeTLB registered 1.00 GiB page size, pre-allocated 0 pages
[    0.104025] HugeTLB registered 32.0 MiB page size, pre-allocated 0 pages
[    0.104033] HugeTLB registered 2.00 MiB page size, pre-allocated 0 pages
[    0.104040] HugeTLB registered 64.0 KiB page size, pre-allocated 0 pages
[    0.104998] cryptd: max_cpu_qlen set to 1000
[    0.107250] ACPI: Interpreter disabled.
[    0.111116] rcar-avs: use avs value: 0
[    0.111130] rcar-avs: cpu@0 is running with: opp_table0
[    0.111139] rcar-avs: cpu@1 is running with: opp_table0
[    0.111149] rcar-avs: cpu@2 is running with: opp_table0
[    0.111157] rcar-avs: cpu@3 is running with: opp_table0
[    0.111244] rcar-avs: gsx@fd000000 is running with: gsx_opp_table0
[    0.112669] iommu: Default domain type: Translated 
[    0.113247] ipmmu-vmsa e67b0000.iommu: IPMMU context 0 is reserved
[    0.114259] vgaarb: loaded
[    0.114452] SCSI subsystem initialized
[    0.114699] usbcore: registered new interface driver usbfs
[    0.114729] usbcore: registered new interface driver hub
[    0.114756] usbcore: registered new device driver usb
[    0.118268] i2c-sh_mobile e60b0000.i2c: I2C adapter 7, bus speed 400000 Hz
[    0.118805] mc: Linux media interface: v0.10
[    0.118829] videodev: Linux video capture interface: v2.00
[    0.118877] pps_core: LinuxPPS API ver. 1 registered
[    0.118885] pps_core: Software ver. 5.3.6 - Copyright 2005-2007 Rodolfo Giometti <giometti@linux.it>
[    0.118898] PTP clock support registered
[    0.119067] EDAC MC: Ver: 3.0.0
[    0.121069] FPGA manager framework
[    0.121128] Advanced Linux Sound Architecture Driver Initialized.
[    0.121680] clocksource: Switched to clocksource arch_sys_counter
[    0.121832] VFS: Disk quotas dquot_6.6.0
[    0.121880] VFS: Dquot-cache hash table entries: 512 (order 0, 4096 bytes)
[    0.122008] pnp: PnP ACPI: disabled
[    0.125506] NET: Registered protocol family 2
[    0.125918] IP idents hash table entries: 131072 (order: 8, 1048576 bytes, linear)
[    0.128157] tcp_listen_portaddr_hash hash table entries: 4096 (order: 4, 65536 bytes, linear)
[    0.128260] TCP established hash table entries: 65536 (order: 7, 524288 bytes, linear)
[    0.128542] TCP bind hash table entries: 65536 (order: 8, 1048576 bytes, linear)
[    0.129130] TCP: Hash tables configured (established 65536 bind 65536)
[    0.129247] UDP hash table entries: 4096 (order: 5, 131072 bytes, linear)
[    0.129362] UDP-Lite hash table entries: 4096 (order: 5, 131072 bytes, linear)
[    0.129575] NET: Registered protocol family 1
[    0.129986] RPC: Registered named UNIX socket transport module.
[    0.129997] RPC: Registered udp transport module.
[    0.130003] RPC: Registered tcp transport module.
[    0.130009] RPC: Registered tcp NFSv4.1 backchannel transport module.
[    0.130021] PCI: CLS 0 bytes, default 64
[    0.130936] hw perfevents: enabled with armv8_cortex_a53 PMU driver, 7 counters available
[    0.131207] hw perfevents: enabled with armv8_cortex_a57 PMU driver, 7 counters available
[    0.131831] kvm [1]: HYP mode not available
[    0.134737] Initialise system trusted keyrings
[    0.134871] workingset: timestamp_bits=42 max_order=21 bucket_order=0
[    0.137971] squashfs: version 4.0 (2009/01/31) Phillip Lougher
[    0.138368] NFS: Registering the id_resolver key type
[    0.138394] Key type id_resolver registered
[    0.138401] Key type id_legacy registered
[    0.138453] nfs4filelayout_init: NFSv4 File Layout Driver Registering...
[    0.138462] nfs4flexfilelayout_init: NFSv4 Flexfile Layout Driver Registering...
[    0.138558] 9p: Installing v9fs 9p2000 file system support
[    0.164851] Key type asymmetric registered
[    0.164863] Asymmetric key parser 'x509' registered
[    0.164892] Block layer SCSI generic (bsg) driver version 0.4 loaded (major 243)
[    0.164902] io scheduler mq-deadline registered
[    0.164911] io scheduler kyber registered
[    0.181082] gpio_rcar e6050000.gpio: driving 16 GPIOs
[    0.181370] gpio_rcar e6051000.gpio: driving 29 GPIOs
[    0.181645] gpio_rcar e6052000.gpio: driving 15 GPIOs
[    0.182061] gpio_rcar e6053000.gpio: driving 16 GPIOs
[    0.182369] gpio_rcar e6054000.gpio: driving 18 GPIOs
[    0.182721] gpio_rcar e6055000.gpio: driving 26 GPIOs
[    0.182998] gpio_rcar e6055400.gpio: driving 32 GPIOs
[    0.183280] gpio_rcar e6055800.gpio: driving 4 GPIOs
[    0.186204] rcar-pcie fe000000.pcie: host bridge /soc/pcie@fe000000 ranges:
[    0.186233] rcar-pcie fe000000.pcie:       IO 0x00fe100000..0x00fe1fffff -> 0x0000000000
[    0.186255] rcar-pcie fe000000.pcie:      MEM 0x00fe200000..0x00fe3fffff -> 0x00fe200000
[    0.186274] rcar-pcie fe000000.pcie:      MEM 0x0030000000..0x0037ffffff -> 0x0030000000
[    0.186288] rcar-pcie fe000000.pcie:      MEM 0x0038000000..0x003fffffff -> 0x0038000000
[    0.186304] rcar-pcie fe000000.pcie:   IB MEM 0x0040000000..0x007fffffff -> 0x0040000000
[    0.186350] rcar-pcie fe000000.pcie: no pcie3v3 regulator found
[    0.186361] rcar-pcie fe000000.pcie: no pcie1v8 regulator found
[    0.253386] rcar-pcie fe000000.pcie: PCIe link down
[    0.253561] rcar-pcie ee800000.pcie: host bridge /soc/pcie@ee800000 ranges:
[    0.253583] rcar-pcie ee800000.pcie:       IO 0x00ee900000..0x00ee9fffff -> 0x0000000000
[    0.253603] rcar-pcie ee800000.pcie:      MEM 0x00eea00000..0x00eebfffff -> 0x00eea00000
[    0.253621] rcar-pcie ee800000.pcie:      MEM 0x00c0000000..0x00c7ffffff -> 0x00c0000000
[    0.253634] rcar-pcie ee800000.pcie:      MEM 0x00c8000000..0x00cfffffff -> 0x00c8000000
[    0.253650] rcar-pcie ee800000.pcie:   IB MEM 0x0040000000..0x007fffffff -> 0x0040000000
[    0.253697] rcar-pcie ee800000.pcie: no pcie3v3 regulator found
[    0.253709] rcar-pcie ee800000.pcie: no pcie1v8 regulator found
[    0.413680] rcar-pcie ee800000.pcie: PCIe link down
[    0.416157] EINJ: ACPI disabled.
[    0.449178] Serial: 8250/16550 driver, 4 ports, IRQ sharing enabled
[    0.451634] SuperH (H)SCI(F) driver initialized
[    0.452062] e6550000.serial: ttySC1 at MMIO 0xe6550000 (irq = 42, base_baud = 0) is a hscif
[    0.452795] e6e88000.serial: ttySC0 at MMIO 0xe6e88000 (irq = 128, base_baud = 0) is a scif
[    1.657429] printk: console [ttySC0] enabled
[    1.662773] msm_serial: driver initialized
[    1.673128] rcar-dw-hdmi fead0000.hdmi: Detected HDMI TX controller v2.01a with HDCP (DWC HDMI 2.0 TX PHY)
[    1.683032] rcar-dw-hdmi fead0000.hdmi: registered DesignWare HDMI I2C bus driver
[    1.691292] rcar-dw-hdmi feae0000.hdmi: Detected HDMI TX controller v2.01a with HDCP (DWC HDMI 2.0 TX PHY)
[    1.701143] rcar-dw-hdmi feae0000.hdmi: registered DesignWare HDMI I2C bus driver
[    1.716598] loop: module loaded
[    1.721157] megasas: 07.714.04.00-rc1
[    1.726876] scsi host0: sata_rcar
[    1.730354] ata1: SATA max UDMA/133 irq 181
[    1.739774] tun: Universal TUN/TAP device driver, 1.6
[    1.745740] thunder_xcv, ver 1.0
[    1.749000] thunder_bgx, ver 1.0
[    1.752254] nicpf, ver 1.0
[    1.756367] hclge is initializing
[    1.759707] hns3: Hisilicon Ethernet Network Driver for Hip08 Family - version
[    1.766932] hns3: Copyright (c) 2017 Huawei Corporation.
[    1.772271] e1000: Intel(R) PRO/1000 Network Driver
[    1.777152] e1000: Copyright (c) 1999-2006 Intel Corporation.
[    1.782925] e1000e: Intel(R) PRO/1000 Network Driver
[    1.787891] e1000e: Copyright(c) 1999 - 2015 Intel Corporation.
[    1.793831] igb: Intel(R) Gigabit Ethernet Network Driver
[    1.799231] igb: Copyright (c) 2007-2014 Intel Corporation.
[    1.804821] igbvf: Intel(R) Gigabit Virtual Function Network Driver
[    1.811094] igbvf: Copyright (c) 2009 - 2012 Intel Corporation.
[    1.817432] sky2: driver version 1.30
[    1.824971] ravb e6800000.ethernet eth0: Base address at 0xe6800000, 2e:09:0a:03:84:20, IRQ 125.
[    1.835188] VFIO - User Level meta-driver version: 0.3
[    1.842365] ehci_hcd: USB 2.0 'Enhanced' Host Controller (EHCI) Driver
[    1.848904] ehci-pci: EHCI PCI platform driver
[    1.853364] ehci-platform: EHCI generic platform driver
[    1.858977] ehci-platform ee0a0100.usb: EHCI Host Controller
[    1.864659] ehci-platform ee0a0100.usb: new USB bus registered, assigned bus number 1
[    1.872589] ehci-platform ee0a0100.usb: irq 175, io mem 0xee0a0100
[    1.893688] ehci-platform ee0a0100.usb: USB 2.0 started, EHCI 1.10
[    1.900223] hub 1-0:1.0: USB hub found
[    1.903994] hub 1-0:1.0: 1 port detected
[    1.908403] ehci-platform ee0c0100.usb: EHCI Host Controller
[    1.914078] ehci-platform ee0c0100.usb: new USB bus registered, assigned bus number 2
[    1.921988] ehci-platform ee0c0100.usb: irq 176, io mem 0xee0c0100
[    1.941690] ehci-platform ee0c0100.usb: USB 2.0 started, EHCI 1.10
[    1.948137] hub 2-0:1.0: USB hub found
[    1.951908] hub 2-0:1.0: 1 port detected
[    1.981734] ehci-platform ee0e0100.usb: EHCI Host Controller
[    1.987410] ehci-platform ee0e0100.usb: new USB bus registered, assigned bus number 3
[    1.995287] ehci-platform ee0e0100.usb: irq 177, io mem 0xee0e0100
[    2.013687] ehci-platform ee0e0100.usb: USB 2.0 started, EHCI 1.10
[    2.020159] hub 3-0:1.0: USB hub found
[    2.023928] hub 3-0:1.0: 1 port detected
[    2.028325] ehci-orion: EHCI orion driver
[    2.032584] ehci-exynos: EHCI Exynos driver
[    2.036885] ohci_hcd: USB 1.1 'Open' Host Controller (OHCI) Driver
[    2.043081] ohci-pci: OHCI PCI platform driver
[    2.047564] ohci-platform: OHCI generic platform driver
[    2.053097] ohci-platform ee0a0000.usb: Generic Platform OHCI controller
[    2.059813] ohci-platform ee0a0000.usb: new USB bus registered, assigned bus number 4
[    2.067701] ohci-platform ee0a0000.usb: irq 175, io mem 0xee0a0000
[    2.149686] ata1: link resume succeeded after 1 retries
[    2.163966] hub 4-0:1.0: USB hub found
[    2.167736] hub 4-0:1.0: 1 port detected
[    2.172067] ohci-platform ee0c0000.usb: Generic Platform OHCI controller
[    2.178780] ohci-platform ee0c0000.usb: new USB bus registered, assigned bus number 5
[    2.186648] ohci-platform ee0c0000.usb: irq 176, io mem 0xee0c0000
[    2.261117] ata1: SATA link down (SStatus 0 SControl 300)
[    2.279947] hub 5-0:1.0: USB hub found
[    2.283717] hub 5-0:1.0: 1 port detected
[    2.288045] ohci-platform ee0e0000.usb: Generic Platform OHCI controller
[    2.294758] ohci-platform ee0e0000.usb: new USB bus registered, assigned bus number 6
[    2.302626] ohci-platform ee0e0000.usb: irq 177, io mem 0xee0e0000
[    2.395944] hub 6-0:1.0: USB hub found
[    2.399711] hub 6-0:1.0: 1 port detected
[    2.404056] ohci-exynos: OHCI Exynos driver
[    2.408486] usbcore: registered new interface driver usb-storage
[    2.416156] renesas_usbhs e6590000.usb: host probed
[    2.421046] renesas_usbhs e6590000.usb: no transceiver found
[    2.426769] renesas_usbhs e6590000.usb: gadget probed
[    2.431986] renesas_usbhs e6590000.usb: probed
[    2.436877] renesas_usbhs e659c000.usb: host probed
[    2.441777] renesas_usbhs e659c000.usb: no transceiver found
[    2.447492] renesas_usbhs e659c000.usb: gadget probed
[    2.452689] renesas_usbhs e659c000.usb: probed
[    2.459574] i2c /dev entries driver
[    2.474201] cs2000-cp 2-004f: revision - C1
[    2.478454] i2c-rcar e6510000.i2c: probed
[    2.483295] pca953x 4-0020: supply vcc not found, using dummy regulator
[    2.489996] pca953x 4-0020: using no AI
[    2.494637] gpio-355 (PCIE/SATA switch): hogged as output/low
[    2.506934] i2c-rcar e66d8000.i2c: probed
[    2.512210] adv748x 4-0070: Endpoint /soc/i2c@e66d8000/video-receiver@70/port@7/endpoint on port 7
[    2.521192] adv748x 4-0070: Endpoint /soc/i2c@e66d8000/video-receiver@70/port@8/endpoint on port 8
[    2.530164] adv748x 4-0070: Endpoint /soc/i2c@e66d8000/video-receiver@70/port@a/endpoint on port 10
[    2.539229] adv748x 4-0070: Endpoint /soc/i2c@e66d8000/video-receiver@70/port@b/endpoint on port 11
[    2.548627] adv748x 4-0070: chip found @ 0xe0 revision 2143
[    2.602232] rcar-csi2 fea80000.csi2: 1 lanes found
[    2.607368] rcar-csi2 feaa0000.csi2: 4 lanes found
[    2.616955] rcar-vin e6ef0000.video: Device registered as video0
[    2.623042] rcar-vin e6ef1000.video: Device registered as video1
[    2.629122] rcar-vin e6ef2000.video: Device registered as video2
[    2.635201] rcar-vin e6ef3000.video: Device registered as video3
[    2.641279] rcar-vin e6ef4000.video: Device registered as video4
[    2.647357] rcar-vin e6ef5000.video: Device registered as video5
[    2.653435] rcar-vin e6ef6000.video: Device registered as video6
[    2.659513] rcar-vin e6ef7000.video: Device registered as video7
[    2.668164] rcar_gen3_thermal e6198000.thermal: is using pseudo fixed FUSE values
[    2.680324] rcar_gen3_thermal e6198000.thermal: TSC0: Loaded 1 trip points
[    2.691565] rcar_gen3_thermal e6198000.thermal: TSC1: Loaded 1 trip points
[    2.702717] rcar_gen3_thermal e6198000.thermal: TSC2: Loaded 3 trip points
[    2.714789] sdhci: Secure Digital Host Controller Interface driver
[    2.720989] sdhci: Copyright(c) Pierre Ossman
[    2.726175] Synopsys Designware Multimedia Card Interface Driver
[    2.726377] renesas_sdhi_internal_dmac ee140000.mmc: Adding to iommu group 0
[    2.726431] renesas_sdhi_internal_dmac ee100000.mmc: Got CD GPIO
[    2.726486] renesas_sdhi_internal_dmac ee100000.mmc: Got WP GPIO
[    2.726807] renesas_sdhi_internal_dmac ee160000.mmc: Got CD GPIO
[    2.726836] renesas_sdhi_internal_dmac ee160000.mmc: Got WP GPIO
[    2.733514] sdhci-pltfm: SDHCI platform and OF driver helper
[    2.739266] renesas_sdhi_internal_dmac ee140000.mmc: Using IPMMU context 1
[    2.776374] ledtrig-cpu: registered to indicate activity on CPUs
[    2.783394] SMCCC: SOC_ID: ARCH_SOC_ID not implemented, skipping ....
[    2.790412] usbcore: registered new interface driver usbhid
[    2.795990] usbhid: USB HID core driver
[    2.803595] optee: probing for conduit method.
[    2.808063] optee: revision 3.22 (314ecf9d)
[    2.808584] optee driver R-Car Rev.1.0.11
[    2.817027] optee: dynamic shared memory is enabled
[    2.822175] optee: initialized driver
[    2.824779] renesas_sdhi_internal_dmac ee140000.mmc: mmc0 base at 0x00000000ee140000, max clock rate 200 MHz
[    2.836333] rcar_sound ec500000.sound: probed
[    2.841397] NET: Registered protocol family 17
[    2.845962] 9pnet: Installing 9P2000 support
[    2.850282] Key type dns_resolver registered
[    2.854923] registered taskstats version 1
[    2.859037] Loading compiled-in X.509 certificates
[    2.873687] thermal emergency: set temperature to 110 celsius
[    2.879637] thermal emergency: shutdown target cpus 1-7
[    2.884866] thermal emergency: freq scaled target cpus 0
[    2.890529] renesas_irqc e61c0000.interrupt-controller: driving 6 irqs
[    2.910076] mmc0: new HS400 MMC card at address 0001
[    2.915795] mmcblk0: mmc0:0001 BGSD3R 29.1 GiB 
[    2.920731] mmcblk0boot0: mmc0:0001 BGSD3R partition 1 16.0 MiB
[    2.927039] mmcblk0boot1: mmc0:0001 BGSD3R partition 2 16.0 MiB
[    2.933059] mmcblk0rpmb: mmc0:0001 BGSD3R partition 3 4.00 MiB, chardev (509:0)
[    2.941713] ehci-platform ee080100.usb: EHCI Host Controller
[    2.941847]  mmcblk0: p1
[    2.947399] ehci-platform ee080100.usb: new USB bus registered, assigned bus number 7
[    2.957825] ehci-platform ee080100.usb: irq 174, io mem 0xee080100
[    2.977782] ehci-platform ee080100.usb: USB 2.0 started, EHCI 1.10
[    2.984327] hub 7-0:1.0: USB hub found
[    2.988105] hub 7-0:1.0: 1 port detected
[    2.993594] ohci-platform ee080000.usb: Generic Platform OHCI controller
[    3.000323] ohci-platform ee080000.usb: new USB bus registered, assigned bus number 8
[    3.008212] ohci-platform ee080000.usb: irq 174, io mem 0xee080000
[    3.103980] hub 8-0:1.0: USB hub found
[    3.107752] hub 8-0:1.0: 1 port detected
[    3.113042] cpu cpu0: EM: created perf domain
[    3.117942] cpu cpu4: EM: created perf domain
[    3.125811] renesas_sdhi_internal_dmac ee100000.mmc: Got CD GPIO
[    3.128322] renesas_sdhi_internal_dmac ee160000.mmc: Got CD GPIO
[    3.131849] renesas_sdhi_internal_dmac ee100000.mmc: Got WP GPIO
[    3.137930] renesas_sdhi_internal_dmac ee160000.mmc: Got WP GPIO
[    3.145305] [drm] Initialized rcar-du 1.0.0 20130110 for feb00000.display on minor 0
[    3.157695] [drm] Device feb00000.display probed
[    3.192648] renesas_sdhi_internal_dmac ee100000.mmc: mmc1 base at 0x00000000ee100000, max clock rate 200 MHz
[    3.199126] renesas_sdhi_internal_dmac ee160000.mmc: mmc2 base at 0x00000000ee160000, max clock rate 200 MHz
[    3.200026] Console: switching to colour frame buffer device 128x48
[    3.242076] rcar-du feb00000.display: [drm] fb0: rcar-dudrmfb frame buffer device
[    3.254123] input: keys as /devices/platform/keys/input/input0
[    3.333049] Micrel KSZ9031 Gigabit PHY e6800000.ethernet-ffffffff:00: attached PHY driver [Micrel KSZ9031 Gigabit PHY] (mii_bus:phy_addr=e6800000.ethernet-ffffffff:00, irq=183)
[   10.995875] ravb e6800000.ethernet eth0: Link is Up - 1Gbps/Full - flow control off
[   11.025724] IP-Config: Guessing netmask 255.255.255.0
[   11.030885] IP-Config: Complete:
[   11.034199]      device=eth0, hwaddr=2e:09:0a:03:84:20, ipaddr=192.168.10.104, mask=255.255.255.0, gw=255.255.255.255
[   11.045014]      host=192.168.10.104, domain=, nis-domain=(none)
[   11.051147]      bootserver=255.255.255.255, rootserver=192.168.10.98, rootpath=
[   11.051749] ALSA device list:
[   11.062357]   No soundcards found.
[   12.138416] VFS: Mounted root (nfs4 filesystem) on device 0:22.
[   12.145221] devtmpfs: mounted
[   12.152372] Freeing unused kernel memory: 6080K
[   12.177817] Run /sbin/init as init process
[   12.344945] systemd[1]: System time before build time, advancing clock.
[   12.746044] NET: Registered protocol family 10
[   12.754705] Segment Routing with IPv6
[   12.788679] systemd[1]: systemd 244 running in system mode. (+PAM -AUDIT -SELINUX +IMA -APPARMOR -SMACK +SYSVINIT +UTMP -LIBCRYPTSETUP -GCRYPT -GNUTLS +ACL +XZ -LZ4 -SECCOMP +BLKID -ELFUTILS +KMOD -IDN2 -IDN -PCRE2 default-hierarchy=hybrid)
[   12.817108] systemd[1]: Detected architecture arm64.

Welcome to [1mPoky (Yocto Project Reference Distro) 3.1.11 (dunfell)[0m!

[   12.855641] systemd[1]: Set hostname to <salvator-x>.
[   13.045748] random: crng init done
[   13.620690] systemd[1]: system-getty.slice: unit configures an IP firewall, but the local system does not support BPF/cgroup firewalling.
[   13.641462] systemd[1]: (This warning is only shown for the first unit using IP firewalling.)
[   13.656148] systemd[1]: Created slice system-getty.slice.
[[0;32m  OK  [0m] Created slice [0;1;39msystem-getty.slice[0m.
[   13.678695] systemd[1]: Created slice system-serial\x2dgetty.slice.
[[0;32m  OK  [0m] Created slice [0;1;39msystem-serial\x2dgetty.slice[0m.
[   13.702759] systemd[1]: Created slice User and Session Slice.
[[0;32m  OK  [0m] Created slice [0;1;39mUser and Session Slice[0m.
[   13.726126] systemd[1]: Started Dispatch Password Requests to Console Directory Watch.
[[0;32m  OK  [0m] Started [0;1;39mDispatch Password â€¦ts to Console Directory Watch[0m.
[   13.754014] systemd[1]: Started Forward Password Requests to Wall Directory Watch.
[[0;32m  OK  [0m] Started [0;1;39mForward Password Râ€¦uests to Wall Directory Watch[0m.
[   13.781980] systemd[1]: Reached target Paths.
[[0;32m  OK  [0m] Reached target [0;1;39mPaths[0m.
[   13.805853] systemd[1]: Reached target Remote File Systems.
[[0;32m  OK  [0m] Reached target [0;1;39mRemote File Systems[0m.
[   13.829837] systemd[1]: Reached target Slices.
[[0;32m  OK  [0m] Reached target [0;1;39mSlices[0m.
[   13.853846] systemd[1]: Reached target Swap.
[[0;32m  OK  [0m] Reached target [0;1;39mSwap[0m.
[   13.880330] systemd[1]: Listening on RPCbind Server Activation Socket.
[[0;32m  OK  [0m] Listening on [0;1;39mRPCbind Server Activation Socket[0m.
[   13.909900] systemd[1]: Reached target RPC Port Mapper.
[[0;32m  OK  [0m] Reached target [0;1;39mRPC Port Mapper[0m.
[   13.934230] systemd[1]: Listening on initctl Compatibility Named Pipe.
[[0;32m  OK  [0m] Listening on [0;1;39minitctl Compatibility Named Pipe[0m.
[   13.964027] systemd[1]: Listening on Journal Audit Socket.
[[0;32m  OK  [0m] Listening on [0;1;39mJournal Audit Socket[0m.
[   13.991232] systemd[1]: Listening on Journal Socket (/dev/log).
[[0;32m  OK  [0m] Listening on [0;1;39mJournal Socket (/dev/log)[0m.
[   14.018508] systemd[1]: Listening on Journal Socket.
[[0;32m  OK  [0m] Listening on [0;1;39mJournal Socket[0m.
[   14.043652] systemd[1]: Listening on Network Service Netlink Socket.
[[0;32m  OK  [0m] Listening on [0;1;39mNetwork Service Netlink Socket[0m.
[   14.071948] systemd[1]: Listening on udev Control Socket.
[[0;32m  OK  [0m] Listening on [0;1;39mudev Control Socket[0m.
[   14.098344] systemd[1]: Listening on udev Kernel Socket.
[[0;32m  OK  [0m] Listening on [0;1;39mudev Kernel Socket[0m.
[   14.127200] systemd[1]: Mounting Huge Pages File System...
         Mounting [0;1;39mHuge Pages File System[0m...
[   14.155074] systemd[1]: Mounting POSIX Message Queue File System...
         Mounting [0;1;39mPOSIX Message Queue File System[0m...
[   14.186997] systemd[1]: Mounting Kernel Debug File System...
         Mounting [0;1;39mKernel Debug File System[0m...
[   14.218140] systemd[1]: Mounting Temporary Directory (/tmp)...
         Mounting [0;1;39mTemporary Directory (/tmp)[0m...
[   14.247961] systemd[1]: Starting Create list of static device nodes for the current kernel...
         Starting [0;1;39mCreate list of stâ€¦odes for the current kernel[0m...
[   14.282863] systemd[1]: Starting Start psplash boot splash screen...
         Starting [0;1;39mStart psplash boot splash screen[0m...
[   14.315737] systemd[1]: Starting RPC Bind...
         Starting [0;1;39mRPC Bind[0m...
[   14.335583] systemd[1]: Condition check resulted in File System Check on Root Device being skipped.
[   14.352047] systemd[1]: Starting Journal Service...
         Starting [0;1;39mJournal Service[0m...
[   14.378864] systemd[1]: Starting Load Kernel Modules...
         Starting [0;1;39mLoad Kernel Modules[0m...
[   14.402775] systemd[1]: Starting Remount Root and Kernel File Systems...
         Starting [0;1;39mRemount Root and Kernel File Systems[0m...
[   14.428827] systemd[1]: Starting udev Coldplug all Devices...
         Starting [0;1;39mudev Coldplug all Devices[0m...
[   14.454716] systemd[1]: Started Start psplash boot splash screen.
[[0;32m  OK  [0m] Started [0;1;39mStart psplash boot splash screen[0m.
[   14.482333] systemd[1]: Started RPC Bind.
[[0;32m  OK  [0m] Started [0;1;39mRPC Bind[0m.
[   14.502356] systemd[1]: Started Journal Service.
[[0;32m  OK  [0m] Started [0;1;39mJournal Service[0m.
[[0;32m  OK  [0m] Mounted [0;1;39mHuge Pages File System[0m.
[[0;32m  OK  [0m] Mounted [0;1;39mPOSIX Message Queue File System[0m.
[[0;32m  OK  [0m] Mounted [0;1;39mKernel Debug File System[0m.
[[0;32m  OK  [0m] Mounted [0;1;39mTemporary Directory (/tmp)[0m.
[[0;32m  OK  [0m] Started [0;1;39mCreate list of staâ€¦ nodes for the current kernel[0m.
[[0;32m  OK  [0m] Started [0;1;39mLoad Kernel Modules[0m.
[[0;32m  OK  [0m] Started [0;1;39mRemount Root and Kernel File Systems[0m.
         Mounting [0;1;39mKernel Configuration File System[0m...
[[0;32m  OK  [0m] Started [0;1;39mStart psplash-systâ€¦progress communication helper[0m.
         Starting [0;1;39mFlush Journal to Persistent Storage[0m...
         Starting [0;1;39mApply Kernel V[   14.730448] systemd-journald[356]: Received client request to flush runtime journal.
ariables[0m...
         Starting [0;1;39mCreate Static Device Nodes in /dev[0m...
[[0;32m  OK  [0m] Mounted [0;1;39mKernel Configuration File System[0m.
[[0;32m  OK  [0m] Started [0;1;39mFlush Journal to Persistent Storage[0m.
[[0;32m  OK  [0m] Started [0;1;39mApply Kernel Variables[0m.
[[0;32m  OK  [0m] Started [0;1;39mCreate Static Device Nodes in /dev[0m.
[[0;32m  OK  [0m] Started [0;1;39mudev Coldplug all Devices[0m.
[[0;32m  OK  [0m] Reached target [0;1;39mLocal File Systems (Pre)[0m.
         Mounting [0;1;39m/var/volatile[0m...
         Starting [0;1;39mudev Kernel Device Manager[0m...
[[0;32m  OK  [0m] Mounted [0;1;39m/var/volatile[0m.
         Starting [0;1;39mLoad/Save Random Seed[0m...
[[0;32m  OK  [0m] Reached target [0;1;39mLocal File Systems[0m.
         Starting [0;1;39mCreate Volatile Files and Directories[0m...
[[0;32m  OK  [0m] Started [0;1;39mudev Kernel Device Manager[0m.
[[0;32m  OK  [0m] Started [0;1;39mLoad/Save Random Seed[0m.
         Starting [0;1;39mNetwork Service[0m...
[[0;32m  OK  [0m] Started [0;1;39mCreate Volatile Files and Directories[0m.
[[0;32m  OK  [0m] Started [0;1;39mNetwork Service[0m.
         Starting [0;1;39mNetwork Name Resolution[0m...
         Starting [0;1;39mNetwork Time Synchronization[0m...
[   15.255436] pwm-backlight: probe of backlight failed with error -16
         Starting [0;1;39mUpdate UTMP about System Boot/Shutdown[0m...
[   15.331034] at24 7-0050: supply vcc not found, using dummy regulator
[   15.349417] at24 7-0050: 128 byte br24t01 EEPROM, writable, 8 bytes/write
[[0;32m  OK  [0m] Started [0;1;39mUpdate UTMP about System Boot/Shutdown[0m.
[[0;32m  OK  [0m] Reached target [0;1;39mHardware activated USB gadget[0m.
[[0;32m  OK  [0m] Started [0;1;39mNetwork Name Resolution[0m.
[[0;32m  OK  [0m] Reached target [0;1;39mNetwork[0m.
[   15.417244] renesas_usb3 ee020000.usb: probed with phy
[[0;32m  OK  [0m] Reached target [0;1;39mHost and Network Name Lookups[0m.
[   15.525656] ccree e6601000.crypto: ARM CryptoCell 630P Driver: HW version 0xAF400001/0xDCC63000, Driver version 5.0
[[0;32m  OK  [0m] Started [0;1;39mNetwork Time Synchronization[0m.
[   15.549504] xhci-hcd ee000000.usb: xHCI Host Controller
[   15.557910] xhci-hcd ee000000.usb: new USB bus registered, assigned bus number 9
[[0;32m  OK  [0m] Created slice [0;1;39msystem-weston.slice[0m.
[[0;32m  OK  [0m] Reached targ[   15.583447] xhci-hcd ee000000.usb: hcc params 0x014051ce hci version 0x100 quirks 0x0000000000830410
et [0;1;39mSyst[   15.587730] ccree e6601000.crypto: ARM ccree device initialized
em Time Set[0m.[   15.594202] xhci-hcd ee000000.usb: irq 172, io mem 0xee000000

[   15.608740] xhci-hcd ee000000.usb: xHCI Host Controller
[   15.614349] xhci-hcd ee000000.usb: new USB bus registered, assigned bus number 10
[   15.621864] xhci-hcd ee000000.usb: Host supports USB 3.0 SuperSpeed
[   15.628695] hub 9-0:1.0: USB hub found
[   15.632497] hub 9-0:1.0: 1 port detected
[   15.638113] usb usb10: We don't know the algorithms for LPM for this host, disabling LPM.
[   15.647104] hub 10-0:1.0: USB hub found
[   15.651124] hub 10-0:1.0: 1 port detected
[[0;32m  OK  [0m] Reached target [0;1;39mSystem Time Synchronized[0m.
[[0;32m  OK  [0m] Reached target [0;1;39mSystem Initialization[0m.
[[0;32m  OK  [0m] Started [0;1;39mDaily Cleanup of Temporary Directories[0m.
[[0;32m  OK  [0m] Reached target [0;1;39mTimers[0m.
[[0;32m  OK  [0m] Listening on [0;1;39mAvahi mDNS/DNS-SD Stack Activation Socket[0m.
[[0;32m  OK  [0m] Listening on [0;1;39mD-Bus System Message Bus Socket[0m.
[[0;32m  OK  [0m] Listening on [0;1;39mdropbear.socket[0m.
[[0;32m  OK  [0m] Reached target [0;1;39mSockets[0m.
[[0;32m  OK  [0m] Reached target [0;1;39mBasic System[0m.
         Starting [0;1;39mAvahi mDNS/DNS-SD Stack[0m...
[[0;32m  OK  [0m] Started [0;1;39mD-Bus System Message Bus[0m.
[[0;32m  OK  [0m] Started [0;1;39moptee services[0m.
         Starting [0;1;39mpvrinit.service[0m...
         Starting [0;1;39mPowerVR consumer services[0m...
         Starting [0;1;39mLogin Service[0m...
         Starting [0;1;39mPermit User Sessions[0m...
[[0;32m  OK  [0m] Started [0;1;39mXinetd A Powerful Replacement For Inetd[0m.
[[0;1;31mFAILED[0m] Failed to start [0;1;39mPowerVR consumer services[0m.
See 'systemctl status rc.pvr.service' for details.
[[0;1;38;5;185mDEPEND[0m] Dependency failed for [0;1;39mWeston Wayland Compositor[0m.
[[0;1;31mFAILED[0m] Failed to start [0;1;39mpvrinit.service[0m.
See 'systemctl status pvrinit.service' for details.
[[0;32m  OK  [0m] Started [0;1;39mPermit User Sessions[0m.
[[0;32m  OK  [0m] Started [0;1;39mAvahi mDNS/DNS-SD Stack[0m.
[[0;32m  OK  [0m] Started [0;1;39mGetty on tty1[0m.
[[0;32m  OK  [0m] Started [0;1;39mSerial Getty on ttySC0[0m.
[[0;32m  OK  [0m] Reached target [0;1;39mLogin Prompts[0m.
         Starting [0;1;39mset_default_governor.service[0m...
[[0;32m  OK  [0m] Started [0;1;39mLogin Service[0m.
[   16.342398] rd 0-7: Disabling EAS, schedutil is mandatory
[   16.350174] usb 10-1: new SuperSpeed Gen 1 USB device number 2 using xhci-hcd
[[0;32m  OK  [0m] Started [0;1;39mset_default_governor.service[0m.
[   16.384171] usb-storage 10-1:1.0: USB Mass Storage device detected
[   16.390777] scsi host1: usb-storage 10-1:1.0
[[0;32m  OK  [0m] Reached target [0;1;39mMulti-User System[0m.
         Starting [0;1;39mUpdate UTMP about System Runlevel Changes[0m...
[[0;32m  OK  [0m] Started [0;1;39mUpdate UTMP about System Runlevel Changes[0m.
[   17.407312] scsi 1:0:0:0: Direct-Access     SanDisk  Extreme Pro      0    PQ: 0 ANSI: 6
[   17.418136] sd 1:0:0:0: [sda] 250085376 512-byte logical blocks: (128 GB/119 GiB)
[   17.426381] sd 1:0:0:0: [sda] Write Protect is off
[   17.431898] sd 1:0:0:0: [sda] Write cache: enabled, read cache: enabled, doesn't support DPO or FUA
[   17.465624]  sda: sda1
[   17.470315] sd 1:0:0:0: [sda] Attached SCSI removable disk


Poky (Yocto Project Reference Distro) 3.1.11 salvator-x ttySC0

salvator-x login: 

salvator-x login: root

[   18.266764] audit: type=1006 audit(1703064537.920:2): pid=531 uid=0 old-auid=4294967295 auid=0 tty=(none) old-ses=4294967295 ses=1 res=1
7[r[999;999H[6n8root@salvator-x:~# 
root@salvator-x:~# 
root@salvator-x:~# 
root@salvator-x:~# 
root@salvator-x:~# 
root@salvator-x:~# 
root@salvator-x:~# 
root@salvator-x:~# 
root@salvator-x:~# 
root@salvator-x:~# find /sys/devices/platform/soc/ee000000.usb/ -name 'sd*'
/sys/devices/platform/soc/ee000000.usb/usb10/10-1/10-1:1.0/host1/target1:0:0/1:0:0:0/block/sda
/sys/devices/platform/soc/ee000000.usb/usb10/10-1/10-1:1.0/host1/target1:0:0/1:0:0:0/block/sda/sda1
root@salvator-x:~# 
root@salvator-x:~# stress-ng --cpu 4 --io 4 --vm 2 --vm-bytes 20M --timeout 3600 
s &
[1] 542
root@salvator-x:~# stress-ng: info:  [542] dispatching hogs: 4 cpu, 4 io, 2 vm

root@salvator-x:~# dd if=/dev/urandom of=testdata bs=1024K count=10
10+0 records in
10+0 records out
10485760 bytes (10 MB, 10 MiB) copied, 0.230925 s, 45.4 MB/s
root@salvator-x:~# 
root@salvator-x:~# cp testdata testdata_aaa &
[2] 556
root@salvator-x:~# 
root@salvator-x:~# dd if=testdata_aaa of=/dev/sda1 bs=1024K count=10
10+0 records in
10+0 records out
10485760 bytes (10 MB, 10 MiB) copied, 0.216266 s, 48.5 MB/s
[2]+  Done                    cp testdata testdata_aaa
root@salvator-x:~# 
root@salvator-x:~# dd if=/dev/sda1 of=testdata_bbb bs=1024K count=10
[   41.949800] SDHI0 VccQ: disabling
[   41.953308] SDHI3 VccQ: disabling
10+0 records in
10+0 records out
10485760 bytes (10 MB, 10 MiB) copied, 0.353111 s, 29.7 MB/s
root@salvator-x:~# 
root@salvator-x:~# mv testdata_bbb testdata_aaa
root@salvator-x:~# 
root@salvator-x:~# dd if=testdata_aaa of=/dev/sda1 bs=1024K count=10
10+0 records in
10+0 records out
10485760 bytes (10 MB, 10 MiB) copied, 0.276176 s, 38.0 MB/s
root@salvator-x:~# 
root@salvator-x:~# dd if=/dev/sda1 of=testdata_bbb bs=1024K count=10
10+0 records in
10+0 records out
10485760 bytes (10 MB, 10 MiB) copied, 0.268703 s, 39.0 MB/s
root@salvator-x:~# 
root@salvator-x:~# mv testdata_bbb testdata_aaa
root@salvator-x:~# 
root@salvator-x:~# dd if=testdata_aaa of=/dev/sda1 bs=1024K count=10
10+0 records in
10+0 records out
10485760 bytes (10 MB, 10 MiB) copied, 0.331879 s, 31.6 MB/s
root@salvator-x:~# 
root@salvator-x:~# dd if=/dev/sda1 of=testdata_bbb bs=1024K count=10
10+0 records in
10+0 records out
10485760 bytes (10 MB, 10 MiB) copied, 0.297416 s, 35.3 MB/s
root@salvator-x:~# 
root@salvator-x:~# mv testdata_bbb testdata_aaa
root@salvator-x:~# 
root@salvator-x:~# dd if=testdata_aaa of=/dev/sda1 bs=1024K count=10
10+0 records in
10+0 records out
10485760 bytes (10 MB, 10 MiB) copied, 0.333485 s, 31.4 MB/s
root@salvator-x:~# 
root@salvator-x:~# dd if=/dev/sda1 of=testdata_bbb bs=1024K count=10
10+0 records in
10+0 records out
10485760 bytes (10 MB, 10 MiB) copied, 0.31792 s, 33.0 MB/s
root@salvator-x:~# 
root@salvator-x:~# mv testdata_bbb testdata_aaa
root@salvator-x:~# 
root@salvator-x:~# dd if=testdata_aaa of=/dev/sda1 bs=1024K count=10
10+0 records in
10+0 records out
10485760 bytes (10 MB, 10 MiB) copied, 0.273597 s, 38.3 MB/s
root@salvator-x:~# 
root@salvator-x:~# dd if=/dev/sda1 of=testdata_bbb bs=1024K count=10
10+0 records in
10+0 records out
10485760 bytes (10 MB, 10 MiB) copied, 0.280844 s, 37.3 MB/s
root@salvator-x:~# 
root@salvator-x:~# mv testdata_bbb testdata_aaa
root@salvator-x:~# 
root@salvator-x:~# dd if=testdata_aaa of=/dev/sda1 bs=1024K count=10
10+0 records in
10+0 records out
10485760 bytes (10 MB, 10 MiB) copied, 0.411626 s, 25.5 MB/s
root@salvator-x:~# 
root@salvator-x:~# dd if=/dev/sda1 of=testdata_bbb bs=1024K count=10
10+0 records in
10+0 records out
10485760 bytes (10 MB, 10 MiB) copied, 0.241617 s, 43.4 MB/s
root@salvator-x:~# 
root@salvator-x:~# mv testdata_bbb testdata_aaa
root@salvator-x:~# 
root@salvator-x:~# dd if=testdata_aaa of=/dev/sda1 bs=1024K count=10
10+0 records in
10+0 records out
10485760 bytes (10 MB, 10 MiB) copied, 0.391677 s, 26.8 MB/s
root@salvator-x:~# 
root@salvator-x:~# dd if=/dev/sda1 of=testdata_bbb bs=1024K count=10
10+0 records in
10+0 records out
10485760 bytes (10 MB, 10 MiB) copied, 0.288152 s, 36.4 MB/s
root@salvator-x:~# 
root@salvator-x:~# mv testdata_bbb testdata_aaa
root@salvator-x:~# 
root@salvator-x:~# dd if=testdata_aaa of=/dev/sda1 bs=1024K count=10
10+0 records in
10+0 records out
10485760 bytes (10 MB, 10 MiB) copied, 0.352002 s, 29.8 MB/s
root@salvator-x:~# 
root@salvator-x:~# dd if=/dev/sda1 of=testdata_bbb bs=1024K count=10
10+0 records in
10+0 records out
10485760 bytes (10 MB, 10 MiB) copied, 0.254489 s, 41.2 MB/s
root@salvator-x:~# 
root@salvator-x:~# mv testdata_bbb testdata_aaa
root@salvator-x:~# 
root@salvator-x:~# dd if=testdata_aaa of=/dev/sda1 bs=1024K count=10
10+0 records in
10+0 records out
10485760 bytes (10 MB, 10 MiB) copied, 0.364574 s, 28.8 MB/s
root@salvator-x:~# 
root@salvator-x:~# dd if=/dev/sda1 of=testdata_bbb bs=1024K count=10
10+0 records in
10+0 records out
10485760 bytes (10 MB, 10 MiB) copied, 0.308765 s, 34.0 MB/s
root@salvator-x:~# 
root@salvator-x:~# mv testdata_bbb testdata_aaa
root@salvator-x:~# 
root@salvator-x:~# dd if=testdata_aaa of=/dev/sda1 bs=1024K count=10
10+0 records in
10+0 records out
10485760 bytes (10 MB, 10 MiB) copied, 0.232554 s, 45.1 MB/s
root@salvator-x:~# 
root@salvator-x:~# dd if=/dev/sda1 of=testdata_bbb bs=1024K count=10
10+0 records in
10+0 records out
10485760 bytes (10 MB, 10 MiB) copied, 0.283159 s, 37.0 MB/s
root@salvator-x:~# 
root@salvator-x:~# mv testdata_bbb testdata_aaa
root@salvator-x:~# 
root@salvator-x:~# dd if=testdata_aaa of=/dev/sda1 bs=1024K count=10
10+0 records in
10+0 records out
10485760 bytes (10 MB, 10 MiB) copied, 0.348953 s, 30.0 MB/s
root@salvator-x:~# 
root@salvator-x:~# dd if=/dev/sda1 of=testdata_bbb bs=1024K count=10
10+0 records in
10+0 records out
10485760 bytes (10 MB, 10 MiB) copied, 0.322648 s, 32.5 MB/s
root@salvator-x:~# 
root@salvator-x:~# mv testdata_bbb testdata_aaa
root@salvator-x:~# 
root@salvator-x:~# dd if=testdata_aaa of=/dev/sda1 bs=1024K count=10
10+0 records in
10+0 records out
10485760 bytes (10 MB, 10 MiB) copied, 0.260612 s, 40.2 MB/s
root@salvator-x:~# 
root@salvator-x:~# dd if=/dev/sda1 of=testdata_bbb bs=1024K count=10
10+0 records in
10+0 records out
10485760 bytes (10 MB, 10 MiB) copied, 0.211897 s, 49.5 MB/s
root@salvator-x:~# 
root@salvator-x:~# mv testdata_bbb testdata_aaa
root@salvator-x:~# 
root@salvator-x:~# dd if=testdata_aaa of=/dev/sda1 bs=1024K count=10
10+0 records in
10+0 records out
10485760 bytes (10 MB, 10 MiB) copied, 0.360681 s, 29.1 MB/s
root@salvator-x:~# 
root@salvator-x:~# dd if=/dev/sda1 of=testdata_bbb bs=1024K count=10
10+0 records in
10+0 records out
10485760 bytes (10 MB, 10 MiB) copied, 0.282159 s, 37.2 MB/s
root@salvator-x:~# 
root@salvator-x:~# mv testdata_bbb testdata_aaa
root@salvator-x:~# 
root@salvator-x:~# dd if=testdata_aaa of=/dev/sda1 bs=1024K count=10
10+0 records in
10+0 records out
10485760 bytes (10 MB, 10 MiB) copied, 0.309224 s, 33.9 MB/s
root@salvator-x:~# 
root@salvator-x:~# dd if=/dev/sda1 of=testdata_bbb bs=1024K count=10
10+0 records in
10+0 records out
10485760 bytes (10 MB, 10 MiB) copied, 0.237634 s, 44.1 MB/s
root@salvator-x:~# 
root@salvator-x:~# mv testdata_bbb testdata_aaa
root@salvator-x:~# 
root@salvator-x:~# dd if=testdata_aaa of=/dev/sda1 bs=1024K count=10
10+0 records in
10+0 records out
10485760 bytes (10 MB, 10 MiB) copied, 0.28908 s, 36.3 MB/s
root@salvator-x:~# 
root@salvator-x:~# dd if=/dev/sda1 of=testdata_bbb bs=1024K count=10
10+0 records in
10+0 records out
10485760 bytes (10 MB, 10 MiB) copied, 0.302083 s, 34.7 MB/s
root@salvator-x:~# 
root@salvator-x:~# mv testdata_bbb testdata_aaa
root@salvator-x:~# 
root@salvator-x:~# dd if=testdata_aaa of=/dev/sda1 bs=1024K count=10
10+0 records in
10+0 records out
10485760 bytes (10 MB, 10 MiB) copied, 0.365653 s, 28.7 MB/s
root@salvator-x:~# 
root@salvator-x:~# dd if=/dev/sda1 of=testdata_bbb bs=1024K count=10
10+0 records in
10+0 records out
10485760 bytes (10 MB, 10 MiB) copied, 0.33283 s, 31.5 MB/s
root@salvator-x:~# 
root@salvator-x:~# mv testdata_bbb testdata_aaa
root@salvator-x:~# 
root@salvator-x:~# dd if=testdata_aaa of=/dev/sda1 bs=1024K count=10
10+0 records in
10+0 records out
10485760 bytes (10 MB, 10 MiB) copied, 0.345812 s, 30.3 MB/s
root@salvator-x:~# 
root@salvator-x:~# dd if=/dev/sda1 of=testdata_bbb bs=1024K count=10
10+0 records in
10+0 records out
10485760 bytes (10 MB, 10 MiB) copied, 0.390336 s, 26.9 MB/s
root@salvator-x:~# 
root@salvator-x:~# mv testdata_bbb testdata_aaa
root@salvator-x:~# 
root@salvator-x:~# dd if=testdata_aaa of=/dev/sda1 bs=1024K count=10
10+0 records in
10+0 records out
10485760 bytes (10 MB, 10 MiB) copied, 0.409273 s, 25.6 MB/s
root@salvator-x:~# 
root@salvator-x:~# dd if=/dev/sda1 of=testdata_bbb bs=1024K count=10
10+0 records in
10+0 records out
10485760 bytes (10 MB, 10 MiB) copied, 0.431121 s, 24.3 MB/s
root@salvator-x:~# 
root@salvator-x:~# mv testdata_bbb testdata_aaa
root@salvator-x:~# 
root@salvator-x:~# dd if=testdata_aaa of=/dev/sda1 bs=1024K count=10
10+0 records in
10+0 records out
10485760 bytes (10 MB, 10 MiB) copied, 0.256097 s, 40.9 MB/s
root@salvator-x:~# 
root@salvator-x:~# dd if=/dev/sda1 of=testdata_bbb bs=1024K count=10
10+0 records in
10+0 records out
10485760 bytes (10 MB, 10 MiB) copied, 0.305559 s, 34.3 MB/s
root@salvator-x:~# 
root@salvator-x:~# mv testdata_bbb testdata_aaa
root@salvator-x:~# 
root@salvator-x:~# dd if=testdata_aaa of=/dev/sda1 bs=1024K count=10
10+0 records in
10+0 records out
10485760 bytes (10 MB, 10 MiB) copied, 0.280653 s, 37.4 MB/s
root@salvator-x:~# 
root@salvator-x:~# dd if=/dev/sda1 of=testdata_bbb bs=1024K count=10
10+0 records in
10+0 records out
10485760 bytes (10 MB, 10 MiB) copied, 0.257804 s, 40.7 MB/s
root@salvator-x:~# 
root@salvator-x:~# mv testdata_bbb testdata_aaa
root@salvator-x:~# 
root@salvator-x:~# dd if=testdata_aaa of=/dev/sda1 bs=1024K count=10
10+0 records in
10+0 records out
10485760 bytes (10 MB, 10 MiB) copied, 0.21916 s, 47.8 MB/s
root@salvator-x:~# 
root@salvator-x:~# dd if=/dev/sda1 of=testdata_bbb bs=1024K count=10
10+0 records in
10+0 records out
10485760 bytes (10 MB, 10 MiB) copied, 0.335457 s, 31.3 MB/s
root@salvator-x:~# 
root@salvator-x:~# mv testdata_bbb testdata_aaa
root@salvator-x:~# 
root@salvator-x:~# dd if=testdata_aaa of=/dev/sda1 bs=1024K count=10
10+0 records in
10+0 records out
10485760 bytes (10 MB, 10 MiB) copied, 0.315158 s, 33.3 MB/s
root@salvator-x:~# 
root@salvator-x:~# dd if=/dev/sda1 of=testdata_bbb bs=1024K count=10
10+0 records in
10+0 records out
10485760 bytes (10 MB, 10 MiB) copied, 0.397184 s, 26.4 MB/s
root@salvator-x:~# 
root@salvator-x:~# mv testdata_bbb testdata_aaa
root@salvator-x:~# 
root@salvator-x:~# dd if=testdata_aaa of=/dev/sda1 bs=1024K count=10
10+0 records in
10+0 records out
10485760 bytes (10 MB, 10 MiB) copied, 0.325041 s, 32.3 MB/s
root@salvator-x:~# 
root@salvator-x:~# dd if=/dev/sda1 of=testdata_bbb bs=1024K count=10
10+0 records in
10+0 records out
10485760 bytes (10 MB, 10 MiB) copied, 0.269326 s, 38.9 MB/s
root@salvator-x:~# 
root@salvator-x:~# mv testdata_bbb testdata_aaa
root@salvator-x:~# 
root@salvator-x:~# dd if=testdata_aaa of=/dev/sda1 bs=1024K count=10
10+0 records in
10+0 records out
10485760 bytes (10 MB, 10 MiB) copied, 0.381025 s, 27.5 MB/s
root@salvator-x:~# 
root@salvator-x:~# dd if=/dev/sda1 of=testdata_bbb bs=1024K count=10
10+0 records in
10+0 records out
10485760 bytes (10 MB, 10 MiB) copied, 0.347644 s, 30.2 MB/s
root@salvator-x:~# 
root@salvator-x:~# mv testdata_bbb testdata_aaa
root@salvator-x:~# 
root@salvator-x:~# dd if=testdata_aaa of=/dev/sda1 bs=1024K count=10
10+0 records in
10+0 records out
10485760 bytes (10 MB, 10 MiB) copied, 0.313759 s, 33.4 MB/s
root@salvator-x:~# 
root@salvator-x:~# dd if=/dev/sda1 of=testdata_bbb bs=1024K count=10
10+0 records in
10+0 records out
10485760 bytes (10 MB, 10 MiB) copied, 0.475067 s, 22.1 MB/s
root@salvator-x:~# 
root@salvator-x:~# mv testdata_bbb testdata_aaa
root@salvator-x:~# 
root@salvator-x:~# dd if=testdata_aaa of=/dev/sda1 bs=1024K count=10
10+0 records in
10+0 records out
10485760 bytes (10 MB, 10 MiB) copied, 0.281502 s, 37.2 MB/s
root@salvator-x:~# 
root@salvator-x:~# dd if=/dev/sda1 of=testdata_bbb bs=1024K count=10
10+0 records in
10+0 records out
10485760 bytes (10 MB, 10 MiB) copied, 0.326888 s, 32.1 MB/s
root@salvator-x:~# 
root@salvator-x:~# mv testdata_bbb testdata_aaa
root@salvator-x:~# 
root@salvator-x:~# dd if=testdata_aaa of=/dev/sda1 bs=1024K count=10
10+0 records in
10+0 records out
10485760 bytes (10 MB, 10 MiB) copied, 0.318862 s, 32.9 MB/s
root@salvator-x:~# 
root@salvator-x:~# dd if=/dev/sda1 of=testdata_bbb bs=1024K count=10
10+0 records in
10+0 records out
10485760 bytes (10 MB, 10 MiB) copied, 0.334233 s, 31.4 MB/s
root@salvator-x:~# 
root@salvator-x:~# mv testdata_bbb testdata_aaa
root@salvator-x:~# 
root@salvator-x:~# dd if=testdata_aaa of=/dev/sda1 bs=1024K count=10
10+0 records in
10+0 records out
10485760 bytes (10 MB, 10 MiB) copied, 0.413721 s, 25.3 MB/s
root@salvator-x:~# 
root@salvator-x:~# dd if=/dev/sda1 of=testdata_bbb bs=1024K count=10
10+0 records in
10+0 records out
10485760 bytes (10 MB, 10 MiB) copied, 0.257139 s, 40.8 MB/s
root@salvator-x:~# 
root@salvator-x:~# mv testdata_bbb testdata_aaa
root@salvator-x:~# 
root@salvator-x:~# dd if=testdata_aaa of=/dev/sda1 bs=1024K count=10
10+0 records in
10+0 records out
10485760 bytes (10 MB, 10 MiB) copied, 0.304598 s, 34.4 MB/s
root@salvator-x:~# 
root@salvator-x:~# dd if=/dev/sda1 of=testdata_bbb bs=1024K count=10
10+0 records in
10+0 records out
10485760 bytes (10 MB, 10 MiB) copied, 0.245054 s, 42.8 MB/s
root@salvator-x:~# 
root@salvator-x:~# mv testdata_bbb testdata_aaa
root@salvator-x:~# 
root@salvator-x:~# dd if=testdata_aaa of=/dev/sda1 bs=1024K count=10
10+0 records in
10+0 records out
10485760 bytes (10 MB, 10 MiB) copied, 1.45776 s, 7.2 MB/s
root@salvator-x:~# 
root@salvator-x:~# dd if=/dev/sda1 of=testdata_bbb bs=1024K count=10
10+0 records in
10+0 records out
10485760 bytes (10 MB, 10 MiB) copied, 0.299881 s, 35.0 MB/s
root@salvator-x:~# 
root@salvator-x:~# mv testdata_bbb testdata_aaa
root@salvator-x:~# 
root@salvator-x:~# dd if=testdata_aaa of=/dev/sda1 bs=1024K count=10
10+0 records in
10+0 records out
10485760 bytes (10 MB, 10 MiB) copied, 0.263638 s, 39.8 MB/s
root@salvator-x:~# 
root@salvator-x:~# dd if=/dev/sda1 of=testdata_bbb bs=1024K count=10
10+0 records in
10+0 records out
10485760 bytes (10 MB, 10 MiB) copied, 0.404726 s, 25.9 MB/s
root@salvator-x:~# 
root@salvator-x:~# mv testdata_bbb testdata_aaa
root@salvator-x:~# 
root@salvator-x:~# dd if=testdata_aaa of=/dev/sda1 bs=1024K count=10
10+0 records in
10+0 records out
10485760 bytes (10 MB, 10 MiB) copied, 0.306866 s, 34.2 MB/s
root@salvator-x:~# 
root@salvator-x:~# dd if=/dev/sda1 of=testdata_bbb bs=1024K count=10
10+0 records in
10+0 records out
10485760 bytes (10 MB, 10 MiB) copied, 0.351006 s, 29.9 MB/s
root@salvator-x:~# 
root@salvator-x:~# mv testdata_bbb testdata_aaa
root@salvator-x:~# 
root@salvator-x:~# dd if=testdata_aaa of=/dev/sda1 bs=1024K count=10
10+0 records in
10+0 records out
10485760 bytes (10 MB, 10 MiB) copied, 0.331449 s, 31.6 MB/s
root@salvator-x:~# 
root@salvator-x:~# dd if=/dev/sda1 of=testdata_bbb bs=1024K count=10
10+0 records in
10+0 records out
10485760 bytes (10 MB, 10 MiB) copied, 0.351767 s, 29.8 MB/s
root@salvator-x:~# 
root@salvator-x:~# mv testdata_bbb testdata_aaa
root@salvator-x:~# 
root@salvator-x:~# dd if=testdata_aaa of=/dev/sda1 bs=1024K count=10
10+0 records in
10+0 records out
10485760 bytes (10 MB, 10 MiB) copied, 0.383329 s, 27.4 MB/s
root@salvator-x:~# 
root@salvator-x:~# dd if=/dev/sda1 of=testdata_bbb bs=1024K count=10
10+0 records in
10+0 records out
10485760 bytes (10 MB, 10 MiB) copied, 0.21833 s, 48.0 MB/s
root@salvator-x:~# 
root@salvator-x:~# mv testdata_bbb testdata_aaa
root@salvator-x:~# 
root@salvator-x:~# dd if=testdata_aaa of=/dev/sda1 bs=1024K count=10
10+0 records in
10+0 records out
10485760 bytes (10 MB, 10 MiB) copied, 0.261255 s, 40.1 MB/s
root@salvator-x:~# 
root@salvator-x:~# dd if=/dev/sda1 of=testdata_bbb bs=1024K count=10
10+0 records in
10+0 records out
10485760 bytes (10 MB, 10 MiB) copied, 0.278419 s, 37.7 MB/s
root@salvator-x:~# 
root@salvator-x:~# mv testdata_bbb testdata_aaa
root@salvator-x:~# 
root@salvator-x:~# dd if=testdata_aaa of=/dev/sda1 bs=1024K count=10
10+0 records in
10+0 records out
10485760 bytes (10 MB, 10 MiB) copied, 0.357747 s, 29.3 MB/s
root@salvator-x:~# 
root@salvator-x:~# dd if=/dev/sda1 of=testdata_bbb bs=1024K count=10
10+0 records in
10+0 records out
10485760 bytes (10 MB, 10 MiB) copied, 0.32598 s, 32.2 MB/s
root@salvator-x:~# 
root@salvator-x:~# mv testdata_bbb testdata_aaa
root@salvator-x:~# 
root@salvator-x:~# dd if=testdata_aaa of=/dev/sda1 bs=1024K count=10
10+0 records in
10+0 records out
10485760 bytes (10 MB, 10 MiB) copied, 0.307823 s, 34.1 MB/s
root@salvator-x:~# 
root@salvator-x:~# dd if=/dev/sda1 of=testdata_bbb bs=1024K count=10
10+0 records in
10+0 records out
10485760 bytes (10 MB, 10 MiB) copied, 0.361055 s, 29.0 MB/s
root@salvator-x:~# 
root@salvator-x:~# mv testdata_bbb testdata_aaa
root@salvator-x:~# 
root@salvator-x:~# dd if=testdata_aaa of=/dev/sda1 bs=1024K count=10
10+0 records in
10+0 records out
10485760 bytes (10 MB, 10 MiB) copied, 0.326605 s, 32.1 MB/s
root@salvator-x:~# 
root@salvator-x:~# dd if=/dev/sda1 of=testdata_bbb bs=1024K count=10
10+0 records in
10+0 records out
10485760 bytes (10 MB, 10 MiB) copied, 0.306444 s, 34.2 MB/s
root@salvator-x:~# 
root@salvator-x:~# mv testdata_bbb testdata_aaa
root@salvator-x:~# 
root@salvator-x:~# dd if=testdata_aaa of=/dev/sda1 bs=1024K count=10
10+0 records in
10+0 records out
10485760 bytes (10 MB, 10 MiB) copied, 0.318794 s, 32.9 MB/s
root@salvator-x:~# 
root@salvator-x:~# dd if=/dev/sda1 of=testdata_bbb bs=1024K count=10
10+0 records in
10+0 records out
10485760 bytes (10 MB, 10 MiB) copied, 0.237659 s, 44.1 MB/s
root@salvator-x:~# 
root@salvator-x:~# mv testdata_bbb testdata_aaa
root@salvator-x:~# 
root@salvator-x:~# dd if=testdata_aaa of=/dev/sda1 bs=1024K count=10
10+0 records in
10+0 records out
10485760 bytes (10 MB, 10 MiB) copied, 0.226463 s, 46.3 MB/s
root@salvator-x:~# 
root@salvator-x:~# dd if=/dev/sda1 of=testdata_bbb bs=1024K count=10
10+0 records in
10+0 records out
10485760 bytes (10 MB, 10 MiB) copied, 0.293183 s, 35.8 MB/s
root@salvator-x:~# 
root@salvator-x:~# mv testdata_bbb testdata_aaa
root@salvator-x:~# 
root@salvator-x:~# dd if=testdata_aaa of=/dev/sda1 bs=1024K count=10
10+0 records in
10+0 records out
10485760 bytes (10 MB, 10 MiB) copied, 0.325734 s, 32.2 MB/s
root@salvator-x:~# 
root@salvator-x:~# dd if=/dev/sda1 of=testdata_bbb bs=1024K count=10
10+0 records in
10+0 records out
10485760 bytes (10 MB, 10 MiB) copied, 0.301056 s, 34.8 MB/s
root@salvator-x:~# 
root@salvator-x:~# mv testdata_bbb testdata_aaa
root@salvator-x:~# 
root@salvator-x:~# dd if=testdata_aaa of=/dev/sda1 bs=1024K count=10
10+0 records in
10+0 records out
10485760 bytes (10 MB, 10 MiB) copied, 0.338919 s, 30.9 MB/s
root@salvator-x:~# 
root@salvator-x:~# dd if=/dev/sda1 of=testdata_bbb bs=1024K count=10
10+0 records in
10+0 records out
10485760 bytes (10 MB, 10 MiB) copied, 0.281506 s, 37.2 MB/s
root@salvator-x:~# 
root@salvator-x:~# mv testdata_bbb testdata_aaa
root@salvator-x:~# 
root@salvator-x:~# dd if=testdata_aaa of=/dev/sda1 bs=1024K count=10
10+0 records in
10+0 records out
10485760 bytes (10 MB, 10 MiB) copied, 0.285019 s, 36.8 MB/s
root@salvator-x:~# 
root@salvator-x:~# dd if=/dev/sda1 of=testdata_bbb bs=1024K count=10
10+0 records in
10+0 records out
10485760 bytes (10 MB, 10 MiB) copied, 0.309637 s, 33.9 MB/s
root@salvator-x:~# 
root@salvator-x:~# mv testdata_bbb testdata_aaa
root@salvator-x:~# 
root@salvator-x:~# dd if=testdata_aaa of=/dev/sda1 bs=1024K count=10
10+0 records in
10+0 records out
10485760 bytes (10 MB, 10 MiB) copied, 0.348144 s, 30.1 MB/s
root@salvator-x:~# 
root@salvator-x:~# dd if=/dev/sda1 of=testdata_bbb bs=1024K count=10
10+0 records in
10+0 records out
10485760 bytes (10 MB, 10 MiB) copied, 0.347977 s, 30.1 MB/s
root@salvator-x:~# 
root@salvator-x:~# mv testdata_bbb testdata_aaa
root@salvator-x:~# 
root@salvator-x:~# dd if=testdata_aaa of=/dev/sda1 bs=1024K count=10
10+0 records in
10+0 records out
10485760 bytes (10 MB, 10 MiB) copied, 0.286686 s, 36.6 MB/s
root@salvator-x:~# 
root@salvator-x:~# dd if=/dev/sda1 of=testdata_bbb bs=1024K count=10
10+0 records in
10+0 records out
10485760 bytes (10 MB, 10 MiB) copied, 0.315444 s, 33.2 MB/s
root@salvator-x:~# 
root@salvator-x:~# mv testdata_bbb testdata_aaa
root@salvator-x:~# 
root@salvator-x:~# dd if=testdata_aaa of=/dev/sda1 bs=1024K count=10
10+0 records in
10+0 records out
10485760 bytes (10 MB, 10 MiB) copied, 0.267969 s, 39.1 MB/s
root@salvator-x:~# 
root@salvator-x:~# dd if=/dev/sda1 of=testdata_bbb bs=1024K count=10
10+0 records in
10+0 records out
10485760 bytes (10 MB, 10 MiB) copied, 0.295099 s, 35.5 MB/s
root@salvator-x:~# 
root@salvator-x:~# mv testdata_bbb testdata_aaa
root@salvator-x:~# 
root@salvator-x:~# dd if=testdata_aaa of=/dev/sda1 bs=1024K count=10
10+0 records in
10+0 records out
10485760 bytes (10 MB, 10 MiB) copied, 0.266908 s, 39.3 MB/s
root@salvator-x:~# 
root@salvator-x:~# dd if=/dev/sda1 of=testdata_bbb bs=1024K count=10
10+0 records in
10+0 records out
10485760 bytes (10 MB, 10 MiB) copied, 0.311917 s, 33.6 MB/s
root@salvator-x:~# 
root@salvator-x:~# mv testdata_bbb testdata_aaa
root@salvator-x:~# 
root@salvator-x:~# dd if=testdata_aaa of=/dev/sda1 bs=1024K count=10
10+0 records in
10+0 records out
10485760 bytes (10 MB, 10 MiB) copied, 0.272993 s, 38.4 MB/s
root@salvator-x:~# 
root@salvator-x:~# dd if=/dev/sda1 of=testdata_bbb bs=1024K count=10
10+0 records in
10+0 records out
10485760 bytes (10 MB, 10 MiB) copied, 0.282267 s, 37.1 MB/s
root@salvator-x:~# 
root@salvator-x:~# mv testdata_bbb testdata_aaa
root@salvator-x:~# 
root@salvator-x:~# dd if=testdata_aaa of=/dev/sda1 bs=1024K count=10
10+0 records in
10+0 records out
10485760 bytes (10 MB, 10 MiB) copied, 0.461304 s, 22.7 MB/s
root@salvator-x:~# 
root@salvator-x:~# dd if=/dev/sda1 of=testdata_bbb bs=1024K count=10
10+0 records in
10+0 records out
10485760 bytes (10 MB, 10 MiB) copied, 0.204187 s, 51.4 MB/s
root@salvator-x:~# 
root@salvator-x:~# mv testdata_bbb testdata_aaa
root@salvator-x:~# 
root@salvator-x:~# dd if=testdata_aaa of=/dev/sda1 bs=1024K count=10
10+0 records in
10+0 records out
10485760 bytes (10 MB, 10 MiB) copied, 0.284789 s, 36.8 MB/s
root@salvator-x:~# 
root@salvator-x:~# dd if=/dev/sda1 of=testdata_bbb bs=1024K count=10
10+0 records in
10+0 records out
10485760 bytes (10 MB, 10 MiB) copied, 0.320544 s, 32.7 MB/s
root@salvator-x:~# 
root@salvator-x:~# mv testdata_bbb testdata_aaa
root@salvator-x:~# 
root@salvator-x:~# dd if=testdata_aaa of=/dev/sda1 bs=1024K count=10
10+0 records in
10+0 records out
10485760 bytes (10 MB, 10 MiB) copied, 0.381138 s, 27.5 MB/s
root@salvator-x:~# 
root@salvator-x:~# dd if=/dev/sda1 of=testdata_bbb bs=1024K count=10
10+0 records in
10+0 records out
10485760 bytes (10 MB, 10 MiB) copied, 0.283425 s, 37.0 MB/s
root@salvator-x:~# 
root@salvator-x:~# mv testdata_bbb testdata_aaa
root@salvator-x:~# 
root@salvator-x:~# dd if=testdata_aaa of=/dev/sda1 bs=1024K count=10
10+0 records in
10+0 records out
10485760 bytes (10 MB, 10 MiB) copied, 0.349364 s, 30.0 MB/s
root@salvator-x:~# 
root@salvator-x:~# dd if=/dev/sda1 of=testdata_bbb bs=1024K count=10
10+0 records in
10+0 records out
10485760 bytes (10 MB, 10 MiB) copied, 0.306472 s, 34.2 MB/s
root@salvator-x:~# 
root@salvator-x:~# mv testdata_bbb testdata_aaa
root@salvator-x:~# 
root@salvator-x:~# dd if=testdata_aaa of=/dev/sda1 bs=1024K count=10
10+0 records in
10+0 records out
10485760 bytes (10 MB, 10 MiB) copied, 0.334685 s, 31.3 MB/s
root@salvator-x:~# 
root@salvator-x:~# dd if=/dev/sda1 of=testdata_bbb bs=1024K count=10
10+0 records in
10+0 records out
10485760 bytes (10 MB, 10 MiB) copied, 0.272831 s, 38.4 MB/s
root@salvator-x:~# 
root@salvator-x:~# mv testdata_bbb testdata_aaa
root@salvator-x:~# 
root@salvator-x:~# dd if=testdata_aaa of=/dev/sda1 bs=1024K count=10
10+0 records in
10+0 records out
10485760 bytes (10 MB, 10 MiB) copied, 0.224969 s, 46.6 MB/s
root@salvator-x:~# 
root@salvator-x:~# dd if=/dev/sda1 of=testdata_bbb bs=1024K count=10
10+0 records in
10+0 records out
10485760 bytes (10 MB, 10 MiB) copied, 0.288328 s, 36.4 MB/s
root@salvator-x:~# 
root@salvator-x:~# mv testdata_bbb testdata_aaa
root@salvator-x:~# 
root@salvator-x:~# dd if=testdata_aaa of=/dev/sda1 bs=1024K count=10
10+0 records in
10+0 records out
10485760 bytes (10 MB, 10 MiB) copied, 1.51442 s, 6.9 MB/s
root@salvator-x:~# 
root@salvator-x:~# dd if=/dev/sda1 of=testdata_bbb bs=1024K count=10
10+0 records in
10+0 records out
10485760 bytes (10 MB, 10 MiB) copied, 0.26157 s, 40.1 MB/s
root@salvator-x:~# 
root@salvator-x:~# mv testdata_bbb testdata_aaa
root@salvator-x:~# 
root@salvator-x:~# dd if=testdata_aaa of=/dev/sda1 bs=1024K count=10
10+0 records in
10+0 records out
10485760 bytes (10 MB, 10 MiB) copied, 0.306177 s, 34.2 MB/s
root@salvator-x:~# 
root@salvator-x:~# dd if=/dev/sda1 of=testdata_bbb bs=1024K count=10
10+0 records in
10+0 records out
10485760 bytes (10 MB, 10 MiB) copied, 0.312625 s, 33.5 MB/s
root@salvator-x:~# 
root@salvator-x:~# mv testdata_bbb testdata_aaa
root@salvator-x:~# 
root@salvator-x:~# dd if=testdata_aaa of=/dev/sda1 bs=1024K count=10
10+0 records in
10+0 records out
10485760 bytes (10 MB, 10 MiB) copied, 0.357206 s, 29.4 MB/s
root@salvator-x:~# 
root@salvator-x:~# dd if=/dev/sda1 of=testdata_bbb bs=1024K count=10
10+0 records in
10+0 records out
10485760 bytes (10 MB, 10 MiB) copied, 0.297625 s, 35.2 MB/s
root@salvator-x:~# 
root@salvator-x:~# mv testdata_bbb testdata_aaa
root@salvator-x:~# 
root@salvator-x:~# dd if=testdata_aaa of=/dev/sda1 bs=1024K count=10
10+0 records in
10+0 records out
10485760 bytes (10 MB, 10 MiB) copied, 0.352959 s, 29.7 MB/s
root@salvator-x:~# 
root@salvator-x:~# dd if=/dev/sda1 of=testdata_bbb bs=1024K count=10
10+0 records in
10+0 records out
10485760 bytes (10 MB, 10 MiB) copied, 0.303645 s, 34.5 MB/s
root@salvator-x:~# 
root@salvator-x:~# mv testdata_bbb testdata_aaa
root@salvator-x:~# 
root@salvator-x:~# dd if=testdata_aaa of=/dev/sda1 bs=1024K count=10
10+0 records in
10+0 records out
10485760 bytes (10 MB, 10 MiB) copied, 0.221813 s, 47.3 MB/s
root@salvator-x:~# 
root@salvator-x:~# dd if=/dev/sda1 of=testdata_bbb bs=1024K count=10
10+0 records in
10+0 records out
10485760 bytes (10 MB, 10 MiB) copied, 0.300451 s, 34.9 MB/s
root@salvator-x:~# 
root@salvator-x:~# mv testdata_bbb testdata_aaa
root@salvator-x:~# 
root@salvator-x:~# dd if=testdata_aaa of=/dev/sda1 bs=1024K count=10
10+0 records in
10+0 records out
10485760 bytes (10 MB, 10 MiB) copied, 0.281219 s, 37.3 MB/s
root@salvator-x:~# 
root@salvator-x:~# dd if=/dev/sda1 of=testdata_bbb bs=1024K count=10
10+0 records in
10+0 records out
10485760 bytes (10 MB, 10 MiB) copied, 0.264304 s, 39.7 MB/s
root@salvator-x:~# 
root@salvator-x:~# mv testdata_bbb testdata_aaa
root@salvator-x:~# 
root@salvator-x:~# dd if=testdata_aaa of=/dev/sda1 bs=1024K count=10
10+0 records in
10+0 records out
10485760 bytes (10 MB, 10 MiB) copied, 0.409862 s, 25.6 MB/s
root@salvator-x:~# 
root@salvator-x:~# dd if=/dev/sda1 of=testdata_bbb bs=1024K count=10
10+0 records in
10+0 records out
10485760 bytes (10 MB, 10 MiB) copied, 0.266506 s, 39.3 MB/s
root@salvator-x:~# 
root@salvator-x:~# mv testdata_bbb testdata_aaa
root@salvator-x:~# 
root@salvator-x:~# dd if=testdata_aaa of=/dev/sda1 bs=1024K count=10
10+0 records in
10+0 records out
10485760 bytes (10 MB, 10 MiB) copied, 0.329008 s, 31.9 MB/s
root@salvator-x:~# 
root@salvator-x:~# dd if=/dev/sda1 of=testdata_bbb bs=1024K count=10
10+0 records in
10+0 records out
10485760 bytes (10 MB, 10 MiB) copied, 0.270914 s, 38.7 MB/s
root@salvator-x:~# 
root@salvator-x:~# mv testdata_bbb testdata_aaa
root@salvator-x:~# 
root@salvator-x:~# dd if=testdata_aaa of=/dev/sda1 bs=1024K count=10
10+0 records in
10+0 records out
10485760 bytes (10 MB, 10 MiB) copied, 0.325235 s, 32.2 MB/s
root@salvator-x:~# 
root@salvator-x:~# dd if=/dev/sda1 of=testdata_bbb bs=1024K count=10
10+0 records in
10+0 records out
10485760 bytes (10 MB, 10 MiB) copied, 0.238897 s, 43.9 MB/s
root@salvator-x:~# 
root@salvator-x:~# mv testdata_bbb testdata_aaa
root@salvator-x:~# 
root@salvator-x:~# dd if=testdata_aaa of=/dev/sda1 bs=1024K count=10
10+0 records in
10+0 records out
10485760 bytes (10 MB, 10 MiB) copied, 0.306203 s, 34.2 MB/s
root@salvator-x:~# 
root@salvator-x:~# dd if=/dev/sda1 of=testdata_bbb bs=1024K count=10
10+0 records in
10+0 records out
10485760 bytes (10 MB, 10 MiB) copied, 0.371253 s, 28.2 MB/s
root@salvator-x:~# 
root@salvator-x:~# mv testdata_bbb testdata_aaa
root@salvator-x:~# 
root@salvator-x:~# dd if=testdata_aaa of=/dev/sda1 bs=1024K count=10
10+0 records in
10+0 records out
10485760 bytes (10 MB, 10 MiB) copied, 0.367098 s, 28.6 MB/s
root@salvator-x:~# 
root@salvator-x:~# dd if=/dev/sda1 of=testdata_bbb bs=1024K count=10
10+0 records in
10+0 records out
10485760 bytes (10 MB, 10 MiB) copied, 0.29778 s, 35.2 MB/s
root@salvator-x:~# 
root@salvator-x:~# mv testdata_bbb testdata_aaa
root@salvator-x:~# 
root@salvator-x:~# dd if=testdata_aaa of=/dev/sda1 bs=1024K count=10
10+0 records in
10+0 records out
10485760 bytes (10 MB, 10 MiB) copied, 0.344672 s, 30.4 MB/s
root@salvator-x:~# 
root@salvator-x:~# dd if=/dev/sda1 of=testdata_bbb bs=1024K count=10
10+0 records in
10+0 records out
10485760 bytes (10 MB, 10 MiB) copied, 0.316577 s, 33.1 MB/s
root@salvator-x:~# 
root@salvator-x:~# mv testdata_bbb testdata_aaa
root@salvator-x:~# 
root@salvator-x:~# dd if=testdata_aaa of=/dev/sda1 bs=1024K count=10
10+0 records in
10+0 records out
10485760 bytes (10 MB, 10 MiB) copied, 0.394071 s, 26.6 MB/s
root@salvator-x:~# 
root@salvator-x:~# dd if=/dev/sda1 of=testdata_bbb bs=1024K count=10
10+0 records in
10+0 records out
10485760 bytes (10 MB, 10 MiB) copied, 0.311397 s, 33.7 MB/s
root@salvator-x:~# 
root@salvator-x:~# mv testdata_bbb testdata_aaa
root@salvator-x:~# 
root@salvator-x:~# dd if=testdata_aaa of=/dev/sda1 bs=1024K count=10
10+0 records in
10+0 records out
10485760 bytes (10 MB, 10 MiB) copied, 0.368566 s, 28.5 MB/s
root@salvator-x:~# 
root@salvator-x:~# dd if=/dev/sda1 of=testdata_bbb bs=1024K count=10
10+0 records in
10+0 records out
10485760 bytes (10 MB, 10 MiB) copied, 0.281888 s, 37.2 MB/s
root@salvator-x:~# 
root@salvator-x:~# mv testdata_bbb testdata_aaa
root@salvator-x:~# 
root@salvator-x:~# dd if=testdata_aaa of=/dev/sda1 bs=1024K count=10
10+0 records in
10+0 records out
10485760 bytes (10 MB, 10 MiB) copied, 0.378916 s, 27.7 MB/s
root@salvator-x:~# 
root@salvator-x:~# dd if=/dev/sda1 of=testdata_bbb bs=1024K count=10
10+0 records in
10+0 records out
10485760 bytes (10 MB, 10 MiB) copied, 0.333681 s, 31.4 MB/s
root@salvator-x:~# 
root@salvator-x:~# mv testdata_bbb testdata_aaa
root@salvator-x:~# 
root@salvator-x:~# dd if=testdata_aaa of=/dev/sda1 bs=1024K count=10
10+0 records in
10+0 records out
10485760 bytes (10 MB, 10 MiB) copied, 0.289194 s, 36.3 MB/s
root@salvator-x:~# 
root@salvator-x:~# dd if=/dev/sda1 of=testdata_bbb bs=1024K count=10
10+0 records in
10+0 records out
10485760 bytes (10 MB, 10 MiB) copied, 0.285433 s, 36.7 MB/s
root@salvator-x:~# 
root@salvator-x:~# mv testdata_bbb testdata_aaa
root@salvator-x:~# 
root@salvator-x:~# dd if=testdata_aaa of=/dev/sda1 bs=1024K count=10
10+0 records in
10+0 records out
10485760 bytes (10 MB, 10 MiB) copied, 0.364368 s, 28.8 MB/s
root@salvator-x:~# 
root@salvator-x:~# dd if=/dev/sda1 of=testdata_bbb bs=1024K count=10
10+0 records in
10+0 records out
10485760 bytes (10 MB, 10 MiB) copied, 0.342985 s, 30.6 MB/s
root@salvator-x:~# 
root@salvator-x:~# mv testdata_bbb testdata_aaa
root@salvator-x:~# 
root@salvator-x:~# dd if=testdata_aaa of=/dev/sda1 bs=1024K count=10
10+0 records in
10+0 records out
10485760 bytes (10 MB, 10 MiB) copied, 0.286957 s, 36.5 MB/s
root@salvator-x:~# 
root@salvator-x:~# dd if=/dev/sda1 of=testdata_bbb bs=1024K count=10
10+0 records in
10+0 records out
10485760 bytes (10 MB, 10 MiB) copied, 0.285765 s, 36.7 MB/s
root@salvator-x:~# 
root@salvator-x:~# mv testdata_bbb testdata_aaa
root@salvator-x:~# 
root@salvator-x:~# dd if=testdata_aaa of=/dev/sda1 bs=1024K count=10
10+0 records in
10+0 records out
10485760 bytes (10 MB, 10 MiB) copied, 0.349277 s, 30.0 MB/s
root@salvator-x:~# 
root@salvator-x:~# dd if=/dev/sda1 of=testdata_bbb bs=1024K count=10
10+0 records in
10+0 records out
10485760 bytes (10 MB, 10 MiB) copied, 0.238822 s, 43.9 MB/s
root@salvator-x:~# 
root@salvator-x:~# mv testdata_bbb testdata_aaa
root@salvator-x:~# 
root@salvator-x:~# dd if=testdata_aaa of=/dev/sda1 bs=1024K count=10
10+0 records in
10+0 records out
10485760 bytes (10 MB, 10 MiB) copied, 0.274801 s, 38.2 MB/s
root@salvator-x:~# 
root@salvator-x:~# dd if=/dev/sda1 of=testdata_bbb bs=1024K count=10
10+0 records in
10+0 records out
10485760 bytes (10 MB, 10 MiB) copied, 0.266493 s, 39.3 MB/s
root@salvator-x:~# 
root@salvator-x:~# mv testdata_bbb testdata_aaa
root@salvator-x:~# 
root@salvator-x:~# dd if=testdata_aaa of=/dev/sda1 bs=1024K count=10
10+0 records in
10+0 records out
10485760 bytes (10 MB, 10 MiB) copied, 0.291216 s, 36.0 MB/s
root@salvator-x:~# 
root@salvator-x:~# dd if=/dev/sda1 of=testdata_bbb bs=1024K count=10
10+0 records in
10+0 records out
10485760 bytes (10 MB, 10 MiB) copied, 0.255554 s, 41.0 MB/s
root@salvator-x:~# 
root@salvator-x:~# mv testdata_bbb testdata_aaa
root@salvator-x:~# 
root@salvator-x:~# dd if=testdata_aaa of=/dev/sda1 bs=1024K count=10
10+0 records in
10+0 records out
10485760 bytes (10 MB, 10 MiB) copied, 0.305191 s, 34.4 MB/s
root@salvator-x:~# 
root@salvator-x:~# dd if=/dev/sda1 of=testdata_bbb bs=1024K count=10
10+0 records in
10+0 records out
10485760 bytes (10 MB, 10 MiB) copied, 0.282283 s, 37.1 MB/s
root@salvator-x:~# 
root@salvator-x:~# mv testdata_bbb testdata_aaa
root@salvator-x:~# 
root@salvator-x:~# dd if=testdata_aaa of=/dev/sda1 bs=1024K count=10
10+0 records in
10+0 records out
10485760 bytes (10 MB, 10 MiB) copied, 0.39666 s, 26.4 MB/s
root@salvator-x:~# 
root@salvator-x:~# dd if=/dev/sda1 of=testdata_bbb bs=1024K count=10
10+0 records in
10+0 records out
10485760 bytes (10 MB, 10 MiB) copied, 0.20498 s, 51.2 MB/s
root@salvator-x:~# 
root@salvator-x:~# mv testdata_bbb testdata_aaa
root@salvator-x:~# 
root@salvator-x:~# dd if=testdata_aaa of=/dev/sda1 bs=1024K count=10
10+0 records in
10+0 records out
10485760 bytes (10 MB, 10 MiB) copied, 0.356692 s, 29.4 MB/s
root@salvator-x:~# 
root@salvator-x:~# dd if=/dev/sda1 of=testdata_bbb bs=1024K count=10
10+0 records in
10+0 records out
10485760 bytes (10 MB, 10 MiB) copied, 0.248763 s, 42.2 MB/s
root@salvator-x:~# 
root@salvator-x:~# mv testdata_bbb testdata_aaa
root@salvator-x:~# 
root@salvator-x:~# dd if=testdata_aaa of=/dev/sda1 bs=1024K count=10
10+0 records in
10+0 records out
10485760 bytes (10 MB, 10 MiB) copied, 0.347313 s, 30.2 MB/s
root@salvator-x:~# 
root@salvator-x:~# dd if=/dev/sda1 of=testdata_bbb bs=1024K count=10
10+0 records in
10+0 records out
10485760 bytes (10 MB, 10 MiB) copied, 0.336734 s, 31.1 MB/s
root@salvator-x:~# 
root@salvator-x:~# mv testdata_bbb testdata_aaa
root@salvator-x:~# 
root@salvator-x:~# dd if=testdata_aaa of=/dev/sda1 bs=1024K count=10
10+0 records in
10+0 records out
10485760 bytes (10 MB, 10 MiB) copied, 0.405432 s, 25.9 MB/s
root@salvator-x:~# 
root@salvator-x:~# dd if=/dev/sda1 of=testdata_bbb bs=1024K count=10
10+0 records in
10+0 records out
10485760 bytes (10 MB, 10 MiB) copied, 0.312219 s, 33.6 MB/s
root@salvator-x:~# 
root@salvator-x:~# mv testdata_bbb testdata_aaa
root@salvator-x:~# 
root@salvator-x:~# dd if=testdata_aaa of=/dev/sda1 bs=1024K count=10
10+0 records in
10+0 records out
10485760 bytes (10 MB, 10 MiB) copied, 0.290424 s, 36.1 MB/s
root@salvator-x:~# 
root@salvator-x:~# dd if=/dev/sda1 of=testdata_bbb bs=1024K count=10
10+0 records in
10+0 records out
10485760 bytes (10 MB, 10 MiB) copied, 0.317348 s, 33.0 MB/s
root@salvator-x:~# 
root@salvator-x:~# mv testdata_bbb testdata_aaa
root@salvator-x:~# 
root@salvator-x:~# dd if=testdata_aaa of=/dev/sda1 bs=1024K count=10
10+0 records in
10+0 records out
10485760 bytes (10 MB, 10 MiB) copied, 0.279905 s, 37.5 MB/s
root@salvator-x:~# 
root@salvator-x:~# dd if=/dev/sda1 of=testdata_bbb bs=1024K count=10
10+0 records in
10+0 records out
10485760 bytes (10 MB, 10 MiB) copied, 0.330382 s, 31.7 MB/s
root@salvator-x:~# 
root@salvator-x:~# mv testdata_bbb testdata_aaa
root@salvator-x:~# 
root@salvator-x:~# dd if=testdata_aaa of=/dev/sda1 bs=1024K count=10
10+0 records in
10+0 records out
10485760 bytes (10 MB, 10 MiB) copied, 0.378685 s, 27.7 MB/s
root@salvator-x:~# 
root@salvator-x:~# dd if=/dev/sda1 of=testdata_bbb bs=1024K count=10
10+0 records in
10+0 records out
10485760 bytes (10 MB, 10 MiB) copied, 0.328545 s, 31.9 MB/s
root@salvator-x:~# 
root@salvator-x:~# mv testdata_bbb testdata_aaa
root@salvator-x:~# 
root@salvator-x:~# dd if=testdata_aaa of=/dev/sda1 bs=1024K count=10
10+0 records in
10+0 records out
10485760 bytes (10 MB, 10 MiB) copied, 0.446996 s, 23.5 MB/s
root@salvator-x:~# 
root@salvator-x:~# dd if=/dev/sda1 of=testdata_bbb bs=1024K count=10
10+0 records in
10+0 records out
10485760 bytes (10 MB, 10 MiB) copied, 0.312842 s, 33.5 MB/s
root@salvator-x:~# 
root@salvator-x:~# mv testdata_bbb testdata_aaa
root@salvator-x:~# 
root@salvator-x:~# dd if=testdata_aaa of=/dev/sda1 bs=1024K count=10
10+0 records in
10+0 records out
10485760 bytes (10 MB, 10 MiB) copied, 1.61689 s, 6.5 MB/s
root@salvator-x:~# 
root@salvator-x:~# dd if=/dev/sda1 of=testdata_bbb bs=1024K count=10
10+0 records in
10+0 records out
10485760 bytes (10 MB, 10 MiB) copied, 0.291684 s, 35.9 MB/s
root@salvator-x:~# 
root@salvator-x:~# mv testdata_bbb testdata_aaa
root@salvator-x:~# 
root@salvator-x:~# dd if=testdata_aaa of=/dev/sda1 bs=1024K count=10
10+0 records in
10+0 records out
10485760 bytes (10 MB, 10 MiB) copied, 0.353337 s, 29.7 MB/s
root@salvator-x:~# 
root@salvator-x:~# dd if=/dev/sda1 of=testdata_bbb bs=1024K count=10
10+0 records in
10+0 records out
10485760 bytes (10 MB, 10 MiB) copied, 0.322548 s, 32.5 MB/s
root@salvator-x:~# 
root@salvator-x:~# mv testdata_bbb testdata_aaa
root@salvator-x:~# 
root@salvator-x:~# dd if=testdata_aaa of=/dev/sda1 bs=1024K count=10
10+0 records in
10+0 records out
10485760 bytes (10 MB, 10 MiB) copied, 0.276168 s, 38.0 MB/s
root@salvator-x:~# 
root@salvator-x:~# dd if=/dev/sda1 of=testdata_bbb bs=1024K count=10
10+0 records in
10+0 records out
10485760 bytes (10 MB, 10 MiB) copied, 0.301828 s, 34.7 MB/s
root@salvator-x:~# 
root@salvator-x:~# mv testdata_bbb testdata_aaa
root@salvator-x:~# 
root@salvator-x:~# dd if=testdata_aaa of=/dev/sda1 bs=1024K count=10
10+0 records in
10+0 records out
10485760 bytes (10 MB, 10 MiB) copied, 0.396728 s, 26.4 MB/s
root@salvator-x:~# 
root@salvator-x:~# dd if=/dev/sda1 of=testdata_bbb bs=1024K count=10
10+0 records in
10+0 records out
10485760 bytes (10 MB, 10 MiB) copied, 0.27171 s, 38.6 MB/s
root@salvator-x:~# 
root@salvator-x:~# mv testdata_bbb testdata_aaa
root@salvator-x:~# 
root@salvator-x:~# dd if=testdata_aaa of=/dev/sda1 bs=1024K count=10
10+0 records in
10+0 records out
10485760 bytes (10 MB, 10 MiB) copied, 0.372641 s, 28.1 MB/s
root@salvator-x:~# 
root@salvator-x:~# dd if=/dev/sda1 of=testdata_bbb bs=1024K count=10
10+0 records in
10+0 records out
10485760 bytes (10 MB, 10 MiB) copied, 0.255479 s, 41.0 MB/s
root@salvator-x:~# 
root@salvator-x:~# mv testdata_bbb testdata_aaa
root@salvator-x:~# 
root@salvator-x:~# dd if=testdata_aaa of=/dev/sda1 bs=1024K count=10
10+0 records in
10+0 records out
10485760 bytes (10 MB, 10 MiB) copied, 0.288989 s, 36.3 MB/s
root@salvator-x:~# 
root@salvator-x:~# dd if=/dev/sda1 of=testdata_bbb bs=1024K count=10
10+0 records in
10+0 records out
10485760 bytes (10 MB, 10 MiB) copied, 0.317698 s, 33.0 MB/s
root@salvator-x:~# 
root@salvator-x:~# mv testdata_bbb testdata_aaa
root@salvator-x:~# 
root@salvator-x:~# dd if=testdata_aaa of=/dev/sda1 bs=1024K count=10
10+0 records in
10+0 records out
10485760 bytes (10 MB, 10 MiB) copied, 0.317918 s, 33.0 MB/s
root@salvator-x:~# 
root@salvator-x:~# dd if=/dev/sda1 of=testdata_bbb bs=1024K count=10
10+0 records in
10+0 records out
10485760 bytes (10 MB, 10 MiB) copied, 0.285736 s, 36.7 MB/s
root@salvator-x:~# 
root@salvator-x:~# mv testdata_bbb testdata_aaa
root@salvator-x:~# 
root@salvator-x:~# dd if=testdata_aaa of=/dev/sda1 bs=1024K count=10
10+0 records in
10+0 records out
10485760 bytes (10 MB, 10 MiB) copied, 0.33355 s, 31.4 MB/s
root@salvator-x:~# 
root@salvator-x:~# dd if=/dev/sda1 of=testdata_bbb bs=1024K count=10
10+0 records in
10+0 records out
10485760 bytes (10 MB, 10 MiB) copied, 0.304979 s, 34.4 MB/s
root@salvator-x:~# 
root@salvator-x:~# mv testdata_bbb testdata_aaa
root@salvator-x:~# 
root@salvator-x:~# dd if=testdata_aaa of=/dev/sda1 bs=1024K count=10
10+0 records in
10+0 records out
10485760 bytes (10 MB, 10 MiB) copied, 0.326798 s, 32.1 MB/s
root@salvator-x:~# 
root@salvator-x:~# dd if=/dev/sda1 of=testdata_bbb bs=1024K count=10
10+0 records in
10+0 records out
10485760 bytes (10 MB, 10 MiB) copied, 0.24341 s, 43.1 MB/s
root@salvator-x:~# 
root@salvator-x:~# mv testdata_bbb testdata_aaa
root@salvator-x:~# 
root@salvator-x:~# dd if=testdata_aaa of=/dev/sda1 bs=1024K count=10
10+0 records in
10+0 records out
10485760 bytes (10 MB, 10 MiB) copied, 0.345095 s, 30.4 MB/s
root@salvator-x:~# 
root@salvator-x:~# dd if=/dev/sda1 of=testdata_bbb bs=1024K count=10
10+0 records in
10+0 records out
10485760 bytes (10 MB, 10 MiB) copied, 0.263568 s, 39.8 MB/s
root@salvator-x:~# 
root@salvator-x:~# mv testdata_bbb testdata_aaa
root@salvator-x:~# 
root@salvator-x:~# dd if=testdata_aaa of=/dev/sda1 bs=1024K count=10
10+0 records in
10+0 records out
10485760 bytes (10 MB, 10 MiB) copied, 0.407614 s, 25.7 MB/s
root@salvator-x:~# 
root@salvator-x:~# dd if=/dev/sda1 of=testdata_bbb bs=1024K count=10
10+0 records in
10+0 records out
10485760 bytes (10 MB, 10 MiB) copied, 0.251649 s, 41.7 MB/s
root@salvator-x:~# 
root@salvator-x:~# mv testdata_bbb testdata_aaa
root@salvator-x:~# 
root@salvator-x:~# dd if=testdata_aaa of=/dev/sda1 bs=1024K count=10
10+0 records in
10+0 records out
10485760 bytes (10 MB, 10 MiB) copied, 0.272933 s, 38.4 MB/s
root@salvator-x:~# 
root@salvator-x:~# dd if=/dev/sda1 of=testdata_bbb bs=1024K count=10
10+0 records in
10+0 records out
10485760 bytes (10 MB, 10 MiB) copied, 0.296585 s, 35.4 MB/s
root@salvator-x:~# 
root@salvator-x:~# mv testdata_bbb testdata_aaa
root@salvator-x:~# 
root@salvator-x:~# dd if=testdata_aaa of=/dev/sda1 bs=1024K count=10
10+0 records in
10+0 records out
10485760 bytes (10 MB, 10 MiB) copied, 0.341762 s, 30.7 MB/s
root@salvator-x:~# 
root@salvator-x:~# dd if=/dev/sda1 of=testdata_bbb bs=1024K count=10
10+0 records in
10+0 records out
10485760 bytes (10 MB, 10 MiB) copied, 0.243143 s, 43.1 MB/s
root@salvator-x:~# 
root@salvator-x:~# mv testdata_bbb testdata_aaa
root@salvator-x:~# 
root@salvator-x:~# dd if=testdata_aaa of=/dev/sda1 bs=1024K count=10
10+0 records in
10+0 records out
10485760 bytes (10 MB, 10 MiB) copied, 0.345647 s, 30.3 MB/s
root@salvator-x:~# 
root@salvator-x:~# dd if=/dev/sda1 of=testdata_bbb bs=1024K count=10
10+0 records in
10+0 records out
10485760 bytes (10 MB, 10 MiB) copied, 0.314108 s, 33.4 MB/s
root@salvator-x:~# 
root@salvator-x:~# mv testdata_bbb testdata_aaa
root@salvator-x:~# 
root@salvator-x:~# dd if=testdata_aaa of=/dev/sda1 bs=1024K count=10
10+0 records in
10+0 records out
10485760 bytes (10 MB, 10 MiB) copied, 0.393417 s, 26.7 MB/s
root@salvator-x:~# 
root@salvator-x:~# dd if=/dev/sda1 of=testdata_bbb bs=1024K count=10
10+0 records in
10+0 records out
10485760 bytes (10 MB, 10 MiB) copied, 0.315859 s, 33.2 MB/s
root@salvator-x:~# 
root@salvator-x:~# mv testdata_bbb testdata_aaa
root@salvator-x:~# 
root@salvator-x:~# dd if=testdata_aaa of=/dev/sda1 bs=1024K count=10
10+0 records in
10+0 records out
10485760 bytes (10 MB, 10 MiB) copied, 0.370791 s, 28.3 MB/s
root@salvator-x:~# 
root@salvator-x:~# dd if=/dev/sda1 of=testdata_bbb bs=1024K count=10
10+0 records in
10+0 records out
10485760 bytes (10 MB, 10 MiB) copied, 0.345369 s, 30.4 MB/s
root@salvator-x:~# 
root@salvator-x:~# mv testdata_bbb testdata_aaa
root@salvator-x:~# 
root@salvator-x:~# dd if=testdata_aaa of=/dev/sda1 bs=1024K count=10
10+0 records in
10+0 records out
10485760 bytes (10 MB, 10 MiB) copied, 0.330616 s, 31.7 MB/s
root@salvator-x:~# 
root@salvator-x:~# dd if=/dev/sda1 of=testdata_bbb bs=1024K count=10
10+0 records in
10+0 records out
10485760 bytes (10 MB, 10 MiB) copied, 0.271424 s, 38.6 MB/s
root@salvator-x:~# 
root@salvator-x:~# mv testdata_bbb testdata_aaa
root@salvator-x:~# 
root@salvator-x:~# dd if=testdata_aaa of=/dev/sda1 bs=1024K count=10
10+0 records in
10+0 records out
10485760 bytes (10 MB, 10 MiB) copied, 0.367583 s, 28.5 MB/s
root@salvator-x:~# 
root@salvator-x:~# dd if=/dev/sda1 of=testdata_bbb bs=1024K count=10
10+0 records in
10+0 records out
10485760 bytes (10 MB, 10 MiB) copied, 0.313528 s, 33.4 MB/s
root@salvator-x:~# 
root@salvator-x:~# mv testdata_bbb testdata_aaa
root@salvator-x:~# 
root@salvator-x:~# dd if=testdata_aaa of=/dev/sda1 bs=1024K count=10
10+0 records in
10+0 records out
10485760 bytes (10 MB, 10 MiB) copied, 0.295126 s, 35.5 MB/s
root@salvator-x:~# 
root@salvator-x:~# dd if=/dev/sda1 of=testdata_bbb bs=1024K count=10
10+0 records in
10+0 records out
10485760 bytes (10 MB, 10 MiB) copied, 0.240273 s, 43.6 MB/s
root@salvator-x:~# 
root@salvator-x:~# mv testdata_bbb testdata_aaa
root@salvator-x:~# 
root@salvator-x:~# dd if=testdata_aaa of=/dev/sda1 bs=1024K count=10
10+0 records in
10+0 records out
10485760 bytes (10 MB, 10 MiB) copied, 0.348321 s, 30.1 MB/s
root@salvator-x:~# 
root@salvator-x:~# dd if=/dev/sda1 of=testdata_bbb bs=1024K count=10
10+0 records in
10+0 records out
10485760 bytes (10 MB, 10 MiB) copied, 0.292434 s, 35.9 MB/s
root@salvator-x:~# 
root@salvator-x:~# mv testdata_bbb testdata_aaa
root@salvator-x:~# 
root@salvator-x:~# dd if=testdata_aaa of=/dev/sda1 bs=1024K count=10
10+0 records in
10+0 records out
10485760 bytes (10 MB, 10 MiB) copied, 0.373391 s, 28.1 MB/s
root@salvator-x:~# 
root@salvator-x:~# dd if=/dev/sda1 of=testdata_bbb bs=1024K count=10
10+0 records in
10+0 records out
10485760 bytes (10 MB, 10 MiB) copied, 0.30999 s, 33.8 MB/s
root@salvator-x:~# 
root@salvator-x:~# mv testdata_bbb testdata_aaa
root@salvator-x:~# 
root@salvator-x:~# dd if=testdata_aaa of=/dev/sda1 bs=1024K count=10
10+0 records in
10+0 records out
10485760 bytes (10 MB, 10 MiB) copied, 0.272326 s, 38.5 MB/s
root@salvator-x:~# 
root@salvator-x:~# dd if=/dev/sda1 of=testdata_bbb bs=1024K count=10
10+0 records in
10+0 records out
10485760 bytes (10 MB, 10 MiB) copied, 0.306827 s, 34.2 MB/s
root@salvator-x:~# 
root@salvator-x:~# mv testdata_bbb testdata_aaa
root@salvator-x:~# 
root@salvator-x:~# dd if=testdata_aaa of=/dev/sda1 bs=1024K count=10
10+0 records in
10+0 records out
10485760 bytes (10 MB, 10 MiB) copied, 0.328015 s, 32.0 MB/s
root@salvator-x:~# 
root@salvator-x:~# dd if=/dev/sda1 of=testdata_bbb bs=1024K count=10
10+0 records in
10+0 records out
10485760 bytes (10 MB, 10 MiB) copied, 0.340364 s, 30.8 MB/s
root@salvator-x:~# 
root@salvator-x:~# mv testdata_bbb testdata_aaa
root@salvator-x:~# 
root@salvator-x:~# dd if=testdata_aaa of=/dev/sda1 bs=1024K count=10
10+0 records in
10+0 records out
10485760 bytes (10 MB, 10 MiB) copied, 0.374552 s, 28.0 MB/s
root@salvator-x:~# 
root@salvator-x:~# dd if=/dev/sda1 of=testdata_bbb bs=1024K count=10
10+0 records in
10+0 records out
10485760 bytes (10 MB, 10 MiB) copied, 0.331757 s, 31.6 MB/s
root@salvator-x:~# 
root@salvator-x:~# mv testdata_bbb testdata_aaa
root@salvator-x:~# 
root@salvator-x:~# dd if=testdata_aaa of=/dev/sda1 bs=1024K count=10
10+0 records in
10+0 records out
10485760 bytes (10 MB, 10 MiB) copied, 0.345342 s, 30.4 MB/s
root@salvator-x:~# 
root@salvator-x:~# dd if=/dev/sda1 of=testdata_bbb bs=1024K count=10
10+0 records in
10+0 records out
10485760 bytes (10 MB, 10 MiB) copied, 0.316241 s, 33.2 MB/s
root@salvator-x:~# 
root@salvator-x:~# mv testdata_bbb testdata_aaa
root@salvator-x:~# 
root@salvator-x:~# dd if=testdata_aaa of=/dev/sda1 bs=1024K count=10
10+0 records in
10+0 records out
10485760 bytes (10 MB, 10 MiB) copied, 0.423358 s, 24.8 MB/s
root@salvator-x:~# 
root@salvator-x:~# dd if=/dev/sda1 of=testdata_bbb bs=1024K count=10
10+0 records in
10+0 records out
10485760 bytes (10 MB, 10 MiB) copied, 0.28701 s, 36.5 MB/s
root@salvator-x:~# 
root@salvator-x:~# mv testdata_bbb testdata_aaa
root@salvator-x:~# 
root@salvator-x:~# dd if=testdata_aaa of=/dev/sda1 bs=1024K count=10
10+0 records in
10+0 records out
10485760 bytes (10 MB, 10 MiB) copied, 0.28505 s, 36.8 MB/s
root@salvator-x:~# 
root@salvator-x:~# dd if=/dev/sda1 of=testdata_bbb bs=1024K count=10
10+0 records in
10+0 records out
10485760 bytes (10 MB, 10 MiB) copied, 0.278053 s, 37.7 MB/s
root@salvator-x:~# 
root@salvator-x:~# mv testdata_bbb testdata_aaa
root@salvator-x:~# 
root@salvator-x:~# dd if=testdata_aaa of=/dev/sda1 bs=1024K count=10
10+0 records in
10+0 records out
10485760 bytes (10 MB, 10 MiB) copied, 0.317928 s, 33.0 MB/s
root@salvator-x:~# 
root@salvator-x:~# dd if=/dev/sda1 of=testdata_bbb bs=1024K count=10
10+0 records in
10+0 records out
10485760 bytes (10 MB, 10 MiB) copied, 0.321339 s, 32.6 MB/s
root@salvator-x:~# 
root@salvator-x:~# mv testdata_bbb testdata_aaa
root@salvator-x:~# 
root@salvator-x:~# dd if=testdata_aaa of=/dev/sda1 bs=1024K count=10
10+0 records in
10+0 records out
10485760 bytes (10 MB, 10 MiB) copied, 0.27502 s, 38.1 MB/s
root@salvator-x:~# 
root@salvator-x:~# dd if=/dev/sda1 of=testdata_bbb bs=1024K count=10
10+0 records in
10+0 records out
10485760 bytes (10 MB, 10 MiB) copied, 0.279743 s, 37.5 MB/s
root@salvator-x:~# 
root@salvator-x:~# mv testdata_bbb testdata_aaa
root@salvator-x:~# 
root@salvator-x:~# dd if=testdata_aaa of=/dev/sda1 bs=1024K count=10
10+0 records in
10+0 records out
10485760 bytes (10 MB, 10 MiB) copied, 0.3699 s, 28.3 MB/s
root@salvator-x:~# 
root@salvator-x:~# dd if=/dev/sda1 of=testdata_bbb bs=1024K count=10
10+0 records in
10+0 records out
10485760 bytes (10 MB, 10 MiB) copied, 0.258498 s, 40.6 MB/s
root@salvator-x:~# 
root@salvator-x:~# mv testdata_bbb testdata_aaa
root@salvator-x:~# 
root@salvator-x:~# dd if=testdata_aaa of=/dev/sda1 bs=1024K count=10
10+0 records in
10+0 records out
10485760 bytes (10 MB, 10 MiB) copied, 0.897723 s, 11.7 MB/s
root@salvator-x:~# 
root@salvator-x:~# dd if=/dev/sda1 of=testdata_bbb bs=1024K count=10
10+0 records in
10+0 records out
10485760 bytes (10 MB, 10 MiB) copied, 0.348022 s, 30.1 MB/s
root@salvator-x:~# 
root@salvator-x:~# mv testdata_bbb testdata_aaa
root@salvator-x:~# 
root@salvator-x:~# dd if=testdata_aaa of=/dev/sda1 bs=1024K count=10
10+0 records in
10+0 records out
10485760 bytes (10 MB, 10 MiB) copied, 0.427238 s, 24.5 MB/s
root@salvator-x:~# 
root@salvator-x:~# dd if=/dev/sda1 of=testdata_bbb bs=1024K count=10
10+0 records in
10+0 records out
10485760 bytes (10 MB, 10 MiB) copied, 0.255646 s, 41.0 MB/s
root@salvator-x:~# 
root@salvator-x:~# mv testdata_bbb testdata_aaa
root@salvator-x:~# 
root@salvator-x:~# dd if=testdata_aaa of=/dev/sda1 bs=1024K count=10
10+0 records in
10+0 records out
10485760 bytes (10 MB, 10 MiB) copied, 0.389524 s, 26.9 MB/s
root@salvator-x:~# 
root@salvator-x:~# dd if=/dev/sda1 of=testdata_bbb bs=1024K count=10
10+0 records in
10+0 records out
10485760 bytes (10 MB, 10 MiB) copied, 0.297379 s, 35.3 MB/s
root@salvator-x:~# 
root@salvator-x:~# mv testdata_bbb testdata_aaa
root@salvator-x:~# 
root@salvator-x:~# dd if=testdata_aaa of=/dev/sda1 bs=1024K count=10
10+0 records in
10+0 records out
10485760 bytes (10 MB, 10 MiB) copied, 0.330911 s, 31.7 MB/s
root@salvator-x:~# 
root@salvator-x:~# dd if=/dev/sda1 of=testdata_bbb bs=1024K count=10
10+0 records in
10+0 records out
10485760 bytes (10 MB, 10 MiB) copied, 0.242316 s, 43.3 MB/s
root@salvator-x:~# 
root@salvator-x:~# mv testdata_bbb testdata_aaa
root@salvator-x:~# 
root@salvator-x:~# dd if=testdata_aaa of=/dev/sda1 bs=1024K count=10
10+0 records in
10+0 records out
10485760 bytes (10 MB, 10 MiB) copied, 0.285908 s, 36.7 MB/s
root@salvator-x:~# 
root@salvator-x:~# dd if=/dev/sda1 of=testdata_bbb bs=1024K count=10
10+0 records in
10+0 records out
10485760 bytes (10 MB, 10 MiB) copied, 0.257112 s, 40.8 MB/s
root@salvator-x:~# 
root@salvator-x:~# mv testdata_bbb testdata_aaa
root@salvator-x:~# 
root@salvator-x:~# dd if=testdata_aaa of=/dev/sda1 bs=1024K count=10
10+0 records in
10+0 records out
10485760 bytes (10 MB, 10 MiB) copied, 0.313893 s, 33.4 MB/s
root@salvator-x:~# 
root@salvator-x:~# dd if=/dev/sda1 of=testdata_bbb bs=1024K count=10
10+0 records in
10+0 records out
10485760 bytes (10 MB, 10 MiB) copied, 0.219799 s, 47.7 MB/s
root@salvator-x:~# 
root@salvator-x:~# mv testdata_bbb testdata_aaa
root@salvator-x:~# 
root@salvator-x:~# dd if=testdata_aaa of=/dev/sda1 bs=1024K count=10
10+0 records in
10+0 records out
10485760 bytes (10 MB, 10 MiB) copied, 0.346474 s, 30.3 MB/s
root@salvator-x:~# 
root@salvator-x:~# dd if=/dev/sda1 of=testdata_bbb bs=1024K count=10
10+0 records in
10+0 records out
10485760 bytes (10 MB, 10 MiB) copied, 0.26625 s, 39.4 MB/s
root@salvator-x:~# 
root@salvator-x:~# mv testdata_bbb testdata_aaa
root@salvator-x:~# 
root@salvator-x:~# dd if=testdata_aaa of=/dev/sda1 bs=1024K count=10
10+0 records in
10+0 records out
10485760 bytes (10 MB, 10 MiB) copied, 0.329134 s, 31.9 MB/s
root@salvator-x:~# 
root@salvator-x:~# dd if=/dev/sda1 of=testdata_bbb bs=1024K count=10
10+0 records in
10+0 records out
10485760 bytes (10 MB, 10 MiB) copied, 0.271579 s, 38.6 MB/s
root@salvator-x:~# 
root@salvator-x:~# mv testdata_bbb testdata_aaa
root@salvator-x:~# 
root@salvator-x:~# dd if=testdata_aaa of=/dev/sda1 bs=1024K count=10
10+0 records in
10+0 records out
10485760 bytes (10 MB, 10 MiB) copied, 0.405558 s, 25.9 MB/s
root@salvator-x:~# 
root@salvator-x:~# dd if=/dev/sda1 of=testdata_bbb bs=1024K count=10
10+0 records in
10+0 records out
10485760 bytes (10 MB, 10 MiB) copied, 0.272357 s, 38.5 MB/s
root@salvator-x:~# 
root@salvator-x:~# mv testdata_bbb testdata_aaa
root@salvator-x:~# 
root@salvator-x:~# dd if=testdata_aaa of=/dev/sda1 bs=1024K count=10
10+0 records in
10+0 records out
10485760 bytes (10 MB, 10 MiB) copied, 0.356303 s, 29.4 MB/s
root@salvator-x:~# 
root@salvator-x:~# dd if=/dev/sda1 of=testdata_bbb bs=1024K count=10
10+0 records in
10+0 records out
10485760 bytes (10 MB, 10 MiB) copied, 0.26954 s, 38.9 MB/s
root@salvator-x:~# 
root@salvator-x:~# mv testdata_bbb testdata_aaa
root@salvator-x:~# 
root@salvator-x:~# dd if=testdata_aaa of=/dev/sda1 bs=1024K count=10
10+0 records in
10+0 records out
10485760 bytes (10 MB, 10 MiB) copied, 0.360312 s, 29.1 MB/s
root@salvator-x:~# 
root@salvator-x:~# dd if=/dev/sda1 of=testdata_bbb bs=1024K count=10
10+0 records in
10+0 records out
10485760 bytes (10 MB, 10 MiB) copied, 0.318901 s, 32.9 MB/s
root@salvator-x:~# 
root@salvator-x:~# mv testdata_bbb testdata_aaa
root@salvator-x:~# 
root@salvator-x:~# dd if=testdata_aaa of=/dev/sda1 bs=1024K count=10
10+0 records in
10+0 records out
10485760 bytes (10 MB, 10 MiB) copied, 0.421454 s, 24.9 MB/s
root@salvator-x:~# 
root@salvator-x:~# dd if=/dev/sda1 of=testdata_bbb bs=1024K count=10
10+0 records in
10+0 records out
10485760 bytes (10 MB, 10 MiB) copied, 0.258604 s, 40.5 MB/s
root@salvator-x:~# 
root@salvator-x:~# mv testdata_bbb testdata_aaa
root@salvator-x:~# 
root@salvator-x:~# dd if=testdata_aaa of=/dev/sda1 bs=1024K count=10
10+0 records in
10+0 records out
10485760 bytes (10 MB, 10 MiB) copied, 0.345303 s, 30.4 MB/s
root@salvator-x:~# 
root@salvator-x:~# dd if=/dev/sda1 of=testdata_bbb bs=1024K count=10
10+0 records in
10+0 records out
10485760 bytes (10 MB, 10 MiB) copied, 0.317758 s, 33.0 MB/s
root@salvator-x:~# 
root@salvator-x:~# mv testdata_bbb testdata_aaa
root@salvator-x:~# 
root@salvator-x:~# dd if=testdata_aaa of=/dev/sda1 bs=1024K count=10
10+0 records in
10+0 records out
10485760 bytes (10 MB, 10 MiB) copied, 0.324463 s, 32.3 MB/s
root@salvator-x:~# 
root@salvator-x:~# dd if=/dev/sda1 of=testdata_bbb bs=1024K count=10
10+0 records in
10+0 records out
10485760 bytes (10 MB, 10 MiB) copied, 0.364132 s, 28.8 MB/s
root@salvator-x:~# 
root@salvator-x:~# mv testdata_bbb testdata_aaa
root@salvator-x:~# 
root@salvator-x:~# dd if=testdata_aaa of=/dev/sda1 bs=1024K count=10
10+0 records in
10+0 records out
10485760 bytes (10 MB, 10 MiB) copied, 0.376952 s, 27.8 MB/s
root@salvator-x:~# 
root@salvator-x:~# dd if=/dev/sda1 of=testdata_bbb bs=1024K count=10
10+0 records in
10+0 records out
10485760 bytes (10 MB, 10 MiB) copied, 0.318559 s, 32.9 MB/s
root@salvator-x:~# 
root@salvator-x:~# mv testdata_bbb testdata_aaa
root@salvator-x:~# 
root@salvator-x:~# dd if=testdata_aaa of=/dev/sda1 bs=1024K count=10
10+0 records in
10+0 records out
10485760 bytes (10 MB, 10 MiB) copied, 1.48872 s, 7.0 MB/s
root@salvator-x:~# 
