NOTICE:  BL2: R-Car Gen3 Initial Program Loader(CA57) Rev.4.0.0
NOTICE:  BL2: PRR is R-Car H3 Ver.3.0
NOTICE:  BL2: Board is Salvator-XS Rev.1.0
NOTICE:  BL2: Boot device is HyperFlash(160MHz)
NOTICE:  BL2: LCM state is CM
NOTICE:  AVS setting succeeded. DVFS_SetVID=0x53
NOTICE:  BL2: DDR3200(rev.0.42)
NOTICE:  BL2: [COLD_BOOT]
NOTICE:  BL2: DRAM Split is 4ch(DDR f)
NOTICE:  BL2: QoS is default setting(rev.0.11)
NOTICE:  BL2: DRAM refresh interval 1.95 usec
NOTICE:  BL2: Periodic Write DQ Training
NOTICE:  BL2: CH0: 400000000 - 47fffffff, 2 GiB
NOTICE:  BL2: CH1: 500000000 - 57fffffff, 2 GiB
NOTICE:  BL2: CH2: 600000000 - 67fffffff, 2 GiB
NOTICE:  BL2: CH3: 700000000 - 77fffffff, 2 GiB
NOTICE:  BL2: Lossy Decomp areas
NOTICE:       Entry 0: DCMPAREACRAx:0x80000540 DCMPAREACRBx:0x570
NOTICE:       Entry 1: DCMPAREACRAx:0x40000000 DCMPAREACRBx:0x0
NOTICE:       Entry 2: DCMPAREACRAx:0x20000000 DCMPAREACRBx:0x0
NOTICE:  BL2: FDT at 0xe6327f70
NOTICE:  BL2: v2.9(release):9cdb21f75
NOTICE:  BL2: Built : 03:23:42, Jan  8 2024
NOTICE:  BL2: Normal boot
NOTICE:  BL2: dst=0xe6327800 src=0x8180000 len=512(0x200)
NOTICE:  BL2: dst=0x43f00000 src=0x8180400 len=6144(0x1800)
NOTICE:  rcar_file_len: len: 0x0003e000
NOTICE:  BL2: dst=0x44000000 src=0x81c0000 len=253952(0x3e000)
NOTICE:  rcar_file_len: len: 0x00200000
NOTICE:  BL2: dst=0x44100000 src=0x8200000 len=2097152(0x200000)
NOTICE:  rcar_file_len: len: 0x00100000
NOTICE:  BL2: dst=0x50000000 src=0x8640000 len=1048576(0x100000)
NOTICE:  BL2: Booting BL31


U-Boot 2020.10 (Dec 20 2023 - 10:10:22 +0000)

CPU: Renesas Electronics R8A7795 rev 3.0
Model: Renesas Salvator-X 2nd version board based on r8a77951
DRAM:  7.9 GiB
RAM Configuration:
Bank #0: 0x048000000 - 0x0bfffffff, 1.9 GiB
Bank #1: 0x500000000 - 0x57fffffff, 2 GiB
Bank #2: 0x600000000 - 0x67fffffff, 2 GiB
Bank #3: 0x700000000 - 0x77fffffff, 2 GiB

MMC:   sd@ee100000: 0, sd@ee140000: 1, sd@ee160000: 2
Loading Environment from MMC... OK
In:    serial@e6e88000
Out:   serial@e6e88000
Err:   serial@e6e88000
Net:   eth0: ethernet@e6800000
Hit any key to stop autoboot:  2  1  0 
ethernet@e6800000 Waiting for PHY auto negotiation to complete......... done
Using ethernet@e6800000 device
TFTP from server 192.168.10.98; our IP address is 192.168.10.104
Filename 'BV/PT3/boot_USB3H/Image'.
Load address: 0x48080000
Loading: *#################################################################
	 #################################################################
	 #################################################################
	 #################################################################
	 #################################################################
	 #################################################################
	 #################################################################
	 #################################################################
	 #################################################################
	 #################################################################
	 #################################################################
	 #################################################################
	 #################################################################
	 #################################################################
	 #################################################################
	 #################################################################
	 #################################################################
	 #################################################################
	 #################################################################
	 #################################################################
	 #################################################################
	 #################################################################
	 #################################################################
	 #################################################################
	 #################################################################
	 #################################################################
	 #################################################################
	 #################################################################
	 #################################################################
	 #################################################################
	 #################################################################
	 #################################################################
	 #################################################################
	 #################################################################
	 ##############################################
	 4 MiB/s
done
Bytes transferred = 33112576 (1f94200 hex)
Using ethernet@e6800000 device
TFTP from server 192.168.10.98; our IP address is 192.168.10.104
Filename 'BV/PT3/boot_USB3H/r8a77951-salvator-xs.dtb'.
Load address: 0x48000000
Loading: *#######
	 4.6 MiB/s
done
Bytes transferred = 90876 (162fc hex)
Moving Image from 0x48080000 to 0x48200000, end=4a220000
## Flattened Device Tree blob at 48000000
   Booting using the fdt blob at 0x48000000
   Loading Device Tree to 0000000053fe6000, end 0000000053fff2fb ... OK

Starting kernel ...

[    0.000000] Booting Linux on physical CPU 0x0000000000 [0x411fd073]
[    0.000000] Linux version 5.10.194-yocto-standard (thuan.nguyen-hong@banvien) (aarch64-poky-linux-gcc (GCC) 9.3.0, GNU ld (GNU Binutils) 2.34.0.20200220) #13 SMP PREEMPT Sat Feb 3 10:27:40 UTC 2024
[    0.000000] Machine model: Renesas Salvator-X 2nd version board based on r8a77951
[    0.000000] efi: UEFI not found.
[    0.000000] Reserved memory: created CMA memory pool at 0x0000000057000000, size 16 MiB
[    0.000000] OF: reserved mem: initialized node linux,adsp@57000000, compatible id shared-dma-pool
[    0.000000] Reserved memory: created CMA memory pool at 0x0000000058000000, size 384 MiB
[    0.000000] OF: reserved mem: initialized node linux,cma@58000000, compatible id shared-dma-pool
[    0.000000] Reserved memory: created CMA memory pool at 0x0000000070000000, size 256 MiB
[    0.000000] OF: reserved mem: initialized node linux,multimedia@70000000, compatible id shared-dma-pool
[    0.000000] NUMA: No NUMA configuration found
[    0.000000] NUMA: Faking a node at [mem 0x0000000048000000-0x000000077fffffff]
[    0.000000] NUMA: NODE_DATA [mem 0x77efdab00-0x77efdcfff]
[    0.000000] Zone ranges:
[    0.000000]   DMA      [mem 0x0000000048000000-0x000000007fffffff]
[    0.000000]   DMA32    [mem 0x0000000080000000-0x00000000ffffffff]
[    0.000000]   Normal   [mem 0x0000000100000000-0x000000077fffffff]
[    0.000000] Movable zone start for each node
[    0.000000] Early memory node ranges
[    0.000000]   node   0: [mem 0x0000000048000000-0x0000000053ffffff]
[    0.000000]   node   0: [mem 0x0000000054000000-0x0000000056ffffff]
[    0.000000]   node   0: [mem 0x0000000057000000-0x00000000bfffffff]
[    0.000000]   node   0: [mem 0x0000000500000000-0x000000057fffffff]
[    0.000000]   node   0: [mem 0x0000000600000000-0x000000067fffffff]
[    0.000000]   node   0: [mem 0x0000000700000000-0x000000077fffffff]
[    0.000000] Initmem setup node 0 [mem 0x0000000048000000-0x000000077fffffff]
[    0.000000] psci: probing for conduit method from DT.
[    0.000000] psci: PSCIv1.1 detected in firmware.
[    0.000000] psci: Using standard PSCI v0.2 function IDs
[    0.000000] psci: Trusted OS resident on physical CPU 0x0
[    0.000000] psci: SMC Calling Convention v1.2
[    0.000000] percpu: Embedded 23 pages/cpu s56984 r8192 d29032 u94208
[    0.000000] Detected PIPT I-cache on CPU0
[    0.000000] CPU features: detected: EL2 vector hardening
[    0.000000] CPU features: detected: Spectre-v2
[    0.000000] CPU features: detected: ARM errata 1165522, 1319367, or 1530923
[    0.000000] CPU features: detected: Spectre-BHB
[    0.000000] CPU features: detected: ARM erratum 1742098
[    0.000000] Built 1 zonelists, mobility grouping on.  Total pages: 2032128
[    0.000000] Policy zone: Normal
[    0.000000] Kernel command line: rw root=/dev/nfs nfsroot=192.168.10.98:/data/tftpboot/BV/PT3/rootfs_H3,nfsvers=4 ip=192.168.10.104
[    0.000000] Dentry cache hash table entries: 1048576 (order: 11, 8388608 bytes, linear)
[    0.000000] Inode-cache hash table entries: 524288 (order: 10, 4194304 bytes, linear)
[    0.000000] mem auto-init: stack:off, heap alloc:off, heap free:off
[    0.000000] software IO TLB: mapped [mem 0x000000004ffe6000-0x0000000053fe6000] (64MB)
[    0.000000] Memory: 7277096K/8257536K available (15104K kernel code, 2832K rwdata, 8204K rodata, 6080K init, 519K bss, 308696K reserved, 671744K cma-reserved)
[    0.000000] SLUB: HWalign=64, Order=0-3, MinObjects=0, CPUs=8, Nodes=1
[    0.000000] rcu: Preemptible hierarchical RCU implementation.
[    0.000000] rcu: 	RCU event tracing is enabled.
[    0.000000] rcu: 	RCU restricting CPUs from NR_CPUS=256 to nr_cpu_ids=8.
[    0.000000] 	Trampoline variant of Tasks RCU enabled.
[    0.000000] rcu: RCU calculated value of scheduler-enlistment delay is 25 jiffies.
[    0.000000] rcu: Adjusting geometry for rcu_fanout_leaf=16, nr_cpu_ids=8
[    0.000000] NR_IRQS: 64, nr_irqs: 64, preallocated irqs: 0
[    0.000000] arch_timer: cp15 timer(s) running at 8.32MHz (virt).
[    0.000000] clocksource: arch_sys_counter: mask: 0xffffffffffffff max_cycles: 0x1eb398c07, max_idle_ns: 440795202503 ns
[    0.000003] sched_clock: 56 bits at 8MHz, resolution 120ns, wraps every 2199023255503ns
[    0.000208] Console: colour dummy device 80x25
[    0.000414] printk: console [tty0] enabled
[    0.000490] Calibrating delay loop (skipped), value calculated using timer frequency.. 16.64 BogoMIPS (lpj=33280)
[    0.000506] pid_max: default: 32768 minimum: 301
[    0.000566] LSM: Security Framework initializing
[    0.000656] Mount-cache hash table entries: 16384 (order: 5, 131072 bytes, linear)
[    0.000707] Mountpoint-cache hash table entries: 16384 (order: 5, 131072 bytes, linear)
[    0.002159] rcu: Hierarchical SRCU implementation.
[    0.003763] Detected Renesas R-Car Gen3 r8a7795 ES3.0
[    0.005913] EFI services will not be available.
[    0.006249] smp: Bringing up secondary CPUs ...
[    0.006708] Detected PIPT I-cache on CPU1
[    0.006759] CPU1: Booted secondary processor 0x0000000001 [0x411fd073]
[    0.007244] Detected PIPT I-cache on CPU2
[    0.007267] CPU2: Booted secondary processor 0x0000000002 [0x411fd073]
[    0.007689] Detected PIPT I-cache on CPU3
[    0.007710] CPU3: Booted secondary processor 0x0000000003 [0x411fd073]
[    0.008178] CPU features: detected: ARM erratum 845719
[    0.008192] Detected VIPT I-cache on CPU4
[    0.008239] CPU4: Booted secondary processor 0x0000000100 [0x410fd034]
[    0.008716] Detected VIPT I-cache on CPU5
[    0.008743] CPU5: Booted secondary processor 0x0000000101 [0x410fd034]
[    0.009184] Detected VIPT I-cache on CPU6
[    0.009210] CPU6: Booted secondary processor 0x0000000102 [0x410fd034]
[    0.009642] Detected VIPT I-cache on CPU7
[    0.009670] CPU7: Booted secondary processor 0x0000000103 [0x410fd034]
[    0.009748] smp: Brought up 1 node, 8 CPUs
[    0.009811] SMP: Total of 8 processors activated.
[    0.009819] CPU features: detected: 32-bit EL0 Support
[    0.009826] CPU features: detected: CRC32 instructions
[    0.009833] CPU features: detected: 32-bit EL1 Support
[    0.023024] CPU: All CPU(s) started at EL1
[    0.023077] alternatives: patching kernel code
[    0.024235] devtmpfs: initialized
[    0.030963] KASLR disabled due to lack of seed
[    0.031112] clocksource: jiffies: mask: 0xffffffff max_cycles: 0xffffffff, max_idle_ns: 7645041785100000 ns
[    0.031132] futex hash table entries: 2048 (order: 5, 131072 bytes, linear)
[    0.039799] pinctrl core: initialized pinctrl subsystem
[    0.041318] DMI not present or invalid.
[    0.041821] NET: Registered protocol family 16
[    0.042757] DMA: preallocated 1024 KiB GFP_KERNEL pool for atomic allocations
[    0.042954] DMA: preallocated 1024 KiB GFP_KERNEL|GFP_DMA pool for atomic allocations
[    0.043242] DMA: preallocated 1024 KiB GFP_KERNEL|GFP_DMA32 pool for atomic allocations
[    0.043281] audit: initializing netlink subsys (disabled)
[    0.043459] audit: type=2000 audit(0.040:1): state=initialized audit_enabled=0 res=1
[    0.044631] thermal_sys: Registered thermal governor 'power_allocator'
[    0.045154] cpuidle: using governor menu
[    0.045323] hw-breakpoint: found 6 breakpoint and 4 watchpoint registers.
[    0.045446] ASID allocator initialised with 65536 entries
[    0.046747] Serial: AMBA PL011 UART driver
[    0.089307] sh-pfc e6060000.pinctrl: r8a77951_pfc support registered
[    0.103968] HugeTLB registered 1.00 GiB page size, pre-allocated 0 pages
[    0.103982] HugeTLB registered 32.0 MiB page size, pre-allocated 0 pages
[    0.103990] HugeTLB registered 2.00 MiB page size, pre-allocated 0 pages
[    0.103997] HugeTLB registered 64.0 KiB page size, pre-allocated 0 pages
[    0.104962] cryptd: max_cpu_qlen set to 1000
[    0.107224] ACPI: Interpreter disabled.
[    0.111104] rcar-avs: use avs value: 0
[    0.111119] rcar-avs: cpu@0 is running with: opp_table0
[    0.111130] rcar-avs: cpu@1 is running with: opp_table0
[    0.111140] rcar-avs: cpu@2 is running with: opp_table0
[    0.111151] rcar-avs: cpu@3 is running with: opp_table0
[    0.111237] rcar-avs: gsx@fd000000 is running with: gsx_opp_table0
[    0.112663] iommu: Default domain type: Translated 
[    0.113243] ipmmu-vmsa e67b0000.iommu: IPMMU context 0 is reserved
[    0.114250] vgaarb: loaded
[    0.114449] SCSI subsystem initialized
[    0.114698] usbcore: registered new interface driver usbfs
[    0.114726] usbcore: registered new interface driver hub
[    0.114753] usbcore: registered new device driver usb
[    0.118244] i2c-sh_mobile e60b0000.i2c: I2C adapter 7, bus speed 400000 Hz
[    0.118794] mc: Linux media interface: v0.10
[    0.118816] videodev: Linux video capture interface: v2.00
[    0.118861] pps_core: LinuxPPS API ver. 1 registered
[    0.118868] pps_core: Software ver. 5.3.6 - Copyright 2005-2007 Rodolfo Giometti <giometti@linux.it>
[    0.118882] PTP clock support registered
[    0.119056] EDAC MC: Ver: 3.0.0
[    0.121045] FPGA manager framework
[    0.121103] Advanced Linux Sound Architecture Driver Initialized.
[    0.121661] clocksource: Switched to clocksource arch_sys_counter
[    0.121801] VFS: Disk quotas dquot_6.6.0
[    0.121846] VFS: Dquot-cache hash table entries: 512 (order 0, 4096 bytes)
[    0.121970] pnp: PnP ACPI: disabled
[    0.125468] NET: Registered protocol family 2
[    0.125886] IP idents hash table entries: 131072 (order: 8, 1048576 bytes, linear)
[    0.128132] tcp_listen_portaddr_hash hash table entries: 4096 (order: 4, 65536 bytes, linear)
[    0.128234] TCP established hash table entries: 65536 (order: 7, 524288 bytes, linear)
[    0.128516] TCP bind hash table entries: 65536 (order: 8, 1048576 bytes, linear)
[    0.129107] TCP: Hash tables configured (established 65536 bind 65536)
[    0.129227] UDP hash table entries: 4096 (order: 5, 131072 bytes, linear)
[    0.129343] UDP-Lite hash table entries: 4096 (order: 5, 131072 bytes, linear)
[    0.129566] NET: Registered protocol family 1
[    0.129933] RPC: Registered named UNIX socket transport module.
[    0.129942] RPC: Registered udp transport module.
[    0.129948] RPC: Registered tcp transport module.
[    0.129953] RPC: Registered tcp NFSv4.1 backchannel transport module.
[    0.129966] PCI: CLS 0 bytes, default 64
[    0.130902] hw perfevents: enabled with armv8_cortex_a53 PMU driver, 7 counters available
[    0.131180] hw perfevents: enabled with armv8_cortex_a57 PMU driver, 7 counters available
[    0.131820] kvm [1]: HYP mode not available
[    0.134744] Initialise system trusted keyrings
[    0.134881] workingset: timestamp_bits=42 max_order=21 bucket_order=0
[    0.137979] squashfs: version 4.0 (2009/01/31) Phillip Lougher
[    0.138378] NFS: Registering the id_resolver key type
[    0.138407] Key type id_resolver registered
[    0.138414] Key type id_legacy registered
[    0.138468] nfs4filelayout_init: NFSv4 File Layout Driver Registering...
[    0.138477] nfs4flexfilelayout_init: NFSv4 Flexfile Layout Driver Registering...
[    0.138581] 9p: Installing v9fs 9p2000 file system support
[    0.164992] Key type asymmetric registered
[    0.165004] Asymmetric key parser 'x509' registered
[    0.165039] Block layer SCSI generic (bsg) driver version 0.4 loaded (major 243)
[    0.165050] io scheduler mq-deadline registered
[    0.165059] io scheduler kyber registered
[    0.181184] gpio_rcar e6050000.gpio: driving 16 GPIOs
[    0.181467] gpio_rcar e6051000.gpio: driving 29 GPIOs
[    0.181729] gpio_rcar e6052000.gpio: driving 15 GPIOs
[    0.182032] gpio_rcar e6053000.gpio: driving 16 GPIOs
[    0.182296] gpio_rcar e6054000.gpio: driving 18 GPIOs
[    0.182589] gpio_rcar e6055000.gpio: driving 26 GPIOs
[    0.182924] gpio_rcar e6055400.gpio: driving 32 GPIOs
[    0.183248] gpio_rcar e6055800.gpio: driving 4 GPIOs
[    0.186182] rcar-pcie fe000000.pcie: host bridge /soc/pcie@fe000000 ranges:
[    0.186212] rcar-pcie fe000000.pcie:       IO 0x00fe100000..0x00fe1fffff -> 0x0000000000
[    0.186234] rcar-pcie fe000000.pcie:      MEM 0x00fe200000..0x00fe3fffff -> 0x00fe200000
[    0.186252] rcar-pcie fe000000.pcie:      MEM 0x0030000000..0x0037ffffff -> 0x0030000000
[    0.186266] rcar-pcie fe000000.pcie:      MEM 0x0038000000..0x003fffffff -> 0x0038000000
[    0.186283] rcar-pcie fe000000.pcie:   IB MEM 0x0040000000..0x007fffffff -> 0x0040000000
[    0.186332] rcar-pcie fe000000.pcie: no pcie3v3 regulator found
[    0.186343] rcar-pcie fe000000.pcie: no pcie1v8 regulator found
[    0.253377] rcar-pcie fe000000.pcie: PCIe link down
[    0.253577] rcar-pcie ee800000.pcie: host bridge /soc/pcie@ee800000 ranges:
[    0.253603] rcar-pcie ee800000.pcie:       IO 0x00ee900000..0x00ee9fffff -> 0x0000000000
[    0.253623] rcar-pcie ee800000.pcie:      MEM 0x00eea00000..0x00eebfffff -> 0x00eea00000
[    0.253641] rcar-pcie ee800000.pcie:      MEM 0x00c0000000..0x00c7ffffff -> 0x00c0000000
[    0.253669] rcar-pcie ee800000.pcie:      MEM 0x00c8000000..0x00cfffffff -> 0x00c8000000
[    0.253689] rcar-pcie ee800000.pcie:   IB MEM 0x0040000000..0x007fffffff -> 0x0040000000
[    0.253724] rcar-pcie ee800000.pcie: no pcie3v3 regulator found
[    0.253734] rcar-pcie ee800000.pcie: no pcie1v8 regulator found
[    0.413661] rcar-pcie ee800000.pcie: PCIe link down
[    0.416148] EINJ: ACPI disabled.
[    0.450203] Serial: 8250/16550 driver, 4 ports, IRQ sharing enabled
[    0.452640] SuperH (H)SCI(F) driver initialized
[    0.453075] e6550000.serial: ttySC1 at MMIO 0xe6550000 (irq = 42, base_baud = 0) is a hscif
[    0.453831] e6e88000.serial: ttySC0 at MMIO 0xe6e88000 (irq = 128, base_baud = 0) is a scif
[    1.658426] printk: console [ttySC0] enabled
[    1.663856] msm_serial: driver initialized
[    1.674234] rcar-dw-hdmi fead0000.hdmi: Detected HDMI TX controller v2.01a with HDCP (DWC HDMI 2.0 TX PHY)
[    1.684148] rcar-dw-hdmi fead0000.hdmi: registered DesignWare HDMI I2C bus driver
[    1.692413] rcar-dw-hdmi feae0000.hdmi: Detected HDMI TX controller v2.01a with HDCP (DWC HDMI 2.0 TX PHY)
[    1.702288] rcar-dw-hdmi feae0000.hdmi: registered DesignWare HDMI I2C bus driver
[    1.717874] loop: module loaded
[    1.722474] megasas: 07.714.04.00-rc1
[    1.728212] scsi host0: sata_rcar
[    1.731686] ata1: SATA max UDMA/133 irq 181
[    1.741067] tun: Universal TUN/TAP device driver, 1.6
[    1.747008] thunder_xcv, ver 1.0
[    1.750262] thunder_bgx, ver 1.0
[    1.753501] nicpf, ver 1.0
[    1.757618] hclge is initializing
[    1.760956] hns3: Hisilicon Ethernet Network Driver for Hip08 Family - version
[    1.768179] hns3: Copyright (c) 2017 Huawei Corporation.
[    1.773515] e1000: Intel(R) PRO/1000 Network Driver
[    1.778394] e1000: Copyright (c) 1999-2006 Intel Corporation.
[    1.784161] e1000e: Intel(R) PRO/1000 Network Driver
[    1.789126] e1000e: Copyright(c) 1999 - 2015 Intel Corporation.
[    1.795068] igb: Intel(R) Gigabit Ethernet Network Driver
[    1.800472] igb: Copyright (c) 2007-2014 Intel Corporation.
[    1.806060] igbvf: Intel(R) Gigabit Virtual Function Network Driver
[    1.812327] igbvf: Copyright (c) 2009 - 2012 Intel Corporation.
[    1.818666] sky2: driver version 1.30
[    1.826273] ravb e6800000.ethernet eth0: Base address at 0xe6800000, 2e:09:0a:03:84:20, IRQ 125.
[    1.836443] VFIO - User Level meta-driver version: 0.3
[    1.843598] ehci_hcd: USB 2.0 'Enhanced' Host Controller (EHCI) Driver
[    1.850144] ehci-pci: EHCI PCI platform driver
[    1.854607] ehci-platform: EHCI generic platform driver
[    1.860227] ehci-platform ee0a0100.usb: EHCI Host Controller
[    1.865907] ehci-platform ee0a0100.usb: new USB bus registered, assigned bus number 1
[    1.873810] ehci-platform ee0a0100.usb: irq 175, io mem 0xee0a0100
[    1.893671] ehci-platform ee0a0100.usb: USB 2.0 started, EHCI 1.10
[    1.900191] hub 1-0:1.0: USB hub found
[    1.903964] hub 1-0:1.0: 1 port detected
[    1.908380] ehci-platform ee0c0100.usb: EHCI Host Controller
[    1.914053] ehci-platform ee0c0100.usb: new USB bus registered, assigned bus number 2
[    1.921942] ehci-platform ee0c0100.usb: irq 176, io mem 0xee0c0100
[    1.941668] ehci-platform ee0c0100.usb: USB 2.0 started, EHCI 1.10
[    1.948142] hub 2-0:1.0: USB hub found
[    1.951912] hub 2-0:1.0: 1 port detected
[    1.981706] ehci-platform ee0e0100.usb: EHCI Host Controller
[    1.987381] ehci-platform ee0e0100.usb: new USB bus registered, assigned bus number 3
[    1.995270] ehci-platform ee0e0100.usb: irq 177, io mem 0xee0e0100
[    2.013668] ehci-platform ee0e0100.usb: USB 2.0 started, EHCI 1.10
[    2.020106] hub 3-0:1.0: USB hub found
[    2.023874] hub 3-0:1.0: 1 port detected
[    2.028255] ehci-orion: EHCI orion driver
[    2.032514] ehci-exynos: EHCI Exynos driver
[    2.036817] ohci_hcd: USB 1.1 'Open' Host Controller (OHCI) Driver
[    2.043015] ohci-pci: OHCI PCI platform driver
[    2.047498] ohci-platform: OHCI generic platform driver
[    2.053033] ohci-platform ee0a0000.usb: Generic Platform OHCI controller
[    2.059753] ohci-platform ee0a0000.usb: new USB bus registered, assigned bus number 4
[    2.067645] ohci-platform ee0a0000.usb: irq 175, io mem 0xee0a0000
[    2.149666] ata1: link resume succeeded after 1 retries
[    2.163938] hub 4-0:1.0: USB hub found
[    2.167708] hub 4-0:1.0: 1 port detected
[    2.172044] ohci-platform ee0c0000.usb: Generic Platform OHCI controller
[    2.178758] ohci-platform ee0c0000.usb: new USB bus registered, assigned bus number 5
[    2.186631] ohci-platform ee0c0000.usb: irq 176, io mem 0xee0c0000
[    2.261109] ata1: SATA link down (SStatus 0 SControl 300)
[    2.279927] hub 5-0:1.0: USB hub found
[    2.283694] hub 5-0:1.0: 1 port detected
[    2.288018] ohci-platform ee0e0000.usb: Generic Platform OHCI controller
[    2.294731] ohci-platform ee0e0000.usb: new USB bus registered, assigned bus number 6
[    2.302608] ohci-platform ee0e0000.usb: irq 177, io mem 0xee0e0000
[    2.395919] hub 6-0:1.0: USB hub found
[    2.399688] hub 6-0:1.0: 1 port detected
[    2.404038] ohci-exynos: OHCI Exynos driver
[    2.408484] usbcore: registered new interface driver usb-storage
[    2.416187] renesas_usbhs e6590000.usb: host probed
[    2.421081] renesas_usbhs e6590000.usb: no transceiver found
[    2.426806] renesas_usbhs e6590000.usb: gadget probed
[    2.432027] renesas_usbhs e6590000.usb: probed
[    2.436925] renesas_usbhs e659c000.usb: host probed
[    2.441824] renesas_usbhs e659c000.usb: no transceiver found
[    2.447541] renesas_usbhs e659c000.usb: gadget probed
[    2.452735] renesas_usbhs e659c000.usb: probed
[    2.459638] i2c /dev entries driver
[    2.474237] cs2000-cp 2-004f: revision - C1
[    2.478489] i2c-rcar e6510000.i2c: probed
[    2.483313] pca953x 4-0020: supply vcc not found, using dummy regulator
[    2.490019] pca953x 4-0020: using no AI
[    2.494667] gpio-355 (PCIE/SATA switch): hogged as output/low
[    2.506952] i2c-rcar e66d8000.i2c: probed
[    2.512259] adv748x 4-0070: Endpoint /soc/i2c@e66d8000/video-receiver@70/port@7/endpoint on port 7
[    2.521244] adv748x 4-0070: Endpoint /soc/i2c@e66d8000/video-receiver@70/port@8/endpoint on port 8
[    2.530215] adv748x 4-0070: Endpoint /soc/i2c@e66d8000/video-receiver@70/port@a/endpoint on port 10
[    2.539278] adv748x 4-0070: Endpoint /soc/i2c@e66d8000/video-receiver@70/port@b/endpoint on port 11
[    2.548661] adv748x 4-0070: chip found @ 0xe0 revision 2143
[    2.602253] rcar-csi2 fea80000.csi2: 1 lanes found
[    2.607403] rcar-csi2 feaa0000.csi2: 4 lanes found
[    2.616987] rcar-vin e6ef0000.video: Device registered as video0
[    2.623067] rcar-vin e6ef1000.video: Device registered as video1
[    2.629138] rcar-vin e6ef2000.video: Device registered as video2
[    2.635206] rcar-vin e6ef3000.video: Device registered as video3
[    2.641278] rcar-vin e6ef4000.video: Device registered as video4
[    2.647353] rcar-vin e6ef5000.video: Device registered as video5
[    2.653448] rcar-vin e6ef6000.video: Device registered as video6
[    2.659521] rcar-vin e6ef7000.video: Device registered as video7
[    2.668221] rcar_gen3_thermal e6198000.thermal: is using pseudo fixed FUSE values
[    2.680407] rcar_gen3_thermal e6198000.thermal: TSC0: Loaded 1 trip points
[    2.691646] rcar_gen3_thermal e6198000.thermal: TSC1: Loaded 1 trip points
[    2.702790] rcar_gen3_thermal e6198000.thermal: TSC2: Loaded 3 trip points
[    2.714788] sdhci: Secure Digital Host Controller Interface driver
[    2.720988] sdhci: Copyright(c) Pierre Ossman
[    2.726175] Synopsys Designware Multimedia Card Interface Driver
[    2.726353] renesas_sdhi_internal_dmac ee100000.mmc: Got CD GPIO
[    2.726445] renesas_sdhi_internal_dmac ee140000.mmc: Adding to iommu group 0
[    2.726470] renesas_sdhi_internal_dmac ee140000.mmc: Using IPMMU context 1
[    2.726489] renesas_sdhi_internal_dmac ee160000.mmc: Got CD GPIO
[    2.726513] renesas_sdhi_internal_dmac ee160000.mmc: Got WP GPIO
[    2.733612] sdhci-pltfm: SDHCI platform and OF driver helper
[    2.738241] renesas_sdhi_internal_dmac ee100000.mmc: Got WP GPIO
[    2.775070] renesas_sdhi_internal_dmac ee140000.mmc: mmc0 base at 0x00000000ee140000, max clock rate 200 MHz
[    2.777946] ledtrig-cpu: registered to indicate activity on CPUs
[    2.792630] SMCCC: SOC_ID: ARCH_SOC_ID not implemented, skipping ....
[    2.799646] usbcore: registered new interface driver usbhid
[    2.805222] usbhid: USB HID core driver
[    2.812835] optee: probing for conduit method.
[    2.817320] optee: revision 3.22 (314ecf9d)
[    2.817713] optee driver R-Car Rev.1.0.11
[    2.826209] optee: dynamic shared memory is enabled
[    2.831368] optee: initialized driver
[    2.848714] rcar_sound ec500000.sound: probed
[    2.853728] NET: Registered protocol family 17
[    2.853964] mmc0: new HS400 MMC card at address 0001
[    2.858393] 9pnet: Installing 9P2000 support
[    2.863865] mmcblk0: mmc0:0001 BGSD3R 29.1 GiB 
[    2.867607] Key type dns_resolver registered
[    2.872374] mmcblk0boot0: mmc0:0001 BGSD3R partition 1 16.0 MiB
[    2.876712] registered taskstats version 1
[    2.882573] mmcblk0boot1: mmc0:0001 BGSD3R partition 2 16.0 MiB
[    2.886293] Loading compiled-in X.509 certificates
[    2.892458] mmcblk0rpmb: mmc0:0001 BGSD3R partition 3 4.00 MiB, chardev (509:0)
[    2.906200]  mmcblk0: p1
[    2.907025] thermal emergency: set temperature to 110 celsius
[    2.914843] thermal emergency: shutdown target cpus 1-7
[    2.920072] thermal emergency: freq scaled target cpus 0
[    2.925749] renesas_irqc e61c0000.interrupt-controller: driving 6 irqs
[    2.969684] ehci-platform ee080100.usb: EHCI Host Controller
[    2.975386] ehci-platform ee080100.usb: new USB bus registered, assigned bus number 7
[    2.983290] ehci-platform ee080100.usb: irq 174, io mem 0xee080100
[    3.001670] ehci-platform ee080100.usb: USB 2.0 started, EHCI 1.10
[    3.008285] hub 7-0:1.0: USB hub found
[    3.012056] hub 7-0:1.0: 1 port detected
[    3.017028] ohci-platform ee080000.usb: Generic Platform OHCI controller
[    3.023751] ohci-platform ee080000.usb: new USB bus registered, assigned bus number 8
[    3.031638] ohci-platform ee080000.usb: irq 174, io mem 0xee080000
[    3.128034] hub 8-0:1.0: USB hub found
[    3.131805] hub 8-0:1.0: 1 port detected
[    3.136926] cpu cpu0: EM: created perf domain
[    3.141875] cpu cpu4: EM: created perf domain
[    3.151549] renesas_sdhi_internal_dmac ee100000.mmc: Got CD GPIO
[    3.151663] renesas_sdhi_internal_dmac ee160000.mmc: Got CD GPIO
[    3.157590] renesas_sdhi_internal_dmac ee100000.mmc: Got WP GPIO
[    3.169915] renesas_sdhi_internal_dmac ee160000.mmc: Got WP GPIO
[    3.177793] [drm] Initialized rcar-du 1.0.0 20130110 for feb00000.display on minor 0
[    3.185548] [drm] Device feb00000.display probed
[    3.207278] renesas_sdhi_internal_dmac ee100000.mmc: mmc1 base at 0x00000000ee100000, max clock rate 200 MHz
[    3.222295] renesas_sdhi_internal_dmac ee160000.mmc: mmc2 base at 0x00000000ee160000, max clock rate 200 MHz
[    3.229123] Console: switching to colour frame buffer device 128x48
[    3.272140] rcar-du feb00000.display: [drm] fb0: rcar-dudrmfb frame buffer device
[    3.284921] input: keys as /devices/platform/keys/input/input0
[    3.365213] Micrel KSZ9031 Gigabit PHY e6800000.ethernet-ffffffff:00: attached PHY driver [Micrel KSZ9031 Gigabit PHY] (mii_bus:phy_addr=e6800000.ethernet-ffffffff:00, irq=183)
[    9.915766] ravb e6800000.ethernet eth0: Link is Up - 1Gbps/Full - flow control off
[    9.941720] IP-Config: Guessing netmask 255.255.255.0
[    9.946879] IP-Config: Complete:
[    9.950188]      device=eth0, hwaddr=2e:09:0a:03:84:20, ipaddr=192.168.10.104, mask=255.255.255.0, gw=255.255.255.255
[    9.960997]      host=192.168.10.104, domain=, nis-domain=(none)
[    9.967129]      bootserver=255.255.255.255, rootserver=192.168.10.98, rootpath=
[    9.967752] ALSA device list:
[    9.978397]   No soundcards found.
[   10.729546] VFS: Mounted root (nfs4 filesystem) on device 0:22.
[   10.736686] devtmpfs: mounted
[   10.743308] Freeing unused kernel memory: 6080K
[   10.765801] Run /sbin/init as init process
[   10.948274] systemd[1]: System time before build time, advancing clock.
[   11.384384] NET: Registered protocol family 10
[   11.394241] Segment Routing with IPv6
[   11.428193] systemd[1]: systemd 244 running in system mode. (+PAM -AUDIT -SELINUX +IMA -APPARMOR -SMACK +SYSVINIT +UTMP -LIBCRYPTSETUP -GCRYPT -GNUTLS +ACL +XZ -LZ4 -SECCOMP +BLKID -ELFUTILS +KMOD -IDN2 -IDN -PCRE2 default-hierarchy=hybrid)
[   11.452378] systemd[1]: Detected architecture arm64.

Welcome to [1mPoky (Yocto Project Reference Distro) 3.1.11 (dunfell)[0m!

[   11.483842] systemd[1]: Set hostname to <salvator-x>.
[   12.137722] random: crng init done
[   12.284348] systemd[1]: system-getty.slice: unit configures an IP firewall, but the local system does not support BPF/cgroup firewalling.
[   12.305169] systemd[1]: (This warning is only shown for the first unit using IP firewalling.)
[   12.320166] systemd[1]: Created slice system-getty.slice.
[[0;32m  OK  [0m] Created slice [0;1;39msystem-getty.slice[0m.
[   12.346877] systemd[1]: Created slice system-serial\x2dgetty.slice.
[[0;32m  OK  [0m] Created slice [0;1;39msystem-serial\x2dgetty.slice[0m.
[   12.370858] systemd[1]: Created slice User and Session Slice.
[[0;32m  OK  [0m] Created slice [0;1;39mUser and Session Slice[0m.
[   12.394196] systemd[1]: Started Dispatch Password Requests to Console Directory Watch.
[[0;32m  OK  [0m] Started [0;1;39mDispatch Password â€¦ts to Console Directory Watch[0m.
[   12.422112] systemd[1]: Started Forward Password Requests to Wall Directory Watch.
[[0;32m  OK  [0m] Started [0;1;39mForward Password Râ€¦uests to Wall Directory Watch[0m.
[   12.449971] systemd[1]: Reached target Paths.
[[0;32m  OK  [0m] Reached target [0;1;39mPaths[0m.
[   12.473844] systemd[1]: Reached target Remote File Systems.
[[0;32m  OK  [0m] Reached target [0;1;39mRemote File Systems[0m.
[   12.497823] systemd[1]: Reached target Slices.
[[0;32m  OK  [0m] Reached target [0;1;39mSlices[0m.
[   12.521821] systemd[1]: Reached target Swap.
[[0;32m  OK  [0m] Reached target [0;1;39mSwap[0m.
[   12.549050] systemd[1]: Listening on RPCbind Server Activation Socket.
[[0;32m  OK  [0m] Listening on [0;1;39mRPCbind Server Activation Socket[0m.
[   12.577891] systemd[1]: Reached target RPC Port Mapper.
[[0;32m  OK  [0m] Reached target [0;1;39mRPC Port Mapper[0m.
[   12.602207] systemd[1]: Listening on initctl Compatibility Named Pipe.
[[0;32m  OK  [0m] Listening on [0;1;39minitctl Compatibility Named Pipe[0m.
[   12.631932] systemd[1]: Listening on Journal Audit Socket.
[[0;32m  OK  [0m] Listening on [0;1;39mJournal Audit Socket[0m.
[   12.659436] systemd[1]: Listening on Journal Socket (/dev/log).
[[0;32m  OK  [0m] Listening on [0;1;39mJournal Socket (/dev/log)[0m.
[   12.686500] systemd[1]: Listening on Journal Socket.
[[0;32m  OK  [0m] Listening on [0;1;39mJournal Socket[0m.
[   12.711556] systemd[1]: Listening on Network Service Netlink Socket.
[[0;32m  OK  [0m] Listening on [0;1;39mNetwork Service Netlink Socket[0m.
[   12.739731] systemd[1]: Listening on udev Control Socket.
[[0;32m  OK  [0m] Listening on [0;1;39mudev Control Socket[0m.
[   12.766352] systemd[1]: Listening on udev Kernel Socket.
[[0;32m  OK  [0m] Listening on [0;1;39mudev Kernel Socket[0m.
[   12.795338] systemd[1]: Mounting Huge Pages File System...
         Mounting [0;1;39mHuge Pages File System[0m...
[   12.823085] systemd[1]: Mounting POSIX Message Queue File System...
         Mounting [0;1;39mPOSIX Message Queue File System[0m...
[   12.854956] systemd[1]: Mounting Kernel Debug File System...
         Mounting [0;1;39mKernel Debug File System[0m...
[   12.885662] systemd[1]: Mounting Temporary Directory (/tmp)...
         Mounting [0;1;39mTemporary Directory (/tmp)[0m...
[   12.915863] systemd[1]: Starting Create list of static device nodes for the current kernel...
         Starting [0;1;39mCreate list of stâ€¦odes for the current kernel[0m...
[   12.950824] systemd[1]: Starting Start psplash boot splash screen...
         Starting [0;1;39mStart psplash boot splash screen[0m...
[   12.984479] systemd[1]: Starting RPC Bind...
         Starting [0;1;39mRPC Bind[0m...
[   13.014568] systemd[1]: Condition check resulted in File System Check on Root Device being skipped.
[   13.030301] systemd[1]: Starting Journal Service...
         Starting [0;1;39mJournal Service[0m...
[   13.057717] systemd[1]: Starting Load Kernel Modules...
         Starting [0;1;39mLoad Kernel Modules[0m...
[   13.082694] systemd[1]: Starting Remount Root and Kernel File Systems...
         Starting [0;1;39mRemount Root and Kernel File Systems[0m...
[   13.110938] systemd[1]: Starting udev Coldplug all Devices...
         Starting [0;1;39mudev Coldplug all Devices[0m...
[   13.136514] systemd[1]: Started Start psplash boot splash screen.
[[0;32m  OK  [0m] Started [0;1;39mStart psplash boot splash screen[0m.
[   13.158568] systemd[1]: Started RPC Bind.
[[0;32m  OK  [0m] Started [0;1;39mRPC Bind[0m.
[   13.178427] systemd[1]: Started Journal Service.
[[0;32m  OK  [0m] Started [0;1;39mJournal Service[0m.
[[0;32m  OK  [0m] Mounted [0;1;39mHuge Pages File System[0m.
[[0;32m  OK  [0m] Mounted [0;1;39mPOSIX Message Queue File System[0m.
[[0;32m  OK  [0m] Mounted [0;1;39mKernel Debug File System[0m.
[[0;32m  OK  [0m] Mounted [0;1;39mTemporary Directory (/tmp)[0m.
[[0;32m  OK  [0m] Started [0;1;39mCreate list of staâ€¦ nodes for the current kernel[0m.
[[0;32m  OK  [0m] Started [0;1;39mLoad Kernel Modules[0m.
[[0;32m  OK  [0m] Started [0;1;39mRemount Root and Kernel File Systems[0m.
         Mounting [0;1;39mKernel Configuration File System[0m...
[[0;32m  OK  [0m] Started [0;1;39mStart psplash-systâ€¦progress communication helper[0m.
         Starting [0;1;39mFlush Journal to Persistent Storage[0m...
[   13.406817] systemd-journald[361]: Received client request to flush runtime journal.
         Starting [0;1;39mApply Kernel Variables[0m...
         Starting [0;1;39mCreate Static Device Nodes in /dev[0m...
[[0;32m  OK  [0m] Mounted [0;1;39mKernel Configuration File System[0m.
[[0;32m  OK  [0m] Started [0;1;39mFlush Journal to Persistent Storage[0m.
[[0;32m  OK  [0m] Started [0;1;39mApply Kernel Variables[0m.
[[0;32m  OK  [0m] Started [0;1;39mCreate Static Device Nodes in /dev[0m.
[[0;32m  OK  [0m] Reached target [0;1;39mLocal File Systems (Pre)[0m.
         Mounting [0;1;39m/var/volatile[0m...
         Starting [0;1;39mudev Kernel Device Manager[0m...
[[0;32m  OK  [0m] Mounted [0;1;39m/var/volatile[0m.
         Starting [0;1;39mLoad/Save Random Seed[0m...
[[0;32m  OK  [0m] Reached target [0;1;39mLocal File Systems[0m.
         Starting [0;1;39mCreate Volatile Files and Directories[0m...
[[0;32m  OK  [0m] Started [0;1;39mLoad/Save Random Seed[0m.
[[0;32m  OK  [0m] Started [0;1;39mudev Kernel Device Manager[0m.
         Starting [0;1;39mNetwork Service[0m...
[[0;32m  OK  [0m] Started [0;1;39mudev Coldplug all Devices[0m.
[[0;32m  OK  [0m] Started [0;1;39mCreate Volatile Files and Directories[0m.
         Starting [0;1;39mNetwork Time Synchronization[0m...
         Starting [0;1;39mUpdate UTMP about System Boot/Shutdown[0m...
[[0;32m  OK  [0m] Started [0;1;39mNetwork Service[0m.
         Starting [0;1;39mNetwork Name Resolution[0m...
[[0;32m  OK  [0m] Started [0;1;39mUpdate UTMP about System Boot/Shutdown[0m.
[[0;32m  OK  [0m] Started [0;1;39mNetwork Time Synchronization[0m.
[[0;32m  OK  [0m] Reached target [0;1;39mSystem Initialization[0m.
[[0;32m  OK  [0m] Started [0;1;39mDaily Cleanup of Temporary Directories[0m.
[[0;32m  OK  [0m] Reached target [0;1;39mSystem Time Set[0m.
[[0;32m  OK  [0m] Reac[   14.027170] pwm-backlight: probe of backlight failed with error -16
hed target [0;1;39mSystem Time Synchronized[0m.
[[0;32m  OK  [0m] Reached target [0;1;39mTimers[0m.
[[0;32m  OK  [0m] Listening on [0;1;39mAvahi mDNS/DNS-SD Stack Activation Socket[0m.
[   14.080183] at24 7-0050: supply vcc not found, using dummy regulator
[[0;32m  OK  [0m] Listening on [0;1;39mD-Bus System Message Bus Socke[   14.109091] at24 7-0050: 128 byte br24t01 EEPROM, writable, 8 bytes/write
t[0m.
[   14.188262] renesas_usb3 ee020000.usb: probed with phy
[[0;32m  OK  [0m] Listening on [0;1;39mdropbear.socket[0m.
[[0;32m  OK  [0m] Reached target [0;1;39mSockets[0m.
[[0;32m  OK  [0m] Reached target [0;1;39mBasic System[0m.
[[0;32m  OK  [0m] Started [0;1;39mD-Bus System Message Bus[0m.
[   14.258099] ccree e6601000.crypto: ARM CryptoCell 630P Driver: HW version 0xAF400001/0xDCC63000, Driver version 5.0
[   14.283831] ccree e6601000.crypto: ARM ccree device initialized
[[0;32m  OK  [0m] Started [0;1;39moptee services[0m.
[   14.308264] xhci-hcd ee000000.usb: xHCI Host Controller
         Startin[   14.316010] xhci-hcd ee000000.usb: new USB bus registered, assigned bus number 9
g [0;1;39mpvrinit.service[0m...
         Starting [0;1;39mPowerVR consumer services[0m...
[   14.350113] xhci-hcd ee000000.usb: hcc params 0x014051ce hci version 0x100 quirks 0x0000000000830410
[   14.360730] xhci-hcd ee000000.usb: irq 172, io mem 0xee000000
[   14.368213] xhci-hcd ee000000.usb: xHCI Host Controller
[   14.375480] xhci-hcd ee000000.usb: new USB bus registered, assigned bus number 10
[   14.383774] xhci-hcd ee000000.usb: Host supports USB 3.0 SuperSpeed
         Starting [0;1;39mLogin Service[0m...
[   14.395272] hub 9-0:1.0: USB hub found
[   14.399242] hub 9-0:1.0: 1 port detected
[[0;32m  OK  [[   14.408250] usb usb10: We don't know the algorithms for LPM for this host, disabling LPM.
0m] Started [0;1;39mNet[   14.418442] hub 10-0:1.0: USB hub found
work Name Resolu[   14.423717] hub 10-0:1.0: 1 port detected
tion[0m.
[[0;1;31mFAILED[0m] Failed to start [0;1;39mPowerVR consumer services[0m.
See 'systemctl status rc.pvr.service' for details.
[[0;1;38;5;185mDEPEND[0m] Dependency failed for [0;1;39mWeston Wayland Compositor[0m.
[[0;1;31mFAILED[0m] Failed to start [0;1;39mpvrinit.service[0m.
See 'systemctl status pvrinit.service' for details.
[[0;32m  OK  [0m] Created slice [0;1;39msystem-weston.slice[0m.
[[0;32m  OK  [0m] Reached target [0;1;39mNetwork[0m.
[[0;32m  OK  [0m] Reached target [0;1;39mHost and Network Name Lookups[0m.
[[0;32m  OK  [0m] Reached target [0;1;39mHardware activated USB gadget[0m.
         Starting [0;1;39mAvahi mDNS/DNS-SD Stack[0m...
         Starting [0;1;39mPowerVR consumer services[0m...
         Starting [0;1;39mset_default_governor.service[0m...
         Starting [0;1;39mPermit User Sessions[0m...
[[0;32m  OK  [0m] Started [0;1;39mXinetd A Powerful Replacement For Inetd[0m.
[[0;1;31mFAILED[0m] Failed to start [0;1;39mPowerVR consumer services[0m.
[   14.861947] rd 0-7: Disabling EAS, schedutil is mandatory
See 'systemctl status rc.pvr.service' for details.
[[0;1;38;5;185mDEPEND[0m] Dependency failed for [0;1;39mWeston Wayland Compositor[0m.
[[0;32m  OK  [0m] Started [0;1;39mset_default_governor.service[0m.
[[0;32m  OK  [0m] Started [0;1;39mPermit User Sessions[0m.
[[0;32m  OK  [0m] Started [0;1;39mLogin Service[0m.
[[0;32m  OK  [0m] Started [0;1;39mAvahi mDNS/DNS-SD Stack[0m.
[   14.962147] usb 10-1: new SuperSpeed Gen 1 USB device number 2 using xhci-hcd
[[0;32m  OK  [0m] Started [0;1;39mGetty on tty1[0m.
[   14.999502] usb-storage 10-1:1.0: USB Mass Storage device detected
[[0;32m  OK  [[   15.006417] scsi host1: usb-storage 10-1:1.0
0m] Started [0;1;39mSerial Getty on ttySC0[0m.
[[0;32m  OK  [0m] Reached target [0;1;39mLogin Prompts[0m.
[[0;32m  OK  [0m] Reached target [0;1;39mMulti-User System[0m.
         Starting [0;1;39mUpdate UTMP about System Runlevel Changes[0m...
[[0;32m  OK  [0m] Started [0;1;39mUpdate UTMP about System Runlevel Changes[0m.
[   16.031340] scsi 1:0:0:0: Direct-Access     SanDisk  Ultra            1.00 PQ: 0 ANSI: 6
[   16.041358] sd 1:0:0:0: [sda] 121307136 512-byte logical blocks: (62.1 GB/57.8 GiB)
[   16.050467] sd 1:0:0:0: [sda] Write Protect is off
[   16.056032] sd 1:0:0:0: [sda] Write cache: disabled, read cache: enabled, doesn't support DPO or FUA
[   16.099560]  sda: sda1
[   16.105050] sd 1:0:0:0: [sda] Attached SCSI removable disk


Poky (Yocto Project Reference Distro) 3.1.11 salvator-x ttySC0

salvator-x login: 

salvator-x login: root

[   16.726428] audit: type=1006 audit(1703064537.776:2): pid=545 uid=0 old-auid=4294967295 auid=0 tty=(none) old-ses=4294967295 ses=1 res=1
7[r[999;999H[6n8root@salvator-x:~# 
root@salvator-x:~# 
root@salvator-x:~# 
root@salvator-x:~# 
root@salvator-x:~# 
root@salvator-x:~# 
root@salvator-x:~# 
root@salvator-x:~# 
root@salvator-x:~# 
root@salvator-x:~# find /sys/devices/platform/soc/ee000000.usb/ -name 'sd*'
/sys/devices/platform/soc/ee000000.usb/usb10/10-1/10-1:1.0/host1/target1:0:0/1:0:0:0/block/sda
/sys/devices/platform/soc/ee000000.usb/usb10/10-1/10-1:1.0/host1/target1:0:0/1:0:0:0/block/sda/sda1
root@salvator-x:~# 
root@salvator-x:~# mkdir -p /mnt/usb
root@salvator-x:~# 
root@salvator-x:~# echo test > test.txt
root@salvator-x:~# 
root@salvator-x:~# mount /dev/sda1 /mnt/usb
[   38.013408] EXT4-fs (sda1): mounted filesystem with ordered data mode. Opts: (null)
root@salvator-x:~# 
root@salvator-x:~# mkdir /mnt/usb/test
root@salvator-x:~# 
root@salvator-x:~# cp ./test.txt /mnt/usb/test.txt
root@salvator-x:~# 
root@salvator-x:~# cmp ./test.txt /mnt/usb/test.txt
root@salvator-x:~# 
root@salvator-x:~# cp /mnt/usb/test.txt ./test.txt
root@salvator-x:~# 
root@salvator-x:~# cmp ./test.txt /mnt/usb/test.txt
root@salvator-x:~# 
root@salvator-x:~# ls /mnt/usb/test
root@salvator-x:~# 
root@salvator-x:~# rm /mnt/usb/test.txt
root@salvator-x:~# [   41.949830] SDHI0 VccQ: disabling
[   41.953225] SDHI3 VccQ: disabling

root@salvator-x:~# rmdir /mnt/usb/test
root@salvator-x:~# 
root@salvator-x:~# umount /mnt/usb
root@salvator-x:~# 
 
#### Result: OK ####
