NOTICE:  BL2: R-Car Gen3 Initial Program Loader(CA57) Rev.4.0.0
NOTICE:  BL2: PRR is R-Car H3 Ver.3.0
NOTICE:  BL2: Board is Salvator-XS Rev.1.0
NOTICE:  BL2: Boot device is HyperFlash(160MHz)
NOTICE:  BL2: LCM state is CM
NOTICE:  AVS setting succeeded. DVFS_SetVID=0x53
NOTICE:  BL2: DDR3200(rev.0.42)
NOTICE:  BL2: [COLD_BOOT]
NOTICE:  BL2: DRAM Split is 4ch(DDR f)
NOTICE:  BL2: QoS is default setting(rev.0.11)
NOTICE:  BL2: DRAM refresh interval 1.95 usec
NOTICE:  BL2: Periodic Write DQ Training
NOTICE:  BL2: CH0: 400000000 - 47fffffff, 2 GiB
NOTICE:  BL2: CH1: 500000000 - 57fffffff, 2 GiB
NOTICE:  BL2: CH2: 600000000 - 67fffffff, 2 GiB
NOTICE:  BL2: CH3: 700000000 - 77fffffff, 2 GiB
NOTICE:  BL2: Lossy Decomp areas
NOTICE:       Entry 0: DCMPAREACRAx:0x80000540 DCMPAREACRBx:0x570
NOTICE:       Entry 1: DCMPAREACRAx:0x40000000 DCMPAREACRBx:0x0
NOTICE:       Entry 2: DCMPAREACRAx:0x20000000 DCMPAREACRBx:0x0
NOTICE:  BL2: FDT at 0xe6327f70
NOTICE:  BL2: v2.9(release):9cdb21f75
NOTICE:  BL2: Built : 03:23:42, Jan  8 2024
NOTICE:  BL2: Normal boot
NOTICE:  BL2: dst=0xe6327800 src=0x8180000 len=512(0x200)
NOTICE:  BL2: dst=0x43f00000 src=0x8180400 len=6144(0x1800)
NOTICE:  rcar_file_len: len: 0x0003e000
NOTICE:  BL2: dst=0x44000000 src=0x81c0000 len=253952(0x3e000)
NOTICE:  rcar_file_len: len: 0x00200000
NOTICE:  BL2: dst=0x44100000 src=0x8200000 len=2097152(0x200000)
NOTICE:  rcar_file_len: len: 0x00100000
NOTICE:  BL2: dst=0x50000000 src=0x8640000 len=1048576(0x100000)
NOTICE:  BL2: Booting BL31


U-Boot 2020.10 (Dec 20 2023 - 10:10:22 +0000)

CPU: Renesas Electronics R8A7795 rev 3.0
Model: Renesas Salvator-X 2nd version board based on r8a77951
DRAM:  7.9 GiB
RAM Configuration:
Bank #0: 0x048000000 - 0x0bfffffff, 1.9 GiB
Bank #1: 0x500000000 - 0x57fffffff, 2 GiB
Bank #2: 0x600000000 - 0x67fffffff, 2 GiB
Bank #3: 0x700000000 - 0x77fffffff, 2 GiB

MMC:   sd@ee100000: 0, sd@ee140000: 1, sd@ee160000: 2
Loading Environment from MMC... OK
In:    serial@e6e88000
Out:   serial@e6e88000
Err:   serial@e6e88000
Net:   eth0: ethernet@e6800000
Hit any key to stop autoboot:  2  1  0 
ethernet@e6800000 Waiting for PHY auto negotiation to complete.............. done
Using ethernet@e6800000 device
TFTP from server 192.168.10.98; our IP address is 192.168.10.104
Filename 'BV/PT3/boot_USB3H/Image'.
Load address: 0x48080000
Loading: *#################################################################
	 #################################################################
	 #################################################################
	 #################################################################
	 #################################################################
	 #################################################################
	 #################################################################
	 #################################################################
	 #################################################################
	 #################################################################
	 #################################################################
	 #################################################################
	 #################################################################
	 #################################################################
	 #################################################################
	 #################################################################
	 #################################################################
	 #################################################################
	 #################################################################
	 #################################################################
	 #################################################################
	 #################################################################
	 #################################################################
	 #################################################################
	 #################################################################
	 #################################################################
	 #################################################################
	 #################################################################
	 #################################################################
	 #################################################################
	 #################################################################
	 #################################################################
	 #################################################################
	 #################################################################
	 ##############################################
	 4 MiB/s
done
Bytes transferred = 33112576 (1f94200 hex)
Using ethernet@e6800000 device
TFTP from server 192.168.10.98; our IP address is 192.168.10.104
Filename 'BV/PT3/boot_USB3H/r8a77951-salvator-xs.dtb'.
Load address: 0x48000000
Loading: *#######
	 5.1 MiB/s
done
Bytes transferred = 90876 (162fc hex)
Moving Image from 0x48080000 to 0x48200000, end=4a220000
## Flattened Device Tree blob at 48000000
   Booting using the fdt blob at 0x48000000
   Loading Device Tree to 0000000053fe6000, end 0000000053fff2fb ... OK

Starting kernel ...

[    0.000000] Booting Linux on physical CPU 0x0000000000 [0x411fd073]
[    0.000000] Linux version 5.10.194-yocto-standard (thuan.nguyen-hong@banvien) (aarch64-poky-linux-gcc (GCC) 9.3.0, GNU ld (GNU Binutils) 2.34.0.20200220) #13 SMP PREEMPT Sat Feb 3 10:27:40 UTC 2024
[    0.000000] Machine model: Renesas Salvator-X 2nd version board based on r8a77951
[    0.000000] efi: UEFI not found.
[    0.000000] Reserved memory: created CMA memory pool at 0x0000000057000000, size 16 MiB
[    0.000000] OF: reserved mem: initialized node linux,adsp@57000000, compatible id shared-dma-pool
[    0.000000] Reserved memory: created CMA memory pool at 0x0000000058000000, size 384 MiB
[    0.000000] OF: reserved mem: initialized node linux,cma@58000000, compatible id shared-dma-pool
[    0.000000] Reserved memory: created CMA memory pool at 0x0000000070000000, size 256 MiB
[    0.000000] OF: reserved mem: initialized node linux,multimedia@70000000, compatible id shared-dma-pool
[    0.000000] NUMA: No NUMA configuration found
[    0.000000] NUMA: Faking a node at [mem 0x0000000048000000-0x000000077fffffff]
[    0.000000] NUMA: NODE_DATA [mem 0x77efdab00-0x77efdcfff]
[    0.000000] Zone ranges:
[    0.000000]   DMA      [mem 0x0000000048000000-0x000000007fffffff]
[    0.000000]   DMA32    [mem 0x0000000080000000-0x00000000ffffffff]
[    0.000000]   Normal   [mem 0x0000000100000000-0x000000077fffffff]
[    0.000000] Movable zone start for each node
[    0.000000] Early memory node ranges
[    0.000000]   node   0: [mem 0x0000000048000000-0x0000000053ffffff]
[    0.000000]   node   0: [mem 0x0000000054000000-0x0000000056ffffff]
[    0.000000]   node   0: [mem 0x0000000057000000-0x00000000bfffffff]
[    0.000000]   node   0: [mem 0x0000000500000000-0x000000057fffffff]
[    0.000000]   node   0: [mem 0x0000000600000000-0x000000067fffffff]
[    0.000000]   node   0: [mem 0x0000000700000000-0x000000077fffffff]
[    0.000000] Initmem setup node 0 [mem 0x0000000048000000-0x000000077fffffff]
[    0.000000] psci: probing for conduit method from DT.
[    0.000000] psci: PSCIv1.1 detected in firmware.
[    0.000000] psci: Using standard PSCI v0.2 function IDs
[    0.000000] psci: Trusted OS resident on physical CPU 0x0
[    0.000000] psci: SMC Calling Convention v1.2
[    0.000000] percpu: Embedded 23 pages/cpu s56984 r8192 d29032 u94208
[    0.000000] Detected PIPT I-cache on CPU0
[    0.000000] CPU features: detected: EL2 vector hardening
[    0.000000] CPU features: detected: Spectre-v2
[    0.000000] CPU features: detected: ARM errata 1165522, 1319367, or 1530923
[    0.000000] CPU features: detected: Spectre-BHB
[    0.000000] CPU features: detected: ARM erratum 1742098
[    0.000000] Built 1 zonelists, mobility grouping on.  Total pages: 2032128
[    0.000000] Policy zone: Normal
[    0.000000] Kernel command line: rw root=/dev/nfs nfsroot=192.168.10.98:/data/tftpboot/BV/PT3/rootfs_H3,nfsvers=4 ip=192.168.10.104
[    0.000000] Dentry cache hash table entries: 1048576 (order: 11, 8388608 bytes, linear)
[    0.000000] Inode-cache hash table entries: 524288 (order: 10, 4194304 bytes, linear)
[    0.000000] mem auto-init: stack:off, heap alloc:off, heap free:off
[    0.000000] software IO TLB: mapped [mem 0x000000004ffe6000-0x0000000053fe6000] (64MB)
[    0.000000] Memory: 7277096K/8257536K available (15104K kernel code, 2832K rwdata, 8204K rodata, 6080K init, 519K bss, 308696K reserved, 671744K cma-reserved)
[    0.000000] SLUB: HWalign=64, Order=0-3, MinObjects=0, CPUs=8, Nodes=1
[    0.000000] rcu: Preemptible hierarchical RCU implementation.
[    0.000000] rcu: 	RCU event tracing is enabled.
[    0.000000] rcu: 	RCU restricting CPUs from NR_CPUS=256 to nr_cpu_ids=8.
[    0.000000] 	Trampoline variant of Tasks RCU enabled.
[    0.000000] rcu: RCU calculated value of scheduler-enlistment delay is 25 jiffies.
[    0.000000] rcu: Adjusting geometry for rcu_fanout_leaf=16, nr_cpu_ids=8
[    0.000000] NR_IRQS: 64, nr_irqs: 64, preallocated irqs: 0
[    0.000000] arch_timer: cp15 timer(s) running at 8.32MHz (virt).
[    0.000000] clocksource: arch_sys_counter: mask: 0xffffffffffffff max_cycles: 0x1eb398c07, max_idle_ns: 440795202503 ns
[    0.000003] sched_clock: 56 bits at 8MHz, resolution 120ns, wraps every 2199023255503ns
[    0.000207] Console: colour dummy device 80x25
[    0.000413] printk: console [tty0] enabled
[    0.000488] Calibrating delay loop (skipped), value calculated using timer frequency.. 16.64 BogoMIPS (lpj=33280)
[    0.000504] pid_max: default: 32768 minimum: 301
[    0.000561] LSM: Security Framework initializing
[    0.000648] Mount-cache hash table entries: 16384 (order: 5, 131072 bytes, linear)
[    0.000700] Mountpoint-cache hash table entries: 16384 (order: 5, 131072 bytes, linear)
[    0.002161] rcu: Hierarchical SRCU implementation.
[    0.003741] Detected Renesas R-Car Gen3 r8a7795 ES3.0
[    0.005899] EFI services will not be available.
[    0.006241] smp: Bringing up secondary CPUs ...
[    0.006699] Detected PIPT I-cache on CPU1
[    0.006749] CPU1: Booted secondary processor 0x0000000001 [0x411fd073]
[    0.007228] Detected PIPT I-cache on CPU2
[    0.007255] CPU2: Booted secondary processor 0x0000000002 [0x411fd073]
[    0.007680] Detected PIPT I-cache on CPU3
[    0.007702] CPU3: Booted secondary processor 0x0000000003 [0x411fd073]
[    0.008167] CPU features: detected: ARM erratum 845719
[    0.008180] Detected VIPT I-cache on CPU4
[    0.008227] CPU4: Booted secondary processor 0x0000000100 [0x410fd034]
[    0.008708] Detected VIPT I-cache on CPU5
[    0.008734] CPU5: Booted secondary processor 0x0000000101 [0x410fd034]
[    0.009171] Detected VIPT I-cache on CPU6
[    0.009198] CPU6: Booted secondary processor 0x0000000102 [0x410fd034]
[    0.009634] Detected VIPT I-cache on CPU7
[    0.009662] CPU7: Booted secondary processor 0x0000000103 [0x410fd034]
[    0.009743] smp: Brought up 1 node, 8 CPUs
[    0.009805] SMP: Total of 8 processors activated.
[    0.009813] CPU features: detected: 32-bit EL0 Support
[    0.009820] CPU features: detected: CRC32 instructions
[    0.009826] CPU features: detected: 32-bit EL1 Support
[    0.022992] CPU: All CPU(s) started at EL1
[    0.023046] alternatives: patching kernel code
[    0.024194] devtmpfs: initialized
[    0.030943] KASLR disabled due to lack of seed
[    0.031091] clocksource: jiffies: mask: 0xffffffff max_cycles: 0xffffffff, max_idle_ns: 7645041785100000 ns
[    0.031112] futex hash table entries: 2048 (order: 5, 131072 bytes, linear)
[    0.039746] pinctrl core: initialized pinctrl subsystem
[    0.041247] DMI not present or invalid.
[    0.041744] NET: Registered protocol family 16
[    0.042673] DMA: preallocated 1024 KiB GFP_KERNEL pool for atomic allocations
[    0.042871] DMA: preallocated 1024 KiB GFP_KERNEL|GFP_DMA pool for atomic allocations
[    0.043161] DMA: preallocated 1024 KiB GFP_KERNEL|GFP_DMA32 pool for atomic allocations
[    0.043201] audit: initializing netlink subsys (disabled)
[    0.043356] audit: type=2000 audit(0.040:1): state=initialized audit_enabled=0 res=1
[    0.044530] thermal_sys: Registered thermal governor 'power_allocator'
[    0.045053] cpuidle: using governor menu
[    0.045229] hw-breakpoint: found 6 breakpoint and 4 watchpoint registers.
[    0.045350] ASID allocator initialised with 65536 entries
[    0.046640] Serial: AMBA PL011 UART driver
[    0.089181] sh-pfc e6060000.pinctrl: r8a77951_pfc support registered
[    0.103830] HugeTLB registered 1.00 GiB page size, pre-allocated 0 pages
[    0.103847] HugeTLB registered 32.0 MiB page size, pre-allocated 0 pages
[    0.103855] HugeTLB registered 2.00 MiB page size, pre-allocated 0 pages
[    0.103862] HugeTLB registered 64.0 KiB page size, pre-allocated 0 pages
[    0.104844] cryptd: max_cpu_qlen set to 1000
[    0.107110] ACPI: Interpreter disabled.
[    0.110901] rcar-avs: use avs value: 0
[    0.110919] rcar-avs: cpu@0 is running with: opp_table0
[    0.110929] rcar-avs: cpu@1 is running with: opp_table0
[    0.110938] rcar-avs: cpu@2 is running with: opp_table0
[    0.110948] rcar-avs: cpu@3 is running with: opp_table0
[    0.111034] rcar-avs: gsx@fd000000 is running with: gsx_opp_table0
[    0.112472] iommu: Default domain type: Translated 
[    0.113045] ipmmu-vmsa e67b0000.iommu: IPMMU context 0 is reserved
[    0.114062] vgaarb: loaded
[    0.114264] SCSI subsystem initialized
[    0.114513] usbcore: registered new interface driver usbfs
[    0.114544] usbcore: registered new interface driver hub
[    0.114570] usbcore: registered new device driver usb
[    0.118061] i2c-sh_mobile e60b0000.i2c: I2C adapter 7, bus speed 400000 Hz
[    0.118595] mc: Linux media interface: v0.10
[    0.118618] videodev: Linux video capture interface: v2.00
[    0.118666] pps_core: LinuxPPS API ver. 1 registered
[    0.118674] pps_core: Software ver. 5.3.6 - Copyright 2005-2007 Rodolfo Giometti <giometti@linux.it>
[    0.118688] PTP clock support registered
[    0.118860] EDAC MC: Ver: 3.0.0
[    0.120863] FPGA manager framework
[    0.120923] Advanced Linux Sound Architecture Driver Initialized.
[    0.121470] clocksource: Switched to clocksource arch_sys_counter
[    0.121620] VFS: Disk quotas dquot_6.6.0
[    0.121661] VFS: Dquot-cache hash table entries: 512 (order 0, 4096 bytes)
[    0.121784] pnp: PnP ACPI: disabled
[    0.125259] NET: Registered protocol family 2
[    0.125673] IP idents hash table entries: 131072 (order: 8, 1048576 bytes, linear)
[    0.127941] tcp_listen_portaddr_hash hash table entries: 4096 (order: 4, 65536 bytes, linear)
[    0.128018] TCP established hash table entries: 65536 (order: 7, 524288 bytes, linear)
[    0.128304] TCP bind hash table entries: 65536 (order: 8, 1048576 bytes, linear)
[    0.128893] TCP: Hash tables configured (established 65536 bind 65536)
[    0.129013] UDP hash table entries: 4096 (order: 5, 131072 bytes, linear)
[    0.129128] UDP-Lite hash table entries: 4096 (order: 5, 131072 bytes, linear)
[    0.129345] NET: Registered protocol family 1
[    0.129706] RPC: Registered named UNIX socket transport module.
[    0.129718] RPC: Registered udp transport module.
[    0.129723] RPC: Registered tcp transport module.
[    0.129728] RPC: Registered tcp NFSv4.1 backchannel transport module.
[    0.129741] PCI: CLS 0 bytes, default 64
[    0.130701] hw perfevents: enabled with armv8_cortex_a53 PMU driver, 7 counters available
[    0.130977] hw perfevents: enabled with armv8_cortex_a57 PMU driver, 7 counters available
[    0.131605] kvm [1]: HYP mode not available
[    0.134440] Initialise system trusted keyrings
[    0.134579] workingset: timestamp_bits=42 max_order=21 bucket_order=0
[    0.137668] squashfs: version 4.0 (2009/01/31) Phillip Lougher
[    0.138075] NFS: Registering the id_resolver key type
[    0.138110] Key type id_resolver registered
[    0.138117] Key type id_legacy registered
[    0.138172] nfs4filelayout_init: NFSv4 File Layout Driver Registering...
[    0.138181] nfs4flexfilelayout_init: NFSv4 Flexfile Layout Driver Registering...
[    0.138282] 9p: Installing v9fs 9p2000 file system support
[    0.164359] Key type asymmetric registered
[    0.164372] Asymmetric key parser 'x509' registered
[    0.164401] Block layer SCSI generic (bsg) driver version 0.4 loaded (major 243)
[    0.164411] io scheduler mq-deadline registered
[    0.164421] io scheduler kyber registered
[    0.180530] gpio_rcar e6050000.gpio: driving 16 GPIOs
[    0.180823] gpio_rcar e6051000.gpio: driving 29 GPIOs
[    0.181075] gpio_rcar e6052000.gpio: driving 15 GPIOs
[    0.181365] gpio_rcar e6053000.gpio: driving 16 GPIOs
[    0.181774] gpio_rcar e6054000.gpio: driving 18 GPIOs
[    0.182093] gpio_rcar e6055000.gpio: driving 26 GPIOs
[    0.182349] gpio_rcar e6055400.gpio: driving 32 GPIOs
[    0.182590] gpio_rcar e6055800.gpio: driving 4 GPIOs
[    0.185459] rcar-pcie fe000000.pcie: host bridge /soc/pcie@fe000000 ranges:
[    0.185508] rcar-pcie fe000000.pcie:       IO 0x00fe100000..0x00fe1fffff -> 0x0000000000
[    0.185531] rcar-pcie fe000000.pcie:      MEM 0x00fe200000..0x00fe3fffff -> 0x00fe200000
[    0.185549] rcar-pcie fe000000.pcie:      MEM 0x0030000000..0x0037ffffff -> 0x0030000000
[    0.185563] rcar-pcie fe000000.pcie:      MEM 0x0038000000..0x003fffffff -> 0x0038000000
[    0.185581] rcar-pcie fe000000.pcie:   IB MEM 0x0040000000..0x007fffffff -> 0x0040000000
[    0.185626] rcar-pcie fe000000.pcie: no pcie3v3 regulator found
[    0.185637] rcar-pcie fe000000.pcie: no pcie1v8 regulator found
[    0.257184] rcar-pcie fe000000.pcie: PCIe link down
[    0.257349] rcar-pcie ee800000.pcie: host bridge /soc/pcie@ee800000 ranges:
[    0.257372] rcar-pcie ee800000.pcie:       IO 0x00ee900000..0x00ee9fffff -> 0x0000000000
[    0.257392] rcar-pcie ee800000.pcie:      MEM 0x00eea00000..0x00eebfffff -> 0x00eea00000
[    0.257410] rcar-pcie ee800000.pcie:      MEM 0x00c0000000..0x00c7ffffff -> 0x00c0000000
[    0.257423] rcar-pcie ee800000.pcie:      MEM 0x00c8000000..0x00cfffffff -> 0x00c8000000
[    0.257439] rcar-pcie ee800000.pcie:   IB MEM 0x0040000000..0x007fffffff -> 0x0040000000
[    0.257483] rcar-pcie ee800000.pcie: no pcie3v3 regulator found
[    0.257494] rcar-pcie ee800000.pcie: no pcie1v8 regulator found
[    0.417469] rcar-pcie ee800000.pcie: PCIe link down
[    0.419906] EINJ: ACPI disabled.
[    0.454089] Serial: 8250/16550 driver, 4 ports, IRQ sharing enabled
[    0.456513] SuperH (H)SCI(F) driver initialized
[    0.456932] e6550000.serial: ttySC1 at MMIO 0xe6550000 (irq = 42, base_baud = 0) is a hscif
[    0.457679] e6e88000.serial: ttySC0 at MMIO 0xe6e88000 (irq = 128, base_baud = 0) is a scif
[    1.662273] printk: console [ttySC0] enabled
[    1.667682] msm_serial: driver initialized
[    1.677991] rcar-dw-hdmi fead0000.hdmi: Detected HDMI TX controller v2.01a with HDCP (DWC HDMI 2.0 TX PHY)
[    1.687900] rcar-dw-hdmi fead0000.hdmi: registered DesignWare HDMI I2C bus driver
[    1.696127] rcar-dw-hdmi feae0000.hdmi: Detected HDMI TX controller v2.01a with HDCP (DWC HDMI 2.0 TX PHY)
[    1.705984] rcar-dw-hdmi feae0000.hdmi: registered DesignWare HDMI I2C bus driver
[    1.721472] loop: module loaded
[    1.726065] megasas: 07.714.04.00-rc1
[    1.731806] scsi host0: sata_rcar
[    1.735284] ata1: SATA max UDMA/133 irq 181
[    1.744661] tun: Universal TUN/TAP device driver, 1.6
[    1.750597] thunder_xcv, ver 1.0
[    1.753852] thunder_bgx, ver 1.0
[    1.757092] nicpf, ver 1.0
[    1.761210] hclge is initializing
[    1.764546] hns3: Hisilicon Ethernet Network Driver for Hip08 Family - version
[    1.771769] hns3: Copyright (c) 2017 Huawei Corporation.
[    1.777109] e1000: Intel(R) PRO/1000 Network Driver
[    1.781988] e1000: Copyright (c) 1999-2006 Intel Corporation.
[    1.787759] e1000e: Intel(R) PRO/1000 Network Driver
[    1.792724] e1000e: Copyright(c) 1999 - 2015 Intel Corporation.
[    1.798666] igb: Intel(R) Gigabit Ethernet Network Driver
[    1.804064] igb: Copyright (c) 2007-2014 Intel Corporation.
[    1.809651] igbvf: Intel(R) Gigabit Virtual Function Network Driver
[    1.815918] igbvf: Copyright (c) 2009 - 2012 Intel Corporation.
[    1.822279] sky2: driver version 1.30
[    1.829801] ravb e6800000.ethernet eth0: Base address at 0xe6800000, 2e:09:0a:03:84:20, IRQ 125.
[    1.840046] VFIO - User Level meta-driver version: 0.3
[    1.847210] ehci_hcd: USB 2.0 'Enhanced' Host Controller (EHCI) Driver
[    1.853750] ehci-pci: EHCI PCI platform driver
[    1.858215] ehci-platform: EHCI generic platform driver
[    1.863832] ehci-platform ee0a0100.usb: EHCI Host Controller
[    1.869514] ehci-platform ee0a0100.usb: new USB bus registered, assigned bus number 1
[    1.877442] ehci-platform ee0a0100.usb: irq 175, io mem 0xee0a0100
[    1.897479] ehci-platform ee0a0100.usb: USB 2.0 started, EHCI 1.10
[    1.904045] hub 1-0:1.0: USB hub found
[    1.907821] hub 1-0:1.0: 1 port detected
[    1.912226] ehci-platform ee0c0100.usb: EHCI Host Controller
[    1.917899] ehci-platform ee0c0100.usb: new USB bus registered, assigned bus number 2
[    1.925803] ehci-platform ee0c0100.usb: irq 176, io mem 0xee0c0100
[    1.945475] ehci-platform ee0c0100.usb: USB 2.0 started, EHCI 1.10
[    1.951933] hub 2-0:1.0: USB hub found
[    1.955705] hub 2-0:1.0: 1 port detected
[    1.985513] ehci-platform ee0e0100.usb: EHCI Host Controller
[    1.991189] ehci-platform ee0e0100.usb: new USB bus registered, assigned bus number 3
[    1.999057] ehci-platform ee0e0100.usb: irq 177, io mem 0xee0e0100
[    2.017473] ehci-platform ee0e0100.usb: USB 2.0 started, EHCI 1.10
[    2.023915] hub 3-0:1.0: USB hub found
[    2.027683] hub 3-0:1.0: 1 port detected
[    2.032052] ehci-orion: EHCI orion driver
[    2.036306] ehci-exynos: EHCI Exynos driver
[    2.040611] ohci_hcd: USB 1.1 'Open' Host Controller (OHCI) Driver
[    2.046806] ohci-pci: OHCI PCI platform driver
[    2.051285] ohci-platform: OHCI generic platform driver
[    2.056816] ohci-platform ee0a0000.usb: Generic Platform OHCI controller
[    2.063535] ohci-platform ee0a0000.usb: new USB bus registered, assigned bus number 4
[    2.071416] ohci-platform ee0a0000.usb: irq 175, io mem 0xee0a0000
[    2.153484] ata1: link resume succeeded after 1 retries
[    2.167789] hub 4-0:1.0: USB hub found
[    2.171559] hub 4-0:1.0: 1 port detected
[    2.175889] ohci-platform ee0c0000.usb: Generic Platform OHCI controller
[    2.182602] ohci-platform ee0c0000.usb: new USB bus registered, assigned bus number 5
[    2.190473] ohci-platform ee0c0000.usb: irq 176, io mem 0xee0c0000
[    2.264996] ata1: SATA link down (SStatus 0 SControl 300)
[    2.283779] hub 5-0:1.0: USB hub found
[    2.287548] hub 5-0:1.0: 1 port detected
[    2.291873] ohci-platform ee0e0000.usb: Generic Platform OHCI controller
[    2.298586] ohci-platform ee0e0000.usb: new USB bus registered, assigned bus number 6
[    2.306454] ohci-platform ee0e0000.usb: irq 177, io mem 0xee0e0000
[    2.399772] hub 6-0:1.0: USB hub found
[    2.403540] hub 6-0:1.0: 1 port detected
[    2.407875] ohci-exynos: OHCI Exynos driver
[    2.412301] usbcore: registered new interface driver usb-storage
[    2.419968] renesas_usbhs e6590000.usb: host probed
[    2.424857] renesas_usbhs e6590000.usb: no transceiver found
[    2.430579] renesas_usbhs e6590000.usb: gadget probed
[    2.435799] renesas_usbhs e6590000.usb: probed
[    2.440689] renesas_usbhs e659c000.usb: host probed
[    2.445585] renesas_usbhs e659c000.usb: no transceiver found
[    2.451299] renesas_usbhs e659c000.usb: gadget probed
[    2.456501] renesas_usbhs e659c000.usb: probed
[    2.463421] i2c /dev entries driver
[    2.477982] cs2000-cp 2-004f: revision - C1
[    2.482223] i2c-rcar e6510000.i2c: probed
[    2.487049] pca953x 4-0020: supply vcc not found, using dummy regulator
[    2.493746] pca953x 4-0020: using no AI
[    2.498393] gpio-355 (PCIE/SATA switch): hogged as output/low
[    2.510656] i2c-rcar e66d8000.i2c: probed
[    2.515955] adv748x 4-0070: Endpoint /soc/i2c@e66d8000/video-receiver@70/port@7/endpoint on port 7
[    2.524937] adv748x 4-0070: Endpoint /soc/i2c@e66d8000/video-receiver@70/port@8/endpoint on port 8
[    2.533910] adv748x 4-0070: Endpoint /soc/i2c@e66d8000/video-receiver@70/port@a/endpoint on port 10
[    2.542976] adv748x 4-0070: Endpoint /soc/i2c@e66d8000/video-receiver@70/port@b/endpoint on port 11
[    2.552360] adv748x 4-0070: chip found @ 0xe0 revision 2143
[    2.605748] rcar-csi2 fea80000.csi2: 1 lanes found
[    2.610853] rcar-csi2 feaa0000.csi2: 4 lanes found
[    2.620535] rcar-vin e6ef0000.video: Device registered as video0
[    2.626617] rcar-vin e6ef1000.video: Device registered as video1
[    2.632701] rcar-vin e6ef2000.video: Device registered as video2
[    2.638781] rcar-vin e6ef3000.video: Device registered as video3
[    2.644860] rcar-vin e6ef4000.video: Device registered as video4
[    2.650943] rcar-vin e6ef5000.video: Device registered as video5
[    2.657030] rcar-vin e6ef6000.video: Device registered as video6
[    2.663111] rcar-vin e6ef7000.video: Device registered as video7
[    2.671853] rcar_gen3_thermal e6198000.thermal: is using pseudo fixed FUSE values
[    2.684050] rcar_gen3_thermal e6198000.thermal: TSC0: Loaded 1 trip points
[    2.695295] rcar_gen3_thermal e6198000.thermal: TSC1: Loaded 1 trip points
[    2.706457] rcar_gen3_thermal e6198000.thermal: TSC2: Loaded 3 trip points
[    2.718509] sdhci: Secure Digital Host Controller Interface driver
[    2.724702] sdhci: Copyright(c) Pierre Ossman
[    2.729853] Synopsys Designware Multimedia Card Interface Driver
[    2.730541] renesas_sdhi_internal_dmac ee140000.mmc: Adding to iommu group 0
[    2.730659] renesas_sdhi_internal_dmac ee160000.mmc: Got CD GPIO
[    2.730662] renesas_sdhi_internal_dmac ee100000.mmc: Got CD GPIO
[    2.730689] renesas_sdhi_internal_dmac ee160000.mmc: Got WP GPIO
[    2.730696] renesas_sdhi_internal_dmac ee100000.mmc: Got WP GPIO
[    2.737147] sdhci-pltfm: SDHCI platform and OF driver helper
[    2.742987] renesas_sdhi_internal_dmac ee140000.mmc: Using IPMMU context 1
[    2.780038] ledtrig-cpu: registered to indicate activity on CPUs
[    2.786975] SMCCC: SOC_ID: ARCH_SOC_ID not implemented, skipping ....
[    2.793993] usbcore: registered new interface driver usbhid
[    2.799570] usbhid: USB HID core driver
[    2.807143] optee: probing for conduit method.
[    2.811608] optee: revision 3.22 (314ecf9d)
[    2.811896] optee driver R-Car Rev.1.0.11
[    2.820458] optee: dynamic shared memory is enabled
[    2.825617] optee: initialized driver
[    2.828968] renesas_sdhi_internal_dmac ee140000.mmc: mmc0 base at 0x00000000ee140000, max clock rate 200 MHz
[    2.843184] rcar_sound ec500000.sound: probed
[    2.848249] NET: Registered protocol family 17
[    2.852813] 9pnet: Installing 9P2000 support
[    2.857128] Key type dns_resolver registered
[    2.861675] registered taskstats version 1
[    2.865786] Loading compiled-in X.509 certificates
[    2.880467] thermal emergency: set temperature to 110 celsius
[    2.886422] thermal emergency: shutdown target cpus 1-7
[    2.891651] thermal emergency: freq scaled target cpus 0
[    2.897311] renesas_irqc e61c0000.interrupt-controller: driving 6 irqs
[    2.911406] mmc0: new HS400 MMC card at address 0001
[    2.917209] mmcblk0: mmc0:0001 BGSD3R 29.1 GiB 
[    2.922102] mmcblk0boot0: mmc0:0001 BGSD3R partition 1 16.0 MiB
[    2.928354] mmcblk0boot1: mmc0:0001 BGSD3R partition 2 16.0 MiB
[    2.934554] mmcblk0rpmb: mmc0:0001 BGSD3R partition 3 4.00 MiB, chardev (509:0)
[    2.941490] ehci-platform ee080100.usb: EHCI Host Controller
[    2.943630]  mmcblk0: p1
[    2.947578] ehci-platform ee080100.usb: new USB bus registered, assigned bus number 7
[    2.957992] ehci-platform ee080100.usb: irq 174, io mem 0xee080100
[    2.977475] ehci-platform ee080100.usb: USB 2.0 started, EHCI 1.10
[    2.984102] hub 7-0:1.0: USB hub found
[    2.987876] hub 7-0:1.0: 1 port detected
[    2.992923] ohci-platform ee080000.usb: Generic Platform OHCI controller
[    2.999645] ohci-platform ee080000.usb: new USB bus registered, assigned bus number 8
[    3.007525] ohci-platform ee080000.usb: irq 174, io mem 0xee080000
[    3.103888] hub 8-0:1.0: USB hub found
[    3.107659] hub 8-0:1.0: 1 port detected
[    3.112802] cpu cpu0: EM: created perf domain
[    3.117676] cpu cpu4: EM: created perf domain
[    3.127247] renesas_sdhi_internal_dmac ee160000.mmc: Got CD GPIO
[    3.128043] renesas_sdhi_internal_dmac ee100000.mmc: Got CD GPIO
[    3.133514] renesas_sdhi_internal_dmac ee160000.mmc: Got WP GPIO
[    3.133912] [drm] Initialized rcar-du 1.0.0 20130110 for feb00000.display on minor 0
[    3.133914] [drm] Device feb00000.display probed
[    3.139354] renesas_sdhi_internal_dmac ee100000.mmc: Got WP GPIO
[    3.194887] renesas_sdhi_internal_dmac ee160000.mmc: mmc2 base at 0x00000000ee160000, max clock rate 200 MHz
[    3.203496] Console: switching to colour frame buffer device 128x48
[    3.210830] renesas_sdhi_internal_dmac ee100000.mmc: mmc1 base at 0x00000000ee100000, max clock rate 200 MHz
[    3.244522] rcar-du feb00000.display: [drm] fb0: rcar-dudrmfb frame buffer device
[    3.256975] input: keys as /devices/platform/keys/input/input0
[    3.336636] Micrel KSZ9031 Gigabit PHY e6800000.ethernet-ffffffff:00: attached PHY driver [Micrel KSZ9031 Gigabit PHY] (mii_bus:phy_addr=e6800000.ethernet-ffffffff:00, irq=183)
[   10.032480] ravb e6800000.ethernet eth0: Link is Up - 1Gbps/Full - flow control off
[   10.057524] IP-Config: Guessing netmask 255.255.255.0
[   10.062681] IP-Config: Complete:
[   10.065990]      device=eth0, hwaddr=2e:09:0a:03:84:20, ipaddr=192.168.10.104, mask=255.255.255.0, gw=255.255.255.255
[   10.076805]      host=192.168.10.104, domain=, nis-domain=(none)
[   10.082934]      bootserver=255.255.255.255, rootserver=192.168.10.98, rootpath=
[   10.083539] ALSA device list:
[   10.094154]   No soundcards found.
[   10.395058] VFS: Mounted root (nfs4 filesystem) on device 0:22.
[   10.402040] devtmpfs: mounted
[   10.408716] Freeing unused kernel memory: 6080K
[   10.433617] Run /sbin/init as init process
[   10.628354] systemd[1]: System time before build time, advancing clock.
[   11.054732] NET: Registered protocol family 10
[   11.063317] Segment Routing with IPv6
[   11.087954] systemd[1]: systemd 244 running in system mode. (+PAM -AUDIT -SELINUX +IMA -APPARMOR -SMACK +SYSVINIT +UTMP -LIBCRYPTSETUP -GCRYPT -GNUTLS +ACL +XZ -LZ4 -SECCOMP +BLKID -ELFUTILS +KMOD -IDN2 -IDN -PCRE2 default-hierarchy=hybrid)
[   11.112193] systemd[1]: Detected architecture arm64.

Welcome to [1mPoky (Yocto Project Reference Distro) 3.1.11 (dunfell)[0m!

[   11.148207] systemd[1]: Set hostname to <salvator-x>.
[   11.413541] random: crng init done
[   11.995254] systemd[1]: system-getty.slice: unit configures an IP firewall, but the local system does not support BPF/cgroup firewalling.
[   12.016370] systemd[1]: (This warning is only shown for the first unit using IP firewalling.)
[   12.031495] systemd[1]: Created slice system-getty.slice.
[[0;32m  OK  [0m] Created slice [0;1;39msystem-getty.slice[0m.
[   12.058688] systemd[1]: Created slice system-serial\x2dgetty.slice.
[[0;32m  OK  [0m] Created slice [0;1;39msystem-serial\x2dgetty.slice[0m.
[   12.082705] systemd[1]: Created slice User and Session Slice.
[[0;32m  OK  [0m] Created slice [0;1;39mUser and Session Slice[0m.
[   12.105984] systemd[1]: Started Dispatch Password Requests to Console Directory Watch.
[[0;32m  OK  [0m] Started [0;1;39mDispatch Password â€¦ts to Console Directory Watch[0m.
[   12.133908] systemd[1]: Started Forward Password Requests to Wall Directory Watch.
[[0;32m  OK  [0m] Started [0;1;39mForward Password Râ€¦uests to Wall Directory Watch[0m.
[   12.161805] systemd[1]: Reached target Paths.
[[0;32m  OK  [0m] Reached target [0;1;39mPaths[0m.
[   12.185660] systemd[1]: Reached target Remote File Systems.
[[0;32m  OK  [0m] Reached target [0;1;39mRemote File Systems[0m.
[   12.209630] systemd[1]: Reached target Slices.
[[0;32m  OK  [0m] Reached target [0;1;39mSlices[0m.
[   12.233636] systemd[1]: Reached target Swap.
[[0;32m  OK  [0m] Reached target [0;1;39mSwap[0m.
[   12.260911] systemd[1]: Listening on RPCbind Server Activation Socket.
[[0;32m  OK  [0m] Listening on [0;1;39mRPCbind Server Activation Socket[0m.
[   12.289710] systemd[1]: Reached target RPC Port Mapper.
[[0;32m  OK  [0m] Reached target [0;1;39mRPC Port Mapper[0m.
[   12.314005] systemd[1]: Listening on initctl Compatibility Named Pipe.
[[0;32m  OK  [0m] Listening on [0;1;39minitctl Compatibility Named Pipe[0m.
[   12.343805] systemd[1]: Listening on Journal Audit Socket.
[[0;32m  OK  [0m] Listening on [0;1;39mJournal Audit Socket[0m.
[   12.371495] systemd[1]: Listening on Journal Socket (/dev/log).
[[0;32m  OK  [0m] Listening on [0;1;39mJournal Socket (/dev/log)[0m.
[   12.398366] systemd[1]: Listening on Journal Socket.
[[0;32m  OK  [0m] Listening on [0;1;39mJournal Socket[0m.
[   12.423451] systemd[1]: Listening on Network Service Netlink Socket.
[[0;32m  OK  [0m] Listening on [0;1;39mNetwork Service Netlink Socket[0m.
[   12.452087] systemd[1]: Listening on udev Control Socket.
[[0;32m  OK  [0m] Listening on [0;1;39mudev Control Socket[0m.
[   12.478150] systemd[1]: Listening on udev Kernel Socket.
[[0;32m  OK  [0m] Listening on [0;1;39mudev Kernel Socket[0m.
[   12.507218] systemd[1]: Mounting Huge Pages File System...
         Mounting [0;1;39mHuge Pages File System[0m...
[   12.534786] systemd[1]: Mounting POSIX Message Queue File System...
         Mounting [0;1;39mPOSIX Message Queue File System[0m...
[   12.566715] systemd[1]: Mounting Kernel Debug File System...
         Mounting [0;1;39mKernel Debug File System[0m...
[   12.597206] systemd[1]: Mounting Temporary Directory (/tmp)...
         Mounting [0;1;39mTemporary Directory (/tmp)[0m...
[   12.627574] systemd[1]: Starting Create list of static device nodes for the current kernel...
         Starting [0;1;39mCreate list of stâ€¦odes for the current kernel[0m...
[   12.662586] systemd[1]: Starting Start psplash boot splash screen...
         Starting [0;1;39mStart psplash boot splash screen[0m...
[   12.697328] systemd[1]: Starting RPC Bind...
         Starting [0;1;39mRPC Bind[0m...
[   12.722198] systemd[1]: Condition check resulted in File System Check on Root Device being skipped.
[   12.738042] systemd[1]: Starting Journal Service...
         Starting [0;1;39mJournal Service[0m...
[   12.765928] systemd[1]: Starting Load Kernel Modules...
         Starting [0;1;39mLoad Kernel Modules[0m...
[   12.790787] systemd[1]: Starting Remount Root and Kernel File Systems...
         Starting [0;1;39mRemount Root and Kernel File Systems[0m...
[   12.818722] systemd[1]: Starting udev Coldplug all Devices...
         Starting [0;1;39mudev Coldplug all Devices[0m...
[   12.842483] systemd[1]: Started Start psplash boot splash screen.
[[0;32m  OK  [0m] Started [0;1;39mStart psplash boot splash screen[0m.
[   12.866376] systemd[1]: Started RPC Bind.
[[0;32m  OK  [0m] Started [0;1;39mRPC Bind[0m.
[   12.886354] systemd[1]: Started Journal Service.
[[0;32m  OK  [0m] Started [0;1;39mJournal Service[0m.
[[0;32m  OK  [0m] Mounted [0;1;39mHuge Pages File System[0m.
[[0;32m  OK  [0m] Mounted [0;1;39mPOSIX Message Queue File System[0m.
[[0;32m  OK  [0m] Mounted [0;1;39mKernel Debug File System[0m.
[[0;32m  OK  [0m] Mounted [0;1;39mTemporary Directory (/tmp)[0m.
[[0;32m  OK  [0m] Started [0;1;39mCreate list of staâ€¦ nodes for the current kernel[0m.
[[0;32m  OK  [0m] Started [0;1;39mLoad Kernel Modules[0m.
[[0;32m  OK  [0m] Started [0;1;39mRemount Root and Kernel File Systems[0m.
         Mounting [0;1;39mKernel Configuration File System[0m...
[[0;32m  OK  [0m] Started [0;1;39mStart psplash-systâ€¦progress communication helper[0m.
         Starting [0;1;39mFlush Journal to Persistent Storage[0m...
[   13.106041] systemd-journald[372]: Received client request to flush runtime journal.
         Starting [0;1;39mApply Kernel Variables[0m...
         Starting [0;1;39mCreate Static Device Nodes in /dev[0m...
[[0;32m  OK  [0m] Mounted [0;1;39mKernel Configuration File System[0m.
[[0;32m  OK  [0m] Started [0;1;39mFlush Journal to Persistent Storage[0m.
[[0;32m  OK  [0m] Started [0;1;39mApply Kernel Variables[0m.
[[0;32m  OK  [0m] Started [0;1;39mCreate Static Device Nodes in /dev[0m.
[[0;32m  OK  [0m] Reached target [0;1;39mLocal File Systems (Pre)[0m.
         Mounting [0;1;39m/var/volatile[0m...
         Starting [0;1;39mudev Kernel Device Manager[0m...
[[0;32m  OK  [0m] Mounted [0;1;39m/var/volatile[0m.
         Starting [0;1;39mLoad/Save Random Seed[0m...
[[0;32m  OK  [0m] Reached target [0;1;39mLocal File Systems[0m.
         Starting [0;1;39mCreate Volatile Files and Directories[0m...
[[0;32m  OK  [0m] Started [0;1;39mLoad/Save Random Seed[0m.
[[0;32m  OK  [0m] Started [0;1;39mudev Kernel Device Manager[0m.
         Starting [0;1;39mNetwork Service[0m...
[[0;32m  OK  [0m] Started [0;1;39mudev Coldplug all Devices[0m.
[[0;32m  OK  [0m] Started [0;1;39mCreate Volatile Files and Directories[0m.
[[0;32m  OK  [0m] Started [0;1;39mNetwork Service[0m.
         Starting [0;1;39mNetwork Name Resolution[0m...
         Starting [0;1;39mNetwork Time Synchronization[0m...
         Starting [0;1;39mUpdate UTMP about System Boot/Shutdown[0m...
[[0;32m  OK  [0m] Started [0;1;39mUpdate UTMP about System Boot/Shutdown[0m.
[   13.658676] pwm-backlight: probe of backlight failed with error -16
[   13.700610] at24 7-0050: supply vcc not found, using dummy regulator
[[0;32m  OK  [0m] Started [0;1;39mNetwork Time Synchronization[0m.
[   13.714911] at24 7-0050: 128 byte br24t01 EEPROM, writable, 8 bytes/write
[[0;32m  OK  [0m] Reached target [0;1;39mSystem Initialization[0m.
[[0;32m  OK  [0m] Started [0;1;39mDaily Cleanup of Temporary Directories[0m.
[[0;32m  OK  [0m] Reached target [0;1;39mSystem Time Set[0m.
[[0;32m  OK  [0m] Reached target [0;1;39mSystem Time Synchronized[0m.
[[0;32m  OK  [0m] Reached target [0;1;39mTimers[0m.
[[0;32m  OK  [0m] Reached target [0;1;39mHardware activated USB gadget[0m.
[[0;32m  OK  [0m] Listening on [0;1;39mAvahi mDNS/DNS-SD Stack Activation Socket[0m.
[[0;32m  OK  [0m] Listening on [0;1;39mD-Bus System Message Bus Socket[0m.
[   13.877179] renesas_usb3 ee020000.usb: probed with phy
[[0;32m  OK  [0m] Listening on [0;1;39mdropbear.socket[0m.
[[0;32m  OK  [0m] Reached target [0;1;39mSockets[0m.
[   13.913313] ccree e6601000.crypto: ARM CryptoCell 630P Driver: HW version 0xAF400001/0xDCC63000, Driver version 5.0
[[0;32m  OK  [0m] Reached target [0;1;39mBasic System[0m.
[[0;32m  OK  [0m] Started [0;1;39mD-Bus System Message Bus[0m.
[[0;32m  OK  [0m] Started [0;1;39moptee services[0m.
         Starting [0;1;39mpvrinit.service[0m...
[   13.996898] ccree e6601000.crypto: ARM ccree device initialized
         Starting [0;1;39mPowerVR consumer services[0m...
         Starting [0;1;39mLogin Service[0m...
[   14.035320] xhci-hcd ee000000.usb: xHCI Host Controller

[   14.043230] xhci-hcd ee000000.usb: new USB bus registered, assigned bus number 9
[[0;32m  OK  [0m] Started [0;1;39mNetwork Name Resolution[0m.
[   14.066796] xhci-hcd ee000000.usb: hcc params 0x014051ce hci version 0x100 quirks 0x0000000000830410
[   14.076025] xhci-hcd ee000000.usb: irq 172, io mem 0xee000000
[   14.081992] xhci-hcd ee000000.usb: xHCI Host Controller
[   14.087299] xhci-hcd ee000000.usb: new USB bus registered, assigned bus number 10
[   14.094842] xhci-hcd ee000000.usb: Host supports USB 3.0 SuperSpeed
[   14.101772] hub 9-0:1.0: USB hub found
[   14.105611] hub 9-0:1.0: 1 port detected
[   14.117198] usb usb10: We don't know the algorithms for LPM for this host, disabling LPM.
[[0;1;31mFAILED[   14.126013] hub 10-0:1.0: USB hub found
[0m] Failed to [   14.130901] hub 10-0:1.0: 1 port detected
start [0;1;39mPowerVR consumer services[0m.
See 'systemctl status rc.pvr.service' for details.
[[0;1;38;5;185mDEPEND[0m] Dependency failed for [0;1;39mWeston Wayland Compositor[0m.
[[0;1;31mFAILED[0m] Failed to start [0;1;39mpvrinit.service[0m.
See 'systemctl status pvrinit.service' for details.
[[0;32m  OK  [0m] Created slice [0;1;39msystem-weston.slice[0m.
[[0;32m  OK  [0m] Reached target [0;1;39mNetwork[0m.
[[0;32m  OK  [0m] Reached target [0;1;39mHost and Network Name Lookups[0m.
         Starting [0;1;39mAvahi mDNS/DNS-SD Stack[0m...
         Starting [0;1;39mset_default_governor.service[0m...
         Starting [0;1;39mPermit User Sessions[0m...
[[0;32m  OK  [0m] Started [0;1;39mXinetd A Powerful Replacement For Inetd[0m.
[[0;32m  OK  [0m] Started [0;1;39mPermit User Sessions[0m.
[   14.397807] rd 0-7: Disabling EAS, schedutil is mandatory
[[0;32m  OK  [0m] Started [0;1;39mAvahi mDNS/DNS-SD Stack[0m.
[[0;32m  OK  [0m] Started [0;1;39mLogin Service[0m.
[[0;32m  OK  [0m] Started [0;1;39mset_default_governor.service[0m.
[[0;32m  OK  [0m] Started [0;1;39mGetty on tty1[0m.
[[0;32m  OK  [0m] Started [0;1;39mSerial Getty on ttySC0[0m.
[[0;32m  OK  [0m] Reached target [0;1;39mLogin Prompts[0m.
[[0;32m  OK  [0m] Reached target [0;1;39mMulti-User System[0m.
         Starting [0;1;39mUpdate UTMP about System Runlevel Changes[0m...
[[0;32m  OK  [0m] Started [0;1;39mUpdate UTMP about System Runlevel Changes[0m.
[   14.702056] usb 10-1: new SuperSpeed Gen 1 USB device number 2 using xhci-hcd
[   14.735035] usb-storage 10-1:1.0: USB Mass Storage device detected
[   14.743163] scsi host1: usb-storage 10-1:1.0


Poky (Yocto Project Reference Distro) 3.1.11 salvator-x ttySC0

salvator-x login: [   15.775319] scsi 1:0:0:0: Direct-Access     SanDisk  Ultra            1.00 PQ: 0 ANSI: 6
[   15.785235] sd 1:0:0:0: [sda] 121307136 512-byte logical blocks: (62.1 GB/57.8 GiB)
[   15.794450] sd 1:0:0:0: [sda] Write Protect is off
[   15.800060] sd 1:0:0:0: [sda] Write cache: disabled, read cache: enabled, doesn't support DPO or FUA
[   15.838991]  sda: sda1
[   15.844704] sd 1:0:0:0: [sda] Attached SCSI removable disk


salvator-x login: root

[   16.803412] audit: type=1006 audit(1703064538.172:2): pid=548 uid=0 old-auid=4294967295 auid=0 tty=(none) old-ses=4294967295 ses=1 res=1
7[r[999;999H[6n8root@salvator-x:~# 
root@salvator-x:~# 
root@salvator-x:~# 
root@salvator-x:~# 
root@salvator-x:~# 
root@salvator-x:~# 
root@salvator-x:~# 
root@salvator-x:~# 
root@salvator-x:~# 
root@salvator-x:~# find /sys/devices/platform/soc/ee000000.usb/ -name 'sd*'
/sys/devices/platform/soc/ee000000.usb/usb10/10-1/10-1:1.0/host1/target1:0:0/1:0:0:0/block/sda
/sys/devices/platform/soc/ee000000.usb/usb10/10-1/10-1:1.0/host1/target1:0:0/1:0:0:0/block/sda/sda1
root@salvator-x:~# 
root@salvator-x:~# dd if=/dev/sda1 of=/dev/null bs=512 count=1 skip=8
1+0 records in
1+0 records out
512 bytes copied, 0.000836659 s, 612 kB/s
root@salvator-x:~# 
root@salvator-x:~# dd if=/dev/zero of=/dev/sda1 bs=512 count=1 seek=8
1+0 records in
1+0 records out
512 bytes copied, 0.00400505 s, 128 kB/s
root@salvator-x:~# 
 
#### Result: OK ####
