
------------ BOARD -------------

Reset board with button reset board 0x15: salvator_h3
Push reset button
Release reset button
NOTICE:  BL2: R-Car Gen3 Initial Program Loader(CA57) Rev.4.0.0
NOTICE:  BL2: PRR is R-Car H3 Ver.3.0
NOTICE:  BL2: Board is Salvator-XS Rev.1.1
NOTICE:  BL2: Boot device is HyperFlash(160MHz)
NOTICE:  BL2: LCM state is CM
NOTICE:  AVS setting succeeded. DVFS_SetVID=0x53
NOTICE:  BL2: DDR3200(rev.0.42)
NOTICE:  BL2: [COLD_BOOT]
NOTICE:  BL2: DRAM Split is 4ch(DDR f)
NOTICE:  BL2: QoS is default setting(rev.0.11)
NOTICE:  BL2: DRAM refresh interval 1.95 usec
NOTICE:  BL2: Periodic Write DQ Training
NOTICE:  BL2: CH0: 400000000 - 47fffffff, 2 GiB
NOTICE:  BL2: CH1: 500000000 - 57fffffff, 2 GiB
NOTICE:  BL2: CH2: 600000000 - 67fffffff, 2 GiB
NOTICE:  BL2: CH3: 700000000 - 77fffffff, 2 GiB
NOTICE:  BL2: Lossy Decomp areas
NOTICE:       Entry 0: DCMPAREACRAx:0x80000540 DCMPAREACRBx:0x570
NOTICE:       Entry 1: DCMPAREACRAx:0x40000000 DCMPAREACRBx:0x0
NOTICE:       Entry 2: DCMPAREACRAx:0x20000000 DCMPAREACRBx:0x0
NOTICE:  BL2: FDT at 0xe6327f70
NOTICE:  BL2: v2.9(release):9cdb21f75
NOTICE:  BL2: Built : 05:25:39, Dec 19 2023
NOTICE:  BL2: Normal boot
NOTICE:  BL2: dst=0xe6327800 src=0x8180000 len=512(0x200)
NOTICE:  BL2: dst=0x43f00000 src=0x8180400 len=6144(0x1800)
NOTICE:  rcar_file_len: len: 0x0003e000
NOTICE:  BL2: dst=0x44000000 src=0x81c0000 len=253952(0x3e000)
NOTICE:  rcar_file_len: len: 0x00200000
NOTICE:  BL2: dst=0x44100000 src=0x8200000 len=2097152(0x200000)
NOTICE:  rcar_file_len: len: 0x00100000
NOTICE:  BL2: dst=0x50000000 src=0x8640000 len=1048576(0x100000)
NOTICE:  BL2: Booting BL31


U-Boot 2020.10 (Dec 19 2023 - 14:30:40 +0000)

CPU: Renesas Electronics R8A7795 rev 3.0
Model: Renesas Salvator-X 2nd version board based on r8a77951
DRAM:  7.9 GiB
RAM Configuration:
Bank #0: 0x048000000 - 0x0bfffffff, 1.9 GiB
Bank #1: 0x500000000 - 0x57fffffff, 2 GiB
Bank #2: 0x600000000 - 0x67fffffff, 2 GiB
Bank #3: 0x700000000 - 0x77fffffff, 2 GiB

MMC:   sd@ee100000: 0, sd@ee140000: 1, sd@ee160000: 2
Loading Environment from MMC... OK
In:    serial@e6e88000
Out:   serial@e6e88000
Err:   serial@e6e88000
Net:   eth0: ethernet@e6800000
Hit any key to stop autoboot:  2  1  0 
ethernet@e6800000 Waiting for PHY auto negotiation to complete........... done
Using ethernet@e6800000 device
TFTP from server 192.168.10.98; our IP address is 192.168.10.107
Filename 'BV/PT3/boot_USB3H/Image'.
Load address: 0x48080000
Loading: *#################################################################
	 #################################################################
	 #################################################################
	 #################################################################
	 #################################################################
	 #################################################################
	 #################################################################
	 #################################################################
	 #################################################################
	 #################################################################
	 #################################################################
	 #################################################################
	 #################################################################
	 #################################################################
	 #################################################################
	 #################################################################
	 #################################################################
	 #################################################################
	 #################################################################
	 #################################################################
	 #################################################################
	 #################################################################
	 #################################################################
	 #################################################################
	 #################################################################
	 #################################################################
	 #################################################################
	 #################################################################
	 #################################################################
	 #################################################################
	 #################################################################
	 #################################################################
	 #################################################################
	 #################################################################
	 ##############################################
	 4 MiB/s
done
Bytes transferred = 33112576 (1f94200 hex)
Using ethernet@e6800000 device
TFTP from server 192.168.10.98; our IP address is 192.168.10.107
Filename 'BV/PT3/boot_USB3H/r8a77951-salvator-xs.dtb'.
Load address: 0x48000000
Loading: *#######
	 6.7 MiB/s
done
Bytes transferred = 90876 (162fc hex)
Moving Image from 0x48080000 to 0x48200000, end=4a220000
## Flattened Device Tree blob at 48000000
   Booting using the fdt blob at 0x48000000
   Loading Device Tree to 0000000053fe6000, end 0000000053fff2fb ... OK

Starting kernel ...

[    0.000000] Booting Linux on physical CPU 0x0000000000 [0x411fd073]
[    0.000000] Linux version 5.10.194-yocto-standard (thuan.nguyen-hong@banvien) (aarch64-poky-linux-gcc (GCC) 9.3.0, GNU ld (GNU Binutils) 2.34.0.20200220) #13 SMP PREEMPT Sat Feb 3 10:27:40 UTC 2024
[    0.000000] Machine model: Renesas Salvator-X 2nd version board based on r8a77951
[    0.000000] efi: UEFI not found.
[    0.000000] Reserved memory: created CMA memory pool at 0x0000000057000000, size 16 MiB
[    0.000000] OF: reserved mem: initialized node linux,adsp@57000000, compatible id shared-dma-pool
[    0.000000] Reserved memory: created CMA memory pool at 0x0000000058000000, size 384 MiB
[    0.000000] OF: reserved mem: initialized node linux,cma@58000000, compatible id shared-dma-pool
[    0.000000] Reserved memory: created CMA memory pool at 0x0000000070000000, size 256 MiB
[    0.000000] OF: reserved mem: initialized node linux,multimedia@70000000, compatible id shared-dma-pool
[    0.000000] NUMA: No NUMA configuration found
[    0.000000] NUMA: Faking a node at [mem 0x0000000048000000-0x000000077fffffff]
[    0.000000] NUMA: NODE_DATA [mem 0x77efdab00-0x77efdcfff]
[    0.000000] Zone ranges:
[    0.000000]   DMA      [mem 0x0000000048000000-0x000000007fffffff]
[    0.000000]   DMA32    [mem 0x0000000080000000-0x00000000ffffffff]
[    0.000000]   Normal   [mem 0x0000000100000000-0x000000077fffffff]
[    0.000000] Movable zone start for each node
[    0.000000] Early memory node ranges
[    0.000000]   node   0: [mem 0x0000000048000000-0x0000000053ffffff]
[    0.000000]   node   0: [mem 0x0000000054000000-0x0000000056ffffff]
[    0.000000]   node   0: [mem 0x0000000057000000-0x00000000bfffffff]
[    0.000000]   node   0: [mem 0x0000000500000000-0x000000057fffffff]
[    0.000000]   node   0: [mem 0x0000000600000000-0x000000067fffffff]
[    0.000000]   node   0: [mem 0x0000000700000000-0x000000077fffffff]
[    0.000000] Initmem setup node 0 [mem 0x0000000048000000-0x000000077fffffff]
[    0.000000] psci: probing for conduit method from DT.
[    0.000000] psci: PSCIv1.1 detected in firmware.
[    0.000000] psci: Using standard PSCI v0.2 function IDs
[    0.000000] psci: Trusted OS resident on physical CPU 0x0
[    0.000000] psci: SMC Calling Convention v1.2
[    0.000000] percpu: Embedded 23 pages/cpu s56984 r8192 d29032 u94208
[    0.000000] Detected PIPT I-cache on CPU0
[    0.000000] CPU features: detected: EL2 vector hardening
[    0.000000] CPU features: detected: Spectre-v2
[    0.000000] CPU features: detected: ARM errata 1165522, 1319367, or 1530923
[    0.000000] CPU features: detected: Spectre-BHB
[    0.000000] CPU features: detected: ARM erratum 1742098
[    0.000000] Built 1 zonelists, mobility grouping on.  Total pages: 2032128
[    0.000000] Policy zone: Normal
[    0.000000] Kernel command line: rw root=/dev/nfs nfsroot=192.168.10.98:/data/tftpboot/BV/PT3/rootfs_H3,nfsvers=4 ip=192.168.10.107
[    0.000000] Dentry cache hash table entries: 1048576 (order: 11, 8388608 bytes, linear)
[    0.000000] Inode-cache hash table entries: 524288 (order: 10, 4194304 bytes, linear)
[    0.000000] mem auto-init: stack:off, heap alloc:off, heap free:off
[    0.000000] software IO TLB: mapped [mem 0x000000004ffe6000-0x0000000053fe6000] (64MB)
[    0.000000] Memory: 7277096K/8257536K available (15104K kernel code, 2832K rwdata, 8204K rodata, 6080K init, 519K bss, 308696K reserved, 671744K cma-reserved)
[    0.000000] SLUB: HWalign=64, Order=0-3, MinObjects=0, CPUs=8, Nodes=1
[    0.000000] rcu: Preemptible hierarchical RCU implementation.
[    0.000000] rcu: 	RCU event tracing is enabled.
[    0.000000] rcu: 	RCU restricting CPUs from NR_CPUS=256 to nr_cpu_ids=8.
[    0.000000] 	Trampoline variant of Tasks RCU enabled.
[    0.000000] rcu: RCU calculated value of scheduler-enlistment delay is 25 jiffies.
[    0.000000] rcu: Adjusting geometry for rcu_fanout_leaf=16, nr_cpu_ids=8
[    0.000000] NR_IRQS: 64, nr_irqs: 64, preallocated irqs: 0
[    0.000000] arch_timer: cp15 timer(s) running at 8.32MHz (virt).
[    0.000000] clocksource: arch_sys_counter: mask: 0xffffffffffffff max_cycles: 0x1eb398c07, max_idle_ns: 440795202503 ns
[    0.000003] sched_clock: 56 bits at 8MHz, resolution 120ns, wraps every 2199023255503ns
[    0.000211] Console: colour dummy device 80x25
[    0.000418] printk: console [tty0] enabled
[    0.000495] Calibrating delay loop (skipped), value calculated using timer frequency.. 16.64 BogoMIPS (lpj=33280)
[    0.000511] pid_max: default: 32768 minimum: 301
[    0.000570] LSM: Security Framework initializing
[    0.000659] Mount-cache hash table entries: 16384 (order: 5, 131072 bytes, linear)
[    0.000711] Mountpoint-cache hash table entries: 16384 (order: 5, 131072 bytes, linear)
[    0.002212] rcu: Hierarchical SRCU implementation.
[    0.003852] Detected Renesas R-Car Gen3 r8a7795 ES3.0
[    0.006027] EFI services will not be available.
[    0.006382] smp: Bringing up secondary CPUs ...
[    0.006852] Detected PIPT I-cache on CPU1
[    0.006906] CPU1: Booted secondary processor 0x0000000001 [0x411fd073]
[    0.007401] Detected PIPT I-cache on CPU2
[    0.007424] CPU2: Booted secondary processor 0x0000000002 [0x411fd073]
[    0.007865] Detected PIPT I-cache on CPU3
[    0.007887] CPU3: Booted secondary processor 0x0000000003 [0x411fd073]
[    0.008360] CPU features: detected: ARM erratum 845719
[    0.008372] Detected VIPT I-cache on CPU4
[    0.008419] CPU4: Booted secondary processor 0x0000000100 [0x410fd034]
[    0.008903] Detected VIPT I-cache on CPU5
[    0.008930] CPU5: Booted secondary processor 0x0000000101 [0x410fd034]
[    0.009378] Detected VIPT I-cache on CPU6
[    0.009405] CPU6: Booted secondary processor 0x0000000102 [0x410fd034]
[    0.009849] Detected VIPT I-cache on CPU7
[    0.009876] CPU7: Booted secondary processor 0x0000000103 [0x410fd034]
[    0.009956] smp: Brought up 1 node, 8 CPUs
[    0.010019] SMP: Total of 8 processors activated.
[    0.010027] CPU features: detected: 32-bit EL0 Support
[    0.010034] CPU features: detected: CRC32 instructions
[    0.010041] CPU features: detected: 32-bit EL1 Support
[    0.023658] CPU: All CPU(s) started at EL1
[    0.023713] alternatives: patching kernel code
[    0.024924] devtmpfs: initialized
[    0.031725] KASLR disabled due to lack of seed
[    0.031878] clocksource: jiffies: mask: 0xffffffff max_cycles: 0xffffffff, max_idle_ns: 7645041785100000 ns
[    0.031900] futex hash table entries: 2048 (order: 5, 131072 bytes, linear)
[    0.041022] pinctrl core: initialized pinctrl subsystem
[    0.042593] DMI not present or invalid.
[    0.043112] NET: Registered protocol family 16
[    0.044080] DMA: preallocated 1024 KiB GFP_KERNEL pool for atomic allocations
[    0.044281] DMA: preallocated 1024 KiB GFP_KERNEL|GFP_DMA pool for atomic allocations
[    0.044570] DMA: preallocated 1024 KiB GFP_KERNEL|GFP_DMA32 pool for atomic allocations
[    0.044609] audit: initializing netlink subsys (disabled)
[    0.044797] audit: type=2000 audit(0.044:1): state=initialized audit_enabled=0 res=1
[    0.045995] thermal_sys: Registered thermal governor 'power_allocator'
[    0.046522] cpuidle: using governor menu
[    0.046703] hw-breakpoint: found 6 breakpoint and 4 watchpoint registers.
[    0.046828] ASID allocator initialised with 65536 entries
[    0.048158] Serial: AMBA PL011 UART driver
[    0.090933] sh-pfc e6060000.pinctrl: r8a77951_pfc support registered
[    0.105713] HugeTLB registered 1.00 GiB page size, pre-allocated 0 pages
[    0.105727] HugeTLB registered 32.0 MiB page size, pre-allocated 0 pages
[    0.105734] HugeTLB registered 2.00 MiB page size, pre-allocated 0 pages
[    0.105742] HugeTLB registered 64.0 KiB page size, pre-allocated 0 pages
[    0.106710] cryptd: max_cpu_qlen set to 1000
[    0.109026] ACPI: Interpreter disabled.
[    0.112885] rcar-avs: use avs value: 0
[    0.112899] rcar-avs: cpu@0 is running with: opp_table0
[    0.112909] rcar-avs: cpu@1 is running with: opp_table0
[    0.112919] rcar-avs: cpu@2 is running with: opp_table0
[    0.112928] rcar-avs: cpu@3 is running with: opp_table0
[    0.113015] rcar-avs: gsx@fd000000 is running with: gsx_opp_table0
[    0.114460] iommu: Default domain type: Translated 
[    0.115040] ipmmu-vmsa e67b0000.iommu: IPMMU context 0 is reserved
[    0.116078] vgaarb: loaded
[    0.116316] SCSI subsystem initialized
[    0.116577] usbcore: registered new interface driver usbfs
[    0.116603] usbcore: registered new interface driver hub
[    0.116630] usbcore: registered new device driver usb
[    0.120181] i2c-sh_mobile e60b0000.i2c: I2C adapter 7, bus speed 400000 Hz
[    0.120735] mc: Linux media interface: v0.10
[    0.120758] videodev: Linux video capture interface: v2.00
[    0.120808] pps_core: LinuxPPS API ver. 1 registered
[    0.120816] pps_core: Software ver. 5.3.6 - Copyright 2005-2007 Rodolfo Giometti <giometti@linux.it>
[    0.120830] PTP clock support registered
[    0.121001] EDAC MC: Ver: 3.0.0
[    0.122986] FPGA manager framework
[    0.123050] Advanced Linux Sound Architecture Driver Initialized.
[    0.123647] clocksource: Switched to clocksource arch_sys_counter
[    0.123789] VFS: Disk quotas dquot_6.6.0
[    0.123833] VFS: Dquot-cache hash table entries: 512 (order 0, 4096 bytes)
[    0.123956] pnp: PnP ACPI: disabled
[    0.127462] NET: Registered protocol family 2
[    0.127915] IP idents hash table entries: 131072 (order: 8, 1048576 bytes, linear)
[    0.130190] tcp_listen_portaddr_hash hash table entries: 4096 (order: 4, 65536 bytes, linear)
[    0.130267] TCP established hash table entries: 65536 (order: 7, 524288 bytes, linear)
[    0.130555] TCP bind hash table entries: 65536 (order: 8, 1048576 bytes, linear)
[    0.131167] TCP: Hash tables configured (established 65536 bind 65536)
[    0.131291] UDP hash table entries: 4096 (order: 5, 131072 bytes, linear)
[    0.131404] UDP-Lite hash table entries: 4096 (order: 5, 131072 bytes, linear)
[    0.131630] NET: Registered protocol family 1
[    0.132026] RPC: Registered named UNIX socket transport module.
[    0.132035] RPC: Registered udp transport module.
[    0.132040] RPC: Registered tcp transport module.
[    0.132046] RPC: Registered tcp NFSv4.1 backchannel transport module.
[    0.132058] PCI: CLS 0 bytes, default 64
[    0.132985] hw perfevents: enabled with armv8_cortex_a53 PMU driver, 7 counters available
[    0.133261] hw perfevents: enabled with armv8_cortex_a57 PMU driver, 7 counters available
[    0.133927] kvm [1]: HYP mode not available
[    0.136892] Initialise system trusted keyrings
[    0.137015] workingset: timestamp_bits=42 max_order=21 bucket_order=0
[    0.140143] squashfs: version 4.0 (2009/01/31) Phillip Lougher
[    0.140560] NFS: Registering the id_resolver key type
[    0.140588] Key type id_resolver registered
[    0.140595] Key type id_legacy registered
[    0.140653] nfs4filelayout_init: NFSv4 File Layout Driver Registering...
[    0.140663] nfs4flexfilelayout_init: NFSv4 Flexfile Layout Driver Registering...
[    0.140760] 9p: Installing v9fs 9p2000 file system support
[    0.166591] Key type asymmetric registered
[    0.166603] Asymmetric key parser 'x509' registered
[    0.166634] Block layer SCSI generic (bsg) driver version 0.4 loaded (major 243)
[    0.166645] io scheduler mq-deadline registered
[    0.166656] io scheduler kyber registered
[    0.182933] gpio_rcar e6050000.gpio: driving 16 GPIOs
[    0.183224] gpio_rcar e6051000.gpio: driving 29 GPIOs
[    0.183482] gpio_rcar e6052000.gpio: driving 15 GPIOs
[    0.183795] gpio_rcar e6053000.gpio: driving 16 GPIOs
[    0.184046] gpio_rcar e6054000.gpio: driving 18 GPIOs
[    0.184321] gpio_rcar e6055000.gpio: driving 26 GPIOs
[    0.184608] gpio_rcar e6055400.gpio: driving 32 GPIOs
[    0.184936] gpio_rcar e6055800.gpio: driving 4 GPIOs
[    0.188113] rcar-pcie fe000000.pcie: host bridge /soc/pcie@fe000000 ranges:
[    0.188147] rcar-pcie fe000000.pcie:       IO 0x00fe100000..0x00fe1fffff -> 0x0000000000
[    0.188170] rcar-pcie fe000000.pcie:      MEM 0x00fe200000..0x00fe3fffff -> 0x00fe200000
[    0.188188] rcar-pcie fe000000.pcie:      MEM 0x0030000000..0x0037ffffff -> 0x0030000000
[    0.188202] rcar-pcie fe000000.pcie:      MEM 0x0038000000..0x003fffffff -> 0x0038000000
[    0.188219] rcar-pcie fe000000.pcie:   IB MEM 0x0040000000..0x007fffffff -> 0x0040000000
[    0.188263] rcar-pcie fe000000.pcie: no pcie3v3 regulator found
[    0.188274] rcar-pcie fe000000.pcie: no pcie1v8 regulator found
[    0.255367] rcar-pcie fe000000.pcie: PCIe link down
[    0.255550] rcar-pcie ee800000.pcie: host bridge /soc/pcie@ee800000 ranges:
[    0.255575] rcar-pcie ee800000.pcie:       IO 0x00ee900000..0x00ee9fffff -> 0x0000000000
[    0.255596] rcar-pcie ee800000.pcie:      MEM 0x00eea00000..0x00eebfffff -> 0x00eea00000
[    0.255614] rcar-pcie ee800000.pcie:      MEM 0x00c0000000..0x00c7ffffff -> 0x00c0000000
[    0.255627] rcar-pcie ee800000.pcie:      MEM 0x00c8000000..0x00cfffffff -> 0x00c8000000
[    0.255658] rcar-pcie ee800000.pcie:   IB MEM 0x0040000000..0x007fffffff -> 0x0040000000
[    0.255692] rcar-pcie ee800000.pcie: no pcie3v3 regulator found
[    0.255702] rcar-pcie ee800000.pcie: no pcie1v8 regulator found
[    0.323345] rcar-pcie ee800000.pcie: PCIe link down
[    0.325811] EINJ: ACPI disabled.
[    0.359285] Serial: 8250/16550 driver, 4 ports, IRQ sharing enabled
[    0.361829] SuperH (H)SCI(F) driver initialized
[    0.362282] e6550000.serial: ttySC1 at MMIO 0xe6550000 (irq = 42, base_baud = 0) is a hscif
[    0.363021] e6e88000.serial: ttySC0 at MMIO 0xe6e88000 (irq = 128, base_baud = 0) is a scif
[    1.567568] printk: console [ttySC0] enabled
[    1.572936] msm_serial: driver initialized
[    1.583447] rcar-dw-hdmi fead0000.hdmi: Detected HDMI TX controller v2.01a with HDCP (DWC HDMI 2.0 TX PHY)
[    1.593356] rcar-dw-hdmi fead0000.hdmi: registered DesignWare HDMI I2C bus driver
[    1.601625] rcar-dw-hdmi feae0000.hdmi: Detected HDMI TX controller v2.01a with HDCP (DWC HDMI 2.0 TX PHY)
[    1.611484] rcar-dw-hdmi feae0000.hdmi: registered DesignWare HDMI I2C bus driver
[    1.627059] loop: module loaded
[    1.631724] megasas: 07.714.04.00-rc1
[    1.637525] scsi host0: sata_rcar
[    1.641009] ata1: SATA max UDMA/133 irq 181
[    1.650544] tun: Universal TUN/TAP device driver, 1.6
[    1.656506] thunder_xcv, ver 1.0
[    1.659763] thunder_bgx, ver 1.0
[    1.663002] nicpf, ver 1.0
[    1.667131] hclge is initializing
[    1.670468] hns3: Hisilicon Ethernet Network Driver for Hip08 Family - version
[    1.677696] hns3: Copyright (c) 2017 Huawei Corporation.
[    1.683031] e1000: Intel(R) PRO/1000 Network Driver
[    1.687910] e1000: Copyright (c) 1999-2006 Intel Corporation.
[    1.693683] e1000e: Intel(R) PRO/1000 Network Driver
[    1.698647] e1000e: Copyright(c) 1999 - 2015 Intel Corporation.
[    1.704588] igb: Intel(R) Gigabit Ethernet Network Driver
[    1.709986] igb: Copyright (c) 2007-2014 Intel Corporation.
[    1.715577] igbvf: Intel(R) Gigabit Virtual Function Network Driver
[    1.721844] igbvf: Copyright (c) 2009 - 2012 Intel Corporation.
[    1.728176] sky2: driver version 1.30
[    1.735827] ravb e6800000.ethernet eth0: Base address at 0xe6800000, 2e:09:0a:06:d4:ee, IRQ 125.
[    1.746120] VFIO - User Level meta-driver version: 0.3
[    1.753304] ehci_hcd: USB 2.0 'Enhanced' Host Controller (EHCI) Driver
[    1.759848] ehci-pci: EHCI PCI platform driver
[    1.764313] ehci-platform: EHCI generic platform driver
[    1.769931] ehci-platform ee0a0100.usb: EHCI Host Controller
[    1.775616] ehci-platform ee0a0100.usb: new USB bus registered, assigned bus number 1
[    1.783546] ehci-platform ee0a0100.usb: irq 175, io mem 0xee0a0100
[    1.803657] ehci-platform ee0a0100.usb: USB 2.0 started, EHCI 1.10
[    1.810181] hub 1-0:1.0: USB hub found
[    1.813952] hub 1-0:1.0: 1 port detected
[    1.818378] ehci-platform ee0c0100.usb: EHCI Host Controller
[    1.824050] ehci-platform ee0c0100.usb: new USB bus registered, assigned bus number 2
[    1.831932] ehci-platform ee0c0100.usb: irq 176, io mem 0xee0c0100
[    1.851659] ehci-platform ee0c0100.usb: USB 2.0 started, EHCI 1.10
[    1.858114] hub 2-0:1.0: USB hub found
[    1.861884] hub 2-0:1.0: 1 port detected
[    1.891692] ehci-platform ee0e0100.usb: EHCI Host Controller
[    1.897369] ehci-platform ee0e0100.usb: new USB bus registered, assigned bus number 3
[    1.905257] ehci-platform ee0e0100.usb: irq 177, io mem 0xee0e0100
[    1.923653] ehci-platform ee0e0100.usb: USB 2.0 started, EHCI 1.10
[    1.930088] hub 3-0:1.0: USB hub found
[    1.933856] hub 3-0:1.0: 1 port detected
[    1.938234] ehci-orion: EHCI orion driver
[    1.942495] ehci-exynos: EHCI Exynos driver
[    1.946801] ohci_hcd: USB 1.1 'Open' Host Controller (OHCI) Driver
[    1.952999] ohci-pci: OHCI PCI platform driver
[    1.957487] ohci-platform: OHCI generic platform driver
[    1.963032] ohci-platform ee0a0000.usb: Generic Platform OHCI controller
[    1.969750] ohci-platform ee0a0000.usb: new USB bus registered, assigned bus number 4
[    1.977630] ohci-platform ee0a0000.usb: irq 175, io mem 0xee0a0000
[    2.059652] ata1: link resume succeeded after 1 retries
[    2.073980] hub 4-0:1.0: USB hub found
[    2.077751] hub 4-0:1.0: 1 port detected
[    2.082091] ohci-platform ee0c0000.usb: Generic Platform OHCI controller
[    2.088806] ohci-platform ee0c0000.usb: new USB bus registered, assigned bus number 5
[    2.096682] ohci-platform ee0c0000.usb: irq 176, io mem 0xee0c0000
[    2.171084] ata1: SATA link down (SStatus 0 SControl 300)
[    2.189912] hub 5-0:1.0: USB hub found
[    2.193681] hub 5-0:1.0: 1 port detected
[    2.198015] ohci-platform ee0e0000.usb: Generic Platform OHCI controller
[    2.204730] ohci-platform ee0e0000.usb: new USB bus registered, assigned bus number 6
[    2.212603] ohci-platform ee0e0000.usb: irq 177, io mem 0xee0e0000
[    2.305904] hub 6-0:1.0: USB hub found
[    2.309671] hub 6-0:1.0: 1 port detected
[    2.314017] ohci-exynos: OHCI Exynos driver
[    2.318474] usbcore: registered new interface driver usb-storage
[    2.326170] renesas_usbhs e6590000.usb: host probed
[    2.331061] renesas_usbhs e6590000.usb: no transceiver found
[    2.336786] renesas_usbhs e6590000.usb: gadget probed
[    2.342004] renesas_usbhs e6590000.usb: probed
[    2.346909] renesas_usbhs e659c000.usb: host probed
[    2.351807] renesas_usbhs e659c000.usb: no transceiver found
[    2.357519] renesas_usbhs e659c000.usb: gadget probed
[    2.362713] renesas_usbhs e659c000.usb: probed
[    2.369659] i2c /dev entries driver
[    2.384269] cs2000-cp 2-004f: revision - C1
[    2.388521] i2c-rcar e6510000.i2c: probed
[    2.393367] pca953x 4-0020: supply vcc not found, using dummy regulator
[    2.400066] pca953x 4-0020: using no AI
[    2.404721] gpio-355 (PCIE/SATA switch): hogged as output/low
[    2.416979] i2c-rcar e66d8000.i2c: probed
[    2.422296] adv748x 4-0070: Endpoint /soc/i2c@e66d8000/video-receiver@70/port@7/endpoint on port 7
[    2.431285] adv748x 4-0070: Endpoint /soc/i2c@e66d8000/video-receiver@70/port@8/endpoint on port 8
[    2.440256] adv748x 4-0070: Endpoint /soc/i2c@e66d8000/video-receiver@70/port@a/endpoint on port 10
[    2.449321] adv748x 4-0070: Endpoint /soc/i2c@e66d8000/video-receiver@70/port@b/endpoint on port 11
[    2.458712] adv748x 4-0070: chip found @ 0xe0 revision 2143
[    2.512510] rcar-csi2 fea80000.csi2: 1 lanes found
[    2.517673] rcar-csi2 feaa0000.csi2: 4 lanes found
[    2.527364] rcar-vin e6ef0000.video: Device registered as video0
[    2.533453] rcar-vin e6ef1000.video: Device registered as video1
[    2.539536] rcar-vin e6ef2000.video: Device registered as video2
[    2.545618] rcar-vin e6ef3000.video: Device registered as video3
[    2.551728] rcar-vin e6ef4000.video: Device registered as video4
[    2.557805] rcar-vin e6ef5000.video: Device registered as video5
[    2.563879] rcar-vin e6ef6000.video: Device registered as video6
[    2.569958] rcar-vin e6ef7000.video: Device registered as video7
[    2.578645] rcar_gen3_thermal e6198000.thermal: is using FUSE values
[    2.589769] rcar_gen3_thermal e6198000.thermal: TSC0: Loaded 1 trip points
[    2.601024] rcar_gen3_thermal e6198000.thermal: TSC1: Loaded 1 trip points
[    2.612177] rcar_gen3_thermal e6198000.thermal: TSC2: Loaded 3 trip points
[    2.624388] sdhci: Secure Digital Host Controller Interface driver
[    2.630587] sdhci: Copyright(c) Pierre Ossman
[    2.635796] Synopsys Designware Multimedia Card Interface Driver
[    2.636086] renesas_sdhi_internal_dmac ee140000.mmc: Adding to iommu group 0
[    2.636089] renesas_sdhi_internal_dmac ee100000.mmc: Got CD GPIO
[    2.636108] renesas_sdhi_internal_dmac ee100000.mmc: Got WP GPIO
[    2.636337] renesas_sdhi_internal_dmac ee160000.mmc: Got CD GPIO
[    2.636366] renesas_sdhi_internal_dmac ee160000.mmc: Got WP GPIO
[    2.643160] sdhci-pltfm: SDHCI platform and OF driver helper
[    2.648881] renesas_sdhi_internal_dmac ee140000.mmc: Using IPMMU context 1
[    2.685715] ledtrig-cpu: registered to indicate activity on CPUs
[    2.692751] SMCCC: SOC_ID: ARCH_SOC_ID not implemented, skipping ....
[    2.699789] usbcore: registered new interface driver usbhid
[    2.705364] usbhid: USB HID core driver
[    2.713005] optee: probing for conduit method.
[    2.717473] optee: revision 3.22 (314ecf9d)
[    2.717966] optee driver R-Car Rev.1.0.11
[    2.726564] optee: dynamic shared memory is enabled
[    2.731723] optee: initialized driver
[    2.734459] renesas_sdhi_internal_dmac ee140000.mmc: mmc0 base at 0x00000000ee140000, max clock rate 200 MHz
[    2.746083] rcar_sound ec500000.sound: probed
[    2.751171] NET: Registered protocol family 17
[    2.755742] 9pnet: Installing 9P2000 support
[    2.760065] Key type dns_resolver registered
[    2.764717] registered taskstats version 1
[    2.768831] Loading compiled-in X.509 certificates
[    2.783703] thermal emergency: set temperature to 110 celsius
[    2.789667] thermal emergency: shutdown target cpus 1-7
[    2.794903] thermal emergency: freq scaled target cpus 0
[    2.800590] renesas_irqc e61c0000.interrupt-controller: driving 6 irqs
[    2.815528] mmc0: new HS400 MMC card at address 0001
[    2.821165] mmcblk0: mmc0:0001 BGSD4R 29.1 GiB 
[    2.826103] mmcblk0boot0: mmc0:0001 BGSD4R partition 1 31.9 MiB
[    2.832405] mmcblk0boot1: mmc0:0001 BGSD4R partition 2 31.9 MiB
[    2.838435] mmcblk0rpmb: mmc0:0001 BGSD4R partition 3 4.00 MiB, chardev (509:0)
[    2.847073]  mmcblk0: p1
[    2.847677] ehci-platform ee080100.usb: EHCI Host Controller
[    2.855325] ehci-platform ee080100.usb: new USB bus registered, assigned bus number 7
[    2.863256] ehci-platform ee080100.usb: irq 174, io mem 0xee080100
[    2.883648] ehci-platform ee080100.usb: USB 2.0 started, EHCI 1.10
[    2.890185] hub 7-0:1.0: USB hub found
[    2.893961] hub 7-0:1.0: 1 port detected
[    2.899503] ohci-platform ee080000.usb: Generic Platform OHCI controller
[    2.906233] ohci-platform ee080000.usb: new USB bus registered, assigned bus number 8
[    2.914122] ohci-platform ee080000.usb: irq 174, io mem 0xee080000
[    3.010318] hub 8-0:1.0: USB hub found
[    3.014091] hub 8-0:1.0: 1 port detected
[    3.019386] cpu cpu0: EM: created perf domain
[    3.024350] cpu cpu4: EM: created perf domain
[    3.034562] renesas_sdhi_internal_dmac ee100000.mmc: Got CD GPIO
[    3.035790] renesas_sdhi_internal_dmac ee160000.mmc: Got CD GPIO
[    3.037394] [drm] Initialized rcar-du 1.0.0 20130110 for feb00000.display on minor 0
[    3.037397] [drm] Device feb00000.display probed
[    3.040649] renesas_sdhi_internal_dmac ee100000.mmc: Got WP GPIO
[    3.046656] renesas_sdhi_internal_dmac ee160000.mmc: Got WP GPIO
[    3.104014] renesas_sdhi_internal_dmac ee100000.mmc: mmc1 base at 0x00000000ee100000, max clock rate 200 MHz
[    3.110810] Console: switching to colour frame buffer device 128x48
[    3.118840] renesas_sdhi_internal_dmac ee160000.mmc: mmc2 base at 0x00000000ee160000, max clock rate 200 MHz
[    3.151754] rcar-du feb00000.display: [drm] fb0: rcar-dudrmfb frame buffer device
[    3.164006] input: keys as /devices/platform/keys/input/input0
[    3.247206] Micrel KSZ9031 Gigabit PHY e6800000.ethernet-ffffffff:00: attached PHY driver [Micrel KSZ9031 Gigabit PHY] (mii_bus:phy_addr=e6800000.ethernet-ffffffff:00, irq=183)
[    9.797072] ravb e6800000.ethernet eth0: Link is Up - 1Gbps/Full - flow control off
[    9.823711] IP-Config: Guessing netmask 255.255.255.0
[    9.828872] IP-Config: Complete:
[    9.832184]      device=eth0, hwaddr=2e:09:0a:06:d4:ee, ipaddr=192.168.10.107, mask=255.255.255.0, gw=255.255.255.255
[    9.842998]      host=192.168.10.107, domain=, nis-domain=(none)
[    9.849128]      bootserver=255.255.255.255, rootserver=192.168.10.98, rootpath=
[    9.849781] ALSA device list:
[    9.860390]   No soundcards found.
[   10.920401] VFS: Mounted root (nfs4 filesystem) on device 0:22.
[   10.926968] devtmpfs: mounted
[   10.933379] Freeing unused kernel memory: 6080K
[   10.975841] Run /sbin/init as init process
[   11.190257] systemd[1]: System time before build time, advancing clock.
[   11.604769] NET: Registered protocol family 10
[   11.613104] Segment Routing with IPv6
[   11.637470] systemd[1]: systemd 244 running in system mode. (+PAM -AUDIT -SELINUX +IMA -APPARMOR -SMACK +SYSVINIT +UTMP -LIBCRYPTSETUP -GCRYPT -GNUTLS +ACL +XZ -LZ4 -SECCOMP +BLKID -ELFUTILS +KMOD -IDN2 -IDN -PCRE2 default-hierarchy=hybrid)
[   11.665699] systemd[1]: Detected architecture arm64.

Welcome to [1mPoky (Yocto Project Reference Distro) 3.1.11 (dunfell)[0m!

[   11.702781] systemd[1]: Set hostname to <salvator-x>.
[   12.450850] random: systemd: uninitialized urandom read (16 bytes read)
[   12.462186] systemd[1]: system-getty.slice: unit configures an IP firewall, but the local system does not support BPF/cgroup firewalling.
[   12.483224] systemd[1]: (This warning is only shown for the first unit using IP firewalling.)
[   12.497843] systemd[1]: Created slice system-getty.slice.
[[0;32m  OK  [0m] Created slice [0;1;39msystem-getty.slice[0m.
[   12.519886] random: systemd: uninitialized urandom read (16 bytes read)
[   12.528708] systemd[1]: Created slice system-serial\x2dgetty.slice.
[[0;32m  OK  [0m] Created slice [0;1;39msystem-serial\x2dgetty.slice[0m.
[   12.551748] random: systemd: uninitialized urandom read (16 bytes read)
[   12.560414] systemd[1]: Created slice User and Session Slice.
[[0;32m  OK  [0m] Created slice [0;1;39mUser and Session Slice[0m.
[   12.583986] systemd[1]: Started Dispatch Password Requests to Console Directory Watch.
[[0;32m  OK  [0m] Started [0;1;39mDispatch Password â€¦ts to Console Directory Watch[0m.
[   12.612091] systemd[1]: Started Forward Password Requests to Wall Directory Watch.
[[0;32m  OK  [0m] Started [0;1;39mForward Password Râ€¦uests to Wall Directory Watch[0m.
[   12.639931] systemd[1]: Reached target Paths.
[[0;32m  OK  [0m] Reached target [0;1;39mPaths[0m.
[   12.659891] systemd[1]: Reached target Remote File Systems.
[[0;32m  OK  [0m] Reached target [0;1;39mRemote File Systems[0m.
[   12.683836] systemd[1]: Reached target Slices.
[[0;32m  OK  [0m] Reached target [0;1;39mSlices[0m.
[   12.707841] systemd[1]: Reached target Swap.
[[0;32m  OK  [0m] Reached target [0;1;39mSwap[0m.
[   12.734504] systemd[1]: Listening on RPCbind Server Activation Socket.
[[0;32m  OK  [0m] Listening on [0;1;39mRPCbind Server Activation Socket[0m.
[   12.763904] systemd[1]: Reached target RPC Port Mapper.
[[0;32m  OK  [0m] Reached target [0;1;39mRPC Port Mapper[0m.
[   12.788184] systemd[1]: Listening on initctl Compatibility Named Pipe.
[[0;32m  OK  [0m] Listening on [0;1;39minitctl Compatibility Named Pipe[0m.
[   12.817530] systemd[1]: Listening on Journal Audit Socket.
[[0;32m  OK  [0m] Listening on [0;1;39mJournal Audit Socket[0m.
[   12.845600] systemd[1]: Listening on Journal Socket (/dev/log).
[[0;32m  OK  [0m] Listening on [0;1;39mJournal Socket (/dev/log)[0m.
[   12.872614] systemd[1]: Listening on Journal Socket.
[[0;32m  OK  [0m] Listening on [0;1;39mJournal Socket[0m.
[   12.897484] systemd[1]: Listening on Network Service Netlink Socket.
[[0;32m  OK  [0m] Listening on [0;1;39mNetwork Service Netlink Socket[0m.
[   12.926350] systemd[1]: Listening on udev Control Socket.
[[0;32m  OK  [0m] Listening on [0;1;39mudev Control Socket[0m.
[   12.952340] systemd[1]: Listening on udev Kernel Socket.
[[0;32m  OK  [0m] Listening on [0;1;39mudev Kernel Socket[0m.
[   12.981433] systemd[1]: Mounting Huge Pages File System...
         Mounting [0;1;39mHuge Pages File System[0m...
[   13.009095] systemd[1]: Mounting POSIX Message Queue File System...
         Mounting [0;1;39mPOSIX Message Queue File System[0m...
[   13.041170] systemd[1]: Mounting Kernel Debug File System...
         Mounting [0;1;39mKernel Debug File System[0m...
[   13.071565] systemd[1]: Mounting Temporary Directory (/tmp)...
         Mounting [0;1;39mTemporary Directory (/tmp)[0m...
[   13.102219] systemd[1]: Starting Create list of static device nodes for the current kernel...
         Starting [0;1;39mCreate list of stâ€¦odes for the current kernel[0m...
[   13.137061] systemd[1]: Starting Start psplash boot splash screen...
         Starting [0;1;39mStart psplash boot splash screen[0m...
[   13.170608] systemd[1]: Starting RPC Bind...
         Starting [0;1;39mRPC Bind[0m...
[   13.196569] systemd[1]: Condition check resulted in File System Check on Root Device being skipped.
[   13.212426] systemd[1]: Starting Journal Service...
         Starting [0;1;39mJournal Service[0m...
[   13.244931] systemd[1]: Starting Load Kernel Modules...
         Starting [0;1;39mLoad Kernel Modules[0m...
[   13.268536] systemd[1]: Starting Remount Root and Kernel File Systems...
         Starting [0;1;39mRemount Root and Kernel File Systems[0m...
[   13.297671] systemd[1]: Starting udev Coldplug all Devices...
         Starting [0;1;39mudev Coldplug all Devices[0m...
[   13.311683] random: crng init done
[   13.315101] random: 37 urandom warning(s) missed due to ratelimiting
[   13.324333] systemd[1]: Started Start psplash boot splash screen.
[[0;32m  OK  [0m] Started [0;1;39mStart psplash boot splash screen[0m.
[   13.352310] systemd[1]: Started RPC Bind.
[[0;32m  OK  [0m] Started [0;1;39mRPC Bind[0m.
[   13.372550] systemd[1]: Started Journal Service.
[[0;32m  OK  [0m] Started [0;1;39mJournal Service[0m.
[[0;32m  OK  [0m] Mounted [0;1;39mHuge Pages File System[0m.
[[0;32m  OK  [0m] Mounted [0;1;39mPOSIX Message Queue File System[0m.
[[0;32m  OK  [0m] Mounted [0;1;39mKernel Debug File System[0m.
[[0;32m  OK  [0m] Mounted [0;1;39mTemporary Directory (/tmp)[0m.
[[0;32m  OK  [0m] Started [0;1;39mCreate list of staâ€¦ nodes for the current kernel[0m.
[[0;32m  OK  [0m] Started [0;1;39mLoad Kernel Modules[0m.
[[0;32m  OK  [0m] Started [0;1;39mRemount Root and Kernel File Systems[0m.
         Mounting [0;1;39mKernel Configuration File System[0m...
[[0;32m  OK  [0m] Started [0;1;39mStart psplash-systâ€¦progress communication helper[0m.
         Starting [0;1;39mFlush Journal to Persistent Storage[0m...
[   13.596783] systemd-journald[355]: Received client request to flush runtime journal.
         Starting [0;1;39mApply Kernel Variables[0m...
         Starting [0;1;39mCreate Static Device Nodes in /dev[0m...
[[0;32m  OK  [0m] Mounted [0;1;39mKernel Configuration File System[0m.
[[0;32m  OK  [0m] Started [0;1;39mFlush Journal to Persistent Storage[0m.
[[0;32m  OK  [0m] Started [0;1;39mApply Kernel Variables[0m.
[[0;32m  OK  [0m] Started [0;1;39mCreate Static Device Nodes in /dev[0m.
[[0;32m  OK  [0m] Reached target [0;1;39mLocal File Systems (Pre)[0m.
         Mounting [0;1;39m/var/volatile[0m...
         Starting [0;1;39mudev Kernel Device Manager[0m...
[[0;32m  OK  [0m] Mounted [0;1;39m/var/volatile[0m.
         Starting [0;1;39mLoad/Save Random Seed[0m...
[[0;32m  OK  [0m] Reached target [0;1;39mLocal File Systems[0m.
         Starting [0;1;39mCreate Volatile Files and Directories[0m...
[[0;32m  OK  [0m] Started [0;1;39mudev Kernel Device Manager[0m.
[[0;32m  OK  [0m] Started [0;1;39mudev Coldplug all Devices[0m.
[[0;32m  OK  [0m] Started [0;1;39mLoad/Save Random Seed[0m.
         Starting [0;1;39mNetwork Service[0m...
[[0;32m  OK  [0m] Started [0;1;39mCreate Volatile Files and Directories[0m.
         Starting [0;1;39mNetwork Time Synchronization[0m...
         Starting [0;1;39mUpdate UTMP about System Boot/Shutdown[0m...
[[0;32m  OK  [0m] Started [0;1;39mUpdate UTMP about System Boot/Shutdown[0m.
[[0;32m  OK  [0m] Started [0;1;39mNetwork Service[0m.
         Starting [0;1;39mNetwork Name Resolution[0m...
[   14.162089] pwm-backlight: probe of backlight failed with error -16
[[0;32m  OK  [0m] Started [0;1;39mNetwork Time Synchronization[0m.
[[0;32m  OK  [0m] Reached target [0;1;39mSystem Initialization[0m.
[[0;32m  OK  [0m] Started [0;1;39mDaily Cleanup of Temporary Directories[0m.
[[0;32m  OK  [0m] Reached target [0;1;39mSystem Time Set[0m.
[[0;32m  OK  [0m] Reached target [0;1;39mSystem Time Synchronized[0m.
[   14.272295] at24 7-0050: supply vcc not found, using dummy regulator
[[0;32m  OK  [0m] Reached target [0;1;39mTimers[0m.
[   14.285817] at24 7-0050: 128 byte br24t01 EEPROM, writable, 8 bytes/write
[[0;32m  OK  [0m] Reached target [0;1;39mHardware activated USB gadget[0m.
[[0;32m  OK  [0m] Listening on [0;1;39mAvahi mDNS/DNS-SD Stack Activation Socket[0m.
[[0;32m  OK  [0m] Listening on [0;1;39mD-Bus System Message Bus Socket[0m.
[   14.407785] renesas_usb3 ee020000.usb: probed with phy
[   14.429882] ccree e6601000.crypto: ARM CryptoCell 630P Driver: HW version 0xAF400001/0xDCC63000, Driver version 5.0
[[0;32m  OK  [0m] Listening on [0;1;39mdropbear.socket[0m.
[[0;32m  OK  [0m] Reached target [0;1;39mSockets[0m.
[   14.467651] ccree e6601000.crypto: ARM ccree device initialized
[[0;32m  OK  [0m] Reached target [0;1;39mBasic System[0m.
[[0;32m  OK  [0m] Started [0;1;39mD-Bus System Message Bus[0m.
[   14.524304] xhci-hcd ee000000.usb: xHCI Host Controller
[   14.529844] xhci-hcd ee000000.usb: new USB bus registered, assigned bus number 9
[[0;32m  OK  [0m] Started [0;1;39moptee services[0m.
[   14.553656] xhci-hcd ee000000.usb: hcc params 0x014051ce hci version 0x100 quirks 0x0000000000830410
[   14.563000] xhci-hcd ee000000.usb: irq 172, io mem 0xee000000
         Startin[   14.569032] xhci-hcd ee000000.usb: xHCI Host Controller
g [0;1;39mpvrin[   14.575820] xhci-hcd ee000000.usb: new USB bus registered, assigned bus number 10
it.service[0m..[   14.584736] xhci-hcd ee000000.usb: Host supports USB 3.0 SuperSpeed
.
[   14.592786] hub 9-0:1.0: USB hub found
[   14.596631] hub 9-0:1.0: 1 port detected
[   14.601986] usb usb10: We don't know the algorithms for LPM for this host, disabling LPM.
[   14.610998] hub 10-0:1.0: USB hub found
[   14.614934] hub 10-0:1.0: 1 port detected
         Starting [0;1;39mPowerVR consumer services[0m...
         Starting [0;1;39mLogin Service[0m...
[[0;32m  OK  [0m] Started [0;1;39mNetwork Name Resolution[0m.
[[0;1;31mFAILED[0m] Failed to start [0;1;39mpvrinit.service[0m.
See 'systemctl status pvrinit.service' for details.
[[0;1;31mFAILED[0m] Failed to start [0;1;39mPowerVR consumer services[0m.
See 'systemctl status rc.pvr.service' for details.
[[0;1;38;5;185mDEPEND[0m] Dependency failed for [0;1;39mWeston Wayland Compositor[0m.
[[0;32m  OK  [0m] Created slice [0;1;39msystem-weston.slice[0m.
[[0;32m  OK  [0m] Reached target [0;1;39mNetwork[0m.
[[0;32m  OK  [0m] Reached target [0;1;39mHost and Network Name Lookups[0m.
         Starting [0;1;39mAvahi mDNS/DNS-SD Stack[0m...
         Starting [0;1;39mset_default_governor.service[0m...
         Starting [0;1;39mPermit User Sessions[0m...
[[0;32m  OK  [0m] Started [0;1;39mXinetd A Powerful Replacement For Inetd[0m.
[   15.007885] rd 0-7: Disabling EAS, schedutil is mandatory
[[0;32m  OK  [0m] Started [0;1;39mPermit User Sessions[0m.
[[0;32m  OK  [0m] Started [0;1;39mLogin Service[0m.
[[0;32m  OK  [0m] Started [0;1;39mAvahi mDNS/DNS-SD Stack[0m.
[[0;32m  OK  [0m] Started [0;1;39mset_default_governor.service[0m.
[[0;32m  OK  [0m] Started [0;1;39mGetty on tty1[0m.
[[0;32m  OK  [0m] Started [0;1;39mSerial Getty on ttySC0[0m.
[[0;32m  OK  [0m] Reached target [0;1;39mLogin Prompts[0m.
[[0;32m  OK  [0m] Reached target [0;1;39mMulti-User System[0m.
         Starting [0;1;39mUpdate UTMP about System Runlevel Changes[0m...
[[0;32m  OK  [0m] Started [0;1;39mUpdate UTMP about System Runlevel Changes[0m.

Poky (Yocto Project Reference Distro) 3.1.11 salvator-x ttySC0

salvator-x login: 
salvator-x login: root
[   17.234418] audit: type=1006 audit(1703064538.040:2): pid=528 uid=0 old-auid=4294967295 auid=0 tty=(none) old-ses=4294967295 ses=1 res=1
7[r[999;999H[6n8root@salvator-x:~# 
root@salvator-x:~# 
root@salvator-x:~# 
root@salvator-x:~# 
root@salvator-x:~# 
root@salvator-x:~# 
root@salvator-x:~# 
root@salvator-x:~# 
root@salvator-x:~# [   38.828169] usb 10-1: new SuperSpeed Gen 1 USB device number 2 using xhci-hcd
[   38.862839] usb-storage 10-1:1.0: USB Mass Storage device detected
[   38.869734] scsi host1: usb-storage 10-1:1.0
[   39.903723] SDHI0 VccQ: disabling
[   39.905082] scsi 1:0:0:0: Direct-Access     SanDisk  Extreme Pro      0    PQ: 0 ANSI: 6
[   39.907118] SDHI3 VccQ: disabling
[   39.917625] sd 1:0:0:0: [sda] 250085376 512-byte logical blocks: (128 GB/119 GiB)
[   39.926987] sd 1:0:0:0: [sda] Write Protect is off
[   39.932542] sd 1:0:0:0: [sda] Write cache: enabled, read cache: enabled, doesn't support DPO or FUA
[   39.967115]  sda: sda1
[   39.972369] sd 1:0:0:0: [sda] Attached SCSI removable disk

root@salvator-x:~# echo usb10 > /sys/bus/usb/drivers/usb/unbind
[   40.756450] usb 10-1: USB disconnect, device number 2
[   40.763180] sd 1:0:0:0: [sda] Synchronizing SCSI cache
[   40.768608] sd 1:0:0:0: [sda] Synchronize Cache(10) failed: Result: hostbyte=0x01 driverbyte=0x00
root@salvator-x:~# 
root@salvator-x:~# echo usb10 > /sys/bus/usb/drivers/usb/bind
[   42.584089] hub 10-0:1.0: USB hub found
[   42.588085] hub 10-0:1.0: 1 port detected
root@salvator-x:~# [   42.824307] usb 10-1: new SuperSpeed Gen 1 USB device number 3 using xhci-hcd
[   42.860051] usb-storage 10-1:1.0: USB Mass Storage device detected
[   42.866689] scsi host1: usb-storage 10-1:1.0
[   43.873332] scsi 1:0:0:0: Direct-Access     SanDisk  Extreme Pro      0    PQ: 0 ANSI: 6

[   43.883005] sd 1:0:0:0: [sda] 250085376 512-byte logical blocks: (128 GB/119 GiB)
[   43.891567] sd 1:0:0:0: [sda] Write Protect is off
[   43.897519] sd 1:0:0:0: [sda] Write cache: enabled, read cache: enabled, doesn't support DPO or FUA
root@salvator-x:~# [   43.933362]  sda: sda1
[   43.939329] sd 1:0:0:0: [sda] Attached SCSI removable disk

root@salvator-x:~# sleep 4
root@salvator-x:~# 
root@salvator-x:~# echo usb10 > /sys/bus/usb/drivers/usb/unbind
[   58.688090] usb 10-1: USB disconnect, device number 3
[   58.694368] sd 1:0:0:0: [sda] Synchronizing SCSI cache
[   58.699697] sd 1:0:0:0: [sda] Synchronize Cache(10) failed: Result: hostbyte=0x01 driverbyte=0x00
root@salvator-x:~# 
root@salvator-x:~# echo usb10 > /sys/bus/usb/drivers/usb/bind
[   60.516057] hub 10-0:1.0: USB hub found
[   60.519967] hub 10-0:1.0: 1 port detected
root@salvator-x:~# [   60.756121] usb 10-1: new SuperSpeed Gen 1 USB device number 4 using xhci-hcd
[   60.790522] usb-storage 10-1:1.0: USB Mass Storage device detected
[   60.797245] scsi host1: usb-storage 10-1:1.0

root@salvator-x:~# [   61.825058] scsi 1:0:0:0: Direct-Access     SanDisk  Extreme Pro      0    PQ: 0 ANSI: 6
[   61.834332] sd 1:0:0:0: [sda] 250085376 512-byte logical blocks: (128 GB/119 GiB)
[   61.842615] sd 1:0:0:0: [sda] Write Protect is off
[   61.848165] sd 1:0:0:0: [sda] Write cache: enabled, read cache: enabled, doesn't support DPO or FUA
[   61.889928]  sda: sda1
[   61.894726] sd 1:0:0:0: [sda] Attached SCSI removable disk

root@salvator-x:~# sleep 4
root@salvator-x:~# 
root@salvator-x:~# echo usb10 > /sys/bus/usb/drivers/usb/unbind
[   76.624068] usb 10-1: USB disconnect, device number 4
[   76.630401] sd 1:0:0:0: [sda] Synchronizing SCSI cache
[   76.635671] sd 1:0:0:0: [sda] Synchronize Cache(10) failed: Result: hostbyte=0x01 driverbyte=0x00
root@salvator-x:~# 
root@salvator-x:~# echo usb10 > /sys/bus/usb/drivers/usb/bind
[   78.448083] hub 10-0:1.0: USB hub found
[   78.452887] hub 10-0:1.0: 1 port detected
root@salvator-x:~# [   78.688102] usb 10-1: new SuperSpeed Gen 1 USB device number 5 using xhci-hcd
[   78.726053] usb-storage 10-1:1.0: USB Mass Storage device detected
[   78.733603] scsi host1: usb-storage 10-1:1.0

[   79.745291] scsi 1:0:0:0: Direct-Access     SanDisk  Extreme Pro      0    PQ: 0 ANSI: 6
[   79.755591] sd 1:0:0:0: [sda] 250085376 512-byte logical blocks: (128 GB/119 GiB)
[   79.764702] sd 1:0:0:0: [sda] Write Protect is off
[   79.771087] sd 1:0:0:0: [sda] Write cache: enabled, read cache: enabled, doesn't support DPO or FUA
root@salvator-x:~# [   79.814102]  sda: sda1
[   79.819986] sd 1:0:0:0: [sda] Attached SCSI removable disk

root@salvator-x:~# sleep 4
root@salvator-x:~# 
root@salvator-x:~# echo usb10 > /sys/bus/usb/drivers/usb/unbind
[   94.548080] usb 10-1: USB disconnect, device number 5
[   94.555242] sd 1:0:0:0: [sda] Synchronizing SCSI cache
[   94.561394] sd 1:0:0:0: [sda] Synchronize Cache(10) failed: Result: hostbyte=0x01 driverbyte=0x00
root@salvator-x:~# 
root@salvator-x:~# echo usb10 > /sys/bus/usb/drivers/usb/bind
[   96.376174] hub 10-0:1.0: USB hub found
[   96.380943] hub 10-0:1.0: 1 port detected
root@salvator-x:~# [   96.616057] usb 10-1: new SuperSpeed Gen 1 USB device number 6 using xhci-hcd
[   96.654530] usb-storage 10-1:1.0: USB Mass Storage device detected
[   96.662150] scsi host1: usb-storage 10-1:1.0

root@salvator-x:~# [   97.696981] scsi 1:0:0:0: Direct-Access     SanDisk  Extreme Pro      0    PQ: 0 ANSI: 6
[   97.707100] sd 1:0:0:0: [sda] 250085376 512-byte logical blocks: (128 GB/119 GiB)
[   97.716381] sd 1:0:0:0: [sda] Write Protect is off
[   97.723229] sd 1:0:0:0: [sda] Write cache: enabled, read cache: enabled, doesn't support DPO or FUA
[   97.762918]  sda: sda1
[   97.769019] sd 1:0:0:0: [sda] Attached SCSI removable disk

root@salvator-x:~# sleep 4
root@salvator-x:~# 
root@salvator-x:~# echo usb10 > /sys/bus/usb/drivers/usb/unbind
[  112.480504] usb 10-1: USB disconnect, device number 6
[  112.487828] sd 1:0:0:0: [sda] Synchronizing SCSI cache
[  112.494014] sd 1:0:0:0: [sda] Synchronize Cache(10) failed: Result: hostbyte=0x01 driverbyte=0x00
root@salvator-x:~# 
root@salvator-x:~# echo usb10 > /sys/bus/usb/drivers/usb/bind
[  114.304033] hub 10-0:1.0: USB hub found
[  114.308776] hub 10-0:1.0: 1 port detected
root@salvator-x:~# [  114.544169] usb 10-1: new SuperSpeed Gen 1 USB device number 7 using xhci-hcd
[  114.582087] usb-storage 10-1:1.0: USB Mass Storage device detected
[  114.589794] scsi host1: usb-storage 10-1:1.0

root@salvator-x:~# [  115.617395] scsi 1:0:0:0: Direct-Access     SanDisk  Extreme Pro      0    PQ: 0 ANSI: 6
[  115.627680] sd 1:0:0:0: [sda] 250085376 512-byte logical blocks: (128 GB/119 GiB)
[  115.636801] sd 1:0:0:0: [sda] Write Protect is off
[  115.643129] sd 1:0:0:0: [sda] Write cache: enabled, read cache: enabled, doesn't support DPO or FUA
[  115.695068]  sda: sda1
[  115.702234] sd 1:0:0:0: [sda] Attached SCSI removable disk

root@salvator-x:~# sleep 4
root@salvator-x:~# 
 
#### Result: OK ####
