NOTICE:  BL2: R-Car Gen3 Initial Program Loader(CA57) Rev.4.0.0
NOTICE:  BL2: PRR is R-Car H3 Ver.3.0
NOTICE:  BL2: Board is Salvator-XS Rev.1.1
NOTICE:  BL2: Boot device is HyperFlash(160MHz)
NOTICE:  BL2: LCM state is CM
NOTICE:  AVS setting succeeded. DVFS_SetVID=0x53
NOTICE:  BL2: DDR3200(rev.0.42)
NOTICE:  BL2: [COLD_BOOT]
NOTICE:  BL2: DRAM Split is 4ch(DDR f)
NOTICE:  BL2: QoS is default setting(rev.0.11)
NOTICE:  BL2: DRAM refresh interval 1.95 usec
NOTICE:  BL2: Periodic Write DQ Training
NOTICE:  BL2: CH0: 400000000 - 47fffffff, 2 GiB
NOTICE:  BL2: CH1: 500000000 - 57fffffff, 2 GiB
NOTICE:  BL2: CH2: 600000000 - 67fffffff, 2 GiB
NOTICE:  BL2: CH3: 700000000 - 77fffffff, 2 GiB
NOTICE:  BL2: Lossy Decomp areas
NOTICE:       Entry 0: DCMPAREACRAx:0x80000540 DCMPAREACRBx:0x570
NOTICE:       Entry 1: DCMPAREACRAx:0x40000000 DCMPAREACRBx:0x0
NOTICE:       Entry 2: DCMPAREACRAx:0x20000000 DCMPAREACRBx:0x0
NOTICE:  BL2: FDT at 0xe6327f70
NOTICE:  BL2: v2.9(release):9cdb21f75
NOTICE:  BL2: Built : 05:25:39, Dec 19 2023
NOTICE:  BL2: Normal boot
NOTICE:  BL2: dst=0xe6327800 src=0x8180000 len=512(0x200)
NOTICE:  BL2: dst=0x43f00000 src=0x8180400 len=6144(0x1800)
NOTICE:  rcar_file_len: len: 0x0003e000
NOTICE:  BL2: dst=0x44000000 src=0x81c0000 len=253952(0x3e000)
NOTICE:  rcar_file_len: len: 0x00200000
NOTICE:  BL2: dst=0x44100000 src=0x8200000 len=2097152(0x200000)
NOTICE:  rcar_file_len: len: 0x00100000
NOTICE:  BL2: dst=0x50000000 src=0x8640000 len=1048576(0x100000)
NOTICE:  BL2: Booting BL31


U-Boot 2020.10 (Dec 19 2023 - 14:30:40 +0000)

CPU: Renesas Electronics R8A7795 rev 3.0
Model: Renesas Salvator-X 2nd version board based on r8a77951
DRAM:  7.9 GiB
RAM Configuration:
Bank #0: 0x048000000 - 0x0bfffffff, 1.9 GiB
Bank #1: 0x500000000 - 0x57fffffff, 2 GiB
Bank #2: 0x600000000 - 0x67fffffff, 2 GiB
Bank #3: 0x700000000 - 0x77fffffff, 2 GiB

MMC:   sd@ee100000: 0, sd@ee140000: 1, sd@ee160000: 2
Loading Environment from MMC... OK
In:    serial@e6e88000
Out:   serial@e6e88000
Err:   serial@e6e88000
Net:   eth0: ethernet@e6800000
Hit any key to stop autoboot:  2  1  0 
ethernet@e6800000 Waiting for PHY auto negotiation to complete......... done
Using ethernet@e6800000 device
TFTP from server 192.168.10.98; our IP address is 192.168.10.107
Filename 'BV/PT3/boot_USB3H/Image'.
Load address: 0x48080000
Loading: *#################################################################
	 #################################################################
	 #################################################################
	 #################################################################
	 #################################################################
	 #################################################################
	 #################################################################
	 #################################################################
	 #################################################################
	 #################################################################
	 #################################################################
	 #################################################################
	 #################################################################
	 #################################################################
	 #################################################################
	 #################################################################
	 #################################################################
	 #################################################################
	 #################################################################
	 #################################################################
	 #################################################################
	 #################################################################
	 #################################################################
	 #################################################################
	 #################################################################
	 #################################################################
	 #################################################################
	 #################################################################
	 #################################################################
	 #################################################################
	 #################################################################
	 #################################################################
	 #################################################################
	 #################################################################
	 ##############################################
	 3.9 MiB/s
done
Bytes transferred = 33112576 (1f94200 hex)
Using ethernet@e6800000 device
TFTP from server 192.168.10.98; our IP address is 192.168.10.107
Filename 'BV/PT3/boot_USB3H/r8a779m1-salvator-xs.dtb'.
Load address: 0x48000000
Loading: *#######
	 5.8 MiB/s
done
Bytes transferred = 91297 (164a1 hex)
Moving Image from 0x48080000 to 0x48200000, end=4a220000
## Flattened Device Tree blob at 48000000
   Booting using the fdt blob at 0x48000000
   Loading Device Tree to 0000000053fe6000, end 0000000053fff4a0 ... OK

Starting kernel ...

[    0.000000] Booting Linux on physical CPU 0x0000000000 [0x411fd073]
[    0.000000] Linux version 5.10.194-yocto-standard (thuan.nguyen-hong@banvien) (aarch64-poky-linux-gcc (GCC) 9.3.0, GNU ld (GNU Binutils) 2.34.0.20200220) #13 SMP PREEMPT Sat Feb 3 10:27:40 UTC 2024
[    0.000000] Machine model: Renesas Salvator-X 2nd version board based on r8a779m1
[    0.000000] efi: UEFI not found.
[    0.000000] Reserved memory: created CMA memory pool at 0x0000000057000000, size 16 MiB
[    0.000000] OF: reserved mem: initialized node linux,adsp@57000000, compatible id shared-dma-pool
[    0.000000] Reserved memory: created CMA memory pool at 0x0000000058000000, size 384 MiB
[    0.000000] OF: reserved mem: initialized node linux,cma@58000000, compatible id shared-dma-pool
[    0.000000] Reserved memory: created CMA memory pool at 0x0000000070000000, size 256 MiB
[    0.000000] OF: reserved mem: initialized node linux,multimedia@70000000, compatible id shared-dma-pool
[    0.000000] NUMA: No NUMA configuration found
[    0.000000] NUMA: Faking a node at [mem 0x0000000048000000-0x000000077fffffff]
[    0.000000] NUMA: NODE_DATA [mem 0x77efd9b00-0x77efdbfff]
[    0.000000] Zone ranges:
[    0.000000]   DMA      [mem 0x0000000048000000-0x000000007fffffff]
[    0.000000]   DMA32    [mem 0x0000000080000000-0x00000000ffffffff]
[    0.000000]   Normal   [mem 0x0000000100000000-0x000000077fffffff]
[    0.000000] Movable zone start for each node
[    0.000000] Early memory node ranges
[    0.000000]   node   0: [mem 0x0000000048000000-0x0000000053ffffff]
[    0.000000]   node   0: [mem 0x0000000054000000-0x0000000056ffffff]
[    0.000000]   node   0: [mem 0x0000000057000000-0x00000000bfffffff]
[    0.000000]   node   0: [mem 0x0000000500000000-0x000000057fffffff]
[    0.000000]   node   0: [mem 0x0000000600000000-0x000000067fffffff]
[    0.000000]   node   0: [mem 0x0000000700000000-0x000000077fffffff]
[    0.000000] Initmem setup node 0 [mem 0x0000000048000000-0x000000077fffffff]
[    0.000000] psci: probing for conduit method from DT.
[    0.000000] psci: PSCIv1.1 detected in firmware.
[    0.000000] psci: Using standard PSCI v0.2 function IDs
[    0.000000] psci: Trusted OS resident on physical CPU 0x0
[    0.000000] psci: SMC Calling Convention v1.2
[    0.000000] percpu: Embedded 23 pages/cpu s56984 r8192 d29032 u94208
[    0.000000] Detected PIPT I-cache on CPU0
[    0.000000] CPU features: detected: EL2 vector hardening
[    0.000000] CPU features: detected: Spectre-v2
[    0.000000] CPU features: detected: ARM errata 1165522, 1319367, or 1530923
[    0.000000] CPU features: detected: Spectre-BHB
[    0.000000] CPU features: detected: ARM erratum 1742098
[    0.000000] Built 1 zonelists, mobility grouping on.  Total pages: 2032128
[    0.000000] Policy zone: Normal
[    0.000000] Kernel command line: rw root=/dev/nfs nfsroot=192.168.10.98:/data/tftpboot/BV/PT3/rootfs_H3e,nfsvers=4 ip=192.168.10.107
[    0.000000] Dentry cache hash table entries: 1048576 (order: 11, 8388608 bytes, linear)
[    0.000000] Inode-cache hash table entries: 524288 (order: 10, 4194304 bytes, linear)
[    0.000000] mem auto-init: stack:off, heap alloc:off, heap free:off
[    0.000000] software IO TLB: mapped [mem 0x000000004ffe6000-0x0000000053fe6000] (64MB)
[    0.000000] Memory: 7277092K/8257536K available (15104K kernel code, 2832K rwdata, 8204K rodata, 6080K init, 519K bss, 308700K reserved, 671744K cma-reserved)
[    0.000000] SLUB: HWalign=64, Order=0-3, MinObjects=0, CPUs=8, Nodes=1
[    0.000000] rcu: Preemptible hierarchical RCU implementation.
[    0.000000] rcu: 	RCU event tracing is enabled.
[    0.000000] rcu: 	RCU restricting CPUs from NR_CPUS=256 to nr_cpu_ids=8.
[    0.000000] 	Trampoline variant of Tasks RCU enabled.
[    0.000000] rcu: RCU calculated value of scheduler-enlistment delay is 25 jiffies.
[    0.000000] rcu: Adjusting geometry for rcu_fanout_leaf=16, nr_cpu_ids=8
[    0.000000] NR_IRQS: 64, nr_irqs: 64, preallocated irqs: 0
[    0.000000] arch_timer: cp15 timer(s) running at 8.32MHz (virt).
[    0.000000] clocksource: arch_sys_counter: mask: 0xffffffffffffff max_cycles: 0x1eb398c07, max_idle_ns: 440795202503 ns
[    0.000003] sched_clock: 56 bits at 8MHz, resolution 120ns, wraps every 2199023255503ns
[    0.000217] Console: colour dummy device 80x25
[    0.000425] printk: console [tty0] enabled
[    0.000502] Calibrating delay loop (skipped), value calculated using timer frequency.. 16.64 BogoMIPS (lpj=33280)
[    0.000518] pid_max: default: 32768 minimum: 301
[    0.000577] LSM: Security Framework initializing
[    0.000667] Mount-cache hash table entries: 16384 (order: 5, 131072 bytes, linear)
[    0.000721] Mountpoint-cache hash table entries: 16384 (order: 5, 131072 bytes, linear)
[    0.002215] rcu: Hierarchical SRCU implementation.
[    0.003849] Detected Renesas R-Car Gen3 r8a7795 ES3.0
[    0.006037] EFI services will not be available.
[    0.006382] smp: Bringing up secondary CPUs ...
[    0.006855] Detected PIPT I-cache on CPU1
[    0.006904] CPU1: Booted secondary processor 0x0000000001 [0x411fd073]
[    0.007401] Detected PIPT I-cache on CPU2
[    0.007424] CPU2: Booted secondary processor 0x0000000002 [0x411fd073]
[    0.007853] Detected PIPT I-cache on CPU3
[    0.007876] CPU3: Booted secondary processor 0x0000000003 [0x411fd073]
[    0.008341] CPU features: detected: ARM erratum 845719
[    0.008354] Detected VIPT I-cache on CPU4
[    0.008402] CPU4: Booted secondary processor 0x0000000100 [0x410fd034]
[    0.008883] Detected VIPT I-cache on CPU5
[    0.008909] CPU5: Booted secondary processor 0x0000000101 [0x410fd034]
[    0.009361] Detected VIPT I-cache on CPU6
[    0.009387] CPU6: Booted secondary processor 0x0000000102 [0x410fd034]
[    0.009829] Detected VIPT I-cache on CPU7
[    0.009857] CPU7: Booted secondary processor 0x0000000103 [0x410fd034]
[    0.009941] smp: Brought up 1 node, 8 CPUs
[    0.010003] SMP: Total of 8 processors activated.
[    0.010010] CPU features: detected: 32-bit EL0 Support
[    0.010017] CPU features: detected: CRC32 instructions
[    0.010024] CPU features: detected: 32-bit EL1 Support
[    0.023605] CPU: All CPU(s) started at EL1
[    0.023660] alternatives: patching kernel code
[    0.024851] devtmpfs: initialized
[    0.031687] KASLR disabled due to lack of seed
[    0.031844] clocksource: jiffies: mask: 0xffffffff max_cycles: 0xffffffff, max_idle_ns: 7645041785100000 ns
[    0.031865] futex hash table entries: 2048 (order: 5, 131072 bytes, linear)
[    0.040950] pinctrl core: initialized pinctrl subsystem
[    0.042521] DMI not present or invalid.
[    0.043035] NET: Registered protocol family 16
[    0.043997] DMA: preallocated 1024 KiB GFP_KERNEL pool for atomic allocations
[    0.044203] DMA: preallocated 1024 KiB GFP_KERNEL|GFP_DMA pool for atomic allocations
[    0.044494] DMA: preallocated 1024 KiB GFP_KERNEL|GFP_DMA32 pool for atomic allocations
[    0.044532] audit: initializing netlink subsys (disabled)
[    0.044724] audit: type=2000 audit(0.044:1): state=initialized audit_enabled=0 res=1
[    0.045920] thermal_sys: Registered thermal governor 'power_allocator'
[    0.046445] cpuidle: using governor menu
[    0.046618] hw-breakpoint: found 6 breakpoint and 4 watchpoint registers.
[    0.046744] ASID allocator initialised with 65536 entries
[    0.048068] Serial: AMBA PL011 UART driver
[    0.090889] sh-pfc e6060000.pinctrl: r8a77951_pfc support registered
[    0.105637] HugeTLB registered 1.00 GiB page size, pre-allocated 0 pages
[    0.105650] HugeTLB registered 32.0 MiB page size, pre-allocated 0 pages
[    0.105658] HugeTLB registered 2.00 MiB page size, pre-allocated 0 pages
[    0.105665] HugeTLB registered 64.0 KiB page size, pre-allocated 0 pages
[    0.106632] cryptd: max_cpu_qlen set to 1000
[    0.108928] ACPI: Interpreter disabled.
[    0.112786] rcar-avs: use avs value: 0
[    0.112802] rcar-avs: cpu@0 is running with: opp_table0
[    0.112812] rcar-avs: cpu@1 is running with: opp_table0
[    0.112822] rcar-avs: cpu@2 is running with: opp_table0
[    0.112831] rcar-avs: cpu@3 is running with: opp_table0
[    0.112920] rcar-avs: gsx@fd000000 is running with: gsx_opp_table0
[    0.114343] iommu: Default domain type: Translated 
[    0.114928] ipmmu-vmsa e67b0000.iommu: IPMMU context 0 is reserved
[    0.115951] vgaarb: loaded
[    0.116151] SCSI subsystem initialized
[    0.116415] usbcore: registered new interface driver usbfs
[    0.116444] usbcore: registered new interface driver hub
[    0.116472] usbcore: registered new device driver usb
[    0.120002] i2c-sh_mobile e60b0000.i2c: I2C adapter 7, bus speed 400000 Hz
[    0.120557] mc: Linux media interface: v0.10
[    0.120581] videodev: Linux video capture interface: v2.00
[    0.120630] pps_core: LinuxPPS API ver. 1 registered
[    0.120637] pps_core: Software ver. 5.3.6 - Copyright 2005-2007 Rodolfo Giometti <giometti@linux.it>
[    0.120651] PTP clock support registered
[    0.120829] EDAC MC: Ver: 3.0.0
[    0.122801] FPGA manager framework
[    0.122862] Advanced Linux Sound Architecture Driver Initialized.
[    0.123455] clocksource: Switched to clocksource arch_sys_counter
[    0.123604] VFS: Disk quotas dquot_6.6.0
[    0.123649] VFS: Dquot-cache hash table entries: 512 (order 0, 4096 bytes)
[    0.123779] pnp: PnP ACPI: disabled
[    0.127186] NET: Registered protocol family 2
[    0.127621] IP idents hash table entries: 131072 (order: 8, 1048576 bytes, linear)
[    0.129925] tcp_listen_portaddr_hash hash table entries: 4096 (order: 4, 65536 bytes, linear)
[    0.130009] TCP established hash table entries: 65536 (order: 7, 524288 bytes, linear)
[    0.130292] TCP bind hash table entries: 65536 (order: 8, 1048576 bytes, linear)
[    0.130905] TCP: Hash tables configured (established 65536 bind 65536)
[    0.131034] UDP hash table entries: 4096 (order: 5, 131072 bytes, linear)
[    0.131150] UDP-Lite hash table entries: 4096 (order: 5, 131072 bytes, linear)
[    0.131371] NET: Registered protocol family 1
[    0.131755] RPC: Registered named UNIX socket transport module.
[    0.131766] RPC: Registered udp transport module.
[    0.131773] RPC: Registered tcp transport module.
[    0.131779] RPC: Registered tcp NFSv4.1 backchannel transport module.
[    0.131793] PCI: CLS 0 bytes, default 64
[    0.132763] hw perfevents: enabled with armv8_cortex_a53 PMU driver, 7 counters available
[    0.133035] hw perfevents: enabled with armv8_cortex_a57 PMU driver, 7 counters available
[    0.133694] kvm [1]: HYP mode not available
[    0.136518] Initialise system trusted keyrings
[    0.136666] workingset: timestamp_bits=42 max_order=21 bucket_order=0
[    0.139803] squashfs: version 4.0 (2009/01/31) Phillip Lougher
[    0.140205] NFS: Registering the id_resolver key type
[    0.140229] Key type id_resolver registered
[    0.140236] Key type id_legacy registered
[    0.140289] nfs4filelayout_init: NFSv4 File Layout Driver Registering...
[    0.140298] nfs4flexfilelayout_init: NFSv4 Flexfile Layout Driver Registering...
[    0.140400] 9p: Installing v9fs 9p2000 file system support
[    0.166572] Key type asymmetric registered
[    0.166586] Asymmetric key parser 'x509' registered
[    0.166620] Block layer SCSI generic (bsg) driver version 0.4 loaded (major 243)
[    0.166631] io scheduler mq-deadline registered
[    0.166641] io scheduler kyber registered
[    0.183037] gpio_rcar e6050000.gpio: driving 16 GPIOs
[    0.183368] gpio_rcar e6051000.gpio: driving 29 GPIOs
[    0.183661] gpio_rcar e6052000.gpio: driving 15 GPIOs
[    0.183942] gpio_rcar e6053000.gpio: driving 16 GPIOs
[    0.184212] gpio_rcar e6054000.gpio: driving 18 GPIOs
[    0.184489] gpio_rcar e6055000.gpio: driving 26 GPIOs
[    0.184773] gpio_rcar e6055400.gpio: driving 32 GPIOs
[    0.185041] gpio_rcar e6055800.gpio: driving 4 GPIOs
[    0.188000] rcar-pcie fe000000.pcie: host bridge /soc/pcie@fe000000 ranges:
[    0.188030] rcar-pcie fe000000.pcie:       IO 0x00fe100000..0x00fe1fffff -> 0x0000000000
[    0.188052] rcar-pcie fe000000.pcie:      MEM 0x00fe200000..0x00fe3fffff -> 0x00fe200000
[    0.188070] rcar-pcie fe000000.pcie:      MEM 0x0030000000..0x0037ffffff -> 0x0030000000
[    0.188083] rcar-pcie fe000000.pcie:      MEM 0x0038000000..0x003fffffff -> 0x0038000000
[    0.188100] rcar-pcie fe000000.pcie:   IB MEM 0x0040000000..0x007fffffff -> 0x0040000000
[    0.188145] rcar-pcie fe000000.pcie: no pcie3v3 regulator found
[    0.188155] rcar-pcie fe000000.pcie: no pcie1v8 regulator found
[    0.255152] rcar-pcie fe000000.pcie: PCIe link down
[    0.255329] rcar-pcie ee800000.pcie: host bridge /soc/pcie@ee800000 ranges:
[    0.255354] rcar-pcie ee800000.pcie:       IO 0x00ee900000..0x00ee9fffff -> 0x0000000000
[    0.255376] rcar-pcie ee800000.pcie:      MEM 0x00eea00000..0x00eebfffff -> 0x00eea00000
[    0.255395] rcar-pcie ee800000.pcie:      MEM 0x00c0000000..0x00c7ffffff -> 0x00c0000000
[    0.255413] rcar-pcie ee800000.pcie:      MEM 0x00c8000000..0x00cfffffff -> 0x00c8000000
[    0.255431] rcar-pcie ee800000.pcie:   IB MEM 0x0040000000..0x007fffffff -> 0x0040000000
[    0.255478] rcar-pcie ee800000.pcie: no pcie3v3 regulator found
[    0.255489] rcar-pcie ee800000.pcie: no pcie1v8 regulator found
[    0.323145] rcar-pcie ee800000.pcie: PCIe link down
[    0.325619] EINJ: ACPI disabled.
[    0.359475] Serial: 8250/16550 driver, 4 ports, IRQ sharing enabled
[    0.361990] SuperH (H)SCI(F) driver initialized
[    0.362426] e6550000.serial: ttySC1 at MMIO 0xe6550000 (irq = 42, base_baud = 0) is a hscif
[    0.363178] e6e88000.serial: ttySC0 at MMIO 0xe6e88000 (irq = 128, base_baud = 0) is a scif
[    1.567796] printk: console [ttySC0] enabled
[    1.573170] msm_serial: driver initialized
[    1.583528] rcar-dw-hdmi fead0000.hdmi: Detected HDMI TX controller v2.01a with HDCP (DWC HDMI 2.0 TX PHY)
[    1.593434] rcar-dw-hdmi fead0000.hdmi: registered DesignWare HDMI I2C bus driver
[    1.601691] rcar-dw-hdmi feae0000.hdmi: Detected HDMI TX controller v2.01a with HDCP (DWC HDMI 2.0 TX PHY)
[    1.611560] rcar-dw-hdmi feae0000.hdmi: registered DesignWare HDMI I2C bus driver
[    1.627243] loop: module loaded
[    1.631896] megasas: 07.714.04.00-rc1
[    1.637634] scsi host0: sata_rcar
[    1.641115] ata1: SATA max UDMA/133 irq 181
[    1.650524] tun: Universal TUN/TAP device driver, 1.6
[    1.656498] thunder_xcv, ver 1.0
[    1.659758] thunder_bgx, ver 1.0
[    1.662998] nicpf, ver 1.0
[    1.667117] hclge is initializing
[    1.670454] hns3: Hisilicon Ethernet Network Driver for Hip08 Family - version
[    1.677678] hns3: Copyright (c) 2017 Huawei Corporation.
[    1.683020] e1000: Intel(R) PRO/1000 Network Driver
[    1.687899] e1000: Copyright (c) 1999-2006 Intel Corporation.
[    1.693665] e1000e: Intel(R) PRO/1000 Network Driver
[    1.698637] e1000e: Copyright(c) 1999 - 2015 Intel Corporation.
[    1.704578] igb: Intel(R) Gigabit Ethernet Network Driver
[    1.709977] igb: Copyright (c) 2007-2014 Intel Corporation.
[    1.715563] igbvf: Intel(R) Gigabit Virtual Function Network Driver
[    1.721830] igbvf: Copyright (c) 2009 - 2012 Intel Corporation.
[    1.728157] sky2: driver version 1.30
[    1.735828] ravb e6800000.ethernet eth0: Base address at 0xe6800000, 2e:09:0a:06:d4:ee, IRQ 125.
[    1.746087] VFIO - User Level meta-driver version: 0.3
[    1.753432] ehci_hcd: USB 2.0 'Enhanced' Host Controller (EHCI) Driver
[    1.759977] ehci-pci: EHCI PCI platform driver
[    1.764442] ehci-platform: EHCI generic platform driver
[    1.770070] ehci-platform ee0a0100.usb: EHCI Host Controller
[    1.775755] ehci-platform ee0a0100.usb: new USB bus registered, assigned bus number 1
[    1.783684] ehci-platform ee0a0100.usb: irq 175, io mem 0xee0a0100
[    1.803457] ehci-platform ee0a0100.usb: USB 2.0 started, EHCI 1.10
[    1.809995] hub 1-0:1.0: USB hub found
[    1.813765] hub 1-0:1.0: 1 port detected
[    1.818185] ehci-platform ee0c0100.usb: EHCI Host Controller
[    1.823863] ehci-platform ee0c0100.usb: new USB bus registered, assigned bus number 2
[    1.831749] ehci-platform ee0c0100.usb: irq 176, io mem 0xee0c0100
[    1.851452] ehci-platform ee0c0100.usb: USB 2.0 started, EHCI 1.10
[    1.857913] hub 2-0:1.0: USB hub found
[    1.861683] hub 2-0:1.0: 1 port detected
[    1.891493] ehci-platform ee0e0100.usb: EHCI Host Controller
[    1.897167] ehci-platform ee0e0100.usb: new USB bus registered, assigned bus number 3
[    1.905041] ehci-platform ee0e0100.usb: irq 177, io mem 0xee0e0100
[    1.923451] ehci-platform ee0e0100.usb: USB 2.0 started, EHCI 1.10
[    1.929900] hub 3-0:1.0: USB hub found
[    1.933671] hub 3-0:1.0: 1 port detected
[    1.938066] ehci-orion: EHCI orion driver
[    1.942318] ehci-exynos: EHCI Exynos driver
[    1.946619] ohci_hcd: USB 1.1 'Open' Host Controller (OHCI) Driver
[    1.952816] ohci-pci: OHCI PCI platform driver
[    1.957303] ohci-platform: OHCI generic platform driver
[    1.962846] ohci-platform ee0a0000.usb: Generic Platform OHCI controller
[    1.969562] ohci-platform ee0a0000.usb: new USB bus registered, assigned bus number 4
[    1.977462] ohci-platform ee0a0000.usb: irq 175, io mem 0xee0a0000
[    2.059450] ata1: link resume succeeded after 1 retries
[    2.073766] hub 4-0:1.0: USB hub found
[    2.077538] hub 4-0:1.0: 1 port detected
[    2.081876] ohci-platform ee0c0000.usb: Generic Platform OHCI controller
[    2.088592] ohci-platform ee0c0000.usb: new USB bus registered, assigned bus number 5
[    2.096461] ohci-platform ee0c0000.usb: irq 176, io mem 0xee0c0000
[    2.170885] ata1: SATA link down (SStatus 0 SControl 300)
[    2.189747] hub 5-0:1.0: USB hub found
[    2.193516] hub 5-0:1.0: 1 port detected
[    2.197846] ohci-platform ee0e0000.usb: Generic Platform OHCI controller
[    2.204561] ohci-platform ee0e0000.usb: new USB bus registered, assigned bus number 6
[    2.212432] ohci-platform ee0e0000.usb: irq 177, io mem 0xee0e0000
[    2.305735] hub 6-0:1.0: USB hub found
[    2.309502] hub 6-0:1.0: 1 port detected
[    2.313847] ohci-exynos: OHCI Exynos driver
[    2.318296] usbcore: registered new interface driver usb-storage
[    2.325983] renesas_usbhs e6590000.usb: host probed
[    2.330875] renesas_usbhs e6590000.usb: no transceiver found
[    2.336602] renesas_usbhs e6590000.usb: gadget probed
[    2.341822] renesas_usbhs e6590000.usb: probed
[    2.346725] renesas_usbhs e659c000.usb: host probed
[    2.351624] renesas_usbhs e659c000.usb: no transceiver found
[    2.357340] renesas_usbhs e659c000.usb: gadget probed
[    2.362540] renesas_usbhs e659c000.usb: probed
[    2.369474] i2c /dev entries driver
[    2.384096] cs2000-cp 2-004f: revision - C1
[    2.388344] i2c-rcar e6510000.i2c: probed
[    2.393174] pca953x 4-0020: supply vcc not found, using dummy regulator
[    2.399888] pca953x 4-0020: using no AI
[    2.404548] gpio-355 (PCIE/SATA switch): hogged as output/low
[    2.416835] i2c-rcar e66d8000.i2c: probed
[    2.422157] adv748x 4-0070: Endpoint /soc/i2c@e66d8000/video-receiver@70/port@7/endpoint on port 7
[    2.431141] adv748x 4-0070: Endpoint /soc/i2c@e66d8000/video-receiver@70/port@8/endpoint on port 8
[    2.440113] adv748x 4-0070: Endpoint /soc/i2c@e66d8000/video-receiver@70/port@a/endpoint on port 10
[    2.449177] adv748x 4-0070: Endpoint /soc/i2c@e66d8000/video-receiver@70/port@b/endpoint on port 11
[    2.458585] adv748x 4-0070: chip found @ 0xe0 revision 2143
[    2.512250] rcar-csi2 fea80000.csi2: 1 lanes found
[    2.517397] rcar-csi2 feaa0000.csi2: 4 lanes found
[    2.527082] rcar-vin e6ef0000.video: Device registered as video0
[    2.533175] rcar-vin e6ef1000.video: Device registered as video1
[    2.539255] rcar-vin e6ef2000.video: Device registered as video2
[    2.545328] rcar-vin e6ef3000.video: Device registered as video3
[    2.551406] rcar-vin e6ef4000.video: Device registered as video4
[    2.557489] rcar-vin e6ef5000.video: Device registered as video5
[    2.563615] rcar-vin e6ef6000.video: Device registered as video6
[    2.569685] rcar-vin e6ef7000.video: Device registered as video7
[    2.578396] rcar_gen3_thermal e6198000.thermal: is using FUSE values
[    2.589494] rcar_gen3_thermal e6198000.thermal: TSC0: Loaded 1 trip points
[    2.600759] rcar_gen3_thermal e6198000.thermal: TSC1: Loaded 1 trip points
[    2.611917] rcar_gen3_thermal e6198000.thermal: TSC2: Loaded 3 trip points
[    2.624042] sdhci: Secure Digital Host Controller Interface driver
[    2.630241] sdhci: Copyright(c) Pierre Ossman
[    2.635450] Synopsys Designware Multimedia Card Interface Driver
[    2.636096] renesas_sdhi_internal_dmac ee140000.mmc: Adding to iommu group 0
[    2.636158] renesas_sdhi_internal_dmac ee160000.mmc: Got CD GPIO
[    2.636178] renesas_sdhi_internal_dmac ee160000.mmc: Got WP GPIO
[    2.636194] renesas_sdhi_internal_dmac ee100000.mmc: Got CD GPIO
[    2.636221] renesas_sdhi_internal_dmac ee100000.mmc: Got WP GPIO
[    2.642830] sdhci-pltfm: SDHCI platform and OF driver helper
[    2.648577] renesas_sdhi_internal_dmac ee140000.mmc: Using IPMMU context 1
[    2.685257] ledtrig-cpu: registered to indicate activity on CPUs
[    2.692167] SMCCC: SOC_ID: ARCH_SOC_ID not implemented, skipping ....
[    2.699178] usbcore: registered new interface driver usbhid
[    2.704756] usbhid: USB HID core driver
[    2.712381] optee: probing for conduit method.
[    2.716846] optee: revision 3.22 (314ecf9d)
[    2.717333] optee driver R-Car Rev.1.0.11
[    2.725768] optee: dynamic shared memory is enabled
[    2.730915] optee: initialized driver
[    2.734423] renesas_sdhi_internal_dmac ee140000.mmc: mmc0 base at 0x00000000ee140000, max clock rate 200 MHz
[    2.745403] rcar_sound ec500000.sound: probed
[    2.750506] NET: Registered protocol family 17
[    2.755076] 9pnet: Installing 9P2000 support
[    2.759395] Key type dns_resolver registered
[    2.763973] registered taskstats version 1
[    2.768086] Loading compiled-in X.509 certificates
[    2.782967] thermal emergency: set temperature to 110 celsius
[    2.788949] thermal emergency: shutdown target cpus 1-7
[    2.794184] thermal emergency: freq scaled target cpus 0
[    2.799859] renesas_irqc e61c0000.interrupt-controller: driving 6 irqs
[    2.817475] mmc0: new HS400 MMC card at address 0001
[    2.823294] mmcblk0: mmc0:0001 BGSD4R 29.1 GiB 
[    2.828199] mmcblk0boot0: mmc0:0001 BGSD4R partition 1 31.9 MiB
[    2.834462] mmcblk0boot1: mmc0:0001 BGSD4R partition 2 31.9 MiB
[    2.840662] mmcblk0rpmb: mmc0:0001 BGSD4R partition 3 4.00 MiB, chardev (509:0)
[    2.847487] ehci-platform ee080100.usb: EHCI Host Controller
[    2.849551]  mmcblk0: p1
[    2.853659] ehci-platform ee080100.usb: new USB bus registered, assigned bus number 7
[    2.864124] ehci-platform ee080100.usb: irq 174, io mem 0xee080100
[    2.883446] ehci-platform ee080100.usb: USB 2.0 started, EHCI 1.10
[    2.890178] hub 7-0:1.0: USB hub found
[    2.893950] hub 7-0:1.0: 1 port detected
[    2.899030] ohci-platform ee080000.usb: Generic Platform OHCI controller
[    2.905755] ohci-platform ee080000.usb: new USB bus registered, assigned bus number 8
[    2.913638] ohci-platform ee080000.usb: irq 174, io mem 0xee080000
[    3.009857] hub 8-0:1.0: USB hub found
[    3.013628] hub 8-0:1.0: 1 port detected
[    3.018839] cpu cpu0: EM: created perf domain
[    3.023732] cpu cpu4: EM: created perf domain
[    3.033300] renesas_sdhi_internal_dmac ee160000.mmc: Got CD GPIO
[    3.034392] renesas_sdhi_internal_dmac ee100000.mmc: Got CD GPIO
[    3.036280] [drm] Initialized rcar-du 1.0.0 20130110 for feb00000.display on minor 0
[    3.036283] [drm] Device feb00000.display probed
[    3.039398] renesas_sdhi_internal_dmac ee160000.mmc: Got WP GPIO
[    3.045463] renesas_sdhi_internal_dmac ee100000.mmc: Got WP GPIO
[    3.102661] renesas_sdhi_internal_dmac ee160000.mmc: mmc2 base at 0x00000000ee160000, max clock rate 200 MHz
[    3.106777] Console: switching to colour frame buffer device 128x48
[    3.119356] renesas_sdhi_internal_dmac ee100000.mmc: mmc1 base at 0x00000000ee100000, max clock rate 200 MHz
[    3.148955] rcar-du feb00000.display: [drm] fb0: rcar-dudrmfb frame buffer device
[    3.161175] input: keys as /devices/platform/keys/input/input0
[    3.242950] Micrel KSZ9031 Gigabit PHY e6800000.ethernet-ffffffff:00: attached PHY driver [Micrel KSZ9031 Gigabit PHY] (mii_bus:phy_addr=e6800000.ethernet-ffffffff:00, irq=183)
[    9.866142] ravb e6800000.ethernet eth0: Link is Up - 1Gbps/Full - flow control off
[    9.891490] IP-Config: Guessing netmask 255.255.255.0
[    9.896650] IP-Config: Complete:
[    9.899962]      device=eth0, hwaddr=2e:09:0a:06:d4:ee, ipaddr=192.168.10.107, mask=255.255.255.0, gw=255.255.255.255
[    9.910775]      host=192.168.10.107, domain=, nis-domain=(none)
[    9.916909]      bootserver=255.255.255.255, rootserver=192.168.10.98, rootpath=
[    9.917542] ALSA device list:
[    9.928151]   No soundcards found.
[   10.973346] VFS: Mounted root (nfs4 filesystem) on device 0:22.
[   10.979770] devtmpfs: mounted
[   10.987010] Freeing unused kernel memory: 6080K
[   11.015607] Run /sbin/init as init process
[   11.201955] systemd[1]: System time before build time, advancing clock.
[   11.615379] NET: Registered protocol family 10
[   11.624247] Segment Routing with IPv6
[   11.661692] systemd[1]: systemd 244 running in system mode. (+PAM -AUDIT -SELINUX +IMA -APPARMOR -SMACK +SYSVINIT +UTMP -LIBCRYPTSETUP -GCRYPT -GNUTLS +ACL +XZ -LZ4 -SECCOMP +BLKID -ELFUTILS +KMOD -IDN2 -IDN -PCRE2 default-hierarchy=hybrid)
[   11.692226] systemd[1]: Detected architecture arm64.

Welcome to [1mPoky (Yocto Project Reference Distro) 3.1.11 (dunfell)[0m!

[   11.729175] systemd[1]: Set hostname to <salvator-x>.
[   12.291510] random: crng init done
[   12.536146] systemd[1]: system-getty.slice: unit configures an IP firewall, but the local system does not support BPF/cgroup firewalling.
[   12.557380] systemd[1]: (This warning is only shown for the first unit using IP firewalling.)
[   12.572508] systemd[1]: Created slice system-getty.slice.
[[0;32m  OK  [0m] Created slice [0;1;39msystem-getty.slice[0m.
[   12.600691] systemd[1]: Created slice system-serial\x2dgetty.slice.
[[0;32m  OK  [0m] Created slice [0;1;39msystem-serial\x2dgetty.slice[0m.
[   12.624650] systemd[1]: Created slice User and Session Slice.
[[0;32m  OK  [0m] Created slice [0;1;39mUser and Session Slice[0m.
[   12.647999] systemd[1]: Started Dispatch Password Requests to Console Directory Watch.
[[0;32m  OK  [0m] Started [0;1;39mDispatch Password â€¦ts to Console Directory Watch[0m.
[   12.675880] systemd[1]: Started Forward Password Requests to Wall Directory Watch.
[[0;32m  OK  [0m] Started [0;1;39mForward Password Râ€¦uests to Wall Directory Watch[0m.
[   12.703769] systemd[1]: Reached target Paths.
[[0;32m  OK  [0m] Reached target [0;1;39mPaths[0m.
[   12.727643] systemd[1]: Reached target Remote File Systems.
[[0;32m  OK  [0m] Reached target [0;1;39mRemote File Systems[0m.
[   12.751614] systemd[1]: Reached target Slices.
[[0;32m  OK  [0m] Reached target [0;1;39mSlices[0m.
[   12.775621] systemd[1]: Reached target Swap.
[[0;32m  OK  [0m] Reached target [0;1;39mSwap[0m.
[   12.802646] systemd[1]: Listening on RPCbind Server Activation Socket.
[[0;32m  OK  [0m] Listening on [0;1;39mRPCbind Server Activation Socket[0m.
[   12.831673] systemd[1]: Reached target RPC Port Mapper.
[[0;32m  OK  [0m] Reached target [0;1;39mRPC Port Mapper[0m.
[   12.856045] systemd[1]: Listening on initctl Compatibility Named Pipe.
[[0;32m  OK  [0m] Listening on [0;1;39minitctl Compatibility Named Pipe[0m.
[   12.885508] systemd[1]: Listening on Journal Audit Socket.
[[0;32m  OK  [0m] Listening on [0;1;39mJournal Audit Socket[0m.
[   12.913088] systemd[1]: Listening on Journal Socket (/dev/log).
[[0;32m  OK  [0m] Listening on [0;1;39mJournal Socket (/dev/log)[0m.
[   12.940378] systemd[1]: Listening on Journal Socket.
[[0;32m  OK  [0m] Listening on [0;1;39mJournal Socket[0m.
[   12.965415] systemd[1]: Listening on Network Service Netlink Socket.
[[0;32m  OK  [0m] Listening on [0;1;39mNetwork Service Netlink Socket[0m.
[   12.993626] systemd[1]: Listening on udev Control Socket.
[[0;32m  OK  [0m] Listening on [0;1;39mudev Control Socket[0m.
[   13.020157] systemd[1]: Listening on udev Kernel Socket.
[[0;32m  OK  [0m] Listening on [0;1;39mudev Kernel Socket[0m.
[   13.049271] systemd[1]: Mounting Huge Pages File System...
         Mounting [0;1;39mHuge Pages File System[0m...
[   13.076785] systemd[1]: Mounting POSIX Message Queue File System...
         Mounting [0;1;39mPOSIX Message Queue File System[0m...
[   13.108728] systemd[1]: Mounting Kernel Debug File System...
         Mounting [0;1;39mKernel Debug File System[0m...
[   13.140394] systemd[1]: Mounting Temporary Directory (/tmp)...
         Mounting [0;1;39mTemporary Directory (/tmp)[0m...
[   13.169894] systemd[1]: Starting Create list of static device nodes for the current kernel...
         Starting [0;1;39mCreate list of stâ€¦odes for the current kernel[0m...
[   13.204715] systemd[1]: Starting Start psplash boot splash screen...
         Starting [0;1;39mStart psplash boot splash screen[0m...
[   13.238776] systemd[1]: Starting RPC Bind...
         Starting [0;1;39mRPC Bind[0m...
[   13.261934] systemd[1]: Condition check resulted in File System Check on Root Device being skipped.
[   13.278639] systemd[1]: Starting Journal Service...
         Starting [0;1;39mJournal Service[0m...
[   13.308096] systemd[1]: Starting Load Kernel Modules...
         Starting [0;1;39mLoad Kernel Modules[0m...
[   13.333530] systemd[1]: Starting Remount Root and Kernel File Systems...
         Starting [0;1;39mRemount Root and Kernel File Systems[0m...
[   13.361509] systemd[1]: Starting udev Coldplug all Devices...
         Starting [0;1;39mudev Coldplug all Devices[0m...
[   13.390819] systemd[1]: Started Start psplash boot splash screen.
[[0;32m  OK  [0m] Started [0;1;39mStart psplash boot splash screen[0m.
[   13.415917] systemd[1]: Started RPC Bind.
[[0;32m  OK  [0m] Started [0;1;39mRPC Bind[0m.
[   13.439919] systemd[1]: Started Journal Service.
[[0;32m  OK  [0m] Started [0;1;39mJournal Service[0m.
[[0;32m  OK  [0m] Mounted [0;1;39mHuge Pages File System[0m.
[[0;32m  OK  [0m] Mounted [0;1;39mPOSIX Message Queue File System[0m.
[[0;32m  OK  [0m] Mounted [0;1;39mKernel Debug File System[0m.
[[0;32m  OK  [0m] Mounted [0;1;39mTemporary Directory (/tmp)[0m.
[[0;32m  OK  [0m] Started [0;1;39mCreate list of staâ€¦ nodes for the current kernel[0m.
[[0;32m  OK  [0m] Started [0;1;39mLoad Kernel Modules[0m.
[[0;32m  OK  [0m] Started [0;1;39mRemount Root and Kernel File Systems[0m.
         Mounting [0;1;39mKernel Configuration File System[0m...
[[0;32m  OK  [0m] Started [0;1;39mStart psplash-systâ€¦progress communication helper[0m.
         Starting [0;1;39mFlush Journal to Persistent Storage[0m...
         Starting [0;1;39mApply Kernel Variables[0m...
[   13.680678] systemd-journald[354]: Received client request to flush runtime journal.
         Starting [0;1;39mCreate Static Device Nodes in /dev[0m...
[[0;32m  OK  [0m] Mounted [0;1;39mKernel Configuration File System[0m.
[[0;32m  OK  [0m] Started [0;1;39mFlush Journal to Persistent Storage[0m.
[[0;32m  OK  [0m] Started [0;1;39mApply Kernel Variables[0m.
[[0;32m  OK  [0m] Started [0;1;39mCreate Static Device Nodes in /dev[0m.
[[0;32m  OK  [0m] Reached target [0;1;39mLocal File Systems (Pre)[0m.
         Mounting [0;1;39m/var/volatile[0m...
         Starting [0;1;39mudev Kernel Device Manager[0m...
[[0;32m  OK  [0m] Started [0;1;39mudev Coldplug all Devices[0m.
[[0;32m  OK  [0m] Mounted [0;1;39m/var/volatile[0m.
         Starting [0;1;39mLoad/Save Random Seed[0m...
[[0;32m  OK  [0m] Reached target [0;1;39mLocal File Systems[0m.
         Starting [0;1;39mCreate Volatile Files and Directories[0m...
[[0;32m  OK  [0m] Started [0;1;39mLoad/Save Random Seed[0m.
[[0;32m  OK  [0m] Started [0;1;39mudev Kernel Device Manager[0m.
         Starting [0;1;39mNetwork Service[0m...
[[0;32m  OK  [0m] Started [0;1;39mCreate Volatile Files and Directories[0m.
         Starting [0;1;39mNetwork Time Synchronization[0m...
         Starting [0;1;39mUpdate UTMP about System Boot/Shutdown[0m...
[[0;32m  OK  [0m] Started [0;1;39mNetwork Service[0m.
         Starting [0;1;39mNetwork Name Resolution[0m...
[[0;32m  OK  [0m] Started [0;1;39mUpdate UTMP about System Boot/Shutdown[0m.
[[0;32m  OK  [0m] Started [0;1;39mNetwork Time Synchronization[0m.
[   14.216411] pwm-backlight: probe of backlight failed with error -16
[[0;32m  OK  [0m] Reached target [0;1;39mSystem Initialization[0m.
[[0;32m  OK  [0m] Started [0;1;39mDaily Cleanup of Temporary Directories[0m.
[[0;32m  OK  [0m] Reached target [0;1;39mSystem Time Set[0m.
[[0;32m  OK  [0m] Reached target [0;1;39mSystem Time Synchronized[0m.
[[0;32m  OK  [0m] Reached targ[   14.289599] at24 7-0050: supply vcc not found, using dummy regulator
et [0;1;39mTimers[0m.[   14.298034] at24 7-0050: 128 byte br24t01 EEPROM, writable, 8 bytes/write

[[0;32m  OK  [0m] Listening on [0;1;39mAvahi mDNS/DNS-SD Stack Activation Socket[0m.
[[0;32m  OK  [0m] Listening on [0;1;39mD-Bus System Message Bus Socket[0m.
[[0;32m  OK  [0m] List[   14.421362] ccree e6601000.crypto: ARM CryptoCell 630P Driver: HW version 0xAF400001/0xDCC63000, Driver version 5.0
ening on [0;1;39mdropbear.socket[0m.
[   14.440101] renesas_usb3 ee020000.usb: probed with phy
[[0;32m  OK  [0m] Reached target [0;1;39mSockets[0m.
[[0;32m  OK  [0m] Reached target [0;1;39mBasic System[0m.
[[0;32m  OK  [0m] Started [0;1;39mD-Bus System Message Bus[0m.
[[0;32m  OK  [0m] Started [0;1;39moptee services[0m.
         Starting [0;1;39mpvrinit.service[0m...
[   14.532308] ccree e6601000.crypto: ARM ccree device initialized
         Starting [0;1;39mPowerVR consumer services[0m...
         Starting [0;1;39mLogin Service[0m...
[[0;32m  OK  [0m] Started [0;1;39mNetwork Name Resolution[0m.
[   14.613449] xhci-hcd ee000000.usb: xHCI Host Controller
[   14.618955] xhci-hcd ee000000.usb: new USB bus registered, assigned bus number 9
[   14.649020] xhci-hcd ee000000.usb: hcc params 0x014051ce hci version 0x100 quirks 0x0000000000830410
[   14.658344] xhci-hcd ee000000.usb: irq 172, io mem 0xee000000
[   14.664368] xhci-hcd ee000000.usb: xHCI Host Controller
[   14.669770] xhci-hcd ee000000.usb: new USB bus registered, assigned bus number 10
[   14.677318] xhci-hcd ee000000.usb: Host supports USB 3.0 SuperSpeed
[   14.684644] hub 9-0:1.0: USB hub found
[   14.688474] hub 9-0:1.0: 1 port detected
[[0;1;31mFAILED[0m] Failed to start [0;1;39mp[   14.695779] usb usb10: We don't know the algorithms for LPM for this host, disabling LPM.
vrinit.service[[   14.705439] hub 10-0:1.0: USB hub found
0m.
[   14.705455] hub 10-0:1.0: 1 port detected
See 'systemctl status pvrinit.service' for details.
[[0;1;31mFAILED[0m] Failed to start [0;1;39mPowerVR consumer services[0m.
See 'systemctl status rc.pvr.service' for details.
[[0;1;38;5;185mDEPEND[0m] Dependency failed for [0;1;39mWeston Wayland Compositor[0m.
[[0;32m  OK  [0m] Started [0;1;39mLogin Service[0m.
[[0;32m  OK  [0m] Created slice [0;1;39msystem-weston.slice[0m.
[[0;32m  OK  [0m] Reached target [0;1;39mNetwork[0m.
[[0;32m  OK  [0m] Reached target [0;1;39mHost and Network Name Lookups[0m.
[[0;32m  OK  [0m] Reached target [0;1;39mHardware activated USB gadget[0m.
         Starting [0;1;39mAvahi mDNS/DNS-SD Stack[0m...
         Starting [0;1;39mset_default_governor.service[0m...
         Starting [0;1;39mPermit User Sessions[0m...
[[0;32m  OK  [0m] Started [0;1;39mXinetd A Powerful Replacement For Inetd[0m.
[   14.947824] rd 0-7: Disabling EAS, schedutil is mandatory
[[0;32m  OK  [0m] Started [0;1;39mPermit User Sessions[0m.
[[0;32m  OK  [0m] Started [0;1;39mAvahi mDNS/DNS-SD Stack[0m.
[[0;32m  OK  [0m] Started [0;1;39mset_default_governor.service[0m.
[[0;32m  OK  [0m] Started [0;1;39mGetty on tty1[0m.
[[0;32m  OK  [0m] Started [0;1;39mSerial Getty on ttySC0[0m.
[[0;32m  OK  [0m] Reached target [0;1;39mLogin Prompts[0m.
[[0;32m  OK  [0m] Reached target [0;1;39mMulti-User System[0m.
         Starting [0;1;39mUpdate UTMP about System Runlevel Changes[0m...
[[0;32m  OK  [0m] Started [0;1;39mUpdate UTMP about System Runlevel Changes[0m.

Poky (Yocto Project Reference Distro) 3.1.11 salvator-x ttySC0

salvator-x login: 
salvator-x login: root
[   17.168992] audit: type=1006 audit(1703064537.964:2): pid=528 uid=0 old-auid=4294967295 auid=0 tty=(none) old-ses=4294967295 ses=1 res=1
7[r[999;999H[6n8root@salvator-x:~# 
root@salvator-x:~# 
root@salvator-x:~# 
root@salvator-x:~# 
root@salvator-x:~# 
root@salvator-x:~# 
root@salvator-x:~# 
root@salvator-x:~# 
root@salvator-x:~# [   41.951603] SDHI0 VccQ: disabling
[   41.954997] SDHI3 VccQ: disabling
[   46.687455] usb 9-1: new high-speed USB device number 2 using xhci-hcd
[   46.858788] hub 9-1:1.0: USB hub found
[   46.863281] hub 9-1:1.0: 4 ports detected
[   46.976116] usb 10-1: new SuperSpeed Gen 1 USB device number 2 using xhci-hcd
[   47.018428] hub 10-1:1.0: USB hub found
[   47.023280] hub 10-1:1.0: 4 ports detected

root@salvator-x:~# echo usb10 > /sys/bus/usb/drivers/usb/unbind
[   48.463819] usb 10-1: USB disconnect, device number 2
root@salvator-x:~# 
root@salvator-x:~# echo usb10 > /sys/bus/usb/drivers/usb/bind
[   50.071981] hub 10-0:1.0: USB hub found
[   50.075880] hub 10-0:1.0: 1 port detected
root@salvator-x:~# [   50.380051] usb 10-1: new SuperSpeed Gen 1 USB device number 3 using xhci-hcd
[   50.424413] hub 10-1:1.0: USB hub found
[   50.429355] hub 10-1:1.0: 4 ports detected

root@salvator-x:~# sleep 4
root@salvator-x:~# 
root@salvator-x:~# echo usb10 > /sys/bus/usb/drivers/usb/unbind
[   56.383786] usb 10-1: USB disconnect, device number 3
root@salvator-x:~# 
root@salvator-x:~# echo usb10 > /sys/bus/usb/drivers/usb/bind
[   57.980085] hub 10-0:1.0: USB hub found
[   57.983989] hub 10-0:1.0: 1 port detected
root@salvator-x:~# [   58.287897] usb 10-1: new SuperSpeed Gen 1 USB device number 4 using xhci-hcd
[   58.329949] hub 10-1:1.0: USB hub found
[   58.334966] hub 10-1:1.0: 4 ports detected

root@salvator-x:~# sleep 4
root@salvator-x:~# 
root@salvator-x:~# echo usb10 > /sys/bus/usb/drivers/usb/unbind
[   64.287621] usb 10-1: USB disconnect, device number 4
root@salvator-x:~# 
root@salvator-x:~# echo usb10 > /sys/bus/usb/drivers/usb/bind
[   65.883833] hub 10-0:1.0: USB hub found
[   65.887729] hub 10-0:1.0: 1 port detected
root@salvator-x:~# [   66.191898] usb 10-1: new SuperSpeed Gen 1 USB device number 5 using xhci-hcd
[   66.233912] hub 10-1:1.0: USB hub found
[   66.238670] hub 10-1:1.0: 4 ports detected

root@salvator-x:~# sleep 4
root@salvator-x:~# 
root@salvator-x:~# echo usb10 > /sys/bus/usb/drivers/usb/unbind
[   72.195617] usb 10-1: USB disconnect, device number 5
root@salvator-x:~# 
root@salvator-x:~# echo usb10 > /sys/bus/usb/drivers/usb/bind
[   73.791913] hub 10-0:1.0: USB hub found
[   73.795807] hub 10-0:1.0: 1 port detected
root@salvator-x:~# [   74.099959] usb 10-1: new SuperSpeed Gen 1 USB device number 6 using xhci-hcd
[   74.141510] hub 10-1:1.0: USB hub found
[   74.146373] hub 10-1:1.0: 4 ports detected

root@salvator-x:~# sleep 4
root@salvator-x:~# 
root@salvator-x:~# echo usb10 > /sys/bus/usb/drivers/usb/unbind
[   80.103634] usb 10-1: USB disconnect, device number 6
root@salvator-x:~# 
root@salvator-x:~# echo usb10 > /sys/bus/usb/drivers/usb/bind
[   81.703881] hub 10-0:1.0: USB hub found
[   81.707772] hub 10-0:1.0: 1 port detected
root@salvator-x:~# [   82.011999] usb 10-1: new SuperSpeed Gen 1 USB device number 7 using xhci-hcd
[   82.056744] hub 10-1:1.0: USB hub found
[   82.061674] hub 10-1:1.0: 4 ports detected

root@salvator-x:~# sleep 4
root@salvator-x:~# 
 
#### Result: OK ####
