
------------ BOARD -------------

Reset board with button reset board 0x15: salvator_h3
Push reset button
Release reset button
NOTICE:  BL2: R-Car Gen3 Initial Program Loader(CA57) Rev.4.0.0
NOTICE:  BL2: PRR is R-Car H3 Ver.3.0
NOTICE:  BL2: Board is Salvator-XS Rev.1.1
NOTICE:  BL2: Boot device is HyperFlash(160MHz)
NOTICE:  BL2: LCM state is CM
NOTICE:  AVS setting succeeded. DVFS_SetVID=0x53
NOTICE:  BL2: DDR3200(rev.0.42)
NOTICE:  BL2: [COLD_BOOT]
NOTICE:  BL2: DRAM Split is 4ch(DDR f)
NOTICE:  BL2: QoS is default setting(rev.0.11)
NOTICE:  BL2: DRAM refresh interval 1.95 usec
NOTICE:  BL2: Periodic Write DQ Training
NOTICE:  BL2: CH0: 400000000 - 47fffffff, 2 GiB
NOTICE:  BL2: CH1: 500000000 - 57fffffff, 2 GiB
NOTICE:  BL2: CH2: 600000000 - 67fffffff, 2 GiB
NOTICE:  BL2: CH3: 700000000 - 77fffffff, 2 GiB
NOTICE:  BL2: Lossy Decomp areas
NOTICE:       Entry 0: DCMPAREACRAx:0x80000540 DCMPAREACRBx:0x570
NOTICE:       Entry 1: DCMPAREACRAx:0x40000000 DCMPAREACRBx:0x0
NOTICE:       Entry 2: DCMPAREACRAx:0x20000000 DCMPAREACRBx:0x0
NOTICE:  BL2: FDT at 0xe6327f70
NOTICE:  BL2: v2.9(release):9cdb21f75
NOTICE:  BL2: Built : 05:25:39, Dec 19 2023
NOTICE:  BL2: Normal boot
NOTICE:  BL2: dst=0xe6327800 src=0x8180000 len=512(0x200)
NOTICE:  BL2: dst=0x43f00000 src=0x8180400 len=6144(0x1800)
NOTICE:  rcar_file_len: len: 0x0003e000
NOTICE:  BL2: dst=0x44000000 src=0x81c0000 len=253952(0x3e000)
NOTICE:  rcar_file_len: len: 0x00200000
NOTICE:  BL2: dst=0x44100000 src=0x8200000 len=2097152(0x200000)
NOTICE:  rcar_file_len: len: 0x00100000
NOTICE:  BL2: dst=0x50000000 src=0x8640000 len=1048576(0x100000)
NOTICE:  BL2: Booting BL31


U-Boot 2020.10 (Dec 19 2023 - 14:30:40 +0000)

CPU: Renesas Electronics R8A7795 rev 3.0
Model: Renesas Salvator-X 2nd version board based on r8a77951
DRAM:  7.9 GiB
RAM Configuration:
Bank #0: 0x048000000 - 0x0bfffffff, 1.9 GiB
Bank #1: 0x500000000 - 0x57fffffff, 2 GiB
Bank #2: 0x600000000 - 0x67fffffff, 2 GiB
Bank #3: 0x700000000 - 0x77fffffff, 2 GiB

MMC:   sd@ee100000: 0, sd@ee140000: 1, sd@ee160000: 2
Loading Environment from MMC... OK
In:    serial@e6e88000
Out:   serial@e6e88000
Err:   serial@e6e88000
Net:   eth0: ethernet@e6800000
Hit any key to stop autoboot:  2  1  0 
ethernet@e6800000 Waiting for PHY auto negotiation to complete............ done
Using ethernet@e6800000 device
TFTP from server 192.168.10.98; our IP address is 192.168.10.107
Filename 'BV/PT3/boot_USB3H/Image'.
Load address: 0x48080000
Loading: *#################################################################
	 #################################################################
	 #################################################################
	 #################################################################
	 #################################################################
	 #################################################################
	 #################################################################
	 #################################################################
	 #################################################################
	 #################################################################
	 #################################################################
	 #################################################################
	 #################################################################
	 #################################################################
	 #################################################################
	 #################################################################
	 #################################################################
	 #################################################################
	 #################################################################
	 #################################################################
	 #################################################################
	 #################################################################
	 #################################################################
	 #################################################################
	 #################################################################
	 #################################################################
	 #################################################################
	 #################################################################
	 #################################################################
	 #################################################################
	 #################################################################
	 #################################################################
	 #################################################################
	 #################################################################
	 ##############################################
	 3.9 MiB/s
done
Bytes transferred = 33112576 (1f94200 hex)
Using ethernet@e6800000 device
TFTP from server 192.168.10.98; our IP address is 192.168.10.107
Filename 'BV/PT3/boot_USB3H/r8a77951-salvator-xs.dtb'.
Load address: 0x48000000
Loading: *#######
	 5.8 MiB/s
done
Bytes transferred = 90876 (162fc hex)
Moving Image from 0x48080000 to 0x48200000, end=4a220000
## Flattened Device Tree blob at 48000000
   Booting using the fdt blob at 0x48000000
   Loading Device Tree to 0000000053fe6000, end 0000000053fff2fb ... OK

Starting kernel ...

[    0.000000] Booting Linux on physical CPU 0x0000000000 [0x411fd073]
[    0.000000] Linux version 5.10.194-yocto-standard (thuan.nguyen-hong@banvien) (aarch64-poky-linux-gcc (GCC) 9.3.0, GNU ld (GNU Binutils) 2.34.0.20200220) #13 SMP PREEMPT Sat Feb 3 10:27:40 UTC 2024
[    0.000000] Machine model: Renesas Salvator-X 2nd version board based on r8a77951
[    0.000000] efi: UEFI not found.
[    0.000000] Reserved memory: created CMA memory pool at 0x0000000057000000, size 16 MiB
[    0.000000] OF: reserved mem: initialized node linux,adsp@57000000, compatible id shared-dma-pool
[    0.000000] Reserved memory: created CMA memory pool at 0x0000000058000000, size 384 MiB
[    0.000000] OF: reserved mem: initialized node linux,cma@58000000, compatible id shared-dma-pool
[    0.000000] Reserved memory: created CMA memory pool at 0x0000000070000000, size 256 MiB
[    0.000000] OF: reserved mem: initialized node linux,multimedia@70000000, compatible id shared-dma-pool
[    0.000000] NUMA: No NUMA configuration found
[    0.000000] NUMA: Faking a node at [mem 0x0000000048000000-0x000000077fffffff]
[    0.000000] NUMA: NODE_DATA [mem 0x77efdab00-0x77efdcfff]
[    0.000000] Zone ranges:
[    0.000000]   DMA      [mem 0x0000000048000000-0x000000007fffffff]
[    0.000000]   DMA32    [mem 0x0000000080000000-0x00000000ffffffff]
[    0.000000]   Normal   [mem 0x0000000100000000-0x000000077fffffff]
[    0.000000] Movable zone start for each node
[    0.000000] Early memory node ranges
[    0.000000]   node   0: [mem 0x0000000048000000-0x0000000053ffffff]
[    0.000000]   node   0: [mem 0x0000000054000000-0x0000000056ffffff]
[    0.000000]   node   0: [mem 0x0000000057000000-0x00000000bfffffff]
[    0.000000]   node   0: [mem 0x0000000500000000-0x000000057fffffff]
[    0.000000]   node   0: [mem 0x0000000600000000-0x000000067fffffff]
[    0.000000]   node   0: [mem 0x0000000700000000-0x000000077fffffff]
[    0.000000] Initmem setup node 0 [mem 0x0000000048000000-0x000000077fffffff]
[    0.000000] psci: probing for conduit method from DT.
[    0.000000] psci: PSCIv1.1 detected in firmware.
[    0.000000] psci: Using standard PSCI v0.2 function IDs
[    0.000000] psci: Trusted OS resident on physical CPU 0x0
[    0.000000] psci: SMC Calling Convention v1.2
[    0.000000] percpu: Embedded 23 pages/cpu s56984 r8192 d29032 u94208
[    0.000000] Detected PIPT I-cache on CPU0
[    0.000000] CPU features: detected: EL2 vector hardening
[    0.000000] CPU features: detected: Spectre-v2
[    0.000000] CPU features: detected: ARM errata 1165522, 1319367, or 1530923
[    0.000000] CPU features: detected: Spectre-BHB
[    0.000000] CPU features: detected: ARM erratum 1742098
[    0.000000] Built 1 zonelists, mobility grouping on.  Total pages: 2032128
[    0.000000] Policy zone: Normal
[    0.000000] Kernel command line: rw root=/dev/nfs nfsroot=192.168.10.98:/data/tftpboot/BV/PT3/rootfs_H3,nfsvers=4 ip=192.168.10.107
[    0.000000] Dentry cache hash table entries: 1048576 (order: 11, 8388608 bytes, linear)
[    0.000000] Inode-cache hash table entries: 524288 (order: 10, 4194304 bytes, linear)
[    0.000000] mem auto-init: stack:off, heap alloc:off, heap free:off
[    0.000000] software IO TLB: mapped [mem 0x000000004ffe6000-0x0000000053fe6000] (64MB)
[    0.000000] Memory: 7277096K/8257536K available (15104K kernel code, 2832K rwdata, 8204K rodata, 6080K init, 519K bss, 308696K reserved, 671744K cma-reserved)
[    0.000000] SLUB: HWalign=64, Order=0-3, MinObjects=0, CPUs=8, Nodes=1
[    0.000000] rcu: Preemptible hierarchical RCU implementation.
[    0.000000] rcu: 	RCU event tracing is enabled.
[    0.000000] rcu: 	RCU restricting CPUs from NR_CPUS=256 to nr_cpu_ids=8.
[    0.000000] 	Trampoline variant of Tasks RCU enabled.
[    0.000000] rcu: RCU calculated value of scheduler-enlistment delay is 25 jiffies.
[    0.000000] rcu: Adjusting geometry for rcu_fanout_leaf=16, nr_cpu_ids=8
[    0.000000] NR_IRQS: 64, nr_irqs: 64, preallocated irqs: 0
[    0.000000] arch_timer: cp15 timer(s) running at 8.32MHz (virt).
[    0.000000] clocksource: arch_sys_counter: mask: 0xffffffffffffff max_cycles: 0x1eb398c07, max_idle_ns: 440795202503 ns
[    0.000003] sched_clock: 56 bits at 8MHz, resolution 120ns, wraps every 2199023255503ns
[    0.000211] Console: colour dummy device 80x25
[    0.000418] printk: console [tty0] enabled
[    0.000495] Calibrating delay loop (skipped), value calculated using timer frequency.. 16.64 BogoMIPS (lpj=33280)
[    0.000510] pid_max: default: 32768 minimum: 301
[    0.000569] LSM: Security Framework initializing
[    0.000659] Mount-cache hash table entries: 16384 (order: 5, 131072 bytes, linear)
[    0.000712] Mountpoint-cache hash table entries: 16384 (order: 5, 131072 bytes, linear)
[    0.002209] rcu: Hierarchical SRCU implementation.
[    0.003846] Detected Renesas R-Car Gen3 r8a7795 ES3.0
[    0.006026] EFI services will not be available.
[    0.006375] smp: Bringing up secondary CPUs ...
[    0.006847] Detected PIPT I-cache on CPU1
[    0.006900] CPU1: Booted secondary processor 0x0000000001 [0x411fd073]
[    0.007398] Detected PIPT I-cache on CPU2
[    0.007425] CPU2: Booted secondary processor 0x0000000002 [0x411fd073]
[    0.007853] Detected PIPT I-cache on CPU3
[    0.007877] CPU3: Booted secondary processor 0x0000000003 [0x411fd073]
[    0.008351] CPU features: detected: ARM erratum 845719
[    0.008364] Detected VIPT I-cache on CPU4
[    0.008409] CPU4: Booted secondary processor 0x0000000100 [0x410fd034]
[    0.008898] Detected VIPT I-cache on CPU5
[    0.008924] CPU5: Booted secondary processor 0x0000000101 [0x410fd034]
[    0.009364] Detected VIPT I-cache on CPU6
[    0.009390] CPU6: Booted secondary processor 0x0000000102 [0x410fd034]
[    0.009830] Detected VIPT I-cache on CPU7
[    0.009857] CPU7: Booted secondary processor 0x0000000103 [0x410fd034]
[    0.009936] smp: Brought up 1 node, 8 CPUs
[    0.009999] SMP: Total of 8 processors activated.
[    0.010007] CPU features: detected: 32-bit EL0 Support
[    0.010015] CPU features: detected: CRC32 instructions
[    0.010022] CPU features: detected: 32-bit EL1 Support
[    0.023596] CPU: All CPU(s) started at EL1
[    0.023649] alternatives: patching kernel code
[    0.024855] devtmpfs: initialized
[    0.031662] KASLR disabled due to lack of seed
[    0.031819] clocksource: jiffies: mask: 0xffffffff max_cycles: 0xffffffff, max_idle_ns: 7645041785100000 ns
[    0.031840] futex hash table entries: 2048 (order: 5, 131072 bytes, linear)
[    0.040926] pinctrl core: initialized pinctrl subsystem
[    0.042477] DMI not present or invalid.
[    0.042995] NET: Registered protocol family 16
[    0.043950] DMA: preallocated 1024 KiB GFP_KERNEL pool for atomic allocations
[    0.044168] DMA: preallocated 1024 KiB GFP_KERNEL|GFP_DMA pool for atomic allocations
[    0.044466] DMA: preallocated 1024 KiB GFP_KERNEL|GFP_DMA32 pool for atomic allocations
[    0.044505] audit: initializing netlink subsys (disabled)
[    0.044694] audit: type=2000 audit(0.044:1): state=initialized audit_enabled=0 res=1
[    0.045863] thermal_sys: Registered thermal governor 'power_allocator'
[    0.046386] cpuidle: using governor menu
[    0.046562] hw-breakpoint: found 6 breakpoint and 4 watchpoint registers.
[    0.046685] ASID allocator initialised with 65536 entries
[    0.048018] Serial: AMBA PL011 UART driver
[    0.090753] sh-pfc e6060000.pinctrl: r8a77951_pfc support registered
[    0.105513] HugeTLB registered 1.00 GiB page size, pre-allocated 0 pages
[    0.105526] HugeTLB registered 32.0 MiB page size, pre-allocated 0 pages
[    0.105534] HugeTLB registered 2.00 MiB page size, pre-allocated 0 pages
[    0.105541] HugeTLB registered 64.0 KiB page size, pre-allocated 0 pages
[    0.106506] cryptd: max_cpu_qlen set to 1000
[    0.108827] ACPI: Interpreter disabled.
[    0.112714] rcar-avs: use avs value: 0
[    0.112729] rcar-avs: cpu@0 is running with: opp_table0
[    0.112740] rcar-avs: cpu@1 is running with: opp_table0
[    0.112749] rcar-avs: cpu@2 is running with: opp_table0
[    0.112758] rcar-avs: cpu@3 is running with: opp_table0
[    0.112847] rcar-avs: gsx@fd000000 is running with: gsx_opp_table0
[    0.114283] iommu: Default domain type: Translated 
[    0.114867] ipmmu-vmsa e67b0000.iommu: IPMMU context 0 is reserved
[    0.115918] vgaarb: loaded
[    0.116126] SCSI subsystem initialized
[    0.116386] usbcore: registered new interface driver usbfs
[    0.116416] usbcore: registered new interface driver hub
[    0.116441] usbcore: registered new device driver usb
[    0.119960] i2c-sh_mobile e60b0000.i2c: I2C adapter 7, bus speed 400000 Hz
[    0.120521] mc: Linux media interface: v0.10
[    0.120543] videodev: Linux video capture interface: v2.00
[    0.120590] pps_core: LinuxPPS API ver. 1 registered
[    0.120598] pps_core: Software ver. 5.3.6 - Copyright 2005-2007 Rodolfo Giometti <giometti@linux.it>
[    0.120612] PTP clock support registered
[    0.120788] EDAC MC: Ver: 3.0.0
[    0.122786] FPGA manager framework
[    0.122847] Advanced Linux Sound Architecture Driver Initialized.
[    0.123456] clocksource: Switched to clocksource arch_sys_counter
[    0.123606] VFS: Disk quotas dquot_6.6.0
[    0.123648] VFS: Dquot-cache hash table entries: 512 (order 0, 4096 bytes)
[    0.123769] pnp: PnP ACPI: disabled
[    0.127403] NET: Registered protocol family 2
[    0.127842] IP idents hash table entries: 131072 (order: 8, 1048576 bytes, linear)
[    0.130112] tcp_listen_portaddr_hash hash table entries: 4096 (order: 4, 65536 bytes, linear)
[    0.130191] TCP established hash table entries: 65536 (order: 7, 524288 bytes, linear)
[    0.130475] TCP bind hash table entries: 65536 (order: 8, 1048576 bytes, linear)
[    0.131089] TCP: Hash tables configured (established 65536 bind 65536)
[    0.131213] UDP hash table entries: 4096 (order: 5, 131072 bytes, linear)
[    0.131328] UDP-Lite hash table entries: 4096 (order: 5, 131072 bytes, linear)
[    0.131572] NET: Registered protocol family 1
[    0.131927] RPC: Registered named UNIX socket transport module.
[    0.131938] RPC: Registered udp transport module.
[    0.131943] RPC: Registered tcp transport module.
[    0.131949] RPC: Registered tcp NFSv4.1 backchannel transport module.
[    0.131962] PCI: CLS 0 bytes, default 64
[    0.132905] hw perfevents: enabled with armv8_cortex_a53 PMU driver, 7 counters available
[    0.133185] hw perfevents: enabled with armv8_cortex_a57 PMU driver, 7 counters available
[    0.133835] kvm [1]: HYP mode not available
[    0.136790] Initialise system trusted keyrings
[    0.136930] workingset: timestamp_bits=42 max_order=21 bucket_order=0
[    0.140048] squashfs: version 4.0 (2009/01/31) Phillip Lougher
[    0.140456] NFS: Registering the id_resolver key type
[    0.140486] Key type id_resolver registered
[    0.140493] Key type id_legacy registered
[    0.140546] nfs4filelayout_init: NFSv4 File Layout Driver Registering...
[    0.140556] nfs4flexfilelayout_init: NFSv4 Flexfile Layout Driver Registering...
[    0.140655] 9p: Installing v9fs 9p2000 file system support
[    0.166529] Key type asymmetric registered
[    0.166543] Asymmetric key parser 'x509' registered
[    0.166582] Block layer SCSI generic (bsg) driver version 0.4 loaded (major 243)
[    0.166594] io scheduler mq-deadline registered
[    0.166603] io scheduler kyber registered
[    0.182854] gpio_rcar e6050000.gpio: driving 16 GPIOs
[    0.183136] gpio_rcar e6051000.gpio: driving 29 GPIOs
[    0.183407] gpio_rcar e6052000.gpio: driving 15 GPIOs
[    0.183749] gpio_rcar e6053000.gpio: driving 16 GPIOs
[    0.184049] gpio_rcar e6054000.gpio: driving 18 GPIOs
[    0.184376] gpio_rcar e6055000.gpio: driving 26 GPIOs
[    0.184665] gpio_rcar e6055400.gpio: driving 32 GPIOs
[    0.184943] gpio_rcar e6055800.gpio: driving 4 GPIOs
[    0.188012] rcar-pcie fe000000.pcie: host bridge /soc/pcie@fe000000 ranges:
[    0.188042] rcar-pcie fe000000.pcie:       IO 0x00fe100000..0x00fe1fffff -> 0x0000000000
[    0.188064] rcar-pcie fe000000.pcie:      MEM 0x00fe200000..0x00fe3fffff -> 0x00fe200000
[    0.188083] rcar-pcie fe000000.pcie:      MEM 0x0030000000..0x0037ffffff -> 0x0030000000
[    0.188097] rcar-pcie fe000000.pcie:      MEM 0x0038000000..0x003fffffff -> 0x0038000000
[    0.188114] rcar-pcie fe000000.pcie:   IB MEM 0x0040000000..0x007fffffff -> 0x0040000000
[    0.188159] rcar-pcie fe000000.pcie: no pcie3v3 regulator found
[    0.188170] rcar-pcie fe000000.pcie: no pcie1v8 regulator found
[    0.255171] rcar-pcie fe000000.pcie: PCIe link down
[    0.255335] rcar-pcie ee800000.pcie: host bridge /soc/pcie@ee800000 ranges:
[    0.255358] rcar-pcie ee800000.pcie:       IO 0x00ee900000..0x00ee9fffff -> 0x0000000000
[    0.255377] rcar-pcie ee800000.pcie:      MEM 0x00eea00000..0x00eebfffff -> 0x00eea00000
[    0.255394] rcar-pcie ee800000.pcie:      MEM 0x00c0000000..0x00c7ffffff -> 0x00c0000000
[    0.255408] rcar-pcie ee800000.pcie:      MEM 0x00c8000000..0x00cfffffff -> 0x00c8000000
[    0.255424] rcar-pcie ee800000.pcie:   IB MEM 0x0040000000..0x007fffffff -> 0x0040000000
[    0.255471] rcar-pcie ee800000.pcie: no pcie3v3 regulator found
[    0.255482] rcar-pcie ee800000.pcie: no pcie1v8 regulator found
[    0.323154] rcar-pcie ee800000.pcie: PCIe link down
[    0.325613] EINJ: ACPI disabled.
[    0.359716] Serial: 8250/16550 driver, 4 ports, IRQ sharing enabled
[    0.362255] SuperH (H)SCI(F) driver initialized
[    0.362692] e6550000.serial: ttySC1 at MMIO 0xe6550000 (irq = 42, base_baud = 0) is a hscif
[    0.363461] e6e88000.serial: ttySC0 at MMIO 0xe6e88000 (irq = 128, base_baud = 0) is a scif
[    1.567990] printk: console [ttySC0] enabled
[    1.573365] msm_serial: driver initialized
[    1.583831] rcar-dw-hdmi fead0000.hdmi: Detected HDMI TX controller v2.01a with HDCP (DWC HDMI 2.0 TX PHY)
[    1.593769] rcar-dw-hdmi fead0000.hdmi: registered DesignWare HDMI I2C bus driver
[    1.602057] rcar-dw-hdmi feae0000.hdmi: Detected HDMI TX controller v2.01a with HDCP (DWC HDMI 2.0 TX PHY)
[    1.611955] rcar-dw-hdmi feae0000.hdmi: registered DesignWare HDMI I2C bus driver
[    1.627652] loop: module loaded
[    1.632286] megasas: 07.714.04.00-rc1
[    1.638097] scsi host0: sata_rcar
[    1.641582] ata1: SATA max UDMA/133 irq 181
[    1.651048] tun: Universal TUN/TAP device driver, 1.6
[    1.657040] thunder_xcv, ver 1.0
[    1.660295] thunder_bgx, ver 1.0
[    1.663549] nicpf, ver 1.0
[    1.667686] hclge is initializing
[    1.671016] hns3: Hisilicon Ethernet Network Driver for Hip08 Family - version
[    1.678240] hns3: Copyright (c) 2017 Huawei Corporation.
[    1.683580] e1000: Intel(R) PRO/1000 Network Driver
[    1.688459] e1000: Copyright (c) 1999-2006 Intel Corporation.
[    1.694228] e1000e: Intel(R) PRO/1000 Network Driver
[    1.699193] e1000e: Copyright(c) 1999 - 2015 Intel Corporation.
[    1.705132] igb: Intel(R) Gigabit Ethernet Network Driver
[    1.710531] igb: Copyright (c) 2007-2014 Intel Corporation.
[    1.716119] igbvf: Intel(R) Gigabit Virtual Function Network Driver
[    1.722386] igbvf: Copyright (c) 2009 - 2012 Intel Corporation.
[    1.728714] sky2: driver version 1.30
[    1.736330] ravb e6800000.ethernet eth0: Base address at 0xe6800000, 2e:09:0a:06:d4:ee, IRQ 125.
[    1.746629] VFIO - User Level meta-driver version: 0.3
[    1.753807] ehci_hcd: USB 2.0 'Enhanced' Host Controller (EHCI) Driver
[    1.760348] ehci-pci: EHCI PCI platform driver
[    1.764808] ehci-platform: EHCI generic platform driver
[    1.770430] ehci-platform ee0a0100.usb: EHCI Host Controller
[    1.776112] ehci-platform ee0a0100.usb: new USB bus registered, assigned bus number 1
[    1.784019] ehci-platform ee0a0100.usb: irq 175, io mem 0xee0a0100
[    1.803465] ehci-platform ee0a0100.usb: USB 2.0 started, EHCI 1.10
[    1.809990] hub 1-0:1.0: USB hub found
[    1.813761] hub 1-0:1.0: 1 port detected
[    1.818172] ehci-platform ee0c0100.usb: EHCI Host Controller
[    1.823847] ehci-platform ee0c0100.usb: new USB bus registered, assigned bus number 2
[    1.831735] ehci-platform ee0c0100.usb: irq 176, io mem 0xee0c0100
[    1.851476] ehci-platform ee0c0100.usb: USB 2.0 started, EHCI 1.10
[    1.857946] hub 2-0:1.0: USB hub found
[    1.861716] hub 2-0:1.0: 1 port detected
[    1.891501] ehci-platform ee0e0100.usb: EHCI Host Controller
[    1.897179] ehci-platform ee0e0100.usb: new USB bus registered, assigned bus number 3
[    1.905073] ehci-platform ee0e0100.usb: irq 177, io mem 0xee0e0100
[    1.923461] ehci-platform ee0e0100.usb: USB 2.0 started, EHCI 1.10
[    1.929903] hub 3-0:1.0: USB hub found
[    1.933671] hub 3-0:1.0: 1 port detected
[    1.938044] ehci-orion: EHCI orion driver
[    1.942310] ehci-exynos: EHCI Exynos driver
[    1.946616] ohci_hcd: USB 1.1 'Open' Host Controller (OHCI) Driver
[    1.952815] ohci-pci: OHCI PCI platform driver
[    1.957299] ohci-platform: OHCI generic platform driver
[    1.962840] ohci-platform ee0a0000.usb: Generic Platform OHCI controller
[    1.969562] ohci-platform ee0a0000.usb: new USB bus registered, assigned bus number 4
[    1.977443] ohci-platform ee0a0000.usb: irq 175, io mem 0xee0a0000
[    2.059462] ata1: link resume succeeded after 1 retries
[    2.073733] hub 4-0:1.0: USB hub found
[    2.077504] hub 4-0:1.0: 1 port detected
[    2.081847] ohci-platform ee0c0000.usb: Generic Platform OHCI controller
[    2.088562] ohci-platform ee0c0000.usb: new USB bus registered, assigned bus number 5
[    2.096431] ohci-platform ee0c0000.usb: irq 176, io mem 0xee0c0000
[    2.170898] ata1: SATA link down (SStatus 0 SControl 300)
[    2.189716] hub 5-0:1.0: USB hub found
[    2.193484] hub 5-0:1.0: 1 port detected
[    2.197811] ohci-platform ee0e0000.usb: Generic Platform OHCI controller
[    2.204524] ohci-platform ee0e0000.usb: new USB bus registered, assigned bus number 6
[    2.212399] ohci-platform ee0e0000.usb: irq 177, io mem 0xee0e0000
[    2.305713] hub 6-0:1.0: USB hub found
[    2.309481] hub 6-0:1.0: 1 port detected
[    2.313833] ohci-exynos: OHCI Exynos driver
[    2.318279] usbcore: registered new interface driver usb-storage
[    2.325985] renesas_usbhs e6590000.usb: host probed
[    2.330878] renesas_usbhs e6590000.usb: no transceiver found
[    2.336603] renesas_usbhs e6590000.usb: gadget probed
[    2.341820] renesas_usbhs e6590000.usb: probed
[    2.346718] renesas_usbhs e659c000.usb: host probed
[    2.351615] renesas_usbhs e659c000.usb: no transceiver found
[    2.357332] renesas_usbhs e659c000.usb: gadget probed
[    2.362537] renesas_usbhs e659c000.usb: probed
[    2.369485] i2c /dev entries driver
[    2.384059] cs2000-cp 2-004f: revision - C1
[    2.388307] i2c-rcar e6510000.i2c: probed
[    2.393162] pca953x 4-0020: supply vcc not found, using dummy regulator
[    2.399865] pca953x 4-0020: using no AI
[    2.404518] gpio-355 (PCIE/SATA switch): hogged as output/low
[    2.416802] i2c-rcar e66d8000.i2c: probed
[    2.422135] adv748x 4-0070: Endpoint /soc/i2c@e66d8000/video-receiver@70/port@7/endpoint on port 7
[    2.431119] adv748x 4-0070: Endpoint /soc/i2c@e66d8000/video-receiver@70/port@8/endpoint on port 8
[    2.440091] adv748x 4-0070: Endpoint /soc/i2c@e66d8000/video-receiver@70/port@a/endpoint on port 10
[    2.449156] adv748x 4-0070: Endpoint /soc/i2c@e66d8000/video-receiver@70/port@b/endpoint on port 11
[    2.458540] adv748x 4-0070: chip found @ 0xe0 revision 2143
[    2.512216] rcar-csi2 fea80000.csi2: 1 lanes found
[    2.517367] rcar-csi2 feaa0000.csi2: 4 lanes found
[    2.527010] rcar-vin e6ef0000.video: Device registered as video0
[    2.533095] rcar-vin e6ef1000.video: Device registered as video1
[    2.539166] rcar-vin e6ef2000.video: Device registered as video2
[    2.545239] rcar-vin e6ef3000.video: Device registered as video3
[    2.551314] rcar-vin e6ef4000.video: Device registered as video4
[    2.557398] rcar-vin e6ef5000.video: Device registered as video5
[    2.563488] rcar-vin e6ef6000.video: Device registered as video6
[    2.569556] rcar-vin e6ef7000.video: Device registered as video7
[    2.578295] rcar_gen3_thermal e6198000.thermal: is using FUSE values
[    2.589373] rcar_gen3_thermal e6198000.thermal: TSC0: Loaded 1 trip points
[    2.600629] rcar_gen3_thermal e6198000.thermal: TSC1: Loaded 1 trip points
[    2.611779] rcar_gen3_thermal e6198000.thermal: TSC2: Loaded 3 trip points
[    2.623938] sdhci: Secure Digital Host Controller Interface driver
[    2.630134] sdhci: Copyright(c) Pierre Ossman
[    2.635345] Synopsys Designware Multimedia Card Interface Driver
[    2.635649] renesas_sdhi_internal_dmac ee100000.mmc: Got CD GPIO
[    2.635879] renesas_sdhi_internal_dmac ee140000.mmc: Adding to iommu group 0
[    2.635917] renesas_sdhi_internal_dmac ee160000.mmc: Got CD GPIO
[    2.635925] renesas_sdhi_internal_dmac ee140000.mmc: Using IPMMU context 1
[    2.635936] renesas_sdhi_internal_dmac ee160000.mmc: Got WP GPIO
[    2.642723] sdhci-pltfm: SDHCI platform and OF driver helper
[    2.647384] renesas_sdhi_internal_dmac ee100000.mmc: Got WP GPIO
[    2.685272] renesas_sdhi_internal_dmac ee140000.mmc: mmc0 base at 0x00000000ee140000, max clock rate 200 MHz
[    2.695149] ledtrig-cpu: registered to indicate activity on CPUs
[    2.702171] SMCCC: SOC_ID: ARCH_SOC_ID not implemented, skipping ....
[    2.709236] usbcore: registered new interface driver usbhid
[    2.714814] usbhid: USB HID core driver
[    2.722453] optee: probing for conduit method.
[    2.726925] optee: revision 3.22 (314ecf9d)
[    2.727469] optee driver R-Car Rev.1.0.11
[    2.735988] optee: dynamic shared memory is enabled
[    2.741160] optee: initialized driver
[    2.756133] rcar_sound ec500000.sound: probed
[    2.761230] NET: Registered protocol family 17
[    2.765797] 9pnet: Installing 9P2000 support
[    2.770127] Key type dns_resolver registered
[    2.774690] registered taskstats version 1
[    2.778802] Loading compiled-in X.509 certificates
[    2.780570] mmc0: new HS400 MMC card at address 0001
[    2.789627] mmcblk0: mmc0:0001 BGSD4R 29.1 GiB 
[    2.793754] thermal emergency: set temperature to 110 celsius
[    2.794555] mmcblk0boot0: mmc0:0001 BGSD4R partition 1 31.9 MiB
[    2.800131] thermal emergency: shutdown target cpus 1-7
[    2.806185] mmcblk0boot1: mmc0:0001 BGSD4R partition 2 31.9 MiB
[    2.811071] thermal emergency: freq scaled target cpus 0
[    2.811442] renesas_irqc e61c0000.interrupt-controller: driving 6 irqs
[    2.817156] mmcblk0rpmb: mmc0:0001 BGSD4R partition 3 4.00 MiB, chardev (509:0)
[    2.837709]  mmcblk0: p1
[    2.863482] ehci-platform ee080100.usb: EHCI Host Controller
[    2.869173] ehci-platform ee080100.usb: new USB bus registered, assigned bus number 7
[    2.877074] ehci-platform ee080100.usb: irq 174, io mem 0xee080100
[    2.895455] ehci-platform ee080100.usb: USB 2.0 started, EHCI 1.10
[    2.902123] hub 7-0:1.0: USB hub found
[    2.905899] hub 7-0:1.0: 1 port detected
[    2.911029] ohci-platform ee080000.usb: Generic Platform OHCI controller
[    2.917752] ohci-platform ee080000.usb: new USB bus registered, assigned bus number 8
[    2.925637] ohci-platform ee080000.usb: irq 174, io mem 0xee080000
[    3.021761] hub 8-0:1.0: USB hub found
[    3.025531] hub 8-0:1.0: 1 port detected
[    3.030728] cpu cpu0: EM: created perf domain
[    3.035804] cpu cpu4: EM: created perf domain
[    3.045707] renesas_sdhi_internal_dmac ee100000.mmc: Got CD GPIO
[    3.045973] renesas_sdhi_internal_dmac ee160000.mmc: Got CD GPIO
[    3.051836] renesas_sdhi_internal_dmac ee100000.mmc: Got WP GPIO
[    3.057819] renesas_sdhi_internal_dmac ee160000.mmc: Got WP GPIO
[    3.065875] [drm] Initialized rcar-du 1.0.0 20130110 for feb00000.display on minor 0
[    3.077606] [drm] Device feb00000.display probed
[    3.113020] renesas_sdhi_internal_dmac ee100000.mmc: mmc1 base at 0x00000000ee100000, max clock rate 200 MHz
[    3.119023] renesas_sdhi_internal_dmac ee160000.mmc: mmc2 base at 0x00000000ee160000, max clock rate 200 MHz
[    3.120547] Console: switching to colour frame buffer device 128x48
[    3.164257] rcar-du feb00000.display: [drm] fb0: rcar-dudrmfb frame buffer device
[    3.176543] input: keys as /devices/platform/keys/input/input0
[    3.259083] Micrel KSZ9031 Gigabit PHY e6800000.ethernet-ffffffff:00: attached PHY driver [Micrel KSZ9031 Gigabit PHY] (mii_bus:phy_addr=e6800000.ethernet-ffffffff:00, irq=183)
[   10.174213] ravb e6800000.ethernet eth0: Link is Up - 1Gbps/Full - flow control off
[   10.199487] IP-Config: Guessing netmask 255.255.255.0
[   10.204644] IP-Config: Complete:
[   10.207955]      device=eth0, hwaddr=2e:09:0a:06:d4:ee, ipaddr=192.168.10.107, mask=255.255.255.0, gw=255.255.255.255
[   10.218764]      host=192.168.10.107, domain=, nis-domain=(none)
[   10.224900]      bootserver=255.255.255.255, rootserver=192.168.10.98, rootpath=
[   10.225563] ALSA device list:
[   10.236186]   No soundcards found.
[   11.299618] VFS: Mounted root (nfs4 filesystem) on device 0:22.
[   11.306637] devtmpfs: mounted
[   11.313311] Freeing unused kernel memory: 6080K
[   11.331645] Run /sbin/init as init process
[   11.534992] systemd[1]: System time before build time, advancing clock.
[   11.930910] NET: Registered protocol family 10
[   11.936909] Segment Routing with IPv6
[   11.963286] systemd[1]: systemd 244 running in system mode. (+PAM -AUDIT -SELINUX +IMA -APPARMOR -SMACK +SYSVINIT +UTMP -LIBCRYPTSETUP -GCRYPT -GNUTLS +ACL +XZ -LZ4 -SECCOMP +BLKID -ELFUTILS +KMOD -IDN2 -IDN -PCRE2 default-hierarchy=hybrid)
[   11.986645] systemd[1]: Detected architecture arm64.

Welcome to [1mPoky (Yocto Project Reference Distro) 3.1.11 (dunfell)[0m!

[   12.017236] systemd[1]: Set hostname to <salvator-x>.
[   12.834426] random: systemd: uninitialized urandom read (16 bytes read)
[   12.845611] systemd[1]: system-getty.slice: unit configures an IP firewall, but the local system does not support BPF/cgroup firewalling.
[   12.866303] systemd[1]: (This warning is only shown for the first unit using IP firewalling.)
[   12.880781] systemd[1]: Created slice system-getty.slice.
[[0;32m  OK  [0m] Created slice [0;1;39msystem-getty.slice[0m.
[   12.907637] random: systemd: uninitialized urandom read (16 bytes read)
[   12.916515] systemd[1]: Created slice system-serial\x2dgetty.slice.
[[0;32m  OK  [0m] Created slice [0;1;39msystem-serial\x2dgetty.slice[0m.
[   12.939580] random: systemd: uninitialized urandom read (16 bytes read)
[   12.948219] systemd[1]: Created slice User and Session Slice.
[[0;32m  OK  [0m] Created slice [0;1;39mUser and Session Slice[0m.
[   12.971782] systemd[1]: Started Dispatch Password Requests to Console Directory Watch.
[[0;32m  OK  [0m] Started [0;1;39mDispatch Password â€¦ts to Console Directory Watch[0m.
[   12.999898] systemd[1]: Started Forward Password Requests to Wall Directory Watch.
[[0;32m  OK  [0m] Started [0;1;39mForward Password Râ€¦uests to Wall Directory Watch[0m.
[   13.027767] systemd[1]: Reached target Paths.
[[0;32m  OK  [0m] Reached target [0;1;39mPaths[0m.
[   13.051691] systemd[1]: Reached target Remote File Systems.
[[0;32m  OK  [0m] Reached target [0;1;39mRemote File Systems[0m.
[   13.075640] systemd[1]: Reached target Slices.
[[0;32m  OK  [0m] Reached target [0;1;39mSlices[0m.
[   13.099686] systemd[1]: Reached target Swap.
[[0;32m  OK  [0m] Reached target [0;1;39mSwap[0m.
[   13.126277] systemd[1]: Listening on RPCbind Server Activation Socket.
[[0;32m  OK  [0m] Listening on [0;1;39mRPCbind Server Activation Socket[0m.
[   13.155714] systemd[1]: Reached target RPC Port Mapper.
[[0;32m  OK  [0m] Reached target [0;1;39mRPC Port Mapper[0m.
[   13.179978] systemd[1]: Listening on initctl Compatibility Named Pipe.
[[0;32m  OK  [0m] Listening on [0;1;39minitctl Compatibility Named Pipe[0m.
[   13.209664] systemd[1]: Listening on Journal Audit Socket.
[[0;32m  OK  [0m] Listening on [0;1;39mJournal Audit Socket[0m.
[   13.236864] systemd[1]: Listening on Journal Socket (/dev/log).
[[0;32m  OK  [0m] Listening on [0;1;39mJournal Socket (/dev/log)[0m.
[   13.264329] systemd[1]: Listening on Journal Socket.
[[0;32m  OK  [0m] Listening on [0;1;39mJournal Socket[0m.
[   13.289255] systemd[1]: Listening on Network Service Netlink Socket.
[[0;32m  OK  [0m] Listening on [0;1;39mNetwork Service Netlink Socket[0m.
[   13.317653] systemd[1]: Listening on udev Control Socket.
[[0;32m  OK  [0m] Listening on [0;1;39mudev Control Socket[0m.
[   13.344150] systemd[1]: Listening on udev Kernel Socket.
[[0;32m  OK  [0m] Listening on [0;1;39mudev Kernel Socket[0m.
[   13.373230] systemd[1]: Mounting Huge Pages File System...
         Mounting [0;1;39mHuge Pages File System[0m...
[   13.401112] systemd[1]: Mounting POSIX Message Queue File System...
         Mounting [0;1;39mPOSIX Message Queue File System[0m...
[   13.432916] systemd[1]: Mounting Kernel Debug File System...
         Mounting [0;1;39mKernel Debug File System[0m...
[   13.462968] systemd[1]: Mounting Temporary Directory (/tmp)...
         Mounting [0;1;39mTemporary Directory (/tmp)[0m...
[   13.493887] systemd[1]: Starting Create list of static device nodes for the current kernel...
         Starting [0;1;39mCreate list of stâ€¦odes for the current kernel[0m...
[   13.529045] systemd[1]: Starting Start psplash boot splash screen...
         Starting [0;1;39mStart psplash boot splash screen[0m...
[   13.562234] systemd[1]: Starting RPC Bind...
         Starting [0;1;39mRPC Bind[0m...
[   13.592303] systemd[1]: Condition check resulted in File System Check on Root Device being skipped.
[   13.609908] systemd[1]: Starting Journal Service...
         Starting [0;1;39mJournal Service[0m...
[   13.635812] systemd[1]: Starting Load Kernel Modules...
         Starting [0;1;39mLoad Kernel Modules[0m...
[   13.660979] systemd[1]: Starting Remount Root and Kernel File Systems...
         Starting [0;1;39mRemount Root and Kernel File Systems[0m...
[   13.687032] systemd[1]: Starting udev Coldplug all Devices...
         Starting [0;1;39mudev Coldplug[   13.695592] random: crng init done
 all Devices[0m[   13.699972] random: 37 urandom warning(s) missed due to ratelimiting
...
[   13.726868] systemd[1]: Started Start psplash boot splash screen.
[[0;32m  OK  [0m] Started [0;1;39mStart psplash boot splash screen[0m.
[   13.751976] systemd[1]: Started RPC Bind.
[[0;32m  OK  [0m] Started [0;1;39mRPC Bind[0m.
[   13.772252] systemd[1]: Started Journal Service.
[[0;32m  OK  [0m] Started [0;1;39mJournal Service[0m.
[[0;32m  OK  [0m] Mounted [0;1;39mHuge Pages File System[0m.
[[0;32m  OK  [0m] Mounted [0;1;39mPOSIX Message Queue File System[0m.
[[0;32m  OK  [0m] Mounted [0;1;39mKernel Debug File System[0m.
[[0;32m  OK  [0m] Mounted [0;1;39mTemporary Directory (/tmp)[0m.
[[0;32m  OK  [0m] Started [0;1;39mCreate list of staâ€¦ nodes for the current kernel[0m.
[[0;32m  OK  [0m] Started [0;1;39mLoad Kernel Modules[0m.
[[0;32m  OK  [0m] Started [0;1;39mRemount Root and Kernel File Systems[0m.
         Mounting [0;1;39mKernel Configuration File System[0m...
[[0;32m  OK  [0m] Started [0;1;39mStart psplash-systâ€¦progress communication helper[0m.
         Starting [0;1;39mFlush Journal to Persistent Storage[0m...
         Starting [0;1;39mApply Kernel Variables[0m...
[   14.003080] systemd-journald[353]: Received client request to flush runtime journal.
         Starting [0;1;39mCreate Static Device Nodes in /dev[0m...
[[0;32m  OK  [0m] Mounted [0;1;39mKernel Configuration File System[0m.
[[0;32m  OK  [0m] Started [0;1;39mFlush Journal to Persistent Storage[0m.
[[0;32m  OK  [0m] Started [0;1;39mApply Kernel Variables[0m.
[[0;32m  OK  [0m] Started [0;1;39mCreate Static Device Nodes in /dev[0m.
[[0;32m  OK  [0m] Reached target [0;1;39mLocal File Systems (Pre)[0m.
         Mounting [0;1;39m/var/volatile[0m...
         Starting [0;1;39mudev Kernel Device Manager[0m...
[[0;32m  OK  [0m] Mounted [0;1;39m/var/volatile[0m.
[[0;32m  OK  [0m] Started [0;1;39mudev Coldplug all Devices[0m.
         Starting [0;1;39mLoad/Save Random Seed[0m...
[[0;32m  OK  [0m] Reached target [0;1;39mLocal File Systems[0m.
         Starting [0;1;39mCreate Volatile Files and Directories[0m...
[[0;32m  OK  [0m] Started [0;1;39mLoad/Save Random Seed[0m.
[[0;32m  OK  [0m] Started [0;1;39mudev Kernel Device Manager[0m.
         Starting [0;1;39mNetwork Service[0m...
[[0;32m  OK  [0m] Started [0;1;39mCreate Volatile Files and Directories[0m.
         Starting [0;1;39mNetwork Time Synchronization[0m...
         Starting [0;1;39mUpdate UTMP about System Boot/Shutdown[0m...
[[0;32m  OK  [0m] Started [0;1;39mNetwork Service[0m.
         Starting [0;1;39mNetwork Name Resolution[0m...
[[0;32m  OK  [0m] Started [0;1;39mUpdate UTMP about System Boot/Shutdown[0m.
[[0;32m  OK  [0m] Started [0;1;39mNetwork Time Synchronization[0m.
[[0;32m  OK  [0m] Reached target [0;1;39mSystem Initialization[0m.
[[0;32m  OK  [0m] Started [0;1;39mDaily Cleanup of Te[   14.604075] pwm-backlight: probe of backlight failed with error -16
mporary Directories[0m.
[[0;32m  OK  [0m] Reached target [0;1;39mSystem Time Set[0m.
[[0;32m  OK  [0m] Reached target [0;1;39mSystem Time Synchronized[0m.
[   14.647098] at24 7-0050: supply vcc not found, using dummy regulator
[   14.658953] at24 7-0050: 128 byte br24t01 EEPROM, writable, 8 bytes/write
[[0;32m  OK  [0m] Reached target [0;1;39mTimers[0m.
[[0;32m  OK  [0m] Listening on [0;1;39mAvahi mDNS/DNS-SD Stack Activation Socket[0m.
[[0;32m  OK  [0m] Listening on [0;1;39mD-Bus System Message Bus Socket[0m.
[[0;32m  OK  [0m] Listening on [0;1;39mdropbear.socket[0m.
[   14.773468] renesas_usb3 ee020000.usb: probed with phy
[[0;32m  OK  [0m] Reached target [0;1;39mSockets[0m.
[[0;32m  OK  [0m] Reached target [0;1;39mBasic System[0m.
[[0;32m  OK  [0m] Started [0;1;39mD-Bus System Message Bus[0m.
[[0;32m  OK  [[   14.852759] ccree e6601000.crypto: ARM CryptoCell 630P Driver: HW version 0xAF400001/0xDCC63000, Driver version 5.0
0m] Started [0;1;39moptee services[0m.
         Starting [0;1;39mpvrinit.service[0m...
         Starting [0;1;39mPowerVR consumer services[0m...
[   14.904829] ccree e6601000.crypto: ARM ccree device initialized
[   14.927338] xhci-hcd ee000000.usb: xHCI Host Controller
         Startin[   14.934494] xhci-hcd ee000000.usb: new USB bus registered, assigned bus number 9
g [0;1;39mLogin Service[0m...
[[0;32m  OK  [0m] Started [0;1;39mNetwork Name Resolu[   14.964811] xhci-hcd ee000000.usb: hcc params 0x014051ce hci version 0x100 quirks 0x0000000000830410
tion[0m.
[   14.975783] xhci-hcd ee000000.usb: irq 172, io mem 0xee000000
[   14.982507] xhci-hcd ee000000.usb: xHCI Host Controller
[   14.987992] xhci-hcd ee000000.usb: new USB bus registered, assigned bus number 10
[   14.995760] xhci-hcd ee000000.usb: Host supports USB 3.0 SuperSpeed
[   15.003736] hub 9-0:1.0: USB hub found
[   15.007806] hub 9-0:1.0: 1 port detected
[   15.013018] usb usb10: We don't know the algorithms for LPM for this host, disabling LPM.
[   15.022028] hub 10-0:1.0: USB hub found
[   15.025978] hub 10-0:1.0: 1 port detected
[[0;1;31mFAILED[0m] Failed to start [0;1;39mpvrinit.service[0m.
See 'systemctl status pvrinit.service' for details.
[[0;1;31mFAILED[0m] Failed to start [0;1;39mPowerVR consumer services[0m.
See 'systemctl status rc.pvr.service' for details.
[[0;1;38;5;185mDEPEND[0m] Dependency failed for [0;1;39mWeston Wayland Compositor[0m.
[[0;32m  OK  [0m] Started [0;1;39mLogin Service[0m.
[[0;32m  OK  [0m] Created slice [0;1;39msystem-weston.slice[0m.
[[0;32m  OK  [0m] Reached target [0;1;39mNetwork[0m.
[[0;32m  OK  [0m] Reached target [0;1;39mHost and Network Name Lookups[0m.
[[0;32m  OK  [0m] Reached target [0;1;39mHardware activated USB gadget[0m.
         Starting [0;1;39mAvahi mDNS/DNS-SD Stack[0m...
         Starting [0;1;39mset_default_governor.service[0m...
         Starting [0;1;39mPermit User Sessions[0m...
[[0;32m  OK  [0m] Started [0;1;39mXinetd A Powerful Replacement For Inetd[0m.
[   15.391743] rd 0-7: Disabling EAS, schedutil is mandatory
[[0;32m  OK  [0m] Started [0;1;39mPermit User Sessions[0m.
[[0;32m  OK  [0m] Started [0;1;39mAvahi mDNS/DNS-SD Stack[0m.
[[0;32m  OK  [0m] Started [0;1;39mGetty on tty1[0m.
[[0;32m  OK  [0m] Started [0;1;39mSerial Getty on ttySC0[0m.
[[0;32m  OK  [0m] Reached target [0;1;39mLogin Prompts[0m.
[[0;32m  OK  [0m] Started [0;1;39mset_default_governor.service[0m.
[[0;32m  OK  [0m] Reached target [0;1;39mMulti-User System[0m.
         Starting [0;1;39mUpdate UTMP about System Runlevel Changes[0m...
[[0;32m  OK  [0m] Started [0;1;39mUpdate UTMP about System Runlevel Changes[0m.

Poky (Yocto Project Reference Distro) 3.1.11 salvator-x ttySC0

salvator-x login: 
salvator-x login: root
[   17.528310] audit: type=1006 audit(1703064537.992:2): pid=530 uid=0 old-auid=4294967295 auid=0 tty=(none) old-ses=4294967295 ses=1 res=1
7[r[999;999H[6n8root@salvator-x:~# 
root@salvator-x:~# 
root@salvator-x:~# 
root@salvator-x:~# 
root@salvator-x:~# 
root@salvator-x:~# 
root@salvator-x:~# 
root@salvator-x:~# 
root@salvator-x:~# [   41.951608] SDHI0 VccQ: disabling
[   41.954999] SDHI3 VccQ: disabling
[   61.239470] usb 9-1: new high-speed USB device number 2 using xhci-hcd
[   61.410504] hub 9-1:1.0: USB hub found
[   61.415020] hub 9-1:1.0: 4 ports detected
[   61.527911] usb 10-1: new SuperSpeed Gen 1 USB device number 2 using xhci-hcd
[   61.570686] hub 10-1:1.0: USB hub found
[   61.575509] hub 10-1:1.0: 4 ports detected
[   63.804235] usb 10-1.1: new SuperSpeed Gen 1 USB device number 3 using xhci-hcd
[   63.842205] usb-storage 10-1.1:1.0: USB Mass Storage device detected
[   63.849281] scsi host1: usb-storage 10-1.1:1.0
[   64.865180] scsi 1:0:0:0: Direct-Access     SanDisk  Extreme Pro      0    PQ: 0 ANSI: 6
[   64.876281] sd 1:0:0:0: [sda] 250085376 512-byte logical blocks: (128 GB/119 GiB)
[   64.885168] sd 1:0:0:0: [sda] Write Protect is off
[   64.891169] sd 1:0:0:0: [sda] Write cache: enabled, read cache: enabled, doesn't support DPO or FUA
[   64.945703]  sda: sda1
[   64.952474] sd 1:0:0:0: [sda] Attached SCSI removable disk

root@salvator-x:~# echo 10-1 > /sys/bus/usb/drivers/usb/unbind
[   65.632256] usb 10-1.1: USB disconnect, device number 3
[   65.638779] sd 1:0:0:0: [sda] Synchronizing SCSI cache
[   65.644051] sd 1:0:0:0: [sda] Synchronize Cache(10) failed: Result: hostbyte=0x01 driverbyte=0x00
root@salvator-x:~# 
root@salvator-x:~# echo 10-1 > /sys/bus/usb/drivers/usb/bind
[   67.521984] hub 10-1:1.0: USB hub found
[   67.527229] hub 10-1:1.0: 4 ports detected
root@salvator-x:~# [   67.820183] usb 10-1.1: new SuperSpeed Gen 1 USB device number 4 using xhci-hcd
[   67.859399] usb-storage 10-1.1:1.0: USB Mass Storage device detected
[   67.866779] scsi host1: usb-storage 10-1.1:1.0
[   68.897290] scsi 1:0:0:0: Direct-Access     SanDisk  Extreme Pro      0    PQ: 0 ANSI: 6
[   68.906391] sd 1:0:0:0: [sda] 250085376 512-byte logical blocks: (128 GB/119 GiB)
[   68.914774] sd 1:0:0:0: [sda] Write Protect is off
[   68.920354] sd 1:0:0:0: [sda] Write cache: enabled, read cache: enabled, doesn't support DPO or FUA

[   68.958040]  sda: sda1
[   68.965150] sd 1:0:0:0: [sda] Attached SCSI removable disk
root@salvator-x:~# sleep 4
root@salvator-x:~# 
root@salvator-x:~# echo 10-1 > /sys/bus/usb/drivers/usb/unbind
[   73.932337] usb 10-1.1: USB disconnect, device number 4
[   73.938931] sd 1:0:0:0: [sda] Synchronizing SCSI cache
[   73.944238] sd 1:0:0:0: [sda] Synchronize Cache(10) failed: Result: hostbyte=0x01 driverbyte=0x00
root@salvator-x:~# 
root@salvator-x:~# echo 10-1 > /sys/bus/usb/drivers/usb/bind
[   75.826427] hub 10-1:1.0: USB hub found
[   75.831393] hub 10-1:1.0: 4 ports detected
root@salvator-x:~# [   76.124290] usb 10-1.1: new SuperSpeed Gen 1 USB device number 5 using xhci-hcd
[   76.163278] usb-storage 10-1.1:1.0: USB Mass Storage device detected
[   76.170472] scsi host1: usb-storage 10-1.1:1.0
[   77.185102] scsi 1:0:0:0: Direct-Access     SanDisk  Extreme Pro      0    PQ: 0 ANSI: 6
[   77.194636] sd 1:0:0:0: [sda] 250085376 512-byte logical blocks: (128 GB/119 GiB)
[   77.203032] sd 1:0:0:0: [sda] Write Protect is off
[   77.208567] sd 1:0:0:0: [sda] Write cache: enabled, read cache: enabled, doesn't support DPO or FUA
[   77.237978]  sda: sda1

[   77.246116] sd 1:0:0:0: [sda] Attached SCSI removable disk
root@salvator-x:~# sleep 4
root@salvator-x:~# 
root@salvator-x:~# echo 10-1 > /sys/bus/usb/drivers/usb/unbind
[   82.228409] usb 10-1.1: USB disconnect, device number 5
[   82.235940] sd 1:0:0:0: [sda] Synchronizing SCSI cache
[   82.242069] sd 1:0:0:0: [sda] Synchronize Cache(10) failed: Result: hostbyte=0x01 driverbyte=0x00
root@salvator-x:~# 
root@salvator-x:~# echo 10-1 > /sys/bus/usb/drivers/usb/bind
[   84.118484] hub 10-1:1.0: USB hub found
[   84.124148] hub 10-1:1.0: 4 ports detected
root@salvator-x:~# [   84.420245] usb 10-1.1: new SuperSpeed Gen 1 USB device number 6 using xhci-hcd
[   84.458705] usb-storage 10-1.1:1.0: USB Mass Storage device detected
[   84.468797] scsi host1: usb-storage 10-1.1:1.0
[   85.505253] scsi 1:0:0:0: Direct-Access     SanDisk  Extreme Pro      0    PQ: 0 ANSI: 6
[   85.517393] sd 1:0:0:0: [sda] 250085376 512-byte logical blocks: (128 GB/119 GiB)
[   85.528697] sd 1:0:0:0: [sda] Write Protect is off
[   85.537121] sd 1:0:0:0: [sda] Write cache: enabled, read cache: enabled, doesn't support DPO or FUA

root@salvator-x:~# [   85.570772]  sda: sda1
[   85.578871] sd 1:0:0:0: [sda] Attached SCSI removable disk

root@salvator-x:~# sleep 4
root@salvator-x:~# 
root@salvator-x:~# echo 10-1 > /sys/bus/usb/drivers/usb/unbind
[  100.348564] usb 10-1.1: USB disconnect, device number 6
[  100.356011] sd 1:0:0:0: [sda] Synchronizing SCSI cache
[  100.362175] sd 1:0:0:0: [sda] Synchronize Cache(10) failed: Result: hostbyte=0x01 driverbyte=0x00
root@salvator-x:~# 
root@salvator-x:~# echo 10-1 > /sys/bus/usb/drivers/usb/bind
[  102.238173] hub 10-1:1.0: USB hub found
[  102.243912] hub 10-1:1.0: 4 ports detected
root@salvator-x:~# [  102.540233] usb 10-1.1: new SuperSpeed Gen 1 USB device number 7 using xhci-hcd
[  102.579377] usb-storage 10-1.1:1.0: USB Mass Storage device detected
[  102.589480] scsi host1: usb-storage 10-1.1:1.0
[  103.617153] scsi 1:0:0:0: Direct-Access     SanDisk  Extreme Pro      0    PQ: 0 ANSI: 6
[  103.629560] sd 1:0:0:0: [sda] 250085376 512-byte logical blocks: (128 GB/119 GiB)
[  103.640910] sd 1:0:0:0: [sda] Write Protect is off
[  103.649299] sd 1:0:0:0: [sda] Write cache: enabled, read cache: enabled, doesn't support DPO or FUA

root@salvator-x:~# [  103.682856]  sda: sda1
[  103.691117] sd 1:0:0:0: [sda] Attached SCSI removable disk

root@salvator-x:~# sleep 4
root@salvator-x:~# 
root@salvator-x:~# echo 10-1 > /sys/bus/usb/drivers/usb/unbind
[  118.472205] usb 10-1.1: USB disconnect, device number 7
[  118.479621] sd 1:0:0:0: [sda] Synchronizing SCSI cache
[  118.485833] sd 1:0:0:0: [sda] Synchronize Cache(10) failed: Result: hostbyte=0x01 driverbyte=0x00
root@salvator-x:~# 
root@salvator-x:~# echo 10-1 > /sys/bus/usb/drivers/usb/bind
[  120.361932] hub 10-1:1.0: USB hub found
[  120.367681] hub 10-1:1.0: 4 ports detected
root@salvator-x:~# [  120.664232] usb 10-1.1: new SuperSpeed Gen 1 USB device number 8 using xhci-hcd
[  120.704810] usb-storage 10-1.1:1.0: USB Mass Storage device detected
[  120.714838] scsi host1: usb-storage 10-1.1:1.0
[  121.729027] scsi 1:0:0:0: Direct-Access     SanDisk  Extreme Pro      0    PQ: 0 ANSI: 6
[  121.741872] sd 1:0:0:0: [sda] 250085376 512-byte logical blocks: (128 GB/119 GiB)
[  121.751030] sd 1:0:0:0: [sda] Write Protect is off
[  121.757373] sd 1:0:0:0: [sda] Write cache: enabled, read cache: enabled, doesn't support DPO or FUA

root@salvator-x:~# [  121.810521]  sda: sda1
[  121.816141] sd 1:0:0:0: [sda] Attached SCSI removable disk

root@salvator-x:~# sleep 4
root@salvator-x:~# 
 
#### Result: OK ####
