NOTICE:  BL2: R-Car Gen3 Initial Program Loader(CA57) Rev.4.0.0
NOTICE:  BL2: PRR is R-Car H3 Ver.3.0
NOTICE:  BL2: Board is Salvator-XS Rev.1.1
NOTICE:  BL2: Boot device is HyperFlash(160MHz)
NOTICE:  BL2: LCM state is CM
NOTICE:  AVS setting succeeded. DVFS_SetVID=0x53
NOTICE:  BL2: DDR3200(rev.0.42)
NOTICE:  BL2: [COLD_BOOT]
NOTICE:  BL2: DRAM Split is 4ch(DDR f)
NOTICE:  BL2: QoS is default setting(rev.0.11)
NOTICE:  BL2: DRAM refresh interval 1.95 usec
NOTICE:  BL2: Periodic Write DQ Training
NOTICE:  BL2: CH0: 400000000 - 47fffffff, 2 GiB
NOTICE:  BL2: CH1: 500000000 - 57fffffff, 2 GiB
NOTICE:  BL2: CH2: 600000000 - 67fffffff, 2 GiB
NOTICE:  BL2: CH3: 700000000 - 77fffffff, 2 GiB
NOTICE:  BL2: Lossy Decomp areas
NOTICE:       Entry 0: DCMPAREACRAx:0x80000540 DCMPAREACRBx:0x570
NOTICE:       Entry 1: DCMPAREACRAx:0x40000000 DCMPAREACRBx:0x0
NOTICE:       Entry 2: DCMPAREACRAx:0x20000000 DCMPAREACRBx:0x0
NOTICE:  BL2: FDT at 0xe6327f70
NOTICE:  BL2: v2.9(release):9cdb21f75
NOTICE:  BL2: Built : 05:25:39, Dec 19 2023
NOTICE:  BL2: Normal boot
NOTICE:  BL2: dst=0xe6327800 src=0x8180000 len=512(0x200)
NOTICE:  BL2: dst=0x43f00000 src=0x8180400 len=6144(0x1800)
NOTICE:  rcar_file_len: len: 0x0003e000
NOTICE:  BL2: dst=0x44000000 src=0x81c0000 len=253952(0x3e000)
NOTICE:  rcar_file_len: len: 0x00200000
NOTICE:  BL2: dst=0x44100000 src=0x8200000 len=2097152(0x200000)
NOTICE:  rcar_file_len: len: 0x00100000
NOTICE:  BL2: dst=0x50000000 src=0x8640000 len=1048576(0x100000)
NOTICE:  BL2: Booting BL31


U-Boot 2020.10 (Dec 19 2023 - 14:30:40 +0000)

CPU: Renesas Electronics R8A7795 rev 3.0
Model: Renesas Salvator-X 2nd version board based on r8a77951
DRAM:  7.9 GiB
RAM Configuration:
Bank #0: 0x048000000 - 0x0bfffffff, 1.9 GiB
Bank #1: 0x500000000 - 0x57fffffff, 2 GiB
Bank #2: 0x600000000 - 0x67fffffff, 2 GiB
Bank #3: 0x700000000 - 0x77fffffff, 2 GiB

MMC:   sd@ee100000: 0, sd@ee140000: 1, sd@ee160000: 2
Loading Environment from MMC... OK
In:    serial@e6e88000
Out:   serial@e6e88000
Err:   serial@e6e88000
Net:   eth0: ethernet@e6800000
Hit any key to stop autoboot:  2  1  0 
ethernet@e6800000 Waiting for PHY auto negotiation to complete............. done
Using ethernet@e6800000 device
TFTP from server 192.168.10.98; our IP address is 192.168.10.107
Filename 'BV/PT3/boot_USB3H/Image'.
Load address: 0x48080000
Loading: *#################################################################
	 #################################################################
	 #################################################################
	 #################################################################
	 #################################################################
	 #################################################################
	 #################################################################
	 #################################################################
	 #################################################################
	 #################################################################
	 #################################################################
	 #################################################################
	 #################################################################
	 #################################################################
	 #################################################################
	 #################################################################
	 #################################################################
	 #################################################################
	 #################################################################
	 #################################################################
	 #################################################################
	 #################################################################
	 #################################################################
	 #################################################################
	 #################################################################
	 #################################################################
	 #################################################################
	 #################################################################
	 #################################################################
	 #################################################################
	 #################################################################
	 #################################################################
	 #################################################################
	 #################################################################
	 ##############################################
	 3.9 MiB/s
done
Bytes transferred = 33112576 (1f94200 hex)
Using ethernet@e6800000 device
TFTP from server 192.168.10.98; our IP address is 192.168.10.107
Filename 'BV/PT3/boot_USB3H/r8a779m1-salvator-xs.dtb'.
Load address: 0x48000000
Loading: *#######
	 5.4 MiB/s
done
Bytes transferred = 91297 (164a1 hex)
Moving Image from 0x48080000 to 0x48200000, end=4a220000
## Flattened Device Tree blob at 48000000
   Booting using the fdt blob at 0x48000000
   Loading Device Tree to 0000000053fe6000, end 0000000053fff4a0 ... OK

Starting kernel ...

[    0.000000] Booting Linux on physical CPU 0x0000000000 [0x411fd073]
[    0.000000] Linux version 5.10.194-yocto-standard (thuan.nguyen-hong@banvien) (aarch64-poky-linux-gcc (GCC) 9.3.0, GNU ld (GNU Binutils) 2.34.0.20200220) #13 SMP PREEMPT Sat Feb 3 10:27:40 UTC 2024
[    0.000000] Machine model: Renesas Salvator-X 2nd version board based on r8a779m1
[    0.000000] efi: UEFI not found.
[    0.000000] Reserved memory: created CMA memory pool at 0x0000000057000000, size 16 MiB
[    0.000000] OF: reserved mem: initialized node linux,adsp@57000000, compatible id shared-dma-pool
[    0.000000] Reserved memory: created CMA memory pool at 0x0000000058000000, size 384 MiB
[    0.000000] OF: reserved mem: initialized node linux,cma@58000000, compatible id shared-dma-pool
[    0.000000] Reserved memory: created CMA memory pool at 0x0000000070000000, size 256 MiB
[    0.000000] OF: reserved mem: initialized node linux,multimedia@70000000, compatible id shared-dma-pool
[    0.000000] NUMA: No NUMA configuration found
[    0.000000] NUMA: Faking a node at [mem 0x0000000048000000-0x000000077fffffff]
[    0.000000] NUMA: NODE_DATA [mem 0x77efd9b00-0x77efdbfff]
[    0.000000] Zone ranges:
[    0.000000]   DMA      [mem 0x0000000048000000-0x000000007fffffff]
[    0.000000]   DMA32    [mem 0x0000000080000000-0x00000000ffffffff]
[    0.000000]   Normal   [mem 0x0000000100000000-0x000000077fffffff]
[    0.000000] Movable zone start for each node
[    0.000000] Early memory node ranges
[    0.000000]   node   0: [mem 0x0000000048000000-0x0000000053ffffff]
[    0.000000]   node   0: [mem 0x0000000054000000-0x0000000056ffffff]
[    0.000000]   node   0: [mem 0x0000000057000000-0x00000000bfffffff]
[    0.000000]   node   0: [mem 0x0000000500000000-0x000000057fffffff]
[    0.000000]   node   0: [mem 0x0000000600000000-0x000000067fffffff]
[    0.000000]   node   0: [mem 0x0000000700000000-0x000000077fffffff]
[    0.000000] Initmem setup node 0 [mem 0x0000000048000000-0x000000077fffffff]
[    0.000000] psci: probing for conduit method from DT.
[    0.000000] psci: PSCIv1.1 detected in firmware.
[    0.000000] psci: Using standard PSCI v0.2 function IDs
[    0.000000] psci: Trusted OS resident on physical CPU 0x0
[    0.000000] psci: SMC Calling Convention v1.2
[    0.000000] percpu: Embedded 23 pages/cpu s56984 r8192 d29032 u94208
[    0.000000] Detected PIPT I-cache on CPU0
[    0.000000] CPU features: detected: EL2 vector hardening
[    0.000000] CPU features: detected: Spectre-v2
[    0.000000] CPU features: detected: ARM errata 1165522, 1319367, or 1530923
[    0.000000] CPU features: detected: Spectre-BHB
[    0.000000] CPU features: detected: ARM erratum 1742098
[    0.000000] Built 1 zonelists, mobility grouping on.  Total pages: 2032128
[    0.000000] Policy zone: Normal
[    0.000000] Kernel command line: rw root=/dev/nfs nfsroot=192.168.10.98:/data/tftpboot/BV/PT3/rootfs_H3e,nfsvers=4 ip=192.168.10.107
[    0.000000] Dentry cache hash table entries: 1048576 (order: 11, 8388608 bytes, linear)
[    0.000000] Inode-cache hash table entries: 524288 (order: 10, 4194304 bytes, linear)
[    0.000000] mem auto-init: stack:off, heap alloc:off, heap free:off
[    0.000000] software IO TLB: mapped [mem 0x000000004ffe6000-0x0000000053fe6000] (64MB)
[    0.000000] Memory: 7277092K/8257536K available (15104K kernel code, 2832K rwdata, 8204K rodata, 6080K init, 519K bss, 308700K reserved, 671744K cma-reserved)
[    0.000000] SLUB: HWalign=64, Order=0-3, MinObjects=0, CPUs=8, Nodes=1
[    0.000000] rcu: Preemptible hierarchical RCU implementation.
[    0.000000] rcu: 	RCU event tracing is enabled.
[    0.000000] rcu: 	RCU restricting CPUs from NR_CPUS=256 to nr_cpu_ids=8.
[    0.000000] 	Trampoline variant of Tasks RCU enabled.
[    0.000000] rcu: RCU calculated value of scheduler-enlistment delay is 25 jiffies.
[    0.000000] rcu: Adjusting geometry for rcu_fanout_leaf=16, nr_cpu_ids=8
[    0.000000] NR_IRQS: 64, nr_irqs: 64, preallocated irqs: 0
[    0.000000] arch_timer: cp15 timer(s) running at 8.32MHz (virt).
[    0.000000] clocksource: arch_sys_counter: mask: 0xffffffffffffff max_cycles: 0x1eb398c07, max_idle_ns: 440795202503 ns
[    0.000003] sched_clock: 56 bits at 8MHz, resolution 120ns, wraps every 2199023255503ns
[    0.000215] Console: colour dummy device 80x25
[    0.000426] printk: console [tty0] enabled
[    0.000505] Calibrating delay loop (skipped), value calculated using timer frequency.. 16.64 BogoMIPS (lpj=33280)
[    0.000520] pid_max: default: 32768 minimum: 301
[    0.000581] LSM: Security Framework initializing
[    0.000670] Mount-cache hash table entries: 16384 (order: 5, 131072 bytes, linear)
[    0.000721] Mountpoint-cache hash table entries: 16384 (order: 5, 131072 bytes, linear)
[    0.002226] rcu: Hierarchical SRCU implementation.
[    0.003844] Detected Renesas R-Car Gen3 r8a7795 ES3.0
[    0.005997] EFI services will not be available.
[    0.006343] smp: Bringing up secondary CPUs ...
[    0.006815] Detected PIPT I-cache on CPU1
[    0.006865] CPU1: Booted secondary processor 0x0000000001 [0x411fd073]
[    0.007373] Detected PIPT I-cache on CPU2
[    0.007398] CPU2: Booted secondary processor 0x0000000002 [0x411fd073]
[    0.007830] Detected PIPT I-cache on CPU3
[    0.007852] CPU3: Booted secondary processor 0x0000000003 [0x411fd073]
[    0.008305] CPU features: detected: ARM erratum 845719
[    0.008317] Detected VIPT I-cache on CPU4
[    0.008364] CPU4: Booted secondary processor 0x0000000100 [0x410fd034]
[    0.008849] Detected VIPT I-cache on CPU5
[    0.008877] CPU5: Booted secondary processor 0x0000000101 [0x410fd034]
[    0.009327] Detected VIPT I-cache on CPU6
[    0.009354] CPU6: Booted secondary processor 0x0000000102 [0x410fd034]
[    0.009793] Detected VIPT I-cache on CPU7
[    0.009820] CPU7: Booted secondary processor 0x0000000103 [0x410fd034]
[    0.009901] smp: Brought up 1 node, 8 CPUs
[    0.009964] SMP: Total of 8 processors activated.
[    0.009972] CPU features: detected: 32-bit EL0 Support
[    0.009980] CPU features: detected: CRC32 instructions
[    0.009986] CPU features: detected: 32-bit EL1 Support
[    0.023572] CPU: All CPU(s) started at EL1
[    0.023627] alternatives: patching kernel code
[    0.024839] devtmpfs: initialized
[    0.031665] KASLR disabled due to lack of seed
[    0.031824] clocksource: jiffies: mask: 0xffffffff max_cycles: 0xffffffff, max_idle_ns: 7645041785100000 ns
[    0.031845] futex hash table entries: 2048 (order: 5, 131072 bytes, linear)
[    0.040930] pinctrl core: initialized pinctrl subsystem
[    0.042491] DMI not present or invalid.
[    0.043005] NET: Registered protocol family 16
[    0.043970] DMA: preallocated 1024 KiB GFP_KERNEL pool for atomic allocations
[    0.044174] DMA: preallocated 1024 KiB GFP_KERNEL|GFP_DMA pool for atomic allocations
[    0.044463] DMA: preallocated 1024 KiB GFP_KERNEL|GFP_DMA32 pool for atomic allocations
[    0.044502] audit: initializing netlink subsys (disabled)
[    0.044692] audit: type=2000 audit(0.044:1): state=initialized audit_enabled=0 res=1
[    0.045900] thermal_sys: Registered thermal governor 'power_allocator'
[    0.046422] cpuidle: using governor menu
[    0.046597] hw-breakpoint: found 6 breakpoint and 4 watchpoint registers.
[    0.046721] ASID allocator initialised with 65536 entries
[    0.048068] Serial: AMBA PL011 UART driver
[    0.090834] sh-pfc e6060000.pinctrl: r8a77951_pfc support registered
[    0.105592] HugeTLB registered 1.00 GiB page size, pre-allocated 0 pages
[    0.105606] HugeTLB registered 32.0 MiB page size, pre-allocated 0 pages
[    0.105614] HugeTLB registered 2.00 MiB page size, pre-allocated 0 pages
[    0.105621] HugeTLB registered 64.0 KiB page size, pre-allocated 0 pages
[    0.106586] cryptd: max_cpu_qlen set to 1000
[    0.108893] ACPI: Interpreter disabled.
[    0.112778] rcar-avs: use avs value: 0
[    0.112794] rcar-avs: cpu@0 is running with: opp_table0
[    0.112804] rcar-avs: cpu@1 is running with: opp_table0
[    0.112814] rcar-avs: cpu@2 is running with: opp_table0
[    0.112824] rcar-avs: cpu@3 is running with: opp_table0
[    0.112915] rcar-avs: gsx@fd000000 is running with: gsx_opp_table0
[    0.114332] iommu: Default domain type: Translated 
[    0.114925] ipmmu-vmsa e67b0000.iommu: IPMMU context 0 is reserved
[    0.115958] vgaarb: loaded
[    0.116161] SCSI subsystem initialized
[    0.116421] usbcore: registered new interface driver usbfs
[    0.116451] usbcore: registered new interface driver hub
[    0.116478] usbcore: registered new device driver usb
[    0.120036] i2c-sh_mobile e60b0000.i2c: I2C adapter 7, bus speed 400000 Hz
[    0.120599] mc: Linux media interface: v0.10
[    0.120621] videodev: Linux video capture interface: v2.00
[    0.120669] pps_core: LinuxPPS API ver. 1 registered
[    0.120676] pps_core: Software ver. 5.3.6 - Copyright 2005-2007 Rodolfo Giometti <giometti@linux.it>
[    0.120689] PTP clock support registered
[    0.120863] EDAC MC: Ver: 3.0.0
[    0.122832] FPGA manager framework
[    0.122891] Advanced Linux Sound Architecture Driver Initialized.
[    0.123493] clocksource: Switched to clocksource arch_sys_counter
[    0.123642] VFS: Disk quotas dquot_6.6.0
[    0.123685] VFS: Dquot-cache hash table entries: 512 (order 0, 4096 bytes)
[    0.123809] pnp: PnP ACPI: disabled
[    0.127285] NET: Registered protocol family 2
[    0.127724] IP idents hash table entries: 131072 (order: 8, 1048576 bytes, linear)
[    0.129996] tcp_listen_portaddr_hash hash table entries: 4096 (order: 4, 65536 bytes, linear)
[    0.130077] TCP established hash table entries: 65536 (order: 7, 524288 bytes, linear)
[    0.130362] TCP bind hash table entries: 65536 (order: 8, 1048576 bytes, linear)
[    0.130972] TCP: Hash tables configured (established 65536 bind 65536)
[    0.131100] UDP hash table entries: 4096 (order: 5, 131072 bytes, linear)
[    0.131214] UDP-Lite hash table entries: 4096 (order: 5, 131072 bytes, linear)
[    0.131439] NET: Registered protocol family 1
[    0.131819] RPC: Registered named UNIX socket transport module.
[    0.131830] RPC: Registered udp transport module.
[    0.131836] RPC: Registered tcp transport module.
[    0.131842] RPC: Registered tcp NFSv4.1 backchannel transport module.
[    0.131855] PCI: CLS 0 bytes, default 64
[    0.132819] hw perfevents: enabled with armv8_cortex_a53 PMU driver, 7 counters available
[    0.133101] hw perfevents: enabled with armv8_cortex_a57 PMU driver, 7 counters available
[    0.133754] kvm [1]: HYP mode not available
[    0.136716] Initialise system trusted keyrings
[    0.136855] workingset: timestamp_bits=42 max_order=21 bucket_order=0
[    0.140002] squashfs: version 4.0 (2009/01/31) Phillip Lougher
[    0.140410] NFS: Registering the id_resolver key type
[    0.140438] Key type id_resolver registered
[    0.140446] Key type id_legacy registered
[    0.140500] nfs4filelayout_init: NFSv4 File Layout Driver Registering...
[    0.140509] nfs4flexfilelayout_init: NFSv4 Flexfile Layout Driver Registering...
[    0.140612] 9p: Installing v9fs 9p2000 file system support
[    0.166291] Key type asymmetric registered
[    0.166302] Asymmetric key parser 'x509' registered
[    0.166336] Block layer SCSI generic (bsg) driver version 0.4 loaded (major 243)
[    0.166346] io scheduler mq-deadline registered
[    0.166356] io scheduler kyber registered
[    0.182594] gpio_rcar e6050000.gpio: driving 16 GPIOs
[    0.182875] gpio_rcar e6051000.gpio: driving 29 GPIOs
[    0.183140] gpio_rcar e6052000.gpio: driving 15 GPIOs
[    0.183420] gpio_rcar e6053000.gpio: driving 16 GPIOs
[    0.183699] gpio_rcar e6054000.gpio: driving 18 GPIOs
[    0.183993] gpio_rcar e6055000.gpio: driving 26 GPIOs
[    0.184261] gpio_rcar e6055400.gpio: driving 32 GPIOs
[    0.184506] gpio_rcar e6055800.gpio: driving 4 GPIOs
[    0.187463] rcar-pcie fe000000.pcie: host bridge /soc/pcie@fe000000 ranges:
[    0.187519] rcar-pcie fe000000.pcie:       IO 0x00fe100000..0x00fe1fffff -> 0x0000000000
[    0.187543] rcar-pcie fe000000.pcie:      MEM 0x00fe200000..0x00fe3fffff -> 0x00fe200000
[    0.187561] rcar-pcie fe000000.pcie:      MEM 0x0030000000..0x0037ffffff -> 0x0030000000
[    0.187575] rcar-pcie fe000000.pcie:      MEM 0x0038000000..0x003fffffff -> 0x0038000000
[    0.187593] rcar-pcie fe000000.pcie:   IB MEM 0x0040000000..0x007fffffff -> 0x0040000000
[    0.187637] rcar-pcie fe000000.pcie: no pcie3v3 regulator found
[    0.187648] rcar-pcie fe000000.pcie: no pcie1v8 regulator found
[    0.255202] rcar-pcie fe000000.pcie: PCIe link down
[    0.255399] rcar-pcie ee800000.pcie: host bridge /soc/pcie@ee800000 ranges:
[    0.255429] rcar-pcie ee800000.pcie:       IO 0x00ee900000..0x00ee9fffff -> 0x0000000000
[    0.255450] rcar-pcie ee800000.pcie:      MEM 0x00eea00000..0x00eebfffff -> 0x00eea00000
[    0.255468] rcar-pcie ee800000.pcie:      MEM 0x00c0000000..0x00c7ffffff -> 0x00c0000000
[    0.255497] rcar-pcie ee800000.pcie:      MEM 0x00c8000000..0x00cfffffff -> 0x00c8000000
[    0.255514] rcar-pcie ee800000.pcie:   IB MEM 0x0040000000..0x007fffffff -> 0x0040000000
[    0.255548] rcar-pcie ee800000.pcie: no pcie3v3 regulator found
[    0.255558] rcar-pcie ee800000.pcie: no pcie1v8 regulator found
[    0.323180] rcar-pcie ee800000.pcie: PCIe link down
[    0.325686] EINJ: ACPI disabled.
[    0.359745] Serial: 8250/16550 driver, 4 ports, IRQ sharing enabled
[    0.362242] SuperH (H)SCI(F) driver initialized
[    0.362687] e6550000.serial: ttySC1 at MMIO 0xe6550000 (irq = 42, base_baud = 0) is a hscif
[    0.363438] e6e88000.serial: ttySC0 at MMIO 0xe6e88000 (irq = 128, base_baud = 0) is a scif
[    1.568045] printk: console [ttySC0] enabled
[    1.573425] msm_serial: driver initialized
[    1.583920] rcar-dw-hdmi fead0000.hdmi: Detected HDMI TX controller v2.01a with HDCP (DWC HDMI 2.0 TX PHY)
[    1.593856] rcar-dw-hdmi fead0000.hdmi: registered DesignWare HDMI I2C bus driver
[    1.602143] rcar-dw-hdmi feae0000.hdmi: Detected HDMI TX controller v2.01a with HDCP (DWC HDMI 2.0 TX PHY)
[    1.612006] rcar-dw-hdmi feae0000.hdmi: registered DesignWare HDMI I2C bus driver
[    1.627638] loop: module loaded
[    1.632254] megasas: 07.714.04.00-rc1
[    1.638022] scsi host0: sata_rcar
[    1.641493] ata1: SATA max UDMA/133 irq 181
[    1.650951] tun: Universal TUN/TAP device driver, 1.6
[    1.656981] thunder_xcv, ver 1.0
[    1.660242] thunder_bgx, ver 1.0
[    1.663498] nicpf, ver 1.0
[    1.667631] hclge is initializing
[    1.670964] hns3: Hisilicon Ethernet Network Driver for Hip08 Family - version
[    1.678190] hns3: Copyright (c) 2017 Huawei Corporation.
[    1.683528] e1000: Intel(R) PRO/1000 Network Driver
[    1.688409] e1000: Copyright (c) 1999-2006 Intel Corporation.
[    1.694183] e1000e: Intel(R) PRO/1000 Network Driver
[    1.699149] e1000e: Copyright(c) 1999 - 2015 Intel Corporation.
[    1.705109] igb: Intel(R) Gigabit Ethernet Network Driver
[    1.710509] igb: Copyright (c) 2007-2014 Intel Corporation.
[    1.716101] igbvf: Intel(R) Gigabit Virtual Function Network Driver
[    1.722369] igbvf: Copyright (c) 2009 - 2012 Intel Corporation.
[    1.728703] sky2: driver version 1.30
[    1.736377] ravb e6800000.ethernet eth0: Base address at 0xe6800000, 2e:09:0a:06:d4:ee, IRQ 125.
[    1.746620] VFIO - User Level meta-driver version: 0.3
[    1.753752] ehci_hcd: USB 2.0 'Enhanced' Host Controller (EHCI) Driver
[    1.760297] ehci-pci: EHCI PCI platform driver
[    1.764765] ehci-platform: EHCI generic platform driver
[    1.770384] ehci-platform ee0a0100.usb: EHCI Host Controller
[    1.776069] ehci-platform ee0a0100.usb: new USB bus registered, assigned bus number 1
[    1.783993] ehci-platform ee0a0100.usb: irq 175, io mem 0xee0a0100
[    1.803493] ehci-platform ee0a0100.usb: USB 2.0 started, EHCI 1.10
[    1.810013] hub 1-0:1.0: USB hub found
[    1.813784] hub 1-0:1.0: 1 port detected
[    1.818188] ehci-platform ee0c0100.usb: EHCI Host Controller
[    1.823861] ehci-platform ee0c0100.usb: new USB bus registered, assigned bus number 2
[    1.831748] ehci-platform ee0c0100.usb: irq 176, io mem 0xee0c0100
[    1.851487] ehci-platform ee0c0100.usb: USB 2.0 started, EHCI 1.10
[    1.857950] hub 2-0:1.0: USB hub found
[    1.861718] hub 2-0:1.0: 1 port detected
[    1.891528] ehci-platform ee0e0100.usb: EHCI Host Controller
[    1.897202] ehci-platform ee0e0100.usb: new USB bus registered, assigned bus number 3
[    1.905080] ehci-platform ee0e0100.usb: irq 177, io mem 0xee0e0100
[    1.923487] ehci-platform ee0e0100.usb: USB 2.0 started, EHCI 1.10
[    1.929989] hub 3-0:1.0: USB hub found
[    1.933759] hub 3-0:1.0: 1 port detected
[    1.938174] ehci-orion: EHCI orion driver
[    1.942440] ehci-exynos: EHCI Exynos driver
[    1.946741] ohci_hcd: USB 1.1 'Open' Host Controller (OHCI) Driver
[    1.952954] ohci-pci: OHCI PCI platform driver
[    1.957450] ohci-platform: OHCI generic platform driver
[    1.963018] ohci-platform ee0a0000.usb: Generic Platform OHCI controller
[    1.969736] ohci-platform ee0a0000.usb: new USB bus registered, assigned bus number 4
[    1.977627] ohci-platform ee0a0000.usb: irq 175, io mem 0xee0a0000
[    2.059496] ata1: link resume succeeded after 1 retries
[    2.073805] hub 4-0:1.0: USB hub found
[    2.077575] hub 4-0:1.0: 1 port detected
[    2.081923] ohci-platform ee0c0000.usb: Generic Platform OHCI controller
[    2.088639] ohci-platform ee0c0000.usb: new USB bus registered, assigned bus number 5
[    2.096512] ohci-platform ee0c0000.usb: irq 176, io mem 0xee0c0000
[    2.171014] ata1: SATA link down (SStatus 0 SControl 300)
[    2.189750] hub 5-0:1.0: USB hub found
[    2.193519] hub 5-0:1.0: 1 port detected
[    2.197858] ohci-platform ee0e0000.usb: Generic Platform OHCI controller
[    2.204575] ohci-platform ee0e0000.usb: new USB bus registered, assigned bus number 6
[    2.212444] ohci-platform ee0e0000.usb: irq 177, io mem 0xee0e0000
[    2.305774] hub 6-0:1.0: USB hub found
[    2.309541] hub 6-0:1.0: 1 port detected
[    2.313906] ohci-exynos: OHCI Exynos driver
[    2.318360] usbcore: registered new interface driver usb-storage
[    2.326046] renesas_usbhs e6590000.usb: host probed
[    2.330935] renesas_usbhs e6590000.usb: no transceiver found
[    2.336664] renesas_usbhs e6590000.usb: gadget probed
[    2.341881] renesas_usbhs e6590000.usb: probed
[    2.346787] renesas_usbhs e659c000.usb: host probed
[    2.351683] renesas_usbhs e659c000.usb: no transceiver found
[    2.357400] renesas_usbhs e659c000.usb: gadget probed
[    2.362610] renesas_usbhs e659c000.usb: probed
[    2.369548] i2c /dev entries driver
[    2.384148] cs2000-cp 2-004f: revision - C1
[    2.388390] i2c-rcar e6510000.i2c: probed
[    2.393215] pca953x 4-0020: supply vcc not found, using dummy regulator
[    2.399918] pca953x 4-0020: using no AI
[    2.404562] gpio-355 (PCIE/SATA switch): hogged as output/low
[    2.416846] i2c-rcar e66d8000.i2c: probed
[    2.422178] adv748x 4-0070: Endpoint /soc/i2c@e66d8000/video-receiver@70/port@7/endpoint on port 7
[    2.431163] adv748x 4-0070: Endpoint /soc/i2c@e66d8000/video-receiver@70/port@8/endpoint on port 8
[    2.440135] adv748x 4-0070: Endpoint /soc/i2c@e66d8000/video-receiver@70/port@a/endpoint on port 10
[    2.449199] adv748x 4-0070: Endpoint /soc/i2c@e66d8000/video-receiver@70/port@b/endpoint on port 11
[    2.458587] adv748x 4-0070: chip found @ 0xe0 revision 2143
[    2.512273] rcar-csi2 fea80000.csi2: 1 lanes found
[    2.517424] rcar-csi2 feaa0000.csi2: 4 lanes found
[    2.527034] rcar-vin e6ef0000.video: Device registered as video0
[    2.533121] rcar-vin e6ef1000.video: Device registered as video1
[    2.539192] rcar-vin e6ef2000.video: Device registered as video2
[    2.545264] rcar-vin e6ef3000.video: Device registered as video3
[    2.551335] rcar-vin e6ef4000.video: Device registered as video4
[    2.557411] rcar-vin e6ef5000.video: Device registered as video5
[    2.563486] rcar-vin e6ef6000.video: Device registered as video6
[    2.569552] rcar-vin e6ef7000.video: Device registered as video7
[    2.578305] rcar_gen3_thermal e6198000.thermal: is using FUSE values
[    2.589453] rcar_gen3_thermal e6198000.thermal: TSC0: Loaded 1 trip points
[    2.600699] rcar_gen3_thermal e6198000.thermal: TSC1: Loaded 1 trip points
[    2.611851] rcar_gen3_thermal e6198000.thermal: TSC2: Loaded 3 trip points
[    2.623974] sdhci: Secure Digital Host Controller Interface driver
[    2.630166] sdhci: Copyright(c) Pierre Ossman
[    2.635352] Synopsys Designware Multimedia Card Interface Driver
[    2.635631] renesas_sdhi_internal_dmac ee140000.mmc: Adding to iommu group 0
[    2.635846] renesas_sdhi_internal_dmac ee100000.mmc: Got CD GPIO
[    2.635849] renesas_sdhi_internal_dmac ee160000.mmc: Got CD GPIO
[    2.635865] renesas_sdhi_internal_dmac ee100000.mmc: Got WP GPIO
[    2.635871] renesas_sdhi_internal_dmac ee160000.mmc: Got WP GPIO
[    2.642730] sdhci-pltfm: SDHCI platform and OF driver helper
[    2.648448] renesas_sdhi_internal_dmac ee140000.mmc: Using IPMMU context 1
[    2.685691] ledtrig-cpu: registered to indicate activity on CPUs
[    2.692723] SMCCC: SOC_ID: ARCH_SOC_ID not implemented, skipping ....
[    2.699752] usbcore: registered new interface driver usbhid
[    2.705327] usbhid: USB HID core driver
[    2.712950] optee: probing for conduit method.
[    2.717417] optee: revision 3.22 (314ecf9d)
[    2.717934] optee driver R-Car Rev.1.0.11
[    2.726441] optee: dynamic shared memory is enabled
[    2.731603] optee: initialized driver
[    2.733908] renesas_sdhi_internal_dmac ee140000.mmc: mmc0 base at 0x00000000ee140000, max clock rate 200 MHz
[    2.748794] rcar_sound ec500000.sound: probed
[    2.753865] NET: Registered protocol family 17
[    2.758437] 9pnet: Installing 9P2000 support
[    2.762755] Key type dns_resolver registered
[    2.767408] registered taskstats version 1
[    2.771518] Loading compiled-in X.509 certificates
[    2.786550] thermal emergency: set temperature to 110 celsius
[    2.792527] thermal emergency: shutdown target cpus 1-7
[    2.797776] thermal emergency: freq scaled target cpus 0
[    2.803491] renesas_irqc e61c0000.interrupt-controller: driving 6 irqs
[    2.835572] mmc0: new HS400 MMC card at address 0001
[    2.841261] mmcblk0: mmc0:0001 BGSD4R 29.1 GiB 
[    2.846185] mmcblk0boot0: mmc0:0001 BGSD4R partition 1 31.9 MiB
[    2.852500] mmcblk0boot1: mmc0:0001 BGSD4R partition 2 31.9 MiB
[    2.858462] ehci-platform ee080100.usb: EHCI Host Controller
[    2.864149] ehci-platform ee080100.usb: new USB bus registered, assigned bus number 7
[    2.872109] ehci-platform ee080100.usb: irq 174, io mem 0xee080100
[    2.878377] mmcblk0rpmb: mmc0:0001 BGSD4R partition 3 4.00 MiB, chardev (509:0)
[    2.887347]  mmcblk0: p1
[    2.891502] ehci-platform ee080100.usb: USB 2.0 started, EHCI 1.10
[    2.899382] hub 7-0:1.0: USB hub found
[    2.903167] hub 7-0:1.0: 1 port detected
[    2.908751] ohci-platform ee080000.usb: Generic Platform OHCI controller
[    2.915484] ohci-platform ee080000.usb: new USB bus registered, assigned bus number 8
[    2.923385] ohci-platform ee080000.usb: irq 174, io mem 0xee080000
[    3.017910] hub 8-0:1.0: USB hub found
[    3.021681] hub 8-0:1.0: 1 port detected
[    3.027054] cpu cpu0: EM: created perf domain
[    3.032037] cpu cpu4: EM: created perf domain
[    3.040095] renesas_sdhi_internal_dmac ee160000.mmc: Got CD GPIO
[    3.040787] renesas_sdhi_internal_dmac ee100000.mmc: Got CD GPIO
[    3.043117] [drm] Initialized rcar-du 1.0.0 20130110 for feb00000.display on minor 0
[    3.043119] [drm] Device feb00000.display probed
[    3.046153] renesas_sdhi_internal_dmac ee160000.mmc: Got WP GPIO
[    3.052141] renesas_sdhi_internal_dmac ee100000.mmc: Got WP GPIO
[    3.109135] renesas_sdhi_internal_dmac ee160000.mmc: mmc2 base at 0x00000000ee160000, max clock rate 200 MHz
[    3.112319] Console: switching to colour frame buffer device 128x48
[    3.125799] renesas_sdhi_internal_dmac ee100000.mmc: mmc1 base at 0x00000000ee100000, max clock rate 200 MHz
[    3.155956] rcar-du feb00000.display: [drm] fb0: rcar-dudrmfb frame buffer device
[    3.169262] input: keys as /devices/platform/keys/input/input0
[    3.251265] Micrel KSZ9031 Gigabit PHY e6800000.ethernet-ffffffff:00: attached PHY driver [Micrel KSZ9031 Gigabit PHY] (mii_bus:phy_addr=e6800000.ethernet-ffffffff:00, irq=183)
[    9.819651] ravb e6800000.ethernet eth0: Link is Up - 1Gbps/Full - flow control off
[    9.851520] IP-Config: Guessing netmask 255.255.255.0
[    9.856684] IP-Config: Complete:
[    9.859998]      device=eth0, hwaddr=2e:09:0a:06:d4:ee, ipaddr=192.168.10.107, mask=255.255.255.0, gw=255.255.255.255
[    9.870806]      host=192.168.10.107, domain=, nis-domain=(none)
[    9.876939]      bootserver=255.255.255.255, rootserver=192.168.10.98, rootpath=
[    9.877558] ALSA device list:
[    9.888174]   No soundcards found.
[   10.261338] VFS: Mounted root (nfs4 filesystem) on device 0:22.
[   10.268155] devtmpfs: mounted
[   10.274800] Freeing unused kernel memory: 6080K
[   10.299690] Run /sbin/init as init process
[   10.477894] systemd[1]: System time before build time, advancing clock.
[   10.879573] random: crng init done
[   10.920408] NET: Registered protocol family 10
[   10.930041] Segment Routing with IPv6
[   10.963848] systemd[1]: systemd 244 running in system mode. (+PAM -AUDIT -SELINUX +IMA -APPARMOR -SMACK +SYSVINIT +UTMP -LIBCRYPTSETUP -GCRYPT -GNUTLS +ACL +XZ -LZ4 -SECCOMP +BLKID -ELFUTILS +KMOD -IDN2 -IDN -PCRE2 default-hierarchy=hybrid)
[   10.994347] systemd[1]: Detected architecture arm64.

Welcome to [1mPoky (Yocto Project Reference Distro) 3.1.11 (dunfell)[0m!

[   11.033963] systemd[1]: Set hostname to <salvator-x>.
[   11.774931] systemd[1]: system-getty.slice: unit configures an IP firewall, but the local system does not support BPF/cgroup firewalling.
[   11.796049] systemd[1]: (This warning is only shown for the first unit using IP firewalling.)
[   11.811115] systemd[1]: Created slice system-getty.slice.
[[0;32m  OK  [0m] Created slice [0;1;39msystem-getty.slice[0m.
[   11.840689] systemd[1]: Created slice system-serial\x2dgetty.slice.
[[0;32m  OK  [0m] Created slice [0;1;39msystem-serial\x2dgetty.slice[0m.
[   11.864757] systemd[1]: Created slice User and Session Slice.
[[0;32m  OK  [0m] Created slice [0;1;39mUser and Session Slice[0m.
[   11.887986] systemd[1]: Started Dispatch Password Requests to Console Directory Watch.
[[0;32m  OK  [0m] Started [0;1;39mDispatch Password â€¦ts to Console Directory Watch[0m.
[   11.915919] systemd[1]: Started Forward Password Requests to Wall Directory Watch.
[[0;32m  OK  [0m] Started [0;1;39mForward Password Râ€¦uests to Wall Directory Watch[0m.
[   11.943799] systemd[1]: Reached target Paths.
[[0;32m  OK  [0m] Reached target [0;1;39mPaths[0m.
[   11.967687] systemd[1]: Reached target Remote File Systems.
[[0;32m  OK  [0m] Reached target [0;1;39mRemote File Systems[0m.
[   11.991624] systemd[1]: Reached target Slices.
[[0;32m  OK  [0m] Reached target [0;1;39mSlices[0m.
[   12.015657] systemd[1]: Reached target Swap.
[[0;32m  OK  [0m] Reached target [0;1;39mSwap[0m.
[   12.042605] systemd[1]: Listening on RPCbind Server Activation Socket.
[[0;32m  OK  [0m] Listening on [0;1;39mRPCbind Server Activation Socket[0m.
[   12.071761] systemd[1]: Reached target RPC Port Mapper.
[[0;32m  OK  [0m] Reached target [0;1;39mRPC Port Mapper[0m.
[   12.096046] systemd[1]: Listening on initctl Compatibility Named Pipe.
[[0;32m  OK  [0m] Listening on [0;1;39minitctl Compatibility Named Pipe[0m.
[   12.125874] systemd[1]: Listening on Journal Audit Socket.
[[0;32m  OK  [0m] Listening on [0;1;39mJournal Audit Socket[0m.
[   12.153512] systemd[1]: Listening on Journal Socket (/dev/log).
[[0;32m  OK  [0m] Listening on [0;1;39mJournal Socket (/dev/log)[0m.
[   12.180349] systemd[1]: Listening on Journal Socket.
[[0;32m  OK  [0m] Listening on [0;1;39mJournal Socket[0m.
[   12.205523] systemd[1]: Listening on Network Service Netlink Socket.
[[0;32m  OK  [0m] Listening on [0;1;39mNetwork Service Netlink Socket[0m.
[   12.234526] systemd[1]: Listening on udev Control Socket.
[[0;32m  OK  [0m] Listening on [0;1;39mudev Control Socket[0m.
[   12.260175] systemd[1]: Listening on udev Kernel Socket.
[[0;32m  OK  [0m] Listening on [0;1;39mudev Kernel Socket[0m.
[   12.289227] systemd[1]: Mounting Huge Pages File System...
         Mounting [0;1;39mHuge Pages File System[0m...
[   12.316793] systemd[1]: Mounting POSIX Message Queue File System...
         Mounting [0;1;39mPOSIX Message Queue File System[0m...
[   12.348858] systemd[1]: Mounting Kernel Debug File System...
         Mounting [0;1;39mKernel Debug File System[0m...
[   12.378441] systemd[1]: Mounting Temporary Directory (/tmp)...
         Mounting [0;1;39mTemporary Directory (/tmp)[0m...
[   12.409528] systemd[1]: Starting Create list of static device nodes for the current kernel...
         Starting [0;1;39mCreate list of stâ€¦odes for the current kernel[0m...
[   12.444740] systemd[1]: Starting Start psplash boot splash screen...
         Starting [0;1;39mStart psplash boot splash screen[0m...
[   12.478340] systemd[1]: Starting RPC Bind...
         Starting [0;1;39mRPC Bind[0m...
[   12.496372] systemd[1]: Condition check resulted in File System Check on Root Device being skipped.
[   12.503412] systemd[1]: Starting Journal Service...
         Starting [0;1;39mJournal Service[0m...
[   12.537044] systemd[1]: Starting Load Kernel Modules...
         Starting [0;1;39mLoad Kernel Modules[0m...
[   12.560614] systemd[1]: Starting Remount Root and Kernel File Systems...
         Starting [0;1;39mRemount Root and Kernel File Systems[0m...
[   12.588425] systemd[1]: Starting udev Coldplug all Devices...
         Starting [0;1;39mudev Coldplug all Devices[0m...
[   12.613845] systemd[1]: Started Start psplash boot splash screen.
[[0;32m  OK  [0m] Started [0;1;39mStart psplash boot splash screen[0m.
[   12.640469] systemd[1]: Started RPC Bind.
[[0;32m  OK  [0m] Started [0;1;39mRPC Bind[0m.
[   12.660232] systemd[1]: Started Journal Service.
[[0;32m  OK  [0m] Started [0;1;39mJournal Service[0m.
[[0;32m  OK  [0m] Mounted [0;1;39mHuge Pages File System[0m.
[[0;32m  OK  [0m] Mounted [0;1;39mPOSIX Message Queue File System[0m.
[[0;32m  OK  [0m] Mounted [0;1;39mKernel Debug File System[0m.
[[0;32m  OK  [0m] Mounted [0;1;39mTemporary Directory (/tmp)[0m.
[[0;32m  OK  [0m] Started [0;1;39mCreate list of staâ€¦ nodes for the current kernel[0m.
[[0;32m  OK  [0m] Started [0;1;39mLoad Kernel Modules[0m.
[[0;32m  OK  [0m] Started [0;1;39mRemount Root and Kernel File Systems[0m.
         Mounting [0;1;39mKernel Configuration File System[0m...
[[0;32m  OK  [0m] Started [0;1;39mStart psplash-systâ€¦progress communication helper[0m.
         Starting [0;1;39mFlush Journal to Persistent Storage[0m...
         Starting [0;1;39mApply Kernel Variables[0m...
[   12.915359] systemd-journald[354]: Received client request to flush runtime journal.
         Starting [0;1;39mCreate Static Device Nodes in /dev[0m...
[[0;32m  OK  [0m] Mounted [0;1;39mKernel Configuration File System[0m.
[[0;32m  OK  [0m] Started [0;1;39mFlush Journal to Persistent Storage[0m.
[[0;32m  OK  [0m] Started [0;1;39mApply Kernel Variables[0m.
[[0;32m  OK  [0m] Started [0;1;39mCreate Static Device Nodes in /dev[0m.
[[0;32m  OK  [0m] Reached target [0;1;39mLocal File Systems (Pre)[0m.
         Mounting [0;1;39m/var/volatile[0m...
         Starting [0;1;39mudev Kernel Device Manager[0m...
[[0;32m  OK  [0m] Started [0;1;39mudev Coldplug all Devices[0m.
[[0;32m  OK  [0m] Mounted [0;1;39m/var/volatile[0m.
         Starting [0;1;39mLoad/Save Random Seed[0m...
[[0;32m  OK  [0m] Reached target [0;1;39mLocal File Systems[0m.
         Starting [0;1;39mCreate Volatile Files and Directories[0m...
[[0;32m  OK  [0m] Started [0;1;39mudev Kernel Device Manager[0m.
[[0;32m  OK  [0m] Started [0;1;39mLoad/Save Random Seed[0m.
         Starting [0;1;39mNetwork Service[0m...
[[0;32m  OK  [0m] Started [0;1;39mNetwork Service[0m.
[[0;32m  OK  [0m] Started [0;1;39mCreate Volatile Files and Directories[0m.
         Starting [0;1;39mNetwork Name Resolution[0m...
         Starting [0;1;39mNetwork Time Synchronization[0m...
[   13.408574] pwm-backlight: probe of backlight failed with error -16
         Starting [0;1;39mUpdate UTMP about System Boot/Shutdown[0m...
[[0;32m  OK  [0m] Reached target [0;1;39mHardware activated USB gadget[0m.
[   13.488350] at24 7-0050: supply vcc not found, using dummy regulator
[[0;32m  OK  [0m] Started [0;1;39mUpdate UTMP[   13.499359] at24 7-0050: 128 byte br24t01 EEPROM, writable, 8 bytes/write
 about System Boot/Shutdown[0m.
[[0;32m  OK  [0m] Started [0;1;39mNetwork Name Resolution[0m.
[[0;32m  OK  [0m] Reached target [0;1;39mNetwork[0m.
[[0;32m  OK  [0m] Reached target [0;1;39mHost and Network Name Lookups[0m.
[   13.650094] ccree e6601000.crypto: ARM CryptoCell 630P Driver: HW version 0xAF400001/0xDCC63000, Driver version 5.0
[[0;32m  OK  [0m] Started [0;1;39mNetwork Time Synchronization[0m.
[   13.684840] renesas_usb3 ee020000.usb: probed with phy
[[0;32m  OK  [0m] Reached target [0;1;39mSystem Initialization[0m.
[[0;32m  OK  [0m] Started [0;1;39mDaily Cleanup of Temporary Directories[0m.
[   13.723812] xhci-hcd ee000000.usb: xHCI Host Controller
[   13.726835] ccree e6601000.crypto: ARM ccree device initialized
[   13.729286] xhci-hcd ee000000.usb: new USB bus registered, assigned bus number 9
[[0;32m  OK  [0m] Reached target [0;1;39mSystem Time Set[0m.
[[0;32m  OK  [0m] Reached target [0;1;39mSystem Time Synchron[   13.764535] xhci-hcd ee000000.usb: hcc params 0x014051ce hci version 0x100 quirks 0x0000000000830410
ized[0m.
[   13.779143] xhci-hcd ee000000.usb: irq 172, io mem 0xee000000
[   13.788300] xhci-hcd ee000000.usb: xHCI Host Controller
[   13.793575] xhci-hcd ee000000.usb: new USB bus registered, assigned bus number 10
[   13.801259] xhci-hcd ee000000.usb: Host supports USB 3.0 SuperSpeed
[   13.808020] hub 9-0:1.0: USB hub found
[   13.812067] hub 9-0:1.0: 1 port detected
[   13.815277] usb usb10: We don't know the algorithms for LPM for this host, disabling LPM.
[[0;32m  OK  [[   13.824681] hub 10-0:1.0: USB hub found
0m] Reached targ[   13.829695] hub 10-0:1.0: 1 port detected
et [0;1;39mTimers[0m.
[[0;32m  OK  [0m] Listening on [0;1;39mAvahi mDNS/DNS-SD Stack Activation Socket[0m.
[[0;32m  OK  [0m] Listening on [0;1;39mD-Bus System Message Bus Socket[0m.
[[0;32m  OK  [0m] Listening on [0;1;39mdropbear.socket[0m.
[[0;32m  OK  [0m] Reached target [0;1;39mSockets[0m.
[[0;32m  OK  [0m] Reached target [0;1;39mBasic System[0m.
         Starting [0;1;39mAvahi mDNS/DNS-SD Stack[0m...
[[0;32m  OK  [0m] Started [0;1;39mD-Bus System Message Bus[0m.
[[0;32m  OK  [0m] Started [0;1;39moptee services[0m.
         Starting [0;1;39mpvrinit.service[0m...
         Starting [0;1;39mPowerVR consumer services[0m...
         Starting [0;1;39mLogin Service[0m...
         Starting [0;1;39mPermit User Sessions[0m...
[[0;32m  OK  [0m] Started [0;1;39mXinetd A Powerful Replacement For Inetd[0m.
[[0;1;31mFAILED[0m] Failed to start [0;1;39mpvrinit.service[0m.
See 'systemctl status pvrinit.service' for details.
[[0;1;31mFAILED[0m] Failed to start [0;1;39mPowerVR consumer services[0m.
See 'systemctl status rc.pvr.service' for details.
[[0;32m  OK  [0m] Started [0;1;39mPermit User Sessions[0m.
[[0;32m  OK  [0m] Started [0;1;39mAvahi mDNS/DNS-SD Stack[0m.
[[0;32m  OK  [0m] Started [0;1;39mLogin Service[0m.
[[0;32m  OK  [0m] Created slice [0;1;39msystem-weston.slice[0m.
[[0;32m  OK  [0m] Started [0;1;39mGetty on tty1[0m.
         Starting [0;1;39mPowerVR consumer services[0m...
[[0;32m  OK  [0m] Started [0;1;39mSerial Getty on ttySC0[0m.
[[0;32m  OK  [0m] Reached target [0;1;39mLogin Prompts[0m.
         Starting [0;1;39mset_default_governor.service[0m...
[[0;1;31mFAILED[0m] Failed to start [0;1;39mPowerVR consumer services[0m.
See 'systemctl status rc.pvr.service' for details.
[   14.536252] rd 0-7: Disabling EAS, schedutil is mandatory
[[0;1;38;5;185mDEPEND[0m] Dependency failed for [0;1;39mWeston Wayland Compositor[0m.
[   14.555922] usb 10-1: new SuperSpeed Gen 1 USB device number 2 using xhci-hcd
[[0;32m  OK  [0m] Started [0;1;39mset_default_governor.service[0m.
[   14.593956] usb-storage 10-1:1.0: USB Mass Storage device detected
[   14.600539] scsi host1: usb-storage 10-1:1.0
[[0;32m  OK  [0m] Reached target [0;1;39mMulti-User System[0m.
         Starting [0;1;39mUpdate UTMP about System Runlevel Changes[0m...
[[0;32m  OK  [0m] Started [0;1;39mUpdate UTMP about System Runlevel Changes[0m.
[   15.617193] scsi 1:0:0:0: Direct-Access     SanDisk  Extreme Pro      0    PQ: 0 ANSI: 6
[   15.627766] sd 1:0:0:0: [sda] 250085376 512-byte logical blocks: (128 GB/119 GiB)
[   15.636447] sd 1:0:0:0: [sda] Write Protect is off
[   15.642272] sd 1:0:0:0: [sda] Write cache: enabled, read cache: enabled, doesn't support DPO or FUA

Poky (Yocto Project Re[   15.692508]  sda: sda1
ference Distro) 3.1.11 salvator-x ttySC0

salvator-x login: [   15.700686] sd 1:0:0:0: [sda] Attached SCSI removable disk

salvator-x login: root
[   16.527878] audit: type=1006 audit(1703064538.048:2): pid=539 uid=0 old-auid=4294967295 auid=0 tty=(none) old-ses=4294967295 ses=1 res=1
7[r[999;999H[6n8root@salvator-x:~# 
root@salvator-x:~# 
root@salvator-x:~# 
root@salvator-x:~# 
root@salvator-x:~# 
root@salvator-x:~# 
root@salvator-x:~# 
root@salvator-x:~# 
root@salvator-x:~# 
 
#### Result: OK ####
