NOTICE:  BL2: R-Car Gen3 Initial Program Loader(CA57) Rev.4.0.0
NOTICE:  BL2: PRR is R-Car H3 Ver.3.0
NOTICE:  BL2: Board is Salvator-XS Rev.1.1
NOTICE:  BL2: Boot device is HyperFlash(160MHz)
NOTICE:  BL2: LCM state is CM
NOTICE:  AVS setting succeeded. DVFS_SetVID=0x53
NOTICE:  BL2: DDR3200(rev.0.42)
NOTICE:  BL2: [COLD_BOOT]
NOTICE:  BL2: DRAM Split is 4ch(DDR f)
NOTICE:  BL2: QoS is default setting(rev.0.11)
NOTICE:  BL2: DRAM refresh interval 1.95 usec
NOTICE:  BL2: Periodic Write DQ Training
NOTICE:  BL2: CH0: 400000000 - 47fffffff, 2 GiB
NOTICE:  BL2: CH1: 500000000 - 57fffffff, 2 GiB
NOTICE:  BL2: CH2: 600000000 - 67fffffff, 2 GiB
NOTICE:  BL2: CH3: 700000000 - 77fffffff, 2 GiB
NOTICE:  BL2: Lossy Decomp areas
NOTICE:       Entry 0: DCMPAREACRAx:0x80000540 DCMPAREACRBx:0x570
NOTICE:       Entry 1: DCMPAREACRAx:0x40000000 DCMPAREACRBx:0x0
NOTICE:       Entry 2: DCMPAREACRAx:0x20000000 DCMPAREACRBx:0x0
NOTICE:  BL2: FDT at 0xe6327f70
NOTICE:  BL2: v2.9(release):9cdb21f75
NOTICE:  BL2: Built : 05:25:39, Dec 19 2023
NOTICE:  BL2: Normal boot
NOTICE:  BL2: dst=0xe6327800 src=0x8180000 len=512(0x200)
NOTICE:  BL2: dst=0x43f00000 src=0x8180400 len=6144(0x1800)
NOTICE:  rcar_file_len: len: 0x0003e000
NOTICE:  BL2: dst=0x44000000 src=0x81c0000 len=253952(0x3e000)
NOTICE:  rcar_file_len: len: 0x00200000
NOTICE:  BL2: dst=0x44100000 src=0x8200000 len=2097152(0x200000)
NOTICE:  rcar_file_len: len: 0x00100000
NOTICE:  BL2: dst=0x50000000 src=0x8640000 len=1048576(0x100000)
NOTICE:  BL2: Booting BL31


U-Boot 2020.10 (Dec 19 2023 - 14:30:40 +0000)

CPU: Renesas Electronics R8A7795 rev 3.0
Model: Renesas Salvator-X 2nd version board based on r8a77951
DRAM:  7.9 GiB
RAM Configuration:
Bank #0: 0x048000000 - 0x0bfffffff, 1.9 GiB
Bank #1: 0x500000000 - 0x57fffffff, 2 GiB
Bank #2: 0x600000000 - 0x67fffffff, 2 GiB
Bank #3: 0x700000000 - 0x77fffffff, 2 GiB

MMC:   sd@ee100000: 0, sd@ee140000: 1, sd@ee160000: 2
Loading Environment from MMC... OK
In:    serial@e6e88000
Out:   serial@e6e88000
Err:   serial@e6e88000
Net:   eth0: ethernet@e6800000
Hit any key to stop autoboot:  2  1  0 
ethernet@e6800000 Waiting for PHY auto negotiation to complete.......... done
Using ethernet@e6800000 device
TFTP from server 192.168.10.98; our IP address is 192.168.10.107
Filename 'BV/PT3/boot_USB3H/Image'.
Load address: 0x48080000
Loading: *#################################################################
	 #################################################################
	 #################################################################
	 #################################################################
	 #################################################################
	 #################################################################
	 #################################################################
	 #################################################################
	 #################################################################
	 #################################################################
	 #################################################################
	 #################################################################
	 #################################################################
	 #################################################################
	 #################################################################
	 #################################################################
	 #################################################################
	 #################################################################
	 #################################################################
	 #################################################################
	 #################################################################
	 #################################################################
	 #################################################################
	 #################################################################
	 #################################################################
	 #################################################################
	 #################################################################
	 #################################################################
	 #################################################################
	 #################################################################
	 #################################################################
	 #################################################################
	 #################################################################
	 #################################################################
	 ##############################################
	 10.9 MiB/s
done
Bytes transferred = 33112576 (1f94200 hex)
Using ethernet@e6800000 device
TFTP from server 192.168.10.98; our IP address is 192.168.10.107
Filename 'BV/PT3/boot_USB3H/r8a779m1-salvator-xs.dtb'.
Load address: 0x48000000
Loading: *#######
	 5.4 MiB/s
done
Bytes transferred = 91297 (164a1 hex)
Moving Image from 0x48080000 to 0x48200000, end=4a220000
## Flattened Device Tree blob at 48000000
   Booting using the fdt blob at 0x48000000
   Loading Device Tree to 0000000053fe6000, end 0000000053fff4a0 ... OK

Starting kernel ...

[    0.000000] Booting Linux on physical CPU 0x0000000000 [0x411fd073]
[    0.000000] Linux version 5.10.194-yocto-standard (thuan.nguyen-hong@banvien) (aarch64-poky-linux-gcc (GCC) 9.3.0, GNU ld (GNU Binutils) 2.34.0.20200220) #13 SMP PREEMPT Sat Feb 3 10:27:40 UTC 2024
[    0.000000] Machine model: Renesas Salvator-X 2nd version board based on r8a779m1
[    0.000000] efi: UEFI not found.
[    0.000000] Reserved memory: created CMA memory pool at 0x0000000057000000, size 16 MiB
[    0.000000] OF: reserved mem: initialized node linux,adsp@57000000, compatible id shared-dma-pool
[    0.000000] Reserved memory: created CMA memory pool at 0x0000000058000000, size 384 MiB
[    0.000000] OF: reserved mem: initialized node linux,cma@58000000, compatible id shared-dma-pool
[    0.000000] Reserved memory: created CMA memory pool at 0x0000000070000000, size 256 MiB
[    0.000000] OF: reserved mem: initialized node linux,multimedia@70000000, compatible id shared-dma-pool
[    0.000000] NUMA: No NUMA configuration found
[    0.000000] NUMA: Faking a node at [mem 0x0000000048000000-0x000000077fffffff]
[    0.000000] NUMA: NODE_DATA [mem 0x77efd9b00-0x77efdbfff]
[    0.000000] Zone ranges:
[    0.000000]   DMA      [mem 0x0000000048000000-0x000000007fffffff]
[    0.000000]   DMA32    [mem 0x0000000080000000-0x00000000ffffffff]
[    0.000000]   Normal   [mem 0x0000000100000000-0x000000077fffffff]
[    0.000000] Movable zone start for each node
[    0.000000] Early memory node ranges
[    0.000000]   node   0: [mem 0x0000000048000000-0x0000000053ffffff]
[    0.000000]   node   0: [mem 0x0000000054000000-0x0000000056ffffff]
[    0.000000]   node   0: [mem 0x0000000057000000-0x00000000bfffffff]
[    0.000000]   node   0: [mem 0x0000000500000000-0x000000057fffffff]
[    0.000000]   node   0: [mem 0x0000000600000000-0x000000067fffffff]
[    0.000000]   node   0: [mem 0x0000000700000000-0x000000077fffffff]
[    0.000000] Initmem setup node 0 [mem 0x0000000048000000-0x000000077fffffff]
[    0.000000] psci: probing for conduit method from DT.
[    0.000000] psci: PSCIv1.1 detected in firmware.
[    0.000000] psci: Using standard PSCI v0.2 function IDs
[    0.000000] psci: Trusted OS resident on physical CPU 0x0
[    0.000000] psci: SMC Calling Convention v1.2
[    0.000000] percpu: Embedded 23 pages/cpu s56984 r8192 d29032 u94208
[    0.000000] Detected PIPT I-cache on CPU0
[    0.000000] CPU features: detected: EL2 vector hardening
[    0.000000] CPU features: detected: Spectre-v2
[    0.000000] CPU features: detected: ARM errata 1165522, 1319367, or 1530923
[    0.000000] CPU features: detected: Spectre-BHB
[    0.000000] CPU features: detected: ARM erratum 1742098
[    0.000000] Built 1 zonelists, mobility grouping on.  Total pages: 2032128
[    0.000000] Policy zone: Normal
[    0.000000] Kernel command line: rw root=/dev/nfs nfsroot=192.168.10.98:/data/tftpboot/BV/PT3/rootfs_H3e,nfsvers=4 ip=192.168.10.107
[    0.000000] Dentry cache hash table entries: 1048576 (order: 11, 8388608 bytes, linear)
[    0.000000] Inode-cache hash table entries: 524288 (order: 10, 4194304 bytes, linear)
[    0.000000] mem auto-init: stack:off, heap alloc:off, heap free:off
[    0.000000] software IO TLB: mapped [mem 0x000000004ffe6000-0x0000000053fe6000] (64MB)
[    0.000000] Memory: 7277092K/8257536K available (15104K kernel code, 2832K rwdata, 8204K rodata, 6080K init, 519K bss, 308700K reserved, 671744K cma-reserved)
[    0.000000] SLUB: HWalign=64, Order=0-3, MinObjects=0, CPUs=8, Nodes=1
[    0.000000] rcu: Preemptible hierarchical RCU implementation.
[    0.000000] rcu: 	RCU event tracing is enabled.
[    0.000000] rcu: 	RCU restricting CPUs from NR_CPUS=256 to nr_cpu_ids=8.
[    0.000000] 	Trampoline variant of Tasks RCU enabled.
[    0.000000] rcu: RCU calculated value of scheduler-enlistment delay is 25 jiffies.
[    0.000000] rcu: Adjusting geometry for rcu_fanout_leaf=16, nr_cpu_ids=8
[    0.000000] NR_IRQS: 64, nr_irqs: 64, preallocated irqs: 0
[    0.000000] arch_timer: cp15 timer(s) running at 8.32MHz (virt).
[    0.000000] clocksource: arch_sys_counter: mask: 0xffffffffffffff max_cycles: 0x1eb398c07, max_idle_ns: 440795202503 ns
[    0.000003] sched_clock: 56 bits at 8MHz, resolution 120ns, wraps every 2199023255503ns
[    0.000211] Console: colour dummy device 80x25
[    0.000420] printk: console [tty0] enabled
[    0.000495] Calibrating delay loop (skipped), value calculated using timer frequency.. 16.64 BogoMIPS (lpj=33280)
[    0.000510] pid_max: default: 32768 minimum: 301
[    0.000569] LSM: Security Framework initializing
[    0.000658] Mount-cache hash table entries: 16384 (order: 5, 131072 bytes, linear)
[    0.000709] Mountpoint-cache hash table entries: 16384 (order: 5, 131072 bytes, linear)
[    0.002195] rcu: Hierarchical SRCU implementation.
[    0.003824] Detected Renesas R-Car Gen3 r8a7795 ES3.0
[    0.005988] EFI services will not be available.
[    0.006340] smp: Bringing up secondary CPUs ...
[    0.006813] Detected PIPT I-cache on CPU1
[    0.006866] CPU1: Booted secondary processor 0x0000000001 [0x411fd073]
[    0.007363] Detected PIPT I-cache on CPU2
[    0.007388] CPU2: Booted secondary processor 0x0000000002 [0x411fd073]
[    0.007816] Detected PIPT I-cache on CPU3
[    0.007837] CPU3: Booted secondary processor 0x0000000003 [0x411fd073]
[    0.008311] CPU features: detected: ARM erratum 845719
[    0.008324] Detected VIPT I-cache on CPU4
[    0.008371] CPU4: Booted secondary processor 0x0000000100 [0x410fd034]
[    0.008852] Detected VIPT I-cache on CPU5
[    0.008878] CPU5: Booted secondary processor 0x0000000101 [0x410fd034]
[    0.009323] Detected VIPT I-cache on CPU6
[    0.009350] CPU6: Booted secondary processor 0x0000000102 [0x410fd034]
[    0.009792] Detected VIPT I-cache on CPU7
[    0.009820] CPU7: Booted secondary processor 0x0000000103 [0x410fd034]
[    0.009899] smp: Brought up 1 node, 8 CPUs
[    0.009962] SMP: Total of 8 processors activated.
[    0.009970] CPU features: detected: 32-bit EL0 Support
[    0.009977] CPU features: detected: CRC32 instructions
[    0.009984] CPU features: detected: 32-bit EL1 Support
[    0.023574] CPU: All CPU(s) started at EL1
[    0.023628] alternatives: patching kernel code
[    0.024834] devtmpfs: initialized
[    0.031691] KASLR disabled due to lack of seed
[    0.031848] clocksource: jiffies: mask: 0xffffffff max_cycles: 0xffffffff, max_idle_ns: 7645041785100000 ns
[    0.031869] futex hash table entries: 2048 (order: 5, 131072 bytes, linear)
[    0.040936] pinctrl core: initialized pinctrl subsystem
[    0.042507] DMI not present or invalid.
[    0.043032] NET: Registered protocol family 16
[    0.044004] DMA: preallocated 1024 KiB GFP_KERNEL pool for atomic allocations
[    0.044207] DMA: preallocated 1024 KiB GFP_KERNEL|GFP_DMA pool for atomic allocations
[    0.044497] DMA: preallocated 1024 KiB GFP_KERNEL|GFP_DMA32 pool for atomic allocations
[    0.044539] audit: initializing netlink subsys (disabled)
[    0.044731] audit: type=2000 audit(0.044:1): state=initialized audit_enabled=0 res=1
[    0.045917] thermal_sys: Registered thermal governor 'power_allocator'
[    0.046443] cpuidle: using governor menu
[    0.046621] hw-breakpoint: found 6 breakpoint and 4 watchpoint registers.
[    0.046748] ASID allocator initialised with 65536 entries
[    0.048084] Serial: AMBA PL011 UART driver
[    0.090864] sh-pfc e6060000.pinctrl: r8a77951_pfc support registered
[    0.105632] HugeTLB registered 1.00 GiB page size, pre-allocated 0 pages
[    0.105646] HugeTLB registered 32.0 MiB page size, pre-allocated 0 pages
[    0.105655] HugeTLB registered 2.00 MiB page size, pre-allocated 0 pages
[    0.105662] HugeTLB registered 64.0 KiB page size, pre-allocated 0 pages
[    0.106626] cryptd: max_cpu_qlen set to 1000
[    0.108935] ACPI: Interpreter disabled.
[    0.112827] rcar-avs: use avs value: 0
[    0.112843] rcar-avs: cpu@0 is running with: opp_table0
[    0.112853] rcar-avs: cpu@1 is running with: opp_table0
[    0.112863] rcar-avs: cpu@2 is running with: opp_table0
[    0.112872] rcar-avs: cpu@3 is running with: opp_table0
[    0.112964] rcar-avs: gsx@fd000000 is running with: gsx_opp_table0
[    0.114389] iommu: Default domain type: Translated 
[    0.114970] ipmmu-vmsa e67b0000.iommu: IPMMU context 0 is reserved
[    0.115988] vgaarb: loaded
[    0.116234] SCSI subsystem initialized
[    0.116492] usbcore: registered new interface driver usbfs
[    0.116518] usbcore: registered new interface driver hub
[    0.116544] usbcore: registered new device driver usb
[    0.120087] i2c-sh_mobile e60b0000.i2c: I2C adapter 7, bus speed 400000 Hz
[    0.120643] mc: Linux media interface: v0.10
[    0.120664] videodev: Linux video capture interface: v2.00
[    0.120709] pps_core: LinuxPPS API ver. 1 registered
[    0.120717] pps_core: Software ver. 5.3.6 - Copyright 2005-2007 Rodolfo Giometti <giometti@linux.it>
[    0.120731] PTP clock support registered
[    0.120905] EDAC MC: Ver: 3.0.0
[    0.122880] FPGA manager framework
[    0.122946] Advanced Linux Sound Architecture Driver Initialized.
[    0.123536] clocksource: Switched to clocksource arch_sys_counter
[    0.123683] VFS: Disk quotas dquot_6.6.0
[    0.123727] VFS: Dquot-cache hash table entries: 512 (order 0, 4096 bytes)
[    0.123849] pnp: PnP ACPI: disabled
[    0.128022] NET: Registered protocol family 2
[    0.128450] IP idents hash table entries: 131072 (order: 8, 1048576 bytes, linear)
[    0.130710] tcp_listen_portaddr_hash hash table entries: 4096 (order: 4, 65536 bytes, linear)
[    0.130787] TCP established hash table entries: 65536 (order: 7, 524288 bytes, linear)
[    0.131074] TCP bind hash table entries: 65536 (order: 8, 1048576 bytes, linear)
[    0.131715] TCP: Hash tables configured (established 65536 bind 65536)
[    0.131846] UDP hash table entries: 4096 (order: 5, 131072 bytes, linear)
[    0.131960] UDP-Lite hash table entries: 4096 (order: 5, 131072 bytes, linear)
[    0.132180] NET: Registered protocol family 1
[    0.132545] RPC: Registered named UNIX socket transport module.
[    0.132555] RPC: Registered udp transport module.
[    0.132561] RPC: Registered tcp transport module.
[    0.132567] RPC: Registered tcp NFSv4.1 backchannel transport module.
[    0.132579] PCI: CLS 0 bytes, default 64
[    0.133508] hw perfevents: enabled with armv8_cortex_a53 PMU driver, 7 counters available
[    0.133784] hw perfevents: enabled with armv8_cortex_a57 PMU driver, 7 counters available
[    0.134439] kvm [1]: HYP mode not available
[    0.137341] Initialise system trusted keyrings
[    0.137466] workingset: timestamp_bits=42 max_order=21 bucket_order=0
[    0.140591] squashfs: version 4.0 (2009/01/31) Phillip Lougher
[    0.141013] NFS: Registering the id_resolver key type
[    0.141037] Key type id_resolver registered
[    0.141045] Key type id_legacy registered
[    0.141102] nfs4filelayout_init: NFSv4 File Layout Driver Registering...
[    0.141112] nfs4flexfilelayout_init: NFSv4 Flexfile Layout Driver Registering...
[    0.141213] 9p: Installing v9fs 9p2000 file system support
[    0.167244] Key type asymmetric registered
[    0.167256] Asymmetric key parser 'x509' registered
[    0.167287] Block layer SCSI generic (bsg) driver version 0.4 loaded (major 243)
[    0.167298] io scheduler mq-deadline registered
[    0.167306] io scheduler kyber registered
[    0.183552] gpio_rcar e6050000.gpio: driving 16 GPIOs
[    0.183933] gpio_rcar e6051000.gpio: driving 29 GPIOs
[    0.184265] gpio_rcar e6052000.gpio: driving 15 GPIOs
[    0.184561] gpio_rcar e6053000.gpio: driving 16 GPIOs
[    0.184837] gpio_rcar e6054000.gpio: driving 18 GPIOs
[    0.185129] gpio_rcar e6055000.gpio: driving 26 GPIOs
[    0.185407] gpio_rcar e6055400.gpio: driving 32 GPIOs
[    0.185676] gpio_rcar e6055800.gpio: driving 4 GPIOs
[    0.188746] rcar-pcie fe000000.pcie: host bridge /soc/pcie@fe000000 ranges:
[    0.188775] rcar-pcie fe000000.pcie:       IO 0x00fe100000..0x00fe1fffff -> 0x0000000000
[    0.188798] rcar-pcie fe000000.pcie:      MEM 0x00fe200000..0x00fe3fffff -> 0x00fe200000
[    0.188816] rcar-pcie fe000000.pcie:      MEM 0x0030000000..0x0037ffffff -> 0x0030000000
[    0.188830] rcar-pcie fe000000.pcie:      MEM 0x0038000000..0x003fffffff -> 0x0038000000
[    0.188851] rcar-pcie fe000000.pcie:   IB MEM 0x0040000000..0x007fffffff -> 0x0040000000
[    0.188897] rcar-pcie fe000000.pcie: no pcie3v3 regulator found
[    0.188908] rcar-pcie fe000000.pcie: no pcie1v8 regulator found
[    0.255246] rcar-pcie fe000000.pcie: PCIe link down
[    0.255413] rcar-pcie ee800000.pcie: host bridge /soc/pcie@ee800000 ranges:
[    0.255436] rcar-pcie ee800000.pcie:       IO 0x00ee900000..0x00ee9fffff -> 0x0000000000
[    0.255456] rcar-pcie ee800000.pcie:      MEM 0x00eea00000..0x00eebfffff -> 0x00eea00000
[    0.255473] rcar-pcie ee800000.pcie:      MEM 0x00c0000000..0x00c7ffffff -> 0x00c0000000
[    0.255486] rcar-pcie ee800000.pcie:      MEM 0x00c8000000..0x00cfffffff -> 0x00c8000000
[    0.255502] rcar-pcie ee800000.pcie:   IB MEM 0x0040000000..0x007fffffff -> 0x0040000000
[    0.255550] rcar-pcie ee800000.pcie: no pcie3v3 regulator found
[    0.255562] rcar-pcie ee800000.pcie: no pcie1v8 regulator found
[    0.323236] rcar-pcie ee800000.pcie: PCIe link down
[    0.325742] EINJ: ACPI disabled.
[    0.359054] Serial: 8250/16550 driver, 4 ports, IRQ sharing enabled
[    0.361635] SuperH (H)SCI(F) driver initialized
[    0.362092] e6550000.serial: ttySC1 at MMIO 0xe6550000 (irq = 42, base_baud = 0) is a hscif
[    0.362729] e6e88000.serial: ttySC0 at MMIO 0xe6e88000 (irq = 128, base_baud = 0) is a scif
[    1.567388] printk: console [ttySC0] enabled
[    1.572805] msm_serial: driver initialized
[    1.583312] rcar-dw-hdmi fead0000.hdmi: Detected HDMI TX controller v2.01a with HDCP (DWC HDMI 2.0 TX PHY)
[    1.593231] rcar-dw-hdmi fead0000.hdmi: registered DesignWare HDMI I2C bus driver
[    1.601497] rcar-dw-hdmi feae0000.hdmi: Detected HDMI TX controller v2.01a with HDCP (DWC HDMI 2.0 TX PHY)
[    1.611355] rcar-dw-hdmi feae0000.hdmi: registered DesignWare HDMI I2C bus driver
[    1.626962] loop: module loaded
[    1.631590] megasas: 07.714.04.00-rc1
[    1.637373] scsi host0: sata_rcar
[    1.640858] ata1: SATA max UDMA/133 irq 181
[    1.650291] tun: Universal TUN/TAP device driver, 1.6
[    1.656265] thunder_xcv, ver 1.0
[    1.659507] thunder_bgx, ver 1.0
[    1.662762] nicpf, ver 1.0
[    1.666882] hclge is initializing
[    1.670217] hns3: Hisilicon Ethernet Network Driver for Hip08 Family - version
[    1.677441] hns3: Copyright (c) 2017 Huawei Corporation.
[    1.682778] e1000: Intel(R) PRO/1000 Network Driver
[    1.687657] e1000: Copyright (c) 1999-2006 Intel Corporation.
[    1.693425] e1000e: Intel(R) PRO/1000 Network Driver
[    1.698389] e1000e: Copyright(c) 1999 - 2015 Intel Corporation.
[    1.704332] igb: Intel(R) Gigabit Ethernet Network Driver
[    1.709732] igb: Copyright (c) 2007-2014 Intel Corporation.
[    1.715319] igbvf: Intel(R) Gigabit Virtual Function Network Driver
[    1.721586] igbvf: Copyright (c) 2009 - 2012 Intel Corporation.
[    1.727915] sky2: driver version 1.30
[    1.735491] ravb e6800000.ethernet eth0: Base address at 0xe6800000, 2e:09:0a:06:d4:ee, IRQ 125.
[    1.745761] VFIO - User Level meta-driver version: 0.3
[    1.752923] ehci_hcd: USB 2.0 'Enhanced' Host Controller (EHCI) Driver
[    1.759461] ehci-pci: EHCI PCI platform driver
[    1.763922] ehci-platform: EHCI generic platform driver
[    1.769556] ehci-platform ee0a0100.usb: EHCI Host Controller
[    1.775239] ehci-platform ee0a0100.usb: new USB bus registered, assigned bus number 1
[    1.783164] ehci-platform ee0a0100.usb: irq 175, io mem 0xee0a0100
[    1.803546] ehci-platform ee0a0100.usb: USB 2.0 started, EHCI 1.10
[    1.810101] hub 1-0:1.0: USB hub found
[    1.813872] hub 1-0:1.0: 1 port detected
[    1.818279] ehci-platform ee0c0100.usb: EHCI Host Controller
[    1.823958] ehci-platform ee0c0100.usb: new USB bus registered, assigned bus number 2
[    1.831886] ehci-platform ee0c0100.usb: irq 176, io mem 0xee0c0100
[    1.851542] ehci-platform ee0c0100.usb: USB 2.0 started, EHCI 1.10
[    1.858007] hub 2-0:1.0: USB hub found
[    1.861776] hub 2-0:1.0: 1 port detected
[    1.891584] ehci-platform ee0e0100.usb: EHCI Host Controller
[    1.897260] ehci-platform ee0e0100.usb: new USB bus registered, assigned bus number 3
[    1.905133] ehci-platform ee0e0100.usb: irq 177, io mem 0xee0e0100
[    1.923542] ehci-platform ee0e0100.usb: USB 2.0 started, EHCI 1.10
[    1.929976] hub 3-0:1.0: USB hub found
[    1.933744] hub 3-0:1.0: 1 port detected
[    1.938142] ehci-orion: EHCI orion driver
[    1.942422] ehci-exynos: EHCI Exynos driver
[    1.946722] ohci_hcd: USB 1.1 'Open' Host Controller (OHCI) Driver
[    1.952918] ohci-pci: OHCI PCI platform driver
[    1.957404] ohci-platform: OHCI generic platform driver
[    1.962937] ohci-platform ee0a0000.usb: Generic Platform OHCI controller
[    1.969652] ohci-platform ee0a0000.usb: new USB bus registered, assigned bus number 4
[    1.977540] ohci-platform ee0a0000.usb: irq 175, io mem 0xee0a0000
[    2.059541] ata1: link resume succeeded after 1 retries
[    2.073859] hub 4-0:1.0: USB hub found
[    2.077628] hub 4-0:1.0: 1 port detected
[    2.081972] ohci-platform ee0c0000.usb: Generic Platform OHCI controller
[    2.088691] ohci-platform ee0c0000.usb: new USB bus registered, assigned bus number 5
[    2.096564] ohci-platform ee0c0000.usb: irq 176, io mem 0xee0c0000
[    2.170970] ata1: SATA link down (SStatus 0 SControl 300)
[    2.189787] hub 5-0:1.0: USB hub found
[    2.193554] hub 5-0:1.0: 1 port detected
[    2.197907] ohci-platform ee0e0000.usb: Generic Platform OHCI controller
[    2.204621] ohci-platform ee0e0000.usb: new USB bus registered, assigned bus number 6
[    2.212488] ohci-platform ee0e0000.usb: irq 177, io mem 0xee0e0000
[    2.305801] hub 6-0:1.0: USB hub found
[    2.309570] hub 6-0:1.0: 1 port detected
[    2.313926] ohci-exynos: OHCI Exynos driver
[    2.318378] usbcore: registered new interface driver usb-storage
[    2.326076] renesas_usbhs e6590000.usb: host probed
[    2.330968] renesas_usbhs e6590000.usb: no transceiver found
[    2.336694] renesas_usbhs e6590000.usb: gadget probed
[    2.341910] renesas_usbhs e6590000.usb: probed
[    2.346807] renesas_usbhs e659c000.usb: host probed
[    2.351710] renesas_usbhs e659c000.usb: no transceiver found
[    2.357425] renesas_usbhs e659c000.usb: gadget probed
[    2.362617] renesas_usbhs e659c000.usb: probed
[    2.369554] i2c /dev entries driver
[    2.384140] cs2000-cp 2-004f: revision - C1
[    2.388391] i2c-rcar e6510000.i2c: probed
[    2.393222] pca953x 4-0020: supply vcc not found, using dummy regulator
[    2.399942] pca953x 4-0020: using no AI
[    2.404584] gpio-355 (PCIE/SATA switch): hogged as output/low
[    2.416870] i2c-rcar e66d8000.i2c: probed
[    2.422169] adv748x 4-0070: Endpoint /soc/i2c@e66d8000/video-receiver@70/port@7/endpoint on port 7
[    2.431152] adv748x 4-0070: Endpoint /soc/i2c@e66d8000/video-receiver@70/port@8/endpoint on port 8
[    2.440123] adv748x 4-0070: Endpoint /soc/i2c@e66d8000/video-receiver@70/port@a/endpoint on port 10
[    2.449187] adv748x 4-0070: Endpoint /soc/i2c@e66d8000/video-receiver@70/port@b/endpoint on port 11
[    2.458576] adv748x 4-0070: chip found @ 0xe0 revision 2143
[    2.512244] rcar-csi2 fea80000.csi2: 1 lanes found
[    2.517411] rcar-csi2 feaa0000.csi2: 4 lanes found
[    2.526985] rcar-vin e6ef0000.video: Device registered as video0
[    2.533067] rcar-vin e6ef1000.video: Device registered as video1
[    2.539140] rcar-vin e6ef2000.video: Device registered as video2
[    2.545203] rcar-vin e6ef3000.video: Device registered as video3
[    2.551279] rcar-vin e6ef4000.video: Device registered as video4
[    2.557347] rcar-vin e6ef5000.video: Device registered as video5
[    2.563413] rcar-vin e6ef6000.video: Device registered as video6
[    2.569483] rcar-vin e6ef7000.video: Device registered as video7
[    2.578212] rcar_gen3_thermal e6198000.thermal: is using FUSE values
[    2.589328] rcar_gen3_thermal e6198000.thermal: TSC0: Loaded 1 trip points
[    2.600584] rcar_gen3_thermal e6198000.thermal: TSC1: Loaded 1 trip points
[    2.611744] rcar_gen3_thermal e6198000.thermal: TSC2: Loaded 3 trip points
[    2.623856] sdhci: Secure Digital Host Controller Interface driver
[    2.630051] sdhci: Copyright(c) Pierre Ossman
[    2.635224] Synopsys Designware Multimedia Card Interface Driver
[    2.635495] renesas_sdhi_internal_dmac ee140000.mmc: Adding to iommu group 0
[    2.635601] renesas_sdhi_internal_dmac ee160000.mmc: Got CD GPIO
[    2.635603] renesas_sdhi_internal_dmac ee100000.mmc: Got CD GPIO
[    2.635621] renesas_sdhi_internal_dmac ee160000.mmc: Got WP GPIO
[    2.635625] renesas_sdhi_internal_dmac ee100000.mmc: Got WP GPIO
[    2.642596] sdhci-pltfm: SDHCI platform and OF driver helper
[    2.648320] renesas_sdhi_internal_dmac ee140000.mmc: Using IPMMU context 1
[    2.685574] ledtrig-cpu: registered to indicate activity on CPUs
[    2.692604] SMCCC: SOC_ID: ARCH_SOC_ID not implemented, skipping ....
[    2.699631] usbcore: registered new interface driver usbhid
[    2.705206] usbhid: USB HID core driver
[    2.712835] optee: probing for conduit method.
[    2.717305] optee: revision 3.22 (314ecf9d)
[    2.717784] optee driver R-Car Rev.1.0.11
[    2.726208] optee: dynamic shared memory is enabled
[    2.731354] optee: initialized driver
[    2.733896] renesas_sdhi_internal_dmac ee140000.mmc: mmc0 base at 0x00000000ee140000, max clock rate 200 MHz
[    2.745691] rcar_sound ec500000.sound: probed
[    2.750753] NET: Registered protocol family 17
[    2.755318] 9pnet: Installing 9P2000 support
[    2.759635] Key type dns_resolver registered
[    2.764178] registered taskstats version 1
[    2.768292] Loading compiled-in X.509 certificates
[    2.783135] thermal emergency: set temperature to 110 celsius
[    2.789120] thermal emergency: shutdown target cpus 1-7
[    2.794355] thermal emergency: freq scaled target cpus 0
[    2.800060] renesas_irqc e61c0000.interrupt-controller: driving 6 irqs
[    2.818707] mmc0: new HS400 MMC card at address 0001
[    2.824346] mmcblk0: mmc0:0001 BGSD4R 29.1 GiB 
[    2.829276] mmcblk0boot0: mmc0:0001 BGSD4R partition 1 31.9 MiB
[    2.835590] mmcblk0boot1: mmc0:0001 BGSD4R partition 2 31.9 MiB
[    2.841625] mmcblk0rpmb: mmc0:0001 BGSD4R partition 3 4.00 MiB, chardev (509:0)
[    2.847688] ehci-platform ee080100.usb: EHCI Host Controller
[    2.850743]  mmcblk0: p1
[    2.854618] ehci-platform ee080100.usb: new USB bus registered, assigned bus number 7
[    2.865057] ehci-platform ee080100.usb: irq 174, io mem 0xee080100
[    2.883636] ehci-platform ee080100.usb: USB 2.0 started, EHCI 1.10
[    2.890365] hub 7-0:1.0: USB hub found
[    2.894138] hub 7-0:1.0: 1 port detected
[    2.899700] ohci-platform ee080000.usb: Generic Platform OHCI controller
[    2.906430] ohci-platform ee080000.usb: new USB bus registered, assigned bus number 8
[    2.914325] ohci-platform ee080000.usb: irq 174, io mem 0xee080000
[    3.010191] hub 8-0:1.0: USB hub found
[    3.013967] hub 8-0:1.0: 1 port detected
[    3.019325] cpu cpu0: EM: created perf domain
[    3.024310] cpu cpu4: EM: created perf domain
[    3.032374] renesas_sdhi_internal_dmac ee160000.mmc: Got CD GPIO
[    3.032993] renesas_sdhi_internal_dmac ee100000.mmc: Got CD GPIO
[    3.038422] renesas_sdhi_internal_dmac ee160000.mmc: Got WP GPIO
[    3.044594] renesas_sdhi_internal_dmac ee100000.mmc: Got WP GPIO
[    3.051966] [drm] Initialized rcar-du 1.0.0 20130110 for feb00000.display on minor 0
[    3.064209] [drm] Device feb00000.display probed
[    3.099577] renesas_sdhi_internal_dmac ee160000.mmc: mmc2 base at 0x00000000ee160000, max clock rate 200 MHz
[    3.104152] renesas_sdhi_internal_dmac ee100000.mmc: mmc1 base at 0x00000000ee100000, max clock rate 200 MHz
[    3.107027] Console: switching to colour frame buffer device 128x48
[    3.149148] rcar-du feb00000.display: [drm] fb0: rcar-dudrmfb frame buffer device
[    3.161448] input: keys as /devices/platform/keys/input/input0
[    3.243121] Micrel KSZ9031 Gigabit PHY e6800000.ethernet-ffffffff:00: attached PHY driver [Micrel KSZ9031 Gigabit PHY] (mii_bus:phy_addr=e6800000.ethernet-ffffffff:00, irq=183)
[    9.793161] ravb e6800000.ethernet eth0: Link is Up - 1Gbps/Full - flow control off
[    9.819595] IP-Config: Guessing netmask 255.255.255.0
[    9.824759] IP-Config: Complete:
[    9.828069]      device=eth0, hwaddr=2e:09:0a:06:d4:ee, ipaddr=192.168.10.107, mask=255.255.255.0, gw=255.255.255.255
[    9.838879]      host=192.168.10.107, domain=, nis-domain=(none)
[    9.845012]      bootserver=255.255.255.255, rootserver=192.168.10.98, rootpath=
[    9.845664] ALSA device list:
[    9.856329]   No soundcards found.
[   10.925195] VFS: Mounted root (nfs4 filesystem) on device 0:22.
[   10.932081] devtmpfs: mounted
[   10.938734] Freeing unused kernel memory: 6080K
[   10.963756] Run /sbin/init as init process
[   11.162905] systemd[1]: System time before build time, advancing clock.
[   11.569190] NET: Registered protocol family 10
[   11.577645] Segment Routing with IPv6
[   11.615459] systemd[1]: systemd 244 running in system mode. (+PAM -AUDIT -SELINUX +IMA -APPARMOR -SMACK +SYSVINIT +UTMP -LIBCRYPTSETUP -GCRYPT -GNUTLS +ACL +XZ -LZ4 -SECCOMP +BLKID -ELFUTILS +KMOD -IDN2 -IDN -PCRE2 default-hierarchy=hybrid)
[   11.645841] systemd[1]: Detected architecture arm64.

Welcome to [1mPoky (Yocto Project Reference Distro) 3.1.11 (dunfell)[0m!

[   11.681690] systemd[1]: Set hostname to <salvator-x>.
[   12.031597] random: crng init done
[   12.447446] systemd[1]: system-getty.slice: unit configures an IP firewall, but the local system does not support BPF/cgroup firewalling.
[   12.468306] systemd[1]: (This warning is only shown for the first unit using IP firewalling.)
[   12.482900] systemd[1]: Created slice system-getty.slice.
[[0;32m  OK  [0m] Created slice [0;1;39msystem-getty.slice[0m.
[   12.508664] systemd[1]: Created slice system-serial\x2dgetty.slice.
[[0;32m  OK  [0m] Created slice [0;1;39msystem-serial\x2dgetty.slice[0m.
[   12.532823] systemd[1]: Created slice User and Session Slice.
[[0;32m  OK  [0m] Created slice [0;1;39mUser and Session Slice[0m.
[   12.556014] systemd[1]: Started Dispatch Password Requests to Console Directory Watch.
[[0;32m  OK  [0m] Started [0;1;39mDispatch Password â€¦ts to Console Directory Watch[0m.
[   12.583962] systemd[1]: Started Forward Password Requests to Wall Directory Watch.
[[0;32m  OK  [0m] Started [0;1;39mForward Password Râ€¦uests to Wall Directory Watch[0m.
[   12.611845] systemd[1]: Reached target Paths.
[[0;32m  OK  [0m] Reached target [0;1;39mPaths[0m.
[   12.635733] systemd[1]: Reached target Remote File Systems.
[[0;32m  OK  [0m] Reached target [0;1;39mRemote File Systems[0m.
[   12.659699] systemd[1]: Reached target Slices.
[[0;32m  OK  [0m] Reached target [0;1;39mSlices[0m.
[   12.683714] systemd[1]: Reached target Swap.
[[0;32m  OK  [0m] Reached target [0;1;39mSwap[0m.
[   12.710480] systemd[1]: Listening on RPCbind Server Activation Socket.
[[0;32m  OK  [0m] Listening on [0;1;39mRPCbind Server Activation Socket[0m.
[   12.739761] systemd[1]: Reached target RPC Port Mapper.
[[0;32m  OK  [0m] Reached target [0;1;39mRPC Port Mapper[0m.
[   12.764091] systemd[1]: Listening on initctl Compatibility Named Pipe.
[[0;32m  OK  [0m] Listening on [0;1;39minitctl Compatibility Named Pipe[0m.
[   12.793641] systemd[1]: Listening on Journal Audit Socket.
[[0;32m  OK  [0m] Listening on [0;1;39mJournal Audit Socket[0m.
[   12.821696] systemd[1]: Listening on Journal Socket (/dev/log).
[[0;32m  OK  [0m] Listening on [0;1;39mJournal Socket (/dev/log)[0m.
[   12.848388] systemd[1]: Listening on Journal Socket.
[[0;32m  OK  [0m] Listening on [0;1;39mJournal Socket[0m.
[   12.873487] systemd[1]: Listening on Network Service Netlink Socket.
[[0;32m  OK  [0m] Listening on [0;1;39mNetwork Service Netlink Socket[0m.
[   12.901718] systemd[1]: Listening on udev Control Socket.
[[0;32m  OK  [0m] Listening on [0;1;39mudev Control Socket[0m.
[   12.928221] systemd[1]: Listening on udev Kernel Socket.
[[0;32m  OK  [0m] Listening on [0;1;39mudev Kernel Socket[0m.
[   12.957196] systemd[1]: Mounting Huge Pages File System...
         Mounting [0;1;39mHuge Pages File System[0m...
[   12.984924] systemd[1]: Mounting POSIX Message Queue File System...
         Mounting [0;1;39mPOSIX Message Queue File System[0m...
[   13.016870] systemd[1]: Mounting Kernel Debug File System...
         Mounting [0;1;39mKernel Debug File System[0m...
[   13.047880] systemd[1]: Mounting Temporary Directory (/tmp)...
         Mounting [0;1;39mTemporary Directory (/tmp)[0m...
[   13.077801] systemd[1]: Starting Create list of static device nodes for the current kernel...
         Starting [0;1;39mCreate list of stâ€¦odes for the current kernel[0m...
[   13.112719] systemd[1]: Starting Start psplash boot splash screen...
         Starting [0;1;39mStart psplash boot splash screen[0m...
[   13.146618] systemd[1]: Starting RPC Bind...
         Starting [0;1;39mRPC Bind[0m...
[   13.176439] systemd[1]: Condition check resulted in File System Check on Root Device being skipped.
[   13.192349] systemd[1]: Starting Journal Service...
         Starting [0;1;39mJournal Service[0m...
[   13.220014] systemd[1]: Starting Load Kernel Modules...
         Starting [0;1;39mLoad Kernel Modules[0m...
[   13.244551] systemd[1]: Starting Remount Root and Kernel File Systems...
         Starting [0;1;39mRemount Root and Kernel File Systems[0m...
[   13.273055] systemd[1]: Starting udev Coldplug all Devices...
         Starting [0;1;39mudev Coldplug all Devices[0m...
[   13.296683] systemd[1]: Started Start psplash boot splash screen.
[[0;32m  OK  [0m] Started [0;1;39mStart psplash boot splash screen[0m.
[   13.324415] systemd[1]: Started RPC Bind.
[[0;32m  OK  [0m] Started [0;1;39mRPC Bind[0m.
[   13.344304] systemd[1]: Started Journal Service.
[[0;32m  OK  [0m] Started [0;1;39mJournal Service[0m.
[[0;32m  OK  [0m] Mounted [0;1;39mHuge Pages File System[0m.
[[0;32m  OK  [0m] Mounted [0;1;39mPOSIX Message Queue File System[0m.
[[0;32m  OK  [0m] Mounted [0;1;39mKernel Debug File System[0m.
[[0;32m  OK  [0m] Mounted [0;1;39mTemporary Directory (/tmp)[0m.
[[0;32m  OK  [0m] Started [0;1;39mCreate list of staâ€¦ nodes for the current kernel[0m.
[[0;32m  OK  [0m] Started [0;1;39mLoad Kernel Modules[0m.
[[0;32m  OK  [0m] Started [0;1;39mRemount Root and Kernel File Systems[0m.
         Mounting [0;1;39mKernel Configuration File System[0m...
[[0;32m  OK  [0m] Started [0;1;39mStart psplash-systâ€¦progress communication helper[0m.
         Starting [0;1;39mFlush Journal to Persistent Storage[0m...
         Startin[   13.570603] systemd-journald[346]: Received client request to flush runtime journal.
g [0;1;39mApply Kernel Variables[0m...
         Starting [0;1;39mCreate Static Device Nodes in /dev[0m...
[[0;32m  OK  [0m] Mounted [0;1;39mKernel Configuration File System[0m.
[[0;32m  OK  [0m] Started [0;1;39mFlush Journal to Persistent Storage[0m.
[[0;32m  OK  [0m] Started [0;1;39mApply Kernel Variables[0m.
[[0;32m  OK  [0m] Started [0;1;39mCreate Static Device Nodes in /dev[0m.
[[0;32m  OK  [0m] Started [0;1;39mudev Coldplug all Devices[0m.
[[0;32m  OK  [0m] Reached target [0;1;39mLocal File Systems (Pre)[0m.
         Mounting [0;1;39m/var/volatile[0m...
         Starting [0;1;39mudev Kernel Device Manager[0m...
[[0;32m  OK  [0m] Mounted [0;1;39m/var/volatile[0m.
         Starting [0;1;39mLoad/Save Random Seed[0m...
[[0;32m  OK  [0m] Reached target [0;1;39mLocal File Systems[0m.
         Starting [0;1;39mCreate Volatile Files and Directories[0m...
[[0;32m  OK  [0m] Started [0;1;39mLoad/Save Random Seed[0m.
[[0;32m  OK  [0m] Started [0;1;39mudev Kernel Device Manager[0m.
         Starting [0;1;39mNetwork Service[0m...
[[0;32m  OK  [0m] Started [0;1;39mCreate Volatile Files and Directories[0m.
[[0;32m  OK  [0m] Started [0;1;39mNetwork Service[0m.
         Starting [0;1;39mNetwork Name Resolution[0m...
         Starting [0;1;39mNetwork Time Synchronization[0m...
         Starting [0;1;39mUpdate UTMP about System Boot/Shutdown[0m...
[   14.117269] pwm-backlight: probe of backlight failed with error -16
[[0;32m  OK  [0m] Started [0;1;39mUpdate UTMP about System Boot/Shutdown[0m.
[[0;32m  OK  [0m] Reached target [0;1;39mHardware activated USB gadget[0m.
[[0;32m  OK  [0m] Started [0;1;39mNetwork Time Synchronization[0m.
[[0;32m  OK  [0m] Started [0;1;39mNetwork Name Resolution[0m.
[[0;32m  OK  [0m] Reached target [0;1;39mNetwork[0m.
[[0;32m  OK  [0m] Reached target [0;1;39mHost and Network Name Lookups[0m.
[   14.250769] at24 7-0050: supply vcc not found, using dummy regulator
[[0;32m  OK  [0m] Reached target [0;1;39mSystem Initialization[0m.
[   14.268332] at24 7-0050: 128 byte br24t01 EEPROM, writable, 8 bytes/write
[[0;32m  OK  [0m] Started [0;1;39mDaily Cleanup of Temporary Directories[0m.
[[0;32m  OK  [0m] Reached target [0;1;39mSystem Time Set[0m.
[[0;32m  OK  [0m] Reached target [0;1;39mSystem Time Synchronized[0m.
[[0;32m  OK  [0m] Reached target [0;1;39mTimers[0m.
[   14.342466] ccree e6601000.crypto: ARM CryptoCell 630P Driver: HW version 0xAF400001/0xDCC63000, Driver version 5.0
[[0;32m  OK  [0m] Listening on [0;1;39mAvahi mDNS/DNS-SD Stac[   14.357789] renesas_usb3 ee020000.usb: probed with phy
k Activation Socket[0m.
[[0;32m  OK  [0m] Listening on [0;1;39mD-Bus System Message Bus Socket[0m.
[   14.394930] ccree e6601000.crypto: ARM ccree device initialized
[[0;32m  OK  [0m] Listening on [0;1;39mdropbear.socke[   14.432032] xhci-hcd ee000000.usb: xHCI Host Controller
t[0m.
[   14.439578] xhci-hcd ee000000.usb: new USB bus registered, assigned bus number 9
[[0;32m  OK  [0m] Reached target [0;1;39mSockets[0m.
[   14.465660] xhci-hcd ee000000.usb: hcc params 0x014051ce hci version 0x100 quirks 0x0000000000830410
[   14.475109] xhci-hcd ee000000.usb: irq 172, io mem 0xee000000
[   14.481059] xhci-hcd ee000000.usb: xHCI Host Controller
[   14.486318] xhci-hcd ee000000.usb: new USB bus registered, assigned bus number 10
[   14.493921] xhci-hcd ee000000.usb: Host supports USB 3.0 SuperSpeed
[   14.500711] hub 9-0:1.0: USB hub found
[   14.504548] hub 9-0:1.0: 1 port detected
[[0;32m  OK  [0m] Reac[   14.509979] usb usb10: We don't know the algorithms for LPM for this host, disabling LPM.
hed target [0;1;39mBasi[   14.520065] hub 10-0:1.0: USB hub found
c System[0m.
[   14.525052] hub 10-0:1.0: 1 port detected
         Starting [0;1;39mAvahi mDNS/DNS-SD Stack[0m...
[[0;32m  OK  [0m] Started [0;1;39mD-Bus System Message Bus[0m.
[[0;32m  OK  [0m] Started [0;1;39moptee services[0m.
         Starting [0;1;39mpvrinit.service[0m...
         Starting [0;1;39mPowerVR consumer services[0m...
         Starting [0;1;39mLogin Service[0m...
         Starting [0;1;39mPermit User Sessions[0m...
[[0;32m  OK  [0m] Started [0;1;39mXinetd A Powerful Replacement For Inetd[0m.
[[0;1;31mFAILED[0m] Failed to start [0;1;39mpvrinit.service[0m.
See 'systemctl status pvrinit.service' for details.
[[0;1;31mFAILED[0m] Failed to start [0;1;39mPowerVR consumer services[0m.
See 'systemctl status rc.pvr.service' for details.
[[0;32m  OK  [0m] Started [0;1;39mPermit User Sessions[0m.
[   14.803598] usb 9-1: new high-speed USB device number 2 using xhci-hcd
[[0;32m  OK  [0m] Started [0;1;39mAvahi mDNS/DNS-SD Stack[0m.
[[0;32m  OK  [0m] Started [0;1;39mLogin Service[0m.
[[0;32m  OK  [0m] Created slice [0;1;39msystem-weston.slice[0m.
[[0;32m  OK  [0m] Started [0;1;39mGetty on tty1[0m.
         Starting [0;1;39mPowerVR consumer services[0m...
[   14.975780] hub 9-1:1.0: USB hub found
[[0;32m  OK  [[   14.980428] hub 9-1:1.0: 4 ports detected
0m] Started [0;1;39mSerial Getty on ttySC0[0m.
[[0;32m  OK  [0m] Reached target [0;1;39mLogin Prompts[0m.
         Starting [0;1;39mset_default_governor.service[0m...
[[0;1;31mFAILED[0m] Failed to start [0;1;39mPowerVR consumer services[0m.
See 'systemctl status rc.pvr.service' for details.
[[0;1;38;5;185mDEPEND[0m] Dependency failed for [0;1;39mWeston Wayland Compositor[0m.
[   15.087690] rd 0-7: Disabling EAS, schedutil is mandatory
[   15.099986] usb 10-1: new SuperSpeed Gen 1 USB device number 2 using xhci-hcd
[[0;32m  OK  [0m] Started [0;1;39mset_default_governo[   15.142963] hub 10-1:1.0: USB hub found
r.service[0m.
[   15.149507] hub 10-1:1.0: 4 ports detected
[[0;32m  OK  [0m] Reached target [0;1;39mMulti-User System[0m.
         Starting [0;1;39mUpdate UTMP about System Runlevel Changes[0m...
[[0;32m  OK  [0m] Started [0;1;39mUpdate UTMP about System Runlevel Changes[0m.

Poky (Yocto Project Reference Distro) 3.1.11 salvator-x ttySC0

salvator-x login: 
salvator-x login: root
[   17.203988] audit: type=1006 audit(1703064538.040:2): pid=531 uid=0 old-auid=4294967295 auid=0 tty=(none) old-ses=4294967295 ses=1 res=1
7[r[999;999H[6n8root@salvator-x:~# 
root@salvator-x:~# 
root@salvator-x:~# 
root@salvator-x:~# 
root@salvator-x:~# 
root@salvator-x:~# 
root@salvator-x:~# 
root@salvator-x:~# 
root@salvator-x:~# 
 
#### Result: OK ####
