NOTICE:  BL2: R-Car Gen3 Initial Program Loader(CA57) Rev.4.0.0
NOTICE:  BL2: PRR is R-Car H3 Ver.3.0
NOTICE:  BL2: Board is Salvator-XS Rev.1.1
NOTICE:  BL2: Boot device is HyperFlash(160MHz)
NOTICE:  BL2: LCM state is CM
NOTICE:  AVS setting succeeded. DVFS_SetVID=0x53
NOTICE:  BL2: DDR3200(rev.0.42)
NOTICE:  BL2: [COLD_BOOT]
NOTICE:  BL2: DRAM Split is 4ch(DDR f)
NOTICE:  BL2: QoS is default setting(rev.0.11)
NOTICE:  BL2: DRAM refresh interval 1.95 usec
NOTICE:  BL2: Periodic Write DQ Training
NOTICE:  BL2: CH0: 400000000 - 47fffffff, 2 GiB
NOTICE:  BL2: CH1: 500000000 - 57fffffff, 2 GiB
NOTICE:  BL2: CH2: 600000000 - 67fffffff, 2 GiB
NOTICE:  BL2: CH3: 700000000 - 77fffffff, 2 GiB
NOTICE:  BL2: Lossy Decomp areas
NOTICE:       Entry 0: DCMPAREACRAx:0x80000540 DCMPAREACRBx:0x570
NOTICE:       Entry 1: DCMPAREACRAx:0x40000000 DCMPAREACRBx:0x0
NOTICE:       Entry 2: DCMPAREACRAx:0x20000000 DCMPAREACRBx:0x0
NOTICE:  BL2: FDT at 0xe6327f70
NOTICE:  BL2: v2.9(release):9cdb21f75
NOTICE:  BL2: Built : 05:25:39, Dec 19 2023
NOTICE:  BL2: Normal boot
NOTICE:  BL2: dst=0xe6327800 src=0x8180000 len=512(0x200)
NOTICE:  BL2: dst=0x43f00000 src=0x8180400 len=6144(0x1800)
NOTICE:  rcar_file_len: len: 0x0003e000
NOTICE:  BL2: dst=0x44000000 src=0x81c0000 len=253952(0x3e000)
NOTICE:  rcar_file_len: len: 0x00200000
NOTICE:  BL2: dst=0x44100000 src=0x8200000 len=2097152(0x200000)
NOTICE:  rcar_file_len: len: 0x00100000
NOTICE:  BL2: dst=0x50000000 src=0x8640000 len=1048576(0x100000)
NOTICE:  BL2: Booting BL31


U-Boot 2020.10 (Dec 19 2023 - 14:30:40 +0000)

CPU: Renesas Electronics R8A7795 rev 3.0
Model: Renesas Salvator-X 2nd version board based on r8a77951
DRAM:  7.9 GiB
RAM Configuration:
Bank #0: 0x048000000 - 0x0bfffffff, 1.9 GiB
Bank #1: 0x500000000 - 0x57fffffff, 2 GiB
Bank #2: 0x600000000 - 0x67fffffff, 2 GiB
Bank #3: 0x700000000 - 0x77fffffff, 2 GiB

MMC:   sd@ee100000: 0, sd@ee140000: 1, sd@ee160000: 2
Loading Environment from MMC... OK
In:    serial@e6e88000
Out:   serial@e6e88000
Err:   serial@e6e88000
Net:   eth0: ethernet@e6800000
Hit any key to stop autoboot:  2  1  0 
ethernet@e6800000 Waiting for PHY auto negotiation to complete................... done
Using ethernet@e6800000 device
TFTP from server 192.168.10.98; our IP address is 192.168.10.107
Filename 'BV/PT3/boot_USB3H/Image'.
Load address: 0x48080000
Loading: *#################################################################
	 #################################################################
	 #################################################################
	 #################################################################
	 #################################################################
	 #################################################################
	 #################################################################
	 #################################################################
	 #################################################################
	 #################################################################
	 #################################################################
	 #################################################################
	 #################################################################
	 #################################################################
	 #################################################################
	 #################################################################
	 #################################################################
	 #################################################################
	 #################################################################
	 #################################################################
	 #################################################################
	 #################################################################
	 #################################################################
	 #################################################################
	 #################################################################
	 #################################################################
	 #################################################################
	 #################################################################
	 #################################################################
	 #################################################################
	 #################################################################
	 #################################################################
	 #################################################################
	 #################################################################
	 ##############################################
	 4 MiB/s
done
Bytes transferred = 33112576 (1f94200 hex)
Using ethernet@e6800000 device
TFTP from server 192.168.10.98; our IP address is 192.168.10.107
Filename 'BV/PT3/boot_USB3H/r8a779m1-salvator-xs.dtb'.
Load address: 0x48000000
Loading: *#######
	 5.4 MiB/s
done
Bytes transferred = 91297 (164a1 hex)
Moving Image from 0x48080000 to 0x48200000, end=4a220000
## Flattened Device Tree blob at 48000000
   Booting using the fdt blob at 0x48000000
   Loading Device Tree to 0000000053fe6000, end 0000000053fff4a0 ... OK

Starting kernel ...

[    0.000000] Booting Linux on physical CPU 0x0000000000 [0x411fd073]
[    0.000000] Linux version 5.10.194-yocto-standard (thuan.nguyen-hong@banvien) (aarch64-poky-linux-gcc (GCC) 9.3.0, GNU ld (GNU Binutils) 2.34.0.20200220) #13 SMP PREEMPT Sat Feb 3 10:27:40 UTC 2024
[    0.000000] Machine model: Renesas Salvator-X 2nd version board based on r8a779m1
[    0.000000] efi: UEFI not found.
[    0.000000] Reserved memory: created CMA memory pool at 0x0000000057000000, size 16 MiB
[    0.000000] OF: reserved mem: initialized node linux,adsp@57000000, compatible id shared-dma-pool
[    0.000000] Reserved memory: created CMA memory pool at 0x0000000058000000, size 384 MiB
[    0.000000] OF: reserved mem: initialized node linux,cma@58000000, compatible id shared-dma-pool
[    0.000000] Reserved memory: created CMA memory pool at 0x0000000070000000, size 256 MiB
[    0.000000] OF: reserved mem: initialized node linux,multimedia@70000000, compatible id shared-dma-pool
[    0.000000] NUMA: No NUMA configuration found
[    0.000000] NUMA: Faking a node at [mem 0x0000000048000000-0x000000077fffffff]
[    0.000000] NUMA: NODE_DATA [mem 0x77efd9b00-0x77efdbfff]
[    0.000000] Zone ranges:
[    0.000000]   DMA      [mem 0x0000000048000000-0x000000007fffffff]
[    0.000000]   DMA32    [mem 0x0000000080000000-0x00000000ffffffff]
[    0.000000]   Normal   [mem 0x0000000100000000-0x000000077fffffff]
[    0.000000] Movable zone start for each node
[    0.000000] Early memory node ranges
[    0.000000]   node   0: [mem 0x0000000048000000-0x0000000053ffffff]
[    0.000000]   node   0: [mem 0x0000000054000000-0x0000000056ffffff]
[    0.000000]   node   0: [mem 0x0000000057000000-0x00000000bfffffff]
[    0.000000]   node   0: [mem 0x0000000500000000-0x000000057fffffff]
[    0.000000]   node   0: [mem 0x0000000600000000-0x000000067fffffff]
[    0.000000]   node   0: [mem 0x0000000700000000-0x000000077fffffff]
[    0.000000] Initmem setup node 0 [mem 0x0000000048000000-0x000000077fffffff]
[    0.000000] psci: probing for conduit method from DT.
[    0.000000] psci: PSCIv1.1 detected in firmware.
[    0.000000] psci: Using standard PSCI v0.2 function IDs
[    0.000000] psci: Trusted OS resident on physical CPU 0x0
[    0.000000] psci: SMC Calling Convention v1.2
[    0.000000] percpu: Embedded 23 pages/cpu s56984 r8192 d29032 u94208
[    0.000000] Detected PIPT I-cache on CPU0
[    0.000000] CPU features: detected: EL2 vector hardening
[    0.000000] CPU features: detected: Spectre-v2
[    0.000000] CPU features: detected: ARM errata 1165522, 1319367, or 1530923
[    0.000000] CPU features: detected: Spectre-BHB
[    0.000000] CPU features: detected: ARM erratum 1742098
[    0.000000] Built 1 zonelists, mobility grouping on.  Total pages: 2032128
[    0.000000] Policy zone: Normal
[    0.000000] Kernel command line: rw root=/dev/nfs nfsroot=192.168.10.98:/data/tftpboot/BV/PT3/rootfs_H3e,nfsvers=4 ip=192.168.10.107
[    0.000000] Dentry cache hash table entries: 1048576 (order: 11, 8388608 bytes, linear)
[    0.000000] Inode-cache hash table entries: 524288 (order: 10, 4194304 bytes, linear)
[    0.000000] mem auto-init: stack:off, heap alloc:off, heap free:off
[    0.000000] software IO TLB: mapped [mem 0x000000004ffe6000-0x0000000053fe6000] (64MB)
[    0.000000] Memory: 7277092K/8257536K available (15104K kernel code, 2832K rwdata, 8204K rodata, 6080K init, 519K bss, 308700K reserved, 671744K cma-reserved)
[    0.000000] SLUB: HWalign=64, Order=0-3, MinObjects=0, CPUs=8, Nodes=1
[    0.000000] rcu: Preemptible hierarchical RCU implementation.
[    0.000000] rcu: 	RCU event tracing is enabled.
[    0.000000] rcu: 	RCU restricting CPUs from NR_CPUS=256 to nr_cpu_ids=8.
[    0.000000] 	Trampoline variant of Tasks RCU enabled.
[    0.000000] rcu: RCU calculated value of scheduler-enlistment delay is 25 jiffies.
[    0.000000] rcu: Adjusting geometry for rcu_fanout_leaf=16, nr_cpu_ids=8
[    0.000000] NR_IRQS: 64, nr_irqs: 64, preallocated irqs: 0
[    0.000000] arch_timer: cp15 timer(s) running at 8.32MHz (virt).
[    0.000000] clocksource: arch_sys_counter: mask: 0xffffffffffffff max_cycles: 0x1eb398c07, max_idle_ns: 440795202503 ns
[    0.000003] sched_clock: 56 bits at 8MHz, resolution 120ns, wraps every 2199023255503ns
[    0.000212] Console: colour dummy device 80x25
[    0.000420] printk: console [tty0] enabled
[    0.000499] Calibrating delay loop (skipped), value calculated using timer frequency.. 16.64 BogoMIPS (lpj=33280)
[    0.000515] pid_max: default: 32768 minimum: 301
[    0.000574] LSM: Security Framework initializing
[    0.000665] Mount-cache hash table entries: 16384 (order: 5, 131072 bytes, linear)
[    0.000716] Mountpoint-cache hash table entries: 16384 (order: 5, 131072 bytes, linear)
[    0.002221] rcu: Hierarchical SRCU implementation.
[    0.003894] Detected Renesas R-Car Gen3 r8a7795 ES3.0
[    0.006037] EFI services will not be available.
[    0.006386] smp: Bringing up secondary CPUs ...
[    0.006858] Detected PIPT I-cache on CPU1
[    0.006916] CPU1: Booted secondary processor 0x0000000001 [0x411fd073]
[    0.007417] Detected PIPT I-cache on CPU2
[    0.007443] CPU2: Booted secondary processor 0x0000000002 [0x411fd073]
[    0.007875] Detected PIPT I-cache on CPU3
[    0.007898] CPU3: Booted secondary processor 0x0000000003 [0x411fd073]
[    0.008353] CPU features: detected: ARM erratum 845719
[    0.008367] Detected VIPT I-cache on CPU4
[    0.008416] CPU4: Booted secondary processor 0x0000000100 [0x410fd034]
[    0.008903] Detected VIPT I-cache on CPU5
[    0.008930] CPU5: Booted secondary processor 0x0000000101 [0x410fd034]
[    0.009374] Detected VIPT I-cache on CPU6
[    0.009401] CPU6: Booted secondary processor 0x0000000102 [0x410fd034]
[    0.009839] Detected VIPT I-cache on CPU7
[    0.009867] CPU7: Booted secondary processor 0x0000000103 [0x410fd034]
[    0.009950] smp: Brought up 1 node, 8 CPUs
[    0.010013] SMP: Total of 8 processors activated.
[    0.010022] CPU features: detected: 32-bit EL0 Support
[    0.010029] CPU features: detected: CRC32 instructions
[    0.010036] CPU features: detected: 32-bit EL1 Support
[    0.023631] CPU: All CPU(s) started at EL1
[    0.023686] alternatives: patching kernel code
[    0.024892] devtmpfs: initialized
[    0.031722] KASLR disabled due to lack of seed
[    0.031879] clocksource: jiffies: mask: 0xffffffff max_cycles: 0xffffffff, max_idle_ns: 7645041785100000 ns
[    0.031900] futex hash table entries: 2048 (order: 5, 131072 bytes, linear)
[    0.040974] pinctrl core: initialized pinctrl subsystem
[    0.042554] DMI not present or invalid.
[    0.043069] NET: Registered protocol family 16
[    0.044056] DMA: preallocated 1024 KiB GFP_KERNEL pool for atomic allocations
[    0.044240] DMA: preallocated 1024 KiB GFP_KERNEL|GFP_DMA pool for atomic allocations
[    0.044529] DMA: preallocated 1024 KiB GFP_KERNEL|GFP_DMA32 pool for atomic allocations
[    0.044570] audit: initializing netlink subsys (disabled)
[    0.044758] audit: type=2000 audit(0.044:1): state=initialized audit_enabled=0 res=1
[    0.045916] thermal_sys: Registered thermal governor 'power_allocator'
[    0.046447] cpuidle: using governor menu
[    0.046626] hw-breakpoint: found 6 breakpoint and 4 watchpoint registers.
[    0.046750] ASID allocator initialised with 65536 entries
[    0.048084] Serial: AMBA PL011 UART driver
[    0.090889] sh-pfc e6060000.pinctrl: r8a77951_pfc support registered
[    0.105663] HugeTLB registered 1.00 GiB page size, pre-allocated 0 pages
[    0.105677] HugeTLB registered 32.0 MiB page size, pre-allocated 0 pages
[    0.105684] HugeTLB registered 2.00 MiB page size, pre-allocated 0 pages
[    0.105692] HugeTLB registered 64.0 KiB page size, pre-allocated 0 pages
[    0.106648] cryptd: max_cpu_qlen set to 1000
[    0.108940] ACPI: Interpreter disabled.
[    0.112829] rcar-avs: use avs value: 0
[    0.112844] rcar-avs: cpu@0 is running with: opp_table0
[    0.112855] rcar-avs: cpu@1 is running with: opp_table0
[    0.112866] rcar-avs: cpu@2 is running with: opp_table0
[    0.112875] rcar-avs: cpu@3 is running with: opp_table0
[    0.112959] rcar-avs: gsx@fd000000 is running with: gsx_opp_table0
[    0.114382] iommu: Default domain type: Translated 
[    0.114977] ipmmu-vmsa e67b0000.iommu: IPMMU context 0 is reserved
[    0.116009] vgaarb: loaded
[    0.116214] SCSI subsystem initialized
[    0.116481] usbcore: registered new interface driver usbfs
[    0.116512] usbcore: registered new interface driver hub
[    0.116537] usbcore: registered new device driver usb
[    0.120084] i2c-sh_mobile e60b0000.i2c: I2C adapter 7, bus speed 400000 Hz
[    0.120639] mc: Linux media interface: v0.10
[    0.120661] videodev: Linux video capture interface: v2.00
[    0.120710] pps_core: LinuxPPS API ver. 1 registered
[    0.120717] pps_core: Software ver. 5.3.6 - Copyright 2005-2007 Rodolfo Giometti <giometti@linux.it>
[    0.120731] PTP clock support registered
[    0.120904] EDAC MC: Ver: 3.0.0
[    0.122964] FPGA manager framework
[    0.123020] Advanced Linux Sound Architecture Driver Initialized.
[    0.123610] clocksource: Switched to clocksource arch_sys_counter
[    0.123751] VFS: Disk quotas dquot_6.6.0
[    0.123795] VFS: Dquot-cache hash table entries: 512 (order 0, 4096 bytes)
[    0.123928] pnp: PnP ACPI: disabled
[    0.127356] NET: Registered protocol family 2
[    0.127809] IP idents hash table entries: 131072 (order: 8, 1048576 bytes, linear)
[    0.130078] tcp_listen_portaddr_hash hash table entries: 4096 (order: 4, 65536 bytes, linear)
[    0.130154] TCP established hash table entries: 65536 (order: 7, 524288 bytes, linear)
[    0.130441] TCP bind hash table entries: 65536 (order: 8, 1048576 bytes, linear)
[    0.131053] TCP: Hash tables configured (established 65536 bind 65536)
[    0.131182] UDP hash table entries: 4096 (order: 5, 131072 bytes, linear)
[    0.131295] UDP-Lite hash table entries: 4096 (order: 5, 131072 bytes, linear)
[    0.131515] NET: Registered protocol family 1
[    0.131900] RPC: Registered named UNIX socket transport module.
[    0.131910] RPC: Registered udp transport module.
[    0.131916] RPC: Registered tcp transport module.
[    0.131921] RPC: Registered tcp NFSv4.1 backchannel transport module.
[    0.131934] PCI: CLS 0 bytes, default 64
[    0.132879] hw perfevents: enabled with armv8_cortex_a53 PMU driver, 7 counters available
[    0.133148] hw perfevents: enabled with armv8_cortex_a57 PMU driver, 7 counters available
[    0.133798] kvm [1]: HYP mode not available
[    0.136719] Initialise system trusted keyrings
[    0.136866] workingset: timestamp_bits=42 max_order=21 bucket_order=0
[    0.139994] squashfs: version 4.0 (2009/01/31) Phillip Lougher
[    0.140406] NFS: Registering the id_resolver key type
[    0.140442] Key type id_resolver registered
[    0.140449] Key type id_legacy registered
[    0.140503] nfs4filelayout_init: NFSv4 File Layout Driver Registering...
[    0.140512] nfs4flexfilelayout_init: NFSv4 Flexfile Layout Driver Registering...
[    0.140619] 9p: Installing v9fs 9p2000 file system support
[    0.167184] Key type asymmetric registered
[    0.167196] Asymmetric key parser 'x509' registered
[    0.167229] Block layer SCSI generic (bsg) driver version 0.4 loaded (major 243)
[    0.167240] io scheduler mq-deadline registered
[    0.167249] io scheduler kyber registered
[    0.183555] gpio_rcar e6050000.gpio: driving 16 GPIOs
[    0.183862] gpio_rcar e6051000.gpio: driving 29 GPIOs
[    0.184113] gpio_rcar e6052000.gpio: driving 15 GPIOs
[    0.184390] gpio_rcar e6053000.gpio: driving 16 GPIOs
[    0.184640] gpio_rcar e6054000.gpio: driving 18 GPIOs
[    0.184912] gpio_rcar e6055000.gpio: driving 26 GPIOs
[    0.185176] gpio_rcar e6055400.gpio: driving 32 GPIOs
[    0.185551] gpio_rcar e6055800.gpio: driving 4 GPIOs
[    0.190219] rcar-pcie fe000000.pcie: host bridge /soc/pcie@fe000000 ranges:
[    0.190265] rcar-pcie fe000000.pcie:       IO 0x00fe100000..0x00fe1fffff -> 0x0000000000
[    0.190305] rcar-pcie fe000000.pcie:      MEM 0x00fe200000..0x00fe3fffff -> 0x00fe200000
[    0.190333] rcar-pcie fe000000.pcie:      MEM 0x0030000000..0x0037ffffff -> 0x0030000000
[    0.190356] rcar-pcie fe000000.pcie:      MEM 0x0038000000..0x003fffffff -> 0x0038000000
[    0.190382] rcar-pcie fe000000.pcie:   IB MEM 0x0040000000..0x007fffffff -> 0x0040000000
[    0.190440] rcar-pcie fe000000.pcie: no pcie3v3 regulator found
[    0.190457] rcar-pcie fe000000.pcie: no pcie1v8 regulator found
[    0.255332] rcar-pcie fe000000.pcie: PCIe link down
[    0.255527] rcar-pcie ee800000.pcie: host bridge /soc/pcie@ee800000 ranges:
[    0.255551] rcar-pcie ee800000.pcie:       IO 0x00ee900000..0x00ee9fffff -> 0x0000000000
[    0.255572] rcar-pcie ee800000.pcie:      MEM 0x00eea00000..0x00eebfffff -> 0x00eea00000
[    0.255590] rcar-pcie ee800000.pcie:      MEM 0x00c0000000..0x00c7ffffff -> 0x00c0000000
[    0.255619] rcar-pcie ee800000.pcie:      MEM 0x00c8000000..0x00cfffffff -> 0x00c8000000
[    0.255638] rcar-pcie ee800000.pcie:   IB MEM 0x0040000000..0x007fffffff -> 0x0040000000
[    0.255681] rcar-pcie ee800000.pcie: no pcie3v3 regulator found
[    0.255692] rcar-pcie ee800000.pcie: no pcie1v8 regulator found
[    0.323308] rcar-pcie ee800000.pcie: PCIe link down
[    0.325804] EINJ: ACPI disabled.
[    0.359339] Serial: 8250/16550 driver, 4 ports, IRQ sharing enabled
[    0.361801] SuperH (H)SCI(F) driver initialized
[    0.362218] e6550000.serial: ttySC1 at MMIO 0xe6550000 (irq = 42, base_baud = 0) is a hscif
[    0.362949] e6e88000.serial: ttySC0 at MMIO 0xe6e88000 (irq = 128, base_baud = 0) is a scif
[    1.567620] printk: console [ttySC0] enabled
[    1.572960] msm_serial: driver initialized
[    1.583343] rcar-dw-hdmi fead0000.hdmi: Detected HDMI TX controller v2.01a with HDCP (DWC HDMI 2.0 TX PHY)
[    1.593284] rcar-dw-hdmi fead0000.hdmi: registered DesignWare HDMI I2C bus driver
[    1.601589] rcar-dw-hdmi feae0000.hdmi: Detected HDMI TX controller v2.01a with HDCP (DWC HDMI 2.0 TX PHY)
[    1.611484] rcar-dw-hdmi feae0000.hdmi: registered DesignWare HDMI I2C bus driver
[    1.627175] loop: module loaded
[    1.631734] megasas: 07.714.04.00-rc1
[    1.637481] scsi host0: sata_rcar
[    1.640972] ata1: SATA max UDMA/133 irq 181
[    1.650369] tun: Universal TUN/TAP device driver, 1.6
[    1.656365] thunder_xcv, ver 1.0
[    1.659619] thunder_bgx, ver 1.0
[    1.662862] nicpf, ver 1.0
[    1.666968] hclge is initializing
[    1.670303] hns3: Hisilicon Ethernet Network Driver for Hip08 Family - version
[    1.677531] hns3: Copyright (c) 2017 Huawei Corporation.
[    1.682872] e1000: Intel(R) PRO/1000 Network Driver
[    1.687755] e1000: Copyright (c) 1999-2006 Intel Corporation.
[    1.693527] e1000e: Intel(R) PRO/1000 Network Driver
[    1.698493] e1000e: Copyright(c) 1999 - 2015 Intel Corporation.
[    1.704433] igb: Intel(R) Gigabit Ethernet Network Driver
[    1.709833] igb: Copyright (c) 2007-2014 Intel Corporation.
[    1.715421] igbvf: Intel(R) Gigabit Virtual Function Network Driver
[    1.721689] igbvf: Copyright (c) 2009 - 2012 Intel Corporation.
[    1.728024] sky2: driver version 1.30
[    1.735704] ravb e6800000.ethernet eth0: Base address at 0xe6800000, 2e:09:0a:06:d4:ee, IRQ 125.
[    1.745981] VFIO - User Level meta-driver version: 0.3
[    1.753121] ehci_hcd: USB 2.0 'Enhanced' Host Controller (EHCI) Driver
[    1.759661] ehci-pci: EHCI PCI platform driver
[    1.764123] ehci-platform: EHCI generic platform driver
[    1.769741] ehci-platform ee0a0100.usb: EHCI Host Controller
[    1.775434] ehci-platform ee0a0100.usb: new USB bus registered, assigned bus number 1
[    1.783358] ehci-platform ee0a0100.usb: irq 175, io mem 0xee0a0100
[    1.803620] ehci-platform ee0a0100.usb: USB 2.0 started, EHCI 1.10
[    1.810147] hub 1-0:1.0: USB hub found
[    1.813917] hub 1-0:1.0: 1 port detected
[    1.818325] ehci-platform ee0c0100.usb: EHCI Host Controller
[    1.823999] ehci-platform ee0c0100.usb: new USB bus registered, assigned bus number 2
[    1.831888] ehci-platform ee0c0100.usb: irq 176, io mem 0xee0c0100
[    1.851615] ehci-platform ee0c0100.usb: USB 2.0 started, EHCI 1.10
[    1.858113] hub 2-0:1.0: USB hub found
[    1.861883] hub 2-0:1.0: 1 port detected
[    1.891655] ehci-platform ee0e0100.usb: EHCI Host Controller
[    1.897331] ehci-platform ee0e0100.usb: new USB bus registered, assigned bus number 3
[    1.905220] ehci-platform ee0e0100.usb: irq 177, io mem 0xee0e0100
[    1.923615] ehci-platform ee0e0100.usb: USB 2.0 started, EHCI 1.10
[    1.930057] hub 3-0:1.0: USB hub found
[    1.933826] hub 3-0:1.0: 1 port detected
[    1.938212] ehci-orion: EHCI orion driver
[    1.942472] ehci-exynos: EHCI Exynos driver
[    1.946776] ohci_hcd: USB 1.1 'Open' Host Controller (OHCI) Driver
[    1.952973] ohci-pci: OHCI PCI platform driver
[    1.957455] ohci-platform: OHCI generic platform driver
[    1.962989] ohci-platform ee0a0000.usb: Generic Platform OHCI controller
[    1.969705] ohci-platform ee0a0000.usb: new USB bus registered, assigned bus number 4
[    1.977580] ohci-platform ee0a0000.usb: irq 175, io mem 0xee0a0000
[    2.059624] ata1: link resume succeeded after 1 retries
[    2.073889] hub 4-0:1.0: USB hub found
[    2.077659] hub 4-0:1.0: 1 port detected
[    2.081983] ohci-platform ee0c0000.usb: Generic Platform OHCI controller
[    2.088696] ohci-platform ee0c0000.usb: new USB bus registered, assigned bus number 5
[    2.096570] ohci-platform ee0c0000.usb: irq 176, io mem 0xee0c0000
[    2.171142] ata1: SATA link down (SStatus 0 SControl 300)
[    2.189882] hub 5-0:1.0: USB hub found
[    2.193651] hub 5-0:1.0: 1 port detected
[    2.197977] ohci-platform ee0e0000.usb: Generic Platform OHCI controller
[    2.204689] ohci-platform ee0e0000.usb: new USB bus registered, assigned bus number 6
[    2.212559] ohci-platform ee0e0000.usb: irq 177, io mem 0xee0e0000
[    2.305878] hub 6-0:1.0: USB hub found
[    2.309644] hub 6-0:1.0: 1 port detected
[    2.313980] ohci-exynos: OHCI Exynos driver
[    2.318417] usbcore: registered new interface driver usb-storage
[    2.326111] renesas_usbhs e6590000.usb: host probed
[    2.331001] renesas_usbhs e6590000.usb: no transceiver found
[    2.336730] renesas_usbhs e6590000.usb: gadget probed
[    2.341946] renesas_usbhs e6590000.usb: probed
[    2.346849] renesas_usbhs e659c000.usb: host probed
[    2.351745] renesas_usbhs e659c000.usb: no transceiver found
[    2.357463] renesas_usbhs e659c000.usb: gadget probed
[    2.362666] renesas_usbhs e659c000.usb: probed
[    2.369606] i2c /dev entries driver
[    2.384200] cs2000-cp 2-004f: revision - C1
[    2.388448] i2c-rcar e6510000.i2c: probed
[    2.393296] pca953x 4-0020: supply vcc not found, using dummy regulator
[    2.400017] pca953x 4-0020: using no AI
[    2.404662] gpio-355 (PCIE/SATA switch): hogged as output/low
[    2.416940] i2c-rcar e66d8000.i2c: probed
[    2.422271] adv748x 4-0070: Endpoint /soc/i2c@e66d8000/video-receiver@70/port@7/endpoint on port 7
[    2.431253] adv748x 4-0070: Endpoint /soc/i2c@e66d8000/video-receiver@70/port@8/endpoint on port 8
[    2.440225] adv748x 4-0070: Endpoint /soc/i2c@e66d8000/video-receiver@70/port@a/endpoint on port 10
[    2.449288] adv748x 4-0070: Endpoint /soc/i2c@e66d8000/video-receiver@70/port@b/endpoint on port 11
[    2.458674] adv748x 4-0070: chip found @ 0xe0 revision 2143
[    2.512337] rcar-csi2 fea80000.csi2: 1 lanes found
[    2.517469] rcar-csi2 feaa0000.csi2: 4 lanes found
[    2.527094] rcar-vin e6ef0000.video: Device registered as video0
[    2.533170] rcar-vin e6ef1000.video: Device registered as video1
[    2.539251] rcar-vin e6ef2000.video: Device registered as video2
[    2.545317] rcar-vin e6ef3000.video: Device registered as video3
[    2.551389] rcar-vin e6ef4000.video: Device registered as video4
[    2.557462] rcar-vin e6ef5000.video: Device registered as video5
[    2.563551] rcar-vin e6ef6000.video: Device registered as video6
[    2.569624] rcar-vin e6ef7000.video: Device registered as video7
[    2.578398] rcar_gen3_thermal e6198000.thermal: is using FUSE values
[    2.589513] rcar_gen3_thermal e6198000.thermal: TSC0: Loaded 1 trip points
[    2.600767] rcar_gen3_thermal e6198000.thermal: TSC1: Loaded 1 trip points
[    2.611928] rcar_gen3_thermal e6198000.thermal: TSC2: Loaded 3 trip points
[    2.624095] sdhci: Secure Digital Host Controller Interface driver
[    2.630285] sdhci: Copyright(c) Pierre Ossman
[    2.635473] Synopsys Designware Multimedia Card Interface Driver
[    2.635682] renesas_sdhi_internal_dmac ee100000.mmc: Got CD GPIO
[    2.635748] renesas_sdhi_internal_dmac ee140000.mmc: Adding to iommu group 0
[    2.635773] renesas_sdhi_internal_dmac ee140000.mmc: Using IPMMU context 1
[    2.636022] renesas_sdhi_internal_dmac ee160000.mmc: Got CD GPIO
[    2.636056] renesas_sdhi_internal_dmac ee160000.mmc: Got WP GPIO
[    2.642888] sdhci-pltfm: SDHCI platform and OF driver helper
[    2.647521] renesas_sdhi_internal_dmac ee100000.mmc: Got WP GPIO
[    2.684728] renesas_sdhi_internal_dmac ee140000.mmc: mmc0 base at 0x00000000ee140000, max clock rate 200 MHz
[    2.695298] ledtrig-cpu: registered to indicate activity on CPUs
[    2.702356] SMCCC: SOC_ID: ARCH_SOC_ID not implemented, skipping ....
[    2.709426] usbcore: registered new interface driver usbhid
[    2.715029] usbhid: USB HID core driver
[    2.722760] optee: probing for conduit method.
[    2.727227] optee: revision 3.22 (314ecf9d)
[    2.727664] optee driver R-Car Rev.1.0.11
[    2.736183] optee: dynamic shared memory is enabled
[    2.741330] optee: initialized driver
[    2.758490] rcar_sound ec500000.sound: probed
[    2.763558] NET: Registered protocol family 17
[    2.768138] 9pnet: Installing 9P2000 support
[    2.772473] Key type dns_resolver registered
[    2.777015] registered taskstats version 1
[    2.781127] Loading compiled-in X.509 certificates
[    2.783033] mmc0: new HS400 MMC card at address 0001
[    2.791904] mmcblk0: mmc0:0001 BGSD4R 29.1 GiB 
[    2.795998] thermal emergency: set temperature to 110 celsius
[    2.796881] mmcblk0boot0: mmc0:0001 BGSD4R partition 1 31.9 MiB
[    2.802406] thermal emergency: shutdown target cpus 1-7
[    2.808500] mmcblk0boot1: mmc0:0001 BGSD4R partition 2 31.9 MiB
[    2.813341] thermal emergency: freq scaled target cpus 0
[    2.813708] renesas_irqc e61c0000.interrupt-controller: driving 6 irqs
[    2.819387] mmcblk0rpmb: mmc0:0001 BGSD4R partition 3 4.00 MiB, chardev (509:0)
[    2.839981]  mmcblk0: p1
[    2.863737] ehci-platform ee080100.usb: EHCI Host Controller
[    2.869430] ehci-platform ee080100.usb: new USB bus registered, assigned bus number 7
[    2.877339] ehci-platform ee080100.usb: irq 174, io mem 0xee080100
[    2.895712] ehci-platform ee080100.usb: USB 2.0 started, EHCI 1.10
[    2.902249] hub 7-0:1.0: USB hub found
[    2.906020] hub 7-0:1.0: 1 port detected
[    2.911542] ohci-platform ee080000.usb: Generic Platform OHCI controller
[    2.918270] ohci-platform ee080000.usb: new USB bus registered, assigned bus number 8
[    2.926162] ohci-platform ee080000.usb: irq 174, io mem 0xee080000
[    3.022021] hub 8-0:1.0: USB hub found
[    3.025796] hub 8-0:1.0: 1 port detected
[    3.031118] cpu cpu0: EM: created perf domain
[    3.036190] cpu cpu4: EM: created perf domain
[    3.045790] renesas_sdhi_internal_dmac ee100000.mmc: Got CD GPIO
[    3.045855] renesas_sdhi_internal_dmac ee160000.mmc: Got CD GPIO
[    3.048310] [drm] Initialized rcar-du 1.0.0 20130110 for feb00000.display on minor 0
[    3.048313] [drm] Device feb00000.display probed
[    3.051841] renesas_sdhi_internal_dmac ee100000.mmc: Got WP GPIO
[    3.057911] renesas_sdhi_internal_dmac ee160000.mmc: Got WP GPIO
[    3.112361] renesas_sdhi_internal_dmac ee100000.mmc: mmc1 base at 0x00000000ee100000, max clock rate 200 MHz
[    3.117994] Console: switching to colour frame buffer device 128x48
[    3.131578] renesas_sdhi_internal_dmac ee160000.mmc: mmc2 base at 0x00000000ee160000, max clock rate 200 MHz
[    3.161847] rcar-du feb00000.display: [drm] fb0: rcar-dudrmfb frame buffer device
[    3.174057] input: keys as /devices/platform/keys/input/input0
[    3.255074] Micrel KSZ9031 Gigabit PHY e6800000.ethernet-ffffffff:00: attached PHY driver [Micrel KSZ9031 Gigabit PHY] (mii_bus:phy_addr=e6800000.ethernet-ffffffff:00, irq=183)
[    9.896593] ravb e6800000.ethernet eth0: Link is Up - 1Gbps/Full - flow control off
[    9.927652] IP-Config: Guessing netmask 255.255.255.0
[    9.932816] IP-Config: Complete:
[    9.936128]      device=eth0, hwaddr=2e:09:0a:06:d4:ee, ipaddr=192.168.10.107, mask=255.255.255.0, gw=255.255.255.255
[    9.946935]      host=192.168.10.107, domain=, nis-domain=(none)
[    9.953062]      bootserver=255.255.255.255, rootserver=192.168.10.98, rootpath=
[    9.953700] ALSA device list:
[    9.964346]   No soundcards found.
[   10.988444] VFS: Mounted root (nfs4 filesystem) on device 0:22.
[   10.995037] devtmpfs: mounted
[   11.002206] Freeing unused kernel memory: 6080K
[   11.019853] Run /sbin/init as init process
[   11.204113] systemd[1]: System time before build time, advancing clock.
[   11.607638] random: crng init done
[   11.636398] NET: Registered protocol family 10
[   11.644754] Segment Routing with IPv6
[   11.678976] systemd[1]: systemd 244 running in system mode. (+PAM -AUDIT -SELINUX +IMA -APPARMOR -SMACK +SYSVINIT +UTMP -LIBCRYPTSETUP -GCRYPT -GNUTLS +ACL +XZ -LZ4 -SECCOMP +BLKID -ELFUTILS +KMOD -IDN2 -IDN -PCRE2 default-hierarchy=hybrid)
[   11.706533] systemd[1]: Detected architecture arm64.

Welcome to [1mPoky (Yocto Project Reference Distro) 3.1.11 (dunfell)[0m!

[   11.742297] systemd[1]: Set hostname to <salvator-x>.
[   12.503008] systemd[1]: system-getty.slice: unit configures an IP firewall, but the local system does not support BPF/cgroup firewalling.
[   12.524147] systemd[1]: (This warning is only shown for the first unit using IP firewalling.)
[   12.539173] systemd[1]: Created slice system-getty.slice.
[[0;32m  OK  [0m] Created slice [0;1;39msystem-getty.slice[0m.
[   12.564862] systemd[1]: Created slice system-serial\x2dgetty.slice.
[[0;32m  OK  [0m] Created slice [0;1;39msystem-serial\x2dgetty.slice[0m.
[   12.592876] systemd[1]: Created slice User and Session Slice.
[[0;32m  OK  [0m] Created slice [0;1;39mUser and Session Slice[0m.
[   12.616140] systemd[1]: Started Dispatch Password Requests to Console Directory Watch.
[[0;32m  OK  [0m] Started [0;1;39mDispatch Password â€¦ts to Console Directory Watch[0m.
[   12.644061] systemd[1]: Started Forward Password Requests to Wall Directory Watch.
[[0;32m  OK  [0m] Started [0;1;39mForward Password Râ€¦uests to Wall Directory Watch[0m.
[   12.671943] systemd[1]: Reached target Paths.
[[0;32m  OK  [0m] Reached target [0;1;39mPaths[0m.
[   12.695811] systemd[1]: Reached target Remote File Systems.
[[0;32m  OK  [0m] Reached target [0;1;39mRemote File Systems[0m.
[   12.719770] systemd[1]: Reached target Slices.
[[0;32m  OK  [0m] Reached target [0;1;39mSlices[0m.
[   12.743786] systemd[1]: Reached target Swap.
[[0;32m  OK  [0m] Reached target [0;1;39mSwap[0m.
[   12.770579] systemd[1]: Listening on RPCbind Server Activation Socket.
[[0;32m  OK  [0m] Listening on [0;1;39mRPCbind Server Activation Socket[0m.
[   12.799852] systemd[1]: Reached target RPC Port Mapper.
[[0;32m  OK  [0m] Reached target [0;1;39mRPC Port Mapper[0m.
[   12.824145] systemd[1]: Listening on initctl Compatibility Named Pipe.
[[0;32m  OK  [0m] Listening on [0;1;39minitctl Compatibility Named Pipe[0m.
[   12.854005] systemd[1]: Listening on Journal Audit Socket.
[[0;32m  OK  [0m] Listening on [0;1;39mJournal Audit Socket[0m.
[   12.881233] systemd[1]: Listening on Journal Socket (/dev/log).
[[0;32m  OK  [0m] Listening on [0;1;39mJournal Socket (/dev/log)[0m.
[   12.908558] systemd[1]: Listening on Journal Socket.
[[0;32m  OK  [0m] Listening on [0;1;39mJournal Socket[0m.
[   12.933464] systemd[1]: Listening on Network Service Netlink Socket.
[[0;32m  OK  [0m] Listening on [0;1;39mNetwork Service Netlink Socket[0m.
[   12.962263] systemd[1]: Listening on udev Control Socket.
[[0;32m  OK  [0m] Listening on [0;1;39mudev Control Socket[0m.
[   12.988354] systemd[1]: Listening on udev Kernel Socket.
[[0;32m  OK  [0m] Listening on [0;1;39mudev Kernel Socket[0m.
[   13.017366] systemd[1]: Mounting Huge Pages File System...
         Mounting [0;1;39mHuge Pages File System[0m...
[   13.045061] systemd[1]: Mounting POSIX Message Queue File System...
         Mounting [0;1;39mPOSIX Message Queue File System[0m...
[   13.077018] systemd[1]: Mounting Kernel Debug File System...
         Mounting [0;1;39mKernel Debug File System[0m...
[   13.107955] systemd[1]: Mounting Temporary Directory (/tmp)...
         Mounting [0;1;39mTemporary Directory (/tmp)[0m...
[   13.138193] systemd[1]: Starting Create list of static device nodes for the current kernel...
         Starting [0;1;39mCreate list of stâ€¦odes for the current kernel[0m...
[   13.172873] systemd[1]: Starting Start psplash boot splash screen...
         Starting [0;1;39mStart psplash boot splash screen[0m...
[   13.206755] systemd[1]: Starting RPC Bind...
         Starting [0;1;39mRPC Bind[0m...
[   13.236858] systemd[1]: Condition check resulted in File System Check on Root Device being skipped.
[   13.252886] systemd[1]: Starting Journal Service...
         Starting [0;1;39mJournal Service[0m...
[   13.279455] systemd[1]: Starting Load Kernel Modules...
         Starting [0;1;39mLoad Kernel Modules[0m...
[   13.302245] systemd[1]: Starting Remount Root and Kernel File Systems...
         Starting [0;1;39mRemount Root and Kernel File Systems[0m...
[   13.330573] systemd[1]: Starting udev Coldplug all Devices...
         Starting [0;1;39mudev Coldplug all Devices[0m...
[   13.354968] systemd[1]: Started Start psplash boot splash screen.
[[0;32m  OK  [0m] Started [0;1;39mStart psplash boot splash screen[0m.
[   13.380176] systemd[1]: Started RPC Bind.
[[0;32m  OK  [0m] Started [0;1;39mRPC Bind[0m.
[   13.400260] systemd[1]: Started Journal Service.
[[0;32m  OK  [0m] Started [0;1;39mJournal Service[0m.
[[0;32m  OK  [0m] Mounted [0;1;39mHuge Pages File System[0m.
[[0;32m  OK  [0m] Mounted [0;1;39mPOSIX Message Queue File System[0m.
[[0;32m  OK  [0m] Mounted [0;1;39mKernel Debug File System[0m.
[[0;32m  OK  [0m] Mounted [0;1;39mTemporary Directory (/tmp)[0m.
[[0;32m  OK  [0m] Started [0;1;39mCreate list of staâ€¦ nodes for the current kernel[0m.
[[0;32m  OK  [0m] Started [0;1;39mLoad Kernel Modules[0m.
[[0;32m  OK  [0m] Started [0;1;39mRemount Root and Kernel File Systems[0m.
         Mounting [0;1;39mKernel Configuration File System[0m...
[[0;32m  OK  [0m] Started [0;1;39mStart psplash-systâ€¦progress communication helper[0m.
         Starting [0;1;39mFlush Journal to Persistent Storage[0m...
[   13.627919] systemd-journald[353]: Received client request to flush runtime journal.
         Starting [0;1;39mApply Kernel Variables[0m...
         Starting [0;1;39mCreate Static Device Nodes in /dev[0m...
[[0;32m  OK  [0m] Mounted [0;1;39mKernel Configuration File System[0m.
[[0;32m  OK  [0m] Started [0;1;39mFlush Journal to Persistent Storage[0m.
[[0;32m  OK  [0m] Started [0;1;39mApply Kernel Variables[0m.
[[0;32m  OK  [0m] Started [0;1;39mCreate Static Device Nodes in /dev[0m.
[[0;32m  OK  [0m] Started [0;1;39mudev Coldplug all Devices[0m.
[[0;32m  OK  [0m] Reached target [0;1;39mLocal File Systems (Pre)[0m.
         Mounting [0;1;39m/var/volatile[0m...
         Starting [0;1;39mudev Kernel Device Manager[0m...
[[0;32m  OK  [0m] Mounted [0;1;39m/var/volatile[0m.
         Starting [0;1;39mLoad/Save Random Seed[0m...
[[0;32m  OK  [0m] Reached target [0;1;39mLocal File Systems[0m.
         Starting [0;1;39mCreate Volatile Files and Directories[0m...
[[0;32m  OK  [0m] Started [0;1;39mudev Kernel Device Manager[0m.
[[0;32m  OK  [0m] Started [0;1;39mLoad/Save Random Seed[0m.
         Starting [0;1;39mNetwork Service[0m...
[[0;32m  OK  [0m] Started [0;1;39mCreate Volatile Files and Directories[0m.
         Starting [0;1;39mNetwork Time Synchronization[0m...
         Starting [0;1;39mUpdate UTMP about System Boot/Shutdown[0m...
[[0;32m  OK  [0m] Started [0;1;39mNetwork Service[0m.
         Starting [0;1;39mNetwork Name Resolution[0m...
[   14.158016] pwm-backlight: probe of backlight failed with error -16
[[0;32m  OK  [0m] Started [0;1;39mUpdate UTMP about System Boot/Shutdown[0m.
[[0;32m  OK  [0m] Started [0;1;39mNetwork Time Synchronization[0m.
[   14.225534] at24 7-0050: supply vcc not found, using dummy regulator
[   14.233544] at24 7-0050: 128 byte br24t01 EEPROM, writable, 8 bytes/write
[[0;32m  OK  [0m] Reached target [0;1;39mSystem Initialization[0m.
[[0;32m  OK  [0m] Started [0;1;39mDaily Cleanup of Temporary Directories[0m.
[[0;32m  OK  [0m] Reached target [0;1;39mSystem Time Set[0m.
[[0;32m  OK  [0m] Reached target [0;1;39mSystem Time Synchronized[0m.
[[0;32m  OK  [0m] Reached target [0;1;39mTimers[0m.
[[0;32m  OK  [0m] Reached target [0;1;39mHardware activated USB gadget[0m.
[[0;32m  OK  [0m] Listening on [0;1;39mAvahi mDNS/DNS-SD Stack Activation Socket[0m.
[[0;32m  OK  [0m] Listening on [0;1;39mD-Bus System Message Bus Socket[0m.
[   14.409068] renesas_usb3 ee020000.usb: probed with phy
[[0;32m  OK  [0m] Listening on [0;1;39mdropbear.socket[0m.
[[0;32m  OK  [0m] Reached target [0;1;39mSockets[0m.
[[0;32m  OK  [0m] Reached target [0;1;39mBasic System[0m.
[[0;32m  OK  [0m] Started [0;1;39mD-Bus System Message Bus[0m.
[   14.499236] ccree e6601000.crypto: ARM CryptoCell 630P Driver: HW version 0xAF400001/0xDCC63000, Driver version 5.0
[[0;32m  OK  [0m] Started [0;1;39moptee services[0m.
[   14.523682] xhci-hcd ee000000.usb: xHCI Host Controller
         Starting [0;1;39mpvrinit.service[0m...
[   14.533822] xhci-hcd ee000000.usb: new USB bus registered, assigned bus number 9
         Starting [0;1;39mPowerVR consumer services[0m...
[   14.552269] ccree e6601000.crypto: ARM ccree device initialized
[   14.559123] xhci-hcd ee000000.usb: hcc params 0x014051ce hci version 0x100 quirks 0x0000000000830410
[   14.568500] xhci-hcd ee000000.usb: irq 172, io mem 0xee000000
[   14.574468] xhci-hcd ee000000.usb: xHCI Host Controller
[   14.574487] xhci-hcd ee000000.usb: new USB bus registered, assigned bus number 10
[   14.574507] xhci-hcd ee000000.usb: Host supports USB 3.0 SuperSpeed
[   14.575017] hub 9-0:1.0: USB hub found
[   14.597378] hub 9-0:1.0: 1 port detected
[   14.601161] usb usb10: We don't know the algorithms for LPM for this host, disabling LPM.
         Startin[   14.610090] hub 10-0:1.0: USB hub found
g [0;1;39mLogin[   14.615112] hub 10-0:1.0: 1 port detected
 Service[0m...
[[0;32m  OK  [0m] Started [0;1;39mNetwork Name Resolution[0m.
[[0;1;31mFAILED[0m] Failed to start [0;1;39mPowerVR consumer services[0m.
See 'systemctl status rc.pvr.service' for details.
[[0;1;38;5;185mDEPEND[0m] Dependency failed for [0;1;39mWeston Wayland Compositor[0m.
[[0;1;31mFAILED[0m] Failed to start [0;1;39mpvrinit.service[0m.
See 'systemctl status pvrinit.service' for details.
[[0;32m  OK  [0m] Created slice [0;1;39msystem-weston.slice[0m.
[[0;32m  OK  [0m] Reached target [0;1;39mNetwork[0m.
[[0;32m  OK  [0m] Reached target [0;1;39mHost and Network Name Lookups[0m.
         Starting [0;1;39mAvahi mDNS/DNS-SD Stack[0m...
         Starting [0;1;39mset_default_governor.service[0m...
         Starting [0;1;39mPermit User Sessions[0m...
[[0;32m  OK  [0m] Started [0;1;39mXinetd A Powerful Replacement For Inetd[0m.
[   14.951936] rd 0-7: Disabling EAS, schedutil is mandatory
[[0;32m  OK  [0m] Started [0;1;39mPermit User Sessions[0m.
[[0;32m  OK  [0m] Started [0;1;39mset_default_governor.service[0m.
[[0;32m  OK  [0m] Started [0;1;39mLogin Service[0m.
[[0;32m  OK  [0m] Started [0;1;39mAvahi mDNS/DNS-SD Stack[0m.
[[0;32m  OK  [0m] Started [0;1;39mGetty on tty1[0m.
[[0;32m  OK  [0m] Started [0;1;39mSerial Getty on ttySC0[0m.
[[0;32m  OK  [0m] Reached target [0;1;39mLogin Prompts[0m.
[[0;32m  OK  [0m] Reached target [0;1;39mMulti-User System[0m.
         Starting [0;1;39mUpdate UTMP about System Runlevel Changes[0m...
[[0;32m  OK  [0m] Started [0;1;39mUpdate UTMP about System Runlevel Changes[0m.

Poky (Yocto Project Reference Distro) 3.1.11 salvator-x ttySC0

salvator-x login: 
salvator-x login: root
[   16.787855] audit: type=1006 audit(1703064537.580:2): pid=527 uid=0 old-auid=4294967295 auid=0 tty=(none) old-ses=4294967295 ses=1 res=1
7[r[999;999H[6n8root@salvator-x:~# 
root@salvator-x:~# 
root@salvator-x:~# 
root@salvator-x:~# 
root@salvator-x:~# 
root@salvator-x:~# 
root@salvator-x:~# 
root@salvator-x:~# 
root@salvator-x:~# 
root@salvator-x:~# insmod memd.ko
[   35.087599] memd: loading out-of-tree module taints kernel.
[   35.094122] memd driver loaded
root@salvator-x:~# 
root@salvator-x:~# echo rd 0xe6150048 > /proc/reg
[   35.620012]   mem read [E6150048] : 0BFFA3DF
root@salvator-x:~# 
 
#### Result: OK ####
