NOTICE:  BL2: R-Car Gen3 Initial Program Loader(CA57) Rev.4.0.0
NOTICE:  BL2: PRR is R-Car H3 Ver.3.0
NOTICE:  BL2: Board is Salvator-XS Rev.1.1
NOTICE:  BL2: Boot device is HyperFlash(160MHz)
NOTICE:  BL2: LCM state is CM
NOTICE:  AVS setting succeeded. DVFS_SetVID=0x53
NOTICE:  BL2: DDR3200(rev.0.42)
NOTICE:  BL2: [COLD_BOOT]
NOTICE:  BL2: DRAM Split is 4ch(DDR f)
NOTICE:  BL2: QoS is default setting(rev.0.11)
NOTICE:  BL2: DRAM refresh interval 1.95 usec
NOTICE:  BL2: Periodic Write DQ Training
NOTICE:  BL2: CH0: 400000000 - 47fffffff, 2 GiB
NOTICE:  BL2: CH1: 500000000 - 57fffffff, 2 GiB
NOTICE:  BL2: CH2: 600000000 - 67fffffff, 2 GiB
NOTICE:  BL2: CH3: 700000000 - 77fffffff, 2 GiB
NOTICE:  BL2: Lossy Decomp areas
NOTICE:       Entry 0: DCMPAREACRAx:0x80000540 DCMPAREACRBx:0x570
NOTICE:       Entry 1: DCMPAREACRAx:0x40000000 DCMPAREACRBx:0x0
NOTICE:       Entry 2: DCMPAREACRAx:0x20000000 DCMPAREACRBx:0x0
NOTICE:  BL2: FDT at 0xe6327f70
NOTICE:  BL2: v2.9(release):9cdb21f75
NOTICE:  BL2: Built : 05:25:39, Dec 19 2023
NOTICE:  BL2: Normal boot
NOTICE:  BL2: dst=0xe6327800 src=0x8180000 len=512(0x200)
NOTICE:  BL2: dst=0x43f00000 src=0x8180400 len=6144(0x1800)
NOTICE:  rcar_file_len: len: 0x0003e000
NOTICE:  BL2: dst=0x44000000 src=0x81c0000 len=253952(0x3e000)
NOTICE:  rcar_file_len: len: 0x00200000
NOTICE:  BL2: dst=0x44100000 src=0x8200000 len=2097152(0x200000)
NOTICE:  rcar_file_len: len: 0x00100000
NOTICE:  BL2: dst=0x50000000 src=0x8640000 len=1048576(0x100000)
NOTICE:  BL2: Booting BL31


U-Boot 2020.10 (Dec 19 2023 - 14:30:40 +0000)

CPU: Renesas Electronics R8A7795 rev 3.0
Model: Renesas Salvator-X 2nd version board based on r8a77951
DRAM:  7.9 GiB
RAM Configuration:
Bank #0: 0x048000000 - 0x0bfffffff, 1.9 GiB
Bank #1: 0x500000000 - 0x57fffffff, 2 GiB
Bank #2: 0x600000000 - 0x67fffffff, 2 GiB
Bank #3: 0x700000000 - 0x77fffffff, 2 GiB

MMC:   sd@ee100000: 0, sd@ee140000: 1, sd@ee160000: 2
Loading Environment from MMC... OK
In:    serial@e6e88000
Out:   serial@e6e88000
Err:   serial@e6e88000
Net:   eth0: ethernet@e6800000
Hit any key to stop autoboot:  2  1  0 
ethernet@e6800000 Waiting for PHY auto negotiation to complete.......... done
Using ethernet@e6800000 device
TFTP from server 192.168.10.98; our IP address is 192.168.10.107
Filename 'BV/PT3/boot_USB3H/Image'.
Load address: 0x48080000
Loading: *#################################################################
	 #################################################################
	 #################################################################
	 #################################################################
	 #################################################################
	 #################################################################
	 #################################################################
	 #################################################################
	 #################################################################
	 #################################################################
	 #################################################################
	 #################################################################
	 #################################################################
	 #################################################################
	 #################################################################
	 #################################################################
	 #################################################################
	 #################################################################
	 #################################################################
	 #################################################################
	 #################################################################
	 #################################################################
	 #################################################################
	 #################################################################
	 #################################################################
	 #################################################################
	 #################################################################
	 #################################################################
	 #################################################################
	 #################################################################
	 #################################################################
	 #################################################################
	 #################################################################
	 #################################################################
	 ##############################################
	 3.9 MiB/s
done
Bytes transferred = 33112576 (1f94200 hex)
Using ethernet@e6800000 device
TFTP from server 192.168.10.98; our IP address is 192.168.10.107
Filename 'BV/PT3/boot_USB3H/r8a779m1-salvator-xs.dtb'.
Load address: 0x48000000
Loading: *#######
	 5.4 MiB/s
done
Bytes transferred = 91297 (164a1 hex)
Moving Image from 0x48080000 to 0x48200000, end=4a220000
## Flattened Device Tree blob at 48000000
   Booting using the fdt blob at 0x48000000
   Loading Device Tree to 0000000053fe6000, end 0000000053fff4a0 ... OK

Starting kernel ...

[    0.000000] Booting Linux on physical CPU 0x0000000000 [0x411fd073]
[    0.000000] Linux version 5.10.194-yocto-standard (thuan.nguyen-hong@banvien) (aarch64-poky-linux-gcc (GCC) 9.3.0, GNU ld (GNU Binutils) 2.34.0.20200220) #13 SMP PREEMPT Sat Feb 3 10:27:40 UTC 2024
[    0.000000] Machine model: Renesas Salvator-X 2nd version board based on r8a779m1
[    0.000000] efi: UEFI not found.
[    0.000000] Reserved memory: created CMA memory pool at 0x0000000057000000, size 16 MiB
[    0.000000] OF: reserved mem: initialized node linux,adsp@57000000, compatible id shared-dma-pool
[    0.000000] Reserved memory: created CMA memory pool at 0x0000000058000000, size 384 MiB
[    0.000000] OF: reserved mem: initialized node linux,cma@58000000, compatible id shared-dma-pool
[    0.000000] Reserved memory: created CMA memory pool at 0x0000000070000000, size 256 MiB
[    0.000000] OF: reserved mem: initialized node linux,multimedia@70000000, compatible id shared-dma-pool
[    0.000000] NUMA: No NUMA configuration found
[    0.000000] NUMA: Faking a node at [mem 0x0000000048000000-0x000000077fffffff]
[    0.000000] NUMA: NODE_DATA [mem 0x77efd9b00-0x77efdbfff]
[    0.000000] Zone ranges:
[    0.000000]   DMA      [mem 0x0000000048000000-0x000000007fffffff]
[    0.000000]   DMA32    [mem 0x0000000080000000-0x00000000ffffffff]
[    0.000000]   Normal   [mem 0x0000000100000000-0x000000077fffffff]
[    0.000000] Movable zone start for each node
[    0.000000] Early memory node ranges
[    0.000000]   node   0: [mem 0x0000000048000000-0x0000000053ffffff]
[    0.000000]   node   0: [mem 0x0000000054000000-0x0000000056ffffff]
[    0.000000]   node   0: [mem 0x0000000057000000-0x00000000bfffffff]
[    0.000000]   node   0: [mem 0x0000000500000000-0x000000057fffffff]
[    0.000000]   node   0: [mem 0x0000000600000000-0x000000067fffffff]
[    0.000000]   node   0: [mem 0x0000000700000000-0x000000077fffffff]
[    0.000000] Initmem setup node 0 [mem 0x0000000048000000-0x000000077fffffff]
[    0.000000] psci: probing for conduit method from DT.
[    0.000000] psci: PSCIv1.1 detected in firmware.
[    0.000000] psci: Using standard PSCI v0.2 function IDs
[    0.000000] psci: Trusted OS resident on physical CPU 0x0
[    0.000000] psci: SMC Calling Convention v1.2
[    0.000000] percpu: Embedded 23 pages/cpu s56984 r8192 d29032 u94208
[    0.000000] Detected PIPT I-cache on CPU0
[    0.000000] CPU features: detected: EL2 vector hardening
[    0.000000] CPU features: detected: Spectre-v2
[    0.000000] CPU features: detected: ARM errata 1165522, 1319367, or 1530923
[    0.000000] CPU features: detected: Spectre-BHB
[    0.000000] CPU features: detected: ARM erratum 1742098
[    0.000000] Built 1 zonelists, mobility grouping on.  Total pages: 2032128
[    0.000000] Policy zone: Normal
[    0.000000] Kernel command line: rw root=/dev/nfs nfsroot=192.168.10.98:/data/tftpboot/BV/PT3/rootfs_H3e,nfsvers=4 ip=192.168.10.107
[    0.000000] Dentry cache hash table entries: 1048576 (order: 11, 8388608 bytes, linear)
[    0.000000] Inode-cache hash table entries: 524288 (order: 10, 4194304 bytes, linear)
[    0.000000] mem auto-init: stack:off, heap alloc:off, heap free:off
[    0.000000] software IO TLB: mapped [mem 0x000000004ffe6000-0x0000000053fe6000] (64MB)
[    0.000000] Memory: 7277092K/8257536K available (15104K kernel code, 2832K rwdata, 8204K rodata, 6080K init, 519K bss, 308700K reserved, 671744K cma-reserved)
[    0.000000] SLUB: HWalign=64, Order=0-3, MinObjects=0, CPUs=8, Nodes=1
[    0.000000] rcu: Preemptible hierarchical RCU implementation.
[    0.000000] rcu: 	RCU event tracing is enabled.
[    0.000000] rcu: 	RCU restricting CPUs from NR_CPUS=256 to nr_cpu_ids=8.
[    0.000000] 	Trampoline variant of Tasks RCU enabled.
[    0.000000] rcu: RCU calculated value of scheduler-enlistment delay is 25 jiffies.
[    0.000000] rcu: Adjusting geometry for rcu_fanout_leaf=16, nr_cpu_ids=8
[    0.000000] NR_IRQS: 64, nr_irqs: 64, preallocated irqs: 0
[    0.000000] arch_timer: cp15 timer(s) running at 8.32MHz (virt).
[    0.000000] clocksource: arch_sys_counter: mask: 0xffffffffffffff max_cycles: 0x1eb398c07, max_idle_ns: 440795202503 ns
[    0.000003] sched_clock: 56 bits at 8MHz, resolution 120ns, wraps every 2199023255503ns
[    0.000208] Console: colour dummy device 80x25
[    0.000418] printk: console [tty0] enabled
[    0.000496] Calibrating delay loop (skipped), value calculated using timer frequency.. 16.64 BogoMIPS (lpj=33280)
[    0.000511] pid_max: default: 32768 minimum: 301
[    0.000569] LSM: Security Framework initializing
[    0.000660] Mount-cache hash table entries: 16384 (order: 5, 131072 bytes, linear)
[    0.000712] Mountpoint-cache hash table entries: 16384 (order: 5, 131072 bytes, linear)
[    0.002212] rcu: Hierarchical SRCU implementation.
[    0.003837] Detected Renesas R-Car Gen3 r8a7795 ES3.0
[    0.006014] EFI services will not be available.
[    0.006359] smp: Bringing up secondary CPUs ...
[    0.006829] Detected PIPT I-cache on CPU1
[    0.006880] CPU1: Booted secondary processor 0x0000000001 [0x411fd073]
[    0.007373] Detected PIPT I-cache on CPU2
[    0.007396] CPU2: Booted secondary processor 0x0000000002 [0x411fd073]
[    0.007822] Detected PIPT I-cache on CPU3
[    0.007844] CPU3: Booted secondary processor 0x0000000003 [0x411fd073]
[    0.008315] CPU features: detected: ARM erratum 845719
[    0.008329] Detected VIPT I-cache on CPU4
[    0.008377] CPU4: Booted secondary processor 0x0000000100 [0x410fd034]
[    0.008865] Detected VIPT I-cache on CPU5
[    0.008892] CPU5: Booted secondary processor 0x0000000101 [0x410fd034]
[    0.009345] Detected VIPT I-cache on CPU6
[    0.009372] CPU6: Booted secondary processor 0x0000000102 [0x410fd034]
[    0.009818] Detected VIPT I-cache on CPU7
[    0.009845] CPU7: Booted secondary processor 0x0000000103 [0x410fd034]
[    0.009925] smp: Brought up 1 node, 8 CPUs
[    0.009987] SMP: Total of 8 processors activated.
[    0.009995] CPU features: detected: 32-bit EL0 Support
[    0.010002] CPU features: detected: CRC32 instructions
[    0.010008] CPU features: detected: 32-bit EL1 Support
[    0.023592] CPU: All CPU(s) started at EL1
[    0.023645] alternatives: patching kernel code
[    0.024853] devtmpfs: initialized
[    0.031659] KASLR disabled due to lack of seed
[    0.031819] clocksource: jiffies: mask: 0xffffffff max_cycles: 0xffffffff, max_idle_ns: 7645041785100000 ns
[    0.031841] futex hash table entries: 2048 (order: 5, 131072 bytes, linear)
[    0.040917] pinctrl core: initialized pinctrl subsystem
[    0.042508] DMI not present or invalid.
[    0.043025] NET: Registered protocol family 16
[    0.043993] DMA: preallocated 1024 KiB GFP_KERNEL pool for atomic allocations
[    0.044195] DMA: preallocated 1024 KiB GFP_KERNEL|GFP_DMA pool for atomic allocations
[    0.044487] DMA: preallocated 1024 KiB GFP_KERNEL|GFP_DMA32 pool for atomic allocations
[    0.044528] audit: initializing netlink subsys (disabled)
[    0.044722] audit: type=2000 audit(0.044:1): state=initialized audit_enabled=0 res=1
[    0.045912] thermal_sys: Registered thermal governor 'power_allocator'
[    0.046440] cpuidle: using governor menu
[    0.046612] hw-breakpoint: found 6 breakpoint and 4 watchpoint registers.
[    0.046737] ASID allocator initialised with 65536 entries
[    0.048069] Serial: AMBA PL011 UART driver
[    0.090882] sh-pfc e6060000.pinctrl: r8a77951_pfc support registered
[    0.105644] HugeTLB registered 1.00 GiB page size, pre-allocated 0 pages
[    0.105657] HugeTLB registered 32.0 MiB page size, pre-allocated 0 pages
[    0.105665] HugeTLB registered 2.00 MiB page size, pre-allocated 0 pages
[    0.105672] HugeTLB registered 64.0 KiB page size, pre-allocated 0 pages
[    0.106640] cryptd: max_cpu_qlen set to 1000
[    0.108955] ACPI: Interpreter disabled.
[    0.112836] rcar-avs: use avs value: 0
[    0.112851] rcar-avs: cpu@0 is running with: opp_table0
[    0.112861] rcar-avs: cpu@1 is running with: opp_table0
[    0.112871] rcar-avs: cpu@2 is running with: opp_table0
[    0.112881] rcar-avs: cpu@3 is running with: opp_table0
[    0.112970] rcar-avs: gsx@fd000000 is running with: gsx_opp_table0
[    0.114398] iommu: Default domain type: Translated 
[    0.114987] ipmmu-vmsa e67b0000.iommu: IPMMU context 0 is reserved
[    0.116022] vgaarb: loaded
[    0.116265] SCSI subsystem initialized
[    0.116526] usbcore: registered new interface driver usbfs
[    0.116553] usbcore: registered new interface driver hub
[    0.116581] usbcore: registered new device driver usb
[    0.120131] i2c-sh_mobile e60b0000.i2c: I2C adapter 7, bus speed 400000 Hz
[    0.120681] mc: Linux media interface: v0.10
[    0.120704] videodev: Linux video capture interface: v2.00
[    0.120753] pps_core: LinuxPPS API ver. 1 registered
[    0.120760] pps_core: Software ver. 5.3.6 - Copyright 2005-2007 Rodolfo Giometti <giometti@linux.it>
[    0.120774] PTP clock support registered
[    0.120949] EDAC MC: Ver: 3.0.0
[    0.122924] FPGA manager framework
[    0.122989] Advanced Linux Sound Architecture Driver Initialized.
[    0.123590] clocksource: Switched to clocksource arch_sys_counter
[    0.123737] VFS: Disk quotas dquot_6.6.0
[    0.123781] VFS: Dquot-cache hash table entries: 512 (order 0, 4096 bytes)
[    0.123904] pnp: PnP ACPI: disabled
[    0.128129] NET: Registered protocol family 2
[    0.128550] IP idents hash table entries: 131072 (order: 8, 1048576 bytes, linear)
[    0.130830] tcp_listen_portaddr_hash hash table entries: 4096 (order: 4, 65536 bytes, linear)
[    0.130906] TCP established hash table entries: 65536 (order: 7, 524288 bytes, linear)
[    0.131193] TCP bind hash table entries: 65536 (order: 8, 1048576 bytes, linear)
[    0.131828] TCP: Hash tables configured (established 65536 bind 65536)
[    0.131954] UDP hash table entries: 4096 (order: 5, 131072 bytes, linear)
[    0.132067] UDP-Lite hash table entries: 4096 (order: 5, 131072 bytes, linear)
[    0.132293] NET: Registered protocol family 1
[    0.132697] RPC: Registered named UNIX socket transport module.
[    0.132708] RPC: Registered udp transport module.
[    0.132714] RPC: Registered tcp transport module.
[    0.132720] RPC: Registered tcp NFSv4.1 backchannel transport module.
[    0.132733] PCI: CLS 0 bytes, default 64
[    0.133668] hw perfevents: enabled with armv8_cortex_a53 PMU driver, 7 counters available
[    0.133940] hw perfevents: enabled with armv8_cortex_a57 PMU driver, 7 counters available
[    0.134583] kvm [1]: HYP mode not available
[    0.137591] Initialise system trusted keyrings
[    0.137723] workingset: timestamp_bits=42 max_order=21 bucket_order=0
[    0.140834] squashfs: version 4.0 (2009/01/31) Phillip Lougher
[    0.141240] NFS: Registering the id_resolver key type
[    0.141272] Key type id_resolver registered
[    0.141279] Key type id_legacy registered
[    0.141351] nfs4filelayout_init: NFSv4 File Layout Driver Registering...
[    0.141360] nfs4flexfilelayout_init: NFSv4 Flexfile Layout Driver Registering...
[    0.141457] 9p: Installing v9fs 9p2000 file system support
[    0.166908] Key type asymmetric registered
[    0.166921] Asymmetric key parser 'x509' registered
[    0.166951] Block layer SCSI generic (bsg) driver version 0.4 loaded (major 243)
[    0.166961] io scheduler mq-deadline registered
[    0.166970] io scheduler kyber registered
[    0.183264] gpio_rcar e6050000.gpio: driving 16 GPIOs
[    0.183558] gpio_rcar e6051000.gpio: driving 29 GPIOs
[    0.183828] gpio_rcar e6052000.gpio: driving 15 GPIOs
[    0.184102] gpio_rcar e6053000.gpio: driving 16 GPIOs
[    0.184374] gpio_rcar e6054000.gpio: driving 18 GPIOs
[    0.184667] gpio_rcar e6055000.gpio: driving 26 GPIOs
[    0.185009] gpio_rcar e6055400.gpio: driving 32 GPIOs
[    0.185261] gpio_rcar e6055800.gpio: driving 4 GPIOs
[    0.188218] rcar-pcie fe000000.pcie: host bridge /soc/pcie@fe000000 ranges:
[    0.188249] rcar-pcie fe000000.pcie:       IO 0x00fe100000..0x00fe1fffff -> 0x0000000000
[    0.188272] rcar-pcie fe000000.pcie:      MEM 0x00fe200000..0x00fe3fffff -> 0x00fe200000
[    0.188290] rcar-pcie fe000000.pcie:      MEM 0x0030000000..0x0037ffffff -> 0x0030000000
[    0.188304] rcar-pcie fe000000.pcie:      MEM 0x0038000000..0x003fffffff -> 0x0038000000
[    0.188321] rcar-pcie fe000000.pcie:   IB MEM 0x0040000000..0x007fffffff -> 0x0040000000
[    0.188365] rcar-pcie fe000000.pcie: no pcie3v3 regulator found
[    0.188375] rcar-pcie fe000000.pcie: no pcie1v8 regulator found
[    0.259296] rcar-pcie fe000000.pcie: PCIe link down
[    0.259487] rcar-pcie ee800000.pcie: host bridge /soc/pcie@ee800000 ranges:
[    0.259513] rcar-pcie ee800000.pcie:       IO 0x00ee900000..0x00ee9fffff -> 0x0000000000
[    0.259534] rcar-pcie ee800000.pcie:      MEM 0x00eea00000..0x00eebfffff -> 0x00eea00000
[    0.259552] rcar-pcie ee800000.pcie:      MEM 0x00c0000000..0x00c7ffffff -> 0x00c0000000
[    0.259566] rcar-pcie ee800000.pcie:      MEM 0x00c8000000..0x00cfffffff -> 0x00c8000000
[    0.259598] rcar-pcie ee800000.pcie:   IB MEM 0x0040000000..0x007fffffff -> 0x0040000000
[    0.259635] rcar-pcie ee800000.pcie: no pcie3v3 regulator found
[    0.259645] rcar-pcie ee800000.pcie: no pcie1v8 regulator found
[    0.327290] rcar-pcie ee800000.pcie: PCIe link down
[    0.329794] EINJ: ACPI disabled.
[    0.363221] Serial: 8250/16550 driver, 4 ports, IRQ sharing enabled
[    0.365763] SuperH (H)SCI(F) driver initialized
[    0.366216] e6550000.serial: ttySC1 at MMIO 0xe6550000 (irq = 42, base_baud = 0) is a hscif
[    0.366858] e6e88000.serial: ttySC0 at MMIO 0xe6e88000 (irq = 128, base_baud = 0) is a scif
[    1.571651] printk: console [ttySC0] enabled
[    1.577114] msm_serial: driver initialized
[    1.587647] rcar-dw-hdmi fead0000.hdmi: Detected HDMI TX controller v2.01a with HDCP (DWC HDMI 2.0 TX PHY)
[    1.597557] rcar-dw-hdmi fead0000.hdmi: registered DesignWare HDMI I2C bus driver
[    1.605834] rcar-dw-hdmi feae0000.hdmi: Detected HDMI TX controller v2.01a with HDCP (DWC HDMI 2.0 TX PHY)
[    1.615725] rcar-dw-hdmi feae0000.hdmi: registered DesignWare HDMI I2C bus driver
[    1.631289] loop: module loaded
[    1.635906] megasas: 07.714.04.00-rc1
[    1.641658] scsi host0: sata_rcar
[    1.645137] ata1: SATA max UDMA/133 irq 181
[    1.654578] tun: Universal TUN/TAP device driver, 1.6
[    1.660553] thunder_xcv, ver 1.0
[    1.663823] thunder_bgx, ver 1.0
[    1.667068] nicpf, ver 1.0
[    1.671201] hclge is initializing
[    1.674537] hns3: Hisilicon Ethernet Network Driver for Hip08 Family - version
[    1.681760] hns3: Copyright (c) 2017 Huawei Corporation.
[    1.687093] e1000: Intel(R) PRO/1000 Network Driver
[    1.691972] e1000: Copyright (c) 1999-2006 Intel Corporation.
[    1.697745] e1000e: Intel(R) PRO/1000 Network Driver
[    1.702711] e1000e: Copyright(c) 1999 - 2015 Intel Corporation.
[    1.708650] igb: Intel(R) Gigabit Ethernet Network Driver
[    1.714049] igb: Copyright (c) 2007-2014 Intel Corporation.
[    1.719636] igbvf: Intel(R) Gigabit Virtual Function Network Driver
[    1.725903] igbvf: Copyright (c) 2009 - 2012 Intel Corporation.
[    1.732228] sky2: driver version 1.30
[    1.739890] ravb e6800000.ethernet eth0: Base address at 0xe6800000, 2e:09:0a:06:d4:ee, IRQ 125.
[    1.750166] VFIO - User Level meta-driver version: 0.3
[    1.757342] ehci_hcd: USB 2.0 'Enhanced' Host Controller (EHCI) Driver
[    1.763879] ehci-pci: EHCI PCI platform driver
[    1.768343] ehci-platform: EHCI generic platform driver
[    1.773962] ehci-platform ee0a0100.usb: EHCI Host Controller
[    1.779644] ehci-platform ee0a0100.usb: new USB bus registered, assigned bus number 1
[    1.787557] ehci-platform ee0a0100.usb: irq 175, io mem 0xee0a0100
[    1.807600] ehci-platform ee0a0100.usb: USB 2.0 started, EHCI 1.10
[    1.814138] hub 1-0:1.0: USB hub found
[    1.817913] hub 1-0:1.0: 1 port detected
[    1.822336] ehci-platform ee0c0100.usb: EHCI Host Controller
[    1.828010] ehci-platform ee0c0100.usb: new USB bus registered, assigned bus number 2
[    1.835918] ehci-platform ee0c0100.usb: irq 176, io mem 0xee0c0100
[    1.855598] ehci-platform ee0c0100.usb: USB 2.0 started, EHCI 1.10
[    1.862102] hub 2-0:1.0: USB hub found
[    1.865871] hub 2-0:1.0: 1 port detected
[    1.895639] ehci-platform ee0e0100.usb: EHCI Host Controller
[    1.901314] ehci-platform ee0e0100.usb: new USB bus registered, assigned bus number 3
[    1.909184] ehci-platform ee0e0100.usb: irq 177, io mem 0xee0e0100
[    1.927596] ehci-platform ee0e0100.usb: USB 2.0 started, EHCI 1.10
[    1.934060] hub 3-0:1.0: USB hub found
[    1.937828] hub 3-0:1.0: 1 port detected
[    1.942213] ehci-orion: EHCI orion driver
[    1.946476] ehci-exynos: EHCI Exynos driver
[    1.950779] ohci_hcd: USB 1.1 'Open' Host Controller (OHCI) Driver
[    1.956976] ohci-pci: OHCI PCI platform driver
[    1.961459] ohci-platform: OHCI generic platform driver
[    1.966987] ohci-platform ee0a0000.usb: Generic Platform OHCI controller
[    1.973702] ohci-platform ee0a0000.usb: new USB bus registered, assigned bus number 4
[    1.981594] ohci-platform ee0a0000.usb: irq 175, io mem 0xee0a0000
[    2.063606] ata1: link resume succeeded after 1 retries
[    2.077904] hub 4-0:1.0: USB hub found
[    2.081678] hub 4-0:1.0: 1 port detected
[    2.086024] ohci-platform ee0c0000.usb: Generic Platform OHCI controller
[    2.092738] ohci-platform ee0c0000.usb: new USB bus registered, assigned bus number 5
[    2.100610] ohci-platform ee0c0000.usb: irq 176, io mem 0xee0c0000
[    2.175146] ata1: SATA link down (SStatus 0 SControl 300)
[    2.193866] hub 5-0:1.0: USB hub found
[    2.197639] hub 5-0:1.0: 1 port detected
[    2.201959] ohci-platform ee0e0000.usb: Generic Platform OHCI controller
[    2.208673] ohci-platform ee0e0000.usb: new USB bus registered, assigned bus number 6
[    2.216544] ohci-platform ee0e0000.usb: irq 177, io mem 0xee0e0000
[    2.309877] hub 6-0:1.0: USB hub found
[    2.313644] hub 6-0:1.0: 1 port detected
[    2.317978] ohci-exynos: OHCI Exynos driver
[    2.322422] usbcore: registered new interface driver usb-storage
[    2.330097] renesas_usbhs e6590000.usb: host probed
[    2.334993] renesas_usbhs e6590000.usb: no transceiver found
[    2.340717] renesas_usbhs e6590000.usb: gadget probed
[    2.345936] renesas_usbhs e6590000.usb: probed
[    2.350848] renesas_usbhs e659c000.usb: host probed
[    2.355745] renesas_usbhs e659c000.usb: no transceiver found
[    2.361459] renesas_usbhs e659c000.usb: gadget probed
[    2.366664] renesas_usbhs e659c000.usb: probed
[    2.373604] i2c /dev entries driver
[    2.388160] cs2000-cp 2-004f: revision - C1
[    2.392404] i2c-rcar e6510000.i2c: probed
[    2.397237] pca953x 4-0020: supply vcc not found, using dummy regulator
[    2.403945] pca953x 4-0020: using no AI
[    2.408587] gpio-355 (PCIE/SATA switch): hogged as output/low
[    2.420884] i2c-rcar e66d8000.i2c: probed
[    2.426193] adv748x 4-0070: Endpoint /soc/i2c@e66d8000/video-receiver@70/port@7/endpoint on port 7
[    2.435174] adv748x 4-0070: Endpoint /soc/i2c@e66d8000/video-receiver@70/port@8/endpoint on port 8
[    2.444147] adv748x 4-0070: Endpoint /soc/i2c@e66d8000/video-receiver@70/port@a/endpoint on port 10
[    2.453211] adv748x 4-0070: Endpoint /soc/i2c@e66d8000/video-receiver@70/port@b/endpoint on port 11
[    2.462612] adv748x 4-0070: chip found @ 0xe0 revision 2143
[    2.516391] rcar-csi2 fea80000.csi2: 1 lanes found
[    2.521538] rcar-csi2 feaa0000.csi2: 4 lanes found
[    2.531164] rcar-vin e6ef0000.video: Device registered as video0
[    2.537242] rcar-vin e6ef1000.video: Device registered as video1
[    2.543313] rcar-vin e6ef2000.video: Device registered as video2
[    2.549384] rcar-vin e6ef3000.video: Device registered as video3
[    2.555464] rcar-vin e6ef4000.video: Device registered as video4
[    2.561537] rcar-vin e6ef5000.video: Device registered as video5
[    2.567629] rcar-vin e6ef6000.video: Device registered as video6
[    2.573705] rcar-vin e6ef7000.video: Device registered as video7
[    2.582463] rcar_gen3_thermal e6198000.thermal: is using FUSE values
[    2.593545] rcar_gen3_thermal e6198000.thermal: TSC0: Loaded 1 trip points
[    2.604809] rcar_gen3_thermal e6198000.thermal: TSC1: Loaded 1 trip points
[    2.615965] rcar_gen3_thermal e6198000.thermal: TSC2: Loaded 3 trip points
[    2.628037] sdhci: Secure Digital Host Controller Interface driver
[    2.634227] sdhci: Copyright(c) Pierre Ossman
[    2.639377] Synopsys Designware Multimedia Card Interface Driver
[    2.639997] renesas_sdhi_internal_dmac ee140000.mmc: Adding to iommu group 0
[    2.640049] renesas_sdhi_internal_dmac ee160000.mmc: Got CD GPIO
[    2.640069] renesas_sdhi_internal_dmac ee160000.mmc: Got WP GPIO
[    2.640086] renesas_sdhi_internal_dmac ee100000.mmc: Got CD GPIO
[    2.640112] renesas_sdhi_internal_dmac ee100000.mmc: Got WP GPIO
[    2.646731] sdhci-pltfm: SDHCI platform and OF driver helper
[    2.652495] renesas_sdhi_internal_dmac ee140000.mmc: Using IPMMU context 1
[    2.689179] ledtrig-cpu: registered to indicate activity on CPUs
[    2.696110] SMCCC: SOC_ID: ARCH_SOC_ID not implemented, skipping ....
[    2.703116] usbcore: registered new interface driver usbhid
[    2.708694] usbhid: USB HID core driver
[    2.716296] optee: probing for conduit method.
[    2.720763] optee: revision 3.22 (314ecf9d)
[    2.721205] optee driver R-Car Rev.1.0.11
[    2.729625] optee: dynamic shared memory is enabled
[    2.734774] optee: initialized driver
[    2.738320] renesas_sdhi_internal_dmac ee140000.mmc: mmc0 base at 0x00000000ee140000, max clock rate 200 MHz
[    2.752260] rcar_sound ec500000.sound: probed
[    2.757364] NET: Registered protocol family 17
[    2.761928] 9pnet: Installing 9P2000 support
[    2.766252] Key type dns_resolver registered
[    2.770788] registered taskstats version 1
[    2.774900] Loading compiled-in X.509 certificates
[    2.789753] thermal emergency: set temperature to 110 celsius
[    2.795704] thermal emergency: shutdown target cpus 1-7
[    2.800931] thermal emergency: freq scaled target cpus 0
[    2.806584] renesas_irqc e61c0000.interrupt-controller: driving 6 irqs
[    2.826481] mmc0: new HS400 MMC card at address 0001
[    2.832352] mmcblk0: mmc0:0001 BGSD4R 29.1 GiB 
[    2.837259] mmcblk0boot0: mmc0:0001 BGSD4R partition 1 31.9 MiB
[    2.843521] mmcblk0boot1: mmc0:0001 BGSD4R partition 2 31.9 MiB
[    2.849706] mmcblk0rpmb: mmc0:0001 BGSD4R partition 3 4.00 MiB, chardev (509:0)
[    2.859001]  mmcblk0: p1
[    2.859653] ehci-platform ee080100.usb: EHCI Host Controller
[    2.867227] ehci-platform ee080100.usb: new USB bus registered, assigned bus number 7
[    2.875133] ehci-platform ee080100.usb: irq 174, io mem 0xee080100
[    2.895593] ehci-platform ee080100.usb: USB 2.0 started, EHCI 1.10
[    2.902287] hub 7-0:1.0: USB hub found
[    2.906059] hub 7-0:1.0: 1 port detected
[    2.911167] ohci-platform ee080000.usb: Generic Platform OHCI controller
[    2.917893] ohci-platform ee080000.usb: new USB bus registered, assigned bus number 8
[    2.925777] ohci-platform ee080000.usb: irq 174, io mem 0xee080000
[    3.021987] hub 8-0:1.0: USB hub found
[    3.025765] hub 8-0:1.0: 1 port detected
[    3.031001] cpu cpu0: EM: created perf domain
[    3.035975] cpu cpu4: EM: created perf domain
[    3.045478] renesas_sdhi_internal_dmac ee160000.mmc: Got CD GPIO
[    3.046354] renesas_sdhi_internal_dmac ee100000.mmc: Got CD GPIO
[    3.048269] [drm] Initialized rcar-du 1.0.0 20130110 for feb00000.display on minor 0
[    3.048272] [drm] Device feb00000.display probed
[    3.051570] renesas_sdhi_internal_dmac ee160000.mmc: Got WP GPIO
[    3.057579] renesas_sdhi_internal_dmac ee100000.mmc: Got WP GPIO
[    3.114431] renesas_sdhi_internal_dmac ee160000.mmc: mmc2 base at 0x00000000ee160000, max clock rate 200 MHz
[    3.117990] Console: switching to colour frame buffer device 128x48
[    3.129919] renesas_sdhi_internal_dmac ee100000.mmc: mmc1 base at 0x00000000ee100000, max clock rate 200 MHz
[    3.161824] rcar-du feb00000.display: [drm] fb0: rcar-dudrmfb frame buffer device
[    3.173989] input: keys as /devices/platform/keys/input/input0
[    3.254980] Micrel KSZ9031 Gigabit PHY e6800000.ethernet-ffffffff:00: attached PHY driver [Micrel KSZ9031 Gigabit PHY] (mii_bus:phy_addr=e6800000.ethernet-ffffffff:00, irq=183)
[   10.517013] ravb e6800000.ethernet eth0: Link is Up - 1Gbps/Full - flow control off
[   10.539628] IP-Config: Guessing netmask 255.255.255.0
[   10.544788] IP-Config: Complete:
[   10.548102]      device=eth0, hwaddr=2e:09:0a:06:d4:ee, ipaddr=192.168.10.107, mask=255.255.255.0, gw=255.255.255.255
[   10.558914]      host=192.168.10.107, domain=, nis-domain=(none)
[   10.565049]      bootserver=255.255.255.255, rootserver=192.168.10.98, rootpath=
[   10.565670] ALSA device list:
[   10.576279]   No soundcards found.
[   13.638208] VFS: Mounted root (nfs4 filesystem) on device 0:22.
[   13.645128] devtmpfs: mounted
[   13.651846] Freeing unused kernel memory: 6080K
[   13.667723] Run /sbin/init as init process
[   13.822871] systemd[1]: System time before build time, advancing clock.
[   14.224353] NET: Registered protocol family 10
[   14.234334] Segment Routing with IPv6
[   14.269185] systemd[1]: systemd 244 running in system mode. (+PAM -AUDIT -SELINUX +IMA -APPARMOR -SMACK +SYSVINIT +UTMP -LIBCRYPTSETUP -GCRYPT -GNUTLS +ACL +XZ -LZ4 -SECCOMP +BLKID -ELFUTILS +KMOD -IDN2 -IDN -PCRE2 default-hierarchy=hybrid)
[   14.299652] systemd[1]: Detected architecture arm64.

Welcome to [1mPoky (Yocto Project Reference Distro) 3.1.11 (dunfell)[0m!

[   14.337795] systemd[1]: Set hostname to <salvator-x>.
[   15.099657] random: crng init done
[   15.179564] systemd[1]: system-getty.slice: unit configures an IP firewall, but the local system does not support BPF/cgroup firewalling.
[   15.200654] systemd[1]: (This warning is only shown for the first unit using IP firewalling.)
[   15.216179] systemd[1]: Created slice system-getty.slice.
[[0;32m  OK  [0m] Created slice [0;1;39msystem-getty.slice[0m.
[   15.240684] systemd[1]: Created slice system-serial\x2dgetty.slice.
[[0;32m  OK  [0m] Created slice [0;1;39msystem-serial\x2dgetty.slice[0m.
[   15.268755] systemd[1]: Created slice User and Session Slice.
[[0;32m  OK  [0m] Created slice [0;1;39mUser and Session Slice[0m.
[   15.292067] systemd[1]: Started Dispatch Password Requests to Console Directory Watch.
[[0;32m  OK  [0m] Started [0;1;39mDispatch Password â€¦ts to Console Directory Watch[0m.
[   15.320014] systemd[1]: Started Forward Password Requests to Wall Directory Watch.
[[0;32m  OK  [0m] Started [0;1;39mForward Password Râ€¦uests to Wall Directory Watch[0m.
[   15.347879] systemd[1]: Reached target Paths.
[[0;32m  OK  [0m] Reached target [0;1;39mPaths[0m.
[   15.371765] systemd[1]: Reached target Remote File Systems.
[[0;32m  OK  [0m] Reached target [0;1;39mRemote File Systems[0m.
[   15.395747] systemd[1]: Reached target Slices.
[[0;32m  OK  [0m] Reached target [0;1;39mSlices[0m.
[   15.419764] systemd[1]: Reached target Swap.
[[0;32m  OK  [0m] Reached target [0;1;39mSwap[0m.
[   15.446163] systemd[1]: Listening on RPCbind Server Activation Socket.
[[0;32m  OK  [0m] Listening on [0;1;39mRPCbind Server Activation Socket[0m.
[   15.475814] systemd[1]: Reached target RPC Port Mapper.
[[0;32m  OK  [0m] Reached target [0;1;39mRPC Port Mapper[0m.
[   15.500084] systemd[1]: Listening on initctl Compatibility Named Pipe.
[[0;32m  OK  [0m] Listening on [0;1;39minitctl Compatibility Named Pipe[0m.
[   15.529953] systemd[1]: Listening on Journal Audit Socket.
[[0;32m  OK  [0m] Listening on [0;1;39mJournal Audit Socket[0m.
[   15.557488] systemd[1]: Listening on Journal Socket (/dev/log).
[[0;32m  OK  [0m] Listening on [0;1;39mJournal Socket (/dev/log)[0m.
[   15.584463] systemd[1]: Listening on Journal Socket.
[[0;32m  OK  [0m] Listening on [0;1;39mJournal Socket[0m.
[   15.609556] systemd[1]: Listening on Network Service Netlink Socket.
[[0;32m  OK  [0m] Listening on [0;1;39mNetwork Service Netlink Socket[0m.
[   15.638714] systemd[1]: Listening on udev Control Socket.
[[0;32m  OK  [0m] Listening on [0;1;39mudev Control Socket[0m.
[   15.664257] systemd[1]: Listening on udev Kernel Socket.
[[0;32m  OK  [0m] Listening on [0;1;39mudev Kernel Socket[0m.
[   15.693233] systemd[1]: Mounting Huge Pages File System...
         Mounting [0;1;39mHuge Pages File System[0m...
[   15.720940] systemd[1]: Mounting POSIX Message Queue File System...
         Mounting [0;1;39mPOSIX Message Queue File System[0m...
[   15.753089] systemd[1]: Mounting Kernel Debug File System...
         Mounting [0;1;39mKernel Debug File System[0m...
[   15.784281] systemd[1]: Mounting Temporary Directory (/tmp)...
         Mounting [0;1;39mTemporary Directory (/tmp)[0m...
[   15.813938] systemd[1]: Starting Create list of static device nodes for the current kernel...
         Starting [0;1;39mCreate list of stâ€¦odes for the current kernel[0m...
[   15.848862] systemd[1]: Starting Start psplash boot splash screen...
         Starting [0;1;39mStart psplash boot splash screen[0m...
[   15.882539] systemd[1]: Starting RPC Bind...
         Starting [0;1;39mRPC Bind[0m...
[   15.904252] systemd[1]: Condition check resulted in File System Check on Root Device being skipped.
[   15.916727] systemd[1]: Starting Journal Service...
         Starting [0;1;39mJournal Service[0m...
[   15.946514] systemd[1]: Starting Load Kernel Modules...
         Starting [0;1;39mLoad Kernel Modules[0m...
[   15.970457] systemd[1]: Starting Remount Root and Kernel File Systems...
         Starting [0;1;39mRemount Root and Kernel File Systems[0m...
[   15.995289] systemd[1]: Starting udev Coldplug all Devices...
         Starting [0;1;39mudev Coldplug all Devices[0m...
[   16.022854] systemd[1]: Started Start psplash boot splash screen.
[[0;32m  OK  [0m] Started [0;1;39mStart psplash boot splash screen[0m.
[   16.048139] systemd[1]: Started RPC Bind.
[[0;32m  OK  [0m] Started [0;1;39mRPC Bind[0m.
[   16.068067] systemd[1]: Started Journal Service.
[[0;32m  OK  [0m] Started [0;1;39mJournal Service[0m.
[[0;32m  OK  [0m] Mounted [0;1;39mHuge Pages File System[0m.
[[0;32m  OK  [0m] Mounted [0;1;39mPOSIX Message Queue File System[0m.
[[0;32m  OK  [0m] Mounted [0;1;39mKernel Debug File System[0m.
[[0;32m  OK  [0m] Mounted [0;1;39mTemporary Directory (/tmp)[0m.
[[0;32m  OK  [0m] Started [0;1;39mCreate list of staâ€¦ nodes for the current kernel[0m.
[[0;32m  OK  [0m] Started [0;1;39mLoad Kernel Modules[0m.
[[0;32m  OK  [0m] Started [0;1;39mRemount Root and Kernel File Systems[0m.
         Mounting [0;1;39mKernel Configuration File System[0m...
[[0;32m  OK  [0m] Started [0;1;39mStart psplash-systâ€¦progress communication helper[0m.
         Starting [0;1;39mFlush Journal to Persistent Storage[0m...
         Starting [0;1;39mApply Kernel Variables[0m...
[   16.308382] systemd-journald[371]: Received client request to flush runtime journal.
         Starting [0;1;39mCreate Static Device Nodes in /dev[0m...
[[0;32m  OK  [0m] Mounted [0;1;39mKernel Configuration File System[0m.
[[0;32m  OK  [0m] Started [0;1;39mFlush Journal to Persistent Storage[0m.
[[0;32m  OK  [0m] Started [0;1;39mApply Kernel Variables[0m.
[[0;32m  OK  [0m] Started [0;1;39mCreate Static Device Nodes in /dev[0m.
[[0;32m  OK  [0m] Reached target [0;1;39mLocal File Systems (Pre)[0m.
         Mounting [0;1;39m/var/volatile[0m...
         Starting [0;1;39mudev Kernel Device Manager[0m...
[[0;32m  OK  [0m] Started [0;1;39mudev Coldplug all Devices[0m.
[[0;32m  OK  [0m] Mounted [0;1;39m/var/volatile[0m.
         Starting [0;1;39mLoad/Save Random Seed[0m...
[[0;32m  OK  [0m] Reached target [0;1;39mLocal File Systems[0m.
         Starting [0;1;39mCreate Volatile Files and Directories[0m...
[[0;32m  OK  [0m] Started [0;1;39mudev Kernel Device Manager[0m.
[[0;32m  OK  [0m] Started [0;1;39mLoad/Save Random Seed[0m.
         Starting [0;1;39mNetwork Service[0m...
[[0;32m  OK  [0m] Started [0;1;39mCreate Volatile Files and Directories[0m.
         Starting [0;1;39mNetwork Time Synchronization[0m...
         Starting [0;1;39mUpdate UTMP about System Boot/Shutdown[0m...
[[0;32m  OK  [0m] Started [0;1;39mNetwork Service[0m.
         Starting [0;1;39mNetwork Name Resolution[0m...
[[0;32m  OK  [0m] Started [0;1;39mUpdate UTMP about System Bo[   16.861889] pwm-backlight: probe of backlight failed with error -16
ot/Shutdown[0m.
[   16.886156] at24 7-0050: supply vcc not found, using dummy regulator
[   16.893324] at24 7-0050: 128 byte br24t01 EEPROM, writable, 8 bytes/write
[[0;32m  OK  [0m] Reached target [0;1;39mHardware activated USB gadget[0m.
[[0;32m  OK  [0m] Started [0;1;39mNetwork Time Synchronization[0m.
[[0;32m  OK  [0m] Reached target [0;1;39mSystem Initialization[0m.
[[0;32m  OK  [0m] Started [0;1;39mDaily Cleanup of Temporary Directories[0m.
[[0;32m  OK  [0m] Reached target [0;1;39mSystem Time Set[0m.
[[0;32m  OK  [0m] Reached target [0;1;39mSystem Time Synchronized[0m.
[[0;32m  OK  [0m] Reached target [0;1;39mTimers[0m.
[[0;32m  OK  [0m] Listening on [0;1;39mAvahi mDNS/DNS-SD Stack Activation Socket[0m.
[   17.053810] ccree e6601000.crypto: ARM CryptoCell 630P Driver: HW version 0xAF400001/0xDCC63000, Driver version 5.0
[[0;32m  OK  [0m] Listening on [0;1;39mD-Bus System Message Bus Socket[0m.
[   17.088422] renesas_usb3 ee020000.usb: probed with phy
[[0;32m  OK  [0m] Listening on [0;1;39mdropbear.socket[0m.
[   17.109943] ccree e6601000.crypto: ARM ccree device initialized
[[0;32m  OK  [0m] Reached targ[   17.125886] xhci-hcd ee000000.usb: xHCI Host Controller
et [0;1;39mSock[   17.133075] xhci-hcd ee000000.usb: new USB bus registered, assigned bus number 9
ets[0m.
[[0;32m  OK  [0m] Reached target [0;1;39mBasic System[0m.
[   17.157519] xhci-hcd ee000000.usb: hcc params 0x014051ce hci version 0x100 quirks 0x0000000000830410
[   17.166868] xhci-hcd ee000000.usb: irq 172, io mem 0xee000000
[   17.172948] xhci-hcd ee000000.usb: xHCI Host Controller
[   17.178328] xhci-hcd ee000000.usb: new USB bus registered, assigned bus number 10
[   17.185963] xhci-hcd ee000000.usb: Host supports USB 3.0 SuperSpeed
[   17.193206] hub 9-0:1.0: USB hub found
[   17.197098] hub 9-0:1.0: 1 port detected
[   17.203877] usb usb10: We don't know the algorithms for LPM for this host, disabling LPM.
[   17.212496] hub 10-0:1.0: USB hub found
[   17.216403] hub 10-0:1.0: 1 port detected
[[0;32m  OK  [0m] Started [0;1;39mD-Bus System Message Bus[0m.
[[0;32m  OK  [0m] Started [0;1;39moptee services[0m.
         Starting [0;1;39mpvrinit.service[0m...
         Starting [0;1;39mPowerVR consumer services[0m...
         Starting [0;1;39mLogin Service[0m...
[[0;32m  OK  [0m] Started [0;1;39mNetwork Name Resolution[0m.
[[0;1;31mFAILED[0m] Failed to start [0;1;39mpvrinit.service[0m.
See 'systemctl status pvrinit.service' for details.
[[0;1;31mFAILED[0m] Failed to start [0;1;39mPowerVR consumer services[0m.
See 'systemctl status rc.pvr.service' for details.
[[0;1;38;5;185mDEPEND[0m] Dependency failed for [0;1;39mWeston Wayland Compositor[0m.
[[0;32m  OK  [0m] Started [0;1;39mLogin Service[0m.
[[0;32m  OK  [0m] Created slice [0;1;39msystem-weston.slice[0m.
[[0;32m  OK  [0m] Reached target [0;1;39mNetwork[0m.
[[0;32m  OK  [0m] Reached target [0;1;39mHost and Network Name Lookups[0m.
         Starting [0;1;39mAvahi mDNS/DNS-SD Stack[0m...
         Starting [0;1;39mset_default_governor.service[0m...
         Starting [0;1;39mPermit User Sessions[0m...
[[0;32m  OK  [0m] Started [0;1;39mXinetd A Powerful Replacement For Inetd[0m.
[   17.676253] rd 0-7: Disabling EAS, schedutil is mandatory
[[0;32m  OK  [0m] Started [0;1;39mPermit User Sessions[0m.
[[0;32m  OK  [0m] Started [0;1;39mAvahi mDNS/DNS-SD Stack[0m.
[[0;32m  OK  [0m] Started [0;1;39mset_default_governor.service[0m.
[[0;32m  OK  [0m] Started [0;1;39mGetty on tty1[0m.
[[0;32m  OK  [0m] Started [0;1;39mSerial Getty on ttySC0[0m.
[[0;32m  OK  [0m] Reached target [0;1;39mLogin Prompts[0m.
[[0;32m  OK  [0m] Reached target [0;1;39mMulti-User System[0m.
         Starting [0;1;39mUpdate UTMP about System Runlevel Changes[0m...
[[0;32m  OK  [0m] Started [0;1;39mUpdate UTMP about System Runlevel Changes[0m.

Poky (Yocto Project Reference Distro) 3.1.11 salvator-x ttySC0

salvator-x login: 
salvator-x login: root
[   19.492333] audit: type=1006 audit(1703064537.668:2): pid=542 uid=0 old-auid=4294967295 auid=0 tty=(none) old-ses=4294967295 ses=1 res=1
7[r[999;999H[6n8root@salvator-x:~# 
root@salvator-x:~# 
root@salvator-x:~# 
root@salvator-x:~# 
root@salvator-x:~# 
root@salvator-x:~# 
root@salvator-x:~# 
root@salvator-x:~# 
root@salvator-x:~# [   41.951772] SDHI0 VccQ: disabling
[   41.955165] SDHI3 VccQ: disabling
[  206.803995] usb 10-1: new SuperSpeed Gen 1 USB device number 2 using xhci-hcd
[  206.837971] usb-storage 10-1:1.0: USB Mass Storage device detected
[  206.844549] scsi host1: usb-storage 10-1:1.0
[  207.873234] scsi 1:0:0:0: Direct-Access     SanDisk  Extreme Pro      0    PQ: 0 ANSI: 6
[  207.883881] sd 1:0:0:0: [sda] 250085376 512-byte logical blocks: (128 GB/119 GiB)
[  207.892239] sd 1:0:0:0: [sda] Write Protect is off
[  207.897812] sd 1:0:0:0: [sda] Write cache: enabled, read cache: enabled, doesn't support DPO or FUA
[  207.928773]  sda: sda1
[  207.935397] sd 1:0:0:0: [sda] Attached SCSI removable disk

root@salvator-x:~# dmesg | grep iommu
[    0.114398] iommu: Default domain type: Translated 
[    0.114987] ipmmu-vmsa e67b0000.iommu: IPMMU context 0 is reserved
[    2.639997] renesas_sdhi_internal_dmac ee140000.mmc: Adding to iommu group 0
root@salvator-x:~# 
root@salvator-x:~# find /sys/devices/platform/soc/ee000000.usb/ -name 'sd*'
/sys/devices/platform/soc/ee000000.usb/usb10/10-1/10-1:1.0/host1/target1:0:0/1:0:0:0/block/sda
/sys/devices/platform/soc/ee000000.usb/usb10/10-1/10-1:1.0/host1/target1:0:0/1:0:0:0/block/sda/sda1
root@salvator-x:~# 
root@salvator-x:~# dd if=/dev/zero of=/dev/sda1 bs=512K count=64 oflag=direct
64+0 records in
64+0 records out
33554432 bytes (34 MB, 32 MiB) copied, 0.173958 s, 193 MB/s
root@salvator-x:~# 
root@salvator-x:~# dd if=/dev/sda1 of=/dev/null bs=512K count=64 iflag=direct
64+0 records in
64+0 records out
33554432 bytes (34 MB, 32 MiB) copied, 0.149163 s, 225 MB/s
root@salvator-x:~# 
 
#### Result: OK ####
