
Please press switch to restart board 

[F 00:00:120
[F 00:00:119
NOTICE:  BL2: R-Car Gen3 Initial Program Loader(CA57) Rev.4.0.0
NOTICE:  BL2: PRR is R-Car M3 Ver.3.0
NOTICE:  BL2: Board is Salvator-XS Rev.1.0
NOTICE:  BL2: Boot device is HyperFlash(160MHz)
NOTICE:  BL2: LCM state is CM
NOTICE:  AVS setting succeeded. DVFS_SetVID=0x53
NOTICE:  BL2: DDR3200(rev.0.42)
NOTICE:  BL2: [COLD_BOOT]
NOTICE:  BL2: DRAM Split is 2ch
NOTICE:  BL2: QoS is default setting(rev.0.04)
NOTICE:  BL2: DRAM refresh interval 1.95 usec
NOTICE:  BL2: Periodic Write DQ Training
NOTICE:  BL2: CH0: 400000000 - 4ffffffff, 4 GiB
NOTICE:  BL2: CH2: 600000000 - 6ffffffff, 4 GiB
NOTICE:  BL2: Lossy Decomp areas
NOTICE:       Entry 0: DCMPAREACRAx:0x80000540 DCMPAREACRBx:0x570
NOTICE:       Entry 1: DCMPAREACRAx:0x40000000 DCMPAREACRBx:0x0
NOTICE:       Entry 2: DCMPAREACRAx:0x20000000 DCMPAREACRBx:0x0
NOTICE:  BL2: FDT at 0xe6326f70
NOTICE:  BL2: v2.9(release):9cdb21f75
NOTICE:  BL2: Built : 08:35:43, Jan 13 2024
NOTICE:  BL2: Normal boot
NOTICE:  BL2: dst=0xe6326800 src=0x8180000 len=512(0x200)
NOTICE:  BL2: dst=0x43f00000 src=0x8180400 len=6144(0x1800)
NOTICE:  rcar_file_len: len: 0x0003e000
NOTICE:  BL2: dst=0x44000000 src=0x81c0000 len=253952(0x3e000)
NOTICE:  rcar_file_len: len: 0x00200000
NOTICE:  BL2: dst=0x44100000 src=0x8200000 len=2097152(0x200000)
NOTICE:  rcar_file_len: len: 0x00100000
NOTICE:  BL2: dst=0x50000000 src=0x8640000 len=1048576(0x100000)
NOTICE:  BL2: Booting BL31


U-Boot 2020.10 (Jan 13 2024 - 08:36:37 +0000)

CPU: Renesas Electronics R8A7796 rev 3.0
Model: Renesas Salvator-X 2nd version board based on r8a77961
DRAM:  7.9 GiB
RAM Configuration:
Bank #0: 0x048000000 - 0x0bfffffff, 1.9 GiB
Bank #1: 0x480000000 - 0x4ffffffff, 2 GiB
Bank #2: 0x600000000 - 0x6ffffffff, 4 GiB

MMC:   mmc@ee100000: 0, mmc@ee140000: 1, mmc@ee160000: 2
Loading Environment from MMC... OK
In:    serial@e6e88000
Out:   serial@e6e88000
Err:   serial@e6e88000
Net:   eth0: ethernet@e6800000
Hit any key to stop autoboot:  3  2  1  0 
ethernet@e6800000 Waiting for PHY auto negotiation to complete............. done
Using ethernet@e6800000 device
TFTP from server 192.168.10.98; our IP address is 192.168.10.108
Filename 'BV/PT3/boot_USB3H/Image'.
Load address: 0x48080000
Loading: *#################################################################
	 #################################################################
	 #################################################################
	 #################################################################
	 #################################################################
	 #################################################################
	 #################################################################
	 #################################################################
	 #################################################################
	 #################################################################
	 #################################################################
	 #################################################################
	 #################################################################
	 #################################################################
	 #################################################################
	 #################################################################
	 #################################################################
	 #################################################################
	 #################################################################
	 #################################################################
	 #################################################################
	 #################################################################
	 #################################################################
	 #################################################################
	 #################################################################
	 #################################################################
	 #################################################################
	 #################################################################
	 #################################################################
	 #################################################################
	 #################################################################
	 #################################################################
	 #################################################################
	 #################################################################
	 #################################################################
	 #################################################################
	 #################################################################
	 #################################################################
	 #################################################################
	 #################################################################
	 #################################################################
	 ############################################
	 4.4 MiB/s
done
Bytes transferred = 39762432 (25eba00 hex)
Using ethernet@e6800000 device
TFTP from server 192.168.10.98; our IP address is 192.168.10.108
Filename 'BV/PT3/boot_USB3H/r8a779m3-salvator-xs.dtb'.
Load address: 0x48000000
Loading: *######
	 4.6 MiB/s
done
Bytes transferred = 76881 (12c51 hex)
Moving Image from 0x48080000 to 0x48200000, end=4a880000
## Flattened Device Tree blob at 48000000
   Booting using the fdt blob at 0x48000000
   Loading Device Tree to 0000000053fea000, end 0000000053fffc50 ... OK

Starting kernel ...

[    0.000000] Booting Linux on physical CPU 0x0000000000 [0x411fd073]
[    0.000000] Linux version 5.10.194-yocto-standard (thuan.nguyen-hong@banvien) (aarch64-poky-linux-gcc (GCC) 9.3.0, GNU ld (GNU Binutils) 2.34.0.20200220) #14 SMP PREEMPT Mon Feb 5 10:45:47 UTC 2024
[    0.000000] Machine model: Renesas Salvator-X 2nd version board based on r8a779m3
[    0.000000] efi: UEFI not found.
[    0.000000] Reserved memory: created CMA memory pool at 0x0000000057000000, size 16 MiB
[    0.000000] OF: reserved mem: initialized node linux,adsp@57000000, compatible id shared-dma-pool
[    0.000000] Reserved memory: created CMA memory pool at 0x0000000058000000, size 384 MiB
[    0.000000] OF: reserved mem: initialized node linux,cma@58000000, compatible id shared-dma-pool
[    0.000000] Reserved memory: created CMA memory pool at 0x0000000070000000, size 256 MiB
[    0.000000] OF: reserved mem: initialized node linux,multimedia@70000000, compatible id shared-dma-pool
[    0.000000] NUMA: No NUMA configuration found
[    0.000000] NUMA: Faking a node at [mem 0x0000000048000000-0x00000006ffffffff]
[    0.000000] NUMA: NODE_DATA [mem 0x6fefebb00-0x6fefedfff]
[    0.000000] Zone ranges:
[    0.000000]   DMA      [mem 0x0000000048000000-0x00000000ffffffff]
[    0.000000]   DMA32    empty
[    0.000000]   Normal   [mem 0x0000000100000000-0x00000006ffffffff]
[    0.000000] Movable zone start for each node
[    0.000000] Early memory node ranges
[    0.000000]   node   0: [mem 0x0000000048000000-0x0000000053ffffff]
[    0.000000]   node   0: [mem 0x0000000054000000-0x0000000056ffffff]
[    0.000000]   node   0: [mem 0x0000000057000000-0x00000000bfffffff]
[    0.000000]   node   0: [mem 0x0000000480000000-0x00000004ffffffff]
[    0.000000]   node   0: [mem 0x0000000600000000-0x00000006ffffffff]
[    0.000000] Initmem setup node 0 [mem 0x0000000048000000-0x00000006ffffffff]
[    0.000000] psci: probing for conduit method from DT.
[    0.000000] psci: PSCIv1.1 detected in firmware.
[    0.000000] psci: Using standard PSCI v0.2 function IDs
[    0.000000] psci: Trusted OS resident on physical CPU 0x0
[    0.000000] psci: SMC Calling Convention v1.2
[    0.000000] percpu: Embedded 32 pages/cpu s90264 r8192 d32616 u131072
[    0.000000] Detected PIPT I-cache on CPU0
[    0.000000] CPU features: detected: EL2 vector hardening
[    0.000000] CPU features: detected: Spectre-v2
[    0.000000] CPU features: detected: ARM errata 1165522, 1319367, or 1530923
[    0.000000] CPU features: detected: Spectre-BHB
[    0.000000] CPU features: detected: ARM erratum 1742098
[    0.000000] Built 1 zonelists, mobility grouping on.  Total pages: 2032128
[    0.000000] Policy zone: Normal
[    0.000000] Kernel command line: rw root=/dev/nfs nfsroot=192.168.10.98:/data/tftpboot/BV/PT3/rootfs_M3e,nfsvers=4 ip=192.168.10.108
[    0.000000] Dentry cache hash table entries: 1048576 (order: 11, 8388608 bytes, linear)
[    0.000000] Inode-cache hash table entries: 524288 (order: 10, 4194304 bytes, linear)
[    0.000000] mem auto-init: stack:off, heap alloc:off, heap free:off
[    0.000000] software IO TLB: mapped [mem 0x00000000bc000000-0x00000000c0000000] (64MB)
[    0.000000] Memory: 7270620K/8257536K available (16768K kernel code, 3822K rwdata, 8980K rodata, 9152K init, 531K bss, 315172K reserved, 671744K cma-reserved)
[    0.000000] SLUB: HWalign=64, Order=0-3, MinObjects=0, CPUs=6, Nodes=1
[    0.000000] ftrace: allocating 59699 entries in 234 pages
[    0.000000] ftrace: allocated 234 pages with 5 groups
[    0.000000] rcu: Preemptible hierarchical RCU implementation.
[    0.000000] rcu: 	RCU event tracing is enabled.
[    0.000000] rcu: 	RCU restricting CPUs from NR_CPUS=256 to nr_cpu_ids=6.
[    0.000000] 	Trampoline variant of Tasks RCU enabled.
[    0.000000] 	Rude variant of Tasks RCU enabled.
[    0.000000] rcu: RCU calculated value of scheduler-enlistment delay is 25 jiffies.
[    0.000000] rcu: Adjusting geometry for rcu_fanout_leaf=16, nr_cpu_ids=6
[    0.000000] NR_IRQS: 64, nr_irqs: 64, preallocated irqs: 0
[    0.000000] arch_timer: cp15 timer(s) running at 8.32MHz (virt).
[    0.000000] clocksource: arch_sys_counter: mask: 0xffffffffffffff max_cycles: 0x1eb398c07, max_idle_ns: 440795202503 ns
[    0.000003] sched_clock: 56 bits at 8MHz, resolution 120ns, wraps every 2199023255503ns
[    0.000233] Console: colour dummy device 80x25
[    0.000472] printk: console [tty0] enabled
[    0.000558] Calibrating delay loop (skipped), value calculated using timer frequency.. 16.64 BogoMIPS (lpj=33280)
[    0.000578] pid_max: default: 32768 minimum: 301
[    0.000641] LSM: Security Framework initializing
[    0.000738] Mount-cache hash table entries: 16384 (order: 5, 131072 bytes, linear)
[    0.000792] Mountpoint-cache hash table entries: 16384 (order: 5, 131072 bytes, linear)
[    0.002390] rcu: Hierarchical SRCU implementation.
[    0.004085] Detected Renesas R-Car Gen3 r8a77961 ES3.0
[    0.005895] EFI services will not be available.
[    0.006242] smp: Bringing up secondary CPUs ...
[    0.006787] Detected PIPT I-cache on CPU1
[    0.006846] CPU1: Booted secondary processor 0x0000000001 [0x411fd073]
[    0.007470] CPU features: detected: ARM erratum 845719
[    0.007488] Detected VIPT I-cache on CPU2
[    0.007547] CPU2: Booted secondary processor 0x0000000100 [0x410fd034]
[    0.008100] Detected VIPT I-cache on CPU3
[    0.008129] CPU3: Booted secondary processor 0x0000000101 [0x410fd034]
[    0.008646] Detected VIPT I-cache on CPU4
[    0.008674] CPU4: Booted secondary processor 0x0000000102 [0x410fd034]
[    0.009154] Detected VIPT I-cache on CPU5
[    0.009182] CPU5: Booted secondary processor 0x0000000103 [0x410fd034]
[    0.009268] smp: Brought up 1 node, 6 CPUs
[    0.009328] SMP: Total of 6 processors activated.
[    0.009336] CPU features: detected: 32-bit EL0 Support
[    0.009344] CPU features: detected: CRC32 instructions
[    0.009352] CPU features: detected: 32-bit EL1 Support
[    0.023143] CPU: All CPU(s) started at EL1
[    0.023207] alternatives: patching kernel code
[    0.024283] devtmpfs: initialized
[    0.030536] KASLR disabled due to lack of seed
[    0.030709] clocksource: jiffies: mask: 0xffffffff max_cycles: 0xffffffff, max_idle_ns: 7645041785100000 ns
[    0.030732] futex hash table entries: 2048 (order: 5, 131072 bytes, linear)
[    0.039371] pinctrl core: initialized pinctrl subsystem
[    0.040933] DMI not present or invalid.
[    0.041457] NET: Registered protocol family 16
[    0.042377] DMA: preallocated 1024 KiB GFP_KERNEL pool for atomic allocations
[    0.042559] DMA: preallocated 1024 KiB GFP_KERNEL|GFP_DMA pool for atomic allocations
[    0.042831] DMA: preallocated 1024 KiB GFP_KERNEL|GFP_DMA32 pool for atomic allocations
[    0.042885] audit: initializing netlink subsys (disabled)
[    0.043096] audit: type=2000 audit(0.040:1): state=initialized audit_enabled=0 res=1
[    0.044276] thermal_sys: Registered thermal governor 'power_allocator'
[    0.044890] cpuidle: using governor menu
[    0.045102] hw-breakpoint: found 6 breakpoint and 4 watchpoint registers.
[    0.045220] ASID allocator initialised with 65536 entries
[    0.046708] Serial: AMBA PL011 UART driver
[    0.083982] sh-pfc e6060000.pinctrl: r8a77961_pfc support registered
[    0.096905] HugeTLB registered 1.00 GiB page size, pre-allocated 0 pages
[    0.096921] HugeTLB registered 32.0 MiB page size, pre-allocated 0 pages
[    0.096929] HugeTLB registered 2.00 MiB page size, pre-allocated 0 pages
[    0.096938] HugeTLB registered 64.0 KiB page size, pre-allocated 0 pages
[    0.098109] cryptd: max_cpu_qlen set to 1000
[    0.100694] ACPI: Interpreter disabled.
[    0.104260] rcar-avs: use avs value: 0
[    0.104284] rcar-avs: cpu@0 is running with: opp_table0
[    0.104294] rcar-avs: cpu@1 is running with: opp_table0
[    0.104385] rcar-avs: gsx@fd000000 is running with: gsx_opp_table0
[    0.105863] iommu: Default domain type: Translated 
[    0.106503] ipmmu-vmsa e67b0000.iommu: IPMMU context 0 is reserved
[    0.107457] vgaarb: loaded
[    0.107730] SCSI subsystem initialized
[    0.108030] usbcore: registered new interface driver usbfs
[    0.108062] usbcore: registered new interface driver hub
[    0.108089] usbcore: registered new device driver usb
[    0.111775] i2c-sh_mobile e60b0000.i2c: I2C adapter 7, bus speed 400000 Hz
[    0.112345] mc: Linux media interface: v0.10
[    0.112377] videodev: Linux video capture interface: v2.00
[    0.112444] pps_core: LinuxPPS API ver. 1 registered
[    0.112452] pps_core: Software ver. 5.3.6 - Copyright 2005-2007 Rodolfo Giometti <giometti@linux.it>
[    0.112467] PTP clock support registered
[    0.112674] EDAC MC: Ver: 3.0.0
[    0.114706] FPGA manager framework
[    0.114783] Advanced Linux Sound Architecture Driver Initialized.
[    0.115410] clocksource: Switched to clocksource arch_sys_counter
[    0.571661] VFS: Disk quotas dquot_6.6.0
[    0.571735] VFS: Dquot-cache hash table entries: 512 (order 0, 4096 bytes)
[    0.571906] pnp: PnP ACPI: disabled
[    0.576627] NET: Registered protocol family 2
[    0.577063] IP idents hash table entries: 131072 (order: 8, 1048576 bytes, linear)
[    0.579384] tcp_listen_portaddr_hash hash table entries: 4096 (order: 4, 65536 bytes, linear)
[    0.579500] TCP established hash table entries: 65536 (order: 7, 524288 bytes, linear)
[    0.579786] TCP bind hash table entries: 65536 (order: 8, 1048576 bytes, linear)
[    0.580400] TCP: Hash tables configured (established 65536 bind 65536)
[    0.580539] UDP hash table entries: 4096 (order: 5, 131072 bytes, linear)
[    0.580661] UDP-Lite hash table entries: 4096 (order: 5, 131072 bytes, linear)
[    0.580891] NET: Registered protocol family 1
[    0.581289] RPC: Registered named UNIX socket transport module.
[    0.581305] RPC: Registered udp transport module.
[    0.581311] RPC: Registered tcp transport module.
[    0.581318] RPC: Registered tcp NFSv4.1 backchannel transport module.
[    0.581332] PCI: CLS 0 bytes, default 64
[    0.582215] hw perfevents: enabled with armv8_cortex_a53 PMU driver, 7 counters available
[    0.582458] hw perfevents: enabled with armv8_cortex_a57 PMU driver, 7 counters available
[    0.583017] kvm [1]: HYP mode not available
[    0.586232] Initialise system trusted keyrings
[    0.586367] workingset: timestamp_bits=42 max_order=21 bucket_order=0
[    0.589680] squashfs: version 4.0 (2009/01/31) Phillip Lougher
[    0.590148] NFS: Registering the id_resolver key type
[    0.590182] Key type id_resolver registered
[    0.590191] Key type id_legacy registered
[    0.590255] nfs4filelayout_init: NFSv4 File Layout Driver Registering...
[    0.590266] nfs4flexfilelayout_init: NFSv4 Flexfile Layout Driver Registering...
[    0.590380] 9p: Installing v9fs 9p2000 file system support
[    0.616535] Key type asymmetric registered
[    0.616553] Asymmetric key parser 'x509' registered
[    0.616594] Block layer SCSI generic (bsg) driver version 0.4 loaded (major 243)
[    0.616606] io scheduler mq-deadline registered
[    0.616615] io scheduler kyber registered
[    0.629890] gpio_rcar e6050000.gpio: driving 16 GPIOs
[    0.630303] gpio_rcar e6051000.gpio: driving 29 GPIOs
[    0.630638] gpio_rcar e6052000.gpio: driving 15 GPIOs
[    0.630944] gpio_rcar e6053000.gpio: driving 16 GPIOs
[    0.631248] gpio_rcar e6054000.gpio: driving 18 GPIOs
[    0.631577] gpio_rcar e6055000.gpio: driving 26 GPIOs
[    0.631891] gpio_rcar e6055400.gpio: driving 32 GPIOs
[    0.632181] gpio_rcar e6055800.gpio: driving 4 GPIOs
[    0.635059] rcar-pcie fe000000.pcie: host bridge /soc/pcie@fe000000 ranges:
[    0.635095] rcar-pcie fe000000.pcie:       IO 0x00fe100000..0x00fe1fffff -> 0x0000000000
[    0.635119] rcar-pcie fe000000.pcie:      MEM 0x00fe200000..0x00fe3fffff -> 0x00fe200000
[    0.635140] rcar-pcie fe000000.pcie:      MEM 0x0030000000..0x0037ffffff -> 0x0030000000
[    0.635156] rcar-pcie fe000000.pcie:      MEM 0x0038000000..0x003fffffff -> 0x0038000000
[    0.635178] rcar-pcie fe000000.pcie:   IB MEM 0x0040000000..0x00bfffffff -> 0x0040000000
[    0.635227] rcar-pcie fe000000.pcie: no pcie3v3 regulator found
[    0.635239] rcar-pcie fe000000.pcie: no pcie1v8 regulator found
[    0.699124] rcar-pcie fe000000.pcie: PCIe link down
[    0.699326] rcar-pcie ee800000.pcie: host bridge /soc/pcie@ee800000 ranges:
[    0.699350] rcar-pcie ee800000.pcie:       IO 0x00ee900000..0x00ee9fffff -> 0x0000000000
[    0.699371] rcar-pcie ee800000.pcie:      MEM 0x00eea00000..0x00eebfffff -> 0x00eea00000
[    0.699406] rcar-pcie ee800000.pcie:      MEM 0x00c0000000..0x00c7ffffff -> 0x00c0000000
[    0.699423] rcar-pcie ee800000.pcie:      MEM 0x00c8000000..0x00cfffffff -> 0x00c8000000
[    0.699440] rcar-pcie ee800000.pcie:   IB MEM 0x0040000000..0x00bfffffff -> 0x0040000000
[    0.699473] rcar-pcie ee800000.pcie: no pcie3v3 regulator found
[    0.699483] rcar-pcie ee800000.pcie: no pcie1v8 regulator found
[    0.767104] rcar-pcie ee800000.pcie: PCIe link down
[    0.769339] EINJ: ACPI disabled.
[    0.802386] Serial: 8250/16550 driver, 4 ports, IRQ sharing enabled
[    0.804816] SuperH (H)SCI(F) driver initialized
[    0.805259] e6550000.serial: ttySC1 at MMIO 0xe6550000 (irq = 40, base_baud = 0) is a hscif
[    0.806141] e6e88000.serial: ttySC0 at MMIO 0xe6e88000 (irq = 123, base_baud = 0) is a scif
[    1.985123] printk: console [ttySC0] enabled
[    1.990663] msm_serial: driver initialized
[    2.000231] rcar-dw-hdmi fead0000.hdmi: Detected HDMI TX controller v2.01a with HDCP (DWC HDMI 2.0 TX PHY)
[    2.010204] rcar-dw-hdmi fead0000.hdmi: registered DesignWare HDMI I2C bus driver
[    2.026274] loop: module loaded
[    2.030946] megasas: 07.714.04.00-rc1
[    2.040525] tun: Universal TUN/TAP device driver, 1.6
[    2.046447] thunder_xcv, ver 1.0
[    2.049721] thunder_bgx, ver 1.0
[    2.052975] nicpf, ver 1.0
[    2.056948] hclge is initializing
[    2.060300] hns3: Hisilicon Ethernet Network Driver for Hip08 Family - version
[    2.067527] hns3: Copyright (c) 2017 Huawei Corporation.
[    2.072871] e1000: Intel(R) PRO/1000 Network Driver
[    2.077755] e1000: Copyright (c) 1999-2006 Intel Corporation.
[    2.083524] e1000e: Intel(R) PRO/1000 Network Driver
[    2.088491] e1000e: Copyright(c) 1999 - 2015 Intel Corporation.
[    2.094433] igb: Intel(R) Gigabit Ethernet Network Driver
[    2.099835] igb: Copyright (c) 2007-2014 Intel Corporation.
[    2.105426] igbvf: Intel(R) Gigabit Virtual Function Network Driver
[    2.111700] igbvf: Copyright (c) 2009 - 2012 Intel Corporation.
[    2.118010] sky2: driver version 1.30
[    2.125794] ravb e6800000.ethernet eth0: Base address at 0xe6800000, 2e:09:0a:03:99:2e, IRQ 120.
[    2.136091] VFIO - User Level meta-driver version: 0.3
[    2.143129] ehci_hcd: USB 2.0 'Enhanced' Host Controller (EHCI) Driver
[    2.149683] ehci-pci: EHCI PCI platform driver
[    2.154155] ehci-platform: EHCI generic platform driver
[    2.159903] ehci-platform ee0a0100.usb: EHCI Host Controller
[    2.165596] ehci-platform ee0a0100.usb: new USB bus registered, assigned bus number 1
[    2.173520] ehci-platform ee0a0100.usb: irq 170, io mem 0xee0a0100
[    2.195412] ehci-platform ee0a0100.usb: USB 2.0 started, EHCI 1.10
[    2.201995] hub 1-0:1.0: USB hub found
[    2.205773] hub 1-0:1.0: 1 port detected
[    2.210227] ehci-orion: EHCI orion driver
[    2.214523] ehci-exynos: EHCI Exynos driver
[    2.218832] ohci_hcd: USB 1.1 'Open' Host Controller (OHCI) Driver
[    2.225035] ohci-pci: OHCI PCI platform driver
[    2.229529] ohci-platform: OHCI generic platform driver
[    2.235143] ohci-platform ee0a0000.usb: Generic Platform OHCI controller
[    2.241869] ohci-platform ee0a0000.usb: new USB bus registered, assigned bus number 2
[    2.249778] ohci-platform ee0a0000.usb: irq 170, io mem 0xee0a0000
[    2.345779] hub 2-0:1.0: USB hub found
[    2.349555] hub 2-0:1.0: 1 port detected
[    2.353956] ohci-exynos: OHCI Exynos driver
[    2.358439] usbcore: registered new interface driver usb-storage
[    2.365975] renesas_usbhs e6590000.usb: host probed
[    2.370883] renesas_usbhs e6590000.usb: no transceiver found
[    2.376632] renesas_usbhs e6590000.usb: gadget probed
[    2.381881] renesas_usbhs e6590000.usb: probed
[    2.388619] i2c /dev entries driver
[    2.403237] cs2000-cp 2-004f: revision - C1
[    2.407519] i2c-rcar e6510000.i2c: probed
[    2.412524] pca953x 4-0020: supply vcc not found, using dummy regulator
[    2.419265] pca953x 4-0020: using no AI
[    2.429975] i2c-rcar e66d8000.i2c: probed
[    2.435432] adv748x 4-0070: Endpoint /soc/i2c@e66d8000/video-receiver@70/port@7/endpoint on port 7
[    2.444417] adv748x 4-0070: Endpoint /soc/i2c@e66d8000/video-receiver@70/port@8/endpoint on port 8
[    2.453390] adv748x 4-0070: Endpoint /soc/i2c@e66d8000/video-receiver@70/port@a/endpoint on port 10
[    2.462460] adv748x 4-0070: Endpoint /soc/i2c@e66d8000/video-receiver@70/port@b/endpoint on port 11
[    2.471855] adv748x 4-0070: chip found @ 0xe0 revision 2143
[    2.525656] rcar-csi2 fea80000.csi2: 1 lanes found
[    2.530857] rcar-csi2 feaa0000.csi2: 4 lanes found
[    2.540748] rcar-vin e6ef0000.video: Device registered as video0
[    2.546864] rcar-vin e6ef1000.video: Device registered as video1
[    2.552950] rcar-vin e6ef2000.video: Device registered as video2
[    2.559056] rcar-vin e6ef3000.video: Device registered as video3
[    2.565139] rcar-vin e6ef4000.video: Device registered as video4
[    2.571223] rcar-vin e6ef5000.video: Device registered as video5
[    2.577304] rcar-vin e6ef6000.video: Device registered as video6
[    2.583384] rcar-vin e6ef7000.video: Device registered as video7
[    2.592071] rcar_gen3_thermal e6198000.thermal: is using pseudo fixed FUSE values
[    2.603494] rcar_gen3_thermal e6198000.thermal: TSC0: Loaded 1 trip points
[    2.614930] rcar_gen3_thermal e6198000.thermal: TSC1: Loaded 1 trip points
[    2.626182] rcar_gen3_thermal e6198000.thermal: TSC2: Loaded 3 trip points
[    2.638362] sdhci: Secure Digital Host Controller Interface driver
[    2.644587] sdhci: Copyright(c) Pierre Ossman
[    2.649778] Synopsys Designware Multimedia Card Interface Driver
[    2.650306] renesas_sdhi_internal_dmac ee140000.mmc: Adding to iommu group 0
[    2.650507] renesas_sdhi_internal_dmac ee100000.mmc: Got CD GPIO
[    2.650510] renesas_sdhi_internal_dmac ee160000.mmc: Got CD GPIO
[    2.650538] renesas_sdhi_internal_dmac ee100000.mmc: Got WP GPIO
[    2.650546] renesas_sdhi_internal_dmac ee160000.mmc: Got WP GPIO
[    2.656975] sdhci-pltfm: SDHCI platform and OF driver helper
[    2.662892] renesas_sdhi_internal_dmac ee140000.mmc: Using IPMMU context 1
[    2.699790] ledtrig-cpu: registered to indicate activity on CPUs
[    2.706857] SMCCC: SOC_ID: ARCH_SOC_ID not implemented, skipping ....
[    2.713913] usbcore: registered new interface driver usbhid
[    2.719500] usbhid: USB HID core driver
[    2.726769] optee: probing for conduit method.
[    2.731253] optee: revision 3.22 (314ecf9d)
[    2.731730] optee driver R-Car Rev.1.0.11
[    2.740108] optee: dynamic shared memory is enabled
[    2.745297] optee: initialized driver
[    2.748455] renesas_sdhi_internal_dmac ee140000.mmc: mmc0 base at 0x00000000ee140000, max clock rate 200 MHz
[    2.759805] rcar_sound ec500000.sound: probed
[    2.764917] NET: Registered protocol family 17
[    2.769540] 9pnet: Installing 9P2000 support
[    2.773889] Key type dns_resolver registered
[    2.778455] registered taskstats version 1
[    2.782609] Loading compiled-in X.509 certificates
[    2.796989] thermal emergency: set temperature to 110 celsius
[    2.802978] thermal emergency: shutdown target cpus 1-5
[    2.808243] thermal emergency: freq scaled target cpus 0
[    2.813918] renesas_irqc e61c0000.interrupt-controller: driving 6 irqs
[    2.845218] mmc0: new HS400 MMC card at address 0001
[    2.850913] mmcblk0: mmc0:0001 BGSD4R 29.1 GiB 
[    2.855886] mmcblk0boot0: mmc0:0001 BGSD4R partition 1 31.9 MiB
[    2.862226] mmcblk0boot1: mmc0:0001 BGSD4R partition 2 31.9 MiB
[    2.867433] ehci-platform ee080100.usb: EHCI Host Controller
[    2.868273] mmcblk0rpmb: mmc0:0001 BGSD4R partition 3 4.00 MiB, chardev (509:0)
[    2.873834] ehci-platform ee080100.usb: new USB bus registered, assigned bus number 3
[    2.889080] ehci-platform ee080100.usb: irq 169, io mem 0xee080100
[    2.895713]  mmcblk0: p1
[    2.907418] ehci-platform ee080100.usb: USB 2.0 started, EHCI 1.10
[    2.914170] hub 3-0:1.0: USB hub found
[    2.917960] hub 3-0:1.0: 1 port detected
[    2.923674] ohci-platform ee080000.usb: Generic Platform OHCI controller
[    2.930412] ohci-platform ee080000.usb: new USB bus registered, assigned bus number 4
[    2.938325] ohci-platform ee080000.usb: irq 169, io mem 0xee080000
[    3.033948] hub 4-0:1.0: USB hub found
[    3.037731] hub 4-0:1.0: 1 port detected
[    3.043464] cpu cpu0: EM: created perf domain
[    3.048618] cpu cpu2: EM: created perf domain
[    3.057401] renesas_sdhi_internal_dmac ee100000.mmc: Got CD GPIO
[    3.063473] renesas_sdhi_internal_dmac ee100000.mmc: Got WP GPIO
[    3.071330] renesas_sdhi_internal_dmac ee160000.mmc: Got CD GPIO
[    3.077444] renesas_sdhi_internal_dmac ee160000.mmc: Got WP GPIO
[    3.086627] [drm] Initialized rcar-du 1.0.0 20130110 for feb00000.display on minor 0
[    3.094585] [drm] Device feb00000.display probed
[    3.132911] renesas_sdhi_internal_dmac ee100000.mmc: mmc1 base at 0x00000000ee100000, max clock rate 200 MHz
[    3.132923] renesas_sdhi_internal_dmac ee160000.mmc: mmc2 base at 0x00000000ee160000, max clock rate 200 MHz
[    3.137182] Console: switching to colour frame buffer device 128x48
[    3.180413] rcar-du feb00000.display: [drm] fb0: rcar-dudrmfb frame buffer device
[    3.189877] input: keys as /devices/platform/keys/input/input0
[    3.266822] Micrel KSZ9031 Gigabit PHY e6800000.ethernet-ffffffff:00: attached PHY driver [Micrel KSZ9031 Gigabit PHY] (mii_bus:phy_addr=e6800000.ethernet-ffffffff:00, irq=175)
[   10.637888] ravb e6800000.ethernet eth0: Link is Up - 1Gbps/Full - flow control off
[   10.659437] IP-Config: Guessing netmask 255.255.255.0
[   10.664605] IP-Config: Complete:
[   10.667918]      device=eth0, hwaddr=2e:09:0a:03:99:2e, ipaddr=192.168.10.108, mask=255.255.255.0, gw=255.255.255.255
[   10.678731]      host=192.168.10.108, domain=, nis-domain=(none)
[   10.684870]      bootserver=255.255.255.255, rootserver=192.168.10.98, rootpath=
[   10.685476] ALSA device list:
[   10.696093]   #0: rcar-sound
[   11.725211] VFS: Mounted root (nfs4 filesystem) on device 0:23.
[   11.732159] devtmpfs: mounted
[   11.744043] Freeing unused kernel memory: 9152K
[   11.775648] Run /sbin/init as init process
[   12.000107] systemd[1]: System time before build time, advancing clock.
[   12.494717] NET: Registered protocol family 10
[   12.504415] Segment Routing with IPv6
[   12.541377] systemd[1]: systemd 244 running in system mode. (+PAM -AUDIT -SELINUX +IMA -APPARMOR -SMACK +SYSVINIT +UTMP -LIBCRYPTSETUP -GCRYPT -GNUTLS +ACL +XZ -LZ4 -SECCOMP +BLKID -ELFUTILS +KMOD -IDN2 -IDN -PCRE2 default-hierarchy=hybrid)
[   12.572013] systemd[1]: Detected architecture arm64.

Welcome to [1mPoky (Yocto Project Reference Distro) 3.1.11 (dunfell)[0m!

[   12.605925] systemd[1]: Set hostname to <salvator-x>.
[   13.303460] random: crng init done
[   13.490515] systemd[1]: system-getty.slice: unit configures an IP firewall, but the local system does not support BPF/cgroup firewalling.
[   13.511519] systemd[1]: (This warning is only shown for the first unit using IP firewalling.)
[   13.526658] systemd[1]: Created slice system-getty.slice.
[[0;32m  OK  [0m] Created slice [0;1;39msystem-getty.slice[0m.
[   13.552686] systemd[1]: Created slice system-serial\x2dgetty.slice.
[[0;32m  OK  [0m] Created slice [0;1;39msystem-serial\x2dgetty.slice[0m.
[   13.576881] systemd[1]: Created slice User and Session Slice.
[[0;32m  OK  [0m] Created slice [0;1;39mUser and Session Slice[0m.
[   13.600014] systemd[1]: Started Dispatch Password Requests to Console Directory Watch.
[[0;32m  OK  [0m] Started [0;1;39mDispatch Password â€¦ts to Console Directory Watch[0m.
[   13.627908] systemd[1]: Started Forward Password Requests to Wall Directory Watch.
[[0;32m  OK  [0m] Started [0;1;39mForward Password Râ€¦uests to Wall Directory Watch[0m.
[   13.655748] systemd[1]: Reached target Paths.
[[0;32m  OK  [0m] Reached target [0;1;39mPaths[0m.
[   13.679615] systemd[1]: Reached target Remote File Systems.
[[0;32m  OK  [0m] Reached target [0;1;39mRemote File Systems[0m.
[   13.703571] systemd[1]: Reached target Slices.
[[0;32m  OK  [0m] Reached target [0;1;39mSlices[0m.
[   13.727599] systemd[1]: Reached target Swap.
[[0;32m  OK  [0m] Reached target [0;1;39mSwap[0m.
[   13.754082] systemd[1]: Listening on RPCbind Server Activation Socket.
[[0;32m  OK  [0m] Listening on [0;1;39mRPCbind Server Activation Socket[0m.
[   13.783676] systemd[1]: Reached target RPC Port Mapper.
[[0;32m  OK  [0m] Reached target [0;1;39mRPC Port Mapper[0m.
[   13.808072] systemd[1]: Listening on initctl Compatibility Named Pipe.
[[0;32m  OK  [0m] Listening on [0;1;39minitctl Compatibility Named Pipe[0m.
[   13.837902] systemd[1]: Listening on Journal Audit Socket.
[[0;32m  OK  [0m] Listening on [0;1;39mJournal Audit Socket[0m.
[   13.865329] systemd[1]: Listening on Journal Socket (/dev/log).
[[0;32m  OK  [0m] Listening on [0;1;39mJournal Socket (/dev/log)[0m.
[   13.892378] systemd[1]: Listening on Journal Socket.
[[0;32m  OK  [0m] Listening on [0;1;39mJournal Socket[0m.
[   13.917477] systemd[1]: Listening on Network Service Netlink Socket.
[[0;32m  OK  [0m] Listening on [0;1;39mNetwork Service Netlink Socket[0m.
[   13.946322] systemd[1]: Listening on udev Control Socket.
[[0;32m  OK  [0m] Listening on [0;1;39mudev Control Socket[0m.
[   13.972199] systemd[1]: Listening on udev Kernel Socket.
[[0;32m  OK  [0m] Listening on [0;1;39mudev Kernel Socket[0m.
[   14.001631] systemd[1]: Mounting Huge Pages File System...
         Mounting [0;1;39mHuge Pages File System[0m...
[   14.029546] systemd[1]: Mounting POSIX Message Queue File System...
         Mounting [0;1;39mPOSIX Message Queue File System[0m...
[   14.061398] systemd[1]: Mounting Kernel Debug File System...
         Mounting [0;1;39mKernel Debug File System[0m...
[   14.092964] systemd[1]: Mounting Temporary Directory (/tmp)...
         Mounting [0;1;39mTemporary Directory (/tmp)[0m...
[   14.123048] systemd[1]: Starting Create list of static device nodes for the current kernel...
         Starting [0;1;39mCreate list of stâ€¦odes for the current kernel[0m...
[   14.157372] systemd[1]: Starting Start psplash boot splash screen...
         Starting [0;1;39mStart psplash boot splash screen[0m...
[   14.195655] systemd[1]: Starting RPC Bind...
         Starting [0;1;39mRPC Bind[0m...
[   14.229420] systemd[1]: Condition check resulted in File System Check on Root Device being skipped.
[   14.245692] systemd[1]: Starting Journal Service...
         Starting [0;1;39mJournal Service[0m...
[   14.270826] systemd[1]: Starting Load Kernel Modules...
         Starting [0;1;39mLoad Kernel Modules[0m...
[   14.301009] systemd[1]: Starting Remount Root and Kernel File Systems...
         Starting [0;1;39mRemount Root and Kernel File Systems[0m...
[   14.326780] systemd[1]: Starting udev Coldplug all Devices...
         Starting [0;1;39mudev Coldplug all Devices[0m...
[   14.353684] systemd[1]: Started Start psplash boot splash screen.
[[0;32m  OK  [0m] Started [0;1;39mStart psplash boot splash screen[0m.
[   14.380030] systemd[1]: Started RPC Bind.
[[0;32m  OK  [0m] Started [0;1;39mRPC Bind[0m.
[   14.392053] systemd[1]: Started Journal Service.
[[0;32m  OK  [0m] Started [0;1;39mJournal Service[0m.
[[0;32m  OK  [0m] Mounted [0;1;39mHuge Pages File System[0m.
[[0;32m  OK  [0m] Mounted [0;1;39mPOSIX Message Queue File System[0m.
[[0;32m  OK  [0m] Mounted [0;1;39mKernel Debug File System[0m.
[[0;32m  OK  [0m] Mounted [0;1;39mTemporary Directory (/tmp)[0m.
[[0;32m  OK  [0m] Started [0;1;39mCreate list of staâ€¦ nodes for the current kernel[0m.
[[0;32m  OK  [0m] Started [0;1;39mLoad Kernel Modules[0m.
[[0;32m  OK  [0m] Started [0;1;39mRemount Root and Kernel File Systems[0m.
         Mounting [0;1;39mKernel Configuration File System[0m...
[[0;32m  OK  [0m] Started [0;1;39mStart psplash-systâ€¦progress communication helper[0m.
         Starting [0;1;39mFlush Journal to Persistent Storage[0m...
         Starting [0;1;39mApply Kernel Variables[0m...
[   14.645104] systemd-journald[318]: Received client request to flush runtime journal.
         Starting [0;1;39mCreate Static Device Nodes in /dev[0m...
[[0;32m  OK  [0m] Mounted [0;1;39mKernel Configuration File System[0m.
[[0;32m  OK  [0m] Started [0;1;39mFlush Journal to Persistent Storage[0m.
[[0;32m  OK  [0m] Started [0;1;39mApply Kernel Variables[0m.
[[0;32m  OK  [0m] Started [0;1;39mCreate Static Device Nodes in /dev[0m.
[[0;32m  OK  [0m] Reached target [0;1;39mLocal File Systems (Pre)[0m.
         Mounting [0;1;39m/var/volatile[0m...
         Starting [0;1;39mudev Kernel Device Manager[0m...
[[0;32m  OK  [0m] Started [0;1;39mudev Coldplug all Devices[0m.
[[0;32m  OK  [0m] Mounted [0;1;39m/var/volatile[0m.
         Starting [0;1;39mLoad/Save Random Seed[0m...
[[0;32m  OK  [0m] Reached target [0;1;39mLocal File Systems[0m.
         Starting [0;1;39mCreate Volatile Files and Directories[0m...
[[0;32m  OK  [0m] Started [0;1;39mLoad/Save Random Seed[0m.
[[0;32m  OK  [0m] Started [0;1;39mudev Kernel Device Manager[0m.
         Starting [0;1;39mNetwork Service[0m...
[[0;32m  OK  [0m] Started [0;1;39mCreate Volatile Files and Directories[0m.
         Starting [0;1;39mNetwork Time Synchronization[0m...
         Starting [0;1;39mUpdate UTMP about System Boot/Shutdown[0m...
[[0;32m  OK  [0m] Started [0;1;39mNetwork Service[0m.
         Starting [0;1;39mNetwork Name Resolution[0m...
[[0;32m  OK  [0m] Started [0;1;39mUpdate UTMP about System Boot/Shutdown[0m.
[[0;32m  OK  [0m] Started [0;1;39mNetwork Time Synchronization[0m.
[[0;32m  OK  [0m] Reached target [0;1;39mSystem Initialization[0m.
[[0;32m  OK  [0m] Started [0;1;39mDaily Cleanup of Temporary Directories[0m.
[[0;32m  OK  [0m] Reached target [0;1;39mSystem Time Set[0m.
[[0;32m  OK  [0m] Reached target [0;1;39mSystem Time Synchronized[0m.
[[0;32m  OK  [0m] Reached target [0;1;39mTimers[0m.
[[0;32m  OK  [0m] Listening on [0;1;39mAvahi mDNS/DNS-SD Stack Activation Socket[0m.
[[0;32m  OK  [0m] Listening on [0;1;39mD-Bus System Message Bus Socket[0m.
[   15.460223] pwm-backlight: probe of backlight failed with error -16
[[0;32m  OK  [0m] Listening on [0;1;39mdropbear.socket[0m.
[   15.476618] at24 7-0050: supply vcc not found, using dummy regulator
[   15.484514] at24 7-0050: 128 byte br24t01 EEPROM, writable, 8 bytes/write
[[0;32m  OK  [0m] Reached target [0;1;39mSockets[0m.
[[0;32m  OK  [0m] Reached target [0;1;39mBasic System[0m.
[[0;32m  OK  [0m] Started [0;1;39mD-Bus System Message Bus[0m.
[[0;32m  OK  [0m] Started [0;1;39moptee services[0m.
         Starting [0;1;39mpvrinit.service[0m...
         Starting [0;1;39mPowerVR consumer services[0m...
         Starting [0;1;39mLogin Service[0m...
[[0;32m  OK  [0m] Started [0;1;39mNetwork Name Resolution[0m.
[   15.776464] ccree e6601000.crypto: ARM CryptoCell 630P Driver: HW version 0xAF400001/0xDCC63000, Driver version 5.0
[   15.791792] renesas_usb3 ee020000.usb: probed with phy
[   15.871249] ccree e6601000.crypto: ARM ccree device initialized
[[0;32m  OK  [0m] Created slice [0;1;39msystem-weston.slice[0m.
[[0;32m  OK  [0m] Reached target [0;1;39mNetwork[0m.
[[0;32m  OK  [0m] Reached target [0;1;39mHost and Network Name Lookups[0m.
[[0;32m  OK  [0m] Reached target [0;1;39mHardware activated USB gadget[0m.
         Starting [0;1;39mAvahi mDNS/DNS-SD Stack[0m...
         Starting [0;1;39mPermit User Sessions[0m...
[[0;32m  OK  [0m] Started [0;1;39mXinetd A Powerful Replacement For Inetd[0m.
[   16.030734] xhci-hcd ee000000.usb: xHCI Host Controller
[   16.067020] xhci-hcd ee000000.usb: new USB bus registered, assigned bus number 5
[[0;32m  OK  [0m] Started [0;1;39mPermit User Sessions[0m.
[   16.094911] xhci-hcd ee000000.usb: hcc params 0x014051ce hci version 0x100 quirks 0x0000000000830410
[   16.104323] xhci-hcd ee000000.usb: irq 167, io mem 0xee000000
[   16.110500] xhci-hcd ee000000.usb: xHCI Host Controller
[   16.115840] xhci-hcd ee000000.usb: new USB bus registered, assigned bus number 6
[   16.123380] xhci-hcd ee000000.usb: Host supports USB 3.0 SuperSpeed
[   16.131006] hub 5-0:1.0: USB hub found
[   16.136649] hub 5-0:1.0: 1 port detected
[   16.141700] usb usb6: We don't know the algorithms for LPM for this host, disabling LPM.
         Starting [0;1;[   16.151081] hub 6-0:1.0: USB hub found
39mSave/Restore [   16.154612] rcar_sound ec500000.sound: Can't update kctrl when idle
Sound Card State[   16.156198] hub 6-0:1.0: 1 port detected
[0m...
[[0;32m  OK  [0m] Started [0;1;39mGetty on tty1[0m.
[   16.188014] rcar_sound ec500000.sound: Can't update kctrl when idle
[[0;32m  OK  [0m] Started [0;1;39mSerial Getty on ttySC0[0m.
[[0;32m  OK  [0m] Reached target [0;1;39mLogin Prompts[0m.
[[0;1;31mFAILED[0m] Failed to start [0;1;39mpvrinit.service[0m.
See 'systemctl status pvrinit.service' for details.
[[0;1;31mFAILED[0m] Failed to start [0;1;39mPowerVR consumer services[0m.
See 'systemctl status rc.pvr.service' for details.
[[0;1;38;5;185mDEPEND[0m] Dependency failed for [0;1;39mWeston Wayland Compositor[0m.
[[0;32m  OK  [0m] Started [0;1;39mSave/Restore Sound Card State[0m.
[[0;32m  OK  [0m] Reached target [0;1;39mSound Card[0m.
         Starting [0;1;39mset_default_governor.service[0m...
[[0;32m  OK  [0m] Started [0;1;39mAvahi mDNS/DNS-SD Stack[0m.
[[0;32m  OK  [0m] Started [0;1;39mLogin Service[0m.
[   16.451699] rd 0-5: Disabling EAS, schedutil is mandatory
[[0;32m  OK  [0m] Started [0;1;39mset_default_governor.service[0m.
[[0;32m  OK  [0m] Reached target [0;1;39mMulti-User System[0m.
         Starting [0;1;39mUpdate UTMP about System Runlevel Changes[0m...
[[0;32m  OK  [0m] Started [0;1;39mUpdate UTMP about System Runlevel Changes[0m.

Poky (Yocto Project Reference Distro) 3.1.11 salvator-x ttySC0

salvator-x login: 
salvator-x login: root
[   18.259910] audit: type=1006 audit(1705131393.256:2): pid=489 uid=0 old-auid=4294967295 auid=0 tty=(none) old-ses=4294967295 ses=1 res=1
7[r[999;999H[6n8root@salvator-x:~# 
root@salvator-x:~# 
root@salvator-x:~# 
root@salvator-x:~# 
root@salvator-x:~# 
root@salvator-x:~# 
root@salvator-x:~# 
root@salvator-x:~# 
root@salvator-x:~# 
Prepare 


Plug in USB2 device


Press any button to continue

[   29.955410] usb 5-1: new high-speed USB device number 2 using xhci-hcd
[   30.119577] usb-storage 5-1:1.0: USB Mass Storage device detected
[   30.127598] scsi host0: usb-storage 5-1:1.0
[   31.136992] scsi 0:0:0:0: Direct-Access     SanDisk  Extreme Pro      0    PQ: 0 ANSI: 6
[   31.148089] sd 0:0:0:0: [sda] 250085376 512-byte logical blocks: (128 GB/119 GiB)
[   31.156999] sd 0:0:0:0: [sda] Write Protect is off
[   31.163238] sd 0:0:0:0: [sda] Write cache: enabled, read cache: enabled, doesn't support DPO or FUA
[   31.205797]  sda: sda1
[   31.212467] sd 0:0:0:0: [sda] Attached SCSI removable disk

root@salvator-x:~# find /sys/devices/platform/soc/ee000000.usb/ -name 'sd*'
/sys/devices/platform/soc/ee000000.usb/usb5/5-1/5-1:1.0/host0/target0:0:0/0:0:0:0/block/sda
/sys/devices/platform/soc/ee000000.usb/usb5/5-1/5-1:1.0/host0/target0:0:0/0:0:0:0/block/sda/sda1
root@salvator-x:~# 
root@salvator-x:~# mkdir -p /mnt/usb
root@salvator-x:~# 
root@salvator-x:~# mount /dev/sda1 /mnt/usb
[   39.193816] EXT4-fs (sda1): recovery complete
[   39.200218] EXT4-fs (sda1): mounted filesystem with ordered data mode. Opts: (null)
root@salvator-x:~# 
root@salvator-x:~# dd if=/dev/urandom of=testdata bs=10M count=50
[   41.951507] SDHI0 VccQ: disabling
[   41.954909] SDHI3 VccQ: disabling
50+0 records in
50+0 records out
524288000 bytes (524 MB, 500 MiB) copied, 11.5172 s, 45.5 MB/s
root@salvator-x:~# 
root@salvator-x:~# cp testdata /mnt/usb/
root@salvator-x:~# 
root@salvator-x:~# umount /mnt/usb
root@salvator-x:~# 
Pull out USB3 device


Press any button to continue

[  122.538310] usb 5-1: USB disconnect, device number 2
[  122.544946] sd 0:0:0:0: [sda] Synchronizing SCSI cache
[  122.550252] sd 0:0:0:0: [sda] Synchronize Cache(10) failed: Result: hostbyte=0x01 driverbyte=0x00


----------Item 1----------


root@salvator-x:~# i2cset -f -y 7 0x30 0x20 0x0f
root@salvator-x:~# 

Switch SW23 off and input 'yes' to continue:

root@salvator-x:~# echo N > /sys/module/printk/parameters/console_suspend
root@salvator-x:~# 
root@salvator-x:~# echo mem > /sys/power/state
[  133.679717] PM: suspend entry (deep)
[  133.683538] Filesystems sync: 0.000 seconds
[  133.689931] Freezing user space processes ... (elapsed 0.001 seconds) done.
[  133.691854] OOM killer disabled.
[  133.691860] Freezing remaining freezable tasks ... (elapsed 0.001 seconds) done.
[  133.975349] ravb e6800000.ethernet eth0: Link is Down
[  133.994123] Disabling non-boot CPUs ...
[  133.998634] CPU1: shutdown
[  134.001400] psci: CPU1 killed (polled 0 ms)
[  134.008496] CPU2: shutdown
[  134.011230] psci: CPU2 killed (polled 0 ms)
[  134.017814] CPU3: shutdown
[  134.020553] psci: CPU3 killed (polled 0 ms)
[  134.026789] CPU4: shutdown
[  134.029569] psci: CPU4 killed (polled 0 ms)
[  134.042626] CPU5: shutdown
[  134.045427] psci: CPU5 killed (polled 0 ms)
 
 Switch power switch: 

NOTICE:  BL2: R-Car Gen3 Initial Program Loader(CA57) Rev.4.0.0
NOTICE:  BL2: PRR is R-Car M3 Ver.3.0
NOTICE:  BL2: Board is Salvator-XS Rev.1.0
NOTICE:  BL2: Boot device is HyperFlash(160MHz)
NOTICE:  BL2: LCM state is CM
NOTICE:  AVS setting succeeded. DVFS_SetVID=0x53
NOTICE:  BL2: DDR3200(rev.0.42)
NOTICE:  BL2: [WARM_BOOT]
NOTICE:  BL2: DRAM Split is 2ch
NOTICE:  BL2: QoS is default setting(rev.0.04)
NOTICE:  BL2: DRAM refresh interval 1.95 usec
NOTICE:  BL2: Periodic Write DQ Training
NOTICE:  BL2: CH0: 400000000 - 4ffffffff, 4 GiB
NOTICE:  BL2: CH2: 600000000 - 6ffffffff, 4 GiB
NOTICE:  BL2: Lossy Decomp areas
NOTICE:       Entry 0: DCMPAREACRAx:0x80000540 DCMPAREACRBx:0x570
NOTICE:       Entry 1: DCMPAREACRAx:0x40000000 DCMPAREACRBx:0x0
NOTICE:       Entry 2: DCMPAREACRAx:0x20000000 DCMPAREACRBx:0x0
NOTICE:  BL2: FDT at 0xe6326f70
NOTICE:  BL2: v2.9(release):9cdb21f75
NOTICE:  BL2: Built : 08:35:43, Jan 13 2024
NOTICE:  BL2: Normal boot
[  134.050904] Enabling non-boot CPUs ...
[  134.055085] Detected PIPT I-cache on CPU1
[  134.055140] CPU1: Booted secondary processor 0x0000000001 [0x411fd073]
[  134.055622] CPU1 is up
[  134.068730] Detected VIPT I-cache on CPU2
[  134.068788] CPU2: Booted secondary processor 0x0000000100 [0x410fd034]
[  134.069675] CPU2 is up
[  134.082707] Detected VIPT I-cache on CPU3
[  134.082744] CPU3: Booted secondary processor 0x0000000101 [0x410fd034]
[  134.083326] CPU3 is up
[  134.096354] Detected VIPT I-cache on CPU4
[  134.096392] CPU4: Booted secondary processor 0x0000000102 [0x410fd034]
[  134.096995] CPU4 is up
[  134.110016] Detected VIPT I-cache on CPU5
[  134.110054] CPU5: Booted secondary processor 0x0000000103 [0x410fd034]
[  134.110674] CPU5 is up
[  134.181565] xhci-hcd ee000000.usb: xHC error in resume, USBSTS 0x401, Reinit
[  134.188639] usb usb5: root hub lost power or was reset
[  134.193766] usb usb6: root hub lost power or was reset
[  134.290478] Micrel KSZ9031 Gigabit PHY e6800000.ethernet-ffffffff:00: attached PHY driver [Micrel KSZ9031 Gigabit PHY] (mii_bus:phy_addr=e6800000.ethernet-ffffffff:00, irq=175)
[  134.405565] usb usb2: root hub lost power or was reset
[  134.410850] usb usb1: root hub lost power or was reset
[  134.525391] usb usb4: root hub lost power or was reset
[  134.530656] usb usb3: root hub lost power or was reset
[  134.675045] OOM killer enabled.
[  134.678217] Restarting tasks ... done.
root@salvator-x:~# [  134.683165] PM: suspend exit
[  140.930245] ravb e6800000.ethernet eth0: Link is Up - 1Gbps/Full - flow control off

root@salvator-x:~# echo "Wake up sucessfully"
Wake up sucessfully
root@salvator-x:~# 
Plug in USB2 device


Press any button to continue

[  151.875393] usb 5-1: new high-speed USB device number 3 using xhci-hcd
[  152.038174] usb-storage 5-1:1.0: USB Mass Storage device detected
[  152.044707] scsi host0: usb-storage 5-1:1.0
[  153.056541] scsi 0:0:0:0: Direct-Access     SanDisk  Extreme Pro      0    PQ: 0 ANSI: 6
[  153.066701] sd 0:0:0:0: [sda] 250085376 512-byte logical blocks: (128 GB/119 GiB)
[  153.075384] sd 0:0:0:0: [sda] Write Protect is off
[  153.081086] sd 0:0:0:0: [sda] Write cache: enabled, read cache: enabled, doesn't support DPO or FUA
[  153.113186]  sda: sda1
[  153.120893] sd 0:0:0:0: [sda] Attached SCSI removable disk

root@salvator-x:~# find /sys/devices/platform/soc/ee000000.usb/ -name 'sd*'
/sys/devices/platform/soc/ee000000.usb/usb5/5-1/5-1:1.0/host0/target0:0:0/0:0:0:0/block/sda
/sys/devices/platform/soc/ee000000.usb/usb5/5-1/5-1:1.0/host0/target0:0:0/0:0:0:0/block/sda/sda1
root@salvator-x:~# 
root@salvator-x:~# mount /dev/sda1 /mnt/usb
[  164.156488] EXT4-fs (sda1): mounted filesystem with ordered data mode. Opts: (null)
root@salvator-x:~# 
root@salvator-x:~# cp testdata /mnt/usb/testdata_from_nfs
root@salvator-x:~# 
root@salvator-x:~# cp /mnt/usb/testdata_from_nfs testdata_from_usb
root@salvator-x:~# 
root@salvator-x:~# cmp testdata testdata_from_usb
root@salvator-x:~# 
root@salvator-x:~# umount /mnt/usb
root@salvator-x:~# 

----------Item 2----------


root@salvator-x:~# find /sys/devices/platform/soc/ee000000.usb/ -name 'sd*'
/sys/devices/platform/soc/ee000000.usb/usb5/5-1/5-1:1.0/host0/target0:0:0/0:0:0:0/block/sda
/sys/devices/platform/soc/ee000000.usb/usb5/5-1/5-1:1.0/host0/target0:0:0/0:0:0:0/block/sda/sda1
root@salvator-x:~# 
root@salvator-x:~# mount /dev/sda1 /mnt/usb
[  214.477240] EXT4-fs (sda1): mounted filesystem with ordered data mode. Opts: (null)
root@salvator-x:~# 
root@salvator-x:~# cp /mnt/usb/testdata testdata_from_usb &
[1] 562
root@salvator-x:~# 
root@salvator-x:~# i2cset -f -y 7 0x30 0x20 0x0f
root@salvator-x:~# 

Switch SW23 off and input 'yes' to continue:

root@salvator-x:~# echo N > /sys/module/printk/parameters/console_suspend
root@salvator-x:~# 
root@salvator-x:~# echo mem > /sys/power/state
[  235.655739] PM: suspend entry (deep)
[  236.826250] Filesystems sync: 1.166 seconds
[  236.832214] Freezing user space processes ... (elapsed 0.100 seconds) done.
[  236.939931] OOM killer disabled.
[  236.943200] Freezing remaining freezable tasks ... (elapsed 0.001 seconds) done.
[  236.983537] sd 0:0:0:0: [sda] Synchronizing SCSI cache
[  237.192790] ravb e6800000.ethernet eth0: Link is Down
[  237.207568] Disabling non-boot CPUs ...
[  237.212034] CPU1: shutdown
[  237.214749] psci: CPU1 killed (polled 0 ms)
[  237.220922] CPU2: shutdown
[  237.223655] psci: CPU2 killed (polled 0 ms)
[  237.229637] CPU3: shutdown
[  237.232386] psci: CPU3 killed (polled 0 ms)
[  237.238225] CPU4: shutdown
[  237.240965] psci: CPU4 killed (polled 0 ms)
[  237.246881] CPU5: shutdown
[  237.249677] psci: CPU5 killed (polled 0 ms)
 
 Switch power switch: 

NOTICE:  BL2: R-Car Gen3 Initial Program Loader(CA57) Rev.4.0.0
NOTICE:  BL2: PRR is R-Car M3 Ver.3.0
NOTICE:  BL2: Board is Salvator-XS Rev.1.0
NOTICE:  BL2: Boot device is HyperFlash(160MHz)
NOTICE:  BL2: LCM state is CM
NOTICE:  AVS setting succeeded. DVFS_SetVID=0x53
NOTICE:  BL2: DDR3200(rev.0.42)
NOTICE:  BL2: [WARM_BOOT]
NOTICE:  BL2: DRAM Split is 2ch
NOTICE:  BL2: QoS is default setting(rev.0.04)
NOTICE:  BL2: DRAM refresh interval 1.95 usec
NOTICE:  BL2: Periodic Write DQ Training
NOTICE:  BL2: CH0: 400000000 - 4ffffffff, 4 GiB
NOTICE:  BL2: CH2: 600000000 - 6ffffffff, 4 GiB
NOTICE:  BL2: Lossy Decomp areas
NOTICE:       Entry 0: DCMPAREACRAx:0x80000540 DCMPAREACRBx:0x570
NOTICE:       Entry 1: DCMPAREACRAx:0x40000000 DCMPAREACRBx:0x0
NOTICE:       Entry 2: DCMPAREACRAx:0x20000000 DCMPAREACRBx:0x0
NOTICE:  BL2: FDT at 0xe6326f70
NOTICE:  BL2: v2.9(release):9cdb21f75
NOTICE:  BL2: Built : 08:35:43, Jan 13 2024
NOTICE:  BL2: Normal boot
[  237.255437] Enabling non-boot CPUs ...
[  237.259435] Detected PIPT I-cache on CPU1
[  237.259487] CPU1: Booted secondary processor 0x0000000001 [0x411fd073]
[  237.259978] CPU1 is up
[  237.273094] Detected VIPT I-cache on CPU2
[  237.273152] CPU2: Booted secondary processor 0x0000000100 [0x410fd034]
[  237.274075] CPU2 is up
[  237.287122] Detected VIPT I-cache on CPU3
[  237.287158] CPU3: Booted secondary processor 0x0000000101 [0x410fd034]
[  237.287738] CPU3 is up
[  237.300766] Detected VIPT I-cache on CPU4
[  237.300802] CPU4: Booted secondary processor 0x0000000102 [0x410fd034]
[  237.301406] CPU4 is up
[  237.314421] Detected VIPT I-cache on CPU5
[  237.314458] CPU5: Booted secondary processor 0x0000000103 [0x410fd034]
[  237.315096] CPU5 is up
[  237.385621] xhci-hcd ee000000.usb: xHC error in resume, USBSTS 0x401, Reinit
[  237.392694] usb usb5: root hub lost power or was reset
[  237.397821] usb usb6: root hub lost power or was reset
[  237.454276] Micrel KSZ9031 Gigabit PHY e6800000.ethernet-ffffffff:00: attached PHY driver [Micrel KSZ9031 Gigabit PHY] (mii_bus:phy_addr=e6800000.ethernet-ffffffff:00, irq=175)
[  237.565387] usb usb2: root hub lost power or was reset
[  237.570580] usb usb1: root hub lost power or was reset
[  237.681490] usb usb4: root hub lost power or was reset
[  237.686779] usb usb3: root hub lost power or was reset
[  238.643792] usb 5-1: reset high-speed USB device number 3 using xhci-hcd
[  238.807572] OOM killer enabled.
[  238.811343] Restarting tasks ... done.
[1]+  Done                    cp /mnt/usb/testdata testdata_from_usb
[  238.817599] PM: suspend exit
root@salvator-x:~# [  244.002919] ravb e6800000.ethernet eth0: Link is Up - 1Gbps/Full - flow control off

root@salvator-x:~# echo "Wake up sucessfully"
Wake up sucessfully
root@salvator-x:~# 
root@salvator-x:~# wait
root@salvator-x:~# 
root@salvator-x:~# cmp /mnt/usb/testdata testdata_from_usb
root@salvator-x:~# 
root@salvator-x:~# umount /mnt/usb
root@salvator-x:~# 

----------Item 3----------


root@salvator-x:~# find /sys/devices/platform/soc/ee000000.usb/ -name 'sd*'
/sys/devices/platform/soc/ee000000.usb/usb5/5-1/5-1:1.0/host0/target0:0:0/0:0:0:0/block/sda
/sys/devices/platform/soc/ee000000.usb/usb5/5-1/5-1:1.0/host0/target0:0:0/0:0:0:0/block/sda/sda1
root@salvator-x:~# 
root@salvator-x:~# i2cset -f -y 7 0x30 0x20 0x0f
root@salvator-x:~# 

Switch SW23 off and input 'yes' to continue:

root@salvator-x:~# echo N > /sys/module/printk/parameters/console_suspend
root@salvator-x:~# 
root@salvator-x:~# mount /dev/sda1 /mnt/usb
[  267.865125] EXT4-fs (sda1): mounted filesystem with ordered data mode. Opts: (null)
root@salvator-x:~# 
root@salvator-x:~# cp testdata /mnt/usb/testdata_from_nfs &
[1] 581
root@salvator-x:~# 
root@salvator-x:~# echo mem > /sys/power/state
[  269.268041] PM: suspend entry (deep)

 
#### Result: NG ####
