NOTICE:  BL2: R-Car Gen3 Initial Program Loader(CA57) Rev.4.0.0
NOTICE:  BL2: PRR is R-Car H3 Ver.3.0
NOTICE:  BL2: Board is Salvator-XS Rev.1.1
NOTICE:  BL2: Boot device is HyperFlash(160MHz)
NOTICE:  BL2: LCM state is CM
NOTICE:  AVS setting succeeded. DVFS_SetVID=0x53
NOTICE:  BL2: DDR3200(rev.0.42)
NOTICE:  BL2: [COLD_BOOT]
NOTICE:  BL2: DRAM Split is 4ch(DDR f)
NOTICE:  BL2: QoS is default setting(rev.0.11)
NOTICE:  BL2: DRAM refresh interval 1.95 usec
NOTICE:  BL2: Periodic Write DQ Training
NOTICE:  BL2: CH0: 400000000 - 47fffffff, 2 GiB
NOTICE:  BL2: CH1: 500000000 - 57fffffff, 2 GiB
NOTICE:  BL2: CH2: 600000000 - 67fffffff, 2 GiB
NOTICE:  BL2: CH3: 700000000 - 77fffffff, 2 GiB
NOTICE:  BL2: Lossy Decomp areas
NOTICE:       Entry 0: DCMPAREACRAx:0x80000540 DCMPAREACRBx:0x570
NOTICE:       Entry 1: DCMPAREACRAx:0x40000000 DCMPAREACRBx:0x0
NOTICE:       Entry 2: DCMPAREACRAx:0x20000000 DCMPAREACRBx:0x0
NOTICE:  BL2: FDT at 0xe6327f70
NOTICE:  BL2: v2.9(release):9cdb21f75
NOTICE:  BL2: Built : 05:25:39, Dec 19 2023
NOTICE:  BL2: Normal boot
NOTICE:  BL2: dst=0xe6327800 src=0x8180000 len=512(0x200)
NOTICE:  BL2: dst=0x43f00000 src=0x8180400 len=6144(0x1800)
NOTICE:  rcar_file_len: len: 0x0003e000
NOTICE:  BL2: dst=0x44000000 src=0x81c0000 len=253952(0x3e000)
NOTICE:  rcar_file_len: len: 0x00200000
NOTICE:  BL2: dst=0x44100000 src=0x8200000 len=2097152(0x200000)
NOTICE:  rcar_file_len: len: 0x00100000
NOTICE:  BL2: dst=0x50000000 src=0x8640000 len=1048576(0x100000)
NOTICE:  BL2: Booting BL31


U-Boot 2020.10 (Dec 19 2023 - 14:30:40 +0000)

CPU: Renesas Electronics R8A7795 rev 3.0
Model: Renesas Salvator-X 2nd version board based on r8a77951
DRAM:  7.9 GiB
RAM Configuration:
Bank #0: 0x048000000 - 0x0bfffffff, 1.9 GiB
Bank #1: 0x500000000 - 0x57fffffff, 2 GiB
Bank #2: 0x600000000 - 0x67fffffff, 2 GiB
Bank #3: 0x700000000 - 0x77fffffff, 2 GiB

MMC:   sd@ee100000: 0, sd@ee140000: 1, sd@ee160000: 2
Loading Environment from MMC... OK
In:    serial@e6e88000
Out:   serial@e6e88000
Err:   serial@e6e88000
Net:   eth0: ethernet@e6800000
Hit any key to stop autoboot:  2  1  0 
ethernet@e6800000 Waiting for PHY auto negotiation to complete........... done
Using ethernet@e6800000 device
TFTP from server 192.168.10.98; our IP address is 192.168.10.107
Filename 'BV/PT3/boot_USB3H/Image'.
Load address: 0x48080000
Loading: *#################################################################
	 #################################################################
	 #################################################################
	 #################################################################
	 #################################################################
	 #################################################################
	 #################################################################
	 #################################################################
	 #################################################################
	 #################################################################
	 #################################################################
	 #################################################################
	 #################################################################
	 #################################################################
	 #################################################################
	 #################################################################
	 #################################################################
	 #################################################################
	 #################################################################
	 #################################################################
	 #################################################################
	 #################################################################
	 #################################################################
	 #################################################################
	 #################################################################
	 #################################################################
	 #################################################################
	 #################################################################
	 #################################################################
	 #################################################################
	 #################################################################
	 #################################################################
	 #################################################################
	 #################################################################
	 ##############################################
	 4 MiB/s
done
Bytes transferred = 33112576 (1f94200 hex)
Using ethernet@e6800000 device
TFTP from server 192.168.10.98; our IP address is 192.168.10.107
Filename 'BV/PT3/boot_USB3H/r8a77951-salvator-xs.dtb'.
Load address: 0x48000000
Loading: *#######
	 4.8 MiB/s
done
Bytes transferred = 90876 (162fc hex)
Moving Image from 0x48080000 to 0x48200000, end=4a220000
## Flattened Device Tree blob at 48000000
   Booting using the fdt blob at 0x48000000
   Loading Device Tree to 0000000053fe6000, end 0000000053fff2fb ... OK

Starting kernel ...

[    0.000000] Booting Linux on physical CPU 0x0000000000 [0x411fd073]
[    0.000000] Linux version 5.10.194-yocto-standard (thuan.nguyen-hong@banvien) (aarch64-poky-linux-gcc (GCC) 9.3.0, GNU ld (GNU Binutils) 2.34.0.20200220) #13 SMP PREEMPT Sat Feb 3 10:27:40 UTC 2024
[    0.000000] Machine model: Renesas Salvator-X 2nd version board based on r8a77951
[    0.000000] efi: UEFI not found.
[    0.000000] Reserved memory: created CMA memory pool at 0x0000000057000000, size 16 MiB
[    0.000000] OF: reserved mem: initialized node linux,adsp@57000000, compatible id shared-dma-pool
[    0.000000] Reserved memory: created CMA memory pool at 0x0000000058000000, size 384 MiB
[    0.000000] OF: reserved mem: initialized node linux,cma@58000000, compatible id shared-dma-pool
[    0.000000] Reserved memory: created CMA memory pool at 0x0000000070000000, size 256 MiB
[    0.000000] OF: reserved mem: initialized node linux,multimedia@70000000, compatible id shared-dma-pool
[    0.000000] NUMA: No NUMA configuration found
[    0.000000] NUMA: Faking a node at [mem 0x0000000048000000-0x000000077fffffff]
[    0.000000] NUMA: NODE_DATA [mem 0x77efdab00-0x77efdcfff]
[    0.000000] Zone ranges:
[    0.000000]   DMA      [mem 0x0000000048000000-0x000000007fffffff]
[    0.000000]   DMA32    [mem 0x0000000080000000-0x00000000ffffffff]
[    0.000000]   Normal   [mem 0x0000000100000000-0x000000077fffffff]
[    0.000000] Movable zone start for each node
[    0.000000] Early memory node ranges
[    0.000000]   node   0: [mem 0x0000000048000000-0x0000000053ffffff]
[    0.000000]   node   0: [mem 0x0000000054000000-0x0000000056ffffff]
[    0.000000]   node   0: [mem 0x0000000057000000-0x00000000bfffffff]
[    0.000000]   node   0: [mem 0x0000000500000000-0x000000057fffffff]
[    0.000000]   node   0: [mem 0x0000000600000000-0x000000067fffffff]
[    0.000000]   node   0: [mem 0x0000000700000000-0x000000077fffffff]
[    0.000000] Initmem setup node 0 [mem 0x0000000048000000-0x000000077fffffff]
[    0.000000] psci: probing for conduit method from DT.
[    0.000000] psci: PSCIv1.1 detected in firmware.
[    0.000000] psci: Using standard PSCI v0.2 function IDs
[    0.000000] psci: Trusted OS resident on physical CPU 0x0
[    0.000000] psci: SMC Calling Convention v1.2
[    0.000000] percpu: Embedded 23 pages/cpu s56984 r8192 d29032 u94208
[    0.000000] Detected PIPT I-cache on CPU0
[    0.000000] CPU features: detected: EL2 vector hardening
[    0.000000] CPU features: detected: Spectre-v2
[    0.000000] CPU features: detected: ARM errata 1165522, 1319367, or 1530923
[    0.000000] CPU features: detected: Spectre-BHB
[    0.000000] CPU features: detected: ARM erratum 1742098
[    0.000000] Built 1 zonelists, mobility grouping on.  Total pages: 2032128
[    0.000000] Policy zone: Normal
[    0.000000] Kernel command line: rw root=/dev/nfs nfsroot=192.168.10.98:/data/tftpboot/BV/PT3/rootfs_H3,nfsvers=4 ip=192.168.10.107
[    0.000000] Dentry cache hash table entries: 1048576 (order: 11, 8388608 bytes, linear)
[    0.000000] Inode-cache hash table entries: 524288 (order: 10, 4194304 bytes, linear)
[    0.000000] mem auto-init: stack:off, heap alloc:off, heap free:off
[    0.000000] software IO TLB: mapped [mem 0x000000004ffe6000-0x0000000053fe6000] (64MB)
[    0.000000] Memory: 7277096K/8257536K available (15104K kernel code, 2832K rwdata, 8204K rodata, 6080K init, 519K bss, 308696K reserved, 671744K cma-reserved)
[    0.000000] SLUB: HWalign=64, Order=0-3, MinObjects=0, CPUs=8, Nodes=1
[    0.000000] rcu: Preemptible hierarchical RCU implementation.
[    0.000000] rcu: 	RCU event tracing is enabled.
[    0.000000] rcu: 	RCU restricting CPUs from NR_CPUS=256 to nr_cpu_ids=8.
[    0.000000] 	Trampoline variant of Tasks RCU enabled.
[    0.000000] rcu: RCU calculated value of scheduler-enlistment delay is 25 jiffies.
[    0.000000] rcu: Adjusting geometry for rcu_fanout_leaf=16, nr_cpu_ids=8
[    0.000000] NR_IRQS: 64, nr_irqs: 64, preallocated irqs: 0
[    0.000000] arch_timer: cp15 timer(s) running at 8.32MHz (virt).
[    0.000000] clocksource: arch_sys_counter: mask: 0xffffffffffffff max_cycles: 0x1eb398c07, max_idle_ns: 440795202503 ns
[    0.000003] sched_clock: 56 bits at 8MHz, resolution 120ns, wraps every 2199023255503ns
[    0.000213] Console: colour dummy device 80x25
[    0.000420] printk: console [tty0] enabled
[    0.000499] Calibrating delay loop (skipped), value calculated using timer frequency.. 16.64 BogoMIPS (lpj=33280)
[    0.000515] pid_max: default: 32768 minimum: 301
[    0.000576] LSM: Security Framework initializing
[    0.000665] Mount-cache hash table entries: 16384 (order: 5, 131072 bytes, linear)
[    0.000718] Mountpoint-cache hash table entries: 16384 (order: 5, 131072 bytes, linear)
[    0.002205] rcu: Hierarchical SRCU implementation.
[    0.003840] Detected Renesas R-Car Gen3 r8a7795 ES3.0
[    0.006012] EFI services will not be available.
[    0.006360] smp: Bringing up secondary CPUs ...
[    0.006826] Detected PIPT I-cache on CPU1
[    0.006877] CPU1: Booted secondary processor 0x0000000001 [0x411fd073]
[    0.007377] Detected PIPT I-cache on CPU2
[    0.007400] CPU2: Booted secondary processor 0x0000000002 [0x411fd073]
[    0.007832] Detected PIPT I-cache on CPU3
[    0.007853] CPU3: Booted secondary processor 0x0000000003 [0x411fd073]
[    0.008326] CPU features: detected: ARM erratum 845719
[    0.008339] Detected VIPT I-cache on CPU4
[    0.008386] CPU4: Booted secondary processor 0x0000000100 [0x410fd034]
[    0.008873] Detected VIPT I-cache on CPU5
[    0.008900] CPU5: Booted secondary processor 0x0000000101 [0x410fd034]
[    0.009344] Detected VIPT I-cache on CPU6
[    0.009371] CPU6: Booted secondary processor 0x0000000102 [0x410fd034]
[    0.009820] Detected VIPT I-cache on CPU7
[    0.009847] CPU7: Booted secondary processor 0x0000000103 [0x410fd034]
[    0.009926] smp: Brought up 1 node, 8 CPUs
[    0.009989] SMP: Total of 8 processors activated.
[    0.009997] CPU features: detected: 32-bit EL0 Support
[    0.010004] CPU features: detected: CRC32 instructions
[    0.010011] CPU features: detected: 32-bit EL1 Support
[    0.023605] CPU: All CPU(s) started at EL1
[    0.023659] alternatives: patching kernel code
[    0.024879] devtmpfs: initialized
[    0.031686] KASLR disabled due to lack of seed
[    0.031842] clocksource: jiffies: mask: 0xffffffff max_cycles: 0xffffffff, max_idle_ns: 7645041785100000 ns
[    0.031865] futex hash table entries: 2048 (order: 5, 131072 bytes, linear)
[    0.040935] pinctrl core: initialized pinctrl subsystem
[    0.042492] DMI not present or invalid.
[    0.043006] NET: Registered protocol family 16
[    0.043959] DMA: preallocated 1024 KiB GFP_KERNEL pool for atomic allocations
[    0.044179] DMA: preallocated 1024 KiB GFP_KERNEL|GFP_DMA pool for atomic allocations
[    0.044471] DMA: preallocated 1024 KiB GFP_KERNEL|GFP_DMA32 pool for atomic allocations
[    0.044512] audit: initializing netlink subsys (disabled)
[    0.044697] audit: type=2000 audit(0.044:1): state=initialized audit_enabled=0 res=1
[    0.045875] thermal_sys: Registered thermal governor 'power_allocator'
[    0.046399] cpuidle: using governor menu
[    0.046575] hw-breakpoint: found 6 breakpoint and 4 watchpoint registers.
[    0.046700] ASID allocator initialised with 65536 entries
[    0.048024] Serial: AMBA PL011 UART driver
[    0.090790] sh-pfc e6060000.pinctrl: r8a77951_pfc support registered
[    0.105544] HugeTLB registered 1.00 GiB page size, pre-allocated 0 pages
[    0.105558] HugeTLB registered 32.0 MiB page size, pre-allocated 0 pages
[    0.105565] HugeTLB registered 2.00 MiB page size, pre-allocated 0 pages
[    0.105573] HugeTLB registered 64.0 KiB page size, pre-allocated 0 pages
[    0.106542] cryptd: max_cpu_qlen set to 1000
[    0.108845] ACPI: Interpreter disabled.
[    0.112712] rcar-avs: use avs value: 0
[    0.112727] rcar-avs: cpu@0 is running with: opp_table0
[    0.112737] rcar-avs: cpu@1 is running with: opp_table0
[    0.112747] rcar-avs: cpu@2 is running with: opp_table0
[    0.112756] rcar-avs: cpu@3 is running with: opp_table0
[    0.112846] rcar-avs: gsx@fd000000 is running with: gsx_opp_table0
[    0.114274] iommu: Default domain type: Translated 
[    0.114851] ipmmu-vmsa e67b0000.iommu: IPMMU context 0 is reserved
[    0.115911] vgaarb: loaded
[    0.116114] SCSI subsystem initialized
[    0.116372] usbcore: registered new interface driver usbfs
[    0.116403] usbcore: registered new interface driver hub
[    0.116430] usbcore: registered new device driver usb
[    0.119959] i2c-sh_mobile e60b0000.i2c: I2C adapter 7, bus speed 400000 Hz
[    0.120521] mc: Linux media interface: v0.10
[    0.120544] videodev: Linux video capture interface: v2.00
[    0.120593] pps_core: LinuxPPS API ver. 1 registered
[    0.120600] pps_core: Software ver. 5.3.6 - Copyright 2005-2007 Rodolfo Giometti <giometti@linux.it>
[    0.120614] PTP clock support registered
[    0.120788] EDAC MC: Ver: 3.0.0
[    0.122791] FPGA manager framework
[    0.122853] Advanced Linux Sound Architecture Driver Initialized.
[    0.123454] clocksource: Switched to clocksource arch_sys_counter
[    0.123605] VFS: Disk quotas dquot_6.6.0
[    0.123647] VFS: Dquot-cache hash table entries: 512 (order 0, 4096 bytes)
[    0.123770] pnp: PnP ACPI: disabled
[    0.127426] NET: Registered protocol family 2
[    0.127866] IP idents hash table entries: 131072 (order: 8, 1048576 bytes, linear)
[    0.130142] tcp_listen_portaddr_hash hash table entries: 4096 (order: 4, 65536 bytes, linear)
[    0.130221] TCP established hash table entries: 65536 (order: 7, 524288 bytes, linear)
[    0.130507] TCP bind hash table entries: 65536 (order: 8, 1048576 bytes, linear)
[    0.131120] TCP: Hash tables configured (established 65536 bind 65536)
[    0.131245] UDP hash table entries: 4096 (order: 5, 131072 bytes, linear)
[    0.131360] UDP-Lite hash table entries: 4096 (order: 5, 131072 bytes, linear)
[    0.131606] NET: Registered protocol family 1
[    0.131987] RPC: Registered named UNIX socket transport module.
[    0.131998] RPC: Registered udp transport module.
[    0.132003] RPC: Registered tcp transport module.
[    0.132009] RPC: Registered tcp NFSv4.1 backchannel transport module.
[    0.132021] PCI: CLS 0 bytes, default 64
[    0.132938] hw perfevents: enabled with armv8_cortex_a53 PMU driver, 7 counters available
[    0.133217] hw perfevents: enabled with armv8_cortex_a57 PMU driver, 7 counters available
[    0.133861] kvm [1]: HYP mode not available
[    0.136824] Initialise system trusted keyrings
[    0.136978] workingset: timestamp_bits=42 max_order=21 bucket_order=0
[    0.140103] squashfs: version 4.0 (2009/01/31) Phillip Lougher
[    0.140503] NFS: Registering the id_resolver key type
[    0.140532] Key type id_resolver registered
[    0.140538] Key type id_legacy registered
[    0.140594] nfs4filelayout_init: NFSv4 File Layout Driver Registering...
[    0.140604] nfs4flexfilelayout_init: NFSv4 Flexfile Layout Driver Registering...
[    0.140704] 9p: Installing v9fs 9p2000 file system support
[    0.167226] Key type asymmetric registered
[    0.167240] Asymmetric key parser 'x509' registered
[    0.167281] Block layer SCSI generic (bsg) driver version 0.4 loaded (major 243)
[    0.167293] io scheduler mq-deadline registered
[    0.167302] io scheduler kyber registered
[    0.183610] gpio_rcar e6050000.gpio: driving 16 GPIOs
[    0.183917] gpio_rcar e6051000.gpio: driving 29 GPIOs
[    0.184208] gpio_rcar e6052000.gpio: driving 15 GPIOs
[    0.184471] gpio_rcar e6053000.gpio: driving 16 GPIOs
[    0.184755] gpio_rcar e6054000.gpio: driving 18 GPIOs
[    0.185021] gpio_rcar e6055000.gpio: driving 26 GPIOs
[    0.185331] gpio_rcar e6055400.gpio: driving 32 GPIOs
[    0.185576] gpio_rcar e6055800.gpio: driving 4 GPIOs
[    0.188662] rcar-pcie fe000000.pcie: host bridge /soc/pcie@fe000000 ranges:
[    0.188692] rcar-pcie fe000000.pcie:       IO 0x00fe100000..0x00fe1fffff -> 0x0000000000
[    0.188717] rcar-pcie fe000000.pcie:      MEM 0x00fe200000..0x00fe3fffff -> 0x00fe200000
[    0.188736] rcar-pcie fe000000.pcie:      MEM 0x0030000000..0x0037ffffff -> 0x0030000000
[    0.188750] rcar-pcie fe000000.pcie:      MEM 0x0038000000..0x003fffffff -> 0x0038000000
[    0.188768] rcar-pcie fe000000.pcie:   IB MEM 0x0040000000..0x007fffffff -> 0x0040000000
[    0.188816] rcar-pcie fe000000.pcie: no pcie3v3 regulator found
[    0.188827] rcar-pcie fe000000.pcie: no pcie1v8 regulator found
[    0.255164] rcar-pcie fe000000.pcie: PCIe link down
[    0.255346] rcar-pcie ee800000.pcie: host bridge /soc/pcie@ee800000 ranges:
[    0.255370] rcar-pcie ee800000.pcie:       IO 0x00ee900000..0x00ee9fffff -> 0x0000000000
[    0.255390] rcar-pcie ee800000.pcie:      MEM 0x00eea00000..0x00eebfffff -> 0x00eea00000
[    0.255408] rcar-pcie ee800000.pcie:      MEM 0x00c0000000..0x00c7ffffff -> 0x00c0000000
[    0.255427] rcar-pcie ee800000.pcie:      MEM 0x00c8000000..0x00cfffffff -> 0x00c8000000
[    0.255461] rcar-pcie ee800000.pcie:   IB MEM 0x0040000000..0x007fffffff -> 0x0040000000
[    0.255496] rcar-pcie ee800000.pcie: no pcie3v3 regulator found
[    0.255506] rcar-pcie ee800000.pcie: no pcie1v8 regulator found
[    0.323152] rcar-pcie ee800000.pcie: PCIe link down
[    0.325617] EINJ: ACPI disabled.
[    0.359800] Serial: 8250/16550 driver, 4 ports, IRQ sharing enabled
[    0.362274] SuperH (H)SCI(F) driver initialized
[    0.362715] e6550000.serial: ttySC1 at MMIO 0xe6550000 (irq = 42, base_baud = 0) is a hscif
[    0.363472] e6e88000.serial: ttySC0 at MMIO 0xe6e88000 (irq = 128, base_baud = 0) is a scif
[    1.568003] printk: console [ttySC0] enabled
[    1.573380] msm_serial: driver initialized
[    1.583800] rcar-dw-hdmi fead0000.hdmi: Detected HDMI TX controller v2.01a with HDCP (DWC HDMI 2.0 TX PHY)
[    1.593706] rcar-dw-hdmi fead0000.hdmi: registered DesignWare HDMI I2C bus driver
[    1.601979] rcar-dw-hdmi feae0000.hdmi: Detected HDMI TX controller v2.01a with HDCP (DWC HDMI 2.0 TX PHY)
[    1.611884] rcar-dw-hdmi feae0000.hdmi: registered DesignWare HDMI I2C bus driver
[    1.627571] loop: module loaded
[    1.632271] megasas: 07.714.04.00-rc1
[    1.638044] scsi host0: sata_rcar
[    1.641521] ata1: SATA max UDMA/133 irq 181
[    1.650968] tun: Universal TUN/TAP device driver, 1.6
[    1.656964] thunder_xcv, ver 1.0
[    1.660224] thunder_bgx, ver 1.0
[    1.663470] nicpf, ver 1.0
[    1.667616] hclge is initializing
[    1.670947] hns3: Hisilicon Ethernet Network Driver for Hip08 Family - version
[    1.678170] hns3: Copyright (c) 2017 Huawei Corporation.
[    1.683509] e1000: Intel(R) PRO/1000 Network Driver
[    1.688388] e1000: Copyright (c) 1999-2006 Intel Corporation.
[    1.694154] e1000e: Intel(R) PRO/1000 Network Driver
[    1.699118] e1000e: Copyright(c) 1999 - 2015 Intel Corporation.
[    1.705058] igb: Intel(R) Gigabit Ethernet Network Driver
[    1.710457] igb: Copyright (c) 2007-2014 Intel Corporation.
[    1.716044] igbvf: Intel(R) Gigabit Virtual Function Network Driver
[    1.722311] igbvf: Copyright (c) 2009 - 2012 Intel Corporation.
[    1.728637] sky2: driver version 1.30
[    1.736221] ravb e6800000.ethernet eth0: Base address at 0xe6800000, 2e:09:0a:06:d4:ee, IRQ 125.
[    1.746513] VFIO - User Level meta-driver version: 0.3
[    1.753682] ehci_hcd: USB 2.0 'Enhanced' Host Controller (EHCI) Driver
[    1.760232] ehci-pci: EHCI PCI platform driver
[    1.764695] ehci-platform: EHCI generic platform driver
[    1.770326] ehci-platform ee0a0100.usb: EHCI Host Controller
[    1.776012] ehci-platform ee0a0100.usb: new USB bus registered, assigned bus number 1
[    1.783940] ehci-platform ee0a0100.usb: irq 175, io mem 0xee0a0100
[    1.803459] ehci-platform ee0a0100.usb: USB 2.0 started, EHCI 1.10
[    1.810037] hub 1-0:1.0: USB hub found
[    1.813814] hub 1-0:1.0: 1 port detected
[    1.818235] ehci-platform ee0c0100.usb: EHCI Host Controller
[    1.823910] ehci-platform ee0c0100.usb: new USB bus registered, assigned bus number 2
[    1.831823] ehci-platform ee0c0100.usb: irq 176, io mem 0xee0c0100
[    1.851458] ehci-platform ee0c0100.usb: USB 2.0 started, EHCI 1.10
[    1.857922] hub 2-0:1.0: USB hub found
[    1.861690] hub 2-0:1.0: 1 port detected
[    1.891500] ehci-platform ee0e0100.usb: EHCI Host Controller
[    1.897175] ehci-platform ee0e0100.usb: new USB bus registered, assigned bus number 3
[    1.905046] ehci-platform ee0e0100.usb: irq 177, io mem 0xee0e0100
[    1.923459] ehci-platform ee0e0100.usb: USB 2.0 started, EHCI 1.10
[    1.929931] hub 3-0:1.0: USB hub found
[    1.933701] hub 3-0:1.0: 1 port detected
[    1.938087] ehci-orion: EHCI orion driver
[    1.942337] ehci-exynos: EHCI Exynos driver
[    1.946637] ohci_hcd: USB 1.1 'Open' Host Controller (OHCI) Driver
[    1.952834] ohci-pci: OHCI PCI platform driver
[    1.957318] ohci-platform: OHCI generic platform driver
[    1.962847] ohci-platform ee0a0000.usb: Generic Platform OHCI controller
[    1.969568] ohci-platform ee0a0000.usb: new USB bus registered, assigned bus number 4
[    1.977459] ohci-platform ee0a0000.usb: irq 175, io mem 0xee0a0000
[    2.059466] ata1: link resume succeeded after 1 retries
[    2.073737] hub 4-0:1.0: USB hub found
[    2.077506] hub 4-0:1.0: 1 port detected
[    2.081855] ohci-platform ee0c0000.usb: Generic Platform OHCI controller
[    2.088569] ohci-platform ee0c0000.usb: new USB bus registered, assigned bus number 5
[    2.096438] ohci-platform ee0c0000.usb: irq 176, io mem 0xee0c0000
[    2.170983] ata1: SATA link down (SStatus 0 SControl 300)
[    2.189776] hub 5-0:1.0: USB hub found
[    2.193544] hub 5-0:1.0: 1 port detected
[    2.197871] ohci-platform ee0e0000.usb: Generic Platform OHCI controller
[    2.204585] ohci-platform ee0e0000.usb: new USB bus registered, assigned bus number 6
[    2.212454] ohci-platform ee0e0000.usb: irq 177, io mem 0xee0e0000
[    2.305766] hub 6-0:1.0: USB hub found
[    2.309533] hub 6-0:1.0: 1 port detected
[    2.313883] ohci-exynos: OHCI Exynos driver
[    2.318322] usbcore: registered new interface driver usb-storage
[    2.326024] renesas_usbhs e6590000.usb: host probed
[    2.330913] renesas_usbhs e6590000.usb: no transceiver found
[    2.336640] renesas_usbhs e6590000.usb: gadget probed
[    2.341857] renesas_usbhs e6590000.usb: probed
[    2.346765] renesas_usbhs e659c000.usb: host probed
[    2.351660] renesas_usbhs e659c000.usb: no transceiver found
[    2.357376] renesas_usbhs e659c000.usb: gadget probed
[    2.362579] renesas_usbhs e659c000.usb: probed
[    2.369519] i2c /dev entries driver
[    2.384087] cs2000-cp 2-004f: revision - C1
[    2.388329] i2c-rcar e6510000.i2c: probed
[    2.393158] pca953x 4-0020: supply vcc not found, using dummy regulator
[    2.399858] pca953x 4-0020: using no AI
[    2.404504] gpio-355 (PCIE/SATA switch): hogged as output/low
[    2.416782] i2c-rcar e66d8000.i2c: probed
[    2.422084] adv748x 4-0070: Endpoint /soc/i2c@e66d8000/video-receiver@70/port@7/endpoint on port 7
[    2.431064] adv748x 4-0070: Endpoint /soc/i2c@e66d8000/video-receiver@70/port@8/endpoint on port 8
[    2.440037] adv748x 4-0070: Endpoint /soc/i2c@e66d8000/video-receiver@70/port@a/endpoint on port 10
[    2.449101] adv748x 4-0070: Endpoint /soc/i2c@e66d8000/video-receiver@70/port@b/endpoint on port 11
[    2.458486] adv748x 4-0070: chip found @ 0xe0 revision 2143
[    2.512179] rcar-csi2 fea80000.csi2: 1 lanes found
[    2.517321] rcar-csi2 feaa0000.csi2: 4 lanes found
[    2.526996] rcar-vin e6ef0000.video: Device registered as video0
[    2.533079] rcar-vin e6ef1000.video: Device registered as video1
[    2.539157] rcar-vin e6ef2000.video: Device registered as video2
[    2.545237] rcar-vin e6ef3000.video: Device registered as video3
[    2.551312] rcar-vin e6ef4000.video: Device registered as video4
[    2.557390] rcar-vin e6ef5000.video: Device registered as video5
[    2.563488] rcar-vin e6ef6000.video: Device registered as video6
[    2.569565] rcar-vin e6ef7000.video: Device registered as video7
[    2.578268] rcar_gen3_thermal e6198000.thermal: is using FUSE values
[    2.589381] rcar_gen3_thermal e6198000.thermal: TSC0: Loaded 1 trip points
[    2.600630] rcar_gen3_thermal e6198000.thermal: TSC1: Loaded 1 trip points
[    2.611781] rcar_gen3_thermal e6198000.thermal: TSC2: Loaded 3 trip points
[    2.624025] sdhci: Secure Digital Host Controller Interface driver
[    2.630216] sdhci: Copyright(c) Pierre Ossman
[    2.635356] Synopsys Designware Multimedia Card Interface Driver
[    2.636117] renesas_sdhi_internal_dmac ee140000.mmc: Adding to iommu group 0
[    2.636278] renesas_sdhi_internal_dmac ee100000.mmc: Got CD GPIO
[    2.636281] renesas_sdhi_internal_dmac ee160000.mmc: Got CD GPIO
[    2.636305] renesas_sdhi_internal_dmac ee100000.mmc: Got WP GPIO
[    2.636314] renesas_sdhi_internal_dmac ee160000.mmc: Got WP GPIO
[    2.642658] sdhci-pltfm: SDHCI platform and OF driver helper
[    2.648479] renesas_sdhi_internal_dmac ee140000.mmc: Using IPMMU context 1
[    2.685465] ledtrig-cpu: registered to indicate activity on CPUs
[    2.692392] SMCCC: SOC_ID: ARCH_SOC_ID not implemented, skipping ....
[    2.699414] usbcore: registered new interface driver usbhid
[    2.704989] usbhid: USB HID core driver
[    2.712577] optee: probing for conduit method.
[    2.717043] optee: revision 3.22 (314ecf9d)
[    2.717431] optee driver R-Car Rev.1.0.11
[    2.725939] optee: dynamic shared memory is enabled
[    2.731083] optee: initialized driver
[    2.734452] renesas_sdhi_internal_dmac ee140000.mmc: mmc0 base at 0x00000000ee140000, max clock rate 200 MHz
[    2.747976] rcar_sound ec500000.sound: probed
[    2.753062] NET: Registered protocol family 17
[    2.757620] 9pnet: Installing 9P2000 support
[    2.761952] Key type dns_resolver registered
[    2.766493] registered taskstats version 1
[    2.770604] Loading compiled-in X.509 certificates
[    2.785488] thermal emergency: set temperature to 110 celsius
[    2.791433] thermal emergency: shutdown target cpus 1-7
[    2.796661] thermal emergency: freq scaled target cpus 0
[    2.802327] renesas_irqc e61c0000.interrupt-controller: driving 6 irqs
[    2.819908] mmc0: new HS400 MMC card at address 0001
[    2.825698] mmcblk0: mmc0:0001 BGSD4R 29.1 GiB 
[    2.830589] mmcblk0boot0: mmc0:0001 BGSD4R partition 1 31.9 MiB
[    2.836856] mmcblk0boot1: mmc0:0001 BGSD4R partition 2 31.9 MiB
[    2.842917] mmcblk0rpmb: mmc0:0001 BGSD4R partition 3 4.00 MiB, chardev (509:0)
[    2.847587] ehci-platform ee080100.usb: EHCI Host Controller
[    2.851654]  mmcblk0: p1
[    2.855915] ehci-platform ee080100.usb: new USB bus registered, assigned bus number 7
[    2.866340] ehci-platform ee080100.usb: irq 174, io mem 0xee080100
[    2.887463] ehci-platform ee080100.usb: USB 2.0 started, EHCI 1.10
[    2.894117] hub 7-0:1.0: USB hub found
[    2.897890] hub 7-0:1.0: 1 port detected
[    2.903026] ohci-platform ee080000.usb: Generic Platform OHCI controller
[    2.909749] ohci-platform ee080000.usb: new USB bus registered, assigned bus number 8
[    2.917635] ohci-platform ee080000.usb: irq 174, io mem 0xee080000
[    3.013897] hub 8-0:1.0: USB hub found
[    3.017669] hub 8-0:1.0: 1 port detected
[    3.022850] cpu cpu0: EM: created perf domain
[    3.027843] cpu cpu4: EM: created perf domain
[    3.037047] renesas_sdhi_internal_dmac ee100000.mmc: Got CD GPIO
[    3.038071] renesas_sdhi_internal_dmac ee160000.mmc: Got CD GPIO
[    3.040483] [drm] Initialized rcar-du 1.0.0 20130110 for feb00000.display on minor 0
[    3.040485] [drm] Device feb00000.display probed
[    3.043135] renesas_sdhi_internal_dmac ee100000.mmc: Got WP GPIO
[    3.049197] renesas_sdhi_internal_dmac ee160000.mmc: Got WP GPIO
[    3.106603] renesas_sdhi_internal_dmac ee100000.mmc: mmc1 base at 0x00000000ee100000, max clock rate 200 MHz
[    3.113618] Console: switching to colour frame buffer device 128x48
[    3.122775] renesas_sdhi_internal_dmac ee160000.mmc: mmc2 base at 0x00000000ee160000, max clock rate 200 MHz
[    3.154683] rcar-du feb00000.display: [drm] fb0: rcar-dudrmfb frame buffer device
[    3.167735] input: keys as /devices/platform/keys/input/input0
[    3.246857] Micrel KSZ9031 Gigabit PHY e6800000.ethernet-ffffffff:00: attached PHY driver [Micrel KSZ9031 Gigabit PHY] (mii_bus:phy_addr=e6800000.ethernet-ffffffff:00, irq=183)
[    9.888030] ravb e6800000.ethernet eth0: Link is Up - 1Gbps/Full - flow control off
[    9.919493] IP-Config: Guessing netmask 255.255.255.0
[    9.924655] IP-Config: Complete:
[    9.927971]      device=eth0, hwaddr=2e:09:0a:06:d4:ee, ipaddr=192.168.10.107, mask=255.255.255.0, gw=255.255.255.255
[    9.938781]      host=192.168.10.107, domain=, nis-domain=(none)
[    9.944914]      bootserver=255.255.255.255, rootserver=192.168.10.98, rootpath=
[    9.945541] ALSA device list:
[    9.956180]   No soundcards found.
[   10.991696] VFS: Mounted root (nfs4 filesystem) on device 0:22.
[   10.998728] devtmpfs: mounted
[   11.004538] Freeing unused kernel memory: 6080K
[   11.031592] Run /sbin/init as init process
[   11.219100] systemd[1]: System time before build time, advancing clock.
[   11.572231] NET: Registered protocol family 10
[   11.578257] Segment Routing with IPv6
[   11.598546] systemd[1]: systemd 244 running in system mode. (+PAM -AUDIT -SELINUX +IMA -APPARMOR -SMACK +SYSVINIT +UTMP -LIBCRYPTSETUP -GCRYPT -GNUTLS +ACL +XZ -LZ4 -SECCOMP +BLKID -ELFUTILS +KMOD -IDN2 -IDN -PCRE2 default-hierarchy=hybrid)
[   11.621950] systemd[1]: Detected architecture arm64.

Welcome to [1mPoky (Yocto Project Reference Distro) 3.1.11 (dunfell)[0m!

[   11.658002] systemd[1]: Set hostname to <salvator-x>.
[   12.436076] random: systemd: uninitialized urandom read (16 bytes read)
[   12.447379] systemd[1]: system-getty.slice: unit configures an IP firewall, but the local system does not support BPF/cgroup firewalling.
[   12.468419] systemd[1]: (This warning is only shown for the first unit using IP firewalling.)
[   12.482913] systemd[1]: Created slice system-getty.slice.
[[0;32m  OK  [0m] Created slice [0;1;39msystem-getty.slice[0m.
[   12.507632] random: systemd: uninitialized urandom read (16 bytes read)
[   12.516562] systemd[1]: Created slice system-serial\x2dgetty.slice.
[[0;32m  OK  [0m] Created slice [0;1;39msystem-serial\x2dgetty.slice[0m.
[   12.539578] random: systemd: uninitialized urandom read (16 bytes read)
[   12.548251] systemd[1]: Created slice User and Session Slice.
[[0;32m  OK  [0m] Created slice [0;1;39mUser and Session Slice[0m.
[   12.571790] systemd[1]: Started Dispatch Password Requests to Console Directory Watch.
[[0;32m  OK  [0m] Started [0;1;39mDispatch Password â€¦ts to Console Directory Watch[0m.
[   12.599874] systemd[1]: Started Forward Password Requests to Wall Directory Watch.
[[0;32m  OK  [0m] Started [0;1;39mForward Password Râ€¦uests to Wall Directory Watch[0m.
[   12.627755] systemd[1]: Reached target Paths.
[[0;32m  OK  [0m] Reached target [0;1;39mPaths[0m.
[   12.651682] systemd[1]: Reached target Remote File Systems.
[[0;32m  OK  [0m] Reached target [0;1;39mRemote File Systems[0m.
[   12.675658] systemd[1]: Reached target Slices.
[[0;32m  OK  [0m] Reached target [0;1;39mSlices[0m.
[   12.699645] systemd[1]: Reached target Swap.
[[0;32m  OK  [0m] Reached target [0;1;39mSwap[0m.
[   12.726613] systemd[1]: Listening on RPCbind Server Activation Socket.
[[0;32m  OK  [0m] Listening on [0;1;39mRPCbind Server Activation Socket[0m.
[   12.755700] systemd[1]: Reached target RPC Port Mapper.
[[0;32m  OK  [0m] Reached target [0;1;39mRPC Port Mapper[0m.
[   12.780014] systemd[1]: Listening on initctl Compatibility Named Pipe.
[[0;32m  OK  [0m] Listening on [0;1;39minitctl Compatibility Named Pipe[0m.
[   12.809852] systemd[1]: Listening on Journal Audit Socket.
[[0;32m  OK  [0m] Listening on [0;1;39mJournal Audit Socket[0m.
[   12.837171] systemd[1]: Listening on Journal Socket (/dev/log).
[[0;32m  OK  [0m] Listening on [0;1;39mJournal Socket (/dev/log)[0m.
[   12.864355] systemd[1]: Listening on Journal Socket.
[[0;32m  OK  [0m] Listening on [0;1;39mJournal Socket[0m.
[   12.889636] systemd[1]: Listening on Network Service Netlink Socket.
[[0;32m  OK  [0m] Listening on [0;1;39mNetwork Service Netlink Socket[0m.
[   12.918310] systemd[1]: Listening on udev Control Socket.
[[0;32m  OK  [0m] Listening on [0;1;39mudev Control Socket[0m.
[   12.944151] systemd[1]: Listening on udev Kernel Socket.
[[0;32m  OK  [0m] Listening on [0;1;39mudev Kernel Socket[0m.
[   12.973202] systemd[1]: Mounting Huge Pages File System...
         Mounting [0;1;39mHuge Pages File System[0m...
[   13.000985] systemd[1]: Mounting POSIX Message Queue File System...
         Mounting [0;1;39mPOSIX Message Queue File System[0m...
[   13.032904] systemd[1]: Mounting Kernel Debug File System...
         Mounting [0;1;39mKernel Debug File System[0m...
[   13.065072] systemd[1]: Mounting Temporary Directory (/tmp)...
         Mounting [0;1;39mTemporary Directory (/tmp)[0m...
[   13.094282] systemd[1]: Starting Create list of static device nodes for the current kernel...
         Starting [0;1;39mCreate list of stâ€¦odes for the current kernel[0m...
[   13.129019] systemd[1]: Starting Start psplash boot splash screen...
         Starting [0;1;39mStart psplash boot splash scr[   13.143489] random: crng init done
een[0m...
[   13.148962] random: 21 urandom warning(s) missed due to ratelimiting
[   13.168756] systemd[1]: Starting RPC Bind...
         Starting [0;1;39mRPC Bind[0m...
[   13.216256] systemd[1]: Condition check resulted in File System Check on Root Device being skipped.
[   13.230769] systemd[1]: Starting Journal Service...
         Starting [0;1;39mJournal Service[0m...
[   13.260441] systemd[1]: Starting Load Kernel Modules...
         Starting [0;1;39mLoad Kernel Modules[0m...
[   13.284874] systemd[1]: Starting Remount Root and Kernel File Systems...
         Starting [0;1;39mRemount Root and Kernel File Systems[0m...
[   13.314616] systemd[1]: Starting udev Coldplug all Devices...
         Starting [0;1;39mudev Coldplug all Devices[0m...
[   13.340769] systemd[1]: Started Start psplash boot splash screen.
[[0;32m  OK  [0m] Started [0;1;39mStart psplash boot splash screen[0m.
[   13.364337] systemd[1]: Started RPC Bind.
[[0;32m  OK  [0m] Started [0;1;39mRPC Bind[0m.
[   13.384278] systemd[1]: Started Journal Service.
[[0;32m  OK  [0m] Started [0;1;39mJournal Service[0m.
[[0;32m  OK  [0m] Mounted [0;1;39mHuge Pages File System[0m.
[[0;32m  OK  [0m] Mounted [0;1;39mPOSIX Message Queue File System[0m.
[[0;32m  OK  [0m] Mounted [0;1;39mKernel Debug File System[0m.
[[0;32m  OK  [0m] Mounted [0;1;39mTemporary Directory (/tmp)[0m.
[[0;32m  OK  [0m] Started [0;1;39mCreate list of staâ€¦ nodes for the current kernel[0m.
[[0;32m  OK  [0m] Started [0;1;39mLoad Kernel Modules[0m.
[[0;32m  OK  [0m] Started [0;1;39mRemount Root and Kernel File Systems[0m.
         Mounting [0;1;39mKernel Configuration File System[0m...
[[0;32m  OK  [0m] Started [0;1;39mStart psplash-systâ€¦progress communication helper[0m.
         Starting [0;1;39mFlush Journal to Persistent Storage[0m...
         Starting [0;1;39mApply[   13.611253] systemd-journald[356]: Received client request to flush runtime journal.
 Kernel Variables[0m...
         Starting [0;1;39mCreate Static Device Nodes in /dev[0m...
[[0;32m  OK  [0m] Mounted [0;1;39mKernel Configuration File System[0m.
[[0;32m  OK  [0m] Started [0;1;39mFlush Journal to Persistent Storage[0m.
[[0;32m  OK  [0m] Started [0;1;39mApply Kernel Variables[0m.
[[0;32m  OK  [0m] Started [0;1;39mCreate Static Device Nodes in /dev[0m.
[[0;32m  OK  [0m] Reached target [0;1;39mLocal File Systems (Pre)[0m.
         Mounting [0;1;39m/var/volatile[0m...
         Starting [0;1;39mudev Kernel Device Manager[0m...
[[0;32m  OK  [0m] Started [0;1;39mudev Coldplug all Devices[0m.
[[0;32m  OK  [0m] Mounted [0;1;39m/var/volatile[0m.
         Starting [0;1;39mLoad/Save Random Seed[0m...
[[0;32m  OK  [0m] Reached target [0;1;39mLocal File Systems[0m.
         Starting [0;1;39mCreate Volatile Files and Directories[0m...
[[0;32m  OK  [0m] Started [0;1;39mudev Kernel Device Manager[0m.
[[0;32m  OK  [0m] Started [0;1;39mLoad/Save Random Seed[0m.
         Starting [0;1;39mNetwork Service[0m...
[[0;32m  OK  [0m] Started [0;1;39mCreate Volatile Files and Directories[0m.
[[0;32m  OK  [0m] Started [0;1;39mNetwork Service[0m.
         Starting [0;1;39mNetwork Name Resolution[0m...
         Starting [0;1;39mNetwork Time Synchronization[0m...
         Starting [0;1;39mUpdate UTMP about System Boot/Shutdown[0m...
[   14.169510] pwm-backlight: probe of backlight failed with error -16
[[0;32m  OK  [0m] Started [0;1;39mUpdate UTMP about System Boot/Shutdown[0m.
[[0;32m  OK  [0m] Reached target [0;1;39mHardware activated USB gadget[0m.
[[0;32m  OK  [0m] Started [0;1;39mNetwork Time Synchronization[0m.
[[0;32m  OK  [0m] Reached target [0;1;39mSystem Initi[   14.300956] at24 7-0050: supply vcc not found, using dummy regulator
alization[0m.
[   14.309084] at24 7-0050: 128 byte br24t01 EEPROM, writable, 8 bytes/write
[[0;32m  OK  [0m] Started [0;1;39mDaily Cleanup of Temporary Directories[0m.
[[0;32m  OK  [0m] Reached target [0;1;39mSystem Time Set[0m.
[[0;32m  OK  [0m] Reached target [0;1;39mSystem Time Synchronized[0m.
[[0;32m  OK  [0m] Reached target [0;1;39mTimers[0m.
[   14.399347] renesas_usb3 ee020000.usb: probed with phy
[[0;32m  OK  [0m] Listening on [0;1;39mAvahi mDNS/DNS-SD Stack Activation Socket[0m.
[[0;32m  OK  [0m] Listening on [0;1;39mD-Bus System Message Bus Socket[0m.
[[0;32m  OK  [0m] Listening on [0;1;39mdropbear.socket[0m.
[[0;32m  OK  [0m] Reached target [0;1;39mSockets[0m.
[   14.507288] xhci-hcd ee000000.usb: xHCI Host Controller
[   14.509476] ccree e6601000.crypto: ARM CryptoCell 630P Driver: HW version 0xAF400001/0xDCC63000, Driver version 5.0
[   14.512652] xhci-hcd ee000000.usb: new USB bus registered, assigned bus number 9
[[0;32m  OK  [0m] Reached target [0;1;39mBasic System[0m.
[   14.547329] xhci-hcd ee000000.usb: hcc params 0x014051ce hci version 0x100 quirks 0x0000000000830410
[   14.557133] xhci-hcd ee000000.usb: irq 172, io mem 0xee000000
[   14.562450] ccree e6601000.crypto: ARM ccree device initialized
[   14.563181] xhci-hcd ee000000.usb: xHCI Host Controller
[   14.574232] xhci-hcd ee000000.usb: new USB bus registered, assigned bus number 10
[   14.582022] xhci-hcd ee000000.usb: Host supports USB 3.0 SuperSpeed
[   14.582570] hub 9-0:1.0: USB hub found
[   14.592236] hub 9-0:1.0: 1 port detected
[   14.595501] usb usb10: We don't know the algorithms for LPM for this host, disabling LPM.
[[0;32m  OK  [[   14.604962] hub 10-0:1.0: USB hub found
0m] Started [0;[   14.610225] hub 10-0:1.0: 1 port detected
1;39mD-Bus System Message Bus[0m.
[[0;32m  OK  [0m] Started [0;1;39moptee services[0m.
         Starting [0;1;39mpvrinit.service[0m...
         Starting [0;1;39mPowerVR consumer services[0m...
         Starting [0;1;39mLogin Service[0m...
[[0;32m  OK  [0m] Started [0;1;39mNetwork Name Resolution[0m.
[[0;1;31mFAILED[0m] Failed to start [0;1;39mpvrinit.service[0m.
See 'systemctl status pvrinit.service' for details.
[[0;1;31mFAILED[0m] Failed to start [0;1;39mPowerVR consumer services[0m.
See 'systemctl status rc.pvr.service' for details.
[[0;1;38;5;185mDEPEND[0m] Dependency failed for [0;1;39mWeston Wayland Compositor[0m.
[[0;32m  OK  [0m] Started [0;1;39mLogin Service[0m.
[[0;32m  OK  [0m] Created slice [0;1;39msystem-weston.slice[0m.
[[0;32m  OK  [0m] Reached target [0;1;39mNetwork[0m.
[[0;32m  OK  [0m] Reached target [0;1;39mHost and Network Name Lookups[0m.
         Starting [0;1;39mAvahi mDNS/DNS-SD Stack[0m...
         Starting [0;1;39mset_default_governor.service[0m...
         Starting [0;1;39mPermit User Sessions[0m...
[[0;32m  OK  [0m] Started [0;1;39mXinetd A Powerful Replacement For Inetd[0m.
[   15.055772] rd 0-7: Disabling EAS, schedutil is mandatory
[[0;32m  OK  [0m] Started [0;1;39mPermit User Sessions[0m.
[[0;32m  OK  [0m] Started [0;1;39mset_default_governor.service[0m.
[[0;32m  OK  [0m] Started [0;1;39mAvahi mDNS/DNS-SD Stack[0m.
[[0;32m  OK  [0m] Started [0;1;39mGetty on tty1[0m.
[[0;32m  OK  [0m] Started [0;1;39mSerial Getty on ttySC0[0m.
[[0;32m  OK  [0m] Reached target [0;1;39mLogin Prompts[0m.
[[0;32m  OK  [0m] Reached target [0;1;39mMulti-User System[0m.
         Starting [0;1;39mUpdate UTMP about System Runlevel Changes[0m...
[[0;32m  OK  [0m] Started [0;1;39mUpdate UTMP about System Runlevel Changes[0m.

Poky (Yocto Project Reference Distro) 3.1.11 salvator-x ttySC0

salvator-x login: 
salvator-x login: root
[   17.054406] audit: type=1006 audit(1703064537.832:2): pid=527 uid=0 old-auid=4294967295 auid=0 tty=(none) old-ses=4294967295 ses=1 res=1
7[r[999;999H[6n8root@salvator-x:~# 
root@salvator-x:~# 
root@salvator-x:~# 
root@salvator-x:~# 
root@salvator-x:~# 
root@salvator-x:~# 
root@salvator-x:~# 
root@salvator-x:~# 
root@salvator-x:~# 
Prepare 


Plug in USB3 device


Press any button to continue

[   41.951616] SDHI0 VccQ: disabling
[   41.955005] SDHI3 VccQ: disabling
[   42.071461] usb 9-1: new high-speed USB device number 2 using xhci-hcd
[   42.242510] hub 9-1:1.0: USB hub found
[   42.247028] hub 9-1:1.0: 4 ports detected
[   42.363988] usb 10-1: new SuperSpeed Gen 1 USB device number 2 using xhci-hcd
[   42.406164] hub 10-1:1.0: USB hub found
[   42.411026] hub 10-1:1.0: 4 ports detected
[   42.704255] usb 10-1.1: new SuperSpeed Gen 1 USB device number 3 using xhci-hcd
[   42.746824] usb-storage 10-1.1:1.0: USB Mass Storage device detected
[   42.753890] scsi host1: usb-storage 10-1.1:1.0
[   43.777174] scsi 1:0:0:0: Direct-Access     SanDisk  Extreme Pro      0    PQ: 0 ANSI: 6
[   43.787678] sd 1:0:0:0: [sda] 250085376 512-byte logical blocks: (128 GB/119 GiB)
[   43.796203] sd 1:0:0:0: [sda] Write Protect is off
[   43.801659] sd 1:0:0:0: [sda] Write cache: enabled, read cache: enabled, doesn't support DPO or FUA
[   43.828295]  sda: sda1
[   43.833010] sd 1:0:0:0: [sda] Attached SCSI removable disk

root@salvator-x:~# find /sys/devices/platform/soc/ee000000.usb/ -name product -p rint0 | xargs -0 grep "[Hh][uU][bB]"
/sys/devices/platform/soc/ee000000.usb/usb10/10-1/product:4-Port USB 3.0 Hub
/sys/devices/platform/soc/ee000000.usb/usb9/9-1/product:4-Port USB 2.0 Hub
root@salvator-x:~# 
root@salvator-x:~# find /sys/devices/platform/soc/ee000000.usb/ -name 'sd*'
/sys/devices/platform/soc/ee000000.usb/usb10/10-1/10-1.1/10-1.1:1.0/host1/target1:0:0/1:0:0:0/block/sda
/sys/devices/platform/soc/ee000000.usb/usb10/10-1/10-1.1/10-1.1:1.0/host1/target1:0:0/1:0:0:0/block/sda/sda1
root@salvator-x:~# 
root@salvator-x:~# mkdir -p /mnt/usb
root@salvator-x:~# 
root@salvator-x:~# mount /dev/sda1 /mnt/usb
[   52.169021] EXT4-fs (sda1): mounted filesystem with ordered data mode. Opts: (null)
root@salvator-x:~# 
root@salvator-x:~# echo y | mkfs.ext4 /dev/sda1
mke2fs 1.45.4 (23-Sep-2019)
/dev/sda1 is mounted; will not make a filesystem here!
root@salvator-x:~# 
root@salvator-x:~# mount /dev/sda1 /mnt/usb
mount: /mnt/usb: /dev/sda1 already mounted on /mnt/usb.
root@salvator-x:~# 
root@salvator-x:~# dd if=/dev/urandom of=testdata bs=10M count=50
50+0 records in
50+0 records out
524288000 bytes (524 MB, 500 MiB) copied, 12.5438 s, 41.8 MB/s
root@salvator-x:~# 
root@salvator-x:~# cp testdata /mnt/usb/
root@salvator-x:~# 
root@salvator-x:~# umount /mnt/usb
root@salvator-x:~# 
Pull out USB3 device


Press any button to continue

[   83.203497] usb 9-1: USB disconnect, device number 2
[   83.955538] usb 10-1: USB disconnect, device number 2
[   83.960632] usb 10-1.1: USB disconnect, device number 3


----------Item 1----------


root@salvator-x:~# i2cset -f -y 7 0x30 0x20 0x0f
root@salvator-x:~# 


root@salvator-x:~# echo N > /sys/module/printk/parameters/console_suspend
root@salvator-x:~# 
root@salvator-x:~# echo mem > /sys/power/state
[   89.579678] PM: suspend entry (deep)
[   89.583345] Filesystems sync: 0.000 seconds
[   89.589210] Freezing user space processes ... (elapsed 0.001 seconds) done.
[   89.590856] OOM killer disabled.
[   89.590858] Freezing remaining freezable tasks ... (elapsed 0.001 seconds) done.
[   90.023722] ravb e6800000.ethernet eth0: Link is Down
[   90.040378] Disabling non-boot CPUs ...
[   90.044820] CPU1: shutdown
[   90.047544] psci: CPU1 killed (polled 0 ms)
[   90.053421] CPU2: shutdown
[   90.056149] psci: CPU2 killed (polled 0 ms)
[   90.061771] CPU3: shutdown
[   90.064504] psci: CPU3 killed (polled 0 ms)
[   90.070548] CPU4: shutdown
[   90.073277] psci: CPU4 killed (polled 0 ms)
[   90.078859] CPU5: shutdown
[   90.081585] psci: CPU5 killed (polled 0 ms)
[   90.087312] CPU6: shutdown
[   90.090040] psci: CPU6 killed (polled 0 ms)
[   90.095886] CPU7: shutdown
[   90.098596] psci: CPU7 killed (polled 0 ms)
 NOTICE:  BL2: R-Car Gen3 Initial Program Loader(CA57) Rev.4.0.0
NOTICE:  BL2: PRR is R-Car H3 Ver.3.0
NOTICE:  BL2: Board is Salvator-XS Rev.1.1
NOTICE:  BL2: Boot device is HyperFlash(160MHz)
NOTICE:  BL2: LCM state is CM
NOTICE:  AVS setting succeeded. DVFS_SetVID=0x53
NOTICE:  BL2: DDR3200(rev.0.42)
NOTICE:  BL2: [WARM_BOOT]
NOTICE:  BL2: DRAM Split is 4ch(DDR f)
NOTICE:  BL2: QoS is default setting(rev.0.11)
NOTICE:  BL2: DRAM refresh interval 1.95 usec
NOTICE:  BL2: Periodic Write DQ Training
NOTICE:  BL2: CH0: 400000000 - 47fffffff, 2 GiB
NOTICE:  BL2: CH1: 500000000 - 57fffffff, 2 GiB
NOTICE:  BL2: CH2: 600000000 - 67fffffff, 2 GiB
NOTICE:  BL2: CH3: 700000000 - 77fffffff, 2 GiB
NOTICE:  BL2: Lossy Decomp areas
NOTICE:       Entry 0: DCMPAREACRAx:0x80000540 DCMPAREACRBx:0x570
NOTICE:       Entry 1: DCMPAREACRAx:0x40000000 DCMPAREACRBx:0x0
NOTICE:       Entry 2: DCMPAREACRAx:0x20000000 DCMPAREACRBx:0x0
NOTICE:  BL2: FDT at 0xe6327f70
NOTICE:  BL2: v2.9(release):9cdb21f75
NOTICE:  BL2: Built : 05:25:39, Dec 19 2023
NOTICE:  BL2: Normal boot
[   90.103917] Enabling non-boot CPUs ...
[   90.107966] Detected PIPT I-cache on CPU1
[   90.108020] CPU1: Booted secondary processor 0x0000000001 [0x411fd073]
[   90.108539] CPU1 is up
[   90.121596] Detected PIPT I-cache on CPU2
[   90.121619] CPU2: Booted secondary processor 0x0000000002 [0x411fd073]
[   90.121895] CPU2 is up
[   90.134912] Detected PIPT I-cache on CPU3
[   90.134935] CPU3: Booted secondary processor 0x0000000003 [0x411fd073]
[   90.135232] CPU3 is up
[   90.148304] Detected VIPT I-cache on CPU4
[   90.148355] CPU4: Booted secondary processor 0x0000000100 [0x410fd034]
[   90.149256] CPU4 is up
[   90.162263] Detected VIPT I-cache on CPU5
[   90.162296] CPU5: Booted secondary processor 0x0000000101 [0x410fd034]
[   90.162850] CPU5 is up
[   90.175863] Detected VIPT I-cache on CPU6
[   90.175896] CPU6: Booted secondary processor 0x0000000102 [0x410fd034]
[   90.176595] CPU6 is up
[   90.189606] Detected VIPT I-cache on CPU7
[   90.189639] CPU7: Booted secondary processor 0x0000000103 [0x410fd034]
[   90.190333] CPU7 is up
[   90.262043] xhci-hcd ee000000.usb: xHC error in resume, USBSTS 0x401, Reinit
[   90.269111] usb usb9: root hub lost power or was reset
[   90.274238] usb usb10: root hub lost power or was reset
[   90.382428] Micrel KSZ9031 Gigabit PHY e6800000.ethernet-ffffffff:00: attached PHY driver [Micrel KSZ9031 Gigabit PHY] (mii_bus:phy_addr=e6800000.ethernet-ffffffff:00, irq=183)
[   90.497493] usb usb4: root hub lost power or was reset
[   90.502792] usb usb1: root hub lost power or was reset
[   90.589582] usb usb5: root hub lost power or was reset
[   90.594760] usb usb2: root hub lost power or was reset
[   90.681598] usb usb6: root hub lost power or was reset
[   90.686851] usb usb3: root hub lost power or was reset
[   90.801490] usb usb8: root hub lost power or was reset
[   90.806660] usb usb7: root hub lost power or was reset
[   90.823437] ata1: link resume succeeded after 1 retries
[   90.934961] ata1: SATA link down (SStatus 0 SControl 300)
[   90.950592] OOM killer enabled.
[   90.954456] Restarting tasks ... done.
root@salvator-x:~# [   90.960263] PM: suspend exit
[   96.967689] ravb e6800000.ethernet eth0: Link is Up - 1Gbps/Full - flow control off

root@salvator-x:~# echo "Wake up sucessfully"
Wake up sucessfully
root@salvator-x:~# 
Plug in USB3 device


Press any button to continue

[  106.267438] usb 9-1: new high-speed USB device number 3 using xhci-hcd
[  106.438332] hub 9-1:1.0: USB hub found
[  106.443355] hub 9-1:1.0: 4 ports detected
[  106.555846] usb 10-1: new SuperSpeed Gen 1 USB device number 4 using xhci-hcd
[  106.597994] hub 10-1:1.0: USB hub found
[  106.603104] hub 10-1:1.0: 4 ports detected
[  106.896190] usb 10-1.1: new SuperSpeed Gen 1 USB device number 5 using xhci-hcd
[  106.934065] usb-storage 10-1.1:1.0: USB Mass Storage device detected
[  106.940803] scsi host1: usb-storage 10-1.1:1.0
[  107.968920] scsi 1:0:0:0: Direct-Access     SanDisk  Extreme Pro      0    PQ: 0 ANSI: 6
[  107.979303] sd 1:0:0:0: [sda] 250085376 512-byte logical blocks: (128 GB/119 GiB)
[  107.987663] sd 1:0:0:0: [sda] Write Protect is off
[  107.993191] sd 1:0:0:0: [sda] Write cache: enabled, read cache: enabled, doesn't support DPO or FUA
[  108.026257]  sda: sda1
[  108.030903] sd 1:0:0:0: [sda] Attached SCSI removable disk

root@salvator-x:~# find /sys/devices/platform/soc/ee000000.usb/ -name product -p rint0 | xargs -0 grep "[Hh][uU][bB]"
/sys/devices/platform/soc/ee000000.usb/usb10/10-1/product:4-Port USB 3.0 Hub
/sys/devices/platform/soc/ee000000.usb/usb9/9-1/product:4-Port USB 2.0 Hub
root@salvator-x:~# 
root@salvator-x:~# find /sys/devices/platform/soc/ee000000.usb/ -name 'sd*'
/sys/devices/platform/soc/ee000000.usb/usb10/10-1/10-1.1/10-1.1:1.0/host1/target1:0:0/1:0:0:0/block/sda
/sys/devices/platform/soc/ee000000.usb/usb10/10-1/10-1.1/10-1.1:1.0/host1/target1:0:0/1:0:0:0/block/sda/sda1
root@salvator-x:~# 
root@salvator-x:~# mount /dev/sda1 /mnt/usb
[  113.691645] EXT4-fs (sda1): mounted filesystem with ordered data mode. Opts: (null)
root@salvator-x:~# 
root@salvator-x:~# cp testdata /mnt/usb/testdata_from_nfs
root@salvator-x:~# 
root@salvator-x:~# cp /mnt/usb/testdata_from_nfs testdata_from_usb
root@salvator-x:~# 
root@salvator-x:~# cmp testdata testdata_from_usb
root@salvator-x:~# 
root@salvator-x:~# umount /mnt/usb
root@salvator-x:~# 

----------Item 2----------


root@salvator-x:~# find /sys/devices/platform/soc/ee000000.usb/ -name product -p rint0 | xargs -0 grep "[Hh][uU][bB]"
/sys/devices/platform/soc/ee000000.usb/usb10/10-1/product:4-Port USB 3.0 Hub
/sys/devices/platform/soc/ee000000.usb/usb9/9-1/product:4-Port USB 2.0 Hub
root@salvator-x:~# 
root@salvator-x:~# find /sys/devices/platform/soc/ee000000.usb/ -name 'sd*'
/sys/devices/platform/soc/ee000000.usb/usb10/10-1/10-1.1/10-1.1:1.0/host1/target1:0:0/1:0:0:0/block/sda
/sys/devices/platform/soc/ee000000.usb/usb10/10-1/10-1.1/10-1.1:1.0/host1/target1:0:0/1:0:0:0/block/sda/sda1
root@salvator-x:~# 
root@salvator-x:~# mount /dev/sda1 /mnt/usb
[  142.973779] EXT4-fs (sda1): mounted filesystem with ordered data mode. Opts: (null)
root@salvator-x:~# 
root@salvator-x:~# cp /mnt/usb/testdata testdata_from_usb &
[1] 622
root@salvator-x:~# 
root@salvator-x:~# i2cset -f -y 7 0x30 0x20 0x0f
root@salvator-x:~# 


root@salvator-x:~# echo N > /sys/module/printk/parameters/console_suspend
root@salvator-x:~# 
root@salvator-x:~# echo mem > /sys/power/state
[  148.476956] PM: suspend entry (deep)
[  151.883933] Filesystems sync: 3.400 seconds
[  151.890201] Freezing user space processes ... (elapsed 0.543 seconds) done.
[  152.441478] OOM killer disabled.
[  152.445401] Freezing remaining freezable tasks ... (elapsed 0.001 seconds) done.
[  152.475459] sd 1:0:0:0: [sda] Synchronizing SCSI cache
[  152.870031] ravb e6800000.ethernet eth0: Link is Down
[  152.886726] Disabling non-boot CPUs ...
[  152.891192] CPU1: shutdown
[  152.893919] psci: CPU1 killed (polled 0 ms)
[  152.899729] CPU2: shutdown
[  152.902444] psci: CPU2 killed (polled 0 ms)
[  152.907883] CPU3: shutdown
[  152.910594] psci: CPU3 killed (polled 0 ms)
[  152.916398] CPU4: shutdown
[  152.919120] psci: CPU4 killed (polled 0 ms)
[  152.925664] CPU5: shutdown
[  152.928388] psci: CPU5 killed (polled 0 ms)
[  152.934024] CPU6: shutdown
[  152.936770] psci: CPU6 killed (polled 0 ms)
[  152.942660] CPU7: shutdown
[  152.945475] psci: CPU7 killed (polled 0 ms)
 NOTICE:  BL2: R-Car Gen3 Initial Program Loader(CA57) Rev.4.0.0
NOTICE:  BL2: PRR is R-Car H3 Ver.3.0
NOTICE:  BL2: Board is Salvator-XS Rev.1.1
NOTICE:  BL2: Boot device is HyperFlash(160MHz)
NOTICE:  BL2: LCM state is CM
NOTICE:  AVS setting succeeded. DVFS_SetVID=0x53
NOTICE:  BL2: DDR3200(rev.0.42)
NOTICE:  BL2: [WARM_BOOT]
NOTICE:  BL2: DRAM Split is 4ch(DDR f)
NOTICE:  BL2: QoS is default setting(rev.0.11)
NOTICE:  BL2: DRAM refresh interval 1.95 usec
NOTICE:  BL2: Periodic Write DQ Training
NOTICE:  BL2: CH0: 400000000 - 47fffffff, 2 GiB
NOTICE:  BL2: CH1: 500000000 - 57fffffff, 2 GiB
NOTICE:  BL2: CH2: 600000000 - 67fffffff, 2 GiB
NOTICE:  BL2: CH3: 700000000 - 77fffffff, 2 GiB
NOTICE:  BL2: Lossy Decomp areas
NOTICE:       Entry 0: DCMPAREACRAx:0x80000540 DCMPAREACRBx:0x570
NOTICE:       Entry 1: DCMPAREACRAx:0x40000000 DCMPAREACRBx:0x0
NOTICE:       Entry 2: DCMPAREACRAx:0x20000000 DCMPAREACRBx:0x0
NOTICE:  BL2: FDT at 0xe6327f70
NOTICE:  BL2: v2.9(release):9cdb21f75
NOTICE:  BL2: Built : 05:25:39, Dec 19 2023
NOTICE:  BL2: Normal boot
[  152.950599] Enabling non-boot CPUs ...
[  152.954651] Detected PIPT I-cache on CPU1
[  152.954704] CPU1: Booted secondary processor 0x0000000001 [0x411fd073]
[  152.955253] CPU1 is up
[  152.968316] Detected PIPT I-cache on CPU2
[  152.968338] CPU2: Booted secondary processor 0x0000000002 [0x411fd073]
[  152.968623] CPU2 is up
[  152.981643] Detected PIPT I-cache on CPU3
[  152.981666] CPU3: Booted secondary processor 0x0000000003 [0x411fd073]
[  152.981973] CPU3 is up
[  152.995038] Detected VIPT I-cache on CPU4
[  152.995090] CPU4: Booted secondary processor 0x0000000100 [0x410fd034]
[  152.996048] CPU4 is up
[  153.009067] Detected VIPT I-cache on CPU5
[  153.009101] CPU5: Booted secondary processor 0x0000000101 [0x410fd034]
[  153.009710] CPU5 is up
[  153.022716] Detected VIPT I-cache on CPU6
[  153.022748] CPU6: Booted secondary processor 0x0000000102 [0x410fd034]
[  153.023476] CPU6 is up
[  153.036482] Detected VIPT I-cache on CPU7
[  153.036516] CPU7: Booted secondary processor 0x0000000103 [0x410fd034]
[  153.037261] CPU7 is up
[  153.109291] xhci-hcd ee000000.usb: xHC error in resume, USBSTS 0x401, Reinit
[  153.116339] usb usb9: root hub lost power or was reset
[  153.121459] usb usb10: root hub lost power or was reset
[  153.178347] Micrel KSZ9031 Gigabit PHY e6800000.ethernet-ffffffff:00: attached PHY driver [Micrel KSZ9031 Gigabit PHY] (mii_bus:phy_addr=e6800000.ethernet-ffffffff:00, irq=183)
[  153.293413] usb usb4: root hub lost power or was reset
[  153.298591] usb usb1: root hub lost power or was reset
[  153.385547] usb usb5: root hub lost power or was reset
[  153.390713] usb usb2: root hub lost power or was reset
[  153.477532] usb usb6: root hub lost power or was reset
[  153.482822] usb usb3: root hub lost power or was reset
[  153.548063] usb 9-1: reset high-speed USB device number 3 using xhci-hcd
[  153.597410] usb usb8: root hub lost power or was reset
[  153.602682] usb usb7: root hub lost power or was reset
[  153.619399] ata1: link resume succeeded after 1 retries
[  153.730999] ata1: SATA link down (SStatus 0 SControl 300)
[  153.836563] usb 10-1: reset SuperSpeed Gen 1 USB device number 4 using xhci-hcd
[  154.192514] usb 10-1.1: reset SuperSpeed Gen 1 USB device number 5 using xhci-hcd
[  154.228138] OOM killer enabled.
[  154.233915] Restarting tasks ... done.
[1]+  Done                    cp /mnt/usb/testdata testdata_from_usb
[  154.242361] PM: suspend exit
root@salvator-x:~# [  160.566462] ravb e6800000.ethernet eth0: Link is Up - 1Gbps/Full - flow control off

root@salvator-x:~# echo "Wake up sucessfully"
Wake up sucessfully
root@salvator-x:~# 
root@salvator-x:~# wait
root@salvator-x:~# 
root@salvator-x:~# cmp /mnt/usb/testdata testdata_from_usb
root@salvator-x:~# 
root@salvator-x:~# umount /mnt/usb
root@salvator-x:~# 

----------Item 3----------


root@salvator-x:~# find /sys/devices/platform/soc/ee000000.usb/ -name product -p rint0 | xargs -0 grep "[Hh][uU][bB]"
/sys/devices/platform/soc/ee000000.usb/usb10/10-1/product:4-Port USB 3.0 Hub
/sys/devices/platform/soc/ee000000.usb/usb9/9-1/product:4-Port USB 2.0 Hub
root@salvator-x:~# 
root@salvator-x:~# find /sys/devices/platform/soc/ee000000.usb/ -name 'sd*'
/sys/devices/platform/soc/ee000000.usb/usb10/10-1/10-1.1/10-1.1:1.0/host1/target1:0:0/1:0:0:0/block/sda
/sys/devices/platform/soc/ee000000.usb/usb10/10-1/10-1.1/10-1.1:1.0/host1/target1:0:0/1:0:0:0/block/sda/sda1
root@salvator-x:~# 
root@salvator-x:~# i2cset -f -y 7 0x30 0x20 0x0f
root@salvator-x:~# 
root@salvator-x:~# echo N > /sys/module/printk/parameters/console_suspend
root@salvator-x:~# 
root@salvator-x:~# mount /dev/sda1 /mnt/usb
[  181.044739] EXT4-fs (sda1): mounted filesystem with ordered data mode. Opts: (null)
root@salvator-x:~# 
root@salvator-x:~# cp testdata /mnt/usb/testdata_from_nfs &
[1] 656
root@salvator-x:~# 
root@salvator-x:~# echo mem > /sys/power/state
[  182.487891] PM: suspend entry (deep)
[  194.853279] Filesystems sync: 12.358 seconds
[  194.861975] Freezing user space processes ... (elapsed 0.001 seconds) done.
[  194.863938] OOM killer disabled.
[  194.863942] Freezing remaining freezable tasks ... (elapsed 0.002 seconds) done.
[  194.903426] sd 1:0:0:0: [sda] Synchronizing SCSI cache
[  195.300221] ravb e6800000.ethernet eth0: Link is Down
[  195.315212] Disabling non-boot CPUs ...
[  195.319723] CPU1: shutdown
[  195.322436] psci: CPU1 killed (polled 0 ms)
[  195.328113] CPU2: shutdown
[  195.330826] psci: CPU2 killed (polled 0 ms)
[  195.336298] CPU3: shutdown
[  195.339009] psci: CPU3 killed (polled 0 ms)
[  195.344679] CPU4: shutdown
[  195.347401] psci: CPU4 killed (polled 0 ms)
[  195.352999] CPU5: shutdown
[  195.355735] psci: CPU5 killed (polled 0 ms)
[  195.361291] CPU6: shutdown
[  195.364020] psci: CPU6 killed (polled 0 ms)
[  195.369632] CPU7: shutdown
[  195.372397] psci: CPU7 killed (polled 0 ms)
 NOTICE:  BL2: R-Car Gen3 Initial Program Loader(CA57) Rev.4.0.0
NOTICE:  BL2: PRR is R-Car H3 Ver.3.0
NOTICE:  BL2: Board is Salvator-XS Rev.1.1
NOTICE:  BL2: Boot device is HyperFlash(160MHz)
NOTICE:  BL2: LCM state is CM
NOTICE:  AVS setting succeeded. DVFS_SetVID=0x53
NOTICE:  BL2: DDR3200(rev.0.42)
NOTICE:  BL2: [WARM_BOOT]
NOTICE:  BL2: DRAM Split is 4ch(DDR f)
NOTICE:  BL2: QoS is default setting(rev.0.11)
NOTICE:  BL2: DRAM refresh interval 1.95 usec
NOTICE:  BL2: Periodic Write DQ Training
NOTICE:  BL2: CH0: 400000000 - 47fffffff, 2 GiB
NOTICE:  BL2: CH1: 500000000 - 57fffffff, 2 GiB
NOTICE:  BL2: CH2: 600000000 - 67fffffff, 2 GiB
NOTICE:  BL2: CH3: 700000000 - 77fffffff, 2 GiB
NOTICE:  BL2: Lossy Decomp areas
NOTICE:       Entry 0: DCMPAREACRAx:0x80000540 DCMPAREACRBx:0x570
NOTICE:       Entry 1: DCMPAREACRAx:0x40000000 DCMPAREACRBx:0x0
NOTICE:       Entry 2: DCMPAREACRAx:0x20000000 DCMPAREACRBx:0x0
NOTICE:  BL2: FDT at 0xe6327f70
NOTICE:  BL2: v2.9(release):9cdb21f75
NOTICE:  BL2: Built : 05:25:39, Dec 19 2023
NOTICE:  BL2: Normal boot
[  195.377419] Enabling non-boot CPUs ...
[  195.381470] Detected PIPT I-cache on CPU1
[  195.381525] CPU1: Booted secondary processor 0x0000000001 [0x411fd073]
[  195.382127] CPU1 is up
[  195.395165] Detected PIPT I-cache on CPU2
[  195.395187] CPU2: Booted secondary processor 0x0000000002 [0x411fd073]
[  195.395498] CPU2 is up
[  195.408516] Detected PIPT I-cache on CPU3
[  195.408540] CPU3: Booted secondary processor 0x0000000003 [0x411fd073]
[  195.408855] CPU3 is up
[  195.421917] Detected VIPT I-cache on CPU4
[  195.421969] CPU4: Booted secondary processor 0x0000000100 [0x410fd034]
[  195.422943] CPU4 is up
[  195.435957] Detected VIPT I-cache on CPU5
[  195.435991] CPU5: Booted secondary processor 0x0000000101 [0x410fd034]
[  195.436626] CPU5 is up
[  195.449636] Detected VIPT I-cache on CPU6
[  195.449668] CPU6: Booted secondary processor 0x0000000102 [0x410fd034]
[  195.450421] CPU6 is up
[  195.463431] Detected VIPT I-cache on CPU7
[  195.463465] CPU7: Booted secondary processor 0x0000000103 [0x410fd034]
[  195.464261] CPU7 is up
[  195.536304] xhci-hcd ee000000.usb: xHC error in resume, USBSTS 0x401, Reinit
[  195.543337] usb usb9: root hub lost power or was reset
[  195.548457] usb usb10: root hub lost power or was reset
[  195.674603] Micrel KSZ9031 Gigabit PHY e6800000.ethernet-ffffffff:00: attached PHY driver [Micrel KSZ9031 Gigabit PHY] (mii_bus:phy_addr=e6800000.ethernet-ffffffff:00, irq=183)
[  195.789394] usb usb4: root hub lost power or was reset
[  195.794690] usb usb1: root hub lost power or was reset
[  195.881390] usb usb5: root hub lost power or was reset
[  195.886643] usb usb2: root hub lost power or was reset
[  195.973498] usb usb6: root hub lost power or was reset
[  195.976103] usb 9-1: reset high-speed USB device number 3 using xhci-hcd
[  195.978759] usb usb3: root hub lost power or was reset
[  196.097482] usb usb8: root hub lost power or was reset
[  196.102735] usb usb7: root hub lost power or was reset
[  196.115371] ata1: link resume succeeded after 1 retries
[  196.226889] ata1: SATA link down (SStatus 0 SControl 300)
[  196.264575] usb 10-1: reset SuperSpeed Gen 1 USB device number 4 using xhci-hcd
[  196.620472] usb 10-1.1: reset SuperSpeed Gen 1 USB device number 5 using xhci-hcd
[  196.656477] OOM killer enabled.
[  196.662561] Restarting tasks ... done.
[  196.668752] PM: suspend exit
[1]+  Done                    cp testdata /mnt/usb/testdata_from_nfs
root@salvator-x:~# [  203.665383] ravb e6800000.ethernet eth0: Link is Up - 1Gbps/Full - flow control off

root@salvator-x:~# echo "Wake up sucessfully"
Wake up sucessfully
root@salvator-x:~# 
root@salvator-x:~# wait
root@salvator-x:~# 
root@salvator-x:~# cmp testdata /mnt/usb/testdata_from_nfs
root@salvator-x:~# 
root@salvator-x:~# umount /mnt/usb
root@salvator-x:~# 

----------Item 4----------


root@salvator-x:~# i2cset -f -y 7 0x30 0x20 0x0f
root@salvator-x:~# 


root@salvator-x:~# echo N > /sys/module/printk/parameters/console_suspend
root@salvator-x:~# 
root@salvator-x:~# echo mem > /sys/power/state
[  220.687477] PM: suspend entry (deep)
[  220.691995] Filesystems sync: 0.000 seconds
[  220.698129] Freezing user space processes ... (elapsed 0.001 seconds) done.
[  220.699589] OOM killer disabled.
[  220.699591] Freezing remaining freezable tasks ... (elapsed 0.001 seconds) done.
[  220.733846] sd 1:0:0:0: [sda] Synchronizing SCSI cache
[  221.137306] ravb e6800000.ethernet eth0: Link is Down
[  221.152963] Disabling non-boot CPUs ...
[  221.157410] CPU1: shutdown
[  221.160135] psci: CPU1 killed (polled 0 ms)
[  221.165621] CPU2: shutdown
[  221.168346] psci: CPU2 killed (polled 0 ms)
[  221.173718] CPU3: shutdown
[  221.176441] psci: CPU3 killed (polled 0 ms)
[  221.182115] CPU4: shutdown
[  221.184837] psci: CPU4 killed (polled 0 ms)
[  221.190085] CPU5: shutdown
[  221.192822] psci: CPU5 killed (polled 0 ms)
[  221.198170] CPU6: shutdown
[  221.200895] psci: CPU6 killed (polled 0 ms)
[  221.206354] CPU7: shutdown
[  221.209167] psci: CPU7 killed (polled 0 ms)
 NOTICE:  BL2: R-Car Gen3 Initial Program Loader(CA57) Rev.4.0.0
NOTICE:  BL2: PRR is R-Car H3 Ver.3.0
NOTICE:  BL2: Board is Salvator-XS Rev.1.1
NOTICE:  BL2: Boot device is HyperFlash(160MHz)
NOTICE:  BL2: LCM state is CM
NOTICE:  AVS setting succeeded. DVFS_SetVID=0x53
NOTICE:  BL2: DDR3200(rev.0.42)
NOTICE:  BL2: [WARM_BOOT]
NOTICE:  BL2: DRAM Split is 4ch(DDR f)
NOTICE:  BL2: QoS is default setting(rev.0.11)
NOTICE:  BL2: DRAM refresh interval 1.95 usec
NOTICE:  BL2: Periodic Write DQ Training
NOTICE:  BL2: CH0: 400000000 - 47fffffff, 2 GiB
NOTICE:  BL2: CH1: 500000000 - 57fffffff, 2 GiB
NOTICE:  BL2: CH2: 600000000 - 67fffffff, 2 GiB
NOTICE:  BL2: CH3: 700000000 - 77fffffff, 2 GiB
NOTICE:  BL2: Lossy Decomp areas
NOTICE:       Entry 0: DCMPAREACRAx:0x80000540 DCMPAREACRBx:0x570
NOTICE:       Entry 1: DCMPAREACRAx:0x40000000 DCMPAREACRBx:0x0
NOTICE:       Entry 2: DCMPAREACRAx:0x20000000 DCMPAREACRBx:0x0
NOTICE:  BL2: FDT at 0xe6327f70
NOTICE:  BL2: v2.9(release):9cdb21f75
NOTICE:  BL2: Built : 05:25:39, Dec 19 2023
NOTICE:  BL2: Normal boot
[  221.214078] Enabling non-boot CPUs ...
[  221.218125] Detected PIPT I-cache on CPU1
[  221.218181] CPU1: Booted secondary processor 0x0000000001 [0x411fd073]
[  221.218776] CPU1 is up
[  221.231830] Detected PIPT I-cache on CPU2
[  221.231852] CPU2: Booted secondary processor 0x0000000002 [0x411fd073]
[  221.232144] CPU2 is up
[  221.245170] Detected PIPT I-cache on CPU3
[  221.245192] CPU3: Booted secondary processor 0x0000000003 [0x411fd073]
[  221.245507] CPU3 is up
[  221.258574] Detected VIPT I-cache on CPU4
[  221.258626] CPU4: Booted secondary processor 0x0000000100 [0x410fd034]
[  221.259609] CPU4 is up
[  221.272624] Detected VIPT I-cache on CPU5
[  221.272657] CPU5: Booted secondary processor 0x0000000101 [0x410fd034]
[  221.273292] CPU5 is up
[  221.286297] Detected VIPT I-cache on CPU6
[  221.286329] CPU6: Booted secondary processor 0x0000000102 [0x410fd034]
[  221.287090] CPU6 is up
[  221.300105] Detected VIPT I-cache on CPU7
[  221.300138] CPU7: Booted secondary processor 0x0000000103 [0x410fd034]
[  221.300928] CPU7 is up
[  221.372632] xhci-hcd ee000000.usb: xHC error in resume, USBSTS 0x401, Reinit
[  221.379702] usb usb9: root hub lost power or was reset
[  221.384826] usb usb10: root hub lost power or was reset
[  221.442219] Micrel KSZ9031 Gigabit PHY e6800000.ethernet-ffffffff:00: attached PHY driver [Micrel KSZ9031 Gigabit PHY] (mii_bus:phy_addr=e6800000.ethernet-ffffffff:00, irq=183)
[  221.553500] usb usb4: root hub lost power or was reset
[  221.558783] usb usb1: root hub lost power or was reset
[  221.645467] usb usb5: root hub lost power or was reset
[  221.650739] usb usb2: root hub lost power or was reset
[  221.737498] usb usb6: root hub lost power or was reset
[  221.742665] usb usb3: root hub lost power or was reset
[  221.812035] usb 9-1: reset high-speed USB device number 3 using xhci-hcd
[  221.861466] usb usb8: root hub lost power or was reset
[  221.866734] usb usb7: root hub lost power or was reset
[  221.879419] ata1: link resume succeeded after 1 retries
[  221.991018] ata1: SATA link down (SStatus 0 SControl 300)
[  222.100543] usb 10-1: reset SuperSpeed Gen 1 USB device number 4 using xhci-hcd
[  222.456460] usb 10-1.1: reset SuperSpeed Gen 1 USB device number 5 using xhci-hcd
[  222.491779] OOM killer enabled.
[  222.498065] Restarting tasks ... done.
root@salvator-x:~# [  222.504534] PM: suspend exit
[  230.188052] ravb e6800000.ethernet eth0: Link is Up - 1Gbps/Full - flow control off

root@salvator-x:~# echo "Wake up sucessfully"
Wake up sucessfully
root@salvator-x:~# 
root@salvator-x:~# find /sys/devices/platform/soc/ee000000.usb/ -name product -p rint0 | xargs -0 grep "[Hh][uU][bB]"
/sys/devices/platform/soc/ee000000.usb/usb10/10-1/product:4-Port USB 3.0 Hub
/sys/devices/platform/soc/ee000000.usb/usb9/9-1/product:4-Port USB 2.0 Hub
root@salvator-x:~# 
root@salvator-x:~# find /sys/devices/platform/soc/ee000000.usb/ -name 'sd*'
/sys/devices/platform/soc/ee000000.usb/usb10/10-1/10-1.1/10-1.1:1.0/host1/target1:0:0/1:0:0:0/block/sda
/sys/devices/platform/soc/ee000000.usb/usb10/10-1/10-1.1/10-1.1:1.0/host1/target1:0:0/1:0:0:0/block/sda/sda1
root@salvator-x:~# 
root@salvator-x:~# mount /dev/sda1 /mnt/usb
[  240.019761] EXT4-fs (sda1): mounted filesystem with ordered data mode. Opts: (null)
root@salvator-x:~# 
root@salvator-x:~# cp testdata /mnt/usb/testdata_from_nfs
root@salvator-x:~# 
root@salvator-x:~# cp /mnt/usb/testdata_from_nfs testdata_from_usb
root@salvator-x:~# 
root@salvator-x:~# cmp testdata testdata_from_usb
root@salvator-x:~# 
root@salvator-x:~# umount /mnt/usb
root@salvator-x:~# 

----------Item 5----------


Pull out USB3 device


Press any button to continue

[  275.954254] usb 9-1: USB disconnect, device number 3
[  276.703414] usb 10-1: USB disconnect, device number 4
[  276.709365] usb 10-1.1: USB disconnect, device number 5

root@salvator-x:~# i2cset -f -y 7 0x30 0x20 0x0f
root@salvator-x:~# 


root@salvator-x:~# echo N > /sys/module/printk/parameters/console_suspend
root@salvator-x:~# 
root@salvator-x:~# echo mem > /sys/power/state
[  285.463437] PM: suspend entry (deep)
[  285.467953] Filesystems sync: 0.000 seconds
[  285.474071] Freezing user space processes ... (elapsed 0.001 seconds) done.
[  285.475561] OOM killer disabled.
[  285.475563] Freezing remaining freezable tasks ... (elapsed 0.001 seconds) done.
[  285.899699] ravb e6800000.ethernet eth0: Link is Down
[  285.918816] Disabling non-boot CPUs ...
[  285.923308] CPU1: shutdown
[  285.926034] psci: CPU1 killed (polled 0 ms)
[  285.932201] CPU2: shutdown
[  285.934917] psci: CPU2 killed (polled 0 ms)
[  285.940751] CPU3: shutdown
[  285.943515] psci: CPU3 killed (polled 0 ms)
[  285.949622] CPU4: shutdown
[  285.952367] psci: CPU4 killed (polled 0 ms)
[  285.958792] CPU5: shutdown
[  285.961525] psci: CPU5 killed (polled 0 ms)
[  285.967424] CPU6: shutdown
[  285.970134] psci: CPU6 killed (polled 0 ms)
[  285.975924] CPU7: shutdown
[  285.978636] psci: CPU7 killed (polled 0 ms)
 
Plug in USB3 device


Press any button to continue

NOTICE:  BL2: R-Car Gen3 Initial Program Loader(CA57) Rev.4.0.0
NOTICE:  BL2: PRR is R-Car H3 Ver.3.0
NOTICE:  BL2: Board is Salvator-XS Rev.1.1
NOTICE:  BL2: Boot device is HyperFlash(160MHz)
NOTICE:  BL2: LCM state is CM
NOTICE:  AVS setting succeeded. DVFS_SetVID=0x53
NOTICE:  BL2: DDR3200(rev.0.42)
NOTICE:  BL2: [WARM_BOOT]
NOTICE:  BL2: DRAM Split is 4ch(DDR f)
NOTICE:  BL2: QoS is default setting(rev.0.11)
NOTICE:  BL2: DRAM refresh interval 1.95 usec
NOTICE:  BL2: Periodic Write DQ Training
NOTICE:  BL2: CH0: 400000000 - 47fffffff, 2 GiB
NOTICE:  BL2: CH1: 500000000 - 57fffffff, 2 GiB
NOTICE:  BL2: CH2: 600000000 - 67fffffff, 2 GiB
NOTICE:  BL2: CH3: 700000000 - 77fffffff, 2 GiB
NOTICE:  BL2: Lossy Decomp areas
NOTICE:       Entry 0: DCMPAREACRAx:0x80000540 DCMPAREACRBx:0x570
NOTICE:       Entry 1: DCMPAREACRAx:0x40000000 DCMPAREACRBx:0x0
NOTICE:       Entry 2: DCMPAREACRAx:0x20000000 DCMPAREACRBx:0x0
NOTICE:  BL2: FDT at 0xe6327f70
NOTICE:  BL2: v2.9(release):9cdb21f75
NOTICE:  BL2: Built : 05:25:39, Dec 19 2023
NOTICE:  BL2: Normal boot
[  285.983981] Enabling non-boot CPUs ...
[  285.988033] Detected PIPT I-cache on CPU1
[  285.988088] CPU1: Booted secondary processor 0x0000000001 [0x411fd073]
[  285.988685] CPU1 is up
[  286.001743] Detected PIPT I-cache on CPU2
[  286.001765] CPU2: Booted secondary processor 0x0000000002 [0x411fd073]
[  286.002066] CPU2 is up
[  286.015083] Detected PIPT I-cache on CPU3
[  286.015106] CPU3: Booted secondary processor 0x0000000003 [0x411fd073]
[  286.015432] CPU3 is up
[  286.028502] Detected VIPT I-cache on CPU4
[  286.028553] CPU4: Booted secondary processor 0x0000000100 [0x410fd034]
[  286.029506] CPU4 is up
[  286.042513] Detected VIPT I-cache on CPU5
[  286.042546] CPU5: Booted secondary processor 0x0000000101 [0x410fd034]
[  286.043199] CPU5 is up
[  286.056213] Detected VIPT I-cache on CPU6
[  286.056246] CPU6: Booted secondary processor 0x0000000102 [0x410fd034]
[  286.057026] CPU6 is up
[  286.070034] Detected VIPT I-cache on CPU7
[  286.070067] CPU7: Booted secondary processor 0x0000000103 [0x410fd034]
[  286.070866] CPU7 is up
[  286.142994] xhci-hcd ee000000.usb: xHC error in resume, USBSTS 0x401, Reinit
[  286.150061] usb usb9: root hub lost power or was reset
[  286.155186] usb usb10: root hub lost power or was reset
[  286.214316] Micrel KSZ9031 Gigabit PHY e6800000.ethernet-ffffffff:00: attached PHY driver [Micrel KSZ9031 Gigabit PHY] (mii_bus:phy_addr=e6800000.ethernet-ffffffff:00, irq=183)
[  286.325474] usb usb4: root hub lost power or was reset
[  286.330737] usb usb1: root hub lost power or was reset
[  286.417456] usb usb5: root hub lost power or was reset
[  286.422622] usb usb2: root hub lost power or was reset
[  286.509486] usb usb6: root hub lost power or was reset
[  286.514663] usb usb3: root hub lost power or was reset
[  286.633306] usb usb8: root hub lost power or was reset
[  286.638597] usb usb7: root hub lost power or was reset
[  286.651394] ata1: link resume succeeded after 1 retries
[  286.762863] ata1: SATA link down (SStatus 0 SControl 300)
[  286.782213] OOM killer enabled.
[  286.786353] Restarting tasks ... done.
root@salvator-x:~# [  286.792223] PM: suspend exit
[  286.915323] usb 9-1: new high-speed USB device number 4 using xhci-hcd
[  287.087207] hub 9-1:1.0: USB hub found
[  287.092623] hub 9-1:1.0: 4 ports detected
[  287.203957] usb 10-1: new SuperSpeed Gen 1 USB device number 6 using xhci-hcd
[  287.251042] hub 10-1:1.0: USB hub found
[  287.258613] hub 10-1:1.0: 4 ports detected
[  287.556075] usb 10-1.1: new SuperSpeed Gen 1 USB device number 7 using xhci-hcd
[  287.595231] usb-storage 10-1.1:1.0: USB Mass Storage device detected
[  287.605003] scsi host1: usb-storage 10-1.1:1.0
[  288.641041] scsi 1:0:0:0: Direct-Access     SanDisk  Extreme Pro      0    PQ: 0 ANSI: 6
[  288.653906] sd 1:0:0:0: [sda] 250085376 512-byte logical blocks: (128 GB/119 GiB)
[  288.664842] sd 1:0:0:0: [sda] Write Protect is off
[  288.672999] sd 1:0:0:0: [sda] Write cache: enabled, read cache: enabled, doesn't support DPO or FUA
[  288.717420]  sda: sda1
[  288.726182] sd 1:0:0:0: [sda] Attached SCSI removable disk
[  292.763446] ravb e6800000.ethernet eth0: Link is Up - 1Gbps/Full - flow control off

root@salvator-x:~# echo "Wake up sucessfully"
Wake up sucessfully
root@salvator-x:~# 
root@salvator-x:~# find /sys/devices/platform/soc/ee000000.usb/ -name product -p rint0 | xargs -0 grep "[Hh][uU][bB]"
/sys/devices/platform/soc/ee000000.usb/usb10/10-1/product:4-Port USB 3.0 Hub
/sys/devices/platform/soc/ee000000.usb/usb9/9-1/product:4-Port USB 2.0 Hub
root@salvator-x:~# 
root@salvator-x:~# find /sys/devices/platform/soc/ee000000.usb/ -name 'sd*'
/sys/devices/platform/soc/ee000000.usb/usb10/10-1/10-1.1/10-1.1:1.0/host1/target1:0:0/1:0:0:0/block/sda
/sys/devices/platform/soc/ee000000.usb/usb10/10-1/10-1.1/10-1.1:1.0/host1/target1:0:0/1:0:0:0/block/sda/sda1
root@salvator-x:~# 
root@salvator-x:~# mount /dev/sda1 /mnt/usb
[  302.056021] EXT4-fs (sda1): mounted filesystem with ordered data mode. Opts: (null)
root@salvator-x:~# 
root@salvator-x:~# cp testdata /mnt/usb/testdata_from_nfs
root@salvator-x:~# 
root@salvator-x:~# cp /mnt/usb/testdata_from_nfs testdata_from_usb
root@salvator-x:~# 
root@salvator-x:~# cmp testdata testdata_from_usb
root@salvator-x:~# 
root@salvator-x:~# umount /mnt/usb
root@salvator-x:~# 

----------Item 6----------


root@salvator-x:~# find /sys/devices/platform/soc/ee000000.usb/ -name product -p rint0 | xargs -0 grep "[Hh][uU][bB]"
/sys/devices/platform/soc/ee000000.usb/usb10/10-1/product:4-Port USB 3.0 Hub
/sys/devices/platform/soc/ee000000.usb/usb9/9-1/product:4-Port USB 2.0 Hub
root@salvator-x:~# 
root@salvator-x:~# find /sys/devices/platform/soc/ee000000.usb/ -name 'sd*'
/sys/devices/platform/soc/ee000000.usb/usb10/10-1/10-1.1/10-1.1:1.0/host1/target1:0:0/1:0:0:0/block/sda
/sys/devices/platform/soc/ee000000.usb/usb10/10-1/10-1.1/10-1.1:1.0/host1/target1:0:0/1:0:0:0/block/sda/sda1
root@salvator-x:~# 
root@salvator-x:~# i2cset -f -y 7 0x30 0x20 0x0f
root@salvator-x:~# 
root@salvator-x:~# echo N > /sys/module/printk/parameters/console_suspend
root@salvator-x:~# 
root@salvator-x:~# mount /dev/sda1 /mnt/usb
[  333.616148] EXT4-fs (sda1): mounted filesystem with ordered data mode. Opts: (null)
root@salvator-x:~# 
root@salvator-x:~# cp /mnt/usb/testdata testdata_from_usb &
[1] 717
root@salvator-x:~# 
root@salvator-x:~# echo mem > /sys/power/state
[  334.871681] PM: suspend entry (deep)
[  336.175986] Filesystems sync: 1.299 seconds
[  336.185019] Freezing user space processes ... (elapsed 0.002 seconds) done.
[  336.187764] OOM killer disabled.
[  336.187768] Freezing remaining freezable tasks ... (elapsed 0.005 seconds) done.
[  336.243502] sd 1:0:0:0: [sda] Synchronizing SCSI cache
[  336.754690] ravb e6800000.ethernet eth0: device will be stopped after h/w processes are done.
[  336.763261] ravb e6800000.ethernet eth0: Link is Down
[  336.780570] Disabling non-boot CPUs ...
[  336.785030] CPU1: shutdown
[  336.787753] psci: CPU1 killed (polled 0 ms)
[  336.793701] CPU2: shutdown
[  336.796432] psci: CPU2 killed (polled 0 ms)
[  336.801955] CPU3: shutdown
[  336.804681] psci: CPU3 killed (polled 0 ms)
[  336.810464] CPU4: shutdown
[  336.813193] psci: CPU4 killed (polled 0 ms)
[  336.818821] CPU5: shutdown
[  336.821546] psci: CPU5 killed (polled 0 ms)
[  336.827242] CPU6: shutdown
[  336.829970] psci: CPU6 killed (polled 0 ms)
[  336.835700] CPU7: shutdown
[  336.838415] psci: CPU7 killed (polled 0 ms)
 
Pull out USB3 device

Press any button to continue
NOTICE:  BL2: R-Car Gen3 Initial Program Loader(CA57) Rev.4.0.0
NOTICE:  BL2: PRR is R-Car H3 Ver.3.0
NOTICE:  BL2: Board is Salvator-XS Rev.1.1
NOTICE:  BL2: Boot device is HyperFlash(160MHz)
NOTICE:  BL2: LCM state is CM
NOTICE:  AVS setting succeeded. DVFS_SetVID=0x53
NOTICE:  BL2: DDR3200(rev.0.42)
NOTICE:  BL2: [WARM_BOOT]
NOTICE:  BL2: DRAM Split is 4ch(DDR f)
NOTICE:  BL2: QoS is default setting(rev.0.11)
NOTICE:  BL2: DRAM refresh interval 1.95 usec
NOTICE:  BL2: Periodic Write DQ Training
NOTICE:  BL2: CH0: 400000000 - 47fffffff, 2 GiB
NOTICE:  BL2: CH1: 500000000 - 57fffffff, 2 GiB
NOTICE:  BL2: CH2: 600000000 - 67fffffff, 2 GiB
NOTICE:  BL2: CH3: 700000000 - 77fffffff, 2 GiB
NOTICE:  BL2: Lossy Decomp areas
NOTICE:       Entry 0: DCMPAREACRAx:0x80000540 DCMPAREACRBx:0x570
NOTICE:       Entry 1: DCMPAREACRAx:0x40000000 DCMPAREACRBx:0x0
NOTICE:       Entry 2: DCMPAREACRAx:0x20000000 DCMPAREACRBx:0x0
NOTICE:  BL2: FDT at 0xe6327f70
NOTICE:  BL2: v2.9(release):9cdb21f75
NOTICE:  BL2: Built : 05:25:39, Dec 19 2023
NOTICE:  BL2: Normal boot
[  336.843566] Enabling non-boot CPUs ...
[  336.847619] Detected PIPT I-cache on CPU1
[  336.847675] CPU1: Booted secondary processor 0x0000000001 [0x411fd073]
[  336.848279] CPU1 is up
[  336.861329] Detected PIPT I-cache on CPU2
[  336.861351] CPU2: Booted secondary processor 0x0000000002 [0x411fd073]
[  336.861644] CPU2 is up
[  336.874662] Detected PIPT I-cache on CPU3
[  336.874685] CPU3: Booted secondary processor 0x0000000003 [0x411fd073]
[  336.874997] CPU3 is up
[  336.888066] Detected VIPT I-cache on CPU4
[  336.888117] CPU4: Booted secondary processor 0x0000000100 [0x410fd034]
[  336.889085] CPU4 is up
[  336.902096] Detected VIPT I-cache on CPU5
[  336.902130] CPU5: Booted secondary processor 0x0000000101 [0x410fd034]
[  336.902770] CPU5 is up
[  336.915787] Detected VIPT I-cache on CPU6
[  336.915820] CPU6: Booted secondary processor 0x0000000102 [0x410fd034]
[  336.916576] CPU6 is up
[  336.929584] Detected VIPT I-cache on CPU7
[  336.929617] CPU7: Booted secondary processor 0x0000000103 [0x410fd034]
[  336.930428] CPU7 is up
[  337.003041] xhci-hcd ee000000.usb: xHC error in resume, USBSTS 0x401, Reinit
[  337.010087] usb usb9: root hub lost power or was reset
[  337.015207] usb usb10: root hub lost power or was reset
[  337.074325] Micrel KSZ9031 Gigabit PHY e6800000.ethernet-ffffffff:00: attached PHY driver [Micrel KSZ9031 Gigabit PHY] (mii_bus:phy_addr=e6800000.ethernet-ffffffff:00, irq=183)
[  337.189375] usb usb4: root hub lost power or was reset
[  337.194560] usb usb1: root hub lost power or was reset
[  337.281384] usb usb5: root hub lost power or was reset
[  337.286677] usb usb2: root hub lost power or was reset
[  337.373385] usb usb6: root hub lost power or was reset
[  337.378680] usb usb3: root hub lost power or was reset
[  337.497391] usb usb8: root hub lost power or was reset
[  337.502560] usb usb7: root hub lost power or was reset
[  337.515375] ata1: link resume succeeded after 1 retries
[  337.626984] ata1: SATA link down (SStatus 0 SControl 300)
[  340.083489] OOM killer enabled.
[  340.087650] Restarting tasks ... 
[  340.087956] usb 10-1: USB disconnect, device number 6
[  340.087974] usb 9-1: USB disconnect, device number 4
[  340.088459] done.
[  340.089947] sd 1:0:0:0: [sda] tag#0 UNKNOWN(0x2003) Result: hostbyte=0x07 driverbyte=0x00 cmd_age=0s
[  340.089956] sd 1:0:0:0: [sda] tag#0 CDB: opcode=0x28 28 00 00 0c 9a 00 00 02 00 00
[  340.089963] blk_update_request: I/O error, dev sda, sector 825856 op 0x0:(READ) flags 0x84700 phys_seg 25 prio class 0
[  340.090036] sd 1:0:0:0: [sda] tag#0 UNKNOWN(0x2003) Result: hostbyte=0x07 driverbyte=0x00 cmd_age=0s
[  340.090041] sd 1:0:0:0: [sda] tag#0 CDB: opcode=0x28 28 00 00 0c 9c 00 00 02 00 00
[  340.090045] blk_update_request: I/O error, dev sda, sector 826368 op 0x0:(READ) flags 0x80700 phys_seg 5 prio class 0
[  340.092325] usb 10-1.1: USB disconnect, device number 7
root@salvator-x:~# cp: error reading '/mnt/usb/testdata': Input/output error
[  340.174263] PM: suspend exit
[  340.174658] blk_update_request: I/O error, dev sda, sector 0 op 0x1:(WRITE) flags 0x800 phys_seg 0 prio class 0
[  340.174669] blk_update_request: I/O error, dev sda, sector 825856 op 0x0:(READ) flags 0x0 phys_seg 1 prio class 0
[  347.235345] ravb e6800000.ethernet eth0: Link is Up - 1Gbps/Full - flow control off

root@salvator-x:~# echo "Wake up sucessfully"
Wake up sucessfully
root@salvator-x:~# 
root@salvator-x:~# wait
[1]+  Done(1)                 cp /mnt/usb/testdata testdata_from_usb
root@salvator-x:~# 
root@salvator-x:~# cmp testdata testdata_from_usb
cmp: EOF on testdata_from_usb
root@salvator-x:~# 
root@salvator-x:~# umount /mnt/usb
[  374.318693] Buffer I/O error on dev sda1, logical block 196608, lost sync page write
[  374.327533] JBD2: Error -5 detected when updating journal superblock for sda1-8.
[  374.335806] Aborting journal on device sda1-8.
[  374.341119] Buffer I/O error on dev sda1, logical block 196608, lost sync page write
[  374.350124] JBD2: Error -5 detected when updating journal superblock for sda1-8.
root@salvator-x:~# 

----------Item 7----------


Plug in USB3 device


Press any button to continue

[  395.411269] usb 9-1: new high-speed USB device number 5 using xhci-hcd
[  395.582263] hub 9-1:1.0: USB hub found
[  395.587884] hub 9-1:1.0: 4 ports detected
[  395.699692] usb 10-1: new SuperSpeed Gen 1 USB device number 8 using xhci-hcd
[  395.745723] hub 10-1:1.0: USB hub found
[  395.751809] hub 10-1:1.0: 4 ports detected
[  396.047967] usb 10-1.1: new SuperSpeed Gen 1 USB device number 9 using xhci-hcd
[  396.086299] usb-storage 10-1.1:1.0: USB Mass Storage device detected
[  396.094109] scsi host1: usb-storage 10-1.1:1.0
[  397.120612] scsi 1:0:0:0: Direct-Access     SanDisk  Extreme Pro      0    PQ: 0 ANSI: 6
[  397.131987] sd 1:0:0:0: [sda] 250085376 512-byte logical blocks: (128 GB/119 GiB)
[  397.141470] sd 1:0:0:0: [sda] Write Protect is off
[  397.148341] sd 1:0:0:0: [sda] Write cache: enabled, read cache: enabled, doesn't support DPO or FUA
[  397.190913]  sda: sda1
[  397.196964] sd 1:0:0:0: [sda] Attached SCSI removable disk

root@salvator-x:~# find /sys/devices/platform/soc/ee000000.usb/ -name product -p rint0 | xargs -0 grep "[Hh][uU][bB]"
/sys/devices/platform/soc/ee000000.usb/usb10/10-1/product:4-Port USB 3.0 Hub
/sys/devices/platform/soc/ee000000.usb/usb9/9-1/product:4-Port USB 2.0 Hub
root@salvator-x:~# 
root@salvator-x:~# find /sys/devices/platform/soc/ee000000.usb/ -name 'sd*'
/sys/devices/platform/soc/ee000000.usb/usb10/10-1/10-1.1/10-1.1:1.0/host1/target1:0:0/1:0:0:0/block/sda
/sys/devices/platform/soc/ee000000.usb/usb10/10-1/10-1.1/10-1.1:1.0/host1/target1:0:0/1:0:0:0/block/sda/sda1
root@salvator-x:~# 
root@salvator-x:~# i2cset -f -y 7 0x30 0x20 0x0f
root@salvator-x:~# 
root@salvator-x:~# echo N > /sys/module/printk/parameters/console_suspend
root@salvator-x:~# 
root@salvator-x:~# mount /dev/sda1 /mnt/usb
[  407.727515] EXT4-fs (sda1): recovery complete
[  407.736033] EXT4-fs (sda1): mounted filesystem with ordered data mode. Opts: (null)
root@salvator-x:~# 
root@salvator-x:~# cp testdata /mnt/usb/testdata_from_nfs &
[1] 744
root@salvator-x:~# 
root@salvator-x:~# echo mem > /sys/power/state
[  409.175659] PM: suspend entry (deep)
[  422.931825] Filesystems sync: 13.751 seconds
[  422.938139] Freezing user space processes ... (elapsed 0.001 seconds) done.
[  422.939506] OOM killer disabled.
[  422.939509] Freezing remaining freezable tasks ... (elapsed 0.001 seconds) done.
[  422.969809] sd 1:0:0:0: [sda] Synchronizing SCSI cache
[  423.364706] ravb e6800000.ethernet eth0: Link is Down
[  423.380818] Disabling non-boot CPUs ...
[  423.385275] CPU1: shutdown
[  423.387999] psci: CPU1 killed (polled 0 ms)
[  423.393860] CPU2: shutdown
[  423.396583] psci: CPU2 killed (polled 0 ms)
[  423.402231] CPU3: shutdown
[  423.404964] psci: CPU3 killed (polled 0 ms)
[  423.410741] CPU4: shutdown
[  423.413465] psci: CPU4 killed (polled 0 ms)
[  423.419232] CPU5: shutdown
[  423.421972] psci: CPU5 killed (polled 0 ms)
[  423.427677] CPU6: shutdown
[  423.430399] psci: CPU6 killed (polled 0 ms)
[  423.436145] CPU7: shutdown
[  423.438862] psci: CPU7 killed (polled 0 ms)
 
Pull out USB3 device


Press any button to continue

NOTICE:  BL2: R-Car Gen3 Initial Program Loader(CA57) Rev.4.0.0
NOTICE:  BL2: PRR is R-Car H3 Ver.3.0
NOTICE:  BL2: Board is Salvator-XS Rev.1.1
NOTICE:  BL2: Boot device is HyperFlash(160MHz)
NOTICE:  BL2: LCM state is CM
NOTICE:  AVS setting succeeded. DVFS_SetVID=0x53
NOTICE:  BL2: DDR3200(rev.0.42)
NOTICE:  BL2: [WARM_BOOT]
NOTICE:  BL2: DRAM Split is 4ch(DDR f)
NOTICE:  BL2: QoS is default setting(rev.0.11)
NOTICE:  BL2: DRAM refresh interval 1.95 usec
NOTICE:  BL2: Periodic Write DQ Training
NOTICE:  BL2: CH0: 400000000 - 47fffffff, 2 GiB
NOTICE:  BL2: CH1: 500000000 - 57fffffff, 2 GiB
NOTICE:  BL2: CH2: 600000000 - 67fffffff, 2 GiB
NOTICE:  BL2: CH3: 700000000 - 77fffffff, 2 GiB
NOTICE:  BL2: Lossy Decomp areas
NOTICE:       Entry 0: DCMPAREACRAx:0x80000540 DCMPAREACRBx:0x570
NOTICE:       Entry 1: DCMPAREACRAx:0x40000000 DCMPAREACRBx:0x0
NOTICE:       Entry 2: DCMPAREACRAx:0x20000000 DCMPAREACRBx:0x0
NOTICE:  BL2: FDT at 0xe6327f70
NOTICE:  BL2: v2.9(release):9cdb21f75
NOTICE:  BL2: Built : 05:25:39, Dec 19 2023
NOTICE:  BL2: Normal boot
[  423.444154] Enabling non-boot CPUs ...
[  423.448208] Detected PIPT I-cache on CPU1
[  423.448263] CPU1: Booted secondary processor 0x0000000001 [0x411fd073]
[  423.448855] CPU1 is up
[  423.461905] Detected PIPT I-cache on CPU2
[  423.461928] CPU2: Booted secondary processor 0x0000000002 [0x411fd073]
[  423.462219] CPU2 is up
[  423.475236] Detected PIPT I-cache on CPU3
[  423.475259] CPU3: Booted secondary processor 0x0000000003 [0x411fd073]
[  423.475580] CPU3 is up
[  423.488650] Detected VIPT I-cache on CPU4
[  423.488701] CPU4: Booted secondary processor 0x0000000100 [0x410fd034]
[  423.489665] CPU4 is up
[  423.502674] Detected VIPT I-cache on CPU5
[  423.502707] CPU5: Booted secondary processor 0x0000000101 [0x410fd034]
[  423.503361] CPU5 is up
[  423.516373] Detected VIPT I-cache on CPU6
[  423.516405] CPU6: Booted secondary processor 0x0000000102 [0x410fd034]
[  423.517151] CPU6 is up
[  423.530159] Detected VIPT I-cache on CPU7
[  423.530194] CPU7: Booted secondary processor 0x0000000103 [0x410fd034]
[  423.531001] CPU7 is up
[  423.604049] xhci-hcd ee000000.usb: xHC error in resume, USBSTS 0x401, Reinit
[  423.611116] usb usb9: root hub lost power or was reset
[  423.616240] usb usb10: root hub lost power or was reset
[  423.674298] Micrel KSZ9031 Gigabit PHY e6800000.ethernet-ffffffff:00: attached PHY driver [Micrel KSZ9031 Gigabit PHY] (mii_bus:phy_addr=e6800000.ethernet-ffffffff:00, irq=183)
[  423.789242] usb usb4: root hub lost power or was reset
[  423.794424] usb usb1: root hub lost power or was reset
[  423.881326] usb usb5: root hub lost power or was reset
[  423.886615] usb usb2: root hub lost power or was reset
[  423.973351] usb usb6: root hub lost power or was reset
[  423.978649] usb usb3: root hub lost power or was reset
[  424.093255] usb usb8: root hub lost power or was reset
[  424.098514] usb usb7: root hub lost power or was reset
[  424.115311] ata1: link resume succeeded after 1 retries
[  424.226834] ata1: SATA link down (SStatus 0 SControl 300)
[  426.687360] OOM killer enabled.
[  426.691538] Restarting tasks ... 
[  426.691693] usb 9-1: USB disconnect, device number 5
[  426.691815] usb 10-1: USB disconnect, device number 8
[  426.692249] done.
[  426.718604] usb 10-1.1: USB disconnect, device number 9
[  426.719537] blk_update_request: I/O error, dev sda, sector 0 op 0x1:(WRITE) flags 0x800 phys_seg 0 prio class 0
[  426.724870] PM: suspend exit
[1]+  Done                    cp testdata /mnt/usb/testdata_from_nfs
root@salvator-x:~# [  430.533126] ravb e6800000.ethernet eth0: Link is Up - 1Gbps/Full - flow control off

root@salvator-x:~# echo "Wake up sucessfully"
Wake up sucessfully
root@salvator-x:~# 
Plug in USB3 device


Press any button to continue

[  449.599239] usb 9-1: new high-speed USB device number 6 using xhci-hcd
[  449.770333] hub 9-1:1.0: USB hub found
[  449.775916] hub 9-1:1.0: 4 ports detected
[  449.887667] usb 10-1: new SuperSpeed Gen 1 USB device number 10 using xhci-hcd
[  449.934697] hub 10-1:1.0: USB hub found
[  449.940425] hub 10-1:1.0: 4 ports detected
[  450.235933] usb 10-1.1: new SuperSpeed Gen 1 USB device number 11 using xhci-hcd
[  450.275573] usb-storage 10-1.1:1.0: USB Mass Storage device detected
[  450.283179] scsi host2: usb-storage 10-1.1:1.0
[  451.296746] scsi 2:0:0:0: Direct-Access     SanDisk  Extreme Pro      0    PQ: 0 ANSI: 6
[  451.307947] sd 2:0:0:0: [sdb] 250085376 512-byte logical blocks: (128 GB/119 GiB)
[  451.317539] sd 2:0:0:0: [sdb] Write Protect is off
[  451.324226] sd 2:0:0:0: [sdb] Write cache: enabled, read cache: enabled, doesn't support DPO or FUA
[  451.364105]  sdb: sdb1
[  451.370693] sd 2:0:0:0: [sdb] Attached SCSI removable disk

root@salvator-x:~# find /sys/devices/platform/soc/ee000000.usb/ -name product -p rint0 | xargs -0 grep "[Hh][uU][bB]"
/sys/devices/platform/soc/ee000000.usb/usb10/10-1/product:4-Port USB 3.0 Hub
/sys/devices/platform/soc/ee000000.usb/usb9/9-1/product:4-Port USB 2.0 Hub
root@salvator-x:~# 
root@salvator-x:~# find /sys/devices/platform/soc/ee000000.usb/ -name 'sd*'
/sys/devices/platform/soc/ee000000.usb/usb10/10-1/10-1.1/10-1.1:1.0/host2/target2:0:0/2:0:0:0/block/sdb
/sys/devices/platform/soc/ee000000.usb/usb10/10-1/10-1.1/10-1.1:1.0/host2/target2:0:0/2:0:0:0/block/sdb/sdb1
root@salvator-x:~# 
root@salvator-x:~# mount /dev/sdb1 /mnt/usb
[  459.408064] EXT4-fs (sdb1): recovery complete
[  459.416352] EXT4-fs (sdb1): mounted filesystem with ordered data mode. Opts: (null)
root@salvator-x:~# 
root@salvator-x:~# cmp testdata /mnt/usb/testdata_from_nfs
root@salvator-x:~# 
root@salvator-x:~# umount /mnt/usb
root@salvator-x:~# 

----------Item 8----------


root@salvator-x:~# i2cset -f -y 7 0x30 0x20 0x0f
root@salvator-x:~# 
root@salvator-x:~# echo N > /sys/module/printk/parameters/console_suspend
root@salvator-x:~# 
root@salvator-x:~# mount /dev/sdb1 /mnt/usb
[  470.402350] EXT4-fs (sdb1): mounted filesystem with ordered data mode. Opts: (null)
root@salvator-x:~# 
root@salvator-x:~# cp /mnt/usb/testdata testdata_from_usb &
[1] 772
root@salvator-x:~# 
root@salvator-x:~# echo mem > /sys/power/state
[  471.644824] PM: suspend entry (deep)
[  474.226004] Filesystems sync: 2.574 seconds
[  474.234838] Freezing user space processes ... (elapsed 0.002 seconds) done.
[  474.237256] OOM killer disabled.
[  474.237259] Freezing remaining freezable tasks ... (elapsed 0.002 seconds) done.
[  474.262487] sd 2:0:0:0: [sdb] Synchronizing SCSI cache
[  474.696990] ravb e6800000.ethernet eth0: Link is Down
[  474.717935] Disabling non-boot CPUs ...
[  474.722455] CPU1: shutdown
[  474.725181] psci: CPU1 killed (polled 0 ms)
[  474.731451] CPU2: shutdown
[  474.734166] psci: CPU2 killed (polled 0 ms)
[  474.739789] CPU3: shutdown
[  474.742503] psci: CPU3 killed (polled 0 ms)
[  474.748326] CPU4: shutdown
[  474.751041] psci: CPU4 killed (polled 0 ms)
[  474.756805] CPU5: shutdown
[  474.759564] psci: CPU5 killed (polled 0 ms)
[  474.765109] CPU6: shutdown
[  474.767832] psci: CPU6 killed (polled 0 ms)
[  474.773445] CPU7: shutdown
[  474.776286] psci: CPU7 killed (polled 0 ms)
 
Pull out USB3 device


Press any button to continue


Plug in USB3 device


Press any button to continue

NOTICE:  BL2: R-Car Gen3 Initial Program Loader(CA57) Rev.4.0.0
NOTICE:  BL2: PRR is R-Car H3 Ver.3.0
NOTICE:  BL2: Board is Salvator-XS Rev.1.1
NOTICE:  BL2: Boot device is HyperFlash(160MHz)
NOTICE:  BL2: LCM state is CM
NOTICE:  AVS setting succeeded. DVFS_SetVID=0x53
NOTICE:  BL2: DDR3200(rev.0.42)
NOTICE:  BL2: [WARM_BOOT]
NOTICE:  BL2: DRAM Split is 4ch(DDR f)
NOTICE:  BL2: QoS is default setting(rev.0.11)
NOTICE:  BL2: DRAM refresh interval 1.95 usec
NOTICE:  BL2: Periodic Write DQ Training
NOTICE:  BL2: CH0: 400000000 - 47fffffff, 2 GiB
NOTICE:  BL2: CH1: 500000000 - 57fffffff, 2 GiB
NOTICE:  BL2: CH2: 600000000 - 67fffffff, 2 GiB
NOTICE:  BL2: CH3: 700000000 - 77fffffff, 2 GiB
NOTICE:  BL2: Lossy Decomp areas
NOTICE:       Entry 0: DCMPAREACRAx:0x80000540 DCMPAREACRBx:0x570
NOTICE:       Entry 1: DCMPAREACRAx:0x40000000 DCMPAREACRBx:0x0
NOTICE:       Entry 2: DCMPAREACRAx:0x20000000 DCMPAREACRBx:0x0
NOTICE:  BL2: FDT at 0xe6327f70
NOTICE:  BL2: v2.9(release):9cdb21f75
NOTICE:  BL2: Built : 05:25:39, Dec 19 2023
NOTICE:  BL2: Normal boot
[  474.781453] Enabling non-boot CPUs ...
[  474.785516] Detected PIPT I-cache on CPU1
[  474.785573] CPU1: Booted secondary processor 0x0000000001 [0x411fd073]
[  474.786179] CPU1 is up
[  474.799234] Detected PIPT I-cache on CPU2
[  474.799256] CPU2: Booted secondary processor 0x0000000002 [0x411fd073]
[  474.799549] CPU2 is up
[  474.812569] Detected PIPT I-cache on CPU3
[  474.812591] CPU3: Booted secondary processor 0x0000000003 [0x411fd073]
[  474.812883] CPU3 is up
[  474.825946] Detected VIPT I-cache on CPU4
[  474.825999] CPU4: Booted secondary processor 0x0000000100 [0x410fd034]
[  474.826984] CPU4 is up
[  474.840004] Detected VIPT I-cache on CPU5
[  474.840037] CPU5: Booted secondary processor 0x0000000101 [0x410fd034]
[  474.840709] CPU5 is up
[  474.853717] Detected VIPT I-cache on CPU6
[  474.853751] CPU6: Booted secondary processor 0x0000000102 [0x410fd034]
[  474.854532] CPU6 is up
[  474.867545] Detected VIPT I-cache on CPU7
[  474.867580] CPU7: Booted secondary processor 0x0000000103 [0x410fd034]
[  474.868381] CPU7 is up
[  474.940144] xhci-hcd ee000000.usb: xHC error in resume, USBSTS 0x401, Reinit
[  474.947176] usb usb9: root hub lost power or was reset
[  474.952295] usb usb10: root hub lost power or was reset
[  475.030110] Micrel KSZ9031 Gigabit PHY e6800000.ethernet-ffffffff:00: attached PHY driver [Micrel KSZ9031 Gigabit PHY] (mii_bus:phy_addr=e6800000.ethernet-ffffffff:00, irq=183)
[  475.145362] usb usb4: root hub lost power or was reset
[  475.150650] usb usb1: root hub lost power or was reset
[  475.237374] usb usb5: root hub lost power or was reset
[  475.242620] usb usb2: root hub lost power or was reset
[  475.329343] usb usb6: root hub lost power or was reset
[  475.334617] usb usb3: root hub lost power or was reset
[  475.379562] usb 9-1: reset high-speed USB device number 6 using xhci-hcd
[  475.453235] usb usb8: root hub lost power or was reset
[  475.458528] usb usb7: root hub lost power or was reset
[  475.467278] ata1: link resume succeeded after 1 retries
[  475.578795] ata1: SATA link down (SStatus 0 SControl 300)
[  475.668407] usb 10-1: reset SuperSpeed Gen 1 USB device number 10 using xhci-hcd
[  476.028193] usb 10-1.1: reset SuperSpeed Gen 1 USB device number 11 using xhci-hcd
[  476.064890] OOM killer enabled.
[  476.069083] Restarting tasks ... done.
root@salvator-x:~# [  476.075138] PM: suspend exit
[  483.184563] ravb e6800000.ethernet eth0: Link is Up - 1Gbps/Full - flow control off

root@salvator-x:~# echo "Wake up sucessfully"
Wake up sucessfully
root@salvator-x:~# 
[1]+  Done                    cp /mnt/usb/testdata testdata_from_usb
root@salvator-x:~# cmp /mnt/usb/testdata testdata_from_usb
root@salvator-x:~# 
root@salvator-x:~# umount /mnt/usb
root@salvator-x:~# 

----------Item 9----------


root@salvator-x:~# i2cset -f -y 7 0x30 0x20 0x0f
