
root@salvator-x:~# find /sys/devices/platform/soc/ee0a0100.usb/ -name sd*
/sys/devices/platform/soc/ee0a0100.usb/usb4/4-1/4-1:1.0/host1/target1:0:0/1:0:0:0/block/sda
/sys/devices/platform/soc/ee0a0100.usb/usb4/4-1/4-1:1.0/host1/target1:0:0/1:0:0:0/block/sda/sda1
root@salvator-x:~# 
root@salvator-x:~# mount /dev/sda1 /mnt/
[  132.462531] EXT4-fs (sda1): mounted filesystem a0f764ae-8a75-41cb-a067-cb7cbed8b416 r/w with ordered data mode. Quota mode: none.
root@salvator-x:~# 
Please plug out USB:
[  134.196765] usb 4-1: USB disconnect, device number 2
[  134.208381] device offline error, dev sda, sector 0 op 0x1:(WRITE) flags 0x800 phys_seg 0 prio class 2
[  134.218492] EXT4-fs (sda1): shut down requested (2)
[  134.223855] Aborting journal on device sda1-8.
[  134.229016] device offline error, dev sda, sector 121899008 op 0x1:(WRITE) flags 0x9800 phys_seg 1 prio class 2
[  134.239242] device offline error, dev sda, sector 121899008 op 0x1:(WRITE) flags 0x9800 phys_seg 1 prio class 2
[  134.249532] Buffer I/O error on dev sda1, logical block 15237120, lost sync page write
[  134.257541] JBD2: I/O error when updating journal superblock for sda1-8.
[  134.317000] sd 1:0:0:0: [sda] Synchronizing SCSI cache
[  134.323082] sd 1:0:0:0: [sda] Synchronize Cache(10) failed: Result: hostbyte=0x01 driverbyte=DRIVER_OK

Please plug in USB:
[  137.804660] usb 4-1: new high-speed USB device number 3 using ehci-platform
[  137.968421] usb-storage 4-1:1.0: USB Mass Storage device detected
[  137.975762] scsi host2: usb-storage 4-1:1.0
[  139.010930] scsi 2:0:0:0: Direct-Access     SanDisk  Extreme Pro      0    PQ: 0 ANSI: 6
[  139.022700] sd 2:0:0:0: [sdb] 250085376 512-byte logical blocks: (128 GB/119 GiB)
[  139.031268] sd 2:0:0:0: [sdb] Write Protect is off
[  139.037142] sd 2:0:0:0: [sdb] Write cache: enabled, read cache: enabled, doesn't support DPO or FUA
[  139.054031]  sdb: sdb1
[  139.057649] sd 2:0:0:0: [sdb] Attached SCSI removable disk

root@salvator-x:~# find /sys/devices/platform/soc/ee0a0100.usb/ -name sd*
/sys/devices/platform/soc/ee0a0100.usb/usb4/4-1/4-1:1.0/host2/target2:0:0/2:0:0:0/block/sdb
/sys/devices/platform/soc/ee0a0100.usb/usb4/4-1/4-1:1.0/host2/target2:0:0/2:0:0:0/block/sdb/sdb1
root@salvator-x:~# 
root@salvator-x:~# mount /dev/sdb1 /mnt/
[  141.310587] EXT4-fs (sdb1): recovery complete
[  141.315748] EXT4-fs (sdb1): mounted filesystem a0f764ae-8a75-41cb-a067-cb7cbed8b416 r/w with ordered data mode. Quota mode: none.
root@salvator-x:~# 
root@salvator-x:~# umount /mnt
[  142.382006] EXT4-fs (sdb1): unmounting filesystem a0f764ae-8a75-41cb-a067-cb7cbed8b416.
root@salvator-x:~# 
root@salvator-x:~# umount /mnt
[  143.330846] EXT4-fs (sda1): unmounting filesystem a0f764ae-8a75-41cb-a067-cb7cbed8b416.
root@salvator-x:~# 
 
#### Result: OK ####
