NOTICE:  BL2: R-Car Gen3 Initial Program Loader(CA53) Rev.4.0.0
NOTICE:  BL2: PRR is R-Car E3 Ver.1.1
NOTICE:  BL2: PLL1 nonSSCG Clock select
NOTICE:  BL2: Board is Ebisu-4D Rev.1.0
NOTICE:  BL2: Boot device is HyperFlash(150MHz)
NOTICE:  BL2: LCM state is CM
NOTICE:  BL2: DDR1856(rev.0.12)
NOTICE:  BL2: [COLD_BOOT]
NOTICE:  BL2: DRAM Split is OFF
NOTICE:  BL2: QoS is default setting(rev.0.05)
NOTICE:  BL2: DRAM refresh interval 3.9 usec
NOTICE:  BL2: CH0: 400000000 - 47fffffff, 2 GiB
NOTICE:  BL2: Lossy Decomp areas
NOTICE:       Entry 0: DCMPAREACRAx:0x80000540 DCMPAREACRBx:0x570
NOTICE:       Entry 1: DCMPAREACRAx:0x40000000 DCMPAREACRBx:0x0
NOTICE:       Entry 2: DCMPAREACRAx:0x20000000 DCMPAREACRBx:0x0
NOTICE:  BL2: FDT at 0xe6317d28
NOTICE:  BL2: v2.9(release):9cdb21f75
NOTICE:  BL2: Built : 07:30:31, Jul 11 2024
NOTICE:  BL2: Normal boot
NOTICE:  BL2: dst=0xe6317600 src=0x8180000 len=512(0x200)
NOTICE:  BL2: dst=0x43f00000 src=0x8180400 len=6144(0x1800)
NOTICE:  rcar_file_len: len: 0x0003e000
NOTICE:  BL2: dst=0x44000000 src=0x81c0000 len=253952(0x3e000)
NOTICE:  rcar_file_len: len: 0x00200000
NOTICE:  BL2: dst=0x44100000 src=0x8200000 len=2097152(0x200000)
NOTICE:  rcar_file_len: len: 0x00100000
NOTICE:  BL2: dst=0x50000000 src=0x8640000 len=1048576(0x100000)
NOTICE:  BL2: Booting BL31


U-Boot 2020.10 (Jun 29 2024 - 08:50:53 +0000)

CPU: Renesas Electronics R8A77990 rev 1.1
Model: Renesas Ebisu board based on r8a77990
DRAM:  1.9 GiB
RAM Configuration:
Bank #0: 0x048000000 - 0x0bfffffff, 1.9 GiB

MMC:   sd@ee100000: 0, sd@ee120000: 1, sd@ee160000: 2
Loading Environment from MMC... OK
In:    serial@e6e88000
Out:   serial@e6e88000
Err:   serial@e6e88000
Net:   eth0: ethernet@e6800000
Hit any key to stop autoboot:  0
ethernet@e6800000 Waiting for PHY auto negotiation to complete.......... done
Using ethernet@e6800000 device
TFTP from server 192.168.8.8; our IP address is 192.168.8.59
Filename 'long.trinh-tien/E3_full/Image'.
Load address: 0x48080000
Loading: *
Abort
Using ethernet@e6800000 device
TFTP from server 192.168.8.8; our IP address is 192.168.8.59
Filename 'long.trinh-tien/E3_full/r8a77990-ebisu-4d.dtb'.
Load address: 0x48000000
Loading: ####
         1.5 MiB/s
done
Bytes transferred = 56930 (de62 hex)
Moving Image from 0x48080000 to 0x48200000, end=4a2b0000
## Flattened Device Tree blob at 48000000
   Booting using the fdt blob at 0x48000000
   Loading Device Tree to 0000000053fef000, end 0000000053fffe61 ... OK

Starting kernel ...

"Synchronous Abort" handler, esr 0x02000000
elr: ffffffffd9a2a000 lr : ffffffffe00ccd5c (reloc)
elr: 0000000049960000 lr : 0000000050002d5c
x0 : 0000000053fef000 x1 : 0000000000000000
x2 : 0000000000000000 x3 : 0000000000000000
x4 : 0000000048200000 x5 : 0000000000000001
x6 : 0000000000000004 x7 : 0000000000000000
x8 : 0000000000001884 x9 : 0000000001008000
x10: 000000000a200023 x11: 0000000000000002
x12: 0000000000000002 x13: 00000000bbf35dd6
x14: 00000000bbf26f80 x15: 000000005000225c
x16: 00000000500234d0 x17: 0000000000000000
x18: 00000000bbf35dc0 x19: 00000000500aa4c0
x20: 0000000000000000 x21: 0000000000000000
x22: 0000000000000003 x23: 00000000bbf3ef58
x24: 0000000000000003 x25: 00000000bbf3ef58
x26: 00000000500904e8 x27: 0000000000000400
x28: 00000000bbf3ef80 x29: 00000000bbf26920

Code: 78333025 20732520 50434448 73252820 (00000a29)
Resetting CPU ...

resetting ...
NOTICE:  BL2: R-Car Gen3 Initial Program Loader(CA53) Rev.4.0.0
NOTICE:  BL2: PRR is R-Car E3 Ver.1.1
NOTICE:  BL2: PLL1 nonSSCG Clock select
NOTICE:  BL2: Board is Ebisu-4D Rev.1.0
NOTICE:  BL2: Boot device is HyperFlash(150MHz)
NOTICE:  BL2: LCM state is CM
NOTICE:  BL2: DDR1856(rev.0.12)
NOTICE:  BL2: [COLD_BOOT]
NOTICE:  BL2: DRAM Split is OFF
NOTICE:  BL2: QoS is default setting(rev.0.05)
NOTICE:  BL2: DRAM refresh interval 3.9 usec
NOTICE:  BL2: CH0: 400000000 - 47fffffff, 2 GiB
NOTICE:  BL2: Lossy Decomp areas
NOTICE:       Entry 0: DCMPAREACRAx:0x80000540 DCMPAREACRBx:0x570
NOTICE:       Entry 1: DCMPAREACRAx:0x40000000 DCMPAREACRBx:0x0
NOTICE:       Entry 2: DCMPAREACRAx:0x20000000 DCMPAREACRBx:0x0
NOTICE:  BL2: FDT at 0xe6317d28
NOTICE:  BL2: v2.9(release):9cdb21f75
NOTICE:  BL2: Built : 07:30:31, Jul 11 2024
NOTICE:  BL2: Normal boot
NOTICE:  BL2: dst=0xe6317600 src=0x8180000 len=512(0x200)
NOTICE:  BL2: dst=0x43f00000 src=0x8180400 len=6144(0x1800)
NOTICE:  rcar_file_len: len: 0x0003e000
NOTICE:  BL2: dst=0x44000000 src=0x81c0000 len=253952(0x3e000)
NOTICE:  rcar_file_len: len: 0x00200000
NOTICE:  BL2: dst=0x44100000 src=0x8200000 len=2097152(0x200000)
NOTICE:  rcar_file_len: len: 0x00100000
NOTICE:  BL2: dst=0x50000000 src=0x8640000 len=1048576(0x100000)
NOTICE:  BL2: Booting BL31


U-Boot 2020.10 (Jun 29 2024 - 08:50:53 +0000)

CPU: Renesas Electronics R8A77990 rev 1.1
Model: Renesas Ebisu board based on r8a77990
DRAM:  1.9 GiB
RAM Configuration:
Bank #0: 0x048000000 - 0x0bfffffff, 1.9 GiB

MMC:   sd@ee100000: 0, sd@ee120000: 1, sd@ee160000: 2
Loading Environment from MMC... OK
In:    serial@e6e88000
Out:   serial@e6e88000
Err:   serial@e6e88000
Net:   eth0: ethernet@e6800000
Hit any key to stop autoboot:  0
=> pr
LONG_bootargs=rw root=/dev/nfs nfsroot=192.168.8.8:/tftpboot/long.trinh-tien/E3_full/rootfs,nfsvers=4 ip=192.168.8.20 baudrate=115200 cma=1200M
baudrate=115200
bootargs=rw root=/dev/nfs nfsroot=192.168.8.8:/tftpboot/long.trinh-tien/E3_full/rootfs,nfsvers=4 ip=192.168.8.20 baudrate=115200
bootargs_sd0=rw root=/dev/mmcblk1p1 rootwait
bootargs_usb=rw root=/dev/sda1 rootwait
bootcmd=run bootcmd_LONG_tftp
bootcmd_LONG_tftp=setenv bootargs ${LONG_bootargs} ; tftp 0x48080000 long.trinh-tien/E3_full/Image ; tftp 0x48000000 long.trinh-tien/E3_full/${dtb};booti 0x48080000 - 0x48000000
bootcmd_sd0=setenv bootargs ${bootargs_sd0};ext2load mmc 0:1 0x48080000 /boot/Image;ext2load mmc 0:1 0x48000000 /boot/${dtb};run booti_cmd
bootcmd_tftp=tftp 0x48080000 HVN/ThinhN/E3v1.1/Image;tftp 0x48000000 HVN/ThinhN/E3v1.1/${dtb};booti 0x48080000 - 0x48000000
bootcmd_usb=boot via usb;usb start;setenv bootargs ${bootargs_usb};ext2load usb 0:1 0x48080000 /boot/Image;ext2load usb 0:1 0x48000000 /boot/${dtb};run booti_cmd
bootdelay=2
booti_cmd=booti 0x48080000 - 0x48000000
bootm_size=0x10000000
dtb=r8a77990-ebisu-4d.dtb
ethact=ethernet@e6800000
ethaddr=2E:09:0A:03:83:F6
ethaddr_bk=2E:09:0A:03:87:DC
fdtcontroladdr=bbf26f80
fileaddr=48000000
filesize=d975
ipaddr=192.168.8.59
loadaddr=0x58000000
netboot=tftp 0x48080000 ${tftp_path}/Image; tftp 0x48000000 ${tftp_path}/r8a77990-ebisu-4d.dtb; booti 0x48080000 - 0x48000000
platform=r8a77990
serverip=192.168.8.8
stderr=serial@e6e88000
stdin=serial@e6e88000
stdout=serial@e6e88000
tftp_path=nguyentran/e3
usb_pgood_delay=2000
ver=U-Boot 2020.10 (Jun 29 2024 - 08:50:53 +0000)

Environment size: 1612/131068 bytes
=> editenv LONG_bootargs
edit: rw root=/dev/nfs nfsroot=192.168.8.8:/tftpboot/long.trinh-tien/E3_full/rootfs,nfsvers=4 ip=192.168.8.20 baudrate=115200
=> savee
Saving Environment to MMC... Writing to MMC(2)... OK
=> boot
Using ethernet@e6800000 device
TFTP from server 192.168.8.8; our IP address is 192.168.8.59
Filename 'long.trinh-tien/E3_full/Image'.
Load address: 0x48080000
Loading: #################################################################
         #################################################################
         #################################################################
         #################################################################
         #################################################################
         #################################################################
         #################################################################
         #################################################################
         #################################################################
         #################################################################
         #################################################################
         #################################################################
         #################################################################
         #################################################################
         #################################################################
         #################################################################
         #################################################################
         #################################################################
         #################################################################
         ####################################T #############################
         #################################################################
         #################################################################
         #################################################################
         #################################################################
         #################################################################
         #################################################################
         #################################################################
         #################################################################
         #################################################################
         #################################################################
         #################################################################
         #################################################################
         #################################################################
         #################################################################
         #################################################################
         ######################
         2.6 MiB/s
done
Bytes transferred = 33712640 (2026a00 hex)
Using ethernet@e6800000 device
TFTP from server 192.168.8.8; our IP address is 192.168.8.59
Filename 'long.trinh-tien/E3_full/r8a77990-ebisu-4d.dtb'.
Load address: 0x48000000
Loading: ####
         2.6 MiB/s
done
Bytes transferred = 56930 (de62 hex)
Moving Image from 0x48080000 to 0x48200000, end=4a2b0000
## Flattened Device Tree blob at 48000000
   Booting using the fdt blob at 0x48000000
   Loading Device Tree to 0000000053fef000, end 0000000053fffe61 ... OK

Starting kernel ...

[    0.000000] Booting Linux on physical CPU 0x0000000000 [0x410fd034]
[    0.000000] Linux version 5.10.218-yocto-standard (oe-user@oe-host) (aarch64-poky-linux-gcc (GCC) 13.2.0, GNU ld (GNU Binutils) 2.42.0.20240216) #1 SMP PREEMPT Sat Jun 29 06:16:20 UTC 2024
[    0.000000] Machine model: Renesas Ebisu-4D board based on r8a77990
[    0.000000] efi: UEFI not found.
[    0.000000] Reserved memory: created CMA memory pool at 0x0000000057000000, size 16 MiB
[    0.000000] OF: reserved mem: initialized node linux,adsp@57000000, compatible id shared-dma-pool
[    0.000000] Reserved memory: created CMA memory pool at 0x0000000058000000, size 256 MiB
[    0.000000] OF: reserved mem: initialized node linux,cma@58000000, compatible id shared-dma-pool
[    0.000000] Reserved memory: created CMA memory pool at 0x0000000068000000, size 64 MiB
[    0.000000] OF: reserved mem: initialized node linux,multimedia@68000000, compatible id shared-dma-pool
[    0.000000] NUMA: No NUMA configuration found
[    0.000000] NUMA: Faking a node at [mem 0x0000000048000000-0x00000000bfffffff]
[    0.000000] NUMA: NODE_DATA [mem 0xbfc12b00-0xbfc14fff]
[    0.000000] Zone ranges:
[    0.000000]   DMA      [mem 0x0000000048000000-0x00000000bfffffff]
[    0.000000]   DMA32    empty
[    0.000000]   Normal   empty
[    0.000000] Movable zone start for each node
[    0.000000] Early memory node ranges
[    0.000000]   node   0: [mem 0x0000000048000000-0x0000000053ffffff]
[    0.000000]   node   0: [mem 0x0000000054000000-0x0000000056ffffff]
[    0.000000]   node   0: [mem 0x0000000057000000-0x00000000bfffffff]
[    0.000000] Initmem setup node 0 [mem 0x0000000048000000-0x00000000bfffffff]
[    0.000000] psci: probing for conduit method from DT.
[    0.000000] psci: PSCIv1.1 detected in firmware.
[    0.000000] psci: Using standard PSCI v0.2 function IDs
[    0.000000] psci: Trusted OS resident on physical CPU 0x0
[    0.000000] psci: SMC Calling Convention v1.2
[    0.000000] percpu: Embedded 23 pages/cpu s56984 r8192 d29032 u94208
[    0.000000] Detected VIPT I-cache on CPU0
[    0.000000] CPU features: detected: ARM erratum 845719
[    0.000000] Built 1 zonelists, mobility grouping on.  Total pages: 483840
[    0.000000] Policy zone: DMA
[    0.000000] Kernel command line: rw root=/dev/nfs nfsroot=192.168.8.8:/tftpboot/long.trinh-tien/E3_full/rootfs,nfsvers=4 ip=192.168.8.20 baudrate=115200
[    0.000000] Dentry cache hash table entries: 262144 (order: 9, 2097152 bytes, linear)
[    0.000000] Inode-cache hash table entries: 131072 (order: 8, 1048576 bytes, linear)
[    0.000000] mem auto-init: stack:all(zero), heap alloc:off, heap free:off
[    0.000000] Memory: 1499288K/1966080K available (15552K kernel code, 2842K rwdata, 8248K rodata, 6144K init, 518K bss, 122728K reserved, 344064K cma-reserved)
[    0.000000] SLUB: HWalign=64, Order=0-3, MinObjects=0, CPUs=2, Nodes=1
[    0.000000] rcu: Preemptible hierarchical RCU implementation.
[    0.000000] rcu:     RCU event tracing is enabled.
[    0.000000] rcu:     RCU restricting CPUs from NR_CPUS=256 to nr_cpu_ids=2.
[    0.000000]  Trampoline variant of Tasks RCU enabled.
[    0.000000] rcu: RCU calculated value of scheduler-enlistment delay is 25 jiffies.
[    0.000000] rcu: Adjusting geometry for rcu_fanout_leaf=16, nr_cpu_ids=2
[    0.000000] NR_IRQS: 64, nr_irqs: 64, preallocated irqs: 0
[    0.000000] arch_timer: cp15 timer(s) running at 24.00MHz (virt).
[    0.000000] clocksource: arch_sys_counter: mask: 0xffffffffffffff max_cycles: 0x588fe9dc0, max_idle_ns: 440795202592 ns
[    0.000005] sched_clock: 56 bits at 24MHz, resolution 41ns, wraps every 4398046511097ns
[    0.000398] Console: colour dummy device 80x25
[    0.000780] printk: console [tty0] enabled
[    0.000951] Calibrating delay loop (skipped), value calculated using timer frequency.. 48.00 BogoMIPS (lpj=96000)
[    0.000980] pid_max: default: 32768 minimum: 301
[    0.001070] LSM: Security Framework initializing
[    0.001157] Mount-cache hash table entries: 4096 (order: 3, 32768 bytes, linear)
[    0.001179] Mountpoint-cache hash table entries: 4096 (order: 3, 32768 bytes, linear)
[    0.003102] rcu: Hierarchical SRCU implementation.
[    0.005160] Detected Renesas R-Car Gen3 r8a77990 ES1.1
[    0.007072] EFI services will not be available.
[    0.007575] smp: Bringing up secondary CPUs ...
[    0.008307] Detected VIPT I-cache on CPU1
[    0.008420] CPU1: Booted secondary processor 0x0000000001 [0x410fd034]
[    0.008580] smp: Brought up 1 node, 2 CPUs
[    0.008627] SMP: Total of 2 processors activated.
[    0.008640] CPU features: detected: 32-bit EL0 Support
[    0.008653] CPU features: detected: CRC32 instructions
[    0.008665] CPU features: detected: 32-bit EL1 Support
[    0.019716] CPU: All CPU(s) started at EL1
[    0.019797] alternatives: patching kernel code
[    0.021400] devtmpfs: initialized
[    0.030160] KASLR disabled due to lack of seed
[    0.030475] clocksource: jiffies: mask: 0xffffffff max_cycles: 0xffffffff, max_idle_ns: 7645041785100000 ns
[    0.030518] futex hash table entries: 512 (order: 3, 32768 bytes, linear)
[    0.040944] pinctrl core: initialized pinctrl subsystem
[    0.043142] DMI not present or invalid.
[    0.044078] NET: Registered protocol family 16
[    0.046101] DMA: preallocated 256 KiB GFP_KERNEL pool for atomic allocations
[    0.046308] DMA: preallocated 256 KiB GFP_KERNEL|GFP_DMA pool for atomic allocations
[    0.046481] DMA: preallocated 256 KiB GFP_KERNEL|GFP_DMA32 pool for atomic allocations
[    0.046602] audit: initializing netlink subsys (disabled)
[    0.047007] audit: type=2000 audit(0.044:1): state=initialized audit_enabled=0 res=1
[    0.048886] thermal_sys: Registered thermal governor 'power_allocator'
[    0.049476] cpuidle: using governor menu
[    0.049791] hw-breakpoint: found 6 breakpoint and 4 watchpoint registers.
[    0.049905] ASID allocator initialised with 65536 entries
[    0.051985] Serial: AMBA PL011 UART driver
[    0.101536] sh-pfc e6060000.pinctrl: r8a77990_pfc support registered
[    0.119845] HugeTLB registered 1.00 GiB page size, pre-allocated 0 pages
[    0.119894] HugeTLB registered 32.0 MiB page size, pre-allocated 0 pages
[    0.119906] HugeTLB registered 2.00 MiB page size, pre-allocated 0 pages
[    0.119918] HugeTLB registered 64.0 KiB page size, pre-allocated 0 pages
[    0.121349] cryptd: max_cpu_qlen set to 1000
[    0.124721] ACPI: Interpreter disabled.
[    0.130686] rcar_avs_init: cannot find compatible dts node
[    0.133687] iommu: Default domain type: Translated
[    0.134876] ipmmu-vmsa e67b0000.iommu: IPMMU context 0 is reserved
[    0.136741] vgaarb: loaded
[    0.137244] SCSI subsystem initialized
[    0.138121] usbcore: registered new interface driver usbfs
[    0.138192] usbcore: registered new interface driver hub
[    0.138247] usbcore: registered new device driver usb
[    0.141666] i2c-sh_mobile e60b0000.i2c: I2C adapter 7, bus speed 400000 Hz
[    0.142938] mc: Linux media interface: v0.10
[    0.143014] videodev: Linux video capture interface: v2.00
[    0.143173] pps_core: LinuxPPS API ver. 1 registered
[    0.143185] pps_core: Software ver. 5.3.6 - Copyright 2005-2007 Rodolfo Giometti <giometti@linux.it>
[    0.143208] PTP clock support registered
[    0.143695] EDAC MC: Ver: 3.0.0
[    0.147645] FPGA manager framework
[    0.147829] Advanced Linux Sound Architecture Driver Initialized.
[    0.149239] clocksource: Switched to clocksource arch_sys_counter
[    0.149694] VFS: Disk quotas dquot_6.6.0
[    0.149790] VFS: Dquot-cache hash table entries: 512 (order 0, 4096 bytes)
[    0.150072] pnp: PnP ACPI: disabled
[    0.155955] NET: Registered protocol family 2
[    0.156220] IP idents hash table entries: 32768 (order: 6, 262144 bytes, linear)
[    0.157804] tcp_listen_portaddr_hash hash table entries: 1024 (order: 2, 16384 bytes, linear)
[    0.157890] TCP established hash table entries: 16384 (order: 5, 131072 bytes, linear)
[    0.158018] TCP bind hash table entries: 16384 (order: 6, 262144 bytes, linear)
[    0.158338] TCP: Hash tables configured (established 16384 bind 16384)
[    0.158536] UDP hash table entries: 1024 (order: 3, 32768 bytes, linear)
[    0.158602] UDP-Lite hash table entries: 1024 (order: 3, 32768 bytes, linear)
[    0.158872] NET: Registered protocol family 1
[    0.159715] RPC: Registered named UNIX socket transport module.
[    0.159756] RPC: Registered udp transport module.
[    0.159766] RPC: Registered tcp transport module.
[    0.159776] RPC: Registered tcp NFSv4.1 backchannel transport module.
[    0.159804] PCI: CLS 0 bytes, default 64
[    0.160910] hw perfevents: enabled with armv8_cortex_a53 PMU driver, 7 counters available
[    0.161920] kvm [1]: HYP mode not available
[    0.166227] Initialise system trusted keyrings
[    0.166638] workingset: timestamp_bits=42 max_order=19 bucket_order=0
[    0.172514] squashfs: version 4.0 (2009/01/31) Phillip Lougher
[    0.173554] NFS: Registering the id_resolver key type
[    0.173649] Key type id_resolver registered
[    0.173659] Key type id_legacy registered
[    0.173758] nfs4filelayout_init: NFSv4 File Layout Driver Registering...
[    0.173774] nfs4flexfilelayout_init: NFSv4 Flexfile Layout Driver Registering...
[    0.174099] 9p: Installing v9fs 9p2000 file system support
[    0.210177] Key type asymmetric registered
[    0.210225] Asymmetric key parser 'x509' registered
[    0.210321] Block layer SCSI generic (bsg) driver version 0.4 loaded (major 243)
[    0.210340] io scheduler mq-deadline registered
[    0.210356] io scheduler kyber registered
[    0.227338] gpio_rcar e6050000.gpio: driving 18 GPIOs
[    0.228251] gpio_rcar e6051000.gpio: driving 23 GPIOs
[    0.228987] gpio_rcar e6052000.gpio: driving 26 GPIOs
[    0.229883] gpio_rcar e6053000.gpio: driving 16 GPIOs
[    0.230634] gpio_rcar e6054000.gpio: driving 11 GPIOs
[    0.231352] gpio_rcar e6055000.gpio: driving 20 GPIOs
[    0.232070] gpio_rcar e6055400.gpio: driving 18 GPIOs
[    0.238302] rcar-pcie fe000000.pcie: host bridge /soc/pcie@fe000000 ranges:
[    0.238383] rcar-pcie fe000000.pcie:       IO 0x00fe100000..0x00fe1fffff -> 0x0000000000
[    0.238422] rcar-pcie fe000000.pcie:      MEM 0x00fe200000..0x00fe3fffff -> 0x00fe200000
[    0.238449] rcar-pcie fe000000.pcie:      MEM 0x0030000000..0x0037ffffff -> 0x0030000000
[    0.238471] rcar-pcie fe000000.pcie:      MEM 0x0038000000..0x003fffffff -> 0x0038000000
[    0.238498] rcar-pcie fe000000.pcie:   IB MEM 0x0040000000..0x00bfffffff -> 0x0040000000
[    0.238599] rcar-pcie fe000000.pcie: no pcie3v3 regulator found
[    0.238614] rcar-pcie fe000000.pcie: no pcie1v8 regulator found
[    0.291055] rcar-pcie fe000000.pcie: PCIe link down
[    0.294989] EINJ: ACPI disabled.
[    0.344621] Serial: 8250/16550 driver, 4 ports, IRQ sharing enabled
[    0.349704] SuperH (H)SCI(F) driver initialized
[    0.350626] e6e88000.serial: ttySC0 at MMIO 0xe6e88000 (irq = 119, base_baud = 0) is a scif
[    1.322816] printk: console [ttySC0] enabled
[    1.330148] msm_serial: driver initialized
[    1.356415] loop: module loaded
[    1.362764] megasas: 07.714.04.00-rc1
[    1.378415] tun: Universal TUN/TAP device driver, 1.6
[    1.385832] thunder_xcv, ver 1.0
[    1.389163] thunder_bgx, ver 1.0
[    1.392472] nicpf, ver 1.0
[    1.398152] hclge is initializing
[    1.401608] hns3: Hisilicon Ethernet Network Driver for Hip08 Family - version
[    1.408867] hns3: Copyright (c) 2017 Huawei Corporation.
[    1.414351] e1000: Intel(R) PRO/1000 Network Driver
[    1.419254] e1000: Copyright (c) 1999-2006 Intel Corporation.
[    1.425068] e1000e: Intel(R) PRO/1000 Network Driver
[    1.430051] e1000e: Copyright(c) 1999 - 2015 Intel Corporation.
[    1.436046] igb: Intel(R) Gigabit Ethernet Network Driver
[    1.441465] igb: Copyright (c) 2007-2014 Intel Corporation.
[    1.447088] igbvf: Intel(R) Gigabit Virtual Function Network Driver
[    1.453376] igbvf: Copyright (c) 2009 - 2012 Intel Corporation.
[    1.460468] sky2: driver version 1.30
[    1.470067] ravb e6800000.ethernet eth0: Base address at 0xe6800000, 2e:09:0a:03:83:f6, IRQ 114.
[    1.482254] VFIO - User Level meta-driver version: 0.3
[    1.492159] ehci_hcd: USB 2.0 'Enhanced' Host Controller (EHCI) Driver
[    1.498802] ehci-pci: EHCI PCI platform driver
[    1.503335] ehci-platform: EHCI generic platform driver
[    1.509656] ehci-orion: EHCI orion driver
[    1.514319] ehci-exynos: EHCI Exynos driver
[    1.518951] ohci_hcd: USB 1.1 'Open' Host Controller (OHCI) Driver
[    1.525229] ohci-pci: OHCI PCI platform driver
[    1.529796] ohci-platform: OHCI generic platform driver
[    1.536054] ohci-exynos: OHCI Exynos driver
[    1.542080] xhci-hcd ee000000.usb: xHCI Host Controller
[    1.547426] xhci-hcd ee000000.usb: new USB bus registered, assigned bus number 1
[    1.569822] xhci-hcd ee000000.usb: hcc params 0x014051ce hci version 0x100 quirks 0x0000000000830410
[    1.579077] xhci-hcd ee000000.usb: irq 140, io mem 0xee000000
[    1.585081] xhci-hcd ee000000.usb: xHCI Host Controller
[    1.590348] xhci-hcd ee000000.usb: new USB bus registered, assigned bus number 2
[    1.597788] xhci-hcd ee000000.usb: Host supports USB 3.0 SuperSpeed
[    1.605001] hub 1-0:1.0: USB hub found
[    1.608822] hub 1-0:1.0: 1 port detected
[    1.613150] usb usb2: We don't know the algorithms for LPM for this host, disabling LPM.
[    1.621931] hub 2-0:1.0: USB hub found
[    1.625747] hub 2-0:1.0: 1 port detected
[    1.631620] usbcore: registered new interface driver usb-storage
[    1.641569] renesas_usbhs e6590000.usb: host probed
[    1.646525] renesas_usbhs e6590000.usb: no transceiver found
[    1.652388] renesas_usbhs e6590000.usb: gadget probed
[    1.657656] renesas_usbhs e6590000.usb: probed
[    1.667699] i2c /dev entries driver
[    1.678036] pca953x 0-0020: supply vcc not found, using dummy regulator
[    1.684920] pca953x 0-0020: using no AI
[    1.692927] adv7511 0-0039: supply avdd not found, using dummy regulator
[    1.699983] adv7511 0-0039: supply dvdd not found, using dummy regulator
[    1.707007] adv7511 0-0039: supply pvdd not found, using dummy regulator
[    1.713799] adv7511 0-0039: supply bgvdd not found, using dummy regulator
[    1.720656] adv7511 0-0039: supply dvdd-3v not found, using dummy regulator
[    1.738771] i2c-rcar e6500000.i2c: probed
[    1.753668] cs2000-cp 3-004f: revision - C1
[    1.758089] i2c-rcar e66d0000.i2c: probed
[    1.764831] adv748x 0-0070: Endpoint /soc/i2c@e6500000/video-receiver@70/port@7/endpoint on port 7
[    1.773939] adv748x 0-0070: Endpoint /soc/i2c@e6500000/video-receiver@70/port@8/endpoint on port 8
[    1.782953] adv748x 0-0070: Endpoint /soc/i2c@e6500000/video-receiver@70/port@a/endpoint on port 10
[    1.793091] adv748x 0-0070: chip found @ 0xe0 revision 2143
[    1.890418] rcar-csi2 feaa0000.csi2: 2 lanes found
[    1.900910] rcar-vin e6ef4000.video: Device registered as video0
[    1.907163] rcar-vin e6ef5000.video: Device registered as video1
[    1.914769] usbcore: registered new interface driver uvcvideo
[    1.920595] USB Video Class driver (1.1.1)
[    1.931472] rcar_thermal e6190000.thermal: 1 sensor probed
[    1.945205] cpu cpu0: EM: invalid perf. state: -22
[    1.956969] sdhci: Secure Digital Host Controller Interface driver
[    1.963602] sdhci: Copyright(c) Pierre Ossman
[    1.970609] renesas_sdhi_internal_dmac ee100000.mmc: Got CD GPIO
[    1.976783] renesas_sdhi_internal_dmac ee100000.mmc: Got WP GPIO
[    1.986865] renesas_sdhi_internal_dmac ee120000.mmc: Got CD GPIO
[    1.998618] renesas_sdhi_internal_dmac ee160000.mmc: Adding to iommu group 0
[    2.005834] renesas_sdhi_internal_dmac ee160000.mmc: Using IPMMU context 1
[    2.061456] renesas_sdhi_internal_dmac ee160000.mmc: mmc0 base at 0x00000000ee160000, max clock rate 200 MHz
[    2.073450] Synopsys Designware Multimedia Card Interface Driver
[    2.084046] sdhci-pltfm: SDHCI platform and OF driver helper
[    2.094201] ledtrig-cpu: registered to indicate activity on CPUs
[    2.102841] SMCCC: SOC_ID: ARCH_SOC_ID not implemented, skipping ....
[    2.110973] usbcore: registered new interface driver usbhid
[    2.116648] usbhid: USB HID core driver
[    2.130076] optee: probing for conduit method.
[    2.134679] optee: revision 3.22 (314ecf9d)
[    2.135439] optee driver R-Car Rev.1.0.11
[    2.144231] optee: dynamic shared memory is enabled
[    2.149995] optee: initialized driver
[    2.158467] mmc0: new HS400 MMC card at address 0001
[    2.164935] mmcblk0: mmc0:0001 DG4032 29.1 GiB
[    2.170260] mmcblk0boot0: mmc0:0001 DG4032 partition 1 4.00 MiB
[    2.177019] mmcblk0boot1: mmc0:0001 DG4032 partition 2 4.00 MiB
[    2.183467] mmcblk0rpmb: mmc0:0001 DG4032 partition 3 4.00 MiB, chardev (509:0)
[    2.193526]  mmcblk0: p1 p2
[    2.198318] rcar_sound ec500000.sound: probed
[    2.204208] rcar_adsp_sound adsp_sound: probed
[    2.209519] NET: Registered protocol family 17
[    2.214258] 9pnet: Installing 9P2000 support
[    2.218663] Key type dns_resolver registered
[    2.223580] registered taskstats version 1
[    2.227740] Loading compiled-in X.509 certificates
[    2.245217] thermal emergency: set temperature to 110 celsius
[    2.251312] thermal emergency: shutdown target cpus 1
[    2.256390] thermal emergency: freq scaled target cpus 0
[    2.262504] renesas_irqc e61c0000.interrupt-controller: driving 6 irqs
[    2.321293] ehci-platform ee080100.usb: EHCI Host Controller
[    2.327079] ehci-platform ee080100.usb: new USB bus registered, assigned bus number 3
[    2.335129] ehci-platform ee080100.usb: irq 142, io mem 0xee080100
[    2.357277] ehci-platform ee080100.usb: USB 2.0 started, EHCI 1.10
[    2.364545] hub 3-0:1.0: USB hub found
[    2.368493] hub 3-0:1.0: 1 port detected
[    2.375975] ohci-platform ee080000.usb: Generic Platform OHCI controller
[    2.382806] ohci-platform ee080000.usb: new USB bus registered, assigned bus number 4
[    2.390965] ohci-platform ee080000.usb: irq 142, io mem 0xee080000
[    2.488407] hub 4-0:1.0: USB hub found
[    2.492275] hub 4-0:1.0: 1 port detected
[    2.501516] renesas_sdhi_internal_dmac ee100000.mmc: Got CD GPIO
[    2.507630] renesas_sdhi_internal_dmac ee100000.mmc: Got WP GPIO
[    2.563454] renesas_sdhi_internal_dmac ee100000.mmc: mmc1 base at 0x00000000ee100000, max clock rate 200 MHz
[    2.578422] renesas_sdhi_internal_dmac ee120000.mmc: Got CD GPIO
[    2.634470] renesas_sdhi_internal_dmac ee120000.mmc: mmc2 base at 0x00000000ee120000, max clock rate 200 MHz
[    2.669593] [drm] Initialized rcar-du 1.0.0 20130110 for feb00000.display on minor 0
[    2.677550] [drm] Device feb00000.display probed
[    2.729244] Console: switching to colour frame buffer device 128x48
[    2.751645] rcar-du feb00000.display: [drm] fb0: rcar-dudrmfb frame buffer device
[    2.832408] ravb e6800000.ethernet eth0: limited PHY to 100Mbit/s
[    2.838783] Micrel KSZ9031 Gigabit PHY e6800000.ethernet-ffffffff:00: attached PHY driver [Micrel KSZ9031 Gigabit PHY] (mii_bus:phy_addr=e6800000.ethernet-ffffffff:00, irq=147)
[    4.432487] ravb e6800000.ethernet eth0: Link is Up - 100Mbps/Full - flow control off
[    4.461336] IP-Config: Guessing netmask 255.255.255.0
[    4.466553] IP-Config: Complete:
[    4.469869]      device=eth0, hwaddr=2e:09:0a:03:83:f6, ipaddr=192.168.8.20, mask=255.255.255.0, gw=255.255.255.255
[    4.480530]      host=192.168.8.20, domain=, nis-domain=(none)
[    4.486496]      bootserver=255.255.255.255, rootserver=192.168.8.8, rootpath=
[    4.486803] clk: Disabling unused clocks
[    4.498779] ALSA device list:
[    4.501853]   #0: rcar-sound
[    4.546981] VFS: Mounted root (nfs4 filesystem) on device 0:22.
[    4.554344] devtmpfs: mounted
[    4.561595] Freeing unused kernel memory: 6144K
[    4.573477] Run /sbin/init as init process
[    5.616292] systemd[1]: System time before build time, advancing clock.
[    5.783786] NET: Registered protocol family 10
[    5.794076] Segment Routing with IPv6
[    5.887916] systemd[1]: systemd 255.4^ running in system mode (+PAM -AUDIT -SELINUX -APPARMOR +IMA -SMACK +SECCOMP -GCRYPT -GNUTLS -OPENSSL +ACL +BLKID -CURL -ELFUTILS -FIDO2 -IDN2 -IDN -IPTC +KMOD -LIBCRYPTSETUP +LIBFDISK -PCRE2 -PWQUALITY -P11KIT -QRENCODE -TPM2 -BZIP2 -LZ4 -XZ -ZLIB +ZSTD -BPF_FRAMEWORK -XKBCOMMON +UTMP +SYSVINIT default-hierarchy=unified)
[    5.933208] systemd[1]: Detected architecture arm64.

Welcome to Poky (Yocto Project Reference Distro) 5.0 (scarthgap)!

[    5.973478] systemd[1]: Hostname set to <ebisu>.
[    6.169421] random: crng init done
[    6.346100] systemd-sysv-generator[243]: SysV service '/etc/init.d/umountnfs.sh' lacks a native systemd unit file. ~ Automatically generating a unit file for compatibility. Please update package to include a native systemd unit file, in order to make it safe, robust and future-proof. ! This compatibility logic is deprecated, expect removal soon. !
[    6.409998] systemd-sysv-generator[243]: SysV service '/etc/init.d/set_default_governor.sh' lacks a native systemd unit file. ~ Automatically generating a unit file for compatibility. Please update package to include a native systemd unit file, in order to make it safe, robust and future-proof. ! This compatibility logic is deprecated, expect removal soon. !
[    6.469055] systemd-sysv-generator[243]: SysV service '/etc/init.d/umountfs' lacks a native systemd unit file. ~ Automatically generating a unit file for compatibility. Please update package to include a native systemd unit file, in order to make it safe, robust and future-proof. ! This compatibility logic is deprecated, expect removal soon. !
[    6.525108] systemd-sysv-generator[243]: SysV service '/etc/init.d/save-rtc.sh' lacks a native systemd unit file. ~ Automatically generating a unit file for compatibility. Please update package to include a native systemd unit file, in order to make it safe, robust and future-proof. ! This compatibility logic is deprecated, expect removal soon. !
[    6.576030] systemd-sysv-generator[243]: SysV service '/etc/init.d/reboot' lacks a native systemd unit file. ~ Automatically generating a unit file for compatibility. Please update package to include a native systemd unit file, in order to make it safe, robust and future-proof. ! This compatibility logic is deprecated, expect removal soon. !
[    6.621321] systemd-sysv-generator[243]: SysV service '/etc/init.d/halt' lacks a native systemd unit file. ~ Automatically generating a unit file for compatibility. Please update package to include a native systemd unit file, in order to make it safe, robust and future-proof. ! This compatibility logic is deprecated, expect removal soon. !
[    6.667146] systemd-sysv-generator[243]: SysV service '/etc/init.d/sendsigs' lacks a native systemd unit file. ~ Automatically generating a unit file for compatibility. Please update package to include a native systemd unit file, in order to make it safe, robust and future-proof. ! This compatibility logic is deprecated, expect removal soon. !
[    6.715589] systemd-sysv-generator[243]: SysV service '/etc/init.d/single' lacks a native systemd unit file. ~ Automatically generating a unit file for compatibility. Please update package to include a native systemd unit file, in order to make it safe, robust and future-proof. ! This compatibility logic is deprecated, expect removal soon. !
[    6.761558] systemd-sysv-generator[243]: SysV service '/etc/init.d/pvrinit' lacks a native systemd unit file. ~ Automatically generating a unit file for compatibility. Please update package to include a native systemd unit file, in order to make it safe, robust and future-proof. ! This compatibility logic is deprecated, expect removal soon. !
[    6.817701] systemd-sysv-generator[243]: SysV service '/etc/init.d/dropbear' lacks a native systemd unit file. ~ Automatically generating a unit file for compatibility. Please update package to include a native systemd unit file, in order to make it safe, robust and future-proof. ! This compatibility logic is deprecated, expect removal soon. !
[    8.229788] systemd[1]: Queued start job for default target Graphical Interface.
[    8.315638] systemd[1]: Created slice Slice /system/getty.
[  OK  ] Created slice Slice /system/getty.
[    8.344864] systemd[1]: Created slice Slice /system/modprobe.
[  OK  ] Created slice Slice /system/modprobe.
[    8.377525] systemd[1]: Created slice Slice /system/serial-getty.
[  OK  ] Created slice Slice /system/serial-getty.
[    8.408029] systemd[1]: Created slice User and Session Slice.
[  OK  ] Created slice User and Session Slice.
[    8.438510] systemd[1]: Started Dispatch Password Requests to Console Directory Watch.
[  OK  ] Started Dispatch Password Requests to Console Directory Watch.
[    8.474319] systemd[1]: Started Forward Password Requests to Wall Directory Watch.
[  OK  ] Started Forward Password Requests to Wall Directory Watch.
[    8.505947] systemd[1]: Reached target Path Units.
[  OK  ] Reached target Path Units.
[    8.533773] systemd[1]: Reached target Remote File Systems.
[  OK  ] Reached target Remote File Systems.
[    8.561763] systemd[1]: Reached target Slice Units.
[  OK  ] Reached target Slice Units.
[    8.589781] systemd[1]: Reached target Swaps.
[  OK  ] Reached target Swaps.
[    8.617007] systemd[1]: Listening on RPCbind Server Activation Socket.
[  OK  ] Listening on RPCbind Server Activation Socket.
[    8.645780] systemd[1]: Reached target RPC Port Mapper.
[  OK  ] Reached target RPC Port Mapper.
[    8.680296] systemd[1]: Listening on Syslog Socket.
[  OK  ] Listening on Syslog Socket.
[    8.706524] systemd[1]: Listening on initctl Compatibility Named Pipe.
[  OK  ] Listening on initctl Compatibility Named Pipe.
[    8.741154] systemd[1]: Listening on Journal Audit Socket.
[  OK  ] Listening on Journal Audit Socket.
[    8.766980] systemd[1]: Listening on Journal Socket (/dev/log).
[  OK  ] Listening on Journal Socket (/dev/log).
[    8.795202] systemd[1]: Listening on Journal Socket.
[  OK  ] Listening on Journal Socket.
[    8.824860] systemd[1]: Listening on Network Service Netlink Socket.
[  OK  ] Listening on Network Service Netlink Socket.
[    8.860849] systemd[1]: Listening on udev Control Socket.
[  OK  ] Listening on udev Control Socket.
[    8.887048] systemd[1]: Listening on udev Kernel Socket.
[  OK  ] Listening on udev Kernel Socket.
[    8.916584] systemd[1]: Listening on User Database Manager Socket.
[  OK  ] Listening on User Database Manager Socket.
[    8.966617] systemd[1]: Mounting Huge Pages File System...
         Mounting Huge Pages File System...
[    9.003195] systemd[1]: Mounting POSIX Message Queue File System...
         Mounting POSIX Message Queue File System...
[    9.035353] systemd[1]: Mounting Kernel Debug File System...
         Mounting Kernel Debug File System...
[    9.070522] systemd[1]: Kernel Trace File System was skipped because of an unmet condition check (ConditionPathExists=/sys/kernel/tracing).
[    9.111869] systemd[1]: Mounting Temporary Directory /tmp...
         Mounting Temporary Directory /tmp...
[    9.145485] systemd[1]: Create List of Static Device Nodes was skipped because of an unmet condition check (ConditionFileNotEmpty=/lib/modules/5.10.218-yocto-standard/modules.devname).
[    9.179483] systemd[1]: Starting Load Kernel Module configfs...
         Starting Load Kernel Module configfs...
[    9.214962] systemd[1]: Starting Load Kernel Module drm...
         Starting Load Kernel Module drm...
[    9.232311] systemd[1]: Starting Load Kernel Module fuse...
         Starting Load Kernel Module fuse...
[    9.306528] systemd[1]: Starting RPC Bind...
         Starting RPC Bind...
[    9.331737] systemd[1]: File System Check on Root Device was skipped because of an unmet condition check (ConditionPathIsReadWrite=!/).
[    9.352673] systemd[1]: systemd-journald.service: unit configures an IP firewall, but the local system does not support BPF/cgroup firewalling.
[    9.372494] systemd[1]: systemd-journald.service: (This warning is only shown for the first unit using IP firewalling.)
[    9.398550] systemd[1]: Starting Journal Service...
         Starting Journal Service...
[    9.488609] systemd[1]: Starting Load Kernel Modules...
         Starting Load Kernel Modules...
[    9.578130] systemd[1]: Starting Generate network units from Kernel command line...
         Starting Generate network units from Kernel command line...
[    9.632575] systemd[1]: Starting Remount Root and Kernel File Systems...
         Starting Remount Root and Kernel File Systems...
[    9.732060] vspm: loading out-of-tree module taints kernel.
[    9.740325] systemd[1]: Starting Create Static Device Nodes in /dev gracefully...
         Starting Create Static Device Nodes in /dev gracefully...
[    9.796424] systemd-journald[254]: Collecting audit messages is enabled.
[    9.836225] systemd[1]: Starting Coldplug All udev Devices...
         Starting Coldplug All udev Devices...
[    9.881021] systemd[1]: Started RPC Bind.
[  OK  ] Started RPC Bind.
[    9.896002] systemd[1]: Mounted Huge Pages File System.
[  OK  ] Mounted Huge Pages File System.
[    9.927265] systemd[1]: Mounted POSIX Message Queue File System.
[  OK  ] Mounted POSIX Message Queue File System.
[    9.979894] systemd[1]: Mounted Kernel Debug File System.
[  OK  ] Mounted Kernel Debug File System.
[   10.027790] systemd[1]: Mounted Temporary Directory /tmp.
[  OK  ] Mounted Temporary Directory /tmp.
[   10.083167] systemd[1]: modprobe@configfs.service: Deactivated successfully.
[   10.095056] systemd[1]: Finished Load Kernel Module configfs.
[  OK  ] Finished Load Kernel Module configfs.
[   10.134674] systemd[1]: modprobe@drm.service: Deactivated successfully.
[   10.171915] systemd[1]: Finished Load Kernel Module drm.
[  OK  ] Finished Load Kernel Module drm.
[   10.207944] systemd[1]: modprobe@fuse.service: Deactivated successfully.
[   10.221146] systemd[1]: Finished Load Kernel Module fuse.
[  OK  ] Finished Load Kernel Module fuse.
[   10.247182] systemd[1]: Started Journal Service.
[  OK  ] Started Journal Service.
[  OK  ] Finished Load Kernel Modules.
[FAILED] Failed to start Generate network units from Kernel command line.
See 'systemctl status systemd-network-generator.service' for details.
[  OK  ] Finished Remount Root and Kernel File Systems.
[  OK  ] Finished Create Static Device Nodes in /dev gracefully.
[  OK  ] Reached target Preparation for Network.
         Mounting Kernel Configuration File System...
         Starting Flush Journal to Persistent Storage...
         Starting Apply Kernel Variables...
         Starting Create Static Device Nodes in /dev...
[  OK  ] Mounted Kernel Configuration File System.
[   10.710044] systemd-journald[254]: Received client request to flush runtime journal.
[  OK  ] Finished Flush Journal to Persistent Storage.
[  OK  ] Finished Create Static Device Nodes in /dev.
[  OK  ] Reached target Preparation for Local File Systems.
         Mounting /var/volatile...
         Starting Rule-based Manager for Device Events and Files...
[  OK  ] Finished Apply Kernel Variables.
[  OK  ] Mounted /var/volatile.
         Starting Load/Save OS Random Seed...
[  OK  ] Reached target Local File Systems.
         Starting Create Volatile Files and Directories...
[  OK  ] Finished Load/Save OS Random Seed.
[  OK  ] Started Rule-based Manager for Device Events and Files.
         Starting Network Configuration...
         Starting User Database Manager...
[  OK  ] Finished Create Volatile Files and Directories.
         Starting Network Name Resolution...
         Starting Network Time Synchronization...
         Starting Record System Boot/Shutdown in UTMP...
[  OK  ] Finished Coldplug All udev Devices.
[  OK  ] Started User Database Manager.
[  OK  ] Finished Record System Boot/Shutdown in UTMP.
[   12.950173] ravb_streaming/searching for ravb interface
[   12.986329] ravb_streaming/init: start(eth0)
[   13.481498] ravb_streaming/init: success
[  OK  ] Started Network Configuration.
[   14.003792] ravb-mch ec5a0100.avb-mch: probe: start
[   14.129553] ravb-mch ec5a0100.avb-mch: probe: success
[  OK  ] Started Network Time Synchronization.
[  OK  ] Reached target System Time Set.
[  OK  ] Started Network Name Resolution.
[  OK  ] Reached target Network.
[  OK  ] Reached target Host and Network Name Lookups.
[  OK  ] Reached target System Initialization.
[  OK  ] Started Daily Cleanup of Temporary Directories.
[  OK  ] Reached target Timer Units.
[  OK  ] Listening on Avahi mDNS/DNS-SD Stack Activation Socket.
[  OK  ] Listening on D-Bus System Message Bus Socket.
[  OK  ] Listening on dropbear.socket.
[  OK  ] Reached target Socket Units.
[  OK  ] Reached target Basic System.
         Starting Avahi mDNS/DNS-SD Stack...
[  OK  ] Started Kernel Logging Service.
[  OK  ] Started System Logging Service.
         Starting D-Bus System Message Bus...
[  OK  ] Started optee services.
         Starting pvrinit.service...
         Starting PowerVR consumer services...
         Starting User Login Management...
         Starting Permit User Sessions...
[  OK  ] Started D-Bus System Message Bus.
[  OK  ] Started Avahi mDNS/DNS-SD Stack.
[  OK  ] Finished Permit User Sessions.
[   16.190209] PVR_K:  365: Read BVNC 22.67.54.30 from HW device registers
[  OK  ] Started Getty on tt[   16.205949] PVR_K:  365: RGX Device registered with BVNC 22.67.54.30
y1.
[   16.218842] pvrsrvkm fd000000.gsx: Found 2 OPP points.
[   16.237142] pvrsrvkm fd000000.gsx: opp[1/2]: (300000000 Hz, 820000 uV)
[  OK  ] Started Serial Getty on ttySC0.
[  OK  ] Reached target Login Prompts.
[   16.277531] pvrsrvkm fd000000.gsx: opp[2/2]: (600000000 Hz, 820000 uV)
[   16.342128] PVR_K:  365: RGX Firmware image 'rgx.fw.22.67.54.30' loaded
[   16.448298] PVR_K:  365: Shader binary image 'rgx.sh.22.67.54.30' loaded
[   16.471627] [drm] Initialized pvr 1.15.6052913 20170530 for fd000000.gsx on minor 1
[  OK  ] Started User Login Management.
[  OK  ] Started pvrinit.service.
         Starting set_default_governor.service...
[  OK  ] Finished PowerVR consumer services.
[  OK  ] Started set_default_governor.service.
[  OK  ] Reached target Multi-User System.
[  OK  ] Reached target Graphical Interface.
         Starting Record Runlevel Change in UTMP...
[  OK  ] Finished Record Runlevel Change in UTMP.
[   17.724756] adsp ec800000.adsp: assigned reserved memory node linux,adsp@57000000
[   17.810449] adsp ec800000.adsp: virt_addr=00000000d09581d0 phy_addr=0x57000000 size=16777216
[   17.886021] XF-IPC: failed to get adsp local memory itcm0
[   17.892519] adsp: probe of ec800000.adsp failed with error -2
[   17.926455] XF: IPC layer initialization failed: -19

Poky (Yocto Project Reference Distro) 5.0 ebisu ttySC0

ebisu login: [   19.292824] rcar_sound ec500000.sound: Can't update kctrl when idle
[   19.469208] audit: type=1006 audit(1721621372.374:2): pid=442 uid=0 old-auid=4294967295 auid=0 tty=(none) old-ses=4294967295 ses=1 res=1
[   19.648940] rcar_sound ec500000.sound: Can't update kctrl when idle
root

WARNING: Poky is a reference Yocto Project distribution that should be used for
testing and development purposes only. It is recommended that you create your
own distribution for production use.

root@ebisu:~# [   35.813377] SDHI0 VccQ: disabling
[   35.816740] SDHI1 VccQ: disabling
modprobe -a mmngr mmngrbuf
[   39.626740] rgnmm_drv mmngr: assigned reserved memory node linux,multimedia@68000000
root@ebisu:~# cd v4l2-TP/
root@ebisu:~/v4l2-TP# ls
Gen3_vsp2_tp       Gen3_vsp2_tp_macro   README.md    vsp2driver_tp-rcar-gen3
Gen3_vsp2_tp_data  Gen3_vsp2_tp_script  v4l2_tp_yvu  wpf-compose-IT
root@ebisu:~/v4l2-TP# cd Gen3_vsp2_tp_script/
root@ebisu:~/v4l2-TP/Gen3_vsp2_tp_script# ./testVsp2driver_tp.sh
## BRU ##
exec MMAP
Error : media_parse_link(rpf.0 -> bru)
Error : media-ctl call failed.
exec USERPTR
Error : media_parse_link(rpf.0 -> bru)
Error : media-ctl call failed.
exec DMABUF
Error : media_parse_link(rpf.0 -> bru)
Error : media-ctl call failed.
## UDS ##
exec MMAP
Error : media_device_enumerate()
Error : media-ctl call failed.
exec USERPTR
Error : media_device_enumerate()
Error : media-ctl call failed.
exec DMABUF
Error : media_device_enumerate()
Error : media-ctl call failed.
## LUT ##
exec MMAP
Error : media_device_enumerate()
Error : media-ctl call failed.
exec USERPTR
Error : media_device_enumerate()
Error : media-ctl call failed.
exec DMABUF
Error : media_device_enumerate()
Error : media-ctl call failed.
## CLU ##
exec MMAP
Error : media_device_enu[   59.433486] close MMD kernelheap warning
merate()
Error : media-ctl call failed.
exec USERPTR
Error : media_device_enu[   59.450320] close MMD kernelheap warning
merate()
Error : media-ctl call failed.
exec DMABUF
Error : media_d[   59.464503] close MMD kernelheap warning
evice_enumerate()
Error : media-ctl call failed.
## HGO ##
exec MMAP
Error : me[   59.490801] close MMD kernelheap warning
dia_device_enumerate()
Error : media-ctl call failed.
exec USERPTR
Error : [   59.503946] close MMD kernelheap warning
media_device_enumerate()
Error : media-ctl call failed.
exec DMABUF
Error : [   59.516689] close MMD kernelheap warning
media_device_enumerate()
Error : media-ctl call failed.
root@ebisu:~/v4l2-TP/Gen3_vsp2_tp_script# reboot
root@ebisu:~/v4l2-TP/Gen3_vsp2_tp_script#          Stopping Session¦         Stopping Session c2 of User root...
[  OK  ] Removed slice Slice /system/modprobe.
[  OK  ] Stopped target Graphical Interface.
[  OK  ] Stopped target Host and Network Name Lookups.
[  OK  ] Stopped target RPC Port Mapper.
[  OK  ] Stopped target Sound Card.
[  OK  ] Stopped target System Time Set.
[  OK  ] Stopped target Timer Units.
[  OK  ] Stopped Daily Cleanup of Temporary Directories.
[  OK  ] Stopped target Hardware activated USB gadget.
         Stopping Save/Restore Sound Card State...
         Stopping Load/Save OS Random Seed...
         Stopping Weston Wayland Compositor...
[  OK  ] Stopped Serial Getty on ttySC0.
[  OK  ] Stopped Weston Wayland Compositor.
[  OK  ] Stopped Session c1 of User root.
[  OK  ] Stopped Load/Save OS Random Seed.
[  OK  ] Stopped Session c2 of User root.
[  OK  ] Stopped Save/Restore Sound Card State.
[  OK  ] Removed slice Slice /system/serial-getty.
[  OK  ] Removed slice Slice /system/weston.
[  OK  ] Stopped target Multi-User System.
[  OK  ] Stopped target Login Prompts.
         Stopping Avahi mDNS/DNS-SD Stack...
         Stopping Kernel Logging Service...
         Stopping System Logging Service...
         Stopping Getty on tty1...
         Stopping optee services...
         Stopping PowerVR consumer services...
         Stopping set_default_governor.service...
         Stopping User Login Management...
         Stopping User Manager for UID 0...
[  OK  ] Stopped Avahi mDNS/DNS-SD Stack.
[  OK  ] Stopped Kernel Logging Service.
[  OK  ] Stopped System Logging Service.
[  OK  ] Stopped Getty on tty1.
[  OK  ] Stopped User Manager for UID 0.
[  OK  ] Stopped optee services.
[  OK  ] Stopped set_default_governor.service.
[  OK  ] Stopped PowerVR consumer services.
[  OK  ] Stopped User Login Management.
[  OK  ] Removed slice Slice /system/getty.
         Stopping pvrinit.service...
         Stopping Permit User Sessions...
         Stopping User Runtime Directory /run/user/0...
[  OK  ] Stopped pvrinit.service.
[  OK  ] Stopped Permit User Sessions.
[  OK  ] Unmounted /run/user/0.
[  OK  ] Stopped User Runtime Directory /run/user/0.
[  OK  ] Removed slice User Slice of UID 0.
[  OK  ] Stopped target Network.
[  OK  ] Stopped target Remote File Systems.
         Stopping D-Bus System Message Bus...
         Stopping Network Configuration...
[  OK  ] Stopped Network Configuration.
[  OK  ] Stopped D-Bus System Message Bus.
[  OK  ] Stopped target Basic System.
[  OK  ] Stopped target Preparation for Network.
[  OK  ] Stopped target Path Units.
[  OK  ] Stopped Dispatch Password Requests to Console Directory Watch.
[  OK  ] Stopped Forward Password Requests to Wall Directory Watch.
[  OK  ] Stopped target Slice Units.
[  OK  ] Removed slice User and Session Slice.
[  OK  ] Stopped target Socket Units.
[  OK  ] Closed Avahi mDNS/DNS-SD Stack Activation Socket.
[  OK  ] Closed D-Bus System Message Bus Socket.
[  OK  ] Closed dropbear.socket.
[  OK  ] Stopped target System Initialization.
[  OK  ] Closed Syslog Socket.
[  OK  ] Closed Network Service Netlink Socket.
         Stopping Network Name Resolution...
         Stopping Network Time Synchronization...
         Stopping Record System Boot/Shutdown in UTMP...
[  OK  ] Stopped Network Name Resolution.
[  OK  ] Stopped Network Time Synchronization.
[  OK  ] Stopped Apply Kernel Variables.
[  OK  ] Stopped Load Kernel Modules.
[  OK  ] Stopped Record System Boot/Shutdown in UTMP.
[  OK  ] Stopped Create Volatile Files and Directories.
[  OK  ] Stopped target Local File Systems.
         Unmounting Temporary Directory /tmp...
         Unmounting /var/volatile...
[  OK  ] Unmounted Temporary Directory /tmp.
[  OK  ] Unmounted /var/volatile.
[  OK  ] Stopped target Preparation for Local File Systems.
[  OK  ] Stopped target Swaps.
[  OK  ] Reached target Unmount All Filesystems.
[  OK  ] Stopped Remount Root and Kernel File Systems.
[  OK  ] Stopped Create Static Device Nodes in /dev.
[  OK  ] Stopped Create Static Device Nodes in /dev gracefully.
[  OK  ] Reached target System Shutdown.
[  OK  ] Reached target Late Shutdown Services.
[  OK  ] Finished System Reboot.
[  OK  ] Reached target System Reboot.
[   90.003325] watchdog: watchdog0: watchdog did not stop!
[   90.050658] systemd-shutdown[1]: Using hardware watchdog 'Renesas WDT Watchdog', version 0, device /dev/watchdog0
[   90.061353] systemd-shutdown[1]: Watchdog running with a timeout of 1min.
[   90.406962] systemd-shutdown[1]: Syncing filesystems and block devices.
[   90.414436] systemd-shutdown[1]: Sending SIGTERM to remaining processes...
[   90.466869] systemd-journald[254]: Received SIGTERM from PID 1 (systemd-shutdow).
[   90.488386] audit: type=1335 audit(1721621443.394:3): pid=254 uid=0 auid=4294967295 tty=(none) ses=4294967295 comm="systemd-journal" exe="/usr/lib/systemd/systemd-journald" nl-mcgrp=1 op=disconnect res=1
[   90.518212] systemd-shutdown[1]: Sending SIGKILL to remaining processes...
[   90.560711] systemd-shutdown[1]: Unmounting file systems.
[   90.567937] systemd-shutdown[1]: All filesystems unmounted.
[   90.574904] systemd-shutdown[1]: Deactivating swaps.
[   90.580395] systemd-shutdown[1]: All swaps deactivated.
[   90.585924] systemd-shutdown[1]: Detaching loop devices.
[   90.602460] systemd-shutdown[1]: All loop devices detached.
[   90.608337] systemd-shutdown[1]: Stopping MD devices.
[   90.621163] systemd-shutdown[1]: All MD devices stopped.
[   90.626990] systemd-shutdown[1]: Detaching DM devices.
[   90.640179] systemd-shutdown[1]: All DM devices detached.
[   90.645888] systemd-shutdown[1]: All filesystems, swaps, loop devices, MD devices and DM devices detached.
[   90.662209] systemd-shutdown[1]: Syncing filesystems and block devices.
[   90.669522] systemd-shutdown[1]: Rebooting.
[   90.701536] reboot: Restarting system
NOTICE:  BL2: R-Car Gen3 Initial Program Loader(CA53) Rev.4.0.0
NOTICE:  BL2: PRR is R-Car E3 Ver.1.1
NOTICE:  BL2: PLL1 nonSSCG Clock select
NOTICE:  BL2: Board is Ebisu-4D Rev.1.0
NOTICE:  BL2: Boot device is HyperFlash(150MHz)
NOTICE:  BL2: LCM state is CM
NOTICE:  BL2: DDR1856(rev.0.12)
NOTICE:  BL2: [COLD_BOOT]
NOTICE:  BL2: DRAM Split is OFF
NOTICE:  BL2: QoS is default setting(rev.0.05)
NOTICE:  BL2: DRAM refresh interval 3.9 usec
NOTICE:  BL2: CH0: 400000000 - 47fffffff, 2 GiB
NOTICE:  BL2: Lossy Decomp areas
NOTICE:       Entry 0: DCMPAREACRAx:0x80000540 DCMPAREACRBx:0x570
NOTICE:       Entry 1: DCMPAREACRAx:0x40000000 DCMPAREACRBx:0x0
NOTICE:       Entry 2: DCMPAREACRAx:0x20000000 DCMPAREACRBx:0x0
NOTICE:  BL2: FDT at 0xe6317d28
NOTICE:  BL2: v2.9(release):9cdb21f75
NOTICE:  BL2: Built : 07:30:31, Jul 11 2024
NOTICE:  BL2: Normal boot
NOTICE:  BL2: dst=0xe6317600 src=0x8180000 len=512(0x200)
NOTICE:  BL2: dst=0x43f00000 src=0x8180400 len=6144(0x1800)
NOTICE:  rcar_file_len: len: 0x0003e000
NOTICE:  BL2: dst=0x44000000 src=0x81c0000 len=253952(0x3e000)
NOTICE:  rcar_file_len: len: 0x00200000
NOTICE:  BL2: dst=0x44100000 src=0x8200000 len=2097152(0x200000)
NOTICE:  rcar_file_len: len: 0x00100000
NOTICE:  BL2: dst=0x50000000 src=0x8640000 len=1048576(0x100000)
NOTICE:  BL2: Booting BL31


U-Boot 2020.10 (Jun 29 2024 - 08:50:53 +0000)

CPU: Renesas Electronics R8A77990 rev 1.1
Model: Renesas Ebisu board based on r8a77990
DRAM:  1.9 GiB
RAM Configuration:
Bank #0: 0x048000000 - 0x0bfffffff, 1.9 GiB

MMC:   sd@ee100000: 0, sd@ee120000: 1, sd@ee160000: 2
Loading Environment from MMC... OK
In:    serial@e6e88000
Out:   serial@e6e88000
Err:   serial@e6e88000
Net:   eth0: ethernet@e6800000
Hit any key to stop autoboot:  0
=> pr
LONG_bootargs=rw root=/dev/nfs nfsroot=192.168.8.8:/tftpboot/long.trinh-tien/E3_full/rootfs,nfsvers=4 ip=192.168.8.20 baudrate=115200
baudrate=115200
bootargs=rw root=/dev/nfs nfsroot=192.168.8.8:/tftpboot/long.trinh-tien/E3_full/rootfs,nfsvers=4 ip=192.168.8.20 baudrate=115200
bootargs_sd0=rw root=/dev/mmcblk1p1 rootwait
bootargs_usb=rw root=/dev/sda1 rootwait
bootcmd=run bootcmd_LONG_tftp
bootcmd_LONG_tftp=setenv bootargs ${LONG_bootargs} ; tftp 0x48080000 long.trinh-tien/E3_full/Image ; tftp 0x48000000 long.trinh-tien/E3_full/${dtb};booti 0x48080000 - 0x48000000
bootcmd_sd0=setenv bootargs ${bootargs_sd0};ext2load mmc 0:1 0x48080000 /boot/Image;ext2load mmc 0:1 0x48000000 /boot/${dtb};run booti_cmd
bootcmd_tftp=tftp 0x48080000 HVN/ThinhN/E3v1.1/Image;tftp 0x48000000 HVN/ThinhN/E3v1.1/${dtb};booti 0x48080000 - 0x48000000
bootcmd_usb=boot via usb;usb start;setenv bootargs ${bootargs_usb};ext2load usb 0:1 0x48080000 /boot/Image;ext2load usb 0:1 0x48000000 /boot/${dtb};run booti_cmd
bootdelay=2
booti_cmd=booti 0x48080000 - 0x48000000
bootm_size=0x10000000
dtb=r8a77990-ebisu-4d.dtb
ethact=ethernet@e6800000
ethaddr=2E:09:0A:03:83:F6
ethaddr_bk=2E:09:0A:03:87:DC
fdtcontroladdr=bbf26f80
fileaddr=48000000
filesize=d975
ipaddr=192.168.8.59
loadaddr=0x58000000
netboot=tftp 0x48080000 ${tftp_path}/Image; tftp 0x48000000 ${tftp_path}/r8a77990-ebisu-4d.dtb; booti 0x48080000 - 0x48000000
platform=r8a77990
serverip=192.168.8.8
stderr=serial@e6e88000
stdin=serial@e6e88000
stdout=serial@e6e88000
tftp_path=nguyentran/e3
usb_pgood_delay=2000
ver=U-Boot 2020.10 (Jun 29 2024 - 08:50:53 +0000)

Environment size: 1602/131068 bytes
=> editenv LONG_bootargs
edit: rw root=/dev/nfs nfsroot=192.168.8.8:/tftpboot/long.trinh-tien/H3_full/rootfs,nfsvers=4 ip=192.168.8.20 baudrate=1152=> boot
Using ethernet@e6800000 device
TFTP from server 192.168.8.8; our IP address is 192.168.8.59
Filename 'long.trinh-tien/E3_full/Image'.
Load address: 0x48080000
Loading: #################################################################
         #################################################################
         #################################################################
         #################################################################
         #################################################################
         #################################################################
         #################################################################
         #################################################################
         #################################################################
         #################################################################
         #################################################################
         #################################################################
         #################################################################
         #################################################################
         #################################################################
         #################################################################
         #################################################################
         #################################################################
         #################################################################
         #########################T ########################################
         #################################################################
         #################################################################
         #################################################################
         ###################################################T ##############
         #################################################################
         #################################################################
         #################################################################
         #################################################################
         #################################################################
         #################################################################
         #################################################################
         #################################################################
         #################################################################
         #################################################################
         #################################################################
         ######################
         1.9 MiB/s
done
Bytes transferred = 33712640 (2026a00 hex)
Using ethernet@e6800000 device
TFTP from server 192.168.8.8; our IP address is 192.168.8.59
Filename 'long.trinh-tien/E3_full/r8a77990-ebisu-4d.dtb'.
Load address: 0x48000000
Loading: ####
         2.4 MiB/s
done
Bytes transferred = 56930 (de62 hex)
Moving Image from 0x48080000 to 0x48200000, end=4a2b0000
## Flattened Device Tree blob at 48000000
   Booting using the fdt blob at 0x48000000
   Loading Device Tree to 0000000053fef000, end 0000000053fffe61 ... OK

Starting kernel ...

[    0.000000] Booting Linux on physical CPU 0x0000000000 [0x410fd034]
[    0.000000] Linux version 5.10.218-yocto-standard (oe-user@oe-host) (aarch64-poky-linux-gcc (GCC) 13.2.0, GNU ld (GNU Binutils) 2.42.0.20240216) #1 SMP PREEMPT Sat Jun 29 06:16:20 UTC 2024
[    0.000000] Machine model: Renesas Ebisu-4D board based on r8a77990
[    0.000000] efi: UEFI not found.
[    0.000000] Reserved memory: created CMA memory pool at 0x0000000057000000, size 16 MiB
[    0.000000] OF: reserved mem: initialized node linux,adsp@57000000, compatible id shared-dma-pool
[    0.000000] Reserved memory: created CMA memory pool at 0x0000000058000000, size 256 MiB
[    0.000000] OF: reserved mem: initialized node linux,cma@58000000, compatible id shared-dma-pool
[    0.000000] Reserved memory: created CMA memory pool at 0x0000000068000000, size 64 MiB
[    0.000000] OF: reserved mem: initialized node linux,multimedia@68000000, compatible id shared-dma-pool
[    0.000000] NUMA: No NUMA configuration found
[    0.000000] NUMA: Faking a node at [mem 0x0000000048000000-0x00000000bfffffff]
[    0.000000] NUMA: NODE_DATA [mem 0xbfc12b00-0xbfc14fff]
[    0.000000] Zone ranges:
[    0.000000]   DMA      [mem 0x0000000048000000-0x00000000bfffffff]
[    0.000000]   DMA32    empty
[    0.000000]   Normal   empty
[    0.000000] Movable zone start for each node
[    0.000000] Early memory node ranges
[    0.000000]   node   0: [mem 0x0000000048000000-0x0000000053ffffff]
[    0.000000]   node   0: [mem 0x0000000054000000-0x0000000056ffffff]
[    0.000000]   node   0: [mem 0x0000000057000000-0x00000000bfffffff]
[    0.000000] Initmem setup node 0 [mem 0x0000000048000000-0x00000000bfffffff]
[    0.000000] psci: probing for conduit method from DT.
[    0.000000] psci: PSCIv1.1 detected in firmware.
[    0.000000] psci: Using standard PSCI v0.2 function IDs
[    0.000000] psci: Trusted OS resident on physical CPU 0x0
[    0.000000] psci: SMC Calling Convention v1.2
[    0.000000] percpu: Embedded 23 pages/cpu s56984 r8192 d29032 u94208
[    0.000000] Detected VIPT I-cache on CPU0
[    0.000000] CPU features: detected: ARM erratum 845719
[    0.000000] Built 1 zonelists, mobility grouping on.  Total pages: 483840
[    0.000000] Policy zone: DMA
[    0.000000] Kernel command line: rw root=/dev/nfs nfsroot=192.168.8.8:/tftpboot/long.trinh-tien/H3_full/rootfs,nfsvers=4 ip=192.168.8.20 baudrate=115200
[    0.000000] Dentry cache hash table entries: 262144 (order: 9, 2097152 bytes, linear)
[    0.000000] Inode-cache hash table entries: 131072 (order: 8, 1048576 bytes, linear)
[    0.000000] mem auto-init: stack:all(zero), heap alloc:off, heap free:off
[    0.000000] Memory: 1499288K/1966080K available (15552K kernel code, 2842K rwdata, 8248K rodata, 6144K init, 518K bss, 122728K reserved, 344064K cma-reserved)
[    0.000000] SLUB: HWalign=64, Order=0-3, MinObjects=0, CPUs=2, Nodes=1
[    0.000000] rcu: Preemptible hierarchical RCU implementation.
[    0.000000] rcu:     RCU event tracing is enabled.
[    0.000000] rcu:     RCU restricting CPUs from NR_CPUS=256 to nr_cpu_ids=2.
[    0.000000]  Trampoline variant of Tasks RCU enabled.
[    0.000000] rcu: RCU calculated value of scheduler-enlistment delay is 25 jiffies.
[    0.000000] rcu: Adjusting geometry for rcu_fanout_leaf=16, nr_cpu_ids=2
[    0.000000] NR_IRQS: 64, nr_irqs: 64, preallocated irqs: 0
[    0.000000] arch_timer: cp15 timer(s) running at 24.00MHz (virt).
[    0.000000] clocksource: arch_sys_counter: mask: 0xffffffffffffff max_cycles: 0x588fe9dc0, max_idle_ns: 440795202592 ns
[    0.000006] sched_clock: 56 bits at 24MHz, resolution 41ns, wraps every 4398046511097ns
[    0.000401] Console: colour dummy device 80x25
[    0.000781] printk: console [tty0] enabled
[    0.000953] Calibrating delay loop (skipped), value calculated using timer frequency.. 48.00 BogoMIPS (lpj=96000)
[    0.000983] pid_max: default: 32768 minimum: 301
[    0.001074] LSM: Security Framework initializing
[    0.001163] Mount-cache hash table entries: 4096 (order: 3, 32768 bytes, linear)
[    0.001186] Mountpoint-cache hash table entries: 4096 (order: 3, 32768 bytes, linear)
[    0.003103] rcu: Hierarchical SRCU implementation.
[    0.005175] Detected Renesas R-Car Gen3 r8a77990 ES1.1
[    0.007078] EFI services will not be available.
[    0.007582] smp: Bringing up secondary CPUs ...
[    0.008381] Detected VIPT I-cache on CPU1
[    0.008494] CPU1: Booted secondary processor 0x0000000001 [0x410fd034]
[    0.008654] smp: Brought up 1 node, 2 CPUs
[    0.008699] SMP: Total of 2 processors activated.
[    0.008715] CPU features: detected: 32-bit EL0 Support
[    0.008729] CPU features: detected: CRC32 instructions
[    0.008742] CPU features: detected: 32-bit EL1 Support
[    0.019804] CPU: All CPU(s) started at EL1
[    0.019885] alternatives: patching kernel code
[    0.021482] devtmpfs: initialized
[    0.030287] KASLR disabled due to lack of seed
[    0.030601] clocksource: jiffies: mask: 0xffffffff max_cycles: 0xffffffff, max_idle_ns: 7645041785100000 ns
[    0.030645] futex hash table entries: 512 (order: 3, 32768 bytes, linear)
[    0.041040] pinctrl core: initialized pinctrl subsystem
[    0.043247] DMI not present or invalid.
[    0.044180] NET: Registered protocol family 16
[    0.046208] DMA: preallocated 256 KiB GFP_KERNEL pool for atomic allocations
[    0.046415] DMA: preallocated 256 KiB GFP_KERNEL|GFP_DMA pool for atomic allocations
[    0.046588] DMA: preallocated 256 KiB GFP_KERNEL|GFP_DMA32 pool for atomic allocations
[    0.046708] audit: initializing netlink subsys (disabled)
[    0.047111] audit: type=2000 audit(0.044:1): state=initialized audit_enabled=0 res=1
[    0.048920] thermal_sys: Registered thermal governor 'power_allocator'
[    0.049511] cpuidle: using governor menu
[    0.049831] hw-breakpoint: found 6 breakpoint and 4 watchpoint registers.
[    0.049945] ASID allocator initialised with 65536 entries
[    0.052020] Serial: AMBA PL011 UART driver
[    0.101668] sh-pfc e6060000.pinctrl: r8a77990_pfc support registered
[    0.119940] HugeTLB registered 1.00 GiB page size, pre-allocated 0 pages
[    0.119992] HugeTLB registered 32.0 MiB page size, pre-allocated 0 pages
[    0.120004] HugeTLB registered 2.00 MiB page size, pre-allocated 0 pages
[    0.120016] HugeTLB registered 64.0 KiB page size, pre-allocated 0 pages
[    0.121457] cryptd: max_cpu_qlen set to 1000
[    0.124816] ACPI: Interpreter disabled.
[    0.130800] rcar_avs_init: cannot find compatible dts node
[    0.133813] iommu: Default domain type: Translated
[    0.134934] ipmmu-vmsa e67b0000.iommu: IPMMU context 0 is reserved
[    0.137394] vgaarb: loaded
[    0.138065] SCSI subsystem initialized
[    0.138763] usbcore: registered new interface driver usbfs
[    0.138823] usbcore: registered new interface driver hub
[    0.138875] usbcore: registered new device driver usb
[    0.142554] i2c-sh_mobile e60b0000.i2c: I2C adapter 7, bus speed 400000 Hz
[    0.143831] mc: Linux media interface: v0.10
[    0.143913] videodev: Linux video capture interface: v2.00
[    0.144045] pps_core: LinuxPPS API ver. 1 registered
[    0.144056] pps_core: Software ver. 5.3.6 - Copyright 2005-2007 Rodolfo Giometti <giometti@linux.it>
[    0.144082] PTP clock support registered
[    0.144627] EDAC MC: Ver: 3.0.0
[    0.148578] FPGA manager framework
[    0.148760] Advanced Linux Sound Architecture Driver Initialized.
[    0.150233] clocksource: Switched to clocksource arch_sys_counter
[    0.150617] VFS: Disk quotas dquot_6.6.0
[    0.150695] VFS: Dquot-cache hash table entries: 512 (order 0, 4096 bytes)
[    0.150965] pnp: PnP ACPI: disabled
[    0.156777] NET: Registered protocol family 2
[    0.157057] IP idents hash table entries: 32768 (order: 6, 262144 bytes, linear)
[    0.158198] tcp_listen_portaddr_hash hash table entries: 1024 (order: 2, 16384 bytes, linear)
[    0.158319] TCP established hash table entries: 16384 (order: 5, 131072 bytes, linear)
[    0.158442] TCP bind hash table entries: 16384 (order: 6, 262144 bytes, linear)
[    0.158766] TCP: Hash tables configured (established 16384 bind 16384)
[    0.158985] UDP hash table entries: 1024 (order: 3, 32768 bytes, linear)
[    0.159051] UDP-Lite hash table entries: 1024 (order: 3, 32768 bytes, linear)
[    0.159331] NET: Registered protocol family 1
[    0.160139] RPC: Registered named UNIX socket transport module.
[    0.160178] RPC: Registered udp transport module.
[    0.160189] RPC: Registered tcp transport module.
[    0.160199] RPC: Registered tcp NFSv4.1 backchannel transport module.
[    0.160226] PCI: CLS 0 bytes, default 64
[    0.161321] hw perfevents: enabled with armv8_cortex_a53 PMU driver, 7 counters available
[    0.162349] kvm [1]: HYP mode not available
[    0.166578] Initialise system trusted keyrings
[    0.167014] workingset: timestamp_bits=42 max_order=19 bucket_order=0
[    0.172873] squashfs: version 4.0 (2009/01/31) Phillip Lougher
[    0.173897] NFS: Registering the id_resolver key type
[    0.174007] Key type id_resolver registered
[    0.174017] Key type id_legacy registered
[    0.174119] nfs4filelayout_init: NFSv4 File Layout Driver Registering...
[    0.174135] nfs4flexfilelayout_init: NFSv4 Flexfile Layout Driver Registering...
[    0.174516] 9p: Installing v9fs 9p2000 file system support
[    0.210614] Key type asymmetric registered
[    0.210667] Asymmetric key parser 'x509' registered
[    0.210766] Block layer SCSI generic (bsg) driver version 0.4 loaded (major 243)
[    0.210786] io scheduler mq-deadline registered
[    0.210802] io scheduler kyber registered
[    0.227749] gpio_rcar e6050000.gpio: driving 18 GPIOs
[    0.228671] gpio_rcar e6051000.gpio: driving 23 GPIOs
[    0.229419] gpio_rcar e6052000.gpio: driving 26 GPIOs
[    0.230168] gpio_rcar e6053000.gpio: driving 16 GPIOs
[    0.231044] gpio_rcar e6054000.gpio: driving 11 GPIOs
[    0.231748] gpio_rcar e6055000.gpio: driving 20 GPIOs
[    0.232509] gpio_rcar e6055400.gpio: driving 18 GPIOs
[    0.238494] rcar-pcie fe000000.pcie: host bridge /soc/pcie@fe000000 ranges:
[    0.238571] rcar-pcie fe000000.pcie:       IO 0x00fe100000..0x00fe1fffff -> 0x0000000000
[    0.238607] rcar-pcie fe000000.pcie:      MEM 0x00fe200000..0x00fe3fffff -> 0x00fe200000
[    0.238634] rcar-pcie fe000000.pcie:      MEM 0x0030000000..0x0037ffffff -> 0x0030000000
[    0.238657] rcar-pcie fe000000.pcie:      MEM 0x0038000000..0x003fffffff -> 0x0038000000
[    0.238683] rcar-pcie fe000000.pcie:   IB MEM 0x0040000000..0x00bfffffff -> 0x0040000000
[    0.238772] rcar-pcie fe000000.pcie: no pcie3v3 regulator found
[    0.238788] rcar-pcie fe000000.pcie: no pcie1v8 regulator found
[    0.291187] rcar-pcie fe000000.pcie: PCIe link down
[    0.295081] EINJ: ACPI disabled.
[    0.344116] Serial: 8250/16550 driver, 4 ports, IRQ sharing enabled
[    0.348985] SuperH (H)SCI(F) driver initialized
[    0.349891] e6e88000.serial: ttySC0 at MMIO 0xe6e88000 (irq = 119, base_baud = 0) is a scif
[    1.322090] printk: console [ttySC0] enabled
[    1.329129] msm_serial: driver initialized
[    1.355866] loop: module loaded
[    1.361951] megasas: 07.714.04.00-rc1
[    1.377593] tun: Universal TUN/TAP device driver, 1.6
[    1.384853] thunder_xcv, ver 1.0
[    1.388278] thunder_bgx, ver 1.0
[    1.391564] nicpf, ver 1.0
[    1.397216] hclge is initializing
[    1.400704] hns3: Hisilicon Ethernet Network Driver for Hip08 Family - version
[    1.407971] hns3: Copyright (c) 2017 Huawei Corporation.
[    1.413461] e1000: Intel(R) PRO/1000 Network Driver
[    1.418363] e1000: Copyright (c) 1999-2006 Intel Corporation.
[    1.424180] e1000e: Intel(R) PRO/1000 Network Driver
[    1.429163] e1000e: Copyright(c) 1999 - 2015 Intel Corporation.
[    1.435161] igb: Intel(R) Gigabit Ethernet Network Driver
[    1.440580] igb: Copyright (c) 2007-2014 Intel Corporation.
[    1.446219] igbvf: Intel(R) Gigabit Virtual Function Network Driver
[    1.452516] igbvf: Copyright (c) 2009 - 2012 Intel Corporation.
[    1.459650] sky2: driver version 1.30
[    1.469232] ravb e6800000.ethernet eth0: Base address at 0xe6800000, 2e:09:0a:03:83:f6, IRQ 114.
[    1.481339] VFIO - User Level meta-driver version: 0.3
[    1.491145] ehci_hcd: USB 2.0 'Enhanced' Host Controller (EHCI) Driver
[    1.497832] ehci-pci: EHCI PCI platform driver
[    1.502374] ehci-platform: EHCI generic platform driver
[    1.508737] ehci-orion: EHCI orion driver
[    1.513386] ehci-exynos: EHCI Exynos driver
[    1.518028] ohci_hcd: USB 1.1 'Open' Host Controller (OHCI) Driver
[    1.524322] ohci-pci: OHCI PCI platform driver
[    1.528895] ohci-platform: OHCI generic platform driver
[    1.535194] ohci-exynos: OHCI Exynos driver
[    1.541174] xhci-hcd ee000000.usb: xHCI Host Controller
[    1.546602] xhci-hcd ee000000.usb: new USB bus registered, assigned bus number 1
[    1.568997] xhci-hcd ee000000.usb: hcc params 0x014051ce hci version 0x100 quirks 0x0000000000830410
[    1.578263] xhci-hcd ee000000.usb: irq 140, io mem 0xee000000
[    1.584270] xhci-hcd ee000000.usb: xHCI Host Controller
[    1.589529] xhci-hcd ee000000.usb: new USB bus registered, assigned bus number 2
[    1.596973] xhci-hcd ee000000.usb: Host supports USB 3.0 SuperSpeed
[    1.604194] hub 1-0:1.0: USB hub found
[    1.608027] hub 1-0:1.0: 1 port detected
[    1.612344] usb usb2: We don't know the algorithms for LPM for this host, disabling LPM.
[    1.621167] hub 2-0:1.0: USB hub found
[    1.624985] hub 2-0:1.0: 1 port detected
[    1.630941] usbcore: registered new interface driver usb-storage
[    1.640973] renesas_usbhs e6590000.usb: host probed
[    1.645995] renesas_usbhs e6590000.usb: no transceiver found
[    1.651858] renesas_usbhs e6590000.usb: gadget probed
[    1.657123] renesas_usbhs e6590000.usb: probed
[    1.667507] i2c /dev entries driver
[    1.677493] pca953x 0-0020: supply vcc not found, using dummy regulator
[    1.684439] pca953x 0-0020: using no AI
[    1.692527] adv7511 0-0039: supply avdd not found, using dummy regulator
[    1.699819] adv7511 0-0039: supply dvdd not found, using dummy regulator
[    1.706632] adv7511 0-0039: supply pvdd not found, using dummy regulator
[    1.713412] adv7511 0-0039: supply bgvdd not found, using dummy regulator
[    1.720386] adv7511 0-0039: supply dvdd-3v not found, using dummy regulator
[    1.738039] i2c-rcar e6500000.i2c: probed
[    1.752811] cs2000-cp 3-004f: revision - C1
[    1.757260] i2c-rcar e66d0000.i2c: probed
[    1.764126] adv748x 0-0070: Endpoint /soc/i2c@e6500000/video-receiver@70/port@7/endpoint on port 7
[    1.773230] adv748x 0-0070: Endpoint /soc/i2c@e6500000/video-receiver@70/port@8/endpoint on port 8
[    1.782240] adv748x 0-0070: Endpoint /soc/i2c@e6500000/video-receiver@70/port@a/endpoint on port 10
[    1.792414] adv748x 0-0070: chip found @ 0xe0 revision 2143
[    1.889979] rcar-csi2 feaa0000.csi2: 2 lanes found
[    1.900451] rcar-vin e6ef4000.video: Device registered as video0
[    1.906709] rcar-vin e6ef5000.video: Device registered as video1
[    1.914589] usbcore: registered new interface driver uvcvideo
[    1.920500] USB Video Class driver (1.1.1)
[    1.931617] rcar_thermal e6190000.thermal: 1 sensor probed
[    1.945575] cpu cpu0: EM: invalid perf. state: -22
[    1.957342] sdhci: Secure Digital Host Controller Interface driver
[    1.964006] sdhci: Copyright(c) Pierre Ossman
[    1.970973] renesas_sdhi_internal_dmac ee100000.mmc: Got CD GPIO
[    1.977114] renesas_sdhi_internal_dmac ee100000.mmc: Got WP GPIO
[    1.987915] renesas_sdhi_internal_dmac ee120000.mmc: Got CD GPIO
[    1.999688] renesas_sdhi_internal_dmac ee160000.mmc: Adding to iommu group 0
[    2.006905] renesas_sdhi_internal_dmac ee160000.mmc: Using IPMMU context 1
[    2.062455] renesas_sdhi_internal_dmac ee160000.mmc: mmc0 base at 0x00000000ee160000, max clock rate 200 MHz
[    2.074429] Synopsys Designware Multimedia Card Interface Driver
[    2.084741] sdhci-pltfm: SDHCI platform and OF driver helper
[    2.095793] ledtrig-cpu: registered to indicate activity on CPUs
[    2.104651] SMCCC: SOC_ID: ARCH_SOC_ID not implemented, skipping ....
[    2.113466] usbcore: registered new interface driver usbhid
[    2.119255] usbhid: USB HID core driver
[    2.132271] optee: probing for conduit method.
[    2.136855] optee: revision 3.22 (314ecf9d)
[    2.137607] optee driver R-Car Rev.1.0.11
[    2.146415] optee: dynamic shared memory is enabled
[    2.151904] optee: initialized driver
[    2.159609] mmc0: new HS400 MMC card at address 0001
[    2.165990] mmcblk0: mmc0:0001 DG4032 29.1 GiB
[    2.171193] mmcblk0boot0: mmc0:0001 DG4032 partition 1 4.00 MiB
[    2.177676] mmcblk0boot1: mmc0:0001 DG4032 partition 2 4.00 MiB
[    2.183978] mmcblk0rpmb: mmc0:0001 DG4032 partition 3 4.00 MiB, chardev (509:0)
[    2.193418]  mmcblk0: p1 p2
[    2.198352] rcar_sound ec500000.sound: probed
[    2.204221] rcar_adsp_sound adsp_sound: probed
[    2.209531] NET: Registered protocol family 17
[    2.214315] 9pnet: Installing 9P2000 support
[    2.218741] Key type dns_resolver registered
[    2.223855] registered taskstats version 1
[    2.228026] Loading compiled-in X.509 certificates
[    2.245667] thermal emergency: set temperature to 110 celsius
[    2.251747] thermal emergency: shutdown target cpus 1
[    2.256827] thermal emergency: freq scaled target cpus 0
[    2.262983] renesas_irqc e61c0000.interrupt-controller: driving 6 irqs
[    2.322280] ehci-platform ee080100.usb: EHCI Host Controller
[    2.328049] ehci-platform ee080100.usb: new USB bus registered, assigned bus number 3
[    2.336046] ehci-platform ee080100.usb: irq 142, io mem 0xee080100
[    2.358232] ehci-platform ee080100.usb: USB 2.0 started, EHCI 1.10
[    2.365290] hub 3-0:1.0: USB hub found
[    2.369116] hub 3-0:1.0: 1 port detected
[    2.376423] ohci-platform ee080000.usb: Generic Platform OHCI controller
[    2.383246] ohci-platform ee080000.usb: new USB bus registered, assigned bus number 4
[    2.391326] ohci-platform ee080000.usb: irq 142, io mem 0xee080000
[    2.485224] hub 4-0:1.0: USB hub found
[    2.489071] hub 4-0:1.0: 1 port detected
[    2.497539] renesas_sdhi_internal_dmac ee100000.mmc: Got CD GPIO
[    2.503787] renesas_sdhi_internal_dmac ee100000.mmc: Got WP GPIO
[    2.559663] renesas_sdhi_internal_dmac ee100000.mmc: mmc1 base at 0x00000000ee100000, max clock rate 200 MHz
[    2.574630] renesas_sdhi_internal_dmac ee120000.mmc: Got CD GPIO
[    2.630607] renesas_sdhi_internal_dmac ee120000.mmc: mmc2 base at 0x00000000ee120000, max clock rate 200 MHz
[    2.666536] [drm] Initialized rcar-du 1.0.0 20130110 for feb00000.display on minor 0
[    2.674449] [drm] Device feb00000.display probed
[    2.726039] Console: switching to colour frame buffer device 128x48
[    2.748479] rcar-du feb00000.display: [drm] fb0: rcar-dudrmfb frame buffer device
[    2.829523] ravb e6800000.ethernet eth0: limited PHY to 100Mbit/s
[    2.835962] Micrel KSZ9031 Gigabit PHY e6800000.ethernet-ffffffff:00: attached PHY driver [Micrel KSZ9031 Gigabit PHY] (mii_bus:phy_addr=e6800000.ethernet-ffffffff:00, irq=147)
[    4.448002] ravb e6800000.ethernet eth0: Link is Up - 100Mbps/Full - flow control off
[    4.474354] IP-Config: Guessing netmask 255.255.255.0
[    4.479571] IP-Config: Complete:
[    4.482896]      device=eth0, hwaddr=2e:09:0a:03:83:f6, ipaddr=192.168.8.20, mask=255.255.255.0, gw=255.255.255.255
[    4.493576]      host=192.168.8.20, domain=, nis-domain=(none)
[    4.499543]      bootserver=255.255.255.255, rootserver=192.168.8.8, rootpath=
[    4.499894] clk: Disabling unused clocks
[    4.511896] ALSA device list:
[    4.514968]   #0: rcar-sound
[    4.542632] VFS: Mounted root (nfs4 filesystem) on device 0:22.
[    4.551353] devtmpfs: mounted
[    4.557640] Freeing unused kernel memory: 6144K
[    4.566377] Run /sbin/init as init process
[    5.619299] systemd[1]: System time before build time, advancing clock.
[    5.775775] NET: Registered protocol family 10
[    5.786207] Segment Routing with IPv6
[    5.870843] systemd[1]: systemd 255.4^ running in system mode (+PAM -AUDIT -SELINUX -APPARMOR +IMA -SMACK +SECCOMP -GCRYPT -GNUTLS -OPENSSL +ACL +BLKID -CURL -ELFUTILS -FIDO2 -IDN2 -IDN -IPTC +KMOD -LIBCRYPTSETUP +LIBFDISK -PCRE2 -PWQUALITY -P11KIT -QRENCODE -TPM2 -BZIP2 -LZ4 -XZ -ZLIB +ZSTD -BPF_FRAMEWORK -XKBCOMMON +UTMP +SYSVINIT default-hierarchy=unified)
[    5.916559] systemd[1]: Detected architecture arm64.

Welcome to Poky (Yocto Project Reference Distro) 5.0 (scarthgap)!

[    5.958155] systemd[1]: Hostname set to <salvator-x>.
[    6.226314] random: crng init done
[    6.357677] systemd-sysv-generator[239]: SysV service '/etc/init.d/umountnfs.sh' lacks a native systemd unit file. ~ Automatically generating a unit file for compatibility. Please update package to include a native systemd unit file, in order to make it safe, robust and future-proof. ! This compatibility logic is deprecated, expect removal soon. !
[    6.423678] systemd-sysv-generator[239]: SysV service '/etc/init.d/set_default_governor.sh' lacks a native systemd unit file. ~ Automatically generating a unit file for compatibility. Please update package to include a native systemd unit file, in order to make it safe, robust and future-proof. ! This compatibility logic is deprecated, expect removal soon. !
[    6.485734] systemd-sysv-generator[239]: SysV service '/etc/init.d/umountfs' lacks a native systemd unit file. ~ Automatically generating a unit file for compatibility. Please update package to include a native systemd unit file, in order to make it safe, robust and future-proof. ! This compatibility logic is deprecated, expect removal soon. !
[    6.545258] systemd-sysv-generator[239]: SysV service '/etc/init.d/save-rtc.sh' lacks a native systemd unit file. ~ Automatically generating a unit file for compatibility. Please update package to include a native systemd unit file, in order to make it safe, robust and future-proof. ! This compatibility logic is deprecated, expect removal soon. !
[    6.597051] systemd-sysv-generator[239]: SysV service '/etc/init.d/reboot' lacks a native systemd unit file. ~ Automatically generating a unit file for compatibility. Please update package to include a native systemd unit file, in order to make it safe, robust and future-proof. ! This compatibility logic is deprecated, expect removal soon. !
[    6.641871] systemd-sysv-generator[239]: SysV service '/etc/init.d/halt' lacks a native systemd unit file. ~ Automatically generating a unit file for compatibility. Please update package to include a native systemd unit file, in order to make it safe, robust and future-proof. ! This compatibility logic is deprecated, expect removal soon. !
[    6.687070] systemd-sysv-generator[239]: SysV service '/etc/init.d/sendsigs' lacks a native systemd unit file. ~ Automatically generating a unit file for compatibility. Please update package to include a native systemd unit file, in order to make it safe, robust and future-proof. ! This compatibility logic is deprecated, expect removal soon. !
[    6.735975] systemd-sysv-generator[239]: SysV service '/etc/init.d/single' lacks a native systemd unit file. ~ Automatically generating a unit file for compatibility. Please update package to include a native systemd unit file, in order to make it safe, robust and future-proof. ! This compatibility logic is deprecated, expect removal soon. !
[    6.782140] systemd-sysv-generator[239]: SysV service '/etc/init.d/pvrinit' lacks a native systemd unit file. ~ Automatically generating a unit file for compatibility. Please update package to include a native systemd unit file, in order to make it safe, robust and future-proof. ! This compatibility logic is deprecated, expect removal soon. !
[    6.839937] systemd-sysv-generator[239]: SysV service '/etc/init.d/dropbear' lacks a native systemd unit file. ~ Automatically generating a unit file for compatibility. Please update package to include a native systemd unit file, in order to make it safe, robust and future-proof. ! This compatibility logic is deprecated, expect removal soon. !
[    8.245478] systemd[1]: Queued start job for default target Graphical Interface.
[    8.331613] systemd[1]: Created slice Slice /system/getty.
[  OK  ] Created slice Slice /system/getty.
[    8.361881] systemd[1]: Created slice Slice /system/modprobe.
[  OK  ] Created slice Slice /system/modprobe.
[    8.394626] systemd[1]: Created slice Slice /system/serial-getty.
[  OK  ] Created slice Slice /system/serial-getty.
[    8.425044] systemd[1]: Created slice User and Session Slice.
[  OK  ] Created slice User and Session Slice.
[    8.455451] systemd[1]: Started Dispatch Password Requests to Console Directory Watch.
[  OK  ] Started Dispatch Password Requests to Console Directory Watch.
[    8.491289] systemd[1]: Started Forward Password Requests to Wall Directory Watch.
[  OK  ] Started Forward Password Requests to Wall Directory Watch.
[    8.523006] systemd[1]: Reached target Path Units.
[  OK  ] Reached target Path Units.
[    8.550745] systemd[1]: Reached target Remote File Systems.
[  OK  ] Reached target Remote File Systems.
[    8.578743] systemd[1]: Reached target Slice Units.
[  OK  ] Reached target Slice Units.
[    8.606792] systemd[1]: Reached target Swaps.
[  OK  ] Reached target Swaps.
[    8.637950] systemd[1]: Listening on RPCbind Server Activation Socket.
[  OK  ] Listening on RPCbind Server Activation Socket.
[    8.666790] systemd[1]: Reached target RPC Port Mapper.
[  OK  ] Reached target RPC Port Mapper.
[    8.701762] systemd[1]: Listening on Syslog Socket.
[  OK  ] Listening on Syslog Socket.
[    8.727551] systemd[1]: Listening on initctl Compatibility Named Pipe.
[  OK  ] Listening on initctl Compatibility Named Pipe.
[    8.762528] systemd[1]: Listening on Journal Audit Socket.
[  OK  ] Listening on Journal Audit Socket.
[    8.791909] systemd[1]: Listening on Journal Socket (/dev/log).
[  OK  ] Listening on Journal Socket (/dev/log).
[    8.820120] systemd[1]: Listening on Journal Socket.
[  OK  ] Listening on Journal Socket.
[    8.849694] systemd[1]: Listening on Network Service Netlink Socket.
[  OK  ] Listening on Network Service Netlink Socket.
[    8.885930] systemd[1]: Listening on udev Control Socket.
[  OK  ] Listening on udev Control Socket.
[    8.912012] systemd[1]: Listening on udev Kernel Socket.
[  OK  ] Listening on udev Kernel Socket.
[    8.941708] systemd[1]: Listening on User Database Manager Socket.
[  OK  ] Listening on User Database Manager Socket.
[    8.984177] systemd[1]: Mounting Huge Pages File System...
         Mounting Huge Pages File System...
[    9.019302] systemd[1]: Mounting POSIX Message Queue File System...
         Mounting POSIX Message Queue File System...
[    9.071360] systemd[1]: Mounting Kernel Debug File System...
         Mounting Kernel Debug File System...
[    9.103947] systemd[1]: Kernel Trace File System was skipped because of an unmet condition check (ConditionPathExists=/sys/kernel/tracing).
[    9.148126] systemd[1]: Mounting Temporary Directory /tmp...
         Mounting Temporary Directory /tmp...
[    9.178123] systemd[1]: Create List of Static Device Nodes was skipped because of an unmet condition check (ConditionFileNotEmpty=/lib/modules/5.10.218-yocto-standard/modules.devname).
[    9.213229] systemd[1]: Starting Load Kernel Module configfs...
         Starting Load Kernel Module configfs...
[    9.247800] systemd[1]: Starting Load Kernel Module drm...
         Starting Load Kernel Module drm...
[    9.292685] systemd[1]: Starting Load Kernel Module fuse...
         Starting Load Kernel Module fuse...
[    9.332225] systemd[1]: Starting RPC Bind...
         Starting RPC Bind.[    9.342860] systemd[1]: File System Check on Root Device was skipped because of an unmet condition check (ConditionPathIsReadWrite=!/).
..
[    9.363928] systemd[1]: systemd-journald.service: unit configures an IP firewall, but the local system does not support BPF/cgroup firewalling.
[    9.382884] systemd[1]: systemd-journald.service: (This warning is only shown for the first unit using IP firewalling.)
[    9.406117] systemd[1]: Starting Journal Service...
         Starting Journal Service...
[    9.464875] systemd[1]: Starting Load Kernel Modules...
         Starting Load Kernel Modules...
[    9.556309] systemd[1]: Starting Generate network units from Kernel command line...
         Starting Generate network units from Kernel command line...
[    9.711418] systemd[1]: Starting Remount Root and Kernel File Systems...
         Starting Remount Root and Kernel File Systems...
[    9.737274] systemd-journald[250]: Collecting audit messages is enabled.
[    9.753974] systemd[1]: Starting Create Static Device Nodes in /dev gracefully...
         Starting Create Static Device Nodes in /dev gracefully...
[    9.844910] vspm: loading out-of-tree module taints kernel.
[    9.856883] systemd[1]: Starting Coldplug All udev Devices...
         Starting Coldplug All udev Devices...
[    9.942872] systemd[1]: Started RPC Bind.
[  OK  ] Started RPC Bind.
[    9.979817] systemd[1]: Started Journal Service.
[  OK  ] Started Journal Service.
[  OK  ] Mounted Huge Pages File System.
[  OK  ] Mounted POSIX Message Queue File System.
[  OK  ] Mounted Kernel Debug File System.
[  OK  ] Mounted Temporary Directory /tmp.
[  OK  ] Finished Load Kernel Module configfs.
[  OK  ] Finished Load Kernel Module drm.
[  OK  ] Finished Load Kernel Module fuse.
[  OK  ] Finished Load Kernel Modules.
[FAILED] Failed to start Generate network units from Kernel command line.
See 'systemctl status systemd-network-generator.service' for details.
[  OK  ] Finished Remount Root and Kernel File Systems.
[  OK  ] Reached target Preparation for Network.
         Mounting Kernel Configuration File System...
         Starting Flush Journal to Persistent Storage...
         Starting Apply Kernel Variables...
[  OK  ] Finished Create Static Device Nodes in /dev gracefully.
         Starting Create Static Device Nodes in /dev...
[   10.657397] systemd-journald[250]: Received client request to flush runtime journal.
[  OK  ] Mounted Kernel Configuration File System.
[  OK  ] Finished Flush Journal to Persistent Storage.
[  OK  ] Finished Create Static Device Nodes in /dev.
[  OK  ] Reached target Preparation for Local File Systems.
         Mounting /var/volatile...
         Starting Rule-based Manager for Device Events and Files...
[  OK  ] Finished Apply Kernel Variables.
[  OK  ] Mounted /var/volatile.
         Starting Load/Save OS Random Seed...
[  OK  ] Reached target Local File Systems.
         Starting Create Volatile Files and Directories...
[  OK  ] Finished Load/Save OS Random Seed.
[  OK  ] Started Rule-based Manager for Device Events and Files.
         Starting Network Configuration...
         Starting User Database Manager...
[  OK  ] Finished Create Volatile Files and Directories.
         Starting Network Name Resolution...
         Starting Network Time Synchronization...
         Starting Record System Boot/Shutdown in UTMP...
[  OK  ] Started User Database Manager.
[  OK  ] Finished Coldplug All udev Devices.
[  OK  ] Finished Record System Boot/Shutdown in UTMP.
[   12.988140] ravb_streaming/searching for ravb interface
[   13.001825] ravb_streaming/init: start(eth0)
[   13.345818] ravb_streaming/init: success
[   13.480603] ravb-mch ec5a0100.avb-mch: probe: start
[   13.626538] ravb-mch ec5a0100.avb-mch: probe: success
[  OK  ] Started Network Configuration.
[  OK  ] Started Network Name Resolution.
[  OK  ] Reached target Network.
[  OK  ] Reached target Host and Network Name Lookups.
[  OK  ] Started Network Time Synchronization.
[  OK  ] Reached target System Initialization.
[  OK  ] Started Daily Cleanup of Temporary Directories.
[  OK  ] Reached target System Time Set.
[  OK  ] Reached target Timer Units.
[  OK  ] Listening on Avahi mDNS/DNS-SD Stack Activation Socket.
[  OK  ] Listening on D-Bus System Message Bus Socket.
[  OK  ] Listening on dropbear.socket.
[  OK  ] Reached target Socket Units.
[  OK  ] Reached target Basic System.
         Starting Avahi mDNS/DNS-SD Stack...
[  OK  ] Started Kernel Logging Service.
[  OK  ] Started System Logging Service.
         Starting D-Bus System Message Bus...
[  OK  ] Started optee services.
         Starting pvrinit.service...
         Starting PowerVR consumer services...
         Starting User Login Management...
         Starting Permit User Sessions...
[  OK  ] Started D-Bus System Message Bus.
[  OK  ] Started Avahi mDNS/DNS-SD Stack.
[  OK  ] Finished Permit User Sessions.
[  OK  ] Started Getty on tty1.
[  OK  ] Started Serial Getty on ttySC0.
[  OK  ] Reached target Login Prompts.
[   16.272403] PVR_K:  364: Read BVNC 22.67.54.30 from HW device registers
[   16.299816] PVR_K:  364: RGX Device registered with BVNC 22.67.54.30
[   16.319091] pvrsrvkm fd000000.gsx: Found 2 OPP points.
[   16.334421] pvrsrvkm fd000000.gsx: opp[1/2]: (300000000 Hz, 820000 uV)
[   16.358526] pvrsrvkm fd000000.gsx: opp[2/2]: (600000000 Hz, 820000 uV)
[   16.393179] pvrsrvkm fd000000.gsx: Direct firmware load for rgx.fw.22.67.54.30 failed with error -2
[   16.409443] pvrsrvkm fd000000.gsx: Falling back to sysfs fallback for: rgx.fw.22.67.54.30
[  OK  ] Started User Login Management.
[  OK  ] Reached target Hardware activated USB gadget.
[   17.387969] adsp ec800000.adsp: assigned reserved memory node linux,adsp@57000000
[   17.405979] adsp ec800000.adsp: virt_addr=0000000082d0093f phy_addr=0x57000000 size=16777216
[   17.419168] XF-IPC: failed to get adsp local memory itcm0
[   17.428518] adsp: probe of ec800000.adsp failed with error -2
[   17.438814] XF: IPC layer initialization failed: -19
[  OK  ] Created slice Slice /system/weston.
         Starting Virtual Console Setup...
[   18.496607] rcar_sound ec500000.sound: Can't update kctrl when idle
[  OK  ] Stopped Virtual Console Setup.
         Starting Save/Restore Sound Card State...
         Starting Virtual Console Setup...
[   18.715804] rcar_sound ec500000.sound: Can't update kctrl when idle
[  OK  ] Finished Save/Restore Sound Card State.
[  OK  ] Reached target Sound Card.
[  OK  ] Finished Virtual Console Setup.

Poky (Yocto Project Reference Distro) 5.0 salvator-x ttySC0

salvator-x login: root

WARNING: Poky is a reference Yocto Project distribution that should be used for
testing and development purposes only. It is recommended that you create your
own distribution for production use.

[   25.723502] audit: type=1006 audit(1721206622.575:2): pid=425 uid=0 old-auid=4294967295 auid=0 tty=(none) old-ses=4294967295 ses=1 res=1
root@salvator-x:~# modprobe -a mmngr mmngrbuf
[   31.480485] rgnmm_drv mmngr: assigned reserved memory node linux,multimedia@68000000
root@salvator-x:~# ls
v4l2-TP
root@salvator-x:~# cd v4l2-TP/[   35.810422] SDHI0 VccQ: disabling
[   35.813864] SDHI1 VccQ: disabling

root@salvator-x:~/v4l2-TP# cd Gen3_vsp2_tp_script/
root@salvator-x:~/v4l2-TP/Gen3_vsp2_tp_script# ls
1280_720_ARGB32.argb              1280_720_ARGB32_HGO_MMAP.argb      execVsp2UsecaseAll.sh  v4l2_bru_tp
1280_720_ARGB32_BRU_DMABUF.argb   1280_720_ARGB32_HGO_USERPTR.argb   execVspmtpLoop.sh      v4l2_clu_tp
1280_720_ARGB32_BRU_MMAP.argb     1280_720_ARGB32_LUT_DMABUF.argb    test4311.sh            v4l2_hgo_tp
1280_720_ARGB32_BRU_USERPTR.argb  1280_720_ARGB32_LUT_MMAP.argb      testCompress.sh        v4l2_lut_tp
1280_720_ARGB32_CLU_DMABUF.argb   1280_720_ARGB32_LUT_USERPTR.argb   testDoubleExec.sh      v4l2_uds_tp
1280_720_ARGB32_CLU_MMAP.argb     1920_1080_ARGB32_UDS_DMABUF.argb   testLongExec.sh        vsp2_tp
1280_720_ARGB32_CLU_USERPTR.argb  1920_1080_ARGB32_UDS_MMAP.argb     testSusres.sh          vsp2_tp.log
1280_720_ARGB32_HGO_DMABUF.argb   1920_1080_ARGB32_UDS_USERPTR.argb  testVsp2driver_tp.sh
root@salvator-x:~/v4l2-TP/Gen3_vsp2_tp_script# ./testVsp2driver_tp.sh
## BRU ##
exec MMAP
Error : media_parse_link(rpf.0 -> bru)
Error : media-ctl call failed.
exec USERPTR
Error : media_parse_link(rpf.0 -> bru)
Error : media-ctl call failed.
exec DMABUF
Error : media_parse_link(rpf.0 -> bru)
Error : media-ctl call failed.
## UDS ##
exec MMAP
Error : media_device_enumerate()
Error : media-ctl call failed.
exec USERPTR
Error : media_device_enumerate()
Error : media-ctl call failed.
exec DMABUF
Error : media_device_enumerate()
Error : media-ctl call failed.
## LUT ##
exec MMAP
Error : media_device_enumerate()
Error : media-ctl call failed.
exec USERPTR
Error : media_device_enumerate()
Error : media-ctl call failed.
exec DMABUF
Error : media_device_enumerate()
Error : media-ctl call failed.
## CLU ##
exec MMAP
Error : media_device_enu[   53.731485] close MMD kernelheap warning
merate()
Error : media-ctl call failed.
exec USERPTR
Error : media_device_enu[   53.749084] close MMD kernelheap warning
merate()
Error : media-ctl call failed.
exec DMABUF
Error : media_device_enu[   53.765673] close MMD kernelheap warning
merate()
Error : media-ctl call failed.
## HGO ##
exec MMAP
Error : media_device_[   53.793906] close MMD kernelheap warning
enumerate()
Error : media-ctl call failed.
exec USERPTR
Error : [   53.808881] close MMD kernelheap warning
media_device_enumerate()
Error : media-ctl call failed.
exec DMABUF
Error : [   53.823866] close MMD kernelheap warning
media_device_enumerate()
Error : media-ctl call failed.
root@salvator-x:~/v4l2-TP/Gen3_vsp2_tp_script# [   76.770588] PVR_K:(Error):   364: OSLoadFirmware: request_firmware('rgx.fw.22.67.54.30') failed (-110) (ERROR_NOT_READY) [197]
[   76.782700] PVR_K:(Error):   364: RGXInit: InitFirmware failed (267) [1325]
[   76.790322] PVR_K:(Error):   364: RGXInit() failed (PVRSRV_ERROR_NOT_READY) in PVRSRVCommonDeviceInitialise() [2210]
