----------- BOARD ------------

root@salvator-x:~# modprobe g_ncm
[  147.530813] using random self ethernet address
[  147.536441] using random host ethernet address
[  147.545686] usb0: HOST MAC 66:da:c2:0c:5a:34
[  147.551272] usb0: MAC 62:b7:7a:93:ab:70
[  147.556846] g_ncm gadget: NCM Gadget
[  147.561356] g_ncm gadget: g_ncm ready
root@salvator-x:~# 
root@salvator-x:~# cat /sys/devices/platform/soc/ee020000.usb/udc/ee020000.usb/s tate
configured
root@salvator-x:~# 
root@salvator-x:~# ip a |grep usb
3: usb0: <BROADCAST,MULTICAST> mtu 1500 qdisc noop qlen 1000
root@salvator-x:~# 
root@salvator-x:~# ifconfig usb0 192.168.0.2 up
root@salvator-x:~# 

---------- HOST-PC -----------
[709571.315124] cdc_ncm 2-2:1.0 enx66dac20c5a34: renamed from usb0
dmesg 2>&1 |grep 'renamed from usb0'

sudo ifconfig enx66dac20c5a34 192.168.0.3 up
enx00e0006095bd: flags=4163<UP,BROADCAST,RUNNING,MULTICAST>  mtu 1500
        inet 192.168.8.8  netmask 255.255.255.0  broadcast 192.168.8.255
        ether 00:e0:00:60:95:bd  txqueuelen 1000  (Ethernet)
        RX packets 65765245  bytes 25044732704 (25.0 GB)
        RX errors 0  dropped 1352020  overruns 0  frame 0
        TX packets 69156422  bytes 89560631554 (89.5 GB)
        TX errors 0  dropped 0 overruns 0  carrier 0  collisions 0

enx66dac20c5a34: flags=4163<UP,BROADCAST,RUNNING,MULTICAST>  mtu 1500
        inet 192.168.0.3  netmask 255.255.255.0  broadcast 192.168.0.255
        inet6 fe80::80ad:fedf:75aa:dab8  prefixlen 64  scopeid 0x20<link>
        ether 66:da:c2:0c:5a:34  txqueuelen 1000  (Ethernet)
        RX packets 3  bytes 224 (224.0 B)
        RX errors 0  dropped 0  overruns 0  frame 0
        TX packets 2  bytes 443 (443.0 B)
        TX errors 0  dropped 0 overruns 0  carrier 0  collisions 0

lo: flags=73<UP,LOOPBACK,RUNNING>  mtu 65536
        inet 127.0.0.1  netmask 255.0.0.0
        inet6 ::1  prefixlen 128  scopeid 0x10<host>
        loop  txqueuelen 1000  (Local Loopback)
        RX packets 2106642  bytes 631785050 (631.7 MB)
        RX errors 0  dropped 0  overruns 0  frame 0
        TX packets 2106642  bytes 631785050 (631.7 MB)
        TX errors 0  dropped 0 overruns 0  carrier 0  collisions 0

wlp59s0: flags=4163<UP,BROADCAST,RUNNING,MULTICAST>  mtu 1500
        inet 192.168.4.12  netmask 255.255.248.0  broadcast 192.168.7.255
        inet6 fe80::2885:7f4a:87f8:ff15  prefixlen 64  scopeid 0x20<link>
        ether 38:ba:f8:7b:f4:c6  txqueuelen 1000  (Ethernet)
        RX packets 13673043  bytes 13339057735 (13.3 GB)
        RX errors 0  dropped 0  overruns 0  frame 0
        TX packets 10019317  bytes 8437483892 (8.4 GB)
        TX errors 0  dropped 0 overruns 0  carrier 0  collisions 0

PING 192.168.0.2 (192.168.0.2) 56(84) bytes of data.
64 bytes from 192.168.0.2: icmp_seq=1 ttl=64 time=4.71 ms
64 bytes from 192.168.0.2: icmp_seq=2 ttl=64 time=2.22 ms
64 bytes from 192.168.0.2: icmp_seq=3 ttl=64 time=1.89 ms
64 bytes from 192.168.0.2: icmp_seq=4 ttl=64 time=1.99 ms

--- 192.168.0.2 ping statistics ---
4 packets transmitted, 4 received, 0% packet loss, time 3004ms
rtt min/avg/max/mdev = 1.886/2.700/4.706/1.164 ms


---------- HOST-PC -----------

root@salvator-x:~# rmmod g_ncm
root@salvator-x:~# 
 
#### Result: OK ####
