
----------- BOARD ------------

root@salvator-x:~# mount -t tmpfs -o size=700M tmpfs /tmp
root@salvator-x:~# 
root@salvator-x:~# dd if=/dev/zero of=/tmp/tmp.img bs=1M count=650
650+0 records in
650+0 records out
681574400 bytes (682 MB, 650 MiB) copied, 3.25133 s, 210 MB/s
root@salvator-x:~# 
root@salvator-x:~# mkfs.ext3 -L storage /tmp/tmp.img
mke2fs 1.47.0 (5-Feb-2023)
Discarding device blocks:      0/166400             done                            
Creating filesystem with 166400 4k blocks and 41664 inodes
Filesystem UUID: 4965a2e0-4ff1-4e07-b885-e4e6fec4d36a
Superblock backups stored on blocks: 
	32768, 98304, 163840

Allocating group tables: 0/6   done                            
Writing inode tables: 0/6   done                            
Creating journal (4096 blocks): done
Writing superblocks and filesystem accounting information: 0/6   done

root@salvator-x:~# 
root@salvator-x:~# modprobe g_mass_storage file=/tmp/tmp.img
[  595.783701] Mass Storage Function, version: 2009/09/11
[  595.792642] LUN: removable file: (no medium)
[  595.800206] LUN: file: /tmp/tmp.img
[  595.806446] Number of LUNs=1
[  595.810838] g_mass_storage gadget: Mass Storage Gadget, version: 2009/09/11
[  595.818630] g_mass_storage gadget: userspace failed to provide iSerialNumber
[  595.826521] g_mass_storage gadget: g_mass_storage ready
root@salvator-x:~# 
root@salvator-x:~# cat /sys/devices/platform/soc/ee020000.usb/udc/ee020000.usb/state
configured
root@salvator-x:~# 
---------- HOST-PC -----------

dmesg
[710823.393549] usb 2-2: new SuperSpeed USB device number 81 using xhci_hcd
[710823.413406] usb 2-2: New USB device found, idVendor=0525, idProduct=a4a5, bcdDevice= 5.10
[710823.413427] usb 2-2: New USB device strings: Mfr=3, Product=4, SerialNumber=0
[710823.413436] usb 2-2: Product: Mass Storage Gadget
[710823.413443] usb 2-2: Manufacturer: Linux 5.10.218-yocto-standard with renesas_usb3
[710823.416032] usb-storage 2-2:1.0: USB Mass Storage device detected
[710823.416545] usb-storage 2-2:1.0: Quirks match for vid 0525 pid a4a5: 10000
[710823.416686] scsi host3: usb-storage 2-2:1.0
[710824.442207] scsi 3:0:0:0: Direct-Access     Linux    File-Stor Gadget 0510 PQ: 0 ANSI: 2
[710824.443156] sd 3:0:0:0: Attached scsi generic sg1 type 0
[710824.443603] sd 3:0:0:0: Power-on or device reset occurred
[710824.444364] sd 3:0:0:0: [sdd] 1331200 512-byte logical blocks: (682 MB/650 MiB)
[710824.444947] sd 3:0:0:0: [sdd] Write Protect is off
[710824.444959] sd 3:0:0:0: [sdd] Mode Sense: 00 00 00 00
[710824.445341] sd 3:0:0:0: [sdd] Write cache: enabled, read cache: enabled, doesn't support DPO or FUA
[710824.449930] sd 3:0:0:0: [sdd] Attached SCSI disk
[710824.731478] EXT4-fs (sdd): mounting ext3 file system using the ext4 subsystem
[710824.734230] EXT4-fs (sdd): mounted filesystem with ordered data mode. Opts: (null). Quota mode: none.

df -h
Filesystem      Size  Used Avail Use% Mounted on
udev            3,8G     0  3,8G   0% /dev
tmpfs           784M  2,5M  781M   1% /run
/dev/nvme0n1p4  458G  300G  135G  70% /
tmpfs           3,9G     0  3,9G   0% /dev/shm
tmpfs           5,0M  4,0K  5,0M   1% /run/lock
tmpfs           3,9G     0  3,9G   0% /sys/fs/cgroup
/dev/loop0      128K  128K     0 100% /snap/bare/5
/dev/loop1       64M   64M     0 100% /snap/core20/2318
/dev/loop2      497M  497M     0 100% /snap/gnome-42-2204/141
/dev/loop3       56M   56M     0 100% /snap/core18/2829
/dev/loop4       13M   13M     0 100% /snap/snap-store/959
/dev/loop5       64M   64M     0 100% /snap/core20/2182
/dev/loop7      506M  506M     0 100% /snap/gnome-42-2204/176
/dev/loop17      75M   75M     0 100% /snap/core22/1439
/dev/loop10     384K  384K     0 100% /snap/device-tree-compiler/91
/dev/loop14     347M  347M     0 100% /snap/gnome-3-38-2004/119
/dev/loop8       13M   13M     0 100% /snap/snap-store/1113
/dev/loop13      41M   41M     0 100% /snap/snapd/20290
/dev/loop6       12M   12M     0 100% /snap/nmap/3470
/dev/loop9       75M   75M     0 100% /snap/core22/1380
/dev/loop16      92M   92M     0 100% /snap/gtk-common-themes/1535
/dev/loop15     350M  350M     0 100% /snap/gnome-3-38-2004/143
/dev/loop18     9,8M  9,8M     0 100% /snap/htop/4407
/dev/loop11      12M   12M     0 100% /snap/nmap/3514
/dev/loop12      39M   39M     0 100% /snap/snapd/21759
/dev/nvme0n1p1  3,7G  210M  3,3G   6% /boot
/dev/nvme0n1p2  3,9G  6,1M  3,9G   1% /boot/efi
tmpfs           784M   32K  784M   1% /run/user/1000
/dev/sdc1       944M  309M  588M  35% /mnt/usb
/dev/sdd        624M   44K  591M   1% /media/rvc/storage

sudo time dd if=/dev/zero of=./file-600M bs=600M count=1 oflag=direct
1+0 records in
1+0 records out
629145600 bytes (629 MB, 600 MiB) copied, 0,830749 s, 757 MB/s
0.00user 0.74system 0:00.87elapsed 85%CPU (0avgtext+0avgdata 616892maxresident)k
248inputs+1228800outputs (0major+153693minor)pagefaults 0swaps

-------------- READ --------------
sudo time dd if=./file-600M of=/media/rvc/storage/file-600M_from_nfs bs=1M count=600 oflag=direct
600+0 records in
600+0 records out
629145600 bytes (629 MB, 600 MiB) copied, 6,90826 s, 91,1 MB/s
0.01user 1.47system 0:06.91elapsed 21%CPU (0avgtext+0avgdata 3440maxresident)k
8inputs+1228800outputs (0major+348minor)pagefaults 0swaps

-------------- WRITE --------------
sudo time dd if=/media/rvc/storage/file-600M_from_nfs of=./file-600M_from_usb bs=1M count=600 oflag=direct
600+0 records in
600+0 records out
629145600 bytes (629 MB, 600 MiB) copied, 2,83902 s, 222 MB/s
0.00user 0.57system 0:02.84elapsed 20%CPU (0avgtext+0avgdata 3544maxresident)k
1228912inputs+1228800outputs (0major+349minor)pagefaults 0swaps

sudo umount /media/rvc/storage

----------- BOARD ------------

root@salvator-x:~# rmmod g_mass_storage
root@salvator-x:~# 
root@salvator-x:~# rm -rf /tmp/tmp.img
root@salvator-x:~# 

---------- HOST-PC -----------

dmesg
[710839.742862] usb 2-2: USB disconnect, device number 81
[710839.768502] sd 3:0:0:0: [sdd] Synchronizing SCSI cache
[710839.768547] sd 3:0:0:0: [sdd] Synchronize Cache(10) failed: Result: hostbyte=DID_NO_CONNECT driverbyte=DRIVER_OK


 
#### Result: OK ####
