
root@salvator-x:~# cd
root@salvator-x:~# 
root@salvator-x:~# insmod qos.ko
[  800.432549] QoS: install v2.07
[  800.444675] Device "R-Car M3 Ver1.1"
[  800.449243] QoS Driver is Successfully loaded
root@salvator-x:~# 
root@salvator-x:~# cd rch3m3m3ne3d3_linux_qos_v310/Reference
root@salvator-x:~/rch3m3m3ne3d3_linux_qos_v310/Reference# 
root@salvator-x:~/rch3m3m3ne3d3_linux_qos_v310/Reference# qos_tp setall m3_Ver30_infotainment_v01_195.csv
QoS : setall success!
root@salvator-x:~/rch3m3m3ne3d3_linux_qos_v310/Reference# 
root@salvator-x:~/rch3m3m3ne3d3_linux_qos_v310/Reference# qos_tp switch
root@salvator-x:~/rch3m3m3ne3d3_linux_qos_v310/Reference# 
root@salvator-x:~/rch3m3m3ne3d3_linux_qos_v310/Reference# cd
root@salvator-x:~# 
----------- BOARD ------------

root@salvator-x:~# mount -t tmpfs -o size=700M tmpfs /tmp
root@salvator-x:~# 
root@salvator-x:~# dd if=/dev/zero of=/tmp/tmp.img bs=1M count=650
650+0 records in
650+0 records out
681574400 bytes (682 MB, 650 MiB) copied, 3.25342 s, 209 MB/s
root@salvator-x:~# 
root@salvator-x:~# mkfs.ext3 -L storage /tmp/tmp.img
mke2fs 1.47.0 (5-Feb-2023)
Discarding device blocks:      0/166400             done                            
Creating filesystem with 166400 4k blocks and 41664 inodes
Filesystem UUID: 4e991446-075c-46b8-8881-d29e8d6e865f
Superblock backups stored on blocks: 
	32768, 98304, 163840

Allocating group tables: 0/6   done                            
Writing inode tables: 0/6   done                            
Creating journal (4096 blocks): done
Writing superblocks and filesystem accounting information: 0/6   done

root@salvator-x:~# 
root@salvator-x:~# modprobe g_mass_storage file=/tmp/tmp.img
[  810.517480] Mass Storage Function, version: 2009/09/11
[  810.525301] LUN: removable file: (no medium)
[  810.532230] LUN: file: /tmp/tmp.img
[  810.537727] Number of LUNs=1
[  810.541997] g_mass_storage gadget: Mass Storage Gadget, version: 2009/09/11
[  810.549680] g_mass_storage gadget: userspace failed to provide iSerialNumber
[  810.557359] g_mass_storage gadget: g_mass_storage ready
root@salvator-x:~# 
root@salvator-x:~# cat /sys/devices/platform/soc/ee020000.usb/udc/ee020000.usb/state
configured
root@salvator-x:~# 
---------- HOST-PC -----------

dmesg
[711038.119972] usb 2-2: new SuperSpeed USB device number 90 using xhci_hcd
[711038.140659] usb 2-2: New USB device found, idVendor=0525, idProduct=a4a5, bcdDevice= 5.10
[711038.140677] usb 2-2: New USB device strings: Mfr=3, Product=4, SerialNumber=0
[711038.140685] usb 2-2: Product: Mass Storage Gadget
[711038.140691] usb 2-2: Manufacturer: Linux 5.10.218-yocto-standard with renesas_usb3
[711038.143206] usb-storage 2-2:1.0: USB Mass Storage device detected
[711038.143525] usb-storage 2-2:1.0: Quirks match for vid 0525 pid a4a5: 10000
[711038.143709] scsi host3: usb-storage 2-2:1.0
[711039.165133] scsi 3:0:0:0: Direct-Access     Linux    File-Stor Gadget 0510 PQ: 0 ANSI: 2
[711039.165923] sd 3:0:0:0: Attached scsi generic sg1 type 0
[711039.166280] sd 3:0:0:0: Power-on or device reset occurred
[711039.167203] sd 3:0:0:0: [sdd] 1331200 512-byte logical blocks: (682 MB/650 MiB)
[711039.167687] sd 3:0:0:0: [sdd] Write Protect is off
[711039.167694] sd 3:0:0:0: [sdd] Mode Sense: 00 00 00 00
[711039.168047] sd 3:0:0:0: [sdd] Write cache: enabled, read cache: enabled, doesn't support DPO or FUA
[711039.172015] sd 3:0:0:0: [sdd] Attached SCSI disk
[711039.452548] EXT4-fs (sdd): mounting ext3 file system using the ext4 subsystem
[711039.455324] EXT4-fs (sdd): mounted filesystem with ordered data mode. Opts: (null). Quota mode: none.

df -h
Filesystem      Size  Used Avail Use% Mounted on
udev            3,8G     0  3,8G   0% /dev
tmpfs           784M  2,5M  781M   1% /run
/dev/nvme0n1p4  458G  300G  135G  70% /
tmpfs           3,9G     0  3,9G   0% /dev/shm
tmpfs           5,0M  4,0K  5,0M   1% /run/lock
tmpfs           3,9G     0  3,9G   0% /sys/fs/cgroup
/dev/loop0      128K  128K     0 100% /snap/bare/5
/dev/loop1       64M   64M     0 100% /snap/core20/2318
/dev/loop2      497M  497M     0 100% /snap/gnome-42-2204/141
/dev/loop3       56M   56M     0 100% /snap/core18/2829
/dev/loop4       13M   13M     0 100% /snap/snap-store/959
/dev/loop5       64M   64M     0 100% /snap/core20/2182
/dev/loop7      506M  506M     0 100% /snap/gnome-42-2204/176
/dev/loop17      75M   75M     0 100% /snap/core22/1439
/dev/loop10     384K  384K     0 100% /snap/device-tree-compiler/91
/dev/loop14     347M  347M     0 100% /snap/gnome-3-38-2004/119
/dev/loop8       13M   13M     0 100% /snap/snap-store/1113
/dev/loop13      41M   41M     0 100% /snap/snapd/20290
/dev/loop6       12M   12M     0 100% /snap/nmap/3470
/dev/loop9       75M   75M     0 100% /snap/core22/1380
/dev/loop16      92M   92M     0 100% /snap/gtk-common-themes/1535
/dev/loop15     350M  350M     0 100% /snap/gnome-3-38-2004/143
/dev/loop18     9,8M  9,8M     0 100% /snap/htop/4407
/dev/loop11      12M   12M     0 100% /snap/nmap/3514
/dev/loop12      39M   39M     0 100% /snap/snapd/21759
/dev/nvme0n1p1  3,7G  210M  3,3G   6% /boot
/dev/nvme0n1p2  3,9G  6,1M  3,9G   1% /boot/efi
tmpfs           784M   32K  784M   1% /run/user/1000
/dev/sdc1       944M  309M  588M  35% /mnt/usb
/dev/sdd        624M   44K  591M   1% /media/rvc/storage

sudo time dd if=/dev/zero of=/dev/sdd bs=64M count=10 oflag=direct

---------- BOARD -----------

root@salvator-x:~# top -b -d 1 -n 10 > bbb.txt
10+0 records in
10+0 records out
671088640 bytes (671 MB, 640 MiB) copied, 5,87974 s, 114 MB/s
0.00user 0.27system 0:05.88elapsed 4%CPU (0avgtext+0avgdata 68052maxresident)k
0inputs+1310720outputs (0major+16477minor)pagefaults 0swaps
root@salvator-x:~# 
root@salvator-x:~# grep -w file-storage bbb.txt
  946     2 root     RW       0   0%  10% [file-storage]
  946     2 root     RW       0   0%  10% [file-storage]
  946     2 root     SW       0   0%  10% [file-storage]
  946     2 root     RW       0   0%   9% [file-storage]
  946     2 root     RW       0   0%   9% [file-storage]
  946     2 root     SW       0   0%   8% [file-storage]
  946     2 root     SW       0   0%   0% [file-storage]
  946     2 root     SW       0   0%   0% [file-storage]
  946     2 root     SW       0   0%   0% [file-storage]
  946     2 root     SW       0   0%   0% [file-storage]
root@salvator-x:~# 
root@salvator-x:~# rm bbb.txt
root@salvator-x:~# 
sudo umount /media/rvc/storage

----------- BOARD ------------

root@salvator-x:~# rmmod g_mass_storage
root@salvator-x:~# 
root@salvator-x:~# rm -rf /tmp/tmp.img
root@salvator-x:~# 

---------- HOST-PC -----------

dmesg
[711056.310485] usb 2-2: USB disconnect, device number 90
[711056.336174] sd 3:0:0:0: [sdd] Synchronizing SCSI cache
[711056.336243] sd 3:0:0:0: [sdd] Synchronize Cache(10) failed: Result: hostbyte=DID_NO_CONNECT driverbyte=DRIVER_OK

root@salvator-x:~# rmmod qos
[  830.788877] QoS Driver is unloaded
root@salvator-x:~# 
 
#### Result: OK ####
