----------- BOARD ------------

root@salvator-x:~# modprobe g_ncm
[  221.537333] using random self ethernet address
[  221.544746] using random host ethernet address
[  221.553580] usb0: HOST MAC 0a:e3:5f:a5:22:ea
[  221.558669] usb0: MAC 62:ae:70:ab:d4:2f
[  221.563424] g_ncm gadget: NCM Gadget
[  221.567587] g_ncm gadget: g_ncm ready
root@salvator-x:~# 
root@salvator-x:~# cat /sys/devices/platform/soc/ee020000.usb/udc/ee020000.usb/s tate
configured
root@salvator-x:~# 
root@salvator-x:~# ip a |grep usb
8: usb0: <BROADCAST,MULTICAST> mtu 1500 qdisc noop qlen 1000
root@salvator-x:~# 
root@salvator-x:~# ifconfig usb0 192.168.0.2 up
root@salvator-x:~# 

---------- HOST-PC -----------
[709645.375541] cdc_ncm 2-2:1.0 enx0ae35fa522ea: renamed from usb0
dmesg 2>&1 |grep 'renamed from usb0'

sudo ifconfig enx0ae35fa522ea 192.168.0.3 up
enx00e0006095bd: flags=4163<UP,BROADCAST,RUNNING,MULTICAST>  mtu 1500
        inet 192.168.8.8  netmask 255.255.255.0  broadcast 192.168.8.255
        ether 00:e0:00:60:95:bd  txqueuelen 1000  (Ethernet)
        RX packets 65811998  bytes 25049013710 (25.0 GB)
        RX errors 0  dropped 1352094  overruns 0  frame 0
        TX packets 69215552  bytes 89645207249 (89.6 GB)
        TX errors 0  dropped 0 overruns 0  carrier 0  collisions 0

enx0ae35fa522ea: flags=4163<UP,BROADCAST,RUNNING,MULTICAST>  mtu 1500
        inet 192.168.0.3  netmask 255.255.255.0  broadcast 192.168.0.255
        inet6 fe80::98c5:77b8:9ea:29b7  prefixlen 64  scopeid 0x20<link>
        ether 0a:e3:5f:a5:22:ea  txqueuelen 1000  (Ethernet)
        RX packets 2  bytes 148 (148.0 B)
        RX errors 0  dropped 0  overruns 0  frame 0
        TX packets 2  bytes 443 (443.0 B)
        TX errors 0  dropped 0 overruns 0  carrier 0  collisions 0

lo: flags=73<UP,LOOPBACK,RUNNING>  mtu 65536
        inet 127.0.0.1  netmask 255.0.0.0
        inet6 ::1  prefixlen 128  scopeid 0x10<host>
        loop  txqueuelen 1000  (Local Loopback)
        RX packets 2110070  bytes 632048613 (632.0 MB)
        RX errors 0  dropped 0  overruns 0  frame 0
        TX packets 2110070  bytes 632048613 (632.0 MB)
        TX errors 0  dropped 0 overruns 0  carrier 0  collisions 0

wlp59s0: flags=4163<UP,BROADCAST,RUNNING,MULTICAST>  mtu 1500
        inet 192.168.4.12  netmask 255.255.248.0  broadcast 192.168.7.255
        inet6 fe80::2885:7f4a:87f8:ff15  prefixlen 64  scopeid 0x20<link>
        ether 38:ba:f8:7b:f4:c6  txqueuelen 1000  (Ethernet)
        RX packets 13676917  bytes 13339512455 (13.3 GB)
        RX errors 0  dropped 0  overruns 0  frame 0
        TX packets 10023925  bytes 8438523228 (8.4 GB)
        TX errors 0  dropped 0 overruns 0  carrier 0  collisions 0



---------- HOST-PC -----------
echo 2-2 | sudo tee /sys/bus/usb/drivers/usb/unbind > /dev/null
[709648.032141] cdc_ncm 2-2:1.0 enx0ae35fa522ea: unregister 'cdc_ncm' usb-0000:00:14.0-2, CDC NCM
echo 2-2 | sudo tee /sys/bus/usb/drivers/usb/bind > /dev/null
[709648.128229] cdc_ncm 2-2:1.0 usb0: register 'cdc_ncm' at usb-0000:00:14.0-2, CDC NCM, 0a:e3:5f:a5:22:ea
echo 2-2 | sudo tee /sys/bus/usb/drivers/usb/unbind > /dev/null
[709648.358898] cdc_ncm 2-2:1.0 enx0ae35fa522ea: unregister 'cdc_ncm' usb-0000:00:14.0-2, CDC NCM
echo 2-2 | sudo tee /sys/bus/usb/drivers/usb/bind > /dev/null
[709648.495432] cdc_ncm 2-2:1.0 usb0: register 'cdc_ncm' at usb-0000:00:14.0-2, CDC NCM, 0a:e3:5f:a5:22:ea
echo 2-2 | sudo tee /sys/bus/usb/drivers/usb/unbind > /dev/null
[709648.719885] cdc_ncm 2-2:1.0 enx0ae35fa522ea: unregister 'cdc_ncm' usb-0000:00:14.0-2, CDC NCM
echo 2-2 | sudo tee /sys/bus/usb/drivers/usb/bind > /dev/null
[709648.899409] cdc_ncm 2-2:1.0 usb0: register 'cdc_ncm' at usb-0000:00:14.0-2, CDC NCM, 0a:e3:5f:a5:22:ea
echo 2-2 | sudo tee /sys/bus/usb/drivers/usb/unbind > /dev/null
[709649.146789] cdc_ncm 2-2:1.0 enx0ae35fa522ea: unregister 'cdc_ncm' usb-0000:00:14.0-2, CDC NCM
echo 2-2 | sudo tee /sys/bus/usb/drivers/usb/bind > /dev/null
[709649.250254] cdc_ncm 2-2:1.0 usb0: register 'cdc_ncm' at usb-0000:00:14.0-2, CDC NCM, 0a:e3:5f:a5:22:ea
echo 2-2 | sudo tee /sys/bus/usb/drivers/usb/unbind > /dev/null
[709649.523160] cdc_ncm 2-2:1.0 enx0ae35fa522ea: unregister 'cdc_ncm' usb-0000:00:14.0-2, CDC NCM
echo 2-2 | sudo tee /sys/bus/usb/drivers/usb/bind > /dev/null
[709649.650434] cdc_ncm 2-2:1.0 usb0: register 'cdc_ncm' at usb-0000:00:14.0-2, CDC NCM, 0a:e3:5f:a5:22:ea

root@salvator-x:~# rmmod g_ncm
root@salvator-x:~# 
 
#### Result: OK ####
