----------- BOARD ------------

root@salvator-x:~# mount -t tmpfs -o size=400M tmpfs /tmp
root@salvator-x:~# 
root@salvator-x:~# dd if=/dev/zero of=/tmp/tmp.img bs=1M count=350
350+0 records in
350+0 records out
367001600 bytes (367 MB, 350 MiB) copied, 1.75215 s, 209 MB/s
root@salvator-x:~# 
root@salvator-x:~# mkfs.ext3 -L storage /tmp/tmp.img
mke2fs 1.47.0 (5-Feb-2023)
Discarding device blocks:      0/358400             done                            
Creating filesystem with 358400 1k blocks and 89760 inodes
Filesystem UUID: cb8afb79-010c-4775-9fa5-fc1036e89d5d
Superblock backups stored on blocks: 
	8193, 24577, 40961, 57345, 73729, 204801, 221185

Allocating group tables:  0/44     done                            
Writing inode tables:  0/44     done                            
Creating journal (8192 blocks): done
Writing superblocks and filesystem accounting information:  0/44     done

root@salvator-x:~# 
root@salvator-x:~# modprobe g_mass_storage file=/tmp/tmp.img
[   75.900756] Mass Storage Function, version: 2009/09/11
[   75.906252] LUN: removable file: (no medium)
[   75.911324] LUN: file: /tmp/tmp.img
[   75.916362] Number of LUNs=1
[   75.920293] g_mass_storage gadget: Mass Storage Gadget, version: 2009/09/11
[   75.927402] g_mass_storage gadget: userspace failed to provide iSerialNumber
[   75.934562] g_mass_storage gadget: g_mass_storage ready
root@salvator-x:~# 
root@salvator-x:~# cat /sys/devices/platform/soc/ee020000.usb/udc/ee020000.usb/s tate
configured
root@salvator-x:~# 
---------- HOST-PC -----------

dmesg
[709499.528241] usb 2-2: new SuperSpeed USB device number 31 using xhci_hcd
[709499.548981] usb 2-2: New USB device found, idVendor=0525, idProduct=a4a5, bcdDevice= 5.10
[709499.548999] usb 2-2: New USB device strings: Mfr=3, Product=4, SerialNumber=0
[709499.549008] usb 2-2: Product: Mass Storage Gadget
[709499.549014] usb 2-2: Manufacturer: Linux 5.10.218-yocto-standard with renesas_usb3
[709499.551391] usb-storage 2-2:1.0: USB Mass Storage device detected
[709499.551768] usb-storage 2-2:1.0: Quirks match for vid 0525 pid a4a5: 10000
[709499.551918] scsi host3: usb-storage 2-2:1.0
[709500.569067] scsi 3:0:0:0: Direct-Access     Linux    File-Stor Gadget 0510 PQ: 0 ANSI: 2
[709500.569790] sd 3:0:0:0: Attached scsi generic sg1 type 0
[709500.570312] sd 3:0:0:0: Power-on or device reset occurred
[709500.571074] sd 3:0:0:0: [sdd] 716800 512-byte logical blocks: (367 MB/350 MiB)
[709500.571431] sd 3:0:0:0: [sdd] Write Protect is off
[709500.571441] sd 3:0:0:0: [sdd] Mode Sense: 0f 00 00 00
[709500.571766] sd 3:0:0:0: [sdd] Write cache: enabled, read cache: enabled, doesn't support DPO or FUA
[709500.579456] sd 3:0:0:0: [sdd] Attached SCSI disk
[709500.795101] EXT4-fs (sdd): mounting ext3 file system using the ext4 subsystem
[709500.801166] EXT4-fs (sdd): mounted filesystem with ordered data mode. Opts: (null). Quota mode: none.

df -h
Filesystem      Size  Used Avail Use% Mounted on
udev            3,8G     0  3,8G   0% /dev
tmpfs           784M  2,4M  781M   1% /run
/dev/nvme0n1p4  458G  295G  140G  68% /
tmpfs           3,9G     0  3,9G   0% /dev/shm
tmpfs           5,0M  4,0K  5,0M   1% /run/lock
tmpfs           3,9G     0  3,9G   0% /sys/fs/cgroup
/dev/loop0      128K  128K     0 100% /snap/bare/5
/dev/loop1       64M   64M     0 100% /snap/core20/2318
/dev/loop2      497M  497M     0 100% /snap/gnome-42-2204/141
/dev/loop3       56M   56M     0 100% /snap/core18/2829
/dev/loop4       13M   13M     0 100% /snap/snap-store/959
/dev/loop5       64M   64M     0 100% /snap/core20/2182
/dev/loop7      506M  506M     0 100% /snap/gnome-42-2204/176
/dev/loop17      75M   75M     0 100% /snap/core22/1439
/dev/loop10     384K  384K     0 100% /snap/device-tree-compiler/91
/dev/loop14     347M  347M     0 100% /snap/gnome-3-38-2004/119
/dev/loop8       13M   13M     0 100% /snap/snap-store/1113
/dev/loop13      41M   41M     0 100% /snap/snapd/20290
/dev/loop6       12M   12M     0 100% /snap/nmap/3470
/dev/loop9       75M   75M     0 100% /snap/core22/1380
/dev/loop16      92M   92M     0 100% /snap/gtk-common-themes/1535
/dev/loop15     350M  350M     0 100% /snap/gnome-3-38-2004/143
/dev/loop18     9,8M  9,8M     0 100% /snap/htop/4407
/dev/loop11      12M   12M     0 100% /snap/nmap/3514
/dev/loop12      39M   39M     0 100% /snap/snapd/21759
/dev/nvme0n1p1  3,7G  210M  3,3G   6% /boot
/dev/nvme0n1p2  3,9G  6,1M  3,9G   1% /boot/efi
tmpfs           784M   32K  784M   1% /run/user/1000
/dev/sdc1       944M  309M  588M  35% /mnt/usb
/dev/sdd        318M   47K  301M   1% /media/rvc/storage

dd if=/dev/urandom of=./file-300M bs=1M count=300
300+0 records in
300+0 records out
314572800 bytes (315 MB, 300 MiB) copied, 1,04195 s, 302 MB/s

sudo cp ./file-300M_from_host /media/rvc/storage

md5sum ./file-300M /media/rvc/storage/file-300M
55ef49a626ea60e4ee8e00998b8fd162  ./file-300M
55ef49a626ea60e4ee8e00998b8fd162  /media/rvc/storage/file-300M

sudo umount /media/rvc/storage

----------- BOARD ------------

root@salvator-x:~# rmmod g_mass_storage
root@salvator-x:~# 
root@salvator-x:~# rm -rf /tmp/tmp.img
root@salvator-x:~# 

---------- HOST-PC -----------

dmesg
[709511.336386] usb 2-2: USB disconnect, device number 31
[709511.356131] sd 3:0:0:0: [sdd] Synchronizing SCSI cache
[709511.356164] sd 3:0:0:0: [sdd] Synchronize Cache(10) failed: Result: hostbyte=DID_NO_CONNECT driverbyte=DRIVER_OK

 
#### Result: OK ####
